Home Page:  (True, 200)
All Stores Page:  (True, 200)
Sign-Up Page:  (True, 200)
Sign-Up As Store Page:  (True, 200)
Sign-Up As Customer Page:  (True, 200)
Login Page:  (True, 200)
Login As Store Page:  (True, 200)
Login As Customer Page:  (True, 200)
Trying to Login as a Store:  (False, <RequestsCookieJar[Cookie(version=0, name='session', value='.eJyFVbeu5IYO_ZfbyoBy2k5xlHOcZqEcRjlLhv_9zZavsVmQhwdMBUH-_ZPty1IM2-99LZbfzVCOP7_-_kmybNy_5HZPxc-vn3Ubl-Lnr58m__mF_PO16-8k75vh59ewd91fP9Mylk1X_J6abNuXPxlNwJrOCamvamS-Yrh-LfjVF5nCV_E1x-h_eCV1FfkPyANWD4QIBEHq63Hv_j1sZIG-rjWFaMueVHfo8CLCgbLHdq2510U7KYvVPeFxoFxiTp0d3kgZI0Zl8hWht_L1ZKjRxL0MWg9YojRNldL9-RbyPrh-fwNQ4ynVe508HzbiUKxFx_cLqca-MBFq2Z3nefwaEcmHeNNchOdjnP0OJ4ZCJ9iBgw0mkqVR2cgsJ-Z05F8qdiR5Pm8BAm8HCQ5kNc_GqYyeC2deO1h7udaQVj1Cw-yOFUckJcuxbdtVVdcsy3HcSxAE-V-4ZoJmaGgBqKXI0io3bU-0GSSuQcwPrUppEHczsx3j3IF0MxUO9WxM9PPkIAC4mdHe8dH0KjCzdfSMWwPJ6PbWtOOtbRDygLuLzcPweFRzee4J9by3pgM8g_QMH1haThrNswRgnMBTGVhemnv1biwosOwrTekCQdNltbXCapOJWck6MfgxTXHuJtX-bYsrhxuevuEEnkpUZRdHL3YLeS946SyWsofmrDgaYpxCcQB3FoVxGJahA4L9Euz5c_GrdCzBEdDDhJyjD9YlCQeMrcN5uM3nIrcm0my5K8C0zt9Y4jfRmVGb9noPWXxsj0B37RFlfVlKo1P4x5b0Ww0VzsGPdM8R7wKbtuOggSyAr4QvI6m0pvC9ri9Dk6mOPQEBUMRHKDMPOE0oeZ2P1Z2R0VXDOOh16z-1je690ducNzPcteV-Kq2tjy7lOENGEYU0wBiBT-azGiuWT3RewPGYuoyuOBZoTcHr2zECxEvxgoYbZurVktDeCG_14SgEK_no8_Ug7vRqiWGVguYTVwHBQdfLb6C0f6PdAdPaq9LVGBgPcZq46IJV-vwu0BJRqtfqo1guLDsE85ZCgrI9sbgqvSpmvoAX4B2TPlbBZo4Qb47Hy4Mxl5d-E33B-MZquA6H9e7GbLzyehMUQYSN3XR3ka1uz6jJwMNTwTJ1ArxMYEBnAloHjTZDx4w9K8MyC0WXfpKMJ1duNVCXhA5ku2Zq0ryM2QPeZEC5wjZUBFZLgPpdkjy22-_VgJlXvJxmDdcNfxPWFO0SQMU9_VnX-X2MkVhl5tgo0_mnbObJYjfEGRZ278Vx6MkXnJzvKgENP4p9cweV8qeVhhvh26hOAtKu42sZhxNlOjDF6KX7gWJ5oCmpVwlIJTAvw7dE5Ycs4tgWr8q4uI4Fp6kA9O0KwZYG1t16rR_YNygJ1v36w8OeAcYBDY6pIrjSHEovyU6vQCpurVl01jbRXoLx7nuSWlZAN5HP9Vi1qWiobtk-3U_v6LA7gx3lM3Y8qESldV3dMJ5ZvYdPIC8cxPjgRXFALIc1dRjsgCmlbjKwEQCCSAaGAAkq6G9UN_Wb_IHrQhWakcM0nI4f_TI_xXg0klIktHIAFCTW1OvhPm8TIZheEii_FQT66sEO-hDnafGvvejrNn021n-qUtQVUs6mzG-5RsbQx7ZfMw59LEmVIQLd1STkqmI7lk06kzht8Y0pO087TbDDh4mAuQuIuBRmnyliymtr24YQoEyiAVvKAfmmF0t8OvzwDe5jPqI5ABsPzFnJU4YnfHgB9fdqpUabwyJTxVNHoCTEuRlyicK24fd8Ci37VE9E30GOhC4TYZ9vu8A59ag-30rLCTs79IUw1LbEOKZN1FRnY6mcWHB2TT7bJKjvocEotvlU3ypqnwrzPE8k7VsfzDqA5-mVSEsAf7yPxWVKymmy_fhcTDBnzuOYpZvERIm7jCeKNdWfVWVCcZwS6y7O4XS7MUBUKASKJlTtq2YbaUp8JPOCUkNDPO_6oGqHaNuupxuwgA_IhffM6xi_E7R3dhyo6uLsKRMOzmWBDoHb4VLSSU25BJqGEMp4TzYvcrwYj6gHPiausAVT0Fy42ZOOOBhgXpcgdiGygw3eEU_TDForqNWWmMr1ZY0vY0HUB4dZQERJvk-OIf-0Ae4d6Mg0__WT_p8DIglgaMLX-RZEymf689sZoRO9j7vbPcf9_PM_Ou7QPw.ZfMbAQ.z12PLXJrb7Pb80KGWjIbxfDATRE', port=None, port_specified=False, domain='localhost.local', domain_specified=False, domain_initial_dot=False, path='/', path_specified=True, secure=False, expires=None, discard=True, comment=None, comment_url=None, rest={'HttpOnly': None}, rfc2109=False)]>, True, b'<!DOCTYPE html>\n<html lang="en">\n<head>\n    <meta charset="UTF-8">\n    <meta name="viewport" content="width=device-width, initial-scale=1.0">\n\n    <link rel="stylesheet" href="https://cdn.jsdelivr.net/npm/bootstrap@4.1.3/dist/css/bootstrap.min.css" integrity="sha384-MCw98/SFnGE8fJT3GXwEOngsV7Zt27NXFoaoApmYm81iuXoPkFOJwJ8ERdknLPMO" crossorigin="anonymous">\n    <link rel="preconnect" href="https://fonts.googleapis.com">\n    <link rel="preconnect" href="https://fonts.gstatic.com" crossorigin>\n    <link href="https://fonts.googleapis.com/css2?family=Kanit&family=Stylish&display=swap" rel="stylesheet">\n\n    <link rel="icon" href="/static/imgs/site_logo.png">\n    <link rel="stylesheet" href="/static/css/homepage.css">\n    <link rel="stylesheet" href="/static/css/stores.css">\n    <link rel="stylesheet" href="/static/css/general.css">\n    <link rel="stylesheet" href="/static/css/signup.css">\n    <link rel="stylesheet" href="/static/css/products.css">\n\n    <style>\n        \n    </style>\n\n    <title>\n    Home\n | LIB Stores</title>\n</head>\n<body>\n    <nav class="navbar navbar-expand-lg navbar-dark bg-light" id="navbar">\n        <a class="navbar-brand" href="/">\n            <img src="/static/imgs/site_logo.png" alt="Logo" id="site_logo">\n\t\t</a>\n\n        <button class="navbar-toggler" id="navbar_toggle_btn" type="button" data-toggle="collapse" data-target="#navbarSupportedContent" aria-controls="navbarSupportedContent" aria-expanded="false" aria-label="Toggle navigation">\n            <span class="navbar-toggler-icon"></span>\n        </button>\n      \n        <div class="collapse navbar-collapse" id="navbarSupportedContent">\n\n            \n            \n                <ul class="navbar-nav mr-auto" id="store_product_latest_ul">\n                    <li class="nav-item">\n                        <a class="nav-link" href="/stores/">Stores</a>\n                    </li>\n                    \n                        <li class="nav-item">\n                            <a class="nav-link" href="/add-product/">Add Product</a>\n                        </li>\n                    \n                </ul>\n                    \n\t\t\t\t<form  class="form-inline my-2 my-lg-0" id="search_form">\n                    <input class="form-control" type="search" placeholder="Type to Search" id="search_input" aria-label="Search" name="full_search">\n                    <button class="btn btn-outline-success" id="search_btn" type="submit">Search</button>\n                </form>\n\n                <ul class="navbar-nav mr-auto" id="profile_and_logout_ul">\n                    <li class="nav-item">\n                        <a class="nav-link" href="/logout/">Log Out</a>\n                    </li>\n                    <li class="nav-item" id="profile_picture_li">\n                        <a class="nav-link" href="/">\n                            \n                                <img src="data:image/png;base64,iVBORw0KGgoAAAANSUhEUgAAAOEAAADhCAMAAAAJbSJIAAAAdVBMVEX///8AAACZmZnt7e3Gxsb09PQpKSnl5eX5+fm4uLiysrLw8PBMTEzR0dHAwMBnZ2fY2NgODg6MjIxzc3NiYmI/Pz/f3998fHykpKSTk5MyMjI3NzfKyspTU1NYWFhFRUUeHh4WFhaEhISqqqohISF2dnYtLS2DDY5BAAAFWElEQVR4nO2cbXfiIBCFd9XUxK4vaddqtV21tv7/n7gqqNwJoTS1cTjnPufsh0LgzEiAuRPYX78IIYQQQgghhBBCCCGEEEIIIYQQQgghhBBCCCGEEEIIIYQQQgip0q0nj+0j87fPftLuaLq/6xnFdvLgb9/5ScOjoYdR0MObEvKwiO3kzd/++ScNjyYvimK+qBhXzoti0I3tZLLvZLt02z/uS4qnnzT8ixTSw0mDTsbn1q/9q1v4bfpL9DB6+Nw+zgN4dfOugZiP0VPQxbb9e23brsQLePjapAs7haNDobb5Cy7KmZQFsC5NTMt565bH8gQevmFlr7yr5fRrPJuWOqJRL2NwEev+ycXWYWWfWR//mrVudzxDsHvrVvV9np2woU/hf71VAQM1dWtqwrIjO2itdSE19MDy4aUiXwc8tLGZncYvtzE9ljvXcmffHoReUvtamth0eRvDo9mC6Ze4ptvv9+cV1xaDfXHfPpWZssGNLI8lBw+E+JFzEfcT+wO0aGwzPlwXNlgnonMhjUzhQ3umNmQCTqACxtdUbHsjU3rfoq0NeXW9+ANVU7dqKYJPU6lTVCD4KroSFoe3h81sZRNV2Tb5e91iApmKf6LZ2DPmWoEVs7zMqxz2SpGj6nsHVikYgV6C0xGUi0bmZ3lv19LGgMKY+ovFppCXx1K9whBBrX8KTjMoFfrBBnVqtb0EJtzYFsJmKFcUE5e/yY7U4g1Od26ZCD5fvAOrGMy6meAUNsNSRC4mStAtDJGZ6866WiQilyecsSmAKanD1peBAha+GO+n3q60snL9OWROYTPc4cP33rmpHNzdJyKVKra9VIQhAh7OxNqT+Z7V8SEtng64hH+KNTMdYQjgoA1AGYrwOh1hiDy6PpXuH+8Ym9kssqZvoXFgcOoiJpwJyKVcTIFlnYc4WlZrRR9pUERdDlgE3WkJQyCv8bDwPbWt6UQ3M7+HuM5sfYWp8OR18AMfSk0YIn98HmK60K64Tc5taKDncXCBj5gfYexvr598V/UQg24ri1MShshz1UN8H1MUhkD1TN/YV9/obJESHqWHGHQbxVHeyLirMBQO3mH15liYmjBE3tFDdMYKQ8XngyIQwSkmRM1Sq/l8UAQYnK6gLllhiATOgZnkVIrC0AU/x8C+YIWh8vNBn4JfMOA1NV+EF7VNE0EK/Ut8lpmtIk1heKEioC4L59YzMxOkeoviHJea9Jv+80Fh8GzCkZO26AmHE8UjEE9xm/l0k6wwPDGuemhjbztBUzgfFMJ7IcpcUjCiI43zQQGq50kPHKI063uKaWCgetvrtHwaYbj5tAflTLwO/l5np61Cx+XCb1BzpXAfxtjji6E0cH9+QHd+Iy9rPFzl5vUNCkOzFOn+tD+qcfD8NTEkDE3Uugs8oQC4XOK5bRE8H2RyA7rXWjiDudpWPQwKw2Mu/C70xO2BzXCbVRwMXhwZJjCEuBnmeEnhQHAROQ6h8lQ4bIaP1cxpUBia3UT3VoFjdphyK3QwJAzzzXHutmVqM+5dbxaHrV1kTkPCcJbCLIQzUCY6AwdD54PMO6p8FuI5aJPphksKAWFopaPyewnwSloV2K0W+eiWKQxhBiHpaU2cTVfL3W5dlmVgjnXttxzln4VDV7rDTOxvozzXjycvv3KS5BwI6R5CcVM0/tvS8Hw8pdH/ONEWI5m7iG7oxAT6hnDY6xWj/b/OrCqTHvYVn1DMH0Br6cvBVZXD99A3hJ3Pjf4KCmfh5roe6hvC4P+X8HUU7oWDzjV5Tv3oAiGEEEIIIYQQQgghhBBCCCGEEEIIIYQQQgghhBBCCCGEEEII+XH+A96UMDj/2fzpAAAAAElFTkSuQmCC" alt="Profile Picture" id="profile_picture">\n                            \n                        </a>\n                    </li>\n                </ul>\n\n            \n        </div>\n    </nav>\n\t\n\t<!-- add margin top to the search results div so it won\'t cover the input field on mobile phone -->\n    \n        \n            <button onclick="increaseSearchResultsDivMarginTop()" id="increaseSearchResultsDivTopMarginBtn" class="none"></button>\n        \n    \n\n\t<div id="search_results_div"></div>\n    \n    \n        \n\n        <button type="button" id="display_flashed_messages_modal_btn" class="btn btn-primary" data-toggle="modal" data-target="#exampleModal">See Modal</button>\n\n        <div class="modal fade" id="exampleModal" tabindex="-1" role="dialog" aria-labelledby="exampleModalLabel" aria-hidden="true">\n            <div class="modal-dialog alert-success" role="document">\n                <div class="modal-content">\n                    <div class="modal-header">\n                        <h5 class="modal-title" id="exampleModalLabel">Successfully Logged In!</h5>\n                        <button type="button" class="close" data-dismiss="modal" aria-label="Close">\n                            <span aria-hidden="true">&times;</span>\n                        </button>\n                    </div>\n                    <div class="modal-body">\n                        <div class="form-group">\n                            <p>\n                                Success: You have Logged In to your Store as Manager!\n                            </p>\n                        </div>\n                    </div>\n                </div>\n            </div>\n        </div>\n\n    \n\n    <main>\n        \n\n    <h3 id="our_products_h3">Our Products</h3>\n\n    \n\n        <div id="all_products_div">\n            \n                \n                \n                    <div class="each_product_div">\n                        <div id="carouselExampleControls" class="carousel slide product_picture_div" data-bs-ride="carousel">\n                            <button class="prev_pic" type="button">\n                                <span class="carousel-control-prev-icon" aria-hidden="true"></span>\n                            </button>\n\n                            <a href="/products/12+4" class="slide_show_pictures_link_tag">\n                                <div class="carousel-inner product_pictures_slideshow_div">\n                                    <div class="carousel-item active">\n                                        <img src="data:image/png;base64,/9j/4AAQSkZJRgABAQAAAQABAAD/2wCEAAkGBxISEhMSEBMSEBAXFRISGBEPFxUQEBYVFRgWFhYTFRUaHiggGBomHRcVITEhJSkrLi4uFyAzODMsNygtLysBCgoKDg0OGxAQGzEmICUvKy0rKy8rLTIrLS0tLSstLS8tLS0tLS0tLS01Ky01LS0rListLy0tLS0tLS8tLTctK//AABEIAOEA4QMBIgACEQEDEQH/xAAcAAEAAAcBAAAAAAAAAAAAAAAAAQIDBAUGBwj/xABREAABAwICBAgHCQ0HBQEAAAABAAIRAyEEEgUxQVEGBxMiYXGBkhYyUpGh0dIXQlNUY3KTscEUFSMlQ0RigqKzwuHwMzVzg6Oy8SR0dYS0NP/EABoBAQADAQEBAAAAAAAAAAAAAAABAgMEBQb/xAAyEQEAAQMCAgcHAwUAAAAAAAAAAQIDEQQSITETFTJRYXGRBRRBUoHw8SKx4SM0QqHR/9oADAMBAAIRAxEAPwDuKIiAiIgIiICIiAiIgIiICIiAiIgIiICIiAiIgIiICIiAiIgIiICIiAiIgIiICIiAiIgIiICIiAiIgIiICIiAiIgIiICIiAiIgIiICIiAiIgKStWaxpc9zWMFy55DWgbyTqU60TjtP4nxHz8N+/poMljuMTRdIw7GUnH5HNX9LAQrX3U9E/GT9FX9hcxp8C8KQD+F1A+OPZU44FYXZy3Y4eyuf3mh6XVV/wAPV0v3U9E/GT9FX9hPdT0T8ZP0Vf2FzI8DcLvq94eyoHgbhvlu8PZVov0p6p1Hh6une6non4yfoa/sJ7qeifjJ+hr+wuX+B+G31e8PZTwOw2+r3h7KnpqU9T6jw9XT/dT0T8ZP0Nf2EPGpokfnLvoa5/gXMPA7Db6veHsp4HYbfV7w9lOmpT1PqfD1dNbxr6IP5y7toYgfWxTe6pon4yfoq/sLmHgbht9XvD1KHgZhfle8PUo6ehHU+p8PV1D3VdEfGT9FX9hPdV0R8ZP0Vf2FzAcCsL8r3x6lHwJwvyvfHsqPeKDqjUeHq6b7quiPjR+ir+wnuraI+Nf6Vb2Fy88CsL8r3x6lDwJwvyvfHqUxfoOp9T4erqPuraI+Nf6Vb2FXwnGZomo7KMZTaflWvpDzvaAuT+BOF+V749SeBGF+V749SdPQdT6nw9Xf8HjKdZofRqMqsOp9Jwe09osq65hxDUQzD45jfFbjqrBOuGspgT02XT1s8yYxOBERECIiAiIgIiICIiAtF47B+J8T87Dfv6S3paRx0j8T4rrw3/0UUJaNpaoBQaSC5odSJaDlJEiW5tkiRKx1LTVBurDvZzgZZiKubLaW3sduzrV1pl04Yf5ataegG5KVR1YNL3UGZHNYcprsc+nOSo5wBgXc1tjMGIXPppxaz5vT9oUzXqYpj4xCxrvq1XufTZUDSZDWF7w3oBVu/E1dTn1LWhznW6IJss6cFUDMRUFao1tAubNOiTRdUa0TTDg6bGZJaQGgOMZgFktOcHXOaC+o1ldjXhzqjWUw4tcxjWksqODZc8DMTAnYNU9JdiqN8Rie6eMef8OOq3amJ2TOY745+X8tf4PPJq3JPNdrJO0LZlgdH4I0cVUpOMuYHNJjLfm7Nizqpf7T6H2L/bz5z+0IooIsXrooikxVcU6dSobhjHvI1eKCfsVakVTiMyqtUSubDhpiX1Jz06TQDzGtBbs8YmSeyFlcNw5IjlWU3ja6k4sPdMz5wrTYr5uCj2hZq48m5FQWGwfC3CP1vNI7qot3my0edZehjKbxmpvbUbvYQ4ecLOqZp5w6adRbq7M5T5VNl3q3rYwDUrCpi3O1LObkzyTNxtfEb/Y6Q/8AIV/9tNdLXM+In/8APjv+/rf7KS6YvXjk+Ir7UiIilUREQEREBERAREQFpfHIPxPi/wD1/wB/SW6LTuN8fijF/wCR+/pIOX46uHYeBrBZ1RZYMk7zs9GrzKXD6TBZkdYENu25kRsJCvcPQpOAJquE7AwOI6+eFzWaqaKMVPU1Vu7cvRXbjuWzKroIzOAOuCYM65CuHVqlXLTBcQAbEk9ZJV5T0QxxgVYG9zI/iWaw+hW02w1xJOsloEnvGypdv0005o4z8PBe1prl25/VjbE88Rz/AH5/SFlozRVajUzVmluZroJvMESsugpuzNzFsNaGBrQQAOreSST0kqoWga1hN/dxq5vb0dqixRsjvypoStewXCGKlduIdSYGVOSY2Qx0gne6TIymY39k+O0+Ga4aL+Nc90KapmOEQ0jVUTTmGVr45jdc9itzpjDvDmVJyuBaQ4c0g2IPQtDq8Kn1Hw1rQ0mA5/jX2nZ2QqJxdScz6htsBIYOwRKnoq/8nFPtCmrs8YdT0Zo7B1QG5KDmDVTyNy/UqNLgrg6735cPTFJtR7S6nmpiafMNJuUi+cPcTuDReTHM6GkWGOUFR+8tquYD0xBAVxUxlFv9i/G0dpDagLZ3y3KtI0tccqnFcrpvfqiYx3fcN50rwKwDdvIncag+p91reI4I5TmoPBOxwJYY6HNladiRTJJGYySS4gEnpN1Qo5WmWPLHbxzT54EedaU2a4jt/wCnFN6iJxNMT5S26vUxdAS81Mo+FArU+s1G3HaVXw3CewNWlA8qm7+F3tLDaO4SY2j4lXlW+TV/Ct7XTm8zltGi8PhdIglzGUaxJc9lN2WoAAGgMaPGaYDi5wPjEX1ildEUxmuPrDe3qKs/pmfKW/8AEI7NhMY4ajjqpvrg06JE+ddNXM+IWnlweMaJIbj67ATrIbToAE9Nl0xdkPKnmIiIgREQEREBERAREQFqHG2PxTi+ql++prb1qXGwPxTjPm0/3jEHnGlUsOpZHB4iNZVpTotgatQU4oxqXNVREvXtXqqWdw+PFpNpv1LL1tO5zazZBGqVpjZVVr3D+p+pY1aaXoU3pnjMN2oaXy31mDr6dq55wl0tUdXqvzu5rmsbJkBrZFhsvJn9JZNuOO9arpFxL3zN3ON+kyrWLO2qcuPX6mJojbPFl69OuRJY/rJaftVhim1GtOZpbmteDtE+hXNTSNU63nsAH1BWeNrFwAJJuTzjJkj+QW9NMxzw47t2iYnbM/XC1afsP81PXrucdw3KkXW9Ci4mVrhx7piMJmOIIEwrgPTC0cwk2aIJcdQk26ydg/5VyytRbcMc9wiGmGsJsJIBJ7JReij4zOIU8TTimC7x3EOG8Mg3O+TqnYOlWORXVetmJLpJJkmFSIB1EfUiLkxVVw5JGNg7j5itv4M1WtdTdUNMOa6nUDiXCtlcbiZhwibXsdi1HaBbqkGVtuheD2KqmgW0KpALmOc5pY0NBzNOZ0D30dirV2ZdGjmaapmIz+Yh1/iOH/S4w79IYk/s0l0Zc64jQRgsTNj93YmRrg5aUiV0VWjk455iIilAiIgIiICIiAiIgLU+NUfinGf4bT5nsK2xarxpf3Vjf8L+JqDzjTNh1BTByudEYii3MMQwva6nlblE5XyCHGHtMWuA4E6llMRj9HPdmGHqskvc4C4GZ4IDGiq0Dm5gNjZEh2sYV3JpqxsmfGMf9dkZYTOVDPHQs0/EaNDyOTrOYCbtDwXtBdly5q3NMZJLpm8NYbm0xOMwpcYpOAHJABgyBwY2mHTLyWhxbVvLjzwSZCUXZmexP1hpTVcjks+X3w7rUwax1rt9IVduKwt/wLzuJcbiXGCA61i0SNcaheZcTWo5RyLXtcDcvgyLzJk38XYNRWm6c42y7rd2qrhXGVKpommdTb7wYPoWPraIOwuHXcLIsxB/4VZuJO+etXw2q0umufDDX36JqbC0+cKmcDXb71xHQQVtLajTrEdV1Va0HUQUUn2Vaq5TLVsNiCwjlaJqME81wczXrOYbYtPQFlsPU0c6zm1aW+M7xPeJA7D1LKuZ0Aqm7DsOtv2qJpyjquY5VRPnCvgtBYJxFRk16W3/AKlwy9LgzDSz9ZwWawvB/Bm+Hbg431sPiMWB11HVgxa5TwDA4OYA141OZzHDqIuFnMHiWuIGIa4GbYmhArtO9zfFqjrGbp2LObdXetT7NqiM4j6MrSpmnzaOkNH0n+RSZQwkdGUtefqUr8BjqpIdpTCsBEfgq9SddzlMbJFo1qbGjFUGte97MbhXRFR7GVabgdQcCJYegEDXrgqnQ0oy0YXBub5LKfJkeYx6FEUV9zSjRXKuNHLzbjxGMy4CsJzRjMQM3lQKYzdsSuirnfEYZ0fVMROMxJgah4ll0RbPmp5iIiIEREBERAREQEREBatxo/3Tjf8ABP1hbStU41HgaKxkmJpZR0ucQGjtKDzMKxUeWKtjV6FM0ncB15vsapy06WvvV+VUOVVEzuH7XsqEu8n6/UmZT01feuBWO4KYYk7h6Vay7yT6fUku8n6/UmUxqLkfFdfdR3BQ+6zuHpVtzvJP9dihld5J/rsUJ95u/MvRpJ24elR++rvJb6VYZXeSf67Eyu8k+n1It75f+ZlGacqARlaR0yo/f1/kM9PrWKyu8n6/UmV3kn0+pF/f9T88sr9/X+Qz0+tTN4Q1B71n7XrWHyO8k+n1Jybt31+pDrDU/PLbdF8YOIoNcwUqNSm7XTqZi39LUdo19MHWFjqnCh5cS2lTYJkBpeY6JJWC5N27+vMpSDuU5RGv1MTMxXOZejOIczownficQfS1dFXNuIN4+9hbPObiKuYbRmykecLpKhyCIiAiIgIiICIiAiIgLmPHbpPLRp0RcTyrmzBJMspjqu8/qrpy898Z+lPujGFrec3MXAa5azmMjrh5/WQaHisGC4QQJgmSBlJ1C+vojWqNHC5jzTPQC0v2GwBjVmOv3h6Jydfmm4NNhcCQ7MX21kOiZud2tWuYMgP5NjJcHtbnc4uDSD73M2xLb2u7pWe6UrduFBBcCHC/ilpNhMuvYX13UDhhE5gRvBBaBIEuOsa27PfDbZXJcGwx3JsZz2uazlHOL4gzzcwBIYCDsG1DY5H8m1hzBtJmcnNIs4gT40G+6yndKcLc4Ua8wyzd8jJBMSCNe3XGpSGk0XzWjeJ7Nh2xfYrhz5mm40w2OZSZncA+bNcQJ1l2u8lSvJJDX5SLZKbc0WMAGBa0i91pTxWimJU3UGgTmluoEb4mLgDdqJ8YKV9ECJMT5tkzt2zYFTgzZ+V7oGVrSY3HUDFhtva6gahdIcQ+pYtAzECRJNhGoNPYrbYW2QgaTc0ZgCd8RfYNuu3ZrUW4dpMZhPknxj1bCDsvPQoipJ5xa+qCXCCcoEZi4EAiZujKxkulprNzHNziGtb77VFr9F02wbKQYZvlCfJkZ43xq9Owp9ztmC4e+m7czQIu4TYbdupT0XXlhYK7c5ccryBBAkSI1ZgexRa8ZSWFnKQ4VDlqObkJyxLhqIsepRhlPBL9x22utIywQeiUGCGrMJkDWIuAQZ7R/NSmqIaKfPdFw0VIBEzAJFoy7N6uS85WEkNcABDg6c7DAaGDXHN2EjzJiGczK3ZhQdR2NJFs1yBAE31g9qjTwjTfNIvcQZIiOqZV2coqWLGh8tmC57g8TJEc2czNgnYqlCkIcBlAhr8ozEA6vG1mASYsbatanCN0uocSWPy1H07BrwGxMnOwFzT2g1B2Lsi81cB9JGjiWkWmCBvcw5wD2Zh2r0lRqh7WubdrgHA7wRIKrLROiIoBERAREQEREBERBi+E2P5DDVagMOy5W/PdzWnsJnsXmvGVc9Wq/mls5QHbGtsCLHcfOuz8a2kDFPDsMEh1UncYLKZ6ff8AmC5L96CAAOTdG8X+pRPJamODD1aRifwYBk3bsFvJv/JU6eHe9zWt5J9Z5eQXtEOEWObKOcCHm9jbXqWUxOHIABbTgSBABi8mJG8k9qxeIeDYhpAmAWMIF5tIte6ptlbaoiQ0PzUnVJc/O5loHNDgQ2S4ODjPVrRoIYHzTLzmdncyIAIAc0hslwc06xt2qblAYEAgTALGECbmLWvdTZhAECBMDIyBNzFrb1MUynC2NYAAhzDUlxLiwiCSMrmkNHOGuTv2qmawABBYanOl2UiCTYtgC/XvV5zfJb3GepQLW7h3WrSOC0ZhZNqgAZcmfnS4tII3FsDdvUG1g0DLkz3lxa4EbssDdvBV9kbuHdaoZGbv2Wq25OZ+/wArSMtMOaWgwZdli0kWEdhsolsMBaWtlt3FsSLyAIuDbZsVy4NtOoahlaY6rKU5LTcDUC1pA6rKdyZlTdOVvJlgJaMziwDNM5ve3aba/JQsIbTDHMa92djoYMr7jK0QzcRM21KZ4act4AmxBa0ttA5kRfNq3pkbyYYXS4PL8xBykEAFuudgVWNULeiwmDNFzZ1ZImIkf2fSFd5ZZE0xDhEgBjQRJglsBxLdoi/UpDTblLc0EuzAtDoA2tvc7PMpqTWgmTLTEtALgAPnzthGc05+/wCEHVQ7LlLC4AXLDmkTlA5kQObsBtaFlGRnBsAbl0c7I8c4kZTscb26dqt6Yo7v2GeysphsK14EBrrRzgIjdq1JuJsz9/hYsqGk9rhGZjgYAgy06p3awvRXALSIrYRomSw5Z3tPOYeqDH6q4edDPcSTyQmZNyb7dWvpXQeK3EGhVGHc7MHsLQdXOZLmDsbmHmUSmIxDqaIigEREBERAREQERYjhZpL7mwlaqDDg3K357+a09hIPYg5Pwr0ny+LrVAZbmLG7srOaCOgwXfrLDueqAcpXPRaJwtsZdYLEsus3XKxmIYi8Sx7GqcBT5UyqVspYRTQmVSZSQoQqkKEKDMKcKjCuoVPKgpQmVVcqjkRCjlUwaq2RTNpoZQosutj0WIWIw9JZrCCFCsyy9N6u8HizSqUqjfGDwWjyiyCW9o+1Yxr1RxxcWDJdzXh7ehwtPRaUUehsPWa9rXsMtc0OBGohwkHzKotV4ttJctg2tdZ9JxpEHyfGZ2Brg39UrakQIiICIiAiIgLXuHHB12Pw3IsrHDva9tQPDRUByggtc0kSCHHqMFbCiDhuJ4u9Is8WpQqD9NlRh/ZkLHVOCGlB+Sou+aXfbC9Bog86u4I6UP5uzvfzVN3ArSZ/IN73816ORB5tPAXSXwDe8FDwF0l8AO8F6TRE5ebPAXSXwA7wTwE0l8AO8F6TRMmZebPATSXwA7wUPATSXwA7wXpREMvNXgJpH4Ad4KHgHpH4Ad4L0siGZeavATSPwA7wTwF0j8AO8F6VRDMvNQ4DaR+AHeCmHAnSQ/IN7y9Johl5xbwQ0mPyDPP/ADVZvBrSg/N6fnPrXohEQ8+0uDWlT+Roj5xf9krIYbgLpR/jOw9MfotqvPpsu5Ig1Di94KVcC2q6tXNd9Us5oYKTGBmaAACZJLjfdC29EQEREBERAREQEREBERAREQEREBERAREQEREBERAREQEREBERAREQEREBERAREQEREBERAREQEREBERAREQEREBERAREQEREBERAREQEREBERAREQEREBERAREQEREBERAREQEREBERAREQEREBERAREQEREBERB//9k=" class="product_picture" alt="Lenovo Ideapad Gaming 3 Nvidia Gtx 3090 16 Gb Ram">\n                                    </div>\n\n                                    \n                                        \n                                    \n                                        \n                                        \n                                            <div class="carousel-item">\n                                                <img src="data:image/png;base64,/9j/4AAQSkZJRgABAQAAAQABAAD/2wCEAAkGBxASEBUTEhEWFhUXEBUWEBcYExIYEhIVFRIWFhUVFhUYHSggGB4lGxUXITEhJSotLi4uFx8zODMsNygtLisBCgoKDg0OGRAQGy0iICUtMC4tLS0tKy0tLS8tKy0tLSstKy0vKy0tLS0vKy4uLS0tKy0tLS8vLS0rLS0tNS8tLf/AABEIAMIBAwMBIgACEQEDEQH/xAAcAAEAAQUBAQAAAAAAAAAAAAAABgIDBAUHAQj/xABGEAACAQIDAwkEBgYIBwAAAAAAAQIDEQQSIQUxQQYTIlFhcYGRoQcyscEUQmJylNEVUoKSovAjQ0VUc5PT4QgWM1Wys/H/xAAaAQEAAwEBAQAAAAAAAAAAAAAAAQIDBAUG/8QALREBAAICAAQEBAYDAAAAAAAAAAECAxEEEiExE0FhkRQVUcEiMlJxgeEFI6H/2gAMAwEAAhEDEQA/AO4gAAAAAAAAAAAAAAAAAAAAAAAAAAAAAAAAAAAAAAAAAAAAAAAAAAAAAAAAAAAAAAAAAAAAAAAAAAAAAAAAAAAAAAAAAAAAI17Rdo4nD7Nr1sLJRqQUWpZVJxi5JNqLum9eKZxBbU2ziqam9pVLSV7KrOl2NNUopH0TtbBKvQq0XuqUpw7s0WrnznyXbgqlGWkqVVq3FJt/NM7OBxY8uXkv5wyzWtWu4Y/6F2g3f6W2+LeIxN342K47F2nwxkvxWK/Ik9MyYI9af8Zg9fdxzxN4RSOytrcMdP8AGYv8itbM2xwx9T8bi/yJbGJXGmyPluD192c8beER+g7b/wC4Vvx2MKo4Xbq3bRrfjcU/iS+MD1wHy3B6+6nx+T0RLm9vr+0an4uu/iitVOUC3bQn+IqP4xJQ4lDQ+W4PX3Wjjcnojn0vlEv7Ql/mJ/GmeraPKNf2g/3of6Zv5FtofLMHr7rxxd2nW1uUv9//APT/AKRWts8pv78vLD/6RtosruPlmD19yeLyejEwHKzlLS96ph63+JCPxpKB1HkLyjljsK6lSCp1qdWdLEQi24xqQs7xb1yyjKMl97ic3lM2Hs82mqO1Z0b9DF0Lr/Hw64cOlSk/8tHJxnAUxY+em+ndvg4i17as60ADyXYAAAAAAAAAAAAAAAAAAAAAB8+8rsJ9F27XjujXXOR6m5LO/JqSPoI477esDknhMZFbpOlN9zzwXj0zXBk8PJW/0lW9easw1FGZmU2aPDYi/Hq9TZ0Kx9dLyrQ2VNl+KMKnUMiFUpMOTJSWTlGUojVK866ynVzzEvHEtTgXJyMLFYpQV5Pu62WhpjiZJxZB9ucp69LFuknGEIWu3HM5JwTTfZqt3mbzE8pEnpTv+1r8DB/TtJybcMrfvPo3aXW95nmrNoiItyvQxVmPzQxKHLVL3lCXW4OUf4Wn8TOp8sMNLe5R+9H5xujHr7Rwc5Q6ULa5m0nazjJeeW3izB2pj8BHRRUvuQ089EcnjXpv/ZWf3/qXV8PXTcz2xGa6E1LuafwMCpj6lKdPEQ1nQqxrQV2s2R3lFvqlHNHxI7LEYKT0nKD4ZoXS8tfUy6Malr06qqR+zJNrRuzjLdohfivErNJiJ39J3/zuiMU1ncPqzBYqFWnCrTeaE4RnB8JRnFSi/JovHPPYjth1tncxO/OYao6dn73NS6dFtdVm4r7h0M8CY10doACAAAAAAAAAAAAAAAAAAAAh3ta2X9I2TXSV5U0q0Ozm3eT/AHHMmJaxNCNSEoSV4yi4yXWpKzXkwPljZuOSjFt/Vs/DT5G1w20U3o+4jWOw0qFarRlvp1pwl3xk4v4HlKu1uZ73DcZPJES4smPVpTPD7Te+/HU2NLaFyFUMQZ2FxdpavSx6FctZYckT3S5Y4fTiLfpJ332K62OeRpOzadnx3WL7hXw67Z229tVaUqThKKhziVVNXdm1bXgrX167Gqxm31O7U1bd26dS4kOw9aeaMU9/Rs3x4a+KMurg6vHKuvVv5Hlxxt7bmlf6dHg1r3eY7a9RzaTtFd13dXepbdZQWZO97NPi3vRhYqDU2r/lu/2LUnfjuPNvxF5tbm6/Z0RjjUaSXBcrcRFWzQafB0aEl5SgzDx20ZVP1F1tUoRv5K3wNNBdXibfZmz5ykpTjakulUm/cUYvVX63ayW/VGcXvfptnbDhx/j1ENfVqzjJxkldNpprc07NdHTeXMHioxmpZcr3Nxask9H0WrSVuDepRim5zlNrWUpSffJ3fxLLXYZ7mJ3DeKxrq7P7NtqcxtKi3NOni6ToSaUoxdSKdShNxkrp6VIWV10uJ3M+S9lfSq0oTw8ZzqpqSUU5OFak1Upzt9VScU77rqR9S7A2pDFYWjiIe7Vowml+rmim4vtTuvA0z9bc31VxWma6mdzHdngAwagAAAAAAAAAAAAAAAAAAAAD5w9s2y+Z2tOSVo16cKseq9skv4oN/tELVFnaf+ILZl6GGxKWtOtKnP7tSOZN9zp2/bOPKob4rM7wphCRehTnw+JSqjK1XZ01zTHmwvWfLSvm6i+qe89LqEcY11+Zejj777PvX5GscTP6nPPPHeqL4ynOM20n72aLSemt1qV1K9/elfvbJQp05b6fky/HA0ZRWnmjn8CZ3qVvjax+asoRXmm76fzuLTJrV2BSb0yvyKXyapcYesl8ys8LeVo/yGH1RDDRjmV5O11mdndK+r8jbfQp13nVWkk1pB1Lc2tbQtbRJaG6XJrD8Yv96R6+S+H+0vFlq8NeO+p/lWePwzO+vswKHJSbaz1qcU+MYV6r3cMkMvnJEiwXJTDU7WlRqu2/E4qpRgn18zThe3Y5mHhuT8IO8Kk4/dqSV++283mAoqKyzU7frU583NeCWSXjG/adFMFY7x92d+Pxz5yv0qldLmobV2bh6T0lDD1Muj3uMYQzZu1ye4m/saxsIU6+AVdVlh6inRqKLip0q6zO0XrpVVReKNDS2fWjDnKdT6RBe9eFN1ofejKLfkUbI2pzG0cJiMyyyk8LXWSMWoV2ubby2VlWjDX7TI4nDukzHkjBxuPxYp16/tp2kAHlvWAAAAAAAAAAAAAAAAAAAAAEb9o2yvpWy8VSSvLmXOmuLnStUil3uNvE+YcNK8T7BaPk3bWzfouOxOG3KnXnGH3M16b8YOLLVnqpfsxkVU4SlpFNtuySTbb6lY2r2vGzSox1zXvlfSklma6N3drXM3uVrFFXbNRxtlir5sz6TzKVsyak2nutfgtFY21H1ck5Z+jCeDqJJuLSkujfS/dfzKo4Ce+yXe0eV9qSk7yqK929FFO7STfRW+ySvwSSMSeOh1t+fzH4YRM5J7QzJ0XF2f8APD5F6nOS4s1L2klui/FpfmUy2tPgorzZeMtYZzw+S3k3v0h8S7RxL4NrxItPaFV/Wt3JFidaT3yk/Fk/FRHY+BmY6zCbvaOX3pxX3nFerPP+YMOtJyXY45pW8k9CC6HpPxlvKEfLcfnP2TKryow692E5eEUvNtP0MWfK2X1KKXa5t+iXzI0qcurz0PY029Lq/UryfoUnics9mteAwR3jf8pHQ5cY+m70qkab64wTf8bafka7aW3cXiL87XlK7u7KMVdO6doJLRpPwMH6M+N/HLH/AMmi5Twab1ei32bb87JeplN8lu8uimDDT8tY9n1fyJ219N2fh8T9adJc5/iQbhUt2Z4yN2fOmyOUVbC0I0qNSdOMdYR53LFuTu24Zk974JkjwftMx9N/0ijNaWU4OLatwlLI2/2WUmPVtt2gHPNn+1ShK3O0ZR7YyUr90XZklwHLHAVfdxEYvip3hZ9TctPUjUm2+BRSqxkrxkpLg0015orISAAAAAAAAAAAAAAAAHz17eNnOjtOFeKsq+HTb66lLoS/g5o+hTl//EDsvnNmwrpa4evFydt1Or0Jfxc35AcClXk/rPz/ACLbZchg6soqSXRa0as0uGvV4lyOy5v/AOl4paequ61YrZ5fq18DOpYRR3tX7pN92mhdyx65eSil3vVjw/VHPDWqnJ7os95iXFpeKNjeF/dzK+/Pmb8L2Z7eSdtFpZ2i4vsbcVf0J5IR4jCp4Nvdmf3YNrzdi5HBK9tP2qkd3XZXdjI1k9+be+En38H5NFHW+zjms+G/VLxJ1CvPKiFKK10a+zBu7vqk5NfkeSmluT7syVv2VZ+p64+fD3H6uzXgUNaev1vldA3LzOuEY68crk14yvc95yT0zN9l/ldFOXsv5f7FxRb3/F3+JG06KdPhb5fIy8PBt2vrwW+/dd6+RbhR/myXrwM7CYeT3LN2WlUj5tK3mOSZTuIbPC16ajaUsj+ss849l3zUUn4srnSUEmr63tJRjCLT33bd33u5dwuzqmW2bI7q3Rg9OKy66eJk09kq93JRfXTjzbffqyfDOZrKcJN5cl1q3lkqiXHVZoW/dZcwuGnJ/wBGtz1TcIJPrcaej/aNv+jaN7ygpO97zvPXrWa6XgZUUkrJWXZuJ5EczHwFPEU5ZliHF/Yun3Zk93dYk2C5X46n/XZ11Tiper6XqaI8LcsK7lPMF7RZ/wBbQT63CTX8Mr/Ek2z+VOFqxTzON+Esra+9kbUfGxx9HraSu9F1vgVmkLReXc8NjKVT/p1IT+7KL+BfPnqrtWjmSz55XSjlvJ3vZWktN/ada5D4DGQi6mIqTUXG1OlOTclqnmkn7mn1e3W24zmNea8TtKwAVWAAAAAAAACitSjOLjKKlFpqSaTjJPemnvRWAOS+0L2fxi3XwSjSslejGmo0tN7hk91tb1bVu90csxrjHo14ZXe17WafDTd46d59WSinvItyl5DYTFxeamlLepJap9ZMWmOyJrE93zjWwrV5Lpr0XfpdePmWYJX3u/UlJsnnKP2c4rCuU6Sc477pu/lu8VbxIZWit1WOWfFpNa9qaXy72aReJ79GU45jsx5Rad5a/et5O2qPKcXvXpfTxXzLjw8oq8csl15btLt4rv3dpad3w9beqLxSZ7KPUk3q7K++dmvFpa+CEo2b1T10cLpeCbTSChLr+fxK1QXG7LxiRtjtdbvfr3+ghQvui/Ky82ZsKaW5FaiW8KpzMWOGfYvNv8i7DDrrfwXoXspXGBOohO5XMJQV9Iryu/Nm8oRsjAwVM2dNGdloX4lSbLcpKKvJpLrbSXmzCr7aoR3Scn9lX9XZepXek622aqFWYjdXlDOTtTppdV7yk/BW+ZmYLYO1MVup1LP9boR8lZvyKzkhPJLY4jG04e9NJ9V+l+6tTXYjlDTj7sXLv6K+b9CV7H9kFaVnXq5VxjBfN/kTjY/s22fQs+aU5LjLpP1KTklaKQ4zh8RjsQ7UKUnfdlhp4ylp8CQbN9mW0cQ0601BfabnJfJHccNgqVNWhBLuSMgrMzK0REILyX9m2HwklUcnOot0na67uonFOFlYqBCQAAAAAAAAAAAAAAAFMoJ70RjlDyIwmKTvBKXWkSkAcE2/7NsRh25UelFNted9/Ah2Kw7i7VYOMuu1n+Uvj2n1VKCe9Ee25yRw2ITvBXfYreRMWmOyJiJ7vnDmP1ekuzeu+O/x1XaFE6Byi9mlWk3Kg92qWrXnvRCcZRq0ZZa9JrW2bh+8tH46nRXP+plbF9FhRKlExp46C4ev+xYntJ8EuzT8y05qqxjlsYwuV54R96SXZvfktS3gdjY/E6Qo1Gnxayw9bJ+RLtj+yTF1LOtUUF1RV35v8jK2bfZpFEUltiEfdi33tJfNv0PKWNxdZ2owk+ynBvzk7280dm2N7J8FSs5xzv7Tv6bvQmeB2Hh6SShTirbtEZzaZX1DgOy/Z3tLENSnHJ2zblL+fEnGx/Y7SVnXqSm+KvaPktfU6vGKW5HpVKP7J5HYLDr+joxXbZXN5Toxjokl4FwAAAAAAAAAAAAAAAAAAAAAAAAAAAAAAFMop70ajafJrD1k80Frv00ZuQBz2fsj2dKedwfcpzUf3U7G72ZyD2fQ9yhBPryq/nvJOAMehgqcPdgl4GQkAAAAAAAAAAAAAAAAAAAAAAAAAAAAAAAAAAAAAAAAAAAAAAAAAAAAAAAAAAAAAAAAAAAAAAAAAAAAAAAAAAAAAAAAAAAAAAAAAAAAAAAAAAAAAAAAAB//2Q==" class="product_picture" alt="Lenovo Ideapad Gaming 3 Nvidia Gtx 3090 16 Gb Ram">\n                                            </div>\n\n                                        \n                                    \n                                        \n                                        \n                                            <div class="carousel-item">\n                                                <img src="data:image/png;base64,/9j/4AAQSkZJRgABAQAAAQABAAD/2wCEAAkGBxMTEhUSExIVFREVFRYWFxYVFhcTFRYVFxcXFhcYFhUaHiggGRslHRUXITEhJiorLi4uGx8zODMtNyotLisBCgoKDg0OGxAQGyslICUtLysuLS0tNS0rLi0rKy0rLS4tKy0tLTUvLSstNy0tLS0tKy8tLSstLjUtLSstOCs3K//AABEIAMkA+gMBIgACEQEDEQH/xAAcAAEAAQUBAQAAAAAAAAAAAAAAAwIEBQYHAQj/xABIEAACAQIEAgcFBQQHBQkAAAABAgADEQQSITFBUQUGBxMiYXEygZGhsUJSYnLBIzOSoggUU3Oys9EVY4LC4SQlQ0RUZKPi8P/EABoBAQADAQEBAAAAAAAAAAAAAAABAwQCBQb/xAAnEQEAAgICAgEDBAMAAAAAAAAAAQIDERIhBEExIlGRExRhcQUyQv/aAAwDAQACEQMRAD8A7jERAREQE5Z1+7VqmBxb4SnhFfIEPePUIBzKG0QLsM1t+BnU5wLtRpA9P0wwBVqSXBFwfC41HHYfCdUrytFfvOkTOo2nw/bligfHhKDLyV3pn4kN9JsHR/bjhWsK2Fr0zxKFKqj33U/KavU6v4Vt6CD8t0/w2lpW6l4dvZNRPRgf8QM9C3+LzR8alm/d09ur4DtR6Kq/+aFM/wC9R6X8zC3zmyYDpjD1hejiKVT8lRX+hnzvW6i/cr/xJ+oP6SwrdR8QNR3T+jEH+YfrM9vCz1+au48nFP8A0+pYnzDhj0thv3dTFIBwSqzrp+AMV+UymF7TelqFhUqB7f29EA/FQhlFsdq/MTC2L1n4l9FROJ4LturC3e4Om/M06jU/kVb6zY8B2zYF9KlLEUvMqtRf5GJ+U4dOkxNYwHaB0bVtlxlNSeFS9I/zgTYcNi6dQXp1Ecc0YMPiIE0REBERAREQEREBERAREQEREBERAREQEREBOFdryZem8I33qNP/ADKgP1E7rOI9uCW6SwD81UfCrc/Wd4p1eJ/mHNv9ZV05cIJbpLimZ9dLwsiULPcsqWVWnG2abI7Sh1k+WUssnaa2YzEdG0X9qjTPmUW/xteY2v1bwzbUyv5WYfK9pnaglljMUlNS9RgqDcnQSu2HFbu1Y/DZjyX9TLA1uqNP7NRx6gMP0lqeqVVTmpVlzcD4qZ+K3md6O6Yo1/3b3P3SCrW55TuPOZAGUfsfGvG4j8S0fr5a9bYDDYnpih+7xNYgcO+FUfw1b/SdJ7NeuWKxVRsLi6WWqlI1BVAy51DKhzJtfxDUaHXQTVHqgcZlezmuG6TNv/R1f86h/rMPl+BTFjm9Zlfgz2vbjMOrxETyWwiIgIiICIiAiIgIiICIiAiIgIiICcV/pALbEdHvwu/yamf1napxz+kSnhwT8nqj4hD+kmJ1JKypvLmm0wNHGn9Zk6GKBE+xeLejKU3koMsVqSRa04mrLfHKXGYtKS56jBVuBc33O20sf9v4Y7V6f8QH1mP641b4Zh+JP8QmjPSC2LI6hlutwQCDsy3OomXLlvS+oja7D40Wru0ul/7SottVpn0dT+swPW+g1eh3dIqSXUnxAAAXN7/CaXkH3j/CP9Z4E/F/L/oZF8szXjes9/01Y8MUncSuKuBxNFQDSDBfZdDc3FzcEag2vrYS9wPWqqnhqqzAcftj3/a99j5yrobFov7N6gUM1ySbAAKQdTzuR75c9L9K4QnKzqx5gMwH/Got85mrWKTyx5Nf3prjHWY2ul6XWqLowI48x6jhNq7I3/7yPnhK/wDnYac0qYEH9pQYOB90+MfDf0M3vsTxRfpLxb/1SsNrH95h9/PSR5fkzbDNLx313HxKMeOK33DvMRE8VqIiICIiAiIgIiICIiAiIgIiICIiAnJf6RNL/suGflXK/wASf/WdanLv6QtO/R9I8sUnzSpA5bh8VqCOQ+kyWDxXCa3hKmg9JkMPX1Guk+rxZd1h5sx22ZK/nJFxJmutjrnfThJxjbKfT/rLuUaRMRtL1ixYaky5hmuDa4J0Ybia9elenvlyDPc7v4r5bbD2dPWYLC12LrqTmzE+Z1JJmcSt4qZyXsoAGS+fVuA9rU291uE8XJ5nOecddaXxi4qVCZFv7QY5zm3TwgBVtofaN/MT0MgDFWZXz+DW37M3Bu2hJ1X+aQUxazWJsw0Iuh42J5mx05S5xFUFay93lzVQ2iZTS/eAICT4B4j4fwDlMds9pmZntdwjqEmH6RpUu8RqFOsrm6moStRbbWdTa9jr5zCdJV6RbSkVHIsSfmLn4iT9PV81UuEVA5JyKuRVvY2VLnKuugvLTEIBRUndnOXyVQQ2vIsw/hlU3mY05jFWt+Ue/wCVOFazZqLlX5be6x3Hlczq/Y5UD9JJUsA7YaurgXFmDUSbj3k+lhwnGwvwnY+xmoP69QBINRcLVDELlOU90yZj9o5Tvy4xW08JhZMzFoj7u8xESlYREQEREBERAREQEREBERAREQEREBOddvFO/RZP3a9I/wCJf+adFmh9t6X6Hrn7r0T8ayL/AM0D56oXsPSTq584wbDKunCXlJx5H1npY8kxEdsWXr0gStJnr6H0P0k3d0z+E/KUVejzbwkEeU0R5F4hnjLT301fBVf2i+hHxEzgrt4d/BtqeZOltt+EsW6JKOGudDexHD1mRRjlAZqmTkL5R4je3A7+WpM8+uS+ONN30X7jtCKhtbhmzbnfbn5b7+crauxDLc/tGBYXJzML2vc6+0d77yGqwtoCDzJvw9OcvOkaQVmAp5AHYAF8zAAmykZje219dt5RvtbrpYV6aE/tXKeYBc3JF9PQHjy3ll0jiFdvCCqKAqA6kKL2ueZNyfMy+OFSoQHqinbYkZgdtN9PnMnguq1Elc9eoykfYVFB2t+0d/ojWltcVrR9Kvcb3LUivEfUTr/Y90ZVpY/D1XpslOrh6gVmBXMUVVNgdToqm+2stujOhVp64Wp0bRI2epU76vm/vHuqn8qTYOpVCuvSeGavjqOJYriFC0qhq5BkBu3K9jwnVsXGszLmMu7xEOyRETK0EREBERAREQEREBERAREQEREBERATTu2Cnm6HxY5Kjfw1abfpNxms9piX6Kxo/wDb1D8Bf9IHzLhG8A9/1MmJltgfYHvlxaXxPSi06l6KpEuKWI5XB5iWpEkQTutrMuXhMfDJd+SrXsfCdeO0tu+Hc00NU2DVv2YX2Mxpm+a2uax9MnnIwptIVyZVGV+8zNezAAg5cgXQm/tcOIlt7TOlWGOO9I6oGtr24X1Pv0lzjatNmJRWCk3GZizWtsSSb6yOl0dVYEhGsBe+VrW1O9rfZPwMkqdFlCRUIUquYjMgJHlqdfKcTEe13O3pTgejkrkq3AXGpH0mWwXQfdG6M2U2upIZG/MpHz35GYnDdILTYsqkki3iYfRQJMesNXhlHuv9ZZS2Kkbn5UZI8m1vo+G70eji1M1aZ7ymv7yhWRa3djmtxcp8xz4zM9UKdMdI4M06NJAf6wL01K/+Cxylbm205bT6x4lTdazrcEHKclweF1sbTZeyjGs/S+Fzcqw4/wBhU1NzqdJGbya2pNYW4MGeL1te3X2fRsREwPSIiICIiAiIgIiICIiAiIgIiICIiAmF660c/R+MU8cLXH/xtM1LHp2nmw1dfvUag+KEQPkfA1BkEnNccvnMVSY5R6SqdxfSi2HlO9r9sV5j6yg4s8z9JaAz2T+pJHj09rg4g+fvMU8QykMpsykEEbgg3BHmDLbOOcGsJHOzuMVI9LiriHb2mY+pJ05ekoWRpmbZb+gJlXdNxYL6kX+A1nPcuoiISTzOOf6xTw4PFm9Bl+ba/KZHCdHFvsgepLn9BJ0lYA32B+k3Ls1xiYTHU8RWZQMrqqcWZhYWY+EHy85Dg+iaSi9Rj8cn+AA/OX1GvhqZBSmuZlzAqBmdR91z7Xpe5kJd/wCiOmKWIXNTbUbqdGX1H67TIT59o9N1qbKyXptcZWuFJVhoyZrZtdCpANuc6H1T7SKVa1LEMqVNhUX92xG97+yf/wBpIG/xPFN9RqDPYCIiAiIgIiICIiAiIgIiICIiAkWJW6MOakfESWDA+LKa6D0nhv7p0rrn2ZVsBTauHWtQLtmKoVNIMbrmFzdbm1+BtzmgvQtJgWxpnkR5sQs87scWH/CC3z2lbBRqbX+MkKHwaWzkBb6XubXHNfOEo1Vfuk/mIHyF5WCRtlHotz8TeXdLo5zmLAqqgHNY5DcXt3hso4a3sb721lf9URO67xwrMfENHU6A5Q6sFGjKdWGhBuL2EoWLC/tMT6tp8NpcUcMbMcpsgu1hoBrudhtLohAz0ihVmY6VPCrGynu1K5MrWy6FgDfna9waVchmy92wIBzJlSoQNAtd7NawYkFrj5BsR4XDkeLJZMucsxsBciy8gddr8DLtKgXwtV8WW+WmNM3Ea72F9mHPnI6iUwe8qVQQ9swUd6hP5yQMoIsSARzB41LUUEUqdMM/tKKhNUNxFgAosBe17r582xXTYM1kpVHZTaxLM4BHiuF18XmSBw02vKRqKSHakl7m2bI+bjmWiTUJ0I8R3kVTvrL3jikuoKuxtrxNNAbE620G3leRL3K+DK9Q8mtTX0FiSRvfVTztaQKzVojXxVbXDaCkDvbvFF2e3Br5t/MS6KvtlSkGt4jbvGAUk5S16lRbjgAQAZC6VXXNkppTIv4wiXt9oO3jbUcL8QBKWWhoC2e9rhB3dL8zOwLFttclxbTYSRs/VTtCrYNhTZu+w+lhrYX/ALNjqD+EgHfTjO0dA9P0MWmei9/vIdHX8y/rtPnLDd6Rmp01ppf27WuNdTVc5iLjQqVOm2htRhOknw1QVKNdzWFtVLWvx8bgd5sdLbHcyND6kic76m9paVlRcWvcu2i1SCtJ/efZ9dvTadDU31GoMgexEQEREBERAREQEREBERAREQKK1JWUqwDKwIIIuCDoQRxE4H2l9QHwRbEUFLYPc21ageTcSnJvceZ7/KXQEEEAgixB1BB3BED5FweIABFrox8SjRuTW53H2TobcNxdIXDqlOme6e5pvQptVCuTq+RszA/ZKgqw+AO/dpPZW1Ati8ApNH2qmHAuaYvctSG7JqTl3HDTQc0wmJBB5MLOtyAykC9yNvJv0uDKU+FoN+1So6VFIY+FxVrFvabKiksVOS5D5LWvdTe8mGp0yO4OaoRYgVAFYUtWtRyFjUAOtr31uq+0Zb1Oj00qB3RUKKBSonvQTqpZswXMSCA1+Gw2ldXGIlbPUw6oTqHaz1VNrCo9EMKea+tiovrx1gVYbGvUQGgAtSmAMoAYKtyAKdV7vY/dzA72BF7TPQKujO6UbqEZDasBbZcytlGlj42Uroc32pLTWu7FHzVKDWKuzoyrmFgVL5Ve9/YYBjp7LSHDYanlFFqprXAamiqyEL+Cow8WhvkCtxtrukSJ3KO9LKcxYfvWDJe1wAgy2fUDVgSLi/O4p9+1MZVNJQcrAjuKLaG4FsoOxJvr5nhbUMZey0VVKtMWQWWq5AvrTqVATx9lQv4QdbSvSZSj1HFBiLMtTM7ZQb6ILvblmysLDxHeRA97ikoJapmVuCACnm4nObMRfTRLXteTq5uVoUwLDRgudsljcmo9yt72uCo5biWIxdJAwSmz3N71SCg9KYG/mWOmnOT4dMTiB4VPdGwvZaNAW5WsptyUEyRXWwwzZqtY95bVVIqkkbKzhsgtx10udNJkcFTomme6IWqu5qhKhBvvqMttrMPLWS4XoQWAqv3pBvZcyKNLWzk3bYa5QdLAzImggQrZFpkkkWABJ5k6t77wMKel2ysKhFY2JUB89Syi5JYDLYWJ1sw004z3oOrSKk9za2pqEPUC66AlhlQ+dvfuJU+EoA3Cl+WfVFF76LbXjuSNdpKapPpyAAUaW0UWA05CBkauIUXv4id7639ZlerPXGthCF/eUP7I6ZR/uz9n028uM1fPGaB9AdBdPUMWmai9yPaQ6On5l/XaZOfO/RfSL0KgqISGHEGx9xnUOrfaDSqWTEEI+3eWshP4x9g+fs+YkIbxE8U31G09gIiICIiAiIgIiICIiAiIgJyXtN7KxWzYzAKFxGrPRFgtU63anwWpqTbZvI6nrUQPkpGNNiCCCLqQy6j7yMhGo01Ujh5C0lClkUNSWkhXVilI1att89PvXYW5lbFdzp4p3TtG7OaePU1qNqWMA9oeFathaz22NtM3uNxtwmth6tB2pVkZKiHxoRlIbe45cwRodCDxkpWf+zsRUbvKmZbm4q4hu7ueBVnOZj+TMZkMR3RdRVzVHFwahzYak1S98rllLA3vd7Ib6tbVpHiqC1QWGXO3hLPmI04gi5RudxY8LHQziiuVVq/t2W9mUtTAFgApY+KoosdwpGgBtpIEz1sxFHvCK1TMalOnTemykbU6tQqz1FIAIqXb8Q2YUUei2ZAKrIjXGqFKrsoG7hTluNg2YE31DbidcW9sgJRNsilgoAFrAEk29SZXTqgQnS6wPRtFCClPMw+3WtUb3JbIvwJ85lK2IVdaj3bzNz5ACYM4tjoDlHlv8ZSD8fnAydXpQn2BYczqfhLN6hJuSSfOQl55nhKS9tpUKl5AWlJaE6XV57eQJV4Hf6yq8OdJc0ZpQDsBqToANSSdgBxM6B1U7N6lW1XF3p09xSBtUYfjP2B5e1+WEJuyjHYtqhpK2bCIpLZwSEP2Vpngxve21gfKdUkGCwdOigp0kVKa7KosB/185PCCIiAiIgIiICIiAiIgIiICIiAms9depWH6Rp2cZKwFkqqPEPwsPtL5H3ETZogfLfWTq5iOja5pVjmTenWsVSqthfidRe1r3HoRe2oVQ2on0/010RQxVFqGIpipSbcHgeBUjVWHAjWcD679nVfo9mrUiauD3zgeOl5VVGmXbxCw8lO5MMETF5b4XEhxwv8AIjmJPeEqhPQ0ovF4EmaeZpRPCYSkLSm8ovJadEkgWJJIAAFySdAABqSeQhKkC8zvVvq7iMY2SitwDZqjXFNPVuJ/CLn3azcOqPZmz2q4y6JuKCmzt/eMPYHkNfMbTqmEwqUkFOmioiiwVQAAPICHMy1/qp1Kw+CAb97iLa1WG3MU1+wPieZM2aIhyREQEREBERAREQEREBERAREQPJ4TKp5aBE1W0ibFiXJQSKphVPCBbNjhI3x4Om4PDgRK6nRYOxtLSp0a421gct67dnKEtXwChCfE2HGik/eo/dP4djwtsed065BKPcMCRqLG4NiCODDlPo2pRYbgzVet/U2ljQXFqeJA0qAaN+GoOI89x8oTtyO8Zp50jgq2FqGjiEKsNQd1Ycw32l8/jaUXhKvNPRKKaliFUFmJsAASSeQA1J8p0Dqx2esbVMXcDcUVPiP94w2/KNfMbQNa6v8AQFbEtakvhBs1RtEX38T+Ea+m86l1c6uUcJ4lGetbWqw8XmEH2B6a8yZn8F0SQqoiBEUWVQAoA5ADaZKj0Wo3N4RMsfTxDna8vaAqncy/Sio2ErtCEdMNxMkE9iAiIgIiICIiAiIgIiICIiAiIgIiICIiAiIgeESGphEbdR9JPEDX+n+qOHxdM0qq3XdT9pG+8jbg/XjeaDg+xTK5z40mlfQJTCvbhckkD3fKdeiBrHQHUXCYTWmnjtYuxLORyzG5A8habHSoKuygSSICIiAiIgIiICIiAiIgIiIH/9k=" class="product_picture" alt="Lenovo Ideapad Gaming 3 Nvidia Gtx 3090 16 Gb Ram">\n                                            </div>\n\n                                        \n                                    \n                                </div>\n                            </a>\n\n                            <button class="next_pic" type="button">\n                                <span class="carousel-control-next-icon" aria-hidden="true"></span>\n                            </button>\n                        </div>\n\n                        <a href="/products/12+4">\n                            <div class="product_info_div">\n                                <span class="product_name_span">\n                                    Lenovo Ideapad Gaming 3 Nvidia Gtx 3090 16 Gb Ram\n                                    <span>\n                                        ($786.40)\n                                    </span>\n                                </span>\n                                <button class="purchase_product">&dollar; Purchase</button>\n                            </div>\n                        </a>\n                    </div>\n                \n                \n            \n                \n                \n                    <div class="each_product_div">\n                        <div id="carouselExampleControls" class="carousel slide product_picture_div" data-bs-ride="carousel">\n                            <button class="prev_pic" type="button">\n                                <span class="carousel-control-prev-icon" aria-hidden="true"></span>\n                            </button>\n\n                            <a href="/products/4+1" class="slide_show_pictures_link_tag">\n                                <div class="carousel-inner product_pictures_slideshow_div">\n                                    <div class="carousel-item active">\n                                        <img src="data:image/png;base64,/9j/4AAQSkZJRgABAQAAAQABAAD/2wCEAAoHCBYWFRgVFRYYGBgaHBwcGhoYGh4lHR4aGh4fHRwcIR4cJC4lHB4rIRwdJjgnKzA0NTc1GiU7QDszPy40NTEBDAwMEA8QHhISHzQrJSw0NDQ0NDQ0NDQ0NDQ0NDQ0NDQxNDQ0NDQ0NDQ0NDQ0NDQ0NDE0NDQ0NDQ0NDQ0NDQ0NP/AABEIALcBEwMBIgACEQEDEQH/xAAcAAEAAgMBAQEAAAAAAAAAAAAABAUDBgcCAQj/xABBEAABAwIDBAYHBwIGAgMAAAABAAIRAyEEEjEFQVFhBiIycYHwBxNCkaGxwVJicpLR4fEUQxUjgqKy0xczNIPS/8QAGQEBAQEBAQEAAAAAAAAAAAAAAAECAwQF/8QAJBEBAQACAgIBBAMBAAAAAAAAAAECEQMSITFREyJBYQQykRT/2gAMAwEAAhEDEQA/AOzIiICIiAiIgIiICIiAiIgIiICIiAiIgIiICIiAiIgIiICIiAiIgIiICIiAiIgIiICIiAiIgIiICIiAoe0cX6qm6pEhokjlIBPcNfBTFiq0w5pa4SCCCDvBsQgwbOxrazBUboZEbwQYI94UtaZ0NqOo18Rg3m7HB7CfaaQAHc5bl8QVuatmqtmn1ERRBERAREQEREBERAREQEREBERAREQEREBERAREQERYMTWDWOedGgu9wlBHG1KOc0/WNzgxlm88OZ5KcuCuxRfUcX9YPJJ5gmT3OBvO4wVufQfpi91U4LEuzOBy06hN3QJDXHeS2CHb9DddcuKybjVjpCIi5MiIiD4tf2/td1MhlOA6ASSJAHCPBbAtM6dYBzR/UsJtDXjdGjX94Jg8iOC3x67eVntVbW2k8VKGNFM+spnJUDASH0Xa2FwWkyOTjwW/4PFtqNDmOBB945EbiuO4bFO6we98EFsEk6jUHj4qbsHbr2OgOAqMhrxue32XRvBA8DK758Ms8NWbdeRVmx9rsxDZbZw7TTu5jiFZry2WXVYfUREBERAREQEREBERAREQEREBERAREQEREBERB8VL0tq5cHWPFuX8xDfqrpa309fGDcOLmj4z9FcfOUWOP1CQRwn52/RQdqvc2q2qww6GOB5tMNPeHN/3KVibzu5/W6w+sa8Bj5EHUC7S4QeEtIjnYHdB98s3qtx+g9mYr1tGlU+2xrvzNB+qlrUvR9tLPhWUnHr0hk1s5gMNc072xA5ReFtq8GWOsrGLNPqIiiPigbapB+HqtOhpv/4mFPWv9N9pChgqzp6zmljebn9W3cCT4Kz2Rx6jipNjEi8E/wAR8fdbHjWEkPY7K9ujhvB1aTvBVUyrvPnz53KXRxG4r3Str3o/0mqUqgeaVQub2gyC1zPb+EkATcBdi2PteliaYqUXBzT7xyI3Lh2GxeQ5pAjeeHMqW3bjqNQYjD9R39wT1XybBzTYE3vrcTyxnw9/M9r127uvipuje3GYug2qwiSBmbN2n9DFlcrx2auq5vqIiAiIgIiICIiAiIgIiICIiAiIgIiICIiD4tJ9JGOa2nTpkiXOLo/CIHxPwW17SxQpUn1CQMrSRm0nRoMcTA8V+eukm0atesauIYQ5wgFtTqgN0aGtdYLtwYdstm9eUx1JzjP8LE7ZoPZdDh9SPh3wtaOKDRJL43APd9SpAxpAlxrtH3mgt+IXsuGPydv0v8HjcThnZqZe0jey+trtF/gtiwvpPxDbP9W+PtNg/wC0j5LSqG2zuq03cA9jmx3EWHgrCjtVxuaYf+B+Ye4mfgs3h7ftdxv2G9Jrj2qLPB5H0KuMN6QKbtaTh3OB+YC5gNqUSYewN5PaAf8Ac26nMdQcLMA/D1T4Zcp4rneDGe4s1XTKnTjDAEw8nhlHzmFzLpp0iqYx7ZGSm2crZ3neeLtO7xv9qYcR1CW+L5PCS4kg9x96q8Vs9xJN99/J96k4scfMXUU+ZPXgefMKRVwr+Pwm3dYkrDTwxm4ho4y079249wHeVqS26hIyNqk3I7rcPa5xzWbDvFmzvi/F1vFx38vFQK9cHqizBY/eI0A5D5qVgKPWa53HqjgBee/XuhenGzHUnt0l14b50J2k6g95blyPcC9pIt+EDQmSZNrHjbq2FxbKjQ5hBHy5HguGbNxTm5g0xckE6cDM7tJM25b9n2ftw4ZhIfNR8GACWOPstaPHvK83PxTK2z2xlN11RFUbI202qGhxDahAzN3Zokhp3jX3K3Xjssuq5vqIigIiICIiAiIgIiICIiAiIgIiICIiDnPpa2y+jSp0WOAFUPDxAMsGURJ01Oi4niDO4Acl0H0u47PjcgNqdNrf9Tpefg5vuXPQwuMAE9y9/DjrGM32+NeIhzQ4fHwKms2k4dmpUbyMOHxAPxXhuzbXEd48d58yvjsA0a249ZojedDutPetZWVZjYy/4hPaFGp+NkH3iV4dTou0pPYeNJ4cPcST8lHds47nEcRc6a6C8WWN2DeNJMT7J3LMkX7mZmMqNDmucXN3Z9Y7jp3KfsbEn1gY02dPV3B0TYcLKnOHedQrbZGBc12c2I0n5rp28JjLts5zAEkgRrJHzK+MxbftNO73d2tzqqPbdV+Ru9ocSfdafO8KDQxlBoGdlUu4teANbaX0SSddt78tqqPYR1vPE3vqtc2pjCTlZvsANf5WKttVryG0w9o4OdJJ3Rb9U2dXDKhdUY6bAaWH8Kz19vtvtJE/Zmw3WdUG6zeA0ueNx796sa9LKRAiL+8W5zqJJm2gUvDbYokduPxAD5+bqPtWs2W5DIIMC0CTJ0A1Jm90xxsym1x9vGAw4LZMSb3+cwSPZMxHjpOZTaw5nSNYiOrxEWE7pGkRxVa3aTaTAZ7uMxFgPauRPD4xadGviDLiabOXaN9OA3jXWBvSyY3d/wAXUntY1tvkPaGOeXNnKGklwmxM7j94+9XXR7pHjKbxUfJpusWveXSdQYiG2BuDv3qFgtlMpjK0QPas6T3zOt7xpmv1VJx9TqDqgQ5t+AmI0HECBI1up4y8WeE3u+XXtm45tam2o2wcJg6jkVMXIMLtx+HphzHQ4OI5QNAQe/4Fbj0c6aU6/Uq5abxF56rp4E6HkV5OT+NnjuybjGWFnpt6L4Cvq87AiIgIiICIiAiIgIiICIiAiLDXqhrXPOjQSe4CUH566UU3YjG4h3smo/rbsrTlGvIBYaWAawWbPEkEzxEkgaBwsPaae+3x9bM9zzYuc51uZJMReYzaDxUNzb9mTpoNbCJcZuQHC3sHiF9CepGpNIb2gawOPYHCeOpysPd4rET96ePW4G+jftEN/dWTKDjEEfnE8AeqN5k69pZBs0e094g/ZO4W0cZMT46xYK9aqmcO8/nOh5D7RiN4HgvPq+U+BvlPEn7RkcldN2QzQvduu1weLWAjUnkBvkkrw/YkXD2gCL5QQ2OzmPsuGu/XxM60VDGAXgCN4DRzOrrBxPgpVOtl1IOty5oMDtafZt5us1XAPYAYDmnslrmw6IgABuaCTOmtwsbX8zbm6YbcmA3XNaOF+SmhJpvDpAIMRI7xI96j4jZNJ+gyniyAPdp59/tpNtZB1h5F7u1gcp/hZaVaLE6nxBOjS1s6DeStS2ej2osR0dMyxwP4rH3iQsVTCVx2mOdAiR1reEnetoDgTAOmvG/JZA3z/P6reOdl2nWNXw+1X0hDGMD/ALb2y7wm48FExO0q73B73ZiLDkNYC3T1YOoBH3gPr+u9Y6mzKJ1YzwEfLz3Jcscru7NWeqpKWNYHNqsgOiDTcJDY1yzoD55b/gaDKjGPAa3M0OI33AJHy+C1ansegHZgyY3FxI9xPzVs2m3cSPHf8gmWUskize91LxtWlSOR7srrEtbJtzjSY77zaZWHEvZUpvFN5faYaHai/Dv1490VW1NjPqPzsfBgAhwN4sDIuDFrjcqjatfFAmnUrvEbmuGWDvBAVmMs+32dte1xWeX5cptcmCImBHf+6wvr06U53jNrAgu91z8FruzXvpOMHMxwLXNMgweBFw62oVnga7GuIawgG5I7UcSSLr043KzWtOk5JfSzw/SKo0tNAYhpb7TbA8nB3VcO9q3vox6RA8+qxTCx43x2h9rKCfGCYWjf4ixonrWixZ9Zv7l5diaFRuZ7wzKeqQCXg8WgCPebrly/x8cpulk/Lu+HxbHtDmODmnQg27u/kpC/O+I6TkNDKVOs8AznqENBI3hgGneZV3s3p3imsaxpLY0a4NcfkTC8P/Jcv63/AHw5WT8V21Fz3ZnT55b/AJ1JpI3sdE/6TMe9W1PpxRMTTqCeGU/ULnl/G5Z+Drl8NsRUNHpZhne2W/ia75gEKwobVoP7NVhng8T7lyvHlPcqaqei8NeDoQe5ellH1ERAREQfFrPTPazKdB9LN/mPbDWi5iROmlpWTpD0qpYU5SHPqESGN+Ek2G+2tlyfa22H1nue4AF5vMzugdYFtgYn9p7cPFcru+mpGCs/WYHNxjhxLd07zoohxDQYHW3QzJF91xcwBbSO6F4OZ15J00c08T7Q3c9NTdYjSv1o3doRb8Q7Injcnkvf6V7qY55kTlmbFo4wQHa8i7uWBxOsnfdtx3NHzMblJbhrWkW4y2OY9lvAC8L67Cngd926n/Sey346JoRBx00GZlwLaBt5PON4WSjinsgtcW2bBaTlAO9wtc+SshpNHWL2xbrM7tA028eajGtTHtCbRAMW3uHtFZ0LOlth3tjtb2mC++6/V15druUhz2VZkZzBnKYqNAMjM4nrjuvfetfNdl4fFusDPWvMNv1N/vWRhmMt4zENzdnnmGp/VE2nvwTg3MCyozQva0SC49aQ92kWgSPkvDKs7/C7u0bdRkAtyjebL7Sx7pDiXEgjrgEPuNMkdYX11vylZX4prgM4zAAnM0nNJtLwbMPIiBfgp1+FfGvkwDBFwNS2TAllOxbAsSTG9ZmV9zhGt90C0kt6rZINiZ+mCjhSYaxwfBENmIytJ6uVrWk8uO6wWIPiGuaR2Oq9pO8mSwQ1mnaE6KUWzXxpr5/dei7z9efxVRTxAFwTlIixzDMXR2u05xPAQPFSmVhuPHQ7/Df3oJ4fvvyXtjvPnzzUNj54efp8FkY/z5/hFWTH+fP7rVukVbNXdya1vwn6q+ZV8+dfDgtMx+IzVHu4udHdMD4BduH+22cr4SsI65KsGu8+f2VVhX289ykirovVMnTDxinh/kryKLZmBzsoYrLI2t58/srtrxUxlFn2Wnv8+ZUlhABsAOX7eKrG4iy9iv5/gKr4WrXiI4rJ/UCZ8+bKoGJ5+fmvDsR58yi7XDsX8f4Cf1Y8B9FRuxN15OJ5qeE22rZuOIcYcRI48Fas2tUGlR47nn9VpGzsV/mATuPyVs/ExvXk5sZ2Yy1ttDOktdtxVcfxQfmty6N9IG4lpBGV7YDhuMzBHfBtyXIPX5iBmDQfacYH7nkFbYHaLGU6dWk0/wCXiGesqF1nCdMu4S4CBfed8+Xl48denO6doReGv4IvEy5Z6SGj+psQeozMAM0XdAc0XHEFaW514BH53DSdztOM7tdSI3/0rbKMU8WwEOb1HkCRlMluYC5bJLf9Q0iRzhmNa6zjlJOjuswwZs434mCZmNYXv4b9kajJWqGL8h12gjS05fg3ne5CgtJF77jIdPi4HfwH6KdSaJiw0u11wdOy62Y750HcsmI2cR2hFjBc0i+tnCQ9++Rw7109qrmV40IkSfsn8ThoTwB/hidpZBdziToDZxne4i2XlG4cF7xWCLQ5xmGm8w5okcZlzzOm6e5a5UpuJk7zvNh48FPLNuljRdVrPsC90brAD5BZn4GsNab/AHfoveF2O5rjanWbu/zC3xgKfh9nOzCaD2Nm7mV7Abzop3ZU1Wk9vaY4TxasLmEey4eBC2wtfRpuq0zUq5jFFriX5bQah5RoOfNUX+KYwG7qviwfVqsztNIzMc5pGbrcCbPHIP1CsKFdrx1TeD1XHKQNZJ0qfzOq+bT2xiGsOHqhhc67iQ3M0HRvVAynnJN91lRZlZdrvTZHM36X9oEN0nsG4PPke5ZWY94yhxJjLAqQ5wH3GkGR3/RUuG2m5pGeXD7QMP00zHdy+KsaGIY8QCPZJjqxf2iesO9tvetaalSXYljus5jQ5wIzNJa53W0a0GGO+7G8eHmpSpEmHPZ2mgkAuaNSMjBa/tcDussPqjBjSLkCARm9t7u2Pvt58kyndPtHqmPdUPbHL9FnSpdFrpPXaZIytdYxFoIlpMg9otUpjHmYAMSSAQYDdSbxPvVQBbQRLZhpDDbeztE6X7uCCYA5DKDzNiyOzynlzU6wWrqjg0uyugb4MSN0xcwtNcXAw4EE3uCCfetlbiqgcXBz84zSWx6wCI6x0y93Lmvbce+NW5JbMQaRt7W8u05dldMb1SzagpVLa6LOKnnz9VcOxjrAtabDKHNaTd39v7HKdOrpC+nFzINNju2YDWh45udo4cAOWsLf1GpdKjP5+HnQIH+fP0Vx/UsJzGnTJzAF4YMnZ09VvPPnyheBVpj+0wZmtsROcz7J/tT9RwV+ou1WaqGr58wrUuZOX1DCRm6lwW7xL5hwvpFpHBfGVGHrClTN2jOKfVEjT1RnNPHmPsq/UNqc4nz/ACvPrybAE8h+l1cteALU2NBAPZBzw65zRNIaWsB4L6/FvEHNlyyAdMsGwY8DruIJF72M7wp9Sp2VAZUILgx5aNTlMCdJJsP3Xs7OrmCWhoIBlz2gZTMEkmBp7UKxfnm5ykTGYlpb7Qc57Za903APHvUau8M6xzS7rQeq983zvc2WloM2I/fNzp2fcFhWse01KwaHalrC4Np/aEG5nqhsSZGgus/SKocPVdTYDAALX1BBcHCZDdNZHgqKvWc4kySTdxAAki3cApG0KucUSIzCmGnLmc4ZHOAHWnLaN8HlcLnlbLtm1HNdznBzyXXuX2bHdqRyW3bGpetpimMpc+tSawuaQQSQP8tntOAzHMbBuaTC1OlhCWh0SS7KJMmYF47Ldd58F2P0a9EnMIxNdrmkf+pjiSdIznMARYkAQBeY0K48uepuo6TCL1CLwoh7UwDK9J1GoJY4QR8iOYMEcwF+fulGwauEqupVBIMlryLPbuINz3g5iPcv0aoG1tlUcTTNOtTD2njqDxBF2nmF04uS4X9DhfRrZ7MSx7S8tezTO3M0AnXPMg6CMw00UB+OfQe9hFSnlc5pgktyj7I3ZiAZAHeuiu9Gr8PW9dg6ocLg06tjlO4PaPgR4rVOnPRjFZxWbh6h6sPyjNGXQjIdLnmvTjyY2+2tqfH44uazOwZDcEsaAA3QNIFrm9zMKKW0nK56KdIWNpvw+IMZNA8i4OrMrm7uHNYto7CbVl+GNPLr/wCxtuQgSO4rpM9XVYym6pH7NpnQj3KO/Zo0D7cM30K+VcHXZILXW1IuPe1YWl51dHgfoF0129ExrKGVmWbVeANAHmB4Ao7H4kf3n/mK94bBVakhgzERawkGby4jgsh2PXnrNyiCcxc0iwJ9lxN9O8rFmMuqaqmeHEkuJJNyTck951Xy6sf6F257D7/osuH2LUe4NaW3MScwH/FQ1VU1yyMvvA33P6K7x/RarSa576lCBuD3SeQGS5VXgNnPrPyU2gmJuQAB3lJlvzE1WSlint354iJ6xEmQWnVpPFT2bQLpzsdqbiHdbuNgRxaJVWcG9skADdIcFgZVc3SRHBXs1utkZjmEzmaDe+aHafbeASORb4rOyIu0XLZsWtPew9dxPEW46Fa/gtn1qoLqdN7wDBIA14XUlmycS0yKNRpGhAiPEFO0i9lyMkCQRIOUO3yf7YHa7nXuNJKktyZpzGQToOuABvZGUDnrcWvbV6mIq0nOY7M1xjM1wEmb3kT9brNS2hUcLNkAnQOBvr1mkE9xK12i7bKyiyDDmx1AYcSw7+s8iWdwG8ayvr6TIElkQ6A4jLJNsjhd5O6dZ3LX/wCtqb6I3WDXBhjizQnnyHBeX7Re2A6lEgjrTAE3yCOp8dybNxshpsL7v68i5LPXRG5sZMnPv3hYRQZBhzez1gwt1kyKs3B1kNk9vgFSUcVVe17mUXuYzrPcC4uaI1LwLCx3aSo7truIAhthAgm/4r9f+eKbO0bK6lSi7mFku1I9SJG4jrTMi9pLt8Lw51MEEu60Nyl2XO4g3FMi0Gfav1rxKp8A/EV3xTazNBdlLmhsWE5Xugm4uL3UfaFPE0XFlSWki2hBb9xwBgfhIhTt50bXTntkhrXFxzZmNyh8G4LzOVwv/u33UZ+La3rZmgSOs2zRIuBSJMk8QD2uSk9HdhU8UyamIqEsPWpixbm35nF2YHiAPBbLVweDwdJ72sYDBAc67nEiwzOk+7gs5cll1o20arjYHVbYZTvykj2nNcO1pbdxMKrfULp99h9TZbJT2LicQ2KGGqvJ9oMhvfndDVt/RP0VPz+sx+UtA6tJjiST99w0A4NN+O4suXHGey1ygNnn33/RvxW1dH+huJxeUMpubTmTVfIYJ+y0gZt3ZDu9dvw/RDA03NezC0Wubocgtzvv56q+AXmz59+oy1HYHQXD0GszD1jmi0iGySCXFg6rnWFyPZFrLbgEX1cLlcrugiIoCxuadxA8FkRBFLKm5zfyn9VgfRxG6oz8h/VWKINfxuyKtQQ84d44VKQd/wApWv1+gR1p/wBPSJ306bm/BpA+C39fVZbByzGejrGuEDHNaOAY/wCYdKp2+hzEg/8Ay6X5HfKV2pFZyZT1Rx6p6KMY4NBxzAGzAaxwAnXQ3Xv/AMU4rLlOMpG8hxpuLge/MuvInfLe9jjg9EGI341pHKmfqSpmC9FFRjg7+qNuAH1bZdXRO+XyOYYr0UCo7NUxNVx5OaPd1Cs2F9Fzadm4itHDOz60l0lE75fI5hX9EdJxJNetJueuz/qUN3oZp7q7/Fzf+tdbRO+XyOU4T0ZYqiC2ji2BszD2E/FsL03oJtNri5uKwxBiQWvAkCJ0MHT3LqiJ3y+RxnbHox2hXIcamFzC05qgkbgeoZhQ8P6LNpMECrhSNe3U/wCtdyX1X6mXyOJf+Ndp/awp/wDsf9WLDifRhtJwEnDW3+sf/wDgLuaK/Wz+Rxzo90E2jhvWAjDPa8CR6127MN7DMhxXnafQHadZoY5uAaAZaWF4cPEMg+IXZEUvJlbvY4fs/wBGO0qVVtRr8OC3hUfJGhBPq9DvV3j+gONxDQ3EPoZQZGR78wPIuYV1VEvJlfyOW7O9GLqLszCzNEEuqvMjuaxoWx4Lo1WYQ4DDBw0dkJd+ZzZW3os3K33RTNwuK31WeAP6LO2hiN9Rn5SrNFBDbRq73t/L+6yBj97h+X91IRB4aDvM+C9oiAiIgIiICIiAiIgIiICIiAiIgIiICIiAiIgIiICIiAiIgIiICIiAiIgIiICIiAiIg//Z" class="product_picture" alt="Curry 6 Sneaker">\n                                    </div>\n\n                                    \n                                        \n                                    \n                                        \n                                        \n                                            <div class="carousel-item">\n                                                <img src="data:image/png;base64,/9j/4AAQSkZJRgABAQAAAQABAAD/2wCEAAoHCBYWFRgVFRUYGBgaGhgaHBoZHBwYGhgZGBwaGRoZGBgcIS4lHB4rHxoYJjgmKzAxNTU1GiQ7QDs0Py40NTEBDAwMEA8QHhISHjQrJCs0NDQ0NDQ0NDQ0NDQ0NDQ0NDQ0NDQ0NDQ0NDQ0NDQ0NDQ0NDQ0NDQ0NDQ0NDQ0NDQ0NP/AABEIAMIBAwMBIgACEQEDEQH/xAAbAAABBQEBAAAAAAAAAAAAAAAEAAIDBQYBB//EADwQAAEDAgMFBAgFAwQDAAAAAAEAAhEDIQQSMQVBUWFxBiKBkRMyQqGxwdHwFFJicuEjkvEHFTOCQ6Ky/8QAGQEAAwEBAQAAAAAAAAAAAAAAAAECAwQF/8QAJhEAAgICAgIBBAMBAAAAAAAAAAECESExAxJBUSITMmFxBIGxI//aAAwDAQACEQMRAD8A34CdC4E5UISSS6kM4uri6gBJEJJFAhpXQVwpKgOrq4F0pAJZjtR2rZhu5Th9XeLlrObo1PKeqm7ZbaOGodwxUqEtZxaPaf4D3kLyGtXN73Ou8/ytIQTyyXKsI9u2BtQYmgyqBBMhw/K5pgjpv6EKwXnf+leMJNekTaGVByN2O+DPJeiSokqZSdoUpjnRqk54Fysntzb3eyN03kLKc+qs144OcqLjG7Xa2zblU9faT3e1HRVdHFNfoVO0Lz+TmlJ5PX4uCEFhWKtUcQbnzQ+GqEtuVNUQuF9oc1CbaNWkmFsruGhKPw22Hs1uFWAoLG4wM6qoSkn8SOSEGvkjfYDarKlpg8FYLyXDYt7XZ80Lcdn9vip3HWcvQhK1Utnlc3F1dx0aIpLi6tDnGpy4F1ACXCulNcgBJLiSAOhOTQnBMBJJJJAJJdC4gBLpXEkxDSuhIpBAHU17w0FxMAAkk6AC5JUdbFMYRncGz46a6Kh7TelLC1xBo1Jh7NHtOgz7jyOvNFq0mJujA9rNq/iaxffIBlYN+Ue1yJN/ILN1W9Vc7QwDmGXCW7nAe4j2SqeuyBb78100qwZXk3f+lFA58Q/cGU2+JLyfgPNekLzH/THbjGPfhn2NQhzHcXtEFh6i46HivScTUytJ4Bc89m0dGe7T7TyjIw3Oqx738URtDEF73OPG3RCOK45ytnp8UOsaH4fCPe4ikxznAFxDASYGpgK1wbiWCdUBgNovw7xUY/KRbkRwcN4stTj3MrU24ukAMxio0XAf+YdfmFlyRfW6LhydeTq9P/SreLIPDHvORdR9lX03w9w4hYx8nVPx+wqVTbQHfBVkHwqvar4IKvi+4jl+0gc66kw2Jcxwc0wQgX4ps6rra44rpo5G0z1nYe0PTUw7erJrl592L2hlqZJsV6DF1vF2jhnHrKh4XQuBJUQdTSnLhQA1JdhJAHAE4rgXXJiECnBNanBIZxJJIIASS6QlCAGFR4iuGNL3aD38gpHBY7tbttoeKDSTkGZ5ABAcdGm4kxe3FUlehN0cxmKL3FzvDkNwChbtSqxj6TWte18y13qyd8cekKlO1J9UE9GD5v8AuQoH7UcL5X77dyRGpidN2qtwtU0Z2WdZx7jMj6j6k91jQ4wLkEHUcln8fsmSTTkEWdTMtg7xDrsP6XeBRlHajw/PTeQ8ezdrx0GviCVeU9t0MXAxXcqAQ3EMAzRwqsFnM56a+qolOUHrAUecVGOY+YLS0g/qaQZB5EWW7pdu2voZK8tfEekF2P5uj1T7uii2/sJzAPSZXMdGSswyx86XPqn9LrcCsdjsC+mb6bjFj9DyV/HkjgqMnFmiq4psSCCOV5Qb8bJgLPMqZT3ZYeA0/tNlDXqVC8PiTAEt0IG6Fz/Qp50db/lNrCyXePx+SA6DOo4DitB2Q24yj6WnUJFOozUd4NeAYMbpn3BYzG4Tu53PyzFokyd2qgZiL2008NFv9OKj0ejmlNyl28npRrSJG8KvL4qDmEFsXHZ6Qk3aYK5ia0VGFeS4dZOJ7keRT41L9FnUfqq7apBYp31VX7Uf3CiD+SK5EurAnMZwTMjdxTM9gmF66rZwUi62G4tqsIPtBew0nktaeS8OwFYte0jiPivacFVmm08gtIs5+VZQe1OhQNqCE8VAqsxHyk5RioOCT6h3BFjodmSUOd3BJFhROAnALoC6qsQxJdAXcwSsDkJBdzBcLxwRYCTXvDbkgdTC66rCxfamo/08OkDK0t/aRqPGVUV2dCk6LnaW3g0ObSAe+DlcfUDviV5+/CvzOLg4uJcSbHMTqTBVmx7uPw/hS53Ddb62Gtr9VvGo6MpXIon0zoedjI4n29DfWbTxKFq/S0X3hsMPWwB5laKo8H1m8uPw3IOvTZBkAa8BqLmBMHmr7Jk0UL3DfB36kgQZN7PAEkl15IhNL3E3ubd5p/qAkwMwgF0xMagb1Y1sCD6jvBwkRNrcACYaq6owgwQbbiZ5n1riSCXOBI3JNKQ06LPAbffTY+m856TwQYAc0zvLCRkdv3X4m6Eq12va+2VmQwHagMbYnnMKvcyJLLOtpaQXEXY8XmRAHVCYiu891xgTdoAbJHGNVkodXaKTsHqXULGd4DW/uF0U/D93MHDLJAneREwPEXUVNsST08/v3qmhke0apdlbwv4/coNhKme0udPvT/Rgan5BQ027K0i87LUXO9M4EQxjXFu8jNlJHRT45/fZ1Q3ZrFBjqh/PScwcyXMJ8gCu499x1XFzR/6/0ej/ABpP6L/DLJ1RD4gZgQmmqo3VFzpUdknaK4ktOUrsqfEszCd4QTHbiuiLtHDNdXRYYC72j9QXruAxUMaANy8s7OYfPVB3NXoVJ53LaKOfkeS9p15UravNU9Oo5TBpdvVGRamtzXHYngVWjDn8yc3DmdUgDvxKSHyJIGHjELrcRKHNEpChG9MQScQFz8WEOKJXfw6QErsQm+mTPQJ7acIAjdWG9Sbe2UK9IFol7BLP1CO8zTfqOYUYphWmGqd0DhbyVweSJ6PNWMi0x17uukhxFtZtuQ2P2iyj62t4AF/g2QRvWn7W7NyE4hghjj349hx9ohokh2++vVYHFYJz35nSLCJtE6es4uy9fILar0Zp+w2ntZj7XaYtm06SSbJlR5Gmmmu7gYCrauz3bhPTvRznSFzDVnsMEF7eHDoZA8CUhhubl7ifjwTXhrrOiOYbpwj6p8tIkB0cQAfg43UD26lp98ETpIFwq0LYFWoxYkHhfebe1bOYGhEAILEURqA2bnUttrYO3brG6ticwLSd0Tc2+CDe3LM236Fo6lvebAuBoq2LQJgMU5j2PaGkscHNDxmaTMw5psbqTEF2LxOWlQp0nPnJTZ3GS1hLiJ0Jym3Egc1DWogXExfUtMcBINzEctUqFfKQZILSC1w1aRoRxUSj62WmVlRjgSCC0iQQdQRYgjcRwUDaZLsu8nf8VpqAZWqj8RVyNeXF9UsLyLEzkbBdJgeKE2nhaNOqW0cQ2u0Af1GscwCZloDjJMRfS6lpWkUmQYR4a/KOBUuLfp1QTAQc2/5KWu+Wg84PIhc/NBuSkdXByJRcWGColnQ4fZRvrwuZRs63NJZCvSIesySC3euNfKvdiYMeu/wWkYuzHkmupddn8L6NgJFzdaGjUCrqbwp6dUBb6ORuy2olEsKrWYpvEJx2g0b0hFq0pzSqcbUamP2qfZCVodF96RJUH+5P4JI7IdM1VOpJhSAqEOAXHVRxVEk0b019RR/iAAhHYwSkBYNKUoMYtu9wXDtBg9oIsAxIPIMqtftimPaQtTbLSbJdkgqzSio1wIMEEEEHQg6gjgvPe0mxjhSalMf0SSY7rfRuMABzoLnTeDodNdb7/czYgFG08cHtLXAEEEFrt4Oo6e7pquiE0zGUWjAU2ekaCT3I0v3p3jNfKbWsiH7G7jXiCw2JEnJG5wFx8la43ZbqQJpgvpi5bq9nh7bP1a8eKCo4ot7zHRPjPIjQrWSbXx2Y3nJ1+yhANI5XEeqTLX/sed/IquqsEw8FjxadDP0V9s/aFIvLXsDC8EST/TniWnQ/coXauJphwZUpVCAMvpCRnIGhaBY+JlYLklGVSQ68mYxNIt113HiPqhcQ22cWIi8O/uJBBtrv0V9itnHIXsd6SmNXNmWfubq0hUbrOI1Hu+ytU08opMEewXnhvsQJsJeyQSb66INzIJHw0PSdyPxFEtuCcp3jNbiTDhu7o5FD12eBHG2gkiS4m0gADVUUiFpj6I/YtenTrtqvZnaA8OZxDmltp3idVWtUhMdUmk1TGMrYRkWFuO8deKbh8N6zJse8DzHLyUlMd4SYEiTy3qwpbPzsfXbUosFM96m98PcCAJYwjvCXAa6pNR8jtlLVllj/AAh3XMhXFaHCLE7gdDyK0fZvYmGxDZaMr2+s12oPzC558XXK0brlclTMjhmHVW9Bz4stnT2Hh2yC5oIUlLD0JhrmqLQ3b2ZqgyodSUT+FfvJK1TcEyLAJ1LCAJdhUUeFwVt6NbhArVzANAExgvcJMYKzCDgpm4YcES0jRc9HzSAZ+CHJJP8AR/qSS+RWAF+LrO7sZea4MLWdrUKsBDlILKiLBaeGfEF5KQwnFxRbY4pOpCZugYN+CbvlQ19ntNgj4TKroHDqirFZXs2dFiJRDabGkCLqOnjGA96syeGdv1Uz8WwXcQG65iQB5pdaC7CQ0cFBinsY0ve7K0XnSOnNVm1NuMFAvpPa6XZA5pBy6Zj1A0neQsBjtpVHtDHPe9oLi0OMnvcSAJWsIN5IlKsG0wHa1jn5CS25yk8ONvVPQjqUdj8LRqDOx/o3m+ZoljzxczX/ALN8ZWPwGwyGS4w5wvvgcAtd2P2cHV2M1ayXu55YjwzFvgumLZjKK8EtHsbiXszONNhOjS50kcT3bTwPG8KuxuFxOGblqMD6e4O7zP8Aq4GW69F6xVcNT71TbW77CzLLTqXaeAPrHhuT+7Zm8HkeKx7znDD6NjxDmMJDSODhN+ar3iQrjauCNGo5jpjVroMPabyCQJIBgxvVc+mQmopaGQMeeAPEG4ITa+FmXMaC2JLbDiY7ok3jfuT3NjvD7/ypmMjvs8uBGoSKTKSowtMX5TY2tpNryuBXdbDtqggHI8mSL5XEbyBv1vzVNUpuYcrgQeaChATbVT1sO0jKQCABPXfHinUWZRJ9Yi3IHf1Pw6plZ8CBqqEGYinTOFoMa4itTfVDreux7s7JdvIMgdSgsDialF4e1/KY8s3EblCDzReFa13ce6AS0Zjo1psSY1AseKjqkh2zYbE2jRxDgx7AytEkatdGpYdecFXv+10/yhYLH4WlhiyozHUatRpEtYHyOYdccJBhbXZW03VxnBaNMzd4n5LlnBbjo2jK8Msm0osF30acCkTzUFjH051XGUgOKdnHFODgjAAFXDnNOeExtB8yHyFYloKY1kaKWgsb6A8Ul30jvylJVYDn0twMdE12HBEGU7xUPoTM5j0TEEsZAgJ0lRhy7nQAJj9pspDvk+AlZssrYw53S2jJDWgxmgwb9bTrMxCP7Z1suGeQLyyTyzD+EV2fqh9CgynbO2mwHgXAAnwuVSxG1smWwdmyMI1sPosBAvm7zvMmVnPwzWVmVGBuVr3k0Hy6mw+rTiSQ5x1O4TA0la7beX0jgxoa1hLWj9gNyd5JEyszk3HoeUktMcRmgro4odlbZjKXoDqYdrnucGtbncXENAa3M6ToOcjlZSUsK0aQJtMCRmgtN+Yc1FAb/tpJF+UPGh4p7QLGLXMAEjWXN0Ise8DOnULo6pLBnbYc7QCIFgPp7j5LVdhaffqv4NYN/tFx1P7QslXffz3xuI++fVa3sGe5VP6mC36WkmJ/csS3o1dWP8qsxtafV7x4+yOrvojawG+/W/u05+aAxVYGwueAvHU6BUkZMz/aGqKdEOewPY0hr2lstyu0dlvEHeIIF5WbOyaVVufDPF//ABvIIPJlQ/B39y2uIw4c1zXgOa9pa4RIykXF9288YC8odhX4TEPZJgG36mn1Sedo4SHJSdZKir0F4jCuY4tewscNWuEGDvHEcDoh/UMiCNCPry5rZYav6WmBUYKrI/7Mne0i4PRA4vs/ILsO41BvYf8AkHIDR46QeSLTHoojTDhmZPlcdeabLXANqtzAGbza99ExzHMcS0XFnNIuDzB3+8Kdr2VBIsd4tr9OaQ0V2OwhZLwS9s6xe97gKpJm5+/ctEKb2niPcfBQ4jBseZHcdqYFjxt1RZRShdBUmIwrmHvCBuIuD4jToVEFQiQtDvWAMcVY4DHvpOBYYI8iOBG8KtpqQOTpMLZ6LsnbrKwAJDH/AJSbH9p39FbELyhpV7srtE+nDX99nP1h0PyK558PlGseT2bvKOC6ELhsW17QWzMTBtAPJOBf+Uea5ng02ESkSoWh2+F0MPFAySUlHlP5ikmAi8cVwvHFIMC6AjIHPSjn5KOtimsY57gQ1rS49GiSpS4ASfNYztF2izzSpXabOd+biG8G81UIOTJlJJFHjdr1sSSahLWOPdpNsCN2Y6n70Wl7MP8ARtDwWtLHB02DW5II5R3isiGRfV3w6K92DUa9jmP9XMCY4W98NK6nFRjRg3bNY54f3pme9mBmSbzKrcTheAgknTR02Mbmu06kKz2pRZRqvpMEMYQGiSe6WhwubmxQL64IgpRlhNCaKYvgx7VxF5JIuALu7wI4XPJRureOlyBf8p7xJIMEHcIC7tQ+1v8AVOpn8pgC5uXa6tKrfSWJiBBmzW2IuL3u2COui17WhUXb6knxG6eG4b939q13+neIzNrtkyHMdfg4O+i8+ZXloIO7ceFvO/3CvewW0smLNMkRVa5vHvMGZpnoHjxWaZTWD0+sAdb9TbhoOfxQleoA2SQ1o4wABz3D+CubTdU9G/0WU1Mrsmb1c0b/AI+CyTOzlWoc+OxLn7/R0zDBvuYDRruB6qzKiTE7edUeGYVhqBpl7w3MwRplmx4z5TuA7V4QVaTaoHebY/OR92HNadlNjGZGMDGD2RbxPE8SUBVaDmYdHA2kWPIc+MahNq1QJ07Mv2cxcAsJ0048/mtJlB7wMHiN/Ub1i4NKsIgXj6ffTiVqG43g2y45XF2jpjTVBWLp06wjEM72gqsMPHCXH1hyd4FZzavZqrTmow52C+dgOZo/WzVvUSOauDinbgPFPw2Lew5mmL6Tbw4Ko8vsUuP0Y+jtDdUE/qEQeZt8FPUpNddpHgQtVjMHhsT67fR1DfOwBsni9vqv62PMLM7S7O4jDy9hzsFy9hNm8Xt1aOcEc1qnZmAOe5tjp5/JCVsKxxlhyE3j2fAAWRIxx0e09b/WCkWMd6rr8P8AKf6Cyqq0Xs1bI/M27es7vFRNrhW/ont0PvUFZjXeuwTxAg+afZjwDMdKma5MODGrHkcnCR5/5SZhapIDWtcbAZXC5Nt8FWpCo2+zn/02Hfkb8ArnAVS94ZNzpO8i8dSgaOw8SGtb6KMrWi7mN0AEwXWVrsXY72PbVrOaAwyGtOYlw0zOFgPFZSipDUqHlyShrVJeTJglxFrarmc8yuTFnSTyEkP6R35SkgDvpW8QuCs3imtotHshSZRwCWQMv2z2nkY2m0xnku/a2LeJPuWOoujXr9Arvt+/+uwGw9GIsYPeM/L3LMHENG8k9PquvixFGMlbCnVZvpH2fkjdlYjK88CP/nX/ANS7zVI7FcPff+PckzFEFrpmDMfLysqcrQlE9P2ziM9KhXmSWeif++kS2TzLTPgs2XvluZ8RJ3HwICI2HjBVo1MNMlw9LT/ewQ5vVzI8iqGrXcTA8+H8Lni6teh0WuLxEgiYkRO8HVp8/iso+oTqT97gFYPrGILpPEe7cgn1IcSN9/MgrRSCg7AYju5TuMX4G+iIoY59Kq2o2zmuDwB3Qe9PkQIKrKFTvEboPud/KfiX96fH3IsdHv1HFNexr2GWvaHA9RIKHqn7PuB8Zb0cFhv9PO0Ay/hXmCJNMk6g3cwdLkdTwWyrP++fDoR71tGVmEo0zpf97/8AOviDxCFqNJkCeIjMQDqCYMDqd28rjqvj93Mb+DgL2BCZiHiA4xYyCchHUOf3Z5gg8RKsg847Q41v4mo0WLSPe0H5oqjtj1RfQKg7UQcbXLTIz89QACPAyPBQ4ZzxdpI63+a4pu2dUVSNpTx83lTNxnNZNlV8XJJTjiXqCzWfjBGoUo2sQ3Lmlt5DgHAjeCHAiDv4rEvxT+nVDvxT+aabWgaT2bzA0sFULg9gYYgBj3MaZtIYZiORi+iZiux7TehXbybUGU+Dmgg/2tXntTEu4qXDbZrs9So8DhMjyNlop+zNx9Gqf2fxzNKZeOLHsfPOA6fgu09j4t1jhnjrlZ73OVNh+2OJbqGv/wCpafMKzw/bPEn/AMDz0k/EK1NE9WXOF7H1n/8AI5lMcpqO8md3/wBlotl7Gw2GOdvfqDR7yO6eLGOADTzueaydPb+LcRlwjyOJytPvHzRwxWNcBFJrJ/NUI9zZT7xF1kax+0d836s+TSVR7Z7SBgiczuEkwOJkADyVc7ZuLqevWawbwyXH+530UmF7NMYZJLp1c4yfJRPmxSKjxZtkWH7R5tGX6284V1hsWHjgeBQbtjsDTkhrpBLgPOyhw/pGuJyF9hBBM+I/hcblJSzo6MFznSUQzHcfFJaWIkBSJUbXciE4k6fYTApe0OyG4loDwQWyWubq3jbeDa3JYXG9lsSw91he3cW6+LTce9eoPc7cWjqCfchK2Ic0ElzTbQNifekpSTwDSZ5UdkYjfQqeLSPih6+Gez12Ob+5pHvW+xuIe72mzrYFo03E2jchKQa9hNSIdYDSw6HQ/JEeVti6oyez8c6m5rmmC0hzTwIMjw+RKP2piWPfnZbP3nMv3He0Ad4m4VhUwmHb6tKfBzlVY2g9x7lJzR438Fe3ZNAT6qGdVuiXbPqn2HDwK63Y9U+wfIqrCiClU7w8fep3PmFIzYVY6MKk/wBjxG5kosKB2VS0hzSQQZBFiCN4W/2F2xbUaGYghj9A82a8czo13u+WHGw8T+Qqan2axLrZI6qlKiZRs9QfixqTI47uRMeq79QVPtvtAKYOUy9w7okg/ueWOAI5ws9gOz2Lbb0pY3gCTA5DcrTDdlGzme5zydSSfj5JvlxglcWcmawGEc9xJMky4k6kkySVfUdiHefIK7o7CpN0m3BzvhOikdsZoByZwYsZcbWEDMsbZrRWs2CIuT8/JEUtgsBk3njfyTXMcx0Oe8G896YjW3grnAEObN7GJMcFmppuh1RWt2Cw7h5KRvZ6jvYD4SrxjEmsI+/ktKAqGdn6G9jfIblLT2JREdweU+KtTpwXWj7/AJQMCp7Ppt0Y0eARApAezClP3olH392QA0AJwPFOHu1vpKbu+/mgBC/FAY9z2iWugbzBJtusrCJ0XHNjp77/ABSkrVAUFDFd8PfFxxMjllNhxhWFPabD3WhzidzQfom4jZ0klrWXBBDm6zumDF+XwULcJUYJbDTaTm7trzEX3rJKSwh4Ye2rV3UXeJH0SUTS/wDKfP8AlJXX5Yh7nxdDVcZYxAOlyNOQ1Kle/QHjxGnGSVESxxcQ4QIgC5sNCNfdu8UpyekCBmUqjz65YLTAv4eCkZstjdXvcdTJHyhHUqTBY3PMmd3knupskHI2Y1iT5pxXsLAW7OoiIa0nnc9JK67D0xNgY4Cfhv5KwbTB0HXT7KeAqoAH8Kzc0f2n37kw0BpkJjgAJ5XIVnk3ffkutb52RQFZSwhIMsDeWYE+YUjMKLd0AcrkI/KlcfYRQALsKBpl8ifLTdZPOGGkAdPoiw3708kizw8OCKAE/CDieluuoCd+FZOh13k+4eKnIjlCc5nMeadAD/hWX7reNxO/onimBoB4J2XgosSwlpgkcwJjzBRVAOdUjfG6PHgNVE/FjlMTBgaX6oB+XOSQ50C2RuWBxJPQ74PAqfZzWAF49ozJABM36/5WalJsKA65e+DTaTJNy0kW4TrJnf5qfCYasHAudlEkkWObmANFYDEtmwnyUb9oMEzDY5gW6I6q7bAIjknQhXbQbFgTzuR5Qm08Y6LNJiJlrvdKvsgoMhIHhogfT1zYU7c4+EJjhXMd1o4976I7BRZlyQJ+7ID0VU6hgHLMb/LrKaMC8i9S/ACfC5St+goPc8f5gfNNNdvHyv8AAIQ4B8/8pjoI3cVK7Cz7TvDu8tBuRbA7+NbcSTEaA213xfRc/GAGMrupgAT1Ka3AsH5j1cdeKeMMzewGJibp5A4MVeI3qJ2M6aTqOMDmp20WD2WzusNfknBsDQf4RkAI453D3BJHek/SknQAdcd49EDtJ5BABIHdsLb0klL2BYUPVZ0d/wDQRD2AEQALLqSlghDRv3wU7NAkkrWhIc7f98Ej9PkuJJjHv1++SYNUkkAIb+ia3XzSSQAyjvT0kkCY1v0T8SO6PH4BJJAylq/IfBMpON77ikksR+Q/BUWlkloJzG5AJ80XhqTZ9Ua8BwSSWqEdOnmuO0SSTAQ3Lo0HikkgBjtPvkpD8h80kkgOsULkkkwHU0w6pJIA6/d4LjvmPikkgBySSSAP/9k=" class="product_picture" alt="Curry 6 Sneaker">\n                                            </div>\n\n                                        \n                                    \n                                        \n                                        \n                                            <div class="carousel-item">\n                                                <img src="data:image/png;base64,/9j/4AAQSkZJRgABAQAAAQABAAD/2wCEAAoHCBESEhgSERIYEhgRGBgZGBIaEhoYGRIcGBkaGRkYGBocIy4mHB4rHxoYJzonLS8xNTU1GiQ7QDs0Py40NTEBDAwMEA8QHhISHzYrJSs3NDQ0NDc3Nj8xNTQ0ND82NDY0NDQxNDE0NDE0NDExNTQ0NDQxMTE0NDQ0NDQ0NDQ1NP/AABEIAOEA4QMBIgACEQEDEQH/xAAcAAACAgMBAQAAAAAAAAAAAAAAAQIGBAUHAwj/xABFEAACAQIEAwQGBwYFAQkAAAABAgADEQQSITEFQVEGYXGBEyIyQpGxBxRSkqHB0WJygtLh8BUjU7Lx4hY1RFSDk6Kjw//EABkBAQEBAQEBAAAAAAAAAAAAAAABAgMEBf/EACgRAQEAAgICAgIBAwUAAAAAAAABAhEDEiExBEETUQUicfEUYaGx8P/aAAwDAQACEQMRAD8AvYEkBACSgK0lCOArRx2hAIQjgKOO0cBWjjhAUcIQCEIQCEIQCEIQFCOECEJOKBCEnIwFEY4WgRhHaECIjgI4BaOEIDtCO0cBWkoQgEIRwFCOEAhHCAoRwgKEcIChHCBGEcIChHFAUI4QIRScRECMIQgICOMQgElCEAjhCAQjhAIRwgEI4QCEI4ChHCAoRwgKEcUBQjhAUUlFAjCOEBSJkoQI2jjhAhJQjkBCEJQRwhAI4RwCEI4CjhCAQhCAQhCAQhCAQhCAQhCAoRwgRhHCBGKSigKEcIChCEAjhCARwhAkR6pIFzcAAmw8SbTzR73BGVl3W99DsynmPlD0lmAOz2Xwb3fjqPMSGIOXK/2Dr+62jeQ0b+GcLcpbd+vr/Ye8IQE7ghCSgRhJRGAVGCrmdgoPM/3oPGORNQNdD7ovbqrafO48xPHCIVUpe4Q2U88h1QHw1X+Gccc8u3n1vX9qMiEjCdhKRkoQIwkoQIwkpGAQhCAopKKAoQhAjHCEDF4njkw9F6z+zTUsQLXPQC+lybDzlTwf0k4JmtWWphwQCGZMym/L1bnztbTebDt6L4anTOoq4mgjDqM2Yg/dmrxuIQNkdFdWBuCoPlrOPLzTCzb2/F+JeeWy60uHD+JUMSubD1UqrzKOGt3G2x8Zpe1fayngbIFz1HGYJeyqtyAzHfcHQdDtKNxPhDYZvrvDmNJ01KL7LDmCvTu220G8r/avj4x9ZcRlyH0SKycgy3LW6rmY2nTDOZTccebgy4ctZN+/bDHYprCsKa/YSmoG+mpu34zMxXaXGM7P9Yy59GpqgZLWsdHvvztbcznNHFtTcMvgQOhtt3zaLxFCMwde+7hfwOs11m9uDoPCu29am4GI/wA6mbAkKqultNCLBvA/GdAweKp1qa1KbB0cXDD5EciOk4Pi1r06VOv6MtSxObI4yspKkgqTe6tpexANr9DL79GT1iSVemUcN6SiHOeiyn1HK21VlB1HgdRJuSTX9hecZxGhRt6aslO+2eoq3+JmSjhgGUgg6gg3B8DOYcV4ZhsXxDGVKgcik1NLZyozKgD2y629UW8T1nh/gZoj0mAxFXDMNbLULIf3lPtD+7Gc8ubHHLrXr4/hcueHfHTrBErXaztSmBCoqekq1BdaeawVb2zud7XvYDex2tMHsV2vbFM2ExaqmIpi4Kiy1wPeUHZhzHmLagVL6XV9HjKVQmwqUQPNHe/+8TrLt5csbjdVl4Xt7jDVV3p0XVb+oqsjWYEEZyx9XY7e6JtMP9Ilj/m4bWxByVNDzG66EH5mctw+MynMnrciDzH6z3bFg+6wPS2v4G34zNwxqO8cG41QxiZ6L3ItmQ6PTv8AaHTv2M2M4vgcHjEC4vB1Fr5Apc02PpMNf2hVpkBso5kBgRedd4ViXq0Ud1UFhujh6b/t03HtIdxex6xMpbqUZgjkZKaBCEIBCEIBIyUIEYQhAUI4QIRxQgU/t3igauDw9/Wev6QjuRSov/E4+ErXGqpFQfsXv+BHzEwvpVxzLxCmaTnNRpLfKdabl3a1/tWyG3h1lYqdpcRUN6oWoeZKWJ23y2HITzc/DlnZY+n8D5eHDLMt+V14NxEscj7Ppbu75zrHspqv6P2c7ZeemY2PwmfU7QOVZUUIWFs1zcX006GahJeDiyw3s/kPlYc2ph517r0VCZJKIJta5PK1yZ70KRbc5RJisfYw63J3c7fHnPS+YsPZjiS4cnC4n/Mw2KI9LR39ByFZG91lNif1E9OJLW4diytEtnosGSooyhkazKxJNiCLZl15zRonoxkDZmbV36dw6d3/ABJh/sjMb630Hmecx0/q39X3B0XDcQp18TialOw9OtCoyWIyt6NUqKL72ZRqNPWHWaijxEoco5XHjrKxguIvSqCojhSOQUm19CGHMHpPWvxVAxLoUzEkMoupvrsdR4azx8/BlbLj5fc/j/m8eGHTO6/6bTjVOolSnjMMDnoMGAG9gdQbbg6jwM9fpT4nRxtHB4mgwIPplZb+tTNqbZWHIjXxvMXh3aDDUxdnJ1vqpPltKz2lx+HrVs2GQout76BmJ1YL7o2/Gdfj3OTWUef+Rx4bZyYZS2+5GqoNlMzExRvYC5OwHOYRM90OQX3Zth0npfMbnAYmpSqrUpOy1h7DI2XIOrHmvcQQdrS44TtM1HF0a+HdRTxQT65hNRTpuWy1KiXFgT7YIN977yhUFKIWJu1QgXv8vDX4TIRzyF7fh5TNwlu0fRqMGAZWDA6hgbhhyII3ElOOdju174NxTrMXoMdVsSad/eTz3XnqRrv17DYhKiLUpsHRxdWGxE0PWOEIBCOEBQjhAjCOECEJKEDylZ+kDi74XBN6IkVK7CmjA2KXVmZgeRyq1u8iWgic8+lvEWpUKd7Fnd/uJl//AEgUccK9Ld6dSniGIuwVylW5Gt1a6sfE6zEFNQ2UkDqCmVkO1mGxsd7ATBzPocuc8iAQV8xcD4zHZiGJIN73IJ135n4zM393bpncbJqav/CeKQE5rWuOlp5Uwo1PKZuFqUDf0ueyqSAliXboSdh/SeAwTPTV8y5WYqVB9YEa6jkP6dZd+dM9bZuFSVqmp0Qcubf0matQU1uALnRR+fhYXkmwVSkqVHBRG0ViLZtCdNb2sL3taY1RXLtdGzJpkKlcg6tfa4/C0ssvouNnuPVF+OtybanS/lIVairbO9tPZG5/P8JBsO59tsoPJdue7b9J74fDKDZFF+unxPO0rJ4dy3sU7DmW087C89q+IZhkQDKNGc2I8AOfjykHbMxpUtbe2+1u4Hr38vGbDD4BE1NiR7h0XTu/M9JFkaKtggBqvmGLL8dLedphNhgDL1SZLW9QKdMpANuo5aTUcQwmHFS4LKpB9RVzksNcqesDb42ja6V8Iqi5nphaDMc7D2r5YvqlRkWofYZiLgg6ryt4fKbA3RQSrKGF1upGYDmv2uW3WJYXGz3EHN6lgNEFvPQknu2+MBVVfV9o/ZH5nlMagGYaGwJuz9SdSB+vdMhKdhYfgd9t+/vlZeyB20BVB+yt7eZ/SbLhfHsXhGH1Wu5CE5kcg0XN9QUA35XFrdZriSoCD2n1J+wNvL/npMmlWo0xlC52AGgW9v4Rc90Dt3ZrjtPHURUQZHX1alIm5pt0vzU7g8x0IIG4nDOD9pHwlT0lNHS4symm2Rx0a4GnTpOqdnu12CxoUU6qrUbeizWe4Fzl+0O8SGm/hCEAhCEAhCEBQjhA87Tlv0tupxGHQG5Sm7Mv2Q7KFPdfI3MbTovGeJ08JQevVNlQXtfVydFQd5NhOCcd42+MxDV6oF2sAo0CKt8qjqBc+ZJhZdVi5xsRc9SA3889WRSMrXUEjT2cvTRiBsSb5SdTMdUF7r6wO6GZFgozL7N9RoCt9wQoAt3knkLTNjrMpfFa2tSZPa0J79rbg9DtoddRIKSJsqihkK8xYr3bActje2wB0NiSJrypBIIsRoR0ll2xlNUVq1R7Z3ZrbXctl8LnSbV+L16mtQZ/UCFiACRYjlzsd5rEFzMpG1/KXUTd1rbe8IOHfSoGBF827W7goIv/AMzFFE4ipVpYX1cgzDMCruotmyrvmGul+XWZvDqARbtu256d2k9mp+tcWXvy6j+K8l3+yWerGswvD66epTpejHNnYAtf925P4TKThFVtXqnwRB16m52mejuugfNzs1j3eU2IxoyaIqP9s0w9tOSlwL77g8otWSfau1sHTp29Zy2+tQ2HltPChQU3qPXak50CKLhVGwOm/M2PObKrw8VKvpamJq1D6oZcigWHug5rKN9rbzKGBwg9mgrHq5znxOYH8IiWT6VXEYUO/q1EYndlUqx8Uubn4GeeN+sqy1XqMxpEFWZWGTKQRluLch8JeBUAFlsg6KuX+/hPOoUYWJJvpbe/6xdUls9VRMRxN6jtUYKS5u1hYXtvbv1mfh+KoKTqKd2ZbKQ2UISDdjbc+Ok2OK7L03a9Jmpg+6QGHkLgieNPsnUW5FRTfqhH5mNeNHa9to4Cph6lG1ZWWqjauGIFdSTYEj2ct+Vtud9NthRQAsmRbe7YeWosZqx2fqBgoqIzHZFZrnuAA1MzH7M42muY0aluoUP8QPWEniLllvXqNmcG2Q1BlVV99nCJcd7EA+UrFSpTaoS1Ueo1w6HXNfQo2hABtqNTM+nUvYOVfLoMyXI7hc6T3o06S+siIpPNUUE9dbRDLVk0tvA+3vowqYovVQ6Gr6NhUpd7aWqJ+0PXGxDe0eh4XFU6qh6VRKisLhkcMD8JxYhPtH4ie1HBqtRKoOV0YMjggMpBuLEa+XOaZsdphKjh+2q5R6Sib82RxYnuDbeF5lL2zw3OnVH8KH5NCLJCV4dscFzZ18aZ/K89Kfa7h7G31hV/eV0/FhaBvITC/wAZwf8A5mj/AO8n6wgct+lbiD1cUuGQlkw6gso+29yTbmQhUd1z1nPVoOzZQpJ6W1mfxHHvUxFSqxuajuxv+0xNvhNnwSsWbML3fS4XMbDu8ZjPLpjalaX6jXXXIfiL/AGSp1WBuDlYfjbkQflL7h8O9Q5VykjcMjJ8xaeeN7MtUuQikjXMjq2W3UX1E8mPzcd6yXGZVRrjTKNAdUtbLfcKD1799jcR1KYcAE2K+9rtcaHnoTpfUXsbArMrH8OdGswseTbhx3HrMIDruOR+H6/GeuavmNy68Vig2O4NjuDoe8TOwBF8x2X58p41kLanRvtbX/e6nvjpKVWx79tZtmt4mJBF7+HdPdMSLXlfV2HI6dxkvSt3/CRY361weflA17m19uW95o0d+QJ8rxGq45fHT5wbWH6yAJH6yOZmjTENbV1FtufwtGtdftFu4C3hY8/C0G25fFCZmDx639HSpmo5GoVCzN32GvlNj2d4BTIFTFU/SM1itM5mCd7BbAk6aEkD5W2k9OmuSmi0x9hQE/8AhTFz5mccufHHwzbtocLw/FtYuiYcHb0hGY+CLc38QJlvwqkNa1R6ncSKKHy9ozOq1G21F+WlMH7t3MxDQa9xpfmFCk+LPdjOOXyLfSarIw1SnSFqFMUwd8lOxPi7+1F9ea+/xa5+A0mMcKTuL+N3/Fz+U9qeFb+7fkJi8mzrVW7dYYApiUFjUOR9LZ2tdGPeQGF+5ZVUxBtL323pBcGc9/bS1t73P5X1nPUekNw+/IgafDf+7T1cOW8Woy0xJBve1pL60ebfjLbwrszhTTVqqM7kXa9QgKbMcvq2Glu/nLFhuD4an7FBFPX0Yv7w3IueW9hGXPjiztzrDelqaojuOqoxA8x5zaUuD41t09GOruBbrcC56cukvhe23iP938wvt0mLWudv76X15jTxFzOV+VPqHlWBwTIP82uT1VFttuLm97a6W5GelIUqdjTpgH7ZOZuhIZr28NJn4nDk/wBe7a/QjTXoO+eAwpH67E+PIyfmuXumqX1x+/4L+scPqncPuj9YSdzSlN2erNiWoMPRsLkltjY2OXrLFhODVaS5TSSou+oJOnQgzo3aTgRZjWpJnv7aAXa/207+oHjKsuKtorkW0sdbd2sx8q8lup6bxm75eGHx3o1yNSZQQdnJI6kZvLwtPNcVSUHIahZtBcgC3dlPrHxmRWxDWuSrdxFpjNSzjNZBfkSNfEbGfOnFlvdj043GR5Oabgq4BB3B1/vx06zScR7P5vWpHN0F9R+o27x3zdPhT0H3wfhfUSSVHX3B90HlbcfPeerjzzwvhMuuSg1qT0zZh+Ex3N+U6Ji6dKr7VModdbXvrpe+81p4LYkoEYa21A6mxv8Aw+Gp7p78Pkyz+rw43D9KaqvyBE96eGrNsG0/Dx6S40eGsuuVL6jVU1sbWcDQ82uLHYW3mwo4SoLZbqL2uigvTAts1tb9402HWMvkYz7bx4d+6pdPgeIcgZWu217+t4dett/CZH/Z9wLubeJ+Y3HLX2dd5bk4diH0KsQT66H1UdRyyNcKN/ZsSdT0mZR7OJr6V73N7KTmAHu5zrl7hpOd+T+m/wAeE91RafBixCoPSZtsuoYA2JB2I21NhLRwPs0tG1SoAX5bWT90nUnv+Fudpp0qVMEIoF9TYbna55k+M8qtdEudB5gf1nPLnyy8Ri4y+kUojmL+OZh+NhMummlth42/BbCV/EcfCH3T/GPzBmuxHasj2Qo7y5P5Tl0yyZ6yLqqKP6afKReqi9Jzup2mrMbBlt1uflEnE6lQ+1fuEv4svtudZ6X4YxCbLr+XnM3DsD3yn8HVqmoqLZTY2YaEctJs6+HrOCoqikhFiFF2brdzyPcB5R1Xw0/bniKVmXD0wXWmS7sNiwBWwtqQoLXI2JGuhmq4HwBncVXTKiaqCRd2Gx0Hsgi9xe/kZaKXBcOhuzZ+didCddW5sbG2p10uJLH8Wp0CqkAKR7VwLWsNPI38p2nJrHriz+KW+GZhMMQdT+u7jc68+QE2QT9fPQj+zNRS4xRKB1cFW1DAi393ExcT2qoILekF+VtbThljllWOiwsg/vxuDr8J5Oi8/h+XhKBiu2hBNqoPcVGnhaxmvPaXEVmyo2b9lVJJ8ADLODJqYyOi161JNWYfGa9+IIxsm3XlNLwzs3xLEkMaLop95/UHjZtT5Ay88E7EpT9bEsKrckUsFB6k6E/ATrjwUuUjQekHUfhCdD/wrD/6CfcX9ITf+nv7Z7T9POtwii24fyqOPzmvxPZLCVNWD36+k1+JF5YIT13GX25qfW7AYRgR6WuoPIVF/NZ4j6PaAXKuKxA/ipn5rLrHaZ/Hj+l3VDf6Ok93GVR4oh+QEx6n0dVPcxzDxpA/Izodo7R+PH9HauZN2C4gvsYym/c1N1+RMS9neMU9kpVR+zVsfgwE6daFpLxYVe1czbD8SUWfAuRzytTYH4NMJsZxGkbf4dWK8ytM5tNtrg/GdajmL8fBe7j9ftLilH/d+J86VpqMX2sx/u4J1/eB+Vp3eBETgw/9/lOz5wxXaPib+4V8FmqrYvHOfWLGfUJpqd1B8hINhaZ3pof4BNTjk9SL2fLfo659oOfBwPymZhqdMG9ShWfrbEqgP/1E/jPpU8OoHekn3BIHheH/ANFPuCa607RwnCYzALvwt2PU46p/Jb8JnGtw2pq2Brof2cYWt4XWdo/wvD/6SfcEkOHURtTX7snS/s7Rx3DYTAA3pjH0ifsvTcHxDLrNvR4dRcericWn7+GQ/wC1p09cJTG1NfhJCgg90fCT8e/Z2c2Xso1T2OJOt+TYM/zzyxX0Z4mqLHiVx0+qD+edRCAbADyjmpx4z6TtXHD9DtflxAeHoWHyeRH0O4gf+MQ+NNv6zssJdJ2rl2B7AcRoJ6NMZRy3vY0v+mbTB8A41SFkxtIDoEyj4BJfbRWjrF2q1HBcYHtYqk38J/lmbRo8SHtVqR/9M/pN5CNJtq/R43/UpfcP6wm0hLo2UIrwvKhwihAccjHAcIo4BHFCA44oQHCKOARxQgEIRQHCK8IDihCAQihAcULxQHCKEBwivCBC8Irx3gOF4rwgOORvC8CUJGO8CV4SN47wHeO8jeF4EoSN4XgShIwvAlCRvCBK8LyMIEoorwvAcLxXivAcLxXivAleK8V4XgO8IrwgRjEIQCEIQHCEIBCEIBCEIDiMIQHCEIBCEIBHCEBQhCAQhCAoQhAIQhADFCEBQhCB/9k=" class="product_picture" alt="Curry 6 Sneaker">\n                                            </div>\n\n                                        \n                                    \n                                        \n                                        \n                                            <div class="carousel-item">\n                                                <img src="data:image/png;base64,/9j/4AAQSkZJRgABAQAAAQABAAD/2wCEAAkGBxITEhUSExIVFhUXFxUXFxYVFRYXFhgXGBcWFxcYFxkYHSggGh0lHRcXITEhJSkrLi4uGB8zODMtNygtLisBCgoKDg0OGhAQGi0lHyYvLS0tLS0tLS0tLS0tLS0tLS0tLS0tLS0tLS0tLS0tLS0tLS0tLSstLS0tLS0tLS0tLf/AABEIAOEA4QMBIgACEQEDEQH/xAAcAAABBQEBAQAAAAAAAAAAAAAAAwQFBgcCAQj/xABIEAACAQIDBAYHBQYEAwkBAAABAgADEQQSIQUxQVEGYXGBkaEHEyIyUrHwFEJywdEjM2KCkuEkorLCJUNjFlNUc4OU0tPxFf/EABkBAAIDAQAAAAAAAAAAAAAAAAABAgMEBf/EACwRAAICAQMDAwMDBQAAAAAAAAABAhEDBCExEkFREyIyYZGhQlKxFDNxgdH/2gAMAwEAAhEDEQA/AL2PSzsb/wAWf/b4n/6pYNk9JMLiUFSjVzKdxyVF8mUGfITVcs330SG+CQ8xG1RFM077bT+LyP6T37YnxeR/SRQWegSNkiU+1pz8j+k9+1Jz8jIxVkf0i21SwdBq9U6DRVHvMx3KvgewAmFgWP7UnPyM9+0rz8jPnrbHTDauLBeklWlR4GmGRLddTe3DXdv0kVg621R+0TF1FbkatRhv45rg98jLIo8lkMU5/FH0z9pTn5GH2lOfkZn/AKPOldTGI1HEKExNIAtb3aiHQVF4DXQjgbc7S42jTsg006Y/+0pz8jD7SvPyMYWgY7EP/tSc/Iw+0pz8jGFoAQsCQFdefkZ0Ko5xioiqwAdZxOrxBYqpjA6hCEACEIQAIQhAAhCEACEIQAIQhAD4gZrz6N9ECf4Cn+ET5vn0t6IU/wCH0vwiN8CLoFnQE7CzvLIDEgJlfpmptUq4emb5Ajt3swB77KPGazlmSekvaXrMX6kgKKIyg65mzqjk792oG7vkMkumNluDF6kqIatjGYBSxCXHsi/YBYdg0kzsvIw9kg9ViCO0EXkFTo5gFDMvWNCe/hHODzLXNvZzELa+m4n7x37z3TnyfVu3udiMenZcFi2WyU8ZQdSuYNkYKRfLU9gg24XKtbmomm5ZlHRnDNTr087s/wC2UgG3FhbKfoTXMs16b40c7WqppiWWFooUnmWaaMZxaGWd5Z5aFCPLTtZ4J0IAdrFFiYnYjGKiE8E9gAQhCABCEIAEIQgAQhCABCEIAfDs+nPRIv8AgKX4RPmOfUfonX/AUfwr8o2IuKid5Z0FnoEgM4yTP/SN0SD58chAYIq1BY6gEAMLcQLb+U0W0YbepBsNXB3GlU/0GRnHqVFmKbhJNGC7Lx6lc1xpvBO4jXwjiniqjPmJAvuIyjs1N5UtobMZjenfNxXnzt+k62XtepSGQrcgWCsu498xemquJ1VncZVJGodGa7VKtJH9m1Snr7IO+43acLaTWrTHvRN0axFbEDaOIBWmoPqlOmdrFMwXgqjMOs+M2TLNWCHSjn6rL6k7RzaFp1aFpeZTi08IncIAJ2gBO7QtAAAnQngnUBnQnUSeoFFyYg+N4AeP6RqLfAm6HkJGtiX5+Qnq45hvAI6tDJ+mxdSJGESoV1cXU9vMdsVlfBIIQhAAhCEACEIQA+HxPqf0VL/w+j+BflPlafV3osX/AIfR/AvyjYqLcBOrToCQXSnbyYekbMA593UeV/0MiySTbpEpjcR6tC+R3t91ACx7ASBM/wCkfTpK9GrQwyvmHs1RUUo6DiCh1Fx46ysY/F4it+0p1qlGoNUdalQ6jdmzk5geIOkksBSO1aRqqVw+0sKQj8UYH7rje1F7XHFTe17aqLhli1F7lrxywyTmtivYXZWY5hw3SaoYRVUkqM1jrx7pxhdsU6DHD4ymcLW1/eD9k3NqdX3SuvEyarUxlvcW016jxnLyYp43UjpQyxyK0X3o9RyYaiv/AE1J7SMx8yZI2me9AulDmpi8NUJqDD+rZLauEZTmTrsymw/iA4S97Px1OtTWrScOjbmHmOog6EHUGdWK9qORL5MXtC06hGI5Kzy07hAVCRELRQieWgBxEMZihTHMnQD64RzKritoK7tUYgKNFv8ADz798txY+t78Ck6RImqTqTc/W6KowyntB/KQy4pm9xDb4m0H6ntAIkhgzb2WBYsDroF0G4i99eevdLppJbEIilTEqNL68hqe4DUzjOx3LbrY28hc+Np5SyqLKoA5AADwE7NSCTA5FRkIcb/vDgeY/vJrD1w6hl3H6tIJmiuya+R8l/Zfd1N/f5yOWNqxxZOwhCZiwIQhAAhCEAPh82n1l6MV/wCH0PwL8p8pLhmJsBcngJ9a+j2iUwNEEWIRb+EbEHTrbRw9EKhs9QkA8gN58wO8zKhmqPmclj1/LqEt3pJxAbEol/cpi/aST8rSt0V1nN1E25V2OvpcajBPuyXwtBSBpG2ArfZtq4dhouJR6DjcCRY0z25sg7I5wVSQfSmrfF4BV94VlbTf+8pW+Rl2g3zV5T/gr1n9pmuY3B0MRT9XWpLVQ70qIG1/m3HrmPdMsLU2XUajSZ/s1dXagLkmlVGhQE/dBZWtx06ydyUSO2rg6FQBK9OlUW+6qiMov1OLXM3qS/UrXg5abXDKT6P8Dh8Lhkqe1nxC03qVSCwLOoYIWA0ALHf8V9STGW2nfB4oYrCVstLENlrIrBkFYi9OoybhnsVJ0ucvEy/0aNKmq0kVFQg2RQuUKLAAKNLAACZn6Q9v0VDYZaYPuFsgCkZHVlsQOa6dkqyTtu+5fjirWxfthdMVdG+0DIyjVlBKMOrker6Hlf0g4RTbLVbrCr+bTIdt9Mg+UUkCoBe1iPZ58ydfGw5xts9/WLnAKG50PuntH56HTfMubLLFFd/qbNPp8eZu9vobpszplg6xCipkY/dqDL4HcfGT4MwHDoPaFVHFgvui9t99Lai1rEddwJYMB0mxOHpKtOp6yiGU5veZEv7S67hre3CxHHSGLVSupr7E8+gS3xv7mvzyNNl44VkzDTgRyO/8we+PJtTtWjmNNOmR23a2Si54myj+Y2PleV0KmhtqNQeX1rJLphWstJObE/0i3+6RBa03YI+0pm9xYVzFsPibMO2MqlTT6+uERNe2t/r6+cukrRBMli1iRyNp5WxSoLsQB1xvtBauYGmqm41zMVsee43EMJhFU5nPrKg47kT8I4HxOvKZ+rbYsoUTPU1N6dPmdHbsH3e/XqE9r01VbouUjUG+pINwT+p1ndStrvufIdg4RriH0Mai+4r8FuwlcOiuPvAHx4RaQnRPEZqJXijEdx9ofM+Em5kkqdFiCEIRDCEIQAy/of6LaeHOarZmHGaTQoBFyjQCLARptmvkw9Z/hpufBTECW5j+18X66vUqfExI7L6eVpzhxcxgj6x7h21nIbt2d7pqNIW2vjhhqLVW4WAHNjoBIz0b4GrjsaMZV/d0iFTkW10HUoLEn4ivXZ50j2E+MFNM2WlTPrKhHvHSyhR3tqd3XL30MwqU6arTUKqiwA4D8+d+udbRqMMbl3f8HK1c2309kWPamOFKkzm1wGygmwZgpYC/DcdZnfSvpCtJ87kB1suYqTdgc3qxTVlNQrcX9pFF1zFmAC3jbtcLQqMUVyq3VWAINQ6UxqOLlR3zEdqbNfE08TilYsmGdKa6XzrmbO9+BJPrW66jTRGMb9zpf9MfbYkq/Tynnpj2ABSFP9xVWygggEis9jcaGzW1tvlJxGLNbEVnL3Jc2N7jL90bhcDsB7DH/R/ZVDEVSlQVSwVnAR6aKyqoIW7i5YsbWBG/eLSDOFajXZWBUgBip33t7QI4WYMO6UauMY3CN2vJq0j96bJv1CGwqLY6WYaDqs3DsM8OFqUQdS1MkM24XO5s33r6La3O86wNRRdrjKQBbhfUkkczcSSTDaew+XUGx1XQgi3Fd3WOqcnr6JU+Pwdn01NdS58rkl8Ji67LmVjm0DJVW4vYG1wAeq+vZDAYtHZvYajVB9oW9g6ka20INjrFKD4tlD5guYZvaKFSDuIsQbeB6oth2qAe1UpHX7oI0Nt92N/KC7jltRP9GtsGjXpgtZHIVxe41uFI6gfCagJi2UHfa3VNW6NYo1cNSqN7xWxPMqSpPfa82aWb3izm67Gk1JEN01a1Sh2VPmkjfWafXXJHp4LGg3W4/wBB/IysHFnRFUs53KPmx4DfqZ2cLXQjlS5H2JxCqLsbCJ4OmzkVKn7OkCCA2hY8L33Dq3me4XA5DnqkPUGoX7if36zrysJ1WxetybnyH4Rw+fbJW58cC2jyS2IxYKqysCCT7SkHdwBHXGpxPKRzVrox5OrHvBW/kvlO6VSEIUqBux2tQwqvExUEY4vFSTQiwdCq/wC1qpzVW8Db85cJnfQWsTim60I/3flNEmHL82XR4CEISskEIQgARht+nmw1dedKoP8AKY/kf0hq5cLXblSqH/IYnwOPKMHWpu7pKYDUiQ1Myd2ahtoNZyJbHeLJ0bxA9aabD94pseBtw8jJ/YOHNOo1M7hqOyUrAVW9XRrj3qdQq/bm07po62YCou+06und44v6HEz/ADYx6RC+GqNwWpRc/hp1qbN3WUzPtk4N6eGxFIEA0/VtewILZajVGC2Oe1iANCQg7JqYwqvSakwurqysOYYEHyMouy6CBqhes2ZkYVFFM6gE1PWBgbZHUVMv4ivvKRI6qfTC/wDBHElZRaeFwudmegBmBBUg1KQIckZVDq6kBXU5XsfVkBfaUGH6T4Cs1Zq7NTcklg9MEKwzEMuVtRY7r6EG4Lb5ZcfiNm4eoyOa9R1YqVVAgUqcpAvlItlpi4Y/uUO8XK5x2FxaPQoYdqbBSwaxykhTlUn1jWJy2AtuU66RSc2uvpdeWWQaTW5TsEvs2sbcbX//AGSOFKrxbvDbuW6R6Vymts3Uf14TxOkS3t6p79RBHibTC4OV0daGRR5J5CDoF8RYDx18JDYyr6msnqRdz7y6gMDvJAOnV2cYpSx1WroqhBzOp/T5y7dC+gpq3q1mIW181gWJJ3DMCNwuSQd4A42lixuL2I580XHc42BhK2JqCmiAH73JBxJPVymyYDCLSprTXcoAH69++QvQyhSSk/qwADUcBrC7hTlBJHYZYptxRSVruczPklJ0+xW+ntEnDBx9x1J7DdP9wlV2cwpJYWFySWBu7X56acuO4bpo20MIKtJ6TbnUr2XG/u3zIwzKzU30ZCVI6wbflN+nqWzMk9tyUr4u+g0H1vje8QQxZTNtFFi1NbhxzQnvUhvyM8SpOqT2N+ojxFo0Zrd3GQrdjsXr4iwkZisTEcRirm0f7JwBcCo3ujVR8RG4nqG/rkJzUUSirJXoMCMUgI1yuW6iV3dwA85pcz3ohT/xnYj/AJD85oUwSduzQEIQkQCEIQAa/bFz5byN6bC+BxA/g17Li/ledPsC7ZvWv5Rl6QKpTAVBzypftYSuT2ZPGrkjH9mqpbXTXdLRsNR9oppzDkdVlt8yJV9np7Usux6TNWRlOq5tOPtDTzXznJyS2Z2Z/Ek+jlEetrUWHsVCbdTC+nz8JaMEWp/s23SAq0GpV/WD3Wc68Lgy0iorgGdHQO9PC/Bx8/zY8UXFrkXG8bx2Si4/o42HRRmqVAGy06i6PRo+wrNUqG+a6qq+ry+r4lbC4vVMaCc1WtNjqqZQuTHto7Kp1amIrNkc0qwp1GOGqEsxrNQzWXEhL5lJPsjQg21tLR0W2RarRdVc0mT1inIiopZFfKadFQlNhce0zOxvbNqQbfRwNMsSaaAtvsouRmLe1pr7TM3aSeMkEQKNABrfQW1O8yNqtidmEdOtjfZsTVpgWViHT8D6jwOZe6QGD2ZrYjjczdemPRQY1KbqQKqXAvuZfhJG7XUdp5yjUuimJFVab0itzbNvX+oaHSYZY2n9Do480XHd7nfRLoz6y1RrBL2AP3iOf8N9PozUaVIBbGx05WHdyEhtlUXzFKbj1NNfV+0oIeoLZioFrKo0OpuT1GSL0mPvvcDgoyg9upJmrFFJbGTNNye4tQACgKAFGgAFhbqAjoYuw1ke9bWNaleWMrSLDRrBhcdkz/0i7LNOouLUey9kqdTAWVu8C3cOcs+xsRaoVP3hp2j+1/CR/TLaqFWwx91l9rd3W6wRftElBuMrRCS7FGpVhpFfWyKwVS91O8Gx+vAx6q/X19aTpRlasytUOlqRvja1hPSON4zxl7RiEMFSLvfKGA1ILFQeq4BtfslrG2EAs9Nqf8WjJ4rqB2gDSV7BUyEHM3PnaPqAPOUzxqW7LYyon9guExVNwbhja41BDCw18JoUynA+ySBpYh16jfW3fY9t5pWycZ62ktTncHtBIPymKcel0Xp2rHkIQkACEIQAoh9LGzswVWqNcgX9Ww36cRHPpIrBsCrDcalP8585bKf9qn41/wBQn0Z04o32WT8PqW7s6g+TSqfxZZifvRmGz/fMk8JWdaoZL3ykC2utwR8rSFwlSz9su3RfD0zh8TVdS1sgW28EBibeInMli9RdJ1ck+mNkpgukFAU0p1veNwUCliD123b5NYXFUSPZVz2KfzlB2Tg7Vqea18zN2aFgJpWEpFdDyG7w5TboJSeOnwtjl6hRUthehVuNKb6cDYfMzitUPFSO6/mLxzmg3bNzMy5EqbrwI8YoLyA6dYZ6uEZFptUBb20QnMyBW0FiD72SL9G8AaWEpJUX2lW2t72ucubW98tuPVIFnaycpPlBvuH1aM6rBzc3BsQCCdA2+3C/XPVcrre68RbUdY/T6KjuuXMd2+41FufZHS7jQzSkKSKqD2FAA5gDnz7euAa+vhF3FxdSLduncYxbaaI/qiMpO462vxW/AxoDzEOBf63SNqVobVruhuuV1N7qxykdSsB8wbSJbHoTqWpn+NTb+pLjlwG+FDJijV13265XelOCrFg4GYX3ggacbgmPqWJ+F0P/AKlP82vHFfFNltp/Wh+RhdA1Zn2KqilWtcajWx8+75X5SYpPmEg+lF75hluNR7SnuIvu4d8U6O44MAL6bxrfQ8+sWIPWpmjT5d+llOSG1k2qzn1d4q2v19fQhTXX6+uc2mcUo09AOU7W8e0MHmGm+AodViN4O8SBNHmzaJNXqs1/C8uXRjEAA0TvBJHZx8/nIHZeHIu/cPzP5eM8r4hqbB13rr2jiO8TDmdyNEFsX2EZbI2gteklVbjMNQbXB4g2649lIwhCEAPjXZrkYikP+og/zCfWO08J63A1KfxUWA7cpt52nylsqgftVH/zaf8ArE+v8Mv7NR/CPlFWwJ0z5ypVfaBmhbHBGziw+87tpxsQv+2UAYcgjqmmdHaYbAqn8Tg97FvkwnLm+mEmvB1su6REbLbNiUv/AN8PBVsB2ay44faVQ4v1S5Cmaz6HOtqZqEk3txpAC3xG/KqYDDlaga33qhHaZbNkbJprWfFAtncAEEjLfKFuNL3sBxm3QxrDfm3+Tm5mvUJ1vdv/ABfnOqi6984ZxlG/fynnriQTlNh2XmooUQQ7j2/PSeUjaysew8D+hif2pBa+YX5qfO26dNZhcEEcxYxFiR7VqWPtJccxrbtG/wALxGmR71Mgqd4HA8SOR5j84qX9nmRx7PlwkXWuTmQ5X58CNbBhxHnyjA82hTKe3SOU8Vt7B7Rz65GYismJUpqlRdbfeQ8CPiF/q8f0doK5NNxlcAkoeK/Eh4r1HdeVDbrCnVGViDcZKliFJJIy57Zc3VE2lyNKyXcuVyvo3PgSPvDqPLhfWQj1+BkzgNoGoDTrIUqDeDoG/iXkeyRWOVRXVbkK5ChzbLn+BiPdY20vYHSx3iPrS5DpvgYVUU8I2rUUG8CWapsrJ72+McfgqeUtkzELcKLZibaWNu6NsSRR9t1UAIFr/LtkZ0PxNqhp8jcfhbf4MB/WZIY6s1vZwFVT1jIJB4Co6YhHekKdzl33JvwPfl8JXCXuTJyjsalTGgnZ5Rth6l1EWUHjOunsYGPMLi8slA9OoNd/AgkEd4+Ur5nqVyNxiasaZZ6VWomhUVFG4pZHHVlNlPaCvZCtkqg+rPtLqUYFXHarWPfuMhKO1yN8eDHK9id41Ug2KnqPD85nngvgtjkJXojj7OaR6h3H3e3iPCXGZxSfLVWoN5upsba+8DbrK27+6aJSfMoYcQD46zJKLTpl13udwhCREfKux8H/AIqjp/zU/wBQn1LQHsAdQmB7D2WftNI23OD3DWbVRxeYamCBIy59gVfWMqU3bKzAEKbHKSL33S39GNmV6asrplBIYXIvmFxuHPTwlrpsOE9dL7pS9NB8ml6iTVEKmwt12AsSdBffJOjhFVcu8df9p3mnQaXQgoRUVwjO93bPAltxPYbkfqIwxtOu/soTTG/MHS+7dZla47RJG85LRtXsNOiK2XVxatlxC0SutqlNyD1Apl39mkc16SE5rEH4luG8t/fHDGN6jQjGlQN2MsalZyFR6djvc+92ZLWbS+tx2SPwfR77PUFRcRVUA/uhb1Z0OmUDTutuktUf6+u2GJe6X7/CJwT5GpNDHaCJVBDKdxsw9l160Yaq3YZHLsDCml6uorvce2zNZnPFmKEC5Oulo7ep9eH6RBqh+vrqk3FMjYvi0otT9U1PMoXKA5ubAWGpuSdN51kd/wDw8JbK1BWH8ZLX7b7++d1a4AuTYDn1Df5SGxm0mYELotuYuRz7PrXcFKkNWyT2ttW91UjQakXsBc2t19fh1V6uSNAxF76WBsd5PME8gR1zxmJbKASxsAALknqG8nr36cJJJspFAasbnhTU6D8TDeepePEyvdsnsinbUxTbgQf6ybf1fXZKftfFMCCRuII3jUG/GahtB9CFUKvJQAPLf3yobXo3BBhQmy07OxF6atuFgeq1pIJXDD2WB7CDILoq6vhkB3rp3obC447hJutSV9WpC/xUzr4GxHcTOlGUqToyNKwZoizT0UDup1gT8FQHN4Gzd8Tquy/vEKj4gbr38RJrImQcGeM8XoMVFzEqSA6zmvUkhcD1cad/Ig94Ok1HYNfPh6TXvdflp+UxvPwmkejjH58MaZ303I/lb2h55h3TLqI7WXY32LZCEJkLTH3PqmA3aXvLBsrad9CYw6T4GyLUA3Gx7D/cecgaWLyzZjhGcEVSk4yNMpYmO0rzPsBty3GTmH20p5SEtPJcEllTLO7XiSVpFLtdOLW6z/aK1sx9pCpBtuZfHU9fzlTi1yTTT4JX1kTNSRiVqg+55qfzizVm+E+I/WIY5qVfr67IizxIser+peznEqjG+9f6hz/sIAduZzRbQg/V/wC94m9VR7zr/KC36Rs+Mpg73PYAPnf6vABGobaHs/KM8XjFQZie7ieNhHNStTJuKbH8Tn/baIsATcUKV+ZQMfFo2BX6uLNUkLdtNFUFuu5ABv8AWkc0dk1Tq9qanixu3coN/EjyktVrMNC38q6fKV7am3kS6j2m5A6D8TflKpdMd5Mmm3siWRqVEH1e+1mqPa9uQ4AdQ85BbS6RU1vYFz4DxMr2P2hUqH2teQ9oAdgA84wKX1YHTU2LcbgDXiT5C8zT1D4jsWxxfuH2J6UNf92tu03iGIxa1Ezrx3g7weIkaaF9WAVdSd/gLned042ZUsxQ7nGnIMN3lceEWHK+r3MMkFWxPdE63vp15vHQ/LzlnWqRKVsCm7YtUpjMclUkfwohc2/o85cAbidnBLajn5FuLtWDCzAMORFx5z1SR7hJ5oxupHIX1Xu8DGhgtS0vaTK02hZkCEqu42ZepWF7d27ujZxFaz3VT8JKnsOq+dxEKjcZGPA3yJu2kuXorc+trjgUQ94Y2+ZlKqGaH6LMCVp1ax++Qg7EuT5tbulWd+0nj5L1CEJhLyJbZyuCjrdWFiOqUfb/AEMr0rvRBq0+Q/eAfh+9/Lr1TQcbj0pC5BlWx3T9VJVaVyPiNpZjyShwRlFSM+QqeOo0I4g8QYsGI4yR6Q9KMPWuauHpZvjUMtT+tWBPYZSMX0lp0z7Icjk1r+IAmyGqi+Sl4n2LR9raOMHtN6e7VeKnd3cpTqPTLDH3iy9qn8pOYPadGoLo6sOoiWOUJ7EKlEuWDxdOr7ujfCd/dz7o+WkDKQaojuhtZ10zZhya5873meWD9pdHL5LZ6gTr1Y5iVN9svwK+F4m21q3BkH8h/wDlKHGa/SyxOL7luZF5ieZElQfadf8A71B2L+pjSptCr97EHuCiR9/7X+CXt8l2q4lFG4fzECQO0+k1NBYHMeSfmxlXxeNp73qE/ibSR52ujG1Km1Q8qaNU+QMi4ZX4X+wUofVj3H7crVbgAqvwrpftO8/WkYCk/wAMfYfZW06v7vZ+ItzZVpj/ADkSUodB9st/yKafjrrf/KplEtKpO5T/AAWLPXESvNhXPxeLQGAIGvmZbqPoy2q3vVcKnY9Rvkgiy+iLHH39oUh1LRY/NhD+kx95Mf8AUS8FFr0AB90SGxJCkNmuQQR230msD0LE+/jqh/AiL87xWl6HKKG4eqx5lx+QlscWKPC+5W8k3yyH9EeAXD1HxuJNnZClKmfeCsQWdx90mwAG+1775IbTo01qsKRvTJJX+G/3T2cOqTuE6E+rFsrHrJJ+ci9ubIampIFrdUthkcXZW42iLdYjaQ1XpCKelRT+IC4/WeL0owx/5i95t85sjli+5Q4Mnaa3uvxC3829T4jziB3SEq9LKA1FQE8La68N0aN0kaqdBvOptYdwkXkinySUW0WvZmz2xFUU10+JuCrxJ/TjNo2ZhUpUkp0xZVFh+p6yde+ZV0KxNMAa79T2zVdnVAV0mXJkc2WxjQ6hCErJCOIwqPowvK7tXoVQrdRlohADLcf6KWa+SuP5hIHFeiDFcGpN3kTcIQA+e6/ocxvwUz2VB+kZt6HNoA3WmAeYqLefSEIAfOtL0ZbaX3WPfVRv9RMeUvR7t3nS/man+Rm/QklOS7i6UYXS9HO2zvqYYdrN+UdL6J9pPb1mNop+AMfmo+c2qEfqS8h0rwZNhfQ9V/5m0ntySko8yTJXC+h/BD97WxVXqNXIPBAPnNEhE5N9wpFYwPo+2ZSsVwdIkfeqA1D4uTLDhsJTpiyIiDkqhR5RaEiMIQhAAhCEACEIQAJy6A6EA9ovOoQAjcTsDCVPfw1Fu2mv6RhU6D7NO/BUP6BLDCAFa/7AbL/8FR/p/vFU6E7OG7CUh/LLBCAEZh+j+FT3KCL2CSKUwNAAOydQgAQhCABCEIAEIQgAQhCABCEIAEIQgAQhCABCEIAEIQgAQhCABCEIAEIQgAQhCABCEIAEIQgAQhCAH//Z" class="product_picture" alt="Curry 6 Sneaker">\n                                            </div>\n\n                                        \n                                    \n                                </div>\n                            </a>\n\n                            <button class="next_pic" type="button">\n                                <span class="carousel-control-next-icon" aria-hidden="true"></span>\n                            </button>\n                        </div>\n\n                        <a href="/products/4+1">\n                            <div class="product_info_div">\n                                <span class="product_name_span">\n                                    Curry 6 Sneaker\n                                    <span>\n                                        ($27.30)\n                                    </span>\n                                </span>\n                                <button class="purchase_product">&dollar; Purchase</button>\n                            </div>\n                        </a>\n                    </div>\n                \n                \n            \n                \n                \n                    <div class="each_product_div">\n                        <div id="carouselExampleControls" class="carousel slide product_picture_div" data-bs-ride="carousel">\n                            <button class="prev_pic" type="button">\n                                <span class="carousel-control-prev-icon" aria-hidden="true"></span>\n                            </button>\n\n                            <a href="/products/8+1" class="slide_show_pictures_link_tag">\n                                <div class="carousel-inner product_pictures_slideshow_div">\n                                    <div class="carousel-item active">\n                                        <img src="data:image/png;base64,/9j/4AAQSkZJRgABAQAAAQABAAD/2wCEAAoHCBQUFBgUEhUYGBgYGRgYGBgZGBkZGBgYGhkaGRkYGBobIS0kGx0rHxgYJTclKi4xNDQ0GiM6PzoyPi0zNDEBCwsLEA8QHxISHzEjIyozMzM0MTMxMzM1MzM1MzMzMzM1MzUzMzEzMzMzMzUzMzMzMzMzMzMzMzMzPDMxMzMzM//AABEIAKgBLAMBIgACEQEDEQH/xAAcAAABBQEBAQAAAAAAAAAAAAAGAQIDBAUABwj/xABFEAACAQIDBAQKCAUDBAMBAAABAhEAAwQSIQUxQVEGImFxBxMyUoGRobGy0TNCU3JzksHSFBUkYvAXgqIjQ+HxNGPCFv/EABoBAAIDAQEAAAAAAAAAAAAAAAABAgMEBQb/xAAtEQACAgEDBAIABgIDAQAAAAAAAQIRAwQSIRMxQVEFIhQyYXGBkUKhI8HRFf/aAAwDAQACEQMRAD8ALumnS2/g76W7SW2VrYclwxMlmHBhp1RWAPCPi/s7P5X/AH13hSH9Wn4K/G9BwWpJEG+QyPhHxf2dn8r/AL6b/qRi/s7P5X/fQiBTStOhWwxHhHxf2dn8r/vrL6Q+EjFGzct5bS+MVlzKHDKGEErLb9awG0E0NbaxOcwOFJoE2ZFyozTmplRJnUlLSUDOrf6KrkvLeKK+RgwVwSpI1GYAiRMH0ViW7ZYgDjRjgMMLaAVJIjJ0H3+pWL+ys/lf99Vto9PsVdtXLTW7OV7boYV5hlKmJbfrQmRSXPJPcfdTojuYIPvj0VCG099SXic0DfUeUL2n2f8AmokkczgU5r4PCo1Xsp4SgZwva6A0pvk8KWKWKYDPGNyq7s3A3rxItKWjfuA9ZquEFEuCu3MPatMpgFpIjeDun0TWnTYVklT7IzajLKEfrVvtZr9CsZjdnNdKWPpMinOrEShaCuVh5/uokfwl4wGDasgjgVf99La2hJObQaAcYod6REF1KjgR2nWRPtrTn0ShFyMGl+SeWahJVYQf6n4z7Kx+V/30h8J+M+ysflf99A9c1YNqOruYb/6oYz7Kx+V/30h8KOM+ysflf99A9NNG1BuYcnwpYz7Kx+V/313+qWM+ysflf99AlNNPYg3MO/8AVPGfZWPyv++kPhVxn2Vj8r/voFIpho2INzDw+FXG/Z4f8tz99N/1Wxv2eH/K/wC+gNqbRsQbmHv+rGN+yw/5bn76afCzjfssP+W5++gI000bEG5h4/hbxoBPisPu825++vZsJdLW0Y72VWMbtQDXyxd3HuNfUuzPobf3E+EVGaSHFnm3hPH9Wn4I+N6DgKM/CcP6pPwl+N6EFWnFcCl3EimlamiuKUUIoY6Qhigm+7TrRrtW6Etmgm9ck1CQ4kJNJSmkqJM6uNdNOVCxgamgDW6P4XM+Y7hRRFU9kYXxdsTvq+aujHgrk7ZERXGlikNOiIK7Qwpts07iZB7KpKk0SbdTqA9tYSrVUlTLIvgjy04ClpKCQhrqcFpygUAIBzo0xtoGzZSZ+iiO0/I0GomYxRDs0E3baMxJ0MyYhVJA37uFbtFkUZNNd+DBrINpSuttsJ7pg6VmbUubl9P6D9a0xabfw/zhWNtM/wDUPojlu4V09dKsdezj/HQUs1+lZTrqWkNcWj0VjTSGnGm06ENNNNONNNFAJSEUppDRQDGppp5NMNFAMNIaU0hooaIru49x91fUmzfobf4afCK+W7u49xr6k2b9Da/DT4RVWVdiUTzrwlj+qT8JfjehICi/wkD+qT8JfjehMCrIRuKIyfIkUpFQ49ytskb6G9k7cbPluUNpOmCVkvSbEgDLzoVY0VbUwy3nnlWcdi8jWWeSO4vhjlVmLXRWtc2K41FUrmBuLqRQpJg4NFWK29h5V1YVj5Y30T4RV8WFUSTV+GCk+SjLJxRtKwIkUhpuHTKoFPatGwgmRmmmlamOwAk6AUbR2Vdq281s9kGhwUQYjFW2RlDrOU6TWACBWbJSZZEaFmuC1pYfZF99FtsN28HjWlY6IX21YR6RVDyRXkujilLwDhrg4o9wHQy2NbhnsHzNEWD6PYa3qLS6ay2seuo9ZeEWfh2u7PJsLvnt/wA99E/RfBlne4RooyjiJOvuHtqjtK+tzEXHTQFzkIiMoAVSB3A+uirYJQWBl1zFiTxmePo0rq6CG6ab8cnE+Vy7MLS8ui44B1Eg8uEchWZtfZjx41dRAnie/ThWvYQE8t3Ke+pcrFvFsRl1kaQV9FdfNFTi4s8/pc0sU1JfsA9NIq7tHBtbcgrAJOXdqJqnXHcKdHq4zUopoaRSEU40hpbSVjDTacaaaNoWNpDSmkajaFjDTTTjTDRtCxppDSmkNG0ZHd3HuNfUezfobf4afCK+W7u49xr6k2b9Db/DT4RVGdVROJ5/4Rh/Up+EvxvQqFos8In/AMlPwl+N6Fa0YY/RFU/zFXGAZDNef31AuemirpDtDKMqnWg26+YzWXO05Ui3GqQVWYKiDUtlaF8FjWQ6nSiCxti3GprFKDs2wmq5Nq1aBGtVMWiKNYqpd6QWwsLqaHsZjHuGSdOVOONsJ5IrtyOx+VrgCUS7JwuUa0H2LmVweRo02ViA6yK6mkjHa15OZqHJyXouMKYxqVqjetfTIWQtVTaAm2/dVxhUbWi4KqJJB0qM8TcWNSoFb9vMk8RqKm2XZ8m42sEGDu0NWb2Ea0xRomAdORFR4DRGXzSfVvFcnPGSVPhmvBJS5XK8HqmHE6g74PsqybcVVwi9VPur7hV1ddKw0dNPgW2mutCfTHpKuVsPZbsdxxHFB+p9FXemW1fE2hbttDvppvVOJ/SvOL9tM652OU72O/QAmFkcwK0YoeWZM2T/ABROl8GdJ3QRoRznnVzCbTewxa0cyk6o246bxyMR31m2rduZhgJidfZJFSvfZiERMi7l0LM0mJLAa9wMD364TlF3F0zDPHGacZK0GuF27YcKS2UtMKYkMNCpqvjek1lWhCXIU9YAZZX6vV9OtCWFxAAZGQNm0LagiDqF17/1mkw2Ha8SisVCsVBjqgEaBgOJy+yt/wCMySaSSs5q+MwRtu6LN/aJxDPnaXK9U7gIMwB3D21Ls7EG4gZt40PbHGob+x7lkDxijLIAuLMgzAB3b55cKfsqAkDgxkcjNVQjLfUu/k3xcNlwqvFFw0004001q6RGxppppxpppdMdjTTWpxprUdMLGGmGnmmGjphY00ynmmmjphZHc3HuNfUmzfobX4afCK+XLm49xr6j2b9Da/DT4RWLWRpIuxO7ALwgrOJSPsl+N6FsYmS2x4xRn05EYhD/APWPiahTaFkvbYDfBojkexRRGS+zPLMViGdiSeJqowqxftFGKsIIJqJhWR9y5dhkVLbw5O6uwygsAd1FVi0kDKtadPp+rfNGbPqOlXFg/Y2eSYM1BiLeQleVF6254Co8VstHBJ3gVql8e6+rM0fkI39kBjLyog6N4tV6p31RxlhbawNZqjYJUhp41jxN458m6VTjweg1G1R4K5mtgzwqRq76hZjciNqu7ESbh7vVqJqk1VcZdKoYnrdXTt51XqcX/E+a4JY39kO6X30e+rJl8gKQCDBUxrHHX2ViYYqGYayxUVDcEHup76AOsndoOc6VwssupbqjVhi8aSuz1TxqIgZ2CgASSYGlDm1emY1TDCY0Lkaf7Rx76EMRirt6PHOco3JNQu+4AdgUVmjjS7mqeZvhE2IxD3GLuSzHeSdaQNO8TH+DvqK3bzCeuexVLR3k6VZ/gXH/AG7+u45AfUI1q9Qk1wjM5xvlk/8AEBkZcgLakNEmcpAEHhMT7I41WfMqlhBPlKQAu9pygcMuXfxmkdGQxMHzXQ2zu5mRwrkcZ0W7KKZzMAG7AVg68d3Omk7oLVWOwbqLkOsplGnFdd68u7j7aith08YyAjrRMRqIYdxgH20QYnDWjcFqxbzBUUiGAa5vZ8zN5Jy6zwg8wKxcKVzOIYIzMQCwY9UHjEHiJ9+4zlFwd32ZXCSmu3jszWO1mxVlbTwslDmLaEllWd4jRmMa7vTRPtDYNu4ueyAjroY3PpMN27te2gHB3znIQCAIbcAeyDv3Lp2USbM6QG0ot3ASFAhgRmiOIOh75rZp80XJvI+XXP7GDU4JwSeFcK+P3KLggkHQjQioyaffxyXGZ8ygs2iz1uwkRxppFdXGozVxdlibrngaTTTTiKaan0SW8aTTSacRTGo6It41qaac1MNPoBvENNNKRXEUdAW8juHQ9xr6i2b9Da/DT4RXy840PdX1Fs36G1+GnwiuT8nj27f5NWnd2CPTdZvJ2IPiasFErU6d3SuJT8MfE1Y1nFDjWaOnn01NK0xua3NFPHdHLV0yyiedZj9ArZ3Fh6aLLbg7jU4M1S0vJLlAHd8Hw3pcYeo09ejN+2IBDR6DR2q08VPHkcHcSGTGpqmecPhntnrqR7qQPIgV6K9pG0ZRWVi+jVt9bfVPZ8q349YnxLg5+XRNcxdnnW08OI3VgX8LG6i3b+zrll4bUcCKwGNZ86jOVovwOUFTF2NtM2zkbdRQtwMJB0oNu2BV3Z2NZOq2orXotTt+k/4f/pZlipfaIRsKy9rPoq+dPoPA1p4RxcKqmrMQAO01W6UbPW3ijaRi4QIjNyuHrED1itHyWWMMO3yyOnTlK/RgTWxsPZHjSGcsEJOVUXNcuEbwi7gObtoJ41j3NCf830Y4K4FsoucwyISisEvXd8KzMepbHJdTqa4OCKk+S/PNxVLyDG08I1q5lcoCZOVWzlBOiuQInundVro3sZcQWd5yp9Ub3jWBxAj303a+M1FsYdbIkMdMzMOHXaWI36yZoj6KoTb6jZSGJJO7SIzdmUe3ui/DjjLLXhFGfLKOG+zfk0rWJtqCtoZY0ZSQNPJDZfRHDhrrVjxlxTmXK1sgRkEMDxkMSD7O3tXEYW25JZeso6yqMwns9vCdOyo8NdtrKWtc29GMsQDvCHeInj6IrrV4OPd8kCsl7qXrZK/VZlnQ7wTrB07PdVDaXRBQo/h2VGO8O0o88ANTMmtzESi5j9ZoJiMi7ogaluXb7H2xBTOv/UysUzAllBABzkbtSOOuUcRrVlxxlw0WYss4cp0vR5VcvvbLL5BAI0JMyYIJ5ET6gKkw1xLSeMchnuBgqgAhetGZ/TJAE7tdDFFWytj4jDO5u2fGBgQxlSu+QQCwEnd6d1NHRTx6ZmVbDKzFQoLBgxB1ExlEgAKOJ36Vz3pp8Nc/ozqrVY+U/wC/f/YO4plW0gQWszFmJ1L6gQCdAOGmvPjUBZ8jMSNN5Agw2mXXgDyqxjNiPabMCjgEDMskayBmQ9YSVbUCOqarePgFSdGiYOZCBBHcJAOvKqMu7dyqNGPbt+rs6xYLHOTlJUTuO5RPcTE9lWC+UjK7QBqGlgdJ00BmobClSGtnu3MO8A8aZfUqq3DmJJzAyCDlOrHTn7jRjyyg7i6JSju7muDIDDUESD2GmkVl2MVd0yTkIEhgoUfd0EEcx7qsJeZZLkEbyBpl13A8a7mn+ThKlNU/fgyTwNdiyRTSKdbuKwlTPvpYrswUZLdHlGZtp0yIimkVKVpCtS2C3ERFJFSxSZaNhKyJ10PdX0/sz6G39xPhFfMjroa+mtnfQ2/uJ8Irg/ORpQ/k2aV3YB+EH/5KfhD4moWor6fj+oT8MfE1CxWrNHkisEUyvLCTk2h6XmG41ZTaTDfVEg0wzVs8eGfdEY749mbSbUHGrFvHqeNDTE0wlhumss9Dhl+VtFqyyXdBtYYNVnLFBGG2jctniRW9h9voyw2h7awZdJOHblFqmpfoZW2CHuEHWhzG7HRtV0NEOPUElgd9ZjPFZW5Rfok4pgvidluvbVJrLDeDRa9wVLs3ZxxN1baDyt581eJprKytw9F/wZbE0bGXNy5ltg7tPLf9PXQnj75ZnuE9drmf8wLe/SvcbeDS2gs2wFRUyADtETXim1tlXrVwrctOIGUsEJDRoGUgQdQD6ahmk5UW40kZWPSTnG46+g6j9R3irdvbC6M+GtXGAADNnEhRCyFIBiBXYbZuIuHItm43IhGIE8zEFT3+2tG30BxzmRbW2DvzuNPyyT6pqMJSj2HKMZdzA2jjWvMGYKMohVUQqiSdJM7zVrY2PCXFz+TuOpGh46UV2PBfdbV8Ui8wqM3tLCuueC1xquLQ/etMPaHNTjOSlu8kXCLjt8E6XG0NtyWBE5hmDDlmEb+c8Bx36d6+igvGUqDmIElQRvAHq3cKpbP6JYyyuVmS4imRlaDlG8EOsxpwNUbly8l3MpOXireSVAEARoG17d3fXZx5FONr+vRwsuJwk4v+/Zq4TFW7dkOTlVmgBjqSSdYPk6yYHLQDSpXuXLals3jWckIsZVCxJnKIJ7TVS4yOwbeEgxoQIzEkjj5WvcJ3VFhtsBzDMVVsyiCwZYG8kHiZIjjz4SfHcglfKV+zROHW4FXEIDlIYTHW7DxmRrz0qLEuPGFmxGRhuWOrABiM4HbqNDNOvowVUVpG8uQWJP1SSI3ab44dtPFvOoW7GaSARqCusyrcY0PfpEwHToLXl8CX7tu4GyKzkeUgyrmB5ZhrvPHnx34y4TCOxnC5Y3nMwgSesMuhOvzqxaa2tyRYcOC0OYgkyGLBDp7z2mrlrFteBFtyjrqUKCSCSJ1ExIJ0O/1mDUZfmSZat0V9bS9g1juiD5i+GYlSdNNe3MQNY079d1Q2Ojt4mLlt1MxIYBd+pEWmXXgCR20T28Nivr5GU9Vg+ZQV4yCW9UCrBwtu2rOjME00XM4Gv1VEj1VTLS477F0dXkSq7Adeh98scxKrvlRm48lA5VetdDV8q5edlHAo6NwnQgn2US4e4h0e4zqdwdAj6kwQdD6hw76m8WLcOLt0IRPF05zxIPDX0ULTY1zQPV5XxdfwY+zejOGQyAXPIuMwn+1STS4nYCOT4pih8x9/t60ajgd9a/j0vKAtxGbnklCYgA6HKZ5EGakhwMhRX1H0bkMoMQQjk6RPGO+tWLJLF+Thf6KnOTf2dsCsVsy6hOZCQOK9YemN3piqUUf3FhBIbLE6oyld2h8WQef1T7KqHA2bo0RHI3wwDnuKlST95a6GP5Bf5r+hqXsCorooiv8AR8RmVynY6kD0MQARu76zsVse/bnqZgOKSeR3RPHlWyGqwy7MknZmuuhr6W2d9Db+4nwivmd3ImRumvpjZ30Nv7ifCK4fz0k1Cv1N+kTVgL4QGjEJ+GPiehgNRL4Ql/qU/CHxvQwLdYcGSsaRqcLY8Gly1yW6tW7a8jUpZ0hdMq5KcLZ7KvpZXlUyWV5VTLWUNYzNGGY8BTxs5jvArYtIvKrJyxVT1k/BLpoF7uAK7jWVjVcfVolxGSTM1AfF8ZNYcuolPhstjBJcARezHsr0jwdYEW7Butq9xiAeSLoB65NYt/C2HGqnvFFPRgqLC21PkEjt3z+tGOSbornFpWbPGaaxNSKeFPArQVFbMeX6eqaVge7v09u6rITlx5Rr6Do3doaQLygA6TvQnkynyaVjoqhWBjWfNOjHtU7mpHQkaN3ds6DfuIOh7xVooIgiFBhhxRuDKeVIy+d25u/yXPpBDeikMordI3+70+4+w0M7bwJtk3bYlHIzBdcrHiR5p58KK7qT38u3U+8OP91UXEbhIjcROZDwI4ka1ZhzSxStFOo00c0affwBKsmpHVPZ1eOpg6EaT6KjTAKWDIRoGEZQF60EmdQRpy3jsrfx2xZGezqN+Wd3ceIrFbCspkAKTEmJkAGBPMEz6O2uzDLGcbR56cJ4ZOLtP/RzG4JzK2XUShlgTxGWY48N/tpXluAZVbScwbJ1gZXrSJ10EjjBPOtBrzLGY7zEmNdGMGN+map0ZQICDUHUdsTw7vZU2r4YQzbeaK2YXQgfqt9YLkIYCeMabz7aRdpy2RUZWBgFh12gDqkk+VJ4zvPZU5yEkBASCOsIDKYBIJXUEjKY5GpHs27gGrIdRrIMTxAkEGKjXJYsqrkrkWsSmZdLiiCJZX04rqCJg+7jVvCYfxUHOQNAwd8wYBQBq24g5jvqJ7B+pcVmGkkAkxwbUa7t/Oq+K2dcZg6FlcGDkffA4BhlMgbtN53U2lRJTT4ukaV63ZK5nXOrcAARHee8caS1i7YXJlbralGK5hoCdAZkAg+6oMMt1MwuBiCCx0iDJkhlMAdgA3TrTbuIQHI9t2IjeuaIEjrCAp3cRv7aT9gmvy9zsabStlfDs+4hkIYiRAI1DcSOrOhqygtXBkzu5nQmMyyCYmAQO0+umWHCjIthoAbKG1/2hsxmQBv091Vrl9HYK2GfMs5dGEEASFaY3KukiotU7GpJqiy8o+UXWBDCFdWymdwzJpGhEmeFWsThWuAMIbSSsKwOmkNE7448KaiG+sG05BkaxrHpI38edWsH0dxCEZAuXQNnYAxxIMk7yTHuqMpxj3aJRi58RTszi4HVuI6agK6uxgmYBPlDdxlTwmke0UIzEMFiSoy3EDSAVy711PokyaIrXRlzmW9dVkJMAKWYA8Mxie//AA6uz9i2bIXICzIoQO5zPlG4VnnqYLtyaYaWb78A5e6IWrqZr+YMfJKwpjhm0M/+K9CwRAtoAdAqj1CKx8S1aeyjNvuJH6/rWHPllkS3M6eKCgqQHdOz/UJu+jHxPQ+h7qJum8ePSY+jHxNUew+j5vjOxypuBA6zRvyzuHbVXUdUi/gwlI7KlRx2UTdIdk4fD2DcEg5lUFm0JJ1nTkDT7+xbKYU3nkMLYY6gLmK6DdukioOUmPgGfHKOVPXEr2USYDYtlsMt582qFzDALGpB3coqPo9si1iLXjHnViBlIiBHZzmo8jtGEmKHZTzju6ia/wBF7TLNp2ngSQyn1Csjo/sm1iDcDk9SB1G3MS0g7/Np8itA9fxQnh7aiOJPAKfSaN73QzDNOVnBGk5gwB5ER8qwtl7AstiXw14nMoJGV4kiDuPNTNZ5xlZdGUKMYOx4JPeflWZhtp4uxczXE6nEKNI5g86Oj0TtfxQtLnyBA7HNrqWUAHvX31FtbZGHtOLdsuSBLS0xO4bt8a+kU4RlHlik4vhFfZvSi1c0zAHzX09BB94ratbQtsJU6btTuPmk8VPA8KxbfR63cIXIDO6YrZsdB8IkBs2Y+a5TX+0KRVqnL0VuEfZZTFKePz04/fHtp3jQeRnQgbnHNeTDlWNtLo2LTAJduhX1EvJBG8ajtFV/5VdG6++vMIf/AM0+o/KFsj7CHP2z9WeDjzH81qYzf4ezTXtg5T3g1jpg743Xp4GUBkcjBE05bGKH/cQ96N6Pr0dT9A2fqX7h7/17++QD3hhxqhdflpBkchO8d3EUjpiR9m3pdfn2eqqF84sGRZRvu3df+SChzQbC4LsGRKniIkHtH+cqsqiONV1kDdxiTQ++0r6T4zC3VA4rlccI8hifZwqxhNt2mP0mRlPkuChOnJgCd9Tx5nF8Mqy4IzVSVmo+x7bzoDGsRu7Ypn/8/b4aTry/zh6qs2saT1hB7f8AzyqwmNBEEcZ01g9laVqpezG9BH0ZSdGkUyJk79Sc2mUEzxgKJHKkvdHFLTu37jA9I3HjW7/GqSAwgjnpPKpBilmDHrqcdVJKkyEtDFu2uQXboyxBIeDqB1ZUHXKzagmJEiYNQ3OjVwA+LacpWQdWK/2nfv3zwB76L0cCSCBNIL6TJKzukGj8VLvYvwEXwCSdHLgKwyhdJGVgYjSNRB0XSNINWF6OXFIyOeOpbnqSdN/zon8ah+sD6qdB4D10/wAXJqhf/Phdg7a6PXAYa7K8IkELlAAOupmde6ro2MnG4/cSd/orR8cswWE9mppj4gpGdYB0kkT6qjLVSfksjoMa8CWcFbTme0mpy4UTuFUb2NydZesvEsVEdy76x8b0ms2+st+2oPnvmaf7VXQCqJTcn7NWPCoqkqCJsUg3tE7hxPoqHE4gqM0iJAY6kJO4QPKNBWJ6dYZgVBljoXCshP8AvOsd1Um2/cuDLYKAcgc7R/nZUXuXgvjjvyGOK2uEEgek8dDoBRjgli2seaD6SJ/WvF3xGK37/wDZXtOBnxaTvyrPqFQtslKG0COnGuKtpBlkUDvLsBWz0u2h/A4B2t6FVS2hG8FiFkdoEnvrE6cvkxdt4BKojDvW4xHuol2jg8PtLCm2zE27mU5kIDBlIYc4YEbiKivIn4PC9n3bmIupbzPFy4ikZmMszZQx11PWOvaa9b8KeM8Vs9lXQ3Ht21jfoc8epDQ7e2XhMBjsPbSStso7u5BaWYwTAAAUAHQUebe2DZxos+NLZbV1LyhSIYqDAaQZUzwjvpR5tDfgzul94YTZNwebZSyOcvltf/qrXQywybOsAaM1vOJ855cT+YUIeFrbSXFTA2mDO1xWuAa5Y0RD/cWIMf2jnRT0txwwWz86/wDb8Qq9wuID/wAQadkSHDXLWx8CBiLoZhnYcDcuMSxRFOsSRr6TFV/BYS+Ee80Zrt52MdkKf+Qel8KGzfH4E3FEmyy3B9w9R/RlbN/tq30fQYPZKGIyYd7p72DXT7WpiH4DCJgf4rFYq8oF64bhOoVEEhEE+U+vDfoANNfOtj9KRd2p/EAZVe6FE7wjAW1nXflg0fPh/wCYbHVSJe5hkYTr/wBVVDD/AJrXnnQLZCvftEj66t+Xr/pUJ3xRKNHrXSLa1vB2LmJuASAAo4u5JFtJ+83okmvJdj4+7ibhctJZizHmSZNFXhkvf09i1Pl3S5HMIhHvdawOi+FW2oMe0ipN8glweg7BIDgEicpjv/8AU1exOzrj4u3ezgW0QjJrmLnMJ5RDeyh5LRfq25zHyYJmec8O+tHau0F2bhC9x2u3DoudmYvcO4CTIQdm4DmdZETB6cbcjF27KH6NSX+88EL6FAP+6tXC3cyAn/3Xmex1fEXjcuEszMWZjxJMk16NYQBQP1oAtl/85UheodP8NKVHb66QxWuVA16nNbXtqBrS9tVyJqh/jZ5U25bRxDorA8CAR7ab4leNPS2vM+yhQbBzSKi7Hw48m2qE8UJT4CKR9j2z5L3F7RcYkelprRCL/kU8ItS6bI9RFC7gHMAX3kbpCH3IKZ/C4kb76NyzWpYelXX2itUWlpfErRsYb0Y5sY0D/p3bJP8AfZcj1C5T5xsdYYZjxIRk9QOaPXWqLIrjY/uPrNG2SHuiwZxL7TAi0MKNeJuNPqAqvexO2NwTCDva8f1FFn8IOZrjhRzNKpDuJ5/jrO233PYT8MQfWymPRVDE7L21cEPidP7XCH1qoNelvgp46VE+AXgai95JOB5K/QnHMIe4CORuMQPQaktdBcSN7p6z8q9RbZwHH31E2zxzNCyZI9iW2DPP7XQq59a4g9LH9KvYboZbGty4T2IoH/I/Ki87PHOu/gO2n18vkNkShbtoihFzQogTJOnMnfXp+G8hfuj3V5tf2aY0avSMJ5C/dX3CnGTfcryJLsDPSjo5dxV1XRkACBesWBnMx4A86D9qdCMaktZvZSd/i7lxCe/KBNdXVZSIGVs3oXjWfrMsk6lmck9pMSasbT6HbQtjLbusF81LtwL+UQK6uqO1WKyls3oFi2YTkEcyw/StDavQrGGFLqw++5HtFdXUbR2yC90KxoA68jcRneI5RFWcT0SxrWwuYRERnfdyiK6uo2jKy9CsaqDK4EcA7j2RW1sHolilXykB+8wPurq6jaBnbR6G4t7ozMpAOksxA9YopwHRG8qiWt+tv211dRtFZor0evKDFxfWflQjtzotibjxmBHex94rq6gZr7E6GXbag5kB9PyraXYF4fXT2/KurqBDxsO75yf8vlTv5Ld85fWflXV1ACfyO55y+s/KmnYV3zk9bfKlrqAGHo/d85PW3yrh0fu+cnrb5V1dU7IjhsK75y+s/KnfyO75y+s/KurqNzFtQ4bFu+cvrPypf5Nc85fWflXV1Pcw2ocNkXfOX1n5Vw2Td5p6z8q6upWG1Dv5Tc5p6z8qX+VXOa+s/KurqAO/lT819Z+VL/Kn5r6z8q6upDOOyH5r6z8qadjud5X2/KurqBjW2K54r7flTDsK55ye35V1dSpDsadhXPOT2/KiC2kADkAPZXV1CBs//9k=" class="product_picture" alt="Curry 9 Low">\n                                    </div>\n\n                                    \n                                        \n                                    \n                                        \n                                        \n                                            <div class="carousel-item">\n                                                <img src="data:image/png;base64,/9j/4AAQSkZJRgABAQAAAQABAAD/2wCEAAoHCBYVFRgWFhYZGBUZGhwdHBkcFhkeHhwcHhwcGh4cGhwcIS4lHCMrHx4cJjgmKy8xNTU1HSQ7QDszPy40NTEBDAwMEA8QHhISHjEsJSs2NzY0NDo0NDY2NDQ0NDQ2NDQ/NDQ1NDE9NDQ0NDQxNDQ0NjQ0PTQ0NDQ0NDQ0NDQ0NP/AABEIAL4BCgMBIgACEQEDEQH/xAAcAAEAAQUBAQAAAAAAAAAAAAAABAIDBQYHAQj/xABFEAACAQIDBQUFBQYFAgYDAAABAhEAAxIhMQQFQVFhEyJxgZEGBzKhsUKSwdHwFBVSU2LhI0NygvGywjSTorPS0xckM//EABkBAQEBAQEBAAAAAAAAAAAAAAABAgMEBf/EACYRAQEAAgICAgAGAwAAAAAAAAABAhEDMRIhQVEEEyJxgeFCYaH/2gAMAwEAAhEDEQA/AOzUpSgUpSgUpSgUpSgUpSgUpSg8pSsNvvf1vZx3iMWUDnP/AB9KsxuV1EyymM3WZpWp7H7XBiMS5GMwQD5A6+tbLs20K6hhofl41csMse4zjyY5dVIpSlZbKUpQKUpQKUpQKUpQKUpQKUpQKUpQKUpQKUpQKUpQKUpQKUpQKUpQKUpQeVyH2odm2lpzAJ+uvpXXa5n7f2FtXu0MKrCZJHePEDn/AHrtwZSZOHPLZGPG7yLaXmXuM5UcyQpMjpkR5dK3L2O2stiX7MYgOMTGQ+tY3exA3dszKJGJfCGVpJ86mex3xEgyMHCenGK6ZZXPjtrjhj48s19NypSleV7SlKUClKUClKUClKUClKUClKUClKUClKUClKUClKUClKUClKUClKUClKUCvnT3obya9vG8JlbRW2o5BVBb/wBZb5cq+i6+aPeJs5t7y2pedzH99Ff/ALqCZ7Pe1l1bX7HcJey5XBJzttinI6lTmIOhIiM56z7CMIYH4gqj5mRr1HCvnvZgS6gRJZYnSZGvSux+yW8OwvAsYV4Qn0z/AFyrvxy5cdjzclmPJMr+zqdK8r2uD0lKUoFKUoFKUoFKUoFKUoFKUoFKUoFKUoFKUoPK1j2+9oTsWyPcRlF5iq2wwmWJEkDjhXE2eWXlWz1yL353TOyrwi83n/hgfKfWixA9nPettCOF2sC7bJhmVVV16gLCuBygHrwPZ7F9XVXRgyMAysDIIIkEHkRXyTNdj9zXtRiVtiuNmstZJOq6unke8OhPKiOs0pSgUpSgUpSgVwf32bMF2624iXsLI4yrusnxED/aa7jtF9LaM7sFRVLMxMBVAkkngAK+afbPf527a3vxC5JbB1FtScM9TJY8ixHCg19jlXTFvK6SrSCAVgxOUyPEz6VzSp+697PYOXeXXCToeY5ca7cPJMb7cOfiuePp9F+yO9O3sw3xpAOR0+ySTxyrYa4v7J7+AdbqNKkw41MGO7h8ONdb2DeKXlDIRmNJzB5R6+lTlxku51Thztnjl3E6lKVydylKUClKUClKUClKUClKUClKUClKUClKUCuO+/Ru/so/pu/M2/yrsVcY99pxbRsqT9g+WJwJ+XyqVY5S9St17c9i6l1GwujBlPIgznzHMcRW0bJudBOBMRGZJ7xHmdPLrWp7amG468mPpqPlW7j+mZfbEy/VZrp9R+z2902vZ7d9cg65r/CwyZT4MCPKspXGvctv3DcubIx7twdpb/1KIdfNQD/tNdlrLRSlKBSlaF7yvbQbFb7G0QdquDLj2aHLGRzOYUHjJzAghp3vV9s+2Ztkst/gIYuMD/8A0dT8M/wKR5sOQE8zClphSY5AmJ00qmaqUSILECZyEjkcpHTPpQURSpDpx1nrJ8zxqwy8Z8s59Yj50RK3XaZrihHW2xkC47YFUwSMTaAHSTlmK6F7E78uWNoNraBFxGhpI0PGQDI0II1BBFc3FwBCB8RYcNAAfqT8qyG6779ojMxPcCgliYQDCFAMwBlAyiMhmK6ceXvxvVc+Sbx8p3H1HauqyhlIKkSCNCOlXK5ruT23wIqMqkqoAAI4az8zW/7Btq3kDoe6fUHiDUz47j2uHJMv3TKUpWHQpSlApSlApSlApSlApSlApSlApSlAr5998G8Me8WUE/4NtE84NwkffHpXf3YAEkwBmSdBXyx7RbY1/ab15iWx3GYEzOEscIz0AWBHCI4VBt27XyD4QwdQw4agePDI8wTpNaj7Q2sN4nLvAHXiMs+WgrG9o0YcTYf4cRj0mKoArcy1h46/li425+W/4ZHc28n2a/avp8Vtw0cwDmvgwxDzr6l2Da0vW0u2ziR1DKeYIkV8mqJ/XGuh+7j2/wD2P/8AX2iTs5JKsAS1snMwB8SE5wMwSTnNZbd4pWvJ7abAVDja7MHgXAf7h73yrUPan3rWkUrsYxuf8x1KquuYVoZj4gDx0oNq9tPay3u+zjaGvNIt25zY8zxCjifAakV857z29791711sVx2LM3XkOQAgAcAAKby3jc2i41287O7asxz8OQHICAOAFWESdTA5xQUVdTZnOiMQdDhMeulepizw91eep+QmpCbsd8wHaeOEx65ikm03pbOy3F+z81+k1bNhhqjSTPH6Csk+4GRMeeWoCMeMfwR6xx1qGqsZKiYzns0PWZAkeZq3GzsllQmWJrZLXs45tIcYF4mRbMZDSJnXQn06nH42UK7I4GZDqxwzmJgiJjkw/PN7v33llDtBggyw8UMFuuHWNa1h4/5MZ+X+LZN0bRutrAtbZbOy7VJQtivFQwAK3FeSqqZGpiQdRnWw+6/2hR7fYswDmGWeOQDCec/WuSpu57l7/EuypaXZiVZRB7xQ6RoAJAkaCs/f3NZXFcs3WsqgnEGLrIzMiZyHU69K3jLlLPhnOzGz7fQlK5d7Ke9TZzat2tqd1vDutcw4lbgGJXvLPHu5c66Vs99XUOjBkYSGUggg8QRrXF2X6UpQKUpQKUpQKUpQKUpQKUpQKUpQar7xVRtgvq98WAy90kxiZe8Lcatiw4YGeeh0r5yBnuny/X605gT2331XrB2VLbPF/tA9pRxABVy3JcLHPnHWuHRI6j/n8/Q1FUsIryr7DEuL7Q169Y8P0AKsCiPQaqVzVFT9zbL2lyMAYKpY4mwoANWuMM1UcYzOQ41Ut0ubFu+9dVmUEW0nFcY4UWNcTRr/AEiT0rHYh58q3ayVugYbb7XhEAsex2ZIOiKCoIXl3pgVE3zZxJD7Tslq2mYsWASSeZUKst161bizMvbVKvWNnZ2AUakAE6AniTw4VYWs97MbGt13RjEoMOU/aE5ceHXPWmM3dLldTbYN17MiJ2bAo+qu4BAYjJs5QN465Z1LUXkxdr31LDCy6DUklTmuUZEkZaiatpuK4CO/hVf6yyn/AGupI1k597Q86nbMeyWHc3SIyAU5iTEZwSZyLAZRzr1ya9a08tu/9sPs28mtnuW2K5jAufjKrOFszoM88jGWSv7lt3JZUFssGDQIaDM5rpnrkQanMzYMdlQCYlSIPgRlmBwM6cai7JdBVr7uwADQGZAFjUmABP2cxl3tavfZv5i3t1rZkwqwEglu7IaR3iSwgqJ5sJkDOaxtzdFi8naFezVj3SxLYuAY54l0J1y1MRUtrlraJVyUcGFdGGcGBJUnKT8LSBPAmru99gZhYsLiKpEspEhhhQOco0NwmfGDFYsl+GpbPW61veG571hQceJMoJIYacjms9PWoPaMwKPiCnMgYipP9S5sNMta6LfRwVw4OyHxhpMgz8OZ6CTkZPjUR93bMLbkW8agmQoBKkahMJBEclzPCs3i+mseT7aQ5UW2wqCIywnLr8PHxzrM+yHtxe2LL47TMcVsmATkcamO43A8DllImoW1bDbfv2jhnD3XZg3ex5FsIj4G1Laa1jTu1zJClwNSufGJDJII6kVxuFjtMpXdtx+8TYtpgG52Ln7NyAPJ/h9SD0rZti2+1eBNq4lwAwSjKwBzGZB6GvlnstYOnMR8xl6kVktxb72jZWxWLmE8RiBVo4OMUMPGstPp6lcf3b71nRFW9aS6wEHs3bFllnkwJ0Otbjuf29sX4xJdtSD3mSUBHDGOPSJoNwpUHZ962HAKXrbTpDrn86mKwIkZigqpSlApSlApSlAqztF4IpJ/5NXqwe8r2Jo+ypj1GtByP3tK3a2LrScSuD5EGPQxWgsuFyCcjlPDX0iRn511z3qbCX2NXAzt3FJ8GlfqRXJbgxKDyEHygf8AxOZ1Y8qiqUOFoMgceY6xOo5eIq3ctwemccR1E8Y+YIPGrp7y8MQ6a+J6/X/VXiOCIPzPoCdRHD55HILFZz2TuYbrjEom24CMVCXWywoxYREyfLxrDXLUeHONOQOoHqap8asurtmzc03G7+23AEvbNadBoC4VR4FLkAeArG+0ux7LbW32DDtSe+iuXRRH8RzDTGU8TlWvFByHpXoFauW0k09ipe7drNp1ddR+Pjl/wOVQ6VmXS2bdB2HeaXVw3mkGTi0KjSZBGHMkArB1knWpF/YrtolrTypKwrAAKqg5AAZycMkggQT4aBsu1FSPkc/LT5HhrW7+z9+2qDDedp/y2JIXjCjNlynMGMvGvVhn5X28+WPj0bvvXi6gJgJOZV8SEanKMhHDETJERwzm37L2yMjMUkZOOZnPXhyPLI5GqO0AQtbQAkZKAFk+GQmeZrV2253xrfxhoOFSzoVw/EQAY598ifGt5XTGM37jYtn3LYW7iCs11TixZqB1IWFbxbEZGZNXdi3i74zgwW05zPMERlGGCQMxprlVDbatu2pusIuNhUZz3sUAka5A59edV2d1qlnsrJwqTPeJMAmScwZyyzyzzqa1fRbue2L3vu27cOO3cDofiRlJAhiTEeOEwMRiDxrIM1xLNs2kLOTORGEKQWgkj4cwPpEVZs9lZLMrl2GLuIVgyZONVOEnEQJaMyAAMhWR25rjZIyq4zjIgiSDnn1zEcAdaYzupb1HpsK6guqqx+IBcQMyCJw558eQznhif2jZrDtgtBbk5lsKSQGzEnKBJ0GRymaj3tquyQUZWByIuIzDvMNGznDmZI+KABGcvY7Z2pCt+0QR8LsuEtxyU55ZaZSTkIil99LPXa3fRNpQ4sCXcwrFIAiNSSCMiOPHKdBjNo9nLssFtkxowcHGIg5uCFOuXzEZ51rVjZlSRloJKhC0EluCM2R5trlFW7W+CzMWgpwVCvdHMOG72U8vKp4y332sysnrpG2T2ZQoBcBttESLmRkR3guRjocyOGlTH2VbS4u3dRkFZUxQBEDQiM8pyJI1kVat7C5Je3cDowIWUQlJyPfMMVGYw65jXjKFi8jEtdtJbJJwkGSPUAZQIHLxpMZOoXK3uvU2pGUFXeSAcYCn7PFTIXidB0mpOz7xu2RiW67KAPgQk+arrmP4OHjUFd3bK7hltKHGanvIpPQ5ZzwjrVrbd4vbaF2dgSMmCK/FsiQyzlnlOR8TSyfMJfptWy+3uQBKOebBkPA55RMSeGnITWX2f2yBjtLRUH7QdSD4f81omzbVceVe24MZPgUA55d0kg5n5aVfvWHVWwIjBgSYCrOsBwcpiBPSsfl4t+eUdCb2q2calstQELH0WTU3Y982LoBRxnoGBU+jAGuWbPspglraoSZLKEg664WBmNGBmm0X2SMaNlJLozQBnnnmZ4LnrwqXiizlrslK0f2M33cJ7K4xZWBwMcOJWEko2HI5aESO6eYreK45Y3G6dcbMptH2u9hXLU6VhVX001OhzU/hU/a2knkNOkag1HweQ010+0p/Co0ibVsiXrb2nEq6lWHiINcD37ud9ivvYujLVHjJ1zCsPIkMBpJ5CvofB5VC3zuWxtaYNoQOoMqZIZTzVlzXrwPWlHzewwnLwIPDoRoarYBgTxHMnqc9Z5Tw48665tPulsEzb2i6nRgjiORwhSR51j//AMQ3ActsX/yG/wDsqK5ityMj5QcxroR46aGqnQGSMh4aZ8QMwPCeGmldY2f3RJ/mbUzdFtKg1nLEWw+UVlti91Wwpm5vXD/VdC/+2qn500jhbLGfD5f2qvZbD3Dhto7t/CqMx9FBr6M2P2P3fa+DZbMjOXXGZ5y+I1mUCIMKqFXkqwPQZVR867N7FbwuCV2S6B/WFT5OVNZCz7td5Nrs6p/qv2v+1ya72H6fSna9Pn/amhws+6/eEfDa8O2X8qps+w29LLSNnLLxw3rLAg6gjFJHSOvCu5s/Sgfofl+dXpHGd5XtqVliy9tlyZTbfCDrLMoIgDhkTPDjNtul1R2yqjQAe8pOcTDDhM8PCOHSt77tW+hWSrcGEc5wmZkHTzNaVtlkoSjrGHgwEZnhIIjPL0r18Nmfd9/Twc+WXHr9Pr7RLu1KHVFTvEwpI7oBEnOZEBc5jKoe3b17O6FxKymFKSQcUYywyI0KiTlJ1msgqqPsiOUYRppAjxrG/uZGdiO1RiZxyjq0ifhIk55Z/SuuXHlj054c+GXfpIXdaPcW7beCjd5MtZJIk94EknuzGnLO5tu77lx8aXWtkDCDgBHPEFKnH6gZzVW792KgDIuF2xMQ0AgmJzUlQTlmJ0iq32W7dDK6EQ2TLgZWEfwkngTky5cDlXOY+nbym/VXRtCYoIUuIHaFSFmREMe7M6AdfGsHvLaNpVmFxFKEwmFwA2I5AhgZhc41kcQcr13ZbyABkXJWGJZXEBg1xHiFaZzz1MVM3YLoBF7AbcCJzYnU6mCug7wnKl9/bU1PfpC2bbHBwPYa7blcJhSciBPCCPigwV0nhV4+zuzqCxUFAJwYSzzEkLEmY4KJ61NZgls/s1tMWc96DkCchGZngSuUeFYz9qvdozKjh8wAxGeeEACQBObBeeWcljnX37Xf16XrW8lQBLCNbUE90W8yBkTkRqZEmT3Txq9aRLzhsFxLkAlwjYO7iUBgxOepA1gr0qcLy4A99VxcPw0Oc/F0GuhqBvjelxSO65tnIG2FxD4cmkjU4sgANM861r1/TO/f9vbu60TvPefPUKoYHQnFKsRkpEwPiOcmavHfAAGCcJMSxOJjDGFDcZDZGAMJ6VC3dtjEQVi2YycIoMguSApIyyBE6+ZqvaX2eIYBxl3AuICAYELlzzPL1SfRb8VTtN27dl9nvEwYa0ykEHj3kIPPXFxIzqpXu90i20zmWuYhHeAxY8zkFJw597jrRNqcD/C2dgpMxgieZ4LPLPl1qzt1vaXcBGCAxk5GcTkCknMZxke6NKvjZ7Tzx6SNp3XnitwjEZhWOHPUqIjnw8IkzZt7RctqysZciUJZirMEXITpMTAnxJmpG7dxXC5D3snBGFRnwBKsxP041u+6ty2rQU4A7jMO5LsDpILfCeoArGWUxbwnkxPshsL/APiXVkUiUQyJZhGLC2aiIyOpk9Tv9ljhHgPpWO7EuaygtV5csrldvVjjMZpimbvNPBifmTJ8sj0Iov4cpy5EcQOBHMV5vNCrYvsnU9R+p/tXlpgR05Rl+A+h8airuGP0fxqqK8UfqPyyqsVUU4aYT1+f4VcBHT1X86MBx+YA/wCoD60FkjmfUkfUUKRmcupEj1FXTyzHTQ/daQ3kaoHTzw5EeKH8KCn0PgfzqnFwBg8jl+v+K9OecBhxI7rDxH/NUucs+8nXVfHl4/KgF84PdP69fLrXhfnqMiOh41SeRzU6Hl+vnVM8+qnz/XlQVT+K/iP140V/mP1+utWi30HqpzA+dC2vQzHjz859KCQjT+vxqNvDYE2hMLjP7LjUfmJ4VWLkHoeP65mvWmZHmJ18/wAqstl3EyxmU1Wj7du5rbMCoxx3ZOTAaZicp6cdKhG1LkkMMK8ZwkE6ngSIPUA8JroV0JcGF/nkR16VhNp3WVOWa8D0j6zXtw/Ebmr2+Zy/hbhd4+5/2Nb2dyygqWAJyBVlIjgQdMwc/DxNdrbHJ/0sR3lGsZlSRJESJGudZr9iOeVU/sGfTlHHXWun5kvenHwynW0Jd43BoRPgfwNUbRt4wntLaFTAOLIHEcMZ85jzqed2mSQeA7pAgEEmZiZOmsZDLnaXdUYY0EiDJy1GskkEDU86lzw+Isx5PmseptKcfYIpAzZTgyE6wP1lyr17lt5YWYMZNiMjhIlepiRxPA1lF3dpPDPToRPzp+6hGROpPxE6nERJnLhHAQBECp5YT4ak5L8sRdt2XgmyGIJE9oxjOGGXUHLmK9SymHD2Aw/CAWxDDwyPCOFZmzuyJkls+MZdBA06VfTYhMHjp4088WvHkvrbA27IMlbaKx4lJ00JB8ehq9s5dsUBlwsRmoXFkIgxmCCMxoRHA1sK7u8BUm3YGg1rllzT4dMeHK9teG73LDQpBkEmZyiOEazrwqfZ3cB+ZrLlADGp5fnVaWweRPQZDxrleau+P4fFH2fZVBBjPQc84yHy9KnBgMjM+Gn5mq7GyM08P6pj7saCsns+zhRGp51yt29GOMxmot7NYjM8tPxqXSlZbW7lsMCCJBrD3t3uhlO8Of2h6QfQ+VZl2I0E1j721XB9k/dmghJf5j5MfnV9bwPA+gH/AFE1C2rayc2QzziKxz7YR9n6j6UNNh7YaYmU/wBUMPpXnaRke6ToVzU+K6Vrv71yzU+tVDfCxBV/l60GeNzUQOqcPFOVeG4DEn/S3EdDWDO90y+KR/Tn+VP3snJs+GE/oURmy8mdHHz9Mp9atm4PiHmI08vrx6ViDvRf4XP+0z60/eMmcFyeYQ/OgyhuDT7J0PI/n1+lUF/XQ+PA1jxtp/lXM9e4c6HamP8AlXPuGqJxf8/zH6jhVOPzAHqv9v1rUM7S/wDJufcNW22h/wCVc+4aCfjgZ5rwI1Hj4fKvUc/ZdSOTfrT61iztLjPs3B6IfpXh21uNtueacefWgzIdjElOfh/V/aq1YGSzKV4cPXmawo3gvFDEye4c6vpvNCRigRoCp+tBOCg5gyKq7OciKjDfCfxD0aqhva1xfPoCPpV8qzcJUjsBn1oLGsngKjNve2OM/erxN9Wz9or5f2q+VT8vFKGzwZnhGle9gtQm32g1Yt4L/avP34nAsehSnlTwx+k5LaicI1PU1WEjXCviaxbb7nIKT45ekVQN4Toijxkn51PJZhIyxVerHoMvXSq0scB6DOsWu1k6ifH8ql29sbgPQVNteMZK1sbEZkKOmZ86mWtkVeEnr+VYpL7n7B+6avqXP2W9DUVl6VjlS51HnUi2r8SKCTSqVnjVVApSlB5XmEcqqpQU4ByHpXmAch6VXSgowjkK9wjlVVKDyK9pSgUpSgUpSgUpSg8iqDaU6qPQVcpQWDsiHVF+6Pyqj9gtfy0+4v5VKpQRP3fa/lW/uL+VP3bZ/lW/uL+VS6UEUbBa/lp9xfyr0bFb/lp9xfyqTSgsfsqfwJ90flVQsqPsj0FXaUFGAch6VXSlApSlApSlApSlB//Z" class="product_picture" alt="Curry 9 Low">\n                                            </div>\n\n                                        \n                                    \n                                        \n                                        \n                                            <div class="carousel-item">\n                                                <img src="data:image/png;base64,/9j/4AAQSkZJRgABAQAAAQABAAD/2wCEAAoHCBUSFRgWFhYZGBUWGBocGRwcFR4aHRwaGBocHhocGRwfIy4lHB4rHxkZJj0mKy8xODU1GiU7QDszPy40NTEBDAwMEA8QHhISHjQrJCw2Nj89NzE0ND00NjQxMTQ0ND00NDQ0NDQ0PT80NDQ0NDU0NDQ0NDQ0ND80NDQ0NDE0NP/AABEIALcBEwMBIgACEQEDEQH/xAAcAAEAAQUBAQAAAAAAAAAAAAAABAEDBQYHAgj/xABAEAABAwIEAwMLAQYGAgMAAAABAAIRAyEEEjFBBVFhBiJxBxMUMkKBkaGxwfDRFVJygpLhI2KisuLxM8IlNEP/xAAZAQEAAwEBAAAAAAAAAAAAAAAAAQIDBAX/xAAjEQEAAgICAgICAwAAAAAAAAAAAQIDERIxIUFRYSKBMkKh/9oADAMBAAIRAxEAPwDsyIiAiIgIiICIiAiIgIiICIiCiLw94aJKg1eLsaYgnwUxW1uoVm0R3LIqqi4fGMf6pBI232/VSVExMdpiYnpVEREiItQ8pfE3YfBODTDqzhTnfKQXP+LWuHvQZLBdqMJWrGgyq11QTzh0EAhrjZxvoNbxMFZ1fKzMSWuzAkEOkQYIIvIOxX0N2H476dhGVCf8RssqfxsAv72lrv5kGxoiICIiAiIgIiICIiAiIgIiICIiAiIgIiICIiAiIgIiINe7S4w0222E+/qvPAuGB1JtSoS51RodEkABwkWG8H5wrvabDF7JHIgqTwLEtfh2GfVaGu6Fggzy0n3rblMY44ueKxOSdsHjabsPWEGdHNPSdD8D8ua2uhUzNB5gFcw4328w1avTy5vNNlpeW/vG7w0GS0ZR172i6dhmgNaAZECDztqoyW5RG+1sdeNp10voiLJsLlnlrxUNw1Pmajz/ACta0f7yupriflrrzi6TNm4bN/XUeD/sCDnTKT32Y1ztzlaXR4wul+RriDqdephngtFVmdocCO8wwYB5tcf6Fg+wVAOFSeY0N4A/5E/oLjJ8W4p6Ni8FXsAx9SSDM05ptef6XOG+nuFskceP3v8AxSlptNo+NO3ovIMiRcFelVcREQEREBERAREQEREBERAREQEREBERAREQEREBERBaqsDgQdCFzftvVfhadVuHdAcwteSbZXd13gQ0uM7Quh43EtpNLj7hzK5D28e6pRdBAGdueTAA7zvffLZa44njM+mGSY5RHtzt77DW0idrhfQfk4x5r8PoOd6zQ5h8Kbi1v+kNXzqx8yLn6WXdPI3UnAOE+rXePCWsP1JWTZv6IiJFwXyyVP8A5GOWGZ/ueV3pcC8sBB4kY2w9MHoczz9CD70GscO43UwzS1jWGTMuaTsBsRyVOI8YrYxwdVLSWgtYGtygZiJtrsNTsFjwvbOfL7qbWm2t+ulaxFZmY99uweTPtf3PR8TVgCBQe8xIENLS49S3LOveHsrqK+ZKjJ80zQO830sWtcTP8T6hnquydge1rsaX0KoaKlFtOHAxnkEOOXYgtBt+9oIVK22vMN4REVkCIiAiIgIiICIiAiIgIiICIiAiIgIiICIiCiIonEsV5phdIEc1MRudImdRuWE7RYwB7WEiAJIO55eK5D2x45Sh2GojMM+ao8nNLh7I5xz2yxdS+2naJ2dzGv77tSD6oP8A7fqCtDyzM7c9PA/RbXtxrwj9sMdeVuc/p6Fbn+q3HsV24fw1r2Cm2pTe8OIzFjgYiWm4uANRstHcfC36n4/9IHwsHQ79w3ypYGr/AOTzlF3+Zhc33OZPzAW14HjmGriaWIpP/hqNJ94mQvlplR2wJ8AvXnQ7UA+IlB9Q8U45hsK0urVmMAGhcMxjZrRdx6BfO3ani3puKq4iCBUcIB2axoa0fACepKx+Aw7qrwxgAJDjOgAY0ucTA5NPyXpuCcaJrmzS8MYIMvcZnL4R7zYaGCNwilUB+yriaTqbyx4yvbEiQYkAwYtN1XB+u2dA4E+Agn5SonwmPLJ1Kv8Ajbd0VY0285li97NbfXx1MrD1nNNdzXFrmP7r2uLSPX9VwggwzbmVjMO8l+YmSGC8/vgNN55vO4vy0V/DVJZVM+sSfk6eoHfGvPdZTC76D7JcXOJwlCq45nOY0PO+doh/zBKzwcCuaeSPFudhXsOjKlvB7QT8yVv7Xnb80/VbKJyKw2tzV9AREQEREBERAREQEREBERAREQEREBERBRaj2/4/TwtHI8OL6oOWGyIYW5pO3rDSSth4nj2Yem6o9wa1rSbkXIBMCSJNtFxLtbxT9qYhjKYkNu97pbkafWn91gBEzvbxtWPcKWmOp6aZj3lz3PJuXFxzGLmSb6eHuUMyYAEknQXMnbqpXEOHuov8267uY0J5jeI+6t0yTLGWn1nHUjqdm9Br10UTE78rRrXhHc2DGp6X/sr2HwT6kZWm+ltecc/ctg4JwGm8tL87gdBFjGpcR6t9p6XgrY6uJbTdlYxuaBG9jmDSRAAEzAMzJtuNqYd+bMb5dTqGrYXs5UDQ+C4mQGhzmH+LNoBM/DqFhMXRfTcWvBDm6zr7+fit6xvEHPf5tryALvLYk6GJFwTmbfQDlaNf7S4bLlfHrSCSZ72WwHQXvuZ6JkxREbqY8kzOpeOA0+4/vZTVlhduyiwB9d0+GVviVlauJd3XUqRL2ty4dhAy0KZFqj5sKjtRO0T11/gOKYx+V4aadTK15cSMoDg/4EtAINipOMxXeLq9RtUzLaLHSydjUcIEdLuOllnE+F5iZlj+J4KpRfFQgveM8h2ac5Nyecgq3hhcxrlMXi7u6L/zBecVin1Xue8y92vLkABsBpC90HZQT1t/LEb8y0+7os7fTSu/a/QeMz33N7XiQCXxrPsDn9FWnakepMe8048PVdy9+issJawj97bxP6NP9S2Dsv2VrcQc1rQWUGECpVIs0CS5rJHffLnCBpF7Qq68rOkeSXClmDc8j/yVCW+DAG/Vrlvgb+e4H7KDgaLKTGUqTctOm0MYOgEC+5U1r4Wiirvz4hSMM+RHJRH1R+fn59PfD3FxcdrD37/ZBPREUJEREBERAREQEREBERAREQEREBUVVzXyqdosRh3UKNBxZn773CZMGGNkeySDI3ttMhh/Khxfzr2YcOzRUzBjQSSMuUXExfodSdlphOLwDgXiKdYNDiCHgiLZnNkhwB53vGZWcLxHEU6/nMzQ95Odz259dQWiXDQerBi3ReuK8TfUiczXOhzWZjDXQJe6T3YAs3b1j3itN17jxLLU9T5hjuJ1nPcWwcx2JJyNOjejjNwOYaNwth4P2fcynncw5zfK8QANi6JIdpbYEjclWuAcOqMex7meveXGMxJ9dxPqw0kgRpN5MjZMXhfOGabmlzHQQZeWEbkE/DwB71wd8ePf5W7ZZL6/GvTH06bmNkvLnWkgFxPICNgSIBHLnezhGAuMMJiXOLnSPuDaeWmyzlTEEkUi172lhzvzBpzkQIIFzHVpGbe4FrE0yxgZRgS6XGbmZJId+8XEEzuDa620x2xjA9z4AAGbvEDQbiYu4mBYaOnYLWO1eKFSrlGjLX5/n1W4V3mmxwhrA1piQRsSS4Aak5eei5tiKpe4uOpKwzW1Gvlthjdt/DwEUvhnC62Kdlo03PcNcos3+Jx7rR4kLfeD+TQQHYqt/JSj/VUcPo33rldTnLASQBqTYcytp4Z2Jx2JDctE02H2qp82IH+U94ySTZp1XUuEcNw2E/8Ar0WMdoXwXPv/AJ3S4+AKyrXOebn/AL5W18E0banwfyeYWiQ7EOOJe02bGWmDYCRq6AAO8YMeqt1YyQGhoYxohrGgNa0DYNGg+nRUp0wLn8/Ph4q/5z8/Pz6KYjSFxkNC8vqxqoz8R/br4ch1MjorNIOqkBo/TrH62HRBJFR1Rwa3U/k/efvpnKFIMaGjb5ncqzgcGKQ5uOp+wUxQkREQEREBERAREQEREBERAREQERWa9VrGue4gNaCXE6AASSfcg1zt72kPD8PnZHnHnKyRIAtmfG+UHTmQuF8Qx7nvD3vc6o4Z8z3EudaSHE6bgAAC+XTTN9se078XVLnGaTZNJsQA1zgASCJM5RJO+y1NjXVXEk29p0TA2AG7jsP7qBJwGMeHOdmcWXBBPrE+o0AWz+FgAdlsHAOEip/i1fa9VobmBIuI1zNBm5sSJJgBWOB8AdWIe5mWiJDROoOwMyZ3dHeuNB3tprUiHMaHspUmAQAYcXTJDdA32dJJ6aHpxYv7Whz5csfxiVzDYoU2EAOaGGBmcBeLhtjEXkTFnHxtUXXY5nmhhywuLm62FoJ7sxJuPZiGlXcfhm1IY5xBnMQBlmL97fWDZw05So9UsosEtdlcLaScosCJ32veV1uZYpYoVgWh72uBEkb75CdRaRE2IMTCg4/EPNU5i4NaLAu9YCHEtJsRE63tBhZGgxjKeemxzQbFsZXQ46BswIvYHa1ljsTjWuAaxjvWGUEkmZGUjvEyTsb+CiTcQ88WwtXEt9Ho0y9/dLiIaxgk+u8kBkkOsfrEzODeT2lTh2Jf512uRpLWDxdZzv8ASts4XgxQptZ7Zu883kXvvAEeAUhz/sfiDH0XDktytt2466rp5oMZTaGMY1jBo1rQ1o5mAIXouJ/Pt9rq20/OB8pXpjt/f+ny8fDc1XSaYj8n3CNXc495V8VYHy/4gjXqGyoLamm9p8fmZHxHQI15MeEnr8+e0kdEE84j4gwfye6ANBr0Vo1i6w9q3QNG3h1VzBcMfUi0CNSbCdY+llsOD4YynFszhudvAbKBisHwp7+87utPS8cgNlnaGHawQ0R9Sr6KEiIiAiIgIiICIiAiIgIiICIiAiIgouUeUPtM3EuOFpn/AA2E+ccTAc4S0saPaEE30k7xC3LtJxoU5ptdECajp9Vp0aDs49L/ABkc/wCLcOpvAc+GF7hLzc6CzWX7xNg0TAEmTZbUwzaNsbZorOnPcZhJcTmaGizYvAvEzAG5knWVnOCcDLmece0+bbGVgaSXl28WJbFydSAdAIWfq8Po0SGsptfVFxndmgkTmLRYCJuL35ypmKxNWzG3q5RmLaZytc4XJkkwLnKDmPNa0wxE7sztmm0ahZoYfWo9rnOaD5tmcloiQ3KXGM5jX2ZsBqVPAuc7PUaWkGzRlPe1nWC4HnoRIXvFU6ga1rS9znSXPk9wWAAixMxa47pJ5E9nmmBrKbnOdOYuebAXh7ySZJOnU8lvphtaw+FqF+arJgksAsGZpvYzMHLPS0aDzxFoeC5/dLZyPJBDujmTBkiYM62vK8PfToMzFxfUIMEze94bMBoMW6X1KwOJxT6h3idC8uj3mVG9ImUnGcQL4a0kMaO6L6fglZbsdwzO/wA64d1mnV5v8hfxIWHwPDy8ixMmB1nQeK6Rw7BChSawagXPNxu4367Toss08a/cr4a87b9QucuruY/X8+ll/wBOv7rr78j+aKS8XA5XP5M/VWshPjr/AFGy5XcshvyI+RI+n5qjaZNukfElZLCcOfUMgWnU2Gs/nis3hOEMZd3ePy+G6bGBwnCnVNBY7nSOvM/FZ7CcIYy7u875fDf3rJgKqjaVFVEUAiIgIiICIiAiIgIiICIiAiIgIitveGgkkADUlB7Wu8Z49kd5qmMzyDJGjdtYgX3PgASDEXjXHyQW0rNi7tCZ5E+ra+YrWnl0kQHPcO80SWNBHtT6xiBOpGwC6cWD3Zy5M3qoK3nDOrWElz3CGl3tFgNydbkkeKjsc01C9xL3sbNgcrAeTo75lpAI0A0EmaYp2WGuqEkySGtzPc7ZrI9RjR9jIIJPmvUDQKbaerQ54cJAk2zxYvkE2cee66nOph6xL3OY1jWCXPeASSYnuEDvWtN+QXnDGrUcHEupsGjSGgum/etLYjQHxCuVqr2MkglxkkMZAAG15LRpJvvAWNq8T8005nuc9wAgPIDI1DRPU38NIQX6oe94L3PpsBmG1HNcYMQSHaGJgEnSYmFC4hxo5opk/HMPfmBPPfe2ixeIxT6tpdlnQvJ5jcyN1KwXDS78/Oarvatra8IbKT6hkySfz5rM8P4PJFp1j4f2WXwPDA3aYv8AFZnDUMobbvAQffE++VFr1rBWlrSs8J4c1kPibCLXbmANxuLD+yyvhvuYn6A/FVZRi4sTr+qyeC4WXQXWb8z+i4725TuXoY6RSuoY6hhXPMNE8/1cs3hOEtZd3edr0+G6yFKk1ghogK4qbaKAKqIoBERAREQEREBERAREQEREBERAREQEREFCtL7R8UzlzQ6GNcW2GYktnMY3IggbeJstzcub4vA1W1C7JnblMQ5us5oAJEZiN+i2w6i25Y5tzGoRC8N7z9RL8s3bM3mYLze56xACtMe6c9VwLoLsg9VvKG+1EesZvpGirRwtVjSXxnMG7pl2W5OWYEzbkseMHUBcZLi4EEnuiDoNSYA8F186/LkmNLjseBUyNaAcoc97oJufVMHUgO3gRMc4eO4w4SGOEl3LYHwJII8PurA4aS50u7zjJDZlxiJk3iLTopmG4TaWsNtQ6xPQdU5K7+IYupia1QRJiACYA0FzAsJuV6w/CC43ufBbLQ4UI7wE7NJ+sLJYfCANiJnWNPj0VLXiExS1mEwfCmg6dT+c1mMNg8piLD58lNp0A0fYXPvU3CYF77NbY/0+9x19yxtkn02rgiO0Ohh/wrLYHh5fcXHPQf3WUwvCmMAzd4/6fcP1WQAWM226a00i4fAtZfV3M/ZTERVXEREBERAREQEREBERAREQEREBERAREQEREBERBRYTi+HIl7WyPaAFx1jcLNqziKAeMpmOhhTCJhpb3NdpCivwzTHdAg27of8A3Cz+M7GYepN3sLtS15bPwhQKvYZ1smMrNjScrviSJPvVoszmm0DzHUHxLgflsrjaQJ9VmnOf+14qdhsWJy45xB2LQPoLe5WqXYvFs/8A1D/5j91PNEY06k3ZgnwaT/ZTKOBc67jHiZ+Qt8VGo8IxbNRP8wP3U2lQxA1YVWbS0isJVHCMbc949dPhopvpBUKnTqbsd8Crww7j7J+ChMJIxhT0s81Y9Ed+6VT0N/IqEpIxZVDizzUf0J/L5hVGAf8AhQX/AEs81T0w/hVocOfzC9DhzuaD36YVUYwrwOGnmq/s48wg9+mlU9OKoMAeYVfQDzCB6ceXyT0/p8lT0B3RPQT0Uh+0enyVP2n0Xr0A9E/Z55hBUcRHJehjxyXkYDqrgwXVAGNHJSWOkSrTcM0K8BCgekREBERAREQEREBERAREQEREBERAREQEREBERAREQEREBERAREQEREBERAREQEREBERB/9k=" class="product_picture" alt="Curry 9 Low">\n                                            </div>\n\n                                        \n                                    \n                                        \n                                        \n                                            <div class="carousel-item">\n                                                <img src="data:image/png;base64,/9j/4AAQSkZJRgABAQAAAQABAAD/2wCEAAoHCBYWFRUWFhUZFhgZHRwYHRwaHBkdGRocGhocGR0eGh4eIS4lHB4rJxoaJjgmKy8xNzU1HiU7QD00PzA0NTEBDAwMEA8QHhISHzQrJStANjE0NDE0NjQ0NDc9NDQxNDE0NDYxNDQ0NDQ0NDQ2NDQ0NDQ0NjU0NDQ0NDQ0NDQ2NP/AABEIALcBEwMBIgACEQEDEQH/xAAcAAEAAQUBAQAAAAAAAAAAAAAABgIDBAUHAQj/xAA8EAACAgAEBAMFBgUEAgMBAAABAgARAxIhMQQFQVEiYXEGEzKBkQdCUqGx0WKCweHwI3KSohTxU5PCFf/EABkBAQEBAQEBAAAAAAAAAAAAAAACBAEDBf/EACURAQEBAAICAgICAgMAAAAAAAABAgMREjEhURNBcYEiYRQyQv/aAAwDAQACEQMRAD8A7NERAREQEREBERAREQEREBNdzjm+Fw2GcTGcIuw6lj0CgakzYzg32mc9OPxboreDBvDUdMw+NvXNY9FECfYf2n8ITRTGUdyqEfOnuSzlnNMLiEGJguHXuLBB7MDqD5ET5fTGNyZ/Ztzd8LjcFQTkxT7tx0Ng5fmGrXzPedHfIiJwIiICIiAiIgIiICIiAiIgIiICIiAiIgIiICIiAiIgIiICIiAiIgY/FNStrl0NHqD3E4zzT7O82Y4XEgmrC4iEEnzdTp60Z0LmnOA2Li4aMGGEFVgNTnbxEV5ALr3LDpNSnEWd9fymrh4ZrPdZObm1nXUcY5jyjH4ZguMhQteXUEMFoEijttvU3v2erm5hwg/jv/ijP/8AmYvt7x7vxjKzWuGAqgVoCoLE+ZI+gExfZfmHuOK4fGN0jqxrfLdNXnRMz6nVsjRm2yWvqCJZwMZXVWU5lYAgjYgiwRL0lZERAREQEREBERAREQEREBERAREQEREBERAREQEREBERAREt4jgAkmgBZPYDeBXI57ae0C8Hw7MD/quCuGvUsR8Vdh+w6yIcV9r+Gruo4dmQC0bOAW82XL4R6EmY3KuDxeIxRxvFm2IzImyoPGMuXoAKI9STcrObq9RGtTM7qzw7DCwFGuZ/9R2u2Zn1sn0C6kdSTrcucBxOcE5SQBY1s+dAb7X/AJUq5ly53LswsHQFTr1o121E03MOFfDwsYeIkqcpX72hNVvp5dJtl8cdT9MVnlvv7QTnfHtjYzuyhTZGmbUA6XZ39AOstcM2olvjNwe/6g/3lXCiYG/07R9kXtCXV+ExGsoM+HZ1y3TL6KSCPJj2nT580+yHMTgcXw7gkU6q3+x/A1/Jr+U+juHxcwo7w6yIiQb7Veb4nD8KgwmKnFfIzDRguVmIU9CaAvtcCVY3NuHRsj4+ErfhZ0B+hMyPfLlzBgV3sEEfIifLTYuslnsHzHFw2xFRmCHJmW/BbYgWyOjUTRHbW6lZz5akTq+ObXbG51hjuflM/BxgygjYznj8VqRJb7NY2bC8wT+gM0c3BMZ8ozcPNda8a3cREytZERAREQEREBERAREQEREBERAREQEREBIV9qPOPccEyKafHPux5LWZz/xGX+YSazjf20Y7HHwUFUuGW31t2I66bJ67wId7DcCmPxn+oodEUuQdiRQFjqNb+QnYOIKhQoW1uqFCtPXynCeQcxbhsdcRbABCuK1KkjMPWhp51O0ri2pZTnOgroQfTymnhuZm36Y+eaupP1VQRSSctaADcLl1+7sDd7eUwuPTwsTQFdhevTXT6y+j2NAV7+V6dNh/aaT2i5smCjWFYm1CkD4q0867z2z/ANO68f8A31ly/jMDxsLACswFa6XQ12nuCigHUn6fvKCb/wA8x2/zWMFCxCiySaobnyA6mYH0VWI1KxBo0de0+meCx/hJ+8FJ+YufPmJy1n4nB4agGfIjBaNZvEx0AsgEn5dp3fisbKygaaf5+k7118Hf7SSc7+2fBvg8Jvw4y/8AZHH7ToGC1qp7gH8pAvtlxAOBUdWxkA+Suf6TjrhmI03nsrxww8S3JCuMm9D4gQT8xQ9ZHsZpMvYLkyY+NmxBaYdaEeFmrQH00avMSsd+U6RuyZvaRNxqsMy2R/tYjSpMvY/m2GKwWanY2l5gG8N0LA1oE+dHtPG4TDJzZLHawANO20vYSpVDL4SK20KmwR5jfym3k/yz4sPHZnXkl0SzgYoZVbuJemB9EiIgIiICIiAiIgIiICIiAiIgIiICIiB5OC/aWcfH4/FGCrsMNQDl1oJvfzBIG9zunE4wRGc7KCfoLnz/AM74niEwXZ3Hu8d2JKlczMTmzV8QsWQCaIrUdazJffpN1Z69oscQMKYDXUEbWRqARtfQdNBJHh+1bqiIQ1IqgMpAYhTROoonoR69Jp+BwnSsfDQkJu2UsmxG5FX8VhvKrDATK4nmSPnXFwkJ3D4ZZH6gk3atv1UddtK5L4+r05qTXudt5j+3N4bKqlXBXKzLoNATnA8wdBv5yH8VxeJiuz4j5mO13VH8IqgOn7ylMHPiIi/C7AAiiQGatQDS9PCdqmZ7Q8nPDY5wlZmUgMM1A6kgXWnS77dBKt1rPd9RyZzm9T3WCFs0Dp1J6d9v0kr9nuUjDBx3FEC1za5UCkk6budB5WavWYfsxyf3jZ3U5E1AFEuw6+Y7dL0HWTIcB7+k1VCBnA3y/hvfM2xO4W9iZ6cefGeWv6TvflfHK19nfKrd+PxdDiZsgP3VJ1Y+ZoAeV95NjeIwrdiAPT/P6d9MTBQUFUZUUUANtBQr0m+5Fw1k4hGg0X12J8+w+c8v9vSfTeKK0nIvtr48M/D8OD8Ctit/N4V+gVvqJ1+fNXtxzH3/ABXEYl2HdlT/AGYdIteoUH6yVI62GG2JHrOn+w2JgJhMEfMzG3JBBDDYVWlD1GuhM5kouq37ft5+kv8ADZwQyMVbTVCQdaGoHqB2vaVjUzruo5MXeeo7rw2ITYuwf6S7h769R1nN/ZP2hZcy8RiKV0yMd2J3FjfcdNLkqPtDw5FjiE+ZA0IvrVjXpNXnm2alYrx6zLmxrvtE5uiYK4RLHELq6ZWZchU6ua00BoDubG1if+wnOf8AyuCwcRmzOo93iE7500JbzYZW/mnz3zXEfHxHxGJzMxIvSlFgKPTTbznWfsVJ9zxK9nRuu5UgiiN/CNfPymXeprXcbePNznqunxESVkREBERAREQEREBERAREQEREBETwmBFPb7iWHD+7T4sRgK7iwCPXW/5T2nCea8yxeJKO5vKCFFURsTegBPTQdJIvar2lOPxj4ysWTDYDDXN4cqEjYbltW32cdpEcVyhJGt0TpY7gjoQbPyJne711E+Mt7ro3slgHD4RMzKpfM6roDlY+HxdmHivX4q8pEfa/HQ45XDGTIMrEeHx7/drUAspPme0tcH7TcQie7w8XwrsGVGKqR8ILrfhO1d9KqallYsAFtmojYhid7vcnr53L1uXMkiM8dmrq1ueSez4x+HxMZmdGViFKhShoLeZT4jqTt2NzBw8F3dELCyctgkqq34iPSzQ7mhvPOCxHw1Zs+w2UsQLv4iDlG+3nJH7H8vchsYgZWOQZqy5B8TE+ZP8A1lYk11mT+XNW571b/CRcBwSKETCGhPXQgLpeWrIGo1klw+HCrQ07/wBZi8g5cGdmTXKAmUbA1dfnue8l3B8oAOZ9T26fPv6S+bXz4/SeHPx5fbA5bysvRYUn5t5Dy85JEQAAAUBoB2ErAnsz29veTpgc64j3fD4+JdZMN3v/AGoT/ScL4LgExOG0wi7ktZsA10AY7sPw6DU63c7L7a2eA4xRucDFA/8Aracg9jsYvhOn4XBHkH/uv5yuPM1eqnk1czuIbx/CFGYLdXW1EbGiD8j/AGonH4fhcTEdVQMzNsL1003J8IGmp2nROdchGLmYN46JArQ1b5b2AvNR1r9Y7yUFBiovhcjMjhRnI1BXUgWPM6EDsZd4utSX0icvebZ7aVOGfCxGwsRSpsK9lWoeF9MpIPRtD2kxZuVoCpR31W28ZW99CxAF69gQJofaDgPdFD74Y2I+b3lnxIwNa01mwSPF+Gq6DcexvFYGGzjiSiv8SviKNQbzLYGutnXe9NpMnjrxvX9u6vlnynf9IxxOAM5CsRhs+limVGNKxUaGh+E9K0nYfsk4NsFeJw/eJi4ZKOjq1lvCVYFbOWsqiibuQb294jBxGR8F1dhmD0D4SCAM46G++9VqJt/s25rw2BiYSq7LiYlpiKczK2YDxKwFAAqm5JAB7kmfH3PhXl8S/LtkTyeyVkREBERAREQEREBERAREQEREDyQ37SOd+44TEVTT4gGGKOoDXfocob6SU8dxIw0LHWth3J2E499omK+LkUEbu96UxGRDob2zN6UflUz8Wouv8pEB4gKEXfNmJOU0VsU2o7jIK9ZjrjkEaErqD0Yg0aNGjR1Gm9HsBl8Rw5GqMCRWhHxLQseZBG29G5isSNGVlW+vxA1X3gAw02023GpkdLVaNRVbYGgyiiWvwmyBl+etgk9K8wOIs2iG/hIA08YKaHcHU0NaNkdpbzgg7K1Uf4hd+hOgH085ljHAVQurEs5Y6ZmICr1IFWT6kwVY4nii51azttXlRFb7aj/10/l3BFcLBUmlCUymqJPcH1GwHrRo825HwpfHRavxBj8jOucNgl3wy5AIAtQb1FsdaBqx+uk1cE6l0z897sylfJCuCmUDViXbuSxvWbjC4xW61NFAM8dfN7r1z8TqJPExOXMSusyHOh9JC2q4/LiK6N8LKUPemBB/WcV4HlmPwHFDAxNExTlRwfA+Wyhv7rbrW9nqKM7FiHTSa7jMFcRSjqHU9CNP/fnLzerLE6nc6RcKFo6k2FJvp8Wt9NzpIpzxDg4wfDQKqZ3YWSpD0h1PUnDFj+LzuTXi+X5M9lijdeoA1IPTa9f2kX9usK8EOAdXyselaMPIfCuvmOs1bs1juMuJ476qFABmZiAtiwFIYWCGYsHJLaBrO/ylajQhTptedgLIrUDbodQB4TVzEwgS4bQsDm8R7a63vtMplwldmUBbJK3sAaOWla9Lq71B6ETDfn5bIttgtlHivt1NEVSnYjxbDUG9pncr4r3GYUrswBGazQF3WW9NbJBGiE3rUwGRdPive1sDyFEKe2ty9w3EFXtVLHVQCAbzLkogEakZep1idl66d/8AYD2i/wDN4VXYj3iEo4FjUaqaJJ1Ug7nW9TJVOCfZdz8cPxYw2NJjn3TDor34Dex1OXT8V9p3udCIiAiIgIiICIiAiIgIiICIlDsACTsNYEb9oeLJdUGylSfU+L65QR/NIZzfly42GhIps+VDr4Q5CaaWAQMx89T1m6xMfO4YmszZj9A6rfcZ1+STDw9UVzpTkqK0AC+7XfYUM2nf67s4kz418/W7d+UQbmPJuIwkcHDXEQHxFSGZdwCVI6jWh3Ej3C8v4mmy4DuB8SANm6bqpDEedEbzq+QFsfNZUMnpeG3vb+rUd/h7THdExER8dQwXM2VlsAuAKryBI/vqPPXBP09c89/blGLxWUlWwgjA7MuGCNtCCgrrv36VrQ2A3canNoTv003PX6mdN4zkODiN711OGpQFqY6sQbBG2gyi667aS3g+zmGuKWqkUqQpqmO+pG/YDqflcXg09Jz5an2M5a6K+IF8ZC5SQCACwvfyvX8+0/5Nwduzk5mCKhPXc/rV6eXlNSrXnTDQplzUxGrMGFgC9Rvqe485JeQ4GXD11JYgk1stgbadTPXWZjj6jyzbvk7rJMu8Nw7OdBp3l7h+FzN5TcYeGFFCZbWrowcMKABLkRJU0nMMEqS33T1/Cex8vOa12krIvQzS8dyS9cJsh/CdUPp1X5SpU2NPxCB0ZTrYka51wrY+C2GoAD3V+QRlNet9RtNxxeO+CwGJhsDYFr4l/f8AWWeJwPGAzHR/CASNgKBrcdde808PzLGfm+OtOLvwjq7oy5SvxBiqnToCdTt0/rL2HxlqqDKoAUEFVdSwGUuAytlYgalaudQblGFiB3ITEY/DnAYKSRemh6Hc1vPcPl+AuGFfAw0Z2C2iL8SgEG61NgdBr00k/wDHvfxXfzzr05/icndwpw3bEJIWsPBZUBq/jcILoXda6ytvZDjGID2CRoHcHqB0JAosPr5zpb3lwsPEXNnsZ1J0cEFGH4di3Wq69b6uxxTYzKfEtX4SoyuL+Q08/I3c4M/tF59fqOX8F7KcVhPnKAqjanMpF2ADvYFkHNVgajWp9Bcp4z3iAn4hQb1rf/POQpmJC5mytmtT0Io6HyIJPlflNjyjmAw3YknKSFPl028t77Hyk74JM3xdzz26nkmsSkG5VMrWREQEREBERAREQEREDyYHOnrBfuwyD+chf6zPmn9o2rDXtmBPkACb/ISsTvUiN3rNqKZczIVPhzsT55RlFedgD0QzDVMyFmoIrh9dAiotddha38yZkouV8NRtTMem+Yk66akj6+UxgudHRWNKUUtoCbNuddtD3/tvYF11z4mIpsIEKaaWcTU/MVv5/W0rDEV2YqqBlZSdKVDZJN91OvYjpvWCHxUKnwBA+n3s4ZUJ7ilP5fKjBW86CwijLf3iR8R/Pp1uBRiU6IxOXDBLnSiQDSg9gbs+la2buYqB8rsSqKgYXYpu7XvppXfzqvMgxUs0qZr72gGgNmtdD6H5yziFGXDdgWF2mGfvE7Eg10o2dr+UoZARyzqBkU2AwvOzHquh07SV8Fwow0RB90a9bYks5+ZJ/wCU0nJ+DZsQYzm1QLlWzlDka/7t7+k36zLza7vi08Gep5NpwCUt95ly3hLSgeUuTM0kREBERA1nOOHDBbGxv6ayG8yKrjiwSSzMNCatFO+yjb1JEmnM22Ej/NOEZxmQ06hhVfECp0vobo36jzHtw6kvy8eXPln4RlfdjDYlGRXbKcqMDYvxEr0F1m21+mXivSotZ0KUb1fXY9zoTqNq6bi26YmVQH8QJvMtjZdCLsag9esqw3BxmA8NZA1G1IC5l0sZCCTr11BG02sbIwm8eUMHCKFZW+LMAGDjSiTm1I0v5y3w2MqpiOLyUzlNmUn4wRrRsPqNNTW0to9o4dgrMxTMvhI1ZgTR0IGtj1mWzlEGZlViRZrTTUlq6XYvzsx8OKMlDDUKxUbMdWB6X6gsD+U8OY5wcoph5ZlJ016UOvcT0Ic9I1ZQiMtaAA2tDavERpt4Z46DK9uazg3Xwtnuj5XV+WvWdcSzkHFZlZDdrtfY618r29JupDeSH3eKii9aU9dKZRfzA+kmMwc2etfDdw67yqiInk9iIiAiIgIiICIiB5NR7QJmwmA1NGvlNxNXzc1lM7m9XtOp3OkC4fiv9RUTTIviNbhMNQBe+7g+oM8wvFhsim/EFLbAk0xK/wAAB+gG82vGcqRmZ0OVmFEfdPfbVTp0+k0uNyzGCMgo5ixORgBroNDRIArp0qbM8uaya4tRlMCRhlGXIMjFgRRRPEovqP3+R8zk4jA+FUFkdLfNq1dfXbN5zW8dh4mVEyOFvJWRqIGutDYgML8x6S9ijFxHRVR6v3jEKxvKQACQNN1P8v0vyiPCr2dWRywrDTw0ddMP48x1vUEEaigfOZXL8B8bKWHi1JJHhRSQRfegBQvxEdBdV8NyBmLe8OTD0AQEFiLzvdaDMTRvttrckeGgUBVFAdP37mee+aSdT29ccNt7r3CQKoVR4V2vc+Z8zL3CpmYDoNT8pZwlZzlXXuegm74Xhgi0N+p7zLa0yMiIiSoiIgIiIGr5k1MoOxBr1H+flMBpt+Y8LnWhow1U+cimJxrISuIp06gaj1H7So4zOI4ZHrOtkbMCVb6qRY8jpNfi8nQsrjEZCNDoCSOx2lwcxw22xF9Ccp+h1h2vbXzFEfrKm9T1U3Gb7jAxuTeFUXiQuVlYEpZ8JFjRuq5l+cf/AMxfCDj3lv7hNgg6attdfQTIfCPn9DHuT/mk7+XX2n8WfpSOBBcP7/xaX4DqBnofF/GZWnKbUr74G8tnKbIU2NLHc6+k9Wl3IHqal1OKQfeHyN/p0nPy6+z8Wfpmct5eqFKYuwKAsa+5Q0HTqTvJUJHOAxMzJQ6jeSOTrV17XnMz6exESVEREBERAREQEREBMfi8DOpHXpMiIEQ4zAdCdKP5Ga5+Py6OhHmBY/eTzEQMKIBHnMPF5RhNutek7250iCcxwf8A5VU+Zyn/ALVcyv8AzE64q15uv7zdP7NYB3B/L9pXg+z3DrqMMfP+0dnTTYfFIdEJc/wC/wA9ps+F5Y764nhX8I3PqZuMLh1X4VA9BL0durWDgqopRQl2InAiIgIiICIiAms5pypcUXs3fv6zZxA5xx/KCpIZaM1GNygdBOr8Rw6uKYXNRj8gH3G+Rnexzg8srvK05dJu/IX/AA36ESkckb8JnBFsDlw7Tc8HwW2k3ODyVuor5zZcPywD4j8hAs8p4ajm6CbiUqoAoSqAiIgIiICIiAiIgIiICIiAiIgIiICIiAiIgIiICIiAiIgIiICIiAiIgIiICIiAiIgIiICIiB//2Q==" class="product_picture" alt="Curry 9 Low">\n                                            </div>\n\n                                        \n                                    \n                                        \n                                        \n                                            <div class="carousel-item">\n                                                <img src="data:image/png;base64,/9j/4AAQSkZJRgABAQAAAQABAAD/2wCEAAkGBxMTEhUTExMWFRUXFxgYGBgYGBoaFxsdFhUZGBgdGRgaHSgiGhslHRcXITEhJykrLi4vGB8zODMtNygtLi0BCgoKDg0OGhAQGy0lHyUtLS0tMC0tKy0tLS0tLS0tLS0tLSstLS8tLS0tLS0tLS0vLS0tLS0tLS0tLS0tLS0tLf/AABEIALcBEwMBIgACEQEDEQH/xAAcAAEAAQUBAQAAAAAAAAAAAAAABAIDBQYHAQj/xABLEAABAwIEAwQIAgYFCgcBAAABAAIRAyEEEjFBBVFhBiJxgQcTMpGhscHwQtEUI1JicvEzgqKy4RY1RFNVg5KTlMIkQ0Vjo9PjFf/EABkBAQEBAQEBAAAAAAAAAAAAAAABAgMEBf/EACcRAQEAAgICAQMDBQAAAAAAAAABAhEDMSFBEgRRsRQicRMyYZGh/9oADAMBAAIRAxEAPwDuKIiAiIgIiICIiAiIgIipc4DVBUiinFjbruNvNUOxB/nI+hCCaiguqOnUiOYkE+IK9bWNzNtJBBb1ncK6E1FCp4s6nTY2IPmNFWcaBqLcxJHvU0bSkVFOqDoZVaAiIgIiICIiAiIgIiICIiAiIgIiICIiAiIgIiICIiAiIgoq1IHyWPqVZPO4sBJv8lcrvzE8pi3iJUVgmze6CNRrLTvPgqi7DuR1/aG/TTdUyQCNPHuzN7Ed34K29rJjKXFwnxI680NSAH5XtGjtwPEFBdfVFjYHWD3f7XsleVHRBEWuZ7pvyd7JVNO0gEZTcZY85YfoqKbtW6RYholt+bDcBBcL4O17fsu9xs/yXjABOXXfIIPmw2Kti7S0xa0DvN6SPab7wqc8tvltse8y37wu3zKC/VrwYAk7kRI6lpKv4bEP3g+Eg+bTcKKHmdtLAxH9WoqK7ie6CeZE98eB3QZqnVB0VawdJzQMxdI/a0Pg4fVT6GNGhPgeaaNpqICiiiIiAiIgIiICIiAiIgIiICIiAiIgIiICIiAvCvUQYRtR146kePI+5V1HECWgG8+Idr57qxiyadWIkEyOsnT5qoCO9rl6+0w3Hu2VRXIYC1gGYd4CdjrHxRlZx740OoO2xVoXMQA5t6bj+IePzCHEEy6nBIs9mh6+HgguvDtHDMNnCx6aa+I+CpmT++3Q6EjxEghWW1SBaSy8j8Tecc4/JeuqWAf3hs8ajlP5hBdeQe+AQ4WJHtDxbofuF45wBzNkz7RbceLm/cKkOm4uRq10A+/66LzOD1nfR46GLn71CD0ECR+Hlq0zyP4SqSbQZtp+2OoMX+CoJJOozN0cImOT26kdVS2pBm2U2gyIPQ/h8DCCt4LjmB21MZHdHDYq9RaGjSG7tOx5hWG2LrGdzvH77d+WYKuSQInzMjwPNvUKjJYbFiYm2qngrAUaQF2ix+B3WUwNaRl9ylEtERRRERAREQEREBERAREQEREBERAREQEREBeEwvVD4tVLabiPNWTd0luptiuOcTpCM5AANiTHkoOExzHXY4OiYgggjcGNj8D5q1heAUsYHOqPeHNMANIgCAQYLdzPuWu8Y4DWwLxUaZZMBw0PRzdl7McOK/t35eLLLl/v9Nve8ZQTOSbEa0zycN29UcMzrgtqjQ/heOhGvhr7ljMDxIPYHsg5xdh0cQNJ2daJ+BU3D4pjqYF/VmwcdWO/Zcdr6HouGeFxunowzmU2l0as3bAIs9pN7dd42NiqnVmtvmOU9Jyne+keKjsqHMWvH6wWzaZhsT1VDDJLmQHC1Sm609eh6rnp0SyBaXAH8Lh+X2FYryJBAqNtmbEOHVqtBog5Wy0e1TfYt8Dt8kZUIAc052jn7beh5j+aiqqYzQQS4D2XggPb+66dVUagk2kRDxEPHUt0cPJW4pv7xlhNiQYY7+sNCvHOIID5dGh0qN6gj2x4KioOIykGf2Y0IGuXk4D8JsVXRcAROjtImL8uQN7bEKgQRr7Wjm+ySNDH4X/d9FRmEHNYHXmHc28wdbbgc0RLdV2Bva/OdCfdCuYPEGQ6NwYO1iCsScW0mD4E736bXvCntq3Fzucu370H+0EGytMiV6ofDq0jKTcfl9+9TFloREQEREBERAREQEREBERAREQc29J3b6rgq1OhhizPlzVMzc0T7A1i4k+7msj6PvSAzHfqaoFPEASAPYqAals6Ebt5XE3jl/pdoFvEq5P4vVuHh6po+YPuWpYLGOY5r2OLHtMtcDBBHIqj61RaZ6Oe2rcdTyVIGIYO8NA8aZ2j3SNpHNbmoCsY3CtqNLXfyKvohZtzzH8Rfw1xqvP6sHK6x7wJgZfCdYUNnpTwWKL6Fam+nSfLRUMOAvYloEtuAZv1W99peCsxeGq4d9s7CA6LtOrXDwcAfJfK2IpupPfTqNyvaSx7T+FzTB+IW8s7fLnjh8Zr07PwzCHI5gdPfcWuB7p0LXNI1B1BU7AY803OzNMOtUb83NHPeFxrgnHH4aqHsJIi7Q4gEHmLiesFdZ4ZxBlekyoDmDtHDURaHDYjSOhXpwynJNXt5s5eK7nTY8PVa6Gk6d6k/m3kZ5aKS8B57rgKrdDzHIjcLA0Kjmd0d5kyN8p5hZFldlSGP7r/AMLx9Dy6bLlnx3F14+SZJbTnhzTkqNsWk28OiuAXzDuP35H+ID5hQ6jyHAVTldo2qBY8g8fVX3MqEQ5geObHQR4TcLk7Par2gz/RuO8d13iNHeIViXXgAtFzl7zPGB3mHwVdOk4WNRzRyqMnTroVWKQdZvqyQfaa2CPiioWJxTKbXVHOyiJdJGWObjv0MA+K03tF2meMw/o+7LWuJFQg6PqRejT5N/pH7ZYle+kjEV8K9j/V5qRZLKhEspVWuMuc2CC/KWFhcYaWuMHbnFPirpzWe4uLszi4kl0SSQ7vabzus5W+iMpgMacLUpvY5xNy9pES1xkzfUyTe8wbaLsPBsc2qxrmuzNIBbrfcRycPzBXEsdxl1VgD2szTYtBmLzJJN5PwPNbJ6POPZH/AKO491xlh5O3b56+M81njt1+5ctenYMJXLCLeESfHxHQXE6Qs/h6weJC1dtWRPPW3z0EeMwpOFxhafa95J+sLppNtkRRsNjGu3AKkrKiIiAiIgIiICIiAiIgIiIOK+njAxXoVos+mWedN0/J/wAFzyj2erljqhblAE5T7TovZu3nBXbfTRhj+hMrN9qjWY8Hxlv97KtR4FxFr2h8Ese29muItDm3ggg3mdROljrjyxmcmfV/PpjlmXwtw7n4c+4PxSph6rK1J2V7CHNPzBG4IkEbyvpnsvxynjcNTr09HCHN3a4e00+B94g7r5r7TYH1OIIHsv77ek6j3/AhbD6K+1/6FifV1DGHrEB06Mdox/QbHpf8K1yYXDK430nHnM8ZlPb6JReAr1c3QXGfTj2P/wDUKLeTa4A8m1Pk0+R5rsy4X6YO3hrPfgsO79UwxWcP/McDdgP7DTrzI6XDlzagGuulitj7P9q6uFDqeUVKep0ME8ntkGw0PLaFq5KqY5oO4FyAOo0nyVxyuN3GcsZlNV03CdvMMRLjUaerbe9pMrP8L7UYOvlpiq0udo10tfP7rXAGfmuK18uu37pgjTWQbKqlXDMru8D7TTma42LspsBBBDeWhO4Xb9Tl1lHD9Lj3jdO7O7QiiXU6n6xoid7OmCYuNCp3D+LU6kNoPbP7Lyc/kDBK4hwfiFWviGgZnucYLi4zAgSdZtsZ+q2oY9jHupvdTLmkNLTLXSYjodRcTE3WL58us8ePbrdOlXcLvgfw2/tKsYcz3adNxH49PfC563iNWnAquq5YtebbAunVT8PxunqHVGgxLWyST1NhPgs6rUsbuTVB1LjyYQAPHNMrD8T4Rhap/X4TDl2mY0wD512wR+agU+K05sXgHWJv/EdfdKqfxU2DXh1oFN7SARrA69dUGLx3o2wFSTT9dQP7jjUpzyh7SfcVgMR6K8SCDhsVQqXkF2am4cjAD7g+Gi23D8TzEbi0TBMG4km8j9Y3XZZnC4gP1udd5uY3J2308BrdGx1F1KA/vWEuAtMXIGyusfNw63VwnfaPv547thiKwwNd1H26bA9puZaxwdUbzksa4TrcERquZcG7d1mEes77dQRZ48Dv5+9TY7NSqnaT5OP/AGfcjmp+Hxjhs7/hd+S0ngvaqjiIh+Yx7JcWu8xuOo962GhUa72WyetQj4Hw+Cpts1HFh3MHqCPmFIWtBuX/AFbfe4qdg8cRa7h0bHuus6XbLoqWPBEhVKKIiICIiAiIgIiINC9NNdzeHFoEh9VjXHkBLx8WAea4HheLVqLXNpVCwOMmImdJBIkGNxyHJdh9OuKqNGGbI9Uc7iPxZhDZ6th8Rpe+0cZxFETIsD7gfqOR+oKni+KI7iZLiSSbkkyT4k6r15tI2+/vzVJQHcWWto6t6OfSuKFNuGxxcabbMrAFzmjZr2i7gNiJOgg6rpju3/DA3N+nUPDOC7/hHe+C+WnAHYjw0+K8sOfn+Siux9ufS+HsdRwAcMwINdwLXAH/AFbdQY3MEct1xuo9UucpOAwL6rwxjZJ1Ow89kk3dRLddo7KZIJEQNyQPdJuegVxtBpF69NvQiqfdkpu5fFbpwjslTDMz3sqOc2wDRUbse64uDC63Pcqfi+ANphv6rDvaR7XqWZgZAAc0Nk63M+PXt+nz05f18N6c8c0N9mqx3gKg/vMCtFm/ObzN/wA1tz+yjapcWvpMI1DAQB5SYHxUTF9nsThgQGtqMdBPd9ay1wYj46QVm8Oc9LOXC+Np/AOztB1Cia9So11QF4DCxrcod3faBLj3gZ0ExyWN4Zh6mMqVGUXOcGhxBrERlDiG5nuBuZBiB+LWFic1Wk4gB1PWwJ87H3rK8M4mGCs9tVuaoBnDw5lRxkiKbqRhoAPIaK34XUs1901nN2Xf2btgeNuw1NlHHUm0WFoFJ7SHMIbAu1pc5u148hCs4rtFg80DP/GxhyaG+xgQbgbHkY0zi+Kq42rTcwOLiAzKSC2RJEEkAi7rkDVW+N8OFAtpuANQAlzgRA7zho3u7Hd2kTZM+T1F4+PU3f8ATodGoHMD2ODgdCIIPgVTWqmHNFpLMvR2YaclzulxdzKQpsqmBJAaCJLiCZNjYz0tvKm8G7QuaYquc9pmGjVu8guMm0iJ+V5M5WrjW/YPFd6eZnyL3n5VAfNbXw8EgEdLW1BPPlzXO+B8Up1X2kHkY55TEdCfJoW+8IxAiNec+7/tK1/DM/yzzXCO9MQcwgmQReRfnrJ8TouEcQwFPA4yvQq0/WU2k+rvHceQ5jgejZHiCu8Ye4EfCYt1gj4Lnvpb4WQKGNDQSx3qqgIsWOOamXTsHS3/AHi5Z47jcrn/ABaqTWe7KGHNIyyNpB6OIIJjcrpnosfWxNKq6s4uax4Yxx9o9wOcCd4lt+q5lxDitSvlDohpORoGmaIHWIAXeey3Cf0TCUqIEvAl8bvd3n+QNvABZ49zGSrlrbIU2x7NPN+8dLaq48n8b4/daqC1xu54DRYxoOg5lKbmg9xpcY1K2iThazmmWtdG+Z2vksxSqBwkLAvadajo6BXsFimsNnGDqD9FKrNovAV6ooiIgIiICIrOJrZRO+yDgfpcrzxKoBUNRpa1sEyGODQHMEaD4gudyWi7FusXHUa2HMa7fiG6m8VcX1a4PteuqHTf1jgfKbeax9SpIDwbjqZnU7bwXa/tLF7VYrDfff6EdP8ABWHOUqrBEjrb4kfMj3bBQSVqVGR4fw81Aaj3tpUWmHVHAm/7LGi73wdB5kWnLV+BPrBow2HdTpNBJrVyGveTF3bhtrBoi8lXOz2VuHbU9Yyi4VHM9bVbnI0eBh2k5QbkuJGp3V2uPWEltB2Oi5c7Fh5/5LPZHku0xmnDLO7aniqYa8tD2vAMZmzlPPKSLiZE76rbOxDntD3MYHOmNSNNJItBv5wtc4pjQ8how9KhlNwxhDp/ec4l3lYdFnuxnFmMzMc7I50Q60Ajc3HS87nSxV4bJmvLu4Nxq4Av/WBpY4wXDORfY90xy11tIC8w8gw6p6w6EACZ6xbNteJQVHtdmcwkbOa6Xb3AdAjS0nXTnezUKxiS2qZiM1MnuEHeSQ2Z1i0SAvoTUvh4bv2r/QKbv1uUw0H2gS4QBIDQHQYm2vvVzhlZ1RxtLeQBkCYmXDw0I5jkqq36QCz1TmBrAA81JcXC2pBtF7ndxOykltPK+GZpBzNbAJERA0kEeWvMLUjFrFcU4IK9Zktz0zFw4k2uSZHddZwzA7gGNsbjOxdOq9wArNGziWuFhuC7MRO4+V1sPD8Y1tJz2tbSbmIDXT3jF5Lg3K6xkEH2CrlGiaj2vzksElzD+0QMtpLYEkwCddTqs5YY5dxuZ5Y9Oe4/sw/DQ19RpYXQCMrxB9oimS1wdGWwndYPGUHl8GCdLHKTBP4HwdttJXV8PWqkljsOchJscpaNwWzf+rEX/DC8x3CMKQX1KIqAWIDMxG59kTrM+N15svppfMd8fqbPGTjgbHL5H4pmHn16LqNbguCqwPVtp7Bre468xBdAOh2lYyv6N3e3QrgNiR6xpB03LY5/srjl9NlOvLtPqMffho9XEkxlLpEXnoIjXLF7zpGkLOcE7a16RyhodmOriXGbAQAPCw1Wab2BeBH6TSLeYoh4BPN0adfFZXh3ZjCYR4q1S+o7UOeGNpSTZzAI72/tdY3TDgz/AIMufD15btw/iXdb6+GFwmTdt5MFzmnvjcDQg+czjHDW4vD1aU92owtBAsDEtdOQXa7KdlgKbAYNOpUO2QVGuBA7p9o38nT5iFXSxWX8NSkTrNMlvvZP94rvlwS9OGP1FnbS/R12Uq1MaDXpOY3DnM8OaQM7T3Ggmx73etqG9QuzVSLzPhMNPid1rlHj9Vg77pbsXMOXX9phdGm7vJSaPHWPIkW6Oa7n1kaclxvBnHac+FZptHRzzbYC3uG3ivfWE2b3Rz6LHU+KUnOu/wAhc+ZUqjVFSYcA0bAyfvqudxs7jpM8b1VfcB3eUztNssckdWizQqC+dVlpnOF1ZZB1bb8lMWJ4K67vD6rLKVqCIigIiICxGNrZndNB9+anYytAgalYhw+/vp8lYlfP3b/BHD8Rrgjuvd61vVtW7vPNnHxWv1Xlrpkw7WDvqCLnx945rt3pH7I/p1EPpR+kUpyz+Np1YTtzB5+K4dWpPa40qjHMe2xa4Q4dDI8x4u/aWcp7WKXd0/uk7SI3EH4tJ6cirNenuI5205SOm0bHyVYdaDpsdiCZ8hvMSD5rycuul4O4Oht9Nx5FZVfwvFi2n6p9NlWmHFwa/MC0kQcr2kETGlwr9DjbKbg+jhaTHjRxdVeRtaX2Kh0cBUqn9TTfUP8A7bHPGm2UH3HTqs1guwXEKkf+GLAd6jmsHmCc3wXSZVi4xr+MxTqr3VHmXOMkwB00HSB5K0HRcWXQcL6JsQf6TEUWfwh7/mGrIUfRE38eNPUNofU1foi+GrcB7UOYBTq3ZtzH8J23t/Jbr+nNbT9ZTDTMEREm4knkRMmZ0Rnolw2+KrnwbTH0KyXDfR9So6Yqu5p1Y4U8pjT8OoMGdbL08XPcfGXTz8vDMvMYvCYluIAZUBzNhxLm5RZwJEOaBGkxYzYzde8QfXFXu7WbBIImGk3BBAOYkGRe9oU7inA6lAOcwetY72j+OJOrRtBIkbTpZYuhxrKIjYdNNOZjrqvZjlMpuPHn+zLVZzF021crKkXNgCBmM7A7xynU30VB9Xh2ucIbmddzySbzc3nLMwJFztdazXqvJcadWS60PM6mYM5RabRyC2Kjjw5waYyBoh5c0wdCCIG0d6eYhXaKn4sV4bSrMziZbIe10RoGvBtI5wLEaE3aTKjILnU2Acp70ajJf4Em9o1UepiG0vYpOdN87W59eUHumAOmll56/D1XhtWmXuGhfSdLZnV0FuWBMgxYc5UX8MoaxPsNh1ozakQZIvPwPUXlQW4uoCGuw9QusMwNMs7wvLS9oHWInaV5icJRpwXBx7zYa0vDQWxlkAloA1g8rAq7Tx7a/cFUiQHjI4ZgHX71pAN72BuLG5IkOwNMkw6ox0AltOo+RAIADWugDUCwkqnCcRZGVp0NxUeC47mx3897xMqw3COpQX13uA0aGtLjz0YCJBANo6qW6sXezka43a5zZLhvcaHXd0RNxMD/AKqf62xpergmYILCbaSZvMmdfmfKYqWbUPq9CCKzi+0WJyjMDfWfHlEJxUiGNcRv6wta4Gx7opkHwnwVyjgabe8MzXD2m06hIBIEgNNotyExboP5XamemM3rahESMtJ1TQfu2v8AW0Ko42m4SX1Gxq5znU277OdEQD4CeqiYPilHMWtIY8wclVxDz/Ud9CVXi8fUHeY5u/ccNwDIDpsS6NjoYmZU2aX8XULPaFUtPRtQQeYDvWde7dR6lYd2pSPrGk6juvYRYNztDXNuCIeDexiVI4a2vWEGgWiIOYZW6WhxMObHITbS6y+F4BTa7PUdmMEFg9gzlgvJu4jLE21MzaMZcuMnbphxZW9Mjw3FZ6LHR7QmedyAfMQfNXXKgmdIEWA0shK8F81754jLcDb7R8B9fyWWUXh1HIwDc3Pn/hClLNbgiIoCIiDE4mpLj4/I2+SsFe8QBY88jceevxVgVFpke3l9PosdxThlGuIr0KdUDTOxriPAkSPJZHOvJQazU7FcON/0NnP8YuddHK/h+zGCZ7ODoCND6prj7yCVnzHL4D6rwx9x+X1TQhAECAIGw0HkFSWnl9+RUxzvuY/MK26PPkRHxHj93VEMlA/7/wAFIdfy1B+h+/irDmjUafEIKTU+/wAk9YV4R99RqqY+/C4+CCvP18LrCcW7O060uZDH84sT+8Nj1CzX8x/L71VUTcffNaxyuN3GcsMcpquZ47g9Sm6C2Pl5HcKCabxtP3K6tXpNeMrx/h1BWFxXA+XeHx8/z6r2cfNjl32+fy/T5YecfMaJ+m1Re9vP+amUuNPF7g87z81na/AQdhAmbfikEX6ROnLkrL+A7rvMZ6ee5X2hUO0BAgAwdjpzJuLfe6rb2jEDKQ2dSACTHI7eOvgqjwQid7z4XnYeSopcGdDc8ZoAMTE7xOyfGr83v/8AapFuRzWvYbw4l0EGQZMnW9zY6RKuYbiFBpJbMzIBdYRpbS3MgnqqP8n55jruPep+E4ENeRjzT4a7p/UvpYxPEnVGxmaDJmGkgieWb87hVMxdhaXAahsfAzY8llsLwgGQbEX8jv7wVNw/DACZFoEeM3+izbjPbU+d6jXcRhjWblcwOB/aAI5ydPvkspw3CPaGwYAAAi1h11hZinhmtBtrczdSAwCxEjQc+s9Fxy5ZOnbHhyvaukCN5V0FW52n7/JVtf4ryXy92M1FY+KmcKw2d1xYXPXkFEoML3BoufMR1PJbPhaAY2B5nms3w3F5ERYaEREBERBGxlNrhlP+IWCxOFezqOYHzGy2QsCtVcMDuQrKmmrevPj7vzVXrvux+cqbjuy4qGfX1GnmI/JY2r2Kr/h4hUb/ALqmVdxNLvr9xcdLH4WVJrbzbnuPzCsnsdi9uIe/Dtv49+FQex+O24hT/wCl/wD1TcNL3rvfy2Ph1++S89YI/d+X5KOOxuP/ANoU/wDpdP8A5U/yNx/+0meWFH/2K7hpfJ057HmqT/MfX75q2OxeOiDxP3YZn1ej+w2LOvFag8MPSCbhpU778eaokD7+9FZf6OsQdeLV/wDlUh8lfw3YCqz/AE97v46LHfMpuGjOOf3+SraRrMeH5KSOyFUf6TTPjhmfQqxX7H4k+ziqQ8KAHyKbNKonl7kNPmQsY7sZxNpmnj6fg6lPzUihwni9MQ79Er9ZfTPycE3Bdfh7Rr4q1UoTqPvqvQzio9rBUT/DiQf7zArT6mP34a7+rWon5uC3OSxzy4pfT19Cdt0dhZIMGxnTko9StxGbcOqR1qUZ94eV56/HR/mysP69GPfn+i1OW/dzvBj9ksYfoVXToZdBvJn3fIBY8VuIg/5sfHP1zG/2bj4pVbxN3sYAN/jqtd8B+aXlt9rOGT0yTInUX5aqvNFz3RzKxDeH8YdYspU/4QP+5xVl/YfG1DNVxcerhA8BMDyWLntuYaZf9Np7VGk+M/JSqAaR7QPv+ag4PsPWGpaPP8lmcP2ULdXD4rNu/bcx0g1m0/wvg9AY87QrLKNQm9dgHIMM+8mPgs8zs4B+P4K+zgDN3E/BTbWnvC8AzLIPjG/mskygBz968w2HawQ0WV5S1RERQEREBERAREQEREBERAREQEREBERAREQEREBERAREQEREBERAREQEREBERAREQEREH//Z" class="product_picture" alt="Curry 9 Low">\n                                            </div>\n\n                                        \n                                    \n                                </div>\n                            </a>\n\n                            <button class="next_pic" type="button">\n                                <span class="carousel-control-next-icon" aria-hidden="true"></span>\n                            </button>\n                        </div>\n\n                        <a href="/products/8+1">\n                            <div class="product_info_div">\n                                <span class="product_name_span">\n                                    Curry 9 Low\n                                    <span>\n                                        ($49.80)\n                                    </span>\n                                </span>\n                                <button class="purchase_product">&dollar; Purchase</button>\n                            </div>\n                        </a>\n                    </div>\n                \n                \n            \n                \n                \n                    <div class="each_product_div">\n                        <div id="carouselExampleControls" class="carousel slide product_picture_div" data-bs-ride="carousel">\n                            <button class="prev_pic" type="button">\n                                <span class="carousel-control-prev-icon" aria-hidden="true"></span>\n                            </button>\n\n                            <a href="/products/3+2" class="slide_show_pictures_link_tag">\n                                <div class="carousel-inner product_pictures_slideshow_div">\n                                    <div class="carousel-item active">\n                                        <img src="data:image/png;base64,/9j/4AAQSkZJRgABAQAAAQABAAD/2wCEAAoHCBYVFRYVFhYZGRgZHBoaHRocGhwZHR4eHhwcGh4cHBocIS4lHB4rIxkaJjgmLS8xNzU1HCU7QDszQC40NTEBDAwMEA8QHxISHzQrJSw0NjQ0NzQ0NDQ0MTQ0NDQ1NDQ0NDQ0NDQ0NDQ0NjQ0NDQ0NDQ0NDQ0NDQ1NDQ0NDQ0NP/AABEIAOEA4QMBIgACEQEDEQH/xAAcAAEAAQUBAQAAAAAAAAAAAAAAAwECBAYHBQj/xABDEAABAwIDBAYHBQYFBQEAAAABAAIRAyEEMUESUWFxBQYigZGhBxMycrHB0UJSYpLwFCOCssLhJENzotIzNERTkxb/xAAZAQEBAQEBAQAAAAAAAAAAAAAAAQMCBAX/xAAnEQEAAQQBAwMFAQEAAAAAAAAAAQIDETEhMkFhElFxBCIzgaGRE//aAAwDAQACEQMRAD8A7MiIgIiICIiAiIgIiICIiCitcYzVtWoGguJgAEknIAZlaR0r0g+s6TIZPZYJBI0Lt5O7j45XLsW48tLdua58NzZi2HJ7TyIPzU4MrUcL1cJYC4Cm7NsTtDdMW7vgVXB9IPou2Xzsh2y6b7JtmdWGQQ7MBwmblZ/9qox6oxEu5tRPTOW3orQ6RZXL0sBERAREQEREBERAREQEREBERAREQEREBERAREQEREGvdY68llEZHtu5Aw0HgTJ/hVOgcI0k1DctOyOBgEnzjxUHSn/WfvhgHKCR5kr1egmwxw/Efg1eGJ9f1HPZ6J+23iHprXOmMMDVdIBDmNkHIwXNM75BAPBbGvH6SbNQe78ytfqfx5cWpxUdXMRtUiwmXUnGmZzIEFpPEtLZO+V7C13onsYlzf8A2Uw7hNNwHiRU/wBq2Jd2KvVbiUuRiqVURFszEREBERAREQEREBERAREQEREBERAREQEREBEVrnQCUGv9JU/37jvYzyc//kvQ6G9l3vH+Vq83HOJrj/TcT3ubHzXodB+y73z/ACtXgszm/M/L0V/jh6awMVTl4P4SPP8Aus9YmKHaaefyXqvdEsaNvJxn7urQfoHhp5PBZ4S5pPurYVr/AE3TDmbJ1BFs8ivT6KxPrKTHHMiDGW0Oy6OEgrD6aqImaf20uRmIqZyIi9jEREQEREBERAREQEREBERAREQEREBERAREQUUGINgN/wAB+gp1jPMk8LfM/rgs7tWKViOXh4i9eodGsY3vl7j5Fi9DoH2X++f5WrX6/SmHY+o6pWY0ue7slzdoFv7uNkGfsT3rK6H6w4Vrak12XdtATJjZaJgcQV4rGYu5ny9Fzow2tY2LHs8/kV4v/wCwwutUASRMP7j7HPw1lT4fp/D4hwZSqh7h2oAcLCxNwNXCy9lyYmmWERMSr0k2Q0cT8Fb1ecWmpTO8PHfZwHAEA/xKnTGIYxge9wawG7jkJtnzWB0Z0jRNZjqdRjg7aa4hwMAiRN7dprR3rw25mm9E9tN5jNEw25ERfTeYREQEREBERAREQEREBERAREQEREBERBRef0n0rRw7dqtUawaTcnk0XPcFidYunG4ZkyNo5TcDSSBckkEADM7gCRzPDdLOq4ym97Qdp4DnPh74PZHaNmAF2TA3dfXOqv05xGXdNGeZbK/rxUxD20sIwMDjeq+HENElzg0S0QASJJ3Qtl6S6RayjUe1we5rHOADpkgWsM7quIpNDZMAQ4F0ZAtc2TrkV4tTCYNga5rabiHMiGy6S4CRAJJvP0zXguXpq3H9b00UuYP6MxDq9Vr2V3ObUe1zm03uaSHEFwcBBBiZ4rKHQtUEtbQrG9jslptOpIXW8NhhLnbABcSbgTzWe0WVpvTOoWXGR1frm37O++pdTB83yth6ndFnDYipXexzGtZsCXMdO24Gey4xGxF/vLosLFxbLHskgi8CT3DfdWq9VieISIhrnSXTFLGj9laypsvcGueAGhonOT9Fo2D6t4to2m03A5EbdPd+N4ldKNdzhs0abtppae03YAgg9qbgQCsnG4huHoPqO+yCd20Tk0cSSAOJCzpu19odzFOoc/wPS2OwRFjsjNju1SP4WuBIpu910b2rd+r/AF6w2JcKbpo1ZjYebF33WvyJysYmRErlNHFVGPfV2oe5xLyMn7R2iCDMtMmxmxVnTVDba3EU2xtEtewXhwhxDZzBDtpu47TefuoqqjiWNVNM6fQyqua+jTrW6oRhaz9owTReTJcG5sJNyQLibwCDkF0lbROWMxhVERVBERAREQEREBERAREQEREFFZUeGguJgAEknIAXJV68DrfiwyiGH/McGu9wAvqTwLGub/EFJnELEZnDnPWfpB1eu4mdlmh0c4SGkb2t2WxvDj9peJ6yZ0iMvJwGpm3eslmLL2FxDdt7nOMi0uMzzkm689zDMReY71jEcct58Ov9V+mG4mi10jbbDXttZ0QbaA5jgeBj0qFAtc42AO6T33sNBAtbXTjvRuKNKXsc5j7AlpEmb2BEEWyIIXtM65YsW2mHiWf8SB5LCbM54JdO2YQBc2Z1zxOzJNORn2Hcrdu6xq/XHGEkBzW7op34e0SFxFqrOldTSFyUdZMTB26zy4e42Z07DBCxX9P4o7RFepHA5d/6yXcWpJw6y/YpB73vAaASSS0NaJJMmBFzmSea5v1r6xjEvDGEiiwkg5bboIDi2PYAmAc5k5BeQ3GveZqPe9wkgve58HcA4kNm471C6kSQQ2ARMC9hmV3TaiJ5M40sDC+Gi05DcM1NR/6dVonaDKdRt8ix/q5G61ae7grXVdjsm7dR8rixFkw2ILnvaTJOHrAaXaz1gGmrAtKs48JG2JQc6k9mJojZ2Hse9gtsG2y8Af5bwII0JOi+gcFiRVpsqN9l7Q4ciJXzwa76JEDIuDmu9lzTFnDUGT5bl2D0b40PwmwJim4hoJk7Du00HkS9n8C7pmcs644bgiItGYiIgIiICIiAiIgIiICIiCi5t6QMfNV4FxRolsT9qq5jXAj3HN810krh/TuLLziapuKldscWN24v7raazu6w0tR92WFgmEtgDj/dXY5hEgC1ydBxJnU5co3qrKoMAAZC/d7PdMTwVlanDrg8RkfGFzjOJdsVmaz2QG/hPOc/5hHKOahxOxAAzAEREAG8HWbqOnxmE3GV0o5ZrwQB94gTzAiTugX7+CpVDQGgTOYNtfvcbKIONpJjnmO9N8mkWypC4ROUTaxuREcQRqco8Z67mbLQBvi9xe878liOp+Cu0WDWBA8YWdSaQy43wI0tbkSB3TvVgewMiMzds3sPay8lh1XWMKYyLKsl285n4lSdEPnEsbvFRun2qT2wd4urcNUaJGRg9qTcbu/erOj3gYnDkCB66m2Jmzntab8ilXMTHhY3DHxgk7LcoBEGZIsSCd/yC3b0R9IkVqlFx9psjiQZ8htn+JaXsOaWGDaxtvET4krN6q471OOoVJhoeGOMR2XHYJP5pPJWNuao4fQaIi1YiIiAiIgIiICIiAiIgIiIMHpbEeroVqn3Kb3eDSfkuI490UKbdoES/IcKYAGpALX3XW+vVbYwGIO9rW/ne1n9S430gQPUh0xsEmM+1UqR5bKxuRmYbW9SvwDhPHQ6eH6+mXiIPP4cOJ48F573gPtnrunhGi9HBQ4gHPQaTnc9yueMrPsiw9KXWAmLA5TPnaVe9nZHEyCc+PdZUq7O1LSTrlEclfSYHG53aTJyidE8iKmwTf8At38FJXItOenDhykGFXEASYOpkREHdxULSCbugb8/EBXfIUwJEx35cJ4SpXE9qeTp1N42R4KzFNAOd7SI4b/NY+1lJU3yLXvhRvcIkRFzeeR2+NxEK7FBuyO1vgx7X0hecXptdJC8A2y4qXDVNksePsvYXHUAOaQBwN1FRpAgkkSQf4eJUGIBDXw7Q3HJJ54I93r9KsLaj+D3NkZBrHOaQbcBrovKqi7txuOeY55+a9HrIB6+sd73n8zi7+pYj3Asba/zyPk0eK5jUSTt9AdA471+HoVtX02OPvFo2h3GV6K030W4nawLWTem97PE+sHlUC3JbRphO1URFUEREBERAREQEREBERBqnpFeBgnA5OfTH+6fkuUdJgEMnSnSj+Kmx5Ebu1MrpnpSI/ZaYJgGuyTn9iocu5cx6RaDXcwugAMaCfwsa0R4LCvqhvb6ZY+CNyDl7Ue7p3z8FlirflYR8uBKhe7YcdmL85aJ9mQeClw9PbvYACAAddOMSc0ie/ZZ9mXQaI2pBIjkDNp3+G66pWAabH6jgSsbbcxxGotv/Wh7lJQpl1z7OU8dB4keK6zjmUS0XBwLTGhngPavyv3KGu8CwHHxyE8viUbU2JDmmY36Z5Rqop2zYHOSTfPXIWzTvnsDe0TefMnkNVbicpFotwjS/wB7Qjgo67S06xo7fuMqGs8v07hvNz4lN8wIi821jepnUR7WhMgW9mJOmeQ4lWPw5ABvxtMc+6NykfVaQAJAEDITG6Z1N0mc6EIOek5/H5K40eySYNrDQ8zkOSvZTkEgQNBv4BY73wCCDBzGU/oqzzoen0yJqvfvZTcBE3dRpvBI0Eum6wCwbFtD8flbzWR0u4n1btXUcO6eJoU1F0bDg6YAtbvyhcU6j4Wdul+iXEgsxFP7rqb+5zS340yuiLlvoods18Qzexp/K4j+vzXUlrTpjVsREXTkREQEREBERAREQEREGielj/taf+qP5Hj5lc16ab+9qnUPz8oPG08l0n0rtnDUrgfvczYew9c26VLnYio0ffd8YniVhV1x8S3o6WNQG0ZdeSeZOZ+vcpmEtmDmCJ3gyJWPJY457J8xMg/BSUpdN9CZPALqP4spmNEAnXQZxqeQv5oHljrQbG+hkWKoKo2YIyOYzjVp4K1xL3WGmXABOe+kVY2Z3C5P613KNz3Mdy89fBXU6sRewyN+yd4+iiqPmwECbAfq5V5yLnOL3mOJzsArHMIG2Dac8iCjCGkhwtkY0uPolSoIN5c6BOQgRAjfYKeIFKmIJAF8r3N+J36K31Zie+OGU8pUe0RBjiJEz42KmNYRN53SZnnnsxpv8U1oXMxJAIz+7w4junyWNUaXAuJ4EmVQkmTHhl4BXF42dzhlN2kHeL3uUmMcwM/pamYw7Z/8ejrazA0n/b5LFwI2cjN481k9KvAGGIuP2dg5iXs+AKgwsEGNL33Wgd11zGcQst79GdsZUG+k/wDnpH5rqi5X6NG/4153UHeJdS+h8F1Ra06Y1bVREXTkREQEREBERAREQEREGj+linOCafu1WHxa9v8AUFy/ppn76o4ffdP5s+WncuvekfDl+ArACS003AcntB8iVyLph5Neo38brcSc/BY19UfEt7fTLDawvJP2pHK8/P4qWlVLLTIiY3GJBHkUotDXPBcLS2B4TJUb89CTJMaa6KRzx2dJC4vMnPflw/spMNiNmxyzyvOl1FQqDLLyFtTvIEkclZUqAmY+p4nRdb4cpKku7UC9rcOCU3bMEgQdTciNQNP7K7BOJnWO0B+K4HjPkoazpO8CwO+Ne+Z71Nzg8rsS8E2j3tTx3KHIiROsHiJ+arTcJvnpPs94F4V9eIvxjfnedImY1V1wLq9QENAbJItBJ2eAGu9YR3RfcridVl1AI249qX5a2AA/ivyCmuF2io1GgOBEEDtAk9obuByUB7RsM8hn5qzZU9FogkG8X+8PdGvjlKuuUZfSNQGjhrA/uY2tezWrNjyTottufw/UqnSLR6vDTHsVAdnhia2U81k4Qdgm3s/LjwXNOv8AVnbfPRZSmpiXxkKbZ4uL3H4N8QukrRPRRSIw1V5+3WdHutaxo89pb2tadMKtiIi6QREQEREBERAREQEREHm9P4P12Gr0tX03tHMtMecLg/SNQ+sFQZPax35mNdHfK+iVwTrjhPU4h1MCA2A33Gy1g8ACsq45hrbniYeNVeXu8hkIGkqTC1ADDhE/a3cI/WahYdkwbfG4+F0qm/HX6d29THZ15HuBNhA3TMKfAubtD7xyy2bjXVRUMnDW074GYbxyTEj2SYBInu0J4m/gk88HlV9WLMc7Z4/QWVaRDiNt0brSDwtlKjoCTvIyG/8AW5KzNd/nxHDnCeBfimAGxEk3bHs8NxUWZEncJPgqs7TiXEnMneVcWAgxYxtCDPZ43MFInHEiSrRAaCC205mzuW/OFE7EE5gaW0tbKYyUZeTAzjIc1f6qxk31/DuB538BxSIxsZFGiHAuLgSQdcjnLtw+qx3jYdYiRqFYHubIykQeRVzGAiTmTDRvNsz3hNbGVimj9nwxm+zVEb/8RVWTTEUx592SixDAaeEGmzVn/wCz5A75Cy62He/YpsHae4Ux7xIb8VKdfuSrbrfUDC+rwFAauDqn53F48iFsqgwtAU2Mpt9ljWtHJoAHkFMto0xmcyqiIqgiIgIiICIiAiIgIiIC5J6V8GWV6dYCzmQTFtpp+hC60vG6zdCNxdF1M2dmx0TDvocjzXNUZh1TOJcEqv24gCYknI8RnkrKeckEgbrLYcf1OxlAyaLnAGzmDbHOGyQOYXk4rDOBDSNk27JsRA3HmfBZ64a5Y2IImRnmd2+ysYAT2jA3xKu2AM48QpHbJEyLfruAsrqMGVuJYGukHjF7ai+Sju45i/cFeyxzHEEjwUrqQi0GRwJufoPNTRlG+mWw5pyi9s/mFYapIIgDaN4m6qQbA6W5K40LCM/jy/V5THuZWOw7omDO6Lgb+WatbVIEaiYO6bH9aK/1jgNm+eeu6OSPobjIgGTa2XxT5PhbSol3nfSd0ox5aC0ix0NiOI3K9lTYMXIGYyE8uB1VhLnm5JPHd9E3vQ9ZlMn9kGgpPd+atVPwhb11J6EL6rcQ5p2Kc7Mj2ncN8ZzvAG8CLqh1aFZ7X1B2KNOnS2TbacG+scOQNS/ERvXSqdMNAAAAFgAIAG4AZJbpzGXNdXOEiIi2ZCIiAiIgIiICIiAiIgIiICIiAoa+HY8Q9rXDc5ocPAqZEGvY/qdgq0F2Ha0jVn7vxDIDu8FeNiPRjhHXa6qw8HNI8C35reUUxC5lzKv6KRmzE9zqc+Yf8lgV/RZiBOxVpEbjtN/pK64inpg9UuK1fR1jxkGO914H80KF/UjpBsj1JcPfpn+pdwRML6pcJd1Px2uGd3Fv1Kjd1dxTBBw9fObU3OHD2Z1XekUmnJ6nAj1Sxdv8PUv+B3na3evY6C6j4lzmmowNYCDDrSdNrIlvC85WmR2VEmjPGVivHZiYHCNpMbTbcDMnMkmXOPEkknmstEXURjTjaqIioIiICIiAiIgIiICIiAiIgIiICIiAiIgIiICIiAiIgoqoiCiqiICIiAiIgIiICIiD/9k=" class="product_picture" alt="Louis Vuitton - Bag">\n                                    </div>\n\n                                    \n                                        \n                                    \n                                        \n                                        \n                                            <div class="carousel-item">\n                                                <img src="data:image/png;base64,/9j/4AAQSkZJRgABAQAAAQABAAD/2wCEAAoHCBYWFRYWFhYZGBUYFhodGRocHBwcGBkaGhkaHBwdGBodIS4lHB4rHxwZJjgnKy8xNTU1HCQ7QDszPy40NTEBDAwMEA8QHxISHjYrJCs0NDQ0NDQ0NDQ0NTY0NDQ2NDQ0NDQ0NDQ0NDQ0NDQ0NDQ0NDQ0NDQ0ND00NDQ0NDQ0NP/AABEIAOEA4QMBIgACEQEDEQH/xAAcAAEAAQUBAQAAAAAAAAAAAAAABAECAwYHBQj/xABDEAABAwEFBAYGCAUCBwAAAAABAAIRAwQSITFBUWFxgQUGByKRoRMyscHC8EJSYnKS0eHxFCMkgqI0slNkk7PD0uL/xAAZAQEBAQEBAQAAAAAAAAAAAAAAAQIDBAX/xAAnEQEBAAIBBAAFBQEAAAAAAAAAAQIRIQMxQWEEEkJRcSIyM4HBE//aAAwDAQACEQMRAD8A7MiIgIiICIiAiIgIiICIiCiItT6y9afQX20wCWNJe4+q2BMDafIb8lnLKSbrWONyuo2q8Mlcvm+3UekKzv4qoyrD3Ese4FpIGPcmCMIgNERlkumdmvW99cfw9odeqAE03n1nhvrNdteBjOZEziCS2XHjcdFREWmRERAREQEREBERAREQEREBERAREQEREBERAREQEREETpG0+jpufmQMBtJwA8SFoDbLeq0WHEvrsLpxvAOvuB4hhC2/rJXAYxs4veIG0NxJ4ZeIWtdGNvW2z7Guc4/9KoB5kLzdS76kj1dKa6eWSd2mj+kYdW12Ec2vHvXL+j3Pp1XWhgwpFlVwGcteAcNjgQ0/e3rp3ai6LI3fXb/tefctK6kUA+rXa71XWKsD+KkQeSudvzyHTk/52uzMcCARkRI4FXrzur9S9ZbM761CkfGm0r0V6HlEREBERAREQEREBERAREQEREBERAREQEREBERBREXhdcOlv4ayve0w90Mp/fdkeQl39qluptZN3TU+l+kxWtb3Ay2kHU2bO7N93N8CfsDapfVDvWqdlJ586Y+IrUuh6JDb30SXNHFoYT5Ob4rdOo9P+dUdsYB+Ij/1XhluXWlfQykx6FkO1Q/0tMbbQ3/t1T7lqfUwXTan/VsVf4D7ito7V/8AT2cf8yDyFGt+YWv9WKf9L0i4ZtsbwP7mVT8IXbP+WOOH8Nb91Nr3rHRH1GNYf7Wj3QvdWm9nNomnVZq17XcnNj4VuS743clebOaysVREWmRERAREQEREBERAREQEREBERAREQEREBERBRco7TulL9oZQae7RbLvv1ADjwZd/GV1So8AEkwACSdgGa+dekek3WivUcBLqj3OA2AnCdgDYHJcerbrUdujJ8274bzWsvo7HYSR3n+lecM74a4f4hoWw9QvWtB3U/wDyfotV6U6xUrSbPRoNIbQY4AuguIuXRLWyBg3ac9FHoddHWBwb6NrxUEmSZFwkCDp62oXKSTrT8O2Vt6Nvv/Wz9qr+5Zm7ajj4Mj4lG6oWabFbj9Zj2eFJx+Naz1m6507abOQw0zTFS/ecC2X3IuuwJHdOYGYW+dRrODYagEH0jqmWsta0ZbgF01vqbc966Wvbyez6vdrluj6Xm0gjyLl0dcn6pV7tazP23B+Nt34l1gK9G7x0nxE1kqiIuzgIiICIiAiIgIiICIiAiIgIiICIiAiIgooPSnSlKzsNStUaxg1OZOxoGLjuAJVelukGUKTqrzDWjmScgN5K4X1h6XdaKpqOcS7ED6rGzgGDwG8qb50snG219ZOvz6zHsoNFKgWlr6jwHPcHAiGMyk4gDEn7MGOevsNR964y4Ce8XS6o45i/cBuYRDMIwzOKlvqFrHZgMAAAyvv9IS6dS0U3AfeBXmdC211N8z3H4P2YnA8QVyzuWrrw74Y47kvl6nRdmNnHpnEy6oWQ0OgNDAZgtB9YnyV3WA/xDGPaJuEsn1cXQ6O9Enu+Y2r0LfVIYxhYLl8uc/GQ4BwgY5EFp5K2yVWXLjMr7nY72gEcro8V5pluzLy9VwkxuPhqZsb/AKv+TPZeWfo+1WqzuDrO97HH6rsCZycJuuHEELbBTG7FY2WVpIF0RwEZrWXxOU8RJ8LjfNSui7aWMYSAH03EZj1mOIx5hdc6J6YoWhpNKo1xbF5oPeaSJhzcwuI9IWSlUrPffxLsYiQ6IdeIOBvA4fmpL6l15r0yWvayQ8GHAtYAYI0JbiNZhOn1Zjb7Z6nSucjvCLROoXXttsApVoZaANMGvjUDQ7v2W9r2SvDZpVERVBERAREQEREBERAREQEREBERARFgtVoDGPe7BrGuc47A0EnyCDlfad03frCg09yiJfjgXuGv3R5laNZKZccBLgL28OkhrY4/FsWXpW3B4fUeYL3OqO1N8zgZ9n5rFYGuaA0jvON942EDBvIQOIKxzptWu/8Al1GDR7m/gp0x7XO8V5FMQLrsiJ8ffmF6FlJuScCatU78WUl57qhdgfWBMnb85KRq+Pw2bou1CtSuOgvZAcDjeAyMbDGPNSLPZ7rvnYtXpVboDmkteMiDj+25TaHTFacS08W+8Fcc+jfp7PRh1sfq7tjAUikMVqjusLwfUYfFZB1hfEgM8HZ7M/NcMuhnfD0Y/E9OeWyW2wh5vXWzMk5HgIEEbivO6crtp07ggOf3QIyH0jA0jDmvHf1ornABg/tJPKSo1offF9znOecJJE8xs4Lph0MpZ83Zxz62Or8verbDaHUqrHsMPY4OBH2TgZ1OC+mrFaRUpsqNyexrhwcAV8wWFnfAI1xXe+ze3+lsQEyadWrTPBryWj8Dmr2R4q21ERVkREQEREBERAREQEREBERAREQFpvab0l6KxOYD3q7hTH3Ti/kWgt/uC3JcZ7Xulx/EMpjvOo04a3T0lXEzwa1h+QpVjRmEPqhs9yn33nQuGIG/Egxw2KXiA9xzuSOB+fNQ7DTLGA/SeS6TmbpwkHaZKn1qrnseBMRMYYbSTxWd8teEewPHogYGL34AYTcpTPtw2rynDvGMgVNsuFIffqcPUpqM2o3vCNMcfWg+Sk4nH3ay51+FHiDOhAlZXRAPz8/nuWAbYwGfBVacYnBbZZA0EY6e85+E+SiucpdU3ZAiD4xoD4rFTp3icsoA14xqFN65TS+jTEbtvKZ2iADtlUru2ZfOatyJAMjaNVkovaM9cJ0AOeCduV7pvRLC5zJ+sJ3gQZ8AfBdG7FbfeFpp7XNqgfelrvYzxXNej33Q94EYBoxnF7g32Enkth7J7b6K20gcqrHUzzF5v+TAOaRK78iItMiIiAiIgIiICIiAiIgIiICIiCwmMTkF8y9P242q1164PdfVcGH7Ew134ADwG5dv7TOlTZ+j6paYfVikzGDNSQ4jeGB5HBcOs9nDGuLsLoDRH13CTyAAHMrNrWMZ3PGEZYNA2RgAfujUZ3sVVjh6OoCS0kYaSROBUWzHvt+8Pas9pcCH3Qcec71NeFYGvLabYiS98NHq4tpYHFebV9Y8eXJSXE+jGP0z5tb+SxUKYM44wcIy3qTjlcudMtmcMtdfZ4YqyBJGnnCxHA4GRtyUhrQWzqFtBok46Z8sFhe0tMg/O7aN6yMaYvTjPyVjfidPYEGeytmYEmMNoGpG0q+0gXQdcY0JA1dvVj2BuIPAa8QrHP289qnfk9JVmwpje9p5Nx+JZejbSadWg/L0dWm/8Lw6AdRASo0OoXm/RdjuBAaJ8F559d+8kjg4Xh5FSdzw+rUUPouvfo0n/Xpsd+JoPvUxbYEREBERAREQEREBERAREQEREHNO1Q36llpfQYKtapr6oa1g53nhcqtboJEzBz2mZJ4zK6J2pWu7aCB6zqTGnc1he7zc9p/sC52LOXCdT6uwjWdmixb5rcnDIDLb2pcOUZ+OBV8C68jOOYM4QNeO/wAcVB8lrIEXhkTvnGYOqWiWl4nQjBJPC1Y1o9G4QMHje0S12BOzunyXn1GXTh4HBwG8KbYZuP2X6cjaLtUEHyURzC5x24/OKmPG1vaL7PDoYdoI94PKVkGUaR7cfZCtuXHSBgZu7Y4LNS7x8ytT7s37I7mxwwlKrABO3Ly/PyV9emQY3qjyAA0g4Hx/RUYWOmATux2KQ9gu45Ac4nSMDJ00hYmUCROpynCQjyYjRTv2Oz0uhHgksd6rwWncTkeRUB4uvE4GIPFpLTzhoUiwEAEyZEHeNBHir+n6YD2vH04dzcMfNjjzUvcnZ37qLXv2CzHZTufgJZ8K2FaP2SWi/YA3/h1Xt8Yf8RW8LbAiIgIiICIiAiIgIiICIiAiIg4V2mVL1vqgmA0U28O40knd3lqAcW3hhBid+oIWx9f6k9IWifrjEbAxgIO7Ba6BfcYwwy2ADAeAWfy2vpMjvaggjxz4aLK+mCDMmRJjRsxJw2qNTeYI2keP7SpVZ4ENIkgnHaNhwylTkYLEwXagnCGEHdeIGevehQrTTgzOuI1Cl2F4PpbwwuDAYARVpxHBRK1SSRvkk5nYFMd7rWWtT8L8XOnU+GxZoggj54rGxpbHAHkdqyOxIA5fqtsLgy8DO39SeSwBskzp+yyU3xgQqPmS7Qn27EEcuIkaH3HRZQBA3nXIAe/9Fje287n4BXEuaI0PgVKrJTEEQCARMHMY/ovQ6YF6hTI+iHj8JY72Fy86x95wvH9dwXtU7OH03szumeRBa4eangnd0HsYtV6naGTk6m4brzXN+ALpy4t2K2i7aa1PR1AnnTe0fG5dpWozRERVBERAREQEREBERAREQEREHzx17E9IWje8+RMnyXiU6xYYPqziN/7rYevQu22qTq98/jeYO6HCQtbtDpMbNcyTx2bFjvw325ZGXnd+ZII5YSPYs1plxnd5ZR4exY7Kww8cjxn91IJ7uyCDPDXiBlzRUCwuP8xulwnwewqOGEOJ3qXZHC+8jCGOxGebTMZTgsTsuOPjrzz5qY/uq39sZC+8MMgAeevmUDrvvCtsszy/bzhW1M/nJa9Me1AS47/mAsgfLbu8ctqsY/DHT58csUYZlVVlUFuMx7+KxklxPyAPyUm2NyxGAxyzgYeKhwQAcpmPYsiSynqMvdoeexbN0G3BzjoI8f2WsU3kwN+O85LaaHcob3STyH5yrPYmdmzxT6VDBk8VAOBYX+1vku6L596l1Y6Rsj8ZNUt3d5rh8R8F9BKxnJVERVBERAREQEREBERAREQEREHBe0an/VWn7Fob4VLPSeP8g9amx0GS2d2IW9doFP8Ar7W2PXpUnt+9SDJP4Xu8FpT2m6Z0Pi4n6P2YWN86bk42yvILsMdrvrYTMaLPbgCBH1R+Q54LDYmiT8/P7rKwZiJwMfnG4SUk0vdAskTU2+ifwwYT7lZZogSpVnpj0zIEB7ajY0P8twkbjKjtPdOGR4Rj6qmN/VVyn6Z/ZWPeMTmZ4zoqUHtmDrhOkLGx4nHloJ3nRUqtHP8ALAk7CtemPa7AnAcs1loPABkf/WOSxUNRMTGfHLcq1hkdTMjYNJ35p6X2tqGZOxHVyWxkd2URluVzNkRv36T4oacnAcFO95TsrZqOIxzy/XYtirY2du4R5rxbMQIwxHgRpPAr0qdQhkHIj5+d6sVJ6qf6uy7rRSj8YaZ5OJX0Ivnrq2y7brKRiDXp+bwF9CqxL2iqIirIiIgIiICIiAiIgIiICIiDk3afZrlso1nA+jfSuuP3S4P4w17SBtC5vVs5Y8sd9F0EjHDaNoiDzX0T1j6EZa6LqT8DMscBJY8ZGNRoRqDpmuP9M9VbVR7tSi54bg2owFzHNGV4gSwja4AHKcpzZztqV4NwCCD9HZmIz5qhbDQ4ESCddMI554LEx4BcJnTeIPl+qsqmJAy/KRKmvC7Vszz6ekTlfa3YACbvxKCHnFpznHIY5YqW5sBrxmxzXeBkc8Fgt1OKj4+u7wJkHhBCnHzNfT/alWhABkZY45ndtWMYxPDgFc183Qch71V4A4/PzzWpwyvrNaAIOMYYZjadisYROOW5WtMqlWq3b86J6Ei0OkmOZ0KUnxnswUMW1rRnjPhgR71ZStBe5rWjvOIAkta2Ttc4hoG8mE9Jt6V/VSqdS8JJy/L2raOhezC012h1WvSog/RbFZwH2i1wbPBxW89Ddm1jowX367hj/MIuT9xoAI3OlXRtrnZt1cc+o201GkU2Elk/TfoW/ZacZ2gZ4x1lWMYAAAAABAAwAAyACvVRVEREEREBERAREQEREBERAREQUWGtaWtzOOwZqtd8DDMrzzT1RdPA6xMbVN7+As9d2jqoaXf7CfNco6x9FW5zpbZ6VJjZhtGm1jY3nFzuZXczSVHUAdEHzbetFP16TvAjxCj1ukCQAWmQIGmAyB2xkvpGr0ZTf6zGnkvOrdU7K7Ok08lPli7r54banfV81ePTPODc9gJX0HT6pWRuVFngptLoikz1abRyCukfPVDoC0vyY/wIXq2XqHaX5sjiV3htlaMmgK/0SaHHbJ2av+mQF7dl7OWD1jK6SKaqGKjUrB1RpUyC0EEajA+S2mxPewAX3OGx3e8zj5rLcVQxB6NCuHDYVnXm2fBw4r0lEEREBERAREQEREBERAREQEREEa06LAfciIq0qhRFRRUREVREREEREAIERBciIgyUsxxU9VRKgiIoCIiAiIgIiIP/2Q==" class="product_picture" alt="Louis Vuitton - Bag">\n                                            </div>\n\n                                        \n                                    \n                                        \n                                        \n                                            <div class="carousel-item">\n                                                <img src="data:image/png;base64,/9j/4AAQSkZJRgABAQAAAQABAAD/2wCEAAoHCBUSEhgWFRYZGRgZGhkZGhwcHB4ZGRkcHBoZHBkZGRocIS4lHB4rHxkWJjomKy80NTU1HCU7QDs0Py40NTEBDAwMEA8QHxISHzQrJSw6MTE0NDQ0NTQ0NDQ0NTQ0MTQ0NDQ0NDQ0NDQ0NDQ0NDQ0NjQ0NDQ2NTE0NDY0NDQ0NP/AABEIAOEA4QMBIgACEQEDEQH/xAAcAAEAAQUBAQAAAAAAAAAAAAAAAwECBAYHBQj/xABGEAABAwIDBAcEBwUFCQEAAAABAAIRAyEEMUESUWFxBQYiMoGRoROxwfAHQlJiksLRI0NyguEkU6LS8RYXJURzk6OywxT/xAAZAQEBAQEBAQAAAAAAAAAAAAAAAQMCBAX/xAApEQEAAQQBAwMDBQEAAAAAAAAAAQIRITEDEkFhIjJxBFGBFHKRofAT/9oADAMBAAIRAxEAPwDsyIiAiIgIiICIiAiIgIiILVDiMUymJe9rRvcQPesbpfFmlTLmwXGzZyk6ngBJ8I1WlYvb2h2XVKrhIEbVRw37P1GZwTDdyx5eXpxTF5a8fF1ZmW94fH0qlmVGOO5rgT5ArKWjU8FW2QauHeBnI2HubyDHFwPIL2uice4FrHO22OkU3ky6Rmx51MAwczBBvc8Uc0zNqostXFERembtgRUVV6WIiIgIiICIiAiIgIiICIiAiIgIiICIiAiIgIiIKIiiruhp8vOylU2iZIy8XpfEOL2BjQ5x2gybta6wDncACTzACz+i+jWYdpAlznHae83c92pcfcMgLBQhn7amf4wPFs/BessOG8xMy0rm1ogXi9N9HlzS+nAeIcdztkgtP8TSAQeEZZe0qELWqmKoy5pqmJvCDB1xUYHDUBZC8Pompshm4gNPuHqvcXPFX1RnZXTaVURFq5EREBERAREQEREBERAREQEREBERAREQEREFFBicgN5Hpf4KdY2IPaA3An59VlyzaiXVO0AbNVnDad6bP5l6C86iZr8mO9XN/Qr0Vzwe1a9qqiqqLdw8HDM/ZjlPmvbYZAO8ArzcC2WDkB6BZ+FPYbyXl4ItM+WvLlOiIvUyEREBERAREQEREBERAREQEREBERAREQEREFFh1T2jwgfH4rMWA513cz6W+C831E2pj5d0RlbgxNVx3NA9T/TyXorzcA8BziTFwBJziZWe54AJJEASTpC74PZCV7SKhWEzH0yQNoXyuPDXcD8YKlfjKbRLnsA4uA95Wt4csPAu7HzwWbhO4OZ95Xl4CoHMBaQ4HUGQYtYjNeng8jzPrf4ryfT1eq3y15IwyURF7GQiIgIiICIiAiIgIiICIiAiIgIiICIiC1eL0j1jpUiWsa+s8W2WCQDuc8wxp4TPBeL1v6x+zmky+YNyJIzkj6gyIHeMiwa6eejEVPasqucS5hDmzuBya0ZNzmABErGrknNmtFETmW64vG9JYmqxpYcPRc9oeGOBfsFw2iaguDszlCkPWmtT7JwdUxaQQZ4y4yvfw+IbXpNex1nAOB3HivP9pVDwwsG0RntHZP8AMvm8vPXNsN6KaY20XrL0HXxFVtVjHj2rdt4JB2XF7wG96B2Gsy1KxKPVLFDJjv8AD+q6hQw7wAHlpjdMeZzWWAAkfU1x6YiCaY25W/qliCI9mQNZjNRv6l4gCQ1s8Z+DV1eQqlin6nkjtC2hppqY/DMZTwtGj7MMYQHOcCHOY0vEBv2y68qLEN6Sq0xUJZSxDKjR2C4A09h1jLZd29Day2uthnMDntfYDIgHKcnEjRX0cKXAPc8u3CwAibyCQeasctcTeIj/AH5Sem1nm9F9ZMVTAbjKBOm3Tgk8XUpnSez5LacFjKddm3TcHDK2YIzBBu0jcbhcy6+4oVajaLTZnaduDyOztboaT+MLz+hOsVXCvaXuLm2EmSQ3Ta1cwbjJH1YuD7uHlrmm9Ufwxr447O0IsTo/FitTa9uRHOOHHnqIOqy16Ym8XhjpVERUEREBERAREQEREBERAREQUWB0xjf/AM+HqVIktaS0b3GzR4uICz1qXXbGAOw9CT26oc6PsMIEHhLgf5SuaptEytMXmzRsZTdUqVDJdsH2c6uLLPPEl+248yvMfLZEeB0PzmFk4PFONMmT2pdnkSZJG7M+asfSkSDaCSeIMRzuPNZUxaLVN5nLP6tdP1cKS1zdukTJ02DqWnK/2cp3XW5UutmCdG08sduexzSPGI8iubuOw62ljunIqFtHaMnL3kaDeVlVwU1TfTq99up/7TYR3drNPIE+4Kjus2FaJNURv2Xx7lyypSi4y9ROjtxVwIqP7ethFgDED54rKfpYnN1vDpR63YIZVD4Mefc1Vd1twontvtc/s6lufYXNHUA0XzgGMoJy9ASqbRIDc4PjeLK/pKZ1MnVDpH+22EA7zz/I8e9qwek+uDnsIw9NwJyc8AZ6tZJ2iOMcitKbREaTzsOB4n4K4PLARlMeHJaRwU9s/LmZ8LS9wJ2pLiSSTdxcc9qc73vqqMpl4PjczExvV5pyAQdCTOhGap7TY8MxpMfA+5b/AA5+W+/Rj0iXUjRdMtLonc3ZPue0Dgxb6uK9SukDTrhxcYFajPFrw+iZ4TUYf5Qu0q8c4mPsz5IzdciItHAiIgIiICIiAiIgIiICIiCi5d1oxwd0hUdM+ypvY3hs0nvd47Ujw8um1aoY0uNg0EnkBJXEXVnVnVapHf8Abu/HTf8A5isuX2zDTij1KYIF1Mu3RPjkpXPa1pE3JnWxGWl9/gFTAYnZpxqANmBvzJ3qB7C6T8k7hGualrxnTvuhDNp2y3coWVNk8DYjhHvU1HElljduccdPWFE/bqS4nIXJ0Hh7kzfOhR7y42yFgOH65K91PYfDiYBzGuRtPNWnapwQSJFiDmFXEVy8wLNtDdBb580z20JK9ZrjN9TG85fAfJUZpkNDtDPpr6q1zC2+uv3TmBzj5spX4pxbmZOZ3jQeF0jERYG4gxxyB3DXmf6qrGFwJ3CeellEKLrC0kSBlpPJX08WWggzbu/dPzKv7T5TUHta0gnOLXgRcTa91DUbtQAZJzJVjHF5JJ4kn58FcKxZIMxk4a8eRS1r22MfBPdsV2gwdgOF4gtq0jmu+dH4sVqLKjTIe0OtxFx5yFwTBvLzW/6ZGg+uyJ8l0f6MelC6maDsw3bZyBDXt8DsH+cqUT6pSuMQ6AiItmIiIgIiICIiAiIgIiICIiDX+u2J9ngat4LhsDjN3D8IcuV0XwzvR2HcYB2W33bLiYGsXW9/SbXiixmpL37u6Gt91Q+S5yWFtN5It7LPSTVpNz/mWPLacNuNkNdLZAtc8rq72wIvaN2XMfeyvxVMK9gpm2gkTd26N0KCqI0I9E3hUVSXHLwHD36qlF4gg82nSdxG5TUXhpgiDntcI3cVi1HbRs2MhFym8C+tUEQMydpxyE3ENG750VocWOyvx3ETnmPC6MfsuMtBi0Hf4KfEvDzDQHa7WsbtBAy8E1jsLX1hFtd94GoP2jM5zaFCQYnTfxsrWAk+v6rJNZux3Rn3dBbvb+CutC01GkzMTdwiTOmyYsLqJ7i5xIG88h8kK0Mm+70nJT4eq0AggZHU9r7p3JONC2hVtBtu3Z/WGtteStxL9rLw1J3SdVbUH1tmAcvkqrXhtyJnI7oOfFPIs6MzqAmP2bieQg3jdAXtdVekfYYik4mAyqxrtexW/ZuB3gOdSM/dC8LDvBqPDRnTrDmfZvIPmArcPJ9owZuY8A7nBu20/iaFxG5kq0+j0WF0RixXw1KqP3lNj/xtDvis1ehgIiICIiAiIgIiICIiAiIg5p9JNXaxDKYNwxpI07b3x5mlfktUxPaDzm0sY0Tb943ak6dyV7P0junGu5U2fhaXf/ULWHVT7OqJt7Si2OBFYn/0C8/JTM58w9FGlWuEWMjes2iZpze3Yn7venmACPELDwzGuYZIm2vdvcu93igxDh2QWkCcgIO/McArOcQaWViSZ3/Nvd4JQLZ434zbIbnbpWTQYH3JBOWzEWiJ3W4LBqgNd2XbXEAj3q3ifSeUuIIt9qB4CMnb3ZTEfpHTqFrgRmPXh4qlMBx7TtnWYm6ycWAx0tIa63ZiYECDOU2nepeI9J5XYsFsME7hxHeJ8yB4FYgKGu4nPPOwm+eQ5rJ9kzYnbtPeg5x3Y9Uj0xaTa+mQW2iO1M6W+tv4RF1ivibTHqrQ+3vWThmNIN5MG0ZD7c68lZxk2YIzIidmXDnER428liYt2esWneRmfOfNXvq7MhjpHIX5yowQ8w5wAGVs50tklrT1Hg6Gj2zRqTs/iBb8fJSYUjbpOAs5zfJxgidYv5qPCwzE0yD+8YSPs9sSNyho1HMcxpjsFoyH1TGviuLXmZhezt/0f1NrozDTm2nsHmwln5Vsa1P6NT/w9rfs1sS3yr1D8Vti9EaeedqoiKoIiICIiAiIgIiICIiDjXXF230jXBkhtUNECf8Al8KfE3Nl41Cj+zfMGazJvo1lQ+faNl6fXYFnSNf71QHzoYce4EeK8vDktpNMZ1yRM/Vptv8A4isK7/29FOvwgr0SwnZJggcy0gG/or8NS1OuXLU7pF7ZrOGHdUlx1BIMZkaD50WKJpkj0OhGR8Fe1o2iOqCwyDfQ6wbcwoKYEEnfA3TxvkptgvOsXvpMb+cLFbUcyQR3hBBEKz9o2L6rBsyLQdl2om/dOuSsBc91zJ4ndu1PIXTbc+GgTsiwHvKV6BbvLbXi06jzlSJtidiV9MRbTIxnv2vs3ynTzUIeYibZ8J3o+qXCOUn7RFhPIKvsHbMwZnKLxv8AgkY2JgGiLZAF05mY7t75+ijqHYcQCcuRhwmD4FWjEEbMidnKZt+qMpuqEkzBm+k6DzhNZkVpMm5+TpO4c1ZXZFxl85bxxVBLDcRbI2kHPmqHaebAn1gaDyV737Cyg/t7ZuQQfGZk+Snx1KKlT+OoBF8nuHnlbPNY1ZhYTFwQQDoQRwWT0oS2vUjJz3nmHO2h71xucL2dc+jR39lqjdiap/EGP/OVuK036MW/2R5+1Vn/AMNEe8FbktqdMJ2qiIukEREBERAREQEREBERByHr/hg3Hvc7Jwa/P7jGfkK1trJpMj+8rujk2gPyuW7fScwMxFF5FnsLDya8E+MVCtLe8Np0QL2qOH/ccA48Rs+q89d4qj5eij2p6eLLWkA5+nEevmo8Q2bgzLdqTzj3rGe4kE8YJ4mT8FIHltODnMxnyH4oPgupm2YIhjur7DomReRkJ89Dqsdpc83JO8m8AZnkrXgzGZzPlJV1GpFjl5QdCd44FXzCKulhsSLSCLSDkVIX+1cATsg5DMTG6dfio6z5sMteJ1I3DgFa1jtoAC9ju4g8FLXi87F7aRgEmBc8bWy528UGIdsxJzzm8buSnxYkwDbXQACfOSSfJYMWn5lIm8XknCZlIuE+Atmcz6T6JRrFh4Xscss1VlQEHaA46bQ0HC8ZaKIkvO8xpuAlXexIKZcJkkyAZ45GVa4bGRvfLcOPOR4KTCGJJIAiMxnoY4ZqKrz4ASCYGpj5zUic2Fj3Go/npoN6zcfTDnkzfZpO8DSpknzssEktdcbpB+K9Ku8bVNxOdKL5mC9n5fRc1YmLLGnX/o+pbOApn7RcfLs/lWzLzOrVD2eDoN3UmTzLQT6kr01vGmE7VREVQREQEREBERAREQEREGi/SrhtrC03xdj45BzST6sauZ4mdijwpu9a1X+i7N13w3tMBWGrWh2U90gut/DK47XcCKZAhvsu1ebe1q9kTrKw5JtVDfj9sozim7GQzA2Zibd7evPJnT+itcVkUwI7OU65zBs7c2NrJXS7XYR7QYIg37RNozIhY73AnsiBumVR8Tb55KWh3XEeO8N3hLWyiOm8A9pu0N0x7lPjajSYFzbtTpGUZKyv3QTyafrFt7nxhQsibm3BLRM3AjWFl+1Zsd3Xu7Wsd6c+EKyo0RewEZXiRI2d85mYWMm10rdT4aqBnAse1qfu7rq4A9iOGzH2rTteqgr94xGkxlMCfWU3g0o87RsAJ0CU3hpu2eBV9GPG/iNzdxzVtWJ46/Op4q+ESYt4cYEHLtaussipSJZQ3lr2+VR7vzrDontZxuOgK2jqthRVxODYR9eq462YGOI8dly5nExEL2mXaMPT2GNb9loHkIUyIt3nEREBERAREQEREBERAREQQYqgKlN7Dk5rmnk4EH3r5+6UoOp7DXCCxr2H+JlWoD7x5r6HXJvpF6JLK5cO6+ajd0w0VR4FrHcnuOhWXJ2lpxzuGlNos2D2tR2oNj9mPnJY4tMckMiyyNgOG1wAgW7cxuyi6mttNrcNTBzvn2defxULxsmzp4hC+HS22g5ZSlOnNzl8+Q4p5lBvaN3AcSpcTSAuCBlbXnyOfioqtOL6fOW8cQqtdLgX3GR5JncCwvsBuWS2i3Z7wz72gt3easdSDc7n0kzHpf8A1UUmI0z8U3pdE53WRhabSbmTe0aRnPBWspxnr4/h+0ZjLRROBac/JWc4hFXgA9kzxiFWk1pPaMKTDgOEGLEGfu/WurKjsgBx89PKPVL9hdiWgE75uNByK6F9GWB2qrahFqdF0fxVajwP8NM/iC0DA4V1WoGC5J/1JXderPRQw1ANiHGCeAADWt8ABPElcxHqiPtlKptTPl7SIi3YiIiAiIgIiICIiAiIgIiIKLB6T6Np4imadQSMwRZzXDJzTobnnJBkEhZ6opMXHK+mPo7qgk0tl40ghjuRa6G+IcBuaFruK6u4ig2HU3tF77Lzc27zWkT46ruyLieOPu7/AOkvm7YG0Bsu5AX4zKptsFwHE8w34FfQNfoPDVHFzqFNziSSSxsknMkxJWJV6pYJ2eHp+AI9xV6ZXrhwh1dpvsGf4h/lVlaqQbMaOBk/ou5HqPgMxQjk94/Mo3dQ8Cc6R/G/9VOmTqhxI4onNoPmP1V3tBA7BAOu1/Rdp/3f4D+6d+N36q49QsCfqO/G79U6Z7HXDirMQBbZPg73dlULm3s4+S7SPo/wA/dH8b/1V56iYGI9m4fzv+JV6ZOqHGsAA92y1rtp1u7tE8IC2jo/qLiK0EtLGkyS8bJM7wTtei6j0R0LQwjS2iwNkyTJLjlmTeLZZL01Oi83unW1nq51Ro4Ptd5+85Dl8+t1syIuopiNOZmZ2qiIukEREBERAREQEREBERAREQEREBUREFUREBERAREQEREFFVEQEREBERAREQEREBERB//Z" class="product_picture" alt="Louis Vuitton - Bag">\n                                            </div>\n\n                                        \n                                    \n                                </div>\n                            </a>\n\n                            <button class="next_pic" type="button">\n                                <span class="carousel-control-next-icon" aria-hidden="true"></span>\n                            </button>\n                        </div>\n\n                        <a href="/products/3+2">\n                            <div class="product_info_div">\n                                <span class="product_name_span">\n                                    Louis Vuitton - Bag\n                                    <span>\n                                        ($7.30)\n                                    </span>\n                                </span>\n                                <button class="purchase_product">&dollar; Purchase</button>\n                            </div>\n                        </a>\n                    </div>\n                \n                \n            \n                \n                \n                    <div class="each_product_div">\n                        <div id="carouselExampleControls" class="carousel slide product_picture_div" data-bs-ride="carousel">\n                            <button class="prev_pic" type="button">\n                                <span class="carousel-control-prev-icon" aria-hidden="true"></span>\n                            </button>\n\n                            <a href="/products/2+3" class="slide_show_pictures_link_tag">\n                                <div class="carousel-inner product_pictures_slideshow_div">\n                                    <div class="carousel-item active">\n                                        <img src="data:image/png;base64,/9j/4AAQSkZJRgABAQAAAQABAAD/2wCEAAoHCBIVEhgSERISEhISERgYERESERESGBESGRgZGRgVGBgcIS4lHB4rHxgYJjgnKy8xNTU1GiQ7QDszPy40NTEBDAwMEA8QGhISHDEhGiQxMTQ0NTQxNDQxNDQ0NDQ0NDE0MTQxNDQxMTQ0NDE0MTQ0NDQ0NDQ0MTE0NDE0MT8/NP/AABEIALcBEwMBIgACEQEDEQH/xAAcAAACAgMBAQAAAAAAAAAAAAAAAQIDBAUGBwj/xABMEAABAwEEBAkHCQYEBgMAAAABAAIDEQQSITEFQVFhExQVIlJxgZLRMlWRlKHS8AYjM0JiorHB4QckU1Rjk3J0gqNEc4OywvEWJTX/xAAZAQEBAQEBAQAAAAAAAAAAAAAAAQIDBAX/xAAhEQEAAwACAwADAQEAAAAAAAAAAQIRAxIEITEUQVFhcf/aAAwDAQACEQMRAD8A39EXUKS+8+LiN1F1SQAmmEGphqkApgKauIXFIMU6JqauK7iRarKJUTTFV1K6raIupqYqDE7qtITa1NWKqxGmIqq0MUslmbNRVjus4WM+HFZ7lQ8K1tLNqwxuCGxIwhX3UXVvsx1himJIxrKISuq9mekMQRpmFZbWIKvY6QwuCQYllOCjRXsdYYvAhRdAsuiLqnZOsNe6zblW6zLZ3VFzFqLSnSGrdZlQ6zLbliqexai0p1hqjZ1WbMtncUXMC12OsNZxbchZ9AhXtJ1hv6JhqvuoDF4+z09VQapBqsuqQanYxWGKQarA1O6pq4roiisuouqaYroiindTDU0xXdTawnIVWZBZHOyGC2tk0fczxJXK/NWv/XWvFNmhFndsKsisrjqXSCyN2KwQjYuM+T/IdY8do4NHOOeAV0mjRTLHaFuAxIsXKee0y6xw1iHMSaPeKkDBYr7O8ZtK7AsVMlnBwoutfJn9w5W8eP05G6gRkioFV1J0fGc2gqbbGwCgaAFv8qP4x+NP7lyPBk5ApGN1K0NNtF15sraUoFU+xCmHoVjyo/iT40/1yYKiQtlb7CWmrRhuWA6IjUvRW8WjYee1LROSpKSsdGdirIXSJYnYCEBZEdlJFaVUmYj6VibfGPRIhZ9msRccRRbAaMA/ILFuatZx1rw2lzjgoNjJNAKrqm6KZTEYqyPRzG5BYnyqw6R41pckLK4nAH0LO5G5mRva10zbMBqVgiXO3lzPx0r41Y+uPGg3oXY8EhZ/Ls1+NRp7TY3MzxGoqkxnMgrrpoA4UIzWLHYRdLXYiuHUudfI9e/q24PfpzgYpBi3kui205uB1LXPhINF1ry1t8crcc1+sW4pXMFlNhOxTuairN0ijCbGTkE2QkmgC3dmswATbYqPvD0LlPPHt1jhn01T9HvAqBXqV1k0cTi4LdiNTawBcrc9sdY4K6ps8Aa0AK+6pIXnmZl2iIhAhKimUiroiUXU6IogjdRdU1FUK6i6mhBGiRCmkUFL4gc1iy2FhFCFnkKJCsXmPjM0iWotOj2XKbMlztpgLTkaVoDtXaPYsOayNdQEZOr7F6eLnmv15+Tgi3xzNlspccit3ZbIfrLYRWZrcgrQ1OTnm3xePgirHjs4GSvDFMBSouE2mXaIxXdRdVlEqKauIXUXVIoU0KiEIQZZKdEqJVWWic1YU9nqahZjnJFy1WZhm0RLBdE4Zq1llBoXehV2mU1wyTs9qOtdJ7ZsOcddyWcxlMlMBDTgpLhMu0QEIQooQhCBJKSSqEhCRQNRUlFUCdEkwUCKSkUiECSITQUECFhOYeGBphcpW+/PHC75Pas5a3ST7vOONHMJ6qhUZ1EUVQ3E061jTRyFxLZS1twgNuMNHmtH1IqabNyayz6IWr4Gb+PX5sjGNn0nTyy3JcFPhWYfR0PzTMZNT+r7O5NabVIlasxz/wAZv0dMYm4ydPPyfs+1RMdo/jMPzdMYR9Jqf5Xk/Z9qDaEpErUuZaf4sf0VPoT9L0/L8j7Oe9VvZasaSxfRUFYXfTY840f5GXNz3qst1VC1DeHoLzwTQXi2MgE0xoLyEHSpXVJC5tqXRpOZgr0qLWpjBdDuSbZzXLBZ1EUV7yz0hBjKKxCFiWwhCEAhCEAUihJVAVFMpKwBJC17dLR8JwZDgb10OuktdvqBQCtRj+aDYIQkgaKpIQNBQkgRWm0/aWMY57/JbHecdgBNStyVw/7UWful8X60LXFry0XajBwoajHaEhJdNYJKxja3Ds1K8rlfkBpPhrKwk1eysb/8TMAT1ih7V1ZVn6R8QKRTqkiFVDkJVQRcoFScoOVEMU0VQro6BCELk2EIQgSEIQCaSaAQhCASTSQJJNJVCKrlla0VcafiepUWi1gYN5x26h4rT262tYQXkve/yGNF57zsa3ZvyCaMq1Wpz8PJZrxzG8rTDSEZdk7g6UE5YeDLq+SH5duWOazIdGyS861c2PNtmacN3CO+ud2XXmtvwbbt26LtKXaClNlEwYNntz2YHnt3nEdRW1gtDXirTXaNY6wtHPotzOdZiLuuB5Nz/Q7NntG5Y8Fp51OdHI3Njua4bxqcN4qE+DqaoqtbZtI6pBT7Q/MLYNdUVBqDkQqJVQSo1QqBcF+1QgwtBoaRvcAdt5jQfvLvKrzr9qr8GD+kR3po/dKQkuc/ZnpG5O+EmjZgSzdIzEelte6F68x1RXavm3RtqnhkZK2N96N4eBQitDWnaKjtXvEmnY47O2a6+QSXDGxlLz79KZ021T7B+25ckudPypr/AMJaPue8kPlQNdltHoZ7ymo6IpLnR8qR/K2j0M95RPypH8raO6z3ldHQuUHLn3fKpv8ALWjdhH7yrd8rGfy1p7sfvJo6Gqa5n/5YNdmtHoj95JNHo6EBCw2EIQgEk0kAhCEAhCSBpJOeBmaLW27TDGUDWveXa2RSSAZ53QdiDYSSBoq40/Na6e0l2XNb+W8rTz6dZexjtb3nINsVrI6rxYGjtIVzLKZedOHiPVA1khB/xkN53Vl15oiHDvlN2zAXcnTvFWD/AAY8857t5yWwsGjY46uxfI7y5H4vf26huGAV7JGtFAx4AyAhloPup8YHRk/sze6rGCxBVfDDoyf2pfdS4T7Mn9t/grosWNa7HHILr21p5JGDmna1wxB6lMz/AGJOyJ/gom0/05j/ANJ/gmjUSWWWLbNGPrDy2DePrjeMdxVtkthAvMcC2uI1V2Eais59qP8ACm/tla22QlxvsgtMcnTYxlHbntLqOHXip6G7s1sa/DyXdE6+o61k1XHR2mapbJZLS0g4PZEZGv3i6SW9R9JWws2lJ24GzWmRv/KuuHVeIr2pEjoCV5l+1STngbGR+10jv/Beg2W3skBID2EEgtkYWOBBIyPUuI+XWh5LTOGtNyMNZee4GlAJPJH1jz1qJjEl5tYWueA0Bz3HICpJ7F3lmfJydJEfpYIpLoFDQFhez0UIw2BW2HRkVnaI4WF8jhicHPf1n6o9AVFpa6HhXSH6WF7C0Yht5pDTXWa4dpTdVz9kstrdEJOEdi2tKaxqThdaCMnHsct1o62sZZ2tcHVDHVwFKEkhcs10hxNO8s5BDahs/Rd6HoLZ+i77614Mm0d9BdJ0vvlXBmOE/Rd99VOE2x331iOfJ0vvlVvkk6f+4UwZfz32vvIWu4WTp/7jk1VfSaEIWAITSQCSZKpMw1VPVigtUSaZqouedjR6Ssa0TwsFZZGN5waC97RV5IAaAdZJGGaDJNoH1QXdWXpyUSXnWGDdzj4LE5RrNwLIpiWtq6V0bmRN2ND3UvHc0HfRVwx2h7X8O9kZLqRizOfVrKZue8Yu/wBIp7VUW2yeCFt+eSNgrQOle0Ak5AA4V3BVvtjjK2NkEpqL3GHNYxkeH2jeLjWlA3bUhWxWCNrWNu37mLXyEyPvdIvfUl2+qygoMETWy7JVlmvt+gAlkpINRebnM7A7tyUXz2zg2FsVlMhd8802iVrWN2tfwZLjuIb1rYI/VFYhltPC3bkIhug8KZJC+9rbwdylN9/sVTLRa+De50FnEjT80wWl5bIK5udwdWdVHLYgpIMB89rpHSKCr/p/n3ngd7OZ8523VcyS0cI4FkPBBvzbxI8ve6mTmXKNG8OPUsooQa2O1Wvgi99ngEl6jIm2p5a5u0vMYunddPWpS2i1BzA2GFwf9K4zvbwW5ouG/wDd7FnHJM/HagwG2i1GR7TFCImg8E8TPc57qYBzLgDRvDnLH4zbeBv8BZhOXgCLjMpZdOsycHWu652ra61AnDqRGI59pvsAEHBkVlcb95p1hgGDhvNO1VX7WTJU2cNaDwNGSEk6r4vZdXsWe44gpayrhrV2e1SxwmS1NY6lXP4uyR9GmlLrDVzqa6VOwLLs9oikaHRuweOaCHMJ28x4B9IVrgKEHLEHqWHpHR8VojayVjZGBzXtrqI+s0jEHeFcFnEGAktYwFxq4htwk7yM/Qud018l3SuLuEd9lj21Y3tZ+YW7tFlmD2cBOY2MBa9j2CZrwMRiSHg5iodrxBwom26YTcEYeEjuis7JIwWEjEPYafdJ6gg4K36BtTGECMyClL0REmHUOd6QtDxQg0IIIzBBBHYvXItLWaSR0N8CaMm+yRjo3CmtpcAHDe0kK60WCN4o8NeNQka2Qek4+1I9Dx7i5UHQFemWr5LQuxaxzD/Tfh3X/kVpbV8mHt8h7TsEgMZPVXmn0qxg4l1nKpfZyuntOiJWeXG4DpUq3vDBYL7Oria0fFyktxxdCYa93CCVjmRxyFN5xPoWNarZFG0vmlZG0EAuke1gBOQxOZ2Lm0zDMMhid2KV5x2N9q1tq0hI1zGQ2aSXhKc+9HHHGDrkLjfHUGEqUtmndKHGdrbOBjAyEBzz9qRzjVu5oad6IzHlo8t2JrQE50FTQa1gWfSola/i0b3mM3QZmSWZj3j6rXPZeIHSDSN5Vtn0XCyR07YwJZG3XyEue4trW6C4mjdwwWaQqNWbLaJYQ2aZ1nkc6ruKOAut6Ae9pcd7gGnZRZDNHxAscY2OfE0Bkj2h72jXR7quqdtcVmICCOr0opj+SepCBD8kiMxUjeEx+SPFAIQhBHV1p+HWhBKAKTRSu/E4koPglVMDqonUccN5/DWgJDJMDOaQzISJwTOaCBbUYjFpw3HEVTccinrKVMFRF34qNPjcpHaokeCrKOr41JH46lL48UiPj8EEAwYnWc99MPwWusWho4WvFnL4jIXEXXvc1hORZG8ljabA2i2Z2/G9Knx+CDVsmtccJkkMdokaCRHGw2e+3CtS5z+eBXYDuzQ7TrGwiW1RyWVhNHCVrJAyuReYy4NbvNBtotkfj81TKwFt05ZeBUxdVWd8ErQ+F7HNeKtfC8UcNvNND6Fi2rRcb82xv3ubcd32U/BLSujIp2Bsjahjr7CC5jmOGDrrm0LTSuRWNbLLKGNFlmMLmOxvsEzZGnIvDjeJyxDgd6qsc/J+PoS9ksZHZUIW0i4YNAe+EuAxIhkaCdw4XBCbKZDYcDaZ4AJJHWOV+LhZnRyGMam35GEOO1waM8NqzGWKMBgLQ8sADXyc99R9a+7Gu9XOdQE0JpqAqT1BTqsqAmo3shQ4jOmA61JAISDq1zw2gjfhtzTrmdmzFAI1Iqls3oB3gmg/mo3sSMcM8CN+G1AwkgmlTjgNQJ9iAgClrSc6lM8cBgTqJx2ZJnPtQHgl4pVzGwbChAjl2IJ/FJjqtBoRUZEUI3Eaik52GvGmQJ/9Kh60q5pn81GuJFDgNhp2HXkgepBOCAosNRkRngc0ZMnFKuKT3c2tCcsuulU3ZhBGqiT8bwmTzqUOWequzrUR+qoCdfxikkwkjEFu40qPQSEpCaAgVy1014n0IHXx8UicPZ4IcfjcVVV14ggXboo6uN7GopTAUpjXagk5+v43qtzvj8EE+PiqA43ReoDSjqEkDqJAQSL/AI3jNUucOzLsOXtUJ5QGh95obWpc4gDDPGqhI9uBqLrssRiHbNq0J8KNeetCq5usY60JkDz4SSefZ6U/mn1r3lISSefZ/WpPeXmgsMm/0I4jJv8AaubT0xkj9enZq0xpan0r3lMPkqP/AL6amv8Aen17OcvMRYZN/oKOISfAQx6kHyefp/WXeKbXya9PTV3Wl3ivLeISb/QUcQk+AUMep3pPP02/95d4qV6Tz/N6yfFeVcQk+AU+T5PgFT2PUr0nn+b1k+KRdJq0/N6ycvSvLuT5PgFI6Ok+AUTP9epX5PP03rJ8Ur0nn6bd+8nxXl3J0nwClye/f7UMeoufJq09N6wfFBfJ5+n9ZPivLeTn/FUcnv3+1VceoAyefp/WT4pOfJ5+n9Zd7y8v5Pk2fikdHybFEx6hfk8/T+su95K/J5+n3fvLveXl/EJNiOISbFTP9enufJ5+n9Zd7yV9/n6f1h/vLzDiL9iDYn7EMencI/z9PT/MP95IyP8APto9Zf7y8x4k/Yjib9iLj06+/wA+2j1h/vKJe7z7aKf5h/vLzPib9iXFH7EMemGR3n20esP95R4Q69O2j1h/vLzXij9iOKP2IY9IMh8+Wj1h/vJGQ+fLT6y/3l5xxR+xLij9iaY9FMp16ctPrEnvKp0xr/8At2j1h9f+5ef8VfsS4s/YmmO9dMc+WbRXWeMSVPWbypMp88T45/PyY9fOxXD8XdsS4B2xXTHZPcLt3lSUsH1DK+73a0UHvBoDpSUhvkgzPN3/AA44di5DgXdEo4F3RKaY63jEnnaf1iX3kLkuCdsKFDGbyvNtHcajliba3uNQhFMaZm2t7jU+WZtrO41CFNBy1NtZ3Go5bm2s7jU0JofLs39PuBPl6b+n3AhCaHy9Nsj7n6o5fm2R9z9U0JoXL83Rj7n6pcvS9GPuHxQhVBy9L0Y+5+qOXpejH3D4oQmhcvS9GPunxRy7L0Y+4fFCE1Ry3L0Y+5+qXLcuyPufqhCahctSdGPufqjlmTox9z9UITQHTMnRj7n6pcsSbGdz9UITVLleTZH3EcrybI+4hCBHS8mxndCOVpPsdwIQmhHSkn2O4EuU5Ps90IQmhcpyfZ7oSOkZPs91qEIEbdJtHdaom2P2jutQhQI2yTpfdb4I42/pfdb4IQgXG39L2N8EIQg//9k=" class="product_picture" alt="House Zinc">\n                                    </div>\n\n                                    \n                                        \n                                    \n                                        \n                                        \n                                            <div class="carousel-item">\n                                                <img src="data:image/png;base64,/9j/4AAQSkZJRgABAQAAAQABAAD/2wCEAAoHCBYWFRgVFhUZGRgaHRoeGhoaHBocGBgcHBkcHBwZGBgcIS4lHB4rJRweJjgmKy8xNTU1GiQ7QDs0Py40NTEBDAwMEA8QHhISGjQhISE0MTQ0MTQ0NDQ0NDQxNDQ0NDQ0NDQ0ND8xNDQ0NDQ0NDQ0NDQ/NDQ0NDQ0Pz8/QDQ0Mf/AABEIAOAA4QMBIgACEQEDEQH/xAAcAAACAgMBAQAAAAAAAAAAAAAABQQGAgMHAQj/xABEEAACAAMEBgYGCAUDBQEAAAABAgADEQQSITEFBiJBUXEyYYGRobETQlJywdEjM2KCkrLh8AcUJFOTc6LCFTRD0vFU/8QAGAEBAQEBAQAAAAAAAAAAAAAAAAECAwT/xAAdEQEBAAIDAQEBAAAAAAAAAAAAAQIREiExQTIT/9oADAMBAAIRAxEAPwDs0EEEAQQQQBBBBAEEEEAQQQQBBBBAEEEEAQQQQBBBBAEEEEAQQQQBBBBAEEEEAQQQQBBBBAEEEEAQQQQBBBBAEEEEAQQR4TAKdO6fkWRVecxAY0F1SxPYOcKxr9YiaX3/AMb/ACih636U/mrWQOhLJVes5fr2xBNnF5Qq03HGta9UdJhNM8nTJuvdjW6S77WWw0errzYzk7/43+Uc2t6Azgl3CWtK7yWONT2RvlyxWlDu4RqYY/anKuhtrxYgxUzGDClRcffliBSM5euljZromNXH1H3dkcx0nIpaHNCAQuPGmdI2WOXSYpvet54fGM8cV3XR015sRr9I2BI6Ezd92Nq642QqW9IaDM3Hw68so5ZbrNcmuMQCcOusS9GpdcBui+ye2JrE3XaAa4iMorWplsJlGzuduTRRXNk9RvNfuxZYw0IIIIAggggCCCCAIIIIAggggCCCCAIIIIAggggCCCCAIrGvGmf5ezMF6bCgpuB/dIsU+aqKWY0VRUnqEca05pFrTaS5OypwG7DIfviYsGqzWO7LBYbR22O+ucTdAqWnbQ+rUucNy0+JEZFwQAcsKwzkFEs06Yoxe7LFfxN5CPRnqxyivpMqzE5sST5fCJEhtoe8PMRGkyKmv7wiZYpS3099fzCOf87e9tb+NGlhSabwOJNOQpERJ2NcNxHcIZadP0p6mYRGN3DDdDjuLts08uKPuZVYHhUf/IXrOPGuUOrZt2ZKDAVXr6vhCGzUyMTjLTfS3aPt5lvJtYOyfo5w3UO88jRuzrjpYNRURyjV90e/IbozAaVx2gP08Iump1vLS2kOduQQp4lcQh68iv3Ymc1SVZYIIIw0IIIIAggggCCCCAIIIIAggggCCCCAIIIIAggiJpC1rKRnY5A+UBU/4gaYuIJCnFqFqeA+MUCypTtjPSukGnTHc1xOEa5OROOGXOJaJiv1wz0m5EqRK6i7c2NfICFVhlF3RBiWYDvOMb9N2gGZMIyGyOQoo8jF2jTZrSR5xP0daA8+SSoG3LrTI7S7oTI+BhhoQ/TyffTwMTlRt1lP004j238hChH2AecT9ZH+kmf6h8RC2Sdnt+H6RrlYaiw6IT0kicm8AMvOhP8AxHfFcAo3j3xYNVZ9J932lI7tr4GFOlbMZcx09lmXsrVfAxOV0aZWacUdXU4g1HZFqtFu9BOk25eg4CzgPZNKk8SKV+4eMU1GizavTBNlTLM+8VTqP6Gh74nLfR46fLmBgCDUEAgjIg5ERsil6g6TN17HMO3JrdrvSuX3SaciIukVRBBBAEEEEAQQQQBBBBAEEEEAQQQQBBBBAEc8180zUejU4Gvdx7SO4dcXDTVrCIcaVBqeAGZ7cu2OP6Vnl5jMTvNKZch+90BCQY8oYTjRUTgLze81PIADviPZpNSOAxPIZxsuk1MYDXV5KM805S0ZvvEUX4wlnPUY5k1/ffFgkyblic1oZr0HWE3D974r85cacB4xbekYg7PbDLQQraZXvj4xBZCacx+/CGer0s/zMr3v+JhPRG1h+smf6h8jECSNk9ny+MMtYvrJmA6fzhdJGY6oUiXo20XJst/ZdSeVcfCsONdLLSbeHroDzK7Ne4DviuLlFy099JZZE8Y0uhuRFG/3L4wncKp8hKjOGlgQy3WZeAKkGlRiN4x4iEhco7LwPhujf6aIq4axy2kvKt8jHKv2sMVPvCo5iL/o+2JOlrNQ1VwCDz3HrGUUTVS0raJD2RzuJXiATmOTY9sZ6j6QMic9imYVZjLByDAbSg8CBeHbxjWx0KCCCKCCCCAIIIIAggggCCCCAIIIIAjBmABJwAzjOE2n7cqIQcqVbluHafIwFP1z0uSbimhahPUvqr1b2PWYqMsY8vONlsns7s7GpJ8a/vujyWmQG/4xi0Swt1L3tkgclOPjTuMa1EZ2ttoIDUJsimWGZ7TU9sTNA2UzLTLQe1U8lF74eMIJGsRuCTJr9Wgr1s2fl4wiUi9U8YZabn358xtwYgclwH5fGFiiFqRk71IwHZyhpq0K2mXzb8jQqI2hyh3qolbUn3vyGE9Uu08v0s73/wDkYhS0hjp4fTTvfP5ogylyhl6RpRcx1xc9BJ6WwTJWZQtT848axUGWjHs+MWjUS00mOntJeHNSMO5j3Qx9SqfbkxVuIp3fpSNYyrwhtpyyXHmIPVYleVcPAiFMs7uMFTtEaQMiak0eqcRxU5jui2a52IkS7dJNDs1Yca1R/h3RRU4R0LUm1rPkPZZmNAacSjcPdOPaIsvxKtWrulltMhJowYijr7LDMct46iIaxzHVu1NYba9nc7ExgpO4PWiN1Aggdo4R06LFEEEEUEEEEAQQQQBBBBAEEEEBqnTQqljkASY5rrbpFma5WhJvP1EjZXsHwMW/WPSARTjguJ629RR5/hjltomFmZ2xJPifnGbRioqeoRJkrSrcMue6I8taRJfBQN5oe/KMjBFzMWTVVbi2i0n/AMaFV95v/g74ru6LDO+isCLvmvfbkMR4KO+GJVZmNif3v/SBEjFxl+8v2Y3Slqe/wFYUaru12Q/1NX+qT3X/ACwjQYnsh9qjhaVPBX/LSGPpfC7WL6+f77fmhZLMM9Yfr5vvP+aF0oYQyIwmjaHWD8IY6vWi5aZbbi108m2fiIhWleieXjhGFKZZw3qlWTXay3ZoemDrQ8xVT4XYptKGOk61oJtmSaPst2OKHxIjnc5ca8f2YuSYvG48YY6Ft5kTkmj1TiOKnBh3QvQVBEey4kquha96ME6Ulpl40UXiN6nFWr1E+MNtS9M/zEgKx+ll7L8SPVftHiDCzUXSAmyXsz43QaA+sjYEdnxhAs1tHW6pqUyb7ctqEN1kZ8wRvjY6tBGuW4IBBqCKgjIg5ERsigggggCCCCAIIIIAjRaZoRS2dMhxJNAO0kCN8VrWLSF0MdyYD7TsKUHINn9o8ICpa128s3owa0JLH2nOJPUBuHWOEV2taAZDH4CPbVNLMWJriceJ3mPZaUEYtG6SlSP3hHrtVu8/KM5YopPHAeZjUnHjEo2y5ZdlRc2IA5k0h5rg4DpKXJEHjh5Ad8adUrJftKcEBY9mA8SIh6btN+e7DIsQvIbI8BWLPyfSx843S8O4xqGZjcmRPL9+EZVrl7+fwh9qmP6j7j/CEKZdp84f6nLW0H3G81i4+xMvCzWD62b7z+cLpRwhlp8fTTfefzham7lDIjO09DkPI1jykbXWqd47xGiUaqOUSqv+hPp7CU3qHTtG0p8R3Rz60y/Pzi66g2j62X7rj8p+EV/WGy3J0xNxJI5NtDzMavcZnpJLFDHtKNAmUZTEqtd4jDSborSBkTkmr6pxHFfWHdF71v0cLTZxPl4sgvLT1kIqR2Z9hjmhMdC/h5pa8jWdzilWSu9SdodhPjG8alZfw90zeQ2ZztS8U604fdPgRwi7xyrTliaw2tZkvIG+nAqahpZPDMciI6XYLWs2WsxDssAR1cQesZdkaglQQQRQQQQQBBBBARLdPuJUCrEhVHFjlXq3nqBjnWtFs2hLU1C4V9pzUs3ie1jFp07pG6GcZLVE63ODN4Fexo5xNepLV5fE9sZtI0qtWA3D9/vlEkCNchcK8YmWVMbxyUV+XjSMq12nCijdh2nP99UYFYCatjz7TGUZVadVB6Oz2i0bwpVTyFfMjuiok7XIRcdJD0NglS8mcgtx3ufEqIp5GBPH5xu9MxjLWN4Gx2+Q/WNaiNjnYHafh8Iw01SxgIsuoyVtB9xvNYrqDAcotGoa/wBQx+wfzLGsfUsI9NitomD7b+cKlWmENtN/9xM99/OFm/tPnDKjag2T934xGlZU4EjxiXKGDD7PljEUdJhyPeP0iUO9UrRctKcHDIfvDDxAhjrxZqOjj1gQeaEHybwitWeaUdXGasG7jWL7rRJD2cuMbt1x7pFD4N4RqdzSfXObQl1uo4/OPEO6JFqFUB3qfA4fAd8RAYwrymJBiVou2NImpNTNTlxG8doiLaNzfvrjwwg6xrBYVtdmvJi1A6HjhivaMOdIruoWlrjmzuaKxrLruf1l7c6cQYlfw80rVWs7HEVZOWFR8e+F+umijJnCcmyrm8CPVcGu7LiO2OqOlQQl1Z0wLTJDHB12XXgw38jnDqKCCCCAIX6VtNxKA0dqhT7OFS/JRU9w3wwil6xaVRL0xy4HRS6t8qtendwxY0NMyFXrgK/rFbb7XEwVNhfiezzqd8Jpq5L+6R7ItKTCzIWKg0F9SrUG8q2PbHiCu1+/3845Zb2s8ZARKY3UHFjU8hgPGpjSiEkKMyQO+Pba1WIGWQ5DCJ8Vql5V4xL0dZvSTUT2nUHlXE91YjxY9R7NetBYjBFJ7WwHxhJujbr1PHpEljJEy4Fv0AiqPuhprDaL8+Y/FsOSi6PKFczPkI1fqR6IytJw7PPGMRGy2rQ05CMq8i06gj6aZ7n/ACEVaLXqD9bM9wfmi4lItNj+ome+/nCoCG+nf+4me+/nCumJ5wqRnJz7x4RGfp818j+sSZfSHMRptS0ZepiPAxPgKR0XQtJ1jRTjsMh7AU8qRzuLpqHPqk2WfVZWHJwQfFfGNY3tKqM6UQzI2eIPURh5gRApFh1pkejtDE0AbbWpzB6X+6sInGJiZdNRhcqpB5j4xHXhwiZXKNMxKNXsiQbNH2tpMxJinaU15jeD1HER1u0SktlmwydQVPstTDtBwjjjiLv/AA900FLWdzQHFK8d6x0xrNLNDW1rFaDfrdrdmDq404jPv4x1NHBAINQRUEZEHIiOcfxDtNnSaFF9prAF0RL10ZB3O7dDfUHTQdPQM1SuKVwN3ehHFfI9UXWja6QQQRQRR9N2hlR1SYJJVmrMmAsK41IrgRj17uqt4ip6bl0d2OGAKs4DIDSourxrjFiVzC32ssb/APMpPcUrNVLqqMrjpQXkNMeGET7etoSUHu2ZxhtSXGXWpYxH0hpAuxVrSs+7ewlyfR3PdOT8Kb4yfRqPZr6SLOCB05c8hzTjLOR6oagiSdKWhcfQgYHGoNARjkY0tpsqwvynHXkPGISWXCoRxycEd1YwmI4GDTVpnheHbSJcYbOpWnJLetQ9cW/QmkBLssx5JVndrpJwuChu0rmcSeqOaS3JwaZKPVMS6e+kW3V8/wBO6ES2AYEKjbOIoSTuBwFOcJjIXKoEm2tQl2RwDiZZrdHFhSJK2lGNQ6kHrERLQ1S61QY1Bly2TGuFJjbLZ5HAwpWRtGqJmcQxQfh3HqiZY7JVllTkvCrqBUVN4ZVzjG1WtGckOvSJzHGK4Zajcox9smPLWiXjUJzLMCeusThNHJZxMX2h3iH+q+k0kemcmpCLdUEXmN44DwjnEtUw6H+Roc6GZQWpdOycEdiT1VOXOLjhq7Lk2WrSEx50x3dCSxYrcYIpJGHpMt9Kx4dJSwTea629TmMPHmIj2hmvsazSKA1BT0fR9RCalRSgwxp1wutNQRtNdps0UMKfZY4gfZOUW4ypMqbNpiUMmJ5Axrt2mEZiQj5gjZ+UJpkxsKek/wBqxg0ok5Nlgb4ETjIu6cf9aT2Zn4TDbVrWcSp1UVjfUqQwKgk4rjuxirJY3pWsz8a/OJGj5ZE5LxYC8OmQ68mUHHrhMZC1K05NaZN9LMVC7it53OVaC4u5BkOOJiL/ANQdDRQGy2GO0oPBsnTgd0bdKzh6TFkBIqbyFnbhUjoD2Rw5xDtYU3ehTg1QnNGGIHFY3dDc+lZx9VBzcfOND6Rm73ljtgl2NWyMnsDNGxLKoFL69kuvnGZIbaG0jN/uy+/9ImaLtUxnX6VCajCmHaaRqazIPX7pR+cTNFLRxQscskC5niYagd6YR8RenFqqXEulQSCazXbM0yQHAHGMtWnYWmTia35a3qUcVOKuOWFd4aI+m5LNiqBkDUBeYVS9Q1Eseu3tOd9QMImanyz/ADchaHpb8SoWW7XS3rLhh2Rb4kdhgjyCMtMoRacl0ZXpkrYnoqARUkbya0Ah7CjTy7Kt7JJxOyMOkw303DiRGolcu09aC5ZGnJMANfRJIaWEw/8A0UpfHPMxEsNnZ5TXWsbBW/8AMl2cMN9D0q9W6GWnbW5Z0NomsoFTL/l6SB1PMpXfx4RB0VcuuDMkJkQJ0u/TIbL+spyHbFSESym9iQceJHdiIJ0t6mktK/YmEHuLRumuLx25OZ9QgZ7sco12lValXkZcGFd2BH7wiK1oXHqTv9jjxEWfVJ7xmIQwqoOMtVFQfWI340HOKvKk44Kp92ddPcRFo1TlP6W7SZQq4xmKwy3RYlRNMIfSOK2gpQbRCmT0RUhMyucJXanT7CEvhhTAq1cRzxwpFg02EWcarLqVG088iYTQ4qgFFywhK0tsQpfOpukKa7765A9YwOYhSNYYEYV/BSPbcGGQfIHKu6uNRGdx+L94jG1S2op2ujxK9XbzgiNJOVQ2fsDhyhzoUbdBexDVqABlvwyhNIV94fPc8OND/WqCriuG09RiKYimUIta9KyEE6olyyWUG/Mm3HfdUIOiu4dQELLTKNcFvZ127jqcMHGTHgwzh/pt1SYoW4tVxrKaZMY+07DBa4UXcoEIbYqG6SZYGN30lboH2GwJGHROIPOFIiPJOGwgzzmE/GNjyloCWkjDfUnLjHl1MKPKz9VGO/OJPpRdChzSnqyrw8YiobIKZyDyJiboFQJ6dHpDFDVh1gb+MRZjL7Y/xERJ0Iy+nTaU7S+oU9Yb4BrpgsrqqO6AV2Ql5saG9NcjpNnd3CnGFNsYCjFitaVKreVzQZp6j+cPNPly4uibdVmF1HVVBwJvOcZjnNtwwhNbST7d7ZBK0v0pgHXI9TDCCRhJtS5X5nYhHhEgzFO6ea8AB8YiKh3if2lR8RG1JaUxVq/anAeAgrNqexP/ABD/ANom6LQX12JmJyZhQ488IWzFT+0O2fXvwiZopkDrsIuIzcsMDv6oBxrFLBYO/oQGNE9ITUgKcJSDoIKdI4seqkMtSZdLXJF3AXiMagfROKqd64+MbNKaGtM4M6KaVrUSwzuFU53jsqK4IMe2og1EX+rTD1WOGArdIJCno54jjC+JHVIIIImmnsLdNsol1YVoagcSATj1YQyim6528AFa4CteQoW78F/FBKp2m9MTG+ivmhxcYCpY3hXCpwx7Yj6IBW8yuyKwIoFVhX2gCMK9WGZhO0wu5OZJoOZiwXLiAcBGcbbbTyFT2F3dirV6TEm6MBiTlhEZ5DGlHFRngPlDkvcku29zcHIbT/8AEd8K1MLloRRYmrj6M81EO9DWMyZqO6IiMDtG8MCpxAr1xGs0su6qM2IA7TSHOuL3WVBlLTzFB4ARZl1tKS6V0vfYlERVyFVBYjiSeMLJc1D7IwpdcMQPdINbvUcojT2wp2RorGJlfWrIZl0AxZBWuSMfMxjaJyFVAcYD+31nKsL5x6I6vMxrrGudTSbZpQbZDJX/AE+HbEyxTllzQWZNlhWiY4YmnXELRY2+z4iNNp+sb3jE5VdJml9Ou77BKIvRUHHHEu59ZifgIiLa7wALFWrUkBSGwzKkEBusZxAmnaMCHEQ5U0n/AMwtPrXOO5VHwjB7SnGYfvXfARBrjHphyqaM/Q7AcO9KE0vcK18owstpCkPV2ukG6SprTGmUbbBtS6cCR+++IFmU1Kw5VdMtLaRee5c7K12EXoIOA+J31jStrJAVxeAyNSGA4XhjTqiOcMOEYwlE4T0H/jrzYxuk2pCwBlJTjnC4ZR6Ibpo2tjhaES0p7tYu/wDD6yWaZNKzJaliqvLOIGFbwIBocwfumKasv0icx4iJOrVuaS6MDtS3DcxXaXzHJospp9BAUwEIxoAC2C1I10XTeSnTcgrerXDA44ZjnDezT1dVdTVWAI5EVjfGh5BHsEBGtdouKW37hxJwA745LrZpC8SoNanvAOf3jUx0DWV5jC7LVjQHEA5kYnsWvaw4RynSFjtDuSJE2gwH0b5DAbozfEGgrNfeu5RX7xhlb2xpE/Q+iZkuUCZT3m2jsNXHIZcKRpk6PmtNW9KmXRVjVGyWrUy30p2xqTUSl+lhS5K9hRX322m7q07Ig0iZOsVod2cyJtSSTsPmTXhAdHT/AOxM/A/yjF9Uy1Sst+0JwWrHsGHiRELW21Xpkw/bujkuHwi1aoWN5aTZrS3BC0UFWDGgLYAjHGkUTSNhtLEfQTjmT9G+Z7IX8pPSSa1e+PAkTm0PacP6ed/jmb+yM00bOrQyZmfsP8okjRdaVo1OAAjArE60aPnFyfQzN/qP8owOjp39mZ+B/lF0N2hkqzHgB+YRGtQ2295vOHWgdHTduspx0c0cbzxEQ7bo6beJ9DM6TZI/X1Qs6JeyCZ0jHqjERJfRs+8foJv+OZ/6xsXRk7+zN/xv8oaEK7j3xkUiY+jJ1fqZmfsTPlA2jp39mb/jf5RdCVoVNlhwYHvH6REmLdmH3j4msMNC2ZwzqUcVUHFG3Hl1xIt2iJhN4S3IIB6LbsDuhpFataUmN398agkMrXo6YWB9G/A7DfKJMzRbhb/omBJyut4CmAEJF2UqkZ+i6olGwzP7b/gb5Rl/KTP7b/gb5Q0JWhXwZeGPzjK0ybky9ub45xqsMl0cN6N6ZHYbI9kWO12L6MEy5jMcZaolWNBiTXBVGFSY1Im15/h3pK/IMljtSzh7rEkeNYuMce1QtkyRaFdpUxFOw15c1JzqMMDQ9kdhgQQQQQV//9k=" class="product_picture" alt="House Zinc">\n                                            </div>\n\n                                        \n                                    \n                                        \n                                        \n                                            <div class="carousel-item">\n                                                <img src="data:image/png;base64,/9j/4AAQSkZJRgABAQAAAQABAAD/2wCEAAoHCBYWFRgWFhYZGBgZHBweHBwaGhgaHB4cHBohHiEcHx4cIy4lHiMrHxocJjgmKy8xNTU1GiQ7QDs0Py40NTEBDAwMEA8QHxISHzQsJSs0NDQ0NDQ0NDQ0NDQ0NDQ0NDQ0NDQ0NDQ0NDQ0NDQ0NDQ0NDQ0NDQ0NDQ0NDQ0NDQ0NP/AABEIAOEA4QMBIgACEQEDEQH/xAAcAAABBQEBAQAAAAAAAAAAAAAFAAEDBAYCBwj/xABCEAACAAQDBQQJAgMGBgMAAAABAgADBBEhMUEFElFhcQYiMoETQlKRobHB0fAHYiNy4RSSorLC8RYzRFOC0hUXk//EABkBAAMBAQEAAAAAAAAAAAAAAAECAwAEBf/EACURAAICAgICAQUBAQAAAAAAAAABAhEDIRIxQVETBCIyYXEUQv/aAAwDAQACEQMRAD8A9lhQoUAwoUKKtdWLKRnY2Cj3nQDmYNWYsw8ZCo7WmUZfpEFnOIBN1B/zWuPjGpkTldQykMrC4INwRDSg49oWMoy6JoaBu1dprJC+szmyrfPiTwAED6HtMjTvQuArEDdN8CfZ5HhxjKEmrSM5xTpmjhoV4EV23ER/RgbzAXYAjug5X58oCi26QXJLsLw8CNi7dl1G8F7robMpIv1HEQWJgNNOmZNNWh4UZ+o7Ty1LBVLhcCwIAuMwONo6ftRTiUJgbe3hcKLb1+BGnnDfHL0Lzj7DsKPNtv8Ab1rWldz3Fj9B8Yvdme3aTEtPBV1NiwGG6bWYjTn0h3hmlbQFli3RvIURowIBBuDiOhiOqqllqXdgqqLkmJUPZPDwFou0ciZMEtSQx8O8LAm17DnaDIMFprsCae0PCipX18uSu87BQTYcSeAGsQbN2xKn33GuVzBBBx1sdOcDi6sPJXQShQoUAIoUKFGMKFChRjDwoUKMYaFChRjDEx59XzzUVFrkop3iL4WGX+ke+Nb2grBLkseOHlr9vOMRTTPRyHnN4nJt5HP+9f3R1fTwvZz5peAFt6q35zWOC4D6xqdio6SUUMwvibE2xN8IyGzKczZqg47zAnpe5jcVzhEZuAw65CO7JVKJzY73IFU0wzJzuWJCXAub8vvGeqHLz8NXsD55wcp/4dMz6vc+/AQI2BK3poPsgt9vnBikkxZNto1f9sceu9h+45CA+yiSrzCSSTiSccBc/OLu0G3ZbnlYdSbRUTuUpOpBP942+UJGK7Hk30C9jTWE8MrFT3jcGx1wjRVm0524w9I+IsMcSThYQJ2HsyZjMK7qbuDNYYHWx05mwittftBJQlJP8R8i5J3B54FvKw6wJ8ZS6s0eSR36X0cshyFBJytwGF/KM9WbTLd1O6PzKKlROea285LHTgOQGkGtgdm3nuisdxWxBYZj9o1guSStmUbAtNSPNcKoLsTzJvGjfs9NpgAy95xiBjgTkeeEbbYNEKZ2SWm/hZnJAtri30ER9oO2MlFKIFmvkbg7i/U9Ii8z5UlaKLEuO2AqTbtRJl7gmBVXAFlU2HAEj4QE2lt2ZNAVpjuobe7xFr20AHPWBtbVvMJZjiSdLDoBoIgSXx90WjiT2kTlNpU2aWpYgK4JBFiCM76GDVP2zqN0XCHDMqb9cDGOFc+7uk3AAGXCI51Rui7m3soMCep0HOKTxQl+SJRnJfiGNr7WmTpwaY2Vt1R4VFtBFmnrWp5qzFzGmhBzU8ozMutLkhrAjK2VuEHpveRW4gRvjjxpLQebUrPVNh7R/tElZlt0m9xe9iDlBGMX+nlVdJksnFWBA5HA/L4xtY8jJHjJo9HHLlFMUKFChBxQoUKMYeFChRjDQoUVq6oCIzcB8dIKVsDdIx/bGqLuspM7gfnn/lgD2snBQklDgAPcMBF7Zj+knvOY91MvPL/Dc+cZevqTMms3OPUwxql6ODLL15D/AGQpPG50so+Z+kXO0rndSWM3a/lkPifhBDY1NuSUXUgE9TjAhn9JWHhLGHlh/mPwgt8pWNXGKRX7TTNxEljD7KPv8obsxJsjvxIA8rn6/CKO22aZUbiAsQAABib6/OD1PTinkA1DhFAJIB7zHMgH6L7xDSmoxoRRblY20KV5oCSxclrtwUAZk6Yn4Q9dX01IoE1hNmKBuyltujgSMfefIRndsdsHZTLph6JPasA5/wDX5xmaeneYwVAzuxyGJJ/LmI05d9FFp6CW3O0U+pPeYomiISF8/a84o0WzXfEDdXVjcDy4nkIP02xElYzrO/sKTuKf3sMz+1ffBRJJcbzCy5AAWHRQMAIeLSWkB77I9gbGQMCV3guJLeHqdBB7bW1ZBALEKqC2/bFsPCg165RmK/bSou4ovb1Qe6DxY+seUZmqqnc3dix0+wGkJKPJ2wqVKg9tHtPMdfRoxSUMlBAJH7itr3ztl1gPTS2dgqC5PuHnlD0mzWOL90ez63nwgtTS7d1BYDM6eZikYJCObLs7s7KSSGM5XnNbuqL2voNcOMA5lPunE4jMcOvwi7VVwlqbNa4xbJjyX2R0xjM1Nez4DBeEUx3HsSSUi3UVgHhsTxioilzcnqTHFPJLYnKLqWFgBDpOQlqJIihRYDqdT9hyi7IrXC7lg3AWxvytFRXC5YtqTkOn3MVJ1bYWQ46v9F4DnnDOkgK5MIttAyW3lc+k5EgIeZGZ5ZYY3yj17sZtv+1UyOT317rj9y6+YsfOPCKeUXxOC6n6DiYM7P2hNkG8h2l/ym/vBwbzEcmXB8nXZ0QyrGe/xzvR5Yvb2o9GVITfyDAWPW2UADt+dIcuJjtOJuQWO6MfXGRbTdyHwjk/yz8nQs8X0e6QoH7F2itRIlzkODrfociPI3EEI52WTtChQoUAIoyHbnaG6glg2LZ9P9r+8Rq5jgAk5AXMeZVs41NXbNQ2PQG5+gi+CHKV+iOaVKh6p/QUgGTvifPTyEA9h0u/NRdL3PQYxb7VVW/MCDJPwxd7IySd4opZj3RoBqSWyHxPKPRtRhZyVykkaOrnhEZ/ZBMBdhUbhXd+4Gx3n9nPAG2t88Ms4t7X21T03jYT5wxCJbcQjK+eI4nHpGE2z2gnVJ77WTRFJC+fE9Y54uUui0qs01d2lkU4K0yh3PimNci/XDe+AjHV1a85y8xy7Hjf4DQRFTU7Od1ASfzPhGy7N7Alq6NOxyPK/DHL8yhmlFX2DvoDbC7Lzak5FE9o/QR6XQ7CkU0vdRSWbAnAu/LL4ZRfaeigIiA8LCyjqYy23e2SSbpJImTci+aryB1+Uc7lOb0WqMVslraKRTKZtQwB9SXe9zwsPFpyjEba2+85jbuLlYYEjgbZDkPjA6trXnOXmOzsdSSfIcB0g52d7JTKkh3vLlcSDvN/KNP5jF4rgrkyWpOkgDQbPmTnCS0LNrbAAcSTgBGmpthehwVWeZq9jZTwQEYfzHHhaPRqDZkimTdlqqKMSdTzY5kxBVbQlqrTHYJLHrE23jwHH6xP5rekN8WtmX2f2WdjdzuLmzEgkcuZjPdpdpSpTGXJO9u4Z3HUkZmF2r7cPOvLk3SWMMMCw52yHIRlKChmT3CS0LsdACbczwHOLw5P7pOv0TlXUUV50xnNybmLdNRYXYeX3jXUXY0y5TzXIUqM2FrngoPz1gV6DMnw8foOJi0JRl0SkmikkknKHmFVU/E/QRJWVgQWyGgGvMwBnzy5x8hpDuXomoWSz6ktgMF+J6x1Tyb4nL4n+kPTU18T7ovLJEZW+wtpKkcrjYDoAPkImZAMBieXPQcesIKNPwfaKdXXbt1Q97IsDlyW3zgt0BKyaorPR91cX1OYTkOLc9IpUUguTc2UeJjp9yeER0lKXN72UZt9BxJgv6PAKO6oyH1PE84m1bKaSCmy+0E+mAWS1pfsMAym+ZOtzyIjUp+obNLI9EomaG5K9bHH4xg9zSJmZZab7457q+2R8lGp1tbpOeGD21sMck09M1v/ABdU+2vuEKMx/wDOP7Er/wDNPtChPih6H+Sfs9Y7XbR9FJIHibLyP3tGI2I4RHnN4muqXzNsTYczHfa3agnze6e4uAbQ24cczjllGXqdqBBupiQLcbDgT9BC4YcY/wBGyS5MIFEVjMnte+JUfUj6e+K20O1Lsvo5X8NMsMCep06QAnz2fFjeJKGjea4SWhdjkAIo0q2JFeiIuScTGj7O9lZtSQfAmrHXoNY0ewuxSyrPP774HcFt0HnxjZSDuDLoPzKJyy0qiWjD2U6Ts1Ip0CoLtxOLExBtMyaWXvzHCsfCBix5KD84FdoO3KSrrJtMm6t6ich7Z6YR5zX1zznLzHLucyfkOA5RKEZy76DJxXQX2t2kmTSVVmRDnjiw5nToIF0dM8xwiKWc5AZ9enOLuwNgTKlhujdTVzlhoPaPSPV9ibHkUqbqZnxMfE3wy5RSclBaFjFyMjsjs6kkq01fSTM93NFtw9o8zhhrGwl1TtYKlsPWNsOg0iw85SbIBzY5AcYx3aXtgqAyqc7zX7z6X5cYjcplKUS72h28krB2L6bq2BY/ReJz4R59tra02pa7t3RgqDBVHAD6nGKc2YzsWYkscyYO7K7PO9ndWC5hRgzdfZHx6ReMVEi5OTBewezU2qeyDdQeJzkv3PKPYtjbHp6GVZFsSO8xxZj+aDCB9BTzFUK27JljIKBfyH1MEAikFmO6ijvMxxIGOLHIchaIZZOTrwWhFRRnu0Va08jAiWpO6o8THieH055Rgts7RCndGLDCw8K9OPWC/bPtYr3lSBZBcFsi2nkIwlixwxJjqwxcYnPkdyHdyxucTFylpbd5s+ETU1IFxOJ+UX6amLmw8zoBxjo/pF/oiRYdlEW6yaijcQCw8TnU8uAjPVlXvYLl841i8bJKysv3Vy1PH+kVqaQXPADM/bnHMiQWPLUwVRABYRux3SJlsAABYDIfXmecdlrdT+XiHetlnDs6qN5jf5nkI3QnbJGdUXffLQaseHTiYGh2nTBvkXchdbAHAAAaC+QiCdOaY9zbgOCjhGjpEFOoYD+KR3L+op9c/uIyGl78InJ+isUkaX/gT97e5YUAfTtxPvb7wolUw2gHV7RZ7gYDrFJY7lymY2UQVpaILicTFA9Feg2cXIv3Vj1Lst6GRLO6qoB4nNgSeba6YRi5IC2Le7U/Yc4i2lt3d7udskHgXrxPxhJx5Khoyo3G0+0qKC9wiD1j4n5IuZ6xg9t9qpk/uJdJfAE7zj9x+kAKmqd23nYsfgOQGghU8pnNlH2hY40gubY6C+AjYbA7IO1nnjdXMIfEf5uA5RDsCVLkMHZd9xkTp0Eaxtusy75ARMRvHFm4hAczzOAjSbWkaNdssbOQgNiFRDbRQANBbACFVbURFLu4VNC2bfyrrGW2rtoIoBwF7rLBuSfacnnGUr9oPObedr8BoOghVjb2x3NLoObe7UvOBRLpL1F+8/NyP8uQgDJls7BVBZibAAEkngBHdBRPOfcQXOvADiTpHomwNkpTKGAvMPidrCw4LwEF1FaFVyZJ2W7FpLAm1NmfMJhup19pvgI1MydLQXVR1tmeXGAE7aYIJDXUZufD0X2j8OsDK7bSou+97eoh8TczwH5jEeEpOytxQeqaxFBmTXCqOdzyA9o/KPOO1fax6nuJdJQyUHP9zcT9oGba249Q12PdGSjACIdlbMeofcQdScgOJi0cajtkpTctIpUlI85wiKWY8BfzPAc4LpQrK7oIZhmwy6Dj15Rpp9KlJK9Gnjcd99WtpyW5yils3ZhmAu+CYm+V7cOWeMWUk9k5KtA6mpC+NiF4/QfmESVtWgXcQWUDFva/p84l2rtFSN1LKgzORNtOQ+esZWsqi5sMFGn1htvbE/g9bVb2AwX5xDIkljyh5EgtyHGCcpABYYQyN0JJYUWEd2i5IoXZC5FkHHU/aK0xwLm/UwU0TZG7hRc/nKBNTUFzfIaCHqqkueQyiSipr95stBxP2hXIeMaL2yqcIBMcAn1EPH22HAaDXpFlnJJJJJOZOcQhsbmGZ74DzjKPkzlYYwhRB6PnCgincuWFFgLR07hRvNEFVVqmeJ0EA6mqZz3stBoImVLlXtMtgmA46n7CB4hkQk2AuYM0WzgO8+J0EYxTpaIti2C/EwappYUBVHQDMxIkm/30EWDVLKUlbA+3kei8PnGMWklrK8Y3n0S/dHNyP8o84CbT20Sxsd5sr+qo0C9PdA+t2iz3C4KfeYoiBQTtnJJJNyczFqipC54Lxt8o6pKK+LZcIMSUyCi50AgmsK0VckhNxEAtmTmTxMSzah3G/PYhfVQYFz04czEQlpIG89nmWwTAqnN+J5QB2ntUlib7znNuHIQijbH5F/aW2d21wLjwIPCOZjLVtY7sWckkxyzk4nGJ6Sj3zdsF+cOlQjY2zaIzDj3U1b7DWNhL2iJSBJK7ijMnFmPEmBCAKAALAQa2ds5VT01R3VGKIc24EjheFl+zJvwd0lEXHpqgkIMQD632Hzihtra+/wAFQZDIm3H7RHtja5e7Od1B4V6ZYan5Rkq6rZzjgBkB8+saMfLM2d1dSXOOWg4RDJkFjyh6WSWzwX5wRRABhFEK3Q0uWALCCVBs8tZ2BCA58SNB94VFQFgGIwPhGrEcOXExY2ltElBLBG6mGGA6DiOesZv0L+2QbS2gX7uCouQGVozdXUlzYeEfGO6yr3sBkPjEFPKLHlBCl7O6an3jc5fOCSiGVbZZCOwptfT5mMkByGc6ax0i2GJwzMdop5X15cooV9TfurkPjDN0qBFWwz/bU4GFAjehROynEqOSSSTcxPS0jOeA4xaptn43f3feCarGNZxTUyoMBFlY4WKdZtEJ3VxbXgP6wAWW6qtCDE9FGfWAVTVM5uctBoIhdyTcm5MS08gubDzMEJyiEmwFzBWjoLYtiflE9NTKgwz1OEXqWQXOe6o8THID6mAY5pqUu24ouflzPAQSM9JAIQ3f1pmi8kv84r1NeiIUQ7iesx8T9bachGZrK4vgMF+fWBtmLFdtLeJC35tqYFTI7EEKSk9ZvIfeCgkVHRE2LZQUVLR0oJsBiTgOsH5NIlMomTQGmEXRMMDbWNJ1oCTZFR0aSVE2cLk+BOfEj6QJ21tdnJdz/KugiHa202Zi7nec5DQfaM5UMzEsxgJbth/QqmqLnGGpqYucco6p6bfPIZwWlywBYQ4rZEsu3KCWz9nb1ncXW9lXVzwHLiYn2VswzTvHwD48un4It7V2gEvLTO26zD1RluLw4E/1gOXhGUdWyrtKs3bohBa1nZcgPYTkNT+HL19VfurlqePTlEm0Kv1FP8x+g+sD5UssbD/aMBexpUosbDzgpLlgCwhpcoKLCLMiSWNtNTDGbOqaRvHkMSeUTTABa3/iOA9o/SLZkBEu2WQX2m0HQZnrzgVW1G6L5sfy8axaIK6p3RujXOBgx6w7Ym8GOzuxnnzVlqO++vsLqx8oSUktsrGPgX9lblDx6l/9cyP+5M/w/aHiHzwKfGzzmOr2x4RFMmBbkmwgTV1pfAYLw4x0NkErLFZtEnupgNTqenCBwhlEE6WiyLZ8PzOMNpEFLRl8TgPnBeUgUWAsBCEdKNT7oKQHImlpfEmy/E8o5qq0Kov3VGS8fvFSqqwueeggTNmljdsTAAiWpqmc45DIREoubaxyikmwzgnTU4XHM8YFDdCpaXdxbE/KCEmWzEKqliTYAY3jmlp3mMEQXY/lzyjRNNSjXdSzz2HebReQ4adYzdaQFvZ2qS6Jd5t16g5DMJ/XPGMvtLaLMxZzvOc8cojr683J3t5zmeECma+PvgJV32M2J3JNznDS5Zc201MKXL3+nHjBKWgUWEMkK2PLlgCwEFdj7Jacw0QZscsOccbJ2Y04k5IuLN9PgYNbX2sstBIkjd3cyNMPn8vkJS/5XZopVcuiPbW00lj0MjC2DMLDyHP5Riq6q9VedzHdZU5gHqYFzHN7DOMlSpBe3bOEQs1hiTBWRJCiw8zxPHpyiKkk7oxzOZ+kXEQkgAXJyEOBs6kySzBQMT+XPKD9JQKi7zGyJiWIzPTXgF+xi3sbZO4tyBvMLkk2AUYk30Azvyv7MCts14dtxDaWmOI8RGBcj3gDQW5xNy5OkZRpWwfXVe8S5FlGCi+WtuZOZOsZ6dOLG5i1X1O8cPCPCPqecQU1OXNtBn0g34CondHILY58Ba9zHuXYXs9/ZZO84/izLF+Ki2CeWZ5mMx+n/Ze7idMA3U8K4+LC3uGJ6gcY9QEcOfLf2o6cUPLOoUKFHMXPmGfUM5ux+0NJksxsB56CK2znDEKzW4E6jh1jQogUWAsPz3mPVi7OCX2nNNTKmWfE/mUWLxzDgRRIk5WdqIgqqvcysW+A6xDV1m73Vz1PCBYaM2MokjMSbnEx1LlljhHUiQWxyH5lBCWgAsICVhbSFIkhRh5xco6VpjhEGPHQDiY5pqcu26PM6CCdRVrKUy5WfrNqT1jN1pAW9suTa1KZDLk4ufG+v5wHvjLV1abmxuxzJ/M4jqarQHHUxRJgVQy32OTDypZc8F+cNKl755fOCKIAMIKQJMdEsLCCuxNjvUPYYIPE5yAiPZWzWnN7KDxN9Bzg/tTaiyUEmTYG2NtOZ4mBJ+I9mivL6H21tRJKCnkaZtrfj1+UYirqtAephVVViRe5OZgZNme+NGPELdu2NMf3/KLFHT6nOI6Wnv3jBJBDJAbFGr7O7HsDNcZGwFsyclHPH4242pdntkekYO/dRcbnIAa4/D36Yl+0G1dwbiDcO7gPYU/J2HmAeZic5N/bEaMUtsqdodq5y0Iz75GWBwRT7IOZ1PK0Y2sqL4DIfExLUz73Ayig5vGS4qkH8ts4SWXYKuJMaBZa08rftvNjuA+u4Fy5HsrzzNhxiPY1Eqq01zZVzOtr2Cr+5jgPPgYnr2LuGIAHd3VGSrbBR8epudYR29BTo9s2ME9BKKeEopHO4vc8Sb3JgiIy36e1O9RIpOMotLPRWO7/AISsagR58lTaOxO1Y8KFChQnyd6O5tzjT08tklByS1hcjW1tCYFS5V3tzjQVrhZTDQJbztaPXUVFOjznK2AZHaBS1mXdXQ3vbr/SLdZXeqnm32jKTVxMXtnzSRuHMZcxw6xCOSXLiy0sUatF294t01LfE+Q4/aJqak3cW8Wg4defKLaCOhIi5UOqiOpaXMJUvEpbQQxM6MzdwXDjA2qqc1U9THNbV27qnHU/QRQvAk/RRRJLx3LlFunzhSZJaxOA+cXlW0BIzY8tABYQS2VsxpzWGCDxNw5DnDbI2Y0990YKPE3AfeNHtPaSUyCVKAuBYcv3HiYEpVpdmir2yLadclOglSwLgYcuZ4kmMbWVJucbk5mFV1JuSTdjmTnAybM4xlGl+w9/wabNhU0ksbmOZEreNzlBJFsIZIDZ0q2gnsfZxmNj4Qff/T/aINnUbTHCgG18bfLH8GcbCcZdNL3bXIwa2G8wHgU8BqeB4mFnLwjRV7Z3tLaCSJYVBj6mWLe237QchqeQjCVtSSTcknUnEk8Ym2nXM7FmPeb3ADAAcBpAiY8BKl+w3bFMe8W9l7PaY4FvjbyvpgCeQBMVKeSXYAan/cxa2/XCQhpkPfYfxTqqsL7l/abAtwFl4xOUqRSMbZafaKzZno5ZvKl5HLffIvbhbBRoBxJi3ULdF6Ee6M72dFmtxEaMnuHkb+8Wh4L7RJv7jcfpjV4zpd8wrj/K3+mPQxHj3YSp3KpP3Bk/vYj4iPYI4M8eMzqwu4jwoUKJFD5u2dKu9+ZMWdtzLS7cYk2dLsCeJiHbK3AEe20eWnsybpjCCkYjA8RnF2VJu1jHT08czjZ0qRa2fte53ZuBPrcf5vvBqayKN5mQDjcWPTjGVaRYxPVbPsinrDLko6FlGLZqQeH5zgXX1oF1U9T9IB0m0HXuFjunLl58IngxyckB4+I94IUlGSN98F9Vfa59PtEuztnAqJkwXX1Vx7xHH9v2i63eNzBXYrl6IbRc2Xs957hEGJ14DUmOUkEnrBOmqmlBllmxYWJGZgt0tCxSvYT2hUpTJ6KUQzesw1PExkKyqNySbsb/AB1MSV1TbEm5MBnfUwEqH7YpkzWIpcssb6QyqWMEpcu0FGboaXLA0i3SUrTGCKMT8BxjiVLLMFUXJyjZ7MoFkJbDfYEknJRqzcAOXG2ZgSlQqVnVNISnQ4hSBdnwNgdAdWa1h78ljLbW2iXNzgBcIt8h9TxOpixtram/gt9xcr2ux1dranhoABGdnTbm5gKNLkx3vSGmzNTECqSYa9zBTZ1OqgzHwRLEkZm+QH7mOA4YnSFYyJTMFNK3yAZj+AfuHrkeyh/vMANDGVmqxJZiSWJJJzJ1JgjVTWmzC7YY2VR4VUYKq8gPfnHNTK7vSE48ux1KjvZBsy9Y0iesOIMZmlGIjTSTiDyHxi6VI55O3YqCoKOrjNWVv7pB+Ue8SpgYAjIgEdDHgBwbzt9I9p7JVXpKWU2oXdPVcI4/qo9M6MEttBqFChRyHSeB0yWURQrnux90EC1gToIFPiTHt9nl9EMqnzMOZMEJcuyiGdYm1sawR6PvdIKTpV0A4CKSLdup+sF3S62hmtAT2Yipl94wW7Pz5e+BOuLeHgxGQJ0EVqyRYmK4lYZRySi4ytHUmpRo3jS2c348MraAcosNQejUO+Z8CceZ5CMrsDtFMpTYr6RMrHNeak3t0i1Wdqt994ozXOJLAWHADHKHWRLsm8b8B2mlM5sNcz+aQ+25iU43FO82G8efDpEsnb9MlPvSiGcjIixVresPy8YysqmdyzEm8OpX0LxrTOZ84sSScTEaKWMMiFjYRstjdnWVAzL32HdFvCOJ5nhpBboPQDk0u6BcYxIF04wU2rSiWbEi+sWdjUAUGdMFlXCx1Y5KOJ4+7jB5aEq5UXdj7PElA7C8xvCuGOuegGZPK/CKG2dpeJFNwTd39tuA/at7AecSbT2i3eF++ws2PgT2Bz9r3Rl6qdvG2kKo7tjt6pEc6dvHlFR3h5jw9NKLHLHS2Jx+pjNtsKVIs7Moi7ADzJwAAxJJ0AGJ+5EWdqzA+6qX9Gout8CxObsOJGmgAESTGAvIQ4i3pWHHMSwRoMC3FhyiOrTBbcLQYq9iyk0V3li9xrYwnS6kRYK3C9PlDqsGgOQMWDtK11B5QFdLEwUoH7luEMKyao8V+NjHpf6aVV5UyX7Lbw6MPuPjHm07IGNX+m9Zu1G4T41ZfNRvD4Axz543BlMLqSPVbwoa0KPPo7wLtDszSzUKtJUX1QbjA8QV/wBo86272FnyW3pf8aXfQd4fzKM+o+Eeww0UhmnDpk5YoyPCnoJq5ynH/g/2inOlmxG6QbZEGPoG0K0W/wBb9Ev869nknZXsDMmWmzyZSEd1fXPMgjujrj0jRVf6eoVO5OYNbDfAIvz3bRuQIeJvPNu7Hjhil0fOfabYFRTNaalgcmXFG6N9DYwPWRgBbSPpWop0dSrqHU5qwBB8jAxuy1Gf+ml/3RDr6j2gPD6Z86zKU3wi/sLs3Pq33ZKXA8TnBF6t9M490fsZQn/p0HTeHyMGaWlSWoVFCqMlUAAQssyfSCsb8s8ZH6U1iEkTJBFjcb0wXHmmcY6dSujsjCzISGB0IwN4+nrRku0nYqVUP6Ve65I3wLAOALY4YG2sbHm4vZpY9aPPey2xQAJrrceopzJ9o8uAjXVs/cQsxCADjjll1iptjaZpzubhRgPWGQ5aEdIytXWvNa7m4HhGnXpHTFOT5HNLWh17777mwzx0HHrwi7XbRJ3d3uhR/DX2R7Z4scbe+Be+DjoMgdTxPKIKudu4k4nG/Afc6RZoVP0VqyfmL443gaz8IaZNuTHCm8K2PFCVbmLlRU/2dN4f81x3P2LkXPM+r5nhBfstsB6mYFUCw8RPhGF8baZX62jVbN/SfenNNrJ/pRcELLBQHkxNyFtYWEQyZVHXkrCLbPP+zkhmRyFZscSAx95Ai9WoQBcEZ4EEH4x77Q0EuSgSUiooyVRYf784h2vsmVUyzLmrdTkciDxU6GFj9VWqDLByd2eCysVHK8OY2lX+ndQjMJTI6X7pZt1rcCLWvzEVm7BVvsof/MfaOhZ4V2c7xS9GHnjvGLNA1riNjR/pzUu49KUlrqQwc9AB9TG/2J2WpqZQEQM1rF3szHztYdABCT+pjFa2NHBKXejxpmBGesXOz9V6Oolv7Lr7jgfgTHttRRI6FHVWQixUgWjzXb/YibLcNTK0xG0uu8h4YkXHPPjxiSzqenod4XHaPTvSCFGM9DtD/tf40/8AeFEuMfZS36NzDwoUQLihoUKCYUKFCjGFChQoxhGGEKFGMPCMKFAMYf8AUbwS/wCZvlGGHh8h8oUKPSwficOXs4bTpFHaXrfzD5QoUVYkQW2fnEtPn5iFChCh6v8Apn/y5nX/AFNG5EKFHBm/NnVj6FChQokOKFChQwBQ8KFCsI0cwoUEx3ChQoID/9k=" class="product_picture" alt="House Zinc">\n                                            </div>\n\n                                        \n                                    \n                                </div>\n                            </a>\n\n                            <button class="next_pic" type="button">\n                                <span class="carousel-control-next-icon" aria-hidden="true"></span>\n                            </button>\n                        </div>\n\n                        <a href="/products/2+3">\n                            <div class="product_info_div">\n                                <span class="product_name_span">\n                                    House Zinc\n                                    <span>\n                                        ($7.30)\n                                    </span>\n                                </span>\n                                <button class="purchase_product">&dollar; Purchase</button>\n                            </div>\n                        </a>\n                    </div>\n                \n                \n            \n                \n                \n                    <div class="each_product_div">\n                        <div id="carouselExampleControls" class="carousel slide product_picture_div" data-bs-ride="carousel">\n                            <button class="prev_pic" type="button">\n                                <span class="carousel-control-prev-icon" aria-hidden="true"></span>\n                            </button>\n\n                            <a href="/products/5+2" class="slide_show_pictures_link_tag">\n                                <div class="carousel-inner product_pictures_slideshow_div">\n                                    <div class="carousel-item active">\n                                        <img src="data:image/png;base64,/9j/4AAQSkZJRgABAQAAAQABAAD/2wCEAAkGBwgTEhUSEhMWFRISFRYVEhcXFxUZGhgXFRUWFxgWFRUZHyshGBslGxYdIjIhJSkrLi4uGSEzODMsNygtLisBCgoKDg0OFQ8PFy0fFR0tLi0vKy0tKysrLTUtLSsuNzctKy0tLS0tNy0tLS03LTUrMTc3KzcrLS03LSs4LS0tLf/AABEIAOEA4QMBIgACEQEDEQH/xAAcAAEAAgMBAQEAAAAAAAAAAAAABQYDBAcBAgj/xABCEAABAwIEAwUEBQoFBQAAAAABAAIRAyEEBRIxBkFRBxMiYXEygaGxFJGSwdEjM0JSU2KCorLSQ0RU8PEVcoOjwv/EABkBAQEBAQEBAAAAAAAAAAAAAAABAgUDBP/EACERAQEAAgEEAgMAAAAAAAAAAAABAhESAyEx8GFxBBVB/9oADAMBAAIRAxEAPwDuKIiAiIgIiICIiAiIgIiICIiAiIgIiICIiAiIgIiICIiAiIgIiICIiAiIgIiICIiAiIgIiICIiAiIgIiICIiAiIgIiICIiAiIgIiICIiAiIgIiICIiAiIgIiICIiAiIgIiICIiAiIgIiICIiAiIgIiICIiAiIgIiICIiAiIgIiICIiAiIgIiICIiAiIgIiICIiAiIgIiICIiAiIgIiICIiAiIgIiICIiAiIgIiICIiAiIgIiICIiAiIgIiICIiAiIgIiICIiAiIgIiICIiAiIgIiICIiAiIgIiICIiAiIgIiICIiAiIgIiICIiAiIgIiICIiAiIgIiICIiAiIgIiICIiAiIgIiICIiAiIgIiICIiAiIgIiICIqRxP2k5Rh9dKge/xLfC1rfzevkHVNjHPTPSxQXWrUY0FziGtaJcSQAANySdgoPF8WZU0A03itqALe7IcINwS4SAPNcUqcVYnHa6OOxDiHEupsAZTp6i2GtP7oMWJJuTJ2Vay3Oq+HrFrnjQXxU5iWyA4Tyv7xuOgdt4g7Ra1BkjDOEkQ8kOaLjeIv0Erk/EPFmbYt0l5cDI0k+oIY1u1gdryDckK0UMYxzJEPY4eNvJwi4EkiQBMEecgmDTOIMgxNImpRFXuDDy2HF1OAPbHtaeQcJF7mwLkHfOAeITi8OHH2wIeOjxZw+R/ijkrQuL9gBrmpiSJ7rTTZfY1G6y6AbiA9oK7QgIi0c5xraVJzpubN9T/ALlBmqY3DtMF1+gv8l7RxVJxgG+8LlHG3EmIwuEDqRitXdDTzDB7Th8B/EFXez9+YPx7Xl73up+N7iS60jUHE7NIJCD9AIiICIiAiIgIiICIiAiIgIiICKGzbinI8NPfV2NLQSQJc4AdWskqu9pfEZZlj6lEkCqKTQ6L6Kr2g+ktJ+tBucQdo3D+GB01O/qB2nRTuJifFU9kASJiT5FUvE9p+a4yt9GwXd0JaS6pUaS4aWlzjSDrOuP1SYMwACuRV8Y97h4pLWwJMjTqJIb09pxtEnqvMHWxIIqNs9riWOFiHNEgtnc7GOcxzQXbF8S57h6rxiXurd4C06qtRw07E0vEGs3g+HyVf4qxmWvc19CGgtAcwNI0xsehtbltsp2u8Y/DyHBtRkB7Bs18SPVjgCW84tchV/LOGce8kubpbcEutt0B3+Xoghq+IrVSXQ2SYMANHrAt6wpLDZFiXMFQ03O0ied/MA+0rfgcky6iC7SHvaBd0WuBIb5fX52vJvqXgkC8eQ07ugSPZNz13mU2KhlWXZwSHUZpiRLnA6d7eCPF9W/MKf8ApVRlQumSXQ/SRFjd7XXgkTMHYCZIJEi5mwG0lxuNjAkDncGI6gcwFrPwbBDrCBaSSBcbAh0i0XubXMIJ7Js+0BpcBsCXtGgkmJNhcza95B6K65bxO1w3D/Xwu/Ajz5rknc1w2Q4SbkNLYsSd2kEwDuYN+Y3y1MVVDbjTu0TIbqgQ0OtJvYifabv7SDsOI4pwDB4pB6OgfNVDNs2xGLfq/N4and9Q2YBz0k+070VYbxBjqbT+UMeICTpEgAT4wZkmYHmLR4ozN3YvG65e5lRnsEmppc2HS0giLaSZF95HSCH4xzluLxRDCRRotApg9GncjzN/SOi3uDMwoUnV6jwC7uXaJdEu1N8IaLuJ3/hKr+HyTMmvLe6dqvMwBA3OomIViwPCtSJqVQxzhLABIB2Gon5D61pH6JwtenUY2o0y17Q5p6hwkfNZVVezXE13YJtOoCH0HvpOn90yCDzGlwE+StSiiIiAiIgIiIC8cQLmwG69XPO2nOK1HCMpMdpNd5FSNzTYJIHq4tB8pQWenxVljw80iaoplzSWAQXN3a0kiek7eao2cdqmYsJDcH3YFpqh59DaPvXJsuzvMaJLqFUsLokbtcQBGpjrTB3sdrqxYDtGxogVqDH9SxxafsukfzIJTE9rmfGQ3Q3zaxpiPIz8VCZhx3m9cFr61RzbhwB0iJ5tbb6/vUq3tAyN134ar76dJwv6OWB/FHBrjJwknr9HZ802Kbisc50gmAZB5k2It75v+KnG8U5jXwTsveG1GimTTqDUHNFBvfNa4bG9MN5b81P5dQ4MxzXMp0Wtc0XEGm8DqINx8Fp5fwliMLX7zW12FpipVqvJGoMZTcTqbzsItMkiw2TYqGVYYVa9OmC5gqEyQG20sc8NZJjUdMAkfpbKfxnD+BLNNJrm1Y8D3Vaji476KhJDNLtpDWwSDsCFU8Ji6tLu6jJ10nU3gECCaRBHyI3Jgn0XW8G/Le7qSWNkTQqGSXMrNkeETs0tMgcyOcijluU5hVwtUVGN8Ps1aRsXNtqpuMWeCLEjdsxuF0nvKb2Mq03a6LwHscNUkAFpGkGQ9pIBHIiG76jTOKsuBBxDdpArz1JDWV487Nd56TcuManDWenCudTqsNTC1CHVGNIa5j4gVaJNg6LFps4WPKILXXrPaQOjQHRewiI9R679IWbC1JJtOqAY3kQbGLOkC29zcyQonFcR8L7sbjahA8I0UKYbPVzi+5k3gyXH3RWI4qcT+Rw9OmbguqudXeJgzeGD7EW8kReKJ1zALrk2bqBuWudpcLixFxG4MGZ1MVnmVUbVK9OQTDWONV0mJAZTsxwAg6iLjfmufY3H5hWEVqz3tAHgmKY3Aim2GNi3L7p1adJkRYGx9x5dZgHn8UVdX8c5dI/JYgsJEmKTTAdNmSTPL2hub3Kl6L8PWYK1N7alN3hLw4sGp27KoPsH91wgg2cZlc2FIRtJG/M+nQ+L4WWzk2NzHD1e8w7vG+zmwXMqMJuyoz9IGfUb2MFBdKtKmCCIBM2aA2RtNhtAuXbW8lmwUCDHS4JvABaB0OwtEEjoIysqUHsZWbTNAuMvp1JDw8RfXZ1RsgaTuOYm5+hJggEm/igTtaHuANvJqDcFXxFxJmQ0m5AB0S10zLbN67DewO7Tnlbo6zTY7R9R+r3xbGP5gG0eJzne/cCeUwtmjiHgiQBcxYHf9V0T7t7ne5QX/gfEeKqyZ1BlQet2O+TVblReDqxOIbY3puBn1aR7rHlzV6QEREBERAREQFWeL8ky7Fju67NQF2kEhzTe7XDb02POVZlXc+rVqVTWRqpPi/6pAiPgpfCxyfN+yjGNJdhcQ145MrAsd6amy132Qqnj+FuI6E97g6pb1ptFQes09QFidx0XeqOOwz9nCehsfis9+RIWOVi6fmktwtwXaXC5F5Am8tO3pG/I2A9+hv3kkiBaNwQYk7gxYc+nM/pDF4bD1Rpq06dRpsRUY14/mUHiuCOGKntYOkOX5Mvp2mdmEDzWuacXC2UqrHNqNe5lVt2kHxTe0dLEx5jmYU9nedZk3Btw9aoXVsWBVqy1rTTw0zSYdIu6oRrPRobIEldGqdmnDRcDprABwc5veBzXiZLX6gSQdt5g2K1M27NMvr1qld+KxAfVfqdDW22AaAG2aAAB0AF05Q04y5v/AD5TB2tvz8x5KbwXEmiiym+k576bdDTrDQWSSwk6SfC0hsRsBdXbHdkjQw/R8SXVBcCrT0gxsO8afDcdDy8o5rj8LXpVHU6jTTeww5rnNBBjYgeu4sQbWWpZU8N3G59jXtLQG02vDmGGvcS1wLXDUTFxI2F9vKIaG9TMD4mRfmIg/BZ6GFxb/wA2zUJmGhzr+cNv/s7rfocNcQPjThq522oViLetlRFTG3LoQN7EDn8Tz6r1jCTPIA3BgiB1It+A8lZaHAPFZ/ytWPMUmf1Gyl8H2ecVb/RaTTvNWpTeR5+24D3BEVDD4LEvPgaXi20lpknUNewt1/FTGG4bxRgucGRyADjy3iG/HmrYOBOOD/iYdvq8/cwrPguz7igVGHEYij3Ie01Axzy4tBkhs0wL7b81FV7CZBgBYg1CP1iXfytgD0upihg2tENY4Do1pb/SBPvXTX1MNRaJLabBAbs0DoAsQzXAx+fp2562/FY5VrSgUsJU/Rovk9Kb/mAthuW5gdqNT3scPmrwczwP7ZnT2279N9147MMCLGq0Ebguv81OVNKfSyPNT/gn3lg+blu0uGsxPtBgHPU6fkCrL/1HA/tG/WvW5lguTx7gfuCcqdn1wtlBoVJ1NJILYa2B139ytig8mr06j/CfZE7e5Ti3jtKIiKoIiICIiDyVjqmmQQ4Ag7giQfULKvktagqeb5Tldywupu972z/2k/AEBVfEZr3DoFQ6Z3vEdS07fFdMr5fhnbhQuYcGZZV3keiaFWwfFDXGA5jyImLG/otrE8UYemzW9jolo8JB9pwaN45lY8d2S5c/2armnlYKIq9jmMA008c4NkENIdpsQ4eGY3CzcY1jZub8JKlx1lJ9oVW+rAf6SVlHGuQ/tXD/AMVX7mqAf2S5+DIxVEgTYseJ8zB3Xg7KOIpJ+kUDMQIeI/5Xjx6nw68/W5f3Oe/VWnCcU5JUcGtrDUdgWvbPkNQCmcIME4lwawk7uhpJgRc77Ln9Lsv4ka5j21sPLHB1+8IMTY2U7R4U4uaZFTCg+XffivTDG67+XP8Ayp0ZnroW3H59i6BwXmoKq/8AQeNv2+G/9q+XZBxx+3w31VfxW+75ls1BeagqgeHOOz/mcKP4ax/+ljPC/Hn+rwv2K/8AencXLW1a+IqA2VSPCnHn+sw32a/96DhTjz/WYb7Nf+9Sy1WLirEPfVZTAJbTEuPLU7l7hH1rSw9Use1xph4BEtM9dxBFwtqvwLxk7fE4QeJriRTqydLg6DLtjEH1X3X4E4tcxzfpOFaXCNTadWR5iXG6smoy+qeZ0hi++7oinL5gHUS6YqEE7+Q6rLnuZ0atRjmUy9rAdWsFuuf0esD716OCuJv22F+xV/FfOE4F4ma1rXYnDuLRBcadSSeph0K6GLM8Y2rU1Mp6RA9TYbiYtssVMv6LewfAfEDZ1YugZc509zUMajOkflBYbBbjeBMeS01MWPCdUMpaZMEXlxkX29OiDJw3jajazWwPynhM7xvb6ld1DZVkFKiZ1lzupAnzjopgBFeoiICIiAiIgIiICIiAiIgIiICIiAiIgIiICIiAiIgIiICIiAiIgIiICIiAiIgIiICIiAiIgIiICIiAiIgIiICIiAiIgIiICIiAiIgIiICIiAiIgIiICIiAiIgIiICIiAiIgIiICIiAiIgIiICIiAiIgIiICIiD/9k=" class="product_picture" alt="Louis Vuitton Fashion Sotheby">\n                                    </div>\n\n                                    \n                                        \n                                    \n                                        \n                                        \n                                            <div class="carousel-item">\n                                                <img src="data:image/png;base64,/9j/4AAQSkZJRgABAQAAAQABAAD/2wCEAAoHCBYWFRgVFRUZGRgaGRodGBwcGBoaGRoeHBgZGRwZHSEcIS4lHB4rIx4cJjgmKy8xNTU1GiQ7QDszPy40NTEBDAwMEA8QGhISHjQrJCE0NDQ0NDQ0MTQxMTQ0MTQ0NDQxNDQ0NDQ0MTQ0MTQxND8xNDQ0ND8/MTQ0NDQ0NDQ0Mf/AABEIAOEA4QMBIgACEQEDEQH/xAAcAAEAAQUBAQAAAAAAAAAAAAAABwECBAUGAwj/xABFEAACAQIEAwUFBQQHBwUAAAABAgADEQQSITEFBkETIlFhcQcyUoGRFEKhscEjYtHwRFRygpLS4RYzU6LC4/EVF4Oy0//EABgBAQEBAQEAAAAAAAAAAAAAAAABAgME/8QAIBEBAQEBAAIDAAMBAAAAAAAAAAECERIhMUFRAxMiYf/aAAwDAQACEQMRAD8AmaIiAiIgIiICIiAiIgIiICIiAiIgIiICIiAiIgIiICIiAiIgIiICIiAiIgIiICIiAiIgIiICIiAiIgIiICIiAiIgIiICIiAiIgIiICIiAiIgIiICIiAiIgIiICIiAiIgIiICIiAiIgIiICIiAiIgIiIFLxeUiBdKXlIgVvF5SIFYlIgVvF5SIFbystiBW8XlIgVvF5SIFSZ5vWUalgNbam2vhNFx/milh7r79W1xTUi48C52QeZ3toDI7r82MapeoqvmFjTuxprsL3e7M2gGgUeXWazi1m6kTKDF5xXIHMRxAqUnN3SzKb3JRunyP4ETtJLOXiy9VvKy2JFVvF5SIFbxKQIFYlIgXRKRApERAREQEREBERAREQEREBES1mAgXTjebucEoo1Oi967AhQF7y9M5zWAX97XyBm9w2NqO1RXplApXKbhgykG5uNPHSan/wBVoYgPTq0yGR2QrVpixIO6sRlcdbqeuoiCInxjMCS4DXUuzFmDFybkta51vqfKa7EOq3Be7W0yC4vpYMSR0M73mvlGiab1MPmpsqs7U01RwozEANqrWF7XsfAbyNaThT027ptceoB/kTvNd+HHWeVIHsq4rh6bVe1qhazlVRWGUFQM1g3u5ib6X2USUqnEQAbGfOmNph9rsQO9cb23Jy6TpOVecCjJTxLk09FWoblkGwD/ABLtruPMTnrPfcbzeek34DElr33sD9ZmTVcG1DN0NspBuCN7g9R5zaznGyInhi62RbxbyDyr4uzZRPdrnaajCi75z0/MxiMaSCo8ZJpeNwj7X6iek5zinEzQw1WvuUpswvtcWy/K9ptODYztqFOsPvorabXI1/G80n2z4iIUiIhFZSIgIiICIiAiJreKY1kpkooLk2QMSFv1ZrAmwFz56bXvA2U83rAEC+vhNVw3trZ61bPmAyqEVEUb3A1Y3/eY/KeioqE1C5YndiRsOgA0EC/FVapYLTChbau1yAddAotc/hK08yp3nDNrchcovboNbCazE8Xp9oESoO1yZlQ/eW5v62s22o0nG8d5sDu+GDOj2KupUs2q6imEJZ2PTa258w7p8WNdw43UfmPETh+MczJ2gFSkGwx7r1Mhyo92FiSLFdNxtrLcDwnGYnDPTrF6bqydhWYAVsobvZ0VtO6LC7dddptOH8lUECmuWrso7vaNmVfRB3B62J85fhHBc108RhiFTE1XwtYZ6J7R2VRoSl77a9DqCDrOTHhsOn7p6qfI9PWTzxvg1LE0WouLAjusN0YCysBtp4eF5EODwP2fG9hiaRdwciKCgVney03JcZStiTsdbeBnTOpxnUvWpONdVKBsqm+boTsCL7gaDS9jNhwPlrFYo2o0Wyf8RgUpi/gxFmNvC/4z3x+CbA4mnV7MvTVwVFRDZiBqjBgGvuQWVScubKN5NfCeKJiaCVqR7jLtsVPVCBsQdLS61ydiZz2+2t5L4U2ATsHxDVQdbEWRCd1S5JA9d/ATtUcHac3WW+s9aeKcC3/mefydeOgmm4jXzNYbCU+1FhYPY+cx/srk+8nqW/0vJbb6I9qa2T1MxiLWHjqf0mfVKhQqm4Uan8zMJTdibWHT5RIsaL2gVwnDq37+RB5lnH6AzN9l+ND4FVuSabshv8nFvKz2HoJx3tW4iCaOFU6g9o+tgLgogJ6aFm+k3Psrxl2rU85qCyHPayZkGUomg7qqU1IHjYXF+vP8uffaTIlImGiIJmqxPFlWqtFRmc6trZUHn4t4KPwlG2lJiNiDp+kqle/W8DKiYhrHxt8rymc+MDMvKFxMMP4ay6m+pBgWnRyxY6qBl0yixPetvc31v4CaLE82U0xq4N1Kl0ujkjKSwuq+WzC56gDrI/fmmrTx9Ws2ZwWemyZvdRWsuQHQFct/PM3UzF5kxyV6i18qtUyIqIcxsFZyrm2ma7X18BLM2pbI6jnTmWvRqoaNQFShLU2UFWKvtfRlJ2vfpKYrjNWrhTiMEuZyyq9FhmAYsAwILDKbXOa+w1nCY/FB1s+lcAkm41G+vev87b9RPPl/j74WsKoBZDo6HqviPBhbQ7zXj6Sa67jCcm1a+R8SRTKsGujFqxa9/fPdRemVF6e91HZ0MDSR3cIudyC7gAFyLDvHdhYdT4Tyw3EVqoHRw6sLhgdCP58ZexJ22+o+u15z609qlfTTaeDVr7ayvZ+P8/rFvlpCrO8d7Cc5zpysuLpXS3b075CdnXqjX6HcHofKdPr4GVy+ssvL1OdiIeB8Q7cDB4jQWKkFWznJneyk2TD5LF2YAs+XrtPLl3jL8NxFmPaYeqEdiL2ZGF0rICAQbHVSAdLW2nU8+8rsx+24bMtZAC4Tuu9tM6W1Dj8QBOL43zF9ppU0emGqpn/aFiBYupIVdczMFUFnJJtpadJ/r4YvpNlOqrorowZHAKsNiD1lSJEfIvNf2Zuxqt+wY6MT/u2J3/sk7+eslh66gFiyhbXzFgFt43Olpy1nxrpnXYvKiXo5Gg2nLcS54wdK4VzVYfdpjML+BY90TlcX7QsRUJWktOgNbM16jel7WBPpJM2rbEqO/if4Tn+ZOaqOEQ3IeqQcieJ+J7e6g0vffYSKcZxWq/v4mrUY7WqMqAeg3/KYIolySTmIBJLEk6G27XvvOsx+sXTKpGviKj4hqXasxLOXulO/TM2ZQAth3S2wF77TseQ8aBjqN6mcsHpEohXD0wUaoKaaC5JQG4ABFrXvmnC0j7ua7IrXCMWKa67X7tzrcH851vI+IL47DB1AAdsgUhKNP9m7GyLpnY93M2puLkm03r4YidPnEXicm2h514ucNhKlRTZ7qiHwZiBfXwFz8pBdHj1VagqBznBJBOoBPiOvzkwc5LTxCvhapKoQhDrq1N1JYNY7jWxHheQ9xrlmthiDV9xjZKqDNTYdNR7p/daxv4y559pXbcH9pVgFxKEHbOmqna1xuPlOy4dzFhq+tOopPgDY9OhMghGUKSASc1gdtt9JWkyXGYX1F/Ei+u3WW5n0kr6J7Y9CPmP4SoqN4fQ/6SG8Nj6tHM1GvVVV72RjnU6HYOenUDXaelLn7Gpbv021+9Svp/dIvJ41fKJmWqTuh/A/lPQU8wuD85xHKvPfaMlLEgJUf3GUEU2B90anRjY9bTtm1F1O9r9DfxHh85leoZ53wZo46qvx2dbD4xdvTXN9Jp8IwrV6VOtmC2KsQ1rnvFLldQPu6a6zrfaKqtjEVjYiggZiVuM1Rit+mwacBiO62ZGvlbuuAQdNmsdp1ze5Yvy7qvwCiaZpqgp6hgw95WGoYsbluoBJJa5v5cFWoMrlNGIJ1B7p37wOoINv0nRccrO+HGISuVR0CPTv3LsMrKvgL5tCbkA6z0XAfaMOmVWV6SKKbEFTUPZjMtiBZc2l9bkFhoSJJeKs5K5mGGfs6l+xdtevZubDOP3TYAjpYESX6dQMAysCDqCCCCPIjQyAS6ZbFCH2O+lvH8fGb3lbm18IMjDPS+H7yf2b9PKZ1lc1Mc87aHTUzS4Dm3CVRcV0B6qxysPLKRc+ouJmVeN4dRdqyAb3zqNPS9/1mG2wW1/QC3hLpy2K59waaLUaofBEY/K5sPxnMcT9olZzlw6BB8b95/UC9h85ZLU6kmpXCBmc2Ub9Oth63vIZ50pYfti+FcWcsXSxGRr3zL0sb3063mBVxz1CO3qO4Lffdioud7XtK1ql2NNMirrtYA63sT4azec3LOrK1vZHqd97bfz8pmB6r5Ked3C6KhY2FvWWvh3DZbXPgLm3rD4bKCzMVa5AXKb301vebvtmNl9iGQIMobqwzW8R0sd+s1VakVYrcG2lwdDPV8WOzCG973vfp/GYnajpc/lLmFegGtv/ADt0m14eiWIViWI7+66dbW0/kzSvV17vgN9/PQdJWnnF7Ei4sdQB+pixnrNr5Wb9mhta5tc3t97wA+k2HBHKVUqK1itRAo17xLj5WFvrNZh6zKpX7p3Gp8Jv+BVWqYrDjIXHaplA0FltbU6dCYWfKfsxiXWMpOToj1cemIZ6iEHvurC4OVlYqVPyAPowmRSUqCBYqwsUYAow8CDoR5EGcRzfgMRwzFvXo3FCq5YfeQliS1NgeoNyNjYi3WbfgnOeHrWRz2L7WY9xj+6/T0NjHj9w7+sjifJ+FrCyqcK+4NNQ1K/mhsAP7JE5LH8k42gc9NFxCr1o3Z7eaHv/AEvJRRdPI7eE9ETqND5fwkmrCyVCFXFVkJLZkJJBVlKkWFrFWFwZhBz0k+4mktRclVEqr4Oitp872+RnOY3kHAvfKtSgT8DFlHotTMB6Aiamolyi98axG4FgALAAi2g1nR8F59xNEBXPbINO+xDgbaNvt4zMxfs0rrrRr0qo8GzU3/JlP1E57ivK2LpG74Z8oGhVe0B+aZv0i2VJLFeLcbfEVKlVwAajA2v7oVcqIPID8SfEzWZr6Dr+d9p41KgU2bukaWbQj1DTLwpW3dINS9hf3dTbQjQt6zc9RK3PLOKRGejVKDKQyF7dxiAGUFtrjLqNRlJm6xXMFBBq5c9Qve123JCluga9wOk418GXdlJC1N2OynS5GmxnmyJeyg36te4b0BMzzq9e3EuKCrWFREyGwB1zBiL2Y3AF7aaDbrMp6YqFGIupurC9rHU30mqqb32O36TYcMY2dQdLA+h2v5CWxOrKxp5GyoB31UXGYiwJZhf3Sbjr0mvyC+0yawIC0xcsL3Hmen0Ex2Pe01321HrLCr6SFtFHTXoB5knYbTPamCMhIUAAq19C1rm5vqDf5WEwBiMoKnKVJuVNj4eGt5Y+NGy2C9FNmA8xe+scOrq1Nk0ZSPAnUHfY7H/USwMOl54tiL9ZWn32VVBZmYKo8STYD5kia4nWwPEtios+XKxzE30tew3mEzsQAehJ1033vbUzucD7Mq7IGq16dMn7gVnI9TcC/wApnj2YoPexhv4BF/C5mZrMXlRpk8bfT+MuFMevrtJM/wDbOhscW9/7FO/5T0pezXDdcRWb+6g/JZfPKeNRmLDYW/CM0lhPZ1guprt/fK/komVQ5D4eP6O7W+OrUI+gcAj5R/ZlfCofDgbm07j2eYdziqdRaJKKSWcp3dVK6MRqdek77BcAw1P/AHeGoofEICfra82+HGqjzG2gnPX8nfpc543MSkTDbwxeFSojI6qysLMrC6n1Ei3mf2WKFepg2bMWuKbsMgHeLBWtmve1rm3TzEsyhF5ZeJZK+ccNjMfgLgK9NFYKVdc1PMwLBR93UA+6eh1nV8K9o9NgBiaZpnqyXdP8J7w+pm89oHBMbVuKKLUoaHIMufMAbmzb2N9vESHsdh3pGz03Q/C6MhHyYAib7m/LPLPhO3DOLUK4vRqo/kDZh6q1mHoRNiJ84JXsbgkEbEGx+o1E3/DecMZSsExDOvw1D2g+WbUfIyeMvws1ftOAUeEuUEbMR66ziOT+damKrdg9BQQjOXRiAAthYoQdyR975Tts0zZytS9VqUw3vKjf2lH+s12I5fwrnv4Wkb7nIv00H4zYh5TNJ0c5xbkrDVUYUk7Gplyqy7eIDDYrcDTQyHsVRek703AV0YqwJ2I/SfQwN+hmFV4dQZzUahSZzbM5p0y5sABdiL7ADfpNZ1xnWeoDF3sFOY+C3b02mwo4WuylEoVCCRf9m5vb1GknJVVdFVV8goH5CXGofH8Zb/JPxPG/qFKXLOOb3cNV9bJTv82YGZlD2f41h3kRB4PVB/BM0lzPKZpP7KeKNaPsxqG2evSXxsjN9L2mfT9mSfexLf3aaj8yZ3eaVv5R/ZV8Y4xPZpQ64mufQUx/0GZnDuQMNSqJV7Su5psHVWZMhYarmCoCQDrv0nUgnwP0lzG1h13P8JPPS+MeWMxCU1erVZVRBmdiPdHjpc38hqZz68/8O/47j/4Kv+WaX2r8TtSpYZTrUftHH7qXCg+RY3/uSMreU1nHlGda5eJxw/OmAZXdK5yplznsK9lzGy37mlzL8BzdhK7FaNR6jDUhaFWwHiSygD5yPeC82U6WFq0mwuHLWpqi9l3a4uwZq1tCVFjc9SZ6cg8yUcO1VK6imtRg6sqkopGmQgXKqOklzffpfKO54jzpg6DFKrVUYAGxoPsb2a+xGh18p44znzC08udK93QOn7MLmU7EZmnDc6cyU6+JovQRXSgpALpdKjM2Y3RvuDp5m8s5u5r+1pSRaSoFUM7MMzhzbMiMRcILdPe67SzPx6Lrn26ur7TaP3MNUY/vOij/AJcxm25K5tbFYhlqLTprk/ZqMxZmvqCzHU26WEhlDabfgDOcRRC3JNRAqruTnXw8Br8pu4kjM1bX0jEszjxicm+rolbRaRVJ5V8OjizorDwZQR+M9rRaByvEPZ/w6qSWwqKT1QtTPr3CAfpOexnsewjX7OrWp+HeDj/mF/xkl2i0COeWvZ4+CqVKi11q5kCgMhQjvA3uCR08JtMR9pWoB9nJpZWzMrh3zD3Qq3Hd8b63nZWiSzquFq8XKsi9jUIYkMxRlCAC92uNbnTSew4onxL9bTtCJb2Y8BJw6gz2kYt2xFJqJqWFI5jTLkA5za+Xraa3hXOWOo6NnqoPu1Ea481cDOPncT6COHX4R9JT7Mnwj6TpLycZs99RGntHP9Rqn6kf/SXD2gVD7uAqn5H/ACSW/s6/CPpK9ivwiTs/DlRL/txij7vDn+d/8ktPN3ED7vDiPUt/pJc7BfhEdgvwiOz8OIhbmbix93AqPUMf+sTzPH+M/wBWT/Af/wBJMXYr8IjsV+ER3/hxDh45xr+rJ/g/7koON8Y/qtP/AAf9yTJ2C/CI7BfhEvTj514pwniFeo1WtQdna1z3AAALBVANlUDpMMct4wb4Z7+QX+M+luxX4RK9kvgPpLN2Jcyvmj/Z3Gf1apb0F7/WXDlrHH3cNVv00A/WfSvZjwErlHhH9mk8I+ck5P4gf6JU9bp+rT3p8hcSP9GIHQF0FvXWfRFotHnV8IgbDezTiDEZlpJ61Mx+gX9Z2PKfs7bC1EqPUDMhuLfQ7+V5JFotJdWkzIs/ncxL7RMtKxEQEREBERAREQEREBERAREQEREBERAREQEREBERAREQEREBERAREQEREBERAREQEREBERAREQEREBERAREQEREBERAREQEREBERAREQEREBERAREQEREBERAREQEREBERAREQEREBERAREQEREBERAREQEREBERAREQEREBERAREQEREBERAREQEREBERAREQEREBERA//Z" class="product_picture" alt="Louis Vuitton Fashion Sotheby">\n                                            </div>\n\n                                        \n                                    \n                                        \n                                        \n                                            <div class="carousel-item">\n                                                <img src="data:image/png;base64,/9j/4AAQSkZJRgABAQAAAQABAAD/2wCEAAoHCBYWFRgWFhYZGRgZHBkcGhgcHSEjHB4cGiEaGRkcHB4eIS4lHB4rIRgZJjgmKy8xNTU1HCU7QDszPy40NTEBDAwMEA8PGBESGDEhGCExNDE0NDExMTE0MTE0MTQ/MTExNDQxNDExNDE0NDQxNDQ0MTE0NDQ0PzQ0MTExMTQ0Mf/AABEIAL4BCgMBIgACEQEDEQH/xAAcAAEAAgMBAQEAAAAAAAAAAAAABQYCBAcDAQj/xABGEAACAQIDBAUIBQoGAgMAAAABAgADEQQSIQUGMUEiUWFxkQcTMlKBobHRI0JiksEWM0NUcoKi0uHwFCRTY5OyRMIXc+L/xAAWAQEBAQAAAAAAAAAAAAAAAAAAAQL/xAAXEQEBAQEAAAAAAAAAAAAAAAAAEQEh/9oADAMBAAIRAxEAPwDs0REBERAREQEREBERAREQEREBERAREQEREBERAREQEREBERAREQEREBERAREQEREBERAREQEREBESK2rtTzVlVGdyL2UXsOFySQPZeBKxOfbV3wxCsooU1YjV6dRSKhH+2oID9d1ZuHDnJ7dveujixYHJUGhQnW/O17E91rwLHERAREQEREBERAREQEREBERAREQEREBERAREQETS2jtGlQTPWqLTW9szGwueAHWewTU2ZvJhMQctHEU3b1Q1m+6bE+ECYiIgIiICIiBG7U2otEopF3qFgi/sgsxY8lAHiQOciXqMxux1MicfjhU2q6H/AMegqqPtVCr1D93zY9kk3qBeJk0eOOwKVVyutxxvzB5EHiD2iQL4RqTjOcykjLW535LVtxPAB/Hrky+00GhaZLiUcEGxB4398CV2Vte5FOpe9jZzw0sLMeF9fbr1GT85rtHBkr5rMcrfmyToba+bY+8Hs1vYhpPc3eIkjC1rh16Kk8RYXyt7LEHmJRd4iICIiAiIgIiICIiAiIgIiICIiAiIgIiebsACToALk9ggcX8q+3mqYg4cN9HStp1uRdmPcCF7NesygJmFmXQjUG9uHPvm5tfGGrWqVTfpu76/aJNvfaaLtfXlNItu73lCxeHZc7tWpXGZHN2t1qx1U95I7OY7nsvaFPEUkrUmzI4uD7iCORBuCOsT8tN2Tp/kX27Z6mEc6PepTB9ZbBwO9bG32T1yaOxxESKREpG9vlAo4UmnSArVxoVB6KH7bDn9ka9doFQ3rx5wm2art6NWmh9mRUB+9SYe2QW1976lTSn0V9Y/gJpbQxNfGVkau4apUZUQEhUUEnKunBQT87y84bc3C4OmcRjHzhAC2h82tzlAyjV9WA10+zKigYDZONxN2pLUcDi2bKt+oM7Bb9gN5mMTjMI+R86N6rgkHubmO0G07DjsOK+HR6OINBBldXQLlKAHokHQLY35cBOeb+70piAKNMXpowbzhGrstx0OpdTrzkG1gN7kqp5qtdHPAk6XGoKtyN7cZZdlYgP0iAHsFZh9YC5BB6tSbcrn2853Q3dfHOwLZKSWzva5JPBEHDN28vATreGwOGwVGwK06aDV3a59rMbnuHsECz7PrZkB5jQ+ybUoGy96qdaoVw3nHZdScuUW4Xs2uXvEtGG25TItUORrkFW0vbS46wYVLxPKjVVhdSCOsG89YCIiAiIgIiICIiAiIgIiICIiAkNvZifN4PEPe1qbgd7DKvvIkzOdeV3arJQSgF0qnMzX5UyDltbmSpv2GBxvQkiYIpOnfMb3OnGfXLcDNIxcDl49c9tlY18PWStTPSRgw9nEHsIuD2Ez02bs6pWcJSQuxPLgO88p0fZ/kzplAa9Wp5w8fN5Qq9nSU5j26QOi7B2/RxdBa1NgBbpqSLoeat1d/MaiaW2N98Dhgc9dXYfUp9Nr9Ry6L+8RKnS8meGHpVa7Dqug+CSd2Zulg6BDJQUsODvd2B6xnuFPcBMqhau18ftLo0VOEwp9Kofzjr1LwOv2bD7R4STobl4NaPmvNg341D+cLetnGo7hp2SyWi0VHHN4dyK+HJen9JT/AIgO0fKa2yd8cThugT5xOBpVekLdQb0l7jcdk7UzAcZC47Y9CsfzCNfixWwI58vlFHL95t9KuKUJlFOkAPo1PpEeu1hcD1RpKs+Zj0j7P6TuuF3Zw6EEUkvysoHtUfVtfidTN07HosLGmlj1KLE9mnSPWDp7oo45sDbNfDKVouFDG5BUHXhfXunltLHVqzZq1R6hHDMdB+yo6K+wCdU2juRhXVjkyNxzoSLHuGjfs8Oq055tvd80XdKdQPkALh7KURs2V3YkKFJWw53IvxBNHQtw0pJhUCFczKHqH7R45j2cB3SF3q34p5jRw6JVsbPUcXTTiEH1v2uHVeUHM65kfOl/SQ3AJGmo5zxbqHuiDpW6dbE1LVqIyU72KuWykjiUOuZeVuR0nQE2na2Ze8j42lXw29mDp4cEOiIihVQenZRYKqDUmwlH2hv3XqVcwGSjwFMaPbrLc27OHLtMHcUYEXBuDzmcpW7O1EyiqjVGpOuoa9wwJubNz0tobHtm7vBvStLzSUMlSrUcDKSbKgu1R2tqLKp9pEKtESj4vfwUqopPQqFgoZ8ovYG9io4twsdLDmwk/sfePDYkA0qgJ4ZW6LA8bZTqT3XgTMREBERAREQEREBERATlPlhcGph16lqfxFR/6zq04t5X698Wq+rRUe0s5+FpcHPXUXm5g9oullYConqOA3hfhNET6jkGVHWd0t5MKwCKBTfgVIAv2Aj4S6o1+E/O7EaMRqeo2I7pZd3d9K2HIV71KfUfSUdhk3B2cTISK2NtmliUD03B6xzHYRJITIznhUxI4LcnsnliawzBb20ufkT1TKm6jh/Xu4aLA+eZZtXN7a2F7DtXTpHv4fD3y25cNezn0uGpmBf3cLDh3acO2YPUsOrXkOBPUOd78YHsWGt+89v2uPDsnm+JHX4dWmo6l7ZVdr7eILIhVMjZalR9VouwBp5lJHnc+YAWNhz4GQ2JxzsTdsjAk5HcBaTkMAmMZXP0bgjIijjx1uTRbdr40hCVYqbqoZVzFWYqqlVsbqc2rWsL37DTVIAW4CBXyhWJdKVV8uekbkf4nznnGsxOVCTrbj6+eqMCgDsGzhEcWZwM2fD1QUy4fDkWyE2JBFiLnL9fAOpDKhY5ClMpoz0umzYaktx5vJlW1Vhc201sCEhsrZlLE02SqgJVrdJy9VDZSy1qmpNVSWsAR0bXA1Ehtq7gVE6VB849RtDb1r8B3HUdZknsvaopqoQK4YsVZCD50IHH0ILE1sSgRAzMbHrIClpzC7xI3pEAC5zKcyHVhmRgOnUGXpqNFvxtcgOR4yi9M5KiMjdRHLrHWO0XEwwFRPOJ5zVM65x1rcZh4Tt+O2fSrqVqIrC1zm5A8CTxHcNR3icm3t3Y/wAPVRaTF/OGyJxe54Cw4jt9vdR0PaW9WGRF6QZsvQo07FyANLgaIoHXwEj91VU+dx1chEY6E8FQEA+wsFW9vqN1yGxO6L4bZ9SpYGuyrnYa5UzAuqdgW+v1jryFrdutt7CtRSgxyMEVTTqaFgFtpfRw2p045jA8do4nAYp6aisrVc2Wm9I5mRmBGUsAVCkaFX0NwLXmtS3PelVWstcfR2CotJUuBcKhKkArc3sRodRaeWI3Ur5np0cq0810d6zL0Oi9NVVFLZqbghWblyN5Jbbx9ejhLVjT/wAQegChOQu9wjDMoIIXM5FtCB1iQWHdXaT4ikzuBlFR0pvzqLTOUuRwF2D2tyAPOT0q+6G0h5pKLAKVAVSOBA4X6m+MtEKREQEREBERAREQE5xvbQpviGNRiAlgMyh+mwX82lmubL6t+idNQZ0ect3zSo6uaBOd3fRTZiqFVNjcWsDr2E9suCub0bvoqCrSyNdS4dBZXQWDgqNA63B0tcZtLrrjtLdpGpFqaKrA5EKlrs6KMyOCSvTIexFukAPrSfZC+GRGsc7VLHkQ1N0dxb6rO97884N9Ztri0WlTSquanXas7N6ilwUc8wAzoLj0bg6WJFRQNk7CWtRDWrM/0pKpksFQoDcOynNd+F+R4TQ2jhVpu6K2cKEZXy5SQ6q4uLmxAbrnR8JRak+JV0ytToVGLgWVzUJY1E6r5LkcmuOFiee7eNsS46gi+CIvxEDx2VjquHcVKT5WHK/RbrB/vwnZd194UxdPOujro6c1PynD3HBeQ4zf2Dtl8NWWqvC9qi+sh4+0Sbg69vLsVsQUZKr0nQmzLzDC2VukNNBIJtnbTo+i9Ouo6zlbnoQ1gRrwuZcMNiUrU1dDdWAZT2H+/dNmk9xfx75BRk3qemf8zQqUhb0ipKX10LgWK8NBJ/Z+38PVAKVFJOgFxfn0bcl7f62nGQHlx49vf1yGx+6uFq3LUUBP1lGRvFLX9t4DHYFKhDj0lDKpU65SQWRdfSugOfiCARraVursaogsArqthlNynmhktcEt53FJkWzHTQcABN590aqXOHxdVPsvZ17geiV79eM8XfaNE9OlTrKODUyFcdqq4FiewGBE18GUzLUXMAqvVDE5qlJCuTEV3yAtVQobUgbmx1Nnzb2K2kzoyVFzXVXchshaj0f80TmHmUFmvTHT0UXGpWI2nt29RA6Ph21ZWdB9DUAIz00K/SFw1jmNlsCOAmFHHIV6LrTGY1ApOZcPVbP9KxzA4jMWAyC4UkXBtZqNzNmJzMzF1V2yHI7qMuWvh1NQf4ekAWz8C1m0GuTPD0HYgr2EvSByqWC5amAFmCqSzZ3IuTfibS6YREZRmtcWLX430NycxspNjl15dl9fbO2KGFQsxAsLKotm4aKq26KG1tJBBtinwVIvUKpmsEw6aojm9hS6KmpnuCeIU8NLSW3R3bYMcXijevU4Le/m19QH1vWP7vXfw3a2M9WoMZixZ/0VLlRU9nrnn1X6+FxZ4GntVgVI5dU53tbZKPcWtxsLXXX7PL90rfneT+929lHDdDV6hF8i8h1sfqylJvajt9IhQdakPbvAsfCB5CtisOfo3rqv+05dbf8A1tYj4dswq7WxNapSFcuVWoFQOgQ9IEscoAseiuplswGz6eJXNSrI/WBxHeOI9s19qbHFPE4NOJarfhyQKT/390osmApkINNZMYTaNVV6XT7SNe7Se9HDKBoB4TJkmR7ptVb2ZWXt4ibdPFI3Bh/ffIl6Ynk1GUWKJXkZl9FiPbNhMe442b3fCFTMSOTai/WUj3zTG9GG88KDuUqN6KsLA30FmF111trygTsRED5OOYfeWm6EOKLFXdwtYlbZixDKcjhrggFdCCpNzfTrO0KuVeNr6X75y7F+Tim+tLFMvYyK47uiyfjAiqm3/wDEYmkitmXOCz2yran00RFOqpmVbk6sQNAABNja+Pelh0cI6+bpU6RV1srM7o1RftKUpkG3rT5U8mFYHo4ik37SuvwzTTbyb44DKHost75RUYDwZAJUS6bfpnA1UZ/SoVFos5szDKV82xPGohsDr0gVPMykbwC+LrE8A7fw6D4SwputtWhfzKdE2JVXpMCRpezm17SKxu7W0mdnfDVMzEs1gp1OpsFJHhKIGswOvX/fymGW03quy8Uh6WGrjtNF7eOW00cQSp6YynqYZfjAv/kw25lc4Vzo12p36+LL7ifYZ0pdG7D8f7/CfnnC4hkZKiN0kYMp7Rr4TvOydoriaCVV4OoNuo/WHeCD4TOiSZoJvzmKVLj4z6QJFZifTPMDthmPV4QMK+FRxlZQV9UgFfukEe6QWL3OwbnWkiHlkJQ+Cm3uk4X9vYf7/CZCxBGlj1D+/hJSKt+Q2U/R4rEoOS5wwHcCom/sjc+hRcVGL1agNxUqNmYHXVRbKp7bE90sIM+3mkfbyo77b2rhUyJZq7joryUes34DnNze3eVMJSvo1R7imnWfWP2R/ScPx2Keo7O7Fncksx6+ru4eEZg+VqrOxZ2LMxuzHiT2z4ik8plhlue4XmSVGDa69k0PlOoykMrEMODKSGHcwNx4yewG9dVa9GtX+m8zmygkK1mBBOYLqRfnxsNecgQ+bjx5TAmB27A7/wCBdMzVDTbmjqQw7stw3sJkBtzyljVMKmY+u4IH7qcW9tvbOXXgmSC0Nv3jw1/PA9mRLfC/vm1T8o+MHEUW/cYH3PKbmmSWvrwlgvD+UTFj6lE3+y/881n8oeM6qQ/cP4vKurgmwPLSa7sb6xBZ62/ONcW84q9qIoPiQbSDfEM7FnZi7G5ZiSSeokzWVl+sbcJK4Ld3FVdUw9Rh1lcq+xnsD7IHWvJft9sRRelUYs9HLZjxKte1zzsQRful7nN/Jzu9Xwru9XIM6hcgNyNb3LcL8rC/GdImVaG0+C+38JoFQeIB7xMt7sQaeEq1FNmRQVPUSQOffOQHf/GL9ZG70H4WiI66Ka+qPYPlPuQdv3m+F5yEeUnGD6tE/uN+Dze2X5QcbWqpSSjQZ3Nh0X0H1mPT0UC5JiDqOT7Te78RAQ39M9xA/ACcwxXlJxNJ3pvhqYdGKsLuOHtPf7Za8PtXaDU85wlEORcIazB7doyEA9hMgsgLj6w8CPfmPwnwu59IAjvv7iJzSt5UaiMyVMGqshIYGqVII4g/RmSmP8oBoFFr4R0LorgLUDaNyN1XURBbHwtFtXw1MkddNGPuvPTC08Oi2SgqA/VRCmp7FEpSeVDDc6Fcd2Q/+4ls2HtmliqYqUiStypBFmVhqVYdeoPVrAhtvbwphKwRw2VlDKeRHDxFtfZNdN/sNzLD2SxbV2Fh8Tl8+mfJfL0mBF7X1UjqEiX8n+APCm47qj/ixl4ME33wh+uR3qflNunvZhT+mUd+nxkdV8m2EPBqy9zg/wDZDNR/JhR+riKo7wh+AEcFkTbOHf0a6exx8DpNujikPB1b2j8NJRankvb6uK+9TP4PNV/JtiV9CvSPfmU/9TExXSxVHXIveDb9PDUi7m54KgOrNyA/E8pQX3P2mnosG/Yq/wA2WRWP3ax7m9XD1XI4G+fwysYiIbau1Xr1Wq1Ddm4Dko5Adgmk5BN+uSFTYNdfSw+IHfTf8UmpVwhXRs69jC3xtNDGk1jfsnxKgB1I53uZ0DyeboJU/wAziFz0+FJGHRcgkM7DmoIsBzN+ydQpWXRaaKo4ZVUD2ADSSj87YTpHQE8xYX8LT1XZGIb0cNXb9mk5+Cz9EnEvflbrza+GX8Zh55zzFu8yUcHobp41xpha9/tIy/8AYCbNHcHaLf8AjMo62emPdnvO3Xfmw8D+LTHKfWJ8PlFHIaHkxxx9JqCD7VQk+CIfjJSj5Km0L4tB1haRb3s6/CdJyd/ifnPgReof33xRSMN5NsGhu9es/YCijwClvfJXD7mbPThhs/a5dv8AsbSx3mMUauEwNKn+aoU07VVVP8ImyQx4t4D53mU0MftjD0fzlWmh9UsM33RqfCQSNBOkp46jj/eknJy7E+UCmXVMOjOxZQGborqbaDifbadRlVRvKZtukmGqYe96rhCEAOi5gbk8B6JnDqlS86p5Uth1XrrXSzKUClQekCpOtjxBvy6pzSvhKi8Ubj6p+UqNEmWvcPeVcNVyVFQU6hs1TLZ0PIluaX4g8L3671pqZHKYsD1QLDvNvSMTiUdaSBKbqUOXpuqG9mf1Tb0eU6th95cG9PzoxFMJa7ZnAdTxsVJzA9lpwkgzzyC/D3RBYsZvKgx1bErh6dZHNlSovIAKGF/RY5eJB0Mmt/t5qFQCklKjVzU0Ir8WTNchUsNCBrx0vqDKKZivYIg8rzo3ki2hZ69An0lWoo7VOR/cyeE5+T2SQ3f2kcNiErqL5CcyjTMjCzL4G47QI0foJDrM5UE39wRAPnHU9RR7jwBHvnuvlAwPN2v15HHj0JkWiJWU382ef0jD91/5J6DfnAf6x8H/AJIFivPt5Xxvps//AFx/F/JPQb4YD9YX73/5gTk+SG/K3AfrKffH9mfRvZgP1mn99fnAmYK348JEflbgP1mn99fnIDbflHw6ArQU1W9qp7WIufYJRchbgBYDgOqZ2nEcbv1jnJZaop9SoigD7wYn2mdj2BVz4bDu7lnalTZ2I4syKWPVxJiDbtE9sy9Z8I84nb7pB4zXxGKRPTdE/aYD4mbnnl5C/tnF/KnTvjwwHpUU8Qzj8BKOkVt58GvHE0f3XVj4KTI3EeUDApwd3P2Eb4sAPfOQ08DUYAqjsCbXCki/eBN3D7vYlxohGl+mQvsAOt++0TBeMX5Tk/R4d2/bcKP4c0hcX5RsU/oLTQdilm8WNvdNbCbk1GPTqog11F3PZpoOPbJ3AbiYYEGrWdxzUDIp01BIJbjroRLxVNxm8OKq+nXqEdQbKvgtgZ82fsTEVmy06FRzfWyGwv6xIsveSJ1rZew8DRsUw9NmHBnux0OYHpEgEdYHKWqntUn6l+4/0iij7m+TxqTrWxWUlbFKQN7MOBYjQ242F+XdOmTWo4jN9VhNmQeNbDq3pC80amw6LcUQ/uiSkQIR92cMf0a+Ew/JTDf6a+/5yeiBXW3Pwp40x4n5z5+RuEsR5oa8Rc69+usscQKw24+DP6Fff84fcfBkAGipA4DXTu10lniBVl3DwINxQTTv+cHcLAE3NBbntb5y0xAq/wCQGz/1cfeb5x+QOA/Vx95vnLRECrHcDAfq4+8380xPk+2f/ofxv/NLXECpHyd7P/0T99/5pgfJts//AEn/AOR/5pcIgUs+TPZ/qP8A8j/OYnyY4D1an/IZdogUf/4wwP8Au/8AJ/SfP/i7A/7v3/6S8xAow8l+B/3fv/0lowuykRERS2VFVVFxwUAAcOoSRiBqHAr1n3fKfEwKAWF7f32TciBonZyfa16jb4TSrbs4dzmZWY9Zdj+Mm4gQa7rYYfUP3m+c9V3ew4/RjxPzkvECNXYtAcKa+E9k2dSHCmvgJuRA8FwyDgo8J6BAOQmcQEREBERAREQEREBERAREQEREBERAREQEREBERAREQEREBERAREQEREBERAREQP/Z" class="product_picture" alt="Louis Vuitton Fashion Sotheby">\n                                            </div>\n\n                                        \n                                    \n                                </div>\n                            </a>\n\n                            <button class="next_pic" type="button">\n                                <span class="carousel-control-next-icon" aria-hidden="true"></span>\n                            </button>\n                        </div>\n\n                        <a href="/products/5+2">\n                            <div class="product_info_div">\n                                <span class="product_name_span">\n                                    Louis Vuitton Fashion Sotheby\n                                    <span>\n                                        ($223.50)\n                                    </span>\n                                </span>\n                                <button class="purchase_product">&dollar; Purchase</button>\n                            </div>\n                        </a>\n                    </div>\n                \n                \n            \n                \n                \n                    <div class="each_product_div">\n                        <div id="carouselExampleControls" class="carousel slide product_picture_div" data-bs-ride="carousel">\n                            <button class="prev_pic" type="button">\n                                <span class="carousel-control-prev-icon" aria-hidden="true"></span>\n                            </button>\n\n                            <a href="/products/1+3" class="slide_show_pictures_link_tag">\n                                <div class="carousel-inner product_pictures_slideshow_div">\n                                    <div class="carousel-item active">\n                                        <img src="data:image/png;base64,/9j/4AAQSkZJRgABAQAAAQABAAD/2wCEAAoGBxUUExYUExQXFxYYGh8cGRkZGiAhHRkhICIdIRkdJB0iHyolIiEnHx8hJTQjJysuMTExHCE2OzYwOiowMS4BCwsLDw4PHBERHDAnIiEwMDAwMDAwMDAwMDAwMDAwMDAwMDAwMDAwMDAwMDAwMDAwMDAwMDAwMDAwMDAwMDAwMP/AABEIALcBEwMBIgACEQEDEQH/xAAbAAACAwEBAQAAAAAAAAAAAAAEBQACAwYBB//EAEkQAAIBAQUFBAYHBQUHBQEAAAECAxEABBIhMQUiQVFhEzJxgQZCUmKRoRQjM3KSscFDgqLR8CRTY+HxBxU0c5OywhZEVNLig//EABgBAAMBAQAAAAAAAAAAAAAAAAABAgME/8QAIBEBAQEBAAIDAQADAAAAAAAAAAERAiExEkFRAxRhcf/aAAwDAQACEQMRAD8A+bNttB3YR5k2o/pA3CNB5VsI0Ce2Pgf52r9HUAVOoqMjmM+tgvDc7dm4FR4LbN9szn9ofK2LIvP5H+dqUHD8rI1jfpDrI3xt5iNRUk+dvFTiVNOdiuyFQcSkZZVz8OlgMEelRT48LSBwXFVy5D/WxKyKIyuQqa6VOg48j+lg8dK0Fa8xpYBtdZuzAYDJmNFNMPEYSTyqLN9myw42MiMykqhwnERTLIKQMNDZTsi6mUhHFEC1rpTOtSONcxUc7HPe4kTIUkBAYKC0bUIoWOEHPPiNBrY2w6ZptRXm7KC7YMZw4gCKDjqK8NPKzY3O7qSHvMYIJBGpqNfX/SyG43ydlpHKgqwq7E5Emg0Boa8QbONlQyXdcGOFmJqSGpz4Uqa1ztpzUWYLTZ91Ohlf7kTH/wASLExbHh9W7Sn7wjX/ALsJt4s14f1yfuxN+bEC0a5yEHtHYD35FUfwgm1akTHcIV/YRL996H+EEWu08CcYVPKhb5kiwMd3gOQdXYahQ8p/P9LGx3MLmInXqxjiHwoHseQsdrxHugsfcir+QNqT7WNKCF/MhfkSLeT32KMfWSRL5tJ/3lR+dhl9JITlAksx/wANcv4FHzayMat/vDCqxqM/WJOXkDmLaiK8t6yKOYSv/l+llhv95LKTEsKk0q7DFnkMs21Olgb9fR/7i+ua+rEAo/E2dgHs92IzmvRWnIr+QWtls+07oDh7eWZh6qFiT5An8rLIoInNY7nJN78xZx475CfA2NMkyijSwXZfZSlfwoB/3WFN1lBzS5GntXghAOu9Q/K3km0nX9tBEOUUZc/iOFRYELEcy00x5jcX8Qqf4rawSZ1iijU+0Bjf8W/+YsaGiSvJp9ImHNnwJ5FAB8XtrFGy51ij/wCWmN/Nt4+eOw95vJ/aygfeIHy3yPlZfLtu7Kc3MhGgGZ8q4j8KWW/gNmeMmprKecjlgOtErTzcW0V3IyqB0oi/w5n/AKlldy2lJIw7O7ShfbK0p1q+fwpbdrrPIx+ujABI3MUjU60yBpzseQMUqtd8L9zU6etXF/EbYyXxFzA8ST+ZFK+YNpd9lIcsckh5LSnmEy+LA2KWONDQKgYcFGNx1J0X94062MpaA/3hKwokZw+FF+GSn42rdmmLsqgAGjU0ArkaceHA2YSygCpFfE1//I8KHxsMGdnqisXpQU658dR46Us8LUFycGrSKvgPzLV/Szv0UiQyksVaMChMhWgJ0oG415fGyUUqTM1c6Ch3Aev9U+Nt2nVVogqeGHT/ADJ5C0d8zqYcuPpOJl3VD4RkKKKWlk9w9KY440SRWxqoDbw1p42luL/F6afKPhDn30/Db2dwQm8N1aGi6nExr8CLZm5udXY+VoNmvwL/ACt35WSjU9pvw2yantN8LFf7pbr5tajbN5svm1jBKCmlNMIY0rWlrpeBh4BgKaa/50ts1wX2x5Am1YruEYNWo41XK03lUr1c2I7gw1pXPpQnnW3slACMwPjQE/PhnYmaQmM5oSSTvAYhpQ89OFaWpCyNRSwQClWOeYrTl8fC0qD3q8UXsw5IHEfz1OX62OuF27IByVdWIy1z8OPlxFs57ricKkZbmc/Dj1NrXm5yQdk8hwrixIvPQnTmCOdjCMLpFMyzTCNlVgMFCNBkRmcs6Z01FnOzr1LCI4omQFzmRVhkBVgutdSc8ybJLvPPPmSywDEFAFADQGhIFaE55VpW2kWzLtG2NnORyBcroc6EZk0zFNbOB0820oEFZr3Kx9kFYx8gW+dhoNswOaXa5vOeDFWf+KQkWFuN7hX/AIW4Yz7bL+rfzsZNeb44+smiu68hmfgKD5201Axr1f2G92V2SnrPn+BBSyy9PAv298kkPsxAIp88z87DNFdq1eWa8NyBIHyz+dr/AO844RWOKKHqaYv/ALfKy0Nrq6a3e4lj7coLH4uafCxE8l5IpLeIoR7Kmp8KLT87JLx6Qs5yaSQ8kU0+OQ+VrXa73uT7K7kV4uafJaWfmnot0hVgS80rgggscA56ZE6dbFRTlM444YRzC1b8T4f1tjd/Q69HelnWIccNB452vd/Rq51o0z3h+UeKQ+G6KfGxOS2Bb7tmP9reS/QMT8kAHztSLaAP2N2lf3qBAf3jU/O3T3HZaR5RXRU5GVgp/AgZ/I0swMTjNpFQe4ip5Ynxt/CLPINcrDcr9LmsMUQ5tVyPM1/O2g9HpZMpr6z01WIVp03QaW6RoVO9geXq2Y8nlOD8I8rZy3wVoZIxT1Yw0z/oqnyIsYNpVdvQ+7jPsXlPOV8j5DF+ljrpdo1OGEICPVu8WNh0LHEB50tHvKsadmZW/wAZi/n2Me6PMC2V5vrkUkkwqPUUgKP3Iz+bixoXvqAH63ApOgmcyufCFSVr52xaQEhQjPl+23V6UgTw1YedhYrzXdgjZydQop8cJHxLNbW7bPlfvsFoc40oxHiaBEPXXxsvJa0knY0V3LA6Iu6n4EOY8WbwteC6u4AAotcgAAB4UFB+6K8xZhFdEhrUYnOdNXPU1oAD7TYR422nmAB7TMkfYr/5ufV6HCPdNqANLkqqWJUAauTuivAHiTyX4i3hIIIAKx+sxyLg6VHBenHjj0t5eZsRDSZsO6oG6teQOh941J4A2xgu8l4NFIWNcy/qjnT2jTjU9T6tpFB7QnaV1ihQnwyy0z4Kuuvy7ti7vscoO9RqEimnyzH8teAs2iijhTDGK1NPelalczwAGZJpQchaNK60IALv3ctaavTgi6KDmTnoLPApHGFAWSUBhrQH9OPPrW0tgywjJiS3E1OZ42llkD56ZF/vpD91P8rTBXRJ28TS0a+Of/cKOkaV/S1eydvWvD/BRagjXc/3Kjq72xkNPXgXwFbevcQO8qD77lvlbJnjXLtB4RoPzssDJ5Qf2jn7q0FhpmHFWP3m/S28l5Tgrt95qD4Wwkvp9VUXwFTZU4vdIMTYS0a19ZjQAfDW29yAeYLiRQ1aEioy4UyrXhbDZbliRUDdNSaaakivhboU2TKXYrFjkoGRlG4g0Kk6Fjy62znNXoIbYMbEYXw4KNnmNcvnqbUjuzzIpVVRMxiYVpqaADOm7lZndfQu8y1xEAtUnPE2Z5ICOJt02zPQsIExhSUGrBRU0IrTM6HlapxSvUcFBtMo2BXLVFMI3V01rU8q2Z7N2wsIKyquJj3iA2GlaUAzIzoaaUt059FrjBvSMikczU/xGg8ltI5rkM4Lu8/UKSvx3Vpapwn5EkaXubuNUHTAwVfxGoA8aW9b0SvTBWURmtcRJL4SNM2oCDwIyyNujK3qQUiu0UKe9T/xFPnba53WUEiWXtToREDULlunCa0y72oqbGYNjn//AEYwFbxegi8gQB+n52vd9m7OjNFx3h+SKXPyB/O3RRejd2BxiFW44p3ZqHiMJLZjy4WNgkWlIsTgcIUCoOhbP/uFnCKbuJAPqLkkS8HvDBf4czYhbjeZO/eSq8rvGFHlJJkfhY53wbzGKEcycb/Gv/nZJe/Si7BsKtLeX5AmnwSlR94mxoFDY12DUcCV9aSM87/g0HkCLHucI0Ea8nYIP+mg+RAtz77XvbLSOKO7R+8QvnhUWDEWLeeeSXn2QCp/1Gz+YsW0Y6C87TiRTikYjkgESfEmp8QRYOParsawRBffClm/6j0HwY2T/ToYyOzRMZyBAMsh/fY0r4E2vKZ5CA+5XTtCWc+EQH5p52JKBl4lLmsspcjUAl6eNMKDzrYf/eSd2NMfId+v7iYY/mbFXf0YJXHMxCDPFM2FfERqcvNh4Wb3S5IgAijxA6NIMKH7sajFJz0I62MFJobreZxQARxjmRQeQog8CLEXHYsZzAa8kca4YV/fOXkKmzo3PGaSVmYeqQBGn7gOAc98ueQFhr3thWYxoPpEi/s0NIY/vvlUDkfhZh7Fc6qcTqsQ1EdY4R0LjfkPQU6i1o33R2IEcYy7QilekaAZHwBY8SNbZdiSBJeHVqd0UIiXoiZGTxNFPW2Uu0SRiUlQcu1Y7ze6tB/DGB42kCJJFjyWqnmc5CTx4hCeZxOellF8v6RYqmmeQFSST5klupqfC2RvrO3Y3ZC8mhNe7XixGS+C55anMWcbI9Hku5Ekx7a8EVHBVHGnBVGhY6aCpysAJcNktJ9Zefq4/Vi9Zq573OvsjrUmzKeetUSkUcffbgnJQdHlPSqp7xpYHEbzIxicrEmUt4GQoNY4eQ5vqfhbUY5nwRjDGuS1/Z0Bq9TWsnHOoXU52oLQXhWdgBQRgY+PZgmqR1zrK5zpnTvNU4Rb29XvvMSASN4+yBoo8Pz87elY0RUjGGJKkc3Y952PFia5n/RXGwvLU0hBNT7Sr328CdwfvWkM4YZHAfthGGzCEVIB7tepFCepNpZpgZs+17MHRaaDh8s/O0tR6+a/71lPdAUe6v62GnvErd9z4FgPkLFrfYu0A7M4Ob1z5a+Xzt2dyuF3jNJEVWArmag6g0oADz8xaflB8bj5+l0LHJSx6Kx+dmF09F7zJ3YHA5uQo/nb6Rdp4QpKKcst1PMaA5HnX8rZzbbdJOzju8krhAThTEKnk+gyoeYrZ7NGVydx/wBnUz990X7qs5HnpZ3dP9nF3XOVnbo7gfwp/PnysbJtC9yGhMUI5FjJIP8A+aV+dLer6PSPnNLM/RmEKGvujE/LlZ4T1bns+65/VqRyVa/E4m/r42HpEjf8PdpJuuElfxNuixlw9GoUzVF+8iVP/VlxcuFLHSQRjXDlxcmUjyJwjyP6VLgJFvd9myXsol6EyEeSbg8yLeNsJzT6ReZDX1cSoD+4mIn8QsxvW2oQcONpGHqgk/wR5/Em3kd9nP2UIiHNyE86KCx86WNDG6ej0CZrBU+04C/OQl/hY2WRYxVpEQD2RU/jf+Vl95vCLnPeST7Me6PjVn+YsG211TOGAA+2+R/E1WNlpYcdsHzWF5Pek7v8eFSPBTby83oqPrZ0jUeqgrTwJoB5KbcxPtp5DQzFj7MILH8VsZlZRiZEiHtTvVvHCP8AKyM4/wB6xVZYY2myxVfMFgRQgtug0J0HDwsHfdqXl/tJ44V9ld9qdNAPnYGKrY955XTJowViGEjMjEa0qaE1ypwtUtKAexEKPXuQUlmJ6uKhMs6sRZyGu2zYzvSJJL794bAnwNPkDarbVVBRXUAcIEAA8ZXoPlbKLYM0rfXOA3s5zS/DurZ5cPRRFYVQF+cv1sniIxuJYz9LSCKeWbOGKo/vH3gOuOSiD90GxkGwXmIaR3m+6aIOnavkfBFrbrGuMSEdqcTeqrb7n7qAYQfANbeSVssuyroO/Mw5BR3f05WoFFz9H1iFZHWFTqEyZuhdt9vLDZhCqRCkUYiDes6kyP4R95v3iLXWOjZAo58JJjzz7sY8PhbO93mK7isr4Wb1EOKZ+hbM+S5dRZWhdbvVwTiLjMYqPIOoH2cXiamw+0trRQtgJaWVv2URLM3LHJrTpkBYYteLxuKPo0PFE+0PVm0TzNbeRGC7/Vwp2kh1CZ16u+redB0tIVe73i8D+0MIoR+wiOED78n/AIrnb2K8Ii9ld4wQvIYY0658erVPKw98nLECVi7erBFoPEjQeFPGybaW1d4QKolk9W7xfZr98jvU4jTxsAdftoqAXZw9NZHr2Q6KNZT4bvhamzbhPfCXJaKCm9I/2kg5AaIh5AZ9dbGbH9FCWWe+t2j/ALOJRujjRV0NOeg+duivN6VExuwRF0I0B5J7T85DkNBxo9/BjO6XeK7xlIgsaIN4toOrmtST/d1xHLERWllMcb34nN4rpWrMcpLzTjX1Y+XDgvMbrcWvLA3hQkKbywMThUHPtJjWpJ1EZ3m40FbaXiftwKBhdiaKBlJeiOWmGEc8gRpRdSeA9e8K6qkK4bupwoEG9KfZQfm3z4iXo4fqEoOEpU5CmfZKeQ9ZuflQy8/UClQbwwpujKBT6iDgxHHLSpoBQc3tC+YW7BDvYcUhHqJyrzY5DmSTY38DLakzSlYIjTEaV5Ad5ugAHyszut3ChY1Xdopw+6KiGM/ezdvO2Ow7lRTLIO+DkOEY1A++1FHgbMrs+FXnYBmqQo4PIcvwigUe6hPrWJ6Ddr3d49ySTfHe+rxZnPWnXThpwtLWhu0EahZmrJq55lt4/naWXgPnu04EefG9N9QUWmS0BNNa1Fa+HAWqsZ7Z4JSwjjw9rTOtTunLNRTPLXK0hyjS8M4dhvdwqEYg1FdMWWQ8cs7S7PSJ5SrK81FZRU5VFQ1Dp46ZWwraDbxf5LvDjhBELEFM8qAmmWfKnlatweXslJkARTV2au8N2tFAPE0z+dlu0F+qVKKBExJFa4lxVAOeHWug42L2Pf0xQyo7DAzGQISwWncJU5AVryrhFlLYrJfbqPR7ax7OQs2BEGuHBipUtSo0A48SKWIHpTGadhGZG5opbPjvtkPjzsgnvMiTuJ1rGTQozVrQ4lLKKjMUIzJFt7x6RlRRQkY4V16AAeYttz1rHvnDiSe9SZtgiHNiXb4CgHxNgp+wH20rzN7Nd38C0FPGydr1PP3Ukk6tuJ8NeFs5oAn295SP3Ihn4Vz/AEtSTebb4jWkaJCvWi/IWXttWSY0USy/dGBfjlZf9Pgj3ooMR/vJj887Zjal4n3Y+0cezCuFPxnKzwtMHjdM5JIoBxA3n+J/lYWW9wDPBJOfalbCnw0+FpD6PSihmkiu9eH2kh/SvhWze4ei0ZIIgkmb25yQPHswK/w062MGkP8AvueXcg/DAmQ8X4WJu2w5qhpTHE50xEyy891O6D1zpbsDcViX6+dUUfs46KPDdNf4vKxNzialbvdxGh1lmyr4L3mPWnnZ+BpFsX0ceNu0QMxoQZZyOOtBQnyys1uFyAUon12e8FFIl/fqCM9QGz5W3ZkL4WZ71KPUA3F8VrhA/wCY1LaXqQ5LNJTgsEGbHpip8lAI4E2DXWVEbshQMFqIoSN7gc6Bsjyy628kZhRWPZV0iiAaU6a6gH8XlbKaMJGe0K3aOtSqUMjcizmoB6kk+FpdZJGQ4R9HU1JkkXekUZ1C1DEgD1qCmYrQ2As1IhmRCGyopxzPyBc1z6CvKltGIjQu5F2jOtTWZ/EmtPOpz7osuG0kRsN2UySsKds+85rrhAAy+6FXmbUe5LGRLe5Dj4LUF/AHRPBQT71gLNf5ZD2d2QxKdXIrK454Tp95yALVW7Q3Y1cl5m9VSWkbxfUDotAOdrPeZGWij6NCelZH8szU8zU9LBRzhSy3dM/XcnP96Q5D7oqegsBrfr05X65hBEBURJTFTqdF8fnYG935Y4ycrvDzI338AcyTzb4GybafpDHG+CEfSZycmocCt7q6s3UknrY7YPoZLeHE9+JdjmI+A8eAHT87Bhbm94vlUuymC7k0aU5ySeep8BlbsNjbEgua4I0DSkVOI5/ekbgvSxjSLH9VdwMYyZ6bsfuqo1boLVp2bdmgxTHfYMaqn+JK3McB8K0qF7JpeHw0LgvJJkqAUaTpT1Ih8Tx5EWGIu7SO61j78uXZXYAVwRg5NIBx0TInhWQKHDv2hWD9tejk85GscXsoDq3kKk5aXgiiYowqKKwXalAAMxLLyzzCnOpqasQAzZXoiRVXARATijiJOKc5VllJz7OtCa97KopRSe7fRxjY4rwwHDKNeG7w6LqTrnasrfRwXkOKd8wD6tNHYcAK5Lw6k5p77euzBeRjjO9nqK+sfeOgHAedp0MNsbREKljvStWgOZqdannxY+AsDsjZDMQjH6yUiSZz6o9UeS1NOZ6Wx2fAZZjNJUqgDFeQNezSvNjr0qeNunuSlYjJIRvKZJGpQ4BnXIeuRkKVKg8bBL3iPEUhTdL5/wDLjXJfDLP7xrwtJJFxGSlIbuu6OBOnzOXhi5WrEGVWdiO1nNWJruJngSnRd4/vc7U2nFVo7qNFpLPzH93GeudT1JsHgJdkib62V2DvvEV0rp8qW8sLfPSZVdgAxoad0/ytLHyh5XPvArXeSNnxBd4sjA4VGa+Nc9eVivSGYRxxwgkyEAKzECqkZE050yPENnpbm5mSM70nLdXpSo61PSzZ4fpEJKLIwy7MsBu4aAg51yBplxFsOpWsyrXKMPUSxxmUjCaaKVzU57q4lFK8SLezObsFR41rIuEnUKCag65sDToc+dsrpPNdoirqFMpRjJWuBa1BoRRqBtDp8rF3nZIn7BhJWgIkl4qy0IWlaA0NQFFMIprZYf8AwfequJZrycBZVb6kEKxAGZqSQWqMgaVIsqXascYrDAK+3If52w2nPWMhVFQcKsrVU0JFSDxNMhT+VncGy1iKhYBPIS1WatFpQ4iWNFFD8jlbT+d/UdzfRQLzebzkvaOPcGFPxGgp4W2T0dZd6eeOAcQu8/4jp8OFuhWGRyFlnVAdEioK6euw+aqdbMILpdIAG7z89W6gu1T+ELw4W2mMnP7P2JDUGK7tK3CS8E4SegOufsqbdDHsaWg7aXs19lNwU5aFj8EsI/pWXYx3SEu517MVPKrOeHi36WuuwppN6+3kRrqYojiY9GcjCNeAJ1zswu1/ut3IEa9pIdMIJLHkKEs3gWPhyKC3qUb5W6x8qb5/cFKZc6HobabJREUi4wBQe9M5O91MrVZsvZrx00sPtG8wx53iQzMdEzWOvLCKl/MkHkLAXuSRK1bvE08g1lehAPVzuL4DPobe3yZQQbzOXY6RQkgE8i3fc/dC/dtQi8TKMZF1h4CgxkdI9F/e/DbbZcH/AMSOvBrxIdef1hzP3YxQchZBcs+CjYbrAPUAXGf3dF8WqfdtLniKn6NGI0Os8ld7wPecdBReosNtG9Xa7kGZzeZ/VUjdB92PMa8WxEU4WHmS83nfnf6NDy1cjw4edgNJ9owQOClbzeODNnQ+6oqF8gWpxtlPFO7Ce9SiILvBMq/DQV0zqc+Ft7k0cYw3OLoZ3rn56nwWwV7nRSXYiVhq75Ivhwr4VNpAyOcqp+jqkKEBmlbMmoB45mlaZmwL3pEYYA0kh0dhidvuJy65L42rI5dEcsI4wpJkYGtcTd2M5A0pRmrlS3PX/wBJ6Yo7khrQl5SCzsACWPPIAnoLOHTba+0EhGK8ucR0hRqyN95hoPdWg6m3MyX+87QbsYV7OEZYUyRR1I18LX2B6Ky3tu0lLLGcyzd5/wCQt9S2NsOKCKgUJGozrl8T+mvPlY0Efoj6FxwDFkz+tIaUHOn9eNbN574ZD2V2yXPFINWpqFP5uchbySV702CPcgXvE5VHAsRoOSjM9BmKqyuj9m5huqZS3nINJh/ZxcMs94ZLwqcwiVSTCGju5VezH1t4P2cFdVWvekPLXiaCgtnFCjRYpMUd1rUAk9te20DNTewHQAZtkBQamfR1wRmWLBCp/s90Aqzk5h5BqzE54Drq3K3l7vzoxLsWvDDuqxwQgnLTvOTxHguVSTfxSl5kOJTIoDgDsoB3YAMlZgMsQ4KMl0FTnbYsLsMb794fNEPA+23KlchovUnMd72t3JZ1D3lqBEyzalcTAZBgCK+qK5dROcspxsxzP94fZHuA/iNgnk0tAZZGxM28CeJ1xnko4Dztzt4nMrYiCwrRFOsj8yOQ48hlzsTfryZnYYqIucj8ABwHQEeZHIWOucIgja+SrQIKRJrQnuCnFj3j5WAtdLhV1u1d1Prr3JzYju+NN3oK2f3+KpVGFc1eROv7GHyIFeG63A219H9mm7xfW/amk14++fsovBaYj1T3rCSyFs+Lk058nbxAoi9Sedlp5j3FhEt4dvq4hUmmTsDoAebCg5BRzsuW/lAZHCtJIcTELQnWlfAa9bH7ZUM6XRadnABNeKaFvUTy/QWQbQkdpMVQFNeWR45csvlbP+lybFcw9i2hdyBiTPjr/I2lgfoL8JV/CP5Wlub5dNMj53Jclj77RxdE3m/Fp+dr7A2rDHLhpKY2O+SSfMjhkOFDbI7LpvPReshqTr6gy5annbJioyjRpDzIoo0Ggy4DX/K3dZrDm55EekcpmcpGPq48lWpChdQBUVzHO3RbPWCKF3ZVW7hlqsi4yGK0NQpyBFOB7pPIHldlSOZjUxsSM0JyNNM+FPmMrOPRa+FBKj4mAShooOrArqN0arWtcxwtjZjbmtrlswTo14ZiEXEyRjI1QjeYEZ0GdNcs8srONr3x55Vhu6x1ylJBJVqkKKBdAwYfHpYa9wtK9IgDdxvmPIAnDTEVGQpQ556Gw2z6wyErRFYnAiUxioowbLIU4HlzNlfJzwI9Hrs0mO8K60O4EpVUZTUUNa5EUGZr8Le3nYiI5+kTLI1cRjxYVPE0zFaZ5a5WFu+17vA0qP8AVN9UUdFK0Zak0oMyCRkRTJhY2COLHeLwrl2QIUqAQtSwYofEDhWh8rE6vJTn5V09zaTBhhjWCLmRhHHPD3jrxprrYW+7RusG9Ke2euWPu192MZHpWp62RXG93i+VKyCKEHORs2bmVTIeZ8c7PNkbKijb+zxtNL600hqR4uckHRacKW6OaxviszLerzvOfo0PAuN8j3Y65ZcX05UsRsq5IpJu0Zd9GvEp0/fIov3UFemWZF+EMIx3qYSNrg0jHlq3nQZkWAn2lerzQQr2EIyEjimXuJlw45U62ohe0J7vBvXiTtn4KRuV5BNWP3vIZWDlvV6vWf8Aw0NKYm75HJV4Cn+lq3SC7wPuK15vJ9Zt4jryQfC297Utv3mXLhGhNPAkZsei/O00axuEUUJIu0Zll9aVjUjxY5DwGdr3nDi+uYzSa9mvdHlx8WysNetqUAjUFB6sUa1kb90d0cyflYWaHCha8MIozn2SGrN1d9T4D52YbSXp5iUQB6ZEKaRJ95/WPuj4WW7W2rBdqF2E8w0FKRx/dXh8zZRtz0tdx2N2HZoMgFyNPyAsp2VsiSd6RjE1c3NcK+HM2Rr7S2lNeXAOI17kY1PWnAV/lbq/RT0IZSs0wq/qoBuqONeGlczl42cejPogkOZGJ/WfhU8MjvN7v+lulvTxXRMTk4gN1cRxE61Y11FdNB1ysh7Tso4KM6sFoSCCCBSmgoDnUUbj8DZczteqySHsbqnE0plw5M38K8anK2UV/LKbxfKCKhwVqHapFKUIyqO8QWPDnYwXUSCOWdHKgAw3OgqTi3S9DmoyIQjdrvVpUHn7PwxKiaMNIGhuQNEjFe1vZP8AFgY6nvP0Gp5jOJHljBkGV3uq0wwgaE8MYFDnup45jYBhJibDJeToAfq7uvGh0HIvToOq+/bQwkwwVkmegeSmZ90DgOIXzY2C9JtC/dmxCt2l5bJnFSIwfVUa5/FqcFyGExW6KC47S9SVwR1qQSMyTpWmraKMh18vV5S5KAB2t7euFRnhPHP/ALnPgOQBuNybEzyNjmfKRxwrpFH8fnzNgN4XfATNI70O+cbYT7gq2dDQVPPobKdo3p5ZOyTvHI00QU7o5GmZPAdSLGbd2nSkENMsssxUZYuqqclHE1PG2Wz9m4QyFsIAreJa5oDn2Yb+8bieGuVBYkFrTZGzxIyqoBiVsKDhNIurH/Djp5kU4ZuYYlnvWI1N1uO8f8ac93LiRrTngFsLrOY7t26R0kmAhukQHcjqApA4YjQ+GHrZ3s+6pdoRGSCsA7SV+DzNnU9F7/gI7T1VRhtycgrDWjsS8pB7umM15KAEHgOdg7heFjEl5cUSFRgXrpEg6+t5rYF5mersDjlocPEJ+zj8WOZ8WHCxd5iDSJdznHdh2054PK3cTyPDkBZ/RbtA3qR4LuzMC00h7WWgJOJu6KDgopbK6Kl6Vo1BGEVDEZKdNRmCc9DzsRJeyZszzxV628uEssEsq4aq5xKajkM6a14U92tbc/d2tOZ4b3HaarGq9m+Q9UEg9Rlx187e22W7rxZvjT5cLe2nYp8rMiMfq0edvaPdH6WxvSH9tJSukcfHpXU+XLpZpekIH1sixL7CULU6nQeVdOFlz30Cv0eMCusjan945/627XPFrgqRhneNY1CkpXvFtVNBXrrl01pSGaRMYUVadCGJOEqMixy0FDoenSwTXcyGpJkPM5KP58LbXGImQHEGYAAqBlTrU5101tl1PtpxY6cN9Hg+zJdlIq1cmIqFXCR3Qfgc7Z3G8nt4XcDHgfclWmMkDOtKVxaMDTLrYbtwkgknQstMOJqhqZZg9CtCferYv6aXvEUsOExo6qwJz7uoGm8M6aV4i2eSe2m36bXARCSW93lo1JZhvLu5GhULmanLeGda5jOy/ZN7Myu7qCmYGLgBzByp/XC292QzTCBh2eBmfGcwsYNY0w8KA6A6A00sVdEiijMkkgjjZ81xDU7pooq2EjPKmXgRZXacsH7HvA7LHeOzEBqVNCuMjNAWyWoGLIVqKA6WPG2bxOvZ3aMRxj1iKIvgOP8AkKGyMKkl0hYFhHFMexHMUYrU+sAKgHW2+yrxPPWMEqkdcRBqSMiQvI0ofPS18d5cpd87NHC7wQsGkJvE50rma8cKD87EyRSyDFO/ZIPUUjFTq2i+VsbtfI4xS7pVj3mrXzZ/0HwFls9/Mj4UHbyDgMooz1P+p8LbucyfaKRIexCxxDWRsh455sepPLWwN3SWerJWNP76Qb5+4hyUdSPK2d4jigpLe5O1l9RQN1TyVOfXM9bIvSH0peTJt0HSNTmfvH9LHgHF+21BdlYQAM/rSMakkcSxzY+FuNv+0JbwxZ2ISubHj4D9LUju7yOMYLMe5Ev68hbufRv0Mw4Zbxm3qoBkp4ADif6ysDSP0b9EnnzYGOLU1NGcc2Pqrb6TsTYSoqqilU0UKKM/gPVXmxz8BlY65bPzw4RUZ4D3U5PIeJ5L/nYb0h9JBd/qbuDLeZMss2P8gOWg452Vv4efdb7Y2xFc1GjS0oqroteAGpPXU9LIHu5BW8XwF5XIEN2GZLaqCo1PHDoKVJyqL3G4tFIrMPpN+k7qjuxczU5ADjIfAVJALe53YxyMIyJr2w+smI+rgU6heS14d5iPgZg9sY7kyypJOBNe2zigBrHdx7RNKYgNXOQrQa5krcqM2FhJeDnJORuxDknJajTViM8tCLvCFDpExz+3vDaseQ/RRkNTzKu+35pm+jXUGgO83XixPPmeGgzyCC17v+LFd7tTtC2+dC/UVqKrXuVooNRXSwN+vyXFRHEBLepMhTOldQDwFe8+ptXat5iukfYwjtLxJliGpPTko1/rMa43Ih2c07Z/tHOax5CuH9F/SwK82dcihZ5HxTMPrZf7scET9B5nrpta/iEYEH1ndRAe5Wtc/bI1PqivE5VvO0EiQvpHGdwamSQ6HqQd7yHOw+w9msxE0ilpHNI01qa6eA1Y8TWwTXYmy2BByM8mdToijVzyAGSj9TY263FbzJ2CV+iwktKxP2zcanrx5DIZZW32hVCbtEwMr715mGiAaqOg0A4mxF8hMUUVzu4pLOaU9hdSzeAqSededi1UjfZknazSXthWOH6u7qPWfSoHPMAdWt56SPRVgJqM3mI9Y6sPAmigeypFmcKpEoVPsrqMK19aQjNj90MWPWQcVtye1b0zMFTOSRgFB5nSvRVqxtM9na1ut7C9peXFREaKPblOVB90EL4k8rbtEYYhG2crntJjzkbRfBdB528ucKdqqDOC6AMa+vKe7XnmcR8RbK9EuS2PC2bEnjxp/XOx1cEhVs+aVVwzrgkq2matnUEHwprZn/6huyAJOa0OWEMSD4gfna9zvTgBSuIHQqKkA8KDlpb3aGz94SMhIXUha4h6rUHEcf8AK3NZt1rDuIpQd74G0sk/9ST+rdWZeDU162loynkfNIrkXOKhc+2+SjTMD4fG2d6lij7x7Rhw9UacP60Fhr1tSWbu5L8B/VLA9mPvn+EW79c2LXvaTyZLkvTIcf5m1NlTMr0ShLcT/P8AS1JmFaE1PsjQf1+lsnBrrSmYppbPqxfLqpYzNd0SRxiTEaLSpArizOeIYaHxHjal92tJFHFGSvZqoBAALMtRWjnjhy6c7b+jez8cOM4lBJZiQBnoKHiCNedcrEw3FEzj3iMu1kqVFaVwr8NOHhYnNqr1I3laM4Yi7UkKpXViCygE8zhyB4Wre7nFIXhq1IxiVWNa50Ix+sRllxFbDXm4muJywJ4nOTyGieOuViIr7uKjIQ/aBwzNrgzoOJJ0pSmhsrzZBOtpo20qujwRVu0ZGKMx9nhY6LTCDRcRoQCBizrat2uS3f6R27OTPvLGmRc1IooqRVfWqRUHPLTO83vtHn7R6RPTHGStQRkxx0BBI5UqDZTf9vKk4ZfrVUEEE1ABFDQ11rQ8c7TJ+K39OYNmTSIPpBEEIH2atmw95h+Q862CvvpMiDsLkigDIvSir/8Ab8rIto7QlnWszlIR6umLxp+VgFkxqUUFEJGE8TwYeByPiDztvrG42vF8ZmOAmSU96Q8PDgPAWI2JsN5npEMTevK3dXnTmf6ys79H/RAuFMoMcZ0QfaSfDMD+srd3svZoChYwqImpywJ+jt/CDSzIt9G/RuODJFLytqx7x6k+qvX4Djbp7hdTU4SKjJpabqc0jHE9eGprlb26wrgJqUh1ZiaPN1qdEy16CnOyHau25Lyxu1zokaZPJTdQchzPT40rQrzfQzG+2/SIg/RbkuKQ5s1cl99m59deA5gTY2yijFIKSTtnLO/dQePBeSDM9O8CtjbJUI0cBwRA/W3hs2duIFe83DkNM9LHXZBKmCGsN0QnFIO/MfWAJ7xJ1c6dTWh68Q/ftLnCBjiuxOf/ABF7cVJPsjmeSDIV65kwRpgKRVSAE43rV5G45+sx4nQadLeoFZBQdndkyVRkX6DierHPXqbJLxepL45igISFMnkGSqPZXy5f5lBa/X17y/0e7DDGveYd1Rxz582+HEjDaW1I7pF2F23nbIkd6Q8ug6fHlb3a+1I7tF2F3BA0y70jfz+QFluy7mytiYBrw43R6sY4+Q4nibPCX2ds5lYs9GvLipJ7sS/18TbG8yqr9kh3SN5ie8RqSeQ1PACxl/vSxqyK1eMsnFjy/wAv9bc9s27Ne5DosQ1PAINa+PHpl6xsUDtn3f6RIJmDC7xbsS0zcnV6e3IdB6q4Rbq71IbsoVVxXqUBVRf2SnRByNMy3+VbXeOO7QidxSg+ojIz/wCaw9o8B1HE5BdjKrD/AOZeK0rpBGe8SeBpmxHQC01UgnY13SMOzMGWI4pZP7yUZhR7sYpQcyvW2mwyxV76wrNeCI7sh4ITunoHO8TwRa2yvVxWV49nxEiGMY7w3EqDmD70jVH7z+yLNVlUs89AEixRQAaYtJWpyWmAeD87JQLbU6xoIVaoSuIn12Jq7H7zVPhW3ObMn3ZL4RiJrHdl9qpzf99v4QLY7ama8ypdoznId8j1I9GPidB+8bOYVVpagUhuowoOBelP4Rl4k2qeIi16Y+whWKtW78re051sieZgyMyyqS75VOGgAw1GlDzHOzDa+N0bD3jmcjpyyBt5EBMv1ZG5ky14ZjqCMtR+tsP6da05n2N9Gr5G3eAD1ORXPiBkT5587MdqCTWBlNCC1RUnmOApXj4W56OOXGSYe1wHcNRiHGnq5LlnUnjZ3cFkej7ixtk2IklWBO4VoOQINRbNTK9bHYsT9GlaprWNhhNc8t349a29thtO93tZGCYSopSmQ0Hv2lltN8l7At3jip6q5KNOPnbw3MnJmCryXhYnYuzbzen7GFGamRKiiqObNSi+du5uHoRdoMP0k9rJwgj3ifvNqfLLrbbeumckjg9hejTzSNgGJVNMRyXzJyt1F19G7vG9QnbyjQeop1GvHLjbs22UX3GURIooIYaAKMxvv3U4EDj42wa6Km6oVuQWuAcdNWz51HS2vMieiZrkzjE5DAZDhGvgNWOh/S2gu9e6P324eA4DWxt+nSP7Q4mOSqMydcgB+Q+VhrzESC95YRxjPswaEj3jwyzy5cbaJAiMFiIVxtxc91f5npx6WAv6xoaEGedtAPD5DPU+BsyllklT6qkF3A+0IoWApXAvLKuI5DkbWumzAq5AxxnVmzll89QKc6dBxsg5mX0eeUnGRTXAncTjmeJ/lpxsJfoooKDvv6qj+VT8bPtp7TLVguyii6n1E5kn1m6fE2F2LsyCsjSPjZKFzXM1ryzVaA08R5q5IJtKtm7DmvL1KliM8I7qfeP9G3bbG9Ho4WHdeYas3cj8v049LI7rtkPI4hhYpFSjIQqjWoIJpU5HLjW1tk445KvITiGNiK0XF3aZa1HrUGVpveLn89zy76G5qq45WKqcv8SSugp6ie7qcOdLHOoVBJeAEjWhSDgORcDyovTicrcVsDb7tK8kpWibsZLDEHqRWhOVSQBTOpNiJxNeiGvAaOEd2M1DSeI1A56E9BlYl+VF5+Ii/wC0pb8SFYx3ZTvSaFvdUfroOpzsz2ds2MRAt9Tdl0GjSczXUA8W1OtRkTqt2jgjEt5Cqqjch4dC38vDy1MRf+0X3dUZx3c5ZcHkHzCGg1qeArfqIn+0VfpCh5F7K6qPq4gKNKNBl6qfDFwypXbH2oEklEu4FEQZYwNKU0Qc+PCgzNCDL9feMotUjP7Tqw4J01YaimqmaV7+zMWKXVcmcay+4nTrx4UFjDtez3h785VD2d1TJ3GQIHqJ0y4f65bZ2wkMYigGGNcgF7zNwA5t8h87Z7b20ioI4xghTdAXUnkObHLPw0sFcrqVImmWshyii4J/nzNjCeXK5sjCSRcU7iiJwQf1mSdbG3iXsgVDVkbOWTl06DkLSdzFUZNO/ePBRy6AfP5W5Hbe0nkcXa7mrsd5vzY9BwswtIz3uYXeEHAp32/TxNvoWxtlxQxYn+xj1/xnHDqoPxPQGwvoZ6LrBHhrQAVlfiOJFfab5DysVKwvchqMNzgyI0Dkfsx0p3ulF4m02nIy+lYz9OnBIr/Z46VxHRXpqdaKONcXEWJat1hkvE+d4k7wGdPZiFNaHXma8CLE7LjM8gvMgog/4demhlpp0X48rY3VfpN5MzfYXY7o4PNTLyQUPjh9m0e14pdbpJd4ViB/tV6ernXASKnP2YkqeRantWF9MNpR3eIRrlHEmEDiQMqdWY5dTWzC6XmqyXxj9oDHBXhEDVpP32FfuqluDkJvt8wfsYTikPNhovlp4luVqhUZsSJ4oWnYVvN6NEHsg90eAAr4L1s6kiEUawjgKsfaJ1J8bZ7PcPI94PcjqkQ4V9ZvlQeHWw2052wMR3jn4DzsddZC5nkIu2GilLFCUIyNK6a5Vrl0Hw1swa9RFzhIq0dWFDSjHvA6EjkOYsNsK4mePVQR3FYU4d6ozrz/AM7F3zZgkjTCF7RaMuLMYhqOYFaj9LctvlsJuGwlxrMCV90E0b7wrQ58xbba6r27NEWWZ1XEda0qFNOJFPPzz02ftEOAMg3rITvKfCuY/Sx4lXGM8ytDqDkdT8Rn49LIE7369qcNFanHsyK/FwfiBaW6BoUbNlUnia60y528saeld3DuqxxRi6wHuqqjtHFTXCgz5mp0rWti7ps9IhTQnvUarsaUOKTgDxVRSvEWBv8A6QwwKcL1DVJYnNiMyWJHToM9LCTekFDhjUySEVVaVAA455Gle8xpmNLdEv4yO7zKoTeKpHTLLnxA8ePzsmN4ecFbuoji4yv15HKoryIHnYW8qorNfJQxFSEB3RxFSddO6fCmhtdxLOuKVjdrv6uX1jjKhVDmq++2fTjbSTCBySxxOUu4aac8fW6EnRRWorlXlWwz3UFwZiJ5jmkS9xdeetPaagFnVyupkjMd3UQXb15GzLkV5msrZa8LC7R2jDd/q7ujM8mnGWU868F172QtUqLGd4CxAy3hlZlzofs4qaa949SOGQsmvcst53mLRQc9JJByA1RMj18Ba94iCjt74y1XNY6/Vx8urvQ6nlkLc9tjakl5qSTHB/HJ5DQH2RZhTa22QFMF1AAXVx3V8OZy1/1tX0XeJLvOxXHK5wtiGbKQCCja94Go4imts0uIwAuMEY7qcW6m2VzvDGfCtFjAqQRUZEZgVHPW09+lcXzhps1Sl3dzhAYl1op+ryKkFuGYpSlpsm/xiNpjI5dk7MFsjlmlFAoQTZPeIljlEZZ2AbfI08OQB5Z+NnWy7/HEwieJaYQFY9zOu6STStDQHhxtj1PLXnrwYehxe7yTM7AYzVU1IapNSda0oDTpZ7snbUpdpJY1L4SYquGOlRlXvE1yoTmOZqivmCAQzTSVKk4sKqSuRUAg94rpnqDbIbQiXBLeMHZVYwgDMoVIjBoM2Ay6dbTd9w5I7uECL+1Xxw0lCyKSMEIHrEjJn6g7vCutrw1k/tN5FF70ULZFuIkkHAZZLTkWFcl4j0gMzyXWRBSHdcKjAkFSCSWy7pphBppry6h7nJORLeiFhoKoDvTsOLA5qmlVzPPiLbc9ay6j1ma/EyysVuo4+tP7q8k68fDUXbe2QVoNyFMgq8eAVR1+J8rTbe2sYLE4YVFABxHBQPhpxsuusFSJ5xQD7KP2eR6sf9OuiKtcLuQRPMN7SKL2eX7x5/CzGaTsRjfenfJQPUB4D+f528xdkO2l+0PcX2Rw87c76QbY7FWdz9a3D2Ry8bAYekW2jGDGm9NIaGmtToo6W6j/AGc+hxiUTSgGaTPMfxfdHDmfKyr/AGb+iDyt9MvKklvs0PHoPEangLdz6Q7UMVLvAMd4l3aDKmWQ91QMyeAqdTaLfOQ5A+1LwZpPod2NFG9LJ7I9Zz1JyUcSK6Lb0QJKRd4xhut3A7Qj1zr2ddSW1Y6582FqrdjAq3WBg14mOKWSmXvPTgqjJR4AZmtmERSJMEeUUNczq76u55kfDERytFv4th6Q31wFhiA7aUiNF4L8OCCtacm6WrerkoWLZ8JNGB7R+IjBrM9facnDXm7U7tsthGvaX+WiqQVhxaLGO/J50y91fezn0kQwSXmbckmAZq6xwrXs0PWlWI9pzYn4CH/aT6Q9mgihoGbciUaKBlUDkP0HOy/Z1wN2u8d3T7abvHiPaPkDTxNlno6pvd5e+SikafZg6Cnd+AzPlbpdltiL3lvW3YweC55+evn0tp6RREoCBYkoFQU8/wCvyskl2wscrLLUKwAU001zqcszw6WKv17CgKSQ0jYVpmanU06f1rba5mhL1BXichh8uVuf+l+mnEDQI8a1UYFQVrkBQZ4tTw/Ox90dmDyRxLJi1bIF697Cch1FMq2pe73G6hhKqYSCVGSsBqDl+XSzOMIRWM9maArQEKRw3Mx+HO2VWyugB3WjYCmYfTwzte87OAGNA2LiQxyGgJJzIB4VHG3lx2q00dShXeIrkK0rw8aEeFjowFAJyGmdVPlXI/1laboKvp8gyZkJGpwnP5i0s5xv6pNOG7b20nob0h2DCCsyRgsoOFDmmWZYA8acCOB8+K2NtQVlnUv3ugFFBOletQDpTnaWluy+mU9idh3odib1KmJ6/Vkmqx0LDJfarXeNelLP4rmWVbxfCSHGOOIE7wpUMWGg938rS0tfJUHftrS3mY3e7hVKAYqikcKmuE4BTG3RcuZ4WX3+9Q3JCy4nlc0Mh+0kbKgqclUGuWgByBtLS2kQ5XaU7O2OfeYdyIdxK6HqeZzsQt0CfWy0Z6bq03VHD+vnaWlggO0rzTN8ye6vDzNgti3YyXhcQxNrStBSh0/laWlsf6Wr4NZNm9oXZ9yEO1aZvJhNGPGg6HXpY0RRouOZFCimAAVzpxGlSAaHOh1tLSz69HParXZJ1iZxgWQ4AzbzLQGvE5ZECnThYiCKMYoVQMsVVAfMqKE4gdMzXKlpaWi+l5NUF4liSONirVagOe5iNAvDEK5V/lWx52wu7G6ssYqSK1A1qKDhWufW0tLK+Oph8+eatcI+1peZhuAVjTWg4MebH5WaQgBe3lHPs11Apx8be2luhz0p2rtLApvEmbHuDWnveP8AKyj0L2J9OnF4vLUgVjhGpdlzIpwA6/O0tLLr0rh9e+ljsmN2AZ1FAoFAgH3qVy660sl2dCbsjXmYVvMoyGvZqx3UDaVJoWbnTgK2lpaIqjUu7xUjFPpV4+0fgg4gHiFrkOJJPgNf7v2ssdzjqqMtWNc8C0r+82LXm/S3lpZGLv4WedLqFCwxqJJRw7NDREA5M4qQOCU424T/AGn7ZeeVLrHl2lGfhu1oi+ZBJ+6LS0tU9lRP0MIkV0TQirnmOPxPyrZrfaCiLkFy/r87S0sVPJJtNAzCtCKZagjqCND1sNfI3wAByFcqASoLKcQHAjjS0tLc3Tc/vOymcDB2VT3iyUNOlK5/CzKHY5wKpIalDTnx46A0oRWhtLS2W0BNpziDCGQLvDEBSnHeFOWtLOoXDxMGFQN4eWdehFvbSxDoG9XxVYjE2XQfztLS0sjf/9k=" class="product_picture" alt="Steel Rod">\n                                    </div>\n\n                                    \n                                        \n                                    \n                                        \n                                        \n                                            <div class="carousel-item">\n                                                <img src="data:image/png;base64,/9j/4AAQSkZJRgABAQAAAQABAAD/2wCEAAoHCBYWFRgWFhYZGBgaHCEcHBwcHR8fHx8nHhoeISQhIR8fIS4lHB8sIRohJjgnKy8xNTU1HCQ7QDs0Py40NTEBDAwMEA8QHhISHjQhJCQ0NDQ0NDQ0NDQ0NDQ0NDQ0NDQ0NDQ0NDQ0NDQ0NDQ0NDQ0NDQ0NDQ0PzQ0NDQ/NDQ/Mf/AABEIAOEA4QMBIgACEQEDEQH/xAAcAAACAgMBAQAAAAAAAAAAAAAFBgMEAAEHAgj/xABFEAACAAQEAwUGBAMHAgUFAAABAgADESEEBRIxQVFhBiJxgZETMqGxwdFCUuHwFGKCBxUjU3KS8bLSM0OTouIWFyRUg//EABcBAQEBAQAAAAAAAAAAAAAAAAEAAgP/xAAfEQEBAQADAQEAAwEAAAAAAAAAARECITFBElFhcSL/2gAMAwEAAhEDEQA/AHiQrpZpswnq7H6xDPzrQGOtrDix+8LE7O2csyXuQpO0VVwjuo1BnvU0B0/rG+mdtFsT2jmNRUd9RNSQxsPGsVkx+JdjWfM5AK7getd4uYPJwwB1UpwpaCDGWi3Clhy39YChwcrEWDzZwHMTH+dbxeXFmXUNOdrcWavzgLi86LCi92nKBgnvNBpWvX59YzpHsT2gelA7Ac9R+cDnzifqAEyYa8nag+MawWTu4AYaj8DB/C5OiKNR24Q4grCtiWY1nzKHgHa3nWDWGw8xffnTPN2P1jU/HIlBYcqQvY/tHUlVqx4AQyM3kaJ+aBBQu3+41+cLuO7UuSyy2YnYUY/OsBvZTJlNZtyH1MEMPl4QXA09IV3USYzFOe9PmL0V3HxrBGRPnAXnTa9Xc/WK2JxSICKiwhfxudMx0pU2pXhEtMWL7QOgB9q+xPvt94XcT2nxL2SbMUU31sPrAicw9521EcNqeURYaXMxDaZYOn83L7wWxerr59ia6VxOIZjagmv8tUHsqlYuoadisRXggnTPj3olyTJEl7DU53c/SGTC4MD3t+cZ9a8bwzzj702YP62+8EHxLIpLTGFKXLGnzipmOOSQjM5AAoPGEjH5jOxjtp7smtl1Xam1aQ+D0SzvtbOmMZeGdwASDMBb4RPlEvE0GvETmHMzX+rRvJ8nCgECnNYu5rmkvCpU3J91Rck9IPT4t47Nv4dC7zXqOBc1Phe5haw+YYrEzNZnTJaV7qLMdf8AdQ3iphMFNxUwTJoJ/KlqL5cTD1leACLXlurAQhLgUdBVpj1pszswPqYBdrO1ZkKQrNqOwDH7xP2mz1JCGhv+FY4tnmaNMcsxqT8IfEkx/a3GsxIxeJWvBZ0wDyAakbwPaDHzGA/jMUf/AO83/ugAiljDp2ayzY0qTtfaMmLntMZ/+5iv/Xm/98ZDP/cx/MfWMgykSwOTXo6n1p6UtF4TZUk0BJNNqfM7QEx+eMzdwmg4Kbef6QNTXMe9hwI+ojWs9i+KztiWC7dPqYGSnd3K0IHA8Iu4PJiG1UvxPCkMMnLFWhqOfSLF1AHA5OdRJqa712hiwuVIl2NbbD7xudjkTu2qBtC9j+0VGK78gN4cF5GOdjkQHSfIcIW8y7RahRKljsBApUmzAdRKBj7oux+0EcDlq0sNNPXzPGEd1QZJs1u+dI5DfzMEMJlgS1LdPrBBUVaKwHOBGPzoKhAN2NAB0iXgk7olBa96QCx+eW0pck7CBuJxLzW7xKLSgqOEV5jogoQD1G8Sep5ZyTMYit6cIpYnGqvdUX4aePlFf20yc2hAWv6eMNeS9nFlnVMGuZyPD7eEFpkCcryF5xDzaqv5eJh0wOWgKAihQP3eL2GwJFCRXpygmstVVm2pSMtePGEwoFARvAvPc/TDoACGctZRvYfKB/aHtVoYJIKM4WhJqVUmu9OMB8tydywckOTckitfA7iLR6hSRNxTmbMKt3qhKVC+R+cNeW5YFo2kAjfp+kW8BlwXvAUHEn5dYFdpO0iyf8OSA0xvw126tEtxPn2fJhl0pRnawQbnx5CF7Kssee/tZzBnJsCTQdAI9ZJkrO5mzGVnY1JavoOQh+wGXaBR0WlLMv3ESecBlioO8mk8Cu0Ve0WdpJQsx4UHMxNnGapKQ1NhHIe0OcNNcuxIA2HKNQapdoM3aY5dz4DlCs7FjUxLipxdo94ORqYU2gtaEckwGthWgHWOqdmMtqQaC3yhbyLLDRVFCDuQKU846fl+FEpAKDaCJN/DD8gjIrf3ksZCCrl2T97VTfc8IP4bLVUA2PHoInmYpFFLVA2+vWF7Ms9Kuve7psw+sOC8jBNxyJRTStLdf1gBmef6XArY7j7dYATsVMnsCo0oDUM3HwEW8Jlmk6qFid3bfxA4Qs91CXmTn1GqLwr7xryEX8DloQ2FK/iNyfPhBSTgV7prfnGTccqq7W7op5mI9RtMOqVYbDesV8fmioF2qb16QCzDOywCJck1PSkUhhXc63o9tgdgOhiHqbFZlMmsxQWNq14dIrrIRff1BucecTikVSQNJHKAeJx7uQq1JOw3JgtMi9jc1oCta8o8ZVlE3EsK1ROJNjT6CCeSdmDaZP24L+9/HaHfC4LUAAAijYD68zGd1qTA7LMqSUNMoeLfOkMGGwagX8axLh8PpAt+sV88zmVhkVphpVfM3OwiVogzrLbvMAFrWvhCJmeeTsTqlSlAlk1Z63NOAAvSKOZYxsZM1uJqSiahVI2/mG5g5luTotHWigD3hbyMGrP5VckygDulFFTXUopXxhrwWDVAa2X5+ESyZChA5I2rTn18ITO0nahpjth8OSW2ZxcL0HWFWrnabtMVb2OGAZzveoQePExT7P8AZ9q6yA7tckmpJMZ2fyVEHeViTuSd4e8BlqBdSsVI4H6GJNYDAKBR00kcRY/rGszzFZaElqARYzHMAiVLWAuTHK+0OcmexFwgNuvWGDVXtDnDTnJNQoPdEJWZ4ssaCLmbY2lgYCdTuYDI2iVNOJhu7PZaVAdkt1rX9IC5PgtTCteukV+sdK7PZaCw0+6N+p5EQUmHs1ldO+Rvcj6eUWu1OaLh5DPWhpRRzPACC8qWESxjnHaLEHF4sSf/ACpffc15Vt++caBU/vnGfm+BjIdf4yX/AJY9IyDasDWzN5z1lAkL+M2X14iJMNlgDa3JmN+ZvdFeQ4wVl4A0BsNqACgHpBFEHu7GtCKbXjbPiCVgAaEm9bRaWYAdJ4G/lA2fmiIxv3VJPofvC4+YTJpbQPe3Nee9KxCjGMz5U1kb3CgdYC6Zk0UJCrWumtzHqVhQl3WvVh9Yix+MRBUAjneJYnTSlmQfCvqIFY/NFViFr0EDsdj2e4NBzrFzJMieeatVU67n7Rm1qRSwuGmYh9KAm9zwH3MOuW5MmGFdOtyLjcjx5+A84KYPLQiASgBS2qnyA2EMGAwS2NO9A0qYbC66MxrzHIcoKyZOldXCtI9uERA9hcg+XGE7tB2tRk9jIej6m1NQsFqBTalYmbRftHn3sZapL78xtRCgjpzIA/SFFJGJmuHnMNdKBaAqBwH6xvL+zwpqZjNLX1nr8occqwFBoa5F1rv4QGT6gy/LwQGK0biB9IJNIlotXC0B1UrYUHGJsROWSpZiKjc8F6eMc3zvPHxzmXKYpKr3mG7+HTrCtWe0HaCZiHMnDEhBZ3rQHoIJ9n+zzKAFKV6G9THnIcjlIAO98IdcHlSqNSvUcQbERLHvASHSzr/uFvWJMZiVQGgAFK+EesZidKijbX3jnXafO2dtCe4PePOJKvaHOzOJRGIRT5n9IT8yxeld4tY3FBRWkKuLnl2PKJRE7liWPlEuEkl2oAT0EQhSxoIa+z+V6iCWXwU3Hj1gpGMjwDIFGham1NND6x03s9l3s0Fq9ePiYXuzGXayGYGg92u4Gx9YdWXQu42t0iioF2wzlJEpiQamyheJO3hCVk2DMuWFauuYQ7k70Ow+sWM1xLYnFlHI9jK7zU4mm3jelIKZZLZmLsK1hojP4Ec/jGQd/hR+UxkXR0IXGqGpXuqSa/6f+IWsVn5DMymrGtOhMDBNmTahe6p3qaEiL2FwLICQtgKkgg/rG2MVZEjXeYSegMXn0ItVYinA/cRFi8y0qbIaigJAr684Wp2YvM7q7D3jBapBDMM37ukMTXaAzuzsBXUT+ED5nlEGKomwNSaVMXcLVSGDUYHUKXuNjeCbTmGbIezQs840JuAN/wCkcv5jDfhsJSgUAIeA2rtfma8YU8oz9UYPMQlTTWRc0P4hW5p+X4x0uRoIRk0skwqQw2IYWPy9IMw7rxhpIA2pHvMcWkmWruaWJP79YF9pM/lYYOSwJB28vvCNis1mYzSZkomUBQLUi1SakAgnwiHq5mvak4pPZojrLDHU62LcLW2i3lORIqKZQqp53PmeN4uYDKUIUoAEoKAcB9oYstwgUkDz5A/f7RHxFlWBCd0bG/hX6Rbx+LSQjMWApdmO/gIgzbMpeHlli1FFSTW7GOX4nMJuPmVYN7EHupeh6mnCJLGZZy+PfQKrIB2Fi/ieUMuRZciAAIp6RvJMLoAooXpop8xDxl0sEUZFbrS4iXjxgMDLK+4UPNdvSLEycqgqL9frG5k9Uqq18DCT2n7QBGMtKlm95hw/WIWqvaTPA+qTLfazkG/gIUJzlVN605mJ54UX+PGFnOcffSprEVTMsYXOkGsUWPARlKDqd4lwsjURU0FeG5iK5lWBDN32oOIA1etDaOhZVlYJRUuu7MBtTh0J+8C8gy9ABpDajsGpc+O0dG7N5ZoHeFWN28abeAg9Qzl+ECoK1HGogD2zzYSpLUfvsrKlDckilvMwx4x1QU253t+kc0nT0xWJM/eVIU0P52Y90DpUD0MIZgMF7JFlNXWxDzDuakWB8Aa+JhvyvCgUA2P2gNlUpmYuwqWNSepg7jMcmGkPOcWlsptv3jQADxp6xRWp69Y1HNv/AKrf/L/90ZGuh0keWiKSHuNgVHzBgRjs3ULYm8DcdnBYUHnARnJJNev/ABFoFsO+on2l14CvzhlwGXKUDqO50HHlQ8ephVWaGFjUQc7OZ17B6Mayns60B6agOY+I8oy18RZ1l6sLWI8iPHjAHDzyDobcfHr4w6dp9BOtAqMopRe6rAcaC2rrx4xzzFTjrrxrDKMGlxbDjtaGXKO1xk4bQKtMDkonQ0NB01aj5wmSKuaKKnj08eUOmQYRAQHkprPuuumvkTT0MXLkZxQ4Yu7h8TLV6tqq19NT8Kc+kOmCykVqPd4faJsNk9K1t8vQ7weweXEIQEYLvegqAORNQOHODFqLLcKorSoWm4txNaefGK3aDO5WHlkmiqBUDifHpFbtX2hl4ZK1sBRV4nqfPhHLpLzMTM9rN92tVU1IHK3ExJOcTMxs3W4OitVQ1oepHGHXJJGmlKDwH6WiLJAKUVgeBGkD4EXFxD3lTPSjAEciPlAXrLNX4tLDqKxNPnhDZdNeHDyjxPxOh6BdIIuQbeNOBrY+MLfaXO/ZrRaM52FduvxhCHtPn5l9xAGcjyUQktMBqx341jGnljV/eN684GZtj1RSIkpZxmAUEKbwufzHc7CPUxy5LMbRG5rEXpF1GlaczDLkGCQEFg562p6UgZleBQt3yx56f+DWOgZXluoKJdaE3bio4+fLxEZqFMkyss6t+EAaNrkg1NuQt5mOgSZKqlxX98CIoZLggiigoBYCPeaYtJQ/KoDEncDSCa08BGgWu2OeCWoRQWmTKhVpytUn+oQGw2BCKkhPwirkcXO/ku3rEeHx4nzTiitElgrJDD3na9T4Chp0HOC2UYInv8TesCGMuwrUK70FfKFv+0XNW1JhgAUZEmueJ0sdK9KstYckKoodmAUo1+VAd/Axxn+ImTiHmEs8yjGvBRXSvQCu0a8g+s9u3L4RkE/4U/lHrGRna1hFb3upO3XxNov4XDqLPQMdydh0tw6wEmNB5mBFRsRUeYEa9CfE5S8pA9VKFqAhgd6nx4H4RXQCPSYoaGRgTW604EX8h8o0kl2FDT0+R4wFrMsxYgAmpoP+YAvUm8GDhiaml/nHmdl5Kkge7c+ESXFlCWqgUpS7Ct2rcEEChFrVNqX4RbwuOZCCrEfLfl5fCKUudrQEAgV2rWlLb8Tx8417Mg3EWDe30F2dzVMRJSaB3tIqTSoKijAmm4PqKGAnbbtH7KWxGwFKX48YRuxWbvKmGWD3XUkKdg6ioPQEVU03qOUa/tEzAGUbGrkC/A3Y/AAQbnRs3stDEPOf2s06ibqp2A4V5mGXKO0AlkKw0D8woaeNq0hbloNC371OHhGnY8Y1gd0yptSB9CODS9BW4BG/PeLz4lENQKA2tsD9I53/AGc9oGDrhpjVTSQhO400onVQNq7X4bNGc45Jepje9VFjTYbWuTW30gF9R51mokJvqc7DrzhCfFu5Jm0LE1BAsOQHGLGIxzzXLONz3b10ivMxUxc5UUkxFVx+MVFhLxeIMxje0T5pjS7UEUjQCg8zEmmbgNosYTBFu8TQdBU+lRFvB5C7oHJCq3uncm9Nq9IJYbLCpC1F+J6eRiIhkclAKA1YCuml7chs3lHRuy2W0FX99rt0tZbdLQj9n8pJnqNYDVIoQO9Y2u9L8PA+B6zluEVEsSvHw+96xmKrkzSgqKg9L+ohI7WZxqdcMnfmzAKAfhDigJPPc0g/meYhEeY7qEW5J4VFAOddVRSEqTOBd8SBRpg0Sq7hVsz9Nyo8TyhtCeRJUlJSU0SxpH8x/E3mfgBDZl2EAKqLBoDZPl4oCeO0McsqiI7MAK3rYDSRW8MVJf8AaLiQUk4dHClnZnAP4Ao97oT8jCxlMpmfUADyH0itj53tJ06apJE2a4Tj3Fai+RFKecHcplMgBIDKNxsbxclFzS/+VGQa9kPyN6j7xuBOBlYv5cpYML0UWIO1+VLiK06XSL+U1VWce9WnkR941JtxW5BTD4ZFAJqSee+8GkwVqjzFfiOUBZOI1VD+Tcj9YZMsxII0Ejaq048x8fnDeP1mclfHYGiK9KVNP36wLmuElzja6AerAH6wd7Q45JchFPFmc+Vh41MJ3s2m996rLrZeLUgPobJZgSyVC8eRi0mP1Wdo3OZV3So8SPkYpS5PtGoi0HU7ecBF5eKWxFGIIIAvUi/ziXMJEyd35mt26kACvJQKCDWQ9mpdi84AnkjGkNi9mUYf4eJU2911HzuRenARLXOMA4pofusBQV4x7mSzw+dItdpZaynZHUqym21DyIuecAcLiXc0vTmBf1hQ7lbsjowFWDqQvMBhau4rt6w343MfbOddaVohpQGlqkdbnzgXk+UoV1ozF9iTQ+lrQcTBnTRtNedNv3XetoyvFVpQUVNx9IR+0uY1YovGDPaXONFUBr84V8Fls2cxbSxvwFT+kKkQSsHQVZu8eG5ipPWhh3y3szPIp7IAdXQGvrWIc37KTEBLLQ786fvpBpT5ef8A8dCLrpA8DSv1r5x5dwQRFLs/NdQ0p1NhvTYDnyIrT05RaxUgi4v0jQTSsTtW52PWOiZDnbOlH99RQ7d4GlG9SPMRyYzOsGuzGNmIk2aT/wCGh0Mw/F3tI/muVFPDlBap6ae1CLPmLI1U74d6bKqKdTN4VtXjHmSonTBpGlFAVF5KtgPHiepgdl2F9jI0XadO70xj7wUmoU9WPfP9MMuV5dpXULECAi+XYQBgBYEW8QKwsf2k4oHDS8Ord+ZOHdB/CFq1f5ahR5w6YeXpZDwNGB6RxPH4kzMTiJ+qoMxkQ/ygkCnTTf8AqjU6CTAyiz0Uii2Wo4CHfJJGpqFKECtRsRCzlErSASlRxIh9yqWBodajY8jTlGSt/wB3yub+qxkHf4AcxGQ4unzDma7HnX4RZwhARb7rQ/vxirimLgU2X413iFJ2kaeHyjUuVmzoT1UFRX9/OLOEzUohRRqJaqjci1yOW0DGlalBJrWJ8oCpMqRuKAw22sySCq4BprB5z6wAAqAEUP8AMSKDyrWCSYBG99ZnirAU8ARTyiBHKNY2O3Ij9/SD6SHZAwAYcxv1JHHy84PzfTOXwh59l2jvI/tE41FGHiK38RFnA4RV0kchf9Iv5/hARqXr8P8AiKeUuCgFe8tmHEcj6U8xFJqtuDeXZiQ4R6JyYglSOdrgQRzXP0loWDK1QQNJBuCNuW1POAD4plJsN6g9TuLfha3mIqYhFOl9JIS4rw1EcOh+sXil31k6ScSwae5SoBT8VAdtVaUB8bQfyfJ0VSEKN1He4VuAYAvjC2/G561vfnBPs1nCSZwLglD3f9JNL/6ecZalNWU4Sj1UDQ/dP4dJ4VVuZt4xczGoGhR3jv8Ap9/2D0510hkIIpXUKGo1bA8QefpAnHzKHUVuTQX+PziTlmZytE6ZKcB66XBIFRSq78r7dYnTFOtleg5ClPSB2a5oHxbMtl9yvOh36XEWHfYxEz9n8fLdgk5wjV7pIAVrHc/gPoOsMxwrTF7v/h0qtyQxrv1Frc9+Uc4lEaancG0Pf9n+KJlOrOSEeqqdl1DvEcqkVp4niYAsjLUkqWoK+82oVstyD4+7/VHMM1z0hyJaqFqbNU/GsMvbvtJYyUOx0sQbkivwrX0jmxuYUvjMXY7L8fvDj2TwzzP8ScayJNDosFY17q0WlSx48g0KeT4BprqiipYgADqafEx0t8KqBMNLNVT3mGzufebwFNI6L1gpT4JGmzGdt2NSaWBPhsOEN+AlkKa8LHp+6wOyeSyihG19uH1g2H0rMNe7oJP9F6+lYYCf/abmTph5EqWxV5rMpING0qb043qBCHh5feVNNQlqDnxP75R7xuePipxnue7LqsleQJsT/Mdz4CCGQ4YEg1BNfP4xVSGTI5aONINzwNrfWHDAy6JpNDoYEEcm/wCIB5ZhQrpMKg0s1hxoK9LmlYZ1QIHBvt5gGsUFW/4oRuBvtm/IP90ahT50nHSIqNJZ2JVSRBHMUqBQUifBDuLzpb7RSarZHjA4CZpKiW7ilaqNRFr2F6RGJfnTcbEU+0HsMukh1Yqd96RWzjMS3eLUcEHWKVJG1T9YdouVJLmB1AXhenEHjQcRxi5lOZuj6RsxFBsPQ7eUJTYxy1QxB6W+AoIJYfFTqV4/mCkv1oeBPMCvhF+l+R7tHmhZ3sutiNVNhpAG3M0HpCvMnaZmtTQH68OoiCZOZbEEeIIPxiB2LXMDWGZ8WCBcV2J5jcRVfMVCsvvWoOGxBr1sICJPIFK2izIlBhVq+EWjMEEbUoI2+0Sy3pbSD++Eaw5C7WUmp9KV8fn6QTGVu4qiaxzDKLc7kWiVNfYTEn2To7k+zeqodhrG45ioNtq1O5gF217XHUZUgraod9zXkvC3OBDZmcOk1QSJjroFKWBILEnhYUFL3MKyqWbxMDSxhcC8z3RXzFf1hhTBvpFVuFoaVvTj/qpY86VixkmWGgJ35GHjLcleYlaBb6STw42/Nal+vSkSc/wwDDp+9xwMHMBmYwmGmv8AjmEKi8AFDd4+bEeUN2aZDh8ModgrvTUdx0C0rQ0F7jjHIe0GP1uQNhCzA/GYhpjl2NSTGsPJLEADeIpcssaC5g7l2DKjVyFyRYV5czA0ZezMoSUaYvv10IeIJWruPBSFH+owz5JJ71xfh/xC12cwzswBoy1qCGBA8QLivUR0XDYQBKgXXYjfbh5QRCMgAMhtQG/gTf8AfSFbt92kGGSZh0vNnK6AA+4pNGY+VQBDYhA0itiASaUpX91jjGf4xcTmGJxAOpFYhOVFoop4tf1MaCvIw9AksD3bt4n7Cg8aw04DL6rYd4eVf3SAGU4VmNQbw9dngzEoyd5d2A68acYyR7KpB9ipLE17rc6/X9Iu5niElK7v7qrqJ5BFBPr9Y1ISivQb6T51APzrCn/aLmOmSslWq85tP9KULeRYqvmY1ICz/wDcLFf5fxjUUf7uT849I3D+oOyziMVqW0RScVQ22PD97QMJi/gsGxBahsK0glNg9luLRgBMNFvUi5WkAMyxQdzprpBtXc+MSyMMz2HxgpgcjLqVVkqdy1VPgKig9YbdHGSBWW5drIZrLBnE4e1F2At++cXcVlsyUoSahRjcG2lgBQFSttqVH3iqRqXSwqVNepHEV58jFitLiyS5LMTY0vEc9OUF8fLRKFahWJN+u1vCKuGlrrqfKAqsjCFh14RelzSyhW99LU/lG1Ogrt584kad0EEMPKlTV7qv/EBqADTodNJrS2pZikV3NRYCsOCh6QVyrMGQNLJ96uk8QTYjqpp6+cC5MxA5BYdK2G9BvakYrDW1xawoaj1For4O5Q3E6mmENvXj+sGpMxUQqndJvrIsePukkAcLcD41FZnNBm6gKe7Wm1QoDepFfOLiqaUIoB139OEXGSnlbPD12PzKQ+IEuaihStR3juKcRSt625c46ZM0ondAA4UpQ1423jgmFdEAYi/j8uUN/ZftNOcPJdg6KtUq3fA2oKmrqLWAJHSGycexP+uhLthiHdKq4oKVFNxxNY41MNWPjDr22zYqRh5TWAq5HUVC18Lnxhcy3K3mkBQTyAFzz24DnGNazBDKcMFlgj3mFz8hFyTKp4cRFCWjYd9Dnu8+Cn7QQWcN967eo+8M8F9SYMaHqCRy4HwjpPZzNxNSh99KBha9bBlpw58jXpHOJzUv+XekFOzuNEueXZtKKjFm4AVWGzpS0W/tWzdpUuTIlnS01asRuFVmtzFdQ8lPOELDpoRU00rRze+3d+BJ/qiXOczOPxrTDZCVRB+VFsPA0BY9THvDNrmFqbmoHTgPIW8oK0aOz6I1KUqt6NxpyMO+WSWQiYBS4Djoft9YS8NhRpDAUK3NBTkeG36w+YBleWjrdXWvgRupHOCQVerp1Korf0uf35RyXtPjPb4x2UjRJHs1O47pOo+Jckf0iOi9qszGHkTpo3VTprxcnSg353jkmXodIRQXYmrUqSf3c+caST+HP+Yf9n/yjcE/7vm/5L+hjIES8qypnIPpDg5l4aXqemqlKc6iPb+zwsvWxvsBztyhSx2Maa/tJv8ASvIfeIereFZaAqKH3tPEc6c4N4bvd5dxvyP2hHnTNTVFQB+7Ugnl2cspvW3EcehEMqs/gyZjiqIdROkXoeB6QurnlqBDUG1OXGvKLObYwTwpA0IK1Fa1au5HAchFTLRpDCxvuN6cK9Il/qGfJacdVVQcFNeN96c4poHU0F9J3B28DDNhZYJI0jyt6RFj8sCf4gsGsQbUI+/0gsWhHtKi4oYh/iGBGmtagim9QbEdaxYeXe4vG8TLVVR094nncaaekRqXCZDOc6iu5rfrxvFzF4D2YowAPD705RNleZIq1maiwFuNeV+B+EGM0yF3kGajo7NcKpJqtLFTSlBcUJFzzisUrns8ippBLLxMZaaWKjY0NIoy5TA1IFet9ukGcunpUFyx8dvhFN+K49ScIzLShrWJ8FLmSJyMykAE1Omu4It1qecP3Z6TKfDK+lgzjciuoraiNtQfl3F961gdmOWqXUaSmkGrilQGsT10sVanJSOMa5dxmdUl4jDtPnvNZCgdqgUvSlByuaXPMw50eRL9hIKq7Ck10NyoAOgE/hFTtua8KQo43FU7rAhhY0PHjE+S52yOgfU8sNXSpAenEBjUGvI+og/Mh20dwGTazrdSANtV6nmQfOLGbdn5aqrqCoau1qHltzofOGl87w7roktprSqMulvdrcEVDfzC3Iwrf2hZiUkSpKmjP3q8dNKMRxFwB5mLMBSbMpaM6OrNampSBRuVzRhWx84EZhmbTKimla+6Om2o/iPw6CInw9BFRt4NakMOVSVVUapqwJrTb7jhFyVKKmqGnT93gdlE9WXQT3l26i5t1H25QWTD6hVWvyPCJGfszniK6pNAQG2onunpX8JNONusPww5QBUPdD6q7VDKTXxFOPhHH1lAgqwvx5Q3djs2YrMkTDX2el1Y/kAIYE791efC3CFB/wDaPmWuZKwyCn/mMOpqqA86d4+YgbgFJeik6RYeVq+MCHxjYjETcRtqYsK/hX3VHG9KedYY8hy6UxGtnbooVfi1T8oKhX+Fbl8YyDX924b8j/7k+0ZAtcenz2mvrcin4VJsBzMUMRPdiVJtx4iLOMlBRSpB60I8uUQT8MAoK8RvwiSqakgL8IsAhB3kr41ETScIVXUClr01UPxEV0LzWCkkithEVjK0dnIUWbgYmVSrG1CLEbeRhy7PdnQo1FmB6gGJO0OIkIv+JKR391aqNTcqQxmlJJjLQqb8vDfyvFrMswUyAXU6tXdWliQAamu4ibKMu1Pfdve00AH8o6CIu12ECTVWhKBBprzqdVPhFqzsKl5ih3FDGTCHWqgi9aU8L/vlG8vylXNXcLyW5PwhkGSy1UFJjim9UO9LUOo0v0iipTANIdewGdBa4Zx77apZ5GlWQjahALDrXnCTiZuhmWlb77fv4RdyacRORlBBV1YVFt41sqype0eWlJ00r7muw+ZHT7wJQ9Ya8axd2LX4jl/xC/icIqsSDYVJHLj8ouNVgjkXaKZhiVViZbspdDfYjvL+VwBuN9jUQ8ZxnCLK9swJFNIIB7+rYqSBY1rfaOWT3UizeUXsyzdmw0vD6gyqxcU3UU0hT8T4aYuVXH+1YztZJ4kkkeJJt04eUWcM2k1G/OAqTCDUEgjiIspj2W4ArzIv6bfDjBKcOmCxmHlyUnzGpOJmB13r3hp0qNjTj1uYC4rFPiZhmuSa2Ub6QNh9T1MAZYZ2qSSesMmFkKqioBJIFK8T+/hFurArGpQE8OH7/e0ByYdszystKZrKR7u9/Ph+sKWFw2sngBvAm8MpJoDTwh/yLJTMAJdg21Re3UcYTJEtUN11eMdS7FTsNNTTZZg3SvePUEijDwvFlFek7ETWp/jJpHEq2r0v/wBUAO1GCbAyJoMwO8+kpdIIoou5oSd9o6rMREUU1LTe5YnlQE357Rw/tzmvt8WVBqkoaFptW2o262/phpirgCFSlbsfgvTxJ9Ic8gnqtCAzHkAPqRCrlshdS1XURwJt+vrHT+z05lWiBEHAKtIyq3/eJ/y39B/3xuD38VN/N8IyFOEYzJ3KVB1Aev6xBl+Xig9oWp+HSRT4j4RcwOZPo0sENR3b8D+a8Y88IgDAAV34VpEgTMQNZVGLAcxQ+kOHZPKpYprC6t6ML/GAeBxMr2pANSzeXkYdWzBEl1dwAo58OQgK/muKTDJqFFUC4qb+AMIsh3xL+0dWZjZQAToHlxMU8XnX8Q4VzRBZanh14Vhn7PlJTDYmldxX0hAvKCYaUzOgUgVOtKG3iKwiYnGPiZrP7qDYcAItdpM9bFTPZKxKA8TufsIF5jiFlr7NDf8AFFRIjeZU1FBQ07tqUhmyTNdYWVNYDU1C9qkcFItWptXr5ws5DgTNcitF4kRfnYF5Dg7jdWHQ2ryIi01c7TpKlujlQ1zVQaHiKVodNN/ERBhsQupWUHQ29605X5gxWzef/EMCpGhagV4kmpMe8vy9tLOkyWQoJZGbSxoPwilDtwMUQ/hsKtasCwpUFTQm4seYIhV7SytE3QCSNI33I4V68IvYfO1oAGanI2K+DbRRzwh3E0OjCwpqq3mP1ipByhHOPFYvMy8x6x6kylJ1Me6CK0I4wJQArYRPhJIZ1VjpBYAk8IYMYElusxJaiWCO6DqB/qPE043iXEiVMIYEA0qrAD0YA+Rp6RrB+ooy5AQ2AsTx3oafSDOAnIzy1fuANWpppB/DfgKncxTxkgqFLANUVBGxWtmXfkQV4XHCIa0tzrQml/p5Q5Brp2Z5aqIU3AGmoNjffrXeOTTGVJs2WNtRoevKGjIc5ZGXDzHOhgQjavcNCQu904DlUcLBbxuHltMcgnvOxBYi9Wrvx4wXqmRCQDvtFzAYhUYOtVINQykhuViL1oSPMxqThCxAZlbp+I34EbnxrvwghJ7Ou6a5bIwFiCaEHltSvjSKWIRkdrJy6+8xlojsdb6jUDQtNVSKuyinIwolBqSrVLKGckUuzFj493SfODOKyaaRKRVqZlWZFuQqPQKW5ktX05QHw/fdy5oQKkWFKFV09N6eUHKoay3EjXWlan5x0nJsPiW06ZWlbd5tdPH3RWEzs5itBGgKvUAFv9xqY6NhJruveetvCKCrn8LN/NK9H+0ZFbQeZ/3RkPS7VZcesTt5j6xkZAXiTuI9z/dMZGRFWaJ33EbjIoGpG8QvvGRkCWsNxiWftGRkSVhtGk3EbjIVEMrbyP8A0mMP0EZGQfE9iN84yMiKQbHw+sRcIyMjbnUkv3R/qMSnhGoyKtPB94eceX3jcZGb6Y8tt6/KCWD/AB+UZGRFrC+//SP+owMl8f3+KMjIqItYXhBzDRuMiSzGRkZEn//Z" class="product_picture" alt="Steel Rod">\n                                            </div>\n\n                                        \n                                    \n                                        \n                                        \n                                            <div class="carousel-item">\n                                                <img src="data:image/png;base64,/9j/4AAQSkZJRgABAQAAAQABAAD/2wCEAAkGBxMTEhUTExMWFhUXGSAbGRgYGSAfHhkgIBoaHx8eHR0bHighISAlHR8dIjEiJSkrLi4uHR8zODMtNygtLi0BCgoKDg0OGhAQGi0dHyUtLS0tLS0tLS0tLS0tLS0tLS0tLS0tLS0tLS0tLS0tLS0tLS0tLS0tLS0tLS0tLS0tLf/AABEIAMIBAwMBIgACEQEDEQH/xAAbAAACAgMBAAAAAAAAAAAAAAAEBQMGAAIHAf/EAEUQAAIBAgQDBgMFBgUDAwQDAAECEQMhAAQSMQVBUQYTImFxgTKRoSNCUrHBBxRyktHwJDNiguFDosIVsvFTY9LiJTSz/8QAGAEBAQEBAQAAAAAAAAAAAAAAAQACAwT/xAAgEQEBAQADAQADAAMAAAAAAAAAARECITFBElFhAzJx/9oADAMBAAIRAxEAPwDnnCqeuuinab+2Oi8N4MK1XW11TboPTCvsf2Rbw1Kg8bbL+EdTjoKqtJAqgRt/EcejWed2oa9oAgW/lGFgi9Rh4F2/1HE9SXbu/d2HIdMahVqNt9lTsB+JsDmipLc1KgueXQchgnJtpDVjy2H5DA2YVnqCmLgXaMF5mqCwAEJSF/Nv+B9TiTfJUSXvMDxMfPEWeclSB/1X0j03P0/PB2XUikQR4qh+m5+kD3xDRCtm9NtFFY8tZGpvkIGDSnquFLEfDSp29Ywv7NIYBPxGWPvj3jVX/DH8VapA9Nz9ME5LwK5iABv6DEkFB/sq7/iZv6YkorEjnpA+uIcsP8ICfvER56nwatIlyOgH/lgRSl652+FfzxPlF8bjc4EotGY23p7ehwVk2jNOp2M/nhCevT8NRRyM+xGAMg1o6WjyNjhvSWXj8SFfdThRRUioV6/r/wA4NLfKLuh5T8sa5NYZqR/2/pjemwFVW5Hf8j8sa8UBplX2KHScOgegUrBFmEMOh/v9MAZOFLZept90/lhgacweTif9wwJxej3lMVEtUS/rG4xIBTJo1Cp5b+Yw8y9SbTaJXCct39IVB8a7404dmb6SY/CehwhYFE2InCnO8N0hvvUj8Q6eYw0pvrXnI3xPQMyDilw45P2g4eKbAUwWB2jDTguXd4VwVQbzzxb87w0IxcJKnl08sKWyr1WjWFXoOmOnHtmoUrZcFlpU5I6f3vjcO6qPs1X6z/XEGYy4y9qQ1McTU8lWrKGd9IHKw+fQYQEzFIsSCwBwLXrnWoB2sAOZw0bhVMNL1N+c8vyGI83mspRIKIahFlgTfy5friTFyvdrrcyfiv8A3YYDq1nrLqEleg540z2arV6gDIVp7nE378yHwgCmu3ngQvLZBtIkEeWMxpSOZcBoInzj6YzCV4kKpIt+I/oMAcQqlALTUeyL0nrgjMV1Cl2EUk+EdT1wty9SFOZqglifADyHp1xybeOppgUFM1Hu7dOuJs1UFJAI8IHh8/P3xrlKcSzmHqCWPRfL1wIg72qBJKLtgSfLL3VE1N6jkQOs7D9fbElChdaUz95oG9+fqfyxhqaqjMRFOkIBG2uLnzgWxNw2pFJqpHjc29TZQPa/thQrM11DNUnwUgbdY3+bQMB8Lo6aBLDx1DJPm5lvkLYi4rZaVAT9o0t/Cm/zbDILqqIkCFWSPM//AKgYEV5/xV6VPZaaFjO8tt9MG5+qFyZt8Uwf78sKaFUVKlet1JAHkPCP1wf2jOmjSQSJYb+04E8pIFoUhPxOgPsCcHZRh31S02/8ScBZuJy68tTt8ljE+RE1KrTsI9fs8RKKiRmEExNL84wTn/Dm0Y7NH1VTgfP1AK9AkfcPy8JxJ2gYBqZG4K+kDwfmMLJtnRpZX3AqA+zL/UYT5tYrTy1FR6/EuGWcbXTnmUJ90Ov8jhbxVDJefurUX/aYP0wNPazzqMfCZ9mv+eDOI0xUUGZ1pPutj+hwueWZWNlqAg+oEjBtCoGoCfuN15Gx/TEEPCGJQ0m+JTY/31/pg+k8mdg1vfCuqxpVBUU7nT/T5jDHNSGAAs8EeR/v88IhHVP7tmJHwOeewPMY34nldJDDZrj1ww4nl+/pHkdvQjY/pgDgNbvUbL1PiW3uMSwfwzOGNfNbMOow40g3UyDt/TFRRmpVfNTcdRiw5OuFIH/TqXQ9D0xEzWpe95Hz/wCcVbj/AGfOs1Q5VD0tGLWQCY5jGrUw6lGFjZh088UuDHPzxOikhZYjnv8AnucL3OYqG2oCdun/ADh/xbJUclLhNR5YU0uK1q1qaAHnGw9+uOvrImi9AeB5d4kz/dsQ0+LDxFKVlstt/TA1PhThmLEAczzPXBa8TCrCoAF2PXDE1H7y6qukAsZPKBj2pwl1cOzAovLz/pjShmMw6EiZbaNhiZ+DV2CIXAAu03+fXEm9TMuTaoF8o2xmBavBacn7UnznGYNoXBW/eauw/d6W/IGNseO4quXaBTp/Cv4jyAxLxBtIp5OjAP3iPqT/AH0wRTpookD7OlZf9b8z6DHHXXAPFapprpn7R97bdB6DEIBo0AVH2lQwvWTt8rnGZJO+qlzdd7gmenzP0jE1I99XNUn7KiCqkG2r7ze35DCgtenpWnlgTLXeDNpuT7/kcOKoLOqAAhBMeZso9h+eAuCuC1SuZhjAnkiifqI+eJalZqdCpXYeJgWEby3hUe0k+wxAPkvtM1UcfAg7tT0C/Efcz8sb1c6VpV655gkT52WPb8saZTLNRywH3mAXzYtvv7/PEHaFYSjRJs7gt6IP+DgTOEZfSlNPFDFQfOLt9TgjtA2uuidL+XM/pifJKBUpA2hC/rJ9NsBtULZuBBIDe23z54klr/8A9mis/DRc32ksvTyxJkD4q3XUf/8ANh+YwMWJzjTcrRQe51//AI4lyMzX2kl/p3gxEv4pK1KB3lGj+UfrgzjwmmSB4gs/Kozf+Q+eB+Mb5U8oj18OC3UGiLAyreW60zPtpbEBWSqSlMkSCQv+1gV/JBgRxNOhq5FqR+o/MYzgVQtl/MAfPwk/+WNc6vgrjmpFRfcK5+oOJFKs7USv/wBI/Mjf6ThpwhgWemCCHWx9R18v0wDVdhWdEAisFa/RlN/5lIjEPAiaZUEiVcp1JEzMcrHEjGppcaTALCD/AKWG31nBHDKneUWP3qZ/qI+hHyx5nKfiqLADPFROs8wPLUD88C5fMinXRlPhqjVHnsw+cHEjCk51KfuuYPr/AM/mDhNx/KmjUGYTaQHj6HDrOZQrVanyNx0H/wAEH2nriRaPeUSjiY8Dr62j23xEDnaIr0RXp/EtmHXAnC8yCO6Y2Y+A/hOIeA5psrXahU+EWP8AqU/C2JO0GS7l5H+W5kHoT/XEFi4bnC4ZW+NLMOowYQYVl36fiHTFco5ksvfL8aWcfiHXFjyFcMqsPhbbyOBrGudydOtThl1KdvI9Dii9oar5YmnTUJ/qj6jHQKyFCX+6fjHTzGBuKcOSsokAkCVJ54ePLBeOudUEr5hZnw82PP064jThxW9VgFUyF/r/AExLx3N1EPdz3YXcDngfLZKtmBriE5E8/Qc8dvXMeeOMgmABso5/8YB/ecw6kjU2rdhsPIY3yvASvjzDjSDZf764Or8fI+EBaYECNz/TFv7QShwiuFEQB5m+MwC+cqMZ74ieQO2MxbF26LkaLASBNevtP3F5kk7WwHxzNCRQpk6UF/125sbfzYb1sy1Km9d5D1bKALqloAHViRbqQMKOB5RndnYeEXJ5FrQJ5hRHyB5nHGOqXOFqFAIt61UhRHIkdB+EH54jztHuaCZdSSz2N+X3jHmbe5xvwtzXzD1yPBSBSnO0yQSfefSPPEvC4r13qmSqwF+ZjfaTqY+2IJ8+gVEoILsQtgdh8R92j5YF4ydVShR2We8YDoLIL+cm+Csu4auzDZRoU9dwTt6nA3DaveVatciQTpQSPhWQB9Cf92JJs+xqVVQfcGtvKdvoB88JuJJ3mb0x/lIFAn7zG/64b8Kqio9StYantP4Vv7eEL88Luzy63NZvFrqO5tsF8IJIO0ziRtkwO9qySSulRPQX39sLeDANmKjRJiL+c7fMYNyjEZd3/EzN0n7th0wP2cogF3JnxwDy3A9/hOJM4cobN5xj93Qo+RP5PjXhpJFRrAFqkk/xVht1xp2Tlqmcf/70fypTX85x7wAkoxBMS/1er5+mJBeMf5eWaZuL9LR/fthlkklFnwqG8uXer6mZH0wuz4Ay1EnYEfRmwflUfuHbQdIeZvH/AEmj6ETiH0NwInx0upYDyJLgWPkw+WCwo1qdhVpEW6ghrf7GPywoqcYp5TMVO8DOxcwqaSdkhr2I1AjrY4Z0sxqpZeqZXu3WQeS/ARz+4ynESirTIWi34dVJj5g6ln+U4HYf4hjyqANbla/9jDPimX0rmEM+GKqx5EavpqvhbxuQlKohA+430sTyEGfntzkeVqsrQrEAEHSY5arj5MCcDZvLD7VVjVTPe0/MX1gf930xvRzNH92ZKlZUd50IZvsReIEtIknnjapUhKOZA+E6HnmDAPtOk+5xIQtXXl+8WZpwSeqkb/ygH2PXEq14KtPhaA/kYgfqPrzwPwn7Gs1Bo0nboVa6ewMr88e04ps+XcgKI0lmAAB+FiTbYQZ5p54EE7XcPYqK6Al6Xxf6k5j23+eCOEV1zlA0WMmPCeo/4w2oZiRDEE7SCCrAixEbiP164puhsjm9I+BjrpHl5riL3huYehWK1PiWzTzB+9iw0H7iqFJ+xqXXoJwN2uyPe0lzdASyi46jmp/vpgDgubXMUe7kyboTyI5eUYF/F8pbkG5A/mXAyjQwpsfA16bdD0wr7P8AEWf7JrVE29uWH9SmtWnBsG/7W/5wNEXaDgqVTrKA1UG0bjqMUPiPFHjTPdqv3RufLHUcpUJPdPasmx/EMVftN2ZpVGOY0nw/Go5HrA5Y3x5Z0xym9qJQqVq7eEMQPkPfEuQ7P5iqWLkKg2/4wyq8Q0rooxTUbnnhZmeNO0DV4RaOuOtYNqa5ZBpKaiPvRM++PMVipm60mKbR6HGYytdP4tnzWrQBMEBQLS2wH+0H+Zv9GCON1zQopQQzUqEi3U/GwG1hYDG/ZzJqJqmdKWWSIm8sTzIkyfxF95GB+C0v3nMPmWHgSAgPQG0+pGo+iHnjnXSJ+IIuVyq0FszCGPTwy1/JbCd8ZRVqGVDFdJaWAjabKOtlE4jQfvObEmUB/wC1Tv5yQfMeHkcHcTmtmFpQSo8Tx0Hntt4Y/wBWJIcwv7vljB8bAAfx1IAk+Q3wHUo/u+VOn4iABPVoVR8t/fE3Fz3mYp0uhLsP4gQPYIG9LYi4wTUqUaUxMuR6+BNvIlh5qemIMrsKGSJnZNv4th8hj3hq93lmJFkpBAYi7Xb3knG/H11mhQ21uNU9Bvt/DibPUG/d0N5r1puOUwI+c4i8ztM08sq7khQQOpMnnfEPAUPcauZJPTcM35kYK7TuAI/CHP8AKlvrAxlOuKWV1NOmmpn0DRAxIq7FOTl8w4+9Xqn2FQgT7DfE/ZYj93iLkn6s/wDXFU7K9s+4yi0RSVtWouxmSWJMCIiCT1xa+xSl8sGEDaASASZaQJ33xJVs12iQolFwVQapeQesQALXibnniXjmaqd5QRkcowAQgeFifwna0b9fbFJ7U8FrU6a1VZ9NWpU8MmB9qwiOVxceeHvEeOg1qCtrX/L0KxmIAMzMD+hGNximfbrIsldK6zpcgE9OcH2/PDzssnfZJqUM1Txkm5Jkkj6hR8sNuM5Za1GmD99SJ6E0H6+aCxxyenx5UYoWdGpVG0MoMyzk2K3mNIHkB54D46fmMyC2XqbivT7twItIgj56p9AMI6OWL5atSN2T11TTJV7DqAfpbFUHbJzUpDvXZS4buzIAYkkkjaZk23J+V7OZFPPNE6K2l4/jGki3+rp0OM5hI+G8KTMv3jSaZ+KCZBAg8tpUgDrHphr2bmpSqZaobrqRp/Ep0mPaD88EcIy4y2YqUp8JZSL7Bxb1+01j5YHM0c6Wghaih/dIDD+Qqx98WrErsWpUqpnXSPc1PnY/zR/Ngb9pXDmzGXp5mlusCooO4m0/wuJA/wBeHHdquaek3+XmliejAf0g/wC0Yl7OOWWpQfeDbows0efP5dMSiifs84/3VZqbSUI2IjSTvH5+wxfe03CxmcuVWO8p+Kk3mP6/D7jHLO1TpSzdStQp1KZpVIqo8EXMEqV3UNBEifEDiyZLt/XNWk1cU0yo+7TS4UAiFY+IkmBcxPTF74Z10ediuNB1NKoID2YH7rYRcVyrZDN2nu3aQeSty9jhdmuNUnzRzFCnVp0qhAfWB8X4hpMeZHniycb7Q5fOJTyr02NQ+HvARGr+xM2j54sQ3NiAucpHyqL0PX++RxZeGcQV1FQXU2qAcvPFJ7KcQNNnoZi8eCqDzH3XH6++D8krZLMtSbxUnEiOaT+Y/p54yVv4xkywDoftadwfxr/XHlHMiqneoBqFqidR1xPk2iEmVPipN6/dPrhfxOm1CoK9OyMftF5Kf6HnghUntd2RJdalA/ZObg/dPPCfL8Op5d9T/aVB8K9P7646tW0x3ijVRe1RPwHqMc77YcCfLMatJppOJDdPLHTjy/bHLj+gQ4kDd1AbmOmMxWhJvDGefXGY6fk546/2mqilSTKUzBYQTzC21H1JsPMgc8TZ5hlssKKkIdBLNyXw+Jo/0IDz2WPLGvZ3LfvFV82/wg+AdbeD6EsfVJ2OFvHarV660xux23MBhOx51ABHNaNUc8cnYz7M5TRSqZhhpL7A7qogRPMgAJPPRPPHnBJYVKrH42j0C3b+nsMHcebu6aUFIGyifKOQ6n9cD8YVaVDQDMDR5kbsbc4wAHwWmajVK5++SF6ANBt5BQv1wJwOa2Zr1zGlGKoB0QFV8viZx/twfma4yuTao8AqhJvuzDb6wB54qnB+0K0cpTREPesoLs1oaS7CBcgsx6YfV4O4pm2armnXUP3ekyggSQ7AJIG1pm/Q4qPZ/trUDENVZqq3XvWZgCN4BMExti08Keg+TzOjM0jnK0nuiQGkFjpUMQWJvceWOMHKsUZ4s0wSN/7thDsmU4zXzQqvVIbSqrIABlnSFMbyoPnHrh32qQUsgQWEEKGM7SxZr+5xRMl2okarimVtTUBQSsBZteOpk427R9qHzGSemy6WkabyG2HSxAk4sSvZtqVPL96AC4ICajy8RgdQdU+2Ispx0mhTDyzKNPzdo9OpjrPPCejmzlzIFwYm09ennh9lOEK9E12YK9Rg6qOSzzAFpv5e9sazRuLy2W77h+WZ5b7YmSP/AL4O8XMA3wq7acM1V8hUO+imGPLwsq/Uef5YPzHaqmlAZcCmtMGU5NqvcS15JmI58sE9tqemllXmYZvo1vSwGC7FurNkxOVotM+NQLbS4pnbl4yPecch7Y8J0Vc0VBJWtT9IKOQeoHhHzGOvZNycgY/6ZaLW8JVxHupxS8zUTOHP1aYbS2UVoYQylATDAHeUW4JBnffGY1XK6VdnMWUpL3uSV5eUjHXnrasvkcxzUtSb6FeXIaz8scr4XR+0Dm5FTS3uf+Djq/Csn/g81lhfuD3lP+FWsfVqUn5Yb4BPaet46NZJAb7Nj5tDIwHQMCZ8ziftPSPd0cwL6SrEWFmEPJ6QWn+HHlZO+4e5uTTEgDkVh5k8wusehwqr9s8k2WbKVKWYZoOt1CFVJM+EGoJA8wJv1xmNVFxXthlqhppQFVmpEFaraQrEXMD4ob4ZMemGPaPiTUQmboR9sAwJEgNEPNxcrptcTM7YrfZ/hs12pA6ldSlS0FC4kalOzK4DeY254aJxrL0Mu2WzlN6rCpqVVMFCsqSWO0kNAjptbCC+otSvUqfvSEVKiCQF0lhp8QKx8RpkMBa6LzJxSK9d6FRaFTxd00KT8ME/FH+oQcdbyVfvUoVVBFRV0rrszBSdLR5CVME7YrH7UeAgClnKYGg+BwOQJlQemk6k9lwwLR+60s3k1KKtNKo8IUDTTrKLgbABx+mKBk8v3GcRMxR1CQdLkgH/AEkWvy3gz54L4b2sbK5c5YKhUjUzGSWWIUrtpPQ7zHSMerwpnFMu71FrKGWq7EsH2Ookk+XpBwyYLVw7X8K0OuapAsAsmN3pnf8A3Lv6jzwdlGXOZbTI76kNVNj95eUeUWjocJz2pNCguXroTUVvDETY+KSTsb2vfC7jebqZDS1MeCoQ9FuShgGKRzF5E9Y5YxY1q89ms6HU0nOki4n7h6e/92IxZkcVEZXF/hqL16MMc1p5r/BDMPUpLmRIZSVVagMldMeFiBYqPTkCNuzXEsxlic1mapIqEeFm8QF7FGAiQRp0yIBBgkYvxOrNl3bK1TRcFkb4b/EvT1HLrgvMZZApo1fHl6o8LG+gnkca9qs5ROWR9JdSQV0H7SmCYJCm5AJ5XGK7xTjmZon90WktSq5ABc/ZwTAcwRANryL7XMYsGi81wbMU2KU6KlFspBAkR0xmJKfaHM0AKNUkOghopuRPUEKbHcXmCJg2xmL8uS6TL2myyZYU0qQfvalIjV8TdDF9sedhKPevUzjAwY7sHcKBFOf9Wjxn/VUfHMDNasMvImpuF5gb35T+uOwcVzY4fkAAPEF2HUg/kJxrlM6UqWnkHr1++aO7pk6RzYiwI8pn6YqHaTtnRpZk02U1DTsVFgGMG5PMGRHUYoLcbzKtqfMV6ZMOBrbTBuIE/phFxfN161V64ZjaSxiW6sRgzFq7dtO1C5ymqqvd0w0lXImTax5j+uKYOJ1A4p0XBXcyAYvFietut8QU69R1BYyVvsByAvA6nE/Y7Lo1bvK2ooDcCJPPmQN4w4m2ddoE0/GxgFCRfcNEG/ph52syy5bL0UjxLRGrlLuC7W6gkCfLFh4nnMrVz1KqisUUaylgRBQQOU+ki+Ev7Us4MyBUpBgCbqxFrgACLEWHSL4azFcp9plKimEgRpA0i3QTOM7N5Wvmq4QlqmkwegBMTtYHafMYVV+CVVRXsQTHhMkHlOHnAdWXp1NYXSYLMJOnlBt9RO/ypum+FHarLlK9RGBBDmRERtgngbs9KohJ0qsqBMSInb1m9vnjO1dVXqIAGkC5IIkWje+GvZjh+qhXaQLQgMy51LIEDy8tt8M90fMO+LdngMnlsxA1GoBE3+HUSbeXti0dp6ZqcNy7EyZg+WoHn5H+nLHvF6Y/9My4tKSd4nwMAJO0mBO04Kr0tXC1P4a0e06f7PlgtUg7svVDZaqhifHaQD8Dct/pip/s9p/42tRck94tWnePhCqfluI8/M4g4v2aqECtUqKFKKULeULFvhix9Dzg4W8L4vUypp5hYNRlBlhYEFleQDeSyc98GEs4fw9g2don4lXvdj8VMhj6Wdv+OXR+zJAzSEzozFJCT1Og0SP5KQJ6FsUbh/aFGzzVn0iVbvVUGG1rU1RM/ESoi4v02s3Dq4XK5Wqpk06jUpHRhIJm9zTPpqxVHHZtNJrZdoMSpnmULBv+wtYDlih5asaHEUpaPtKbKBJlX0m3hIsSsLzug2k4tXbri5ymYFSmDrqqtQTOmNOlgTzlgZHOfnRs3xNq1dcwe7SsoMwSoAAlWkyAZndrk3tsQ1Z/2hg5HitDNqCEqeI2sTIkesH6A4Z9v+HUaNVOJ/aMj6fDSbT4twZIIjfl7HHPeIZvM5uk5NSrW0uCQxLaWMkMN4mGFuQPljqPYiquf4U+WqEEqsD0sVPtb5YvF65Nxau9XN6qaFGrAEBjOhiSLHSJvcGBBJtiwZSpnaoOVr1agpvKlXMjUCVk73FQXO84X5vNZkMiVfGKBhFZR4dJK6VPxRsYJiwMYaVu271m116KN0NM6NOoiZIBJHOTcG88sa6HYPiHbB6eWGQfL0FWmpRxUVmqMeZEFSpm4I+fLBnCO1AXJUab0wwSSSTpgc78z5QI6m0K+NI/EapYIgqRA0fegW1Em5IB2ABIwHWfKLle6elqrTOvUVNOPuxHivO9umELf2zzeQzWXp1BnGTM6LBULagNhW0iFaIHxW6Yrud44MzlqdJtqazvJF72AEKCfM3N8LqtHWq0kaoAepgERcRz5wJ9sGcPqNTR6dFgiyJg+InkCYm3SwxYtad6CiISRUkgmbEbjwxvzJmPLAOYQMT9r4t2cglmPLnt64Kz71nQaiSgjWJ2CmLQALfqcbZnJMhAamEIsSSAet72IE7gYsSfJ1KuYqKzsJpgQziVAWNgReN9Pr72HivbGuiLQ7umxSU1Muq1iVDSAF2MzfrhB2eylF+9au/dqghSp8QaQVYADxW9N55YIy3Cg/hAZaZ1AZmGgkD/AOmVkANp1bkX3xZ9S3ZEVKqCo/GjSYzKU6WpFgkQrKwBEDpjMc2CRY1FMc1YEH0PTHuLP6NdH/Zbwh6lY1KoUinsRz9f75Yc/tOzQepTy82Yy8dP/j88WXsfw8ZXKXA1Nc4oD5+hUzVevmGNvDTQA7x8RtAAt8sYnfJu9Ql7WZem1KtWhgwKqii4CxAU85+ECB1xRMrxeoJQKASNJN7DnbFn4pS8cmvrpIodA5sSNXhYWlgdrX8PI4XU+Ih5cUJZRHiAWZNxI2sDfG+XdE6E0hT7l6RousoQrDfVYrMxKyLjphbU4O9BNa1YcEAqBe558jvYeRxvmMtUq09SBqaq0Ea55cwOXniHIGq1dRUdm0HUZb8JEb85/PAkuUStL15OqkACYEDUSIIiDMfTywFnszVKaqhJDSRYDnuIA8/ri25jiSig1JlQI7KS0QZUmL85BIvhLx/MJVpU1XT9mCBpFyJkydtzv64emey3KZ0QUrkwCCCCQJHWOeGnDQWqoFrHTqJRYn4b3gX3Eajvip5k/W/zw24ZTIpF4BHwkfI/pgnrV8WLjvCFd6BR/G4IKNv4Axmec+nzx5kO9pqVWFmSZuAZAkEQQfLa2FnCMmP3dqjCSmw8zeZwBlxVZ1GptRYXJPPl1ieWNsOu9oKH+AAAtpEGd4mPl+uHXZ3KNW4c6iZLmPOGnfnOOcCrUqOC7tGvQSOQAG08osB5YOyL5+WXL5iqqoT4dcKPA72UmPhRjt+eM2NSklLhtaocxU1uTS1EhibeIgASTaeVsNOLcMP/AKZUq7Gm9SnA6MadQH2NM4f8ADOM5VqldVSjLECASlSnrMDreffCscapvkK2X0tqrEPaIEJBED3kg4MTlOTzLU31CJ2M7EHHZ+yHC6lfJZmmAv8A06qHYBtQMTe8LUU+t4BxxavTg+qg/QT9ZxfSgfI0qp1sA2hkDwp1KWUxtMhxMcx0GCeGnnFO0LZzTRXKswVDSBkh/EywTyUioFgH33MUPieXq0KlSiF06TcNuZgrM+RFsOuHVKqoz0iEV/CTMwAeRI68xBwn4vTzFR6T1VqMGEIzElmi4vzgGQOU4rFK24fn3op8bKdRJKlrkSfu3kSRtscXH9k3F1p5kCCtNhpuIBBtb3jFKoUgrFawbS0EEXI3st4uYn2wXlagpVhoc6AJh1iegMGxHlhxauX7VcgMrm+8XwpXvrmwcWPkJF8UvN0D4ZdVpErqMnVBI3tAvzHI4e9qu2WYzeWqJmKNBqcSppowNNvusG1mByvvcc8VujwioaVOsz+GR4C3iZfxKDv/AMYpFaMyTBKmqgRIN5JIH4SesddsS5mm1Q1ajQTqhrIqu0CYC/npjBWYX7S9JQCuykbiAA3imbz/AGcC1abLSZzRY6iZGwF41AA/ljWM6CraBpVTzkD2xucwAGIgLBtMTHUn/wCcGHL1KbU+8osdQ8DQIHQC354hPCmdnSpRc1LsVUEFeh25nrixa0oF1oip3ZICgEmwHmBMn2nBLZdWYz3igCRKyX9iAPOeXngPM0gqU11sLj4lsCPum1r2g4YZKgKwqN+806GiBf7xO4EeLbeJxYgtGgFDP3moudQ1AlhcgTHhki/lHLG2ZzzMhCksBckkz5k7kk+Z8hiZqIqeDv6aACSSIBPkZkj2GABmXWuohBBnUsFTzBAjb1xYtbqXP/RZvPujf6jGYeUs5mXGpKmZ0mfhraRM3hZEXnGYul2sfEOM5+gQaoIBEgciLdMUetmkNQszmWadG5jlPT1xbf2n8almUcrAdByHzP1xU8rmBXpqapCsLfDAQLIAFiSNyb7kjGf+tIa9VTWp1KaBjTqDWHmIINpN+ptPXE1TjtKnVhkItJEgqQfhGxPnt+eCk4PqVtBbRqLazbqNtztFvpipUVRsz9pq0aoMCSOQtzgxbF3PF6tuY4dUqHvaJZNSwVViIAuDFix3MHbbCF6LioSCZsNU72E/XFkyoQU62mqxItAkCT5MJn05euF1fLkJ94sSTaZAgRHrf+U41YzKhzfDTp1NUPMgHaB1M7+2CP8A0uMrUcvqqeGAByMjfeZIiBG98VGvWe41NfcSYPqMWjsjAIRqlRGMFCAWAMdBe5IuBg43vDcxWM5Th4va18WnLZKMm7GZlfTY7ef/ABhRxJFauQpLciSCLz0N/ni9cQyf/wDFpyD1TfylB+p+WGTBewfB8kRkcw/IQPX7NjPzAxWe0qlBSAsTTpk+6qwP1x0bLZYLwnMTMawB/tWP6/TFQ7djuq1MMoYCnSkbSBTS30+uK1SGfZmi7ZA1DJPe0xqNyZJB3/24lTtCuXr1QE1HUR8WkDwMgOxmAzEDzwmyXHNQUa2WktgswqMZKmBb4ok7j8i824qoENGlrLhlqKYJvBB1EgiC3PeMXxfW2V7TVAxpoUhy6xp1MweoToEXjlaNsDcAK5XMMuZkIdVlOogOrqQIMbMfkMKAhSHkLoXVMwbuw8PMnyxnAs5WcnxmWI26SJt6E4J/SG47kwlRdLa1M6WgiRrYiQdjDAEfni4dlFonIVErVFSGGnV+IE7AX+EnCDiGVY5dGN+7rVAxPMFKLL9Vf5HEXEEembGNQDfNQfzxQURxHKdzSLB0qFXICht1LWdTzBm62ImesJTnm7xSxlCbjkORgbWmMMqFJqtJy0kgBgMS5/hEhdJQmRswO5sTyFvlivFaGqtU1gVA2gp4CtoNjv8ApPMYkptqYZedKlSdTefNhFzhaWc95SJ0ldgLyR5+nTDXN5N6tEVACGABBFp5csMSWnlVh6TVdI0wXk6b8ioEnrGNVqU0QUWlqsQrAkAdCLXHrgkUdeWNdCQ6BS0CZHOcMczwcV6a1CQApguZAAIkX5bxjWDSrI0PtfHWOhkuAACSDsJFjznG2Zpo1ForNrQ+ERJIF4f36Y1TMotPuBTD1KZlqm53swM4YZzKhXpZgDwt4X9/7+pw4NRNUq1BTzStLL4tPmNt+nQ9MEVeI18x4TXJZgZtvHIRynltg/I5cUa2hv8ALqCR6EwfkfzwJxHsjUylcuoPN0YGxj40PRh8UdJxYi5f3kIob4EMR1v8R354AzWbqLVKMqrq8Qcje3WJ9sdHpVKa5Z8z3Qqrp8STEdTbp/TphZluGUuI5dnpgh6fiVT05+toPzwWQ6rWdr0qgUUaRJW7MpvPOBtHkb4PyWdo1lZszUMoAi+EajGwtAgdTjShw85Z1qRFN2g9Fboek7j0IxYaXBstUdq1CKlICKyaSPC1n0yPutcEdRhwaA/9Qo2jh3eCBDmSWtuSFIxmGb9n8xSPd01rug+F6ZGlgbgi+5Bv5zjzCiDL19dWswAdwpqFZuALzsYFxc22wN3tVqyUaaoVZpOoaoPMgjSQIHphnl9KPUOkrVgK2hSw8JkBr3Grn5DpgZMwtY+JjRqI/icQWMgggBt5PLeQPI4zh1BWrVss5pn/ACmqNBKQRNxoEwJ3vq95wGKqZWoK5otpqAqupQ08yw1cyRBP/OCe0lJivdM3eOLSQPjLFbQOtsT5HIoppoUDCgJJjeGLGTzuQPliztb0mbTUZkFLuyIY9IIjad7X9secXqFaog6dCx4hc+XLnP1wHlM+abMIXWd9YNuXXcTzx5nM7Uen5OQpj7xGq/8A3H1xm+n4qeeyh74gENJvHIk7YtuQyxWosC40qCOoKj85+WBuBUKXcKBp1d73hgSYmFUnpF8Wrgqjvg5+FFaqZMCVR3+Un+9sMn0VSm4e71qjgFgHmfLXc25Yv3bXLGnw/JKDfUp9SST9TGKXwSg5q0lAYmpMX35bReT546P+06mIyFIC3e00+RA/M4KZGnGqBThBgRqqtJ9amn9TiiftZpTmPDcBQARcHSoBgjpGOjdshp4Mpid28rtOOMZjiLMgcKFCglV3jlc+mMlnD8oiqDUDFTcx5dPP1w74IdFaksCFJUzBICjxGJgtcxynlipUcw9WoCd/LpucWfKKfBBjxONXO+x+Z3xriOXprxnh6VhFF5IQhhUhSLiIuZN4gYF7EZAJmkWtChG8cmwExvzscDcco18qUsVapDAmDqHMGeYJn/dg/h2SeqDUUwQFZiYEki+9t+Q88INavCwaGYSzBatJ/DsQ1OsDt0MD2wJncn3uWo1ANgE9fEzfKGQfLGvBOKLTXMU2k94SGLOF0qreGx53iB5bycWThOV1ZFaloZZpqTBIXSRYnnpNsEhqudkuG6qj5dwPGHp35EXH5D54QcAyhdqqMdTEFb8omPmBi/5DK93xGxi9OrJP4lGoz/EGGFi5RaPGmIhqbuGEGxD7fTVhCnPws061ObLUQMCfWDfBlfJPRdQrJUSQoqLJEGYidtiNumHHGMon73VyubqlaVIkUTJlJA2AExIj0GF/ZoA0KlJmloYz0ZTKn0a3zwzBTLKVmy00CkU8wGCuLhhJn9beWAuNcIr5VtBNgVBMWKEwPaYnD/VTr5KlTWqBXWproiCxIO6nTJBNzgDJZKpWr/u9dgRUpwpG6sxtc8gwA98PqCcSyApV6VUL4KyQfUWj1mcMBTNIDLVVh2kBKi2YGwKnrt6YlzPFqS5I0KxiujlktqKMoHxAiIJEGOhOFT8fzDPQq1arVAr7GCAYi2kCN/fFqw9zVSnUyFIPUFPMoSqark28QIWSBM3PXywm4ag7hMyp0sp1fESXgEERN7Eidr4a9ruIUDXLZWoA9WO+XSbECdSHlfcW354rTVxQK5cNTqK5Yh1QXLbqxfYCeQxkrWuaqD7GlVVEdxKgSxUiYDRHlG4kYm4HWp5DiL0kdTSdiyQZ0gnxU2jmrG3kxwip5ymxSlUCrSQeJ0vUJCwLkyC1rWGFnDctqzTBCSNJNPVygfD4focSdi4hwGmzsjKDRrCD5TdWHmpxnB8iaVNUiamXlWH40JuPS/1GEtHtelLKClXcLmE1BRGqABYuBspteb73wLX7UZzXSzCUkenWlEjUPhkRUOmRI8QsZHuMXZ6XWlkq6gCi00t032N49pjGYq+Q7X1AgDIyMCwZQQNJDEEXvuMZjOU7FB43kSwVhqC6ytRoIv4WAnckhyT0gczAC7KIamZqEk92phRA5ENcxeFB94m1sHcZqd0ndhi2gSSeZ2k+pj5jDTsnkaVPKNqqKjusXMsdZ8XhF4Cgb8yelun1gqo0y1UVGBCyz/y7D+ZgfUYNyVJmVreJ2iP+5p8oAwqq993jQT3YAVbWADMbRykk+ZnDBuM1qVI94VCCdQQjVexLNvOwiTvtfB+Uh/FWa2eUVHV0LbHUpiCbwZtGG+aNI0E7tamqmPFK+A2NwZsZMC2FekNT1aCNR1X3IKqRJ9vriLh1ShoJzDVA8lkJ1ERy0iCMZJ61bL6qUiIDDwwSRpiInblOLLw6+UztaPC1HQLR8fhi3l/d8cr4FnXpVzUpwG0lb9DvscXvhnairVpd0r00UWNOBeRctIM77/lGKXpUpTPHLOrUy1OoQCHUSUBAI+hI98HZftLUzBprUrmuEqo66qYBDKZFxBiJnfGJUr1E1BaKoBoVDIZxY6pj4bDpgPI5GkmbQoSdcNHWx1RGwm0GcXcTpv7QqengyL0RfyOOJtlj3AMW8U/IY7r+0+kDkaaEgXW5/hbpjkue4jlv3ZKIptri7kx4iI2ANtvlgnhvqo8LXxj+E/kcWjM8RpFpRLCwS8C0Xnyv64C4Fkx35AiACAT0IYTiThnDmZqw0tIXVYX+E8t98MgteZfM98QsaQhMXmNiY2j0wzTNg0wlIaaoU/ekVCJKgL8U8rcyLbnAXAcodbmNoIt10ifaZwXnKVejm0YOtgw1hpgGCdRUyN/rGEIuAcJqDiOnMJLiCykRvpAttYEHDPiXZypQz5ommDS1alc2mnrCiLxzA8vY42o8aSmah8dRiiiky+A0mBLFpMm9h6SJGFuZaq3jque7dZY6iTuD8U7HfnETi6Kx9ua6aaNahVQutIIwDA2B1CQDzDER5YX5RDOXqXklkk+TKRf+B2+WPchlUoO/fI4pVKRCFgRZ6ekxaWBlr+mD8pS15AuN0qIbealT9SPligG/tN7PCtrzAX7TuUqCDGoKQrg/OfY4oFLipPeFKQ1QoYXGwAmOZtfHc6irVpZV2+Fg1JvSopA+uOW/+kChnVLAaKguP4WKuPmDghqv9k+0Bo5hqrpqZZ0LMANO/scH0e1pfNLUZQo1eKwhepHPfxb74I4n2fWhxQU/+m5BBO0eeNeJ9nKYzr0abq9OqCUKmYmbHzBwyUWxD2yztGvmBmKSsHa1QwArmbOALgnmMeJWXJIy1aRZK+lqZ5Dn89xiPs5kwRUoVIUnwyTGlgTBv5gjBvaCjmjSo0awU0mYqhXYaZAiOuFFFfM1CABsCSt4jzmJ2tjx83l20k2ZRuxJLHnbYCcW/svwjvcuyERUoS2k7kA+LfyP5YQ9peAVMvXZaaagF7xKm40N9BvjNU/pxlWSkyZlArQstTYxJjp94CeWK/nM74jmKXgbVfREDlYcsBJ3j0wC0mLgfdE7H+9sF91ZSYuNLR+eFD+GZqpmKFR3zLAILCq5aWOyqCeYBuBa2HnAO3JoZUUmps4VoA2Ajox5gxFsVTM8O7ssmpWIkHRB6bke1xjXKyUYNTkWAvZfNh1OBLZxTtZlK1Vqj5dyzRJOibAD8XljMFZXsvQZFZ61NWKiwEja2/UQffGY3lGwi4nTapW7uILVDqB5KhiDzubeq487T+CoEU6dlkWJgCSY9x7eWHlLLGmy5qvLFlUqWYSfiIBYgASV6HbmcI85miK7VhvBcHUDAJEXi51c464KYVZbOt3joarhINhJBJPQyAInCjO1XYFXJIJFuXtgygwapcEsSW0hbQDYT54I4nxCnUrI7U1Z5uiAhSI3aTuLbb8zjDRjmeMipllSrUGpEgDUfDG0L52NrYr2XdmphWJIA58rzA6bD5Yb8eyCsaISmULgagTN2a23kfe2Nc7lRTpNa+rf0GNYzpJwyl4XbmTAwFWpy4/i/LFmyGfp0ct3T0V8VzUYsCLSNMLynzm4wky9CXX5/U4Kf6b8J4m5qEVCXQKwVDtJBCm28W3wxSswzZqGPBqiwgAFTABt1tgLgNCapPn+qj8zhjoHfVfJT9Sf6Y0yn472pq5tHpd8alg3w6Y5R8IM7+WKird6Y5gCB5iIAjcnHuYplWJXrEH3N8RLTgamPikNIN5ERA+WOdbhzw1KlKpYaWIAEgG/T18+UYn4iK5Jbu2J0+IoCRCzdgNheOn65SdYIquGY3VudlkxFwT6YCy+ZZNZquzagNJkkLEmCP72xoHfZ/Mohqd80MwGkAgXEgAg/d2MCZgYD4j31NzNQOrG6gibC0gW8+e+G1HOd7Iy5VMs7iWqgO0zEk8hbYDAWXnLg05plyxbvWgnTJCBSwkWmbCTGKxQjpcbUBpViotJF5JMmd/mcNchUCotBqTs1UqKaOYAUz4fOd7mwxPT4VS7mrPdAlrNPiJYEjSv4Rz5TgDN56tqTvmLg3FwY5bECLE4vF6KXiNOmz9+rFhHdgv4bG87yPIdcWrsJpqZXN0lBA0MVUzI0HUoHyEHpii5wJ5WAvEmxm/LF3/ZdxMvmyHaWYQZA2IIFh6YPhWrhg73hVRVbx07gjcFTII9hii53ikZegS6tmqVVqt/FqDQSGK2kMJg9MTcc4pm8rUqUUqNRWbKdM1FUlFJLA7oPeOt8V6g7AMwRXBBBBMRaxBF/bBh0447l81mqVOrUNOoahKqAgRlIEjxaoE336EYVLnO5p01FqyNIYkHfcRz9cbZfjVQAoHZ6PNIUfKZIM8xhLmOJeJkCaQ23M/PGrWYOzmZaqxllMSxCqAbmSTHngyjn3emqF0C0fEFLwCQZhVi5JvYTvhJwkaWY3F7T9ZOGOdFNX1UHMj70RfyxJKnH8xreqW0lxBZVt7gDyi/vhhms7ms5opqEqCmk6p0+EbrqIEn6Y8y+aVcvUFUGpYEU2fQUY2cgbtywoymTR6kLV8MCbHweUHfFi17SFOSQhAUww7yNQ6efW04ZPkdENANM2DEWkAEeFrxff1wty2VkO1UiVbSVggmOhiBbriVM2j0dJBaszAIxY+EL6+WECc/kjTpUqjQUdiSqxaLGek8h0PljbhOfpipUZ6co4IWmNiDAieUbzgFalNgVqBp/Ehv/Q4NyXDEeAta42JW8dN8RD1KLgx4h5QT9ceYsq8NzQEa591/rj3B+NWw57dUx3C2FjTAtsO7a2KtxRQMshAg6U29an9B8sZjMN/2HwB2eqsGgMQDTWQD1a+FFRR+8VLD4j/7sZjMZ+RpceNUlH7sQoBhbgX+FcKONj/Dn1P5HGYzHT4wR8b+Aei4zJjxt/DjMZjM9N8OezPx+/8A5DBmRE5ir6f/AJYzGY0FczY3/i/phdV/yp8z/wC44zGY51qJct8S/wALfpiy8GH+Dq+dUA/yjHmMxriKRZWmO7rCBE9P9WGfDv8AIfzKT5+IYzGYoKWAf4Vjzlr8/jx4GJoU5PL9TjMZjN8anouoo1OI/D+S4tHYBQM9SjqPzx7jMXxX0y/bWgGZWAP8sf8AvqYpq1W/w41GNI5+uMxmHiq3pD7Q+ZX9cJM+PEvrj3GYqIbqPtVHKD+WNVUS38WMxmKGmnEWJzNSb+Eb4S8OUfvW3I49xmGCrj2gpjuWsLwduelb4oOW/wAz2bHmMw/5fYuCab0/4MMuzSgm4B8fP3xmMxn618Jc7UPePc/EefnjMZjMTD//2Q==" class="product_picture" alt="Steel Rod">\n                                            </div>\n\n                                        \n                                    \n                                        \n                                        \n                                            <div class="carousel-item">\n                                                <img src="data:image/png;base64,/9j/4AAQSkZJRgABAQAAAQABAAD/2wCEAAkGBxMTEhUTEhMWFRUXGRgaGRcYGBgYGBcaGxcaFxcXGBcdHSggGB0lGxcYIjEiJSkrLi4uFx8zODMtNygtLisBCgoKDg0OGhAQGy0mHSUtLS0tLS0tLS0tLS0tLS0tLS0tLS0tLS0tLS0tLS0tLS0tLS0tLS0tLS0tLS0tLS0tLf/AABEIALcBEwMBIgACEQEDEQH/xAAcAAACAgMBAQAAAAAAAAAAAAAEBQMGAAIHAQj/xABCEAABAgQDBgQDBAkEAgIDAAABAhEAAwQhEjFBBQYiUWFxEzKBkUKhsRRSwdEVI0NicoKS4fAHM1PxFqLS4kRUk//EABgBAAMBAQAAAAAAAAAAAAAAAAABAgME/8QAKhEAAgIBBAICAQIHAAAAAAAAAAECESESMUFRAxMiYQSBsSNCUmKCkaH/2gAMAwEAAhEDEQA/AOupnzWZWG7cQ4T6pJPyJ9IimzfDH+4R3JL9nJ+UUiVtGbPJeoWU5ESv1SewUHWdPi/CHeyKZJSQTdOeIuWcguTdRdrnnGcU6t4LdLCDEV6mdBUQXuSRz5vEcnac0BRC7jN+JrqGuV0GEX6XwLnSkJKikjCwfh4l4jolgtIc/dipbR3nlSivxalOJSioplAzVB9CXSjnkTnGimuEQ0zpMnb8ziGMEpOE2Gd3Hth943pt41lJLoUxIdmds9cncekcTmb6yA4SKhTkl8UtLk6+UxCN8pLYcFQBl/uSz3+ARWpdE0d8lbyDAFlIIzcFgRzFtRcd4OTtuXiCSCH+ubW7GPn1G+cosPEnpAIIBloULZZTBl20h1sneeZNXikzjNUkNeVO4QSHchCkjTX8YaSfAm2jru0doJWCEkEDPS+mcKZFLMKFAzCAXYWf3irS6quCCPCScRJKgpIZ+QUzAAf48NJW0agLSVU9glgy0F+XxcgYif4kJZp2aeP8mUMYor9ZQLKylHEQbkkwdT7HUhJMxYHSGqdqkJGOTNScVzgxAC9nGdojn7QpVvjYEEBILpN209YmX4sUqT/2WvypXbKxUILEG8EbPp1gcKYfTdnUy3wTMuRBd4PoaTwwQFpUxAdmN4zXgnfBq/PCiuJpph4WL/5rG1LuXNml5i2TyeDto7OqMWOUt+gv9YVTaquRmpXtCl43DgFPVyWWTuhSywMQDwQKeRKshIf0iu/pMrAxqIIiv7UTNC8cucrtoISjeQbaOky6EzLqIbkIPRTy5QsBHJ5W06pP7UmHkjeM+FhmKOLnAkJtlrXtNSlYEQZSUV8SziV3jlFRWTUqKpM0h8zaI5O2atJcTiYaiUoSawduJCQ5aKRvdvmJYMuUyln2HUxHJ24uolhALFuIxDR7oySSVXOZJitzPTRFuTLVNSpcziUTmYta9kJJByjzY9LKkDCiwhoFiKUU1khya2BfsIjb7OBBLx5GkcbEN3uDKlxGUQbaNCBFWKkClEalMFlAiJaBBYUCLTAs1MMVy4HmSxAAtUiMgky4yFYUVncqegLEklhh4STqk3Pcj6mDtt1oTPWuUsy5WD9abkAunCpKdVqCWYZ4QeZijbZThKVoNlMuUoZgajuC4I/OPaqqNQpMlL4QypihkJqg5JGpFkp7PrE+RapWxwdIUbx7zLnAy5IKJZJaWl8SiLFU0s61dMvSKpNopiQ6kkZZ2LnpnHTRs5MuU0oAKVZzdRxXuexHQMbRzXbG0DNmWVwiw5WLv6m79YhSt0kU40rZCKGYSwQXN8x+cZL2fNUpKUy1EqLAcz/muUEUOziq6gb3A5jNz+WsdG3e2SimAPhqMxWZSEnD+6CVDLXmegEawjqZm3Qu3d3KkS1D7WtEyb/wlQSgHlcgzT2t0OcXPxRIRwpaWm2EJQjD/A2EKbUBJyze0CVG0kYSjjc/s1JUnGcsL+VQd3AUS9rMQavW7UYlEv8AXLS4LkqlSv3Rd5hHJ8IyvGzmo4iZpN7lt/TbKHg4lhzi8JAF24VJ8zXztd3zj2XtiaMQ8OcEm6bJBHP4GN7iwzjle29rzScCpqy2YfCjslCWAAhQnErJKj2BMZObLSR2+VvFNGAqRNByW8t0m2gCRrzJsTEw3qQygsJVh0UkgqSwcZltR6RxGX46fKJie2IQdT7UrhZC6gn7oK1fK7xSnITijsQraJRLyZdg4KCEuL9EuQ30iRMilvhmTpdsVlFQI5nzZRzygoNrrYmWliHBmiQAeQBAdz7PmRDZGxNphsVPTGxcCYUFPQsWv0eK+T3X/CcdlzFMsf7daD0WkZn2tEgFYP8AimjopsuhimfZtopHFRTPK5wT0KZsgQTnyEe/pGpQeOmqkF/+ILuQzcB/6hZ6/cf6lrmVEz9rSHuAFfSApqaRfmSuWexEJJO9yk5qmJy88uanKxzBEH0++aVWMyUroSH5atEunuUm1sSTaKT8E4esC1GyVHylKvWDTtOmm+eSg9m5dDHn2SjPl8SWf3VFvaFoiXHyyQjnbOmDNJ+sDrkkZgiLQiiH7OrPZYBjWbRTyP2U0dCxhepG6/Mkt0L9gbVlyCfEOfyEFr3lXUTFy6VWGUlLqWcyekIdsbEnZpkEHViCGg3ZplJEtIT4TH9YDYnofWIfjawRLyqT1F62LJKZSASSWuTmYayzCWm2zJPxCGMirlnJQh6WjNyTGCDG+KIEKGhiVIeKA2KoyMSmPSIdiNVRqUxKBGQrGQERGUQURGikwWFARQIyCMMZBYUcBExaFGWpwEqJKD8Kg74eT6jI2PWGe6E5CgTxAqKySx4iHAL6WAhHNqlzP9xTkAJxHzM4Syj8TDUh+sNd0KlIkskKZykliwPN2YWLt0iZK0EHkse2pZUjCleFWFYDkBLgEJCiRYWDucnihbQ2GiROw+PLqcLEmU5lYrsjEzKyOVrZxb9tTErAC3CcJu/30BWKw5qsOoim1k0YglBZIUVd9En2SD/MYzUclyY42FL43WXI4ic+I5AAZtmAB8MWeRWJAsidqB+rCcuQWpJNruzWiubvkCWqYohKXYqJZIDan3htMqpeE4VLWWZ0oZN+qiH6M+Zjqj8Y4Od5YPtPaWEpwu63ShJYFMtI4i4JYnygv97VjDWgolLl41JSEKH6tKUhKQBwnCkZAWuc3e7xSdo1RM4qFwghI5cNj6FV/wCaOh7IrDOSlQuEpdtEpNhLtq5I7peCCUnkcnWxWabdiUnFMWQ+IklRvcvlnBCp1KjCEgrezBN30Ad3c2iDf1EyVMlzEHEhYIN2Ds47OLjsqANxdlTZtSFqPBKdbB3US4ABOYDn/HhZToN1ZfNh7BTMSlUyXhGeHhCm/eGHPpnlkYs8mRIkAlKJaP3mAJbP0jNmDgJZnYZNzii79bwplllqAdLpBckmxAAGbAjNhG05aI4IitTLivemkTYKB6IllY90giIzvlSa4/8A+Cw/yjjk7evGSEImKdmdSUtz4QlX1iNW8Uwu0pQe3+4bZ38l845/ZI00o7R/5XRn420uiYm3K4jdO8tGf2yQepIv6iOKneOZfgUHt/uZZ38t+3SPTvMs/Arn5wcv5YfsYtKO2J2pSKt48s/zJOr6x5NpaWZn4Ku4QdXjiw3kV/xn3Sc8vhj0byjWWf8A15doftYaUddXutSKykyu6eH6RCd0JHwpWn+GYr8Y5WjekfcI7Ny7wTL3tVoJvoVfgYPZ9BpOiq3VbyzJo7kKiFWwZqcpp9UflFNkb3ztBUeyj+EHyN7qr7s8/wAh/KFrXQU+ywLo6pOS0n+oQjr6epEzGUOoZNdJ5vaJ0b2Vf/FMPeXEv/k1URenUf5G/GBtPsaTMRtCWscUm+uEZGN01UnRa0Hq8LKPac1E0qMkjEfKRYw5+3rXnRuDqw/KEpcDcQmTtY/DMSr1YxON4piPMk+l4VqoAv8A/FKeoLRH+gli6VqR0KoAovWxdteKBwm+phxiivbt06QBxuoZ8osIhDR68ZHhEeQmMxo0VEmEsDoY1IhUMjePIkaMhAfOE6pWs4lEFTgFTMScQuoCxPpeGO6FSlKJqAFcKycQBIzLOA7OLekLVzFKUMZdRUHJDE8QfEzX+cF7s1ITOqJWAkrTithyS2LMjI3F+cWtyOBltlYIFi1ujDye7JEUvEx+Xsw/CLTtRTozHfTQ6+sVOc2JTZOfz/GE0Flw2DIeSgsPiLqySHzc5ZmDKmcgM0zGXHlBKLc1khzc2APo8L9k0pmSJSWKgylYSeAEEDEU+X1Mb7QSlJw4wVOeFPEBZrqyBN7B+rRrwQ9xNWJKVpLEpD4hzfzB+dzFn3VrSgFBOLIpa+LE2E20UCOxDaws2pTYqdSmuDmdBrC/d+pSVCU4JRxJZxiTdS0DV0l1j+aCDqVhJYOibapkzpC5cxQYh0l/KUuoHPN720xCFe5xKUqQUqJQooYAFsOFVzydZbN42M9UxYSC4sLXUSQDcdXB+WTuXs9HhqUVlIe5YKUcsJ4UpJJ8oAS5No6J7akZRWaZctiLxJNi/Ihulo5xvZudNqKwzEkMZaE3c4SgeGos3NNu7mLfsbaSfEA/WesqYPk2Ie0NqsoQolYSUkOklmSbA55aH+qM51JFxwULZu4oTYKBbMgYiSDyFwG0594YL/0/Cy5XMAOgSE3z+IZQzq99EADDc5Dq2Z6CFNdv4kPhWC4YBy7tdRswGfyjH4l5J5f+m1OPN4p7rSPXhMFyv9P6NOaAe81R9coqlX/qCz8WjC2fMn3sIXTN9Zy/IlZGXK3rzh6kFM6IjdGhT+ylexV2zMTI2RQo+CUOyE6Ftesc62bU7Qq14ZYw3upT4RoMhoMovlBuahCcVTOUs2LPhSB6X94ayJhalUSNEeiUDVuURnbVIMm9G/CNXoJdkyQttQl//Yxit4ZSfJIQnuU/gIdrsMno27K+CStXZCvyiRO05qvJSr9Q31hZV764filp7B/rC1e+U1dkGYv+BP8AaFcQyWjx6o5U4T/EoRhmVGplJ/meKwhddNylqSOa1N8onOwp2AzJlQgJHmwXKTyLwWM93hmrYKVNl8N+EX5RrR7U/VJefh6AXhNtZFMlBZa5ivlHtDtUS5QwyASBdZyjNv5FpYG6qoqymzVdgRGfZSc8f8yor03eOomWQyewECTZVWsglSiHuHhOT6YKK7Ol7pzAlRSIuYEUPYKEpQCOEteLHSVuhU8TGTe6KaS2Y5fnCTfLbIpaSZNe7EJ6k5Q7p2XLxhQI7xyv/UmoNXWU9BLPC+KZ2H+GK2EPv9MZ1VMphMqZhUD5AdE6E84ubxVqveSmo1yaTEAWa2mgEWFE5ISCpQ7kwgQRjjIHRPSQ4uOYyjIAPnKdNUV8ROJxnYvi1gnZ9UqXWJZIUZiSj7uj6At5WNtXN4XLCgplO4Izc3fnrE0xakLlLTchQF9cVmA0sTlFfZFjasNiA9jqzi5GfqOUVuqSLkdPVrP8osNau67AElyxcGwU4BuLjJzCGrZldP8Av8YGCLJsmQqZTykDERxHCLAsR5iGJF9S0R10gSyE4kuD5U3ADDMiw7C9rtHux5S5lNLlpxEErJSmzthzULtc2drxFXU4lkJdIL+VLFgwuSLDtnaNFtZL3DZyAqQp8Lh7lhqcopYmFE4KlEulScJa72a3fSLNNWCgpsCH4jp6wz/0/wB2kzJv2xTGXLUQhKviUE/7irGyVXA5gF2F40tlWXbZWzBIl4pmALzYF0yyoOpCVHMPZzkA3N6xtqtWirlKVaWcSSnIsr4lcmIBAztzLC1VE0rJLjCjoWUoXZiXYW/wGOeb1VxmTAoAhiC7Zd+5jXyTpaURGObZcVbUlJUMc1KV6pcO4sbPFmp6mXUyGxAlrOCAbMQSQzEEixyJii7HqymUgTVpAKBiUpWEBvKVEsASAH/vD3Yu35KFD9clQPK/0v8AKHCVqmKSzZz3am78wVSpLrwAApJLuC/0YpP7yTG9ZspEnJ1EgOGdRJslI/eJjo+92zUTUieh1FIKgA4JcB0lJAN2AGrhI+IxQ9lSVziFB8S3Ul3OBGWJzqRYcg51jCUMmilgH2VsDGvjYrzOqJYDOlOilBw5PpzhtRUaFThIlf7gcqWQ75WHVr+kFbdrEyJKUyWxqSAnuoAn/OkN92qZEqV4zXUAQ9zibiueRCvaKSSDLHlHKl0crAnMak37PFc27t5alFCEqmLDMhNwATryPe9xE82sClfrLjvc+mTW/wAaBDvLKkA+EmWhtbE+5zglKwSoXo2NtCddWGUk87liX11HaCUboIF6iqUegLfIQrrd9VzSyVKmfw5dtBAhVUzSwcPkBcxA8Fj+zbOkZSwo81RBM3ySnhkyx2Sn8YApt11KI8VRUr7iS5/mOSYtOz915UoAzAlI+4PxOsaKDJchDTVVdVqZAwp1UrIfnE9NsLw6llr8QFLqGQJ0casYfrrTiwywyBy0ipz1ETJdQZqipc1SMGTJSbW9IU0kioZdDra2zkS0KmTAEpayRnFFqdpGYhMp8KRy1iwbTqJlTMxBYJQWEs5FoBVQypxKS8mbyNn/ADgUNWUS5VgW01NL/wCQiGcqk5VBHrC2u2LOk3LEc2tA9HJTOJQCUrHLWHthoksSKWZpUn3iCqmzpSSr7QbRWJxKCylqHqYJ21RYJKZgnYsWaXh6kOj3Zm26lGJSZsxiScOI4X5s8CytqTUTFTys+IddYEkJWCEhVjA84ErYliIh7FIZ0k/xJnizJzTHdzcx0TZG6y6xAVNrZt/hBYN2hFu3ualdP9rqVJEpiQxY25xbN3qqXTlK0kmUU2PIQqtYGsPJc9nUc2TLRKTNJCAwJSH9YyCZFehaQoKDG4jIypmuD5nnnC98smLix0ieuQAhwrisoHX+3OA6wBlMX65QZIUkyhqpQa2fL0jZGLGlTMUSMbOUpLgNoOVjrdoTVQz7QxoCvwUXxI4gdQguWH7tmiHxZaSvxASMCsITmVEhkv8ACGJL6NZy0DAZ7HlKXToloKi6luElsmzNi3q0D1shMu2JLg+VLECwLkiwzNs7H132FLVNpwhLsVqdKbCwBucwO50ED18hKOEKST91FwO6h9OkVwJ7meCVzDLDOVMH5k2jpNJIFJSy5CUuQPNkFrUbllcQBJe4Fj2ikbs0om1yXshJ8RR+6kak6AFrxb9s14XNBCnTxKe5F3SnLQB8tISlQ6BttV+CUUAeUHEcwQXJX0u4P94rGzqoTJJlOl1P3AJ4wQdQHb+0a70TlBrHkORSRe/Iu0J5UwJUkoOH+K2HmCdYhjH2ylETDLKmDE3zfJKQe/0EWWkrZYYqXLQoZgkA9C3WKemfi/WA2I/pwgkfMqfoYdUM4FKVLY54woBgSSdfL+AEaQlzyS1wdF2RteTOQZZmAnQcXJuVv+or02QimmzSTaYHBGQUnIDRily2QwkaRtsuulyVA+IgDkk29QBb+0Od4ZUqtkEomJKiMwXIVoQMzcAtrcDONZ5VkRwcxoajxqpYUOHyo6KxYvnce0WSdVjIFgLZ5akjr25dYrWzQZaSJgaah0LHPiJCgdRdvQHWNdrV2EBEsnxFW/hGp6nKMDQA2jtKbMmFCC6n00vbiLmGOztzlL46lZOrGG27lDLp0Yz5mxEq+BIzWQMySQANSRFllEIlGomvzRKOd8iTqs+gD2i4+LslzFtNsGVKTiP6tA6cR7CHOzdnlY4B4cs6hitQ/i07WMKtnzFVE/jxAJPCoHhxaggaDIP+MPN5Nqoppd+YSEp80xZyQkaHUnQRq1GCITcidc2VJSRLABGatB3Op+cRypKppdTgHTJR/wDiIE2FTKmNMms+iB5UdQ+fcwFvhvWmlSZckY5p5fUnl0iG+WUl0bb1bXl0yMKSMegH+fOKXTpmLUJqVJIPFhIcXsSOsVeZXzVqWqcFLK9eR5DpDndtawklQIQhKyfyEc3kk3udHiirGs6nUlWJsL3BS7f2g/7RLmgIqUsfhmCxHrEVPvmB5vusAUm3WC5G90g4ARLIS+bXMdcVFLc5ZNt3RotFRThy1RIOuZA6xHRUdNNmeLIVgWxdBhnT7yySnCMF1XYjKPRV0hK1CUkFxhZveNKTItnPdu7KnS1qKwWJJ6QqBE1LOXGjx2OdUU6+BV0hN3hYjd+h4SEAFX0jKXhzhmkfL2c5oR5Ohj3eTZ/hrx6HOOhjdukAJSGwq5wVXbuSZroXfhBzgfibVAppFH2ds+pmUasM4iQL4CbekWnc6Z4lMZa80fQxLTbqSkIwpmLCDpis8M9n7OEnHhIdWfSFHxSQ3OLF8qsKBhSogB294yChscG75xkXoIs5LWEMpnbqz59Im2TOAlkM5fL556CIKtThVgOgyzjzZE1ioM7jLS3P3jnTybNYGmyUXWEqZYUSUuzpYZfe7QPtZMb0uHxWmWxiymsCL5DSN9rS+HMHRwXHv6QPYOQrd2UqZTlAy8S92SwSbqPLv0iKtloScKVBR/c8o9Wueg/tGbvSPElTEkjCFpcqLJAwqLq0Z41qQgFkqC+oBCR2+99IfAclk3HW86ZNUkAiWC37zKDpHMYnfSJqycTMXqXA0fhtYa3f3gPdhajIWFkkHCyXOEs6UqKXZRABDkGIp0wqc8yT6nrEFcCnaa1BbC4HEUm7Ysw33SAICnLTcsUi9he7ZPygqfiXNJCiVotfzFIv/NmQ0AVK2dwDY8w3VoBGmzKliZZPCrLvy9YstDUXSDkPMxvhFhbVifkOUUlcWeinNhXqwJPp9Mwe8ODpiksFu2fJQScSZYKW4lBLl8upi6bE2vLSChc1ISxB4mHcOwtHM6UhUsEgKe9w4IyYgjMfiOkWXYdIkKQUIlhRbCBgxXyblG8cY7M32b767MSFCdKKVJfiwEEEZAuOWXYjRJim0PFNVNVZIcMM8KdPfXrHaKlAmyvDmkBbWSohyD0dyMx2JEcmqNj4J6KUvhmLuon9kHKssyEpU56PrCcadjvA62NTmYtAUklwJ8xIF2/Yy/RKgojnM6R5vftYzKmXLwtgC5qnAB4EnC7Z8bZ8oYbAmzCmZUJQP1qlF1KCQBklIABNgWy+ERVCoTJlVOUUueAD90TJaddDFORKiXjc6QZaA6nSA5JF06/zD5wn2i8+vUVeSnTgGvGoCZNV3CSlL9Ic7vvLlt5kYfKfMnqk6gcjcaPlEFPStPmJsSqap+z41d7YE+kN1asFsEbw7ZFFR+IX8RZASOpyHoPpHJV7WSSsqfEVO5+YMWvfTa0ubUFC1WlBh31/CEyJNMoB1C8ZP5Oy1hAsraSZiwiWHK2A6c/xiw0VdLlJU7FKleGHy4Q5PvC2gkyUFc1BADFKVHmc2g5OxZUyVLQtTYQSz6q1MYtSlNLo2i1GDfYbJ27IIBVLSWOFWWXMROaukLgykkp6C4OsKTuZLLYZhv2vEKt0FjyzT/nrHYn5OjlqPY6NJQLLeGOIOC2fSNP0HQKYglL2sohj1hIrdipHlXllmIhOyKwOMwc76wanzEKXDH//AIxT3w1C0tnxfnGHdZfwVanzALG0V5Sa1JcyySzHt1iL9IVCQAZauE2LH2hao8xDS+yyHd6rHlqUkdU5mNDs7aCTZUtROeY94QDeGYMQKVAH5HmInlb3KBSSVPkrr1ha/GPTIbY9oIb9SkhOTK+gjw7XrE4gqmmcWZBBPK0Byt7yyhjPNL/Q+sFo3vDpOIXF30OkPVDthUujYbzzv/15v9IjI8O95FglJ6uLxkK12FfRRqzFxYs9cvwgOjWy0nq3vaCqhIBIBBHOADHMzZDxKilaFqGJzhbUhVuHlBW00gpOF2zvmPaF6zwY34rKGptcHpDetOJN0hKim7GxtmBp7xfBPIFsCWlSJgUUpAUglSshmCeZ0sI2qFIxcBKh95ScPsPxMabBwtNClYRwElio+bQDWNp0xJUfDSoDmpio9gLCFwN7jjdpZ+ykFRYTFMHLBiTca+sRMbEP0I09Yl2QpQpGJUwMxg6sLOT5XaBziHEnED95Lg+4hIbFoUFqUVllgm5+JrZ6KYesAVZzbl+MHU8wlJ8QHFchQzzyPMddIX1ZDn0hAAKh/s8uhH8Ld9LwgOcOtnLZCejwIGN0rLhGTm75DDa/LQP+UNqanSpeHACTccx3PofaIK+mVgRPURxnC1gSwzwj4bAX6RBSHG6j2Y5sLBT6uc+4jWrwZ3R0fdxCkLxYHKjdVlkkhw6nJLiJd8dkhSfFlpBVgWlJ1BWgoIftw/0cjFN2HLUOKWZwfPBMmpD56KbrF62DTy8Hh+ElL/upD9zmQXY94tfJXQtmVf7XMl0rYUoRgcEnEolsVkjK51Nor1ExplgpYgG9iFDxEE9jw5RYt7kLlIKMIwk3Uxxc3fIOAX6hWQaKvs+bMMhSFMRe5sq4IAIZjc5xnLctUXbYFQpEjClAW13KiFpS10hwQoPcAs2T8hk1GGbPU54MfJ3UcRI9MML91tozEyykJSsFsOMqBTzwqGhGhBbSAN7J5ly5ygwUvCWfIlKUlj0aG2Kir1GylzFlZIJUSo9ySYCVspYLdWiFO1po1gmk2irimK+HLqTlGbcaLSdjKfRqMyVKYiWhm6nMnrGlZS1KpilAKAVk3IZRHR7YUy5yh5AAO5guVve3w5dYUFCypuVAaV1SWPHy1iRG1apP3rHrDKXvfLOac+0Ey96ZBzT3sLxulHiRj8uhaneqpBLkxNK3ymhnD+kMhtulVnh9QfaN01NCqzIY/KKX1In/ABApe+2eJAidO90k+ZETfYaJX3b5soe8eK3apVOR9c/nD+fDQvj0ajeCmVmgR6amiVmB7RCvdCTZlEe9u8QL3NTdpresH8T6D4hSqChV928RL3dpFeVTdlQIrc+YPLN+efaIVbsVIuFuP8zhO/6R47DhulJOUw/1RkLv0HWDU+xjIVf2jv7EU8gksG6ZwAoZwfPPFcv1F4Cm5mOdmqGGzlAoZnOX/ZhvT4vAQ5xAEh2uggnhfs2cIdlTGJGb88odUKbTBiZZOJicIUkhu2Yy6xcdiZA+x2C5oU7NfCz2WDZ7RtPm4lHCgIHJyT/MqPKFWGatxiBQSzs7Xzz0jKmYtRJUEpToEpwp9NTCWw3uPJaJiaZGPG2FRRiKmAJLYXsBfTnABF/rhN21dsvWCFyQmSkcOLCHYpJudSDAqpYJdWWtw/ZjCGDS8QQrIoKiRrhObPmkt7wsqdba5wzns6lZFRcpyDfC3MNCqfkb6wmCAk5w12crhOrH8IVyxDLZpsdLiBDZYqspFNiUolZwsnUJcOo8tWHSIJNQSlhc5WtY5m/T5xshaBIUGxTFeyRq/MmFf2rAytH+UXJ0QlZYRYJ4lYdGJHqw159QYs2yAslHiKnrSnIKUvCOwDRUJKsZvk3Cf3jck97Do0MJVVMKmVOWCDzCsv4gcmik0ndC4o6RtfZqJ9OQkfCQQBdiNORsk31QI5XSUU6WpctRLJ0zBZlJIe6QQxHeOgbtznP62bNWAGAVMUEjoEoYe/OF2/ewE40zxbACSbh0eYi17XV6zH0EVKPIkyubuTpqSoSiWBIZsac820jbfYnBLMwAlRvhDJtfIknWFtKwqOBYS54VYsL6Z5aa84fbxUUxVM61qWQQQSUltLYe8RuhlDAl8jBfhSxLAJYKU/oLR4tDFm6esEzpbFIILANGbjbSLTw2aCll+GU4mBU/doh/REs5LF4ONOClNj/2Y0VQC9u1ocIYsU55oBOxBosR4dgHRQg87OGnJ9Y8GzzZib9TF6CdYv8A/H5mhHvGh2HOGX1hl9jmaKVyzjUy5o+I2haPoeoWK2VUDQxr9nqE6Khp408fF7iPPt88apMLSGoWiqqU6rH9USo25VJ+NXq/4wb+k5uqUn1jw7TVrL+kH6jIU71VOqn7gflE0ve+czEJL58P5GMVtQayv/X+0amukHzSx/TD1PsVLoKTvtM+6Pn+cZAfjUv3E+0ZBrl2GldC6Yz2tfXvA08XMFTycVy/bW8D1Avk3SIKNaNbLBiw0TBZSoFWNJci6ktcK+torIiw0E1lSygsokBz5QCWOLm4ioikeSC021+FYuHBs9wY82gmZiecTibIkP8A0/DEyktPZsBBIN2YsRY6QHPloSfMFk54XI/qOZgAeVKQJaQFA2TcO2Z5gQJLwu5Y9GP1aCK4pYYcTOlsQALYVZgKI5QPJIGTv6N/f2hAD1pOamdQfsMgG9IUTRw5Q22oGDqJKy5I5D4fxhTOy5wpbhEFl+0H0OvaAZQg2l83v9IEUx9RTD4akIS5UC6myGZbl1MV+uOQh7s51BSUkJDOok6DQn8NYQLuv1ipbImO4x2RVFPAoORdIOXQGHtDPWjjQvCsDiPN/iYuLk5aetqopwo3uIcUdXjCTYgF1p5sLD5k92MJAy0UW0J5IPjn+n/7N8ovOzU+LJwqmKWq+ZHdwAALEOI5xT165QwIKMKmUkqSCrC5AflrD/Ye0qgqDzUpB5IBPo4YfONou8Pchld3nofBnB0kIyDMe4AOgswOihq7MaRMhUshExONSSAClQUHGQF9YtG9mxvHkYgSVM4Upsxe+EC2eWhVq0VDY9YEjAqSrGHBwqGeRBCvziWqYyrUilKViURwhz35H1jWdWTF5nMtB21KBCDMS+HGvFnob+zmA6fZwCgQt/8ArOMM5Zq6wg/9IzA2EBk2H94kG1pjMU5FzC07HmXaZ3jw7MnjJTvGqckqM3TG/wCmlXeXpa3zjdG2k2eXbtmYRfZqkNGmKoHw5GK9kidCLF+mZZF5d/Wwjb9KyH8pAHzMVo1c27ozztHv6TU7lGjZQe1h60WUV9OWzc53yj01FOXLltMrxWBtJLB0ix5Rv9uSX4RftaH7WHrLJgpywxd7CNVUtOQTiHS0V8VSLcHdtese/aUNkXe3blD9v0haB6dmSXACg/qI0VslDE4w38RhOJ8t8y3rnGeKlhxn3+kLXHoel9jkbBH3h/UPyjyFKlh7TT7xkPVHoVPsV1GZs0R1Gl3iSf3JjSbdIuIwNQYQ1o1EowpDnLmfQfjCxoY7PJyBZ87tbW+ggjuDGtW3ioUkkocAPdQvdJ6iAFLQFJCUksQ5UWfmABkPV4LmqGCUphwnAFAcKwkj1cOz62iNKZqpiAhDcfCEp8xCrZvjuMot7khtasFiE4Q+TkgW5m+sD+JkGFznflEteslTK8zqJDBN7fCAAMoEqFKGB3Z+nK3fWIKPdogYCE3LgqPLQD5wpqctIdVXFLUBYNiUebeUe8I6rLKHIUSKSMrQVIPEmB5AiUeYekSUOqID4yyRyzPQczCWp86rNc/WG1GoBbkYuSefJ+kAV8s+IvFm4ccnu0W9iVuQXvE+y5jO33m+UQLFzG9Fkf4vwiRlipAVKa2JRBSSBwtYJP7uEX5M/OGkjbSiQUSpCbDIM/W7wjnJDcJUygyjlcnTk4t/3BtJUhJExUtKw+EpUpScRY8SSkgizPndnzi02ias6BsDaE6YMK1S0pPJJUrpckAexhVt3Z8yVOxSgCFZpKQrLUa8hbTDq8Ldl7bUDwyB04re5V+EW0hVRKdYQLWAxGzNdVrXYsHY2MbOmsEbHPd5ZHElawHIYsGFuh7wppQk4uWRiwbfpMMtiokpLspTqAcpuNL2taxii1ayFEAsIwm80aRXJYzTJvf5nKN/AUMlmw56RVk1Sx8Rg6hqlnNRMPWuhaGOwiZZlktzaMCpw1BbpC77WsNfKPU1yg3SDXENLGBnzbulJjVdQbvKHRoDRtJXz/wRsNom9oNUQ0smM5GsnTpGhMgs8sjnaMO0Be2eVo9VWI1Ay+cFx7FTIhJpi2ab9o9+yyCC0wi/+GPRUyy2X5R4fDP+CCkFs9Xs1F2mJLcwI1VskuwY2ex/ONVU8vn3s140VTs+FZDdYWkaZH9iVyPsYyJAqaLYoyFpKsAmu/5Ro1mb1j2MiRkRTBFORkYyMgAaIUDLmBBOFJSplZqdwVhvLkLco1n0w8VPizcLqOeJbC5GX4RkZGnBBJUqDty9s/7QFWKSGYuc7Pz/AM9o8jIhlIPAdJJ8ou3M/D82hDV6RkZFSFEymEbKjIyIGNaRZCw3m0PcRHtOThWQ7l7nmdYyMjT+UnkAma+se0mXrGRkQVwPtoFfgAkgJc4QOepMDyZpBCjdgzaFJzHr+AjIyLluSthtTVCJToXLUpYbiC2sQ7ENnfS2cWPYm3y4CJJJ5FdvW30EZGRfjk9iZ9hW8dCVIKiEgqGSTYFrXIBOTZfd5GOT7WlsoEaiMjIjzKmiobAUFUCuMRkZGTNBjOF4iMeRkICJYjaMjITA2jcXjyMhIbB58lriIFIfKxjIyLRJB4ihqfeNxVrHxRkZDGSJ2ivpGRkZBYqP/9k=" class="product_picture" alt="Steel Rod">\n                                            </div>\n\n                                        \n                                    \n                                </div>\n                            </a>\n\n                            <button class="next_pic" type="button">\n                                <span class="carousel-control-next-icon" aria-hidden="true"></span>\n                            </button>\n                        </div>\n\n                        <a href="/products/1+3">\n                            <div class="product_info_div">\n                                <span class="product_name_span">\n                                    Steel Rod\n                                    <span>\n                                        ($15.20)\n                                    </span>\n                                </span>\n                                <button class="purchase_product">&dollar; Purchase</button>\n                            </div>\n                        </a>\n                    </div>\n                \n                \n            \n                \n                \n                    <div class="each_product_div">\n                        <div id="carouselExampleControls" class="carousel slide product_picture_div" data-bs-ride="carousel">\n                            <button class="prev_pic" type="button">\n                                <span class="carousel-control-prev-icon" aria-hidden="true"></span>\n                            </button>\n\n                            <a href="/products/9+1" class="slide_show_pictures_link_tag">\n                                <div class="carousel-inner product_pictures_slideshow_div">\n                                    <div class="carousel-item active">\n                                        <img src="data:image/png;base64,/9j/4AAQSkZJRgABAQAAAQABAAD/2wCEAAkGBxITEhMSExMWFhIVEhUWFxYSFRcYFhgXFxYaGhgVGBcfHSggGRolHRYVITEhJSkrLi4uFyEzODMsNygtLisBCgoKDg0OGxAQGS4lICIuKzM3Ky03Ny01LS02Ny8vNS4vLy83LzctLTcvKy0wLjcvLS0tLS82LS4tLS0tLi8rLf/AABEIALcBEwMBIgACEQEDEQH/xAAcAAEAAgMBAQEAAAAAAAAAAAAABAUCAwYHAQj/xABGEAACAQICBQkFBAgFAwUAAAAAAQIDEQQhBRIxQVEGBxNhcYGRofAiMrHB0UJSYqIUQ3KCksLS4SOTstPxFVOUFhczVHP/xAAaAQEAAwEBAQAAAAAAAAAAAAAAAgMEAQUG/8QAMREBAAICAAMFBgQHAAAAAAAAAAECAxEEITESQVGRoQUiMnGBsRMzYfEUQnKCwdHw/9oADAMBAAIRAxEAPwD3EAAAAAAAAAAAAAAAAAAAAAAAAAAAAAAAAAAAAAAAAAAAAAAAAAAAAAAAAAAAAAAAAAAAAAAAAAAAAAAAAAAAAAAAAAAAAAAAAAAAABHxuKVOOtZybajGK2yk3ZJEV6RnBrpqahGTSU4T14pvYp5Jrt2GWP8A/mwy/HN96pSt8WTMTQjOEoSV4yTTT6yme3aZ7M61+/NZGoiNx1VlflPgoVXQniaUaqdnCU0mnwfB5ototNXWafA/KfK2Eo4ys23rOSld7byim7vtuu47Tmx5fzw8o0a828M3qu/6p/fj+Hiu/jf0q8L+Jgrlp3xE6Zr3ml5rbxe8g+Rd1dbHwPpjWgAAAHlvOhyrqzqf9LwTbqzyrzi7NJq/RKX2cs5S3RdtrynjpN505M6dBR5xsJLGPCLYpanTXWo58Fucb+ze+1rKzudkeZ8n+Q+GpYfoqkVOc0tapbNNLLUv7qXDPruTORWlqtDEPA15qdJ3/R6l04vVv7EZXd00pey84yhKOa1W7bVx2/L7vX/vshE2j4noAAM6wAAAAAAAAAAAAAAAAAAAAAAAAAAAAAV2mHqujU3Qrxv2TTg/9SLEj6Qw3SU509mtGyfB7n42NWjsdrrUl7NaK9uD2/tLjF8UUxPZyTE9/wB+/wBNJ9a/J+fOdnCamkJ22ST/ANcn8JI46nNxesu89B550v07ufwgcBY+h9lx2uFr/dHlMwycT+ZP0+z3Hml5YqpTjg60/aWVGbfvL/tN/eW7ist2fpx+RsLUlB60HZ7bbv7dp6ZyZ5261JKGLg6kdmvf2kv29kv3rPrKuK4C2+3RHHm7PKXtoOd0Ty3wNdLVrKDe6r7P5vdfczoITTV001xWaPLtS1J1aNNFbRbpKv5SaWjhMLXxMs1Spykl96WyMe+TS7zyzmr0S5RqY6t7VatKVpPbbWbnLZ9qprPshEueffSEo4Shh4+9iMQrrjGmta38bpFxoPCqlRhSWynCMF+7FJvxuWb7OL+qfSDrZPrYhQ1bqT1pKPsxcrX3u2yPF7ERNMaLhXp6vuTi9enUivahO99ZWs3mk2lt7bNSYybmoKMs4uWtb2FZpWct0s724JkqLUWorOb8uvqRTEzE7hKY2qtB6ax9GnH9PoK15J1KM1NxUb+1OKSyaTeSuks8zr6NWM4qUWpRaumndNcTntMUZzUejk1KlJVI22SlHZCSurxeaea27Sk0Tp6NDFKlqOlTq1VCVCbT6OpPONSk9jpyd7rK1r2WSc4975o9HfgAgkAAAAAAAAAAAAAAAAAAAAAAAAAAARNI4JVI392pHOE170X9OK3ksjaSqatGpK9rU5O/cyvLEdie10SrvfJ+dOcPHuvi5SaSajmlsTcne3dqnLNHq9Xmz6WXS1MS4udpOEaXu5L2VJzzskle2420+azCL3q1d99NfyHt8FxeHBw9KTPOI58u/rPqzZqWvkmY6PIkb6ddo9UxHNbhLNqtWjltbptd/sr4lHi+a6tZuhiKVVblJOHmnJPyNlPaOCe/SmcNvBxdOso5xbi/wuy8NnkTcLp+vS9yb/dbhLxiZ6S5JY6jdzw83Ffap2qLt9m7S7UikvnbY1tW9dxpi2PJHLU/JXOPXVcY/lBLEVKE8RWrPoJ60VUeuleUW0m3v1Eevci9OQxkHqX9j3209VN52T2N9R4ponCQrV6VKpNQhOpGMpv7MW83nlfh1s7/AJUcsqODp/oOjlFal4upHOMHvs/1lR73mr8XkeXxmCJtFKRzn0hoxTqN75PTMTpBJ9FTzlve5db+huwlBR/xNaV9Vp3k7O9m5OOxtWye5Nn510Xp/GUX/g16mtJ7JPXUpN71K6u2z2PlZyu/6fRw8ZwVarNpSipal9WK6Sex2Ws0rW+0Ys3BXx2isc9ra5ImNur6JSSc9ikpK/FbB0NKpOMujjJxvacoptLJ+y3ntS2cDgsDzl4OrJOrKrSsmtSdPWhd2tJyhrPKz4LPPq7bQmk6VeDq0qkZwvqqUHdXWbXU9mRRfDkx/FWYTi0T0XWGxCzT45PcSoyT2MonjIxkqWsullFy1W89VNXaW2ycku8l0Jtb8/XkVurMEWhi7+8revIkpp7APoAAAAAAAAAAAAAAAAAAAAAAABVco5/4caf/AHKkYv8AZT1peUWu8tSi09K9ahHgqk/JR/mKc8+7rxmI855+idOrVNmtn2TMS1BC0hUnmlByi0s4pSd77NV7dxSV60I3lKLy2vVlTkm9iyyu/kdM2apzi8nZrgwK6hTruKlHExvb3XGMoJcNZO/fcwhgI4mMv0vD0JpStCSSlrK3vZq8c+D8CTPRtCX2F3XSfalkydFJKy2I7EzE7gcdpHmzwVTOHSUX+Cd14Tvl2WOX0hzW4iOdGtTqLhNODt+ZN+B60LGmnGZqfzefNCcdZ7nguI5M4/DyjN4epeEoyjKnHpFeLun7N963oicotN18VWU8Q0pxgoKKi4qKu37r3tt3f0P0JYi4zR1KqrVKcJrhOKkvM0V9o+9Fr03Md6E4uWol+c2z0vlBpyhh9FUsFhqkZTq04wkoNOWrK7rTktzk9aNn97qOixvN/gKn6nUfGlJx/Le3kUeK5rKW2liZxfCrCMl5apdfi8Oaa9qZjXNGKWrvSq5rNOYiGLp4bpJyw9RTTpyk5Rhqwcoygn7ucUrLL2uw9qpSz8TieRnIqng5OrKo6lVxcU9XVjFPbqxu83ZZvgdTjJXg0pyg3a0lHWad77OGVvoYeLyUvk3TotxxMRzWUp23NinKV77OpfMhUcZBJLXbaybcXe/Xlkbliqf34+KMqa0hieK8DdTqKWwpK2Ja1dXUcW7SvJKy4rj2dhshiYLZLwu/gdF0CthpHqv25EinjovbkBKB8jJPY79h9AAAAAAAAAAAAAAAAAwqxbXsuz42uclpPpVW1pvW1YuCsklm093YdbVqqKu3ZHO6Tq68paraTtuz2WMnFYb31NJ1MT9PrCzHaI3tXLHfey63sN0sUivrYdpWTuuEs/iQZwlHc12erLwORkzU+Om/1rz9J1P3d7NZ6T5rWpi3xt69f2NX6Q+L9d/rcysdSXHxXzWflfrPqrvfF/u5+S9ryXXcnXi8MzqZ1PhPL7uTit4LOOI4pfD6fDxNqxi33Xg0VUcVF5XV+F7W7uHl1GXSevA0RMSrXEcUvvLvujcqnV8yiUkbI1LbPXrvXWjoulNH25VRxcltd117uG3Z8OBthjOK8LrPhbj1ZvgcFgfVIhxxUeL77MzVdfeXn6XeBKUzGpmrcfiR+mX3o+J96VcV4/MDTfc93Hd43Xn5G6D9P+915/U0V5XzXvK12t643TTy7TGNXu8vp17L9WVwJysury/t/wA+OzWX/OXrd6yK/prdXl9Pna/A+Ot3eXll1bnt4NAWaq+n9TJVkVHTefi/9Lfm8uKJNOnJ55Ltz8rJ8QLCOJtv8/XWbVjpLeyBCkltbfVu88/M3QqRWxJdgFnRx09+zrRMw+KUnbYygliRhazck1fqtvA6cAHQAAAAAAAAAAFTpuOcXdrLJ9d+Gwpajlwv1r5xfyudRjsOpwa37u05Oqmnbg7cfLb4AapTV7Xz4bH4bTF+vXeJVd2T6rq/8MrGmtNJbLPcs032Le+wDKVNPd69WNM8Kns+pn0m+/wfhsPuv6Xr4EbVi0amNuxMx0Rp4fc8115rweRFrUYxV7W46rat3J277FprX/t67TTWSaaZlycFjms/h+7P6cvSOXosrltvnzVsXfZN99n5LV9cTNOXFPO+d18L59fkR6lBx2Zrq2mHTtbYy8GeDbiPaOGdTufnG/VtimC/ROjVlw8Gvrk/jvaPrxCW3Lqd1ks/DqytxZCWL7e9GyGI3K/Yi3H7Z4iJ1fHv5bj/AGjbhKd0pixC4+vo+5PtM41F68PWXfdEZYeTV2o58Y597PkqHV5y+eR7FOKyzETbFaPKf87ZZx13qLQmOr69XXH1dHzpfX916+JDcGt8u9p/yrzZh7XG/ZHPxUvkT/i699bR9JR/CnxjzT417O/rxXcb1iY8F2r2e+6Kh1pL7Mn2J3JWHo1JK+o4/tWT+vkW489Mk6rPpKNqTXqnRqLc7duXhay+PyPmvZZeCa3d8V4rq2bNKwFT8K/e+iMlo+pxh3Sl/SWop2HnCK/Fv7+5fDM2LFJuy25+RXrAPfNdyb87o3U4Rjsefm+q3yAlufWu67MXUXW/I0NvhZcZOy7968DDblt/LH6y+DA3fpDeUbJb5L4J738O0t9EUtaUcslm+7Zt7jTo/RFSVnL2Y/w+C2+Z0eFw0acdWP8AdgbgAAAAAAAAAAAABsoNNKhK719WfFbH2reX5Fq6PpS96EX3AcBicYo5NprrWXzXkVuL0rRUHdxSzWctmW6N7PyPRa3JzDS20olbiuQGj6ialQTT25yz8wOLpaSptXUrxadnrbnbf89/FbXnHSMHkpcdrs9l816+Z0b5rNGWsqLS/DOa+ZHnzSaNeyNRdlap/UBVxxkdqeW9b9nvW9ZcTHEYtcUWseabArOM667K9T6mutzS4SX62v8A5srActiNMRTtfPgs34I1UdJym7Qp1JP8NKb87HWUOafDwd4Vqy/fN/8A7bxWzE1fFfQDlKekZJuLp1U1tvSqbu4n4PSMJPV1ldbVvXatqLyXN5LdiqvkRcTzZOW3Eyf7UYv4oDKpiYpXbySNioSebbT4JLLqu07keHNxiItOOM2bp0oyWXen5lpV5PaRtaGIw9+MqE35KogIjwnXL8v9IWEX4vy/Qznyc0tuxWF/yKn+6af/AEzpj/7eF/yKn+4BvjQf4vy/0mfQy4z8Yf0kJ8lNLvbjMNf/APCf+4YLkfpffjqH/jy/rAsNR72++VvhYPVW1/ml9Shq822kpTVSWk3rL7tO0f4U7PvNkObPG3vLSU32Qt/MBbSxVNbbd9jVV0jHYms+v1Yiw5rZ/axc3x9nN+ZOoc20VtrzfcgJGDpUZWdTERXVHauxtWXgzocBUwkPclC/Fu8vFlJT5BUl+sn4r6EulyMor7U/EDooV4vZJPsZsKjDcnqUNjl/Ey1hGysBkAAAAAAAAAAAAAAAAAAAAAAAAAAAAAAAAAAAAAAAAAAAAAAAAAAAAAAAAAAAAAAAAAAAAAAAAAAAAAAAAAAAAAAAAAAAAAAAAAAAAAAAAAAAAAAAAAAAAAAAAAAAAAAAAAAAAAAAAAAAAAAAAAAAAAAAD//Z" class="product_picture" alt="Curry 7 Low">\n                                    </div>\n\n                                    \n                                        \n                                    \n                                        \n                                        \n                                            <div class="carousel-item">\n                                                <img src="data:image/png;base64,/9j/4AAQSkZJRgABAQAAAQABAAD/2wCEAAoHCBYWFRgWFhUZGBgaGBgYGhgYGBwYGhgaGBgZGhgaGBgcIS4lHB4rIRgZJjgmKy8xNTU1HCQ7QDs0Py40NTEBDAwMEA8QHxISHzYrISw0NDU0NDcxNDE0MTQ3MTU0ND00NDQ0NDQ0NDQ0NDQ0NDQ0NDQ0NDgxND00NDE0PzQ0NP/AABEIAMIBBAMBIgACEQEDEQH/xAAcAAEAAgMBAQEAAAAAAAAAAAAAAgQBAwUGBwj/xABAEAABAwEEBwQIBQIFBQAAAAABAAIRAwQSITEFQVFhcYGRBqGx8BMiMlKSwdHhB0JicvGiwhQjY7LSJDRDU4L/xAAbAQEAAwEBAQEAAAAAAAAAAAAAAQIDBAUGB//EAC4RAAICAQIDBwQCAwEAAAAAAAABAgMRBCExQVEFEhMUMmFxIoGhsZHBM0JTFf/aAAwDAQACEQMRAD8A+zIiIAiIgCIiAIiIAiIgCIiAIiIAiLCAwSq1uttOiwvqPDGjWT3AazuC2Wiu1jC9xAa0EuJyAAkr4x2l04601HPJIYJDG6mt2x7xzP2XRptO7pdEuJlbaoL3O92o7VGsQ2g9zaQGJEsL3TyN0YYYa9y8nT7fWmy2iPSOqMht5lRxcDOoE4tMRiOhUwyAAXNBIkNLgHOABxDSZjA9F4rTMOqPOsGPhAbHcvStqrhUoxSZzVycpts/TOgdMU7VRbWpHB2BBza4e0128d+B1rqL8/8A4TdpTZ7S2i4/5dYhhk4Nf+R3U3eDty/QC8iyHcltwO2LyjKIioSEREAREQBEWEBlFhEBlERAEREAREQBERAEREAREQBERAYRRe8DNeV07px8XaI4vJAa0bZPid8ZK0YuTwispKKyzr6d0wyzUy52Ljg1oOLj8htK+WaX09XruJfUcBqa0lrBwaM+JkrpWfQ1S0y/0l8SQXtAc2RmA5zmg/8AzIUbB2ZdVJuXg0Ei++6GOjA3Q0kuHdvXp0eXpX1NOX6OSbss4LY4NF9Z4uNc9wdHqXnEQDmRMdVe0b2ddWIE+rIDnNF5rccZf7JIxwbe3wvd6O0DQZNMgvLQ0vvD1HF0xIyccJgkxguvcAMAQAIAHXBZW9ocq1j3LQ03OTPh+nbKaNaowuLiwxeIiQAC3hAw5LxprXsSTJ2r2Paarer1nbX1N35iBhyz18l4NrlrObUY544JrisvBtZUuuDgYxnD5L9Q9jtL/wCKsdKsTLi26/8Aez1XdSJ4EL8suK+yfgXpQkV7OcobVb/sf/YuS1Zi/Y3WzPsCIi5S5hEXie1XbEUiaNAhz8nPzDDrAGt3cPC8K5TeIlZSUVlnptJaWo0BNV4bsGbjwaMV5bSPb0CRRpE/qeYHwgyeoXzu0W8ucXOc57ziSfWJyxM881pfWqEYFrepP3Xp16GK3lu/wckr5Phsetf2ztZPttE6msb3SCdR7l6XROlbUIdaHMAP5C2HxG0EBuO2V4fsbotxc+01XXg0llNkQ28M3xrjIb52BelrPJOJkr5ztTtNVzdFEUmuLx+j0NLpnKPfm37Hrjay7XA2D6pTqluIPEKu2x+iYzOTgeJBdy2KS+d1E76rcyk87PidSUWtuB2WPBEoqViq+rGwkIvcr1+YJnM4YZ0URF6ZmEWupVa3MgKubaNUnuHfioyC4ioi3H3R8X2U22vaOhlMoFtFpZXB3cVsvDapBJYJUXvhVH1pMTyVW8A3vrgLUKzjlgFoqvJN1ojadg2k/JbGtA9UfdVcmSed7Y6YfTYGsY55e4MwcGjHIF35QdZEmJheOHZK22t7P8RVYykCJp0wWsAGZxxe6NojwX0x1FpfiJu5cTrVi6G464z+S0VuI4RRwy8sqssbGUhTY26xjLoaNgGW8+KlZG+oz1Lnqj1PdwyO9b6ZlnGVCo8hpIF43SQ2YvGMBOqVmi5JVqjoLv51BbqBcWNL2hry0FzQZDXEesAdYBnFVa7va55a4ww34eCIg+D6XfLn6pvZTrJyJ1Yrx9RsEjYvUaZMXx+4CMs8xjjx1rzdoxAOvIr1NRL0mFS4muV7n8Hrbc0jTbMCoyow/AXjvYF4RdnshXLLbZnD/wB1MfE8NPcSss529mas/VLarSYBBPFbF8btvb57bQ9rGi7TeWATmWkgk8wV3GfiSXMMUAH3TBvlwDowJbdmJ1Sslp7JJNIq7Yp4Z1O3Haf0INCkf8xw9dwzY0jIfqI6DHWF8sq1JMDmcwOpMn7c52q0Pe5xLiXuJc5xzk4k4jX8lqAjAL2NNp1XH9nFZY5PJhoAy+54lC5YUXTkM8lvN4iUjuz6Hoynds1EfoDo3vlx8Vb0dRDqjWxgXNnkce5SfTDWtYPyta34WgK3oBk12brzujSP7l+YJ+Jqm+sv7Pp/TVjov6PTaS9jmPGFzJXQ0o71QNrh3An6LmnJX7Zw7ljoc9C+kvWJvqn9xRWbFSusA84ou+nRy8OPwjKU9y0qdqtUYNz27FvrvujfqXMGZPnBes2YjMycTtWQiQqEgBTARgW1o1qQGNWQRMBYcZ3DzmjTAlGBVdhA6rSCGtJ/kkmB3o31sdXirDGhAQYy40k5nE8dyrWb1nl5nAEDExBIJwyn1QoW5zal6nObYcA6HAOkZgy2ccVZslBrGNY0Q1oAA2ACAoBsswzO892Chanz6o1rbkICp2+vTosNWq4NAxknAbMBmiWXsC5SECFFmS8+/tdZwfbDhtYC4dYhaLN2lsrC8tc8F7y914PcJcADd90YDDLNbKix74f8FHZFcz073QCdgnouZXqQDtA+U+duC51o7W2a6YeTl+R2WvMLiaR7SMex4ZevEECQQASCBJz5q8dPY3wZHiR6nyfTFSZJzOOJk4mcTkeS40TI2ieYXo7RoOo78zABEwCO4DBQZ2dj26gEY4D5k7123Uzk1hGUJxit2eXXS7P/APcUT7tRjzwY4OPgu1T0LZ25uLjsLsOjY+a6FENYIYyOV0c9cq1ekm39REr4rgVG6Oc6rUqOMB73uAGxziRJ1Z6ldvD2WZ9zeP08FkscfadyGA+pUwABAXoV0qCwcs5uTyzWGwO8naVgqRUYWpmYVjRVK/XpN21GTwvAnuBVcro9mGza6P7nHox5+S5NbLu0TkuSf6N6FmcV7o97aDicdviV0uzLf80nY048SJ+S5Nd+K7PZmA55OoY7sj8l+b6Le+PyfSX7Vs6OlKkuDdg7z9lXoMvuA1TjwCjUdeJcdZn6dy6Gi6WBdtwHALRR83rPbP4Rzt+HX7nRCLKL6c4zn2h0uI1CO/EqqzLzqW559d3E9y1nM9ev3lUkSgESFnz9VUklTOMbUpU7s+sXSZxjDcIUPP0U2v2qSDaFprm8Q0ZZlTIDgQDmMxmN6r2x1yi8gklrHuvGJJawmTAA7lKWXgPZHhNN9paz6xp2d5YwPuNugS8gxJMZTkNi9b2q0g+zWRz2EF4NNgJEzeexriRwJXzTQT2ttNEvgAVGTJ/UMfn1Xt/xFr/9MGRIc9kn3bpviebQF6d9MVZXWltz9zkrm3GTbPLU+1lZj3PaykHvu33hhDnXQQ28b2MSeq7/AGU7R2i02gMeWXAxznBrIkDAYyfzFq8A4r2v4algfWJIv3WADXdlxcRzDe5dWqoqhS3GKz8GdM5Smk2ek0/pc07RZaYddFSob52taA0NOwFz2/CuH+KhqCkwtE0y4h2eD82f3LmfiFaA60sAPsUzyL3k+DQvVaB0pSt1nNKqA5927UYfzbHjoDhkeS4I1OqELcZXM6HJSbhk+R0Xuc3FxHDUtwYffPLwxXvKP4ctbUJ9PNKZu3fXjZey5xyXmO0VhZQrup03F7WhskwSHHEtkbBHVenTqKrH3Y7s5J1yisvgc24ffd1H0WDSHvO+IoCkrrwuhllmPQt/Vzc76rAoM90dFNYJU4RGWZDRsWVG8sEoDJKjKwSigArCIgIldbskJtdPcHn+h31XKXV7KPi10x719v8AQ8/Jef2in5WzHRnRp/8AJH5R6+u7HYurop5DXAZGBPDGPBchtMvfdaNZmdQBgld+jTDWgDId+9fmKm4brifUWpYwWLPSLnBvXcNa77AAIGpVNH0LrZObsTu2BXAvo+ztL4Nfefqe7PMun3pYXBEkRF6RicZ59Yn9R8VJ4yPLqs2hsPPHxxWuk+QWzjjH0VGSSWVFhkKaqSYRE8+fqgJNbj571KrTDmua7JwLTwIg+Kk0LKlEHybSHZy00nOZ6Nz26nsBcHNnd4FVbZUtL2hlQVSG4i+1/LNfY0XortB7d6KbRzPTLkz4Y6k4ZtPMFSs73McHNBkceC+4XdwS6NgWj7TysOP5KeVxzPh9Yue4uIMnbePeZKlQ9Ixwcy+1wyc2QRwIX226NncswNihdpJLuqO3yT5Vt5yfIq2nre5t01akZYMDT8bW3u9cgUHiZa7HEkg4r7pCXVWOvjH0wS+C0tO5cWfCoWYX3F1Juto6Ban2Snm5jObW/RartRc4/kz8o+p8TUSvs5sVnP8A4mfAPoou0ZZjnSp82N+in/049H/I8o+p8ZQr7FU0FZDgaFOdzY8FSrdlLE78hb+1zx3Yqy7Tr5pkPSy6nyoovolfsJQcYZVe0xMOAd8gVybV2Crt9h7HjiWHvw71vDXUy54+TN0TXI8jCxC7Fo7NWpntUH8WgP8A9srmVKDm4Oa5p3gjxXSrIPg0/uUcZLijVCs6Iq3LTRd/qsHJ7gw9zitLWE4ATwxXS0Zoes97Hik+617HOcWlrQGvaSZO4Ln1jh4Mk3yf6L0576x1PoGjbPdvuObnu5AEwPHqujRguA2kdJWmm3AcJVuwsJqN3Alfltce/eo++PyfRzl9LZ3Qsoi+0PNCIiA51ub607R4eQqDhB711Le3AHl1/hUXMkKrJNbannwUxVHnwWrz5J85JPmfoPOCjAN3pN3yU6T9qrjz5KmD5GPOdiYJLiKq2pGvjs5bVsFXaowDci1ioFkOCAnKKIKzKAyiwigBZWEQBQqtkHCd21TWirSJMgx1+RCA1Af6cfF/xUXvZiCCMDkXA5E6wNi2+jf7w/qWs2QmSTiY2xHHkOm9AZslO8C504k5Egbzhv8AALeaLdne76qDWOAgQBuJjwWX03ERI6uPcgI2eiLxdM5gbADjzO9WlCky6APJOsqaAIWzmiKQYDBsHRabd7D/ANp8FYWm2D1HftPgs7n9D+CYepFFoxPIK5o32z+35qmMyrujPaP7fmvltFvqo/J2W+hnWREX2JwBERAa6rJBC5bhC7CpWmiZkDiqslFJzQfqtLxGfiVYLVCqwOEKk21FuKyyVjmafOX1Ur3nPuVd1NzfrmPspCru7/kuWOurT7tmYv3L+G+K3N8+czy3J5jXwK0isNvX1ee1Sa7yMO9dMbYSWYvJVxa4my9/Az4rN/8Agd/1UAfI8SVmeXeVfJBO/wAlMP6b960xy45pHPjlv+qA3CrzU/SbvIVed87h52JG7v8AOpMAsGpuT0o2FV43d/nUhPkj5hMAselCz6UKte8z1Cxe4eKjALYeFMFU2u+8Dopt25atSAtItTH7VtCgBERQAiImRgytVq9h37T4JVqwsVzLHftPgs7X9D+C0eJR1nzqVmy1w1xJBxAGHEqsCjivkqLXXcpLkztlHvRwd2lWa7Iz4rauJo8m+Ofgu0vrNJqPHh38czhsj3XgkiIusoEREBStNEyTq8FWLV1VpqUARgACqtdCcnNLefitT6QVx7CMxHnaoXVlOuM1iSz8lk2uBSdZ1qfZt3TDwXQujgolp49xXLLQUvdbP2eC6tZRhw1lZbUI3DdmrWC01GLJ6W+G9dmfZ7/klTi+KItqjhvKkHg5Y+C0Oa4apHesNg6li9ZqK3iyH8F/Dg+DLN/f0WeXUqtlkY871kE7jxxV49q1cJpr7FXS+RY6LI84+eCreldsHipCsNfguyGtplwaKOuS5G88+5Zk7+ndwWllVpyLTzUrw3dVupp8GVwzZ15nUg5eOC13htHnWpB3kDXsVskG0O392YU2P8xqWoc+ZyKz59rIoSXGulFVY/eBzJhb2PVJPASJosFwGZUXVgsJ3Qj6mXUWyRaoWnBruB8FrdaeSr1K054rz7+0a0movLNY1vJAFGtxWL+wKVMEleHRS7bEkzeTwsl2wi6ZPD7rqLmNCuWepIjWPIX2OlqjVBQRw2PLyWERF0mYREQBERAYIVd9mGoxu1KyihrIOc6mRmOYxChdC6a1VKDXZjmMFVx6E5ORWwMj+VjMYLqf4Nmw8ZK2tpNAgAdESYycErBhehuDYOix6JvujoEcMjJwLq1usw1YLvuszD+UcsPBV6ujx+U8j9VzW6KqxbovGySOA+83OVZp0paCrFWmRg4R51LLAAAAuKnsuEJvvbrkXlc2tiu6zzvUPREao4K8FlbPs2r/AFyvhkeK+ZQx2lA47Z4/ZXroQsGxU8jZH02P77k+InxRUa/gph/Dpn3rd6IbE9ENieV1X/T8Dvx6Gk1Xe93D6qHpNpJjf9FaFJuwKTWDYqy0Wol6rH9kWU4rkVHV/MStZrLo3BsT0IWEuyHLjNv5LK5dDm3iUDDsPRdIUVIMVY9jx5tk+N0KLLO47lbpsDVl+AVZ74Xo6bRVU7xW/VmU7JS4l0FbrLnyVKm9dGyNwnauyK3MmyyiItCoREQBERAEREAREQBERAEREAREQGqrSDhB/jguZVpFpg/yuutNpo3m79ShoHLlAVF9Mgm8Msgco27/ALLIO4dFUsTlJWscCOfyyCyQdo5iO+UyDZKLXLtgPB31hL59x3cfApkGyVlaxU/S74SnpD7jugHiUBtBUpWm+73QOLh/bKAO1u+EfM/RMg3Fyj6YagXcMupwWsMGz4vWPetnnFQMmbx2Bc+v7ULoAE4NElZoaNMy49FaIbNFkol0Dv2LstbAhYYwAQBAUlKRUyiIpAREQBERAEREAREQBERAEREAREQBERAQewHMSqNewa29DHcV0UUYBwKgc0wRHHM/JYDpOPTON67j2BwggFVK2jWuGEjdMjmFDiTkqNAIwEjaFm6NihVsbm4wSP0knoPsoAn9Q88FGAbbo2LN3ctN87T1Wbx2nqowSbg07EJ2notIHPqttOg45N+SYAv7B1U2MLjAxVmlYvePIK0xoGAEKyiRkjSphojqVtRFYgIiIAiIgCIiAIiIAiIgCIiAIiIAiIgCIiAIiIAiIgCIiAKJREBF1JvujoFWYwXshr1Iihgs0mDYFsRFICIiAIiIAiIgCIiA/9k=" class="product_picture" alt="Curry 7 Low">\n                                            </div>\n\n                                        \n                                    \n                                        \n                                        \n                                            <div class="carousel-item">\n                                                <img src="data:image/png;base64,/9j/4AAQSkZJRgABAQAAAQABAAD/2wCEAAoHCBUWFRgVFRYZGBgaGB0cHBkYGBgcGhwcGhgaGRkZHBkcIS4lHB4sHxwYJjgmKy8xNTU1HCQ7QDs0Py40NTEBDAwMEA8QHhISHzQsJSs9NDQ0NjQ2OjQ0NDQ0NDQ0OjQ0NDE0NDQ0NDQ0NDQ0NDQ0NDQ0NDQ0NDQ0MTQ0MTQ0NP/AABEIAL4BCQMBIgACEQEDEQH/xAAcAAABBQEBAQAAAAAAAAAAAAAAAQIDBAUGBwj/xABBEAABAwEFBAcGBAMHBQAAAAABAAIRAwQSITFBUWFxkQUGIoGhsfAyQnLB0eETUmKiFDPCBxZDgpKy8RUkNFOT/8QAGgEBAAMBAQEAAAAAAAAAAAAAAAECAwQFBv/EACwRAAICAQMDAgUEAwAAAAAAAAABAgMRBCExBRJBUWEGEyJxkSMyQoEUFbH/2gAMAwEAAhEDEQA/APZUJJVZ9taDGJ4BZTthWsyaROG+C0hRU67Tke7VZtv6w2ai4sfUAcMwGucROON0GO9Xg1Z+3f7FW+3k10LKsnT9mqGGVmknIGWk8A6JWpKu4tcoKSfA5CEKCQQhCAEIQgEKq2y206Tb1RzWDa4gdw2ncFD0t0rSs1M1azg1o5k6BozLty8Q6x9bzaq7n3bjWi61sz2QSZJyvY4xuziVtRT8yW+y9TOc+1bcnf8ATH9oDRLbO2f1vEDiG5844Lk/7+Wik17/AMW88uaQHgFt2S14a0QAcWHDRru/jn9ISFmWiteO3iMIhei6aoLCWTnTk3ls926pdem2l7aVZoY93suaew7DKCZa46DGeS7lfPvVZjv4iztaQD+JTxzIhzZgeByzXvdGuC0EkA4btJXDqq41ySj5NqpOSeSyhJKVcxsCEIQAhCEAIQhACEIQAhCEAIQhACEIQFO31CGwMzgqICn6TOIG4qrK+T6ra5ahx8I6qo/TkhtNW60uAJgSY0G0rErNp15FVjQ44B7QL42SdRuOC6ywUQWOJxvEg8Mo4ZrjXtuuLTo4iRngSMR3fZbdk9LCFkJNNmkO2xuLRylus7mVH0n4luORhzTeuux0LfEEZhXei+nbRZyLjyWjNjpc093unA5EKXrpZbzKFoaS1zSaTnAA9hzXPbM6BwcNvaXPMtD4hwDhjiJB1HszGvrCPtun3rWadSksvh/c8bUV/Jsaiz1zoLrRRtHZ9ip+Rxzzm6feyOGeGS6BeCtribzZGOeIIMkjOI2zM8c133VTreXFtG0HPBtU5HY1xyn9WviaajSdn1R49C9d2dmd8hJKVcR0CKp0hbWUabqtRwaxgLnE6AfPTvVsrxn+2TrGXPbYmHBkOqQcC93stPwtgxtcNitXHulgiTwjjut3Wqrbqxc6WsBIYyYDWnmC44Se7JYAc0Z4nb9ERAhQPcvQ2isIySLBtIOZxRQcHPa0akcpxPKVQctHoRnaLvytPN2HleURslKSiJRSi2egdRrOX2tjhky+/Ij2GECDkTLxhu0XrfSNibVpPpEuaHNLQ5hhzDEBzToRmFwX9mdkj8WqQ73GdrCDi54yGEubhjlK9Fcc/XJcurnm3bwTTHETB6LrV7JDLRUFagSGtrEXXsJN1raonEEkAOGpgwuqpVWuEgyFlBjHghzbzKtOS1wzBEEEH9JaIVDqlZq9Cm6hXdfLKjiypMl9JxlpdlDgS4OG4HVc7lnd8miWDqUKNlQHIqRSSCEIQAhCEAIQhACEIQAhCEAIQhAZfSgxaeIVIHzWj0o3s3vykHuyKzSfXivk+qw7dTn1wzspeYmt0b/LHf5lcb0gwh74Hvuz+IkHHPVdb0U7suGw4cD95XO9Msis8bwebRPjK9DV4npYSRFG1jRj9NsvWOqPyhjv9NQT4FcK1y9ErsvUazNtJ4/bI8l50F7XwzPNMo+j/wCnF1OOJJ+wO268k5lSfnhvy9knM/uOxCY9mvPLEajHdK+nlHJ5akemdR+s5fFnrOJeB2HumXjO64kDtAZbRvGPa1KrWiSQANpXgVN2AIzzBEAgznILcb3Ilu1R2+u+JcSeMk5544xv8V5tuiTk5J4OqF7Swz2l/T1MudFRl1jHPfdc1xDGCXExkvm63211evVruJLnuc4zmC4kx3AxwAXU07aafR9rqz2qr6dnbjpBqVYG9haOexcRegLGEFBvBvltbi1Kirkoe5NUSlkskKtroWn2cibzspAkN0nT3sViLo+iafZaABN2ZM4FxkGADMEhX07+rPoVt/bg9o6i2a5ZaciC9xfnPtEOBBky1zGscMSTidi6tZfRNnDGU6YEXGhsSTF1l0idkwQc8dFqBefY+6bZrFYSQRL28HeN1AOJ2jHuP3B5KCwVKjr7qjQyHuayHXrzGuN152F2EjQiN5e90PbvBHKCPmsyw+YOHrerAtIHtAjfoqdpfdg+oGfmpQZEhSmQXWPByMpyzKjHZsIB3zB25ZcVPRtBydns1+4VlIguoUQqjgnfiDaOanIHITPxW7RzTHWho38FIJ0KmbZ+nxSfxv6T3EfOFGUC6hV6dpa7CYOw4FWFIBCEICGrTBaQdQQsLESDoY5LoZWR0lSuuvaO8x9l43V6O+tWLwb0SxLAzo+pdeNhEd+Y+nes3rD/ADXfC35/ZWidndxGIVDpmoDUJGrG8AcZHH6Lz4X9+k7HymvwdEY4syV7IJcRta4bsRC8xoGWt+EeS9O6OPbGPcvL7MOw34W+QX0HwxzZ/RxdU8E4SpAEq+yPFYwgjLXMbcInjj38iJGgOGHeOOBBBGemInEZzCakcyccQdoPqe9UlHPBZSK3S9lc+zsoU7oax7nwTF5zgAMTlAvRJghw2CeQtVnew9tjm8QQDwOR7l3QqPAxAcI0wPInvwIxk5kyjqrIg4A4XXCBGsgiDvXJPTJ8bHRG9rnc89KfTpl2XNdybFZ3D2KZ4NaD+0gDmoz0JROAbGWT3f1H6rllo5+qNlqI+hytKxN958LoOrtIPr02ywE1GNF4j82RBnB0RgCfnP8A3eoT78/FyzEDXMjLvV7ouyNs72vpk3hODjIdLS0ggAE4HZs4K9WnnFP3KytjLB7HYXiYGADcBsEgBvcAR3K+SdM/WJXmLOtFZkwWThJunCMx7UA4mZjMrf6m9bn2iqbNWYA+6XNey9dN3EgtdiDBmZxg4DXgs0tkF3M3jdGTwjsZAwCz7e26fxATPZETh2S9wIG03iCdYGxZfWXpR9mq03B4NN83mOAnsntFp9rIzxGzKC0da7K9t2+4Y/8AqeVRUTcVJLKfoHZFPDZ01sZeZI49xH0VXo20h7A5pDgRm0ggjaCMCpeirU2pRY9hJaQQCRBN1xaTBy9krmrP1jsjJuOc1syGtpEAbQIMDb3qkapSyopvBZziuWdbOIgYEZ7DhhHPkUlaneGZaRk4Zg/MbjgVl9DdYaNoeabL03C/tNgQHNaYx/UFndKdZBZrRUYRUfNwhhLAxktkljgL0GRgRmDjjhaNFjl243IdkUu7Ox0lKocnCI2J5O3mPmFw9frvPs0Yn8755BoHmtWr0vV/6ey0ggPBacuy4GpcII2EGVeelthjuWM7IrG6Ms4Oic1RkKLoy2tq02VWiA8Td2OyLeIII3wp6bw4SMpI5ZrCScXhmieVlDISQlCWFUsMIU1nrEGJkZxuyzOyPFRpaYzPr/jLxUpkGm1wIkJyz6FW66NHeavq+SBFDaqAe0g9x2HQqdCrOCnFxfDJTw8o5stIJBEEGD68Vn9JM94a4HcR6juC6HpSl7Lhtg8NPW9ZlemHAg5ER9/WxfJain5Fzh48HfXPuSZjWB+LjsaTvyJXm1n9lvwjyC9AvljLS4jFlN/eQxxHiRzXBtbGC+q+GYvFj90cHVWspDgUIQvrzxhITgkRCDA4FKE0JQUAGkDm0cgm/wAMz8o7sPJStcllAQiyt2eJQ6zNyx5lTSklMInLKldkDM4b11X9lXRzjVfaXTdawsYSM3PILiDrAEf5lzFoYS0gR35d+5d6/rnTbSP4LHtqGYDrt1rjrIPaAOQjHcuHWRnJdsFyb0Sit2zO6+28VLTcaZbTbd/zON53LsjuK5lzoBJyAnknPJJJJkkyScyTiSd6kswbfZfF5t4FzSQ0OAIJaXHAAjCVvXD5VXavCM5S7p5fk9Q6Pmz2Bt7B1OzScIh9wuIg63ivLAur6ydZ/wAVhosaWhxF9xIMwQ6427hExJnSFysLn0NUoKUpbNmmokpNJeDo+oH/AJpOyzv8X0vsm9ex/wB27exh/bHyVXq30q2zVHPc0uvMu4GDmDEwdg5Kn0t0g6vVfVeAC6IaDN0AQ1s64a6qY1y/ynPxgOS+V2+StTaSQBmSAOJwC7jrRUbQsdKytMmGDPG6wiXHZLojv2LiqFmqOPYY9x0uscTuyC2G9BW2s6+6k6Tq+60bsHEeStf2TnFykkluVh3KLSTyzpuoFcmhUacmPkcHMGHMOP8AmXUOlY3Vjod1npuD3Ave4OdGTYEBs6+9jvW0V4mpcZWtx4O+lNRSZEj19lIQo3NKwNRDs1PqVLECEjGx35/Th90OKkghqnEc/Jad9ZZ2+o9TzV2CpQLiEIVyCl0n/Ld3eaxiTuPnotvpH+W7gsa7hgvmesL9aL9jr0/7Wc31q7FnruA9sUm86gB/a2FwYC9K6c6OfaKZpsi8Sw9owIbeJkgGNFxtp6uWtmdB53sF8fslfUfDk4R07y0m2ef1BSlNfYx0qtHo6tMfhVP/AJv+ins/QVpf7Nnq97HNHNwAX0jtguZI87sl6GciV0VDqba3Zsaz43t/pkrRs/UF59usxu0Ma5x8S1Yy1lMeWiyom/BxoQvRrP1Fs7fbfUf3tYOQE+KuM6oWMf4bjxqP+TgsJdRqXGTRaWZ5cCnL1Wj1YsbcqDT8Ze7/AHOVlnQ1mGVCl/ob9Fm+pw8Jl1pJeWeQ3htHNXLN0XXf7FF7htDHRziF69SpNZ7LWt+FrW+QUhKyfVH/ABj+Sy0nqzy2j1Qtb86YZ8b2eTST4LRo9RKx9qrTbwvu+QXoCFjLqFz4wjRaaHk4qn1Eb79cn4WAebirLOo9n96pVPAsH9BXT0A4NF8gu1LRAzOQ8O5I1r75cXSy6A1kAQdXE6lZS1lz8l1RBeDEp9T7IM2vd8T3f0gKxT6sWRv+CD8Tnu83LUqtJiHFsOBMAYgZt3ThyUhcs3fa+W/yWVcV4RnM6Csoys9LvY13+6Vco2RjPYpsb8LGt8glotLWhpcXke87M8UNpgOc6SS6MzgIECBoqOyb5bLKEV4Jrx27s/DwKa94aC4mAMz3wmPpglriJLSS07JEFPc4YAxjgAYxOcAa5KpI9CRCEipHBKmkoBJUb3SY5/T5pXunh57YTHaKUBWtkxtwWr+GFTsdPGdnmr6khiIQq1otbGe0e4YnkkpxisyeAlkb0l/Ld61WWpq1uFRrgAQARi6Md0DuUJXy/VrFO1NcYOqiLS3CxDtj4D/ub9FoKlYhifhHz+iur1unL9BGVz+oJQShIvQMQSEpUhUFgSEoRCASUSiEIBZSpqJQDio6rnAdkAmQMTAiRJ7hOCckQA6cYzgxOU6dyjpXg0XyC6BeLRAnWBsTnPAzKYXhSAbevOJdLcLoiIw7RJ1JPJDmklpDiADJAA7WwEnIcM0n4m48kgqHQZ5YjRMAke2QRJEgiQcRIiRsIQxkANkmABJJJMaknM71HfOwc8zsyRfO7x5HemASMptBcQMXGXGSZgQO6NE4tBIMAkTBIxExMbMhyUP4msiNsHknU3EnTDd90BPKLyZ3lCnAHF+xMdjmhISgBI0ScPR0TXOnLDeVfsdCBJ7uG071KILFKmGiApEIViCGu6GuIzAJ8Fz9WneJM4nauhquABnYsOrTxXk9Sckk+V5N6cbjKDIZxfPz85T3JswA3SZQ7JfO6mxTkseEkdMVgsWH3uDR5q2VVsPvcQP2j6q0vpNA0qEc1q+pgkSlIu3JlgRCVCnIwIhCY98KQOTHPCY504a6jLimX5y4AHzlWSBL+IE01NygZVBkNIMdktJyMSZxwOSWdByOzDzTBBI552xu5animudtnzHLkmz/AMH6pp5cPooexI6/H1CZfPPkdVE+qNMTu+aivu2AbcVy2ayqt4bLKEmWr/rUfZJO7iN20HQb1Cy9hrwGB3GUrKJ2nPUz4DCFSOtUniMW/wCizqxyyYHv4aja3Ygnh8j9XJ4DdnPFPa4aADgAu4zGNaTjiP1HPkp2gAQMk28lvIByE28kvIBxKTPenU6DnZDD1r9FoULOG7zt+inBBWsdnPtOEY4A+Z+i0EIUpYIBCEKQVLW7Id/rxVCqxWHklzpznw0SQue2CmmmXi8GeHTmkIwzVitR1HeFVK+U1mkdM+NjthJSRZsz7szjJnDhEK0Kjdqy5SiorU6+daUcZSEqlLc1UELNbaN6mbaivRr6rW9pJoydL8FyE0ujPBQfxQ0THVhqDOc7OG9d1WqqnxJGcoNeCZ798fPhsTHHkMyNunrgo21gcnY6A7Np9HNIXjDwumZO30F1KyHqZuLFJ246naN3H7ppdOGe0HMAZDimOqDaDvmCTn64J5quGVRobhgGEui62ZdeiZvaa5qHdXHmSQ7X6CtY4+6SNQRHcCcPWaZUcAbpcC45NMk5T2iPZwECVExxAMucXGMQ5zYInHtOdnJGQEaJHS7CGtwjsjGLobF44gRsjXaVhPqFK2Ty/Ysqm/YkfWAwxJ2esgoWsc76DAd5Vmz2QuOXH6krUpWMDPwwWSqv1O8/pj6eWW7ow43ZlMsoH0GSkbSA2DvC2W0mjQJbg2DkF2V6SqtbL+/Jm5t8mNdnLHgCfkkuxgt1ELftKGDdJyHruSik78p5O+i3kKcE5MVtmcfdPL6wpG2N+zmQPqtVCYIKDbAdSPE/bwVhlmaNJ4/RWEJgAhCFIBCEIAQhCAzrRg4yoXuhXrTRkSMx47llV34KjW5ZMkFVK5jXafVU6dRXKDZxVJ1xmsSWSVJp7ET7LsJ80z+FO3w+60LqCFwy6fRJ5waq2S8mb/CHbyCUWPeQtFMJVo9OoXhEO6RSFkP5ieKQ2dwyPmFdKaQpfT9O/wCJHzZFMsd6KT8Mq4U0hV/1lHv+R85lUUinCidvJWITXsDsD4cvIlWj0/Tp8Z+4dsiEsA9bTdG7PBFmaXOgTBG6BJwMROIkzO0RqpiBM+s1c6NoBskAAHKBzPlyXXXVXDaMUjOUpPkt0qYaIH/KlQhbFQQhCAEIQgBCEIAQhCAEIQgBCEIAQhCAEIQgBZ9rsUyW66fRaCEBzFSk5hgiFbpEFome6RxmM1sVKYcIIBGwiVVrWQASwRtA14b/ALqrROStOMXoPMd6W+dRPw4+GaiM5jDaSkLtdMT9FUkmbUByPdr3jRKSo3/qE5ZiddCUjQIwvDg6cjGTp2ICSUiYJ28wOOchBna3x+6nIHH1801NDjtb46pCD+YRw28T8kyBUXtPXJApja48THOITmj3QO5oTIFpU5IG9a4bAgKGzUbok5+W5TqyRUVCEKQCEIQAhCEAIQhACEIQAhCEAIQhACEIQAhCEAIQhACEIQFWtZA6SMD4HiFnPY5ph3kI7ltpjmg4HFVaBhsw7ySTpl65pswJGQGu90+UrYfYmHSOCrPsBxuu2QHZDkmCclQwThoccHbMRycmNqEATsE9xhxw7jwJUrrM4HT2pzOgA2YYKSlY3ECS0jHOTw3cVGAV3OBnPUb5GOWhyIzSS0nOcJjCCDnxGuHgrlOwY4kDL2d2/wAsFapWJjdJMzJxxOZ4p2jJQs9BzoAmNpnz1K0qNBrRhz1U6FZLBAIQhSAQhCAEIQgBCEIAQhCAEIQgBCEIAQhCAEIQgBCEID//2Q==" class="product_picture" alt="Curry 7 Low">\n                                            </div>\n\n                                        \n                                    \n                                        \n                                        \n                                            <div class="carousel-item">\n                                                <img src="data:image/png;base64,/9j/4AAQSkZJRgABAQAAAQABAAD/2wCEAAoHCBYWFRgWFhYZGRgaGhoYGBgcGhoaGBocGBwcGhocHhocIS4lHB4rIRgaJjgmKy8xNTU1GiQ7QDs0Py40NTEBDAwMEA8QHRISHzErJCs0NjQ1NDQ0NjQ0OjE0PTQ0NDE0NjQ0NDQ0NDE0NDY0NDQxNDExNDQ0PzQ0NDQ0NDQxNP/AABEIALcBEwMBIgACEQEDEQH/xAAbAAABBQEBAAAAAAAAAAAAAAADAAECBAUGB//EAEEQAAEDAgIHBgUBBgYBBQEAAAEAAhEDIQQxBRJBUWFxkYGhscHR8AYTIjLhQhRSYnKy8RUjgpKiwkMWM1Njcwf/xAAaAQEAAgMBAAAAAAAAAAAAAAAAAQIDBAUG/8QALxEAAgIBAgUDAwMEAwAAAAAAAAECEQMEIQUSMUFRExRhMnGhIoHBU5Gx0SMkUv/aAAwDAQACEQMRAD8AkDeymw5oUojM1AJbUzTmkRknOaAUqbDZDAUmZdUAWm+8e8wptZYD3sVembjtVph+08x3IAoFkjeOAv1hJzoCQzPIIB2G6TBCZzTnO1TH3IAoHvohs2KZOXvchtCANTzHLzQqjVNmY7VJw8/FADc1MApuCZAJmZ5FTp5IbDc8kSkLIB3bQM57L3TBp/e65fhO5pkQkZk7J8lIHabpqRu7mnAukbX2HyQE2xZVsR9wRwclVxJuPe9AABujOyQDmEeFAGaB77Uzc+wJMz7fVRYbj+X1QEn7OfZZAZN/fvMqYdb3tKgwmPfE+iAT8kN7rIh9e5BcbHmgIpKBcmQkG0orSq7SjtzQgm8pA3UXnyTTdAT1lJh+ntKgFNuSAlTHmj4fIcEGgffREo5jtQBX7ApM+0do6JnH6m9qiTGsOM9UBYzB5eSGLxyT0XyB0Q2GD2lAWx5eqg036+acH31Q6eaAMwX7D4qQbZJnqp6uSAG4JmjzU3QMyAhiu3IEE8PdlbldXWxHMroZoz5ItLL3xVjBYEPGtriIiG3Kt1MC0D6ZB3k9t1py1mKMqbMnJIzXjLgnnf1Q34hoMEkZg2OxMMUzac87FbSdlApOYsoMMsjf5odKoC6AZMwIkkqhjtN0qDix5IIJBtaQJiZzV4wlJ1FWVlKMerNIHuVbEZoWG0nSfLmPFwLbVN7w6YNt6iUZRdSVEqSatAtqK4oTc/e9Yem9OhssYebhnyHqr4sMskqRWc1FWzVxOkGMP1OuD67VQq6ea0EhpiImHHtyXJis4nWJ5cEsXiyGG5y3rqR0mKEbkr+5pPNkk6To67A6XDmfMe1waTDG5Odq2Lr5NBtxM7l0eh/lVANZjmmJALjcZbFw2Fw5c6jTOYZTa7gYBf3krrcM+Hhw3+Mry+bJPNKcouklskddY444xT3b62aektHMDC5kgi8ZyNqwn5d66d9Sy5moFi4bqJZVKMndFckVGgeqknlJdQxFRpRWFBait9EARyZyTm2SjJAOM1IZFM3JI7PexAEoo9O/RVWFWGGLoCVB833KdUfUOI8/yoUGmDyTgyAeKAKbHcmOZ97EqngfFReduzwzUpX0IsNTSpm6Zj7AqLKgBlKJC4jEspsL3mAJ7TuC47H/ABS97iGHVbzMDtFyVT+J9MGq/UYfoEgeZ7Vggrq6fBGCuS3/AMGllm5bLoatfTlUfraP9Mnx9wtbB413yWFzpL5ebR9Mw0R2E9q43Emy6XDN/wAul/8AlT72z5rncZyv01FPZs3OHYlz3W6R0vw/iyzXfrEARbfcDzXZjEBzQRkVyHwvh9aBveyex7SbcgV0rhD3tGQe6ORv5ry2aFYfU+WjoZHc6+CvjtYNc9rS4CBqjV1nONgBrEC/FLRGjsTVl9ZjaDf0M+l9Qne8/a0cBfkrDtKsw7Hve4NktAynbJA2wr+jtOUX0H1pLaTSZe4gTq5mx325rv6BylpYyr4s5+WvUav9izh8I2m21zF3bT6DgvA/jSvNd0n9b3dXFem6S/8A6NRDgyjSc8usCSfC5K4TTei6deprtD2WuwDWEkySC6CORldfBhyRi9t3RrZMkOZO/JymC0m+k9r2m7TMG4O8EbiF61gtIMq021WwGuExlB2jsIK4el8O025tcf5ntaOjbq+Keq3VDg1oyawao43z8Flejlk+t0VephH6UaemNLCNRhkkXI95cVzZpHNxkq5AGQ9e0m5TFq3cWnjjjSNWeWU3bKb2wq9NmvUYzYXSf5W/U7uBV+syyFoenNVx3M73OaPAFavEZ+lgk14M+kjz5Evk6fRDZe952C3Nxj1Wvhh9TRxHddUNFs/y3He/wC18Ay+sexeQjNY9PKb72drLvlUfBfxD9VpPBYTytDHVphvVZ7yp4XgcMTk+7/BizSt0JMlKS6hiKQKIw5oIRaaEBnPAFzdKnUB2IbGCSduYtMhG1LC/SyAePFJouiUqbnZMJvsBKkcJUB+x/wDtPogAQjONjxsFdwGg6lS5+hm92fY3Mro8NoelT/SHHMuffo3IIDm8Nhnv+xrjaMrdU37FUYQxzCXG4Y363RvIb9o4mAuza+Razd+XRR14B1WgN2uJgHt2q0epDOV/ZiGPqVGuYymCSHWLi0TqiCbcQV5N8QaVqOqkBxEC8GPuFxwEWXseltMUtR7HfJqCIdTZU+sjKPpFjzheXaZ0RhX1tak+pqkS6mAHOB3NcJtzHat/Txlyuo7t/g15yipfqfQy9H6fqsiHE8LmfVdPpLTs4drS1zarvvBIy2AAZSLmeSzKOG1P/bpNZ/E46z+y5juVerQ2klx3n3Zbvo3Tlu0a7yLotkUY2nNRcVZdTQXsWRxIUipWXWUBDKY3U6Y/4NXK1Auqpn6WHeymf+DV53jX0R+7Orw76n9jZpV3Mw5exxa7XaA4GCJmYI5Lf0C9zqTXOJJIBJJkmw2lYeHwjquFcxkF2u0wTFgHEmeS6LRtPUptHAei4uonH2EYd3JszyUvcOXakjm/jh4JYydjieUgD+lF07iWswtGmxzdSB9IIvqgESOZJPFH0v8ADlWtVL9ZgEANBmYH5J6rOHwXV1yddhMZfV4wvT8PWPFp8UZPdK2vlnLzKcpyaWz/AIOaw1Ql7nHPIcAr4rlajPg2uJh1M9rh5KX/AKRxX7rP9/4XVjqcVdUassM76GQaiE962z8KYn9wf72qvW+HsS3Oi/sh39JWRajE+jX9yjxSXZmUHKYU6mGc0w5padzgWnoUwYVlTT6FGgb22T6FpEuqQLk0wO3X/CJqFbPwtQBqPJ2BhHP/ADB4FcrjS/6kpeDd0EuXMv3NbC4HUYA69ydwvHaR0RG1jvgcFZ0l9o5jwPoqcLymixLNBSybq9l2R1c02pbESboDkTegudddQwD6qSlKSkGZr3uD0Kdle+3oVq6yLhmF72t3mEIFonRjq1z9LQfu2ngN66jDaMpsyaCd7rlHosDWgAQALIoUkE2U+imdUZ9NqdoNoiIvvlZmO0uxj2sBGu43nY0SS49DAVoxcnSIbS6lrE41rLve1s/a0kDvKrP0pS+W+s54cxhAhs6usYAaD+oyR1XnWmtKGvVe8zq3awbmDK285nnwV74hxLW0MLQYZAmo8jIuAEf8nuP+kLd9nSim93+Ea/r23XRGr8W/E76WqxgOu+TI/SBbqT4FcJpTSNetDXvd9WYkmBxJy5Bb2ktK0XsDnNf83VhoGQOZne3Nc2xv1FxzW5p8KjGmqfcwZZ3K+3YPh6DGN1QJ5ye7JGNWLCw3CwVbXTF3FbqpdDXdvqSfUVdxU3BDLSobJREtQ300aEoUVZNmXiadl0WEdNOmf/rZ3NjyWbVoyFsfDeGL20mnIa7XcmPJHc4Lz3HYVjUu1nW4ZNc7vwdD8PtfqObBAJBnhBB6yunwjAbuyGQVdlMMbAsna/j2bF57QY1nyOUui6L5ZuZ5+O5fNOZ33i57EN4Id2KNGrvm6m/ZeeO1d40ydPJL5idgsoGmgCCuiNrqu2miMpqAGcWuEOaHDcQCO9VKmgcM/Oi0fyy3+khXGNRmq0ZyXR0Q4p9UYw+EsN+6/lrmPVRr6GpUC11NpbMg3JJyjM8T1W80qppT7B/N5FYNblyTwSi23t5LYoRjJNJHP6VbYc/VUA7NaOlfssJuMlkOfaIPQrS4Y/8Ah/dmXL9Q4KEc1IPzsUEuXQMZYlJD1wkgLAatHRFL/MB3CfLzVIABaGin3dyHj+FCIN1rkWmVWY9SY+6sQXWnouOxnwtWe9zzWZJcTMOnhysuqdWUPmhZcWWWO2ikoKXU4x3wXV/+VnRyEz4Jqj/ys/5LugRwTkN3LN73N5/BRaeHg4E/BT9czXbYbGE/9kRnwRDZNeBtOpH/AGXWPP1FDx5BYW6utkdWYmCO5V93m8k+jDwcs34OYbftI6N9UnfBtIGDiL7vpWm+mxv30QAZj6twnerOG0cwsDnM1iRJJnbdR7rN5How8HPu+CtYTTrh3NvmCqGJ+EsSy4aHj+E36GF2eBaxheWCxMcLbuF81dbXKvHWZY97IeCD7Hk9fDPYYexzT/ECPFQ1AvXS/Ws4A8xKru0Phn3dQZO/VA8FtR4j/wCl/Ywy0nhnlYYuh+DmgPeOOsP9QAP9K7ZmgMMP/AztE+KFj8GxjmFjGsGq4ENAAtBFhzK5/F9VHNpZRS+TPpMMoZE2yD2zAIm4HW3mgOxUEtgWJGW6ytg5cwe9Y+k62rWeLH6zmN9/Nee4XKUYy5VfTub2ZJ1ZpM0j/C3op/4iDm0LFbiGnMEcRcdM0RjTm06w4ema6y1Mbqaafz/sw8j7bnR0cWyPtVinXY62S56i82vnsMjvIhWGuM3HgR1Ews9p7lTedSi4uEOEHDYohXC0Ou3tClkAgphJqm1qpaJoYKrpQfQP5vJyvBqraQZLBzHgVraqS9GX2ZeC/UjDxhhuW0Kg4bVr16UiMuJ9FVr4XUbOcm8rk8Ny5G1GPS9/gzZVGrZnwk5n4UqiiHLumuQkboSRdcJKwBtatDAthrnDZHmq4prQ0a4Fr2xu759Ci6kE24obB32Vmm9pkg3OwrKrs1HcNnJDD1bYg136w2KIqKjTxbm5FHbj5+5oKAs/OT/OQRXYdkKbSzeUoEC+8oGJpB8AzZHhv71uSKKLdjwlAzWaPYN+UZp/8OZx6j0Wo3DzkWntSdTIzEKKBVo0Q0QMgihqKGqQagINCOxRDFNrUAVqqaUZZh3OjqD6BW2oGkPsPAtP/IDzWHULmxSXwy8HUkUNh5LhPjrSVSjizqtBa+nTeLkZt1T3sPVd1TUdLaHo4hjDVZJ1NUOBhwj+64fDMyxuTfSjPljdHldH4rIP1sPMEHuXQaL05Tq/Y6DuNnDsWd8RfB7qR1mHXYZI/eEbFyT8O5hkSHA2ORC78ZQyRvqma+6Z6yzHubtB5orNJNm7GyAAYN4sR2WC5f4d0p81ha/72Z8jkVv0MGJBGW0bVT2eN9LX2ZPO++5pM0y0fpPirlLTQ2McewrPZhGblfoYVg2KntZdsjJ5o+C23ST3ZU+8BM/SVQfoDeJn+yNRps3K0ym1UyaOcltkdkrJFdkZBx1Q/qA5Ibqjjm4ntW27CNO7tAQjhQ2+qOwBaD4Vkk/1Tv7l/WXZFDDUyTMWVivT1gW7xbnsUK+KDR4KFOt9JdOxdTT6aOCFLcxyk5OzJqU9vVCdThW9YITgsxUBqpKeoOKSAI0l2VxvQWY35VUa32OhhjYSZaezzVlshx+okACeZ2KrjMK17C128mdxG2eFkINXH0/fvYqDtUZnV53b12KtgNMuBbQxLS12TahNjGWtxOUq5UYQYP4Kw5cPM7i2n5X8otGVbMGWHPMbxcdyTSo/LGy3Ftu5Qr1XNEkB45Q7qsV6iHVJr46lqi/gsNKJKz6Wk6ZsdZh3H8+quMqNd9r2nuRa2CdTTT+UPTfYMHqQf795IZac4Pj4JmlbEc+OXRoq4tFhjiMjHv3YLTw+KkQ/L30WMHqxRfu9+96ypoqa78PtFwoBibDV42299pVl9ObjPaEZAIMT6qZqIGrG5otREBCxjfod2dxBVkN2qticUzVLZmRFrrV1GohGDtpbMvCLszWBGNUFjG7h3oTngiAOvoETDsk8l57SKbycq77GxJqrZS0owwJH06pjmSJ7guU0zoBr4LRDr9t16BVoa7S3tHMLIfQ+oRuPj+V6rFjWOCiuxqSduzy7DB+GrB7mm1iN7TnwK9BwVRr2B7HS0ifpv1bmOyybGaKZUa7WHAdVxFVtXBVWxJpuEgb+IP6XeKyJkHoVOoYmWnk7yKtUq3Dpf+krkMNpdla7XkkZg/cOYKvU8QRvnYRl2iIO33CtYOubiYz1hzDvMKwMTAnxIHiVyWHxZvrEgWGqMt2U/wAUZbFe1jOs4WFw2PuMOB5WISwdA7HARvJgCCTN98blE44mYm22BB5Z9JWT86AXO3mXZBrZMGSI1huzWPpPT4I1aLc/1kC05kCJ1jvQguY/EB1RwkQDvgcc+MoVXHgANYZbtO83PQALnPmOdYzsnsPmjioZzzk9W/gqHKyTYbis59xKL8y/v3kCstxF+fdZ3g4qVN8bcs+yx8D1VSTW10lR+Yd/DpZJCTWNsshfiZ/VxJ2fhMQP1ZC58m9ilqXvful2/wDlCfVBuTIFxP6jvPDghUq4qi17DriQYMf05blnYf8AaKAMf5tK2qxx+to2w7yK1KjgTJ7B5qbBP1dBkgKbNJUnW1ix21j/AKXDrY9iy8XpZjXkFw1TvIHRbeJwrHiHNDjxAt6clzOP+HWh30NbGZsJn3kEskFU01QyL2RxI7igjSdAn6KzAf5wECrhh9rhwghVauCZlqN6Ds98FSSjNVJWSm10OnweLfLYeSCR9QuIJzstwPqD9TXcx/deeYel8l2tTlsXIGTjsBbkfyu8wGJ12MfaSLgXgixHUFYFosLvYs8rLH7Qf1UzzafK6mzHMykjgQO+4UQ5MXKPZuP0Ta/I50+qLtPSLB+sd8/2R26ZYP1dnDqL8VjuosObGn/SEehSYMmAcgnoaj+p+CeeHg0H6Y2hh5mw7kB+lHncOQ9Uei+NitNAOxa+Th+Se7yMsskV2Ml+ILvucTzKTXTktj9n3DuU2U42LCuEb/qkS83wZtGg87I52V5lMNEJ6tSFm4nHXAXR02hx4N47vyzFKbkbWHIAJWVXj5jiNg9FYw9X6J2ZqoHTJ2uMLaZQdzPp5qjj9Hse0azQQIsb7lpPu4NGQB81WrusTsjzVQcRpX4LBcXUHlpmYOzPIrJdg8bSMfM/3Ce8i/Vel1BmgOYDmAb7fe4oDhGYrE/qNOZFw10/1R/ZXaGOrNmHm+cADLdtH5XQ19HU3ZNjlb3+VX/wRuTXkH+/4SwZdSq5/wB73OHEkxuISYATBgb/ADWmdDGPuEbbbPZSZoc7XZZ+SkGYxrnXA7r2sjswrpFvtDZ5AkHucFu4DABomZNx1Rg0EkRm0jtF/JQDIZhLX3Cewlp7oTGgfU8cvEDqteJjj52PeENzBt97D3wUJMr5XApLU/ZeKSigXGt1jwi54DZyUKrp5BNUq7BkLnkNqi1km+tAjcAZyyzKkgYUpMuy3b1Mib9PfeiOaDkAOPDbcqJgAHPcPe9ABe63s29Tkmo09Vt8zcqwKd5OZ2bAk9hQGVjtHMeJyPDcucxWCcwkkWGXv3muvrg5b+4DJNVoA/ScgJPM2A7+9Q0TZw7m9pz5k5dLla+gMYGtNObzLJ2g58zYntUtIaKiSMrz/wBvJo7VgYlrmnKHDLnwPQdUWwO7D4zM++GQRA5cjovThaA14vsdk08XAC2RMgbl0LK8w7WjKIIgzuI39VeyC4Cj0nD3HYqr3HaD0Du/NJtWN3brjwKmwatN/v8AsrTHx7jx8VjsxE/udXnxcrDHE5dzQO/NLBrMxQGUkcBPU5BTOPOxo7T6LME7T1MlE1wASTAAknYBvQgFpjFwzWAgyGndcEgjoVz7amsZJgbScghab0majg1n2i8mw5mdmfVZxfkTJAsxu/YXHmlknRV9MiWsYJEXJsY38AtGjVaQHi7RIbx3nkuSoCJ1v9Z/6jzWzoatvH8rdkDyVAbEED+J3cEGuwhh5O81Yp7XO7Bt/CFWJIJO4gcroAbxtQQLns8x5IztnId6EwZ9vr5oSRIyUtxUw318U4bZARPHkeXvwUW2N+R8u5HPvsv6qD2d9p5ZHogJahaD1HmhMz7fYR6b5bfMSOiEBDjuN+R9wgBxmBsNv9X5Heok9Pu7DZw6wiVLPE7QW9uw9QhON52Z9jrHvQCFVgs7Mex3JJCo3bmLHssmQEg6fNTn3z2epUGN7/cqQ3D+3NCAguI2DPjwHBMwSdYm2xSLbfwjPjwTxtNhsQEqZlTcegTPEZekbrIVQzAG3v3++aAg3a7bkE7mQAO/idvZ6KQztkLdpSd4ICs6n4SPKfFZWO0Y1+z19xJ5lbmrEzf12+nVOGCPfv8AshJ55j9HObaLeEgT0EBVKOKewy082m7b7CODQct69FxODa+ZHD1WBjNAA3GZ84HhZCCjhNPsJa0gUybfc4NynNsDKMxtW1SxryJY5zhvaWPHUN81zGI0VqvBJ3wOdz5BM34dYfqJh03cLEbSbZ7ksHX08dU/ed/saPIq43Fgfe+Obh4fhcizRertccrEk5ZD15c4IcO4bPPb4++U2DpamnGNMNBeR2NHafJZOO0m+t9JIazOBYcM8+Z7FmAEXLTy9ffqi4XKTMmcxkTu9UsBCzZFjJ3A7AXHaiMYSZFz+9eByTNBMQJ45n3dHbhXkE/35eSAAxlp/SJj+InLyW/omnEvf2DgLKhRwRMF1hIAbsAzWtQZLjumOlgoBepuLzOQm3hknqDZz8/VPTbDJ2qDRed5QEG0/paeA8lEDbx8ros/SP5fNCnxHihJJo99UzCkXePqPNMMz74oCf8Af33pFs23+OY8kNroMcPC6fWieEHp+CEBF5uHfvWd/MNvb4hRfmOh7T/ZSZGsQcjB5T6JVBY7/NALGMtI+4Hw8Pyg1DluN+x9+4q4TM8RPdPvkqkfTB/SS3sOXQ+KAj8hpu4329lkk3y5uc9vZZJAScLxmTaePvwTgXgHK5O1JJCCYflHYPPxU3UxmTN+kC8BJJASnaffsKGv+rfIHK3qE6SAYNge8z+E7W++P4CdJAQ1Z99g8ynOXAewnSQDOsO71Uagt7zP90kkBSqYEOdsy/J7UjowRa3sj3xvuhJICicGZdGQ8vwPdkOtQcLRtjPLfO/I9OSSSACxjnAltmib21iR4DgitwboAabwAJOUlJJAaDNFuaNbWBI2EZ9s7lf+WNUwBkb9kpJIB/lyG9e4qdMfU7nPinSQFujcRsge+9CabAcT5p0kBBosORQ3jy8kkkJJFvqoEXniD1zTpICMQTwKk4Xns8EkkAOtYA7Rbs2+aM8awkbc+qSSAY2a3eB6+vchNbcj94EduYKSSAjqzdJJJCD/2Q==" class="product_picture" alt="Curry 7 Low">\n                                            </div>\n\n                                        \n                                    \n                                        \n                                        \n                                            <div class="carousel-item">\n                                                <img src="data:image/png;base64,/9j/4AAQSkZJRgABAQAAAQABAAD/2wCEAAoHCBYVFRgVFRYZFRgaGBkYGhoaGhwYGhwYGBgaGRoaGBkcIS4lHB4rIRgYJjgmKy8xNTU1HCQ7QDs0Py40NTEBDAwMEA8QHBISHjQlJCs0OjgxPTQ0NDQ/NjQ0NDQ0MTQ1NDQ0NDQxNTQ2PzE0MTE0NjQ0NDE0NDQ0NDQ0MTY0NP/AABEIANEA8QMBIgACEQEDEQH/xAAcAAEAAQUBAQAAAAAAAAAAAAAABAECAwUGBwj/xAA6EAACAQIDBQYEBQQCAgMAAAAAAQIDEQQhMQUSQVFhBiJxgZHwMqGx0RNCYsHhBxRS8SNyksIkM3P/xAAaAQEAAwEBAQAAAAAAAAAAAAAAAQIEAwUG/8QAKREAAgIBBAEEAQQDAAAAAAAAAAECEQMEEiExYUFRcYETBTKRsSKh8f/aAAwDAQACEQMRAD8A9inKybfBX9Dm6G33UnKK7tr20zS8eJ0GN/8Arn/1l9GeWVNofg2ms5X7qfHnfp9zzda805wxYrt+x3xKCjKUvQ7mWJk89538TY4fadNwUpThF6O8krPzZ45jNqVKnxzbX+Kyj6I1rqq9vM9DQfo2bDcsuS2/QyZtXGXEUe9YbaNGo2qdWE2tVGcZNeKTJR8/QqtNOLaazTTaafR6o9O7E9qvx/8AgrP/AJUu7J/nS1v+pfNZ8Gbc2leNbk7RSGbc6fB2oAMh3AAAAAAAAAAAAAAAAAAAAAAAAAAAAAAAAAAAALJxumuaseNdpaThNR5b0fR/6PZzy/8AqFht2qpWybv/AOSz+cWVxqtVil5a/lCbvFKP3/BxVWRAk7NPy9+ZOrIg4lZZH0cjzkZVMk4fEyjKM4NxlFqUWtVJO6Zq4VU7eFyVB+/fv6Few1R7r2X23HF0IzyUl3Zx5SXFdHqvHobs8O7Lbdlg62+ryhLu1I843ya/UuHi1xPaMFjIVYRqU5KUZK6a95eB5GowvHLjp9G3HPcvJJBwvaftuqblQwy/Eq5xc1nGEuSS+OS5LK/oYeyu3MTTVOli4zlvOynKL3rP80+VpWTvbJp8M6fhlt3B5FdHoIKFTkdAAAAAAAAAAAAAAAAAAAAAAAAAAAAAAChxv9RsLegqlvhkk/N5fv6nZGg7bQvgq3RRfpOLLY0nkjfuis3UX8Hjk4+fuxBxSyNjFcCNiaZ9DJHmpnNUa+7Ua4fyzcUqyZzu0IuFV+q8CRh8V1MsZ8tGmUbSZ0Uai9+/f02Wztq4mmpUcPOa/FW64xzd3ZXguE7ZXXDwuuboYm56j/TvYXd/uZrOWULrSKecs9G2rJrgnzIz5Yxg3JWRCDcqRt+yvZeGHgnNKVS2ctbdIZdPi/0dHXwsJxcWvPinwafBozJEfaDq7j/AUHO8cql1Hdv3vhzvY8aU5Se5vk2KKSpEbZG0pKTo1mlNS3It5bzSurX13o95LpJcDfHKdqtnOdOU4LvRhfLW8HvwknzTuvCb5GTsttupOKp4iMoTVkpyTUZrx0UunE67N0N6+0clKpbX9HUgoVOZ1AAAAAAAAAAAAAAAAAAAAAAAAAAALTUdq4XwlZfob9LP9jbmq7Tv/wCJX/8Azl81Yvj/AHx+Sk/2v4PFpx4rUfEupkmjFOHFZM+lcbPLTo5ztDgm47y/Lr4HPxmehSippp5PkcbtnZ/4Urpd1v0fLwPN1EJQe5fZtwTTW1krYFOVWrCEc22kl1bSXzaPpLZ+GVOnCEdIxSXgkkvoeDf0owm/jo3WUIuXnw+dj6BR5+oybqRojGm2YcXi1TUW4znvTjDuRcmnLjK2kVxZJEUVlNLUyHQbpx+1uyUYSnXw1SdGfxbkWnSlzUoNWszr95vQx1aCkrTzXLgWjNxdoq4p8M4PBdqK1KKmu9FS3KlObb3J8oz1UWs1qlmjudj7YpYiG9B2ekov4ovkzjcbsxzxLp0YXhKO7UasoxTzjK7y3lJJpa6kjZ/ZKvh5qdOvDeWqcZKLXGLzzXkbW8M4W3Uv7OCU4ypco74EPDVnZKVk7c7q/K/HxJhkTs7gAEgAAAAAAAAAAAAAAAAAAAAAoYMZSjOEoSV4yi4tc01Zozllb4X4DoHj/aLYssNPjKEvgl/6y/Uvn9NMz2PE4aFSDhOKlF6p/Vcn1POe0PZqeHbnC86X+Wrj0mv308D2NJrVNKM+/wCzBmwNf5R6OfkuWp3XZ7sfQqUFVxdNTclvKM21GMVo2k1qs8+FjkNlQg69NTyg5wUr6bu8r36Hd/1BqVf7SUKcZPflGM91aQzk8lwe6k+jZGum24448X2ydPFJOT5ogbEwOzaWJ/FwXdk04Sit9wmm1nDf4pr8uR3EGeI7NxrglJNwlGzTXDr9Mup6DsvH4ic6d3CdGdpOok1dbrvB2+Galu5PVXMOp0n41uT4NGLNudUddv8AL+CPjNnwrKMakd9RnGaTbVpx+F5MkQXIvclFZu5h6NBe8jDUpuds3FJp5Wztwd1p4FYRbzlkuC+4nU4IgFJSjBZLyXFnIY/HY+tJwpL8Jqbso2fcsrSnOce673VlrwudRisLKpDdjUlSe9FucVFyspJuK3k0rpNXtxJbsskdMc1B3SfyUlHd60c5sfB4+Ev+evCcM8t28ulpKMfnc3sK9nZPNcC+cGzFLBppfltkt3Ky5eAlPc7aS+CVGlROpVlLxMxrIYXd0k0TIVMrP1CkTRnBancuLEAAAAAAAAAAAAAAAAAAFhpKmPc6iinaKb88nmzY7TlanLrZers/kaLBLvrz+h5Ot1M1mx4Y8W02dscE4uTNoXdGUQPSORy+2+xsKl50LU5/4/kb8vg8suhpKu3MThl+DiIbzjbdcnaVlpaaupr3c9GTI2PwMK0HCpBTj11T5xeqfgbMeq4Ucqtf7Rwnh9Y8M8Ybu22tW36u5vey+KqxrQhTd1OSUovOLXFtc0k3foSNvdlZ0Lzp3qU9f1QX6ktV1XyM/YCEf7icnrGm3HzlFNry+p6uTLjngbjyqMkYSWRJ8HoVesqUW1FzaWUY2cnmlld6K6uy+Cv3pfwjzDb22qjxk5wm4/hydOFuG5lO643lveSR1Owe0KxLjB9ypn3Pyzsrtx5O2dmeRPRzjjU+16+DbHNFycTe4jEVHUhCFO9OSm51N9JwaS3UoayuS4U+ZfCNlmWSnfJGQ7F058FmykIWzk8wrR6sj4jDznKElUcFGW9KKjF76t8DcvhV+Kz8ACTv309TG2pXtK9nZ2ej5OxlRZToQi5OMYxcnvSaSW9KyV5c3ZJX6AGGlhVFWu9brNu1+r8S3ETlH4c7O+fHoZ5y4C1wiCmGxG8t6PB2kuT1/cnxldXNdRhuyb4SVpL6PqSaMrScX5F0yCUACwAAAAAAAAAAAAAAANZtafd3fBvyZp8NHvPpb53NlXleUvF/YgTi4yuvaPJ1mNRzwzSXC4fjyd8buLSJKk+b9ffQyxqeZGg97Rp5Xt9bLj/JWDfF3zdsuGqy98T0k1JWjkydFi5HjO2nmvfEywmmSQVm2lkrvLLTK+fyOb2t2dcZ/wBxhbQqK7cNIyvru/4vpo+nHo6l+Fr3WueXErK7tZ2zz6rkXx5ZQfH/AErKCkuTxmrGSlLeTUrveve+9fO9873O0/p1hFepWeqtCPS/el9I/M3XaDs9DEreVoVEsp8H0nbVddV8jSdlMT/azqYautyUrTi3o2k089Gms0+jPVyahZ8DUeH6rx4MkcThkTfRscd2uhDEzoyT3I2i5rNqery4xV0vFM3dPHxe5uJzU02prOCSWspeitr6M8hxNTenOV7705yv/wBpt/uTNl7Zq4d9yfdvdwecX5cPFWZWf6dF4048OufJMdS1J30evRstXm+L4vkKFNq95Od5N52Vk9IqyWS65mv2S3Xp061akoyXfhF57t1ZTV9G1pxzNm6qvZPM8lpptGxO1ZdKaWXF6LmUeY7uvErv8kyhJa4jdK775fMOUuhJBRxKaMvi3bMt3nyTQsExO+aKkWM7dPmjNCsmXTIMoALAAAAAAAAAAAAA01eNpS8WYpwuTcfTzT55PxRDTOcoqScZK0WTojOLj4Xv5riuTMsJprN2eeavov8ALLLx+bL5owShxWWv8+Rg/Hl03OPmPt6r4Olxl3wzI8vDVW09eI3+fvw5IwRqNZWVruTa5tL8unDh6F0aif24+b4GjFqsWTp8+z4ZVwkuyXCp5r6fcvyfHinl0Iil7+yLo1PX1fmaCpLazTvpfzvzIW2Nk08TDdnk18Ml8UW/quhJhNN2lqs1yv09S+63lzs/TK/7ExlKD3RdMq0pKmeT7Z2PUw092aun8M18Ml05PozL2UwsKmJhGdnFXlZ6NxTaXXO2R6hiaMKsZU5xU42V4vro116o4Ta/Zyrhp/jYe84LPS8oL9S/Muq/k9bFrPzQcJOm1wzHPDskpLlHUdqNvrDQtGzqTuoR5c5y6L5vLnbzfCbRqwqfjKbc27ybz3r6qXNPIw4zFTqzc5ycpO2fTglyXQxo06fSQxwd8t9nLJmcnx0ex7D2gq9KE0rXWa5NOzXqjYXNH2RwcqeGgpZNpyty3m5fujdv36nhZoxU2o9Wb4NuKbKxKooyrOR0LZFVEQKtgFGY2szJYo0TRBlpVbZP1JBBsXQrbrs819CyZBMBanfQuLAAAAAAAAAAsqU01Z6Gqr0d12enB8/sbgx1IJqzVyGrBpmmuv18zFVgpLh7advDJE+rhJR+HvL5keUVxyfXIryiSJSg800kuH78ffIrOhckOlyZbuyWqOGXTYsruS59+mSpSXTIcoSj/Ofo+AVZccvp68SYprin9SydGEtGk+X8MzPDnw84nuXs+/pnTdGX7lRZCfB6ehJp1bdVz5fdECdGUHl/HlyMlKrfx5PP5HXDqlkbjJU16Mhwa5XKNkpcuWohN3eVrceeRGpT3fDLL919iTGV+VuDXKxqKGi2z2Vp13vwf4M+MoruyvrvRus+q+ZD2V2KjCanWmqm68opNRdtN5vVdDqoXu72tlb0zuZEd1qs0Y7U+Dk8MG91F0RJ+/Mpco3r5mc6lmIrShKFoSmpPdbir7vJyXLqSCPSqystNOvAv330IBlBic3015P7lN9816fsybBmKSfMxNvi39Bu+9RYKufL5/bUolz1KgiwVhNx0JcKiehDKb9nrZllKiDYgj0q99fUkF07IAAJAAAAAAALZRT1Vy4AEeWFg+FvDIt/s1wlJej+qJIAIbwXX5faxb/Yc2n4ongigQlglazNbi9nyj3o5rmtV/BvgZ8+njlXPDXTRaMmjmqFW98rNarXwa8STSnu/wDX0szPi8Ek96OWVnbhmRfX5MtjU1Gp9+A6vglwur3d88vDkzImRqVXPdb8PDkZ0y4LxcFGQDHTVrrPJ8uZk/n3kWTWd+lnnyzXvqXJ+Ov1IBW/7PkPfMovP08xf3YAqiqKX+5UAp793KgIAGJ0u9cygAF8KrRYFFslAl06iemplIMY2z4kunK6Lp2VLwAWAAAAAAAAAAAAAAABa1c1WJoWduHB9DbkfF07xvxWf3IYNbGCXDr1uZIy4MtQKljMiphUmupkUiAGuBWMF4FLlYsgFdx/PmFF+2VTK3FAts+T+X3Fny4F9wmKBbuvkN1l9ytxQLNx+/4KqHv/AGXXK3AKKCRcWuRbKYBdJlaFRJ25/UwuV9CkVd2198CUDZAs3erBcqXgAkAAAAAAAAAAAAAAAGprU92TXp4FpscRR3lyfM1jyyeRVklwZTeG8QSXRfUrveJaExQMinx1LoyMKkXprkRQMtym8Y94bwoGVMXMEqiWv1KKbei83khQJG+N8weLv8kV3/JIgGVzMe9/stbLXJafUAyN+1oZcNC7vwRbSoSlr3V70RPpwSVkWSILwAXIAAAAAAAAAAAAAAAAAABgr0FJZ68GZwAaarQlHXT1XqtDFuv/AE/ujfGCph4y4WfNZf7K0TZqU5cr+Zdd8mSHgJLRxfqjHLDTX5b+Gf7kciy3Pl9PuEn0XmUdOf8Ai/SxhnNrV2+/VDkkzNfq9Fb6hJdX5/YwKouvviysZuXwxv0AM8ctEl5fuUcr+/fUx7slk0/R6l9OlOTsotLm7pEUQVuWt/uSo7Ods5W8F+5Jp4SEeF/ElJiyBToylosuZPoYZRzeb+ngSShZIgqACQAAAAAAAAAAAAAAAAAAAAAAAAAAAAAADFPUAgF0jHS+JgAkzgAEAAEgAAAAAAAAA//Z" class="product_picture" alt="Curry 7 Low">\n                                            </div>\n\n                                        \n                                    \n                                        \n                                        \n                                            <div class="carousel-item">\n                                                <img src="data:image/png;base64,/9j/4AAQSkZJRgABAQAAAQABAAD/2wCEAAoHCBYWFRgWFhUYGBgaGBgYGhgcGBgYGBoYGBgZGRgaGBgcIS4lHB4rIRgYJjgmKy8xNTU1GiQ7QDs0Py40NTEBDAwMEA8QGBISHjQhJCE0NDQ0NDQ0NDQ0MTE0NDQxNDQxNTQ0NDY0NjQ0MTQxNDQ0NDQ0ND8xNDQxNDQ0NzQ/Mf/AABEIALwBDAMBIgACEQEDEQH/xAAbAAACAwEBAQAAAAAAAAAAAAACAwEEBQYAB//EAD0QAAIBAgQEAggFAgUEAwAAAAECAAMRBCExQQUSUWFxgQYTIjKRobHwFELB0eFS8RUjYnKCB1OS0iQzQ//EABkBAAMBAQEAAAAAAAAAAAAAAAABAgMEBf/EACgRAAICAQQBAwMFAAAAAAAAAAABAhEDEiExQQQTUWEiQnGBkaHB0f/aAAwDAQACEQMRAD8A1Ck8FhmQzThOwjlkG0BngM8LQUGXnueJLQCIrCh7VJ5asUqRqJAY9HM5j0k4byn1iD2T7wGzdfAzp0WF6tWBVhcEWI6iNME6Pl7CLvabnHuENRbLNTcqf0PcTEbOaJmnJYw7zWwOJse2n2Jgo1jLdCrBgdth69wPp5Qa4+/pMTh2KtqTn/aa4fLS48s4iaGcEcBnQ5G/MO/X77zSqLOeZijBwTdTcdxfQ/SdDSrK6hxoReSyWhLIYJpRjPPc8QEU0jmaKAhMICFu8DmjOWGKUAAVSY1UnlNp71kAJMUTGF5BW8BEB4xYHJaEDAAyItjJeLEYC3aCFjHEGIYReLZoJaASZI6CMC8hlMhKZiGHzz14XqpISMRAJhLeSFkhYwGq0JWigkYqwETicOtRCji4PxB6icBxfhrUXIOmoOxHafQQYnHYNKqcjDwO4PUSk6GnR8ycSaTy5xTh70XKMPA7EbETPtNEaGjRqTewWIBH8zladSdF6PcMrYg3QBUBsXa/KDuF3c9h5kRaWxSaS3L2JNx0tn/eHw/F2NrjlbQbBu3jOx4PwTD0zZlFR/6ns2fZfdX5nvOiVxblsLdLZW8JfpXyYSyo+fGQLzS49hRSqezkj+0vbqB4H6iZfPMWqdFp2rLCGEXMQphM0QxqtDL5SupkkXiAJnkQlWFYRiPIsaLQLSIAHJCyFE8xgIh4AMgvCtAZ4kQOcSHQwPVmKxklJ4U5aKAQHcQoVihThBJIeeLwGQYIEO09e0BA2hRT1RBNaAUP5pIaVeaEoMLCi2pjUAlRY5CYwMX0iw6u1m6ZHpOJxdAoxBn0Di9Mmx6TAx+EV0OzDTx7zVLYFIp+i/AvXtzvdaKnM6F2/oU7DqfIZ6fRExSKqqi8qAcqqMrgbKNhMcU+SmiL7qKqgdbb+JNz5xuBc3zzbc627CaxZnK2btBzkemfKNPM7zZpVOn30mHg61/dt4y9QcA25ifp3tLMmh3G8B66kQPfX2k8d189PhOFGU+h06n39DOa9I+GhH9Yo9lzn2ff46/GY5ofcjTHLoxkqRoF4tQI4Gczdbs2JVYwNEo9+vmLD4w4oZIyVpg4tchsYJaCYYUSgBVod4PLGoICB5iJ4sTGO4iDVjAetGGWAlcVjAZ4rChzPB5xF88G0LChxBMn1UFmketgMZyQGYCLeoTpF8hMLFQxqsSzwjhzPeoiGJLQ0S8atMRgSFBYCU5YSnBDARgqxiYS0owECILExlJLkCUhMzeNg5EHymMo6ia3pBh2Lix0EyKF1JBm6RNm1QbmTl3Ayikcgkbmw+cTga1mE0+I4T2Q66HXsYNUrEnvQeGxwsVA0+fWaVHECwN8j9ZyxuDcazWwuJ5AC4udgMrd5UZWEonUYercZ5Hvv5dJYqU1dGR9GFu46HxBmPSx3MByi00aNfmHQ9P2mnJlwcjxRPw61C4v6tS3Tmy9m3jl8ZxeF9IagqKzsSl/bUAAcpyPKLbXuN8p3v8A1GIODcn3g1IA7kGohI8LAmfLxTE7PC8OE4TUld7BPK0010fSCvTMWyOxB0PhHutwp3Ise5GV/hac/wCjOP50FFj7aD2P9SdPFenS3Qzolo6eAI8DPCzY5Ys6xtcX+q6OqMlKLkgUp3jvw1oxLCeetNCSo5zghTGsRIBiGJemZ4UrS1B9XeFBYlUnmpS2thD5IUFlJcPJ9XNBacj1YjoVmaEJk8gGse72ima8koAuBCVxICiEqiAHi8U1zHW7QXFoAJ5D1gO9t4b1dhAXD3NzEBCOTGXMsBQBYCTTWzAkXsdI6FZGDoO5sAR3OkjiyPQVGJyLqtx3M20rF8kQ+JyAnMenTuMOhJ92qhNtBYzeEVaIcmXsQATci/eZeJw4Oht4w6+PUKPaFrCYmK44i737CbxjKXCJdILiFYUV5yR4dTKeE9La9RkpAKqFulzaYPFuIms2llGgh+jy/wDyE8ZeWDjhk+6ZMZXNL5PoDqVIIyvmJL0ma1zff+5lj1ZewGwy8ZXp8SooQHqIG/oYjXS5HjtOHx5a1tudE1Ru8NocoBYg3zAH69JresAGVhMfDE69c7tl8jn8pl+lvpEMOgp02vWcXv8A9tP6yP6j+UHx2z7sUJSkork5ZbGD/wBQOLipUXDobrTPM52NS1gv/EE37t2nLIdB1yA1JJ0AG8nBYV6zrTpqXdzkL67lmPTUkmfVvRr0epYWxAD1NGrHZj+WmNl2vqe+g9Z5Y+LBR5ZlVnJcF9DMVVIdl9SuRDOSr9iqL7QPjyzuRwGpTpAet9aV/NychA8ATcfMd9ttDGVMUqKXc2AnkeZm9Zap0q4ZrjuL276ONdjexyMU57zZrE1jzLSAF/ZJBJN+oFwOso1+G1VJuh8swfAazycefXLSk381sdbjStlRYXOBFc8U7TYmi36y8YhlakhMuolpSBhhIawSIMBDy8XzSAI31cBGU9a+kBUYmWlQDWM9aBoJNFWBTwvUxxVRE+tJhCoIxHjntAemDGaxNRD1gAJ5VgGr0E2eE8PS3M+Z2BmoXpJooHlNI4m1ZLmkzmaFF2NlQ/C3zmrh8LTQM1Z1yFznYDxltuJobgEDpPnXEOA4io9UmuvLUYk+GwmsMUfuZLk3wdjjvSihSNOmhHt35SNLdbziOJelC10rYZxyG5KOcwSp/iKf0XuF56xPKLC2w7SafozRBu3M3iZo5QjwJRZx74tzkWJ21kpSd/dRj4AmfQcNwqgmlNfPOaVBQMlUDwAlrymlSRPp+7Pmg4TX/wC0/wD4y3w7hmIV1ZaT5EE5Wy3n17BJ7AIRXck81zmvSy7y0lNt6dv+LSnn1QcWuRJaXa6Ofwma30uPhMbh3o3QqUwDTV2zDuxYsXUlXJbmvfmBnW/hASwCOu+hKnwMysPT5KtRUNgSHvqFLDlZSBvdeax15/Gef40ZYo17exvNqTs5jH8NqYD/ADab/wCWtr0nZitjlZHFrnMeybH/AHTk69Z6js7ZvUa9gNSxsqqPgAJ3npN6TYV3/D1sNUqCmwJIcoOblyOTgnI79Z70G4Chc4tlKpzN+HRsyFuR6xjuQMgfE9J7WHJog5yW/Xyc0lvRo+jvBPwtP2haq681R7+6uvq1YaKMizbkgDUW6jCIeVWfKwyX+nx7jTynnpqbMxyU81r5E7Eje20qYjEk+HScU5ucnKQ6L9fHogJJyGplbCsXIq1Bn/8AmmyDqR/UZlU/8x7n3EOX+ph+gmga/TX7zM50lkdvhcfJq/pVdmqcVsNfp3njX2GZ3P3/AGHc5TIbEWyBz3P34+V+pk/ireyDnuen8/TTW82Mw+K4RDTLKgDg3JAzOftX+um0wRTzm3ia45VQm2ROh7gDIZXz6TLec2VK9jWDdDaZEYagEoXMelpBdDPWSVa5ikXmMvIgAygB5FtrIvIcd5AK/wBUBFJ3EVzkxjIOkNEklALRMctOwzns4D3jEDVe2hnkeKdJUxLtosVjo11xg0Y27xWIdjo1xOL4jSxJbmQ6bQKPHKyZOjDvbKaqYnD2Opr4cn80ysXiWQ2Nz32lZfSJDqflE1+MI2pBj1REosd/iR6Qv8TPSZVXiCbWlVuIpF+Cq9zqcNxEHIrczXweLI1QWnD4biyX1tNzCszke17PjGpSXRLin2dkmJQC5YL2vM96iAgg4ioQbi9SqFuMxkpAPwgYFKabAnqc5qrxNF0F436jWzr8E0l1ZU/E1qjXCkA9b2HxlDGVEoVHq1g4opyIDzZ1Kz3DMiauqKN7/mIGU1q3FeccoAW2ZNwAFGbEk6ACch6X4CpXxNFKLrUSonNTKtzAC/tu/QAEZjK1rZzXw/GWp6pN3u7/AKFkm6W1FTDcBXFY1jTqmrQNqlSpy8jDmJ/yz/rytlay52FgJ9Np01UBQAAAAAMgABYAdBEcE4QmGpLSTbNmPvOx95j49NgANoWPrWHKNd+wm+bI5tLpcGSRVx2KF7Jpv3MzqjlyEXf3j0H7wsQ4QZ67fvMzAY/lZuYZEjPtPPy5oymsV/n/AA3jBqOr9jfyVQFFgMhM3G46wujr/qYXY+AK6fDv1jMXX9kMpyzOh7DbTXWYz1Cxvqpz5brswzva/U27zobUUSotmh/iPMLqpVjewNzl1BsM7k5eJz29hcUAbnbPci46gRFGrYWYXF+n3aeaiGN1a3UbHMb9cpk5stRRefG85LEa+6fr9gxT1ryEo/KEKImcpWykkiEeNTPwgqgvHKJIDkPSGGlckie5oxE1WvvE+qEYVM96uAzzsBpJFSSUBkmh3EBAeskM99IXqR1EW5A3gMEC/eLZe0F8QRAOLG4ksaL1DDqy95XxGAHQGQmJ5c1v4QxjeY2YW7wGZVbhaHVB8JnVuC0ugnQYg76xD0b9oAczW4ImwlGpwIHTKdg2HHSeSlsBHYzhanBSNDLnD8TWo5FOdeu87NOHL+YQGwC3sI9TFsc6PSEfmDDygt6Rj8qsxnQvwxd7HykJwtCQAoJJsABK1MWw6vwevVwKFEDVKyI7G4B5XYk01vkAFVeY78xE3PRL0bXCIbhTVf8A+xgMuoRb58o+Zz6AbeAplKapsoCjwAkYrE8oyzP07mdcJy06Vwc0+bF4vE8uQzY/KZVaoF9onPpJxFUAFmPie8x8RVd2sFbwsZyeV5Dxx0wVt/waYsdu3wKxVW9yZTRLgnrp4TUXhxtd8u23/I7+EquCfd+PW2oH3+85PG8eULnk5Z0SyJ/THgRTY2A6HxsCLfO/yjGyHXbvYm2vnp4xnKoytY9sz1zhLTtn/NvCdbkQAiE5nLt96SzTGwyiGJkJUIMhuwo0FhBLxVNpYR4CI5ILuF1jK1QKO+wlByTmYMFuP/E36xgYHSV0WWEEEDHqYXNFFpPNGIaKa9YNXlUSHq95RrONzBgkRVrnaUqle2sNkLaaddBCSiq7XPWSXsIBJ2y6meDgd+8e6gwBhSdIAKNYxlNSY1KQHcxo7XhQWThqnLtfxlpaQc5C0ihgyczNGgQukdCsp/4b2gHC8ugM1i9xlKlTFAZamFBZT5baxOIBOYl3nvrPFQe8QGci3nQ8GwCInPq7ZX6L0HjuZXwOBDm5FkGvfsJp4msFGWWwE2xwb3IlLol8RlYd5mYvEBRcnL5k9B3iHxH5QCxPuqNSf27y1guHEtzvZn2H5U8Op7y5OV6Yc9vpGdLllXD4RnIdweqIMz4n+ZcfiKqeRkYEbWsfgdovH8ZSndadnfdvyj/2PymBiMfUf33Zs72JNvIaRfTBUt32/cqnLdljH4su1vy390Ha2ptrFpSy9kZn6eU9gqfMc9Bn97fWXiwGx8ZnKVlpVsUVw9oDJ3l0pfTOCaN9JFDsohCYXLaXfwpGgk0sAb3aFBZURz0lg1+XTMxlRwMgBbr+0rctzkIuA5ADm9zn4w+UHSSEzjlpwGRRp31jiyyvXc6aCJDRiLFSrbQEwkJtK6RnNGJnnS+p+EUtLz8Za5RJRCdoqHZWZJK4cnaaKYXrHqoGkekLM1MJbMwykvtT6mCEA0z7x0KyiMNftHU6Cr3MmpBRicoAMap3latXA1hVGGw8z+giDSuesTY0jwxhOmQ+9YxEL5nK0sU8IABa3nHtTuLAef7QoLMm7XyE0MDhi5CnxPYbyxRwugtnL6cqDlXXVm+9pcIWyJSoKpZAALAATOIao2WSj8x0Ha257RlVS7WLezsBfmb9h3lTG8XWmORAGYf+C/8At9+E6LUUZJNmg/qqK8zELcWuc3e2eW5+kw+I8YdwUX2E6C92H+o6+QtM/EuWu97tvc3MpPXA1NvHyH6iZSnfGxrGNcjx8v4khtABcmwt8f23lKniWduVFJP0F9zsNJr4XCcmZPM5GZ2FthMm6NCwg5Ba+e+msMVQdT8ohhH0EAzvc/IeH7ybEXKCLuPL95a5RsJnipaWqVfrKJHchgtTJ2y+saj/ANoRqDrARVqqAMwfACJfDhtPpLbPfTOS2WQ16woZQbC8uW8VUpk2APif0l8pIawiodlB6BMU+GIIE1Av9otkuYUFlBlttB5+0vPQgfhvu8AsKnhDvLaUwI1Ebc+VhJZetjKomxfKTCsB95QmPkOn3rEu0YA1X6xDPJdvM9IS4Xdz5D9TJGIJk2J3sOka6DYfoIlqRtfOIYSrJLqMr5/OZzc50Nh1I18BvIvbT47mAUawYak+X7whifCY3P1gtibQsKN18cFUG9r5ZAlv+KjWU6/ElAyv4EZ+JBt87CY+K4jdGVl25geltxONxfpG4JVFX/dYjr3Pb4TSMnVC0o7bEcUYgqDyKdc82Hc2Hw0mTW4gi5A/fjOOrcUqvqfqflPUK73uQrf7hf5HL5RN+5SR01HFVajctBGc78oLAeJ0G2Zm7hvRZns9duQ7ohBJ8W0Hleczg+PYgALz2A2ACj5ZTRo8cqnVj5ydQbnYU+H00XlRQg3I1PidSYqqgUa3+95zicVcnM5dR+ku0sRzaffjFYUWKlXqfkPlFriTIRLxy4cH7+kQDaWJXpnLIcbkft/MUKIUa5+HyES9SwuVJPS/0jEXDirb3kc/NvaZ/ve6pBPW0s0MMdz7OW+v8RBVGhQIA18OsYz95WP2ZHJfYShFpKkcLAXOvT95RLhNrk6D9T2/aJ/EnfWAF4m8lViKOIBlhTvACHyiC57SK+Z6fOK5IgNU4i+mQiy8olzeMLm0qxUPZxBUc2mQ6/esotUJvnBFdupk2OjVWmq6fGedBqWmYmIbrPPUNten1jsKLp11HhPMOufbaAqAaQ1gBRqqzdos07becv1dpTqSRlJz0HnBFJul5oqI5YUOzIbB3BmLifRxGPsix6befSdvTQZ+Uf6lb2sP1+MqhWfN29GWXQc3hl8BFngbjVWHlf5ifQalARRQRUOzhU4cB1+FpbTBi1uU28851iUwSL9ZLAFrEC3LfQawoDl1wZt7K/xLGHw7j81p0lHDr/SPhAxdJQpYKL+HhFQGYlBjkGJ+FvOWEoOMg1/KX8MRb3V+EfGJsyTTff6GLSg5Od7eE16gk00BOfQQoLK9HCAZ5/v4xpWW9oDHOMVlWwnt7Wvv5S037zLrEnUnPXvFwCGuSxvr4ZiCtEw8FkthoNBsPCNYQGepU7dINWr0OX1+cJly1Ov7xDaxiPes7T1optTIEko//9k=" class="product_picture" alt="Curry 7 Low">\n                                            </div>\n\n                                        \n                                    \n                                </div>\n                            </a>\n\n                            <button class="next_pic" type="button">\n                                <span class="carousel-control-next-icon" aria-hidden="true"></span>\n                            </button>\n                        </div>\n\n                        <a href="/products/9+1">\n                            <div class="product_info_div">\n                                <span class="product_name_span">\n                                    Curry 7 Low\n                                    <span>\n                                        ($52.70)\n                                    </span>\n                                </span>\n                                <button class="purchase_product">&dollar; Purchase</button>\n                            </div>\n                        </a>\n                    </div>\n                \n                \n            \n                \n                \n                    <div class="each_product_div">\n                        <div id="carouselExampleControls" class="carousel slide product_picture_div" data-bs-ride="carousel">\n                            <button class="prev_pic" type="button">\n                                <span class="carousel-control-prev-icon" aria-hidden="true"></span>\n                            </button>\n\n                            <a href="/products/6+2" class="slide_show_pictures_link_tag">\n                                <div class="carousel-inner product_pictures_slideshow_div">\n                                    <div class="carousel-item active">\n                                        <img src="data:image/png;base64,UklGRlpbAABXRUJQVlA4WAoAAAAoAAAArwQArwQASUNDUKgBAAAAAAGobGNtcwIQAABtbnRyUkdCIFhZWiAH3AABABkAAwApADlhY3NwQVBQTAAAAAAAAAAAAAAAAAAAAAAAAAAAAAAAAAAA9tYAAQAAAADTLWxjbXMAAAAAAAAAAAAAAAAAAAAAAAAAAAAAAAAAAAAAAAAAAAAAAAAAAAAAAAAAAAAAAAlkZXNjAAAA8AAAAF9jcHJ0AAABTAAAAAx3dHB0AAABWAAAABRyWFlaAAABbAAAABRnWFlaAAABgAAAABRiWFlaAAABlAAAABRyVFJDAAABDAAAAEBnVFJDAAABDAAAAEBiVFJDAAABDAAAAEBkZXNjAAAAAAAAAAVjMmNpAAAAAAAAAAAAAAAAY3VydgAAAAAAAAAaAAAAywHJA2MFkghrC/YQPxVRGzQh8SmQMhg7kkYFUXdd7WtwegWJsZp8rGm/fdPD6TD//3RleHQAAAAAQ0MwAFhZWiAAAAAAAAD21gABAAAAANMtWFlaIAAAAAAAAG+iAAA49QAAA5BYWVogAAAAAAAAYpkAALeFAAAY2lhZWiAAAAAAAAAkoAAAD4QAALbPVlA4IMpYAACQNAKdASqwBLAEPlEokUajoqQhoPQYWIAKCWlu+BN+k/YKqKtuCVEB6Ry12f/N/VRjekgLHjRSnvrv++xzb7/D8wjlnz2kT3v3geY/8B3xf+n6qf1T/1+st/2vXp/bv/P6qP6P/p/2q99n8APff/tfUI/r/+j9fv+3e0T6C3l1/t38R/9o/5/7mZj16R8xtiP5v16d0f5DwL7IX9v3s/LXUL/MP7H5lX3Pafaz/u/QR98vxvo1Ta/u7UF87u9o9l9gT9Z+rn/ueVr7N9hbpz+kgDevELjfU1ATGIXG+pqAmMQuN9TUBMYhcb6moCYxC431NQExiFxvqagJjELjfU1ATGIXG+pqAmMQuN9TUBMYhcb6moCYxC431NQExiFxvqagJjELjfU1ATGIXG+pqAmMQuN9TUBMYhcb6moCYxC431NQExiFxvqagJjELjfU1ATGIXG+pqAmMQuN9TUBMYhcb6moCYxC431NQExiFxvqagJjELjfU1ATGIXG+pqAmMQuN9TUBMYhcb6moCYxC431NQExiFxvqagJjELjfU1ATGIXG+pqAmMQuN9TUBMYhcb6moCYxC431NQExiFxvqagJjELjfU1ATGIXG+pqAmMQuN9TUBMYhcb6moCYxC431NQExiFxvqagJjELjfU1ATGIXG+pqAmMQuN9TUBMYhcb6moCYxC431NQExiFxvqagJjELjfU1ATGIXG+pqAmMQuN9TUBMYhcb6moCYxC431NQExiFxvqagJjELjfU1ATGIXG+pqAmMQuN9TUBMYhcb6moCYxC431NQExiFxvqagJjELjfU1ATGIXG+pqAmMQuN9TUBMYhcb6moCYxC431NQExiFxvqagJjELjfU1ATGIXG+pqAmMQuN9TUBMYhcb6moCYxC431NQExiFxvqagJjELjfU1ATGIXG+pqAmMQuN9TUBMYhcb6moCYxC431NQExiFxvqagJjELjfU1ATGIXG+pqAmMQuN9TUBMYhcb6moCYxC431NQExiFxvqagJjELjfU1ATGIXG+pqAmMQuN9TUBMYhcb6moCYxC431NQExiFxvqagJjELjfU1ATGIXG+pqAmMQuN9TUBMYhcb6moCYxC431NQExiFxvqagJjELjfU1ATGIXG+pqAmMQuN9TUBMYhcb6moCYxC431NQExiFxvqagJjELjfU1ATGIXG+pqAmMQuN9TUBMYhcb6moCYxC431NQExiFxvqagJjELjfU1ATGIXG+pqAmMQuN9TUBMYhcb6moCYxC431NQExiFxvqagJjELjfU1ATGIXG+pqAmMQuN9TUBMYhcb6moCYxC431NQExiFxvqagJjELjfU1ATGIXG+pqAmMQuN9TUBMYhcb6moCYxC431NQExiFxvqagJjELjfU1ATGIXG+pqAmMQuN9TUBMYhcb6moCYxC431NQExiFxvqagJjELjfU1ATGIXG+pqAmMQuN9TUBMYhcb6moCYxC431NQExiFxvqagJjELjfU1ATGIXG+pqAmMQuN9TUBMYhcb6moCYxC431NQExiFxvqagJjELjfU1ATGIXG+pqAmMQuN9TUBMYhcb6moCYxC431NQExiFxvqagJjELjfU1ATGIXG+pqAmMQuN9TUBMYhcb6moCYxC431NQExiFxvqagJjELjfU1ATGIXG+pqAmMQuN9TUBMYhcb6moCYxC431NQExiFxvqagJjELjfU1ATGIXG+pqAmMQuN9TUBMYhcb6moCYxC431NQExiFxvqagJjELjfU1ATGIXG+pqAmMQuN9TUBMYhcb6moCYxC431NQExiFxvqagJjELjfU1ATGIXG+pqAmMQuN9TUBMYhcb6moCYxC431NQExiFxvqagJjELjfU1ARV2DnTng870yMiPfp18FnhcsaTayaHEsmCFeMhnV5wzNlWSalkxlDR837r73U3oYF6WH1idkzYJROhs43kKG0Vu5h9MxDKzddW+Q/VlzC9DCL9VM9bu2Ycc3LqIur8ugae2xmItacfX6xCa5PzrHRuTuyUJXaUN097Dublv7rA3J7le90/8YnMD4PtlkET6vOfOg00AtGM8iTZoHbuZ1PzdqODjfKV8b6moCYxC431NQExiFust/BTf+2QBMJW5oTkcsohn4m7jnqrAY0wWST2/Xk2MTjqyEzlvmQ/tZoe2ApkqRoeehsYxs3wknDqWCWZj1KLpJmbGDB3jxu+NjvmrIEAen4fGYJtcbzU3VEPHMXI3pua8URlQEjSz/572OeKEsdTMzkoC2UbXO2OirsEOq/rNBlbjgRutGnqsT9iPXiQzUfagsTj4JiHl90PKKPynk0vwv8oGCZUGyFH+m0sjBIWKfsVg4gOS9U7E9qEyt8RH3/weItIIo8cEDPQCsVUBlX64rAdzk/0ZmSW7WyPnlKTb4AIVcKUoBDOLOr21CkAQmokWLqmsxcb6moCYxC431NQExVEEFaw1V/vt8j7boG7bT1BxKcqQh4SotHfQ+CAtJ9hMJxcniQkPhmKRpRdWDTfsVDHnT/lnVhHv4nvszpUKBBcmVq553MY89VwWjz1LtKmq9RDhLrHc0iMmXAAHaEyMTcOHvRutD/BwIHh6jZdaMJ9tVoEe/hcxgGhjglcBEAl6PTDgZU/gsHUd53jePZFsfUANERvKDCLgiIqAEJlrgwjkKofAtVC+rCYPEwDck39QmZqlrlmYGj87G+mYEQ1qasoa+BlbVPbGQQEzFfxViUBgxxFv4iR6PHK/8nHvbQDRglzwhqju4foVzuYqLwMHhJcPbWrGJV0VJRhagJjELjfU1ATGIXG+m9tf98BSBYT/Ww/XYhWjWPmuMB2M0njXPv9KGInvcqvvG/QWneiupOLAESgcbwHgdjgTPExRxpDdxl57FCO4D0zzYUVFg+6Av+P8Bu/Q26tMcYAAkKvlxMK1Az92OD8cyVJP3vgMXx3ykSd1tVoJIM8ClZhXLtJ/QQokR/MaCFpUzHeqVDzdhdqb1BMvspVgSZK1DdZgRpWzaO7b5ITNLu0EkDjbx3lRRXXsTacln+FYux6Udcf/hSq0DDyljyJORFmrDh5WKiZwHmECakdj9Aesbx7HpbhGq3d+/BUqLxGCtl9E9sJ1STkoQJkuEuNk95GYmMV0OnSSEO3YpUMLctPvOnDrAExiFxvqagJjELjcezITgFldmMR3tjuVlM6dIagrALrfoP99bOgdIFwso2McYHZMGh2NJTvsm55umfsFz0ydX/Z/ioHJ/V4SVvIJsdyO1vsqhw+zMOyVhkvGWWFTkKLZz3JOi9d9miTDyyt7yalWguALjN8wKUKjINysjw9c3PKL8KgYqOet2qQ00gYajAU9a+oNeS7N2uR4XKHJAib822ln9zs2zUNlX6dBFj+nH//sirA5qTVoNvEPLROhuQuuFUAkCGKz2LH9GFH7B8cHEFXXRvqagJjELjfU1ATFTryRA/fAkPRLrrg4BEekh0LJr72liqFy/PIVZ/lc+5JXkcIM+m6CGHN9rZx9s9Y8Y5Bv0uSsfK98+Ky5CPCmhE6iQLz/m6fpd4XY3bV51q+TDIdRFTeYQ5RWJjuUBWZ6TqYncUaSF/cE2tnBC0EexL+UBFy460K5IYR8yXh3Yd3SHgnlB59ZYoqy3cGaSk/zRaBtBGcn2FQVqbP+XbhWAJjELjfU1ATGIXG+J9f4exfJN1uTeyoWQY/2V8PqcgY7HbQniwKNmHL/HeUbyq3f7qICdSHw8XgvcNv5uKaU1VtD73Iydw7eGGUBdaZJGLY5vq6p05nFiyUdGJWbo1BiLrjvHA36Ed4X5AR2zyzUlyXNphYEH/oIvA1xIO3IU/gB72OFzsk0kQx8a67/wE9SSRGFalMIo2qvajBnKSrZPvBF0b6moCYxC431NQExg/+doWRpYSCJIy1eeWI/Gp76LRSr5Hum21Dv4ZBHBNOtMABN2J4Pu8OTSecBgI5qyJ9+2tqiAMZmC9GasiVbsa86SZ1dTf/o3Cae+NuKzLaD6yESluc8Kc1HTZhuRLQWpi11S/29vko6IHFkgdtferXTpg9buukiPy2PdcO2PKKYpg4FodiqWDqyXG+pqAmMQuN9TUBMYhcb6lsA09kK+VWTEG2776msm9wreMRnK9tXWsYu0XhfpQW8IEPNytYJilpCfbwHITT4d6FUWeElz6Qu9AvYYE9VXvvnLQGsU6zVKXUxcFQv8JQXmGboiClpe+GawpAaxQtTHVHO/smP9OET6qKCsN1znZ1RdqDx5ELAExiFxvqagJjELjfU1ATFS7CEhf6J4M/bHnXfserZ9l4c5gNzeJXpwoBJyN/axtwzGEpFh1vx0xiN76TshhgiqXzp4qBkKP5MPkBqgM80wq6Avji8Q7t7k+M4fedZIsP8J5GR16QtQi4st9Qqv0g5R10rmOG7DFmTfEM6gXWSYmSIuGEnfw/u18fC7eWTWpEujp7Jau6vVcdQfySYRfmov7sTuQaG2DwI4hy6iNaUs3vGk5/MtGOuPomT3MVM8BB/nMjc7qoWZU/S2VzFxvqagJjELjfU1ATGIXF7y/0R/M//6cI8CV+HnXUTK9F450ETn2DfXMUgguRd6jZHV3URpguJ0ArqdDkyCYt9ZNq9RL0ubr7JxuaIgtX2Tjc0RBS1P2GyYM2vSwwQV/+nSbm2WSCky5GXW/lHDrQkOgZ2TV3ewUvHgpfRHAJkcBOuNLS+2vK9sslo0FvrcmlER2qp9ZoXG+pqAmMQuN9TUBMYhbuFVXBtFFkrcIrgGlmOkT+QtdeKqeo9x1gCYxC431QGEScFZk6wpees26MTKEgyyfNgIUODYHHcagJjELjfU1ATGIXG+pqAmonU1ATGIXG+pqAmMQuN9TYLQ2md1NQExiFxvqagJjELjfU1ATGIXG+pqAmMQuN9TUBMYhcb6moCYxC431NQExiFxvqagJjELjfU1ATGIXG+pqAmMQuN9TUBMYhcb6moCYxC431NQExiFxvqagJjELjfU1ATGIXG+pqAmMQuN9TUBMYhcb6moCYxC431NQExiFxvqagJjELjfU1ATGIXG+pqAmMQuN9TUBMYhcb6moCYxC431NQExiFxvqagJjELjfU1ATGIXG+pqAmMQuN9TUBMYhcb6moCYxC431NQExiFxvqagJjELjfU1ATGIXG+pqAmMQuN9TUBMYhcb6moCYxC431NQExiFxvqagJjELjfU1ATGIXG+pqAmMQuN9TUBMYhcb6moCYxC431NQExiFxvqagJjELjfU1ATGIXG+pqAmMQuN9TUBMYhcb6moCYxC431NQExiFxvqagJjELjfU1ATGIXG+pqAmMQuN9TUBMYhcb6moCYxC431NQExiFxvqagJjELjfU1ATGIXG+pqAmMQuN9TUBMYhcb6moCYxC431NQExiFxvqagJjELjfU1ATGIXG+pqAmMQuN9TUBMYhcb6moCYxC431NQExiFxvqagJjELjfU1ATGIXG+pqAmMQuN9TUBMYhcb6moCYxC431NQExiFxvqagJjELjfU1ATGIXG+pqAmMQuN9TUBMYhcb6moCYxC431NQExiFxvqagJjELjfU1ATGIXG+pqAmMQuN9TUBMYhcb6moCYxC431NQExiFxvqagJjELjfU1ATGIXG+pqAmMQuN9TUBMYhcb6moCYxC431NQExiFxvqagJjELjfU1ATGIXG+pqAmMQuN9TUBMYhcb6moCYxC431NQExiFxvqagJjELjfU1ATGIXG+pqAmMQuN9TUBMYhcb6moCYxC431NQExiFxvqagJjELjfU1ATGIXG+pqAmMQuN9TUBMYhcb6moCYxC431NQExiFxvqagJjELjfU1ATGIXG+pqAmMQuN9TUBMYhcb6moCYxC431NQExiFxvqagJjELjfU1ATGIXG+pqAmMQuN9TUBMYhcb6moCYxC431NQExiFxvqagJjELjfU1ATGIXG+pqAmMQuN9TUBMYhcb6moCYxC431NQExiFxvqagJjELjfU1ATGIXG+pqAmMQuN9TUBMYfwAP7/8q0AAAAAAAAAAAAAAAAAAAAAAAAAAAAAAAAAAAAAAAAAAAAAAAAAAAAAAAAAAAAAAAAAAAAAAAAAAAAAAAAAAAAAAAAAAAAAAAAAAAAAAAAAAAAAAAAAAAABBaWVwZ/WiAAW9iurn+rkzvupJhIUQRNfhnFcFAGVIKYKAojpRnsvD3H8HJgT3/TJnmS8V1wK5xD0NofO44s/4eJMItFz5mRHCJSefYD2njrVR5JYfkgPKBcYijhJxoCLvSO3SIuM6DiB61ercO4iF216ospW05nswRcqivTI90FCGcmkvUqsUM2EPM1e/0opgBFmxMKyZV3Y/4+6eF2TX07yhhYGy+e8EiPI6tE0ZqhJrXYu6BJsTlJDQnNuTe0I9csfc5BXXgi7ij2LHXKxDLTJexyyuPe+tYMk4V5o6Wnxawz2CAeYO9sU0WJKM6wYNBcbuLlQNB4IQCuDD0Y4p4sfM5MZ1mWNJ4DXjZ1jZdKGpYFEwpVjjzyJ7l41NEXOF/2eKr2rHZb3pcebm1klnSHELjWxuDQ0kOEZuMj30afJ0hSMDoFu4AV1FndoufILrL6/CvRf2QJLdJvJmkbXzEjOW2ATeEhh14erQwj7NCavFGcIN0O+CtRYlIWnM3jFl4GT8GtlzCzjjTLVlFdodOcXmApGfvomVPICogf+01o9KgJb0BITE6tHsZBib5c8AumdRbM1NfE+u6VcjZlMKqUtg8HJ13PykYQOj2031ZQDU9dz7l5mnTX3hp9jkMPDn/i45o9t25iWee3F99WZPX4/6RUfvNYiHL3wb4ORw3v/YFcofPhLTpW7B9+9UnL8hmz4TPR58XSCItjGRLxw1QzpGyZNZfe/fbsmmPseF4W1778lpJjT5/+5+F0SALRw73P377XmWF2g0fi+W60YGR1FnRfBZTceKIvqAEGcc1/Bhvh6lxUHr5ckOSKtCdC3uhbdlOvWlzL41Ky6BYjZLYayXqVaQGLX1gjJclPNolqxE7uJf6uS62Xvnat1EsW+kIVfiwM15nG7YJOVtzeQsZJ2WUPwATG7Zi8fGTkJUkQFPV5PW3vZ9rADGifzOsrzdOzTvrhz/wGA3cmlC8YZ6n8DW9eN7Pkm+aLfURgzlmtr0+IXCzrNN7MudRWwF6rgbKenMYzun9nFsXBDOTbcs0abaujnJrOT97QfSp/UV+RPD2zjzsw0hETPo8qO6Fqn6TmE6I58CU+ikaZIXkzha6tV6sOrzTvLQzlxXQT7MOtsGLqXAsYVDbap/5QgdmKHhjpawTtI5mbvhiaY+IAhdH7H1CKJK0YtSXZs81gC7k0pu8NY2DieKySF8oAtMGE/p2GR5Rljg1nBnfmwpqmBYSEq7h9hWRHse+ZSVCZn2Xp1UYFbenjGwHf0wTEdUaDK59WScVJIZi0UHPdrku/xRXOsLqg/L4P3J7gLi9VceMhqnXR2Pq5qlviaQ42+nxUR+7uT0RTgGEbUKmDLXeS5N1czOWnHaTQQKmqINkHbCyKuGz0sWNfTug9yf/z5i5JxH+jeZWrNlMO3y8W0ZUFDQvd68CDP6S/RvTL8ahLkccM3fWRTHwUAxnlkSvy2zhZC9tJWN9J6+9CU/k8I07/+bYKdqMSizkbu+uHuOAfde/2q6VzeU75+uJgPZYk49mBwAEngjCKLoNQctmxh//LBoQ3QZhJFIbhxTyJ3hq/1yAtLooxWxY6xQ9H1wFXuVhtMohVDIVqNJjSmW2ycwOX/13sGKJRxCGWanKSUZxyOq/8jnKEyAQ4vRaG4eCjrlj6Itj8fPbVnDuU/3GPfBkepfsZDf/UCwk/Xcbw/CP/D954HyRAxbm3lsYjyL1K5gwYpJY8QjQ/Dy5hRr6y3Def+qUDTiXaILHHaOYQZdf4fjMhM3qw/YVOF3EvinuSYfJgN/V9wOSz3TrUwhPCDx1EFk5wix11WTJRF8qIkeKhYwpVQZUdjL3vt/yCisqDRd9xKiobHUWk0c3Tpe3tnq7ytewIV/LPTZ+xC/X0q43pPhVABsz1G1qLblwFxB9/tzZXTcEHdidu4JSP+AvswAw1ST0tgkYnSvtiTQ9TJzZrPHvL1IYZv1aSuP5fYBBGBFNpKIUYMUUkOlT8V1ZwVx0FDPHwgS6P9Ptq9ZHg1TQWklhUSxwOk0P7Xe92y+rTahyIxNt6bhjMhPiq8pVqEk9IkNspj/y/aYcIMKBqdtd1Q5uZBLsC7w46HHDdTbpp/9awxjhTrHffPtCLy2o2I7tSh/0hUndy+bUIHjusDsb4PUApUT+feSmQQ70sOpmK4A94qBg79QkUANDeXhPQ/X3WWkiF4JBuOhq6AZjKMW7DK6DtImETQcfwLWHwpSzg01QEkFVJpgSC02yfukgBDmQlroxXVHbUalyBdBfEpaQTD26ttZVWduOhiklOr4xEm/6FloTvCqw1Bm4nRPLFEZRAKjdrB5EsC7skbq6XWbdYjcZRlUQXG5ltjXx/2gu9WJ3shaCscsLhfiNIKVgXUW8PX4fsK6XYP3GdxB5b+AkvADwkQU3NNcryTIXqHKpe+f8/DbAvgwQqSE5kv35pjjwnrECGI/VRhvGYhQe2Z+m6L5JKXb6419yWBUgrnW9wdFOnuQhRm6m0diumL7Fs0tzjZdgiDwIgEx/XNF1U2DtR9m66Y2f/l5ZFSAa6Y8w0IliHbjbj02SD/WtZf4mKt/g8uTwZSlwnJjo9Whkdxgb718NVv3nnreT8aaJCZopLsOKL8aPjNCH/UMTbOvly0M2vjX39fWcGEaKeNZMb8zJEXmuO7JpK/c5LvjgCiRKeQhudQK9E8ADrYRfzdOZS5GgoISk3xf53ssYxOp1Ddj3mbndsTiPCoEp7n9X0tHd6DAIKQf958AlaNLOTYQMVIncupHg+puWLnBYKwyBln3Lp+d8vG/Vetvt0bufSi6jLLT5zchvOHxySps9ZxeRZOePeXO1gYoKdQ9m3GKrB7zn+WzSIG7RNjghoYSm1+U/mc30L1dG7emc9TAwjLEFIlOnpBhpjxoyi9sPJbZjXwq4/UJx02BNaxiMp+Md3knjltEBpoI4hkeBaR0i0U+JbZaI30dgKO1d0I9KSyA6OTjmBDTessc7RZ95aJMjkHSgYesWXGaIh2EiTI1Az77XNc5/1c3C0k0HxP1qI6Hu/0ChzXjd5epljkazMcvnB9XuT/NtdNIXhygfAbWzE9pwVKlhUelU1ho7uG1yTtLNu2zqWw1T/vttUo5RLMjCbCztarInqoXeUiQWMIIg1IajTqdhj/KY5Gqc1KlFZm5MKq9jB7ZJMafOmxGHSSHjqooZGL8mPI7tGV8F5GKbErMaUX89bRburtKaVz+jua3z0ztiRI78eRmJMGPcLEXazwePmwyo9uBPOLN9OdY1B+uo/8wL7ial77xyBLuEdYbmFlpXuQymJg+GVS7CQ78GPYCmQmO7pGkG3l4IKZQiK8uGrngRkTY3CNquI3XOx7ZpXpYO8pxSzVb2dM8GVLSJuE10P+I+OiyB9DtgpH2BpP2v2OnJPMlJ5O1antRmrZCJRQ9/ftDF1qWv2oa321X5kGntf05urCMSYxQbXtu9mAyeIXRkJqmRf/uSP0TR8HrkZTspF3cuAVm1uA2DWNTZgBUP82ExO1w1gfk8oY5CT5EGuN6Q1sjnCyP48AVyieI0MfjEY5LgG6C/fktWoXbdWc7guZwwmMED8+8h4sapAvCXAYy60tzjwCDYCg36S5buZM7ivSZ5pXBdzgv86Dz2iMIAZR54T0jfDBGhLmxFWG0S5bOVbsIYkiTpNGJnCCXl1hlrIQzCo+1mCer/bPubgv7zwgbVVE8hRgh2nyagh2qiUTlutBmfiHIZQxXMmtF7lgKRe46QeVsgtpvAZymm8qScP1MdkHFJi3cbhzBcNeAtJOn6W/QYa2aUbXP/p7lEEoDaeZBR5g28EvOV91aZvPrcKTbnNBbrzai1UAskrDKcJGAaSH1E4QLK7kVkl4Daj4ReyfzZdMoAzcy7a5uAZpnuFcG4hVPE8+INLJyZOEUDV/3fKQ3AzfBHLDDwhOgECvAa6m9PUdJNBUSNNRyTGtqRHoLwTQhbb0I2xShYlFdolFP+du8viCfzyoluA6fA9T1IiNgCkQFvQBwyjYle4g60gwrSCCG5Ol/t7lRgTg7XkK7+OOfr+lqkclFoEmHDkHpwyUlY39B+DSwxB4nyvXDG+2MIyyuk3HfRpjHvuxJE7d+02RlJQebPgn0V9MfJsvA4zaVocQOMkVGUP86IATjcjwXIAAu2CoFHdnOkOS1I43Ha+vye4yhiu6eb1I1f+/tyfBLaUW7A4vflgYXdlN36hAlT/TcBcF1eySFa9n3qcKtSzo8rAIc75IqkbwQcv216hGyy9X+g4kkO4tCDye8DhFj/c1sPwhPPDrkOQJ9G5puvF7+kKeVY6gibVtjMwHnFUTSbojDt2GKqNY7bx9bmvw3H6mUmgev3NG7M4G54/y/mDOO7uRwQV0/DzaCPlXfROiO/DTd1nttAK4TmSDiGVmH80YxvGGtnoZME456+m86EuH6D+fTKrFUGclNDQEmgvJAvX9vP0x9BFxHcEN3FIyT8nchNN8uZypoLzP9UnSjcL/1e5fkQtMOk7O3gyZSkR/sj3nZO9adwEbsARkb7qIYCVeyx/0DBf1ffl+2IHCDXNCI1IOZtz9ErN3m336qRCsggwlr5vj3T8M9eL5L/xoPoHeXFBf+3z/cENn8npWqfjFtuW4n4z1/oFtnvyECM4xYsuZbUFmwYbPW/vLP+KS7AoaHydCWdxn321dvTDsvq5iPFp6Ca2S95rrHAp6MTgX8PyiY52fzb9NxVEkqxV6Ms/VbDlOfOLR+W3l78LN9Q4eUs/9Rx4LEe3bic/0TiqyLZAfB3ZqH67ilJAfraBlyCakQ8Bzi+erx2mH8kLHwmNfX1XQBUMdXXgmL6S+praA9fuBza7CJhiXbvWhIqSZPRS03ZlzCnwUS5ie1eOnOB/KqecxPvDH3iIbK1dhnwhhleW+FZBfvBF9jpnsKr5+Fe5H40WVmCSUJHbLerKsK2pWX8DNZ+RReDxYty9/RzSB1SEHXREJezt2T5gVT74tlsHWB2d1slwjRI1pJXeCdZ53sWIV42X533TrtOTONDsy0qDjKtiKFzJij5OYY18UWpe6UnAqslNGGWCVr6tMY2wv7allejYNvajWeR3lfRndCY499kbUsyG6Ciw2SF9O36PdBINQHHgFY6Tlzr0TiSjK0GuWN/AAm+oqNhxY99cVfRR8mX2JAqMuQiveTuuNgbPA1smIeETzog8pw6DLT7bgqtw5JrxvFr9n6sfuQ488RigHZbA/psSQTQ6vxedgNsfEeLcvISFRIjuKlRHq3rGQhHhYN1tgto2ypWLuRN7YV5iDTg+LlbpJFWriREK/oFuzXk9zn3QwJVDNvjp2wzLTXmA5cnrfek8zhDjpAMAzdAeWWUJ5ME4kj7z01hETvrz8Kdbumxhbe8Tlvl0W7D7CV8hZsDSnoKmfnhziprodCKdfIpPS9+Jl6VlKJD2McnfZFa7HbGCEsL3W/cYIXvcrPbe8GqVAnFPt/Dkr16xP2PdCW7EJL+IfkGKOuC0PfmEzKjuUxfQYuGNH44HjX+2p2C9HMtrUIUqdRYtMV6z8NPYvAh4kEyy4JGn5cYEgvpnzYT0wCJ/OlKnKHjRmCn7gnhHlS0QqX4kT3XbBBzpTXQynuVt6e0/sC3Z/KJPBuGyGVW8sM/LbdwZ7zRdletTccsaDLwmNspWHiI1SH22ZWlU37SNGPfuZs3mkXbdn5w0itEiMzOe9uOToArcCgCC/sXCcZmOjrV7ZefuS1W6B/P3D5rosvUyOQj+J6ybm55RgkF2IKCawwHYcKqSf7ufsQvRUh4qCSunWMVgQOTgvj2B1pnamfPS+6pRHGbfR4LvarG/fsDe/qDY40Kb+nHm+d+njlrMTNUdtEsq+HjMk7Q+awumBl3GlRa7Hz9K766mtZuCudJsadK1JAnMHzv5H9dnAR7Rwm213AiJfD+ICSfD+Ep3xNapyCtuirlBfssM5qncnrNIP2ak7NopFZFy5Li6Ub+iwPZUdZGfQdTa4LrUNFwGC5VcUokE/T+8Ji51gMITJvGoybjhEAG9LQhAJl2Ic2EPyjRYSEThtV6352wkwr7OxZ8HRoTIRqLLHdWqDbbjwcig1kWZgJLCREapP1BdBSRnB/PVift328K8RRea+kXBs0Y8FK5296SHQ9XeghOiFgex3V0YplZlqJyNit9pdObNktpviQXQ28oP1eoctmwk6I0miyspevqwME30un98XfWlsQJUToqnJpAa8p8bfDuZMagVeYZ1shglDjEcoRyYZij/ab7CJxDACH8x7YxvSRER1EYFA+ljEIWh/dRy7xejPFqEktVIYVeIxAlGHmeJO6ij6oq/B0fQvjsa/gOMWZKVDy93aieppp/qJskxfEDQxpSaZhykFxCMZmxoeOp+GeNmO3GI+zkLOlqQCaCIJHaiC1YDN5OsAZpv6VBVTaPxybX60QVMb58TRav2V8OlU00h52VFQOeOq9r5EftGDFII4AyH7RWOdYnZDTde7Vfa1vMibpYabsAD70XV4VEfOT67kqYo5FIJ4Hl1XKV4l2fgfoexcZ+/f7zC1SpCGUjoAG4XUQJNRvEd4bVrkPzxtvzY0lD/CnpLKC3xmAGIo4Hnamq89iPiMCJxBwY//K/yawEkhEUmm3zrJLh3PE1+nY1MoMNx3RcSEq0L0GyAKKMIOk3Oia3gRFSIqn2POF9JsgXdPmfu1XOpgxLPc88EFKwL9sikulkKxJ5LKqPSksiAW4VidPLljP9coFsQeIzxhTA613YRBw2sUHQVp/EFhX8vqYyCel1acN7P86Zofd6CrCqYOFMowTjrMflQoAZOs38QdxdBSV1PSUHz2YJrtgM9GPbQabYdq52lnxc+0X1aIb0C8P1uJt7lGSQlwWCgLZc0gcI5B3v7X6mXupRb0X5eHJE1KDMN6Z39NXjyArp3bm0sqt0+kVHjmT44wW9sqKC9ViG0IatOvnv/tTUyUpYuFloYIBMlCKFbIMeA/WK9lstUQd+HmKkdbGIiE+2kfEARyUMZKlrMUZDGjtdggXtjj3na/+WduEl9Rz6elIqikgV4YJ+il5Mton016lPFgEfq1Dapvgiwdxg0c28No+ohPVuG9TrtwFIdIocCay6giQrF1TBsH8anyLsMCmxKMSgLeU6awrBANCv+W+hkh6HZJU5nrQk3vioPMgYgVUXR5hCrcwNLlUM7z6bN86QG00os0oWDeXf/SFxLp+VY3xZ7oNqQTVPY1Q6EEt4CBhp1CCusKju5cFhfy2mWwo2mBTL4rD5tRf+6bq+CgWLUvg9XwYwy3xT25kmNXbl2S3lsucsiSXBy1jp4oA3rHuthIpbPZ4tqkYh2WOxupmHCFgJMdSz3WB6VqJXfXIbE9DT3MwGJC/CFcnL1Jz2lLeyTPx6xEUmZjXlWFscf1sk0JTPi5TFaqN7bhsx8POi9rf3L1RFD5IYG5g/28eQGv0ZnGsWWVvP3RF6vPEKNMpa3XPq2QBj+NjdbcTy18+YEh6HcODAka+TWj+yvTSTvLX0TRlHlxVT4mbtQ0Twa5MN5GTg1MPMVPYGQu10lOQu2627urGcRBRxWyFV7pSiZUmWZkEwlQeEdMT4Xnnt03DW6C0svs+P9G4Oozl2VeaPhsi3J0quCigg3NoiVSq6gKS5ld1Add8PJsDN7oq9g0HpuTc9v6p3dkfOcLHxFHXFsh3QrkQNYbsmkSal2yRE6PJpP3SNM9uyQrVOEkITMN0gZ9H/XIsECx4UtwJJt6rH7WQDp847KIklvvSG9lJsmYez18OI2l93T+QbIjP5HFJCd79RpDefquV2VA4qQW6vB/EU4hptyK84efAPCJ5p06dTHUptyKM8Nl/fb13G2ezk9d1uMhAB2oddLUYijFhUQvLQZB+Adg9Ui6v4z93BjBOIw4wgrxJCSJ4yoowR3Tns0tx7qCOMi4y+Tasn7D+xxMxam9aWWqq+2D0J3C1gxa31nRk8KaqB1pYsZzxapNRn/5QRjqdnDbG94tC0Q6Jt/2KvGhEP60jh+draul2TGS+MIl0Zr18YTf42dYLf6eKglOxvCLoqOCe0+LyFs3fVw3x9zv1DQEMXJADNNw3yDDU/uZ6lWLDiPty701xesH/jGRFmnRBsLkPEcLMBnbfQy2/btvZhAlLHLfJIbt4n/o2b4D+Ohjk9lxGPe2oYbgifpjlcQz9dtsjPEa25PxHZVO3FtFDb9ZCzOQq99Ps0NNJgX0/HGGuXyi0jUvBViQ/CSz2PL1RKTOFQU6BM2V1guiOEmU8lw2jjG/Hf+9Fjv92bSz4eVtqDg4WnAt/F4xvX5dK522vz8x9VwhKO2B5+gGbjRwEmWjdPuB5MPD3RqawBq4FIP3hZT9ljx8pacdUKLtcDAEhH2u+l96R0Gjdje/4oXdmPfGZ45dTi25JfGeOX+x6RTbaadaH7IsFKGnSL0h/Ake4Cu5T3zxIfaRfE9xqlhyOZOsLocKA5obuJgIPd+AHl9hfsMH/j+dcb52DBWvYBmO8T2OeaMVazbqyzwIaY/D2EQBXAm2lf7GL5Uu7O19nAKyZaEwzPW09TdUUUyj3D20hEwRz4Z5rdZy0ahiMqzGmL9abBF9IkU4nNROtzY8uuxFUzC924iHn0RotawYqzuI96zYtycYTW+MokSdW0OMag4nwjkYpoNuhcJYZ8eM+efT3BvMB86PLUxvLyQPUELrrf8BqZ5B5UPrl0+JvP6pAL6gHyEptONacWqtUoClgSTmom0tFZyNjihttuT9uk8ruB2zn8c1+KP87ofB490KWHFEYJjNZPEpvkR2HJVcDixaDWf0DQmvsaYDawf7fu7ZAWsidSpElRnDdn4eoGB4P/SokJs5jrM45LAXwH00yTkNHyzE+8t+Cyq8gXkwb7YPF+aozBYITK1gzlbANWHSMVdC66KXuuZ5OLR2AvBpftzzS21r7KOR+LRxhwXSvHEOdgUdm94hTTaj9H8bfMib/DejbnR/oVycDPLHKMmkf+MwxRSYxaJeBs0Gc6AGUi9RC1jj5KEPAtgJWFE2V0Rq09oqoIdMqJCI9gYUydGcK8+kLA1cXlqRSXvNSaLE+NC8/xlkrWE8AhL6Ti9c5+qP7n8cuSKGm2Cj0MiLFzvcpqkPTBPRWf+mf31JGleoRxhMhHalYJF/qF2dAo50158U5MrZq7XGO4dU5uVxWiUucWpS0n5pON3SNVWG3asMGTDyRTcdSW0/3YVxDuHF5jbtxMbxoYU7w4dRLwCPToS5A5CfBXEnKnZtW4D4jtdP9LNrVjpIiQge4+32ES/kRR2sqBgN+NSpbfs/MAkryRaf6g7ncaOPYfmBVyUvkujjflHY5XpuMxHp2WltC7Q8774/UOn89SF9mnf1qc9fJJ6y80yYBfIj04O01Lu8NIA1Fske2N2CF0EUDm6BA0LFzyquLAD4ivH9V10xs67evLCiFj2SjKzJGM5yq3QtUfi4OIxrscHhJRAkeVe7t0Hkr+uKfIZ3ltC0R8vAiUl5ueUvykP5wWPfH2bAAXUJL09pt7rjdM8QBIQ+T/Qx9a7UB4no2ZrqkfettRO6X5oEkVIEpAyOhXDIs1VsEoZT/5ZJbMeSn92ILj046N7l9GtosVZziFztP5YK/mCtLsj3TRELS5sCpLxMz7R0PTs/WFxuIm10euIMOoiPgTPSXyU887W4coF41Wqfd0+IfdwVp9sPmsbIMzvo2AsFssoQJgUIIH+ZJKf7k5o+wy2yhxgxCRcLHfCk9WZvTl8GaSXIwAK/5xDqglK0pohOeZnwZxzd/ZWo+D+gWdzC+yH4IoYEM9Tu+FJp2tqe1DQR3apfKjzJN6eYCZqaTyWTzZYltIIJ6gVHgtKm5sAKBDrWJGnBqXFk3Hg6dGHdBzfFf92tgqlJrT5eDO3Y7oa+PL0iAcM1pHaycw9KjRyZygxzLTVIxYiVfMDCrk9bi9MrM7NDfOqQFgk919AfvNCXb7FgoEOcKWRm+Oh5rG3j+Wb1RaO+wW0yMJsQ2VSLWhVpvS0qGjvaoZiDgsSFSuNoRmYXnp1/5GEAFItfMCuZXGri5LPRXSycWnqL+HPf0LrMI8hyT033J4PHnz2WdZKYJTIfWfRbS0IcBZf0tF5XFpA1xzSHXQunlCAid1VTh7N+ZMWb9+eWhjSezrvqt1VO9rSU4+YnLWinCgm434mamVyh00SqEhmODTpHT7/o3P8VOGYi+DBSgLLXS2LZypIOaqCzoafcMxB/C8P838x52yEHm1gkahU4aOPzaeYXGBe2QNP2g5Aj6000fKHFiIbI1mrnX3rHo9TFR2T+eDba6wUPmJoWdzJbnh4Kgs9zWeyZBBjLNL0xGWDFGZga18IuMtTGt2cq9ygZavg4jX7iv66Zvgytd77sTMBtqwWql0Jdvwanh4weMhqVfuJnNNjXOKFRNE1ps1qmqKk6DoBUcorT+p8xvaA15Py0FUQifJ9G/yXtWIiSp6tDhFlMxkoYQ/cH29Bue87nknWtcbKYM7OpoVTDIvAUPvc9rMzl9we8PvUuIp05U6cpDHb9f2SVRN7YvIl6MyBHlLih71jF4uICvhhERnTkYYvdgXTf3ypM8bgMnBXpbSE3HnZfS2mhHHSa46g+stRMO/FTKYJQUALjCZaHh0thscUuG8KulaHRVWz/MKSTqJAnfy6p3Q7CWEFOW2f/Ty8W/lcTiS9nxp/E0qaJ4ziNEstgK868QduHZiz1f0wmbmX74Hbfr/KwL0eOztJI8hgAn1eIbvvbvnbkf+cxRI7g/062UX8YxXGNrLMhxA4xUaRdmgFHYyGu2w0jieOyA7oxvdUgjhSNJsMUkfQEuFg0p4EfL/beccejSD/lVJQcVLOmG0ncbhy6jDBenQjZg1VUeaN2EbZxnVeCtLloRww1/QRwgGb6HMg5yk8dphutC1GmbMStVE1TAD5K06VZSZV3M4eNRzCAUUD2djvEPPnXXZlFzUVHG0BOHk0KDnjqZfJx8dRcfvlvfxC+BNxRHsrXfzPz8v8jnkSegOHDtrlpGwTDIlxAmO1gj5iX1svIqYchpOXmRRvgir5Cvt/qwCqrY7gs5riyAafS7ibX5AKJ2qdEOtbMrMx/uZrfshgzOutLmfBNS0fu2EMq57GLqfVsrB0lIoVWkVzQPVh7eqrioLgz1Eo2VsVHCk73YtQ/PIQDFu3b3cXLjmWfhK8+Sn2SJq6JQ1HDvPDiWxVwjHruSBOWyle9csQW72x3vLhpiVc3wQ5gXneCGyqsLTOmZuOF4Olo/FhQzyoqjhb9BtPv1jcWXVrqxhHdwIZg7mOuAubp+fZC3fZ8LK0P7EPuYDjoBw+/q0Tg7IiVfpYmL2Oe4vUSyBHUbH39guSQMLFmFP/VDhLPaWei8KTVo0ObkGOffS3WexPxlvUfcxNx+W3tfbEyR9u4zadezxqmTPg17yDXSBZczXMEPBtOV5tKR9I3c3hT81Oc14JjVYIcqE7f+fo7/JKGL85P/zEqgf5HkMvoyooL54lfIISQO/ILwKSH/6Xq+LWUCNjzJMVwUTB2MPCvVPw5Wo1yENVyreVoTHNYIE9JcuS43rBTQtihUv+0tJ/w3URLPE94PfCUPYVPrJf86Vq/fI236HfSTcjiu0UtPQGThIeNj+zOQYmte7TJqWXqK72xkH2fmpX70X9GMo2MNtFaSWxPdbbjA6uhG1cOrRRIPiQdRHGa9C1rPQBNfau+3Lij+rPVJld1pHgbXFZJmIXZc3X1gbjc6RKeP4ez1/gAUcWwES8cY/XZi1kyWTwqAxAli+S8M4eWfxYeWihUYLB0mvFP6XWCIM4qUi1SVSZ43YJuwc9tj4kD46NvLP8X8ywp973n9RwJEJvM7iBVYvyOX8eQFKEnBDO3xcDRHQyh1FQbaZ5cOlmmFY2nAsi25SR1wJSwlgjTm09gfoI8ZFUefgW5hxzp2hi/RgDdJU22W6GOmiv3vm8MNHjGx0z3feLnDAaBrZf6daJbCw7OiNttCe1i1cUSanusGf6tkSQt7o8v2F2iIap8/kpyJPeITR/GgT9RfRqj8etd8F4bdowmQ90W1k924JKLKvuHf7V/gvoLhdwwSu+s7YUAcDxVlu/Dz0wJGZgyGMAFaGgON6m91UqlKIPL5P+E0JB4qQ08UulC5jRzSW3o+XbwBR0b2WJ1Qvl9g5Mx2/qtdCqCLAblGIP4NSaZMUDZ6M9J5vY9dQYUiPg+41W3IGRNCrsy32FOZ/pJNz2EQ7td5gRsa98N8AIK8iLGL/uzQ2xaTWwQmdstgQoTHP03q54gK+ODnUDX4bcdyx8PwkBAga/97Lfop3tB73HwyZaSku3z/DDdsyqVRYTVrMsL33xb9vEPLHQDUI7lZmmqq0CrfMBx9XghSjiKK9Cgj2UxoLjqUYmZ0tK6AKQtlgJPYbMb4+Ghii/5SMPHk1mSucl7biaPGo0bV7wUTCXOC7kCTnePzpVPIL+zJJ8hUVDooQJHZa0t4rE+n1iWC6Ie1EqfsG4t5sFKK0JSTZXpxfbGDcC5KOBr7y8Jokhn6bwr9wOmxEyrCsCTik+16vUL3fc5/uFA8ICJo7ZGIqjNwzGGIO9nN6Icl6mtC841IjSQ5dKytNSETzkHiii6mtB1mMS83uE5yFuF6GrYRv5KwyOAkBTFRWF+LfixCP98w9Hp7N7sXvog5Syrvl3YLBkE3orDtxwSP0DbsYp1MXujscQFzipWe+CZxZ1CX5PulfMarajwpsoORcnTGUkCXYWk8rCbPkf7/cwJa9C0Dd+MvV58NFtKIx7AnqG4FWqqryf9jxz8P6F1fC4Pq0KJQVVIhPQKQnuLRn/fqKxuuzrpIB4PMZI9xAjDS61Bx4+Pfl1mO/8meBOi5zj1ddbMFz/Q8NcwchoVDjk/aphpdrJCJUuEFiBHzcCJJf47L2ofJPu6/bKChYtfai0BR/VnZA3WF65utvZb6AHwm57bNWUq950lZVI+lxppQeWL7M2XvQGzjAoiEhH2DFyeOsp3fbQPcCKjtS5sXeQzu26ysw5ORAXkZQDB0vAJJN62He2QrGEPigHdClZtDUkA3RDnciO+rpFvRpAa35DD9FqYEMmN+mYWWXlODU3OJ4LR5awtnCQSuKVxxEOOYZsA3WZnaV3w0iEuWX1Wf/+6HwUEpN97zRSSywHKoDfMiUCw6RDWkjvqG1bfkLdUMFrP07qmHjtzaJQaln06ffoqz5wWepyhFWmpWeVzhmzF20UArnn0xVox6xHWFAr4ndJkZ48iYHSEMQUyZK+YlN1b3heFiafX2fd5s0Z63SmX4cQjBODWcLYoyK/CYeql2PfZ5INMjrVZNtAlC7Kn0bQNSKHLWvjdp1tU7J+XSKBvFXJk7uAUPSxdviP3MPYkUyZ41cmj3q44Zfgp0NBsVrprR53P3v7SgD/7+JEzFtX9uqu+ulWo40fbKwwLMs0NK/odneAS/zxfve9fzziEcxPI+Ng67tkSc88EJqfkNynz3xiX52Zpcs4608Xf8Z8lHkqX3r42YVv5DKDOyDwxGgBZq/jOF01CKfg0Ce1+bIIfmuvsPUU8zAw17N8hmgMCYz3RaHLc+GQuUbX2Jp+mySqrXBXEAufj8OnA1rGqnM1OJhJ1Ohqy5S1XF+tXOV+R89/3jeLLJm34Jb7A9kkDCzLuX2TCmADY44UGfbblaApqiHJsgIiTyxBQj7SCAThqxKSSVSbM76xu9wfw4utNVQDKZLuFYy5E+I0IzSWbeahmJh2ye23n4dLPY2QTyt3ra3F27j3rakCXjBu7zMdu7x5Gaf26woAZaosj/nweGV26nNTcxRI/Y8ptV8RvakRlo1PRbyjkAdJtzx0e3d8YyiFeYWCEmKQ7SaVqtwhytOHr8yvVNtoX1ZttR0hDO+q/yQfZVP6r7GnGoqTMpZwuPSG08POB45H7Y0oPdkWUBW4+xGaF/vTRju5IChMGPV4nwk3vs7sq0Em8aYSUZyVemfsoLD6MilQjrxjuAm2GGxE3xJ4a3X/v+sNCFycy9yNbk0/FXmGe0ahKF2CBCyXxVAr81ZmEM5SlRM71cYZoAg1A2TnU8bOnkG/9lMRXuCJqqz2jUHdkcEvrbDnp9xEbWAwGGSGpn+Oj+0TXweXZe8Ls65R1awIHNShsKqc5nEsDO88gDj6GayJwl1LSpUBzF0UXulwroJRu01eIOm2fP811UcEuOgB00LXQISaunONE2Q7i0G0ctBkXiuQgQFHn5RqHnPruATF95PzwUWtw7yXuYOyUJZvr1aL+JbP5WDMAlc2jiH+JuOvj3KHR/4GiiyhtCE255flZbu5h8JzJpIxXBT/97kHIFjTXLRPGLxNdHUdkV0uUjhF221R42fDZWOJSvAlFlYTOtSEnqn6mYpY4o718RjTC/4ma5w9Boa4IYdGKdIYEiZHR3dzKKECWV7Z5zY4yIuYZ0ZQWfX7gCS7K1sAn4QT1s3mghfkeve+VUdVTPv4y2ncjdID/cOKM5P1b7+st2f+AT4kcuFLhXJf8NA3Ik601P25x7k5GE1cXMBSlOHS+lTXPgIv1b9NYTyJoNWuGuQvn6uzng3cGpJ7YKG/Jh5JVTyIeF+QWtqVQSF5ttkJ6EOC05ZjIuMporHe8BZRB/vDoEjyc7LIRmkX9w9p8vye6gCyFl0BK5UksbOjLDa5v0X39fsu91okAzvq9yxYM1PrRH+aVFp4ayR6jCVh2tO6NWzv6ALic8PSjrGJ+mZK1dV9qmQ0cEK3iwsW2oS5jFtXn9zq4l2sRXAum1icBffYA8b4oPyj0oVArX8LbDC0zb0/eWsFqsUSTzGx+7EDBhGZYn8alrqmF7yiLjcMBAjbnfEOvkA4Tz3iZP5FnLhlcSlY8jINDk7H3Crjp9rrZlQh5fJKAyAcYgVqBcbsN5hdYNQDFgOp3iw9Yqy7MLZ77k4aK39yNm7rjJwi6PkMfn8OZVnFWq4b4rfvKpLI4cALkRbihUzZGc0FmD1d4SsnWyQ7spqByNJjYmPtQzVuUizCLnIWAKsI/bO8kyzIDI2WjQXH/ZqtQuiB1Rta9e5xzCtlZ4HXrlV5neuuXQIyKNFiGTkV1OA53yTsEofYb5w4wxYxjCXwfzrZMZlRz9KwzipbAaMQcOTZ3s8fyKBVIWsb7+Qptg3uyh8h49roAUSE2cOYVGUvBOwWMy8pVSt+B0qB3eXZ/oj1OjTLwLeLHvFg+TBwBUhFy/YZVNspiH/Oo2x5JNqzmjLwRbmgW67PPmg7pUdrKLdDsy+cMtE65t3yvbOYXMsgsU2ovBpa9EfQg+1evfFRbw9Qh/Z21BSBjzSvHwrvkB7tw0NJOlP8e+Bz+42PpUalm8bb56ZaiVSZNgOvL4n1yTMrKJjMbSz3dwW16Gtpa62kz9drcsjbZJ5eO77R+hkDqk7GNFf0sR6bPDcPTQ44mU0PmgQjgm3r1DIPNREhqlABLnGaasK3uYn34Ef7w+ddBK9efcDdsrGfjsyaqvwOGiT4FPJ1kL1TUdFpOIhzoWh/rEn4c6D49BFXJ0fFEgzFHL2mYAZAWuhMpC64dgcrQXm0YNXimU5P80Xi07r5YiSr8uijjwm0FkwtsaWzspjccaJlV1XN5M9Mu5GAeUyL2JvJC10tJ5NnB58s0MjlXQYDhNErUp0CJBrS3QOh8whnTtERsFaiRJGpArP2o9u7EVcU1/oYyKRgySk5/6FwfHE4Ekp0owWyyho9eZ5Kfv+eHmxnMsmtOORn0UCdBGET7eSWJ5TtDsHDnqKjVNzXLfxB6od2BnwnagNUldZcpQkY+kLSKSSoa3ywtQJWaYYfsJzW6QYkTfo1TihaOJRS3PYaWuWTQGLWd0S9ORiAv3S9NNWotTF+GVcMUYM4fUDnN+BH0C1JcaiOcQ3MDSLR28sPq6J1Kt7vqxiQx8Yzo5gsJfQ8k0v0AixUfVMo2vQg9OU2vBNUIU+tKyt7fPl8J8Kp7PHUTWk7hPkBn3J97PBhiWhTRZflxr9aPsejZRog73UGS+L8ZrWIO+N/fSsAZa4OZZ4JUOxa/78lEUjGi+B/NcqdfVfYcHkNUlX/Dflj5ijIG0n9SsF8iWfOCPhqR62I4FVmxefgcwYa4Z7dgxnrXxrC6upHQOCsA4oGb+SgW4B6exjvXsGNkz/KWdA8A/tFVwl1J9tzBNh7sN3kOfU+yPMb/YVuSS0T26GFEemNmbGChuaXbCOnSefZV+QlG15k3fN9q86WBp6x0AI8CyoNBB2USoRQxLWByp2OURvN6QPSN3LosAHxK1v/Jfg9bOT5E4jgO/ZEzcsjprtIYZGICqH69JIpkxWcjUp3e3y0A2xeHgrzkXEzaZN6uyunA1If+JFNeIPm/QEKwnf9T8H5ypqHZ46YmHiyir+4jCkxCPZU66uBJxjyP9HBKNrOrUNeNhJQrsGxniKE+wZqu/CskBNhIiyUAnJUzaOg3/z8/GmELuGenUgSBS7XohUGNNjFJa/RP1VWmYBmlkzE8UHY41eOfhqc0gfuaY6lbzHXpE1BWccLNe+mTiqUzRIGV+EkN5UDO2EKBwGeTNm3Z6yR1CvG2sz4WA9UvLWBO3bf/ai894sMsFEHcF7QG9leNwFWNM64/fyAlkyxw0N9B4hTnqZBkq83iGjmj21FfNq1qqRnkd3fP07FX7DvqXLbruDUn8Gop0Iqiw+98ENNhjGERImdJP+Cx9cJxxOxu72pOpBA6AcRegCpTAsP2o+f+nDaHQf+9uCqUoYFT6+YdPO/mL+Ov0IB07/YB+oLAd3x08tHR5wjUiaDNvLGyiK4Iln2HtFltrAMGkFADyVBY17G2r/Oq73TfLcoBY38qM37LqQuz/Bgb6uEZMpk1jtG3qxzJYuqKzs9lpQvMbgU82xsoCgR2QNqmT8q5uS26bXc5I/eSqL+mh5/JjEeTlUZT4/2i6BCTcwrXbfpKEShHBAfyE7GCg4To9FU7MB+r1SOFJTtuZIL/4/1wrORtFBgp+m3NG0h0Wj1AJe9WyEWqnLjOroHllBGl1HJbSObpo7yO4lbTSMb2/XYTMBVV1Gm2cHECGvnm/OJ7u0ob3d4J7lhnuWZojecRRfmTSjzazNsOH/4TsPduj2fFYRp5PF4KVHTDa+FKbx7E32RVksh0NQ/dvHnkRnMQ1zmW8jeWsfvNO5DQgh3MddsutNPtvQwkMF12CQa2AdyJ/OkOF+HyF8K5t3duXuLqZHZGUCjDOo/fP3a7hZCMUny11T6Mixgbnx94WJHNc6Pz5adAhKX9msX9w6kGP+EwVL5dy0ScZkjPTzj8BZkMWV2M0wNsUos+myC1WIqfgfsi3Cc7sB7OhsDRKTXQxiw7K/0hTYyBxzF8Ms5FbkjPFMX9DVGTnCoMAAcXrTzWajSAvywWOOoNWOBP1ufkQDntDnXJW4wpFwVtxH+QrM4nDi83IKP9Cmlc9/nx4hgXSeHPHBc4Ig51eK0EdQZaTKILjZs7yZk+dZC+vKaakAWyflrgps4MrJXl0wAjJR8i2X10NyQ6RUvg+UrOlW0Ut+yvwwr6UxSTMOBp4eCDHuxCFZw1BjGztmVBu5DglO7GRrNv2BrRvppdTVyzYIxcmi33ncQgIZrLvFle9q55UQvEBuEqWvDtcLkE+6ysNmT+nBNq3wil0WvfgAJN8T5BVzV0plmfer/UG08M3ZEOLWmYAUzKRNL4X+FNf5PpREAqeiH6Z5isUQfCxGa4LMW9wpl9FYcigEH18m3wIU5FfJKMyYjWn0YhraEa/IZXLLx6oRADDDG4eaK5TJHWRbtX3Ix+LyD7bGKkGg9xJf+hcxK9WEW3f88JYUn/OWflv0HKGwGi5EgYdIrLxTDsKOnLY+hQRh7/wUtejeA0Ys97C0Dz4oMTmoHF2Tr4lqAw9onnyYfn3K/dJDswweSuWrpBqXZOI8GsOU7MeAPvEuXM1g28U9McE0z93IfZ6z2zIh4Wcw26q2UTxOgWxAyKfDoMruB8E8ISLBzFGW2zo68R2DWVT8cO7tZaslnz4BOMEE/1e6/dWRvnyKPIFyTa82rkoeVDMm8k2zzwFBc4760VFzKNcULcrdJPi6wXxHLC6Pfx8MrBk+XKcYiAmqUElvvsfLXJGnoR/Sk7QKBwhxoQJ0l0P19aPsSvYbcG67/jVJa5aeMFTTNeC0wfpa56WVeyhI2mS4md6Tj8hozdcCi2f74/HQH/N7L36tfiYlLlg2kEo+k2DPOnU6AVkhqorKuqDy62AXq+rI733PYRWbiRDac8ntwInguFy3mgq/a0KTeCrwOfdieGjCsBI0DxA+BPfi+dDPK5of5DEBDNAFuJEPPRUhznUPuBhondBLd+VJ0gdojSdtXkATy2mxDKFD1qaxl9ySIz/nQAAEJnw4GtLta/gJe1qsnbgZprbXZLnoyJrk32JDqFuoDE370SnXKOEsBRxbWPJEyzbwwN9/4rsHqMleYH13yhJRtMG4dGUbIzy49QmcFWw+WumG47Ek8oSPuQtRnEcUmVHUunMFika6N1vmdeKiIXNymiV3yedWzIGzR4roLo1vVrQ7MVmpW6hhCgFG4R7DqLvCFiT5unWcteOUCBdTndlhPF84Utlt0hZ2kCPyoDcn7zMk2e4jNLvCRrq2Dp2lLsw4ixsyqVPggj5c+zi2mzTwo88/MREwsmFNOxowwqIYOcaKkSLbaEfWb6dQHVajXeQ/TzofXQj8EDcZS0qG0msbUP+NlZpFNDKF4i0+iOnFJyAdbNCF75yGTdPDMn9ivC8GemzUvq97a1nJXKE5K29z0FI3KjO2q7okF72XWe8T4Sc8UuKHEZpCgKE04uRbVQYnsEOsNXt/5Ob+Digu5u33u3x40xDmf7yoAscneWE0MnpKydGzzXR8aO3rb9w13MDub6czQX43FbVclAQdaEb4NekkhkW983Aaqs73XdZQkvQcVrGdMRHdubg5jZkQFWu8FNR2Dri5Kv+Lxub9nd2+LzfuHOOEV20QVmN/LXnCzBz8eHlaZa8UeLhkRMiNNwLNv92xYV5ddhVKCVHRJJdl2Itnm5O5nundbK8vEMJNfzaoAkFWJ3fie8sDI85gRgTWvFFBpzo9qega0OcN7qGBKNP+4bOrGofqhaGmFANZ8Q812OFSMeOgsFRlQkEqgUexd/1qo6nRZlpv/tx60/pxx2ZzJExJpntecT0RMEyH5ToY+ZQXhEfGVq4RN5Lq/31E0Y5O5yoXB9wY85xZz6SAqE/ZZHe0GF6Grttej5i9WCI4u1Ax36lJSvXfI1TPxCDk6rIOCF+e2Q9ASRHeqFUt+/GvJZd21Rqq+Mchp62W50tTZ5S9w2Bp9OYpllQ4jh++cFhwJCuTEX1Oye6UIhgAcJFFKQpJE0XJgAAtw6evndakR8ubs3p9j6kAd8ZGgA491XcBxxrefbYOXSHWYHLJ091FoyvGXgQfJ+Ns3WotU0GeHV16EjiYGXJGcDEf42KlKmBxYItjMtVIWc/ztmoA2p560tCli5aSVrW7JbEaqVUucnsgKCxbtlVIlt2+sv6L/Fe+kE93d8rWCLvPqz1JgqQJksY0tLZzwFokO94lq2gRhDkrkHWCmn9bIBP9kucohfllhf8AxhmBvlZ2DPv8NW+rBXxLkLO3mgkGDpofUSqe4SXsW9Jy1ElxP6/cNg/e/yD4qUMAUqdpmDw/D7k2dNM6ctJKJ1ND8dY4wINZ4NliwY0vPDPiYpTVCY6RJnG714hB4OshvBSyx9BWrQ7DZSbhyP8de913rkj4b7nqSohlhmCm4w6RQIk5iNrz6dcgEcP/WDAj7zs/Jqf+JePIAlpuFPl5aHSoj+oEbq5cUWz62ynCxOhTlj5C58BbWVDKY7fY/pzXY+cnazo5qbMdCpYqvH4PC/6a+4vz97uRONBUdpH/uVQcusMlYhSMtCzNBlCRZPWtnCZ7FmLHNfo/b7RB98ps+aIRr4Rfho/+irNM2h+Lf6FYyOT3xAXgeLIlOhkiUBc2uLyK1rdmZCG21lGrMBp6c6Z2cqzYnTLjm9cDU7RCa+0QMhXi4cCl+mKkWjYu1aDMn7Ns9tJuFvbNh2BWcuE/LpM06R22Z1jFpXtb72p9dk7Yx0HOwfa2qgRXNbZQsBJY58lEd+YV3uAKMHijszwjg/gIdB1csQvva0SAfsRyyknpIWhsHSe1y2+3whbM/qNVvyx8Ovl/GvR8kUyb1U/jr9suKECCLzPXsU4YTEGw6QG44p5Z6oddAIb45yvgAGtg3bcHunY5wlymzxHet+/XZnlhy5rke+NdWaok0Ai8mr/kNPNsRGl1rjqnZwt1Ze6bLxTe5OieUXA7RwWBWLqjIYn6cuOlKLXDgVTAhsYH6UfiRf1utwSS5vChzSRmMyX8WkYb4TrtEdf4mxqimTdYv3e4yekl30DG5JGyIAPMsKKg+okAnHLwDHiNkbiIiIJ/PCl257FgCE6UJCOIB9viNv+Fjc8VccjnogRQLR7yg9pzEGJ3hxa3tZSqS7LWirIqkhV/fQ2uySPueBvVVtuVbdNxrE0Fy7VASw+OpsElRC9fDb+a/o4JNF2h6UJDUUFUN60rGRyXjZqRJlOggw/CKJhL8YOsnt5m9AC43A/OjsFntgyNBfzoqv0AyROAMBs/vTOsS6IAn7+YHQyVybS1k11rofRmOTzFcs8TUGM/Yq1mXTFUkipv1SI32sBdRoXZ/wGL+2YbZun4iirfofzfCqRU6vHTxCn0jfa2p3ItM/1HWlkfdAO3dzKtWZs2VFJ2fB8ZLZkBDT6sEyQmNsT7YRcp0nxql7V8+j2S2yW4cPtAKILbnXRgJxQBTNUyd3YnrjMM2e2BCQ8dKsdnG4xd4AIUUNF3j89Rb7zNZVZ/4gZcIC67pEPs1wY0wHSyj0KHaM7mFERBHwgdN86K9/6KhWvjhxbUT15eqM9ILUHbzWxwQnj+TjV4SA8CRqc3BAEl2yQwzRfBORuvflUvmv9oAw1te7dtRQJVLSdTKQU7XZR20rk72C6e6MfSI8Vf3XsOlwp6PY1CkhSn4B83N7U2AjHttt8ZjvDYRyMbLRWbHzmbNAE+GUBgP8CFjmc8+roT/npuR2SN/M/EhnRMXgLvhrhm7g7Tu+DEtncbDURYtzCQBHJpEhFmACY8tJ4VgvNNA6QSPOmg3SfAQucYylDDs43RL3SnCmt4RzmclBCgDPoS9ElbQ6kLXoXPhQk8rW4wpxzCi/QkhCT8XyKVVhHfFv04DJki6SncDJx7jbj3rZZ2xqok2CAtSkrwbvmrVpn08T6t0weaAMPflloLXM6lwwPb7qn6oo09HwNaw9BsPDu0hqyUpPYg7btyHpdtU+DsFbXK5h8an01Z9QUIOWeL+qr8DD5r8DjBaHbDWPOj/dZAK/0rbDv5h6oee2+/8JNtYf78mGecyr0cljmXnlaGSIgjEwNAzI3YSf+HcPJgB1dHiDEq+v/h72sH0B2t6ZE1JDTIMgHBHaxsFHYn1cTev9duoW4fiPp8WoHeLTPb/oYezoraSkVJzPDU3IsZmmSJ76lQNE0z1qY+FGQWMYzMs6x8PBQvw9Bxufnd4yTF/yqU84FWXIUXbvSW1oFfsINFuTbJEJBvDuCRSAuNx2Nhg3Z4D5y3KMlcAY4TJXKqiBFFJdo2gxbzJCFpoc8dbUlSQzc9vvjM1tcDBkAuVM3uhGgIvC7/aTsBcmqeFQGbZvjN1Y/HcGXxG1DvJkYTsUxJvKYFPxL4eWnDM+2XvwARd+4M7pT/6P0IIZfKWBs5DBVhept3omJSwtm6IxMBIfqXJMwgs+qky1hi2XTFz51nVbK65ks/rfPOW2yC99JXv8Z+P1ahGijMT5zl0m/+n7qqPULY2fOa4fK9nB/H5ty+8v0mQ0jovEq7qNS4BCo6gLmc8Fq8ZyWqAnZ0hMMPRV+DEBmgG7psf/pPy3MBAqbp/La/bu5KiWJ1RhjjQXb5T6wUZfPvKWXYn5u9Hh3IP3/Z30D+/rF/8qeFQ6wyPPJ2B8OZD8xlBy/LM2zsSU42jJQ7XNfEVjyC5eDxdLJq1DmEVkupUn6htJRtq+ZL0mSW6Kx7LNbJPKj2s/mUEVMbANj9yzstj+f+dIr01DY6Drsw+rhqI/9rLy/NnyE/02MqYFU2DwLoBVz8biAKCzWx4hwMKIkPh2Tr1d40DafU+fOtFUkijgFBu3hGKyma5XTQMg9/vFvJTHTc4eb2aMDpui1trow1tVLcLZne9JqS8hpOIY0l35Wee0GjE76rp/j8nqr4sIoqKdXNsLV/MUncws0XmjGp+tumjeijMBPsNmqrS2yex0sME6eSrtshSAXQyP1D/ZIPJbGMpjBkBd7aFCbZSOIZKfk+5NzBdKVnU/JvVAXpOiTFQJPFPVTTU0zlwEH9UyR/jKLpNYre56I+271WZVa91Izwl55oUVEDwm6YuHNHZ2QYtJAbEJojKIkXa4GTZ3jfQKCrtwT7mkzxLAXooAAJYViJqGF9151zY0wlxTaOweUWlp7uoc9w2cNu+Nb8387miNYEd8YY3ZXnUR3ZgXpNOdMEc08/1MViNOGLpUc8ObwJDzFLzaaizTwzDCKrbofWAaVbNS0IVxZExVm3YsbevSstcLG4avpEn0zaRiFUt8lGa7uv6FAN689CCzvD1xbeuJEez1ehc3I6vvnmjHDNdl807VEH2xb3TZrriubWhBwCEd470+6/QOp75Bav4z/eeEEavY5P1xDND6aa8Nc/gSTJJmxLnWrHwiEdP0iR40VgAk20HOLAydSjHDfwFZP30bqz5ECRYfw76VJTPAM+O+3Xtb1fA/06vU33bSvF1jw7fAS7yQs83i+5WHPfaX47Jxzh7wYejStZkZxRF1wHKYuYxafOWFCd3Ez5W/BvDc2BBHdo8NOXMNjhDEeNh9dptJ5VxgPp0j4hLuXjfRzffdPhdCnSy7RswXEEOwQ5vaJq13n97y38MKLWT4YSnZsJ4O9qU5gHqgmsVtnv9JviO1/VB3wHtLckn2+TCBij/jyO8aRvvfOPkXrbaNE41nnATKwYsiXVyapPlqZjxdLX6XHctj1JwacfGw9uldZqqzCaVY44OgLli+DAIxL2cI3mx7uM7mOioA/3JBwFKnnufWwbmfSUb287T7gHto0qpuZDQeukY/knvlyXWZbAFThOOdJWmTpFBD6Mgj+rWsmrs3yOtLy11PSqp+aSWW/vUu60pYaIfaJ8ACPKSzHF7x5G0MSreaPbs/snd8Lqc0YiXRojHunoIlgamMt511WxlShh0UhDqsDqSPmrzEEpebLQuTmrXkY4QVWmgEL0MeoP/Je2f8QbXJXqukldn09OUT9OList5bRu0LKP4IvL19jUq6W+OyYbc8DM06FHwGbfNYJbUQ1HKY+AhR7s3PiFZl13oGNNETHGgjT2C2bmuKHeAx4oUgFkUOHd9DVRL5Dui6M6wH0Gqhl+d0vqi44b76Dnkg+ccAhXM9I8VrE9HAFbLNsrc0+o1mfeIrodPMDDdfBNoGtoBnE7m8lVV3Rd+rOIRJbOLVVkgvuFw5Ee4LH9pQNoI8YRoIbN1NkPpryOeKoyzz/tgWkEmhelWrATSo4o5rHngsusTNsr+8iBNH4Soq7M56pghelfffhv5Id/kx2ZrQmRvue7f7B0rMgBbC3t0oL4n2aZZT2FyjtPtIXkgyiAAAAAAAAG7pOTH3BSvYXX349rJooJ5S7eDLEXrjFmPQU8rZar9ZxF4wtmS+oiQC6W+yguzDMx4UTHsnWqj/AzMrZzO7BUfKsRYm2w5Ok7C6cCuuofndNFWHGe/uTK1KV98dEQPpSfEaROwjfeC7Db3KEzF9/ejH+PguAhSpLnoqCL8LchmC3Tduue9ZODxeOIkiMRCBZqkj0lLvWINw6lgrTA1Fe0tYqBqsOuDYlF+y0YP94yQ87RqvDaGzw5PE+pkZU+eOyihtb3Csllb3qLDqBGhHvVpe+TCPq6JVVMft0n3qTQvrPX+G+MZQNpIHgNG+i77CDCW4vL5nLoYrPG8ur9VFtw0Yl2QEsRX0W6SKuygCV7yfEVux4VEg2Tpe31ypTZYtOcSZPxCdfdHLwuKYH08eQiAAAAAAAAAAAAAAAAAAAAAAAAAAAAAAAAAAAAAAAAAAAAAAAAAAAAAAAAAAAAAAAAAAAAAAAAAAAAAAAAAAAAAAAAAAAAAAAEVYSUa6AAAARXhpZgAASUkqAAgAAAAGABIBAwABAAAAAQAAABoBBQABAAAAVgAAABsBBQABAAAAXgAAACgBAwABAAAAAgAAABMCAwABAAAAAQAAAGmHBAABAAAAZgAAAAAAAAALdwEA6AMAAAt3AQDoAwAABgAAkAcABAAAADAyMTABkQcABAAAAAECAwAAoAcABAAAADAxMDABoAMAAQAAAP//AAACoAQAAQAAALAEAAADoAQAAQAAALAEAAAAAAAA" class="product_picture" alt="Louis Vuitton Pochette (Purse)">\n                                    </div>\n\n                                    \n                                        \n                                    \n                                        \n                                        \n                                            <div class="carousel-item">\n                                                <img src="data:image/png;base64,UklGRjZ4AgBXRUJQVlA4WAoAAAAoAAAArwQArwQASUNDUKgBAAAAAAGobGNtcwIQAABtbnRyUkdCIFhZWiAH3AABABkAAwApADlhY3NwQVBQTAAAAAAAAAAAAAAAAAAAAAAAAAAAAAAAAAAA9tYAAQAAAADTLWxjbXMAAAAAAAAAAAAAAAAAAAAAAAAAAAAAAAAAAAAAAAAAAAAAAAAAAAAAAAAAAAAAAAlkZXNjAAAA8AAAAF9jcHJ0AAABTAAAAAx3dHB0AAABWAAAABRyWFlaAAABbAAAABRnWFlaAAABgAAAABRiWFlaAAABlAAAABRyVFJDAAABDAAAAEBnVFJDAAABDAAAAEBiVFJDAAABDAAAAEBkZXNjAAAAAAAAAAVjMmNpAAAAAAAAAAAAAAAAY3VydgAAAAAAAAAaAAAAywHJA2MFkghrC/YQPxVRGzQh8SmQMhg7kkYFUXdd7WtwegWJsZp8rGm/fdPD6TD//3RleHQAAAAAQ0MwAFhZWiAAAAAAAAD21gABAAAAANMtWFlaIAAAAAAAAG+iAAA49QAAA5BYWVogAAAAAAAAYpkAALeFAAAY2lhZWiAAAAAAAAAkoAAAD4QAALbPVlA4IKZ1AgDQyAydASqwBLAEPlEkj0UjoiEnqHSKaPAKCWloR9b///rypvQVmUDn0XRevJ15X5VmBeDCY+x6B7ii4H9j1x/OP8z/2/8dzkeV/1D/sf4XyB/Y/+x/efIi8n/uH7G/AB/Nf6n/yv7h7HX9j3GvU/8t7AX9Z/x3lE8xfQA8qn+89BH9Q/2fsAeXL/U/c/0DfuX/F/bv3GZVpyv/u/HmP+37zexpz3+I/5P4vruZ0/b+en8P31P/37Iv79vTud+83/0cv7N11voc9M9/hN/o56fvH5nPlv9X+2vi76Fv1f8h/q//7/0fkW/YMgfrn+X5l/0j9p/+Pvy+DfCn6Yf/v/G9iP4f/+P9j/x/cp/r7/7mP/Z6H30p/W//n/R9E7nL7U/pv/j////p9cH///9b3p//3oJf2v/761X/49VP7/v/L7Bf0L/xfuv8EX59lBybd+1J/f0VltjILZLK2dq2HwVTqXZWkFfvcYto72VKHbdFrVouxbWKyv9Tzl0RTorDoldTf9PP4KPyNpTTFptLKea2uCJSfLsTZXXTp/wlF8CJsFhdF9VD2/ROauv9vmq2ECrQ4CpWOJH5Q4XgCq2Lrf6JtVP+4M+p8AsQRYZk3WZQs8f2HyKbszK8FrVdcj7SuS+ZmqvwI95jdQN0G67zvfWPh7fBqX8DwzuQS1RmaqzeJPme+hnHX9N+fpKVj40E7xpniTwEUpW6ahRkx5596qPSl31n+y7irf1Ap6v/V+SUwQtuTz0Vc61r3rWqGc3N+g394vWlaE7u6e/obbKyuFnGwASNNBijNTZ4BNn0FvN8uz9pNXKfWrh/Vj18C/S+2T5e17BIdXk6oH2yp3lZO8fQzVe3hRi9km0LwV9ITzi15uKjHlfPYGKJKkfxhKDEF1Dp6+VEdWpOfsHVws3NlUkcCTPoxLQkPtK0tfZ1Vwk8OMbtVQ5u+yAR5tvnpe7bPHr+BS10tcSxP/q9BEK91/OTG9W4nWLhJ2ZvSJdotBtM2uipYzifyXZs+a/J9/12SV/C0IVgtlJjF9hPb/SKqkC+vFyieit6i3yxemSzydPYN5KP2ITKrnmmRiUacWB/N68VouqunVX5Y0YRikjgdsDu16lu45QsmJfUItip0AUsCoUCj6FPIxe2zGwzekBkSm71SeiNYr1XPlp8cKlWtE0HcnwJ48MOwlIvU3Y0Tr76KJuGFsi080X+10j2R+guUtvOC12zwzEW1T+6Q8VkbShgLBHCBzhKUWdrvCf6zfUi2zE2BAhwbIXkARf+tuQHsecCV9yeCZS3uESeWwwbi+h4o9XZTPrTKuJOjtnDckFMyKjsjxcai0Q7P8+FHhliIU+v9bDn5GeZcDf32IvnMIA4+aJUyQKMoFZVvdrtgKvX6grnY+qY/iqXBuJs/Kqc5ONns7G1MZIibgyMbP3qFva6FQGGRW9xZs0AVz9FD0/t8yfUPIxr6ybr6wi2lHdvg5Z5+oSi010johqBpg4Jmtawmg3BGanpEIMcfI0aSWHT9HtAHDwkRYsylxoW82ATKjWiB0G7VPKWq0W5/tzoOXuBQ26S8Lgi3Ad1fcrbfZfSMJMk8Umal0aDzWit85QcxMqcEloCO/30FZxwKWoAmjxapSk1r+CQQpUKtE6651nlFalGYulK8jQ6d5gtzg5rgVb3A5X3wCXTjmP/FxpEsnXvGlNKUNm0SVrRsc56mbv65DgnuDDPOxCs+Ajzq2CXFpbW+tA2UDmMZvuSUxbdAw54YO+gtFJ+VKWVZ2VX4VF6r9IY68LiAeviqQo30SeCn5ErXvHb90Z1sTk9fa5hugzThjvGW+5MMo8sIDLzSYhINYQ8i2Az5Kfu3427MpgyLHrBXuaTkTo4DSRYAqMFdVSbfeHCinNryRgGtmObwvzKSCsGSjKiyQtqQiclDz7OG9+Nsd3p+HrpdqNbbJjI4pAfvMNbAZsqFzWoyZ6v2+IVfiQhad5P/+XtLO2rIRLteU5xn42QgMYHDdHgkAg6KEZLCkcKlrY4xOmmSImBYiUm7Ym6VGg9rHiXt7BNCONzEDVrQjRqomY4cu/NtlC3YXs6fuxaYIbXKEvHFx7tpIiQ6iqCjlId9Z1avugqqlQRmhi9x6PWJw8T4HfvMBj/PJkR6qO8SGjJlWePLfO5XrXrLLw9xCvJVAJc1eTpgS6Es68bf44Qo5F3aOU5TnIF416ngQh02Tx1cldzVxvNbBOD0RxA2i5mJfafJYjl6z2kleK9+v+YrLe6wcUTi2nt1cSEqTOvWDEx/hSMwnNmAUuWqLzHon/GGLGp+MCarzClm5pHAHhJUDzm2RGhyy3yNCdFmI1+j6GZo1vxb3sh86qGuEM/Cp8E5a/bBrATYO1e37sEtJjhvytSxfPGmh8T6HII18FijSjARyWJyn2RKKO9YPcx9DCo4CK8A2ABi/Un7yWJUxT+A1OjkVX4keYH0Eoy5gkGv/6QoENVKyN8oH14W5rknimHBEiSOtXX3hSIJoOUJARSrEAArx6AX/FRu9bh9i49efixsei8lzcXuMzFYI7+TdHo2zwLXhsmbwI7xHGtRSDs25YcCaoSD4C3scWO6krmK2sd1mLXvl5WxZewtNZlokdkZHPe+iLofJF5TMzuNHE7QI5jAVHlv3qTyjwifpxhZUAH8wNPbBUA6xa1KjPu25W3dN7n1BcgRlHndfcFQ9b0nHyhhg5s3Js+CPurCQgqcwWH05VUhninkPFn0f5//VbcphOWnvyIrVC6ULB2UhkaCBW5xXnyFLTzvkgb9QibTqAcsd63HsYNDu++BWKoUxz60oWC1SupUmnoCF/X773aorcHecWHFdK8TiObvQXn/kru0fVNt/QMIra1BwVeKnGub6qbRA4yZPFCjhSC2EAzz2UYL7XnQVaEKc9jNX/XtoQgnaY+4h+0ryLgjYw39i/YnrOlLNvnkGrkz6X2VbJf2BIV4fFic99sSZ1GU2Kw8CQ3qN7dZvXEZgBmpaQ4XiJSkbz61bagOa9X6bpBr3jRLizKvHKKzUYwXhI94TmFOelS9L4OF42io+fvmBvg9OOiMJwJ1nhp+LkT7t7yPPxo6avOTc/iwHOvSjJLsewC+AEDuOq4liGcXD2LSAnkxlXwldzu9jcLVbW/w4cpkkdwXThdGv41lHeGV/9qsch8NO7qkfOwyyh6A8aExvjKnWuBo7MVDFkkL1PdQKeuIgKKnin8jJyqJGXXzIumNPPqJpDJQDG5/W6vAXz2nP9P7Rmyjw1JXbObpRQub3VzQ4/KNJfJQhBImZVVLaG3Z3VmYFlTzG4kZmlvTA7rA5jDJ1vVqUcSRrthtUn+UJosgRRKg/J97aQOl4fa53n/C/GTVOmKxUl+qKgF5BaXgvBdyVGXVdVpUiXAXwypd1pLWuynCvgUTIiMHX2kEL73ML/B+Go5j8gKB6SQIakml4+xHmQLngw4Ol8yzZANQURmd2jZ3YqxTC6u7k1oDOTsB8ntvQWEZm3g3JMv11suIz51HrzvDHvv0+Ey5GQ0z3Q6ZAr5FceIoSedBRtCUzv5dwfqFtck5c7Jdm59bw57PuMI8Sxe18iRacOcpb0s4f1GAEAC7Mkp1YWKOVUh/ENLKhFoF8i5DxhI8hDrPVnTswN83SCumYjSP6zajOsf7KGF/+nygbK0wgZBlRiF/hNWLYcb6WhiPVesffsoXK7Z4ZxQJRkPY7dR7z0s866UPEj39wuCOai6TA/8//9dKOrHGVa9jby52/9j7p3Ekubu9zir25avTCApQcXHkPm8w+bup2OMcSzzCr+cEVXPwfXakCgVobGO+qRTtcCNRUHRhiclYhmcomdovTT7WqqRnY47zhx1nut45IXc2I7xcXj9FgSpL9ZNzkTFRtlT/W7Lze1XcT4vzTSXcizcBYAjnLb3Phq9OnBRRYDqjTIUIVxVJC3dY5DvkoidEi5NNrrPCDWNeLilqmxRNMQAT3mW4oP14y3WFvxZeJom0/f2n9L+ZAdaD9fB58FBEl7A6RNnwFLSg5Q9JkADOnQ8YCWO81g2je9rjZVwYxoGbF3Jv35Wj4l3A8qQvJQE4qtqy5f7wrifdh2vmp8OD/luVJAVWt/kyth+CLE8wykATrPgEhhRl9jGRCv1pAXnLddRBpqxWXCbkQqrHKXchHfzASfLRULmgGVo7MdMQNGy8WJUhJJN6t4BdLTSAesMTvHSPzXv2qjpMourPUdTNg+6GePoMUh7ajMZTd6oDNdsXe7052fU4QgNvGCrvRo7KF0uEB08r3jx/SFEsQYjw+nRXPOb4COsU28XbRe9pQcr1N3T5HS3qViz1iLqfqijj3Zo4syIZ46XhEYkY4IMtAmL27EllzXIFvhl8bd4vHZNluxjnvexqpHHqa/+6eHQC1XFRJmrjtgC4lSRbSpiesgdX5kFK+iOqHhtBsdJoUzxXZ7wBjUrqTakUa3sZ2QxQxilNxPOQdn4Jg4ypYfRedyXvRL8vxsv0x6qILjz34jSGKq3oi4C1dKKLWWrchu1iwNxsavFXDeDJ1hlp43f0U5HtLkLwgV6vKYpK7ZXehF+syw5rUyCkaNAqiJa762GMO5gZn5mYVTZHnrhqXXB8sTcgbH9XUcBo+JTpLwtT9QYH0qZXI8dPSpuiYFXgO0g4iBSDVA2M5PSVpAqGXLTN9njG1159G3oSqg9/4rde2BUdvizaJF8lWGur7IDM0/p4cisxRAlKlj39PzeaNkW+80/cHrg0qeJy8dcfhPW9uF2H1O1kkCCC/jU+0CAd46Q/o52P3/vcjyYDwWBspKqA3rykoondCScSJhJxnUySJOODIVTw29d65nq/jn3AWcLLBWrC5kD/MQU9DAl+C5hj/IdrFOyc+FwP/IKY+HWsqXoSe3/qvqtL5QaE99Lx9VtBF0mpAlWrEIO7szb3M1qS9gJibjHI//K2zQaEoQuwE4chxJYioTPDU8JAyIJOKYs23AxnPLIl/3pu4UXdzhtkQR8dIdw+1pp7wCEmcWVSI1gVlCsTWhEJFlOwEjRFflxib1B7BulopIK/AiGETyG/HuF1rz7qjZj+RZp0OWhinEooDUl4JQ/nRewfLBHy8vwHPtwZDWE+XweS9sBsc/lRPj+CQRu1Sm09WMk8hVnCi4Wo2O8qnsQu5xVSzilPqRey8cF1exNwVmecYnsffUn79Bw227RZSAXV6WS9uYCgOTTIiM9cvUu47GwfQqcILr2oNqCDP8tRxBsvdPDK3Pr2jlTVt+UwNUYxBkefKK1v0TJ4ORJlUF7c4KkjQ/ylFp3w4bQ2SCHkSSGHOdoFw+jKCE4tQydUkpzRMUkuRv1KOzLRZIek178ay97ENGAS4SNCJxukwJVB/0+cYkwS4h8JIEOZ+WfsyY8Uwerpwu/ifCGIFlfzqibOd/rGqqGaCTJgkdwXkQkSkIaqQy1PoiHF8PfQD1Pg3ejdS4o6A6NRPlwM2Y3wwveNZsXJnJsgZ7m3HkKDfU8RDo+Qx9tAUJMDGg0r47wir6L5ATRkLJEq8l2s/JuRX8q1U5tP6tOeUbQUCYi4aYV/zq/5EEdfKbnP48O4+7uXNde2PJdNkjzImmFoWPTfOVKLXTZPOlTuB4VKshMnWE421Iv0txXh4vmd0qhfZDSPbUSQRR+H7DbQMOLNYWEYv1/u6djgbazOAzMkxGMSdXlrjoJuZgTRplmCwTrjecW4doJplBInRdy6C+4fLAHEw/qsDvyW9Y8VN7yup0+BKMKwUibAG5xOzOhTPFOB8ynESv8kldzYCLFkSoXeLYwYW+3yBp/Q76iagvfwjfJjzh2NeJrS4fEKwngtHmNH/rKynqFe2fgoY5QNiAEOpuMJi5J4WeZNvuKtjfklE24wWUy6tvGx6t9Z01UAVg/cJfEZGcJG+XAAPB0URaS0KZyzCwbxcMY3XcA5eNSgI7i35fe8WK5ZgrETm6PLRgj3G3rcvDugcRpmPAAO4JboiIw7dRa+R/EPkzxD9Mnp9abHL5Ke31wXyryleCX5Y6TF/bMm7qO4bq6l/2ofNdtqsmWy1qe/JrPsyF1EtjcnF2ARV8x+T/X7GrNL9AcZ/xXMsS1q8rMoetrdevzVeoMOGaniXPDJANU9ZM5LBy1S5uXUW7u3idCTPJnJ47/gOaQ/U+8z63CeLh375bXqgGoMqUC/g43mnU3TpdVsYAHSB/Q7SPZxwrlcU+S0NoYmj/hXxhK0QvADDNQfLr/xsxNjDyRke6xc7/mfqFXMAJeujCmCqiJdjPZk+YLM5Rj0cPZ35jLpGOp8Z5x9ESFsW+1eqZDx5MLEdvCRZia7ctChmNfLXpY04M/bnjacfOvuFcXUKvPpcwQcqh89eYDdTwCtyDAx+c44goqD8V1xSkFJ5CypGt26W/YAqNMaSRHdMeBIbkIkkHi+BHKKb9sPYv923kpyhMkfweHlvRBwx2CAVOQAl5MZk8ULu2VjPzvUNefTz7VC9OerlEjUx42lluq7el5hpy5SofdfvyX4p8ggcGwO4/3OBEowXI4TFp2mypcJANNobAXRDdTeQIto9agni6XjKgfxiHc9I66I6g2lVs5S8uVkelcVBSp/te/u7b5reXvaYeqkZZoH1Rr7nHM9so2zutgb3kuGTcql33UDAVZggoKEs6LC7+P1eMPPy9foRPPKqX1sW7L0t2nWSANVa9p+hKrCApKe9KmongjZCo+yOxBpkl94EM9yCqplBmQ69O4pTHrg0ZigdHwEUWA8jVpVv0Qs9qdalJWPWkeoftuxiOxs/FswLNzpAfsaYBxif/tHtJEvZY1dr/QVYj/HRbdl7Dlxa9sDhosSPv6efYVQ8gzWUre4brHB7eECPqdhDL3mo/RV9UU9TJYuKQ4mZ8lXUQ/FX40qZZJM8sUcIODcBmiYnZ9HAUrsTljkP+plGYMW820z55qPeKCiPL/HMbt4HG0vOQ7CGvjSf1K0YNfTnVMAg/lOweQhlDAHszvJpY9FHfzpLik/ZVDp6kuaqXyFc5G/8wOR5bMeXBYm18LZXZ4k52OSEgJSMRZXYLTzJj6959WXMniHGPQ5c5t8bqw3WOYqYvFxSLf+Y4XcvcaLQMRFeV0B95/am556uKdAOkgNmlyHGsKCBRed4RTbtldbVif9ohr2/KWbNijm/VGo16bVNu+8Pw9KuRPTfxyJUtOzYJyB+n2K/KOKxp9rfQJHdWd8gR+h+7psN5Ad1/irZMtdwOcC/DufQ2yJmPN5ew+RJapjQ1LJ0Saw27clUV6UHD0YuBL4EE39mZho+V8CUhJLNVZwBLNHOAkqOZsqV6ZaHrHoRBPNN+IlaqSwIlIf7PwEYvYlt9jGcYX/pEry9jWriDSr0yAzaaPqWbvPQrjlHFN87YESUJ56hp45kPrJwznhcY+mFdmeeXSKE41DoFmSpLTExnYwFhIIpqFTUdknidKDPkBNx5e+OXRE03QW5kkhyogm7lFgrw4700k0uLpOZg5hrwhMrQw6jS+1jp3H3MFuWTlVAObVFCShmsrz74k7g+1QMUOqsv+rIs/E03cT+EHQKfOx+SvOfbF/FBBMA6RLShwL6e5bEs0TzBkN17yGILgwmTZfguUWlWLVui9UIZVUW8fmJNxobK0acYDNbiMQnPaAjQoJgtUsKeErgFWS4yNzDGKN1iqhFieSmtmbMfGIPJjC+tiIxnS6pz3BdWWFfhSA1JqAzLNsmL1pyF5YJMZ8/TC6rOWjTKXGXwVh1k1WUof32rDVO1bmLX6HTBmMnvZy3cu5yhXtYj7RjiBLlLGTpGmKS7cdrKvo7Bouia9i+JeI7OPvTjtCQ6Zsiue1n+yH0wskEX0WxJ6LCBrPRrIAMCK7JV1xjQy/QQT0JSFm0z2Zz96iI4UGy2uOWLlus13VrStBZ7+TMw/YMD8foAd4XCzZjulZP/cNQVwkF5zi9/RYK8Mp+I8Avc1br3Kz/JwjFudaKgT6jzLywqGyHh6uQz31EYucZaK4J0DIC49COlwqwmpORFmE0XWo918h4kYPsAJyp49F8TFAixMG/57iC4ADHcc4ULwzyT/miSLTiuR8BFWzMBMVszT49K3Oe/N7ph4DFKp/RGV+zXW2174yivrWgEov85ItC5PUKvrv/swAywUVmEnUdBj1Vp4ixQ7gyXIalkuroFo80xWtxCkQztcO8HLExXHCzhydTCk5HCUGPPxyvWkTs5pukSwXO+HlV8yFemJXPQCexvfjvfLU34b/iw4j1+Fdx7T3ov+3j/p8qe3t1sXb97yyQsqNwnUJtVjnicH4KJOFvnLkk96wNbsoPGsm6RIrXAQHhUUmkcidmGY33dH/0aliD8fqab2k2zKVYZ83J91NoCG7vTmBeCTePTnrpCe1uXhMiQDD9jOZOp/zbnQ62Q4F5fUXMwEAQV7pzDIaSvEHkdJVUU1al4LaeUxWYNW1ZI4I2pIHqGgepT/KqtFdxRd4X7kyt93IfU4bwtzZwtOou0oFAbKgS2Rzil/sZ26mlOXrh5oAG/gcSFQihaun9P6uHHwy7uF/Fcp4CfWp7KvMfQHvn+g7nlwzeHf3/tt5+92+r2CYIWbV06eOZt8ReZ8m8mhpGVbwohEJyK0u6WnF6bnihZuB0NLu+cG9YnJmIpftq3KTm5+OwOA/fJi6U/Atc32nTu3+1w8jymg5LJZmYhsAwh34azSb5kTkilK6zN/hXOk068SI5EqMAqwPURBNt07suzqCptb2r1o9yK0AzlfGqHkwItGo6jS5UhPABxlpfHRoAywvmAcMYCUdu2V4lljJBo5tj2RBs1xz4uHyfirPoppXN3l31VAxgTWSV2ThzLtqhZvRC1I16Iy9bRQUKJVbbDszryqYvWqmaVrAC6Uen1340EB5BW8EkozkTbgUQYloDnhkQuu8VEPE8ItIPqZffMFEp2BWj8Y9yXv4Eh2nE/xlc3ip7OJ7w9VmmKCJg05Gn21u2y6dksoJ0iq1EFDAVevXswfdzK9sE6Id7bZNgOpl5OX91nNDNkusSD75UU3lQrok0HwYX0ssH20tey7F9WpnR0+gthijFHAWVvDTMWqRma+e4QQLLpAfoGDoCOaV6h4RUNFQrA7UJfryPYu5/YUFDelYfpGSXVHrdBu+Y+Ks8U74uQ96Om559J9WibhH8VZkRWp6KO9kznwKxIhqZVNyoRu1eklvVoWWaE/KcE+yp9VOx4FscpWjM3NewXaF7bJnfFlt5Cnjyflth8iVtN+yAV4ilIzJFaG2pWdWLXbklASKdDL8az9JpDdIKqJavdmdIF71tec/RjzsHfBLR/gqSq76JHbXEj9zt2LSe+PoIP/XH3lZPSEdUx4urNF9QJfjUxrEWBhBMKzEGODdQczV0FqpZv5pr+aKYwbT/WfI0RrXzjhxLumhbd3WH0H6i8MpqQDgZOi1CJKDF5BTaWhsdsi6vDw9LC8bkj9lmN1Rqxs+RyCMgC5fDcJcfqhHWsqykSyf+0LbAHP1J+tGI7s/KbdCYctv413DlXUjS/zvvAKpdUlthkeS1oxmimoIV8Xyll0lwN6tgUeISGDixzfu8+WEdnu82WTGLErDlLEkcWYbBVLzNdzPqByzJHxEdaQCnCJWzmOUbYf1nUZmUYUHoCEUDVPVZKPL1nwUUeHLpY9F7rRqYa6fqfBhCxXb2LArV9koCD3JZjjDR37a6KCUsQh7e/6oI54ZsQ7FsQ6OyXGVjKoE2yNnCx1fV94UlSRbxnCz6Q4AJZ+W2D+TJEOKRugNH4W/UzeqeHlDj/63Yle3PBCtxna+Jvkhvdv3xOdZfP92LmQ2rPcf6YTLC9iikLoV9lHh2BbC2NuEusdWFgu0XCyMYYStwW1SGm7P1ne3Ff4fFQ0cAWbFiH8hdy43PjUmNMKRnOm1MzkTKbcdfhLLqb1lvBOdSU++omw9Am54p1zQCPZai7J+sn60b3AwZ6zorSR0JwVhn1OMuZL1eRlX8M/qT4UZjLWKR4YG+nT/LuA6CC7zfiH7NNL/3z8G9s1d4f3Ar0nWpX0b2j3u5YEcyF9fcIlUZqkif39wNX6U6TF7quOVmU+hrtk6HJhDmG/BilmQvd8iLkwkdg1j1jCM5LWWzpnWsOoQXWu8up4LDIN9frv91o4jNrqxhC0Oh5b67RV1xOYbZW/B8l3zPFhEh9D5yycEr/kSGDrx+U5j9Sv/Uz9NxvWOc574eyA3yGOw2jMklCYBqzgqf5Aszp+87cpvUlnZjJCR3Isi/qJXfIBnEACtRESv2koEs8G6b/lNiZ8dk4Rn9gza83+iSQ7+LdqU8WYG4dfACftlFXfxzv17AQFz/MmBS8PWdVoYSPR1AgOtaPTDq5/5d/w9swb7LX+8ogxlXJ2SXqKoev1Wawa12NrjOhQEP8xFLxY5C0TakpUv99SFqmMVb48O2j5v5WJzLvBrnC+ou0hDVo1kDt12JG3IX3NBxYLqchASgxtUlJHL8dHP+B8vv7ZZPEU6QFOIgWM6+ceLpGA6/gdb9UKpHTvmkRyEl+XQ/qD5fLNSQcxI5AZR8SIQn+WdJ3/AA/26fwRYpRXURJ8nvclYMhxpCJc5V6LfVDqrJChrHdUWWv4mGtxwxAe7msCZ86iOEmNRYINoDPDUy40Y+oJFyZToVn2GTxNj9DO4b9BFy0u3EKHcgKYqugB3eYEVSfVdhmewNHQHjHCBen8jc5fwKto7hmFqIGG8tNm3DjS0T7eHrIoZLmdbflSMG1cYyGDlsJbw3aMdEuKjTkSm72zq3laBsVmwqdb2r/1vx5zVP/nTtgImBYdx+Db1Pr/wBXEXZDofRWS2oZIqsVCHr7gNRb/7YGCGg02C6jcSXm+hFoPdq3M2oAzx5anIQSNKeQSF3RCQUUVHo72D6y/3IclYXs0OVUD4rX+UxJt/5tW+gwRCWdlIG6almG8eYAfRHbzrsFQry+HdjG53rD2d32y/tP2BRgdJui4ikJWWAfM1xxO9iIpma4SABWU9slL3EejgOu3Kw3fznF4QI4rti5dIk8GSehtUIbZ2ghgENQ0n3MJDBs/kH3O2NEgfCsyXv8jJiL4nB5COuED9xT068hv85NoQtcFIDLgy4m3WK8fz4030bmdSvn/obx4xt+ap9v6aFaLAfQLZeHMoD7oHKOTNSt/AqhsJIROTkXB56vmUS8UBS3h/a+JxLxp4NbpT+s/LfLAYrmWjBksMsN1TPfrZkGgGHKZYarZNJ9VsRUyz4zEPgamxbZJBUTjGAAAALDMYZOhifBez4dPVialYWMCVZ+wyJ3uc2UE/wUKBmVLbf+S3C7RAO9e2Pef5cXRyovZXJ7KZQmGxDFJl4llHMzO3iyF9b5g0SXjU2s7tojJ19zbqG9g9tNR4cP5c9W/+Sonx/iJRzdTVo4M7Ehtte7NvzdCVyy78ZIWgteZVTfnIGJhhinci4sjxEOoaW3OMbi4zSZIylTjRh1uKdAeSBH8qxsFyGF2WtHbtWLDEfNcfQ5cZ0JfiPlwwDxQ7F0+0eHvjyhe4cf+X6gPAKdEbU0WuiilcTlshkKDI3DHom+/kmmLOjuRuvGLkjfZkOvqWDKL71eat54lsA1Vh4vTmOcgzhS8CGhB5AvB40+LMxb7rvEccAgZTvvUnMMQzPxYbsXPzspvcrU0kGvybxT8sy9UL+gcrzA9S3TpCFkR9J8kJFx2gf/UwEMhm+BaXtjlqF/SWBkr8Yv/DB2/OR/Gmde8dSDfnB5JtAt03QI/hQNKGkSOEteg7ePukgrVkIoh13p/qdn5ZsoqQmELcZwa38VPjzMkpTXAipLqlAIHCz2s/ZCbk4beRnn9C+eBpVsk6ZEtXv4M2cWco1M2Y2BMs2Vp69vkXYhfcrFQVL5qQkwch/8NG93bfzT6EfJ7BhcWCLpnv43I1nWJdXH7RgM6N8uXS8EoNKvykrnzRrQuvqpzCGpN6F0Ck1xPn3bchWoyAJS7vlB11isx+4g5d6A+MgYYkM157Hy/jikll1Jf92fwqM3joyXWXo0yjSd+LIHJAWfbC8DoIkXBSWkyALnlyPmgWPIunPzxNXnoUnjJ9y0pfqMrOSmWapTqOENGgI8utImzPeAnujM9/s7H+hGnYSCOr0l7GhERKUE3xhYvEbA6dhYJ3v46VnISVK9uKHN7kTI7iFoZebHHyEkWBXseJRz25EKM2Mkjz4Z/FM3TCDPLX9WWWym72T+JgsPH2uR0sStOLz9ANPcZs4hH+wKFjnRW+xodHgDXPCB5B+wE9cgYQFeNrDfiqt1nJZ68omf/fPCMU/26kZIcdmxXDm5T71D6LFoaRKibXYfto1UJ02L6BIpaNyr7rwv6Hn2f76SXdbcRMOEvZlwXtq998t8nnf2YN7OFbdROhPuHnXIz1stoaRRPL8kyJjc95CYC9D5maWAypiOC8w3jTMcQGos1q5q1JYZt62iqc1163l4tn9jur0pub6BJ187zaanabzW3cpLZ1uDmTxn69RgfR+j0zgl6r/uJRZsEWSJ3zmmx1Jjtw0yedabaRvEQDZFpMsPq/ia5Rtr+gplJ2Kinw60a5bKKKYGBS3+EZAY2HStMUmLcN7lPhHF0R11n36YBXQe4rcGKTjebWd5xWO/fZA+5Gkso2uUtRtRAVq9lMC0hg3OIOPF+IOVJvfCDpejbsW2UN7BvAEvikEBhgk4evjPkLmhj17941dAaM9ro6vSFLWtea3m7G+VetvtWNEW9/e0eHswE5XDZFKpUqWW0NAm8dGH6p0yF17xH02ZnIz/g4kNAfwCNbs3mReuUIWDu7pOXncGfnVvwd3zkX98N0iOn+CjDdGJv2qho7YxA4oqudGSzi5ypxN5JE0QrMOrZC8wze/VI6IkiFl8uodupHnSjuw/e1dN/+PHektsJnhtU+E4T/B0KddFRV6riju6maQTEjm9ybbKRwO2+17hDXpX1PGaymYuAjdTntpiqBgSDYzKLlsseu6wipkNoVCUljREN0a7/Uwu7Hf2qQZDHdYpLbnK+Acmg//QdI+4WJ0L7F0ZrYZ70ym6XxL/MC47PxkdUSDuY+ssHRXaMMppUAh1UPWObHu9iGZzIUh3kOmncDOhBdF7M2Az4eNzBwXZ5/QgZM2FhN2T66/Z/v1Jjz8owcoqywhKd4kd5sy9PbXbza1g4TD7b8uvKIc9z7S6TeULfubnEBFEDSPccmDm25bl9yLlRGcF7nqHD4jLI5dx1e0MC9mtGcTvjt16OFxUMWPcTQrl87MFHb2n/1R1ZB+x69pgBLNLwHgqfLcRNtPnMNUsB26FpkuBVlfXYp5Zm2958pko+6vkk2UhrOp9eN6uPB0mXWc64ZHLFIw9vH4T4XGDyuXGoLlZxV+lJ3Rxm1THzsxChDeIpwFdcGIFegYgHYW8PUEzxlMmS8VEETF8/zUQgIlUwokUAVv2X/DVwxdj3Y37m2K4ppDZCuCdv4rf2y/bZ475MOMQ9r/XNdv/BayMf4p6Wfic0FT0+SHSKVtcCyrka+MCAB1nsNkr9Xa1D9dDkEjLGil2YzjoPcYE6WNkNZDfwSJlxCZpj14I6uX1MjngEmtZBzvy65LKIcXN4dzbJIVcRBpbTAqyKwrcdqZyn1LyBug08COtULpQKdZ+gN/UC4HTxZLAeyyeajo46fl0px++VSybz+QS6oIyV91WbTkQypmTUDttLtT82masESSroFTOE3RMK/Qo21f95ipJ8lFcFIoR7/YwsusvVVwH0bWy2XobXZxeaAYJMCclJ22Z7UuJV75CkCwgQEqq5dYSGBfBZGZ40o3StIRlWm0LHX6GL83rrRLmC1nlde+4Mm/LS9rEZHeEiTwvhclBQ+auL2cQV0g99sYuFJghykr/bx+gKXEsJjBIGpWc8Gi1ZrCDqldjmaq+wBKf8cLBhfXb6hP+HHT9onMLsHSzMR2xsu/tFCzewGUABpNpoyw/yZnAXcLpVTDICx7yaeeEI2sqk8hsjNwvPmAh5ymKrhZXjXMrekTZ56IYNZsPWjoSLiOgn/E16c4oXhAlyON409i4iPHGQ0mSUH/TWpKJ1M4nCCN+Q8GZ6XtikZ6aBJCkEHvxRs2u3zr9iMT93PKsS4D6ZvLTTMFeQHAugmG3wiEtYXqauU6cZt0ZV1Y0qHO8Jo/f7I/dV5QKu8SvbhtjEoofzGos2RZD9LkKbo8asJo+qgQ8E6CEpPNPVj3ISslmGKDScQ9JX7I2Y/6GuYSnXc//rUvNRh9snODXjYvfVGWSfaTTpgxV9oiYH3UiM//zqY4Kz41B5fjHvHMaRaufvx+2T9lSRRzki/8E7Gz6MhDM8MmFfKUcFJUhM3/oduU4baXWd1Yw3y9MR68aBtrYCDrRPH+Nt66eeOwdEedinfAofxugqjc12spyfz8IcJavzBt2NEoimd7iwY2lbf+3WTMCj+s5cj2Mx77VGcHU7gQ8ocWWTskbYSiM8ssGlxBREoRQ9wG2tmhHbIOT3dy0qmypw298rrjY3V9K/IpGzzI67ite8Fm27GvJhhx/5I6jEu9l2XioNhj0t1OrNwj0ey6j2VPK1u/IDeKZI2LabR7raRtykSlxN/5QyRM578jSk4Fml1ds4EkXki3LM/S7tylTqBxIrKj8H1Fhzprqc8eze4s8e9tBSc+wR2CJEKffFvWDiEeWNifOwFnJ76hISwQJ/Rim/lVhOK9ZY5LC2TGIJSnDcAlM962z3soW1fN4Fzrag9j5UQIGjOuR/PYR0tkPyYzz9w/tDnICX+r57hVyoHY0aiIdLfIJ4vmYEm05RPtagYZv6n+BxD+B0EWNx/CuLAcWwL5h1xdiIl2irhinQD2a1ePATH++GCefmjhJmcVLsrxuyQpkYLuwtdljgnuiUsFs7eQ2JYyGaR7LYavIY233xpcB4bYVEC1g8N0LpywSj4ZnNbL7OnqF9i7Zf6vv+ca8PA9ZPehyo/GawfLOpVBvYOzGBP8sYepklmQhbpV7Nyrkl8RRidR1zUvElOlR/eH3vYtb6XJTcAeY/ENd8ADlNBuioxf/ThOXLv88JxneTvvoaCE6WCXWmOtlYfBYrTHdJmZ9J2tbxB30+fxsEl0vOGDZ+ju6SkOt4584H9MkejUyv6u9q3tAg6SEQS/sYrkmGk1cWxzFyfG1PQ2qPaI5hYCxokKO8bVh0x7tn/mcl+1ssJg67UCRgp/ERXJv5sGJMB5ggbWoP34P261RKkADrIU4NJZz+Q3rQ6b93/GbDWq2eYzst2YysrqK0ujb34s5YQtGQJW4JXoylcIfUHuGNC6bZ4TB+xlrLMArYa2XTBSz+w03wQmoC5Vl6k8PJsJBVovFfqZKlZESY1fxVtzcPqPOjfFj1tarht9fUBK+TYO+zgIvEWCwVEzBXnljwt7piLLhct7WIbcNGgRsVpO5bG4gBtzOL9mQ/t1A0jg4++frNlHpAiETxAjaGLKjYcSfAWQx/42EWLNHF16WCMMapaVY5mdkbh0hOgpsE4/F/C4/0seNbeUYg5sE352wMXNIhwjIV/9yJmyUXfrCbtOPBC9g+68dnkFk7buaLRqWdKxLOPX+xXCRBADtV7bfDFgyhUQEQKFzRntTpJzXAVMNa6u63Rj2VXTEJgcbu8yYYzZhd+oDybJXS/Nxy2abl7cOheUPqjXfJYGw1Dn+Ef9Gv87N/GOAgqyUikp9g2CFMY7GJsl0dE0I3AnIrQN/s8a/55xwSpk7W8/dG82h2ssIHdQncHNP2/VfWlhqpaq26pp22ZyRtGtawU6Qj+b862yG4+w1lRvCsGUyn9O0rRuIt3yBY1uA1mRQxOoj5HH7r/texkPSvTsVh4QHV+6/mYBQ4yueNC/YFByeR7dERY7EWuHgbDDCUErA/cInJdwQNYTko0bzix8Z13cXh/zzpkyfqNzVRkSann+08Ni4b434MerhaQ7Q69rYo438VaW1iAUzbdOkHV0TVVYf+piFJhsRG2/OBcIxpvca4pbvL93PpLzOQAj2cuyJYOxRIV0RsiJAnteAYlhZg4bPQ4Zpkz+Ui1Uo9dTLQ9dynZYv39PPoljNMLXJ4raL9rZlEPpTGFAncutUl/tnnNy0mc1Jlxzy89RpUvHQ3FX9wUdXY6vUPHa+MhA0TdaTQb7BcdkzhpnysjqRc6R9jUR/TDPNHPBHmYWO7L0gUNLEulBO95MqEM7ksFZ2cIK8ndXSQetmfB6//3f3NNYKP/6tfwSYkFrNvtj2SYzLwYmPnLk1y9LAM/1LtyRZo7fSF2eN3109cYztM2s7lpXKC/w6lq09PUJrR8WLx9c39LtBEAgpa0xYb3UgTVivIl5LkDI5rGAzW970hChjOC2NdqfGqGHZU41khajl/Flg6CAmysrsERjJCdrN8aysNAMxcrw0lYWMQns8X4Am1iVXvuliirfJCi+3bCDVDRuQ0+k0QmnPU3REnY+NDtjT/Hksgqi8JmseQY4n30CTS60tR1y0XJHqvDU5g/FQH/5fnQUXD/SzA8JHeVk2n2dUnQL5RcV4bYWxW224MbkKiAU2c0BjVyvT0VxxxeUaeSqYvbFsRtAExDJ8/4YK3hij/uiqoRtmu0/dpOqSa3jL2c9ohVt4+WVAPsliLcU6qbVz51ik+G/a9Rad/BwqSgOa/Hto7ife6ctarp/d+9GY6o+HWBsytPKvLTHRt4i/rUmm7FBLaZcEu38nOLd50psAlM3rfdetPLEIQOCRh8BW3ChGVsA2DGzZ6Q3uKT0vdIA/RqioiF2NzBIGpdxOLBMjAKD3i8uEXwf6LdmJgrSH+ZSxBHpNjAfu5R/BBeJleMvY5v1C3afF2PLFJBZp2rQs+X9Ms8oEq5QGSQ0ztEUAcgt+ou5QzmJbeQI6PpzClEQOTdIn2kd9hzpvV5FQvUaPttb65Tqlk0kxD0UyZh5QH/9UL+sTb1ckE75OupFpojymGRtxZkiUWQxoy8FezEwvRzqN3BAk6NixALiYzMra5TiCVR9juov1JXPky1+zmQaQqOiplFGNhPV2aWKVt05svPsBugXFceNeGTebfiRX74yHbyUIoEWzFALZndwc+dkJp1bmw+zEdTtSFnZInIakWoc1C+D7D45XLMFBWFNqkqD80tXmueWRMiZPkX4t2m3swEHOyjRXRAO0HZZ1SuBwt1ojrnUPEPZ9B+18qQSG5FnyaiqnWqTVmHOQaU46DBF+IhSb+7FJs/X0DDF6/eNYQfmmKAIteVBCeswGL6qG2YPq4eaopc3AsrZ0/38AMTUjQvb5M/XYYKn5pE/E+E2xlqLeFpwHiGZ9smCYtgBoKD6YjldOroq+b+2MLu8SBTfmkY0kaXKYHs6SGx8/ndR7yxK3asylfiPxOhPBhFAx0FdGX0r//EZtRpHNeq8wg502VHNDaCf6Hyl9rASuctqGC8EiC4kR+0vBH78L48b+Y2vp4tQQRfYmZEPvIqZ/DKyJT05IQq+1PknNZigvH3/I8/kPP+5+t0EOPUSVLea4EnyM3eBI0eHPFNXGuLfIvvWGwIvHKv9dEUeXmo2foF8QMdcc9W0zTxNPkid9rwdwAEkNbPFJnF6C+eolffpofPxSisI2Q+vAc5h5YxQu7489rKBaz4ekcOiq2pHifJ0F/vopWFiDpnmqpVKKp6GwJTSwEkIDJxmHJxArTLcGnZM2OQ/3SiT6XeEabQ/VTxoExQkt5SmkMHNX10LnrlCOZJJGzIsZU4TYCRMnKtCtIxFH4VmOaxpZizHR9Wo3L85BG2oGqLSrkHuIIhPAN1gHpW6QeVrdBYn2bJ0hbQJ25IQRdZNuh5luIJQEiq/vN+ZPtAdmcybIdsxYXTA4yHDBW5UuZRsFd6bFnCeva3DBt0sebhcIJRs8SEDpq1uihEtmSKOTKPFKc1jQKRrZOMW5AGv2nYrmAyKX/vasmFAsPqE03gsoVfqWOF82rnvWUR1kuioX+5s8j4YIbMimmse4OQ4eBz3oIBAlDJOIZMKcaZc40kvdsd1Kes4euS1xjKKlYK/ippEcR+62xerUbvQraeDkbxKcVzbAYLIhtkbSiCn2H1H39/QJLVEUY9xvbHLEFkHWZbmdogjTc9SBwJu1m0OhZZP9rmKzkTj0ed7q4Ly3Apuo97erGfhGyA4hu2a+oq5xORRsBUkDoAkHb+ZwGYSQVXYBc0eD3nN+aKVFkLsvuxHaov80HhgIaeglm0erywrY1v5S+YkCpLveUKNO1It0BZdsqJJPJHJozQy6B+tums5tRv7ELGm1P0Pl5XHkL5GD2Q5jmJecFLqWRXLgUinmlxNREr/bynupiqG97dfv2GY2cOpZqDwWnXXK8G1xcohpk36abZhzCzuyD4m8deYVK8HQ7XqEGz7eGplqo/aqJ/DRv6bsPfRHdiS3nbRxm5DcpaBtA/+RVmbQjc/CnxvEJAtICWOy9KB7vWsac2NzNItgMZh/GUY3SQEOfEayS1j3dFoTERhux1LwJAgDsP54GdHlgW2NMzbVRMV5NBihfzsl5riOAbmJOIWvpCUBTfDzZP5uTZPnD8obukWZT/+viklhVj4g1DRlzc3dZ+WmGz4KzOIszF30mYHZf5UfJYZVZHNvkRLc2hniBCdDWA2OjK6KWXp3Ubc3j1HLmOsOgSWmi7V+rRUg97LzBvMCj81wtl6rmeUHGNOPUn/MbVrDojtCW4kczefzmvstuX7vqbljLo7sXi3G2flN7/fX884RgI/Jj7gMycFwQYVsXEN0yJmiV/0y0fZsPzOlOoakhQ9olNfQok+MVmui0wTVzEaZm0NxY5NXNgiWdTbrlPg9ZMy+4qLa8tmzqUgSg1+msfgXV56DgJIwyiOeIN4h36zJsTS/CGJ7crTcxTOlzyaJabodcVP41aS8hz5++Y9b4STDioLScOeVo2rV0rp8/bZq/MymVRuHB7qligTfJSwCSfTaS2b1ek0vQ21PesZpazaq1R/Ssx+EQwi5kmilhWux+mDdOXVIJjBowXdr6Q/F5x5gVz8zrGhF/c/8eiw/eeZ6ztPKrDMFfLG9SYtJK2ZaEalSDJk5V0udWJpJ29+dSj+JyFpkG74o84KeZBV3EZiU31RJG22eN7t30VXU0xrb44XzkF+N5oh7hbVpsrNZw2eueXk0jqQbXZA2zP696d0dR0o5LB+EDZozYymlkpkUu/4PCELuRsop84oH3vum0Sluy3gQRXfblIQJDUMr+uVmQqHfBiEFPYCNSKA0kF53hqCwmES34tmBN2lOeS888iUdy/EOu7tK8aZLgBs35lmRZXgJcM64fP9v1js7dyZiAZn7FJyyAlSTksxSXLJgmdQl/jOZk2fLcrNyCiIZPJgtl8Pav7HxVB7U9hztwlgH3yz4vhymnXqUMxH/YhIaoRXQPg/PbMfVxtu/jDtl2i9a1JBmW3f9ivPSXIN58b5HiQDw6EnjcEblvXKx9c7K8o2PwZSJrE8+5i2m8C53gE5gvL/xibX8iokH0USE1bCiALdZ+5XaQKKn8hBF9LimozuJKl4IpZntQJZH8kUSQW24Tcg5Ndt0YAx69gw4tBZfmz2k6bD1+WnNJXEH4XFV3FAdXZ/sJF2o3fidaehELCzu1NnDZhnjZaWBwMc5Oydhcp0EYpBcCLL1my+rXW9ffa295qM1KDlrxO4tPt8hH+PcTvtK6DwJvo+QRp+V9n1Pll0Ybf6E7n5oi0SqoSO2Sa6MYzwmC880UWFfVMUZV6NiV9A4+gKcjoMa27l5YPXzVmvb5FMLvKtgr6EyQeitFnuf3OX2IqP+fSMYVBwbkGgl2Wqw34RhEj7+wluebVjroGaNuMyVdfYyvRIteoF3NFnIZiYdC7jReSpTP2OXzQgogBhq0Ja8ELWEcUMNWtEQvC52Y4YamZ6gziMsaK0epRn2XLZa9+HSMRJHyFITBaQ2F+0rXIcC+0AsE7ASyoy8T8G0IRMsniBHumc6wecluLO8ve4G9v+NZFbZR/7h0/+dL62/Xdwp46qYvy4nRJNLxsqL3/7g0gC6UCTPiou+H5z41qqrTFuWMcXDv/CHShffC2beKRHRpjnyYHZpJYcnmsUaaRsZEwgJXOZhlXmL9JecqdkKHjNIVYrXSVYParXo+WAmoX2f8SZnLYJtpFOhG8+rWwvTCh36c6CCams4Er0vHj4DOZQMPpTQFkjoDZPcp6n5wNdRa8n85iizDMDYSqd/2i0l3KYz4CPInqAolphIkCHuzdxbiTDkBjUJ4QvDVGvn1Pkp0V8Yld3Ve8qFgIG2R+QvGoR7syknmeb4PzV8QhbgXTSd/FZgrYctyHh+sWIyR/LT2ZOLVv8p0IEqnTcOTOBDKjMP3QGOLS5achi9Ig0m+nYd9HXvd6svjTZXc3SNU/HRoglFMg6Geb8kmmRIZ8vMF8YKPRFsUH5Ik7WmmOQtwq6w+yh1cezRP7ZJA8R4S+5nCwJ0ifGHi0uVM3rI02acrT/C7mL34byF9r9pRP/3JMeaJfodPcK001eYFEt0Atxi0XUOWbcibU8RTrha19SE27KF2qIj5S8unNgH6xQgglIToOs6nhen4urlqawpuif1DfxtWyHeV3gv4tFG0X32op7MPtv/ZEAH5XBbvRl1Ul0nqit/KNqJsItsWZpjbuCIQZWfEApY8uFXcoxcKXyluimRrBuM/l7khyk7FUduUM7J2vqMYQz5zeV6V6XV4Bk7LxzSFKeZDIMgRYbP++O5pybag57eGaViZQw3fQvIVgcYJU8ysCG/rS1oZzqLHiPOZ4JNuZc8hEOC81NAXlVhrLYbUuSSNXJccFYAVg6Z1nx5FG7wRc9HZKGqbaTsq14KLrNytnkh4vPDTvgL31CfGgFlLMcFLSJkmsAy2vwizNUowozghfmiLiQrv/njZchsg7fzSU1+lUQqyqfiFFuPw/452YCvuR2AdeHXuLwWUkPau1YgYZ7xkXKRsXX1MsAAuvEMkVa4F8/uqNwBFaY0A8xOTbCz5fWhAURNN0qS5evCex7BJfLgLnKG0iVtKkk2LZn/ePKI8DmMD/EKyw+j7RzOga1jMTHRVQgnYvhxeRef0HG59MB6ofnhvm6mFHEFX0XiuYFxxIefrd30xC1gkZHJcMd4C/lWO7mKygensVdnPwTgAaD9HtAMFv2CIr5ho3mUIuMudxYIXXeXhOwxjrr5WV5WaQ1p1EAfGJN7Fr12UNIGNrgv9f0bLYuENUA9EaQB668OSsK8Xf+8dASfRG7gsbZuPNdXXNN5O6UIieDJeGv2UQPFtqW2ZxWW81BdST/+LYIDVWchJPG1/1Hqtni9EUFsKK+m/L63j7ovz/uBpXsMJsvUxd+sm+ae30cB0WwptZc0WaoU1b0XXnEwGmNgf6ywUTg2dnfloI2sQPcq4sr3Po1dWS8sCPxbF3GRV4UDh/cidXew9dbe45CC21v2+Ol0WpAUcgRqTxLXtANXL2d5dTbnZty1aZ+3AVTLSl8ivN1oMmwBL3dJn22a/NeikV9I/p2ymtIXNp/1MNZYPjT1lzAOUvfyYK7BYWWptyu6tIq2LMxGo6UmdSauF4Kiz2KU3SvxILeCvR4a8d+kKNU+BPjj4kE4AX53XNXapdOYh2h5n8eMXwrUTrEeVVOcQO172xdrQW8gc9llFkyLWp91GzOzzFmSJly7NVPhu1TH79Q8WtemhUQgxdcQVNn+Co4vA6cu6FDcAenM0UmBHNoTQ4iWQUyBSTFBibcjALyjGbXVlSrRLYuoHcFc6qd305pjoKvJoIDV8gONQEg7TMXIvGIVhFNziqjaHYm/egdbIrzJo6xS9OmrZNypGqqZOhQF5USIScaZi4XYUjQhgIi1EnzdRsRemtOlympr4n0X8jKVf/GsY1iyc5Ahyf+jCXZVM9Qo+Vy2UgjVM7B75zdW7sMFNLlQ+Bf+ouCBM94NAFppj/YiLNY8wRCYE8KkM1iPuieF1FqNXrI/yFd1Tf952/LT9adwsGKj6wGdkLcmH2StrgqtIsr4URHkS8ZyXPhj1t85GdpK2LWrxk2/JvennMsFwFKgOLDnhYmzszv3YRPu/7tynhEocFCIqJobCsKJOYBEgfXcrFz66+yhrhAAznEZzmn3ihxSYmpniZqMKqOdia2VIjWx3zxoXR2eYRITqmO13ZJjSy5izoC71tMCkFNk5GAvIuyf5ti/28L4ooIS3+73ZnskfgmIDvyYgDjWyubcKy8xPdSa2PLD4ovPbe/VVAIhbS/5tZcvfM/IwcHTSK6ciHHqi5dOOxEMf8RcKXfQoYXDdWdBXKEgcThzPftTAMl5LftKsMvtFYqbTUVt6k5RHlcQ0Y9HcdzuTQMfQQoGViey0KYSuapi+C7ZkiYJ3NDsuDboAyIhId987cJEvvJiIHy2xG5BFmf6iiSDT5sr/CWKCKMt1Rz6E7t15Bh7z06TNu7rN9oQI0l4mpJ9qLdzj7CtbEGMUznbdQ12Gawviw+3FI+fczRA1jrgEcBKwGeyC6v9ZOXeVNc+8nfpViXIwTHBVbArAZT3GocVjSPjAvC+PdEmM02wrz/yiGDhtslR+kf6hefI5zg8cIzbzxCKSXY2yS2lF4itjy/851TfgCHI8xY/y08cRLtm8QzFNKnV00Oa1h6ETXCAgbWssDx0mcC3NsIhEio83UZSTlI+OJ4DZtTTkKPnkvenHsiR5A4F2YF7UKfUuYvVrMCFi3Quuw5LSQFNT02hPkWndU91RtoTraoN9Yx7dn+JJu6BI5e2x8b2Ye9mWzujHn30dhiLUaZkTEi2CPDhOzHkRCwnXIIYsg6k/dFjXfjMnfY5lvLK0tH7ShDeiB+SHTQUF9OMKGL42wUidr5HShv3u46XfLedE4Swfq7pTm4KNVk6xex6+8Hviavb3Bz9qXA+FX5X3DM70cuOkrxWqPtk4LKAtwYzjTQ8L/nN0P9iFKAO8aW6Hd7OqKJHfphfWo5vIRzANLsdE0ANZUyZj0ywNV5A4cGwUtKDFsIuCUc9FTyhIUS88Myg/miIaUB7aoyijm+31p2R1NdQ1F2yq/mWvuFupBF8xxuUaPnWIyUgnmubgv07KvdDpj0kW57FdVgeuI24gcAI0/kP96TiCB5DQu1SZhhR4SuukAswW0JRNT7cNF6UHNnJSZmYqx79AcutZaFkmTW1SiII9WW5lhq0B0yI0EcZhimlsoVDYvvhL80B9XGUYwICld6KPD+96fq/C4HUtsfn8ZXjkspwjHPZnEhR9Q+VHma21lUZUlZYcJWt/wbuq1ChWpGBjwEMvKRGXH0svHTUhyYGNwgYlLjRZnc69U/uzVUeuVkNEw9TXyocf3iW8eRPllD/AJotHo/kCZi+B41rM4sY/pZjYHGPQN6/wyZuQNKmgrEysTHr1sC35wHGWnBAQJVhCI1bqSKCm8i2TJ8E4s4pKXJujf0CQ/+AUYbOFmK961LXsQxcXMWlQZEjGVaeCNssFtrwJwPLECf7JNldt4DVBDJ0pWmDfts9Nskc1hs5kzR2ulXJ9zIzfc9I+61ppZv/YMieyJloSqe9IsFaDTIq3uKdnrBK0cC84NOrVe+wxjgmRgk6ZxyGlP1Z8TR2l60DmGE33K74vHIO8mYFJjSNrQFgN5kobz/al8m60pM+IbCWS1QnMBY8vmNixHLL72xBP4RcUWQJ42GoUGU1ZTjg2B9oibCw31oDWRJuMdX4S1P3x8KDX7gta2uLr+NaYReE/+Ukvk0gvekhzLlwlf5QBJeqt30mC9zEYEAhw7Z9Ew27tjydBcoTr0xw501TQIT25Op/IcrYz3I9UE6AgT1eg4eFpjxjki9LN14O9nxrBPCvs0KXBLyS/WPO0+z1Vet62Iw3NWSKCQI1T5RZ+bTEV79/CpJ+cDB0bjloBwlVYlXuDqL8uMG6uDEE2H4sUIcaI0bs6fSvobVRfC4Du+gmEdI7xq54qbalvciPS5z4WSNq5khm0cLinTNb65HuQTcgVKtfzRWaSzDzpH+mOahhE/vVXzKjTcUIzGWKbxbe544JWHxqhWBlSrTCqW54tRmqNCOMfUqcWVQ1G+2FkCDsuOIjoHBECS3xvWEZXq+AmNssjOAbJ8hMydKnkkSGCCGb2+TXKLgIkczvm7VxE304VoiSiCVs5O2fhUK0ZP+klCH1qYRYz8Gd4+d+QcWu5ICNOMv2JCh5JHm98fPZ9kzwKS9ra+2HXwwN1QhLBiX5MkRnfi7mTxJIGzqOJDvs1ZxGkqaKRU+PuklsGRcOm74p9Jgt/kGb395hpuWXBDL3h+SZrW3YbtZdp+oP9oOxDN3Wq85eaT4gAypZBMRwUXDGO4/zGlhMHRMX/Q+M/YcO/5J8dhkWCFn8o9egE/FVRA+f4Fsbv8/jtUYndf/SpBLqXKJGavPRKr+ZPPCIPgW5MeLDX7EozV5zR1/2IojtGF/2YAc2kMgwbEzzZYBPx1VQuQvY1I950wWGnzZJ6rbLZSm77Vh4tkMwjpKYZZrEyGhGsR+hQM4qTTJ6U8DfBDWv5P/IfE4HmDcJvdtFdDezz8CAfxkzVm+3lutML9HU12XaX2iIZUvCLth5ub+1IvpaDSsTk0ZLJ6+8h8d5j2DNDmVNqh68cghE/aeroZpr/OIZEev3cRX8AZVZ4PFrB2G4hA9HsLu52tRHAdbyzyXliBvQ4jGEThhsKYtwuwECnQ0P2DR5U9tp1YXM+vJW08oUosaACdoAp4mxVcMh/aTCEPfyan90DFcxtpSrG3M8eeffPV9B9nLY8x9OOAW2km4e/Xjd5U0zQfpidxMvyEvGSH3HectUOhUJSb9J/TAKFdX+7er5vYXZmm/zmrnOFG+XaWGN81hhBqj8/hzxYx31Yz2Y7aj/dkdzZS2g5LnSvppFhvPoIGAL2EaTuobwYz5w7Zes9KDn4lFwWQ1Px3J1LjsetvBVirL4K9HJdSyvrDqPNEM1pBf8hYSfn6jZaTE5IzbuuYlkHbtXukZ0YaTDG2MhgqXprHsVlpDSMlDrSbdjAxOwubXhOR3BCsSXcKqRvRmgOIcEx2eTPVPjGZ5L0WpBNFP+STZgBOdWx12JP2i1ESZKBEfYWydcNvtRmFUJdVq1mo2oQHkGNwhtG9YnO7yMwvtFoTd/cso3zu3MilPxeLhgtuLeHTN8phSi/T/bQEF+GlVvj8nG1pn6kQeEaZowYycmOHy/lDxMKxNEZKRMKKaFHXP8A1uvmAmBrmVdjUDyudEt0CGEuRnhMo48P/WpUPyPbLEbmsSsqg1KPXEX/cXjX8hjOOE+1mcWntb8AA+XTXnKAVW9YEPUyf7ceJvrKfkbpE8htI0f+H5FxDEEq8bFaZHyAtnmvB5vMVzXFOiLuCpzIsBrWFddyNTeIa27iwx2ZPU+kKetNWCzrJyWXE7tzaOa3xvNd60eH/9tzp7cZo/Uwqk4mrZbaRo7o3Q0hMWuP3XrmWuYnnlVP/vbdQ7U59rpjKa/T6mERNvE7bg8AxTzhqIl6AnODlK6o15Oc1W7J4R7mDgGKdvFLAdsbfvkAfnQcOLUDy1ohv4MNiXOqil6hS1OZS7UIbOORK2qZiLbUlpz4y6/T0R+auofCV2u3VfdqK44uJEJn6MfVbLYTBjnvqINtKbrZ5taDXbmNqgcTrsTWm0NnQMvY9lu2K6gXqJwnGzvPUAuVCLDWpNnbp+55IdJf5+xuQifY7gX6rxPX3bVZdaMLEEI+QrITRGPu3HIflxQHFKn2jiPsIWWydSqSPyf7A/ckV4pUmpch22MzAhWNuGA2IhPTm5SKBcoAkATUJa9mVgz8pJUwqVDc6rlsjHYJFtOStibnYxy+KtbbKZcjXFeFsKshx9bt9GqhHx2776GI7sLOtCkSJXkiilDb8Oj8KARGpfzm7RzVogqCru6ml2Wc/kgrFZGXUJDjHIdXusfvXgs1+h/gRXjkrxFiRY2M2dC8kyHDlOYeTXSvexT1Z1Un4RFBXw1M4n2K96dFEUmwFjWNUrzKE/MuBCWsDzuHz6JU1NeSaiahJ8vHr9MA1yY14PkbzQEx/9/YyRJBtwQuIjZ0urQ97IHmr+gK7+iCP9ZrDUEikODF/742APmq2H0v1xSN1DJ9pjUNh0Gk/wTwehSpusEP+skOdtu0AyG0zhk8mXb05Afy17t48Nwnf7EPl0h1sNxerN+lpNDPWjV/zCnT486FDKxkK6JFu8Q96umtnZCDd4j3VAROjxznC98XfBauwuoZwNwjqKzsF2vMDPGJcKtC1V+de/CmdUwZm9K4oysrSbm2Zh23ZNofDbE6NjrDGU/bHpB7aq4U7dEWoPAKAOREUKQAvYxGR0D5w0kZpz8mFegA1SXN0QicbVihADfPUr3YK85leZKmCYpSyBVCSMa4c2XjaCN/LopDwRI6s4jDOhvnz/IfQW3oykLbIeIQjx+zZX4DDOYEC8U/4ia7N3AlJ/+nR18WRlBoPZtT6PmRc3itGKoMrLgcd22TyRyFf0IDaCpv4/9SZFMhLZeGIZMsDr5waeCMHZbZXGbgdVZ1g+t/IaSB5jxYyuqz0LykG71tXexYjIHH5QVSr9CWEo+omhZ4Xxc1m+yaHtS5+Tes+ws77U78fyNBc08FMhxfBDgPdf+ApJcgFzYrEDuUdpaf++X7T2qhxdrPyBoM7mqGosoys3oSfn4oNG9qNTcC0rU2FCkXlwybvQbQKXcTfCaUFcEgBMqUK7C6rQN2RES28RpWj234PUXDUFE41XG6pKMXrhvaH5C1Agl/GJ3sCwvmCoKozPObFyJ9pjNmpzCX49VhcsvIZalOT4DhaFjaORM24QozxraNkxT7Q8pBDMhEMpL1gouiCUnOqnNemLKpEmC/dVPrUR3BfubitgKs/aA/ambIKKXjT8oStQQB9b9We7iHQdNUDTFRc1ayBV3tly7ZLFub2CSmDjF2ieT//vduNXWJlaQLnOi3iumlLBWC6ovUXy21W3LYgxXVRZmxSAd8x8C1CEhqn9xOQyRr6FWLlqU+bYN+rCX5kPDWRxPEv/ke4bUdoLe/pYJXGA9RrWvvtG33oEFNOyRULa9eUD9E93Gpocinn3JOQU6kCbuyOvRvrb9aSFyOvWdERCGXLVxdpbu9PvMSB7z3M/za/UoPsQpOUMOfA9nM/QNFBzWAn5tbsbWj9tklhdZySV2zuXTzqpLVuSbnsnH//RHy7CMfD4fswieMbwKzZGTkhPMKjMNmM9+OodNADLW82SgWF0mAadxet4sVxs8zVen/TJYIFXP0gASHSUPeEDR/65fX32zDJodSX4QQOn1cgINqzRe+gtqQVRHq2jPj02M/yT+1iEloeBARBTpwMzcAwDxoHzC3hyBOvfshpIvN7sqyN1OkVvxxhkY/TDRq6HcioJb7AmNQfO3q37yzMm5QEkgPMTk6zT8G34tichR8tOVUqTlN++t2vEuTR81qzRpr0QlwWYzeEaESCygbZzu8WytaCRYM9UedSlsb2+vkCtaRGnu4vg52QLaoGzA+70PWFwMVneGKeDf1HWm5W/BcdRudeTxKbZUSrSdA8QRWlAtZDtI2ntNN6WRLRcW5hcmFQ2Nrlg/m2B3b/y/vEpi0HsSfpr+KeGN1M0caGnNSTbUO059+cU7ozinGpOZIUEj+bJ2zBYX6l+N38OIKft1sw7t13Bt/PnYPzzXCrAg9uQgnHpqU6W423uf22LvvSkfzSIi9lkUnCQYoAjgslgcajy0RczO8JzdlODsU4IkCknOkMjJDLlCcVhLhh+a5Hbo6m90I7O/NVK1Q/rhIZWqqCXQ/SFsGYErFw8KwdHGMhDv5QaUk7lt8nXOopNRyThN+mOUposEt1nb4iS/WVAMgzl7HGowdWbRyw9JnvKo9lIGYbpzKyr6+r/QzFhev2QFYN1mPE9QvH46xP1bg3V3UYsXGl15NWiOMdGd921OAl3Es6D+4eAfOP9MYhzTsAtBK2ckTgeEckXzEc6+/TJCxYk/Nh40jmhf/QEXUxjzWpCXIWSZJF8zVe+ziz/OeTWKGAOdAqSCP+k7iSqrQ/TjFWRvZ/87YWpBseI712F8kcxK3vwj2FVjIeAjzkgnFP3L0QT8ZlHyuV4KmWybqrzJS0N57VYUZJbux9/sOZzOJwgebr+9qkKTPHMdzPIoWZSzrQXkcQkxCgcDPVoH9vl4mqwUftO/BjSUoSdO5Z+Pith8JyVLqLxScIFMU5DZknoyrFgf90DeGFeJN/H31OzgdRP/bzazvYbsCJZOpFw/xpMNmXE2PC+8E6SihqqTh7F6YWn/R3dJoCMqzWBpXjKyVKPrz8fC9Dgsoj9blABGnvEKqVz2i0hr+Mt5sbDi99LKjlItCfvniGZe6zDhAhDWcBtK8jB9UXj65ppIECYJfK0R3fWGUlmlHdAb1YWUbmGAh0FX1drEvuQeCMmCKNgS7Tb95mfMUPw3iAHgG4A/qKiWhut04XqbeOPvj8wyV2nGJhx716KoIW9F2JjSoJCHsQHawAGCGRMJIRZfoX3wTuAcFeSMi8hGhNnN+0SeTazYacjBzcsnWvRbxAqWy/qrHDsqgzzbhkSaBnSq9BBI+5k6vJkV3/4PLwREHM8eezsIhawsDgSviHLzjIiE1lU9m/fnipKWeeerus+fQLTnwxQtTrczpErh+VHyAGoqojvxtOM9l/q3zO8jPhJoTyA6QzH29I9UX1VA/aC7jZwuTq5xqKGZ59r6I0Dca3OJrrWKZUjhsFCdBHwRh2jtL6Vpx03KHFpCtbDF+EDCzu+eJDrzqTjWhepThfnLyieDlriJCUfROU7+pUn7gwhgtg0/Gurz0JV7/dvD69nFw2rNZM+M+wlEzsSFfFYn+72H9kWiZcWfbVT3qU19er5vdNXj2YXcHCf0LrdrZRJ7Exdub4AAgZkirfl559AuponeC0chf3vj8hfJoPgay0deGcJh3ef7TGDHbDhs9dXpCAQ304ve602M6VBHM4767/TuDPNgt1YGM1IgBqpWu0qdWqboHF0nYhonMW2USnf7XsbZDO5sH1EbYlXCf7tJ0ZHcJYTHEWw60vAF/KJ/hitT4CE/KS2f/d1Xs70aVpfmtXkyWjytrUtJIcdw+PQzCM7qciC+gwu2kqO80GOtOV553dsmCYwSqk5hoDt96tMXn8deizw48h75hHERcf74OYcBnWbD5vwiM1B2W4hHzy9eXKSy2Ocoy0VScBccZxykHL4wwF25dRFiK6zls2uf4Z+EUCOMHuu8GNL4BYf4avxLwamYwHieDw4JR6/rKYMxTaq7IK7dA46t7mvTKkiR7XFyotWcn5qdMqQrhYrdWnST2GnphDAYqzNQ5HmaFfW+Xoia4z1dexN+4lj0RicQxJYXSKZ3ypazZwFLKoXnrFzjdV7Mspk78DhfpTecvcwKFvhiZsAtX/nElnn6QnReBQgGH9+9YPX5DLo2bGaHCRA5RjDL6aQnIRwMkSgaV62kz7yPV24FCAwaTxlci3+W18iqdmV0MNDf1gXqV3Y8hW6fBpkjfm0+99z9SDOl7g7plOqlt222L3P9ZXd8gvZN6wKtY0TCcz45UUEO4jzF9BAwOugOiU/n4uOoitMcnCI9c+ou3tnQbryCTunZwRo/kqniErxCchmnmABbO/SizOovju0BfNhaT1s36anutT+yTjGM+4koyd+mAXbmDmJ9D3rhRSk1GnLx3e23ImBGH/2vuLEvaf943wmt3BcFDSOKkfIeRaJ8p1XxcbiZCNdnb/5/mCY4x1yBkvyxkzRMDIkU7y8j0gQFfa6h4+8x+4mwzlmt7GCKjK85pnslACs6ovGW97jCPK7dBK0rEl8gXD/KKK/E2NqjlPIYKsdEr1kv9vkNAUh8IHxhPn05QbXyA/7QYNxcPGGj5UKLZN+brbp6upaFlaJFaXNOABvV7jwSuveliswZwWJ8RH3DPfy6leRDrcHyUzHuJaM9oIx+smGlslT5j3K5Bv1s1jDdmJwVgg46Znqn1Du/W6ifCQYuEVz1CRDMjEosMJZjUUJCTAk4ahCox2aRjlQYOosqHQLsybzurDhZmGAFFcaZdGeZRYqSr+TPwLDygzK2jeN/+abJgx2sAgiI536k4XcS6zkgz+pZkvMJdwngG/WhswN/F0RExR7HxEasMFOfRbh3Ijggz92s+aSZsy8ddaRRCllnvxZ+wowWT7BlAgEXa+p+El1WxXeURVEUM5wgzQU0IAkhYHLSkctZq3np4iOMxoe61K0cf62+J/ljRONk7xUCeKRvJMT41oAUycZSlnzM6TUdGqEjZoaYawPerZDHGVuF/h9s64o38L0SOGoQao3zmEcvDGjPEyd1sFpHKeHpw3TIKB7VfrXs11KdrypZdYdaYkOxZuzYNLPdschcQjNvHst9cUf5IQ/dyomxsCxs/Pyw2rG7zyypdZ/chxn2E6S3tn0+pTBNdqgYaO3+1DVOqU+39DfURcWKnSB8MbytX5IZ4PGueR4rGzcTHkUZ0yujiQPgJev9QvpnSd3mmTeTNzug5VI1cfKigULYNeMsY2cfPCpUpRqPkChPfz5cgJuVgIaZbT/WzsSU2M+P6DaxVRZt7cZaFKJpz51fYcjnoXtnX7iAL2h/YB9bv010R1OW9kg8LPRa6+vtXMg5MUJvYZ+eSbyNHUY1jTASyXxSz5Vhs1I9TcpHqMonekSkPj1C5LFcBQI+UWh7paZ8PBbyZQ1ERIfG/3EDwoGFAeX39ZUlsp7/IHHzSa20/WI27DKa/T81gkwmTjOTqEErgDghbTueDqfMEkOUDXK0Gro+ucdpiHFhIdBsJBay2taz77dwRSlilYUhRJVVzpYSlOIUNES1B3/U3ywnQ9Bm3jfJ4Rwfh4nEe5IfyU//AXTOr/BRxiRYrzotP5VEx5UBO9HjC2DsrSl0bbFuMcSXKjcThbL1D21gy+DjQwh97TvI7iON3ewS3zqYVo3eQokjw1e1vAHhKM0BI95grJLFrvMOGSh9mQkU0pg0AyUNjNr+XOuCOQQwi1zYNxH1QVdHpHuNHjvhpLBJdDSoaERKlCdF7jPNP9jJFNN6fo1MVzJVGrsZm161QBO+P1Z0LTxHd7TRCWLkohi7ucmAgH8UUixgB+VBv6W/bh/w2JqdUjEK5rNJlmF7+Reb7iSUYFhteiS+W7vVqsxsjrVynRvy6PhpXdJG/dasqr9oy7OFbpHAsBp7uhyTQlLiuLkxVevzGtxvravwtxdsIxJW2HKGLfAe0dLlotZB2TCCuLo7SIyYU0zo1XXqG2ASseRIoJ/hsn62ZYIArclE5thnDSO7cyUCNyEcZQl71N9rO0Te6pYuSQZ1q9ezs2gdd3dU0yOucxEw5znE1/hp0IOC6VDIhQoexK3WLuX+2Ll+XO5FJJd9wubZIwPYBBWrV5lCPfJIp4g19gwH1ye2mxoBnPO2sboUM7mWvtMlmIotZCczDHryCeA4RVWqRBj11oJXGoCU5z7BPZ9QN6qAHAyHVdc0ZWt1v8qpK/cwJvsKb3HqRTMidnkioVcz1zZro54a7OzSa4ekm26R5v5oFV3y0CZUSOpWi5YnuiD/tTCKQ/qD5q47fw782E+5CrAJMC9kDGhVAJQZOe34Petx26QnVAhdmCvBmEkpao2cYZrVNrPYH7T6LufmSSX2kNOSdnPQL6LiAF2gOU3L0Ps7rPWPdLxB34o4/LzlSqJAn8IPJjJFK4gpTyDvY5WozOrMEQtqzNA7qy9LCWgCa3jgrF2qWZQHE4Mw2UDZn3DZNLo+7eC21W7QaPzJplSzpzLUNyGyQc185g9/liAF57yGyIYzvdI9GShH1g0vlrcrbHm/Lyj16m6aGyzfm1gdFlC4B88CaINRHK2+2bRwpGITGjKe9BF9EdOIe6ebq5UaHSCcM16EMFA4nVKhXFTO3DptBu4GWkwxH1KQ0Al4HrmQ1lAIbOfeddWWAY/92GwlUbhrpKYUBW4n+jsFoDeN8qBR7cIsgmWp39kyZN7FqcfkUM7EAg6PLxopWoDP9432OkJVzIvFlIyOY6Esg2j6fe3QcnSvAA2r1a48C58fDHkyA5NtpZfgEMWe8Y4HDNN+E/VknndEjVCVNMD+QgUF2s7oZOy8HgCWVKa5ObtcVxdIAIgnq16qJt20+pdJs1fYZwUOelrd0Oi7a/ZWkaQQzugbY5KMCplC67vaRUufOyGN9ZyBgegh/Dhn/rFv9chaPANrzvWYxL43V68Ak8FYA1vnjBHMYhQ5n+t7Bfkh4l65BzJZd8uZNSrW0utdL8CHdtZOazuUT9HFB8OGjYI7axPw9JKn6CuSGBJ9/xi+ZjUNx59alg7ACTaAOpZXOqAqyBgweKVV2dwoAMhslnDMxCl2rghdbhdcu734uEdM2m0TjUuW+11iQNHzuwwb9OSSkkxrRcdICTJBCTdIzh1KaTPkCUrFYAuTDwl4CGrl9M/DPKbf2/YaoTxTSt4vX4oDFO7BnkBQVtQZQ9ZS4CbmLO369G//NN6haY5wATKyXHBdKp5mKI9icODQjL8R/trLUrwbyUbBlheeXaYSOBDYSsDpKU4V6N41xG74e7l2dMvDZGdKmHwlqof7iKh5ZGZ0q7/8nUyymiD5E8SeWr6DC0x/N3ZUUwtgzFLvWFUS2orz5xiBgT1qlAb1YGScS4D5mskGBec+SjF2VxTJk4QkVwJuU9cGfLCHtWYIPmPt0CsWP1xqyud8xcD5eSF9fNOmSi30aRb51DS3JjVSHz7v8yZ2dro2YxXHzIpe2bS6gysstaO8jFoMjql4hS27y1LGh0bkzmx5ocfC/gWZjwRMq7KzlNhkD+7kLKfSEFKHvrhmlfoEjSUwsK9BBWOGkZJ9nEHXtRV88FcL/GVljS1W5jHrtyqW9Ff4FriVEAyFWE5f9UkdKnsTD6o1UxhM8+1GI7gZyQOg/+oEPV6SnL/O6mZpsvHzh4wqBAAq5ZQm1gQ8oZEiACw/KN1ovHc19S49Gl+lhB315CX8eav3K/VtfLMv3U/yv0aQia36cbc1f4+Jm3r7zWsD6sS5eom6V6+GI7jgswEyQgs/kEA/S5j1kPXEeiDbnWph9Ka1iuyaEYb4NahNdfC/YcIrTOOK8GiR1yFE5AbEXz1KxUCVlWMb5F58e2TrmLHKKVIlt5xYFf6ZMA3lUBLolzgAcuuK35vdu5I0sOVB3zZg/ZlUB8rC9zD0/ZFsS73JiokeFYvwQyDVGNSWMPxYFoQhrZlWOTQeqXiCrWRuAtO1VQT198yqfpg/mrbHH7f3/JvWJvD09V9htvLHO1DsaAuZcPx35Bw/my2w+Niua4WkWQS8el39WW2ZFPDBheMO+V0Sz7ilbi6I7Ues2+HIuMWYkUDBePca/AXDe8zoJeiKGT/qObtCq+T9+EXtuMkrOQnSelrx/RtSMy5NfkCT8zwh5LSatQCxxltBBlw2GnhXO2FIn8OOytRhguDKq4WMKdH7DgHkMMQdwGIJafwmjvgDBp2DOzSZ1gTuhlfTl3Wt7ZGrWtSZe1Ff4fCHnGHHe4+GIPLRDLf871HOl5v/8Lz9ILWlAefDw5WKtIRh+c23z/OZn6hCbAyeNk069zoGr65ToC8EKJe+yaYniunfPhI67VtU0bI4sYrv+mXSFAkO4zcLFbQ/HUM73ygX4wx/v9rIIekhoFP5WLI93cSjJUsRaUK6xy1L9hwUcNdcmqFHRm3VfD05y48VKn3DwukRMevbdXsrrvu10b1n8DfCV+U6RUsxmRZ1Vt4dBr1GGY6NHyqQCU/mR84bR0kr60C08yTFU1rKOt1m7MEK3LtFD6qkGf0MyMfQeMdb65j/+qA2q03mpcrZHAz41eRhoKFFGNrCv56U3MaBnnvIziBH89KCRhPKXeUWZJkWg5xycoSKvNUoA1aE/4hBqZHzWCxPB4ColIeY0j6qKdekqxxlR+8BRHDtkqOBNuQ2q3eNMHInjfXuaAOM8Au55t7M2Tk4cRIkI/3Exv8HsNpZMYkzO2NGEwORJay29jevw41zJHadq/U8FGyydoliMB91XHhRdIMrzFI2CmRbSw4b/gTCM5K3ctj6NJUY7oGqtEg0Lui1UubBa2K2ju3DXfWeEox+1GGXYI6XLGgjyGauVQZnbvJ9X59QimfGfCR7LemoPd+y9zfvcKELSYxbYbD7kkRRIhbQxdoIy5q57ibRfiF4lozHAqth3cr6ZM6fiW9X8PqXuo6KaMBLt242NQNBfpy3KrIZWXTfaWtnn0Yoy4nXLBpKYTQpSuULs0Y2MkKmrmt2JS0bnevYa34SoJ64ZIHlRbca0Rtnfw4t17yPVaEgUwoX8t4omBZzUqES0oKVjJgrPgsFyGVaNuY1QtDrcs6wWGYEuS3KegEJ3aNKSwU60XYfOls1pEbe8jH+wQFNuTSdnbupULQkVgmljORF2dkkK1ldLuxsA8lgMU1H6m+y7Q1A81D0BQgS80nMi+EDPdFKtrVuWmHeDPLuZ88rV8f/3X3Q6D20JRiQUpEVVm4WpJQS6qviuwSr9LW+SIb59FVzoU+U2dAIjp8yrVvEFTII4nL4aeab250jPmQNgmjlnAr5g7MTkwR63IKLIUM/tI3keAuX+16N9zIb7JE8Y+lGDZtJGiHmZUJ2nzfawhSe4GBqTp/i9m45R4TpjUvDxPAoKL6gtHeIC2xpaAapNTMO1rdoi9n402eLDB84nZU+QxDmsUnabFFw7gIK1KqB1Nt4G4/65/yuax38c/q+sXyl6N76Q44wE/tyUO1+08MuQdTrmf6DF/KlRLPM2psWhicpNwn7C47tCBRRNWtXLGq7Ajp+WzJ4vI/ZvfGEuPHfhu1qL98LzRsyh5+Yh1frSUyRcLMH2bD+xGL1HG0vyoivk6ugmi3WjqDFxDKT7uNbDedYRvM1fpFiIjsiI0A1NWgWsRNOsHAorq3RiKxSBBqSsKhUC3ZEL/gUP0GR2KXIzNAZ/qqRwg37Cj0gn3fXyfDlvraa//4vVFHszmt0VU6oE5Pge75NGjM/k2aT/hIiIStOp8u+gAP7OZpcZCObFmVixmpSsuVT1//6f/ur/dX7mf/HH9M/3PdywlT9qA8cUioP+CviuC00ypEYrkjtd7+yBOszyV/6phCLkUmHTQ9DukZ7ICZVO0bkALCXKiwNcxn4jqkd0pxSMTan+TOFEPgAhMjWXhH6HCmCPMKTBbf9fcq579/dCUQn4XAdP9N58SneXfk7pa7j4Ro8lfasfrsj11GNB54YX/+14xNTuZOUN8g0flCS85Sy5p03+wbv4gay1Srt6aVx5an58kb13XMUebYThIgvpD4QFjxLohfcBdmUZzaTdYL5oW2oc2jhPpIUHY/xubUJf8pBOsLA56a6/t2uKs0/ZIhXLOHKUymZ4g74rawNRptMJSEbxkxc0UVdfnLuxo8sTiCr04kyzW2kG0yk3txx2JxAsXr9LYZOPc5wYdF74ri4MsiueO4v25uQqIZeHu19v31f2HOVYtty/Dly77HYl+6C7+OPW419v94rwJdfoFloC+ymQ3iPVttKdi0fc5pBetVTCmXQwAEAkxD27PrvFRdSN5f8MOf2xynJamwOLr89xdbzMENm6/+bzXGT3wLOTwfQPYwWYkWVuiLOU5rTqLgIUV4uEqEyENNipu4vZzIdUVAHnzUaPhCs2hldXavbYVKrFNtmpVlJeOPxVnUoIl6HwVgOJVaMy3K63rA4ApoCdW6RJ/c7XmAz29GOadkkZUfsaBHBJYLmZPns/9/PuKtPWJt+LOZ4P1BR1VZyfOY6ObBnJF3cxKclXBxy5KlUaVs0IM5fcy3Vaum3+DhaLCeC7t/aBKFIwIH8ESQBLk3h9sqRZM4Kip/lON69OonZ0w2NzkDNzEwIAQ/c2ax/z6RupFhxfYIJ88RC596cbalU9c1hTMq5csy72IVDOkZkiwyiNphhoUjEbacbMu4X161kV7tvtPIeXPiG0sJJIGs24ZboOF353p2Bhy4J1vXPRHM30r/pWfcZBjPngyGhuqDmnI1PNlIvp0h/rM4aoBT1QkHQ6p8Is8YbyRvsnI7sPArY8y44AnovkXtDGsVagnp6PdPFqyjBLQDOMEAcemZ+KvNt27XVNPPjciYQlLLUj0EvkJUU24/kjJSy3j10ayPZMx92htJjS3MCvACcDdxRHBEog2rMiNZWtYQSwCHIs+H6vOiTaJ4Lr4eXeQd7RklzFikiilekjPZnuQ2cK5Os27klaBdjMxV+n0TADBLqcvNg0fIdaXxihfHWM0xZLDmgEcIzPareuLhCF/sNdjhg10vKFsXOwkvdri8bqpHTLhU9qEmJAfosAR+jJ7M2mCyEwt0luAAXLVgr8ThGuOV1GXPuugMkeckDI2jBb7W3dt9vawVob8njgcX8x3qxbD+UGxDbLGS3tGvvypxaPDd4XBvWBo3ChEXbRL+rWr2gnOhEW2qYNcbh2vRS5lGmb7uhcAKuX/iBfYsI5u7ndIySHjLHZHauqOadDea95ZcSQwGPZxdjJsnaloXS67mOD2rfTMDMTDODjmt46yTmIDsx6QDwWsVaUICOnaPxdUTiC9QHPdVY7hi6F2BJdqaxAXLHbtoSgRO8lyRrJq6Un4B+8zl+5pcE3GROFb8wocbPYuMHv7216RLfOyb+Oy+GqET3nrY9x3KR8gsYbiCCjezVcpIHd4ci44UhNWQFf5pl3fiyHctFLNJhPNh/rsLkW7Hus4thdpNHL88g0c+xhsGg8rX049l3AYLjgOCZjwoc7prkw9u1njazRKksjNVvz6G9DretWgwHUJXFiYREcRamlfBOp05Hl0V6bVabTZpOtc2/u2Z0QTJeR335b5B/xviqctXyWkoV8PTiFWX2UpDaEaK18CTSKAVA/aDCB+XytLCytoz56yBV8p76JyCB7EpkeC+7+3X3vMVfQ6VhsX3gB/d2LLCguv8pSC+Tp5wgcevzsXShjFmMXexvpF5VXsNxL8GSSBHd4Q0WlWedd2WTv4WsJJDcf+sSTGRffGtRi5bjf2MLptDOjd1ZvNL9IVTHjb1OeSHwoYpIag8gZTkGzEXiRMe+HbWdqnLRJ+i65Gcqk/33cWzIXQpSYA8GQvIwcuD7zKukvYqnLIujx++C97cL4gcw2mlV/LYhkDa+zSyKQojLaDbzwEPgGBj+eI0KsteZDLsVtbyCaMtOV2odm6y/tnibXRjIWzRKcnbUacaZ0UmtdPXqrH/k5DFka08nb3pP85WtbGaD5H6jCl5UtHiu/3Obs7bHcuyyHPaWXGEPMOdzDrgGYrjZLgh1GNMgAxK/yUHKruEYxLfc+ggEIKmU5TOgz1hP6Z9vaEaXULpBNP4Ct9GCx24oBnSUwTPwI+vsGH+vd7cfI5ZwQqJJNIQrkGc7xPz70NyHewkhYBke4qwH84er0sRO7IeQIg6NcKRnOm6J12blY/zr01wo88KMur81SPFmnPdujhnqbPJlBMwFdxjt76tzmkSFTLzw1DgW7/aRwJlL0Qo3jiuhuHCEQHMj8xLkMXr+Qh+OGP66gtabWWznCC2jRWLivtyTeWTjtIwflOAnwiJ+OlHWH69cosIfzwBVktNIAlGkKkQvlGVPm6pkE7tOuItRpU7XdwQJlprrajtH9bvYHAdIKhWC4kpT4H/l4h7NhhfV2y3E0hDZzkMRs06dLXaXz+mXUCe5r09xUFQ+bTgghhuxDF2+dZWdnSrf8cZZ6RZD92OTBYVhyLy8G8qiYH/sAvZhIA0rfw4XklmD/ZQk2vVYziYA1u/b/YdYT8LIQcyJU9PYoliA5gblQbMQGOMaQoNu/y6xuUYveIJaa2boFRoniKlCBfQvDkff6MAsTERGjCjLAdvMI2lTR80XIv5vDbKD7H8PkrR2PjFmhNJN5Beg3kApHqsVeou/ewPsYDTQ4g79+hJtPZqP0B7GB9A+4re3ETU+bzxtC9F8AMQ4fINjSI3FGGaZvczvQdULyJMmSAea04/W6GE3NthQGDzhyDcClv4IHLyZgoJqdWjldrDUCYBhkCTuUg8Ouww+/7RTVC5tDYKHfnYias+4Q5iH4OgfNImfgSS/tULC2qgR54r2wgM/j5K8Oxaa2/uVOXIrfX+cPWk64sS+OhsyUAJ4jbUjoM2kcpoYxTMHFUtfal9MpZyo1etPZPC5wuNFZThS7690o9kc+gCtCqhLqgjFJC9mO5bCfY1YhuPKHDVSh8ZWhoP+PGqZRC/nIYTPOfUJHpVB8shqp9zPVSesGLhU2y0wyFX6XtK6gvkrKRsaQkTbdo7nSngKhDf8qTsuUkK15w91Tajt4FsfxG8SQV0rwveEJdGHdtqjvyJ0M7Rtu3CKafqCLAvajiXX1HaDEp4bMhMrR7ma6zo5Bg1bVPOE2EuefouNulmDMNL/l7eo/+LActx/uoR5x87K42O208zLmbepXd/AG7MDWNt0vJFGvCWTSe+Vm3Jja1zExunroo2u44C6TPZ6jif4G1VdkjRN0p5MeZszbJjMbjW7pSonSz+hEs9GWIqpakuZAMcuNhG4Ma1i4ahvwXUQYPlPLOfUpvV+/jZukI5TWdiBcWtHZea4/p0oZSDSKQF0q55/q4pl8S7LxwaI8yzGp845SyO945d7YWgtKLhuEbkWGk0YI/bwCHWf72dAba3e2Lj0Oln99Hl11h6ZEWxLrJJkzSNXJeIkewWYbg8ZO/rUoSCGzI88BAApIvrGKDZ6MHcnIRnsZI3IzikIY8ADk0aa9XwrXwf0dpF4Q/okrw2TFmw0LDA8RGmMTgLd0HeVbysWQT68NvIv0W2ZWXd3DEZ3kPJJFUfZCrbNb1jCCSgkVr8pAzfvpgfTsxjuY3GxsApNfxipkv5NxH10p/5Wge3/Bd8QPzn6hM0e6qBQD80YofoSQL0ZzmemITAivdsjHIHLDlCRw9ACmk0vmsq2xrJI9MEQ7zNeqa//9G6/bhFa0H4vLINizDEQa7+K5Da6nRKPJvTyqX3FpxZT7f739VyOrZgibehlYkGnxM2AFcv9q+uBfo19FMbgM2m21xjKTPckCh3WCsKahOeG4MFjxtdUolT+yRJHObtD59i21DY+2PtqM4IVHbH7hyYSVRCxFZNAhQN+LkmsfUABpQvOlaZc3tDTfl9TiDfux44O0nxxtT3hcJei+qYLbCiZkUaIIcQcqupOLGY2wId3bIy+FT5sBliiO09oEWUi+9J0oVLM2sFpLRAVSGXJo9CdisiNJNdCvhWb+Cq8JY+0ObFuJ55XQUc1hSH+BuJga8/uIzGJBfXXiR6iVs7RD1mStgWheLR7xYrS3Z50txoeanD/670EjMgrt1qLlYJoaNdyfu9lX8+sPUtzX19JpM1IeaR8+dX6J67qz+jDFYEIYjuuVtC/3r0IcQRJm1BrnEl2ryJzxClAWs+3q+TdzcAEwmeLloW+QtrDskq1pzOP8YQ8ABbyueJ/Dk1C8REF5GW/UC1F4zwiOayRTKpr8rOLTsf3TkOFOubbpf6sxISfy6kZKyPcOLUYAbcSPMNnFSLudb9vy5LFuP+Dnlr1i435tangtN6npZ9hPuxJ5+hkuuwi1mZfiHhFFyMGjvfpfSI4KlR/SOd51kuT/dgSr4kTF0MbznfQipvIcDA3XoZh3QV19xFnPvDHshCLmSXPEfi7ZWqkU86giQnEskEkrsT94p5NCvjeTLieOdjEZAsahVD+fQQcIOcHvq3uxo/BafFUOIYq7DF6wHlgg+ihSeYvRDNL3p8XjB7fgf3Ill/eIrgyPWLCogMtPpCjjIthTra2tARtwK1/SE5ixxkkIpQDPpD/x3ZLqwcq9aAUZAUzxsZVq7rT89WOafTwIVBQabk1NgyJxwA1mvZrbo6pxd6PMyuIxtQkF8C44/tzCTZ/By5UTUFt0lUHMNDrKse+0D1ezUmEpEgI8nQmPM3KhUQdjdcrY4t67DpHtuq3tgQ2FS0zv3GNr0aUw0d5lNFRALRoUtEzHSTEznEFt22MCntgcJOicut+T2k6peB8XBMfDUge2HJxMEe6rDmez0Tudbwdk+eILbKqFUcFqQR6U0CD9wG9ZI4YMrgNRMKFAe6ejlcDYckJhu8WipR0OyKRTP95XRN2oVUIYLReg1+lg+X3dh8y/75CHRc99niPc5XkAzLtolMVYrEe2XEuiUBe1rl56syNIxGzf/ack1DBrLP0E2E3m5ozmPZ6fQ+IgD+q82ItYYry9Y2rJxsu6+ik2/3V1ugzWnQ9JISg/neTcSa3xmskOPLFvdDYMPm3ZvCKDzTmsgcOxidDu2WxLpDlwRHIuDzxOSBFyFptrfbJhZy0/J/XTk9xA5I3Bh4f9J3C6+ruMMdIHV7s57OOsx4a2KNtMAmlaRzvx4s5jOiDkKAKvjHybhAinwvhYIhYo8TklwSYpBFpsn1g8B8HwDMxms4Dd9qNV9/HgUWhKnNW8HBqjdBsgBs1hrS9UZDnfrF7ET1FmSK3LI3880A7FxavONku99Pe0kI9FkLRw2ANjGumPY4AwODjT96bR7ZUB6JQRSUnCnjybRKb8nSkFH0pP5YLe5NB8+kN1f1CjKpdlNj6Hy1TKO/EBa9ZGCMpU+lpq/M0ge25XH9BLCvKjrwbo0timxLPBAd9FXo391IqnNW4HQQ0X4wRHvQTEwlRS6RIWLfnWMW8IDZXtl99zdNIPeQfK0NkL4hncgEUH1dVoLNnNHyqOSY/IWNXKIuQMU+oMt6rSDb4juXhcU9qa16PUiNaTygxCss+pv5lyUb6FimfDyDr4lxebjiZFh+2m16Np6UsQXX3332VsdO6DX5S18ApIkhAA6sw2WO+zIvOvQSG7xSa887XokXT13poO8qhLcQiDey5qTEpqL4CS+SCy09wDLiO0MthIjiYF+g44MrJ8YAjQDJKmE5wEsTnvVjGwR9ckzcL8GK8H87kiJmFQGHGqpjFMRSVmUY2lpcFIhQmagkngpOI/pYhQp4GrZwFAoMvpk9fNV/ZsFmcCM9cGhGF4C/lM2/vttFCznvNX0lDEt/dk/24sJVY4H4IOLb+fwpJVITTXugYJjDQ/5MFb/Ru7uRZA1arL87GKVust5P4cEYnUx278fkhDtrkQrUMYeiKsu2lWTsFPX+X0GUGVQc0wfFTn9beoE3c4iUT0jB9YI+MrGIiwHIWtT/z/norjRqi02X0Q62KTnzxhXjDcIBivW+nqDKljlS0W4SRuP8K3MhL718cStP7aKk4nV/uBsqjBJgDyz4SvhICNaD63fu9IOIkYPmZ1cM1xsOUy+8FBWt5q9IHDYjrcfJv5K38G1OW8DUXF7StVDja24hkKHob0In4P2qUn5ADjFIQPsykVILro4rpvRB9zRXtzllpqBPwFxR/zGNJ5iLpZPSdDGSho+xohx6/2WeN/TXn67AkepxyV6scHltL9odsxbsu1e0ZzjlHxJS/La1WjlKviIQwwtLlXQz6f9LL09PAzi8ESjP+zusvJTV27pJVa1dHzvFgiB3MHATCExTqHMbmxqU8H6aExCYlvKebCrG9vnBmp6v8FIpfS+yGmoSkVpRxuFt2+a7C/iouBQHr1pMJGfXqIQ19rvTFtFmEPVJmU2jjiBBegSZ4+874jPppYHJb4y1abYEVVIRX1qXR3MvqeSwiKzIW1VRG/Z5TijmZXEbW6tz+OL+p0/AT8deg70luSiKW2EQVo9tWos/wzJpSmP4C8krXZbK1yv/IZ3VkEhRfK3PYSux2JRzyqWCyIt85e+6/IiMPI2+K7Qr6rI+R3gHSjIW0UCYAPo1qRREEy11H2YVFfdZsEOGHotLVewUY6B00r1Q1Jyz5sAeBSfUb9nY+myGD/WPICvBitLXUp3p8Ld0dqoz3u/G69L+AlsJILbvtiDPq51P+dkMlvH+numUsYAp1x0HEqxLHo62RKbUhUIXKOD4TqDcDGcHftYdcqpgQRyacps747LI0bkijT3dh74N1bVTWW9WXCwNzPhkr/4kP1lpb9urIoRr2zxHYrTmlQ8eSxkRMTE2NfWEcbPCeJA0km4szv3TN7Ya/YwiOBk4Pzg6h4SDdyNp/7LnMMI8e/gypB6mnNZV2GnCtC2rZtoi8bVM2cW9CaSxZtGiuqQohWot5ejm1jnujLL6GZCNRkJKV1SazlLcAwNDrqNwzl2zDtoxQpJ9GFBjiC5ZW2MeI+Ev3nBsIE00q0DyKnyCUtAm1LmeQPefruECzVL0oNIS+BukwyRu03xzBjyqq33gP3zIAGfUQyZIN/pRCjtk3S2FU5OIu9IPUzZ+Q5geqMPQh6Cwogsuz0kPTsFmYUGzLqVY6VbfsEpBWos6BVxBbYVpDEPNrs2qjsX/GB5BOb4hghcWNgO7cAOFSgvs7FpxRDcbmphRH2ayc4NvXecVzLuhpBQUKwxHuwhKNPZfDDC4BveeYj3YnZ3Hz023ddbcQCzUDC+61oOqQXkHwxRnh/scSmc1EYHyLkGKzhNrzSSnMisKnQRVsHC1NZLksIyKps2v+D09Kf2Z70dFHRdmKcqcl/oEqdDJ2jo6BnJyZcOZqRWyg9QF5dRoD3147FHL0IjPV30riVXRwXcQ8QKRh0DCKKWqiQgf5Y+iQ1GPEYN7ueBVJHjGAD2G2BEShX82D0Qenz3ZlX1+J3DCzGHpu5qtF6exzjHkuaDuE2tEW00yqIyQFQmqIOXW66k//BFlbK6KMA0yMj5ZP4NsQyav8/4Sp3/tJGkiZpFzCOizQNCTIHtE4C8WCHurQEwocnAjDY4Ml/Xy8rLSp7fXaRFsCQxqwDhLeQXMDZ7S0Nz5vEPg1tlY7fV+C4pTYk7mFqRVhMDbmwKhDYZEQCB+ShUIphICJZqrlWM0PinWTjc3NMfhd4ij/BfkJX6m08ntAPG7CCsfUWkVcCoJF6XZmEJwxnCl4pSL5jTiBRwHfHaaMZEiY52oF1Q8bzGuXLFwf7myC9ZbazDk96+QwL9r/MF1kD5GazhuiCCNzhon46itdkpHu6VBiCJqw4ljx1sz6Va9bbN4Z5vvRBUapPllpAJZSNPuwwWgYlucVJk6KYm920A6SvPdfgsj7L6MIr8LwUiwojM1+MvHO9I1myq4o83kw8C79aKUfhKXcWPYHggSPFuLlcPwdfNTkvJ1a5IrlmFAIS9wjAzAzcC7nzEX/2tFUyBq9c8wh48d5V+ni1pcq8Yh+XzHDll8HUgTRTMi5aGGJu2RjDMZsUd7OxWbvj2tXSFz8lRjfM2my5u49aZ7EJJWS+Mj6CyZGcipT4pZxlCcUruDun5maPqtpVl14FlXoeZERXxpc7kH6weZS3gink3KY+SoY2zgWE66x2mmbDD1J6pHstFyGyYfjn4vzUAzMs1gggGtDrojrdXagh9+5ql/BHEhts3qHykfq8TF+aVGAWA40t3porSj2+xGswzzKl+L70hNMLaIcTyMy+q3svKPAz0mgheQHxwK0/BiDTuNYiEfUJ6sCRVbaNgq95Zvkag+Ev8myScjyNe8VVVbJhXkIpewxzKLT3EMXraxlfP7gBCQ5G4snuqaNlXCnX47LHy69OvZ2DH8n05FcwEXWotAHFGLVhlAx37/MZROlNeMzPO8BWEz27zJSMAKi2syE9z1zdg/TxaE07ZMhlQZigvypF0L3bfbEw2J6SdEyOYAwXZ9kPybr9Rpk/F7B2ZS4v6qidCrXD7TPykMMvZ0/9LdQceEp5dZ+wmKot1uCpbdGlbyXUyrLVXh5BcJVAN0sIEgzkb7ToLT5vWgIgTEhMube4rQ6tWd2yUPOUn68d1SYaK31IdtBJFsJjL3SPDV5TJUl9Zxfu/tDMuo84AbGxzkCuxh22QL9e998zBLZZ4k1+7FuNaKgeV+WtPr7a5rsp6R0gvPq2NT5i9sQwv1bLVplN/UE5clT1L3qa/CKFz3A+/UIZRtm2WD/YVnZFfdqPjh54DMC5VDR3Ak0E1jy5kEG1WPvQ6oBAcCX/Rrr7XidH5deoXyx4P2T+WkYYtVxVT6Ziy3lxfaC2A9D9Myq5F3dleraQZwdKdFfEr3IDIfyFmCFzCN9E5Kn2qCQIPlwZZChNzfqE+z66C9jLf2mfS+SrxaKXAVsmcT/KxzXTUxGTjmzJt0CI94RuBilwaAL2osOsp1EA7aQPtGj72zN5ZTcnjMiGXcwSRlZ5M9S6xqgfFY52bWDYjavuShcMp6sWyuGHAnMvFs8oyNGVX/43oIq5fvS8+USRJgmppgWKhGEVxrjDl1iMPyzzQDnLSZvK8mhf2deIYPQyE88bDx2PAfnQMWiPORH750fAhLSmA5tnRTwdOAIpGP0hrYMKwUL270QCNJfzVBXhxxqoLLDvC/xMqpYCGuETRxGTkmnlrk3yq4IWeNzMmR+JhpfbPuy6al4zY6v9bTxhRwnEeFOBTZsHGjGR2MFRcF4N0ncWtR+fj9Yk4B1txjMLDc8k81xuOdhnQwfsbIT6om4lBtHOKdBlahph3kaKtrQh8k5KnOiRLLvOSjpVLnS4ptHF0mJUp4XSQWITKi72iMiIvvpfqCEuyILfo1TJP9meuE9ZdnmJAlo8/B6Wge3KPMpkLjzkPgrgFJb+rVlNK04M+dNMl9+l2MZ9i/rcBgjFs2eSmT/+mAAfj2E2ZNkprr8pXJ2uxREa1tP7ksSz3QwkkJyzYg6FeIhJBB9YWhj6t4M1tGXvHA2kN3+TGgDyGCeUkSR0yWSxytg8UNGOM9ZRTEjjZaPnmLVqEcbcQSe4Zcz2Z4kHcsVi/++OSH80s95GJb9s/Q6oGY+fkmxEW6PLsc2qc4ucCgVzXcD9cmLbjDxbI6CISbJW64hYx9uRnvofXaVJZ9Udk1msZGotn7zxnCkPA81GllKqMsSFE2q9aMwu0d+NNJOEm1YZ+mhby/iSRlKjSLfgrLUs0IIydND/jglke08bfzbzqMsP+99kWYqVx0uUx+X4CbuzoJmVf1o2i5TC6YshaTw6T9WiQR+NENQ2AQNYvWB1EwnGLlvYAgJcmRFcZm/37o60g9PjyYaBwSbWGHjjI9rWX/Y8iHYW9hS7lZob1jV2nOnYW4E3H2fWYpNftYrF8HYITCl4nDUtLOSvuo+ixKNHLvfwDzOXW0W2X7lPU6N8vur+dhDhXZeXoWNQzSRa8U/g4rcWwPuJa9477RnsIX1/Nm/Nfj1xdHiZ380U1Dz1dGGI1934XD/fVN0Da6mMIFQfMeW5eBWgwCgmSaZWDhrQMlOvtdEEmTTIZ/PpKHJL1XSwrSWTlcmMO99DW6rI76SsBPSToc60ezP6uWxTBQBaCJPsDmGnFHrb6s55JHbkjcMWDONmINwlpxwALZVl6j05vUVG0FZcg+zepCWD1HefQAbKlthpN0Ec5bZjhXsRsCQQT+1L5ddSDm2MkLrHoQtr1RnTxpKbTPbjkl9KCspbNNFbiPqGlofngTGQ/sMxjC8ITt+/HuYbuA5HSZFdwi2i2wHX2F3SNb4b+RnTVSi31pegdlJ3BmixjysZMelnZ6XhZA9bCSGPIlj134apyD6Bp0TNlaoQwwAfyZ5zo0O1t3BMaCdM/K9MCmB146nEA9BFjQ5PhDGuQ1X1fH1vJT2fnH15VF8P1axEhK/8oEHDAy7RD4Zig1S933bAo0BKzUcSs20mA9T7gmdCA8Tqrz5ejiEXOsr3xOHmxt3vPI1CCiYdr8js/dPNjbGGEK1au74+3TiSgamPMhE0MMrbt+/Cnsf1KrgcdY1jZ0z81+XjjfsTROnTtxmWi9rs1R3lmjpmEvSw+0/12PwS2Y4Cu9hMnhP+3EXjRd3x8vXhOr72fQLiGvnNkomI56EDq4yhKgMKHO9OCO7BSk9cyLNjmQMI9PpsmnLFBxRaWsCTuphc9AWmx6etPMFfgh1c91aCVQnwQyXqgYr3CkORPfYfatrQWNUtkK4ER0z8236MWLPpNj7ouuEG7Xa6MoxzhOJOUKZFnB1d+7bxlvtvBtYfC6++9tWXuKkPVTmPaxD1YfoHE9RFfUD7/iVvtv5MRk7p9nd3acB1gd1qrouQVU9vS59mVwrKyP0YvrhdoDjF7+NRNmqwqFCHwOWEr//5mQ2Zbui60xCqMy4bCC3xd06w0UkhYNU3j2efJcjspjuU/TIkJ0DJ3cfi6HC3cR/GFcz/OeD4MFGoDajfzE7j1U5X+t6ROUIYTWv/mu4lfliIYfo7yyTnVNnXS2XwBPlpof5f0EroGthH+I8/0i+QOLnGL/k1GBd4jxpQXM8Bh3Kf12U8Fafzrvbba24MgiZG+uZkGffmyQrEDCYaYcdmsrdJINHC6K5fZL7yacqK3ZPkXoD+l72pgf8cisqQPLkbc90JA3F4pI64VuDjS7QB5WXYw88yRPw8tqQxgUrkHteg8c5LYkaxOpoiX9DN+0wsP2EB/3+7EJidq528fnrHx+1swj8w50qU/tBueOljjAP+f+8DQiS011EkoB9anEJ3pZ9DJUA6jzgDQOxis95FrXCtTwAgYgmaWozqKUO4AX7Ugqz5/XwJiRyFOv6R1G41H6c4JqJRYlJlnhCHJNv0U93nyErxJbeazYQVA4qRBcb24PFxCrHHjM6itz49MvOIDMYznAj27WYpnD94mZpL/hoYMi/7OyqlYx+/8lC6qGJxltmefd19//bfruC46logmnfD0AkN322KA6JkyNcxahz14PkoQI4t4J7w2Jk3JcQ5ldjB0wXBYdsOk3FcFBOLri1wuiXZ232W1nNC1x81tnP+/Zhyx3RlQgszx+PsfqlkW5RiTBQDIeVnBHAv4KYbKvji8lJkHt5rwlgGQS+PVve5a2zaKSiJcNK0hXZ22WNiNtEU9sQQ5DDJAe1yDC2oR3OsWayTkEAy61oS8HMlWg3IW+lAfAiYymk72IV8oGNBywn17rwE+SYHolI2tdCEvBNpujuGQ5QuM8RtCndJnIQW3/f96NF5CxLibgjyo7pJZW4xBqBUYdVkfzr3bc9hc9K58ktSq1Gwiy9Yr/fC7Cxg2ZXZgeFnwOFgyo/5gCbM1cu7/TbTM0kXtjdpVzyy0ygeaIWzpirLANeb3jolLib5u3ww5fetYzDR0jEUAzL+2uKsiZOmfKM3Vw4gVCKLQ8FI+2jVxLp2NaoQlKuTCaKjrFy4c5rhz+h5hZzyntF5MH7at2FA81VSPK44CbaYK0mCHYeTwkuEKpigrQ8YiJGyU1s6l6utFk3hsrbtvC0AK5ijJglyQXyZq38UE93zXMDgoHQLiiQmtjkZ+ZcijFyWXpEoVQ3+Uk9r3ZjLKVhZzFwAIIj3gMgwe0rKJZusSu22t7wN5Hjoae6u9S27EuokUprdN2ZLd8EHbWoNPDhlQIxGUDqx02YjSRrcfJk7hDmAh/oUnyts22fOx6gQnyY+MjvqC629UIhxiaED0xD2jzt876b/1ILGOEm9fBluf342tu1Gr+jqx0xb0oNSo4M2D/WSp7byF5TNFALFdKazUZsCUPvvFvTEPdnUPmcnnMYjFene8GolI4EtpSYTIKh0Aiy9cmnIphCDJXs930s8l1kKXEsKcprdpnhZ4B7uxFWm/kC/f+mXdSfEJPLMORPvm+/huYbXQ26yc2pdSKRziztYatQt+QvMWxwyAtWtthEYCsaR1TzW1/9KoDibCqfGyi79q0+hj3+UUlEBnTws2FoZBxz3R6Y7ZArRF4Gi5wIop/uczcTIYM7vbgni0T6Xjg6AtV8WYI/4ls9oA82eL2a3vnEyY89mBbsssfmQlRxCYEs5CVWUDNJAFn+gULN/T5Q0DhUeFPILB4OE86FL6/o/NWQC8IRDG4APSmqko0Ynmva2xzs50wPgRG7AyPo8+IN5E4QmnQ4oL6K1NRlIus0+5M/5gHhM4HUOgxYrwgIDrVJ8vVc64AvaxSLDNU0EccL7VUMH9GyDJHZIrjywRAIvsb5620hTiPU5C9fI5nwP7et7qaHuN731uyHQEafZLc0q0i2JtejmjUMe+AD1A6RFej7nZMkj5jgg/PRLRvfaJM/iur208sc+8oA8pVZ6+nyQ/WFBB0OVZuctiHFb1YnALnJA8Dq5LHwrh/7/Sq9bP2EQRlN7sJOm7r6ajLdYp+tQdYMSA1jchCSDnV09uWBh6OelmjVAtzJ8IyFynQyVMb/gllVm8Ut4S97Bo3STvMyRyTnTRRLnvNVu/UWhMu7qV2Gj1MBYrktvVslhmHYLxjJJzAbwkDw/bsjvZcX6yamY+mnu2Gk3zQBrpRqfNJKzv4ZJ8CtS15PcX4oyyw7GHivhaNh4M2Sm6EpeAXEKe0yriN1+uR/xDHKscnCQ2EcV6Bj8kk3/kaxv+c7+pwpd+9rcPs3xg+sm327BWg57UCqoniDtPMcxwo/+HxMd0+3Gvpivh9rnV1Rrs5VpAQy3YjRqNFT2Kfti/0DUw0DUmt6V86wNEVVyIbDgWbsm2VwiH+8Krf/c4qBrn3fNPriFvdIPA0k64ZECpTmrjRW+08v5SLCm0P4K93LHgvGmgBElYPK0oP7N/nYOgmyW87Fwjvc5nCB/z3Mju0nTlwBPbWgr7vKDpHCZ/vFN/G5ztSxFUtv3NH1/YNN7SqTI91al9p9bk+QCxPvxdklj4cIPXf9FZHPqLU1tRR+ojpE4p8jHCK0dOn9NncYDb5X4YVpvgXXBRdKB03lkP2rqTz0mIVqml6bpWssBfyELtbYlqfyCj/LjQ1CcKwgQzTZOrAKrouGFhaZ+b0l0in1jtw+dewfjHT98JM7bldx/ZNzbrjncC3gI1/m4M5jGvF6tDdrSzoli3XPUkIz+YBeFhefDiNvAJh8AiLNjhw8YQ8hhkrVAWE8CD/weTV5AcgbQhEo3YPjmzTWqnYdVX2aD9LXHMkOjhoQxHk3LBC5lGqYqsLmX4hnbYNJh+uU2T4lE6h2lF/G1FIaU/2MkxoLdeS8cDiCr8wmkSS90DbSKlTW8C+WK54R6wOtzie5EQ+eLhoUB32nI3vGYJhF5LzIJzbGunB4sxFNEagTC5MmjsrwL55Y4li6Ccp2Ck5B20yob3cgkDDo1E+Gvrs55N8s+MIPttNMybujYHWweaXE0ucQ0ikN6KYbRj9EGdk2ebf4iU7qZzzYy/GAYIwW2sH3qtkus6AQVDUODvEZO7O35cy4RsTMgQnYB3ayh44vLT/N1xPRhitQQNgOHFKZKYU4mwPVcwAMwQfSo0Ietvk1k1ztAqA2Gn+i+/yb3xXuRqij3GpcuvrVfIUVEsVBq0qEj4BW3xkbdgvT3whLeTn0bwmj0iF4j/nVf+rauR2baBcadgc+75fRDfZ0GkedSxjjMrpSCBkOkECJW3RNtDfYULBNSsnCMlykEWu6tHWsNK2pf7cKcM/vAD8sE+hduYsWEh/9uvDcFWV1xbSY4bFuG1efeDGR7QX57XB5fd6bWUs8peWcKcU604WVjUBiIR6nJ6mOrq8j0dpvwTdTuZv8MXGuUIvuHzh0CQKSs07JrMrM+CPQZJL2sznh7lzgjvZya6nqeLtC5LvaU4QkX6VjdxijWqSTGPrX6+tC52dwrE9qSx39S9spKnNrwPgbhJuq+YimAC2RJfvEXFdjmiO4r74QAB+PCh25Qg1DZSb46j3VPky2c1/DmMUpldBoQ8z3sZ2H+m5nFJezB73kar6nXAcTpnAAR/vBpxl5nEAAQFLLbqbBzBlUVH6BB3op7hPrxJXKyTGCMdHLcEAp6pPNQyfj6gZg+CtD+lO54jvP993xe8nejXBTG8DjbCy/Zhi+rn3PC7LGWrHFAAbUg0hCMs+iWC+k2vgolBidtTAmOuFPA2qB5oOihsMHMhej6tfiYvgz0rSG7/Ny83/Y5gebwrKgQKikM5s1Exzc7XBoKl1XA6+66+S1xsJMmt2CkL0wV/gU61o1NZrYJ6iwrAXsQHRa0vmjpBmBZQjv55s9EmL3ncBrmW85BKAxxp2i/9fw/0YrBmzYuK3IQqWCFVtjw8CJTBntDz0EIZXhtqWsDCaJJhCpeOshTuS+EXnirn/+ETOgRrC85QNgImzQccHqygQdThvRe5FbsknmM0JQZKI3+xUlN/XDIl5pTltqvnaKXf+GvR3xZ5T/i0sx0wT/4blxGuQI5pdH4DmRYQGNWJpg90lbaKgJlDQVOJSCCaypi2zJUHDNlJYhCc90Yha8q7qvtbMhCt9ekL6PXHupa/OtmRXDqnYRA+GV3zRCVPdJsapTKL1XgvMkcb2bbVTME9HtHcnnf8g3+DPTTuOf4toHBjsxlHrk6IRLfbE6pdkJC2/5BdW6nkCzfPla6hlHHnuIprVjg0Jpr++YPp0YrAdQ0RGpXZFAostUqVFR1Cnu889ALSy1sTPdIFdb5ineYxI2bbTCccpJ655Z8eC7Ww1UG1W8epBDfV06L6UNeGlCExJRD4IdV0s7yomLXpWAGPBzLog0Hwy9Skw/IdBIR5n5qBNgvhLAe+c2biZaDk0iF1eF4Jqc1BtrVKneatTrJnP3kzVn5MJARYHVtmddnw4GskluZVPYB66tXHR4AYbz3fysCCVeWqEm36nmrRfw7gWckSLuV4UD07Bumj8doSQDQTLxDLUXJPPA3+HaFElrx4ppY+iDksIy3aMGrYKV1ef6Abjvny2FPVZk6maVyxxXCAJ40l0IhJPOLLVNuTM9oH/jDosZwGrdBEqCiCTZswo5CSz64rDBxgz7C/cuDNc2kgaNS33QYR1jnH8y5DCvbZIanATwY72a7uSIZh6vIrfR2rOOEeQZ9v6g122M+Wl1k/M+OdY2mw1IRZW4SgH7VonwJV3yebqMqa3QWyWVhNFw28Me4wB4W3VFEwpCGroIlhsa99moEiDCnF7kspskdetxvlcFlebNtSRq3VsKyQ0jkFcVrlP0i7AD6GxnFmASNZx/Q9QqwbOYM2llV8GggjwytOjv18Qky8VPxSvA9hx8t+9RXO5L/G9vnCLA50Ae/BVHXOGH1qc+IZ/ctey/+qMD+RL58Z+e3s/J2qhy1VC4Nz1zW8m4pnm+TTeIJ4l6cqD8zRPfmA5RlEx265U0xOojN2kPVtLTxPBGl2t00A+ZFjbyrI2so+tjZQvTgMDPUKssnqvUr2ApBECm8REeGobzm8QaARHOPc6yooz3cHMwt4+I/6E+rt/mqBLYduKLnSK9XOOfYr5AGeZl1EwqjqR31Jzwi/5ukHliS0p5ugiR/4krzmI1qEtDfCZP3/Ku38LR85B2fRKdDJPcr+6Q+Fuowe2r6OxxA2Y3HRN1ikGQi+32GEHIuICGhsx3YibQGkD6ye9XD9bnwP4JqHKQruGsYgrmsp7p9mlfrVvnsUJAe2VbpCYy2gu3QQZVoHdcMdyJAzxFbwlGDJ7q6aYJVjUskGQQpZqO8qJt7ZKNBgYJ1qbzd4uvlZr1RR1zXHphYNqR07mRj9Q9yYdzepQaVrDEZXr3ZA9T+uFxnCIot3BJkNSg8TWXExDDy0PKenl8t5Qxbu6KdhwsBMA8ACtDmolVuVSCDA68IDxtp013QpMjzlO6MpEpU/NM/l091M/O6OpVqfpviYUQFA38PIWmH/MQMjyFC6Kf6B62WOGP1PWtU52eINi26Xnm+PuMo2T8tx6CGihTT0EvrBMTI8EI/oobEejF5rspjSNzqBbzkS6R+WwDd8EIkF94M4y2mdNLLG/RBk52x7deHdofOYAmrf6FvwbkGojIC/0ldu2wYiB+P2VT38bqMzBnxoXn2RnXzhrIJP2c510TCMNascT2PIVJHMHhlgjt+UIlp5c2MiuV6svJ31NnSeQtJjlWj4b6DMetwIP6scFuaARPrFUVCdYDGSchhJqLYdxvWKzJ9Mf+bubObLNTCMs5RzDQFioHYvS/VgnmqmVg3O/QKoSx6+/Ku01nFIA2f1Y0J8TnRnGihqkKLxXdJ0PTszM3AUTVuRbz/UtjPzdlpg7TkQoWvlQPV4haGwvlObb0C5GFgiE0hUdJE+BD/c+jSNTYEC2iE4yVe1QCVzDzsQ2EZ4uOw9JLL75Og2e820JDuRThT/xhqVLrYl/hcpifwCOKQOa4JMRXUP+v3jbI+zY6CYTmeid+qMoMRBr57MpRFthYejpf1w89LzCm6unJRVHh6u8ZhpW7LlicLXc6DPrZEojco40hW3sxONtD6RtLQag+Kmumqnc/twN03QSulHP3sxNM4hG/pPOo2Tn8yUcRt+Txe0tQvJk/p741jT56e4YsYxkJwycZe/aVmx+2Y/TH4mNPysEj95fJIEzjvzGwd03HKu6I0ee6v/FRw7FBT3zgwNr3scaiCB2GvPuGvlbB601dFwTJhwCex6Af9SoRP4knAIeIeGafkVBws0Xz6xp/EXmZb4y0Ps7qwqMkOg6iJE0sSBZIRbchT0haf4DwxoREzLlXWtObOFRlEZuczDEBfNfQZu/y0TL7DLKurULL0oEYX0fM+NquMT0lJq7pbdEIbGscv4sCL7Zzvx2BcCMFIbpoHPRhnQW0CFzzVZrY9cKW3AHBPyLxKQONhzRbHwg/yWR52uQhFNRcAkOUWXmBS8UQVy9UY/pdYAy4OGfg6WSJJ95uycdstxYEUybKx9X7IGpQKjjpqVN+dJOZ4mNrf1eFjWRgJAGOg2PTc7OXxncos62E0Ye0pFDbrtpRZwiMn6XVNsOA2voHrHPCv8aoDB0cvhT/lc4f9KVYtr0z39VaDw6XetZCVksMsygqLFZAiVzu2CJfjXbxjMf7qWyckDmZ6AxHU+88bM+Xr6MDNKYo6cYwdayMOpAJgv69ngFHLoyw+JWWUYFtOOVSuPo3qX+ge3nYH+TbNG4KmxqT621E4wkE4lmbsWxxMDwwAMiXXF8Yv5Sv8c+Z6dRJVky8sAH0HOjTnwAGkGX1Pq6BE42BtHXEzGv0zcC0vOzhCzwZSUR6E8sj+Wy8/imHNlWum8FazwOh4pCWppXus8w1q+PDoUGdBtnwncy0QypEzqRbFxsQnM10aTpmGpXKv/qoMYPy0XAOdDpMiCPPadFx7gbdvbL+rU9BylSfnW7Ne1pTS3ehqmRkBoFY2naQlCP7SryKMiMwS1BFQQNmEiAJXjvF7S60Nbcv1tFthjhZK5qhzl1EntJNpWImIKonOM+iHj6e59QcitWX3bHXfUy3XuGbCC+i9cY7m4qfZ5ChDiU9NXeU14vR6hDMHOyTjBTBQ1N2AqxIP1JudTBpeS914SNAKUMTnBCFNqD82z9+KLS7y1lNw+ztui33uMFvbXb7rH0c010Q9SiY330kbt8bVtP9ksNerXVjYu6Ic6O5oWjQRKXeBOZB+4AnkLnrMpP9IjQURZImkKwKMh8VkOxCYXCiETmhi3ozuMpEP4xYqtG0dqqV4zEbLlWevFiYuHd42FCmXVwD9jPRAqonY8gkQ/yzlUWPIqEfmqT/mL019aRCfjboTzk08ZNLmchCip7WKBtYxN1sdEZ0MUD7ouox9lEL0Aa5CvQkPYWsy0Jb9q8XAcR20V3X9ZgYOxJ7b2ZADdkqHkRFeaNUrdkrE7/Ehu3I4WTjJGCOOjhsKH3jIE302K8RJmmicrz5oHKkGEU8uoWWGXhMem7NRC9FndqbntTU9KYKLx1u4L2o7OdWEbt2ZGkiEp6w7O+qTniTC9ffFB4V28t0HBgjU+2UllGp9n5xAaILIL/8jgxBTzAALkQyeKWIciPgJnETkRtaSRC6DZyc1YMjrOZYn9FJmNEm0Q9KroXvQMxXc4Ev6YB/TevkW3mnBEJlvh2DLFZZ29eWWZ24WtXb80/RodGK3WcYyMeFOIYQQ87cBwLTVkPdsyTRK9ywlm3RG4nVv2N5YyxkaABDA2jaquE2d3aOZkuaG4xJEMbXVJcWziAEQF/FMwLhTwCsBVcDLAJH6MJDvCJduFheEhYx2Acm4VmcdONStr2sPD2Iw0vReEcGkQZdQanDHLxPfEAiHUukV0x4FRTr7JQHNXxsJbH1vmAZgJ78IQxVlt8KEVB8Em1tcXGN+BmKtVlvrC9HQThoHpO9yEjvGzGexYXpGAi+7K/QNGe4KrEqA0SJqvGTU2TnHfrZCKXE3gZz7IvRI25M9m0i8HMxhWbT2kxyjUt0bGgj68jC1OUPSpwa8nvC5+po6gheetOf7bd3JSWbTaUjItB7HSShDbpqBbm6GqZ4jG0vleeQn9Cu0CLiQ0eCDRER1nv16gEiBmlEo+cocWrB9bdqWPtwH49I5rjcZFfSUcaVRRMnSVuemjBljOk8AcCltZU55VxYpTwU+XFB2XY2kraETcg1i+PBDYVY9F8o59Dz1W4HTPgtwtnD6d2TdowVEuLcUKE4+c4cQIwmh3d1JXTGnNb1O/dn5w9GySUtz4gFFd7JCxvnIBTUmyjCYE0mRHV1x4iGj22BimmG98SsnhZhxyDn0ntvTooCm4J5ACrC6tZo2DJg9P85b2sXrRhov2Lx/AdawpmeW63sUCDq58qhjV97ybryiss61Bss4uI8L0TqWNPdj5YbZE8EOtsGxwmFYXaKq9sWeGdPxddDQ1dWEiwZFYMWcbLnQ2O9VIV2yFTjnufS73stGjRhTZJWM5lsKDu1R5L9nTCVAwOssYJNQmdv51lsIXRKLXVMl4QNzRLrwOtY7W/jCNgd9E97k2veJatxbNS3GYpuo8DEeZ/Q0IFIed3kMJTqpbbgl2KPf2esfS7q6NHNB2DHM6ea5B3nJNGnYx9Tzc4tOpzD/zZg5OJ1E/fgAgF4yuvuVP9ZWwcZrV9yTkCzOBc35rZdhjPD30c9HNKDaIA8fFlm0YXOHHfV+jE3swXqAIgJAY7Nw+en9C3YuBCh08oC8UwPF2XdRntctjAYkFSeweHkrZyZnvfhwrysVVG91tNN4LuAsEpsqREmbemL2HjJ/PcCniSRHjpnRn1ieITDhAGt6wQPYigjUJRip+8LBRuO4gyZ1Ft/pLOjEOegLJ4SMPJ/ljidw8NZW9xbQsaa9oJLm+0sy2ZzJ0tvAEvUEV8myNbKw2Cu22B4CcYsrDpbLqFBrAM95eCG9oo8BKqVZMSkT+YjaURpUasqNZGQaB99E3RqPK5vT7AYh8xAdezbuW5b5tfAqz6LNsJaHinwiPJsDej2MWq9bSqRukgGveCtNg3KC77tKhFmHlmh+2eJNsLgSC/XMQkQzRUvt6or+AHjMuUzHSt5SqvLKt1r/4PnEsiLrmh37+t+WTONw4eyUesZ8R4iEgd2jvZr8DbAaTRl7g5AhyaMiJqzxFAh3WW7sp+RgAExjQpdScPs/FiI4nfz9Tz1Oy/zkDeEscRCbLWBdwvcaafUccrHczXHIoy4mn/D1XK226giuio9DxqibA8SXPEyrvW4VaiEKnqNavm3YgEvlmXyaDmFF+rjjkV2F66MdeSiTLvdkhUVojC7hykBLHDSbWWDmEtktPr4gEpvsKaS5m+travTamiUs1qbTn/3YBqRiQQP6UrhP4F0M8N7o94SCDiNqF4WIh5Hw0y/IeQjjNEwTrpCkcaI00URWsyWeMwHKZnAUdkYlXxzyZuQwBKGG1yk4U1z3EvFSRYO5uCiD0NiQZCYOfDoiTOvzGpu7qmex9G9olTmeEky56PIranezLj3ilG0ihXp44co8i+4XQemul/GjoR3rBFtymBUEGVgn9FualQfg3SwLZqWHV0WlAevCURn8RCoIs65JMKkpPR5qXZgGgvbG/qfOyxlzsR8D2A3yRfxT+NIZPMn78iwpFRhbWZr6vaF3OnX5XHO6wVQo+7xTYfWW+EM3+rI7ilpcxe0lCSBx1GJNoaVOolp06sxM2w6sPWwwnSBTli+G84k9HBMbgc+Zgf+Abt1BZqYFrdmaSxZGazkzo8KChGPIO0nTr/AOLLkN4qcDMP8K8wyvgaoKJKK1GC1FzgXQPUxWtOqRyai+4cOJwrOr6QEfWMX5QgCII3goNlYi4bG1XuhZNuP11w9gtKMKLch2UU9ekIIPFZnaIlqBMOXfWQCnNfWnbfNo0f7UWwEysE+n+fgAAHfe9TC0kVTLe4NxM9YzQcSLd/NjxJ7U2AUMSrZFM9Ps7TiH1Y6T/YbbTvzZAh+Zh3A0CLqTcgmDDdljy+aRHAYfComXRo2KOxx5vJj7p9+xn/jw/hvYVoCPrluptjyUEwqK+3d5IYBKPOBgZbl/4LrJrc09X3BeQdHGCT4njlOfe+p6Y2taFC/Lep3IH0bWjV3BnwE1dtbcer6N3S0W++dCwIvJ7kl5kC6QQ43KW+jDOf/Sp9eY10d7Qb7UQRqh6px/NidTglq1lTITVhozthvU+4jkE2FZj29in51AYdb3CmMFOxv6e/DvijiXPZh/90YZTYy1d4DRdSuegd6+AFPpMmbxYNssNatH1kS+ITyCZhnfvN6iow0jM2hVAn6OVEUe53H7YipLYAOguQn8mo/HUoxjiHwdVvBxQIkAY4gsVnYB/GO5r5v71s/0oJKV55B9PoBvFqtM6YoVbLFnVpmG72VzGyak3FJz0UKAemzEcwRncbKu0mPf9xPrcBQJViS9ZgT2nFilZp2JkDAzjPX7vVK8MmRdZ4yNHEimY9y7a0i4OnAqwd1iaCkuMT6cJanOf8YlGJ/64Rg/tJIfcQsBrtOBBHEffEUxIsbu4Fc6UJ2fUyGecdQ0lLuJfkH2tYxqEDC8CW3Yifgb6usBX/Qo5zJKGaGn5lKNZu/ZuHZBkQ/+ZXvVRaC5EtNua6nbZv/MolVNmb79GNM9LagwaF6e51epqOVp7Rdt5W52KuM8u7b2rK3uqbuRkjm3uRXfziRcQVaTvlwk8ZkRAn9s0b0smr4wN4lEKzxrZ1rd95RpJfiLz6vJDCv9VjUa68yqm1D+fy8mvOwJUGGm2viH37Fg5cj0dGZznE9gS7xZB1TJwet9qBjtD36m/XdeHw++CNOHJ4tY1p95HAzcYg8u/9oZSXb1lYFLEUqJT9tgf64xID2KYZX2RTm1Tq3T1wxz3VdJ4NltMCsX7XXjJG3AgLqmeQqfhMO8ldsBTLSB79ox6jE2HAI2sclTjeJtbz6otoBRPE0cQilnDLO1kpr9zC2lKUHUpN/7jYUr0feXz20uZjlsqbuxn6XaJnjwRo5fA+zEtYCCYNd638l9vbo+atgucB96zLu5LAadNTtWp8F/graIwjCGRCOnZS6FabAKSyaZLEzoCV3AiTAN7ZJMv4g5G2c95HqsnuNjixpz3QMSLjCMNF0ymlC2Q5kpG5dahUNaT0d9DNMoxd1BS+eWiF8DpGakygUYB6Rxt2vJSAbuwUz1eQeVKrP9uzBmKg5OBknTVMlAZNZe0GVwqcH+P2+cOQWZ/mRYz2FV3IWNcU3/qDTus23WPD+8EANIE1cKHRZLXn2TDc1kIlprGTOVDqQYQ49j8szZQSr+fT+b8K24uI/h9VCF6LkI09lNSAA2Q9GF0uDgwmRs7tSJUdEi40JtjKIXGNWE/eSwNxHPFIdETPuCrPz/Uap4GbXols0uDD6XfJRmXxzV27+jBYSwtc3rtR5KcZhOxXkQ6sB/ydMTWoCxQ5BSW0KROkkGWasLJNtq2Py5GtLv1RvNMCHz53av1M/xFAnfk68FBaHdU7BbAR2Ee5Me90/wDly24pfza0Yx7TyI4aDcSPpxeQuI9dHDeGI6BROI4JXsnIwB6Hzsmd0LfC2tq5UszDgvZuZIuE+5hr3a1gxkhdnxO887+NxWZE4QgA+VWKIeC8dCpCGcvAW7zJohdUzjX09N+p1XaUh2Ol79NWRaqC3FMFgzgSabBlb1xaX89Mt0/4oSFMvW7b1nOVP2RIQ9p9tpfP8hlFUNPBGvFM5ca/EnGHNo8O92f0ZQ6VYf1+0tvTgQFsGWDL9TLUPmAPqwPN2roNJmzwyvATcczkWDnvBjNTu8qEELuCdbUFSwO7XzT6zjiDy/4yhcbNFURjfdgvyLYE3OQL7+IAPnhJ8Nzt9ylLIyW5KHjeWwo8xnGA09D0nn3+9neXRN8Azl+k1ZB4RSRsD9/v+IrVRge7uecMrIEhphL0WPf7imwH8XKt0qkEqjrI5GHrd4LJIpEF2z29CGZDJLDhklYXuErvxa+CwCw2unXExKIdIwsfG825t0Sd1uCO9Nm3qjet3QDUnFVID58Z8rwYoYtH3GMIRfnTIyh2smBhVwqb9h46oG+vaQ8gWHwQAM801MJ1SE209XvWke4p/mIiFpThMagYsem+kaovSa7HQyw+mBRHiFqdoRwBgvBuVLKgCY9M3zL3IO1Z2O0dbJ2ULg+qvKhYzq1nji2nT/Blk8XI9o8faf+rC/E29rVqQSS7cYVmrKIZWjQSXl3OFqGumT8udtA+I89N29C880IfI7km0QtlmkmhBZ4xz8Fgx5b9ekMiCpWpk4ZVrPV1r2gp+RAuquiKw7dV1qD085m/j/AafqKXCROAeow9YOrks2Rj3Aa9mOjoVolrvY/cVZ1JahNDW/mqyYo2pHls4gcRXhKy7owsBA7/66IqR4MrGedH59Jsn3qS6kb3JCh++F0y/I2CYiMy8fvDTj/3xBOoNEHKYRBgu0C3jzGig28RGU43qrbrEcMw3+tD8v6OSSU4c2WRxmh7cayI6lm9eopvH/OMC5Z7JgcEcCs5MBM/14ukPv7/VHHxaK3kPymlTZl3DMxnAU/f7bwU9wQQpdgiGBFgBWBETvBcGe04Kwk3KaifG25Ff0jesQk/g2pDjc+6ywr4m8rOZxjIod7Psc56+ZMWtbilPkpx/lu0SkTBQnpGCKu3apZIckGfQWT9DWVTu2A+KO3R9UzTCtqSAUqr/wlYoa7CdQU4TwjHe7P6QT7VYZdVRic7Eq7XDDe/OP8BJG9cpwnaXqTGsJNubklRiskqcqP00RW7vGkZip2VimJNfO13FED1eVeDzyRgEjYX7oDi0QBdGaegI7EmoXfofL5RVvkCZqczFYbEgGGgAdEGoSQPjn/n0dmXWCIOX4dVnAmUnQdUHfxhhE3VoKo/Zr6u8LoaqGM/lCGBXe+prLYGgdtaxtGfXw5Y9IK9mT+euYI+7HFrmWIvh+w+dOQCe2FCnyY8t58beP+l2qOOvGPDW0kp76gW4KFJB4PKYWsOYGCFERUtYFZBSMxlGagclAtsEULfq7tyAZt4xYf0QG7zRaWX0TZLtumEsYG1YePiDCbPZ46VhP6KcGvxQZBL8u/UZhuz++InqnqITJMIWUE07C1ph8CuyRqLje+/xquhMAG8L7g73X1pvy6tG0sKU2AHPIWLndtKTDz49Rq2HonJDX5bejiaC8YuSlQZlApNzr0D8cDcWQrp8VQeYWvU9rclJKpWNUOqYhbsjoGlldJuCvzUf3ZGXQcyQPA72Bq3PmmwJz9joyz9wTcP3jaiOXt4Pc5Vv06FDob60FXybZ3XdbXeQS9Gy915Ve9xsoehxCMueGEPRsmPd32Nxs9hI8nGCUM9n14Xp8MnRifqI2y25zgIOfN2OGyFZFFQkODEvsVCSroB6WHyjym3koGgKjgigFRWvlb9qKHhoo0poRpCCUOXrEo8eYmY+45UkDDxgH59v/dMCG0yiskY3rVuT8vuVa76/V+eU0C9+R6/Ib/pWDpaDBwzySOe1R7tQEg3wEHz3+0kuPdNH4//wlqdd1taDXius5g0oEyHDrJKGiK330T4cUfWcFpqfc2HpkHzlXxN4el8A//xJiBMD5+rEZ8qQsvL3kknI/IEDyW+w+10o/QGCfa5PPUd3AFqkoNaGHEhPvjKMGLLixNLyGleQuilh1Sxyu+uctaHxWzTNzjJPOgs42HV8OLFfxB8zA8BZ8CVfEMQ4buWAC5CNAzFrbV6ZlGXp8DxcGOj1ciHBuKm/zQEO1XnVh81tFwG3t+ci9xia/UwiVjZv9EULQfVQ2aou1Vio6088jLhukvhzmOauahHn+IDuhntczkF2loKWA7+omuz1IKk/WwAYCOqQp0XQphTmj7v9l7CdW1Bxz0e323MFFX4blKL9q2VmmzSeXwtwB4ff0VeF/kOmOGUNYO2PQ9SgIYHdAds2DJkk6gdnkc7HkzLi6RbSwHPtAypDIarSPlGOIScDt51xZSM2/cnQ5hDI4N5VduL/qKnHYmT4Wl+R6Pf6NbI3oaHS1pmus9rm+PVA78N0fbL7H55wl6hp+P9MkBH8IaCvEqPrTOoPDtef0PtT30zpm3Q010HaYYIm5OSsjcbVTRBlhAP1wqYO/hbE926kneCj2AbKAMrKqGIlSr6yCJ0ipinEkWYWvsBqSn6NRkhlAqKfhnmStHgSmRRMv+WVreA3YhiyGvICj4kkbULJY3CfqemoA4hizCdi+kkQm1j3kaaNB2djCMwadieLZYwHvlEjheO37uN1v0Th2Dymt+YRm53GyMryhJW/WDXVKhsCon1mApp9BxQIkde+MKayxDtodGOa+ZlrkuhHJBYNcIf5Imi8QMqHwsaoxhOWVWuzCFs8gthfclcJh0IsUKNmw5s2HF+EifLiiweTxjGQ+ae7LZmbCyqq1K1XgLkEyUNzNrCVjuwpU8Bk+eydNwJYsgxsPRYPr6FhOljGXF0YSyz6uwec1W6YgGFGGmC5GyxBajKSfjjn+f2XvdPBGCRLTiRIXc24w2wPhoXXVP+2ajn2G0Ywd8R5p8JpRfKfwplxWGQKVWgPnObRlBYObZlkcydyNLZSJULGbzcFg2mdqFeS2H/6xUBcGSImWMRkizsni7lAn7X5tEGVWAbQK2nO2X2uTpsP+t5jICGLpB/L7mVJApjfLvme1q86tktoAzkpOwYQbj+nO60roxxCsToqsMYC9rP3uynSo2haAJAqfC+5/hR+c251io2SxB1nXyqhxUrZJYxo2vhQblw2m9NaWpIaMWqcDetamV4pqX0VkE2AIxWmJxw/QTrYkws7lrhkpcUrxvFQjmlFWTt/QI2grwrdv//VL2w/mjcJlbm5FHVyXItTpfKTDRP1i/ciEeJBlWoa9t1ZR/mX4dtBTlDifXLJCWLybaJtSaiGO8oRAfsv8GeqzQWSCmW3IsXWHsGUyoyyW7NOuWRr9ZxnIuSv0kT7QURWbMXUFSYLzj+rMEjSztGo4dcZZF/8i6yU83FTaTaHTXsKZw/DsU5lKXznB1l+ifMwD1qjGLEGDHWvQAB05c/VydOjYxdoLSTlJYWdhn0bkMznDSDX764qfS+fEjLLUNFp8B+P2n25++7lqDMw5nUF7OWh3zFtiezh1g2jhXaSwONfwhF88e3qJYThIE9YX6fcFFBhWFiCH/fb9lu2nNpbRaYQyQXOJzDb1oTP+9vRMf1uBK0ikB/KMjsTEKeVS8EwCay/KzKb8hqswt9FSkbOiBPgDZrI+yqUB1ZFc7hw6dNtmMrG4lQLu3/zDPkfrt/3Do03nkmbcLLeY2PWLLbom5hevUPYoA9ktswrcxocWme6R8LOFc1Jx883m8/7TUR7Z2IGQD0xtJ8PpGviGVyU9041YDxWqO7/OvF0N0VsY0cdd5KjcpIPXUcgJsZO5pdGCNoXAsa2nEJMHZ5BMzO/zyVs9kyW0J13/AdKKKKUtzWabL3FFoH7L95xXYT3A1pVTVGEOchE+3aPufZOEMppIm35Cgi80EntGu6SBXoVyfmssjBZ8SUaQCKbfEFe84mldDNbENRLpLYgsf+Xtts23d+uz3/bxJRQLGnalVv7L1gwRLT5nJ8tmk4xBMLa2IFX7cUeIxyy9HXfddNtLNoVOAM2ENy4qHhMhc7IVDtOg+M1BGclTU9maTnB/1g7ODqAZg8uCCedM5IvJnXTEyKZAZ0aafaF2mLaUJFrpt4wOaiWl9d39fTO4FtI+8v9COYStDVABjVbtTeRnF64XxFgk3knA3ej4shCkXGq4tINnseH50mIhCFarsoC7FuRRHbonpOnV+LktuXSuCVCU4Gn6R+IjawuNBdZSk94G/rkDQ6zCecTdjdfdBiyqDSQMGrzDX1c+UucGaLkDYxb5OsRsiNnmJpi3UN2CvS4V3Zi6pJXrK6HZmS5dWXipvH9QYuuxSowlyaS9dRN+QpCXj5vzo857RstOj1J9sqrhFI+cToDURIBsVDgLaHfoI55snkyBTqMwPZCjqdJjR1yNLia+iF3GDSagMnVWMj7wtVgPTAg+EIFTwCy59xRzJcqmun/9wx+m8m1mGvLRXindApXoSrKW/xFUn8g4OdNPJeXyaBM+/9QkdjftuduxEoxQru82dtXGPK9Joe87+zoo4dnMAOjkE1KmdNLDCnpny/AfLOhC4AJxZty7w5VHxmp2ComyOd58FzsScUEf3yvnMprX97y2BaSh07cVJj7FRYJzACOgSR1wwaagUc+wqDLE8KLJ5Cj6P3qU80CgwaS5hQTEZLRJJAeOoKyyUDhSwuUUgxrGzP9dcWP9NYkni2W09jtD3hBv5FtiB+/xYgJNkFTX0Jea3NIY5c4ItehMRWmAi8uUnmabFXMWlpf6Hk9RjAah9mpoa7aO/kIiUYMfPUxMEZG2x63FVUtin6beCwadSaF/U+Goj2jpuieqa8/cj/ELnYEb+jvm5bTFOdtDNvvkF/kEhsJ3HN0f6actW0J43IiA4xaMgmfj2gFYttlWj2ZdKFFNMnZq/6vks/43auOvxe526zllU/zRDz6JlVnmfYT9HKPlFFw8W5bvisd1z5E7ZgfPvbkxD0E2BCMNrOjmCuEYcxriUnTBGUfxnOcz0MdqO7jV7DjW4SiNNw2bf1I7fAO43/XwWOXrLdF+110kE8pHb6j8kcGu2D9hY3ft1Uw/rOUZPK7iVU+ikz8m2JSjf6BiNZza5svoEpZBAI6Ce/Q9OuN5cf4hbaR0tkiPCuFofl/KYSVk4Lns7xJ/VT2/hgUyDMrcBbDFcbWIwvylRR3dCRon7a9ATIxfNvXE4cUyyd3oTzTK7I+XVlTPsSeEiJHwlavLSJCJMZb+lVCfZ8eg5hzH+8Hp3KO9roFvPpoj6DWIHrDJ1L6BcWZ3d481C25lGU+4D19mrJ9pgR1KKkKy8uD4SD4F6VBKStrXltxQ2UdTrpqEZM2n6xdxWPQxC4iRKxroOztF118rHMynOfSila20gp4E3tw/nfMIJd0jxsNuXrAgQ/VAW80syQ93TqIs9NVTgs0I9Q905TmuaCs8jVkLcd8nqoLvt5aprJ8Sc62SKbpQrvDS3tCV4A4dFn9xjobEAKmcdhNnynV/uiEea4IbGQpEC+js8jthGwR9quF2CAEsySgSykucFo8gJeogcwt7H13NLfcMXklsPQXySQlqtmv1Pq3BMZV7K8jHVv0jf8wLd+0QrZlWvuaSUndNNorSx2b2xMmwiBXUr/N1uhQV59NovmXXJDHYi4NVSRu5MMlQnMJ+slBe8cRaKNx6KkFXsKgDunIknKyv2ImNRUYbX0OaAgHx3uT8JxTigLBU2DWGlKm786W+CUKNGwvGphuJcZyGZJxB+ckZDmvwkc2bwOW687h+K5D3t4R5VDlJigaxEHiMoJhFarOwHNPLOjQUJH3J413qfV0KsPSb96O3KQWL/HKWAzSdKxy1Qhyi6lipaIv+FzIlMcMT2cAGp2EW63gxpYXpCFNRPPPji0IR6uQeRaIvIBTG8jFADR9O56cFqdLUgeTcBe3G93Hs+YYCsdqvkTUWtPsRP8vNTd8LHpoJcuCpwjOd4m81M75osNKF3r1NEp08w0wnJBiNH+LDBYyERleDrCqqgFbD5IbjvNkdNxw078dt1xcwpzkhuWemRF7yzmhDyBAviogWp6p5KRG4PvCJMQZQGndJdATX/K6zQWF3i86Fqq/JZ2ObkRCbUG5cmDmUslUm7jbepXr8rxKyjpLChCDCE8ds9/+tW7JaH0fjhN1ri3C6hJXqF9Zh4vwxoXV8/g8gtLfZh7i7i/XK7+H9UL4dieO5LSd1w85pFx2Fuqc4AhLiBHkAKeD8e+MxZZHjqG/occFRaycGroZHwjUaSYjcNEP3cV3kamFhcXZg1dSnWgiGZ099Ce+EAGvwkZjjOprEgZ8xkfoeRyKbn4IxFxwQs0wTICuxVphAKR0gAqr6RZFctxdJqdVqpG1vSD37lVB7U2oNfcowuoqcXMFlR/qlN6ETtCLtmTeSuZ4bIA32397ZUKYn32ixpya/5QwdrsBMs7zDAthNpq+gWe40fUBKIlFwxXg2LSWOv9PafkLYE34TrN9JNR9l3OMkbwTUiW+mIVRSgo+J4BK+tubXoKHw5WEuotLpJEK6VoGLI/aZjZnBX3ICVAj7GNbpFX2HhU2G7yJAWLDysqVjvozQGDH8XvmWNehqm06F4TmpEb7IHy/izd1VOjbixH6swid50OE57wtFP2qvcyodGXGfziVFhHEg7qBnNiSU+Fm6COWKF4G4ac/CA2v5oR95LERp/nYAxEa7wYmMRmidfi+TDh+EvRisve5riAMTZO+oHIKH+Zgd6F3VqGkvX4CfhjQp+UXMsENzILMmSf+BHVDfZcBXgnD872npj4t2RifsFx83xCTxi422Oxm2kyp/nE9Lk9Gd8xMMRj1Nf3N7nGju+YExQwNbQlX91hnCQFqy4djNev7bbQ4lPoSM8nz/7yZGaBDqcksjWT0SwOr6YhTrh5m+FCPHarSgKYmYWq7tJb7lPlyzb9WnhnSoKuB7tU+yTO4zRQRXNgq1Q85EsXRHNdp9u+Q/rdjunu0ZYVBcfG9J4I3MbzGsB/Ph1OFsuPe1geqiu4zwg6jZ66oTvL7ommS/bAK4dhdrUJ5ODJEXNK1wS0dsXCNMY18O1mZTth2fQq4t1+/IIgrQhjhAHVkapqDa0D5yGPNC7Z1VDjU7mk6xCDXUM8MOnHkCDHdg6tOKc39E7pgShSnL/GOJztiyQ7+2OPbh3uGkPiyP1FMxjYf4lQt8m5PchSUutYUu6hhSwkN3GJHGbOcqaxGVC1zfw76osE6i7rbEhROpsMKan8/E4FGx84TdWEz80O4xycMiFjD/Oxdj1dtV/5pjWYmS0oiC59jQM590z6vQMY4VV1do2UzXeB5JInw20/lP/R3Mwnaj799bWT1/QXnjf9ibTX+Hy/J3dqGTztjmzZrfj+4OMApZickNrO6CHST3J6e7ib4tjdl9EDcOx1S75t8CwUXVYPTpEJRq6IyAoAhgLGeUc74Lv4Ipp0u6ODsNqjE0jCanenqI04bNHFzcN6F1T7hKcQNgJE+aLQn6+Fq/O78c11ekM0TA9ZmjKVZeg1J2Hgn7B5j3VsdCgxeezk+ErcE88iTRatb1DUs1CY2Eliae2DurZqTNBYCA9YSvpzym7otl/frJigd0FZYOdqJv0Uj8XaBj9eLepYztJVpDxvStq2GGdQOp4lUU5557JUv9IwmhzHQEvX1cwZTKOk04plEBq4W3AGNUKMPutchIfKOdx4mY9FVnhJBJFFq2HT1EuRt1n8QCJklCO9Rn+Yx3oCfxpNMGxNBuZbUA+bapjFbkPECg1XcP0TuywSlPTZjlVeTas+PGCMYLCtouk6oknH0p0oi3Bn3QUnOh8oVZhSTXDT/OaehFCK/z95Y4EQpIwUyh0BrbJdWcAcEewV3vABs4VZoGNCWdKnpeuZoDUoQfNRu+R80kAli6ga8nsICljmxf2LWn1Q9/DyFhn4Rg5J4+iuZSEpNYZiPq3ce+rd3b1rBK5csIa667r4J9wjZqmCiOp7rUc56fDmuAUbOl6iuHgzQvt71nMhKrryIqdq51eL0cxj6J4ocUTOAaqcGV97+ZSTJwK2fQbB5h++eHfyER4VQ3EEEayM0MGIjGrl/tHzfMwhtlGZaCdmfF/Qd64WMV6Hyyoqa9Dp8Pa02yivuFD41Mh9vagHsfZTh1BCRp1JqJK3IXGYasMzRYJh7n4bvl5xgqpPAYjAFKuw9fEBkbw54kPfhOcqVhMf52aDRnQZB0nStw9+sN/ttIaeDrpNTolvj0f/18jBuXbxqzUa+VTBuAk8c78j4q+x7X7rQ7Sl+QRzusDsd0aNXEWNdMKLIHO0TvzSfrAK4z+bekzkp6CC36RSY/wry8cxJhw0spz71JsOsUUj1mivw3sYpa973tPHGp2FoeTGDpXPXtW4VNOEeGlFvfBhzW9jy+/9qeHSJQhqvMSN0uXjcjb+8vYRl19bgwAS4qza3qC6okwSIDIS4+bjNpSTC8MOLvMe/EJ2Z9dwTMTY9kWtJqZTEsnFoTxQv/w0hIuZlIrZs7Xv8maYR9uyT05sfCoZWGmDOFTaYs8vBZ1byMjHoJgs8oWNH+JfdORVcfS9MNlOXQZxil/ZhqE/2/hfDXAtkEzrLexo3yQnjIrPzUdgMmxmpPkYWGABY6z40zC8EKkf0roJzCLamIOlwy9Fivmc6x70VVXyduuh9Etvy4RQ3F7SGZsBhP3Lo5u1+L2UoWqGLOYvc5Sb+ictNmKt/b+c7OKdA01A63FjXjpTCgm+PLs7fRwthM8tKeZXCc5nj/t2kps0sQUNkVFuKWP7Ndy2OONV5LjbYbQIRGagjOieRhsqWn7OV7mMvhB4ji81LPVRVOT274bm3Dn1ovNC/Jwps7NWZB4nC9mn2fNRI/Nsh8lUkoaJUbbse7D8CQZuEI9eJVFsUzQLLivd5IchXfr84xjv+g5vXnrU+Ffzb9QYSoDiqViZhvjpFUN7C1nSUrsJmeW4KA1cZy7sIjCnjxQ1W5+gKyneBZjHT3wzSffTN1r5wDB+v/cdQxjgoVCQfvLxfT7H3lUzaP0Wo4X9iRQSw7uARiT44XkA+t4/zDR710r3IRcMu3Vx2rIqrbquVOm//uVh2fPBmwJWT6wYC08qu9p41lQtUdGyJ99tHpyWkd6+oHMJsMpSsSljJHbMSHVIMVxBTFPZs9g38D8Nse/Oc/wfJZSXHxg2kxr2EH+9z0tYVk3CnB27QzwaGcmYu6UpfxUmra6jenpEJn+VRQT991y+rTmEJDuPQN3U0XlK8BXwvGqDupx/o2gudSPGlAd00lcTZilXu0MqYFbq2GVDSDVeu0YWjOaOP6z+VxRZGkSBUpvAQ5DG4wIzz29mM39DrEKD5srJc25jHgLdIaTrvGL8skYouwwOdPn+M07wINi/FbpFxMY/6Wm13Zf4iJqNnf5d6GQfpFeOkCfh38hz2bfLS6LId4EC+/6PsSALLlRs04noIddLA31dzW8Hibb7473zAFaatYO2ZmVoPby/kQd4TyVpd5UtNS4+9Z5TJvKIvFy4yTDnJsgfI4fuppRxzdqZPO9TiqUaEHeZ2BIXatjYs11WJ/1qh4LCpT752aoBXzSslcCmFeh6jrtHPdFkD6bjY0s9tY1K8oy3wEmbeHoRHAi/LFs/GL5RTiVeUA4EUknsTh6Oe94zbAB1cN4b2R7yRW4HNBmgUlxnrP50OCOMAE/2pSOwTm2INV183Tq4xrx0hFz0yQvdmN13txIrQrU4aLtcv4ZJaGXMsgCt4BbUbK8NNjn000asPmZtHtn6AEW2EabTDUf68dkWbQG/eIR3xDehfL/I5YLKvBZnQHxymv7r7YaPIThRgta5PCPUJOvxa8CXZh0d7aoU9vyxVad4CYN49D69gIr90zcHrAi0QSg1Wxo639+VVdOveQwxYReEYUXv0PYk5axvWntw6UNJUgR2yT61qLQfz0BAlsPNm2Mj4u7RYyGPq3jtxZg70Lcy62laSrdVaiMUrvmn+5qu5oMRwceLI2yFe6z1+iAfg+aCpK1lZD9ZfVlIS6N3XS3XYLMJiH4kZ0TbQLWDa80ai1edqRwBT2BXMc7sNiUGiFDQyjY6Ia+qOvFQD4l+WYBzkIdnNceIeg2QIh9nKN87U1C9QSVlw7lvsgp0DStFa8ICiJBQr1MOIsGHtYj0xAb7RuZJF1AbfrzVNPpL1n/koqVJOF4PxGb9Nv/pj9sWaLT79r5Dr7UW4TT00SzZExpVqbWF6KQ0iZBLp1vrikYWm7xAQuByXvuVvhYDnySJREYNhqMIj8Cpy9mWmRfDEsAvVah4KjXvW+JaK+n7yeWVBG5MMZSxJnyOk6/8Xtz5Ps8HNunWMVehNpprpezjND9g6cNbzaMwtrarNzMDa8y9ogUett6js65ZrbizSjKQOJ5DXOZ5Bbq2nzTBVQ99SNJWedK0Fn2ZWTX8rgeFMZ+ui+li9LnEmFsimHinaaaIaDsYQHb0MV3nN5qtDcQFuf27QnataVNA0CL2eUk+1Ow6d0B/NgBxNsdlCP/Ja0hAnpXNNtLPwGDOYShGWnwzinYPf5ZuM6nA3Tf09k7mksv3kYdomVyaqdEJQfgZM+oZVDXX0qDRatS/NVcWVQ71S0f0bPaNgn1pEzQPrnbIAwySwihrHww89tdhlrSlPHwz71n2jqm9PkcVFdrR9MfZDTiZPmp0zs5Hioq6hkt/1fKon+nh1rBCqysqVeeQT3UpaUWFWzN2gSXEJ2wXETcTkSCjKlpPDEVDW8O1hGSBk8NfwFNdpnibKyof9nBFuw89ZwT7sRw3+ZPH/4vSmk8lky89Kkr/zMcLkXl0wLeVUYZ8lMW70cuLc0EVI6fdsTCb3JRV9UXDS5pRPIob/cfVkNghbWxaqGe1FG4R4x13Rl5O5+bryTIDmaX0Lg8Nh9g/hXt2YWHS5r3AHGSKGaLVlS9PB/xN9F6QweDc/yz0/+tdzowWC6CnxrwqtNy6GlFv59xTjieNPj5Ur9txExtIB7tFHGDR2RCp5Pt+ErsMMjY36jlYkopaWf3OTeX1MYyu0x7ROtdpcZwSVuHra/bJq+H1RA9VrLRZcyOSiGIVSQfK2SYAfYlEee1JgVL8G9wv3KEkIylyPaNDhyQ2jsTm57LLcb4e2AhDPgBRMdOS8U7JnnxJJHpJi1HkjSyCNDLGoaDYS7izTEmyeJnv6IhRTPfFH6JTVGG9PqvV/4Aj7Y9LNnmJ/hASD9TtMjcoqKt+pLZe3bPdFcM83J8Mzw/3IXRmkvjS8kdL9IQ1UyDKP9G8TCM9RGIxtA1FnAoc65C6BMthRCeEAycV71K5TF3MBg8LcYS0MdaktoPmvyids72ZPwIUOQDWxf188a8gF74BXxRoU+R7wdE7G4gY3nNzFUCyS+tOpe8sCQjALaH1yjGUeOFD45ZdTeqp/qdhT+wROxWfv1x70eRuDVnokSmim16V3rqN4lFU+4MAvamYiQYqFcmI5358KRfGlVh7m/iTUEQR5OL/kDbtxecRiiuM0bSGfDMQ9tQFuenxRUeineKEB6Ljvpm70Cfp09M2m2/hQKt80OuPepwg62qd1XCg5wLdrtEhftFMCgb4wofJD0EWIWgEoKF3XBm5DU/EV8IdNCONhwuyx39YuFigl2LiFpBk7S3suUubY9EuDlCych5X25vqmjyeWSymTiTq0A6CLKBUp3DgOcLtlNf7FONsc1WAkGqz77BKPPZJsH5ifBrIv2o/KhFjAuk3O/uHe7YnYQsyVYw98q/4vJrUVN9VU31l7WtUdnTJfX3NUk+YSYatbUYQZ6gIdnC0XY/TUCCoheJWBZfL+C4Xc2a1dIunTW/UASCHtE5/ZHctrH0dwunGwb+bQKbpsLTXa8w4nfy4wTmKFBQKpfCOv8uYaa2G30ihhgXCOJf81RU/e+jZRgySjrRwgvJdxntyIXsWiQIbkZBrP7D2uZD9N/97lWlX4BQ5oq7fauHCVNzHJKrDND02XQZYufbnLZpU3Ms9MtUsCU+RET4CdQrdOr+PZ1MetpNbMkwxO7emsykzwWmX6chMdmbUeyvbK2oPnBReBbmWoeSmXDhnAAsdl1vXomucb9P+y9nf1YoPRPtRlnBBQZX9aGLqUvG2zLSRgZbOmeUX2TpeIdqlGvFOX02D5oG5UG+s4fxq+elVaEEKQEEuA1t7KbqHQCpekYt0J4UuAMHhiV1WUpLCLOi9XNQ5i6k3lpWQwBz+J8XCtzUpyE8KOot6+b5MxBJBD8siGxVza7udVlsAJIG/3iy9QnGpbLd5GT76EIVvBkSF0XR6BOTj3xIFRJyu7TGDM6B/H5LuGkJMWR8IVySoNUFqT47XaqGyDXknShKoaGPTDuc1ptsSTV2VJqBWR/Z65Q/BjjHny+hJULCSc8NzAVUbC7t6dNkT6D8OYjFAE79kq7PRGTIDsVJObfIw5svz6+KJjHAAAAdJPMzjv0Isxdht+lCxFYlkWkpCorLxBGr6JeQ5Yw1xs7VqPMIyzqvFiTZHgW2gvTGLCjQGw3YfmbClYIJbfFqT08rNyF/pK0opAoWfZ22qWssy3nIjPIpvt6IKLRyPiYJq77p8DDC5fzXP/sLtlEYImEriZ79yHF44YeULf2GQrzn2gmNtIJ/wzacrK5azGo+HiKRfTqBwNSlMh+3h7cEe1pLe9adsZrH0oEF4IBSOD8EKtt7eFU8b+FTKMWYyxIlM7GLANA5vBiNoFj1vtHT+MLg3OrEQ6eqPdQi1edWEgvEYljV4vK2RoHNrXTXtL2FHIbRKiZGvqtUtWmO54xvDuWUWBBZJLooXUEexIdSN8IdKzmcDzsJiklfcYiKJRQtZNKQU6z+tG+2wzH1Htuz9HEQKpWassqR6Sdv8ZY85w4P5UFkX1PiyUHe5oSmp0E3EkrTFB7JWUMnXnfaLZLoWpQze7PHxbmVgvJEEZwWUPHYHq+NuRd8XQzHDSuQShmJXki5W0FJlw8h9NLZtpkQFUJYUpUopRegYQSbpswbLEVYp6USQVfKEOjXqbL3esFAaJ0W8sP2VXjiWpSrQKZzCbEpiQ/Simsx5776TCQ+UXw8Urp71fouTktqI2Z54hsyGRKqkHdKo/vQQ5pEZOaqmukCSfyXLaDrvQpFzraOVz3cxJW2hhAxGFcE+qe+H3A7n/f+wncWjIsqbD6ZLOrzcWTjkGf95vX6spJiQ+TdmAWt9FxJ3Ot2Zp4nB5zbthUoapXlNynk7YmUIq7zMBT/u728xVf9fiRhDTK2GPWf4Ufa1EZvnun5xXVatKNUI17ol8quOI6dAI0UUEC3tR4hwNc6n+J/CQIFSAVI5pBnvqwiMEe4U4yyiX92G4a7ME0SEarbgQzkanorFyHhu2CkOmc9Ri+xGiC5acYzkeblG4T31RJ3pqFSrBlygS38r5cO6g8eKa6GL0UiVB2kZOLwA+6Dq6Y8cHhPNa/2fZJ0jmgywJ7931qiWU3iFDmlce2a9gkl5VVfh+JtSKX+ZvB09XYFsU+jpNjGdZP+e8pXKEsbsGVyCd/JfFKFM+7J+LTMy6wr02f0jG6xRcAxn2Y2cQGKavqLWclvSCWFZbfpL2B40BMfQxE656bSiGPbTyc5HfzL3iln+sRDa+DBz0kzUFn2xXhLmwl1BmIXxl0TxAv7Nb3Ka0TQqrmlztNipWHng3+nKSAZy24pdmZu3gN8ISoL80BRtMBsbVIQ15w+mmJUGSgmU8CFIbi1vKmNXijYE+vT17MsO0/RY7Jg6/dXm2t0helnmzQPth2Zz1XI/SmeXJnQDUWeUU01AxayFo7CXhqxIqa8CCzvExLhAs31iWLZOB0KCYE8EP1bbk4NPm5oURTbKBuwoaGktw6ovMZObXpFlDXQNfr2do9DKI0/GoLtoWIMq4zIlF+jpX0UO9u30eyEa7QlSlAAVjYxiPR5I+rbv7CLejH/hHyV91tJ8l9xfvNH0Xpx0BOm3t8FhavtPCR8wneQA2aJdtmGipZpG96CCWkPhakK6DVegkCBFCyZz3CpjuQ/SHU7qrwqKTNfPHwsMN4oP828ZyiMBIQfVK2Xs7dT16zDu+uJi8p2ADCJ84qusa9AyJb5C01OG1Kr5ZwhvEHAk3bG2x1kzTO2EOF+RHQnkxIpXbrahwOl6kLjB62oMDw6/X1YeTOaufhXTvKU5Oz4IO6FopKMgQ36ONDoEeWmXnRPyXOJRtAhWXssoRqblIM5li2yaDlrYSOvXb6Zdv5dUycPl6UMKyXnAKm0f5kxaWLuFn3nD8ZoM3Op+AVhGkT7/BuQykMqvCW3ts0NYLFE1ii6yowzOIxiMHht+s7446gMcguN1D+67p8Lfja5RcdK0LCLxpUgzwZrOgqh6JWU18Mouxhm7/z7AFxnc9BxbsqxoBe8H2X8i9f6MwPm+0IlwM2xyPS07UwEPciJYcSELj8Zoi3JMbl0NjhOpwmlHKBqDCYnx7BEamwqSYDTbD2KzNjcvHKBX2wn018Yiec4qzD/aG8Zy7NiQQLDGd9esH86yGMvAGpjV21+vmerxRH05wYlFt/y5GIudw0YRm02UnhWFJlGC/2BSEaG7QNX30Y46cjarOfL96gZfOuCgIJT3Pt0rL5QuWvQ9cTQtLe4ooQFiWzQXVzVfIwSF4l7F5OTqmZaOjHGu8Ze+HnbMP5sXVtq3oU2SbMN40A1z0hL8TlSLYgQ3L1le9MFx+1gt62NjZkTsbiztanXhjr2zTWwCsbAJ4InFzF//3XFiJV13eXdoXJBcQYE/7uXsIxiwosGwW1+VYF3z9IavfR34OjYYSPjx2JSlcmM5Qfwc5N9juE5f6V87dhQMB/gxhYs6V+P5fo5uuHojmDaJztJ3GnieckSe2Mi6qaAUo1yeT/pMKPnRQSmRQ0+7DmVXFbma2Ab9UAvfMEty/FlsRKo2HzGr/PHLTxm8U0YSjdSI6i+XCv/8KRsBM1YQwKGivtc/oXD3jzdQAkK3TgMNDfca3vvb6NpOmgUknIeKMR3wAUlznb+UsJHknG3y+7ANHapxjyNNOAPAT9RfD8nwEkhdI7fE28yGiu6CLfcY/k+KW6Vhpddt3fNLo6Qed51+oP4N8nkFBWFRQ80yc46SLfYt+MT1w1GkHasLHMYYbOlSYtW20iMwHTLG9OMZTAV8stNbCmYInKLGAPr5OW5z2aLkMMCgls3HtlVuk+zozF8jk47qVzaeH7DN+O9f1Gg8BAEV+ezrz0klnPHyRsjo2eARHNfNtw69+Rbe8C9owqnUvg9atP9O5hccQiWvu0iCvCoWWXYbCwtc8mHt/jFDJKPL0+JlA6ElMyEpVa5VG/rDv7XGGp2b2+/8qJaMc2tBv4eWMMFEPuMhk+EC4nb5j/Gc3dgzf2GRi/8V3djt90HVH/Knbo2xK5EedMBX+p9GeC82jEs/sUCxqqWqy1VV5ONOeCfa4T/QVBKGVqZWczbEs4L5SyTN64nthhCRr06C83ApSxBUsZz276OvE3TBNOZUw0lxkSE2MohltXOMUngec1yBBFAswjIyv7eYB21Np9r5D53m6iOdxcVQP1Nx+H0rGg/OnxkZGZn41Ogq3UhfwepiOdEe13Bcl9w5zj/5V3rLIspzUwoY+rwpCIps/GTaR1+jJ8ln5Ay/TWfO07jBjzfjFUQ87m5khFLfnvaX1Y/RFFpkNCgmqOIxcMUS8VMne619sA7Uxuo7NYUYBo0tMgGJUcujZ8T5ArHDs2t0af/RtugmtB7zBb5UHuUjn0AGXt/Eq6FExhy8gozEaePh6+VxuAZsSTUDhcmMHd/A+SQavVv8Ln8AWWM95hYKTSkugXJerChris5AOhyM8DYOa8fu+Jsdsb53j8wW26qF+5V/oHIS9lOv/+Tu3L0XhwLdhbp6MYVL2gu4qy866tY9kOeFEAgoaguST3OvfAdMeS7pjiBrPhUVCpKlrDMmTH7yJoBqcBPZDJKy9whvvUzYXbMopk3SSGQ5Iofk+dnpb2FNQUq2C2ooeVxq98YlRfQc7/hSKhAisxcemu16y/ZKHUq0F74a00WNYucGt2INe1nLQYqW1MbBgw6+SeERdIlC8xbzNyB+vMA/uRW7kb9AQ1KIBEcQIdLe+2sNGEU83r3fjPtVIyjX7Jzrxu/owYXjh9qilJ0kSE41ylWdh2nY+OQ58Ce3TpbNEuJ1o8J5vIHEyIVT+N2b7njZfqx6LE9aq78jflxXeC5ZUvGBC0o0yNWX0a5ev8T1eIU2cw9t2uzar8XwVcvQe/s8ARJzYnOcUlDtb4tbWavyhs59Sp9bwioV0djXcJoBtk2oEWkSHmoo9P1JXCbREJehjJxKQwCmUDU8kanOO5qIKzSasjOSkwuhNoMMZpxntMC7osBjMhtXfRb6V2GZVUXH9/Yo3Lr5PhjPBHSWDOQ5gfMltM33ZGVBcCSZ7XDAzkXOWXqbOYuCxUNjWK9dwxV8dqz/X+vRiT9GogJ3z40ATVdALERqA4S4J6dewXlDf5mudZ6H/vHQzdV6y3w9McmvWXlktckW4rsFBNmyGp5UJL81wuN4GQGjK+kxtMFbOQpnC6jV/AWIivB0FDsaSHD7YlHGiCmb0V7K8O8relVqB4GfQOvtmoez0kt/OAdwMktx/v5X+WlikUx7/vGQweVa4IorOZGNR67l0Z010CmlaNeK9PXOtc7gAgNutnWz7He6m8tadVL0GX4rTv7507blCcsaXg07VA3hwavP8IBLgQeDGbwOC8JcQP+wvDEJF6h7BQK4PH79DzNv7oGHRh8zBw3+5Og0BbcA30h1hvbLl/5O/WZr9t8RjK1U26Y/h0/18yiv9nu4ufM0j6R2oMmsEoffOnqpK9BSCAapd7mKfVYInRTS0gEjcmWHuz0EXNbWYPwuVaH2bQ1w4UWtCoe3Bhh5WAKD/6SeI6SKj6QCR60FUoDCB2hivpy8FXgGq+DnBUuHhBlbTw28IQ5P/fkt/0K+eyhIAvwIhbs77HQ7B81j/rttQhpXhRXgrzYHyon7h5UbBi3UkQdBxAPGTeM2W0JtLfvMzSHMcdL6GmkrHqPG/HH7DyPdy7KZxTOtdBuNwcA46ZJlb5mZiV8+Ss1QbG7HSjfSq8RP5TGnborM+VXMOfka4WjOhSAmJcgE9RJ4cWbWjkvMMOKnwU4ZzXZdtyjVys/S6S/opZrJxMmsNtXdKIBPWCHD7DYJegS+mnnaa1C3bOrTHJwAY5/mHGiIjkAvE+KTOaTinTSw8ac0Kl0XCFMz0ulX7KH2M2/exM5o1VVZJXrvl0Oo5FYzW7fWBHSzA7fPlWQ4HyCwScoID8yLg330InLt99n+ZvHm8Zc45CGgIBuCrK/MQHxEtjFoTauEwgC33Wz6PNYDM2/GZAx/4Z6NXwlZ5cnW/cu9LsxsWEV8gZ+WEFw1TTXC8mXGESZCsW9B7JO9jVASCkpLixj9lAMTkA/6M6uWU/qkY9sdMcwwCmphM6Tr2ekECtkwkcjJ6w9R4sVArsDUKCLIpbgekqTE0tSDUMOO6tC7DQwlogMaOF/zjdSVt5L1TeLEbv3qm/MT2EXvyuU9v80WB8Ml1TualbPYqcZsUyDiHC+qoTeFW+pYOtw1m3uuhHfVvYAG4n9xzi51HiLqXDTbOR5EmzQ26XlOa5nWsw39VvtWruHkCNTDfdcd80DsV3GzcLm0c6/6BOPj0qgH4joFQX0vdhRc/i6oAuQeXBZHVbdBiKl6bA9aWwqHzqLpha0wNzGgP7bHCS5CcbLpnjSa4HhznM+ku1ebvo2VvEvbYmWj0coLFE1esWQPKmfh/eB57uWFTxgMkJjZcIraCwSwf8PzZ1lFAu6+n0uo3spdc8uT6D278bcB7r/P+j6W9d3/uhbH501w8Z+euYDRw1MyopySen/ldci39V3gKC3BQEOGUba5nn8LbizP+R2XlY7py3c8cbIw0FS2dF+xE36ubiVy7WeLEefv1n5LKfRH4r6J+jN3KUvTV96zJvLyBM4RuLtagvB9uida1aBsKV/7rh2CkW3+1ewuAoMdZcb61Q9DK4qnoFBRjlouKy29T3nVmoDHUw2F3HMH/eg1pvKVxtywdRzVJ6X19k7ZtfH58f2YbpPB39FA2gp6iSyq8TikyNyjrAKQcA9XYdDXCKw2slgAojR86i0Kw+muxk8gVcHKPF2UDOQtah9aq26ss1nauEryAZWeGH75WeWwtdTiwfYRXbd8x7ClxhjAYe/PeAk8VXe4HQS1/xXTDuQO130kw5wDrZYadg8/XzbLWGKPjzCYHoVsxMkJARrOODZ0WcUOR8hZSocpxuZmheyI2DSS4LZ2bxmqvqJXZtC9Rw/yEpWqGKZ/phaZ1wZALP6ceod1S8BP/Xv9MgueTzbFAVBkVDYLtVSBTJ0HrlGyw93y6r9D//RVvTO++L/63zS2IVViCJfWhxBPozDZoViw/8GGVGIHNDmms8godBXBzigt4s3+koqwMxSugx10Iaic9L4b4FNDCZiuZgV+NDczHAEyHLwC1618KdGWPnFUsOyWt2MhYXMekofcL2iyJCKSNXdXEgOzeMY5zrE1xVE95dqyC0UQZ0PhH2xioJX5iUuc9ba/t4IcKmyTF0JbwQcLAbnLEl8ip9Wa3x7B3fWHfr6CjYhzvEBPq3d59nU94lyLceW8NFuS2zVfVHumIKQuL7yRbDYExqP8+YiMlfKTHnBtzI9Tcbz0HUspXCnuyI/MhgScxqRHFZhzNEWOX5DgouOWcbY3xsfnBf8Fdn9l5lJAL8h3771KJsUGZYM8maNKCrwlyYMZA0FhiQ3MZe274QlHRSjC/fbBStLr63oTBYVTLxPaccxlvrhLx8JFMt+zfEFMffUYMZbFDhGjvlHCkVykTvJLk7due5coDSPpK87PuqLn8LYX5SucP+zmNtuIH1YmHS6G4hTlPWuc4xrmgkZnxipypKr4alNVG8AoPvvYg1ZTIKBwy7lvTSAIW4YZrJIpk20oTb6dELOfRDwZ92/XvW7qaj43tWNVkvHL3OZXwVQrZEHBN42aEXlt0D1ZR967c/YZKGWCe0+V5ISJNwljU7KD6uHzVQWBD8X9M4cs+3RSXn7V+erra6g8B2g3YBZnjkbn/KOGohLRvtihFtgpijy2jtzObvBW0BjwCnnBcUAoqGGUjIArPIAcorYwzQrxDR6v1KSeLPpIhnBNp7EcXZ+KTxzdjJUbjhwLqBGNDEYThfKrp4JbpYzNXpx5D1eMWXNjlOWT/Jd/iwLhpRLQ1EiSPJRbLaojr6oXhznLDTDEOpU3IuasgRoLdSn0sB8rwM1teu4qIRxENx9QgjY0J9Lvj/XL9N4L95jA+AL2+wToJURbiIaMYLosr0QBj/ZuCjMdzNqNJ0GSTg68yS93ENzJUAjXSVvHcCKp2iPCNUfl0SQvoh4+2m28o3Nb8B6f9cMhtXEfOLg+8XKhs/I6LCd0+T88wzUYe6aGQAfs2PDKfyD5hnrnt+bQ3y6NlM4Lz8lslCH56CpALZX50bp//VtSXfCrUk1kiwuvO21Qua/6kxfE48PQcnC5kkN4lyErEx0keTSL2gzWoAPdYgf3vVPrmfvnY38vbwdgBLLZzfRC5/UCwcr8Gvdz2RHW75rx0zUYgUtzz28SprMAG9OF51otDcm33BaX+Z2W1JCnhC19zl54s6Hm11F0M8MN3P6A/N68SQXLcd/OLp8pmOV3OG8PZKHAAqclLc8Eh+cnLW2P1dH8iji1AyMirQLJBLMhB4T76LnUk6qsoENXFnjmMfkzkFpIK5FPT/PKd1VWm/KVyTjbFxG2jEARwKcgKoPtdPRoFqZhOjuUxGwis94cFx/6VHkyeYQA8q/fgyBeUsvm0Fvf+ZsItLxHLDUFTZLdWrVErfWHtxmMcWxxQmobIPgJA3Ac9oxxovSAcmvIwrtulDCPhiDvvcJ3RXBnTue/MWwkLH+8hTITMC9y8753GnX5hBGhOOtMfNNAJ/j/+l5vkyKsRgk5u0IbHgEsKhx2mBuUE/AuVwSj1ZJNXyr0+TSATtIquxPSb5VqLsGm+U63wUSlPMBO52LRyXT4D1rkXm873KF5IYHnI3vASE/0JjLtG9f30CQijTAunXpKW31BWUfcSIU8j/+FYdBM5OyQq+IQGP+HSRAgM3LXaO7beX2t+YUk7EYsu1mawx0kdL6+YtnH0OpdyYv+ARON3a8QhMzOP6O4wM17rLHqPwBku528ainf7bv8fcj8nOORzs8bqUmEK5S/fJeLeyjzQiXOHncYU4EScHeS0co2U0vlw5owaNM/WP/mHXYPUW/7PBvYIeus9gYgC2sEDPBnmuq1CQVVLTfnobabnI+n08kqQPx+PPn4FKCuYPeZIQosZeWv4YtSM63cU2D2JTdmb0sbiin2nikmDim2loMiwnDsGewu+RTGQ69JB0rGLY6pvAdf95nw6GVmSsv3pABGt9Zk5uc02h8Ay8QE2fZ7uoRKfqbUdMMBZVW/FPVEOj6KSE3rJqKhA+MxRvd+c5OPKnVHgaJdi9EJvhBwqv2C8BK66cil+lnTu0ZCF6Ady9/nPNTapipP2pN4q0tthTU5PLlsBj+QzgLSaKbqgcGHodDwWHXphgQO0sZjLE8cA+AOWrf7zGK1g02u00JykJT4YKDiOglOA/4oPVBnGs/H5vTgQBRTgFjEl4x7Rz9R0/rOsx/Zz2A1WT4RMPbDi5dmYcj79vCGjXUrNEMSsowQiMx6HBzZSWJXl1dFirRVGjjMj92jjiW1c9LHOLXSrTOYKAWkZNkSEb2D5SvAXLBEQ0OaVoTAuQ/TrEiF5Uoi3ldt0wLzMwjf56mrbjCHG4pK1sdnjsKQEKP0bOKSxk4MIDqz+nTU1sDZs8L9wjxwF1GRxxwIRSGR98EUkz8s0xX3V+lFuNZbJK22CTvzJOjQOtWHqo88/xEvzJ80DDVL0aNvvE2O7EU1L7TUGdN5sBhUkjKa6oZoFzxzFJnxZWblmzsnz6n8aSfzrTvC9yLdn07F+ya+8SJQRJd2ZmQ5XQEljN8wReAW+PSjp6SyTkSEN5+HmCzBxiW2ykkfOeA4K6IJmc1nhFtAeyw4Csu2FbNLygCZGPflzI45xGbcpK3atb8Ax1dIXqo+JhD0EFooC14gNhstaNOSEaXLKvaPMFMH52a4aQfUnaFws7SVH8vtGh0jEhmoHXgZGkO+LxttVPu41NUndxaizHtJEVWQ9xXnNZ5AWGinSS3gj3TE2gFLGwOTz13HcjribVe5Dlzv3yvYVCggAGtdrPNVgDid9I6MNot+UzY5W1MZAHDhdINdIlv0j5a0aZiMtqo27mJxyZspWev8/QseKbdBqe/e761oyBu6/orCp+1ZTAmfZI42SQMUh7zAjtvoAFwLcuiQgzE7rniMw+uywIwR2qFQBCXUl7sTnNeaeWxC/q1xaLINAIVBWO2gWpc4en4iH1VvcJXry25BNNsQaiaX8T56y0CRfxtd9WbQjXT1twpmZceAyAFWHb3nn3hiz4cqlRZzKMXV508iXqhdvwEMeYX6n4+W9+NaWJiEyNTOq2w2uJ4Xqq7tZYxez/uxLJs1gAtOMSzdLD3k0KFCMEdJoMSL29fWpXNmcXQS3TOvCvcUWcP7KWScDpkmhEOVpJs17XWaoaGnB1CMOhpMBFO1MnaJHUvy9+poDI2WUJ+ir+AdDtVdWbopvDLgDa1RpjkpU/8z5BOr7MB8Fnv5PU/mxkZ4/EF+W013o2Z0hSkoXlHHQH8bM+MOLlqxttiPLOVDLA7LwQTQ6XRdhQE69Z4+txN4Bb1BxLM5sK467iBw18rFnE4FrKI6kuaSSc5iDykLVtf0PuA92kCcyX1ZLU/KHZXMKEIXJYSwROzYUrvzQMSR7Dd/UcpZNySIAAQjBntS3cn74m7jO9mQFeHrDyfMrTbhfJ2AnvpmgPHo9Lp9wv5SBgohpyZZCl3rYeR1OuKhsYmpOPDF/XF0SyNg/b+ErMvVfO40IK4F7RpezJkxFWxX+Z7t+odnY+vUKmPQmBhLfSvU5IuKDGBjzKtbXst7lMuBr5W7KNdxw7VHjbxWKD3H5G1holwxts/so54E2Paqaaqu20LGjgaGUV6aZzCmoO1MFrULIrCyExpkko/GrcyhEcpQZ8QqcXUgQrIqR5D2k9ukLrM+E4OrDSy045VJk6fKJmfc2JHYWavIe/2J8R8Xp4uVi03dtROhy4kxyQY/xIjyWGecM1jD919Y1jz0kA3D5zzTs3aAXf5Q8ruJMoliKiWCtlZ4LBK8am3wxOeaqYLBKcmQGiA4/IMz9nlpGqo9X8IMBnLMRRRodK6etL3C7twQtxV31Ht3kN+/fx8B5nESg58jaEZmYVDsWRJQA8uZcLCx2hINKsJLjDIWbgSIPbRSg9jEx/TOYFEJxt9NbXV8KhNeDOZ13mWTydVKzjYyvkUmo3pRYCaBze62t2jPGuKiKaNDND+MDryqfKRv6c5wNZwFOTcTeDtwDHZPJrgzd306ByUA6tlzE1WdW9mDshLKVW3HSm6oAL/sqXskUMBxWGxepgwoG22Y3jO15IrShMXZOvXBaGqcZ+HTTW1EX15M//XUguLzP/GYp8TwdLnUJaRyYZqz3QskpxwWsrfdNYoPTP84rsdTP621aH4gSsmPC0UvqzcxCSVOMcNKUpzNkT4kPPLlZj2vyvr1kDW5LtwevvKDIhZfHOWAa1bsYCnraMfhNPysWvgPEHFI5/wgBWZjMThqJ/jTI/isDm9Lpf/wGql2JobMFkzzHIn3SuvRsz46mEl3nJ9gF1wdjwC11TFRedXvwsQr1RWlPtIfwaOI+kZCfhfbHuXMD4CaZUA15j5o1OOSPLHl+LwXrJ8Ed6h+wHa5obp3M2L72/AzHKBBy2J2GosE3TMn7xPDtD7pdVA0exOy+O7uYgr9Oi2A2LVFUjAg1VZC9wlJ212346+phsX09R3wRAgDl0OszNkaq/ML45s9HHJTAJHXGZK6Mc4laAKgRZodlibT6zqsM80oOd/ZhnTn+7V+jGbzZaDD1nTN9fhDc+fkYbHSuSPePEq+i0cSx923YujHxklx6w+W8MbGRcHQx7gEXODOluF5LDV2VgLYDFJ0C9jrj48+kJvf75G17VHlXmntPFJ+/g+24PMseGKN42d1NFNdn6VSKUltoO3JJOsiBE9Vs6p6LjxbNMe5QeeZBVPHzEw+uWoEWLGtWVUQknB5Ld7IijSxuYtoGykyc/4l5Chs1U8SpMaW8C08RdBRhIKVfq7Vlc5wA4VndUdWjac49kF3Y/d1CNfT6WB3zzeQm3e4/jHu5A93Lz8ZBiJcpx49nFzs6D5+Xw6ucJFGjdad/Nns1PCnayzzeDWjxgCMLt833OvI7NaxDtccDrRdxI5XKxdBqYkgdEChXyyoroViA3sHhw/qsk4AxvcFJS2jvdxLieQO4bdFLg281YhbEUqRzUlIweKlwvpVgu4b1z15+cEa90ZgaVns3o7zRRFSSOSDulBZGA5bv93Ee62BpA1PwuYwmFFCKGWt5yJs+sbo9c63/Dv4PyS0B/ErBCGTa5GcOv+us+lwoja6hgxzP8/SYntZZ9IhZfPq6RZWZ8KFLRaqgcftaaO1gqNnrvEwE/UhAxHtlpbYXA1WtdB+DMawYQHDhfghG+hHIP0+ohVsWBKfEILTf4rlbp7dN2lmTPeltN/IGZ97dQFAq1f4lrArt3aCg00RdE7FtpX4OFSPXXVXP8+Xr+fYAn5ncK1j7C5ZFsXA9Tf2CZ7cYE/4SXM603GeR+cRhPZqpAhT0pAkTiLgcpGQYPk19ps7bxcv4fSG7iAd3j/tpfKn4THxzVJPrRuVzZra1/uNuk7J6YWB3emjQJWvOBJF7jrhEYNRt3MIVSzAOLHpC3EAqSEoU3Er8S/7KcvA94isnEq4IZ1t5tsiwQ5FYZiWcyDHIPZ226LSSwWwt5VS7ItCmKX6LLZaTQqK7v/LpTNVL7ul1ixteRIxeKQ4cUOeTAoXWUO6koYuGHFKbNQbfhMabXvkuioVbH7uUYOaVTTedoZBBiMzwv+LFg3v0qIbiapG31nviuU2rTu/WlEjxTAS493CJZp3MkSOiOscc07qU4uVYQBIFdAHxpgjp6nlgAOxs+HqDSij6V/zi9JfFkQATo5WWVeUjei6chIdIfS+bjw+xaHhJ0lGf6h56GK4+Zk592QONc4l6/NgkZPCFnmJZhYkxSOnKJPXyLrzcIJTYzbRG+qVF69hmDIVvvCjhupcL74MJqvywW9HnyyXjQ9eshsS+CaxZanyw5ihH0Z5Pv9NlFvRJQJXFeN70cuPYdpW5tYJlIOxrmfx8YEsav1ZNyLv//c7n5uhEVhPR1WGfq03kZyUb95gaBRbGx5cBKSRX5lOE22FV6iFdPWLFWSoJVxMUCDEaf1ZjzZ/W5c4asTNxFm3NRL4lEyRATzwSY/OJbpB/vfb9xHnFVitPGS+a1eTQppUPn1d73mIAWamlosLpbwMefVxdMRE8wfetuxHdgyyLzihBAXkFoT7NNlK5Te42uxrfJo6IQi1wx6LiJ7CkZ7Erqqh3G2FqHi0oY6CRSf0b95WvjyO1IO3XgRF4aktNFt7MV4icC9ohEtFArFPB2uv8vXge5alWE5gZAZRysrMoXy3Y8DOSjUWaJNo+TOLj7Uq4/3mcQ/W3mekzRSUeSEYYnLXwHmbPkaPecYOToGsZPjaWSUu1AucZhy+0kbt5PKH6MLfx2IIQHTV9DRUoqSgTV9CZ327u4aoc7sPJb49oF8ekJWQobavL82y2KwFWPFHu+a4Dq7tw5kjMxfeYFYZDxsCqFmDTerl8ZLoxkfuDup8mPp05Tg1rzy7HcEp9LKAoQXWl1DDcQYt1UMDYHVOzJ8y06xT4M9ECK9W3cYDql+M0OianHayNLNqBpQPvaWyWFtRxyqVWAwOjFbuTCa4EAC4u5e6KKw6dw5geVgWVtxWnO6EtNtvZ2wavdaWURlvMUPnd3wybbvSXXZ4s/PFEIyyHqXqj9ClDnESocDvy7HQIESBWHuk5tJacVVDUiv/tWTzdFuj94cPnf1riG1KxZhlOGCWdkbs0Mc6eE6Q1mJEruY2ajWNDKBvKjSXHyOaD3ieqTI6UPqEsHW7FzA2kx7vbIE3iI5QKIDvoTHdCnLs+VlZlWccj4QGn5FViqQc9i1OlKsgkiPYtqpqtEFvMjUFJH/V2z+jSTxPj0PKMNgTOt9KDBCWUh0sDaYH5cd7gKxufXIUhFXwrsTVitbFPDPkJpXXNCuNQk/DFKlictyoBY5F8s2gv+/re+fpXjiommLcqT5Lu4oCE/ySJ+2Sq2qW7AgNGffQIQarNsQStqacH+rHhsjHhK7D6oex5vGgYF/8BDNXQ9u1LSFTxLGT5iFvlKjOt+kx0Ju6SLoXDWr5rJmlMKNc2oVc2goimn8jfLFiBJNtDjgh+0ePr8TYsrAhrlGHd6UM8QAIa9HD4nYmWBS89PEhPbFQr5Prvropwedw9gRMl0/Fh9UzOXjsGx/I/x+V2i8PF94ObVRNwgf3lCk8X5g4x4htl6tl5GWq/h5GWn1Lod/Amj2J4qpWkRZ9N2qEokACvXuajJPkVl+iz0OrDg/Xuk8Bp4HRoU2R9HW1hYGJr77RHApQyLTR6Ezx0MXDWh1M0vCa73GOjjivKNmNeR0cktsDvNGMQKpBR5YropRyUjEJ9LApjx7u2FuXPaNGEOsU3jHIObZswIxfsuv2nldhR5nccucvm3JA3nAgCTj8qR5Yi2/9ZJkW/iTV6bGimu1YV3CCrr6xacqJMIBry7525gD9ourEe6BKQKc+McDv797pAEOrwbJy95yXNRQeAQlhFAYIDqvSCGwfGZy1UTafnLtWg6mvQ8XXFIAfNVENftX/LQRs/hZuhux2Xq2FGd31rbsZSvohQpUKJOGNCoS370H7opGH3Kr/kc0sx9XQ2lhLOqatajFK4ClY4vayiLYM9vq3LBDcu9+YfCFOtELhaa5ZUtk26g5JT33D0k3o1IfuNl0mZ66WS2Cbe4xXyJ9YxeAhDcerWjsRD5zZLTimzmnJk014uk+nUOQVF6WSc3klrRFSLnkCBPE3HNtZRwOLrqr626BqjhJP6q5ZwmepbG5Wfr9CFU6O7ez7S0lwkuDS4GphuyIrxwmmwjAD/yRzdDIdhDMWmWZCD5T4FBRYGyzbmFc/3h/NuocRYe9xVR4CT3ocKb10ocjrKujtttnwK1ady7jfKCAfrEA8EzFjBkoeu8AHtZhVj/ayQzM9JNgRj+kjIlssGyu4h1EROlq+N8letnPrLZCxMZTlh4nx+7hL+Ouy0+SL4kfYD3B7GtNhQw2Q0yw80ZykKldF8+/uAl8Y8lSAtVmTlrOv7Vi37mkLUj+kuxtIZ6PEnYeq5qE2W6yOLWErBpDzjBrX8ctYbLn/YWwpiomYYRGu9s/r/NHuPkQpJzUL1eLKKgxUFaqnruJtMgRg1UHdHQL8/XaJ6vpsaUuJoSzi7gdTXQJu+Xac5WcM20AhCId/cAwAoBP40wwHs1WdNpTP6HpiH9BRd6prFdKkv38u+lLl1hU6gDxMKVc+xy/JF+cpNYl1BE8ttZ4MGWsjgW1aZ8A7zk5JnFHHxtHZN9uDdRBt/ct/hThJz3zCxSPKXptvGkta6PcuXTXr7wDzZI7XZuKl0B61mgHvwDFp9sriJKn6WfUcKFqCOGcDC1knDjTmeaBcd5YLaEyKrbKIn+YzsOHba4liI5w8DWFeXlN9JXJ9a+A4v0q+6hIbqC4fUriorriLu9eXIGGRH0S2n/m5W8ub0ypznzcyty273z3lmhDjd/WMD0erRm55e864KL99Og1fqhH7mTx0X0rMyCdUFVH42jW+ayrx9zcKXuJ5vAFJchenrXcCaishQdhuNl1D61hw9q6RyasHke93gQq/MKfc79asozIpOvNr7OsF9YaUVRh8dvY90+aj8F0Iul3PjzyetXdMfHzxykyJDuqEh469AAtmIyboSTLo5VIN/sDso7r+E6ShV+BbDB13kQydrrhWjeiyeGXbPsirEOn41fphLPsZgikoTkhmIOEhqFHAk0fIHYOoCLudBo92TOX4POUANTZ2qDxCFHucAmHM+QIbLxTFvSBasq3GQYc2SFiRT/pEY84TZroDVviPGPnvR9/+niIDhwqtRP4Od5WwuleGkqtHdybd0B5qbw8kYNQ0j9njFJIcd5xVvlwcy8WZIUa2Y3mof3/dTQLJx+OJOLMf1nRfY8nesuyzcc0id+BwnfIWtsNReE31lz5BkbWax8/xS4rZPTDYUvQD+/j7ukvEinT3RjNweacrTGhMcDJUl7eldL5TTT357DGQqKwahS85sEQ33tXUVigPf1So3+5NJS4llEL8qIAqDutexUM1CerDGgln8iHaaFq4SVMXX2Q/fXzSE6it/nDHJETWjRr5UDVSxEwGYqAkuD/cnGqPyvnFaWcg1BaBtVvavKYBFffvYK1g/vphqmPWeiREe52svxMOBqzKBSS6nbXZMtKAxZ7jLWyiRqQDM1o8EnjCef/T318RQB4ZAs3rxu805ilmjqC2ImTvaO57qbE6wQ2+2BbE/gy7xeGbGc/L8z/oBOeDORAog9MOLsgeq3zXmPgAkr2hRCzDMGEp/4kbOGhWOihZJhZKUZ7bLvQofhMTHoMVN7bnueUu0RYlu/6GDsDEYeYKf9lzZovM9bbOy/ZWatqmyGdYvOtrMPMY5k59UO3tEfSBMgVBSZS0CXwQFDeSP2cJ+VyR7yTTHq01Wnxp8xlXTtMdKkG17lUkktfYODnk/aUMBFp7jKCJCzOWK1tce/SPCunF0uqorNmWlHVY9a/bNHLnUUE8v5W218Ggxh5tCDwqwEw837lsnjwYn+XTSeBmPaqVyr0IrCHiISgzy6yP0jW0fGtEXMkpBJ/lp/Q+dVo5Sz/aZQ0bKQAZ/RSPlLvtEmOVKdm+TJaUxkR5j7PxKz0asX1c2IrBy+NmQitBTK+TZwaADiC8dTbuIzpINlkpJ9kk8M+b3d2bdWEC8J5cx4g1zAUfDm3pjpTlFG6yO6XB4vvDcWwQM8AVcrv7ex9O53cq/9+gZRkmMIQEcjRydd8ECzI/4kDYyNsjmqWVHsN9y60+LXJ749npeSyA0r379rIxWnD6U07XqGeRQyuwSuXKgB/cj/TjgjWc14Fyf8eKwwks4/v47xwWZMip2JHwy6vPAKoNbz5zpmJp+HhAxnild/C/yT3TtlF+r9CP1b8qbZehwnvLf4geu3zdMxInAmfu8VaX++4aqeI17pwH11OFGWHR4pXRozztNlOeuQ06jdPpb7J7vaOpKCFnYdRPd+0u1Hd5JT9ZapjLNx9WTgV3Pys5oVZyNU8x4SvuDuuozv969m/2YFWoI6iN/jJul390Bmlta2bZpa9zPzCnCjv1Qk7qN6c8rf9Ce8zCbEemAazWhU7PKrBV1cfAa+zEBmB6ii92wKnC6Q6xlLdyZHIQ2dntHuSPhLOuuuXb11ZBzaiiL82vGaqdopa3O7FppoJ7oza4xE856TOaMBvmXmtoAt6mtgN6UC7wLVFOtM2vZYa2fC7wOoeyOxNFszNez4lONWwbrowY5G4xiz0t2pqooTvUpEz4E1bCLgGitl9/JzPBKKKNlO7esZ8jlCND7ljX5QJ8czaSsHG3LYd6vma0c2tUrcZ+3Kno48XdS1/J+pxSj55pb7yzfsimj+WUlf2xRoufch9HrxKDNqnA2Vtjsyqv+uEPM7iK9Xc7qaklrbNyj8XCCWXTnIUSTUzERm72qQsBXWRPbkyAgY6ph9BLmIk/0GlL7N26Q6xOWjvin59k4iMcCez9YviuEszMeHa4CTP1xL9PpCDcqYQLJ5wLp+uNoXG0fH0ToWxfbV1K7slV4KUGVbIGXeQ6sm8ErwnvaSX7N9vjZPlbbnNo4QAUAY3u6NNBc7SWtvPHCj16zkmCrXbxl8a6u8nktWN5Qffkm+JchHrxckQVy8+VQOTqzixTaKMLuYgtvZ58acpbs5kDzMoEG8K5TIXkwtUCpAMItNAa5cqCf3jJr3xtAB0F/XPzMUMY3V6g5gPW6stJXcMKvhXNDxBXMj8X0YXq83DmhZDQP7ncvYm0JmtYUfOtci+V+WfLgt9FncFKrXGkcxSD4klwAE+SLpNW01FuuOGnHgqM+eQSF0uKV7fRBy7s0KKQLGaZGOyedmvoxNT2xImrGbL5CPYxFesftbvGQ+icrMomCcNeqilUVO6PJ7d/t5eFktSEr14qCXgFKXyKCmdLq+4pLbje2cRv4aW+MciQ34hPAIrH3mBOPrkKrVv8Bd3G+5b7P2yWgD4kFDFvtAp2nlYTKQNdCgaU8iViafImw5IYp8ztz0gQLEl7t4lBpbJEy1+J/cFpabHjSQST5EnWoIVtHr6UQC+rTM7LdxfWcfSC5iezloxgbcsWUPJIUT7Peeh5eJ1g4ih/ZWgjfY3e6B0AGK3M3L4hiwoPuMA4IOx/YhSbF9dtAFONDMpH3Hs2CKJjy57o/iONdPaRlOiRc9UiRlgyi/oI3bNOqher8OhNWTcs5rkkfwEbOeeDh/JRN1/JB32DW5peuqDXPoBOzFbVv5pYpZjBvU49chdvgFsBzhkVTFTmLCP7FGYLcOIf/6j5k1Mr45DjNo04IPMh9whBd3QTxBh5/qRQl791/7Mi4KLam3rywPSvFFSr/KdAAewAbIwbtavHrMsgzyXwV7HHXymBHxW31QC4n82qmBaLarf3mLC/ewpWMyjMkhMqwSLey8ZknGygIgCJt3V8C127U7SX1ZzCFd/jMutfpNYLtGo91s6Rpt5fZwgL2Pbqwu5pp+zwutGt19GSAQ+kf5wx+7u/dqOc1pkIcMUwy7XNCGnHCSqH1MwDIyzMHli5foWBnu32q+RgwCNw1dnFADsc+5dOAAPOAsb3LnDAKLBxtw+yO+nBm04/2Hp0ESmktwm4mMNNHMTf31/Qy99LjfViWNMT/jmlvTpdudV74LzgMdw17cqfdzA3YmQF/VQUHLHiuzHrdtgwKc0T1kT38Q1C9OvgVXAUY13GONTrPAjihHC1gp0lUAoUSrpFHOJa9Lqf0hVF6xml84WfPyQ2cVmYyb96q8Ris8CCJVt8uPRdekluPcKEuD25IxeRtaJ7f30ziif16vcXO2pvhoQlmpbqhEfqgjMzgKg2zCJ0PY1g8SPDaSOxOlJ3MlBVT/i6a/cLzgDfPgYZlYJAKb5pIzurjiihyC3j+odhArYLtXgrhl49pXoJrXFQD7Yc3uXlWpL20SqJs8ckjcFzfGszSyN7v4p+2H6s9Ygz8adNi/NmzbqLSX0G5mGgBo2uDMlYZHTEA2zTCrm5hINkloHRF6aVUDdNmIUQzXIZIQEIa6laYN5dZe3HZ/l1B3d7rjPlUPVFRGvZNgqlIctvGw0mZVRCd9/jfj08m7pIkheVKcYvrBvpTvSNCfO5NRVb3pBH4ltDGG4JuEz9s3Vo5nq8Gt4Nizbw44Eqsm4JKLKMhAeMpsJ9wkHkMCbZuEgujxyq3DGtSUy64iO3ZqOAtYMhx5hRXQnUmCvWL/+QFM8LUe/fK9vTYAlrnny2uemD51ViOkCjE1xc4toTp7kKLojuzUrH9s6IWBgt+oR8ic4+0hXlI042Rw28swcf63DuMnr7/8tC3iWkakCTPAQ8CLmKB39+AxqVylrqWURfXR+mu87XrWjseQnwTJTaEylv4lLqF80FqWM3+QvPsW5+w7B4blp6AK8Zs0ayu5c4HUt6afT0CfXjlT6T9RLR3EaPv5vMOIdFttDydMJ/NZVA5ZONTD/d60ri2hZ2mC+Su/3RgW8ucbPHtaAZEfRrxJCCduBvo94XMAlkOosmojFpdu22sevFuUP4jBPDCDS81Cbs8DETkJIj2jLj8cB508bmEPhXrsMRJ3Yb8t/iS/5qJSLOvAdfhH2jIEwVnEr3b2160cXD3LxSCj1Qwr+mJg5cYQ53XOrLbKnyctO8RYqiIMthD8JIOgv3NYeNkY+8YD9OmKNVhakQAphzpgff7fhausCy5mrfkB3YQCeUSBCR3r5qqKaIpLtX025zGaESRqyzVGmZCldOxxhztoMw3AnGsY0XqyZJoUHDUHhnbejaFJ8SGcjQsCZtu535/XgCOyg0tS7IG0/s6dKa6cVT6gG76zkjchRDT3IzZtcr6c+67sKW5faD6V0inutb+VAwEOvBmv5ZGgJ5dBa/vds7MDTnwTx0eHL8HMX4qSrG8RyvkH53ItDE53Om4Fc1jbJ8ReWFhAQBptOYzCXKOoNSmZMUWKuiuOLGLoYNKRp+zLeGtW3qyFe4sGb9dMu16bcyI1GC3W24+n/Q7MES5DdyLgRel8Oduhxf/2p/yTxCanKXGaZF2M8Bscw+VPC8k+m8Wul/byU7LgNXEuSYz5bc+saNekGxdDQ7rceydrK+vJCpAM/m6DfrWyrtwx0GtFZLMxJ+YFiW0AWEK3a3qhtI9ns5benKTefYi4IL1VFf1PZlC+34mGAOBZe3qZA00+ph8jo9GxZp3RfLv9MvYVqDSS1ZrepxSecO9a/RBmPQnTs1Kqvg24cHb2gmqYVtf8Gjybx937NLCgW1g69tS/eBErXYpVZ+BsGVMl8IkdhFCAtcGNnMu0kxRW+6ElIb52JZYCrH34dn7jBxAVrt/nXVyT1CAnauhtc9GzhueYt0Hll75e+WSFHo9sEGLVooajZVR1Jo2KUmaOK4YOK5G1pKRdxKJ1fFw3e1rBew8V4Vjd3mEp3EPVRJg6+LQ7LfWqxYHBlU+vRqIzA+rMFymWdixfrh1Bn06KeLemcMCqb8U/U0FjdFxTggp0+/HiraigyIN/9nSbP2zN9BoHKMlVjnCeMegK3ucOggLL3MjjP/zWMbJ60LrRMRfv45RKwi+UwO//Dd2jqjVPaMMUUDXMXdkrFnqkx1rIDmbt1VA2uPllRt7T1sVq+e2Xma5HQjL0KCa2RKIQFoxnNvpAX0zViL89veWkyy7YwN0fbPoU0vjgZ68NmvHCUuP28YrRoNUYfe0O7ysJTZWUFikYJKc/ixAJw3kM+YhTLnXV5Z6knBvujFCVGHzoQfHZ39DUaopYCKny82/VgUAP6Qdsu6+cJ84bEMvBm1N7ntHeWIsJunnohk6HopUi7r7tlWTBU/EziLHQu/8ijXqw4Nyp7SIvR1JV+SKEsyVf3uOqpfVaXdYJsSyJT9q1a7OoyQMQQjnpy6C06uBwYsjhO9k1FOcvvkjyYuI78DvLAqE3LRn45EwWxb7WLW5NIrQHxX3SDLkd4pMUd4LCfkATzCRIbB3ka91SyqE2sAwWm2HLPDTKmy1C/rMjOt6PxO5tejDd9q2n2IwzTppl5JrH0al9hG2H7IPQRD2HSt8tVfrT4nqjeh9XwIZ+vn/ZobtyKQWHZEpOMy1noXQ1Oz+KiK7Wl2RFxmZvGvUcmaG04EHbTxvJ8KYkpJQNwvDhNuf/TZeLfEEQC8k/mVHbC3AeVubaQHEf0zoFLIv4NFdXmQeUJCe2IDjaA+QoLs4KOLOFNXhFoV329Qp82KyWxP0kQuVeqmmcamK6KLYLzxsrwJP2Eaugs09M7LSxINmE1iZjSVGTt6PcPuM7FsozrgiEDQGA58R+rtkdz9Ll8r0+deC1YN1PkDFgWPguE7hAxfPvjvWQLOHtQUMj/J4fV2XEvsmDnylCdSbv8yK88a4HHtNL4H5C0E0hQNdQAXRb5ZSBMH+FQoECqHX0wPk1/IWDnzogYnvlSRMJNdJp666Vxwt/a2cjdO0dq+CH30SMcKgXyG81KkOIORbuJRSTAwWqlNQ1v5AI3sunXU6u3vSk6p+HUuClnQ5IJ1fEdG99aYjt0LCNI6oSLBXlkmP4CGMfTUNlbdUyOOEKZu+gfqEWeHCERhKfh5yOpxKyJO4a5cgEfiW1B3EvCDNZ/6BVYNn8yLX5kH1mxiFsUJdg++W+TCaSi34Xl2NzByskIacXo+DdYpctxAH+wz2Ke1UjmSJ5H8zxEyC4MZ7sfjsJ9NTZfj9bCDqxEuDHt4hFGbsI9LRKnz5qCwX5bg02sew1LzkC7yfvgRajT5ivCV/hATNhNLR/mtLg26hO/g2XZfHoAnu8jBx9VaXZGQlgcGAKRsDnWFUIFTNXV8BFO+NGk5RCXuXmGiAhFT5O/yOLRJVkqZHw5E2Kk9/bHEayluL0kqn/xfVhU4TywX8QsAtmw77SfYEKovsYgIMp4YS4q48WvWLssHBgOEtXv43hMXGhTwdiTwnxF57DVTaz683/TDnMFX1DRTQ4Qc55g6wFdchbLwlYRr1BV+CfG23wPsNazg1VqI+xPdLiCQ3HW06azasHxbpPYeiDPhBZ82Gf/X0KVLd9ZZGz95TUovUcJ3uis3jCbZZ3Pp7rn3CPynYWU3EK8FolyXLhzGLOW4veZ6HHaqLvfi/F9mcIzUMtnJXcoxEvYoHfGxPk0Mm/1Uuq9H1Yx0Uo8oFTXIEIvpiB4A/oaUDLCCWXZSt63KExKLhhvhU4Y4lNlQ/31tIcIExVerIkSyttn4+l18nyfYGzd2NIXz5FTVJFAiSZ6zW/GodyJwT5z5evxIpYTZXluUaG/7Ykt6R0Xl8SzgnqHLbwxmOsLB3bAOipsahMmXVIzXp9H2XTmgj4HVMb6bZZl/aNBlEkGMNVDz4XoSV7Yzh6nY6Ah3evBI5TqmRJUom3wLB7BCirHQhgIfThLFep3nlR9Pwbl40HzDRR510LQhqqq26f8593IfGI+8xG8Vzqx5jwE8mwpoI2TprQWyAncxC7DQNRV2maQdKxU+1EO5UtNcEd/P2ulR7Vfk84GqzjO7ZcM/KQnFDtiZLPmk1K3MRgLPyTvTq5JS7nP5M5/03wjphMQXm2gLwCVD3h0BYTeCM3GDtW2TROnpBJXvLSIPKaMwbHNoYYnmVjLdvJCZqfVTocBQwy67gDXcD4bXbvFTKh0Eeh8wqGC++XkfbuSlz9qqgoKMlknHsmNwrAcfErLe1J5rizl3bY4KbruLKCLcjqO6bk5jm/eiBToriulviwtDVcbP6xzEzP2OhzU3uCxqUFegyx1KXqmdqdaJZ4V0l4QWMZLZjBkPgb51xulOKH3R8Nu67pMQDShStyAgNMr2x2NaN07H5eImpZFQznVUkce2RdFlH0bVs10kANkKSdt7n/L4ide+ULVjDXLcmHHOy7glYixJB497uhuenNMHcf9nljvu9tlrAd11TykN4KNSrZvF6YmszdtNwhY32yA1uDdmD377Jtomk/FWYZHbJP6N/MqoENTN8fzhHEn+zqZ8mEj3HTvEhwJfAw/MvXdZEevMQOCm2kK/i+Gip718BfKGqdGKLD9zOiySea5UowsCaOzFfYJCDpZeUPmZJ8ae6X7Xylw1TJPSbHxCPwc2gDqDXnj/yM+mona7phTAdEnXVW9uuSpmFTvANejc3jH7zx9yVGOmiTEtdQQ1XMg8x2QGefb7gJyiCUnVdXz6gE+iFWB4mOOq6R9ZPTn/w8yOeiIr5JQS1KENo4b3ywCTr9d7kNDheemYntyqvWErtY+4JUMR//TVD3K4OHYIoMcnFDko6CZQMUtL8qRZsiAPXWdbwTyxEg7+0+tgf+Ki/Mb/R2yVIz1eRWgKYWGxl8GQZZkuWdr6WT5St9hbJ0jisKwt1ySPucRxQ5JHb1nFeen1vtMTEbV/oIYDLmspKP9wiv8xr6Wyx0MJZ9gXKh8vR/Zx6JeHVZwZf95yTNkVpXSeF7nu6m7uhnQLTq+Au9Bi7lyw8wLOeHo/rKUKH2DakFLZfyEfEPZz0j5bRbNsRYaDzhH9wNGGPqL8nY/YnZNEBqZ5IK8aYTe8unNCiK1bVll4lR0IyWbKisklqnD0iGVt+sfNJrb3OGQPHufw0YZqjPEpjKxCuyETEmTbYzLA1fi7CeIl0/XeDkjyBX9J0ePkR23G6IRaAvQHBw80S6SgbqSB4lZlF6wZFR6QDYXxX8IFxEoHy5Ad1WsdgjILX2efnbjmKFCSFCk5/0EBk6k6j8C6quLSLX22cKXmaudnnIgLY9O4emf03DFls1pf31qFIsFeKK65pVpaDX4XFR04UsxoRynYZggZ4SuXy/XS9GlWw7OtkGR0d+mpz59q4WDk/uXGTfsL4D6gtx30DiXtFhHwJKqYUFQtp+x+G99rOAQ7m+nrLMjTQPV5716vWYQITcCrGbXNMxSmgRJQn2XXXDQ4obsBrVntqU0vl+96M4ghKLFe3n+5GnRvytoiTxEZTCznuc3R9Uqps23fsfmbKqsKJrBjMJ/0zjeBbuOFB3rNre10W7Oe6uPd996bMztzwIkzxIH4kCkK2wetd8EKcPzSTybCWrhSrs7bQWpYTZOvLfkix7RaANH/iuggzAU32Uc8MiT/7iCXT3eMa5qYWEFS+/7bxzyorVUw4sDLjhxmIe+qCLFI2PRcMqRoa8AuOKtoVFM5bnLTar0AtAkKBjqSQ29wI+XzyiSCFW9AKPt0Of6QKtpSewwUgqpvKjwmRL5GefTUxWhpXUCBA68rVA8c9nmI6/qApNyLeftftjlYTqGOWTe1LHxLQ66z/jq64rUJofStAn1vxHpxNXcVEg5oo+UcIlCqe7XxC8o7Blps5h82ykSIF0fw9x2VmCI1jlf0IQmRexxpFNX6lftx1kwbXCFoqcBdKPJUd1JGpZ8eCrVkHm58CaakNuv02anJ6KkIvGXfU++5V8bLjZcIMZhQJXeWAf1CQwy8LZw11VxmTJkYQNEs4340UPj67ERwmcO0ZTqLh/UCR0MwvtJkQS58/u91j0BX/DYLXyTB3AJMhSd15e2OnDKL8x7rpUrRfnHbIqZ4sF/9FOguhhtw1+S2sUe/D5E2UWJqFQp0nEzSajb84xIPt+FzkJnfgakv8hDTBA4vlxMkPzt2P+MB7YzDTFs/P3gcJR88AJiMygJElIesX/GWYkPam1GxLvoYaV5CHSXgArSNGM/7Lz4xf3uyr4p2Wu8fEHm57NfS4WAL2kYTGyUdVGk/Aa0W8WuqUJ7R9PkwY7KiibngXOzulgFIIw+0/2sHGE4fjkNKMO7Uu6vfM2uwVv9iZr2UH4SevCc/o3h2hPTAjuJ4xouT30TvjkViUz9L7YQn309Odyz9qcmz+Ng2O1PW7onyzMBmuLYw3+x+GH8dT5bwxaNWAMTo3bFg13gxbyC3DSOyYoApV64FLAVWllmYQomJKQVHmkMW4VRDa2A8ssj0vMh18TICQBYr3F6Dso+dm0ra2wdSI7Tzdsw48WKKVWc2X/isC8v6JTGDbUXzNVrOT3QWE3KDGrhxSHO5F/a6+cVvcywXtUx/amZbfRQmt0dbgZYVeqDhr0i3cuW/r3LS38GfvCUDJp3ApO0UbZwhQc4Xwnb4rzfXkyBdvdi0r4Gkf6Yx/UxxYobJmkFi0riAkTKnKg+WfqhZNuFbDqhn/vwpwDJW21iDDeM2YI/tuV9nLcbknEfWK9xNSw0T66x2EcV5OXuH2BU/LAyWUgtPskBMRdJwcaT/vgbfMdyPBMMpl+CIM4aW1MLqJNbdJX4HTO+iqaHmLXqPdPKg54ou6+rAIO0KaGpx8OhJyWAqtYAqDquSUPknPPRL8HxCLNAgDF5XCcHIAwIs3r9Zh0TcIHQFlVnTKIKBUAMLeCJe7eyIrRhMwWk4OYCWzQBnkbwjsvlH0nQbEeDaOm+8ftCETHcaJ/uee9DP4T5Qy0Glog3cjS94yyQhZoS0u+BaxOsJZq0PeLtPLtESm6ujOJPYgJ1/jdlKJwZvDlvg1qk19PT9BJkeYib4IZRc0icOCnwzytzrd7kuKbtnJcUoUqtIgGdYkCHHQW0MP/fCvVmXjKJZCek3l4VAINLJxzMaHfb+rFBNt/+4yS1xBD+z6RhhtKra36raNCicpSjp2sgqRrCCgZnYAZrXZ7UN5xFGRGdyzXQbcl8XYDEmLe9eC37HOFICHP9SIO1R5KBFi3/WfaVidWEXWh+efFvcIj0AZay66eVssrZilYU0ErFtVdaYoTHY+AMXlBi0tJr6yL+FvIZDyOiCGvm6kUAnuJvL0b3SsqU5JqWDeHMo6ZoJt/RZwr6tAHQLYr3cPG6fD7G7LnQltpfhyfpYBA7zHr76qLOjMigSnMniarutAhM2LvAHqO8pFb1eP3+i3FQIJtWLhmdphDhjKh0Ciia9OG6GakSKIllz7qUxt7au2KjpXkIlYz8NbsCuv/q8lZAbjpyDzAbt47hlkyBmnonwQQwiMuScE2m5x9GOSB+oBGdXGbmGAeT+48/awI+Tp43TXLcwJlVj5gHuGGqPEPF9MoKcRqLjCcaVtnQOTcvXjdN4Nl+QLisGE9YOsJk/lFKIUZfj7S5nDPQkJatUwdOPskyTpnMmHSJcN5iNjwKdbdVrwa2CsbjVr/7vcbYe2v2GQZDGUPxjG/zFxO8Sv46rUJ3xC53SE7cH07SZ7EpsGNowFToygFh6W+eu4B5teLsid9nqE1G5BSdT83F9baTezPgHA5HcX23JcAUSMj6Y5KJ5iGMfEEMmu8M60kG5fMlwA4ktMYrScrW8kV9vaJM2owXxNNudQYPpZ8UDBJNfs3CAqBQseFiQUg9TjCLa9oT8CVUO/hngEF77mCVm9vIWo/Rjzf1EkuM7inc6cRAeHvur6MSedB7HJO/qhVyCwqeaEcjTgAIqTJS4wLRGAT6YJfXW2htGW9/Hbiy7g7YA6h1ifoekfnC/riNxTr7XAnOBS2Bs0FfOYkJMTF4JecLp2h7tt2oAmqZVL+XJMdma/9NVgmmwKAAavith8uKlS72Jj6Qqz2sOK/T93rmZ6lmA9zO7wJYE7yBjUchBTxGb3c71QdDruwLSDkQ3a1LeVTfNfHnJ9WkHOIZCBIFq+MXHD8KSIZ4EL5TRaMw7p8cd4SMNr0bkvvmOEgDX3fIhGvWXgm13C8epbUoZtZy60r9u1dfp4a/SuFD7cMcpffp3GeTBFDCUp15CWM5bOWIF4NRThxhnXYgb0vyBor6Q6kkx9G8EeTjEvFxpvxfmzZRZMSSbtO4tz3aUlQk0C6teXPmmsk/FQYwYXXgwHlOSCzlb352VRQyWHB5TUl3ENCRdy1Q4PlEqC6h2T4tUmWdmzuBFK6yhvlvp+sM+4y5WnNYvUvN5j4B/w9bMCYHpJR3CWxwDFyNb9og4SQVL9pOqevmnuTkuBzWXpSKcVTpZs8kIBbXVazBlqSA9oRHKM50SW4ocxEg06dGzuIOjHjmC19w8K1puepL7cNdzy4FXMl5yWOXb0WmuxAd1Bs+SNPfoeurzO5zPFJxzjIa+AsgGzL9BsEFvwjGK/P0gu91FzfMveBlvYZFP2sBz8B3rGIZGSH6QKVED+NZaNIAUoR3un2i8Dlc8nXjdRrrj7jcCeBAOSsUq24Jrp8P48Gz8ygYM3/z3wdTJdq/tKNvBBcRluh6VLoHOD1GdrCrSeiTUeOv7/69NLkagj1uODB6qEjnUcDhR8nF5bA+nB3+Fx5ON+QJh5PcoVGb8JccfC5mGooaocxWwY1y2OIqjk5ODJdxRtitSlIJJrtNtv1AMwp12GPhouplrc+YsS+wQpwMS31J6DIF6ZHzaieqOMWq2QyoSOgyxksVAPXQLwCeCqMJ/2w98ISW8CCO2G3VMYyVfDNQZcFM0/daFnNsxyswgIArEmW8PLNzX/Y4dflLDRH0hopA0Y3+On4SOZEMAFrt7Lc1NhocgpAaAhneNUgCW8nZ2yKxhfGFaRW1jUTaZqkqGlt5FBXfDwusqSVK7TYi81y76MgDMUwBxPI7vAbEX1F8MW+J5AEu6Uq3vssqeoG/zKw9KlQabrRgfxLo+qLi2luWU2a5256WJYPMoH9NfLlZWyPyHJXBfKC/vzKQf9BalFBZErUoKNArmzDh024xXCjmrlRUcOdqyZYcZ3u3C42w0sC1MgsFTxcYclGBVVHicG4rGdI82bALNpnG7QSPtEK4XBUDXPo4rP9KOxtVztZUQq22Bsd8qmdf4U73apRUEWQso/Nm8/7oB5vaV8kXkB1masEY2LeRbz+liDMNUuzgPJsDIxvwamo2HhjgRWgkOSHLwfuylD4nsCulOl9eBPDKAcxoebxq8jqrwyRdYwVkJkQ77TbInhliKjM/Y/hE5U1rShkG0rkB4k2YeS/BUqm82Rh4QzFd7DBiSaITVeO3QVnVi43eewECfmZxyMRW8T/jCbbtanWKEzBs9vktN8jYGUz/NwOqN/na+ckklR2u4GrD4itsUI8/Eit9W423I9SxUsWRS8CXH0vhBTZ2exbMiNconR63e18vlBtfQkSFrkbmTt70E1G/iuMT4q6oiGJnEqQZKjvgh8r9ZErxAnYBbcG8KaOl0d8drcoHXQ8fnnhUd3oSXcnsILidFBT7C/4ffh93CcT6k2O1tLwsnk1boU5BZccdLMqR8N6z0mUwGTTrrNQ8Z7wuHJpecoLgY6UpN4oB/LUDqW5aLGe9Dwme3U7HPVgQljdM+t84zEn0Vv64hsGlxEJFi6REejg3HShYhogXqAEt9u111rveTnDGBgleHbQwOcEmXE6KGmiLKsDUTMdaCICAEM0VKTSokZm+dec1HigJuMj66nkHMU0P6pbBXE4RAOU7BYFUi7QTlBIiwUsPjeDkFKMSsEWSc+vquMv+3NCky02erzTL+6RYK06yR8v4UQL95vX/LiYdb7WMapaGr0g15tmLdt6UxsNJxxKvljkHhuJaa3WBlmtDliEoCg5FTjpd/5HovjlziafpyBVVrcHjFNnRorm0uzZ/hcVxR+MHMFn230LJd7mddSH2xmUtbNzzC5AxWXdXlcgAJancFf+8351RlJs+3s1Mi8Ry6dNKNq7V2lDned1CLgYxjdcCMzPZoPIVxF8iLeiur0s90rMPCa8i6bUnz6BeBlv0qKEZKwVT5ZQH4qcpq612t1OGlnpOpoO4bv5LgRYuj69q/Pu+gNcKuFOG3Ul8eAMPQRsbNwEiIvz038f+gXcDBTLzVjc52wRcUxROPcHqg37GgFjKJzpP34cyb5SWDkxvlyB1kYXqvh0XtNMPu3376/cHdWDZNnaYDisPjJC14YYYKPJCo/XB8yF0YMM26guKuw0hhEu2+YwGaQ5URpHFAFpD+J5ip3dj20NvKc7X3KXnqX2qeJ6d66cltlWRzX9HXZUH1FC0bLIQoEdGU4gACBUT6gzojrHayVWicSr9VMg4Pq7hpKvnqgbhbj1+WpAQMMpqd31LsC4Tfmejr/d80kPYkwuro/NbqrPuaclVlqtrK+XYa4zrVnvgYkpBwaPHMirtwzvmfThldCZcJ6gQgudRrDFi4bd61qn+PPClW4lrHkJ/cVW0+DNoVFpRpJEmF9RP3qZEX18ti4cm014LtGKlj/bfg6NpnPk1fq1SYhn8dsZR0vfvW959rYJbzKruNqmFpz/r9Ck1yoECEdkh+v03t6s73vhhViZ9h0wlt0JvuDXQYNvYr3+YTUiWdwN+EQItDyvUGRbtj8Qi8u2XEaxgCpveEzlRN7XcbETX419YLL4kNo5dldc05/0WelkJ4r9cTmFyLki8ziO/2L+KX1YP9tk5fdTvhddffWAM3ntGx9W9Plj1wO3RcaMhQ5BCKyvLZCmcQWKnhWCCYos3vLvXHcU/dNkCkxU2qKk+ZBRLoX4zPpH6JWbA6FQk6PXwjePP1pDVeCH8ToueoJnmCfErQnsS0aDpfXfQ+3nJNuBte74QuWkIGtgScCtyt1VkJ3RXrM5R+LiTMPY4pi2AZDr1IBWykydSOdSDlx37OHrS8dmQhleUG51WLHv5p68xEZFc9563jV5o4GSkgC2naPGNcun+rue2OUzCEgLYVbJVThcTEDh8RElYGHk2Ui0W+v1OTLTNzLUTwmowNNw6tsW61/wIYt0yu3GaSuEg7+uGJ8xF8fVxP7lMvsMc8vDDXUob+JrBcgxzD+mSS3eR/DYQoosDPiE1MbZ8PoZ0XzqlGFmwiLQOTkC4UTZTs8LpMA+MdS8p2VbAO3Tpe1XUPtNlaoo7zmar8Adp3r+NrXVPDbzzX4W7zIh95QboSPz//0ra6fw0kuJBCOdzkGiipEsbas4dthujn6achm74N/5+BQBvzfa1uMBMiDylseDTr1IZOiMGPwFhhzVxrtyXsTMZ+r3PvreWaBGsIleWVNp56SlSewhbhwWwXLfV6HUZjs6g45QQ6b95v1tHMO2nqQREdd+k1h+/O0LsntTmS75Qf897dz8mOEwQ4Zn+OZlzS9gJW7UmjTbscGOIzLFgXzZk7IRgD26LjEiakiaOjrg0T+qsk146wfD0qE8lTz9CQwrOBdMfCpW20A2Rs46mZk0++Bmj112pwvP79KWqnisGANO8f0K4PNzQU6WEkdn829uxIbgXIjLBei0G0UYlsrQ+OHXtm7A2ZcTAkAFHHJLAJfvcRL3TtQK17KFfXt37bE1fRAJkmv35LbHT0yCG4WEMaABSYCqVsxkRMnGADl32U0D5/4GsWwvjambgxVKR4ryHz8X9MM9nBL6Pq0TmPrZ/SJSESicfkqqxe4zse3DjAVKDIa6wnp++wIUqbWXQzO2Vb22yjVdmx5O2yuW1c7p9rVQ1agcJjOG097QDMs6N3qdoETK19HjXIr/s+1Jc37ipvmpzRq1J525seQE4xIj3EPd//ltSDuuUISl7jiZCj7B3KATNDr2OHB2VEbM1d9QZeMmZz5kxFoAwHF0FSaY1M6OKzJMNxdYB3WK2FP+bpQZyAsIK5DG70mZBKvukv+iGXOA8gn5PwnR3AvNAQOBXzKdmAlcipwbEO9l0RLFXfLAAtW+xzzZHFKnreGSWWPlt6Pm4oVL0cXcVWZZPo7+mvs4sbQCEFYEl1tF7K9T+ZlbWKPXl+iFMLGETPLv4s88Zfrxt/cj4vDLYHVw2HD2LjWaJ1vNpYsjI5eMzKi9PWKr4BXA7hEmMcVoha4gAwSiua5j+yqyfC2JDLUbveSHdGGHHiTA8f6ldH6fuppqEKimoJHQo0HJvF/P/+m4JicIX7ZNq6bKebhhcEFkwyGZd6gpmxyak0JYPysJQZ/HWCacxIMlSMJutQljZp9rSsZ2no74MmZKrJgXYi6Evm4Jwgedzs1RoJCawAzOMDW8VimLzn4do7ZZaYDDXYNQwCVR7fntwJ0EgZ4GxTyZK1sDzspZ34eQWSniGBtBLqk6W9IicSgTnvoAVW2EyCjrQVMOJBAPvNU3TswD7obVzSdp+jRVyqahQrYRqnfgkp7YWgKP2phGIVNCM6Y0B8qTe0SaEGHKS2jEBl53x/9fFFPcl03ARrM7VjIBMFUSxtXcOizc/0rBtWXni6WL+BbgZfCrQ6y1sVgLyVluoIinGktXzGum3mBpXDMJGJjSL5ouE+Q78hvMGgTo/dwilUDsbSKX/G9Mkq7WnxuLazjew3p+0azrgHcmebcsaVG3jLOPM4tsrIPB2lL18W/RFDmgmRg8Unr5eiVAdh8GPERptmywafdM3mF9RtzY8ZrdjyuM9vThHlzBX5PtRHw3osY52b9SJZolx5nJ78Aq6XE94Gyh9G9U4wxeWQ4qhE76KnEFhU+/bsmIXWgt3egDXZq+Sz3LsLQEx7R0v7HXhRprD0AbqIhPcGMpmx2XZzLcvTd1KT/S9LyIvO33prEhFLjpBuAJz07BD06sEAopK96XiB69aym0Hm0vH92fC+mikcDhy1n2ITVo4iJ+ZCnoHNhU1M71oOCdTK0+YlAah3kj6x4vmOY+Zmng2joYPd7MaPYvmbVDJ0W4B83oD653dBSS7RVpmKfnWEzYgrjHDgCwfh2O+W8v+rK8oL7l7DN+4NKEc2iOmiW6JLvZPzlWuPTcEtBzmL9RK2e31t4DwvbrMfV6UOwPNKCp/qo8+ROc5mpXIj9Lnn4hSbG+dCAmPXc5XVSsbWpuud6z6ZwhgXbe1AQzyZcH3A67/kiangWyMtYwy1xetS6JM9W11IWRScqgk+fzb+272TjIeka1Cy+1UM2bS4Nbe0RJlEO3r/e6PrJp1wJZ0sZORdW9aaNrLua+SQpu7nZ2Ij9gbQwMDh7yLdcfglLsvjFEByDQ4sBbDxR6CtHBarZmoj3cLXlGlQmxNx6Jqgu2/aXHQxVIFe/+V1TsVMWgCjXDF0W3hLuvDzfHNPWJEYxsc6tzEYKW1bRoIIUbdjZCsPS8YR+ffUZCzUPcE0+hXGxpcPYxiDtLWY4V2TOq0czgXI7R8YQWNiU8NYdpdZ/K3usqQaFNjtYmNKnxoUU5I1WzkENLnzKBP6yviSsPL/YVSZCoUtk4hyNBlql2x0cGEKzg1vqnvU91j2MPhX31r522Op4wEPT+GTWgTO6wANbAFLuGy3tOoj4vqsD3oui8t85Gwii407IcqE1bXm44Gqawcqqp9vNHtHXW/TUgGciz4WYt2C8avBtEOPq8r2+clIkrsxEZMrUtvYypmlKwkrtqOF4hjdku3Dgdk9zDomQ95I7yG2mjc5DuZSqMj3siJaGyewVlSX7M2oiLXi9jbhh974BRFfGcyx50JJHs+NED5bRou388+gBcUGwGJ8wP3qAQX/0kRE4E5M06zPKSxkxoEueKAmPIJxMPvFprn7uUW+L32zYjgly1r9zdNOaUOpa8NV6hTD0w6ViBpGr16deXvsEQODCerr0JC8jRI57ADsOosPxoniSpMqLWokag1873cEJDX+JZZe/rpjudXyutXW+Fd1OoMDUAtKPAsM1o9X1+eiPZjiz2N87vSnFY37/NZ/pTPyy0U/Z4dRDqetzVwMqWRMEpH5PV0sGq9x9+KjsCrG9Nl2C6UVj+gg8LfFdtrdeouNGbvmcQpxvGs1r974LqEgBwOE2hi5egf4r4ztRafvaLKEZJq+A+abo1AEMQidb5Hoduda0RcmAmWSUrk4Y2O/BH7p43xpytFrOIX2BqOf9W4ZE5zPHI3O18XJBvnkcJYeIWDs9vQA6zSV5iwXrpe0F0riJZ7cReSUle53QNmOsDpGDOQSXQSMv1ril/AqUWUHm9nURCehefWJeyIpG+4rVsh4v/i1tLRRBRwQy0GYFrtJ82HPZhPXbAy++o3hySU9QY/Dd5T6tnqS6/CRCrhDXzw2qspHVAkJAAPcWX3C+k7NGznY9sW2WDjjGGApfUJ04KlJyofWO1pUe2EQIbccdGaupVKSlWxk0ntXdNPKJZuAxy+Ea/4weeh5rfpOsUN4/Od/n5xv16va5ycTNjeJdWeC0gw1LD8bs6QMftDixMJki3D/VFBNfrmWZw/LhLKiPM+6Du+yIW4rLz37bhvJu/9se6opEVcWWu5sKG97S981YmngPgAJcDy8Fk3W8zn+kdp0P4NwxZpHWxzlY+vw58XlQdlpTyE6EIqVmSZJVZyDQGbGQo4GtVAOt9gr9tUAK4dPQchkkddDKgHUIDttqWalC70ihMBuoAX8xopMWZD1UpWMhOgxaRO3ugDpKIzgO6Q0B3r5il/VdssOCT7aai/ALOd7zZvbFjT9O8YJwcknGBNKlFUWvb5e4O+aK18obpmVTYpVX41o23QleEQdCJghNOB9wt+KwnjyTfYJPQsfa6Y0Bar3RLu8UEoTo2CDY3SVI7ummG8Ro6jxPdIdsD0RUmxi8albk8249DmUXhxj7uFZbzn5jSU0961mx89NR8GZMjpjjShsZKyob71hiUfVCaP954O9rGWjQm/46Zz/xxjTtmR3gmytSnvFJ9P7uFHstVGE7EoqD8LVoS3lyHa5CdavzUt1jzN5vtjGFoWk9BK5rHEZf3QgjilPCBeBLDz/wDxU0Sn0/m9ltW/lyk9QyhmP9Qv6OY0CDPpK5O26B07nXN7fWCZ0Uz9Jl6JON5OutBQRsi5gGbjm9JI3ELdIXYDwjmmxNLC72UJlU1jy3SJqBQzTYA6birZL3YH+CBeH6rOMnef0JUMmSiA3MQnlcdq3ufSuMvr1grJz5plp79K6KUdpc11w80d6q4sTmQDj/hgi+GCqM6TgUs4FiXvkqQVQBmn/FIX3sOtgE/kz4cnd/k0k3C6OJ9rOkxnD/82AoApovVkz/OzqPTVEXKFmOFcqfGlx+QAVDyw84o6+qpVxsofRZKAMdNW4ufY8JFx9GZ1BNsT9KrphdxVUSHEjXfe/OUFGUEU9vOtFrO5A2Q47DwLn6A0slmGSrW7DE5fZIaFwarUAENs0qDmT/qOwHU7fqsDxvZwq71izRGqdxT7MsQxrPSHXXfYERbEjlUvELaU8LUuK1NjEnErVqlyWPkUYILwXu/g753RFwYvTU9SEnI+2/iRb0cDuzelk+sHVxX6abTAa+cPAAkdAz4neXKagqK15Knh24mvoYN0dHLnZa2lJR6FCBzc2Odb9WmDJoqbWwajfUov0bJIHIulFRbxDlwYsWJgTitU/paovCoJLvJwl9kIBlJJt6chTtVirP2Bg0pZxuzK4Kamg/yrmEC2fxIK1JI2ECJdNlDA3AEHvOL7Fh8YwvxJJt4azzWGc+PkUq7XgSrl7TnlqcdXOlxpCkbd9lLqtOxn1o1Y+oBek3B0KzNpwY5mmvSGW8Ez2GFwYMpjX8ayB9rCIQ7Pyh+e8kLPiq6xPl9SU7+jyvr2WTVtXrHCSpVhEtl5TzsKZcWkh534sT9IOgNgcMMdgfCsdlEfc9yAiCJlvXd4hyDjXKO7EyRdIkYi/Tj9571tzCWFfte4uqx/EFrAsgW+b2tVjyYQW45xn7TF12dq/mglkog/bDfSt9WXFa+sSSCsej5dkz74tpmC/drT18qN7HhZfEoMTjRgSyI8upvMYsUguDFB6Z2zw3XiLF6j7gyxf2EpV3bfLo8QsS831fo+RenXdDiaPkLhwlc2TelbO8zJAaI/kdUN9k1Ia5Fi94X00w7o6Xcii9ojigPZ1uQOVMMx8NVtWGzerlqhcwOpUNNJcJe9kNatJNLTm7lpPGyn1PUT2tfHQQNMNME9XgcQP31n79fZxI42+7PfulR3JYWs/w5CqoRtOvEXqfKi/cXiNsTKejklL9v2bJL8J5OAtCx6KGR+xi84yLL9qlDN6oiq4rvTfttTux6aya9Nkj7WI1IK2Y/U1CNiNoztY8q7ol8ZE2r7BwtsJqQEUVcnWaXP0cwwtc8iFVeH0XwZxbDWLDTGDTu4QEEcVLoK3/TqWQuEn4IdzyQFnOjWUFxMS4vfUf5XxSBzEvQKSP8A5W2GUMjULmmIvIxG6wTCM0dXU4yR6ji96jCO8+FLT1QKPkcPJ+Looofpk/JciLbD08c5mUlabBkbCO/qRRsNobUG/skWWPcLT7T+KNBzNEkFF1UUtS7OVMUif4CpSOXuxpa4HYXlh2folPuSyev/w72AknC404X/RVXMkOMOJySomy1BfCY8CByqgYd4zX82mfEu3w/X9dzPKdbiCuFvaYhTTbeynbSPi+CoQVDH59QsnwrGogf7LT6rCcNV8Js7GcIvujUk2zk7HsR4709OlLlsLp5PY78mpW13hr82YUtYu/0lnkc86KyfuWhGJKofF8+/WYLND/j5V7HA8VvWQC5FTo8M9Ct9dyeFdD2kSUYkvvbp93gVL++AGsrxpQDtDDIndd57FAMxgk5t2zNhiuu6FAOPsTWbiUITvr+XGd4SpxKgOsHLvHeAXqL5xCVklBBZj9WBaPKhnna0EDnYKzitZYuuFNcMTKsZMg63JJBJuZ2At2S5PYP/ZBs48bOCd/NIlnDZ8ByWy5X8rApNLflWw2Iu8B1mG9ydQFmwTFO8+nPWXi1s3QIxsqwNGPca6/vnvkFAf2G0zcq4SG4pCAPvp2xd5f5ciqafeNg6nImuxCBZ9KQ72hLForjS+bg9seWl7QkmBCwaUbD99P4ARMZeW90rmkt/HCkxu/1PsDCDBrziWe7p37sKG/e0PbOMAA3SpPOiI+1cYgX6InXOF08uEJ7ZwQvkEehqUVvIs26xMZ8XBdgjmgHABKn64KevIydDHFoc/M5Z8Cot/BgKn1y5tLuoIhp1k6BYVKAXoZtZ9hHk7jdPuiXzz8nity82h3EO1Eyic3S5llxlx4SA6g2AMV2MgMmLRCrtBdevZ9aqgf+2ygor2IQb8UhnG5KMPnimTl0dfSFNmWwUtams/GmdvPQrWVF+u8GtZTLk6QJWzLFa/8BfdiS2FXZUbbMrLocNWNKLz6cyI7kHucfPFgTGFAquiDmzOOOyCFOMEOyFamdSQrCYnrPyfKCVww9z3ROeUXph6dprkWiMW7iWxsSVJSUSuLOhL4Wl8OBw6epVk7736qYZKgNN7Jad5OdTDMzoyT1vTI35+PfbMamq7XFSuPYp90mLilhWtEimQJha8any2hJRSMP3j6RWEZZajtRC2nwRKPCET4y1hxX5i4rCKu3JJRy1w8KOOmAMyzrheuwwYV7VdOCeeFFCNMapsZNNqWOMsegzISK7sYYhyvsluwDBReb6btns4vN+jvDQyeEU56AGnMkSi58Zm+fDQNEtfLl0Qmd6RGXRrukRujYz4F77ec6+yffwdk4019Tqme69CMWI1jObt2qRnraxKItg4r58nI3LqPfrj8NwuNS113qSMDGGL4DvVm1o38XW1Ql8iDAmK4Kavh8TfgDwMo93fVfGs8Ba+WGxXi/bIpbE4gWpNP5eD2c1DZRirTcwPZzsnrpiX9eHvWs3wuC7k5w6ezWVlg+p5lQvcYRu6Q1e4LjIAZu2c2WE5HN56QJyCFhdcw14p8n6cl3FqUFIHw+7/dBj671TPq3Cum8OhmPXuLkOojuacIkA2nTyckOqQuls8Lg/av6Nlt2b6MrbqNtwYE7Oq95vnIKkI0wkCA/Twqy7d5TOB7tWt+ckUlXXdZ1S17coi9qVyeFAsJp4yiBBYkWbVDF5dpmBjyonQjNfXJEHc/GzEBigSgpKCrMIebpFiL5mv1fXgod9WA2b7t6fW8oJki5roaHvOmUng6jovuM/kW/JvvpSo+p2CcHbpZ2numnbI1cohvboCsJyP7g2ELxe0XPPHHZd2TG3SXdM6dV+UgNWkrceIZMb9Fr63FBq2D+Y7kdwUejK81DAy4USzhJwxZ1P/E4SDo+MU7hoW6VHQleG1wawXdAHTPbn43mvsDmZRtjVPhJCZbjmp5dLntqVVi8ycge9I0+x/BiLAQGW9fsKup83RXc6TMPhmy8wq0/YuwyoRN0Qp4prqrBA01ff2zWvXUaTyN0pTLrWsImRHKFRdMJFJsid0LUaCKZdrubJUJ0DV1DXGZXvRFqCcqHlMb1evG1RJcFKzR20UkNz15sqvqDxEEXWtb6txsQv+8rpz2y2qZiljTaLyKxzH075QIajSz7Jc5g5KzP+zQ89bV86kjHQUJ8AapuNvLRwVktX61hK5skuEFlP5dE8ShKOCJ/jjs38VSCEjMA5lG+gzlokb4KjI9QtIW0KYZrmeh5OAycVTSifv5MRYkJrH4kfiOMKIQOKxBtaJk2oAOzFa7ZFg/xlf6vLzgvL8Z6CUjJF+TElvE4mJqIp2pO0UT0VjldSx4Yh358+zIQzmWXE6/0I9zrt1fhm66bwnOE0lzH1QQTE0o4/uZrN0LnUJOkNyvZC/Qdui00yC6QYac3VkBn/uYkn0qybFNAUG8LzbxSiNuwgelfpwiyyy08ODZEhS8yZ889N2NUfOAHD4VmidT3syYWCKg5j/qxW1k+BRdBjR8hk4f9Xqn2Tu4WMuu/rWeawID2zQ/ESI9lNUuDVkIBfxcXDVxjjpy88j9331PtVDv+E+w36rwS56JwiJU1jdkBXnWdEpOVHFiIrcpwKob/QSCTLZy+PytVsT3LGKN+FIJs7IFudV0oZdAY6732qq2bpnIvrbyKBgfsm5DaqDXhJ8fFItz2m3mFZaqy1QG9p/Kd2gqsYDN1nnCVOGV4UH3cvhL+5J0Y3DtGe2nQmYdIPtDfZR6pczsc1GHXFTHCs8ccZD84jkWd7AFabV53+LuHYIrHH1/mBHQmRaSuwV525vABNNZJszD1wFv+YLRgstnm87qd3Z+xvnXexTOB5rQKZ1FGhypQq8/NYqJo9fgzv4GgJQONnMYOY1/4dn0nBj5de/eYA2dJlQ1d88LzifqWa5P5ibLwE56L0WtNV6JUeeKnVfHZwOCoaDJfDcUnXGOr/2lA6LHM4gxwoLIx+QZUtWr2eunf9RNI6apnSFX4v8BEcxY7VHFnvZ5RoB3fftMljPm16WzmPJLgpr0kIrUUD2/u0AL0NCYUx/42hc3D6Rbp23pCDAeGToQhi+fO+PcUFIo5uKkaH74N95oaPj9+5MtUbhUNv0A3pFG3YhMKEF2qGiUL3a/miSgVDbCGvE26UwjSZxbA8ezfq6yDxUMAZPfEvDs7cFKWEtbGYknhZYnUFaqle2WckTfWBHDyf9pdYu7ztWpIe9eJw9S8Z0nI9A2ArlUONo3va2jt3uL84Unh5NYzy4xyjCkAL3U/3A3etoyS+MtoeJs1w8nfVsFqP4aTeWkhQd5FaFPccmhTUtNjhlxEZ2jgqYRnVJ13fey7CqTi7IA0M8goX+65EKVxdk5LcT0ANbgRlMK/RroSpO2p8GAkTYqVX5ErrBncCkgJRTqZfv4dGO9zYYzEGxDI2Es0kuJCuXocPVoSwW1YJcDt+taA40Y3f3fpsJrK2IbTPMauqbSkv3OU9tzWmtAUMwifZim+dEZQeWJF+k1XqUr/7a+2XvV+/RwmcCb4uG1k9Qxs2qdXak331VFLgktfhG+EM+HIQr60zUKIYNM6uaDIan277BERfBuRhlO0+mArcSICl88K+vLQqIWMtfys0s3AAm8Sk0YhSDT3My60OvWnsLRAFV74okmC0nL8UpqJonV8OYre0RtBRZ+7XWNy3PvnFfLmorWBnpKRXz+xMUrmpks8PV8vibX5FuESaJamxSMZepjnCqPBsiZKKT7y4xr7b7glpp7yALpX5evIktEa6SRfdxnd6wILc8RVxmMmR435uYDFWa2q6zemYQORNadbyoIViFUTjIRClmk57u0/VpBbd3qyGvuQRrbU0D9aC8CDOdzKvZm4gC+eJ0iQH5Em3zACo9OkbclQpEtf6j53NlKvW2d0R8rXRXtHGA5ZyR4ZBtr9Iflhx9pk9/+kshsxRBvIxKdAXXCIzUNuqYvp0mA0WrYRB3o9zrn7AZmV0WVC9ifwwAGs1QAZwPXNYaSpSp9ia44RtDC1RvIAGalGfIWgHGlDMyLxO2n+JBnPKx/76biuQ3sfrgKZ8jhO5tpvtduqniXGATeI4qHcZGffD2svpxKMABrAJM76aqzkrBAGfwTyM7mY+LpuXD0X94wDnY0L9fHkg8k11xysxcVjgMNzeAL2s17JI+runOV2UyTR0kMLqI0eN4TWYeLgQklamI/W17baXRW78wwYnNV8rJadYiJlzY3wjVUFM0GfzeK2HZbMaAX0O4ArQJMlouA59niPt/OIBJwm/ewjfcXkSiaySsBsNcoeBdb6Pa3p6/TmV/c+Lcm8+0iHGQue7bJBt24VSstJgUwz0fURlcJ6yxrdwddaWOqILO1LhKvsZGiLpUCVCKff45x0RidKB0Hp94YChYt0eC+/TO+N6TpKvIJ0Xv7zpmq7Y6WTfuwwEaD+ozsSnOs1iBlt2jUTeA9xSKq+h02/7rr74PfU7Mu423GDFyzr8iL/pgidzG3re3VLMvt/7NtSVLBcnUYTL9qA4B3f94RQZaY+0u224PSxTwswd4pt+aLAB1WvQFzbhffxP1gqhCGNwaPko4MNbYz8cuQpaMgyTSJo9dTNl5+bTk/FLZKQCh/5JzSxATjfOrsXfHMDabhH5uaXsuUkjXYgtqf4Kn6h4F1WAQmonaqsHt82y2izdt2DnWUz2eK5/wrouhXjEb6gmZTKdlD3g52V/+uyirmAl3nLSZT+2hC63bxWLjyY39Sl8/vQs0OS7jKqjHGM+Ex3vmPOHOs6442G2gbQ6Bo6+//cAUcUP9+hy/c5ZhOsUCzukRwAWoWxilvjnwVFRLNbO5rv5zTONu3ixkxW9fPFt5W8OhamL1AIZyxfAprg1HORbwB8YDr39Q67IyV/j8fcRaPJibLQBjG8R7oddM4jSJc1gl2Q7ncqQwmd3T1MsMMHT0fzEx/MzjL84n1Zo4hdrrl0Sof3LyXkGIHQjflu77PFcyeUbsLhQ83RvGyMJ46MwhynhAfWMY76NqpQGcLHT3i7FbeAM40pbzy3vukoklWvpl6KHHuy8W4+FB805esvPTjXu3fGChX8dv7GKbm4b8NMT91fI8LNgS/ez2uDskI6WKxNG/1TTJ3Ut8exFbmcapjxBrpzATNS4tz/XXf3lqc8HJwQCSiGGMQTsOniFRROwrYfl5pqjw8UzffdhgqibxdqLw3VrnIOzCmGMIERuw9TtIbB1hUpQIVWUetrmN2qDLtfA3qWEhQ1RZamNLmgL0npSm/Ua3qRZLVMGqc06SyRoGqM0ulMXlQu6Nab3zdnlS8Dx6rgFzzEqHkBowfDuAy8rfXDt+JWi5UsWPnwhMeI8NMY1uMM4ky9wh3MAZt/W5gbkXb5wi742N1J2vSkZzQLhaHiSe41Gm9sEj81CpVJZXqXP4o7RYRk/M6zMvmoXPRk2M5gv9EhOs1zH6WxzDuRtmtrQtY7tZn+5yHQDCG4ghRhNtEqv0eJJqGbe83tzD04a/Bo2DbUy3eSTetXhXWA5qM/RynaySK+V91XcmVnvZLjlDA65GgjqzrHjFg+i7w5U2+x+51WeBy2z7Rgftq0TEvPqD1MmD6Xbk416VpAHsImEmAyckrOYgolWe4NkmgVSWDFYY68FRPYX9777nhGSdWcSxhIDWQuZ5qYBO1i3uMJf1MccTigt8zdkHbggjX3pwLRZpLp/7Qey+14+aYiDMfYUOKn6MyDXZyAaYXRD3hAC7JxzZLd47XAD8bQJLt6C576op5XsirDfARynQLtCEnH6zx9vuGvIfC6NdV2pmRw280GG5PH/j8g3Ou+KG+psEwX7pBe8BYFFb22yynDB9CxbY6IbONT40lvJC2X7xTaiiLSZZOsIfEIqKbpemrI5wJiLf4DZFsPOWGEdzTU6TdUL0qIsRPFp7RFFWY6VB+wMHj4AL9hTa/w2v/psoaj8GiwuuU+RXkfsyWLhjWLqq3WvqPDi0MPcrc/dTQY5YURGzeRLXGR9XQ69kuM3tX96+MPm0ABn5ryU61L8DZnrBig2s789K6ga8zlGNgnuxQ1Wn9Eyv36RR/ZsbpMCzVAShZagtH0UdkoH1lLVnc2UYrU7IQg5fhEdrjYC0nbY71izRcXc1tnWS4CUp+E8lft2ktaYjDFBpWZkgcWbaEdTgwfeXZM7fxFyTSE1QkPXs8fNEQVYjg8xDFwpZfuJRe5X59OydBqTNp7GIz5vaN02cuq9ZI99+bumvkFAVIqo7A5XB13PFp/O7zY8xltbHmpKCX96n00kFpspSaSM7kx708foGmkOuvoZhzm6fx+PM9wRYUKJ8muvrqzjR303mZpAJoVxHYltMDEDZyudQRiEPyide7GGf46M2p8tVLxrk0l34BrHELdQalkY0yMJOmmSAd3SuJH3bA2kyqgo6Ebl6svih0UxnmHkKDR3geU6NArOcSu3L5xFXOmSfc3/tMZghBfWcf1Vdz7enqehma/+KwgdqzH4xEGv9jHxOuTKwNbgNT3esZeoeMXGz3J80+0Yt1Rbpn3d2b908xq0FDxJK6dQX2t+XKPOlX8Tc2eoef+nuLnT1Ta80YViKx1GApMXdFwsNusO6fwNhLX7xQl/vdS9Hq+A+ESUjKdUz+/uR8ZyvwlRcjmU2nLfFKj5jfeJZzO5XLHsoPv9t30PpIPH7GWuikt6iwwSvil6eUySDxH9EnF+tqbHPM6Aq6qL13dHoROi+MD5s6pAgC8/I7Gild5rA4H0LkTND5dIl8D83rzzca0OnHFsi9AOSC0YtIApisYJD5mwxtJylMEK7rFSHfCnG9EBOOHRjjfZZR91+vIpZSyrD8FPM+fsoRkfI88K9sOjyGIyWeMzay+zmaPUAG9bJqj2a5OjFTgG9WVWZNutr2/K7gZL9onKIezobIWTLsxzURnidN1wH0vhLSyX/g6CWHVkJDQVd9XjuGrD21s1XT5huX8Xtr3NMHE2G+jDplPyuwli9LBi6JkF/IGjvS8r/PuMdc0m84xx4A5V2FLm6n1CGJXlQPUIf96vAL68s9Z4shmxLUZ1sIFParBhsVH91DKgFajxdngMCc08MK2BUMmMLi6O4GxNV+ak+8t+cpvKkFChle24GsorGvCUOhZLCT6CkJq+vI06MLYjiuonRuqZd6Olgkr97BZWT3vbnMDW6G4NCP7IRzDWnw0JfcVySzS5+j46Clvq1G4ECKU8OZQRDjnA41GwjflNCsx91B55nfMiFdFeZozekGkzI9GgwA7bt65xz1n/QGDKk9BWReGN0G0giKQpn+Z8D12Uc36XR1HkHhVLCpZwPYI2bmHUunmfYkzFPCTHAAOA4mxJvGHvUn9T8kLflKJ8qPrkB2d0YwgZyRe8Fo2k3QKGa0DUuC4HQ4gq4p/n2f2AXcYxQokBKelG7sKrkPFo1XlWKP7+zzkbAwy4UafLcufK9rf+4mi3dWQA1j+dxqzljCju4uOFHVrYZUJRFVUaBH9y2eyx4hVYgYunl1rVMLvSNkuaVy1tg0RdhM4tzHBSt5aJACMtpr23fNOG1tnL/n7pEz5Hy1GHyOWmolxSbyMe/bu5Q4FI7VP4QuJVKx9FKFcueloK0fYnt/1h2HzgNQ8KecV+/OCqMJtyvm+395MKfSKr4Sf0JmKTtyORP2UsCP7Vh258HT+Pj2MlDmIXjopEdyBXNEDGeXaLXaGOUw9ctlZ2fD/9j/znl9VSL/BwCNe6Jogti9GE6VYNxV+WMBahwjYY83S3X6V4tTRpHnebanCPG8Ar+22do5yPPPeHdl+4xBpEdMTYPXVIQBlXBcjhWDmUAnZ4CALTwiV0GcKVkT8OpGVx3pmHh5Crb1g+HerJukMst7wV3cFlsrfrVKb+gN3bVjjZbOP74aAUhrtR7iXZejpa6f8AmBDRwwBNFE9gm3DDUqGdLAU+ont1h99QwiC1xOY7siIxfyyUKia2Cv9DkadLdxD9UXe/561KDdt5ysVYn5GFKgIquijI4O/fEBKfdrjfdGMxMLk/geIewWwJZqt12AFTJmkVoc9NsIW7dYKryiIAzvmhQu87DML/kbWc51cSZqO+2/sZtkIamZJVj5OZZWZx1Wabsxv2gRECd44OlJ0lAjcSUlelB9zIrPhMzvOTJFiqiXvCrU/avEc8kx05jDjWFqjjmuyo4lBwDB5nbhCMduU5FW/vOT5yTZJMggzEzLSSIu9rROkR8EZM0sYPJtP+NW1b7LWeqy1FWLB63NL8fSZBRqB7ZxYfhS98piesLPdlicRpZ+YR3uuh6xDEtv4C/rSoPidvT3I4WavrireYwadU2w1qhNwhQL4YRMYkMzCXT0nnhGThcYObP8IJQWP82ITic0Do9kQFADR52c931CUwHbSa1Y7pACeC8QQ95A0g1YOQT1IKuOiFHy2AqtnQjrz4j9mfdZOkwx7decXdZqQw+YIU1kkKQnDvq8Oh0NNTfx9fkNaUiqbkVyJUzu4OQqGWoOhXr/wdEiu8lovCg7EL4LL69D46JugJLl9fDXHPlF6EoGCM6JAv6fpdIOuwzNMfACmicFc/Ye1P++Yq+K8pUu3fONr08aDJFvaCRQWo2kE9/+h+jR6C5gjxXqCD16gFYqIK1BJHcFkpVrNOlH0Kp5nCuh2Ya5qMO0WRLYE1iNlZtj3r+j8np6C2PYLWgJFL9CPRhkI537zazjxNZA1BtH9lRDC3F51C+BPw9RufVEgHHZ6erDpF2tvppDS3351TmctS1fHJuIOl2M8+Py4hjhSexMJxehxj71nqqs4cb9G89w0+jKu7G8pPMOfPMXyEeI5BnzsJNilD1QGoJoSOQQ2QvCYj1lxf2Hd5EC5iblWfZDP1ImpaAvtWMcZ1GLYBFEvJLVUzVvCDdbB32EZQnrZ+xtMapMgESk68FIT6z5qfvdigSHk/ubHiRXMtqb99D9PPj9KLkoGKdnFJ9nXorwNnFy+r9aU8DIrofS44r0VeCYy0tQwG2xW+l56UTmiRWNcgTEoQ8TzxoyOIx92giBLt1AWDuWbM01HT1QW03stQTR28G9A1i0SCpsqQ3SIr034yv2FrrcfvxNdWtL0xb8RJMT2WJTDJh1SD1JgwPUQ1Tt2qStX1R2e9ViYfIxa6VPRFbQ9fEK2fOrO1k8sJg1Yaf0JqNqs+YgGHatBEqD1aeXuUh7k6SyJlW4LmT1tnz5aZFslSLihiMsJt7ritSHOz9Zut8sR1wk6ZJcHcLVwf97cJGo6FaIRy3NpKJNE3Vw+XxtwuIIceUD/U5nKxagF71rRuY11pnLqxzC7mgBf7uGXGgh5/PXC+tkyY8LRKeQftTRttbC7/CEoGoblpyhQoFDyF1aNPIMEQkLyqkcZC4L0vBedF8ENicke41wsqC7zfgBU1ffPOc35B6Zy02+dVJg+s6dPUxHPTSh943nDzhpJp89g1lc4VVk52HtLbRgq2AtOnnsTaDJp+gS1cTsdzc+yVGT6DRw13/GK5EEHrAL4PCPHcBXkDi07Va0lMojHaRHGy4QFpMxZSX7FSAKJTFOXNDJS2K6XNWhsyUYJVd2aJgkRzXny3psqeIGIfjENB2dU5kRXdjFSqm0K76vH214WiE0j2kDSyXJ23XDqUPl/Upi+1O7+Usb/E6na2+2DI+Kwz4nCixQH6b/boHWLryL0L88GDT9j6bpnZGioq/oH7SzoeG6escSdXrnTchZV1xEDykpKfKllGJcrIDsvo3WDPqeQDpQCxsYNSKcpma6eOYCPpF4XSN/1nE1YH1G+0+b5/cbb8OsrBHqyHACCLs29EKJ8tuadTvlLX3cs0mj7dWVtMkO1FKKO0G+3bgMYqseXjDj74iTMldgdxZ8o34tlz8RKmPinlo+YgRvdFo3q/XVU0Q8hzq5QC1b+hcJdyv8aSIOBJn3VY9SYxzlSO+O79FqEk7jgvhSqx3Lm6QY/sWoV4Gzjbqon0Iw3MUkA7ClHB+rd08JVvybvbcD8oYumBxsNd3iCFGK71EJiuumtlmPMTsDZGJMjx4260R6u0bjP39iduVDn/3e1YMG1pg0MJ/3Y7F7hlr7t90qbzMeZxMCy/BNfiOCzm0tUZyJPyxZTkZ9f7kSg6JXo59DW4k2JfXYmRHFwGADNuHtBDj17bHdVxuajhqFdlAxIqbC3QVaiEUcUd2Dx5Oc5OizSUP+xP6qnGmb9k7hMaoqEupMtqZg1sx4vQAnQkuT5kuQT67is7FQFO8vNRfW7fmFcG7B0USF0LWVJyZhiSySXk1UkbFhvwiQVdk8+9VrqetPdRxyhYs/em5BCxhHYMZTp+YNEy5TndQJkiVeCi+p3ojqdCUbINxpu2fi3ICLNvtlDyEyeXwbhuh6DXha7TU+iwfRxiag5Ar9HKY3q4JaS9jYv0Ivk933l1Ux7oVNm30VX+AtAw/ohl29v+CVtyxDyWr6ppc3Ra/wOAWU/VWaJhaLMr3X3q2t6rIQeMGJEAlHHbV48x9TcPmMflkUVNjjgFl3NXstlQ3+TgQ2rBQMqdRtqZUK73j28VYT6H2tk3vJ9BBWwfwTaQAHDV9horcmzMfJP/5LrNfXS4xyx85c8nqdF1jQkMHNLePkJItlmkoXp7CWR0ZyeA1wbA64zuIHFhckYLbmcOPkuhEGzb0SYhk30g5AjA0MwA4XiERTbC+GmiNca4IKsAn7GdClNo/IcefR3lj1/4yOWV0SF2LoTjLHMbKdZvjLW7cKU1kJgGWKOvGJ5wumB6v08c7hsLcHsoFkrlNE7gWWgfWk/CHkLSravXwZZSKF5Mp5GStXlElvIxk2TNFLqAaZPM2PSZHryDGULQ1zU26a9D9XAlX08XiO328VrFH/3yOO7ZSoa01OJIj9c2ui19rK6/ZwE4Jun3xxUlR1DDlZB0lTGOhWR9xutw97lGiyhDwn3gAfG9QCEdUcR79XdBwe3p2uKojdyf7fWe5qC+2tE2JXb8PSY/h8Q//GM+bwjy+0z499sTMg3ihboM1qiRGlMDCJPc7GSq5pXhKozn+D5YbRCjPpgOy6V/6avfuPym/vI0+yA9WCQsuaZ58DC30BvGBTu5c8wDs49rOFHYUSigtcyMKT7iUk4Rnac5QU/6PUu6gu9TKLmJivgl5yqn1crYP6QbyBR+bjzVFNoX9ACIpRzsAX3PH+TqBh/Y9hV0BCb91h/910bqLar2TUB1fB9AWOJpDIeZw5wO33VPyctQ5w2A5rJNwz63uYhhRI3pMTxUGzgxQAZic+6SiwdwPE60QwvvxRYon7J47choDeI+8D2QDcp7u2CcgqPjETh93s3csWs1SycmY6cjqZEhYnQIvrNf1VbIF164Md8YUM3kaDXtdkbe60QBk5LQ57mMyvlEOxz58Mj2/6p1MB7MJX5fcsD05rt2AVceS7wGDEDIQKUo/HPbKhi0lxMKFeQ/QQLHZXI8QzcJPuIE7WImvNxFl0jzViB9nmXWIFWT1WSvVh3nHNEtTKSWdaCbuy5J6o84fQm0RSXX2GviWUAgG5OyAHatqerZYKzm/j1qHvLpltdy/2ov+BhN+7Z9Daq60agGNRTDFrs+oRYxAGM6KT/lmXyOWAmPv2SExah3Hc/XxRbj0cj6lT8p2ZPMYPBfyoMVFCxZIgPDhwXVhXh0VEFQ4CLK+1eFPZK9bcU4+jYqMB0P4OSomYNqwalQswGX3rSBQv6bygtaKi3prttNXLrseb9wbTzFRpHkNMJXTMLNhn8BzUdJyBxXcRZ/8FYZqGY2iiLGDDInNnlZeKRL6Nqneb1X6Yc58RzdhFPQvPc+ZEvG/wfAyOgGZrswNbM3oXmV6Ak6JNJF1Jryol/VssKC2ATmwSh2R6k9f9T7p9yw7UXlHd94Uub8ojXHJTQJi5dg/xiE7Sd5ynHqxTsh8+mZbS5sQo03Dlnkbf7rrHT8gdYc7pjLSvkrHywVlC9NUb0xcH2Jj8iBGJXXRNcrxcUykhQSfyCJfkLjlWeu4ZcSWvkw2bG6r7liya3hcdw/+BX4npgXHxveY+Z2Td1x5h79iYoAeETAeEmcXK4+skTRfemeKpSZNTJ++dfDZI1oLb/Jwp7EQwRO4Ey8NYDlBJ0736VSv+ig0H2pNRbDpKrOkdA6SJyK/Ff2N3FkgJMeI22wP35Z2BN2ihB6y05ZTAr81lGCccv9GM4NeTZ+fddUqJNgn7WseEKvJtJVIVY9mSfIzn/dQY/8vH8VQqH9+8ISX2xCHIqCt6kWARmRd2CKwEo5YglPK+zrVzIw2GAo9rTS2v4bZ6x8zIJAcDUVxLkNclfqrV2BVhz3U1m603iCSrU6oIWKzBo7PZGwUsYee8acpCQXWerEOzjFL3nfKZQF8urfEemM7X1ry8IVOPzPLytFt03d7WwovMJUGXqQA49VR+XptbdjOLUI8s/8UrN7IfF4oAcw0NzhhD55LtFt8hgnuWrws+bXFn2Bq+PiPveqFid5f8ygLDnJtwXtwQZ7nQ2fYE2gmzBv3LaBlHqyTtf35NXeLRh5g5lSA0/fawB7kWvDc4aiDrhZqp3uCdi24Zy9z+0mQEz8Qad9MqCSDiloHOURv1GEBGFBNMV4215qx6WggvRJk2xy/8EB4qN+2qOy1L+wp8d4f5xd2g2DTiTmWoTevh/aVtb9Yp+O8pj2lpYzJlRvxNt48X+K6+BSMwoEI3+ukSsam9FyLOlDldStCVRZjws2lzyyNA7qVPphLOguNtMe088El0QgMD/fy+F8emnK/DSuOoZeqczjpBacEG3FqNHqFnY7bkN+xTHSacRIkZVTxzsm+0v865yB0k63prPlapMM4UWf8eoANmBu8JEtRh+Dkq2fJmE40EjfAzA94kUPTf50dSUr1tgbrwMoL9/enQxURFR57HyOouClU8WvJ8w8XdviWcTdtxoEAY/KA08yTHNO/yG/1L7+ZvQhZC2inc0jf8SAkwIdAcMuiPlCA7uivXS4iHYXQg4EAw4sX3VS4ZRzJZu4CHLPjo9hABh2YWU6tbqYs3uyRTbD8IRF3BZLm3qI1i0rdb2XQlrWiIRp4NwjJ48rgOXAUFj0l+uZo+vQBoaI84EkbCyMGLrdndI3TJymR9l/7Ocbz1IV2+mziJX5b+zFCFL2NcZBnWeOye6UJwHsZq9iIPexjEDJ406+fGEPn0GLg6FRVffj/Q3D/qe6rTA3y5shbYtK4b97NtKS27CrjTycLGJogDVZ6sxiXQ3WQaBCndpkpbkNi8Nitj3JI4M7KxbX3lEXHJa8lQbh5z4UtPuUHAr2Kn40QINBeJ6P1iPu0Try1weoBv0SJpD75WJwsa7JaMOTj0XBV6PZgVN1j5hg4lcOUOBEqpYzVM1O/1VULdwksQpr3geIh1w9/JhV3K9w8eKa9jU9GMAHMJlMvm+k5Sgzu0jbLfvaFhJAFoMoplChjbpccDd+bA1w9KLX9aOO1Ww38+Pg/wP1W0riG4DB9RFT3GLjUXgFw1FfrH0PDVde27Eh6ol6BJs+VzKuTWuUk2dV7gw5s3rB1O7tg1J/cpfE7Y8HdqfXcZmrPSEwsMHDEH+I56MgnByyU1a7nUEyFjIHCu8lhFlgbd9Ia8ki23g72mV+rTRyuwVQoAoi/vqryNIDAvNLwK6MGftvgRRG+Driss/pIgeQhy5qkM0FjmgeGIQh2KnJproUw3s0THYZl1yzNwYwRt0BmXVmdWSqt1nXLicNWDVqSG5VJ4zYNN2qjGx2loySUDqUGuxGIsGkfqsAvQLnf2xq/HcJCOa1s1s/YW5Wt54cXbouUkQ9lnsyAXmfyBt0WZ7crc6UMBLTufhjE1QOHAdZXurx9eTeFR7/Bre/ASEmIo/YMnsBP4JPMeoBfqlyd5+tRpalX42zwMuAep0ug33j7xEnxuxic8DncaMg5nufJcd39vChGvUS9HtGCF2ykBsohr5hKV8hNKY7ZjbXV90yurYu2AV9H9AO4lZLpu9hQ092xCHgSbyPNCu1t2VIVG4ATc74qWjbYxJuZk29+eYSTQqay4bg0ZJK3EGnoyQqE4Tzmvgq+vxXa1HKeayNo8EASeLzQbxkMDW118HXLTHlxwMVJrtYmfPV/jze+IPtYMsql/yFdyL0FwHxOD2faZjt6IYrmYKU+e9HuS7wHGbibN0/4Wm4zqsZPrzsrqA3VefxbnpguDBb/Asg0NT63eEIiTdgODuIdd0lynE9c1yLjsi2Ob2XuGBRcI96JytcRVCjxRjmuMdsxIeHH563I/EViCQ7mSYfeCdCGkoyWSHctDui7Nrii5IYCq+i7/XxHCS6UFeBv1g8CHGHH2yFUtq7wikDz5CJVT1/pZgkUSegoAPITvA+hexFkTc5FBqYEI2fxG6n/12yqRNLQf2vg4rBuSKKFSgsaEKctdmvouIbrhZv/uMo1n988b6tVFtaPaADjQg2JhCyAWwU8E5ON+HbQhlsfO+RLLmjZluGFM1ivN695dWK+EfhbONnHKp3B0BFWBv9KWISAqtOrvZKPkvsquaetAbXAGr7Q83mLufus6pRLJAhJGxhgJPGCuYnxFbpj5cavfUh1eGmZeKjr/KnfhbCFCP+2CMNVUeisKyJsTXDt3vTjEcC3zOlbUJCIE4tiMlUHZ0KOMStpYuVtGCsd52W7WtKHyxSbxLwizSR3oeuVEzan6GjKkIXiQCTNe7yan7S4TGXPO+foBn4cYwJC6ddoujLFCpr/MOfO2XZrwzUx6CNQ2AmFtlxl/rg/WyeYHipMa5e2i9Y5vib8UTDGOY7NtLYMcpdak45QdG4+eOD62svaThfBRV/NYXWnuJYpZ/iqh7GmaUmCchDf9cSQgMu9FCnDAaeaXh42/ATQN8bKRORhXg3qiR9b51+VZSuShMpkSr75W6+GIj7Xq8OrlHG/MEw/D/RrwvLjEvg02pwHjjFYNWMEAdY9Yp6o8ggFsT1tA7hCmrgGKC+9YS6rVwrqww6Z/70Xtrx4xLonBVSkaGmrFqSNFlpVxfvO1B95pz1hRrokNAOEcjTnuCfcVZ0npqwsmUTSspPEcMrmtlToqYwe9ANnI/e/dZNUNlDN1UbY9H4xvoSb8NZh4TfKS561qIQEKvMLabMlUeCFX66O9BCFyGu6w37GGNM6E0Jx+DrXssxmBQNHcf++xX6AwuwS9uvb8xw5PXFygam3lVMRtMuOVG3tHXQmSzCDz4L3Cw1DKlIoMlFGVuzC2d3NEWxCTmzqV/seygfG7yu0nQVDVoriZBaLrENyqeMLV4vkGzkeliCm17pBp+Fvm+BK9ChvVJzKWLAd7rguhpYyzjwILpqs/gXMlwAm6rksXGPC1oceFwNRJCF21lAYhnT/zkbrzKwls3LSTfWcUYZNF6y1KsLr0Gr6q/O91E1XnKzUr7UbdtzZccVgRvP4B8Nbmh1O/tzueMT4FFzpvlQWOxcGll4e9KhNC28C598wmhs4oT+6j/Sa6LgV1BVtXyK7m5BXWTjdfF5sP9B75GgMkZnC2HizF3UanI/sntE0ql3hXZC6yS+53V7ok1WV1Gm1y9yvmToGFBrWpmfctPF/CXUUi1Zph5PLwBunqtKZJcxgVl5r+p+YH2tuWBcpaHeEA1n8rSwe1/XcgrIfoduLOklXt+pgt3Bnu7IiWBMFR8BdmdT2LtqQZcmLLCjmF3a6NJGtMJrFmDBSzJBRnzSUbyL52gL++oL4/e7o/od5dHONWWU2Xp+qhJM9JqY30Xovf+Dfq5aQqEnTXe4pI/JdmXGrbn9EjqsU3IFArNDHBuwRBnswfwkgGQ3CgHi/kYurzUPT2svPYVNGySNo8i0/N6nb2uYe7WB53XbZP/Zndvkhs+IglddqFGLiaNOhXank4150Y0fhjXdwgdo/ErtDpkyvj6MjvcRbvbA9y7Thzp3LRJNT96yCL/CuG4MN2HwWrVdrd7gPtCdJFbbT+mY6e7lsyvNORrX/HB/TbZW4FRl4gYyWwc6TsxZ+l46M06DJdJd/3nCf0ArqQYlsuLIZmIvVeyl2XxpSC3ADe6W3Hm+dJ41RyLATs5bK8b1vnkg2f1ivgYTBmjKX1M5gxhBWBJd/j1qv5r2yUNn7IvZtFZkAfs1C8Ilj6SgdGARoGvP0hCalA3ONzDesk0VFip1PThyzKgypB3boA3FtseDQBYVBvAlc0OXkK8yiCjoHauH+gaKjFlj3EV23eMkAko22ilq8oe94LS1M/TsloRRdjHjN960+0/L7RaVWdnkskX3/dMz2ath+DenUEBBjyMrpCtqTKATllSUnRpMNW7vJunVDlCQOl6ncS4nIbvpg7PYT3JH3gf02J1AFfPpsIenL6I6ozawRHwab7GuxBfgVhrTTFMqdftINsCxptxdzKlLupzbFL0a+u2QNEvpCaTStg2UoB0Tg/nC29gWHn4HSS+LmMcHnLhF/Lhxf7USymInU7V+BU/ymrVAHnzbB4TE8fVFnjA2qzWvz1X0ntOCK+/acdR+K8Tqt06EQjOMaZD5xJ5y/3RVZvmVJyj1aV3slizza7ZYoiyR++nNGY7V5Z27aY9mROGc0FSqvhNCr1+9g+Oa/e7gEXC4M05exq0g4fYsL6fbHCTLlgdJFlRQsG43AjynejTv0Ub/JRsYEa98vGfaYFRRjPiWeimu6IqS3NTFP9XqxuBuy5zw/xQerUmr+NZUC78bs/gZpSXPkiFevSu02b4uVVlRwW7mKRXD7bNzB+Vn/EXPY082VryeSlZBMUZJa3k6JwPTgRE3p/qzwpase3K01CNVPsK+obJn/g+7lmNzjfsJPyveG/pX7ARVavAvGs/XMjLhS45k+Qw2TRt5kCCPSlrQ3d5U1jICjagrfbc19SrY0V6qj5AxHsRH3e8Fnsit+1LntpWsfrNFJBy8qBMeuLs12IPe8Ix/oI3AuN9XjwAlxXx9gm0GgexBHloi2X3FROEX/J43tleq3F0AyrrMugr1tU1kp5uWrcQhbs0l5zPkH7agJsjLlTfZv747w1Lope5ZEAooEoA6FU0vXHurR1A/3KLoFTw1C14xPh9kwpXnEAPa3gKctm+E+Gu6uKZSbYexzipv3CJD/I/KLPuNAqQ824STHf8jRiB0sV3ghU+dFr+pua5jBfKZZXSgQ4vCd7VryN0LBXq8C50FJChkvXYFxZ7ydngWkTtASIyjOYW3rOVqleiVCie7vpn8iBwRTHk2C0mR2aGTnhtT0HuGEaj5iG3eUXh5nsRITkd15aWkBX7TAaMPfIGuahIQpqWVOiVN27UTn3wTZmwT4uhnhldIHittndrYvk7s9T/U0NQpbnpz2VpC2+P+ziIcqT8SOCC6kQmV5IqmSz+FaNERUXiDt8abzsCiKL9Sr46e+L5CMRHYi7fnTHyoRp9JqDEWq76VTAoM1bCxz540SF/c+4kp7aze9AwrLDWaA2/i7+d5XV9XFckMAGZXoL71cARfOZTskRh8pgZguAtXAj5BJmy5NKS+0jnERctPlRoSIDuNALT8yAbHB6HFosljDxKFQrg9UK8TXOybqhbP0bVO1WI+gKtQy7gJnO6Pew8+7qHd0+PcoUrEHM/Ssj5ZMPe93Y+s5SVUCdmg2pCD7lVeh07ZUJ2jFhbhmi7MKBpDr9tfL+Fcms7HbVBSrLfeyw/dSj0o6soCHF2fSlFX0qJPQLZzjeph2TR1cCjKs+skGpRaD7+LIFhetIv5VI5Fe2trWmj4XoVJXdPK5nlc4pf0169PXLSpmG/HNuRf7V9hnHzXc2l09ksNxeuet2x0DiAlBchOv/nhLCdPdOLQd1zQvr9qbKrxtYs9TTwAaoR2FkWsHr9KhYLj0I+4yUjD1kEfQZSs9QXTnR7eoZ/8NaJtJvWTgaO7SmLjk6lkQq1t+3QX1HbphIB/s2hIYkHYEhwPziBdshJAaubv9SMDRZUmMj+/pz2IMRlpgbxMeg07bKRQ73OJ+Axg/OAGYDL40Uvt+bFGvngnOtH4WDcCG9AZxmMi0aFWfCfQdNc4dBfeUAqVXMsq5iCval++Qo3kn1A8BkuYfQ1A61wtn0EiF0cwciK0dA/2jhoFz396e6+NvlIpoSiTRRESh1mNpE9gJ6rbVn2wp1HN9rZvHY9C6KTrOnGNRrmmCl98hOFyjzd5xWy5mg7aRq4CUE5zM8emcXNDw2KQOv66LrSGQcWJsNgp0Lo6wJrSuLVtri2lQB2/FzA+OkENSc+t+BpwB/YWmlm86+n7n1g3bEszggWJw0te7sWDBHgfqL3jTVESdWy393I8YsFfGqZzxbTf+dTgx/0He72wztOpFJF716J4n91TloNidEREWJaSD9OHUXrA3PhWAUi2xtl7WT1fcJVCkis0K3ozMMwRzbhAPPH+UbgkfTE86qrhtohmf1eu5CgyZ1MrLhCu1g2Ovw5sPaaXS9LChHwyulPWaQYqJpsQkJNnxk0X05IUNGkXACEXexn/B7zA7KQEaEF86Tdd30i5T+hJBYFj0F5e9ICWiwjKeSFznam9fyKQNZ8SqbExlNFFSF4U3PKPi+2CQqm3Os4jMjtz6nq5pvhMAoFOQLTb/SP0CroWDrP0pjfFvXEUQu6IX9kvu3Jz3pWuu8HbS89q/eXY4BtBAdE0L4M2X+27xd7jSeliU0lwM6wZn+2g8CY5MmLKcsJG8m5vKKsParIJ8JpiIC5sgE9zaJAn5j2knogtJj8+0XmhJbvgbyIaw/pMPB7TgvfjrPJaARWvsHxfKxaScAy+feP6YtyvQ+P64KBUrXF/g5T6cEwJb5yzVb7qdC19VkHGG1Qmo3W7iXCvErbhDUnVnHlXNhqpLQq/YvObA5IonGurMiy32jxzZtXcnXhByXKEnlA0S0kXsFwqARWJARuZIYP6Z0ZtoXBSmGQngITD18F/qUKWSuYfB/H9XaHQQu9JuYtRhTubTQsF24Fh/ndFd4pMQSat9MK7/lzlXoxYPOq2F0o+SidqEn62F0t8RomW+do7NvZir/rk3Dgzq/I+L6NkcAv1OxAPw3SNwptmWd8N3Sc+fLkw0XKBNR4pnzN9HSu72tDSXg/9tG5cBLZ9Wi0bemOux7+Y9uefHJwcJZE1c2VTVVCv28KDD+eD+48MXy3cQMNhZFm18klMnxlE5dlX+3PcNc8IIw8ySZj8z1bX5UFr2ThsufRjbQxPbZlcdE/gxo2lB+Sv/fuL/BZxFE9ZMjonNpmsW68pf9XaGxlU3eQkZTwnkdY+iu3QmA/DFZKQKBo2K/EBmJL7DZHbckzJ0b3VF2xkdvY7NQgHcqs6CWFPo3zke6OjAqR4l/41Qo36WacPzLaN26kCg9ah4C8vUuk2vz1ZChj8KhbDs9UDKqkDisf/Ql1C2B4mbWW9g21UkZO43HIGIh8A6Nbph6+Xnh89NZ3HMxpf3PrD12gjGGUPKitvoNIvt4+pW9ZtiifDnGCpiCO4i86ya1HkANtfxk9ErjDN9wlswnbzffzhzumMXP1zQfD3nIFBTxkWrkMwfmstyULyZ2kPS+ucHJuVx1BMJunIU+hapak6n9I/1Yr9+zKgz3+A5BKACyXJ649P2DRPmi15V2m8zo8cGZN+srpCtbrxp0PDXcg+Tjokt8b02wdmKm+bG80Z7itESPvyeE7Iilt6TcdWo7cF/Siux7wJnj8IEU3C/CumiewRlRWcJjsG7JJa+9ie5cPLpaulppWVJSJ75nHTxvhhjkdaaf1uY9szOOArRKr+uf08+pbul8jmDd6u3FLOHGmOK3CcpFV88c22jpXDmcu+pdgzqUkdJPi5F/voz1TaGlb+Lxgw3A0zJFEnkgrduryTCrf8wrZGgfoenVO3FOH6JNxcBKmEzE3pRQ1EFXkwnVXNANz4/wB88H4sD5VaP6zxYtWEkUqu6lpyk5RagzPJ/KXAv+IFdZx0nrHvDAuHQxvyUP01LghsjU/K+MItzw9rKHacFD1dRc30Pc/pM+ufmOhnvx8blf525Ml+xxbk9t9FRFuE4LKB5inPEhp28Zyx+dh+gyXeDu5gGZWNS6WsctH65uq+ZtK7DzcRn/Vo3KzUB9eugSi3iDGWFqMJAzFvDva6lNBMMOY3bR/ot7UxQL37Kvq0ANEofKxhxCvLKYplzbb/b1fjM4d9P00/oT2inlUYVWiOg/HnoiMI9FJ6/OptDa476TMMl7azej6j8rkJguCyan0/zkG4MpolrXYuramPaAJh353WZygLVVT6tjPVPz6LeCqD2ILfRsUYWxcm2pPiC1yB7YDHDILLRu0GqNuiqp1HEOSWhXEdfy0g2axy57R1714RNUL0lwbYjO4wIM0v0rHbOYz2iz74dX7pqnX6W3FlU1dSncLrqg/uFVT9ksPI/aLA05uoTzH39m9A/hnRzac/8omdza2ob6Fdw/Wxgo3bHBrbISvZFB9mfbeWN6Gp3E9IW+ekwOZqa+SddUUkT8C5Yp7z17mM/gwrWQFV6U1BYihiYy0DlK83kqbJGq/mcHlii/k8MKopGgomEY+lkN9VSbtKKifnMiLgw4UVXo8eXCij4l78pYh6SrsM88JtQwgRdo/x9M29LHQ2ujAIMfUnGORyx7vBawZBZas+Kn0Kz5GGI2dpc9trYnBlofjAHHRjaQ4yjYfl6MuP51P9m9B9KHZW+dXS2vRJAeFEI0GFn5qUEyCtGmU7IZH80jxrvdl+2qOeivhfWIOO00bpqg9SZGn58/UfBCJ8vVMUMxICdbKP8Rbz47CeFdS5iSQ7CsOb626mNmmJ4UsulyavjWUn4mMPW4I6bKznXb+iuMEK7GMLWPhxohvl+u312y+t8uXUp+c9lblBcCz9vuQbt6o6sVHoy9h3nCADRQPXI3aVxDtE7n5aO3oCdRUdSVDw+qw5dJfuGAhKtoUyG2TrSLvzEHSEsdQAYZKqka9pMhQ710+GMpRyDvvkfJp13UlJ2Bvq0+I3ZDLhxzbU/NtQwJQLTrtd+9GXV7HuKWNHAyYljPFVWGNX3RkGmbG0SyfltfNBFXPVO1FsldB3W/To1wapGPCc+iT4785STa6wfFNl4dmD4tNc3vzVHB4pei4n1Sdwp31Ska7ALbzMGipJblor+hr7gjIt2R/JNY2iWDikFCOXSz1F9+fvU3OSiLAkFFtO0/BGmeUr5iW38RGoEC8UiZ2IeGZW8jRbcjb1HO3uTqb6Zw0kIwx89Ah3z8H2txUII/ktsoyZcSZPqD9d9FpbHjcILCPZAzICUsyBUU8P8UiaYA3t/CVb5K2g5/aR36lu9GyqtsBxFcSKe5PkI4E4jnltOhqRnHBd3zkxkszs9AB/TCMzwLt6n40VY7xo5Ic3i00ONGr1+fMT+HcdritJWMnSk1Q5O1PaM7H46Vqxu2O28q1JuqVvYTkYxjDXKVgtd7j99MJHo/QCf4hPVLHSoUXlflHUZ47/RUuYOYJpIXLZ4G463C41SFwKRRQ3WahDDXFTISuSk2YoEqBMXTVQAs6NFwScGtyvoA/TdmVwQQphXc19ogex+0zQ8ibm97yO4F4CulveetKMPgoTLoyc8RWhY8ALfepXGWG6+dhCuyv8+we5/3UCQ5mzvygwyIMD/LbLp7TXznCUTGYIE+X18/ozIHtxFZobbKglsNFgqV8EaM1P2w/jR9Xfa7IL6fVyNkiyI9ljAlVzzXE+gBC7b+pQSCE1HBdPlN9i/GxL5q9ZDjwvyq5CjNSFJNwkIysE2v2U36ZncUZmCy6Z/fDfUwXz3qY3YJ0QNeRIpbojaA4Y7OAoKIGhhUf9Zf5tbi5QvV93WyNRJzy6U6Qu1HzjfDVeTJkp/3aPyzzKIyjdZIJxdev/Gus5N3IyYt7INfqHMqSFb4JlvjQFXtnD2IKiZF/3QzkU1NauSF2Imo3alyy6xuspV4sGsHVoDm+t5juC59eADunxTWr62siq/EqZpggXJrvMo9aFXEpVoroYEh5g3WTp6EmwMMcxkFzik3YnRvnDkhMD08pjKGt8D/PB5f4up+tN5JDi+t3uSucInaWjUf1k1ZpeDj7vqr3vWx3dA9rXE2FNk2iGusRE8ihnmkR4bGCsckwPMDJDFcCYXsrMVePHyt38AMirFmpvi76TD1mUddZcn/84XfImsl0M9DTy9qSLTGOkE9+pqhuvqTKYV2wSysRC6BrczJgNwhLKjuv33uK6OHWydW7si6ir8h3hA6G3CPfOyyQ2waUiRZTeRV2S8ktUga73vZsu3+dzn07atvtRl/ml2eRMl3AnGptr/RdnbbbKmf4vV3cI/dh2q7iUDFxpJFC5CXCzOLd4Isqm4Df6RFi+CNN7HeyGfxXSDrZCfYkqA2XHGIeqDzvdf4QJXw43rX4o84OEmvXncfVvNd8Ro5GHCB0PIkJsjC7ZK4LReGywXVBNSAvLIFYBbIf4HACAEUV/6hQp8ClWiXTEGzwzhJZ01pwbJXp5i5QlpHW0voaTZkOHsyYRzMACXZ+uocsScgXs1HCOdNIqlhhbr+E2w1BqdsS8LTUZOx3BzThpkmbx6+jSSi/w4QDcKIK0S12yKOpT0ADFvANuOIa3Ca1/0c8oRDDAeboWWovJr3g1K5L2XqQQpVjGQPuuaZElYvgH16POtJqHksQazwFS9Mta5cderHSrMtIPuAQHjnXr1fpR+Dh+pN63mU92wtpLzTP6+6bGy9AP083zwUfHGcbMlWkBdA96U3ID8VL7sTpZQ255HxGhGAkReOYqtlU0aC349j2fLJ136rb7EA+/GudpFOYeeHOldXPq81f0L+N51++WRPTaskM4lodg0IVgmehLDBmj4RoAgupoWN0AWtQ+/b3hKmwYqsDsMOnPASAAhQpNvVKavcmoSDi80dQPeWkk9vhOlr5pTABmT21S0I1DZPYgN5p2lombciXQmrzfPLW250cJzkuqQ+cWou3yLmX3yFjyKW+PaUb7v2/F+bU24zAk/Arj7TFN5wa0uYdGk/N46PNRVjGuA9dV9NZkuQt7paYsSmvwW2EeqQXV/Rc6AR8gRF2SsiuP8gl9kW09DVpIaeTPPqlzG35MW4Ll0QFSgVT2a6mvZdnNxGqCrnqbwazHX3cAPnSh6aAf0G8f2wYDdlf0tNh7FSiLmaF43mmz3fjZuC7aZCFs+oNILbW3R5u7t/Hj9WxlXwY/C0U7StmLs50XTCvpc2WJsalyLiiY39cVL8i94bpboG6vcto7Gli8EWrKjokuZuzjOqds4+0K8J8psVJv7ICNsS7eJBwFpX1dBeBwm47fjqkjb3r8hU3msWnI6jqkpQjZZUjPkzwMdWWhop9sy/hEE9/B9OMHWGWXBkCEk29bt/5YR/IsLqm+M2bzs6clXgVQQP02upxFDhBQrSAjNE6BxBX4MgqKqQmijZ8lhsCQEtbh8BOehvO4nAGNFmMvdFBq12WK0UwsxSAKxXPz8TOXVRXVNFOlhe0UbqnvjzhdbnB/F4i/uwSSLeQwTHNGhFzw8YIiBvjYJRSGrLQen2+i8KZRuAqvH/dyI/IlMzJvINCSX9Odct4IzhwwXiE30Ww9IgZl2e4FJf+wkiFO03HxgD/UvK5H0zYqT4+JLrdcHsPgc10V8qZRxdoRpF9xZO27BIedz2DIneBxpQtQs/5oxJ4CsqwZtk/guS7ezf65j8hVXbCq/tsTsExOBM0FWmgn4f3prnRezDDxWJdy84PJGh8uWPmEB685E8rCtG4QlUKS8Dww8AnvjD813t2PcYkz10hIcmIjcfV0pYM8MzGHTXFslR5qOCuP0hzb4FgiNMbuZZzObALrY47TZjfsMp4FfMqje4vB7coFZoYLZgeaTbF9COXS5g1CpPXFKXuRxIbWJde00u6/6yhv2PpsDswtzvPmHM/9r2hHwLv4oQVTEIpOhZqm4fB/KCUIF9x2VQ/Xny3B/LAihmKYyQIUFTLeo7Pdi0HHjuJ//YUorPrF3Xc4mPcoWp69vW3TkESscAT/FohTJGIz0hObWvOV6Tyo5bIulNhj9SgUFMcaHNdhm35x034hESK47IRwn3Aw7/s0Q5znNqaMw+iQzvRUdL69tIzVztsgwE6Sylm1HGMc3GHeN3F+StEV3q5fuEo0PUWrQmewcfdq53fWeG6BGEIkAunpCQ6h846+m1KiW5+puctDxr2svPPjeumVDPhmOHwn0BIcF4eDIaPju3iyYK5RvK4lmduNRtFRi1eb2BoWq2kmAVCGdorF4C6WXdznzbHM+crfzl6PFOgpKvoffXTbB+ZjVZ37zRVLFtlz3YWcT2kBvke6xrxibAdR5u3eImrafqmjrkdOB78PqU1Oc96tB5cA1gmXl89IfhtnWKmP9TY5vVdwemOPd/GstbO6PbS+c4jVmS8o0RZhIhuASkMJw4dKI2649zb7MLcyMhi9J1J4pkiGUwfvc1IrVjDOFwxdEe6GB9rRyCAXbgCTIEb/D+gHsMVFkxS5u/EwKbGsjH8a0miCFamcf0hF51aJ5NZCzMAKiL709FhKZOHVGHJHzuT4IGKe2mSd1t/FWTFdBRZaTp/FU8DbGs9/8DurNv5XB/uL6E9TBvV5CgjSPVQNhJvNSckjs1bOGDSQydySyAnCgUL3u0r8bR13gxJ0y0gMf99bUlzd/IJGFzb/reqJ8tlq/bOnwRv3KpsWzk3oETkkCUuBAxXHXnzZVuG6DzKFzC+7KFl4sACuy06KS55DN583vO29l61XpKm0Gq+NW4D72pUt9fAP/NSqpSi8Zmw2SUJBF02Eu7rtdOWYs4JFzWDwxn+/QUXhBxHFu1d+36iHR0Ux7jlL/mvlo/Nk3yBOHp/NZ6eexvJ5ztGR/+baE6JPThbhaOiQFBkWFub4YbTRriIX5NxiXQREBtID/3KVD64nVZYVs76wUD6c/qG5GApF4/b0ZqNYOafexZrzFRUlvUOB7sqB3m+276Rfr6/Dp8kIlcRu7Rrxpd8yMpjaYR01C9wdz0aNkIg6z/kDWPmP6FY5vnJrfXMwKRM4r7Ijn60bU8o4f34/i5tn54WO2ygHv6I6iYbOKyCG8IuR3S0hl13rfSUkqrMsqdBt+saoNoc+eR0b55xVE240lSy/MyRA+nPnH24KnpYQhIr/RhPI4VAzEQ/c7kLDWnsLvScqx3s4c2tZO8wksBUsGl1UrtzbAJJk6fvcoPupLRW0QRTJPVC04SgILOHdnpWRgCVJ5e2CglWyHeTCNgsveQfuenGug6knEtlu/KtXGh/N2iM7rzMu4XuNEKfTTsMHmlQgP+PzNqBITnxzxHrTJs2ciBzQzCAH4i4GwI7cSVhr2oktP9tbCTBaODpDGeHYkq6C4DvUw1tUAKzYK7yOG3vu2kyaaWAa5Wb2vXshT3+DnBEcz7mhEHRo8BOG1L+nwDc4hW/o+y5rWVMLGTL2le+JYeVXrPT7YnZD5Njnd8uPEXkgCQ1odAoyoenXL4w2CGcOWWSR3MLUeYlV/hgRj/IygLBb/CEAkCb37oIwNACvkRRgfmzglzrauHiceo7oCTAxfhibfGWxiZZncTeSTfazzh3DW6YnFmRa4dWZUB23KgDzQ+Z8SJRkSSrPBjyn++jlfvF6pQczsdsbMkF/vVlbJGKE1M0B/SwTGq5fFrFl7pcMPpI1r7uZIdYxjcAqf08pPuxiRBL9hpekmMb/8ylsxAgIUB2wfJMp1nbBGf09jQUiwDqkcTEB9GuySALRbX7BDC+F/ZFVfDgpTPxxR21S7uz35uZeyxR/JxgIIeopm8b5v9NKCj+j9+6NZfTaBVzTXY2kMJkWL6L1zUBvMRsEbf3JJ30nQPxFMr8cD1TBa4Fhbc2XQH6Rg0I+cy++bQMq5M3W23Z0wYu3mby6N0qpsCK7ck56YjG46Es7waWro9zPIHY0HKrwi8lTISkQIXlRD5HFKHl9fzv6R6+mcfdv1ZXmiqBWgrgwMnOB74BKdAWYc/FkrC8Caqk1m3dl+Oo40ccGxVLele2iDW8q+dgGS/wdH2+KxJ3c2o1Kd259COU1vYOyJO+G024ZWPvpW5Eoi1Iib2V/ZXboyLf4xkd37ZEyIqyRuQCi75kZ85Z8x4oEXq26cp+h5n2g5J3tJOW51OsbAimVxbB3berNMZDCHGRyx+NCmCiPIz/mCFCvHYMBaVDQXFZrBuHjln1vk2NTa5ggB1uU+59hhEOMjNqKsm+Jzso+JgEgakm6WeiyhhdWPM5slmoaGYV2k4/xCAg3/6+x0T50rzgzGuybaDnP85o+/yadWN6hQJxsQinaDQOGFi3D5SQgWhDp8hL+m88arbpqs1jhGxtJbKxsljJqRCsCvoYIFJin0THZVcIIOBnwOdKPFuYjpZPD9Omfk+3y+iFQ2c+6DS6nCXITGTOhi9ogfwgXzQpVl//DbJnaDtAdHHEhw7KaBR6OuvnoXN52i0CvMFU3JY4O/02p2icCYt/X6M/I5srNYBwqdSfvllNsXQpKL/KYYGnC2YXxTcu0ttMZLE/b0xkJ1rHuQ8NhHDIqiZ/3xd1/v2J5CCAMvUqTZyNGewT6spud8l/9ZlWLRxr+9LQQ7a8LvzXjelosAeJfSdeYiz6SEe5MTguxk79iQSm46PGlY6YM7X2TV0g/47XAAr/QUnm6J0mAwUwWOAmgSWqOYA/rol+/ijE+Q/ZtuEQWkwb5GK13gf74xnakzh3//JxSXlfgkZKFY5s/GbOSiJPWTtTCqlOyBGg5nj7ResjiBgHuFyshsxufh0mn1ZHMGDJoRvJvbIdeLfBN5ukLHzOuwzLPP2rY2dN3dcgtNTXf+oG84inta7n/ybglGaRz6ZeYMT5mE+UGaxVO1eTpKu9MlVNYuvABOsD5k/2+GB7ofHQ7lvNNBHllry+F6ZuWdd+eBN120k359kxdsUMNPoAhc/Ol/1wg7uy0HAyJXHMjoXp3z4ZluUUCnAjVQ37SMe6o12ludyVjhqPUpAN98WzQ731D0l5ZcubxteJFfjOt2ZWPEFudOFZCQ5SucHY2RbtcnwfVcDwXNa3FFbaAK7dS2slO9q7Yy4amx3ZB4HPKL7qWKlTshCcQE4Cp2GiPEIm0kvp1IL0cPi0hNx/65eV+Z0+FGhou6dWCyTA4Rabc+FNCxUKVI2FkDXnZS1sTPdnG3db2v6C533CfoDICJKxiQmNzvrwDe+99aQHnZr0KbfvIn/vCGtOhvyc0e62t4GE53FDx+tX1u7QBwc9BMzbaw60kNMjD+69RlGUeEa/ISwgaFvJI9WOd/CBFxpmQmc2CvIcRbx/UhlS86CWZ2sfMFC9tgZH22LXPSQC1VTHHoytzKFUEKqVPKt+CpPu5lc+74+ZluANInvSFc5hRQWeZwxXL57/ULl79jZwAACkJsaup+0GlPrDeC7QJkNkZGKMeZZhjI9sSq5bHwzpxprighpFVa/p0yQ8ttH/h2Nk8SoSU0BQFjJmrgwzcLilfzXgNTUeJEBW+owuSpIeFZExWeHS9/k0qlWJWEgYPL9BeNLQUxRgHUy/7TX7iTw3EIq025UtGpkZlVN6rxXDk3f3xmutTrsF2bBfWoe2eQbqBEO6XHPoYCxnlD8we55+mbRsHCr23rceOX6Q0JagbhcIwx1qxNpF/7GmAbBZKV7PbFhj+WwAKxBBafDyr+N6e2RVA5LOs9JdRFcAjH/3wy7gwGIUaXD1d9w+1iG7BXPc1VOpLGUkz/yKfnoO73PfewR63m1fZXiWcS+4ncjp+9/B9QgLvC7HDAivnCNzZ+R/CDs8d1Mvyb/0BTu0vbUz8bg05YfGOGdc0HGuVqpc72DB0M98MBkp16QpYTozUC00KIajLpoHZGp4dmrrqv8Eoi/gtCE0VTJ2eWoOnvUMojssId9rAqUM1NopqMDp/vQikXjysgPa6jsiThef7/E1E8xv5urhVRfS0N89IxDRvJ1qElRo2QZ8mHSHvlGp6EsSWI9QkBQevXJMc9NJiG1O4jgZ8/97pWAENxlRe28s/re/WzrjnqAhGDxe5N1eRKKY+lBVKx74TW5Y9lOPASqo+DZlM65+/uzAY3y0xbDTV7c84s9yGPiZLI79Urz3rutocszhf976gnA+jBkPia3BgOgtTsrRl8j5DCmvHOw7AtaO5fKaDkzMwjGend3C/EwiqUpYnbCrxhvtxOLi05hJMNLNeBNURsUtmSdo9cFmVV/oTHz/ws7Fn1ioiFGudUGqJ212cQvGH0FS7/sR6Znd/tsNqehSgxiIWoggHPyU2gpCNqTbC3MAQR5crbQepsG9RmTWXl2EOvTMTCKC24ytpszGgvHWoPoYOhvg0XZFhcxyW5DxNYlRHMmQ0vltd+Mbtas/ODqWen2qVMa7EXPeaiV2ljXKPwRq35gQ3TVDNIrdv7bW44u4Z8AVr6+fwQAA3buF8GYySoGgNcIx3mE+MywS4A5hmszq//NYGVDSVU1KFvqJFbTLQcdggvfQwCs1lD5eaD+LmHr2+pxhNmcz+bZgVZTFQWkZ3hUbYs72JCfo2FpFCqmi6UEYVuRuVt3kmcvDlVXEJRp8DXd3NcgFskCV8f3pA/khzd4qdQvzVCLrvPOgYRawSfhAlj9hOmDhJvl8q6vM/7fNO2VCTxDEyz9Tk8XnabRPStcQFhaasjN1rDwfCBE0eQLzQcQg/4NTYv4El3xlelM3JdWJUmqT95jMlLuKaA/5TjU8iBLqEk0B+zMS1gZBgdVdeT2jZql62uzzbPOwVmUrQQNB8o4rfNJF9bzpPi44UPkyMnrswXolELv4lL2DuysbmDEyDxNmF9BET9m0mKTn+QGAFfGEh8eHdTQbBwxixfSApuuIap35G6uF3U1xdPKu69WDcaTtq3BLi79+Qhv1yBUdmzIg5H708uRHHMwTriPmXB9p/FTFaHMoD4SZ4EcQNGWWQI8irtQMIoGXb50+nhQxqo/WMKtgKiE5gZ8P3b+rB1NchKeucHpZsWaxxT2J3HPTBo12DIS5aTKG+noq4vlzISFPeDCqAdWoptubp9Mz4aL0Ih/dRsi5fP1+7a0hbolJyI/ZuDWEr9R3SSBy0+G6IIU21IYu8Mz4Nc/BxNHMMiOhipN8IhzwYq9kc16Spoa2uCnWFJaquSvuXb5bDG+B8SmtRJ4f1C7oo0qRePY4PSg1WW+j0jiiJwBxfy07cqg55ZKQS+8+Go9G23wmtb6R9//ItNJuQr6Sg2WmjKNEKgbddzpqC8QIInVcfRhgRHzEas0v5sFwS7DRJghcZWBmntm+Eu2MW2t4DQmZAp7GiOIuPTR8jkUDWOn099PJKUWacTmt9y6htsRPHXgTZix7rpHtRYgGiIiKRGBCArIKAHQ0BeemNK02KT8v9T56pY1p9bmwamwXrw6F+IsMAZNNTcY0/rOP5hz3AwEoRFVD1/y1p92IPNpf9vu2zYxBbo2Gjj1duD3CPXwasrJa221I4G6QUUTObhp8xnQIFio7Gc4EhV5u0jHLOx49WyZrr6U1GuP5YZ+80su7HD7rqwNSEZFszGkGLcbBidFNpSXEcK2C4TAXAqHaom3sCKHCzS9e4q2Muw7WewVhxpYLBqq130on7uAraWQwfpr0G0mKXaNn/ldhVhyXN6JQJRzTPiQsfkOOEst7XrT4GWWse4ghQpeAVZPx8vD4k/59EfIfcPPG4J5pwlCOqg9bjABr0drX2xtvLq8Dahkve+4vgsmv6dYSEaPkWdTlM2fgV8YPN04aNL16HhGG+6IxrTxWD1cXBBq+ggKvm1jlyvo3mjwUaLIAHDqjbomSttI7uz9v+Cmg6aCgARTI11RRHUCO8I+OiQU3n5Zb8xTAq1q7aAHvOOVu8lvwLEReLZ3c56vyc/dBJ5izuQ1TJakBlBQ5qgGsGPLDs2y8NzsMOZnYnVQFvEdcoqTSeOj4ClujRUZdBGhkpv8inEoSWNdLyy/zYC80uAklmHnRN80YoM+yGAXNdWC02Tmiz4d7HHciqgeXwndSLEY9xsWIGS/LJ+Wo75LR5xaAQK0sIRyK7LHR3/VkDmVKFwvGzFmaU/FZUPm9qiA8HWwSWSai1070UOEEZ2T0temzFpu1KDIt3UiJ/P6HlZX9KyFN+HkqU8oRywEPLAElRG4UCgulqwNOT+xFycOaKygd+3g/kcWLRyYU7DvBinI12L782RsMo4f41TIHbvKjRJU3RobDtMKcxJz23tgHv37owgHM395G4+jnzu6rmlns5c9x8beigJ5tt3AwPj/He/vygGbLwyEFx3e/n8Zc25DeLa2ulqiY2p29hvjw9Z1yqbnz/XMZ04sFEDdbArR8TgEvTc9yZpsAhi0M6i6LBtfviDZU2g1hbBVmAKc6NQtsiTEmaRx9nh/zgJRT0q13PqWuMTgx3Hxt2lTxbDz0AdWqzH70/yncqhbDqEI1ResH0PgQJM3yy3AbL32G61glHBWG/8RZ7P8oNjSphUhaMe8YbgnaJ7h/Hd1hIneKcWTLBlNPUZuhNXLpcxoUEoL4lhifIK6mTqX0uB6Mzpv3e63XEWNeYAK1k0aW/EBdLOn/BZy58HkbvNYn4EJSNtAPNBGRS7LrLJ/gi4lknvPmHz5J5ebj4hXGCcv/QsouCtsE0eSQoy4baeweoCFeWE6W6GY2ET5+3pF6bxH3QWyJmw0JEctgW1dZLq0zLLDnD5hHq8jiBYIbJrF6xzqs5LCK5qQdeMQlhY8D4BvnKFxk4ZjbpJTs7//hQJmkvvXaqJ+IyDzovA0M6IELcC+7QOMCchV0WtNLIRAwhs+0tTkNfBnSqi9x2kfomkdQ2sDiiGjfpPCShUmT/5AkUKEwDRmhAHzmbgW0cW7so0TJz3exhJW3+H7KtEsEuoE1Ui79g/oBL7ZAUIgBRQ7PnDxP7yeCiUCSNF/whQR9CsZ+D51q9elR6iAAPtMOBC7Uz29GWggTgFkQFf68Ywz74y97GSTN5Dd6Up1BAUIySkz0/VyzzcHJzneHHpm8J2mfgjnrP8ZN7uCwuM986AR7D20vjLFdhlkuP2IXfJ//DreQLsKcjM2EyNURQD/oooqYSk9WKskwOAhHs3UMz6Pgbg/N9T39DLWAZpAa35DXgX506HaqqtS4oA78BBQQjDUCfxYTnU7nqNy9CJpZy1bafnQ4ikjFxOnwbzGGl/SlIXhXVV+HOciMfRz16vHCy+NbpV8yD1i1D00ZG3hKkAWSsLJkGgEccOuk+PGHKadHwubFV4zmxZzCL0JAziSnlszRXYy12SxylsAUokca6PRHHkU6w8AE/Zr31fNVaItKVIfsCcwswxSYOc2BDOquf4UJqiWongXFLNx86IQ78rHFYoFUMwvfmb71AZ/E0h7d6Bx3c5NYbYTycXQz0vUXBGhzzjbI0tyQbbS8iDbAlBnB5mDm3/8f+GAKYIJ7CGMKWwYIIJNuyN15cXLk9DHsZDznq+EAH4oR0jnLagYX8/TBQi20hm5uVWgrwZOpNxXgL9HvT0xlGFASjnPsvJeEj58XnOnn0zA4PR3qblW9ozUrF8nq+tL/9GOYBPNNsqDeIDIcYJCukj9m/M5YhOqW3xUH7fznznyLXzVoCwGxpUYtCzWlvTXlspkup2kpNgZbcEPmDLxJTm6uPQ+ZT1IyIQRhu7SSOMPcu/EFVU5SYSbcmueXUkiZmGVXKYzc419XNg2MuVmgRyYmw9PwJyQLUUvy+AZIFHVfz/+k99qOC6MiWgal7qCo4VAR5MBq4MIbC27JufmtOmQzB8DBNUHWIysi0Mo2+se8JPa3pzlr0PcREdL2K98eFYsqjP+i//VSrpyXuMi5lWMBYmUcOID0020gULYRHraaU534/DFpAo17LZ3JdIt4DU6oiA9pYehhtLKcWuOXiNFExoMJa7gSetQWGr5AWKC3wp0szVNTpZnriSB0slvXCDTYsagc+fh2jtcUCSVEI+5SJV/tdV6P1FIwkeEU+Rc5pOoEJelW02rf7zjomr5FMg4XiE9BLl1XrSDBKmyOqqwzzCXDf2akOP4YQO7MuT+XfZPNJ1TBt9KPzrUkaHLtW3jBZk27SbXkTH80+Tkx245NyFUX0HHlb/aalThv0efxXa6b5vuHiiXw6cM14FguFs5J2tpazOrI9U8AufGrR92EDOtGBLkYXylBNuf+RD46cKy2MA5OIjbYEdLo82E2JIQB8vZ1n3daPTgZxU8N80+TSLbs+ZnazNX0EXPSBQM70g96tTVshRvehEgJdBUsUFfUmrJdTvoTg6Hq5KFTNSJEPOajA00baIi91XrV6Kbq+RpDpEtx+c8bG1tFCI0HALX9Ufjp5UkeKmjL/hp3tw4812xahBMyEUJnMR6v4+6yUhP4B+sE39sJgrvgP5uUVJBCosRIQ1k4iYIpbuBsx5gEsJzLWKCikgz3VP3TY9vbwAy0h74KSf+mBrPiY7P6JL75txUH6WUFgm8M9WRervhMOJQ9pEhOvLfYzqRqzC8CV8ZpTgd53aHAq5qlXq0pNFwmwGNpbjKLi50PzMqpSFym5pp0EU5F1+iyCDugaPsz+v5IuuqQx+esygHORGlUdIRZi9XuU+WH/fZy7hJV9mAP2dBFgt7CovH0gi0lPcE9Pva9ekCN78k9ITgbkXImjlK3xIpCD/9E0lw3ZyrHofKETr6xRZXB49Yw1GSCsBiy4f3i2t/bCZPwIcisfyW+u7s3Vmis5CO1cJ/gSF+axZ6mxaMx42xvrzmyN/vV77sYZr2So7GV1x0B4N3XqQXunIErdd4guZMVx/+Qne/Y7dntRHUxXNW4/a84aMEHLqy9m9rMAFfiHGag4Gn+ZA70p0Y/BsNrYee+o6dkD/LmAKgytPNqgMuyzBBbkzy6Nnp6mPCZuPq7/Wo8qHBYE4zTWoi1+nCe3vpGUVlr6FoLt+aT2D7H7fjws2cfr3D4/a9MA6ZGUrWVLtZBmJxat+IJ5/dPARte8FSmjFK9FLaM2Roqm5ULHu/fC20NJbQNHr3riaBfe+P+4wQOkbHX3gX+zbzYfvfIaGv5wcALV6euruw+3BIbuyfv/XwU6mUFeJ3/Vo3yPTWkpS/Z589rOWrtqWNg6gqQls+qxIqbt2cBPZSfUaIPHRDIpE5NeRNv0WrAkTqHRXbBoWUJhbKKbKaihpMsruClT52aKjFTU5kjZ5zkO4nfEg/Va62V8q+rUlPWu/1fQI4GRvYiEaTTjz7qNEMY02ffv9oqOj7jpkBHgIgZ9q1jTKqkRWKnwlxwxloQci0pPFv7DnUyuK9FYJ7ZWsphkTb9yJtWptPBVIUUbLsQlNGdPdRlACIPoklQMEr2kQOkKbviB+aA5xZuqYmPHXj9peoAVH7G9kptux0sobbFUtgdtmnINq7eepr5kPeJFAZXzn8fmhkgvimfOAdV0VqgKKfFOysnnab7Lgz7nS0qpbpWfY01FIHs/ydRmPDTzFJwM7EiCOKuGVtkyhrY5jxf/yZW7zdKwLoVP4H9ZoINOUwrwsYnMJX+CWWlSDUrUUKw2Gqp6gUgMF2t9IoJjX2NeK61CkIll88eQGTRyE5OWTkxg4DJIhO6OQ1Mt5OXMaiBnT9a+1jdo5VSVDFsg9LbaVAsl7TTWUq9tYyBQp773GZBmWyniQEzakKEA+Jpw7Oh3O2Sq7CrfWh1kJGkEzE7v2IDaEUyC0H8qRZcA8UpJXF0IWZdYJ5sKvpqJONEgT9H25/QAHgZc5FBtmUIMu6+EzbFNi/uZIlVT4JHFeA9o/Z54MUL+ZlMxLeMXQevP5X8kx+f/Eao+Nxkt7c+pmtifBCsqED8nFU5ESP7O18q4Olow2n7XU1U13n9CQrDxS+Jx2SeGppc2NtQHvZC5Bw2OQBD3/bsnYA7Hv170XzAHFP0w9NTuKnI7gLztdG61v8zd1a3xT8nm5QbNntxoG2tdbeujgh+EZzdnsDZ5uSO8KiTMZU8LrU0/Bp3EcqYc5MrXwIjcrNzpMsh//wQ4LKls0ELhY2ad/RuYzU8hQYybDsgJBlppXj+Yhyz9pNbRLj54Zf/jeBgwQvge648tIKfPrDgfo4fuycUz5H9Q5nseq/lmZRj57qwIgCK9QMjNdCkbq0J1E6oDx1gRgc2xguai9NHeUB986QefSgOUy7mNzSl4FqayeVk7m7hLJxaM8M2dCpUgU45zm+nZYUOgzDEIXfCHmN2TkzdXffauHNZ5BKtqXgkRT4/+ZqTZ44+r1b8LD6ucLvyQsuvEmGv8F3x7mQNIQj9wVda5KgukSzUbC8fueb3UURYxoJVlvmpnkgNbavuy61wyku507SVgZGQ++I51E8JlUJMc/fWyH4IP3DnXGtEuXix/mG1ojSWiwlblL6cxWFeXpjEkmPee61zeKksXHqUpiATqBqT5GuPe+At7kirZAz0BJMseK+yhltMZGv5LVtEpFNynkRyHjjtAc4ImtjVjbNk6TwCLH0ISNxtjt8sLHNArAKgtBnrO44oUvUUi4lMLCg9QaBRQ7bMwuyBtPfixzEiYfxz0jw8ajkHac3yiH1Kck4iofUY7/WkSzlyvGsmVG3+nEDjK2oxhj45SQzXmJKJHaOj9qRAu5NQzxuQydS6pIwGGtH9zz6JsDMvkm1S0Quz416+BB2/aNU8kPDO3/p5i5SGghRGtPGHD6dNXYWxrewAWSAqcLuJQgx7CP6wq6hgPOiKyxMQ3V4qhQ+Z5CV6iYtMmdL092BnXTzqyqTdzY9Vh5cTyWWwMlk0vIzXoLlgERkHZwR6XbRqI0LYeBgYuz3juCDhA5sdz8KDN1ekpzBpQmKrtGxjyyxI1SiVFRXAgf797IFWLrcOvJlXi140gBN0fRbBEkCCn44uPPzdHybzKlpkJiDFBI25oxTc3VNU4+Ca09Y13JIUrBOiN64yYgDLPPrAAqK/ml33nxv/EGwjwx08Py2eqHOuLJXgFvPnDHkLYfu/ZVNC8KTeBQHISnP6NkME7CfbSPxgxnKQLQEIQbZxo8RJ+E76rzeb/+85mZDv9nKQTJinFDkQpOW7JdimA/amE97sLJ9Y7Aacmv3bSdUlBj22cSMipQPZONcsI6FeO6TskwzStitk/0eSvf4VNlE3VX+4tjsubjeqKYR21KZXhOC+qnjbJ5e35D0U/7SzL11dnKrhCLRTErf8sLmcn6YRZ0hwHjhM5Z3J2jkgzd049nGS5JZ3OyoHfYEjWlJfK3xJJafVWzij5vDieswnvcPr6I4bYMx+Z7NWrUwUs0PlZxcQP34hVZ1VzpFFXCUX/Xy9bQwQVvMSft+E6wOrFIQgXA67zF0RimqdaEr4DOUpYIkLRdjtTeOL0pi4HsyOZBxgSLLukH7tbtAWYFvnfSJ8bVOK5ccQ5ZtfgumYMxOZ6lCwBY/n41moJL+wDJObq1OK3ve0ayicdtlgoCT4z/GwIipFk66TUo9okicS26mxSkfSnl3BMnkOCXfL8kcIXflUIjqWjJbw1rXfwiOqO+cAglVk2xinA6ivNonojHDBZC9gMytwSKphEDAzG32R00Ew6PNzrDGBoD1Oj3667FUonoeeVdelihmW664UyEIUy+HC6p6ql4sL+aEAo9BGjxXLEk939hxPYsz+tPEw4bbR+fKOE/2QAK04sLMNZE6PzaUMm8RCd1RaSwBw7QaP8OoNv/YMeHcM/BT+rqgYCCI5AZe2dy1+Rnv7oXsa5g89YO0zwwPof/70QZAMXedJbHPI/3CTtkyE91VZorcWF35J1BuL5kCX5mapwJycg/Wf1oCtJbCnDpce4ekFX2owt3kx4NrNfbISyz+6yt/QIKCu73mO17ZmhKbSEDUUBBqRZgIQkaBRZ2sOEULS2tB0y4m1dgKUK1JqOdq7JMP4ES0R4QWBAk17xuCoZmBzodaaRRelaYTc1hSgBi0db6AyrekLnKAd3ErDq21iLHesXGLGnC0BbuaDgumnDsDZWXPm6k7v7xhgJQbYb/IoE6xNv5LezuqFvxOcuNPeTGLHhS05PkXPwjUaJhexOm3wVVh5qAov0PNMVvtFr1GbNaVjLSnTHkYFfngX/M3PXTqMEmKBwUWbGYuJv+zBJuUOjioQYMdkHY5T1RC9MiaQC5R/+y817L9nQxcwnelh6+BgYk/1Ay50a4IL9hM+SNGgYtnKTEkT5gvgaCRRdLpp+JIPSa6DT08kZ2lz2S6tJVBi/uOQMmmPOOCHmkEA7eLHbl0OR8shjyo/75LaKepvT08TZVcNCkWCKf5mU/OQ2QkGyH+zuOJ9qr0imFBGcKUYKq4Sr1KDdhfVKyogZss/XvRi4GvoRMquDO0W1M7l8LmnYG51/xd4EWfVKek58NwIrQF/dZcCCputQ3WlWmmBZCxb7uqn5fWHBp/C0ZGa2cFAB9ojSe+4Ry16gufZRZvfIJ0uc9ZFm6DpP/r6F8gaMmWhJLdUN1gOg2YGkgSRSolIpwpc9u09lwEHpI0fq75vFRcbe5TJOoxEtNTK3Zt3UgiECmDwIe+FuuTktWvkoaQBiEUVI2lhAuqgEfTKO3dNszuKQcB107khJVg6jkF9VAqt9SIJSBrna1Of4/1pyEr7aMfwkHeOs32tGrS7kqNBFMbVttRs0cXfKrR40k7H1/gT5lpSP2GJGr/SKbj/xx99+VYKyoTUzoa0n+GmqvHXaQxQQ8pm5xJekrh+rkYFMFmOfFIPZBWr0HzaXgBWkmdqHycsxM3ldJMw+Nrzd+7JNDN0K9nRopdqfTbk0mDHFl5FrV9JmRVJJBiewh9M+JXZ+zwyzg/r9H9/G/H1/2nNpZd/xbaWea9fXCCrVrNKQyb5Ob/R6stWJgdwa1QCn9Er2+OCoxPpdcIn84KJdr3iTQ+ez2HawuF9HKyKY95q53rUsQHseILHRnEomzRR6UrXE0R/dalfRODsotKoJfcwPAcGfjgK3ZsMkWhGCH/DDE1hQP9zovN5s1Q0yp19b1hoy8ikCsxaZIppapKE/pEln0CfT0e7Jr+R6N/ojEuifs40zPiWzQLVQjsuRQXN+4vjT13dVDUh9JnbhlCIk1vdvNCUQWdHA3qWWlbNvJfwqxnp5nfgpRCgxzsbqTF8eYr72f8GG+koW8AlvgM6VSNMjPzsWVUwa5hPGJoD9yryLK3j6tTEpLe0lyqbR3rbeo7alS3Pt8u8B8Te/+IPgOcd/DRBI48Sfn3UWTAv0BSTF8953cel6eEQWJHJk2hyJDbMmStQHkk3zq1ApM08aucZyNI2Okz8cvUgSCWGU+QcldPBtUnovgW2R/3z0G81KBiPJisxR6PQWnLyuHc4FRXXVNsDi30eG/lqILr4TL7sDieYbp8aWcHt8ZO30iYpZcDv+uqbxOiErWkAO2cw2Bivjl8HMz5mT6pEWKmedgJedwbhBj8lsKXdnn5JZbwvRUo3tBGswdP6C7Mh8ilQG0pX4wVMq3uhaNdd9wPKcqdZQ6Z3NVwT/Ynpwp+XcUuRMd2WmjN/Z02VphQ1Uaiko3CDM2scxVgftdQXrbtkaaz/GaWJbx2abFYSLkDOHUje1aLEvlD9YZwieTRX/kOVLjNS/h1d5JvhlAfoDqhTKNr8xLmmsG+JkHq56QiPwRvXhb2b7AheA8E3AB2HjZBq+AVivL3Hc+qp2nLBwPJBUCrVieNOiYCXFxUAdPi5yPnR0p9yPMBKZ1f5WLuzYfHWpjvEBrD+4Kq5wzSDACeN9EW6O3Vw6rXX3EueaU4xbZSafm/Gh/rUC/T4VPMWcA1M2v19ScrLyAC8fKWQfX8D2/PI2gk8Dmin1EDZ6ERmgQU62OQ1EVKVfqFAqH20TyTj5FVqtk/nNqvtR3iCiri3bUMJx7ojFSEKG8SIxZDXGHmklPfv5UDvpIajiSzGImYqCvpW42XwDfPSs5Y24wE349Ff4BZm9yHwn7yVPTB4Q2To/DT8QyhEzHE9nDfPAI+5gj9e5HKHdujmcGcjcoswCuBX9+nKSGJhfV7pegmexAJftq9R9U5/Q5HJpjViLJTyc/rAVejk9ziWvKprei98jdQAGJDdHkc+7KZQf1Z98Wl/0wgDvkpygSXT6GZbJZANP06vYLNWJ0K578VwpqCywyviZYaSVoLNNLgeCWLfFXHv4Ff1GV8hICrAP1U7iWk1eewTzQA/q+K/eaelkxwlr+rTONDkwJ7hrcnKyxMe/xjvrRsX7o2sBG+rBHlIn+u6/Mv0Omtii60h/MJ4/nCkHg/fEdmzZdNebbG6joYlnVXPyBSPtS2MkYRVOJP25IJWxHMjvb5k/pZ6h7jwFN+QYSBpx20YuN9Eon/DhwK7VMxAflzlyl6X4wmP/7Ln+MR3STDWqfpFqLkD4FFyix53L+xHaea5Wi2g/mTbTn4/3RhgoSwKRO1OvbVp3zneA92S+rcQkLnilHx9KBSvkBh2tJeWK4zM0PE8qfAiZtMRVkxr6yuIFdaMFoed31keWKqVklYQ4uz8v5DiZQZQsDZ7vr0SsdSXjDHHL4zZ8rSlRJ37j+7Lmf3xX/HVx3szf7x2GdSOx8ePsWBICSa55oVUHr5utbY64UaahCOM0w0wiQWMBqsV+jqbiYrQoNDHEKRCK9L2cQLW804borGrFWl7DqSrGJlzsA3hIo5AXYfbAZdRdWyUOREv7bgPQJeKEYzQEmuQVSPBycBYojv5U1jVBZKR8T8MFN0P0gyhXyLDkYo7vKlW/4GvhuOh2bMBGNWRVfoGBZgM41GP01iWtzBPZ/gaqLxrb02GL6XCLk726l5uVJoih9m0C7KmFJDkkjNt9guxUHtxXOg5S9wYJAPHVgNM9VOvAo93PhmMGCApueGULyKOwVw5g9vfeHHYo5pAMejw6ZGpTtz0smwHH0Pgj5nLEM5viTAFw1vveTEmBvpMko96Bfma/7s8T71PyNH+wqpvF0fCGUycVdpIv2oqz6SOza5Yt5Mpx6fFawl+qweGVlGx0QvCdXwn14beAKboYC2aCh74iRwL9wmEQ+5vVdmk1b5NX2LQ/SAqnFcw+RUcAhNWxZVreq6p/Jb0qKuS66r2QNSRrqEJVuBql4X19wNomqOmd6aa1ZxOCHc0wsj/xQyAq5EBDnzWUpwTydw8tc2lNowjNgzfiFQPseuF68iLNk+HZjJ1Bduki84RVOqE0V91d7ZVtt3fcZmmJ+4DOuMlfjCWv8KopNmiR4nJ/ctuMEXunXo9Oh0+nDzEOPitm3hmBKwYbnG8nh2254FUbiVd1srR1UGIYl6gPg3GGnCGFFC9yA2pU8OwB+XCFXrYKCbF9HelTZXaKQjt5eELz+ElUe2+peA2qk281pMhJwg/t2gYAPY9ekVMr9gx/Hm/15DiI0GNYIf7oNZIFGuUJ1lgSoyEM8vmrqW/ZnMlw8aXpYsX0slirH491LeI1dJPZLAQfjKJQ1/CB9o1lM/MGvVgx1nQ6xASLLA752T5XzAaWjuYbIhdJ19YkSTnRGilxdTw+LDEnKvVHvBaRseDjBcltUOfY2SKpg7p0XiRziHe3y60SQL+2PqFzbtfnKeSOEeoS87uXNWyCXIEF4TNrcG6Zvl3Zr2XtxJfIe61xLrKHqSnzWYm2a5jt4nteY8K8I+TQYkBRmcEnMZMgKC9H1ceXtHY6pVh25TypysmiLAQWzpZHiVAc3rE+O4ZkNC0KzlnIk+aXOZQ9v8U733cJtKZNUWHX1t04iDTEXJZLZ2IK54AH8lv9hDftrKZuBjY7G1Rwjvb+L2WkU/PCxdv0xPXBibkKy4GntTBC9nQ+Kl8qnhExOOB8BhNj4kXf4jH9gCsrtw6e2kCXimPiCcwsije5yz+MPZa4iKZ1zbYPGOfxDjX9k6ibim86hyOAmAB+FXw6pfQ5HicUjEPVnLyEa/YXowsTU0HyTY0ocPvtMUbUacLopTi2fSxhT+8au75rvtqiMdmOK5cUMb3OuH5Q92TkVrBxDf/Ar43UgXGwCfTF7Nx4hHPeP4GMZjIl5DjjM3MFSL5DGeLTpql/+XrpmyU/JiCJARdP7CFepb+tuqNPpUgiJYsSMzGJJlGHVOXYVDtAk2ZIKnx9BWRMVyZ8rv0akj/PEiUTLdVZXVIcMi7p7DiUkyQXFb+af8ex9jF11HkuQquws+MG1N5v8lkWgqgK49X7UcubKz36Qc9NfzER1UZoiWMulwlBdzTl/Whbhf6MQcGYNnPEz/eti5mMtykObkkEOmEwfd6/g61dlRGW+2XxHR1hs0XmsySfIrGR5VlB5/jyaTQJ/KUASj1biArSqb8utak5QelzPBjaOFGjhwNj5u3o7/zKzivEPNz5k+G+uhgDCCPyB9kYJpc23M7MghnNP9U6py+LhJORWjDh2iAmGy/Lvyuoy4P37Hf+0Vo97OMcAvBncFCAPZRwx6d4ovv635xR2PFO8DhZJsxovChkKYJrkOI1uP1ihVv//GQN1JNSuDsvewQWfWgwjVNBgYk+U3EIDnpn5e9DzlSBYwzblj8XeJHAKEuoXvf7nxbr46bgkhQ7lEP0j7hpaitl8ExJb+Snb476KhYGwQp65m6uZMz+XRQr4dF7FJaL9TvrCKInufKJ6/w6gXQrLeCewpEO+gPjmfepY526FKgmtff98zdeSBNJBndQMdb6GyKTV8Mi8C5rruLJnR9KyLYciHXTntv1gBQyZloqw1ORUDPgxd3b5GHptTKBMm1W/X9p89ugit4pr5cQaNCl+KqfNZ0LJTa3j1eRgYoIYf4/gmQTOky3SOyKuOBv6j8vwENlTzPMbFardTPxV+tKFz5ES44uAddNS/vZC+V0luloQExa55IE5B6AYYjDbdT53rtrGjPcrlO0VQk1DTeZlOhITEuqXPok5mTylj6jQZfHWpTA6TJNxpVgN1n9zjXzT4tZ/kF5LyFWHy+wn1mZ+codJsDX2BKzWERH9IORej8uZ07Hc7AwMRNH3ofzW/v8zAub6A3/ylQ+ACI0Cw1CGz3xGD0/Z2CVY5QZwNTu1ZnG+bVon78T1amWPo44fGaLNe3iJlDfeSJH+uWvwqRyC4IULObrA6LgsBVDdr/VzYOs6nEaydpzrN6FxSD0OX35H0CO1hsY3TgSti6ltf3bUP5wT+9lZx9PY0sMylmjTRFL7AAus5QEcdnTwKrPUsp3qQiu36CFNT9pi1Yoifc/vv4/yDUTA4P7ciz9YRPiGHizpqUHammI6sty4KVtSiA2FgC4nu7+zYX+52MOh7FgHi+KT/br6DBvGvWAI9ynvn813UYAoKtR5Jhf8PYL640hPBHlXjho2EYY4ic7yLUgBSj3+xJH8Qi8jqTXk5QfqOrkf0CCganRgQCMjPPJJRtBxLAE1xYWu4tDN8QpTKE58fZt27HKBvRqd/RP6JPLXcFEw3pNFks/yV7kvkv/4WH5EPtlaaXIjkRJEA1HD5ImMaeGJDvASN0KmUN8iYNjCOuZZHFELWlihMdunK8qmwtO3yXdshE9wPCZB/HHQba4/IcGpzlsstMxMs6Vw6Z0wEpvGwtBhzDxth476LwjhtuEWRW/9ZJFbtZJgV4oJSrno9sBhEbO8zQXfwxoU74k2zXZaIGqkmp1WJfm/xtWo8PVurpGZXZuXwSloKyWEAyHT0uSiau1dD/r1DBNZcHZOVf5Eddq7FpKw+Y06G3xSU/zIGc/I43YvIRy802i2ifCrn5SW3KK/jNC7EE750cU3VIKSEU4gaVM8cnLSxfkkr15x7lo/PWynP9yc7COU0TCbKE52lg50ED83oEPJHzxAyAjdt6BmCKsfGWoBXLXO18lSVkqh5uCgMSTr0keAShgF+kmKwzTNbOWCP8TX1bmU6ADgdm/D+28dakDLXTUiAnPsaUQk+VZv+tJh5TZy0dkp8+1fKzrOmeAJ2FsoXK/WlVOQAfNP+x3AoCTfRU5YzACOiINDCcF6ViQ8hIG/Q2sHYxx0eB4yN5paB3Ih+61pkHPg340Duks+tFzLFS1Ok8HArU2ZsCxNJ7RCQRdgPvogya4zafn8lB8yCHHLstNxrhEUoYvvEGF4JgVhWaD3lfTtP9E7/fEUg4NlbeLhtX0YOMQAkdpiqUT+XUdyVF1qquqYXmf4cZKQPqq2IicJqN+u7pyJHMEj4xCKoy5q7eWApXfzT2dFaIg6+MR6CBmBvH6kYLUbC1qRsfabybv6y5AVRH2cjWhnhMR80RUjEXTFx5PTCggMykZy9TEWaRz/4CSJ5VNQieI4UbgaxCMlAxZ5adCCg3X3+VNINwdH11Okb17DjpcqzjHMUbVgb1Ax42J+r30s0cPkjOw54eEZqZSQzE1vIb6PoPpUB/+xhb/PBG0pKdjEzTxRYnT+N5j9mvueJazwxwWZTb1iC8rc2ptfLYTKAgqm06gyDaFjXlz1NJLOMB1+qVxORn2IujGYdN/F9Gp/HJ7moG2QAmE4+3UJ8Uop1wU8vpqonmg7yMsyOLZapX67xZY2Utf/nyNYw2OWIO6VpA0OUtj+aDzSPK60gVep2ieZr04Ml4izyN8BR+XOHhjwFvrOXXkIObx7+twCZprS5FINAQmXSLA3Ldz5UKhqAcRHg+YLue+RkKMbTilw1wQZTxE0DAzIwsoeN6ZQXoqJ86Xy8MkcFItNuKhqZdhV8yI5j2CI3oE4DRBM4G/Hr/kx0/ZHBSer/HUFaVXgtQ8QoetqWgx7fpCoH7rEztX7A+TSJ2UADkFLlEazU91CpupJ15g3g4/45aIH1V76MM2C/3PsDmxoGlRxuHE9BHwUyIT3uaxZZvfonTJTCbWCbgSsCocUVAzKUWWY3zHphwydPJjBNQJQHL7fgWvxDl25ylHj70lsluLPsm2HVi/1/L+zRyAqJWbks3QoF++U7pQZ/BIdEwqCL8SBScEHPnVLm0v+21UdGokF7+XtF1+o+BOaQnSEmqkOBPci+oYVoGZQRy2k1L0CrfNMTp/N/bON2ZlK2dUAPDb1yFAYV3FF2hS3QxAKQYCdmLz3nU52Hi/5dLMPYBcQU6aXOKy7rarss0xhz31wlo0C/x9yHpP3jtxnmOs/KRNPsf+DT7/iCB38eu4LZrDAAbz4SQ5Q2bQ5wE5NgX6xejRWt2iQi05F+iHMdEFfjp60+1QT1FrfXd9sFIFAy+nL16d1y3eyxLw/rK9sJjC+zy9NzF7AAXCZSMtp+culN2Bpa2b4GtuWflkKARqEVtTO+wG1JecERvBXMMgQGk5llpTsSEMrFhVYt4e1rd+/eo3aZcEkFUpJpzIcBahDFV7DceSjRjHiBtgP7mIaL9BjgNLMOcIsXXlGsrj/zCp3K+6DseGP0a3IxqyYsKbO3HMzTWBViHsox0ytTRYqj/n6JXb0Y5QHHboJ3eCsiJ1IlyFUb2RRIoHQuRoazn2FhliaitYtOcfIhZypXp3Oz5/4kbaj9xSZ599ITcIUIlN59aaa+eCqSEX/v1wG5e+GmVJPSJkfE4CzZtdEezoLMdghszL8ElT55GX51xNoeqCZ/nvUH0H2q+imFrJmcj0ZC9ByR95WrbOCTsElUmmgl8LXbbEeqUTitAgL5dAiNoMo3q4HKYG05LKAB8N61P8P9x5NE2xttsYM6GA9I53SPbR3VBTggmq/Wt9uXOKKas8hdMIiAadGItsOZ59f8Eb5oQyU3SIR4urukiyE/yjWy/Cy3ExHTkpp4aSP55wmAkswkSiUu4kbo2Ak8xlXCqYMu1aEMHoSuT+puGutGITLhQrjQeBkMR+EivYiIa5kXAt0sLRyyo5kErYeePUoQqPj+IBavvnjog2tUgiRyMPgRDPX5urLVpffPxh6/BQpLXsvNGOXe+3avMEl8LT+pX0ybhLOo7+FJAdwD3O/w4G9tiRlsX+B5mVxVxGO4voeHQxiKNmtGBWqBMXlgEEAtRnsd14B1XuOcgjP8TLUabna4ki2qhYOzp9eoo7cTGsfY3WhyChfg0CInioDYTM3OqlhHF99DMgwkvnXsdjDX00D3i3cC8SA7ltYwtC2Bi0bNHZ4vJqenelxOOuloRL0vQDyCjUl0ivhD6yu4hCTKsR8wipzratoaeK7fKYmdTyze37h4AJqAy4AAO6XWWeCDQph2U0YKow41oGDC4PMAHH89se6Q6V8Yp5zYPzSBQEgKia8Z4kFIZxnqYmA+lr2wBjs5+qyjMQHWc5jAe29cv/iHgTpUb8SPxJ/EmnHov6tHFCYJErLmwy7JGG2wo8mOACv0+nar0DchhUovTdgcIhPIPM49PmJd457aLmSNEPWPH64MhDOjdKRS/B6Fj0TNpMdCa+wybGUOyBLwIANiZkmnjfIxN6Oe9OSGTAzoeIScxjKoInAlm6R6/1cQv6AYNjC/8hmTF8s7u9fEINtvY8UKfsiU8jcJwOwFT2i0Tt6PHySlGkhe2VtRdObjySMgsITWlEyA0vXPHQaCf7P1HuicwAszhRKoZoD97SZs/4PK/LviqGxQcEItUYd3fK7aejR96TjMpWUYK/ybFwj4njiq8ifUk3xvU1xp5eVhFR1JIHBCZrsu5m/3EJ6uYKwpYstVwIzoRmQHPBEW7lA0rn6thyD1Wi9nH/90qrnQgDQjtvHM2MdUQ2DPHItvebK+sNv0/+kDWWDonOPdCRz9h/6Y9fnHMmRBIFy8wKZ5KQiGWqEVwjQz6Aiu71qfZh6C3KJVyFJT6rwenjierg+vIcUAidFEURxMTpCo2epUOIJSABE3pEq+4s+dcPK0ehOsmiyeq2vKEcrS1QrzbcDo/PYbChwGuhae3APaGJldKF6cJDV8MBhMnd+MwSznMZ79q9s3FZydtsNKYT6ZaoToG2pPvdCYGSFFInTSLIgxzBciuBYZ8gAFkeS5kLU23lXefwa1V3GbR51TSarkThQd4rUYAhHe/S+AuF3a2LGuFrXa/X0Qn150PugR5zgm07CrGDuPD1CdLCkTslTfAE4ANYr6FTQEkhySmIbv/w5GzQCTlAUOolwiaRXyO12osp4OZ718qZQ/LbtP0XitiYTJ7egJEhvPKcSsnpaSWXtwqwfP6kniTQWzL/s/Mj/5K/rj+hJR3M1odrvlRXYhEXV5pSpwi0lWnl4jH8LrlGYHBwUeBLzf6DAPqrNzn5yqHIgNmyUnPxj6oq4ClDRhSzQqKT5z2fT0FxDsCYqAPmu3rX5PdAnJipzBEZL42EVgR+3L/grlFliAFEpi1RQ6PPVQ12kW+PqKMp8qq+t2SJ97Ny4QT7R70htAKrtwwBE9fw75Bn2JTIWnifwuwBSdOQQvwFB3ACDSVzwlKe+4gbqnBqWYkZpL3HgOpStE+9HGc/e1HBNSUrWGmgQALr1NafvcgVEL1g2wyPJTBhhBs5yzj8m635itYH6BmFFkwIvOMkk6wCxJY9wWRqE/I8Day4mpxm4BTiZEMUfsjPQJ1hLgABLeUKUtaLZF59BYSxg7TGLj+CzXAJWdRjVhs08BtrxNu9KjOK+G/nMxTyswlB5g9iAQTPym7jBK4tr8I6f8gRhdDD0ZDfqpwecK4oOEmuUYNTysbwiWaEqvhB7uYObzIDozttB55GhtCAAU8+q8a1yRyEdR5TRuUx8bpkuz6GflYbK7O7fXBwXELiq4FYTu9NiAY/NfdNE4AedB2qhWBZzIKSSjD+SbqdW3Cno2yjGMp5iFevSVqdqBIzuRnrFhAQe6WisTREcp5fp/ZRfK/zAB7U1Gelkz2uevmYcWkh+rN3CIdQfTK1O/C6UdPo/UbfpquoPcyQ5Oy0yId0zvbwUGNtRM6SIfIYm8fZwfdIcL7H0vo+1VCt4zI+bT6uVV+7WiEikSaSeXYVHPI30u8V9ojVatnj6lXcpfbrBTAYzOLdCRX6C254+zDZSHw23JYAM7yf2EY/oXX+vru3y1jc9seQ4ILD+asq1n7hmB3peR1ktd4unFXeC9jNXQ9R4di15iurZJV6CjLr3dlnJrh0sw5exZ4juBqXQiFjKcElbRn5DY3hWOtltkENAAsb6FlGByphnNof029gRavPvUVjRQdOEe1+wDcg+Gxh4uC0ovb9DpHYzZtX7r4bwTq6FVEQlszW4sAOS/VLRYGs2gM1XqcA7GloL0edEO2FioPNAyj1toP1vkNvGODf6goKeuVjtx6Di8oMN35O4wvTd4HwYYXhFFbEYwmZkBcBVYJ95CKbuZTCE8NjxSfgBAUqFKgJzEPnWwt2ztOgYVSnPI1nAZnyQdyOdA0f3MFAoqkFTOXNdJ/y50iLDz79vY0ZUmXIboYDlopCfnCbkY2jfAhogAAAAbagstO+TRtoEwgfNLsPmpgrAlenj14BRv5iAGfOver1zpBYOK3wb8AEUwhNSxNdUrawDN6ZWmNP4ZWTU4zhpfy4sVz6ZIvzuIgVnxJCFa62ZklkgQUWLeqavrK58rbv2BaWBbsQ0mqn/yCMtdlfA2K/u0b9GvRCdAgx04mdrbfnol2Y0hRHu5k8VTVjXt+hWi3x3t6AoYxPKYug//X8qZPSQdg0KLkxtf4wJA06y49WZuHztBiwfGSlgoNtOhj5frHJr/FQBX9I5Lbh0+7ilyh/mq6DBUDwlDRAhXJ4dgNAs7t/zKxbiJjG37+4vvmemnPCoKf15J3TWIWPcYrH+cNWr+RsrL9iZQWlTobihlkXquGdfJBnJnSJhjE0rKt3tCW+0L3tGTEOLd0p0ChIVLd/pqlRrQB65KIsfrK8IECIk64QzHotCA+hRuScsi5Ak52srwZJK0pWmQiW4ppGLcQewPnk4rTA1UjybmMTnpNRzEa8w5Cuh1uUw/Z6FlL5PG9yRdaDO3JqxoDluygEbmterK56uxwhl4mkNSsNwYqdg1OMokIBNrOz0odAG+6dvBdMuGMlcoHnj/AuM+rC0/gdTDzCbfLnylVj6tJAWgzT7fA662JFAh8ztiYFPC5XeXWVsTMG6IGy/g5RAgDPyfYun4peOJaZmPUGgKgmnrtBsPi9lizSM/XzqnUfABOADXcAFmhlU7TYVuOMGUv4+G1hWxzZfIMH0iPvAsKK1fKYj1CtRD+GePkokaTkjaDAXAkR44P/BniaW2JPAQIj3rggD0qkMPhAAONKQZxQgF3coOSxSlWuvFYEifrgda0+rD5iE/rXK6y652xMnxIpuiZLaL9aA/SSdCNmQ05x4a9dYYCagVHbf/C0/8q9UhYNf+QSNvNJW5pZXlYjWseMaJ5m6rxPGi7nFrxToYDLMBv9YW+scU62ahChnHWv9fYidJYE/jS1vbqMjVeDTe6kTl2Awi0h7UuiBpch0/17QgM52uMpfJ00BwyYDavZDqAbKPAjBUdb3Dk+1vrG/WKkGM7NPAOEoI8x6rRAPD/sYKI8qAAdwB2bCTq2QSdarAWVW+U/IhM+VwE6ZIByYOXb4/wScKvuxy0HwjIUl0GTVH2nShPjCYEPaqk9uoMo16YTRp8/CUO8auig0bTjBbI8ENkEonk82VrbCbgdFFlK7GFcoHZcajT72hJE1FkoqzUAM8y4AqICTjwLQMRIuv24xAPo0NWR4yQAOGKSz0Ebl/swfiYoDToIjFf/W5ls/d+dFNeejlWbLAo9kD1YF2nGrlKbZ4DNs0207aS6Ykpe1tfXu7M7jfr2ko2L2ycQtMv9NoxFnTs4HMWHX9WGs3U0kg/o9QQ0800MzAhxfBX4l4vKKZtfVQLDChzfq1kuS+fgsxmo+omVF7Xbq8ZlPttOgsGQZvmZtvImpaXHhUKZeLFDtS1CcIeA2rWnbterYmQAGQfAiTtdvpUfOthF217hcAz4kKirKeTljrLmy4NFlr+YBX9PpUj1PcXnhAU/4FtQJMCxgUxZmlViFLzq3XTDC2zRJh1HHb3cQHGz9oTYGVVeCgba7TwTF8q8afFw/+Pe636Zw2a0GpoddeA7/Ivq9cUREnNKAAHgXTIIJoWtwdBWlVBpky0pniTg3iRu+hb/Y0mXFABsqFFIhch4H0a80PTtwSlORJisXoKF1UFZGne02p1P/Bf5NYEgmhCTzgGi+MPITLoGpEXYToKD2f7ycqAsft8bVYa3bY54gxdpiRoJgwSeHDhh/tCgRhgYQdm7V1suG75A/rL40a42tPVAJuSUbi52TASZuRv43uATEA8SjCZnbCje6LMZT1FxciElQADsOqsMNIWbXORHlIA2wkg2Oxf/kMAD4Z88KGURDmUSYqSHvGCs8zD4BEg2UUcuJuQSpt+DRtqPLgLt6/HEU0XBZmbVXm2RI2HFDAb5o3e3RoI7EK2MVzrSDPANLTnFk9sw6Vs9nbq2LEFnpirJ/otjp6s0mpsjk1uboHIFObkL7jWZ/FIUKuBzBQoQq7VWJ6rAxayJp8Te6HW+eNWVbqsD7FcsOy3UaCBcVMecNFnUzC8Eh+825hQalmZ2rUD6zKVS6s2XxZ3EFTfn8d72QiczT+lzkttj1+4EcO07TOrbR3e0mja6fF58yNFkyJBZs+4YqaMNrfbwm18wAWxZpQWHiukkc/ga/1VnRjEJPN/PjQkyyARqO+8hq4q4yRl9IkhVdqFz3Mf5FctghaBjT50v1yBX37zcejJCjgsAOWDbFiNQQ3FuMLqR4h7gN/YkWd4Lcw1sAOQP/BomO4jqngfImuOdS8FH3gn87Hcnpc6hWftTXI8aIjujZOmLO3NMxNl+OvOEV98VAlGtZyiluvysXyOxp0WeCKKJpV1vbWwhyOVOJ1gkAtx1LqmmKpZx/g5IujMVSOE9BS7y4xzXjGD0bX6XhXsLSj2r+VTvavoeRF7aJlMAyrQyHHuGFYoldwsVy1/lbzEmSPHpkZVjp6G19OXD12bxkJ9wSMCIaK3qxTQ5neqzRVs9Q/aPLCem4No564DYiABrAAAbkgVhKBUdSc0IwJwQKDbbg//7FwZHaFoQwAIiRP3EttzSawbuoGKfRr57Ttz4onFBW4rUF+9WxQGG46SEzegj1DWCgvSY2aP7nmtpNbe6e70NXFpGmateQxoF+RUVa9+P+QEwDpgx3AzFOuWgAOw9uCa5L1YHvspJG+L4KKNbDFSPZ/i/g5JKHQGyTCvZG6r/EgeQ2/60PV5lRS67LWir8mMDzGcCURicANUSU0FcXc3NJUpE39l9M2wZJnvBBw2WmaPA4Qq70R9v6D4+AG1L/hkorMJ8uByWhPYqIazlrHvIw4rnOAtJvesqK/uAZBlvs9B6VrRil1Xr2H4V+BpylYWTPRS85xlgNgU6q+QvVhGkm9tlUYgOchNWb0zyVSUm4pHOxAE8u9bTtTx8DGy+cx6hNQ7GOIOcwKsWxH8WEmwlQatt0HPdSadYPQ2Quglf/8i9qpXRU9ovX2b4Lht42fs8Q7/6lXG2e8UwtitkmQs7zZAm2nJmXIos3MeE3qPovnT6DDzvt00UFdCZTCwgF2p6kLsy4eTQVVS/hch3prUdsPDYhCGJxBIcLr8+/81vvdiFh3YtiHuJFBZkBJbhEazysnGL+NCHNSeU9OAPCKSznpclk49TGWl8rExV8bmxGno6VQfH8dgw5Rink93DxOey2JQZu5scs4IzwHccPtcFHTu08GKTZ4tXA0E0I5mEW0Hq172RdKd1/5jKpeK+1NnJxoVES80a43ykzrAjJGDqLmMIUK3+EsRyUXMdwZMLbg1Y7steYQWBD5PiWVy9eWtI7nQd268g4+xGZFZ3/ZqeH+B7458SO9MjCyxw2tN/tIRt4GaK49q03nM4wDzY2MXgRr+tYjOPP4yGNJtBdY+/zTzF1n9f6xMdTALNnUqQQD5VpWdxOW9Cr2AK1ipCBwecnRO3UEAJIzwrf48KKkXfd13vQEv5Q5tfDl56KCUCAl30yeIBmYx/eeNwH87mOJnbVjMMIN7HBAFHlYb35ki+g5dAGOWOHZ2+E6WSAdOtazDKuSqFoLZtTphieDlhQOGrgL9mGYfgPIBphwhGwNVO/t3iKdqQ+vJgraytYkNXmuLNP6Px/EYjQaK+5IvTOw+hgjlU1V2gOK6h2u37IcfI7oUF9ianlnxUMAzF+GztknJN8t/H7GF6fIw1+Hzg4BeSuL0iqnBPOoYKNW3xFQsDgN8vQf7ZEpJ2MjTuKRCYXvhnINk2Lzwg0fuXqysbtscJK0l2ccFhgp47DivsVe0HIMv3PRLmBCRElCwsOzZr103RoAsG2wv2QIEgmWmYMv7ryIiai1GY0elPpNjCdlo6YO7uOVD1dHlDyo8r78IiWTog53lioFB4loh96yHixFZDNMniY0d3+FuGlM4PhAMprX5lPrq546yxC4oQrmxekZOqjtKwhDMzSlTsf9rFB5IzJRGz45WotfYw5v/9m1YJ7MAxIcCOpQ/03t4a9QEV6+h+UU/PRIfmCarVS3DeLG8JPTvb+h60YYKqw0P48sbAOn+eNn7d/C9pNTXbDK+BmdkKzyJ551NYxYX4IDQ9zVo0V+q6vDhE1s0dxr6NeFiEJCW85sxu4WyJHl8+IggFrsD6WkmSj5WOa7CkWoLqngB9iCz0wi3u06LpNmA2OX3c0kPzi/a9+l8pAgfHszUOX8y5Dezi/ceP7ZB5WLzs1cbMmgdpz/zkrzhrXBcT6awMkz69caPNaYXIOUU5V77dSp48npU1/M/RihXA4u7Ukwq4oaQAabvQT99TTkR86kr4/Fz26UL8776tof1kBSnq+25m52t4qV4xFIHG+LeoTdue1Jcdka7CCrMSbx5Qd7Z95LohyfC1hdRVOX6fh+N6UNev09SkspCRvsR8MFQBCqJ7b2PtZ19CM4yX2J8T3OajIYF7hI9h67Q/nclHP/ZuBcHOYNBpojV54OZGHalrA1H6WjsG1pRvdnhne6y1WcoGV/hK0ynS4pz+K+aKttqcfzMBpYr3D5frU4RfKxOKzj4KJzvDaGHCGwe3xZDGPpv+PcXLhZKsXOxFSNMJxRq1WR6VGQS9org9rb3eBvrEJLJhT745jju79i4NQPK2K0NYvwjHIi04VCWg7TG/XxObYVL9TdfXhQMkw2SzykSoFT9YgeIBfX7pXfjSJNKDPMT0pABhJsSMlLn6e/4HLAUfs1ylIi5NvJ+uOVd8TCeXIMsxQWDjdAe282KlSzfPPsnT1G7PCQG9rGNzHUfEYbMrxEXGLCGfAEWiWNIYurNK/e+OadoDJlU7qxEbJ0gRJTniF1VtSP31OosTszU+9XzEpxvxdVhrTD1FBsluEUYcvV1aFQqgYOV/APXrX3KSkYadAPt7EU/eEo4DVguThzaFld3WljxmkARsWdgvX9sFhjbws0COZRZFNFSBdXBI6v2WJjzBgCm37O/Ou/bXBBFSWM0ExU3QUfLVMNPVdiVP08p+voBH6C2dqGkxPKMM7ZAvv4OlR8a7YV6s1D24c7GcWpv4Sw3VepijyeVsodatqVtgWAuTqmSDZaQhLFygBETHq34XpWqIMwIL0nqmCc/gN20J4lSqnYTx5BEG1P3gw/k6d1cX1RQFno4VRZS17V/amDy6OaHaB5xO/GVooJ7wkH8kO7TyDdO5bTiliuS3oFHvXctISUQSDF4/+HgrFl9Kx3psJpwEkJAWcVQmALUp/oQKTTEd70IjbcolWwCIiZ40gQSyAq+ici77RF1gRuTzhTAjdCl22+Ek1xcirbjWsTWiAIFKnNg/o8Xk87IIfMutIv1dYGrqk6zgC5/+mQXRUmq0FFF3BrDRjbuRB/IrYlJ9Be2ZnxF+w/3OKtdlwKjbPpJT1loFvSppHc8ABCDJu4Ta7uAC4uGov4JAxHm/t9+E7YAACyOBNYDpM3dYJGt4Lrnw+J3Y8Wclz6h2SNVCzU2T7P19tJAHLwqiAuFS/hhsuwDR9hTsGqwoAkgjcTWHeA4wVUy0E4kYvicPovAVil4N1RzkCOPIKIq9VCAGjME1m2PyMkqYz7bABZz/NU0ecgF1I8VMzGUIK1XV0KbSuw2QlTN4zLsZ7WTgthFICDaWHZcokxpE01AVNw+MGbOaPoCyg0nnnXJEz93aoLGrTTrf4W4HrrNoo4grnW0azNKtw3VrrKbEwkTCOXkM0whzxullfBRxt+IHXEiSqgibvA5lZKeqlxgDohq5hrew2m4+CuEMPUsQB/wsN2/6ZkCzp6UKLO6z/SbZpHdikA8DToZY5igrpJzggEStPSzmV3bDcVcWCoKFa4MS2SRons+IWW1Alnt9qGTULWu0FclHfdS+QVJhZnTpVHY8pP/FwOVsTJLKiapMgdEaa5ikhvPMeieK0yBUj3XR2E0HLm1JmFsrX1cLsmfF7Iu7NCceUSpgfS7FTiFXPqcsCWINUW6IO4MnN5VDFLsFp83is3A5W52avHPnmcWaTEzQpYoO0sfSkQB0IeVLfE6gbAVV4G1tOorMZPWHTCZGCt/KIhA/kYlJ+maYpggaaDpb84MevdITUxVJlqzNAgDzKqlJ7Ea4boA/snZ9nzfmYAJvu0pwkAxbZOqTei5CvmuRbZY8hbc3ZHh3Blu9Iukr1DlY8hehWsguYNzCaWTSDrDI9vumeUAzUH/zGyJJ8ehhFHSDLZ3kNqLdauHjxAY6Qq1lHpO/r0Gqw77lmKfXIE4SAFnGWLLjproIwwCV3m6+uQu/hjgePBsKK1XbxJ/8JAQhskR9lsYoZnUlCS8DVEriTfMR1ofxeeNod9YzVsMzTVh1H+TFbHrwZH8lQyDrhRKzTRvbfyNrdPlRFNE8JtsVuiL8pcbCkn9ve7dZ4ourN38JAV5+kzMIgNsah0kT8w5L9Am4CPzbcpDuzDbRetL7gpTfD9/Z7rKnqvCweLFjlw2JLn9Ts/M4qHhe0JvrfHZ5GSYLfAzzCiHc3eBX0T/oWhGcJUQx+W16zdwo60f8oeDsntgE2AIHLQVQbD/DOBYIfLl5yB2ct0n+ged2rMbCRD0mBFkfasv7lK/dREGssvrp0p0ivfqCLVJr194SoIQP99QwstpcsEIid0qSyTFKVCspJY/WcJxm+wrlBpiRzimxr45WG4PdlEqToazsX4I/KtYzhrYbQ4Ph5wmWtVqUSDSyQE8mCmnRU3RcOFEAhZMGAH79+G/iMuoc6xC+8DX/0Y+jIUB5c3hurvgyDI6Pg2C8EXCr2Rn+jsMt/F8HjgOJqJ0IaEk0mF9ZvgB7lA+K8bolLsSMDVj8ULa5AsiH3kpvNTUH3BhiKIVvWowHhqe4Zl77CZIekkEyyOgzbhELD2ETBB+qte7reG2jgiF/JvgifLUaVzVq0a+CVqAbnfjVOSq4smMAXcE/yKE3FkgvJND+jTdAheJXYzhPjGD+7wOSKfB+nSuY97EwmP0eNZlu/g2yeqSeCZuEs3ECMVDcBF63gvAaCHkuVAUVkd00Z/mwd2WYZSrlYCnuF+n7oXre8hcIxJFQvH2zLdEnzIUx0NGnNNAhB5rCkt+8CdZPbIxIpKA1Z8IIiJdsZXREAPXDJqfEnRQJXTw3SDVvvF4lCnfyKp3Q3FrIik2i1MkUBCf0Y8JrmJ5yMJwBamQVYwiysKCySKYiZYppSaccPh2w7uHTl0H4OV4YRIDi4uIajSrha5JfWPW7ZXipdPIpcyYwxzje7nmmlxSgnNIay/SAJCoYU+MakTLA16+anz50c7yg8I9tiGtW1b3MG+k+MwId0Ih8iVMZ37YeChmMN+fwZZCwKcqpWHKyh+eR4bNaxeKFhzxnbVhV6sp1HW8BcnUwv2In4jiE3M9c0W+nub6aDRS0Nqt1DsxDh5DhBnypYyVJc2oPt4N6umCJoHipK8If9cbbFHOUV1f6hF3uOwsPhh6X+SMJmsb7LIcQNjjZYitHJs53GdzSHwX+HauVBNk4SjTjRFUqOhEcOatGhIJ1nMFVRJkmmGRUp5Pu/rIOPiiiQFl12LdoJNlVwgbjML+NC4/avfqFkYYdQnJTrlkeM9xe4HgBASD23r0Ma1aY8107wS4KDpCThdyvX1vhxW6wY7y80fGRJ1uaD6ryrWdGfby+C47ZUZ+lxUXyM6XO9hgbEwRTbcadwdCEtXOM7d2zPrOT3ljCfQuS9ogmMICXrdJljwOaXyrgjkWsea0Y/PmaSU3h7gCoivgAPUk6YZ6X/pOWF9EXM+zEnT5vVybOyHC8GjO+s1rUR+YlcdAf7bVhG9Cpyh+RF45iL0XAf1qUUooQlWvqcPnvD9IR2rRZE+m3HPXsBD++PsQZhUzNUgDTgNQcH393655RRMAF6O7goFjR0Imq8nFdoDP78Q/oUDSD8eO0lHRbyK/8fSF0NYodVOfXpfBNgvVIhvAAutP+GmA1l8/BOOh7jfUy1R3t2KBjgNg1/b8nvG/EZCWc4ikv1ABIkJIxyKn7n8V21WRfYxBVW+6pRZouVKcvOIfE6GcQ4+79l+PwPKtzoxQWMXaO+9NqG5oBuBC3yMQd1qhovRB1GQuCrA0sXV30UbRqYz2hw84OnejNOGfrrjEMG+yIoc2TV/c7ChjHpnISjnx369mdyeMWZyX+K0PeS0H7FIK4qEAL47FG8HLdcCm7uMypic3xC9DN+qV+cXLvQxAmVpUIjRYqrmNl/FrgFvLxy2n337I0PUII7PMelplXoRMN63Mjvzr5WT1gx7I1L9jIHC4vFt3uPgQhbY0GWIzWb7uIgl2karXuNcGgMWEyApjfdnksLuD3iyvYlA+bwY95ItGZCp2PO2bqA6K8kA3AwemjKgKfJ+n3A5Q48rJJwm/QPlFUPcrtsSeoyd/BVPPztFQ7Q0KBGRSZvpDGom0djvpD518vHim4tGmYXQNAp++CdxY3Jeshhk0doWsvnK29GK586BVpXmdMh9223LXAE7fv2Docnd2oILtW47xGH3oWv1HDPQSr6KFWnIC/pAmDx+ZTVMlyE3yDoHyNeevtKxRiAf2zvUlD6Nsa47oyhreFXYe8MW27CZcmwv/EhjFlamZCOlR75/ET8tIjlXwryDgbWNLfpxecjFrdKcqir3YTIZb7ce7bDLSBOxmWPeyON5B/CrsQgUrshvK22Qjg/sVsz3LLs7aD9F7PBvmzx8tshnHwkfsXVRT8kuBBjUI69+O8yy/804nPC0QDR+4GIGbP0KmRXC6y3iyjQnoOp+eSpWmd7TbfwEe8VyquEImdvoxEp1RGoHGyCPiTwvkKYTrlcwRZyYjywEQik3qOe34/r3a4RqHTELf1mNy0HkwSQ0/181MXR7A9K1auYbxA3D36evvTtQugE5sy8EeQ7Rf2Wikg7c3v/wndFLhlbGkF8aGRsCRQfPk3X+89k/4uR3RhHID4a8paGbWGhFkhgDWLq1oYJ/7alAPBuu+8kEAEZ0B4JyiJvhHGoUp8+3fkQiiLVEQcKbxFB2PzCWj6urFpJVywXWh+7LoEKocfGcMrucjRYa4Ne3YcEoRqR1+PZcLCs+rrVFO3eFhvw4Us844ZsPpC0r0vnRKdckrJiW8pofT+lcITn+5Ak54BhQSLebOy4zUUk5Nk1+xrNcRgUZWi2FpWXfoSweK+PV2UIFidRSE97s7fbAjcnqqMjYe6FrXDFJw2b7byr4Rd2/RLbJbOQrZ3G8THqmNBDpqLuOA5e50HAL4XV/+2z85PVtG0HXJFcInD+ukfv3/FRSq65+JmOOsSLWYGRu4TusLZx8bczovYZ25BsxxwLzyaBWXYA7W/qV4Xx7wIAr3iEQI/I2HVF01VJi1458vc21sMED96yNFVTQWYl3CrYqi+1RucYzLeUIDb9OKqkAqCcw6KB+kSm4xLwD1ECkHzphx7mipng5/3vqyUM1yoraoZDOSTz0KSnclrsu/NzvmjjCTiVXCbHEhXiaurDcEyGEVmm+3RlwCzcIZo7TRupxOJBKye364LuipcbvAP52bT9IHOZ8h7wxBXsTds6GuAE01dr0UIZFrsxYhu1wNXShqRaiFG3tpRp4HJJRUqJpvwiBqMdisprgOek1tqq99yi4a22OjcYUL7NrRZeRv9vBl9/QejApBjKVW4TTJNRFXcypBTpG6h0IR31ONh8kpMn9b3gJ8rC5gPtmgfuchNiiCxOYpkcP6cZjv5Uea2SN0IJ0ekeBwGoEPWkzMhYmD7k2B+ml3w0Br5ZqMBSiyYcJhF4SM9lmeHYZrk16IRzHpB0+HdOPEET/4hZ8qCE5oCiZpGqFGVc5GHk5TiHFiGMhqeRFGMP5K1cEA10GRZhWD8iy205SQT/NJKFIVdkOzOKltlFRXsTx8VYEaZmkTY8G4OWIe0kL613wzuyHTYp3g2YzOZRtFw4cbjKCtU6RIERnYl53aVX4fxhPdLVsreJXXag/I1BFtvj9wA9nQqtygvYsF4kyuQmeTKuuUu/9nuz4qQpg0z9HFHgRzCoBCEObFjLl8k6GFS3oWrn/qKS9JOO9G4jS07Ls6UPHfbXxF3MYmBX9Us/HNgVl/Opsto0nIvg2vctcUsjEMu+xBnS5Y9aWzUNzdL2O/i3ltDiojqp4UrgOAMbQ/QADJosgvGUBASyM//+E4SiwmzoOo1lokM7rxuoq3ECukOll7ozcU8yEsTOoNQRwGpTHLeumE7FXLuHzv44KQKCNhk8K/HOmU2HyoAROdzg7sLY2uOrSbZAXBdoqtRI8U8K1/l/sBn1gmARO4xV0bS/Br3AaQPYyPzdxk5fkmb/XQCSHVE3erA9W3Jj+yg973PWTE1DalU6NEnMXlK+47N7OWcNyYwDj/tVu4p1Vfic1CK7UPsl7QJAydiD+Po5WGwL20lmSJZbtwsC52lgskExdw9hbwZMMakPLxe/cdKhtvRYs7Wa4AXgI6Rs0MqNNniebNNJAwBvmU4pEqHBCVmrsjRbIvMS/D/7ZSmJjhL5NHaF9URdA0IVk2gEgjR89Y0oj8Z24hzYbz/3c8caOatLUNV11K4DT0aUH3kkMgW0qdgkoPWZ7epIsCb5xICd8foF1JgXHKiIYR3gGhFN3Tw7QNEnI6+MBkONSa5GpXB7ZtslxyIogTTdbGM8B2MI3q50CvvWNb61CPUK40/xB6xbAPQeho6EXrEyPceT3S3ZjDTuCHyScwmjniang9MiqkbAiXv4Eg9fGUHelMR6IYHHMnKGtnXfTlp1M/5KP28qi6JnP/sLIPY/amK1gxp4HxZ4lmp0J46Az+mLiX4Tw5AI/0sWsASlo9hPr5bsKnmYl+XQdQWw7z4uD6J+tN/kIuRgGRCPF0tTxSDPHTdQ/RXrAOZofCouxcZJTpSYEeI0l2RaBWxwaPcOJUGynJEnMpRI3N6vuSr0LZWwWjLXqNVZOGQqmCY3REDNYrvhE1VHOR4smoeWvHuuFcgJ8p0IfcXEUayx2/eXjhJ7DvulZ65vLeJ16SKO5CyaRqW8tY5FE0sZlVqnnHCvNnYAegxUes/SKLhNfd/ivFsp8ApYKeigstaY9yKlssHun7E6xQFE0dGsZR+ZSN0kWol1NXS8BzQWCVdZfUvjdOK9OZuNKjyrn3saGy+c5VmKOKZ7Wb84kLXJA2EPeZqzTVH1s/XIHL35ksj53clgCvVz7V7lwaIkQGAJxIJfsmucK3xNVB/yjxNR1FR8XWlFED3/RFwONH8R653pn0tjjBKsLpnLuOVQFpKeSXttkYZ7w78Yx7wVdsHZuaHRBn5HmoyoJ7W0tAFgzZz4Kzpe00IphsjB+zZP206qFKN09CLxmX76yZ8SrXONyTLHjLKh5zHVhd9NTKxgyRCVq77CaM5T5g4w5jZ+uNvHwlDHQg0EbbafiMBtFWs+66+GKNqlji7zYu/pEb9UQVpEb8ggjuWfmHxC2ip+bDSDcZJarJS8Re1SoCiE8afHdlOFYxvRfLX79AkXjEgiO0pyd+SncRpyqWCWaFZc0fYyOYpgylohkSkwgEyEqHIXi8G3sTSOdJ+m6FLgR0ejKH+RW77TsEKpjkEaEDJ/+Qa6BDGAeB0L9Sp7uTsROAPoE9HVwwMXLXuzgFcGP5cvmHeBB+9zM6oaLdbSJO8fySDM4F8AvMsnqXF+BiZJOfgbHjRCKrc4ICNpXvGOS1rKmVY2wJaCZDC/JF+tvktIS+YSihuK+drmNonMe/NRySHTQt5erAGltk435vIGaZJfF3FoRzK14I7lepdMBWRt6PtLeeQ4JAuKq1S8NK2YSEpZRybkMQ/GsAlJf3AbLJLmu9Gm7e9Betbb0TvT3WrZwboN3tX/AwZ0WM95sjX6YSOWU/0M/zdgsblsCuDi3YADk1paWV9nwF4OFyqdWvpLJJ37BJsYx6LiXqeNvZ4/fbu/FhZcBAactLBeHQ3VnSbN7yQM8MBuWm9772OuTot2Hdp76vF1AhckBgilzeM+YFHQ73W8WULE2HIcJ8WqmIC7bNuSg4GQry8rMwNwNypBASGiwDavQq0exEhzDtbAg9Hb6A5XePZILbhCt5vfxHf07YSd7SmP/f8l2hEhyiVGMXv2xGrUnIJvXndtN/Yl5ScGgxlUsZtV+APciYrsJ/UfcNk1UBc1t4iDq0U5afO8+CJkuyVpUaCkbeLh/+rFHPmipyrXLBmliNmUU/m3cAogwqzVkgQn8HtMBVfkA3bNONrzZqi7LZo5webrZ42Ommv0Wj3IO0LdWYX3vjntyx2Zv/FqTSyPEJAGnmmIJ1AyOMmtL/pJf4A6a7uimJqivBUqkUffkmZV2igj/tvX2RcBFcPz6zV7SgwACQTegAnjQm7lEYc4TI9s4DsPw5NRX0bOHY8Sl1lD1md9uOrHA9GsXJtmkpcQ9Ki7Ps/hUiJNDHLFEkNqNusFZtco5+NSsroyRwirS+qPMoK/Q+TL5fj+weeLlgA1VSU4mdzSPcBrm+Hcs0FqsrTlXfNUQOHrdleGv2Rh+mfiJM8mAwvUBAAk62p/H5bMBn/ysarNPsn0qfWRYXp3gwgeEsfOFHYu+axfjXRX6yw6M28LpCB24rqfYR9epQ/Hs+nkmEyTgtVmt/o0DB1H+p4jGKK8Y7ENPPb9l/8pHUBBTJInDAnPvycL2ZggS5KFgOaHIH8dPVoAkjAyrBZFneyI9cskImjoHM4dJggQZJtOeD+tUR0eaZXoS1A+Nr4UACyx7ZphkDjtf+cjw/jaE693ARbj/Qg37KcYLaCyu8uzeyOTMAAW1PXXWxHUJQ4Jn06NSpdMBedCnwx5BvtIvctW5Bb8zZkhQ2CgPyimNjKnO/n4HwAzd9x1GcPPZg3WVyTgtcL9VZlhJC0/XBtcvEJDfhswbtqXTXDBP13RW+G3onoJs1Wco3kZRTEUMHdv9stRV72yLTtPhEw51W1KWPN9eMp5JvfWBkFhuc1d4jZ87edenW6iqe4G2TstBAU+J/8QFN/RZFrmhZN5Wf7mwDPEuALWFnTYWWQxtzNId+ZCu5/slgncudGZ+1oeJ1eeG6pMXKwUSHDZUrH4TjEI+DABMIvuQaU8pLzGzAF3MIwvXytBNeYlNxLyF54XpIxX2UdAOGi0/G7/pN/iEO+gFTr7GpX9JKwKZdVyh2WN2k2yGvUtiQluYA8f846HSGA6NP4SRz7FhLGq6A4dXfK5lMlXKUkmx/dJhDSvZaiU0K+HX8KSqNpxooKjtQ15O9/YgM7e4VqLHy8iXBotaE+X8zPSt5wyAiafc8lYkgrwZJ8/iq4XHR+l6foNqk2WarK87fhDMHZbvz6KQETZ09lgOb9ZH8zcmmwMD2eaAKiO+EyilKOCKdZ4vZchoNbZygshMTuYYCJNsQyjHzGzO8zZdhoKqn/KjVKnyZpqQGyKPm4AoUpsWUgI6sK0Mi7ZHH+DudttmXhksS/RBGV7YBHt1yoUJ9jYtndMYl5Cxnw8S1+NoDipe1j6QldZLzBWbA5DR9oLCiuO6ut8tJAfvShy7IaXIVwhNmrYzzDDnV7Hzj3cHPskN2Q8EhxSu2h14+xOu96rUeJu40O3tQEtBunEEQMvCkaBXY0Je/orEP+AboBkuZsEzE/9AmvNCTktZ/CBF5uQR5bbxwUmSEFhLdw/9MxXyUXlHszplhehaqlI2ROopzEHuuR9BX+DBB8cKGI/UNmydYE5OrtCnVQDKNJCnfb4q/3z1pASVQbJFvvDZPS5EAYB4aEcozxNTSQmOpoAVCmiYTEgeAfn6wJ422ZwG1iT8SPUBDHz8jyCTyvBgTV1wHN0f3jE/B4msOnusJQaXLduEN5qgo1u4hxR0+KP2bSTqc+4oD6PHKn59x/RjgK/qMiN3peADS6OzGOCac6ZBA/MREH8G8uikvmQA+YGa4zC12gvSsvU9a5hI6er5vd167nimNVYfvg0WsJe8WlFjXXWr0+00Y0BHqRQ7/gyhqur/8UXzaaDyIMQQrlprhxAP4mVBuD+VIeL1qQ/ifVNBPX8U1dX3ncmgL34QiCYcMRxXEb9ECZWZQrs7pdizrVWCjwwKud4Paq7DoxQZBCSV3S7uBsVGnfzrjRCPEF/kfmLIdDdj4OnbhvYlkzZrcAR1t4RB+KVIs8cla7d8OTKGe7H/n29tQ5SEvtxHiAPv95QW8uXFZYlrHcRj52eiSm5X1o910hwZm9iPqVAZQY/zAs0yUXPaToXLewasO4oQvcKkknNE5345QvtWlZ+9giKK1IS6H9W0QC6HEpTno+hDe4nBrCsv/N5t9BIKSq4rS7tE78PG1Hg4vbNA1pi9rtJpr6G6xxjRRQVQyXoTtI5yBw27veNWdzsjFbBY8EdqwmS1IBJc89Xkpoc6U2h5VyaGMa1eZzduTaOusE1cUAXi4KP6YF0Yg6DrHbjwbpi/c3F7YE16ajFQ90TSbCHrfu5cQvhrMil9xYHMbkBzK7OQzCg8Tso0EdvJEN+GoanBtj/PeZWbEe1Um/hKw7b8RxnmXKsw9t6+9+lTRB9VRKt2FwqhtbeZbSkRlJuUXNxDbezvd0yvVzEc5hCiTEA1FrOoB5/x7f4xOsGjJVy+tblyxVkNLh6wqzHJCEiUT694HNhbD/l7fCtbcapqBhJa6iw6sXoNKeBUfq5fObziL31oHT8IQwJ+HAjTkYcXN82NxgfoLhb5c2gJfJbz4owNKdI0LLKUGauemaANeefmPqrYrIM2Mii+LdG7MyOK9LJrJpKWJzs0HzyDsM/hq/KPeY83wnmjMsJyTQxFx6Q8caK+5PMhuo/mIsL6C0RtaZbcSIiy0l0BIakuz5NTI2j0J22HOiZJwB3QlJoOf7eKj0GCd40Jky4S/9iwVAwPM7cdiA3v5KIhh49sgUc4CHrqa3wh1X+1/5K9CXO+yfUwmH8TRPsb8ril+GBJt6vUtWkUZGIrNXxX9h6L7cNjB8pUlBM36kjX3Ev65NuaQEKLKmLlVUtb1U5JNey5NYnKDfEY57i2MD+9yItdupXvFsFjXBrlizt1yJlnXmeaVXpHZauEOGZ2uSBtxo9Y+JqHg2PdNtO5QKGLY26jn58+EczjrCRcyFMqtyEAgKRSTCTIFUluhUuqC+FvWVIBIoS1y7s+vf5FTl1QNWomU9hHc0kQPjT4gu7PwOD/EsaTE15ZqUU9qtRGTl2fgABkNjM41IzoPn6UJf8SSGWDFb6st6wPIn17M6zqX6FyfQZmUfg7/zYsVhyy/sN5jqpfFh26E8wMcMjDfD9kFuvUtX3Q6324ZSRJUbsVceEiGNm2wRvb8bP7xppe/DKiKhnIQWKltzK/jBge820fNd//UL2MlP72oFaMIBLCFAmt0XODd5zXheJ5ilwoK0fwymjC2DSVNknfNTSXbZf2haRsnZsdKxkT5JrrP/uSk0du5RbeGifUcDuET35dRQUHIUO9+xTn0nwxNPDSgyfJvD5L3Niy28vICRbN7L9uWY654kvrklufJGXVc2EdMykmqK27K6YfxwjU4GhEOQyqui0dQRSZ/JufE7qWcwOkjTXLAqlD9WhYXiq2mE2zrAWliYoDEK+/c3rFGQH8s4Eeisb445YG1Rc+wBGYhPbZ4nv5LG9MsiuvTxRpVcU3qdH/TDeIDZBayroHypmG7ErAHtlEd554miIsyh+6tJu3diow2bOcf67xC2P1e1VonqW+RcNRppc5DeuYHZf9P8yRH7lBnHYpZ5yU+R2Q8XapCosveJFUDUsY9tOjEwV2eDMn+dD+159H42CQFwSqqNRHlTW2VaXtDvbUObbTBiJXVU5QFQV0j+jmvIJd9ks0PlA6qSxK+EG/llZgbergJqm8yPTdBNbzYnsJyp71Qye4cKsaldM3WqoIyi2Cy3OERu4NAmXMhDGXGGHNnRorI+ztLss515Ij7CajjeGmTx+SQa2mH9EWJOT9AM5pliPWO2VthqPrTd3HMnFXFvbbJqK/flBqfaVph6+/8CJxMSMUBqrXUKbg78ajX29ojtPUwuKhMCJ/6Nk/+mghOg0afdYSx9TUSsDLwAfT23SpVIQCUpZzZNMurXWNzoZdDmb7BNAAEdnjKphhdoRyBqaByhsxYr6TGS9exQ4FLmFiZ3k9Hpro4yJUrUCGG/PvBvk7s7TQ1kLtmiOJO8pet3wWMFWf3aXh9CFjRRee62apdo8zSQy3CbsoCeZyg+qx6JFNXS+sjydMJLh4hoVH6bR+2d1WxKRdgz6NfRZMU/mXtqoBnqIdnFli10KKF6D2HnVh9dF7Z1vkAGeDYqMAsps0Iy7/qPNm3J4Z99mQ9QVCT7MtbaVV+Qiv/eNFADNkRVSxMPzb1XKqpZpqn0tz78Jfv7X3WibOIjQSTnA2Xn8HSvzwWEodQhCjKZtszUEaw64P/+3+ZjfG8cleYEdqaIUSah394nEo8V8SuwHC/Zu3yDQ98T4Y+qh/OQt5S0qRBuWjKA+K6MD1pv/JseDIoJuZJfl5jLAGnn3Et+I9g81I2NtKEaH8jtTKH/0kF3fjho8DeX6ZdYmbbqW9IfawlvzgQCVnTYIlgPmq5jj5OTOitxfiftbmK78KLjX/rtXJ1/k1dRsb1UIab4FbCsLFUyjM6XgOdkCHhjn6myalEaMM4o4y7+LrFQUsDxneaGJlLLI0RUyUFsZaxKOISFdSI/Y/VkD1DAygdu/RF3wY/WY7QvC+DbPwb3KVnqsa3D/uRIrWnhW9OJxZA9qN5/DftXFMjwXU/In6tMkj6YpFv1KY0ZKH0YHqLompT0GF5g4jm9T6/sVyP6eCuv9RMZ7uymqZtHY002kcZ2gV/fKv8Usb8Hq/9rzHkss7y9REt5cVFNduEWzvW1Y+2cfq6nvj97K5u/uFjA0D2/3LjXYEv9GicuW1hf24fZ+O+drUkql2k/2drMBpmrxlKR0fT1LYRlO2QY5/0o9FW7jw53UF/CV3FCabfn+ZH/FRtTWf6G96i+vmCZbW8TTkZtb0eEMS1Em1R7uu0FxM1U6QkBysF5htRiRP1/JIc+DS88AYJN1TdUvELyyaxGjegqNcJoPZG00TEEjFWW5NQne2zrRYu+iFwfz72wnoY9o3K7/KpSyFhj7+SirmPESZReQgwm9BGQBWhbdKF/gF9NZX0hTjT1TTXEmlRqXlkWmH72oUHE36ukxiG739LyKKfvqtnmKULuKnfnXXLWkP40ZhCBLzcLTuhxCKzdqaPzNkv2KH4dBaNTU9Up50VpivN3eZQoEqiixXsZ5MpuGcIFJIZs8pq1OhpWtLhD1aYCWpTDdRwgdnCcY5DmJc+jYipCmzAJ6xrh2gDMayPl3f03BgamSEmVbsniyhOQbHrbhDd7RTwtXhAK7VLED2uF/0cY9f3A/Ch0X0VplgLimOOrbMnrKHN6XjxGr08ZodbMB9DfIy1DWFgY//kqWIL+zD+I3+PGVJeIub25YKq4T0ujeGWDZ7zwqQbInmINzyDHgRnTy15XhGG5JyIp1FcUeZ8UaFC9fj5aWY/Bq6GY/w5BVM1ERc4h9PX/iWBC3/HaJexnB0KO05tQ/U/P9Sa/mkkxnsltkY6G4bh4vDbxre1nwUJ4a5Iu1Sl7XKmKL3LKsa+QU0sMZlsy7O6axG9Z7jAgf5bQHxa5xZ/7ES/7L6HjpRU6HxgfYcMxhKuO7cEYlVMjj1aa4np1HZ9pzmUnkgilqv1j5569CcfM8kXkrYYL9q0Y3ptwWuWtD4vo6JjJAzoyQ3oiZOIhtNKTfYk0LaAPcDs6tCKNnVij2Ob0gDoMs/CIgLpwzWO0wq5WqqAfNnTcqLtyHi9KnV0BccqzFj2qIi1+Z8kfOASUiBUzKvEUnIEtnZENR3yOu34xJsiFYDl7NKxLZuoaTK4jPaGAPHKnnd3M3dFWsQvNBLq0dZ1IYzpwNf+JRLkwfT7PBGM+QQGYnwAmRVWDYQYpZ3uUStvVdbYY+qQDomcdqvHFYRv5oXRdshqEQm8e35Jy6sDFXM7LIsKLHhuIxJrcEhsSiDK0MQxT6T7BpjVGpBDq8tWLSHTd3V46GkGQo/2F9IlgbWvXqLtI2FIDqMzgBVhuD35hPor4fem2vuIyH+1SyXGyuKdGHCC1hU2jdLKv/Ef+IAz2N7fRGueTktfJ7mpg6gxUldA9Bl/mUiaN8ti6ZUyNONwdzjozqis1njNkedm/z6B5oycN/cVhgJFNSVvjl2PiZ2+0dRUhKR2OsDt8698WjK3tLnj3r0Hz/+Uk/Rq1Tp64N5sTTM9Kpu3VO4ZF66CwlupnPhaK8oGPnFH7llvnH/nDHIVjH5GzcwnOaXBsxLKn2JAjw88I3rH2dZBr/jJBqM71fYiu7qKuC/81aszCgF91hBf6YVgmS05WKOj4Di6mOXe3z3ww12njHUFVQTdTy7As4jG1wKaVog5zUP9Mqqgx66L3/eCIC/BgXAjEmGFdA3agpqdFMO4wZQlpRMaYGlybmMnR5lcgsmsdgQTk3BPG++PcKFz3KjxdO2Q9leI89c/WyC/S3DxEg2ISl6D+LL7m60IkbPuglnaftC1eKy3qyhZGO0RihPrKixs6YUn7R6jghisaLmJJSaGK67NSSiK0rGlew+E0TSxD5vZZ5UBYMfLyOWqfjpkLiru4N7ILbAtJ8a/tVxgpZzfdiuMP0bQqCvqBRA1ZI2/WERPeQrcmuPboUVzarB0LXmgcJAtcGDzza3XWGgvVP00TYEO748WjBxiltZrVpS4yO9tgSvNhPJvbqFaoxFd+oT5rn2qiFABGF4GFg3lUt2N4xIZbu59MVibZBfuBFf0lFueSTJHVSHXQec350BQ53C3bQRuyZOn6U76A9Phqzof4SRnqv8Rb1oHGpgX/yKuJea747ethqyE3USAmqFOpk0dbvYXIP9TSER2TUs/nRTRnSHXTZCIvew0XLZsVkDz+AjMfWJeNG0kF27SERgWlu2CVQuf8twZoKX90asiqG3LFJ5yHL7pfPYEklTHmVntll87SzN6iT7ymwYQOl4SyO/1VTiHWWcq800aFVnWiKiDahPD5uKYh25nAcqJJ4oxil15B7Xe6OM+67dKUqc2BI5s3F/F7x5tP4xvhs5T8Z0F3AGA2jkWrPuVyTa7p8m+2kUIGINX9PsG8JlaeWe+mf059eTIZZrlKzlFKiTpKAkRaYGcDqyVQQvd7IWMcoYOeZFFzxWjaJfUGZcvvN9NXAXlMdcDOJU2UiPIUIJ3pZsvJiSArZVO5lLnHGTPHRn1JNBk6k3rnyiNM9wv0EaUzmtO9Jj9/Qjf/wv5f6gnouXF4tBUloGmvJ8BPebCSKueBDU4hpBaTI2Ema16yyrSzVF8ohU7piWniZcN0J6kjeSnK4rOehKjDjziXMQbeJyf9zJfGHWq/ChNw79FMUT6Qo0/Yb84q8trHV92KDDHS5KiM6efE8wYQ3SMkpQG2pbujmgfn4N8NjkgaZYHfCX9pI4o9TmC2PJhZWvsT0UD/YynZcZmm4XR3gsZT40EAt6n43eDHY+qPbevUO376okzdrM17l98i5Y/VgUlMk6zRNGpRWOogo6AHiZP9ZoMGA1hkVQO7+uD/z+wGLLkIhYrQUMQ8G8J19kVhXtgjmAOeXheMq9Ac0voddhbxcggFNKLwXouZQEOB3CZcRwXZceCiKS/bq0D9t8AxEhjpoYMArtdB8iaJEgTai+Vm2iJUnpj/O87YKMgtUuNrvobEPvm0Y/KUZTp1fWzJPaEchrUH+LOExcgaufsivmqzwyDV8+9U4p3S32zWhsxU7NTaTQ8crYqhNuc5kwdxEGw9hLhtPBN0mtseIYC4s7kYqqrEjWPro9FmXr2I6iSFVNLKGSMDCvCK//LnO7VErb6/Oop7z7dDjF/Sd4kQ+c+d6mtel83MPEtKyYNSbydur1Y/dLDcbW1TrgxQnhDdqX/eFiTZrKke5gfG1u2YQxVIZnzF7FxUiBNq12Ed6Ywfp7EKEDkzKfd/Knnn64CiKHswzj9OASE9t/03vo3iF80hO6ioMn4dD/785isVt9HmQ6VFbJRaob8Hij5ZzqLd+iHT87Vq7g9DeV51nHe0vZzf8qX+l3YKdQTl+FPFimhm9v5EaOCEeA1np3msw6SgPJomwtxpT5DZRU0Nj+b4MYm2dT/T9Phil6gGyweuZX7vtGczfJFmzaWq/WUGRv685ZoGqjwBFCUhK+IJXrxi+Nvxuh+f9X6+D2KBEP5UlrjmYJKN0dVl7c5XKga6YjqWsTETOGghWPZf3D8GLI4HMZBgG/BC5M2YPalf0NOxrku4P5EuYkKjMTKRmCyRzzi7PJQnNVPBp0gTWGezaotZf/NORBe9z93Mu2Euvp9o2Z0Q7O8Fd776hosmL3mi1NN3uSQC1qzjOoD01bWPZySY9BhMI6p9kFO9d7x/cGKoIEaRIzLhrGO9n4TWelLKlmclKTgGN6qOqhj4YYN9sG5LyrgxmTSwBvm33gtjITKB6wlb8VDLtvjKVhLMkUaIQeSNuYg86FIodBFEHE/tZo9sycavHZUqZ1ocRA2NtNsqltIJf1cMwl9LlKo3m0nrjWc46aN3AuKwJX1q0SzzKEP21qMAUnoJ/JW6FrZJVgF97nPVH544gkqNjAXRKPPBEbXujSqiWXRLBODPSZ0nElHaqAY//B5LhVaAMlYIuYCRDjSZfZrK+0UJwSCQWaVtw3FC4RvB3jHM1Pb8y1SCr4uEMvSF6PAgCUpPQNJtWc5IgvdVjLMa7P6CVL3JR3+2OUa+jK3PEC9apjJZVteSjWkNs0zeepjJfP4eFJb0wyhLQeSPdkNHEnT89CsiE+UfLF57wJby0m+UEx2jZ33ISJHiuC6u1NF3L01A8lsU9jiohlP2Tcp6RRnCXXE9Red1Ei/GGpxZV3rfusaAIh8EF6XLYUOUe9B1roBKjnmzYyOpb2sETS+YLPPJ+7nwDB1h6HhPAfkrWGSI8Oez9f4OwBFaKidbwd0ZcMv+7hfejybMm3xmJtC7PUUYtwQ1kkRtknKPfVpwQyhxdC1t94MBISATrsKXqcx5ItvKCCQMtvChDRz+7b8czf1hcxUmfrkBOTQzl7LO0xhrJ+qpM4Y1knnlFUHP/MUwTGsFqGQFJvZ5dYjR1lZAMRqJodQF2oCGf/NlFpE/fOYtfSXJjZ2DdHuqabXj9zwRLzaCtvpiK7+UBF/rmNz9Hg1KqUXt3pwJXF7E+TgrUqA0vl/e/iQg7LUHxNuPFCnXQpRl7jhsc2yfguu0UAWpJFxS70Kujr/SF7h9/mc3kPMcxVb5Tua7TGsuThX6s1qB4jTeCbO/XJtNxHWE35e2X40bs+KgXYZ3W7uzq7vYPOgs5fSs4c1GuJY76rImVWdMvGb+TjDgUlawgxil+P4Nr/P7VrGuDHyhAXt9ECsIw9WoTAGFKyZLPkdQlK29g1cpLLINnfPzlKXPjCRIrgpSNpjBsYe+rCnuarW4MmTTOEwnQfl4QuPShiG3pkLQ3XD/Xk5HGckLvxjV5hdVqJvkeonmP4sk/O76h69NPfvbRC/e58nzRVl5xwm6KFF4lgz/lXEyIo5azLgxtxB+mNi2AJqPqOe4Ixxxh/+jHte2HnlCREx3vw1m83uptAk5UI5tk5UG2i7JzQqOYXZLwxgIbMhKmf1jRsVlCOND9cLvwpFMSj686BsuKuTQ+0/GPaS5J2ja8UB+k8QdajHKyO0lNTsbdc1aTTBlSEdCzvyMvgJKF8qVvGhob/PKNgyElevkRH33Or+vIDDN/9gozaHuN503DVEIsLYV4CoJVJokelCEOXCIcBVFsVishnkGIpmKZh8Y9IyrLxPKR5FuTwBcvOxyd/Fa1oRltDI4eZ+smbnFxRNSK3BSGmYPgwrQV2nSL/Zhlv+OBSLazjphoXVWKJ4NTJ6sARKsA9ntVzviy82F7hZC6FWsU+cquG/NMl4E7vDp2NQgxKfi0whXGzWXr71rFdZ4eNZBFxQUPM2mKofKIulLIkti3Y4IeW8oNZre2iOTSgQAdxUDJ5b8fS9gCAYthLrzb+U7GxKAibuzm2Hte/1JGNNll/oFMA55Rt+mdYOCbtJ6jb/5t2lWdLotIYQvEnIeP8rBf6ggAWvFIWXo72fd//jR2Pt87dJHqyMhWlcEo37MNXkM/2EfpbZxgpPiXrq2sGt4Aea2EqvKVo5L+6xW5tYmOR4Q8ECYhawQmgsHrP3FIELwZzZP6Nz+qd86Z3uXlg81WLp7l0LkxcDUbl1gTdHG9JNX7p00sRHe7nxpCinXcWKbs9/BBfqtnovfrx3W3IKhfHSkfHjIsqJfe5dTn3+tU11dpXcJ0AfEiJj5EoH/+LRrrdK/ZcqKCzmG5JUsr7LzE4T5vMWJJVOEfugDRYVd594qrw8cRZWMeXYqfKTWYcsqXPIcHCAm890DRp37svp72EkfHwjwBaPFpucggH9fJrWPtDNBTIYTvZm6CJs35Tcs9lLuEm3tGGxyLnW1bquvQILcdL5n5exj4FBL8GKkeMEBVbYUSm+8eypIF6XcnuKmMb01OrCkEpnGChfkWi1Pa4C0eD1xAdMgtsiFTev8Q/k5YZFvO3vcQ9QUmf/ysiJ/yBcrbujpUDA6XpruTo0S1HSPZ8Ccv9YvH6jfd+QfrvH+QFyg1NEwKWQWl1/+lDlOeLKta7H1dTuOh9nCb9ZfFQgxRoNbgmZMqk4KI85KfAhdDRWb+zGYNVyeip7+Aoy8g1RJHyTN+3YmCoxJ9Ti1/6SQz5Dv6tF/WkJPi8DiRTpKcjo2B/2lgqe7IED4S2N4WYiFCBQchDvWDfajhY0C94GKAzNZXar6hvJ64OxBT7nC1mgYtH5X/aU3RbMgzmdwNmIq/QIrckYjzMk6YVGDQXivlj8NUxZQO/qGnKudFBmNx5SJWtiduIGcaOxXU6A61ynfXHv6tf1OqvZAhCNeFsx7F9KdtEN76+ORmhQCGK3Jwb9WJRezgoaGgPWir5g/FXNN8+V8ytPjtggUZquhPG2XWbXj/8/XQBpt29SPuP54m7Xc748V265as870j4a7J3dGk+cBo9V8z3VTXsE0nChOrpva1qNGKaDXKeCQ5ZGSjZt0KQoGiX7IooCytjWAzVIVOzdtiymmU8wEbHtxvaFeZtjTelmd5/LzLNDWd0ZsjjAcIgceXsM8ro5A4+i/pAij/p2LSD6O8XVAtUVnYxPu+0MgOx+jhS0gxpCIBc/yRXs0oPN+hRwfCyLfarIdECYfsNOq1AFGNHHYUUJ6bPsT1H1DNheje9iXr6QZ6e5GvY/mwseABkthaomDW/uRnNIgWZtt6bGe6HO7nGodr2QkNvoWoqBsgO7cvzxmtoXEoe/FxDhzftS5AmXhgnGlWotiWySoXsk8hbe/4daSN6TSfd2MiswyZX1Tl0tHy/E7BV7+i1KQMR47KohvqWwIbzPyM9epv6+VAtQUqr/+5divkEcDGUaIIE+JQCZxwnO4cV1PsfdAKIatc3n48jk487LiwfURxGCUT2XiOBkp9axoxf5t7NQ3d7LYKoQyrHBTDvVN8wZgCRkFO8YnscggkCOu/m65FHee95xsx7BPuq4CbC3JCuSTEUyrBeBHpel1jp+C1SJO2WOLpdr+8dRzXtO/leZM/5nXTJ7+iLMeb4msg6NvgEhIBqKDYKCdPTWQcDiKKCpZI2JiB0ra3bxhFs6uHgEJ89YSp7sYiFolwlSy6EtmN2TQ0Dw0V+PkooQbTfWxJYXn9iiCajVPi5TVzjerxY54l+hz5oRXJIzn6FHoUbwGZy3fVqr//OKVUog336aBO59E4IYBrYKjce8vM8YgM3gEzAKVhePgWz71ulfq5CQmqBYerHVm2LPGJvYYmntTRhPjamowdrx6tfJvHB4neODnkzmDRKMMqv8CbVpig7m63a4HV8rVlP0BBvil7NFhJkeC3cKtqDqCu88PZYdxMhbA+Ihep62K3gwyPzwlBLXHnznCCR8CQUuRUUHPChCSLzu0Wd2c0Q2Fkch1BsFQZOABrdbOvF4rSyeJG8yLHL2X01NzwbdttuAcup4UjqWpUBv1n4au9/4g75lC4aHGQf6OY6c/BauYN4rdfnVqJna0Bipd3zQztf6RbZcrO1S/sVMmekCvYk9ULlQ1RLhm0L8BnTdFuwn2iFdApZrE5xS+jMx8pY4UIx/Y6iLkEj7ZltSO0uDj/TpRio7CNWSegdwlO8f+Wo5S9ONX8FSHeiQTjGmQIcIvyV4XGyG6Pwn7FoI8zdqvTd78qeOVohDgsFakoinifWk7cGzqRZNRgnxikZeHHPCiVXOazZ3VC1luHgNgv0Y//5XB0lh4UWfupr2QyzNV7WnEcT/Q1px6iqUxlfPv5srQF11DvmWp79rTfJ4tjmeok07vAQ0/BaMiq4iv25LJmfZ9GUP2Fqi+iZ9T3I4dLSeiv95MKO1fHs5usGVFU0GoZBYLSYSxsqIy4JhvmUBJvV7BJdqAcM89YrvY7zKxFj87mEAJ2J7XypvKs/jiR/yMgiF1nrD9TTg9lTNseDEseawZxj1S/EDNwWKvLGa4m8cobmZXq9nylzFfS+/+YSkmV1F4qa8dSCerPvS4ciDMix44jRK2sRntU3QxTsiw5ZZehup9Pi/UD5w3bNUNvpOsTr6qqH2kRbXq0ti5CpwOH3fLfJYPrSuLRYeRjVW0XLNh/6zGqr1tL63z5LdYJY8zirYILoyXVz3qR1dnhfDvHvKGNMmr6ne/LQXOaLcBwXIS6EP9XPn6pqbiqeqfZtply8xvgqeQS57KiTkMgAvzeSokC3oeIhH66fxRHdCa2UCehhUmM8j6PfQqU8TpM6yo35bHM2XVfo+TJ7JQ6yOvtytDG/xXjUymex1lwrRBS9bSzlRr3NRZbb/nIs5q3I83vysXmrAVcqt2GOn3tlFAQyrw2+gtmevasiusYwxtW9dNSqNBhq0x1GUBMIZsPFpGo1pGvyHpNaFeD+uyPlcbqI/qGaZE/HIcXCjnNSSKbWcWokQVlDZ6UaZ+i7BnYBAmeNTlaV/ShbkLQRCD77zyTH329kpe+CV0M3zyE1I2JPcM6gdsL08fAjFLXXYl51NfMfKiNoAHBQbWknntpUk4VbcH3MGjLlMyvAIgANc4BE/mc31VDnSvozgkKyeuHv5eNg6HiKH6Www2504MpJW4D91gVlzMCT8VTyV1rjpnvFmVoF8qdkW9VUGt+rwmV+CkG6dDuCynCUlITzLWJw7iEs8UtQNX7ZAThgyOJIHNkkFLyrSWoKpaoqP8bNhKQsQwtSMNTRqVfnHYZcRg7gm644daHLz+b6YkOEugN/H+XROseaw/BLUv0DpzN4UtoPYUZwtTeWUoVh/3/u1ae6gjB4CVJ++m3viA4uIlrSP0NprDJd/3NVhBEgITCOk/dM+179wsuqVkWgL4YTHy6WipInWkVIVD84eU7K7498TfqAZ7kS/kCi7om7qNRzSdp3DvKaAac4R4Rr4k9h2x3tvDGoUqHSgjhUXZjpN8HU8xFvGn0ISaiQedPDGmZGqqR4cXy3oyCHn09uYpx1enXBdd0py5YpkC33npkMAneQJB74dc0kZ4RKUZiVHN3oY0hPr2uHR/4xE+iKiv9eOt6NILwu8yOv8aXVTaEXXEAiG8VthsVPQhYpX+nhrCY9L3Wu/tZmH1QmS+8YVwSKu9tvbuHv/wg9TrHaazaBniw2NMccF9EyargrLHz9xP3U/D61Moz0jCZLbd5kidZgrKrzPqkPFu5XdwcPfi3ugaKTw/FMTZdD5H5MnZQwIwTJjvPvmqApUo7bXbqeidg2lC9RXnt9uUn9GoDxYVJbQxQ8LH86G4Sn5SBPvKeQuu9IskQaIth9CX1MinJjpTbESQhOYUrkfxQhiWr92Wbg0eT+DtSuwPcG2+kRNAyR4RCs0MHhhtl5VBQpDXKavZgAc+duQZXfHH9blCuwlC4VPkSzlXadHaQN6RORy0BgxygN1oqwIX7hDnf5xM3d8Al4o6lmzTlh2wxDZc1r47yFVuuLHxLqSIYsnohrrABkDRJK+WZ6ceKPG5DFYF5fX6ZGfZyT59ZNYc2B3G9IH8SjvksGPLSRmA3de7slb/J31NcQuX3+BZEV0o5sv1rplBCtOpA2C/6PEgbwmkKJfp2Ib6mMVS606u8HInDEdKJS9u/scDKBNWBrIqtuwb7DgzF07viBx8IpLAmAepqQ0N37ljjwhIkhFNGs7LhE05c7itnTW3PMT8q2mP/ydBLtzwjX5W1KAiXMUex4YdTVTIP/ltXufGig84c4VGr9De3KnmGyVlat+c7W8uHDW1sAciUHdikNt2FfGp1EeebcSp71zLzbOL9eIF22Exj0PeTQ1FaXajveKKKV71/gmBo8gejXdHVnyrjU+npO22I5PfkCkDpGHQ5FRzIvtmrKRNZ+2bQx4TEjk8WQi95fonyppmUoCAEWYogzuTRRF21ZLYm6hsEAHcJ+KR7N9LEB6egSSyBd1z90IhpJeW/E+JuKbIdfIS8XnKyoySfNvPU1wWgfnjxL3aL5ssxsUhba+s6B5bQ4MBA65Cebi+JnGo6IRLF24WLHoj6/q3UF4i8iusfd4SJRktGT7QPg4HLOFe3yDXjrC05TGtVv/CUuy2gBGo9VJE3wgck8YC68CG8RoGb9Joxni7YGWX2jMOwg552oeDzBK2TOswB92GZGrTjdHoARLgvSrEXZZq5Dz9NRBCv3UD7+BigAKGtZs98B4V68eN7W3XuQnnzru23oLv9InZvEdQmDEz1dOrNQv0RP14EILJibGy55JFVYJmV4bclSuQPrKZ8n35ZFbz4yFBgHgtSm4wseXu1k4MZ3lq7iV/qp35D28Yi3fILlubj/20LWRUmf5ScNn/sGqKNGyAxOPRQuuw80tWYDcaQGhBJioMBYx1tfYcfQtcVdkZvJKjQj51G8k9zYggv5mdwkAfkhde5gXqz6hNKcmmYhnpLMsb5DhULONLy4Dqhi0sXwhTYHwRP5WhazGuhq0gUA0KAQzVcr6FirwfiA8VAXIXPZ0rXtVbfRRORKht66jhIyV6n/HnWdmF5/nxcNdQEUGG8MdSH8bXDLJ7I2KFi21Qn5gjwWzd4QL8OxwrFz/tfwYQ0xAlvTIwo2nXBsd9Q3mWAaeSQH9dkMoZFlldCMA63J56eEkRqwTlc3cVCUGrP0Z1QjRqtmzkAtyTqe9Ab8kxx3idy8BvXxgqho14zuD6tfZ3H6F7IgCmL+fZB24I1IJnT/7opW4FD0vtaO+Jb0NtZcTZpfQAROg0o833hlTMK39vPuLvn1ku6rLbe5xYaINvh40twx1sFZ7FrmlDVHfYjNpXgydFTXgNSF8fm4DDuiKR/tSBpY2suU/5dGEX4rKaiYMhB1C7mshHusinNbFcemLpYqBYj65zeVUUtL6ZQK/SJuG5ZoL3c0sTV/GV4p8NmNYNyvq2u7bJtKGTOt/MGvvst8rU1I9HIcSZE46a7j8QM6S+2kYvivrzrw4V3bSyPpHKjpPztp9K69sppX+Tv1uZ1hVmexZxJkUfZuMhENLpQCRBsgEij8nsF6XpSv8c9jXUeDcYI15FnEK7OdSmy/+RooG6IZ3SwxhvwAaSs8R3UyYOQ8FKHLLTjvifUZajmSn8RzwgbYKV+yHDb/8jyFEVe4IewvsdARYOzOgV1VFoMOQ9qoJqKvaf39D3jlAULV2zkoAi3/kTYUHmV2LCiIX4/E2ISPvDGXYGJy1JDDDcCUv1igyJ2ZBVCdEGk0FcKSpicrvFWZL/OwQX104g4YZJl9HapJOyCvydXOkXOy3ZNkWuCFnzLmXfyewPGdZmh0Zj69Xlk+gRyds318clcQPxNVKlJk3RZ/DWdluVvaOCcgazLUfYr1D7SZmM+5cQDWd4eaiZhFR7n35i6kOgG5D0RFs1aHt9RLfl2/DeKF0AlUULMWjloIHoInkVen6GltnePm1zpfHBxoe/ZKR6Z1ZIpbhBDVYzswxTg0K5ZCNPRjno+PJs+BsDA/TsVLMmokKxBNpYvJn59qRLBgXgsMxtU8+duQaXMFm54qi8mR4Qm7uNOpWdiCICPZ9gkZOJ2viAUMV4tKpx5cN5eRYb4CXPyII07z6TQ9Y4c4EPmGmt3D3MZ93gMOt0pa8CW+ofmSyZjszOSUXgnHvoZPxag75U67y15sZgKjB3Qwz57n468YzusT+46fVARskaZv4KETv2/POfYEKYd7ROc794FPVCUI9tik94ZBJu0nQ1DcrmwcatjLF7ZtOnn0sixBR5by4jaZrXDmTR97gdD+SNlsOr8TlPQq+kKFF8+f0Ro22jyAuiN82hKObLZOjRL3XtuF6qZirwLP/5LhBkjC7bpkn7cPK4ZRBeZLtRRv+yw3RkEqOa7SCIXtN0bU1LbJ0CYAIzaT3uhhOEDVQjpqxCvu5APo37yez5ce7L1P35ZHPgtUgElbMHJJwufcp8erhDZg+3EjYP17TeewLoaqhKKFFan2sgZx7OLSk5JCdudpcCQhazNn0MdLsJZocUBO7/Z8pSbNGPY1fjQSrz82+oZo0XXTdyWpZd0TbFPzkUZLUZs2cKaSLWvSbNkJUDGiym2ej9KahEID1SFYOcIH3p2TM+qwX8pZr5MoyLsDeevFasEJawd9CJcNQhgpaHoxqQ7tTEH1jCdkyWhPX0zHewIMfRJBU9ERG68UHXI17a7JmpU6J8pqJvhp+w4tOSoW4YwRc+DkC3mnicZPdv7fskO5zE+Ig1oOws85ccPTEtIZkeAI59kLFVOoe4dXqS7WXq9W3JBYg279o5VhbGXKrUR1nt5aLrwtbUJQrVx6ujs7pomoYFjIYES5WSX5m6tR508ywHoVYrb7SEBGgKphSEQcq/LhyMzF/WXsLwZCXA034blrovy76gq1F0HlAy92GwQObWdoGX1TE6gBObrzPUVESopX3TnK0FXeI0DstMXaHOY+8bzSFcKyGbEfpZeSEKL5NshZdVBgW6pH1kUXHcJIQxuzyP4nGa2VNJfveedG8RtxeFt6jMMOrkFfpeks0k+HzZrMPAxi8Hj7Rh4jdMRR+DKxdQJxf2UxMyr+OZvEL+mQMldGHMDR+7JyB9CWehlbpwDhZPoXg+twjtQO6YOA5+XbAjfnyCiB4Y8jnPPxiwHnTNEiNjwkvzfilyAbQ9AiRLwfD+Djdead9ZycFI/RzQYZFGSuouHsrhAo1G/7qqr6TPCpGI24IU+QUyJW3A5bx7scwb4xAOBPx7T1+l+wH3NryKyki9msBnv9LCtOXH3T+K3fNaFqnLVLYucfAbEhR5IG1n+tzUWFCDpvaIgpd60aOzezq9L8CwLN7P4Hvg//tWwmiIDJLqM8aeZW3WI1pb4H7ZM4qXt3MiCOEJCHz7+9q59n8BB8XXzrmauI5qjslfxF93ebzgVZbdFjfpiFgd2sll7BZXG4lyWBiCyYjjiIB7nv9wfQdrdXWjFf6cegtHDCNP8PbAtQ3dtosC7o26WUMMH9CL/51jzdvc40d147cyB/HhqMm2w9V+KKT7fJUO0k86CrMm20Mfjq7sqcIAFqwZGggzCK1tvEOtqF0u4HjaXJLRpuiRgv1W4xTiGSUn45E91S5LVBsp76fjFSJNdaGP458wRDbgJC7sjKEKmdATHh/K+q0rd0YEa0Ep+2GzdBYeqXfOcjyZi+D2DKVWotrkus45yLW6y+14MwFiwiZU2qxdXS2ZS0tGvOljt4xItQNcbxlNJpTKQ0XVZDTQX+UVmPJt2wL70KO3mpYJOyhjlm/T51cX15v/wJS4KQ6QvWhmXFuk7n8znM72ut8E5Gq52lVYxvXMC3iG4MowqX00VKwBamCYljnecOLx2FobmIOmVv4WA/G5tIqvIAQn48tCocykEpfAexyWQs39f3TAF2vxVWclto6FS0r02HBHM00athQQDd0IhMNUMDp2vj/pfNQauT/LY+4XuxImkTZV0LM/y4wPk/dZegNpkmzutH3h2dNo37TyoLlwAx79lVaaDYNMZTY3tYTsthmVUvXPzVSU9uZDmo0OTjm6Y2kIKYzdJVUpCs0L0V0qCLPl3d1fdiCyFT4r0CPQtXEGDhXfNPLtdDMp0jt+DgkMlcb0vBYCiWVAvYxMNEuovhX42X4bGja2Obp26CfZgzP1vKtu/Pes4ZugA+TZUjRW9Pds9T9gdanxmqVqnpmr2IHK3f+Cx7s/PTIAeQkhtaVUn9lRPLd9EAJBWvTM4M5Vayx88IdqU1qPk8VRuVtWFYOzQgxrw89lyU/TxiWlOKRchEiV+jxfLq5c8ymXF+RoxL9x5qkl+0f8WZP+0ikvozlxKI4TkN6ZxyAI09bzlM15KHjWT1GRdw6nRjUSyloAhnatU8YXhvqgRkf3z+RuuO5RBeopHgJiShRkVVJQpSaECjvCkatxrzg6CbEqwwM5R6EFWvTOmvrvqp9Ch7084IRGWwyeTnlTimOcRmYATx2WNSfyTKn6g47kOFNS7GL/YwPDGy+qBiqsVhyiu/It2hUmgCqwwo70L6biseWNx/JoIhYkq/3jg9wc+VMbg19BBRMKHvOwWq3BAZTdhYt1QZSReBf0zS7Oxm8sHJ0lSripVb2GVTXxxMh4v62FiCzZqi/getefPe42ULiqihrrG8k+fSz17KqvrE6UlKvjiSt+xZrShlfV7O7iRQ7Eit/gnuzmwWNkjYLK/WE0VODW/9/ozrbOVAi4MZwy2dboS+Xm7g92fzOCVL4xRfGHBQfiAgKtd2EBEXrXT8vE1NcqDALvFrZfEusl3hIp8A4+WwrT5+FS89NVKn+J4z4HNZyfwUbd0KMRQjb94ph1zGW6wa7bgRXkwKEavE7b12W1AGVT3yGnNtsGo8tYNt2LZdGHe+SRjWwip5rDj63tHkwtIjN1TjEYTcCFp6BSvxFgTAJO8AOJn7xfsJqDIAQAjVKtjbECWKdxyxUcNZTc+1cfX4Xy6sx7oPuMI/UCjLM9O2YrKWf661tj9JPTyreu/jMx9XpuG/HoTOnOTf8qNZoeyNLlEQDg20n+1vpIClOL21gaMP1baZUTKXW6NlD4q4x5CSzdiBnS/hdBYQqBMJKfw5hGsEjXIGOdDleLh+WeqQ+flTUSP2iR/LQrUfmHGMhf5JHDHVWcRPs+eTMt/k4YTjDt+RQFVetryBfuF4vjgWObN8Kh/8Q9QUPXUKJGYi0RMirZ6tc2rjfXpgi8qTIudC67Cabr5VOWoBcUt1xmuo2uDqDLDqh0OWmovSQwxTUP/9fMAl8q3K+ARe/RETAkqWmQZPyKaDiMJzAaKmTkWfuK+j/ed+ySqUYyZZjeliUYx4le8pvnr1/Lc6nuKspUHnKKADFsxkdCeNQ77/nvI13hKAD6ZHvhQ4k+sbD5DQHLwc12Mj6t9WN83eIzktECchNn5n0xYQqypsNTyE7Rbz5LNRQqwXUL4cESHBIHX0L1dQQnzvCZDpPAXWqwH5HhS2ZtEoB04EF2cxXNvV48pQh3Q+7+d7+pwXHlrO5/Lcff7TpH5BBxWXlftdVoJNnv9uhaYwXUoOfrqUHkab5Zw6pRMcty1KF/tmDpM011+s+i9DnxY244s8fEcsZMdstU6ZQ/gjNOd0RrK19UVeGjXQeDGUBVy1mIVprFqE8iFmPt1kSK59WRZJivJuC+nHe8jcnp6qZ9XplCVzkYtcEBb/UaPynrUd1v3cD7D/w7DSPIULbLmEY4erNpZ1KVxhbPOLBJKB7VeHuxSwcZ/ZUSwSQ6VvUihMJj+GTPOU+DvMeMuAjCsIVKRMPgj2hRPb0zEh0sBoV2jb3EQYUJyGKG3ZNI53auf2K5Cm9GVj9P1dFiSX2z8GRG6KrAMa6/5zgq2YIcP4X83ZCyvt8O9hwqd3dCucD6QIdts9muq8l8XFCK5Aat0NTuziiMCjHXgPoygpGair6CFv/q+LM8LbBweGIEloYa0g8xD8RKCS7X8nswstpmCqESFndlcEAvNkdG5eRON8IUlHYI2XzTRaH1/xrp2s0DubkvrsSuiD8S38UfhTipXdlWGrFMo6N1/rBIsHTlFzSdhq8MOMEg4ik+ZSp/RvbrE8TvfyjPrFm9QyxQ5Q87eVbcfxm5XG99x4UNFdl464t8ab0wciOxKf4/pJpqlarvc+wVvK4eA9DH7kVnfSIctBG59Qg8HIEYZrVcu8z02ne8+o1AtqvAF57rmjxPURvw7kozGnpCzvT4cNjnXc3wW8xbPNX7LiN7/mcRQ26kcLmwiqgrMhvcxLYXODAwa0kyiqCRgcXuufWBjIABsaa5uIopVFVKBVnfzwQSrDf5HEb2ButGcMCo0J7iHuOiie5CTML2J6BFcF0xMyuIZyhi+PsOTI3y3IzMDj9lo+TW3qwywfzvhluu6DG8ezkn8kVNGScSc2RHFbqhRkb/2Fo252QbXVFUk7Zipl4U1bRtuOrtfcy4Rc6MXOJaKdoM1F2vTLcyaEnxwLj1Rn/zU42ZO64WsC9C3d+VDmOFaBsSmh5mtkiJfYzg5TOa45aCqlfClfeexjC7TYPKn8/PG7T9gKWqY7fWZuk6BD2dC9Ir7XTJg0ybiln0TbUFfW6Zx3B3gHMdz9XiX8c9WqaS6Bq3e3UFUpFCy0BjVPzBhXyen+/LAwcv4gPod77bxgqftwuKXpETOceCgZ3thClsLqcMJPCOmJyfVsXNspbnBnJYR9VK4qzwrtZHbh2qX30vzvvBasbdltHbApstvwlm9YQAVbwWABtaEZIUyDcbWbYktzY53mfj9gp0GX9kb97PpR355AbtRhg1146+ULsFDg2PcswO1NY3Mmh5SdaisCczCipsNMdy5G8JKsOi/M96wWc1CiCkf5WMlFtWCapyuUBPNJPdEBs1LxZeVoKsn9OXRn5tkl/2xGqhWThVctbSnxCUe7sm2GtEG1e9BQ1qg4tN0vgrS5Kf9UrxGRXzHkWZ1wGsg/8WU2IPpgunqnzS2r9Mbb1VuAcecW/KfH/p9GxYu82BKQNGgi70MRraaJF34Y8XxynJn2qjB/SFc6Njs6AVSE5S4J2VWRwpqQf3zs+8D7EgoN1GP31xfb0hIyjKFFa7A5qPMfZdY4kpfXMsD74008MdR2NwspfSOzQcL7wowwjMgJAm+FOkPE0ZVVydo38c66CC4fwHtGUnwobRMr3muFv1K83Ql33usmIorEYH+yvLhhxJTLyoHjlkmn9F2bPMQmwTMGGn5BLn21a+Hs1MHEel2/SlwqAjH1w3CtLaXtaSXEVZdoXFQ0z6TuvZnkc3R5p3F4RbNqnpQHxaEkQRoGgyUQf3k+XFW1/zlEPYjoBowIibCli+IevVptiRfGZWrk8CPXNc2qecVko8g0YRU/Zhd6tzC0b9q7CvY1BLv5qSarqR3AHLZMMgSEAKfq4AUtJT9XtBaAlI2sj1ubp//wCN25khdA6Z6ArsqpjWRYXrYR4S9mc0MrV0P8cVshR/J55yRZw2aL/oVEbrHOtff7FuaRFaPqxN3i2SoPFJHyBM8CtaVNnPkRbghNNmCoMWDQiTgpiH1lICFS23aDcU4ZRA1JGmSDzgMaVX9oRfc+eeSa/BprITLsAf9imDJOCLR+OoesnehfEcHYkNlCLJUrgWWIqGAVvQO5eSUXL6pD2GWWYKIqywQHH/PDycdzSIgyEMWTeIjNkFMtJ/dJZenIt/m9oil6mf5GNhEYHOSpHUEmcfwIW/oBapmWdNVvvcgkmucNJK8fbVNLnLtDkV5yO3Nco/mYieng/yBBU7w7OGD4kVEq07WOfwombssbPKMQ/Pl5XmeIxDhR6aJ6hrBzPGMDQAZ7/DKIsGLW8K/xNItIBMzTnb3/BZcRC1Pn0MJ9cT02byI3wzad4zCj+Alq3uU8qAjqzk9cIixnvTq33PPoxZSsY1r7PowwBYHVHUSaDL6uuImhFFrT07BdKcDTJ8RQFfZiGScK2mWjIgo134EKX1Jx/dSqTDTfWjFx8v4Hcwq2yKMTAkK4x5P7dP5eWRKZcyLR1lYZcqSYR8aHLX5W0cKCiqHiyLEtQHJNsHj0gFkAcG6qsrJN12qCr8orQsUMjb/RGIivTagcqXOXomp8H+BybJ83KKL9jAJIXVZ1oao/kRnxLBXSkNBDik1oNYOtFXm3DKWUBknjisWd8nH63zTgn2hLOsSYB/vFNh2AfQuc8G3nnfQIupVdpzO9WMrYwssntyAmcsxvtif/wpY+nCWuP+T/i1qgwcLf75lo7RyOtzLUVqPIcuZ0yvZIe7rbE4AZ++U/kGQAz6JkAwQ0DYGsp04YXSLHBeTbddZNe7+wWeKOSIwGQDb5ApMiaXDyZdKKCeu/N03HCn3RgesEiSYef56uObDRKYHW+aU3JtJ2SShtk+mWdXvyDLGDsi/l3QyVwFqEwwymemGCr3NXLYReOSG1te4X5N0oFJHiBUeLfXk8jY7Ma9eapBaIBmSHw54m7lfMfCKgJL+O2oEI1yachlpi0CDafx2okCysn+mEcZFAGQRCIivAktRovtVX6NSJhtHLlj5ZSsNT6Fu6BUe9319zwrgL24zLJjjXMAIEPk3EMSKTFLXLUzwHH+g1qMMA4qHfQmY3jMkAyoqBMBto1jhyPOhdpMzCefaOOALDkZD/WT/59UEFG0kjsOwZpC3lsLPmdi3TyjhUgL2VHm5uK+fKdrU+jrebr9yAb/qABpMT3VuyuDGILDm2PnFhOdVkob591tAQTi206i5bFjNaEZ3BgT77+H+WwFhpE03i9uyiIK3xcT1Q/PteXytnOtfX49gxZcwJ1gku6LPgJLitJOdyllD1ORgwNV1vE4O+Ct9DvRmBb/+2HmQDoaCqAl3dtyiMVoKx4jOMfplQvTxq0P1cXpZO1w2a7RYhgR6wVCjjBEnqf7fZwi4EMrT8BBUSbHMVVyuv8dyiY71m/W3uwz6ggbRqA0ttR+Inz09UqU5vNc3puLcaEvpetIy+ZVRJHlVHRztyBobrc8NLpnS52+JTQZRI2K4e3AOS01S7nFbF3VAi0QkCfaz7/qV/yjTvfUDvM/wT+UTrHvGDXwFIIoqH2ZssTqMGh4PnAs5VHXJSl6Tfh1hgHJbzrtgBRI6o8hgz91KTC32KbPHX1WIoCOXhPpL/4YZ2eCnxXmBcMYYCxkRGnZOrxGJxpwFsXdGYbkg+h3Bc4AYu4essO52cAonZbuy7NzVIfkCS2KFsunKSKyi+i6+jIg0cdc6O7eH82hEPcTLlcxNUgeCo+nCnMmJyU/rGrIzyY6aRDThcBru1E2rwRSGwKLE+mDLCjnz63gfVSB6UtNDQa6qJ5gdFHRrksZCLVUdtxcU1517T6fxPlmlxLNcM1B1MDXxQs7St6ng5WtdMplKAbPcAD5woYTunYJ083jImJXSzz3/vOJXf4d1c2Eg4YMxQOAek7OtR4Hl67jQCCsffdeoFq0npnqzBQHbEwJAjrXuGl5nJxM0F/mXAo7lkEDY8BWN1s5jsrrWU/ocULClFHSG9M1pzo4I35pDz7aL57iBIIdsxDIPhtBzjcSvPQxJwf1z1rnwoh6XE78QcKqhL/CuUo8WeDlPeqR/nvI6PjuuQiXw+T6/mrC5B/R54edMfEV8vZ9SUtbIm2FN7m9m69jy4n/eKG/ly86vZG/aeUdI2M01SOhdrfUCJ6ZRIXZ9zpbzVAsfJQY7uxEVRQalaiQi6GI3zUGxGTx9tPgCJMua8CHoDCxvKQFF5GIl3Foq8iu1AO328aATwD7FQX6D2J+/lYc5oGlaBe8aJJ3Ix5X8avASaJFStivXYfYpPcnxvRsQwpvFgiTz9ABghxGZsnjuCBzkIOsBhUHYIHmQDFYqZNiP0Tx2ix7CCakqmgY0Mvzu10tjja1IBRbGMSWSC4R5FC6FchLO5PKmMYNu+/kOX1QPbQyvektRta15akoiUyPTlNSwQehi2FvsHdZF++LYgdO5TOXMSazM7MAQPpKSwvRr2481WOj+qY3OvVCzXcmUfJ6JkUNwTt9iKciVES2Mn1xcj9lTPqBcoZmT5i9evFMKuUb8nC9gbqup0EgWoNi708e3a/3Lpf3t337ptCgQHd08MqmtKMoxl/3U9CmaFjjet9cILxSDtZPU41xOXBs8DtyOss2J5hXyR/oPl2gHoWXOu1zt3wSqiApRA/BSmxixkPLZxFHz8834AwzL2lApRR6yKJM2AbttZo/+BpRuSgI1OwS3qnbrHTBGqE0qod2VqhO+QxdyDDd4nzfKTr9v2yNMA0nQCqVKR49DxqlTM+oDBdXf9EvxeAYkbcsnzTxKWU8ffHR5h7+6B0QE4lqikU2SFxKH+SR47RT1dbCFiwy5lhpBX/ixtBLVOUrkoRUqSq4ArMrg4c/R3P8XWfq6WX18JowSIHj1QizMHyYP/yUEjjK/duQBvaCX0fAV7c5FNPZh1gWgo+g74V9bAe3EozLLX74hhN0z3J4TrGIpVCO4spTmWtcMGTCDudNm7clcz3aA7/7+DwyT21boF7qaZNlSnOZUDWLwdIhgtcRIvUWTexX1QjICab29FhXlLQljiiWZ8NNatoxirCMgLuVF5BcQswGhnR/UMkNAkPz09WaTNtt7tFN5YNZO6dM3sP0Es7DoYG2Pb98H46pdC3CTzFs4XdVW8+KEhDf6VTceoGMOT9jumdQoCu3KYTQbsuKn2FMu3xP85GqCt2A3NMNctidDEKdcQ1r8SUo2iGs3ZNifktijSF2ABTgPgnYOg1nUtf/j5mRqWgfKkB3cFvBc2iLejczwpO5jic/+KRzj4FGsYc05fTaC5sJv2tXMfoOsGT5+EO1RJK8xEDjU7f+LGJGsUdv5gvitpZEusxiJz1if3jRLqDj0WK8Xd8NYmO/BPmeOgEzjF8sWsaLSMDA5jEHKgfYtP8roP5Sq5ninmr65MvoKurJtAVEcF6a0oRIZhwwILeBfFyPrXDOFwnEXWZCG2Tf7TyHVfM+42aA2SrdwbKB8ock4pEvVzFBar07uISa46L86Zt51UTtlg+/JC7x1sEQZS/BblXC0gfnVPaRK8k6yEl3lpX3w1jgYhL+qNkxkT4s2K8CRVx4qft22RLsUBMD+hakBJjdA3YxTjQCq9SrcDuxRaAwiyarYdKfxus9NSMCDag5fKQfcpFP8ljweeD1dL1K0+LsJ69nqIUEDJpvS6ej2RG/k7egfKXKQ3HRvNO7KFxTXM50joGxE4JcF2rbYcL6N67woHe2jjYSazAJz7ucSMNFWeAFbi5+ytewES8MLFjK7uyI2XVC07iSm4/ozaqrZlD42pC8PZ4L4PW9noCQ4eS6aFItzQjbcBKKhA25Qb4n2ESzsVC3kjqTEio25md4g45v4vcHqMWmZqx+DGCPkElaO/qPKPH85/yvyYKTxFo4ePOTmZrwmypf+xiHJb2tg2VNpPAERhn/HTxA9NiYR82QldpB/L6bzASzU3jsoLlr+j+KVR84VpzXbCja3PcZMIAeVTAz1iPnttYqNS9fpHNdpbiTs08n6qz0ALQtzs80IilTwmT2cLODJGLev1eRj7F1YJveebkiJuK8ITmnmM8EPz357oNoqGZV3s2C0O3E0cMhzvv6sMvhlo8oriruaI4SLlPA5qT0JNsH2RHW9AJwRLaiFwEurvuplrDb7pIMSvVDQidOW2ep6mf63ocTgsEemxlpCVJjTmvGW3kEi2fsZUys1OcbGQerz10VsBMP7jYWefCR2lEcEo8QieqgHsHNEPlnVvoEUL/Ri4Bs5ahSWiNsRTCdVrB3nvzTn8nCho03TNQVVYLI0mHjxO+5TKwdFvpgXbmDL3SyTIOeyoiSuJmE3D78QZTfkmScJp2ZIbBuJUnMX9pH/ZqH5yOEN9PrKDD3QVKvxLKGzW8/H6KanWtT7eZLtTvmippLYuLh9IfNDiKy3clES4+YtqoAreLGRKpWv2+HBCj08HR7vH9/KMUZi2VDADZs+RMSTawGP3TM5TeKRitIAQYtAR8AEO+tmPeASLa2vv4KesFaOCF9KXLYVz/vEPouSyC5uAP1ldzrG9h1vbezm8IO/l29reTP/gekmJ6CvroXnXusAwrVAUb15hBmTzE5PrMUZsGR81KTMtKD6tosGBe4NOoIGtIOCgInYs7etHi4G0x5EiT/hFZ9v3K4ooMdyBOZ4vSfY5eW9xQNLr8kBOLGDIYy2eCcv6glSaAJtsKmAgbKWxCXQfDHekGLhzwDcgkPx4CPiIWue+OC+17SxWg9iU/PKuWp/J+nfqR+S7sjiptktJDJOXr90dy4aOG2tjZcu7Px9/NsL/y7UrfAu4EtCCa8zyWz45HsRco3sOe5qV9Qd2vYXiFJupEIoYEGe4+xJ04jOb8tJ0LdIJVTKvnrDyhxUH1ZnDGL06T5nb6PAxiXxOHDaH3OsUgAxa9K5w2OT54PwdzuCo+udD5/MT5ukoMQKxfQ6nqZX5QQn6Ozxv1btcdMJlxcKlU/78TZ9/TVegXBtwTB7vNGlR4iS3H/P5ZsDhIDpZvj/j+LV82GMlg8gSFjCJc37R4tfjjXlYNzfCCVVXYP8DedKgWMtHQnYI20rY/6mn5SauRnF9QpOxxBkMCodS7azupNahZpAQQl2FY2UG/njjtTd/RGfQbMvEooE9GEVT9rqLB0yxoKGf9JQFHEuIPsE6FPZEtxEa1QCirht6lGlQd61SgT6Pxb/P1Ilq/2i4d2mvPxBtiTB/tgveQCWP14vNBLTqkH0q+ShZyuWifh6wc2J5tztEMe8MQRP9IJNRtKYTnuTTA0P7Aui2TvvIhbeRWDGfRXD9y4jS8fYea6/FNEN7R4YTWkWyyR/4fD/AyAXQ8tDqtuSOdZTrzHjpqfofcIZcmeZBDmra7obbKX1O18vhL0jjb8fQb7rmYrL+/VGWurwendGM+uNmcFsPRlQT2fN3EgTk2SEtpm9eewyFYpf2LYoTlK1oje+VLv3yDjncznRakWs9N9hi23VxKoiKYVpHGGE503QHS7NyG90kWjJdnTpCsLWW8IGbRHdIDssQac6lK3WzLx+DhjRPFf56FnZUu1cZR8QXry3USFA9q/wQbRo8DsIQpno8qT/HvP0COEKfqmStHCrAM6MjwFDfrLEfy+vnieY6df1rVCbgvexFyD4/f2oh6toRWBztoHvCH6jJki/ok1zi01tXh1CQPXVni/T7ggVP6Cm7eV9naybbDK+cWptcqpmpXq54Lu7AlTMO77orS1T/YSGAP8OuKYWAZ/YqAbVyAQMCJiaDjqRX9a32J5Bmmb/vAvfG3v1uCsBDjqfVU106ObjNarQZB6xJFV4YxwQZrmLHHKO1870Ffu30vTHWE1WwLhnk8P0p+OEUWRwHDrzpZAMWzPquxePxMJmrvOpfWVe2H6kg24A1Pphqpb1g7/GcQ0lduwNhJ1VaY1EDJ9y57+v7vorfYMeMWZnqIC+ebXoIk4Y/6EAd+gCygyShHuRVS/4lcUOmYScrRfHM23U2rBEwG3F7APRMtdkilVtID4p3jv2d0xQUP0/7aV7qVIbkb/d7xwpbyyD45D+7LL9rVqloOy026gdy178Hl7+Z4eq54g0/zk3nMrYml2NxYIDV3ilAMuFh85CArCvbUIBGE909D/e0H75bXa/QFPBebjSL1f290xiu9Pb+i+HP6xr2Jw6hIllnazPTcQg/2y7Ux40QBt4yfLQLs0qXrFdAbRLRE2dOrc1RUJYirudO/QVZwQrItcvePQql/U11Sl2lBY78d+Kc8rU9Z0Pn7NA+B+IyZpdOTAK45dH+g7S3HWWITcL6lm+gn1ptYI2LhyhTvm2ZNcCZNy7cMbS4ontyRDWAFNlvR8uGJmFQflAqmG8S5igP28aDcPNGOilm6+ISZnsKbrJYvAoT/BDLExJVE5C+ma7+OMLyrZjTpvf2VF74lqnecoRJLF66PBp7hEoUClFPc7QdkXIHfmTJql7XP58F05tZW92k6i3tLaD/dU/Vq3t9MYA/QoKElCPHrpXl49KvtJLwgfiV0vXE4oJApgFI76bS+6sINYJM0Wf+zBUs9vPqqK5eZsSQZZtk729JUUqpjn/ppWjQPBiX00AhUZzEdkAuw4nH6nn1koTo3A1PW8kfvYxGqGyC1smtu2hr2o5TC/gxWvJjYtH+j3Mj70aFESS92ItxayMWtV/A+IMA8L9W98ID+ODy54H7Ed2Zzxs4EKBl9sNC8N9BLp+D377rSGhzxPO4S+Q8I3y/avDg4e+JNau6aQb3JgFMjiJTS3akf5LfW4JtL0/ifZkTY8hLRZJ41lxiDNfIiQKGuBDynLkiDObMrb9Z85MonsGDhSdYihu+fpzeNV/+CKa6MVx0Cg1bbMZ1Xm5HdJlouP7hvez2MvX21EfWld2APFgNsG4junglclgQS75smnnFKm9tsl9mOqgJ7BGAaBkfhsTJ81hqx0o85p6lxEVl/Kq2qe098y/io1ImPzhtngJcbDxBO8SmwmtaG5/2SawybsHJY58RjCddy0oTFOH2IIrcSPhibheblAysseLZNzJQpdNSfXhWCJSlYHyyuiTtgYn/ph3Z/43vI190VFZ2afSLxv3IgqU63UxMg7j6wAwbZiAZmKyS9jbP3fkhbHOozvHPdw6VIKDPFqmMdyN7tUD10al//eIG6tqYI/BPjBL2MlzZmYP6AZKPMAUCdlKuajnQ98CVxmgMxhwf5bW2kDntMGufunxnP5LPfohMY1hi6GrRWkDK2sV9ZyWy35Hn+rlXA0JLaIy9PzjYgmqrhGLgSkFfbhi9OiJgSYbJh2nVfFk2IMmOkt/D/xrBgq4TqqwFklHCBjmK7uRutkJCb/N2g1r65nqIPtsLcAMSVNmnks1wDuDSdHJG7HMZ1l/NrL7niquAcoTqZqShQ9uVy6rV4MxN7d9bgwKclrT/bVjX3i1EZkLY178dIX4fRbUUZf3XSBcWWNC1dgAP7EUjpFZY5tW0cfIAXR5xJ1iohsMoXTTmkzX4GdyMzqssppgw4J+al/s1zn2XGlS+uuEYYLQn5D4K18efPEt1bOIVCiqYAmJRaQrAux/D0Orip5LlxeL5Qg2iAzoCjwUeYRG3HKXhEvhTtdneBgfDQYKVXAf3wmsGGakKJ/TGuXAajIAAS3ue1o5FusujT/Z3QzcW6XyaFh+9kAGlsxMaHvZbJuNwMZ8J6/6T/L2CorkwbVR2JOlDpCPh+NNrRnXvLazAJtk0B26o4gSWeF7de6pgjX1G2bni20DfIJBCAJ8AQL3QCo9zYiwUUzuecYy/0heOHZ8tcrFBH3bok3rFvs7LwE9C0dCFyh/M29TX2yxdIqUNI1pWNBFwHEjxD9/YwVDygb70VlANRM8Hq8p/7VEn0Tm4jif6KWoCtsHsEAInOI7cHFKCkusB8zEZBfnqJQhZW2ASqr4QAcVaeE7LijJhs6TvEn/SpA8fP8kSCOKLyuXq1UJhPVvG+oTZ3N8BOUN63MB3WHvmHYfMxYvQdO5hD5yS+W6I7GAm70bQRrRObpCNqtF3JuoMgaBry6nsgM4htV5nsGKSRnlRI6BxLrox2bHtHHLihuj+WWgz0JTwOFLf34BZ+NZ/cdln1n0vlJ5sumWE7SOn7Nmc7AGUkZ6sOemCG9dJ0wZCGnYTpL4je5TZSeqROrUAtrdFHI3zqvcSez6ZdkztXCmNSvuk3ZtqAxjx/Z8JC8BbXvhNyE42uHXolypDaCI7PWrFBa8XUB/N78u+kEuCqP4pvDFTXj60fDI7eLAzQ7cG0ED1JhK94gvocr+XMMYi/jHE54QUCykwAy5379a9xDX4orLiaOiqAkF1GQtM8uSupJKWuPrlkZe0GOdIIDFmNNvAZuywBUO+drtdFFepZU9Nnuv4unmK0ryGrol20VnKJBE6eutbQNYZaj6EXzjNQWGCJBqFFWHByFpMTBiJvgqxnW+zM7KkqMJbli/uWBJW87GUzWcdKWtYDYj5VKTSEWEd5IT9sEFsOm3EiOLslPcJS2Jfn43/UA0WFRo0qHhfhWpMOqnH3IFY0cEiBDzQiHVtUF1OdWAvtiX38GFfhuvXbh3tZa2zK9kZ5nzBsADzoP0xjIUfBMVwf1SPhZXhoxa8LF2g+3+UT7H+ql3DkbDHnj+GLq+/FwKIon68CROow4+Bhw3Z74RXHi9QbTZ1XOltcabLZRUmIDna3JRfhVIZFTOAJ9K6kYiWBFR8aoNISpjgFL02BhBrzv/Cj0GjuLgR1sgnzJ2/UG7pPXLkmrjWCfggOjPWTpVNLJYSCmOGC5Cb53JLoxmItxGs2w8FYeoCyZjKboc1ngrh+KSFt61AsAy9wMP/EnzDGgKXxf826dKX3RRgsvsVYEexhAIWMHQI/wVu6bbc3RtJTx+uuse0GCLWKbhhj91/BYHxzWC1NmJk0ALfI2MDJ7fb6rOE9l5prpqLRTgfzN7mSWJjvbR5guhGL+7m1ckCl3Y6HlmXOGnvLlcMJQ97WPDuoke2FEwKz9efiOtOMmLffSwu+f2nuENyMCHO2zIdWxT/VjR7L2cnCDNrHL+fC8VC5lAmiICq/BZUIIs1/jbcbhjO1j9nveYq9bTQVkkThRj2vLXjOmNexLPbz5jmunfUNp//ZTxsmh4qc9oXkfUQ+s7oV29iYuQB5/G3DP8icnWgCNiaKsh7KHteLHcRqilaHeuraecTF1fZlZ3KCo14hXXYFLJ+Fx8K+TdXBnnSZoBEgKI+DUJ2Ofjy4GefKHcT4IgqtJG6yJHmUrjSeixgEcaGLCO0V7fM9NPdSUloLTYpmM0+oE8KpzFhzLvNn/T44+pCdoc8lclYL+tL/h9Nz+HaA+vvjZVPog/mVv9fYneCPEV1mSbJUnhzC2h2NWbCdwZHvHmhJRCNxJN9soBc9LcnpdFAl1rl5ueBOLVdd63a3NEEDcE8uKC9gUumj75Unp2pT8npmHyvvXak0D4G/+3oZ+/zo7lRewhHAGJsbahAeBocbC/aMR8bGx2eYc1YhNqGi1iEeOIMB//hV3ZA8U+plv9ijJnE1BWupvW6wgkIN0K82885Xg5wtZTJRj92EgOcLxxwG96ReLoh+8gkJYXo6aK9Wa0/vlBvHyF/Uf2koVVol+EaR0o5AFAP49rFrTPxuXRueqzswMq/7XOaLmBtCezEddqjB1wBUYk/YZ/fM0DNiNLdZ1TCpXzWRivb4G/M0ZVUaZ50bx+fi0CAjDBqS9W2SVC4tZ9GBTiq23S+i3ntDkiI7LmPvcoq84IjXAH5U0RrbyFvDwdVZBrKMXx/g5jg2RTq7T40eK74K4Zw7SMopO3eMyDqflmRM73eiDjY8JWF3oSihuYwRb1RGujN/jJP391OCEXn4OHVrfGjO6euv/2HDN5bPD/RKhpSyfqNw4BP+yRdTcFNpL6dbZJmgSYMxySR496YJoUTZp8LbuB3gP0vNjmaFMe7nD1Kr+kOVg8tCDgJMD3dNQfntPiFFxTARLquRO7iFEzCy8PFfWQ/gjsqlsOVYmhzCjKFh+p61mI+MJt87lKSTDtKz9WCwrBWWW/M6onxQaE7wqoDjJ7sPjMafFDvWak8ZoSFOtS+Xc+OzZOlyBz8mpUHwR8c9jpuwPS0FPdXtd2ivXTJbmO/abeE6Kr7v/vKv/UhPP4w/OEZ5WbRl3qxYDuYE6TDeiY/cFtIvxt5el2tEO+7lZDUszOD4nwAmFiqJKfhgWVai9WRjdhWi18jZ1tTPm6heRPCJfPDMg7d80JSexsheMFYec7tznGk5UsUlC1vWUVxTTob0iX47y8R3am2LcbKw91zJIZnELMGI1KyuMVxoRWUPC7GUUULbwejaRM1kE+TxNvRcjEoOhhWbuTrMtM0ROaUv5GNgFkPv9SFVcU05hNE8TVkF5VQ0TBlvse9JO8H4XI2r4vdZU1Wo98VjZ8Du3kniDZ8rAXUm8GPy32gfXVyD7K3p25O2CXZ/WlFIMiyzxcv4AM7H4+1WI/95f4uTpFyE7KAcSsDV4SvG03y47hA1YPNsInsZIgt1Rbi6GueIDFkU++8OvLsow+oA0fnMvcdJ8dYIlJGTjiiSwnFNPd+iKOjm/phdQ0fPifajcuR7P2q0wG31hOcBMZ7VMWGjgNG7z8/fJ5ierogixeJ4LFsvwm7TO9XfnTFcAVo1pbKC+lvbV4S0X/5uFQf4HTZkAVTS+fM7MFcAwqxRFnsIV/92ykLDHm2tdSfgvjp132fA15nx5X8gRtjVnn0b1cDAlBDevBm93wnRwQTQJLIHwB0dJS6z2xa02+ibQRw7lUUs9HPIQG+9p4YZyPrT7N4BALwun6+dQ3DQFmAg1iis3xOgnj9GjArFgBimpryzilm9htHYG40f8eRkK3G2B/HFxuDdSdJo9hkLotjdhiSQQBQBKMK5j31xowTLeZ8aVMgSUp0iddYXApmO9N4YNYST32pxOt6eO+EIH7DrAA05GC2uO9Px8Z+YHyt7r28x//tTGl5rWzGM4L0ZAB9+ises8lOCwPTKR/3dm4CI0KkSZ6Ehhm7mttAUt+jsuCl151beUb07+0rpZrb6KaNeDI2lBmassYeCgtY8bNYLmEDasl/HN+JlKhD8K0Ob9+aPRPtH3dPxB0gZ0WqUn3wYqh/SMXqW+78+nV4GdjxT3WpK6BvyS03/S9UJTzWB38tu1LXNtS9LoviKLfj6DnHGNQMuUCmG0Lx8fMH3caj9NfL6YIfwKyxl1/hLXPUkIw/DhyetoEWrpzmWX2LkMk/SJzaB0DrVJ5mpnLIMoLKWp5Rs75t6zPDR7LOiTtq+BTqKMKG0gK5I5WkwWA6ql3of/slrJc2jF7OydPBhPJHz5nsKfM9T96K4Xzoxrn5hzGJLgZcf7kvauwBNu+gwp/xK593UxxgDzWo5Uv7wfr33LQ6SFmQkOGFDnecT0vPOMol1jJmkS0oB9ht7Us7SVMo6ASgiN4IMvjDwLgbpFwgCsZ3tzqEZoGoXxP58vswK+Ab3j5STKAj5OgTCw6GXIjYp986kLcaMqGJQOgGEbES8+f9/qx4vYqYbyR0Vypu4xuj2Rq4xSWCvoH6ZD93l5fS7ErL0RJ38tgVXtZjZC6rXz3c5V1omryo6kIuvP5mAsH9fjmsXwL+2uM9Cxp45p6ChwZL8hbJWEsJ/z2LKSaZPwkOEB7PhuERUQL2BnWrbruHZCzqHBkpGR89rr0UdZzzDrCoqm8mNhh/FvXS23Epa4zW2g/WrvnT3OE8ek/a+/03GOu9HjuewNtxiv3+vbAs7PEd/rADHlrirYl2EQ9mUaSia8QRWWcRCIdCBq6YWTgNRAqbWNmt4hTYiWcQigaAgdq8jeFyHzWbLrBsf0CYkReB5SBI78KRXOkBoGtvp14EA3VynE49OK0nEG/51SKms55wMF3aIbgYe/G4FWfedpCL/qB2DEAmEy7krHhL7PD2P+yX8jmBe06+wjE8h8vzOVYZOHljViiKHgL+7rqhTFf0DIGlcpy+E+9Aa8aTF68RVnkVnBn4dLq7PcVsMCnZPaM13CE9XcrNEKnVVKKLciRnbuAzdVrKYpkDIgfD8fs6phGQq1Xg0X+SLPgdlgDMxZrJzE14ghxPbx1vWIC7QLrBYjxCYh14cv4llH3r8uDjX/t6kezAZHpG/d4zZhhPcY0yAnXku0+Nugq39leZ9apa135jPAk3zKAwDmG/jZyWiVevm9P0nhZLUO18RSxjeGq8/MsR7cKCtYhFHm/+GeMkKPdOaGqlC/0YAMYHW0XshPhj0R3RLLz9e3+ETS5tXLT/w5M0fmOGvozFft5tZxiahL9JgD9rXQORVxXiTdEGToTgSu6zOezYDI3sJh+zBu+6tXM841rxX6pgbfbbudfrW8jIQU+q4YPEihggzTMUf/y/O61fdo5E8c3iUS78ryRFPhF0WgUzVShZEy53HnSHZtuVE8iJnLOsWFGHClLlhUFjxrN45XzgsVUcPyU9pxgICuNZfbTh5/1b5BlP6TnZA8G+wIHYSDURPMyw+024LDwdbisy+EU5j2cunkh644YmqmWgUAyr6zA08WjNlUgsbz1HwvveCH3v6ckVlzEeOcm7hhx4SsNOweQKS1ha8X6W8SEVTinZINLi4wWCrwzvJ/oQq8JSQsEbJTVQEX2Pet7E+v6Qz+zNjJ6Br0ML2u/RO8u2XfRLSeBpzU+MMTgD2k/WVTsYkTQbE/jY/X833uoqyJnlG6zylzkruSH/x4XkZcrEXh+Io9aKcgSp3T1lEnJTWISq/MkPv7094Ar4mw+ekA1VzzKM7EeYB6g0+7g0ovv3uT9cV/WoZJvK5kinwisidK9KVv/pbzc07BdymRcOvwNQTf5J6AVpfFUzvFKXWdZllWzUS6w34DAeVzedWdlaMYii2lYp+UzEQ9zHPfOIMDZCXFCHIzTjFg6Yk0QIA3J2mDHrDHvRpt5+7Vj6M0H0JZBizc9u99YMq7YwmzZTxTwnZ3nN0/ZLlP8ubZh7b0mXp5xXnl+D/qY93O8lUPnIEr5wM9/vrp+8uvuFMw3duieBSSHjJe7xAf/siVg5k034Ijrl0c3eEyB5zYiRvayJtiRONlUyfI+k0vuyYlN5Bqoq6NoTpcrEJnDbbNqHSi9VZXVSv0Dpzri6bNYmXICnYpnhnAYBwFjc+9f2L2KGBi7mG2uPomkCum+m5ctrFiusHo2qMPSkNwdCIcCNcjD1aGax68ReKesU6O46cpWyW4GXNt+N7AQbx70uc412Z1R2Gg3/F6as5M3KtR3RcaSuV938UxKAssgs0gZ2T41RgClDeQZi91BslhQnaRTKNmp+1b3gUaEAzeJflLjP4T4bhGdJSIftFKnF/Rm9tVXrqq51oblwn6q7M1v2ZIm+i4rgQ4hTndBlPK/9s5A922U1Ixp2JDmf3Z9+3GwkOXpfD5k7g8gA8lszHOvH8fzvU/XUUcejvTDMmZaRWao8xeNIECU3g9bjcFLaW6XG+QWARdIS4yr9/Snb60fK69tZc9THdvjUCEqE/2el9X4SkAuVfz8pkPPKzpawGf9mybHTxycgpljqcmPS7kffN07UZ2adYYY8UN0NqzBmEdTvdtc7gPxSLIyRxDPKDqgyyV9Uev3bm9Ld8s5DBekHGfkLFFkMuqX5ArNjBfTUKzy96rG3/QrSR5JQE4ii27wvquuQ+gyaxPPbMH/yffUCNkw7La8oanuieT/P2fm26qYIQa3YrsGBCmKbfNVslzy1v50T2r2E0ZCjTfZzcwvfsriwVVOOWBbFMjMfXsltHmUkTucjWwWclZrmUen7wR2krdKj3ol60ye29SsT7ahx+lxyUO5zLzeHd8xHnWI0RJFgwyCRMppKihP9z01yzg5nD9U2a6eObjPOGVJCFybe3Lc+jVSaHjrSBh08JjtWVwwZaTJD7GfnBHJJH/Rzv0BSGBFZ7bbxgzgMFCcM7UKuLiQ8EjLh5dXozHtXvqvncgZcE1G/o8wBnskpW87dDJVjeghPeYsgePSYUu/y/P0gs74RwPjmJWileFQ7m6RxcesCpaN08oTZ7wz8KHB/ksoAQCSaoNEtTx2QspUDG2Z+++bow+kU3+psw78yXTAv3s3KTWwYzfKjGtbRy+ZdE3s7b6JCSyFHRin3csXuVn6s4M4x07tRuyitoSjs8+P4uGPDSDHriZAIDdChRu0Duhp1+wKD8Uds1sHQkdKpSGGn0iD+njnzBll0Q3BcBTCAKfI7LoFrzD3IQBKm/lqsXcQrycyTnHYg6du7MPx8Uo0zI5Lwkb/FrQjxqC7U6T5WKWLnPbmqkNEiD492h12qu2pQOJ8cJjVwW7cRA1z0d0BP6Zroswi8AfrZ7kaoT8+hW67jayFZGk5fHmxyvQsz6jgiAcQzsAyuBTEQtoiJtkDKp8uXFA6v7aDQU1w747VcSrDDxnvX918ca7wjLPi3nFW1rQczpLbijHIdImsUE4efdlvaVx16a+Jv8onbbcgWym80TYlfNiMayB3PquRFI9Wmen9rCoCDeMLdV71t6ArC2bTc707HT4HQ8e15OVLOV0pwLi0cYEMhC91ABWBiLvRbEnaWVJJJnWpjgYXHPteqgfvfUob16e2U/PImgmI4sq1Ks+3UnGue0r30ZlqPvK3gh46GpNc5GWXwdCdJSudjQB1NoTBvuX38pA83IwkEhMMiE/SRPRl9HDllijzstaUgq2z0t3lPFZpQ0VJ8DWYoURcUYNG8RF5w6sql3E5q65+46GEHJyQIIebqMz267hqR98QLLok+PW+ZEGSQVGqsHBJoPB/3kqP+S3lcMQ1QTyib1/x3LOUoR2GRIeiSnZLuq2YmYE1/K75URywFHHcepedHodemhafU34ax8bIMb4M5IFDaMSuLeWjIbjQkI2YG7E8xCiEYIV94rUG1UOZVjZMG5Z1JnZW6A02kKKlo6XXmzcaKYR1dhTZZ/HCokDerWcVPvmYT5KIZCYZmJIwiYj63xX3TQSEBuLsfH4rRoY4saa58NcZJV2HSsDJjv3eBZ7RS93nZhOLpuBpRdDAl7d7aiqTEmRjsMW1r3OX2XAeH7fuyDhbYbKtJdWrmxME5bfxZte6M2qrBFNl4e/BYkyp4BJpeNyzDjw4hRNhI8idY3ORo4XKXyRogitWOrd+4xUQvJt3ayclFnACGVxgdb0qQW6CqE0+dnhKGASCfzlV2+G79brj7yL4RKVObLYNKCtTpRMpPCgecYzlol+5oKDh9Ilm/4u1jhtM8ugxbvJk8n0yG5w2kJkK2DczjmhdcEmFPLblw9x9Xhuv70UeccOT57v5W/AjpiuJKkPOHxXrLrQyIoDv9kGwFYWa9+TestxzwUc1BpnjNa6MytgCEaZt009ZoaWDxR1kSDpXbg4GXn8a4y2Y3DoNiMFshxzjIg8J47FEi/YjAHMke6Wz81+J07VXUGe9uvr0RXQ1WEFSNdRHx3WeT41E5F6gzQOcHckxe9Zq67u3S9t0p+8rCTwSWYhSC3G7KkWUb1NzxKUWKm0nRsS6RlyFYknHqNNooZYpMUJ0iVX3dRVJUx50HlIJIqv9g5yKwX+nEWd2gY/yeWb3ov2d7nR7VcuHHuYhDjXi075u3PMaLrA+vegM4MvqcK7jf7I1x7WZaJOkZYCkXJZXbuwXAxKVDHvxbZSnuxS0+Cg4cGRee+LD6DQqOW7Y4D9j+2EkzNsG1Phsyj7jJZ/iKH6FaBXALbRE/d7KkuDHc5qJAHkHQMwievsWA5lFEKX6IQ1NzLVQdX5Syc2R9/68b4uf1kFYfkNtytVjLC/RCOR0f4W2a+wBWSTsC2WT1mXPwpab8tQ2nN6BMH0m2g6W+b+a6sngnsJ0b+aPsVZA7ea4cgbtgX8PGzjxxcyak76qbus6qJc/O0biQH6xMFWDkg2JwlhDhwFojKALFZt1WMP6iMQOqUOR/RVuC3OkoozQAm7ItWeeQy3CdUnqMW1Vok8Pbr8Ox8+O3w9/hiiHtIzlrplSdhZTi8yFtsrWfsg/kOJhDE+xYGCODJqzeIFuoPo+YY3gcGWo9ALzdiQowWU9AyLZPwKJyYs9rKSM2SbmqLnHBtm/iVaQW8jJECM69nLvfsxuYWThkd7LIVt/xpjmlc3AQArgpIokaZLdkR4wW4Hn+qRNCLi0ux7XEAt1QSk33Lo+H7BpSCepa9rvj+zx2y1kZITEznGwUY5ettIDLvm0f3tEbWRvb+Naa5MajoaL3HnTr8af4itMCsZMDYz/6Fa3LlHRer1i+TZAuNsbDUHW2+KeI/akTpznHHZRwfwgr0pZm8neRUuPdZx3WVA/hKMKcLAyIZy97WVJXZFw769J0lcybi8Jnq6RpL4PniRYnDpKpfzrDBsSdSQ1pXTDHm2TKit0fnoATP6/iXRzFZRD7cj3LTr1wIx6i6BSos7bkC4WEOPlGCYMdjaiPKfyIAdPPK89CyJcj5KrzKWmTadXTGGFRwfRCuPQpw3JcN9xygb0J+tjT+CuIBKSLiu039k+78qCskJjz8feX5UMa51UyLlRxcOk8zXNPNu7Obhvs8JOdcWHdTd9VAf0fYtdMRgUwrvhu+KXZ+nKK03oRdx+NJfUITQNqbnJFpC6bEDLj5tRUc+r13f34DeGrmU6CCmwV+o2vkFAUPTCN5UfYioJ79tiFP36RPMNk9gJ7ZK77Q+4SKnspugQUZisKorHoSGRgh4wkl3hdup9fQqF1Ycr1YGne92V44FFyUNnKRsWTiKi+UgdIVAs5UKVBS0mBGW4gjIT+cDyuDiaj1kR5XNQFjAHg1I+V99XRJWFjQ1+EfL2eWddZ16N7Vw2vTgtbuTZQxEJt4I3Pq9fKyszGw2x7uv3C0E6qIGFvK5CtEd+cFoQm9oceYsUS8k/rONVSL583F0YL+9dtuzPCfRR6lLLeNctOfZQR5Z39TgYTVRNtPmW6G/42oLgPA01zTJpBq8QCtA1eYu65DUP6Uy71OGkFUSnY8ru/9BrCzChkR34lLNCXhnL920kqi53jtPQEV9B8OlxODQbcATQGR65zHDuQwHqDRoki55zyruQnlI3kibGovS9TxgMaHPdAY7XDd20JZ3ipGvdp4mJUKt2XceeSfV3PS0/6GwB+tZDzyrovijKDZQIowr7lP62+B5isFltS6b0dix7Nj7XgCm28yJgsHjugsOg7VaHFdziXzqlUFkikv+apg8JFeLGp9xhPpJtQ3KmQaRSi0lM2P+raEIR2XD4GAYaoIL6jbHdHOHzTs/TLiDNvYtEXKTXntnbBMnooh5AJzf0WKHRsL8FOETW+3CAifMdZA2fBJ/12VWRjkrF9EXCDbbQ8Nf6pJJI9/9eM0MbDGOa1tpHOcq85Q9ukl8O/EgBIPG1EkpnuQxC+0IBA6LuGq768x+uzy/kzNEsPK0NCJk1eofK/mJYXKhLA9hgEL7QKWTlTKpR7UfnuQePPRz9yis9HLgFjsbKkqaRF8s2zcpSbVzc3AQJtfvmwsZ+yjsY3PyaXT6oARxhoxywldwdTEkh9CWL4P1E/330PVE00e1/TBqjkL1kWVgyyK01RFO55KKMqqFI7UxpcCPilpfIURiU9UUSkKKQOqcKtzIkelLrKolYrO1yRT1lLpQEF4XSnrSz2DPHygUY9sRMnfKBGVize6ShUVgcdsI8f0XlK0+P6YFQ8oRLj5Ka0aixIxt3/BmpkGCLe13Q2wz3iNTH7x86z8iXDE0ihRqvHE2mF9D9CQ8xlFfMufrKm7bnMRbDILfj2TW7y+64VBeHPMtFobWEKZm1piU0Fks/IdYPt1lcBHEZBiPNvQLTmRM8zGJ6BuX/rQjiDWCRPgDlVEEh9BBqed5Z/9gLEtyeyhIthaYRYXCrBr2PaxzYWbNtltPcYVS3t7Rkhn4VT3IOHeeqVRjldqCgi84Be+9rFtOubxUb0VZUFjrYTZTI0uMkhNE9puVHpoUxJBMvDMs08gcFoM4dzuae1w/WWIpK/f4r+26tiOKhCbZsZT6lE8yETgJaG2IPJPc6mGFmURyH7THL2qnBtDN9+zQ3XpTTSIjIARCBWf6fAIp+hr9+DMPjj9PZ6yKsiSoPmd2+mgN/XuVXum4YoPZ55SPoaczOnaq137I6mPK3vF9CgsN0zbxpCZUdhYb6VDPTXlhpnRQ2dZv+Dvq1Wa8rpJn3BPjFqkJZgz4gXfl/LOWm12DP6W3YVpmgNGgIG16KRIFkZf8aP8AqdMldOSZ7FWrX+Apd5JUXD5YrmyK//U/8KgJEY4XD8z8aSd5CFwURQrm8ShGwpEIfPhDUeodv/NxEyQkYzp7cImgCpFVQvS0AGUFp8xGXgS99ZhePQ37jGP1E7NS/bj+NbXzFHYSHrpYiopI9m0TmL8LghZa6yWuzPkhB3+GXo69p/+l5WNkNn0rR/lPYAvj7oGLTL6sOjEDnPCN8ZcrxTmtbyGCxSfKTk+9HArHAzVK8KZu5oTHxp66VyazWDourS8gZrJDMccszE9WIxBpZxgfIPqUBuyR534kyZezf4suxlpEhQX616Te29IZK5zD9NB/pQHg1XJBrwRxXr/wJiErASYLd0MchEonMJ4onCBzkrBWKeKi+mdi8lIgoFEuK5hUxBIt+WFW4EzUMah9tWcFUugScBEDh8hwbuG9GvG+EFCdv9IkDwJ35nLMlDJRlu3nZJh7YmVzhczjdjlItQUGwVVh1aGIhJnyC/L69XAuHp/P4rp2WMXeYgGtG2ygTFRnoN6t81EI/i1+Rzqm/89KaQiHdte1nMrj2h29GpIZtu6WsfNTZNxBHCMac6wr1gMOvvnPJvSAQAmibktLOdn3gzqNmaGI/jBwb17h4pszdswX8oGdlYdorSs6cC+qzKGMAEgdAbas5y9H1b7iAuwq4e7Tf82bzSpMWwz6/ENPmBqdlJWP7NdH3Mzu57Wox2v7exdtfu2OpkZm7SlM6aSpYeCObFFPyHCMvi9xWZHyWzEBsT0RyhpyWwdD+a1rpWm9cVfIRfv/EAgFmRr2Ip6ptBsOzmonMhPYxcooQ4TSdgjhX8YgMlCvjLQxS1nMJMH3785XkLyVE3OVu8mkrwe/NpllsHc0LwuVD+Hy6BSPq3CxBDhcF8M6os1YYqP6yxbLu1NGaRsWFdTcyc0xvffPkJDhT0y18XhaIoAMy2XMN7Sacc6pFHlF7xhGmo7NbQaWLTCO7ufoYf68tv2XYfzjcttFdSLr3wsG9WfhDFywpIIaFmdmZuWoLPFUaha3pkt1lTqx0fcY8F72jqNcLOTGxjqkf1/Nn1nuihA4e7yZoxmmqAw1XjLYGyRk2esjCvJlwr95PR/HlnhGDPOlKG9r5NZiMmec6PjKuxknR21Dj709kDTTGmX9iGbqAIdWkrfcmUueiMGYQK9pEWlg/XTCyXjSBb3HTT/9kC16/z9G8v0V5WrsJDuQ12a3pipk70GDMubz/LWprqEqHYZkoWGLUB4Mq2neThjiXzKWPEeuuJGEJAnzfLNyV4aohh3snaQXSn/DUIABGy6ixvUcxo7N8VktupiIvCFrYllP5euyzYmy8KDrgo9gwdILgaxASPvtiKvJqGrKzAfqJSk5JnlOuD0GAjuruQUkjHmo0DbmRTT0OUwVUttWW2NYZXsYPtSmEkR1asIl92EPwD/TjQsfEBoJrAE9mOEqP67dEOOVWaz66tcC1tRANRuuUkQvqz/FXklDF8S4kBFyKU1VeUgFVOM8O4HSpxLUzi3I9j4ghLnBSn3GZ3hJ3YSIL4mQud/IFT8AL1Ie2XvwWP14wilqJYED+jPdvkYL/ACDAQVaQ8j0+PS1PoPFHUv/GURp8DVwTTp0afUorkXdvkhubxq4T56jcCK8TjVYRK6KQEMjerl8oFs7Qu+JEXvS2qPcbWtS8EyXxe+DkXTrNa+p4YGib3XPw5u9lPMtohJvh4h6hpvcr+tl+B1QbD0+oibpqA/tyHKy2x3MC2QnauqyM3+hhR/BxHHmgA+UKRF3kgvBteX6Xht1eUP5JiNaOplAFnqiQgNwWIsteWF+xbTU9qCQogmZ1L9xMDcbfJLmB4zSaJjQ3D2bIatGzuLNQPV63OsXLTU6kqN7G2xm0w98J6GmCFNwrLmfRbRsMsUqhk9npsJJooltpXDetFtlWfvuRTX1dhA8ruM39cBGcsyCE4rYPnvnBfTrJvMxfAiJDybBTZbjWjrfqtOtB01PWGuEvPQ9I5xVmX0vZF788MdAqhfpgbL9u2AQSTxl6t0JCK6/A5D+/5ZHjDhssiWKqIrq0IOEna4mIgJs9GtrhcDFiDuaua1VYJCpit3pUg/xse0WJcbKu8IQPZIOcM+vc2oNKW9bOOg55VE3rtTZSWDNyUkHm0stwWLZad0ZoMaoHHMJi+PD7YqhpAcUTKpiUYqBxnRzVmpdFBW5+6lSU/KYsuAHB1VEjwS0igWPzkQMw2TQca6a4d+fJp4LHzPi/ezGsqKPHZpH02yl5HugX1XBSB570Gc8EmK14Sm3ks1O37+HqfoyYYBi2Dor/Y2Ru9KzfK/p4vb1fsM/344n6D+HpFFO1OWyskffVUFQd1qwnrp5tZDA2zoc0pbzdN/ctGm4fnpuR+8MNG4X84v5uoMfeniz2MscshtqH2EiSEEMta4r+/WdKhwPPd84+WceJjOHCZOr6THlXf3pOd7i/FuT4zVm8f6c34RYmsu4UvJI/xqJf2yLxuaFMdEJTql2J3hLDtx9PFoEFI+YYM2DOfLXYtRSx4pmw8Wcf2obylaS1/uETAqBSkvgb19AVVbkoHqnoKmRDMw7uG1O3ren8HqijJEtKIzK4IhguA1NxUWUGzKvTrZYppPIvFyTBY7OA+PbY4LKIqlthksvhkifdYrPMqxI0k8ecImk32TNPShjGTD72TKiCA+YNSt1bMXU2MyIIjN5dfg7h4Mf7OpmbNN+ybnqZdj2Da27aDb22L84JbqJpezFeOzWvTxFx3pHwMeipxQaHANes74PRPNc4DgyHCsZMMfC0JTetpScdZKUk6g17uXNvbrWq/Fyupqapbn0LMdhGy3ktGIfo/yIuC5eczxMd9W02gdi6xYD56hG2sIpxAvHm8s7hLSSHdKvvlT6Iu1JtQ/qLxjcJGkolLJIoHiXXh5eYUy0RpbUrQR4Ma3JX+T7e/DuJdQFPTiQDsn03sxKiDpPoh/DVNaN9A7Bex/5WeSes79yPSMj9CbFfarDZsTUE6pBkDlx/sePCDVoyzVw7dJOud55XDV8T8aja6hPuktluydhiAEQ5XuXNiBmECGVtRlg/DZ+zC45GrxrgBfQNrBMqQTKMqsvamfCk8DGhXrQqDiggetJrNJ/64YUX0LR49xfTjemRUdAh8643JEgIWBtkWeOcAAtu2/wpWSQwq8ZQzYu8YNcfWX1YxPCUdf0EBrHlcOHZIOzYUNHCTpvHrcO2k8q7EhGIBWUwbH1jvZe5DPDDkPHiMSUO/l54EFnT92vc0k5aeHQeDF2AQJ7hyFOAAE3PzB2rKb/rkz7/4gf4UWmPeasravLPAoHUCaCz9OgOafb+p67zT3bepSNpq8RwqtNfv3DrNvOfnCz6J3MfhKrVOqyEAX7+qTG5As5BTAuxSixMD70qry7LVVxDKFzvcGPcUU/XTcjLnVOEhR0/qqEbgk1f7WeqFMW6OAjemVFIL8pD9qJ6Mjw7syKPCOyIpRE4/pAMlfE6c0lnzOqnRxDNfF80OezsxJvMdkTEwrSqZgZiCKhDrrpeJWO4VQSEjmph3fdCMCpsYxC5y4/5p+JBNSEe/bWnJSmB1Zth1mlBcUSh+USly2cq/klfDHVz4Dj4+9HEkU9vJ9D8OEgA4tjXOORALO0tpDJ28mk58nI427rZ58Nbb8n8YE2SXECRp9etZbwkFsWgpZ7uR0PQ5bInWzvNs353khVH6ekxAtRsjnwmMzduJNzmB0NDfV0cjmUouCyzFbmSNTrdV37j4nk6Npg+//L9vReeaezNS/sctxkrIoS+IREGWrNrvu9DlAAUYo+s5lTwa+mQasaOZuvAK6/1FugarIoX1AbIk6+lL/6SXT5erxIKYF1jNvJZmG6lvarO+zVHJ9qnKPZgOMJ7Q2TXwjcP5kGfTUkR0r70QK4tURWrFUpHZcWgEg6BrNJGnbDJiJD9QYrkGIWXXJlIJYASp78TOT1wstPjrkgddl6x5YyJxmAlMlW+J5Zcn3D/wmJdfdmJKjTPFkqL7putT9bDjyvhnLKz6SgJYBKFSyEnds7oC6q7Z4gurWiPMIP2VaQjP+zN7Nl5qm0FrBh6KiNsgK+CJg4qnb8NFPPTifNe0fyB18P2VEa3Xx8qYklec+ueO0SL7AEJmTEiA7AjG/KDO9h7mN0kjEF41+i5ekLLelpYpwOIGUgkxeNYkQ0DfuvR55tp+D1F/urrpI7u39LNRc2QaGcws8iesZgP2nXATR9tzz7PZXedq7/8MDWDDaTpH+Lq6lYIDvAa4OGLU9+HM/lhhTQBWEJyq5mb4rSxNrsRHd5phY1QehNqayz6Nczq6TsQQZF/G6oBcsGtHPpaE2VpjKkdlUdXkcl4xmLpjvcdqU5fCYMqtoTGMCMishacltKzyaWcy0CrzAY6JD/Fv0JyfDpJ5KVEWzWpAzdQqZTmABJg025TGDQ6PxKfxOjR6we99bmEXviRqpI/dpJ0qdBfcS8ZX6DtKXEESLlxotbytW1DZfPHEWazmsNaBOvNDPz3dZiVa3+Zs8tXi4PqWLraTIjNK6BaIXdNZR6MPL4uC8IuMBFPYyECDN2c9PjtpJGQ1FOfdwcshq/ANFLc7JpSXMu+Q6FCpQrJggrFOzVNVDRMZRhe1jTb5c25GF0xKzwuRDu5uynsqcmF/7+BNeQZ9ZviB9eGx4ZmMtHwJ4ngZSUCQ8nAnhPqBIIh7p0AXCbyuu+0UTWgGpE0qKdTFrDIoGRyny2gQ1WTh0Ipjz7OyNGGRk3YM1dx3EguMis2yxFwIwOgCGQan7BNrAXtb9EcXhCR+lLZUzAUefn9ZyVy6+br0TQxbqtYXYgwNcv5nU/U4v5ElMwGHWTyhrJu9Ic2Uq2FetRDxk4BQiX/tTugnkVV4R3q9+mOP1J4wGS2R1SEDZvzcDRgX9VXbBQs1MjZpHi+cBl8QdJUei4CcRnFooV76NRIzq40Ymt4QL+1IrzSjXjdThfW8nmyov+IKPkOfi8yOJUeZCEZ3SXRyfTrF5Byh723xQ1qL3+PTU7a9BvpLt1+chG1TJAH8G7HzbTvZOSDJkAEUn+8J2AM/iXWwqQrmXKXHCKZTYTWdjNuBB5/OZC+WhQAbYPGksR+i0qc/TzO1Uaxq/fO99hNxCqlpF7FK+fh1NXaUs0zVYcwC5NVkVFZjv2vkjzWbbcoQ5kbccWaeBy9JiWkWQbVULaYRHcKbmeNvvBuR/rOp+GUAypfbsCKV3k90uF46i+iNeyRf3DR5PTTYvSeMJWEuDvalniTmDnCrgDJ3aubUcunSSjvtuXNqE14GSD/bHfxp/Nz9SpVdCGvoEBLnSGNW8RS15+KJkKEtrVG/176o/+a3CIaRJ2CHb7A32NmDIrcF+uMoWIMjoBMnuESiFoM467xkZOoo62kVkv3z+OCs7W1d8+MNmRgIqYz+vy+JUiVlaCQtYg9rwuT+z+3ur9wotB4nZIEj+4Yy+rQyB8Ep8WjWAC7mNDzjs0xsDrJmbnoiXhLsNSRi/kgyBtF0dazurIanxeXb44xjVCyHk0VBTS9UGIFK0GgvaCaxCo6W0KVrILHNq2/XJ5bH7N9bFHbExv6gaBNbx5nHeRqM9KLpxI4AWIx2qUWmQczWPatPTJF6ZWyDyZnVYQgI4f/IhoVpdVHVENy3qZNYk+yIxiutoE6QKQ8ehFtMMaVOY05M97SmrE7BHLyKJqnZrSKReFbceDxP2juzV83HolS33MNavbndpdNa9YvLd13wjh2EVMHhbM71khb1AlpXfGexNe0bSan2GIJ7k3J5BgS5KeZjGy00zc4snTKuPTeQ64gFTzwUqdSt5JK2pVqeKPnaiGaJ9ZBhZd1zuL1ACv4IJw4KsB8IUF+xRLJkKSBACdT7Z5OdHIVXF4cqIjIsNR0ybpOxbYiF5mNLFa9yzYI9NmGUBasNkpzOli3OBvuq3AiKNNyGjwkFhHRuC99oDSOsns8nDCJRa2BHHEIbhHDJ4B7zrbkPpQ+WLPq8U4tVFjS6c8YLr7Xpigrd9NoUr1CZEnbjv0OPVSXSIo7maOxZfHQzBVwZAVpx/CEpWc6ztVBvkXEK6BpXsPS31TC0TJz127Od2tk4EgZHqPm5zPhXBWpjukTXtCdEdHsEJRxT3TBoyL1bAnzsIdEelyO8w1HxnSJ5ssx9Kjg6haVAjM2CSCZYsKeSlx+SVjhFJe3zpCmTC5C5s9OgY5LJz/v+WceHNB3DtKrPu/Vwm1jFFUa1H5Z1uD7MsiRVePi3DfHexdHKKjYd7g/ET3XheUttWVjwJMqd2+3ugZb61sBRRYDt8xn3o/u0bmLLq1483voIUH4z319nYULlZ7wg65xVYdOHk5oxPM6a7sAL3pdy32ZZKW8gonL9FvHs/KQybGSdbESS4vkXBAYcc4UeYlhtne5YUmejKUq6fXukry9QXMe8Dx6d0uv4z9/wL+WUG0CsBIxmZ4DBi5hfhUfAKMkjmlM09sGdjpBt7vuqFO/vWwKuGf0N+5ff7wd3Kme8ztaysGDE/BIJXD2xDSoqcJjUK0irFGqnGeksWw08hKAAepi+FGKoB0YAslnKismAYHNBvBPIMWjtm9q3G+9TgS7uXEpaBmb6SZN5yt6Daia+UfHnvjPsIr0lEGH5Gwe4s2Qd+GRHW+lUZGSl01P+atgmHUOtwIsOyMenu1OKETJ0K+2uFZF1qaBeIifq/Py6xqewl51COsUqrAAj2x58ja1owpe0uWeYx76/3OEUmvHiiEN/kydJcQcBBMxFs9K/ulc8q9uKlgPptJRT8COyFSlkFvoKJ7q7TE+muKZDuFOQ0CvyJ77wohRjXhtmBZuEYoODhDyB5U8d5Tdv+j0hdWl4XQpgMnGEv0xxoK4baSkZiguUb5igLHExgB9zDVZmAkUc2KBVLAjcMnaw95phofPsq44i4og3qDII7Vf/RXxaz4+wxK73v7mWV9Lwx4FJSewO4SM7+Ig1kaDjHzJq6C7gOHwx1KnLIPpIn0Eee1HdzmvZirQBLkXwgsmOBBNSEYjG4DuugyN6y0/XiythPmVd3oWPNEYw6oKe+yfuI/vlXK/oXpElAblOpPhn8hpROsUrWdo/ZAeo0bR50ZxubOcNNd3s74bK+V6Jy2vz0xd2butLOkdGXEomYKRUTWsXslPhVJq5EvMnusxbshRxIwvhlLPKWkfXO9zRnSu+t/S4EI3EbcKY0PAsdSMEBZzihisxiZUmdqsrsNwi8WwxvUdY36VoJw/iC4sNVq/R8NJAhPs0v1MamiSYWmBAClUKMRhS2CBQdb+TDs9iF9kPx5otyPdMQFSCL6RDYmuAvjA6MrfgnJuBO1spQI0jDVv+XQmVf8WITKWX3eiC0OHGdWFnVEbdmGSnggDTVqIp+hTtUPA0s6AiCoSeT1AExXf4FoYlFv6AJFqS54Dnb2eeSvQqQt1AnL9WlvuUqd37GsFOwIFZuJpyEtCXZyb3hcErYhm4KcUt0BNf/YX3oIl2JNOpREiemwPsRZ7QEx3b03arMZxfNKifWeW1mMVAMVHMFqEm1uid1+uh4A+QUVB+KkuBcIklX9/IUFFxRr0ja468jO+7savrZgrlxL/h4xn5Mpt+vEKc99+H2NDN/1iLFMFopbGsHON4r/iVelPuHA/5llG7ivCf2BcFvlRj4AnIafYWK5xS+LJUi56P7ufKBouMk+g2TGo1SeBi5EE54ifpPlpRqG1lUc6aU+edPpksCdoQdQLhDfUMpquTgfneMbXp6nZTSm1nTpdqBNHUsRk2XNpAqC8V4z1V3zqaoHs4tm2spMi2sDIHyr5RkNH9R2LfgrhJ/bPwc1RLcU+HrNdz5uYCyJ2trM/SkaL3WBSYtZgWVIPK2u6cohkJofncBFNcWrM7g8Ei9pviDzKoR5M1DoHp32HYIehAjiWz2mTLbCnLSqYEuEtQGiTZcHe0sBVvX6QhxE6zTF7PdOQtj0ODqu0t9WEEYZtT7qvK6mlRB+CO1M1+a00VE8IpvNggv3M8OA7psLl1hGeyHKljBWGoTxwzuz127cx4RUr/aeAmm51UlnsJScHgxOnxEU4n7F4PLZVhT6t0Os/F+BaTnzLcjl8ZYKPAHJ6ET2PQByBH/okiHmDIYWumQfnF8Eai+Q2jE6uem3ZQMUZ0Gt10AOhsLq2ara7IhtHo7UJtb62VTL6VfRJfMm2SDCWl18ZuXiuSJJIyc2fr25EQ021Zcd+unJuoPfVTAGBbK6mVC4DNTontKw4AeZadl1+57SiX60RsZU8DREQgFGm7M2esbxd1Q4yOjqAZS863nWYsm6g2cX1dt33hxbaxtdyB/FgXxplZ6rYZSrmf2NX3bRNilCwNI8gVsLS0BMHNhrcl33+ATfSFmhLkM/Z2JusL9794mpi1qkFZ35rruux4gGt4W28+af0s5EWxGchCaoJTRkukrDly/CVQRqfO8NvmIpCpIN37PovBVB73+HQt64vf2m5YVHh7kbmhs0gUxsEbcHN9zUYiaem70w00FsNWiyP/BNt2l2K3OcD6tNIVWBbPxJDJSCIfhOJDbun8Ao8/8VZSNnJveYg9t2AqED4c4iLBidByyWcOHM4GggYa4CezF9BOhaZX8yF2DTbNuw8WnzjsTk+kcK6ieamFVOmJDD3s030zE78itVJoEDUxf0aZZ1sKRUKntxQA+Fe6MDu1DMM2TxdUjaYbFpP3AnAg5RTL66JuLc/aX8vZiOnRoFsp/40qzfyVsQeauuOQAoVgNGyE1HiQxpDMD+Fx7NoX9zBn6fgHIrzb5HMIex/DYRZIQsrRiugoqv7RHauPb/1ms0hVaW/3fSlkQhpXIDfLHVwop5mETAUm5xYSsOA+Mc38cdemhSqRQniBWfmhaCHV4qxo8BpTpRBYOwA5gt9Tx0TLWU+PxBva6yaGPulHA05254vhTyDnmwLqO1zULKxJhHK40o1MXMx0y7ROw3ysRzZjBE1XiHBjLQpai2LN95hKUzy7zqPA7PR2zuNALvqqNCZgsGaLjm3Ww4AvZicjGPVufea8UA4YgUzEclYtZT97ul6DrrGVpqcVUwdPB6k5IexJxEjJNYrPrdC9mLPgmah+sLRBOkDriY9XM37SH7fkUxXlBRytEGfexCCsWZ7iAMThgQBlNL+t2vbINlqqp+I3r9TkoE6K00Fq96YW5hdn8/ye5KjRqxA9vdLPxWtth1mrzutko7JXhZ04XvPsZUv296fx17EjWyTD68I5egBUlJuxY+28c/UtRZor2to2McUkLGAtwW9vGzpXQepl8MaJR1UMSIMR//75VfP+xXJD19npMv4eMd1cIxFjJU3JjErHh7xw+QriSVcL4R732H+PvdU8byJozKz3MRWLSgBAfhF8SaYH07MaNL+IuQDKhfUD81T1zSoVQrDcNeCqrcFkpry0Fu8WBjhcxNHYk69NztJNQntTmPeRI0NdXqC371KgkyzkrtO2YiQmUv1st+O2bAM6EiMsCvwoxeFwbx5yWbBxZN8AkQPdOpku7luveO66sBZK5HBf8eAHe32hbrWkiOrf7AoVpXp9IoVPIGpNh9rx/UljZtn31pi+RkuLSIaL3V+rwox+Ix+VZgUG7B+TfW4ojHy1wdDa/MvLsWk/wB8eBYhJvxjm3wqyXS5wRofSdieGOlPuE5OyZx42vR51FM8pTS9OJ4dbg9XgS7BdqYiw4J1P517YC9EGa1HSDlOsdOno9jz2hEDscWBSFmh76qGJy9XlYrSJV71n7vi38bDXyItMB3cOVfj5mNPuGHyhw0O3dpsh7TPsuD0PVnQnQfJh+znE6XHKgqwANpTnxvf12V2DTgNA1Y7HREJO8SfrpjaZ/h5g/jZTJFDC30UPG/1o7FsiDJC0QB0/ACwQc9LrqKtDGfin5LTDseL84EefVqEWWWadLgw5OQlNol1FSd6cmVC2y7SYclk5kd9XrfMvWxkOA/BBv4O/OQHOFE0XV1WFFX3LfGolaGsk8VAs7qTO6Nzgf4tEfY2fTxsTZWuXaL6lFDYllM3sbLr3Ceq65b0WzBSypvCEED9dA0hu136tMJ9uXElvBvJ53JQIsJRSlL68K+dJ5TFgomeDPVz3QzKkxDkUVcSzkF28SYWU9GEgsT6Lqt4NqQT6kHLNX1/taqjzzSiuOiGdVY4O22ElfVTpJhYJ44ZR0dLf5HenAhzw4o5v0cxSVswNQh2ansqQXzLqJXifPfxNocXRjMhgW3V5KNErE3Cf8uPBgSa8pp4XxLyHJSUdb8mHN5i7gresdvOE7oR9FuNjOgSj2FtiD4y5ZZhqic4u2x9R1hpaIGUFnBUgGap/zSStdXd777qouV4bcQo5rvnwt6wwFa79DFQq+e5WnbnumRkI5KXgrYeMV45kWEDd+6knSnn53yF/GkBtyLHQyYCMPNWeDnpJQ1qe5iNZD100vqDCcuAt6s0sU73+4JebDRe7aChtYDtCp3fF1rB9PkAoHKgt2/LTlMBES+rKBTZEijQragBHeOQnMSjTfT6OyyjGDv89703rJxhRuLyGl2BeYaUKGvfIb+zAsGNe3x+IZiBtxjZ4MFAUVU/iLBAKkdJ+TAcaAj9qnzrS4Bxj6f4jsEx4+xRG8/gFApkSY09g3qTxJlwE7l7+0jiN2C0dy8heYJ7/izH5JHp+1Hw4U0oA0QpY2Z1vGfBc1ut3hxl+I7QCmAoBcR/S1Et/TBRmkXH7JGdGyluAgS7zn4jUbn10xGNx/2/SHT022Q4zBj6oSPfoSjCE2nxVUpSLAgpgC+kD940xPT3d2DgxOF/tAU3+kE9FrswN++Hkf6SOg81lnLTi+2SYC+tfOSMBFvtTVZbzdUN92uxY5UIbccAbF5MYUk5ZST2+SX8+ou+71kY2JZ2Qzsmm/NXDDrPuX0iaz5/4wJrzLCkGWaR2swmijC9Rq93r1bRGk95wPeY947+oC+HZZ7wbXa5rhJ3A8Hx5wbcNfYiWJwzd5ZoLmdQlzBWizYUUviTphelzmR8cmSjngTnAkGZPqgRhrrYcj6N3l8SQr9gVEsbMVuHaj09AiYW243PIKBr/qKguqFzw4F/Jo0d4zg83nYESXZc765KsbrmlZYaX4woIuv+AzRKFG229jKAK9mTb9563I8qL8XFDEUjqMBiq9/bwMrTtF9nZpUip2/960ICpF+rrx3Kcii5BUfrBfcrEnocSTheuP95hro1kX2kESbJfFg3WViqXA6VpZAd9pvUkMrUgjapHp4Ytoy4EqCSvc5lHpKzP5oESx6+RsgAFeqERavdoZV0Zx0+ApJighiCz+XRBlnED4vZ4DW2Kw+gKt74I5dl/rqzfC36rmfU3fMXrcd2QySUTrJr/YH3oYmJ1u5vWGngvaPrCcf/RGh+PPYhakdC/sgIzTntDRN+9tMTx4oHsHyajP6nwmgfPCVeg9/Iv3DE0wKe6wGAibdhNYWxu9TKlz9bodlSXfl4/pC5mYMtB04Aca499PzOvW+ebrExJuDV/FLJMZi45k0Yso3UqmXGALfz+vLLMGTVbAOmD8hlXjecymFdV1yK8YTIlkIlvXU13VLC9lE0td9rGPc2DKyPpfBXMu9L0CYGhBW+V7zp5Lgmnf1g7UhJwXR/G0Q7ikgDAyIigiDdlg3+Zik74oZ6/+hSm06WpA5l2K4vAqh74ojewBVtz+XTIjYCRNGgfP+8mzq28+jxzCsLzsWCsCUfR0guWlGqnGexDQS2ui5dOMZcn1sPQIn0eI+PSRrVYAv9uC/pOB5Eooz2k34N1xug4IHRp0joSmyG9P9UR5arHaUb5F1LMDBDXHTTWX3UDkAMoLf2MDR6FBsRf/dDbRW1yf3pMENqYnw8hmml3xjQVlpm8IA4tV5ho3874Ch1VDGtjlaebBcbK3Q3RT7svz08l7hJofmRNOJ+SXRZK4R9iIy3Z5HzfK1cLN3dCk6UQp9VlN2JOHgmpUni2IfZ9PmwnAN2ie/v1IrKr32RaLwZ4OOGhbSYGvBeBNiOxr9x6zxSRnI/oewZotQpsfbS75TCP4pDAYCCsTN0ICYYonJ8uarp5JgcG6nbs+jDrcWMmMNgF+3R9iXCnmXoscDQEI1YSlGUi8DzxymZara4eZuNxPfn1SP+NNVCQMnH9tD8qcsT+QAEjKRfm1zvOvvTv8vfPljKlKjvNc2alWfdu4lbPe+H2QoTs9dnZcHxUsqhMIENyYrEGUAXakxePiIXIwku6AN6O7868oz8BRiwt2rcCPCVLzFl5jXZ2gPyIEqsbwWvussWVvkBYBiHp1m4RJIkOTYHcz+f0v5igD7q2bTStZBmgXm0yAc8UvZrBw1JyGhGHC3R9lPAWji0UUufnMzylfEIfOPihq9S98Pj4SWbT//mrVwJna2Uv8w/6wm75ztSrMOsMbQ3qfXA9G47OMJrrqyoSvb8VAkjMVQTu5GgjGMK2jHgOWnbQ7rzWcO9/Ni0s8zSkIH5TMO5hnZA/Nh096BkDBCCgGMUE2iH+uIKeF9MQsAcc88e63aPSkcYD+yScYueeJsoJXB33yabQqQIrREjJGUsXAmzKhA2/yKOtQhHRRPgk23+0ogpz2uZEiJeJoGcvWyGDUUM6rzTbDeWeL2rQCWPPDpiwA9+y2M0RZqRTE/BslH9xLQF97nM9Ba5BCtVQFMTLXCpGK3lDM7vqxV9gGSseCFodLCGLjjHNZccb9OpA5KTF9yVqKr8seJpAPvHkzbbSF4QZ54ri0qFLTfTZKXgvMQo/H0Y23S5RE7Y+5DkNFZrNBwHTnu+UurngOLHyYIXqd1/r+i8LTyrajDyd/QQDJjBe8RvaWw+fKQWXAXfvAI055mVLaZ6AVja/F3l8OFfSL4Id4IldUJOS/5B/7Tim4XVmQaAc9+trd1CGhfsO200ks0++4QV/BAn7RVIJS4P2YT4cuFTtYW96zo004bP/3jCzR/A9cqxDLyq+ecmjLo6o57nVVyodjabkftBE7lotd/79RocZJ8yxh6bSTI216ajHpUN24aZAWgXML3hOy3zeDCKCounS/4TcktZ7eN3Ws6MzK8L0VUYRXgtfV0QeY1aXD9gMm0/rtlhZ10Nta7rU2Iod5NnWjyeov3cX75WzgIbeY1NUhI3bzk5rNOIDNAOjz8dO0pe+5QOB4j5JQEnvs4e0WxXNw6h01dS7RWeMLsLCEBazL3uUrb+U9/MOwdTljUOFMptsT29mR5mc/iAbyhm7/5ap51OvY5hvARkdTGiCAQgH3+TrpjQ1qL2CFgAQBaqbjrxk7fsli6grs6UJse4GhcBj2t856xKGyLwawnSoX9xn4468Im+h2qvtvgLg5D1Yt3XNwSehsXNvU+mbHKk//17uUx4sVSEFd9OjuukVA8uEoj4FoB8ExHsA+iMsp/vYxGPF7Xy7S/i//zKCxxc88fx1lZWMKc5R1MaTBJle89Urcy0aP/6b2gskvHyD62Ah8zXEo5cdgrv2QpfpyvCyZ7EX1XE3C+HxaKmq9H4EkRqzdDpPBtS4eGj4mGlhyZSjwHMHGB8v9O41hvJv1BRq4EzUOA/oCvLFHuEE3m0gozCyFD4lfwNkn8BIOjKMwrsXvRQwAAABFWElGugAAAEV4aWYAAElJKgAIAAAABgASAQMAAQAAAAEAAAAaAQUAAQAAAFYAAAAbAQUAAQAAAF4AAAAoAQMAAQAAAAIAAAATAgMAAQAAAAEAAABphwQAAQAAAGYAAAAAAAAAC3cBAOgDAAALdwEA6AMAAAYAAJAHAAQAAAAwMjEwAZEHAAQAAAABAgMAAKAHAAQAAAAwMTAwAaADAAEAAAD//wAAAqAEAAEAAACwBAAAA6AEAAEAAACwBAAAAAAAAA==" class="product_picture" alt="Louis Vuitton Pochette (Purse)">\n                                            </div>\n\n                                        \n                                    \n                                        \n                                        \n                                            <div class="carousel-item">\n                                                <img src="data:image/png;base64,UklGRlpbAABXRUJQVlA4WAoAAAAoAAAArwQArwQASUNDUKgBAAAAAAGobGNtcwIQAABtbnRyUkdCIFhZWiAH3AABABkAAwApADlhY3NwQVBQTAAAAAAAAAAAAAAAAAAAAAAAAAAAAAAAAAAA9tYAAQAAAADTLWxjbXMAAAAAAAAAAAAAAAAAAAAAAAAAAAAAAAAAAAAAAAAAAAAAAAAAAAAAAAAAAAAAAAlkZXNjAAAA8AAAAF9jcHJ0AAABTAAAAAx3dHB0AAABWAAAABRyWFlaAAABbAAAABRnWFlaAAABgAAAABRiWFlaAAABlAAAABRyVFJDAAABDAAAAEBnVFJDAAABDAAAAEBiVFJDAAABDAAAAEBkZXNjAAAAAAAAAAVjMmNpAAAAAAAAAAAAAAAAY3VydgAAAAAAAAAaAAAAywHJA2MFkghrC/YQPxVRGzQh8SmQMhg7kkYFUXdd7WtwegWJsZp8rGm/fdPD6TD//3RleHQAAAAAQ0MwAFhZWiAAAAAAAAD21gABAAAAANMtWFlaIAAAAAAAAG+iAAA49QAAA5BYWVogAAAAAAAAYpkAALeFAAAY2lhZWiAAAAAAAAAkoAAAD4QAALbPVlA4IMpYAACQNAKdASqwBLAEPlEokUajoqQhoPQYWIAKCWlu+BN+k/YKqKtuCVEB6Ry12f/N/VRjekgLHjRSnvrv++xzb7/D8wjlnz2kT3v3geY/8B3xf+n6qf1T/1+st/2vXp/bv/P6qP6P/p/2q99n8APff/tfUI/r/+j9fv+3e0T6C3l1/t38R/9o/5/7mZj16R8xtiP5v16d0f5DwL7IX9v3s/LXUL/MP7H5lX3Pafaz/u/QR98vxvo1Ta/u7UF87u9o9l9gT9Z+rn/ueVr7N9hbpz+kgDevELjfU1ATGIXG+pqAmMQuN9TUBMYhcb6moCYxC431NQExiFxvqagJjELjfU1ATGIXG+pqAmMQuN9TUBMYhcb6moCYxC431NQExiFxvqagJjELjfU1ATGIXG+pqAmMQuN9TUBMYhcb6moCYxC431NQExiFxvqagJjELjfU1ATGIXG+pqAmMQuN9TUBMYhcb6moCYxC431NQExiFxvqagJjELjfU1ATGIXG+pqAmMQuN9TUBMYhcb6moCYxC431NQExiFxvqagJjELjfU1ATGIXG+pqAmMQuN9TUBMYhcb6moCYxC431NQExiFxvqagJjELjfU1ATGIXG+pqAmMQuN9TUBMYhcb6moCYxC431NQExiFxvqagJjELjfU1ATGIXG+pqAmMQuN9TUBMYhcb6moCYxC431NQExiFxvqagJjELjfU1ATGIXG+pqAmMQuN9TUBMYhcb6moCYxC431NQExiFxvqagJjELjfU1ATGIXG+pqAmMQuN9TUBMYhcb6moCYxC431NQExiFxvqagJjELjfU1ATGIXG+pqAmMQuN9TUBMYhcb6moCYxC431NQExiFxvqagJjELjfU1ATGIXG+pqAmMQuN9TUBMYhcb6moCYxC431NQExiFxvqagJjELjfU1ATGIXG+pqAmMQuN9TUBMYhcb6moCYxC431NQExiFxvqagJjELjfU1ATGIXG+pqAmMQuN9TUBMYhcb6moCYxC431NQExiFxvqagJjELjfU1ATGIXG+pqAmMQuN9TUBMYhcb6moCYxC431NQExiFxvqagJjELjfU1ATGIXG+pqAmMQuN9TUBMYhcb6moCYxC431NQExiFxvqagJjELjfU1ATGIXG+pqAmMQuN9TUBMYhcb6moCYxC431NQExiFxvqagJjELjfU1ATGIXG+pqAmMQuN9TUBMYhcb6moCYxC431NQExiFxvqagJjELjfU1ATGIXG+pqAmMQuN9TUBMYhcb6moCYxC431NQExiFxvqagJjELjfU1ATGIXG+pqAmMQuN9TUBMYhcb6moCYxC431NQExiFxvqagJjELjfU1ATGIXG+pqAmMQuN9TUBMYhcb6moCYxC431NQExiFxvqagJjELjfU1ATGIXG+pqAmMQuN9TUBMYhcb6moCYxC431NQExiFxvqagJjELjfU1ATGIXG+pqAmMQuN9TUBMYhcb6moCYxC431NQExiFxvqagJjELjfU1ATGIXG+pqAmMQuN9TUBMYhcb6moCYxC431NQExiFxvqagJjELjfU1ATGIXG+pqAmMQuN9TUBMYhcb6moCYxC431NQExiFxvqagJjELjfU1ATGIXG+pqAmMQuN9TUBMYhcb6moCYxC431NQExiFxvqagJjELjfU1ATGIXG+pqAmMQuN9TUBMYhcb6moCYxC431NQExiFxvqagJjELjfU1ATGIXG+pqAmMQuN9TUBMYhcb6moCYxC431NQExiFxvqagJjELjfU1ATGIXG+pqAmMQuN9TUBMYhcb6moCYxC431NQExiFxvqagJjELjfU1ATGIXG+pqAmMQuN9TUBMYhcb6moCYxC431NQExiFxvqagJjELjfU1ARV2DnTng870yMiPfp18FnhcsaTayaHEsmCFeMhnV5wzNlWSalkxlDR837r73U3oYF6WH1idkzYJROhs43kKG0Vu5h9MxDKzddW+Q/VlzC9DCL9VM9bu2Ycc3LqIur8ugae2xmItacfX6xCa5PzrHRuTuyUJXaUN097Dublv7rA3J7le90/8YnMD4PtlkET6vOfOg00AtGM8iTZoHbuZ1PzdqODjfKV8b6moCYxC431NQExiFust/BTf+2QBMJW5oTkcsohn4m7jnqrAY0wWST2/Xk2MTjqyEzlvmQ/tZoe2ApkqRoeehsYxs3wknDqWCWZj1KLpJmbGDB3jxu+NjvmrIEAen4fGYJtcbzU3VEPHMXI3pua8URlQEjSz/572OeKEsdTMzkoC2UbXO2OirsEOq/rNBlbjgRutGnqsT9iPXiQzUfagsTj4JiHl90PKKPynk0vwv8oGCZUGyFH+m0sjBIWKfsVg4gOS9U7E9qEyt8RH3/weItIIo8cEDPQCsVUBlX64rAdzk/0ZmSW7WyPnlKTb4AIVcKUoBDOLOr21CkAQmokWLqmsxcb6moCYxC431NQExVEEFaw1V/vt8j7boG7bT1BxKcqQh4SotHfQ+CAtJ9hMJxcniQkPhmKRpRdWDTfsVDHnT/lnVhHv4nvszpUKBBcmVq553MY89VwWjz1LtKmq9RDhLrHc0iMmXAAHaEyMTcOHvRutD/BwIHh6jZdaMJ9tVoEe/hcxgGhjglcBEAl6PTDgZU/gsHUd53jePZFsfUANERvKDCLgiIqAEJlrgwjkKofAtVC+rCYPEwDck39QmZqlrlmYGj87G+mYEQ1qasoa+BlbVPbGQQEzFfxViUBgxxFv4iR6PHK/8nHvbQDRglzwhqju4foVzuYqLwMHhJcPbWrGJV0VJRhagJjELjfU1ATGIXG+m9tf98BSBYT/Ww/XYhWjWPmuMB2M0njXPv9KGInvcqvvG/QWneiupOLAESgcbwHgdjgTPExRxpDdxl57FCO4D0zzYUVFg+6Av+P8Bu/Q26tMcYAAkKvlxMK1Az92OD8cyVJP3vgMXx3ykSd1tVoJIM8ClZhXLtJ/QQokR/MaCFpUzHeqVDzdhdqb1BMvspVgSZK1DdZgRpWzaO7b5ITNLu0EkDjbx3lRRXXsTacln+FYux6Udcf/hSq0DDyljyJORFmrDh5WKiZwHmECakdj9Aesbx7HpbhGq3d+/BUqLxGCtl9E9sJ1STkoQJkuEuNk95GYmMV0OnSSEO3YpUMLctPvOnDrAExiFxvqagJjELjcezITgFldmMR3tjuVlM6dIagrALrfoP99bOgdIFwso2McYHZMGh2NJTvsm55umfsFz0ydX/Z/ioHJ/V4SVvIJsdyO1vsqhw+zMOyVhkvGWWFTkKLZz3JOi9d9miTDyyt7yalWguALjN8wKUKjINysjw9c3PKL8KgYqOet2qQ00gYajAU9a+oNeS7N2uR4XKHJAib822ln9zs2zUNlX6dBFj+nH//sirA5qTVoNvEPLROhuQuuFUAkCGKz2LH9GFH7B8cHEFXXRvqagJjELjfU1ATFTryRA/fAkPRLrrg4BEekh0LJr72liqFy/PIVZ/lc+5JXkcIM+m6CGHN9rZx9s9Y8Y5Bv0uSsfK98+Ky5CPCmhE6iQLz/m6fpd4XY3bV51q+TDIdRFTeYQ5RWJjuUBWZ6TqYncUaSF/cE2tnBC0EexL+UBFy460K5IYR8yXh3Yd3SHgnlB59ZYoqy3cGaSk/zRaBtBGcn2FQVqbP+XbhWAJjELjfU1ATGIXG+J9f4exfJN1uTeyoWQY/2V8PqcgY7HbQniwKNmHL/HeUbyq3f7qICdSHw8XgvcNv5uKaU1VtD73Iydw7eGGUBdaZJGLY5vq6p05nFiyUdGJWbo1BiLrjvHA36Ed4X5AR2zyzUlyXNphYEH/oIvA1xIO3IU/gB72OFzsk0kQx8a67/wE9SSRGFalMIo2qvajBnKSrZPvBF0b6moCYxC431NQExg/+doWRpYSCJIy1eeWI/Gp76LRSr5Hum21Dv4ZBHBNOtMABN2J4Pu8OTSecBgI5qyJ9+2tqiAMZmC9GasiVbsa86SZ1dTf/o3Cae+NuKzLaD6yESluc8Kc1HTZhuRLQWpi11S/29vko6IHFkgdtferXTpg9buukiPy2PdcO2PKKYpg4FodiqWDqyXG+pqAmMQuN9TUBMYhcb6lsA09kK+VWTEG2776msm9wreMRnK9tXWsYu0XhfpQW8IEPNytYJilpCfbwHITT4d6FUWeElz6Qu9AvYYE9VXvvnLQGsU6zVKXUxcFQv8JQXmGboiClpe+GawpAaxQtTHVHO/smP9OET6qKCsN1znZ1RdqDx5ELAExiFxvqagJjELjfU1ATFS7CEhf6J4M/bHnXfserZ9l4c5gNzeJXpwoBJyN/axtwzGEpFh1vx0xiN76TshhgiqXzp4qBkKP5MPkBqgM80wq6Avji8Q7t7k+M4fedZIsP8J5GR16QtQi4st9Qqv0g5R10rmOG7DFmTfEM6gXWSYmSIuGEnfw/u18fC7eWTWpEujp7Jau6vVcdQfySYRfmov7sTuQaG2DwI4hy6iNaUs3vGk5/MtGOuPomT3MVM8BB/nMjc7qoWZU/S2VzFxvqagJjELjfU1ATGIXF7y/0R/M//6cI8CV+HnXUTK9F450ETn2DfXMUgguRd6jZHV3URpguJ0ArqdDkyCYt9ZNq9RL0ubr7JxuaIgtX2Tjc0RBS1P2GyYM2vSwwQV/+nSbm2WSCky5GXW/lHDrQkOgZ2TV3ewUvHgpfRHAJkcBOuNLS+2vK9sslo0FvrcmlER2qp9ZoXG+pqAmMQuN9TUBMYhbuFVXBtFFkrcIrgGlmOkT+QtdeKqeo9x1gCYxC431QGEScFZk6wpees26MTKEgyyfNgIUODYHHcagJjELjfU1ATGIXG+pqAmonU1ATGIXG+pqAmMQuN9TYLQ2md1NQExiFxvqagJjELjfU1ATGIXG+pqAmMQuN9TUBMYhcb6moCYxC431NQExiFxvqagJjELjfU1ATGIXG+pqAmMQuN9TUBMYhcb6moCYxC431NQExiFxvqagJjELjfU1ATGIXG+pqAmMQuN9TUBMYhcb6moCYxC431NQExiFxvqagJjELjfU1ATGIXG+pqAmMQuN9TUBMYhcb6moCYxC431NQExiFxvqagJjELjfU1ATGIXG+pqAmMQuN9TUBMYhcb6moCYxC431NQExiFxvqagJjELjfU1ATGIXG+pqAmMQuN9TUBMYhcb6moCYxC431NQExiFxvqagJjELjfU1ATGIXG+pqAmMQuN9TUBMYhcb6moCYxC431NQExiFxvqagJjELjfU1ATGIXG+pqAmMQuN9TUBMYhcb6moCYxC431NQExiFxvqagJjELjfU1ATGIXG+pqAmMQuN9TUBMYhcb6moCYxC431NQExiFxvqagJjELjfU1ATGIXG+pqAmMQuN9TUBMYhcb6moCYxC431NQExiFxvqagJjELjfU1ATGIXG+pqAmMQuN9TUBMYhcb6moCYxC431NQExiFxvqagJjELjfU1ATGIXG+pqAmMQuN9TUBMYhcb6moCYxC431NQExiFxvqagJjELjfU1ATGIXG+pqAmMQuN9TUBMYhcb6moCYxC431NQExiFxvqagJjELjfU1ATGIXG+pqAmMQuN9TUBMYhcb6moCYxC431NQExiFxvqagJjELjfU1ATGIXG+pqAmMQuN9TUBMYhcb6moCYxC431NQExiFxvqagJjELjfU1ATGIXG+pqAmMQuN9TUBMYhcb6moCYxC431NQExiFxvqagJjELjfU1ATGIXG+pqAmMQuN9TUBMYhcb6moCYxC431NQExiFxvqagJjELjfU1ATGIXG+pqAmMQuN9TUBMYhcb6moCYxC431NQExiFxvqagJjELjfU1ATGIXG+pqAmMQuN9TUBMYhcb6moCYxC431NQExiFxvqagJjELjfU1ATGIXG+pqAmMQuN9TUBMYhcb6moCYxC431NQExiFxvqagJjELjfU1ATGIXG+pqAmMQuN9TUBMYhcb6moCYxC431NQExiFxvqagJjELjfU1ATGIXG+pqAmMQuN9TUBMYfwAP7/8q0AAAAAAAAAAAAAAAAAAAAAAAAAAAAAAAAAAAAAAAAAAAAAAAAAAAAAAAAAAAAAAAAAAAAAAAAAAAAAAAAAAAAAAAAAAAAAAAAAAAAAAAAAAAAAAAAAAAABBaWVwZ/WiAAW9iurn+rkzvupJhIUQRNfhnFcFAGVIKYKAojpRnsvD3H8HJgT3/TJnmS8V1wK5xD0NofO44s/4eJMItFz5mRHCJSefYD2njrVR5JYfkgPKBcYijhJxoCLvSO3SIuM6DiB61ercO4iF216ospW05nswRcqivTI90FCGcmkvUqsUM2EPM1e/0opgBFmxMKyZV3Y/4+6eF2TX07yhhYGy+e8EiPI6tE0ZqhJrXYu6BJsTlJDQnNuTe0I9csfc5BXXgi7ij2LHXKxDLTJexyyuPe+tYMk4V5o6Wnxawz2CAeYO9sU0WJKM6wYNBcbuLlQNB4IQCuDD0Y4p4sfM5MZ1mWNJ4DXjZ1jZdKGpYFEwpVjjzyJ7l41NEXOF/2eKr2rHZb3pcebm1klnSHELjWxuDQ0kOEZuMj30afJ0hSMDoFu4AV1FndoufILrL6/CvRf2QJLdJvJmkbXzEjOW2ATeEhh14erQwj7NCavFGcIN0O+CtRYlIWnM3jFl4GT8GtlzCzjjTLVlFdodOcXmApGfvomVPICogf+01o9KgJb0BITE6tHsZBib5c8AumdRbM1NfE+u6VcjZlMKqUtg8HJ13PykYQOj2031ZQDU9dz7l5mnTX3hp9jkMPDn/i45o9t25iWee3F99WZPX4/6RUfvNYiHL3wb4ORw3v/YFcofPhLTpW7B9+9UnL8hmz4TPR58XSCItjGRLxw1QzpGyZNZfe/fbsmmPseF4W1778lpJjT5/+5+F0SALRw73P377XmWF2g0fi+W60YGR1FnRfBZTceKIvqAEGcc1/Bhvh6lxUHr5ckOSKtCdC3uhbdlOvWlzL41Ky6BYjZLYayXqVaQGLX1gjJclPNolqxE7uJf6uS62Xvnat1EsW+kIVfiwM15nG7YJOVtzeQsZJ2WUPwATG7Zi8fGTkJUkQFPV5PW3vZ9rADGifzOsrzdOzTvrhz/wGA3cmlC8YZ6n8DW9eN7Pkm+aLfURgzlmtr0+IXCzrNN7MudRWwF6rgbKenMYzun9nFsXBDOTbcs0abaujnJrOT97QfSp/UV+RPD2zjzsw0hETPo8qO6Fqn6TmE6I58CU+ikaZIXkzha6tV6sOrzTvLQzlxXQT7MOtsGLqXAsYVDbap/5QgdmKHhjpawTtI5mbvhiaY+IAhdH7H1CKJK0YtSXZs81gC7k0pu8NY2DieKySF8oAtMGE/p2GR5Rljg1nBnfmwpqmBYSEq7h9hWRHse+ZSVCZn2Xp1UYFbenjGwHf0wTEdUaDK59WScVJIZi0UHPdrku/xRXOsLqg/L4P3J7gLi9VceMhqnXR2Pq5qlviaQ42+nxUR+7uT0RTgGEbUKmDLXeS5N1czOWnHaTQQKmqINkHbCyKuGz0sWNfTug9yf/z5i5JxH+jeZWrNlMO3y8W0ZUFDQvd68CDP6S/RvTL8ahLkccM3fWRTHwUAxnlkSvy2zhZC9tJWN9J6+9CU/k8I07/+bYKdqMSizkbu+uHuOAfde/2q6VzeU75+uJgPZYk49mBwAEngjCKLoNQctmxh//LBoQ3QZhJFIbhxTyJ3hq/1yAtLooxWxY6xQ9H1wFXuVhtMohVDIVqNJjSmW2ycwOX/13sGKJRxCGWanKSUZxyOq/8jnKEyAQ4vRaG4eCjrlj6Itj8fPbVnDuU/3GPfBkepfsZDf/UCwk/Xcbw/CP/D954HyRAxbm3lsYjyL1K5gwYpJY8QjQ/Dy5hRr6y3Def+qUDTiXaILHHaOYQZdf4fjMhM3qw/YVOF3EvinuSYfJgN/V9wOSz3TrUwhPCDx1EFk5wix11WTJRF8qIkeKhYwpVQZUdjL3vt/yCisqDRd9xKiobHUWk0c3Tpe3tnq7ytewIV/LPTZ+xC/X0q43pPhVABsz1G1qLblwFxB9/tzZXTcEHdidu4JSP+AvswAw1ST0tgkYnSvtiTQ9TJzZrPHvL1IYZv1aSuP5fYBBGBFNpKIUYMUUkOlT8V1ZwVx0FDPHwgS6P9Ptq9ZHg1TQWklhUSxwOk0P7Xe92y+rTahyIxNt6bhjMhPiq8pVqEk9IkNspj/y/aYcIMKBqdtd1Q5uZBLsC7w46HHDdTbpp/9awxjhTrHffPtCLy2o2I7tSh/0hUndy+bUIHjusDsb4PUApUT+feSmQQ70sOpmK4A94qBg79QkUANDeXhPQ/X3WWkiF4JBuOhq6AZjKMW7DK6DtImETQcfwLWHwpSzg01QEkFVJpgSC02yfukgBDmQlroxXVHbUalyBdBfEpaQTD26ttZVWduOhiklOr4xEm/6FloTvCqw1Bm4nRPLFEZRAKjdrB5EsC7skbq6XWbdYjcZRlUQXG5ltjXx/2gu9WJ3shaCscsLhfiNIKVgXUW8PX4fsK6XYP3GdxB5b+AkvADwkQU3NNcryTIXqHKpe+f8/DbAvgwQqSE5kv35pjjwnrECGI/VRhvGYhQe2Z+m6L5JKXb6419yWBUgrnW9wdFOnuQhRm6m0diumL7Fs0tzjZdgiDwIgEx/XNF1U2DtR9m66Y2f/l5ZFSAa6Y8w0IliHbjbj02SD/WtZf4mKt/g8uTwZSlwnJjo9Whkdxgb718NVv3nnreT8aaJCZopLsOKL8aPjNCH/UMTbOvly0M2vjX39fWcGEaKeNZMb8zJEXmuO7JpK/c5LvjgCiRKeQhudQK9E8ADrYRfzdOZS5GgoISk3xf53ssYxOp1Ddj3mbndsTiPCoEp7n9X0tHd6DAIKQf958AlaNLOTYQMVIncupHg+puWLnBYKwyBln3Lp+d8vG/Vetvt0bufSi6jLLT5zchvOHxySps9ZxeRZOePeXO1gYoKdQ9m3GKrB7zn+WzSIG7RNjghoYSm1+U/mc30L1dG7emc9TAwjLEFIlOnpBhpjxoyi9sPJbZjXwq4/UJx02BNaxiMp+Md3knjltEBpoI4hkeBaR0i0U+JbZaI30dgKO1d0I9KSyA6OTjmBDTessc7RZ95aJMjkHSgYesWXGaIh2EiTI1Az77XNc5/1c3C0k0HxP1qI6Hu/0ChzXjd5epljkazMcvnB9XuT/NtdNIXhygfAbWzE9pwVKlhUelU1ho7uG1yTtLNu2zqWw1T/vttUo5RLMjCbCztarInqoXeUiQWMIIg1IajTqdhj/KY5Gqc1KlFZm5MKq9jB7ZJMafOmxGHSSHjqooZGL8mPI7tGV8F5GKbErMaUX89bRburtKaVz+jua3z0ztiRI78eRmJMGPcLEXazwePmwyo9uBPOLN9OdY1B+uo/8wL7ial77xyBLuEdYbmFlpXuQymJg+GVS7CQ78GPYCmQmO7pGkG3l4IKZQiK8uGrngRkTY3CNquI3XOx7ZpXpYO8pxSzVb2dM8GVLSJuE10P+I+OiyB9DtgpH2BpP2v2OnJPMlJ5O1antRmrZCJRQ9/ftDF1qWv2oa321X5kGntf05urCMSYxQbXtu9mAyeIXRkJqmRf/uSP0TR8HrkZTspF3cuAVm1uA2DWNTZgBUP82ExO1w1gfk8oY5CT5EGuN6Q1sjnCyP48AVyieI0MfjEY5LgG6C/fktWoXbdWc7guZwwmMED8+8h4sapAvCXAYy60tzjwCDYCg36S5buZM7ivSZ5pXBdzgv86Dz2iMIAZR54T0jfDBGhLmxFWG0S5bOVbsIYkiTpNGJnCCXl1hlrIQzCo+1mCer/bPubgv7zwgbVVE8hRgh2nyagh2qiUTlutBmfiHIZQxXMmtF7lgKRe46QeVsgtpvAZymm8qScP1MdkHFJi3cbhzBcNeAtJOn6W/QYa2aUbXP/p7lEEoDaeZBR5g28EvOV91aZvPrcKTbnNBbrzai1UAskrDKcJGAaSH1E4QLK7kVkl4Daj4ReyfzZdMoAzcy7a5uAZpnuFcG4hVPE8+INLJyZOEUDV/3fKQ3AzfBHLDDwhOgECvAa6m9PUdJNBUSNNRyTGtqRHoLwTQhbb0I2xShYlFdolFP+du8viCfzyoluA6fA9T1IiNgCkQFvQBwyjYle4g60gwrSCCG5Ol/t7lRgTg7XkK7+OOfr+lqkclFoEmHDkHpwyUlY39B+DSwxB4nyvXDG+2MIyyuk3HfRpjHvuxJE7d+02RlJQebPgn0V9MfJsvA4zaVocQOMkVGUP86IATjcjwXIAAu2CoFHdnOkOS1I43Ha+vye4yhiu6eb1I1f+/tyfBLaUW7A4vflgYXdlN36hAlT/TcBcF1eySFa9n3qcKtSzo8rAIc75IqkbwQcv216hGyy9X+g4kkO4tCDye8DhFj/c1sPwhPPDrkOQJ9G5puvF7+kKeVY6gibVtjMwHnFUTSbojDt2GKqNY7bx9bmvw3H6mUmgev3NG7M4G54/y/mDOO7uRwQV0/DzaCPlXfROiO/DTd1nttAK4TmSDiGVmH80YxvGGtnoZME456+m86EuH6D+fTKrFUGclNDQEmgvJAvX9vP0x9BFxHcEN3FIyT8nchNN8uZypoLzP9UnSjcL/1e5fkQtMOk7O3gyZSkR/sj3nZO9adwEbsARkb7qIYCVeyx/0DBf1ffl+2IHCDXNCI1IOZtz9ErN3m336qRCsggwlr5vj3T8M9eL5L/xoPoHeXFBf+3z/cENn8npWqfjFtuW4n4z1/oFtnvyECM4xYsuZbUFmwYbPW/vLP+KS7AoaHydCWdxn321dvTDsvq5iPFp6Ca2S95rrHAp6MTgX8PyiY52fzb9NxVEkqxV6Ms/VbDlOfOLR+W3l78LN9Q4eUs/9Rx4LEe3bic/0TiqyLZAfB3ZqH67ilJAfraBlyCakQ8Bzi+erx2mH8kLHwmNfX1XQBUMdXXgmL6S+praA9fuBza7CJhiXbvWhIqSZPRS03ZlzCnwUS5ie1eOnOB/KqecxPvDH3iIbK1dhnwhhleW+FZBfvBF9jpnsKr5+Fe5H40WVmCSUJHbLerKsK2pWX8DNZ+RReDxYty9/RzSB1SEHXREJezt2T5gVT74tlsHWB2d1slwjRI1pJXeCdZ53sWIV42X533TrtOTONDsy0qDjKtiKFzJij5OYY18UWpe6UnAqslNGGWCVr6tMY2wv7allejYNvajWeR3lfRndCY499kbUsyG6Ciw2SF9O36PdBINQHHgFY6Tlzr0TiSjK0GuWN/AAm+oqNhxY99cVfRR8mX2JAqMuQiveTuuNgbPA1smIeETzog8pw6DLT7bgqtw5JrxvFr9n6sfuQ488RigHZbA/psSQTQ6vxedgNsfEeLcvISFRIjuKlRHq3rGQhHhYN1tgto2ypWLuRN7YV5iDTg+LlbpJFWriREK/oFuzXk9zn3QwJVDNvjp2wzLTXmA5cnrfek8zhDjpAMAzdAeWWUJ5ME4kj7z01hETvrz8Kdbumxhbe8Tlvl0W7D7CV8hZsDSnoKmfnhziprodCKdfIpPS9+Jl6VlKJD2McnfZFa7HbGCEsL3W/cYIXvcrPbe8GqVAnFPt/Dkr16xP2PdCW7EJL+IfkGKOuC0PfmEzKjuUxfQYuGNH44HjX+2p2C9HMtrUIUqdRYtMV6z8NPYvAh4kEyy4JGn5cYEgvpnzYT0wCJ/OlKnKHjRmCn7gnhHlS0QqX4kT3XbBBzpTXQynuVt6e0/sC3Z/KJPBuGyGVW8sM/LbdwZ7zRdletTccsaDLwmNspWHiI1SH22ZWlU37SNGPfuZs3mkXbdn5w0itEiMzOe9uOToArcCgCC/sXCcZmOjrV7ZefuS1W6B/P3D5rosvUyOQj+J6ybm55RgkF2IKCawwHYcKqSf7ufsQvRUh4qCSunWMVgQOTgvj2B1pnamfPS+6pRHGbfR4LvarG/fsDe/qDY40Kb+nHm+d+njlrMTNUdtEsq+HjMk7Q+awumBl3GlRa7Hz9K766mtZuCudJsadK1JAnMHzv5H9dnAR7Rwm213AiJfD+ICSfD+Ep3xNapyCtuirlBfssM5qncnrNIP2ak7NopFZFy5Li6Ub+iwPZUdZGfQdTa4LrUNFwGC5VcUokE/T+8Ji51gMITJvGoybjhEAG9LQhAJl2Ic2EPyjRYSEThtV6352wkwr7OxZ8HRoTIRqLLHdWqDbbjwcig1kWZgJLCREapP1BdBSRnB/PVift328K8RRea+kXBs0Y8FK5296SHQ9XeghOiFgex3V0YplZlqJyNit9pdObNktpviQXQ28oP1eoctmwk6I0miyspevqwME30un98XfWlsQJUToqnJpAa8p8bfDuZMagVeYZ1shglDjEcoRyYZij/ab7CJxDACH8x7YxvSRER1EYFA+ljEIWh/dRy7xejPFqEktVIYVeIxAlGHmeJO6ij6oq/B0fQvjsa/gOMWZKVDy93aieppp/qJskxfEDQxpSaZhykFxCMZmxoeOp+GeNmO3GI+zkLOlqQCaCIJHaiC1YDN5OsAZpv6VBVTaPxybX60QVMb58TRav2V8OlU00h52VFQOeOq9r5EftGDFII4AyH7RWOdYnZDTde7Vfa1vMibpYabsAD70XV4VEfOT67kqYo5FIJ4Hl1XKV4l2fgfoexcZ+/f7zC1SpCGUjoAG4XUQJNRvEd4bVrkPzxtvzY0lD/CnpLKC3xmAGIo4Hnamq89iPiMCJxBwY//K/yawEkhEUmm3zrJLh3PE1+nY1MoMNx3RcSEq0L0GyAKKMIOk3Oia3gRFSIqn2POF9JsgXdPmfu1XOpgxLPc88EFKwL9sikulkKxJ5LKqPSksiAW4VidPLljP9coFsQeIzxhTA613YRBw2sUHQVp/EFhX8vqYyCel1acN7P86Zofd6CrCqYOFMowTjrMflQoAZOs38QdxdBSV1PSUHz2YJrtgM9GPbQabYdq52lnxc+0X1aIb0C8P1uJt7lGSQlwWCgLZc0gcI5B3v7X6mXupRb0X5eHJE1KDMN6Z39NXjyArp3bm0sqt0+kVHjmT44wW9sqKC9ViG0IatOvnv/tTUyUpYuFloYIBMlCKFbIMeA/WK9lstUQd+HmKkdbGIiE+2kfEARyUMZKlrMUZDGjtdggXtjj3na/+WduEl9Rz6elIqikgV4YJ+il5Mton016lPFgEfq1Dapvgiwdxg0c28No+ohPVuG9TrtwFIdIocCay6giQrF1TBsH8anyLsMCmxKMSgLeU6awrBANCv+W+hkh6HZJU5nrQk3vioPMgYgVUXR5hCrcwNLlUM7z6bN86QG00os0oWDeXf/SFxLp+VY3xZ7oNqQTVPY1Q6EEt4CBhp1CCusKju5cFhfy2mWwo2mBTL4rD5tRf+6bq+CgWLUvg9XwYwy3xT25kmNXbl2S3lsucsiSXBy1jp4oA3rHuthIpbPZ4tqkYh2WOxupmHCFgJMdSz3WB6VqJXfXIbE9DT3MwGJC/CFcnL1Jz2lLeyTPx6xEUmZjXlWFscf1sk0JTPi5TFaqN7bhsx8POi9rf3L1RFD5IYG5g/28eQGv0ZnGsWWVvP3RF6vPEKNMpa3XPq2QBj+NjdbcTy18+YEh6HcODAka+TWj+yvTSTvLX0TRlHlxVT4mbtQ0Twa5MN5GTg1MPMVPYGQu10lOQu2627urGcRBRxWyFV7pSiZUmWZkEwlQeEdMT4Xnnt03DW6C0svs+P9G4Oozl2VeaPhsi3J0quCigg3NoiVSq6gKS5ld1Add8PJsDN7oq9g0HpuTc9v6p3dkfOcLHxFHXFsh3QrkQNYbsmkSal2yRE6PJpP3SNM9uyQrVOEkITMN0gZ9H/XIsECx4UtwJJt6rH7WQDp847KIklvvSG9lJsmYez18OI2l93T+QbIjP5HFJCd79RpDefquV2VA4qQW6vB/EU4hptyK84efAPCJ5p06dTHUptyKM8Nl/fb13G2ezk9d1uMhAB2oddLUYijFhUQvLQZB+Adg9Ui6v4z93BjBOIw4wgrxJCSJ4yoowR3Tns0tx7qCOMi4y+Tasn7D+xxMxam9aWWqq+2D0J3C1gxa31nRk8KaqB1pYsZzxapNRn/5QRjqdnDbG94tC0Q6Jt/2KvGhEP60jh+draul2TGS+MIl0Zr18YTf42dYLf6eKglOxvCLoqOCe0+LyFs3fVw3x9zv1DQEMXJADNNw3yDDU/uZ6lWLDiPty701xesH/jGRFmnRBsLkPEcLMBnbfQy2/btvZhAlLHLfJIbt4n/o2b4D+Ohjk9lxGPe2oYbgifpjlcQz9dtsjPEa25PxHZVO3FtFDb9ZCzOQq99Ps0NNJgX0/HGGuXyi0jUvBViQ/CSz2PL1RKTOFQU6BM2V1guiOEmU8lw2jjG/Hf+9Fjv92bSz4eVtqDg4WnAt/F4xvX5dK522vz8x9VwhKO2B5+gGbjRwEmWjdPuB5MPD3RqawBq4FIP3hZT9ljx8pacdUKLtcDAEhH2u+l96R0Gjdje/4oXdmPfGZ45dTi25JfGeOX+x6RTbaadaH7IsFKGnSL0h/Ake4Cu5T3zxIfaRfE9xqlhyOZOsLocKA5obuJgIPd+AHl9hfsMH/j+dcb52DBWvYBmO8T2OeaMVazbqyzwIaY/D2EQBXAm2lf7GL5Uu7O19nAKyZaEwzPW09TdUUUyj3D20hEwRz4Z5rdZy0ahiMqzGmL9abBF9IkU4nNROtzY8uuxFUzC924iHn0RotawYqzuI96zYtycYTW+MokSdW0OMag4nwjkYpoNuhcJYZ8eM+efT3BvMB86PLUxvLyQPUELrrf8BqZ5B5UPrl0+JvP6pAL6gHyEptONacWqtUoClgSTmom0tFZyNjihttuT9uk8ruB2zn8c1+KP87ofB490KWHFEYJjNZPEpvkR2HJVcDixaDWf0DQmvsaYDawf7fu7ZAWsidSpElRnDdn4eoGB4P/SokJs5jrM45LAXwH00yTkNHyzE+8t+Cyq8gXkwb7YPF+aozBYITK1gzlbANWHSMVdC66KXuuZ5OLR2AvBpftzzS21r7KOR+LRxhwXSvHEOdgUdm94hTTaj9H8bfMib/DejbnR/oVycDPLHKMmkf+MwxRSYxaJeBs0Gc6AGUi9RC1jj5KEPAtgJWFE2V0Rq09oqoIdMqJCI9gYUydGcK8+kLA1cXlqRSXvNSaLE+NC8/xlkrWE8AhL6Ti9c5+qP7n8cuSKGm2Cj0MiLFzvcpqkPTBPRWf+mf31JGleoRxhMhHalYJF/qF2dAo50158U5MrZq7XGO4dU5uVxWiUucWpS0n5pON3SNVWG3asMGTDyRTcdSW0/3YVxDuHF5jbtxMbxoYU7w4dRLwCPToS5A5CfBXEnKnZtW4D4jtdP9LNrVjpIiQge4+32ES/kRR2sqBgN+NSpbfs/MAkryRaf6g7ncaOPYfmBVyUvkujjflHY5XpuMxHp2WltC7Q8774/UOn89SF9mnf1qc9fJJ6y80yYBfIj04O01Lu8NIA1Fske2N2CF0EUDm6BA0LFzyquLAD4ivH9V10xs67evLCiFj2SjKzJGM5yq3QtUfi4OIxrscHhJRAkeVe7t0Hkr+uKfIZ3ltC0R8vAiUl5ueUvykP5wWPfH2bAAXUJL09pt7rjdM8QBIQ+T/Qx9a7UB4no2ZrqkfettRO6X5oEkVIEpAyOhXDIs1VsEoZT/5ZJbMeSn92ILj046N7l9GtosVZziFztP5YK/mCtLsj3TRELS5sCpLxMz7R0PTs/WFxuIm10euIMOoiPgTPSXyU887W4coF41Wqfd0+IfdwVp9sPmsbIMzvo2AsFssoQJgUIIH+ZJKf7k5o+wy2yhxgxCRcLHfCk9WZvTl8GaSXIwAK/5xDqglK0pohOeZnwZxzd/ZWo+D+gWdzC+yH4IoYEM9Tu+FJp2tqe1DQR3apfKjzJN6eYCZqaTyWTzZYltIIJ6gVHgtKm5sAKBDrWJGnBqXFk3Hg6dGHdBzfFf92tgqlJrT5eDO3Y7oa+PL0iAcM1pHaycw9KjRyZygxzLTVIxYiVfMDCrk9bi9MrM7NDfOqQFgk919AfvNCXb7FgoEOcKWRm+Oh5rG3j+Wb1RaO+wW0yMJsQ2VSLWhVpvS0qGjvaoZiDgsSFSuNoRmYXnp1/5GEAFItfMCuZXGri5LPRXSycWnqL+HPf0LrMI8hyT033J4PHnz2WdZKYJTIfWfRbS0IcBZf0tF5XFpA1xzSHXQunlCAid1VTh7N+ZMWb9+eWhjSezrvqt1VO9rSU4+YnLWinCgm434mamVyh00SqEhmODTpHT7/o3P8VOGYi+DBSgLLXS2LZypIOaqCzoafcMxB/C8P838x52yEHm1gkahU4aOPzaeYXGBe2QNP2g5Aj6000fKHFiIbI1mrnX3rHo9TFR2T+eDba6wUPmJoWdzJbnh4Kgs9zWeyZBBjLNL0xGWDFGZga18IuMtTGt2cq9ygZavg4jX7iv66Zvgytd77sTMBtqwWql0Jdvwanh4weMhqVfuJnNNjXOKFRNE1ps1qmqKk6DoBUcorT+p8xvaA15Py0FUQifJ9G/yXtWIiSp6tDhFlMxkoYQ/cH29Bue87nknWtcbKYM7OpoVTDIvAUPvc9rMzl9we8PvUuIp05U6cpDHb9f2SVRN7YvIl6MyBHlLih71jF4uICvhhERnTkYYvdgXTf3ypM8bgMnBXpbSE3HnZfS2mhHHSa46g+stRMO/FTKYJQUALjCZaHh0thscUuG8KulaHRVWz/MKSTqJAnfy6p3Q7CWEFOW2f/Ty8W/lcTiS9nxp/E0qaJ4ziNEstgK868QduHZiz1f0wmbmX74Hbfr/KwL0eOztJI8hgAn1eIbvvbvnbkf+cxRI7g/062UX8YxXGNrLMhxA4xUaRdmgFHYyGu2w0jieOyA7oxvdUgjhSNJsMUkfQEuFg0p4EfL/beccejSD/lVJQcVLOmG0ncbhy6jDBenQjZg1VUeaN2EbZxnVeCtLloRww1/QRwgGb6HMg5yk8dphutC1GmbMStVE1TAD5K06VZSZV3M4eNRzCAUUD2djvEPPnXXZlFzUVHG0BOHk0KDnjqZfJx8dRcfvlvfxC+BNxRHsrXfzPz8v8jnkSegOHDtrlpGwTDIlxAmO1gj5iX1svIqYchpOXmRRvgir5Cvt/qwCqrY7gs5riyAafS7ibX5AKJ2qdEOtbMrMx/uZrfshgzOutLmfBNS0fu2EMq57GLqfVsrB0lIoVWkVzQPVh7eqrioLgz1Eo2VsVHCk73YtQ/PIQDFu3b3cXLjmWfhK8+Sn2SJq6JQ1HDvPDiWxVwjHruSBOWyle9csQW72x3vLhpiVc3wQ5gXneCGyqsLTOmZuOF4Olo/FhQzyoqjhb9BtPv1jcWXVrqxhHdwIZg7mOuAubp+fZC3fZ8LK0P7EPuYDjoBw+/q0Tg7IiVfpYmL2Oe4vUSyBHUbH39guSQMLFmFP/VDhLPaWei8KTVo0ObkGOffS3WexPxlvUfcxNx+W3tfbEyR9u4zadezxqmTPg17yDXSBZczXMEPBtOV5tKR9I3c3hT81Oc14JjVYIcqE7f+fo7/JKGL85P/zEqgf5HkMvoyooL54lfIISQO/ILwKSH/6Xq+LWUCNjzJMVwUTB2MPCvVPw5Wo1yENVyreVoTHNYIE9JcuS43rBTQtihUv+0tJ/w3URLPE94PfCUPYVPrJf86Vq/fI236HfSTcjiu0UtPQGThIeNj+zOQYmte7TJqWXqK72xkH2fmpX70X9GMo2MNtFaSWxPdbbjA6uhG1cOrRRIPiQdRHGa9C1rPQBNfau+3Lij+rPVJld1pHgbXFZJmIXZc3X1gbjc6RKeP4ez1/gAUcWwES8cY/XZi1kyWTwqAxAli+S8M4eWfxYeWihUYLB0mvFP6XWCIM4qUi1SVSZ43YJuwc9tj4kD46NvLP8X8ywp973n9RwJEJvM7iBVYvyOX8eQFKEnBDO3xcDRHQyh1FQbaZ5cOlmmFY2nAsi25SR1wJSwlgjTm09gfoI8ZFUefgW5hxzp2hi/RgDdJU22W6GOmiv3vm8MNHjGx0z3feLnDAaBrZf6daJbCw7OiNttCe1i1cUSanusGf6tkSQt7o8v2F2iIap8/kpyJPeITR/GgT9RfRqj8etd8F4bdowmQ90W1k924JKLKvuHf7V/gvoLhdwwSu+s7YUAcDxVlu/Dz0wJGZgyGMAFaGgON6m91UqlKIPL5P+E0JB4qQ08UulC5jRzSW3o+XbwBR0b2WJ1Qvl9g5Mx2/qtdCqCLAblGIP4NSaZMUDZ6M9J5vY9dQYUiPg+41W3IGRNCrsy32FOZ/pJNz2EQ7td5gRsa98N8AIK8iLGL/uzQ2xaTWwQmdstgQoTHP03q54gK+ODnUDX4bcdyx8PwkBAga/97Lfop3tB73HwyZaSku3z/DDdsyqVRYTVrMsL33xb9vEPLHQDUI7lZmmqq0CrfMBx9XghSjiKK9Cgj2UxoLjqUYmZ0tK6AKQtlgJPYbMb4+Ghii/5SMPHk1mSucl7biaPGo0bV7wUTCXOC7kCTnePzpVPIL+zJJ8hUVDooQJHZa0t4rE+n1iWC6Ie1EqfsG4t5sFKK0JSTZXpxfbGDcC5KOBr7y8Jokhn6bwr9wOmxEyrCsCTik+16vUL3fc5/uFA8ICJo7ZGIqjNwzGGIO9nN6Icl6mtC841IjSQ5dKytNSETzkHiii6mtB1mMS83uE5yFuF6GrYRv5KwyOAkBTFRWF+LfixCP98w9Hp7N7sXvog5Syrvl3YLBkE3orDtxwSP0DbsYp1MXujscQFzipWe+CZxZ1CX5PulfMarajwpsoORcnTGUkCXYWk8rCbPkf7/cwJa9C0Dd+MvV58NFtKIx7AnqG4FWqqryf9jxz8P6F1fC4Pq0KJQVVIhPQKQnuLRn/fqKxuuzrpIB4PMZI9xAjDS61Bx4+Pfl1mO/8meBOi5zj1ddbMFz/Q8NcwchoVDjk/aphpdrJCJUuEFiBHzcCJJf47L2ofJPu6/bKChYtfai0BR/VnZA3WF65utvZb6AHwm57bNWUq950lZVI+lxppQeWL7M2XvQGzjAoiEhH2DFyeOsp3fbQPcCKjtS5sXeQzu26ysw5ORAXkZQDB0vAJJN62He2QrGEPigHdClZtDUkA3RDnciO+rpFvRpAa35DD9FqYEMmN+mYWWXlODU3OJ4LR5awtnCQSuKVxxEOOYZsA3WZnaV3w0iEuWX1Wf/+6HwUEpN97zRSSywHKoDfMiUCw6RDWkjvqG1bfkLdUMFrP07qmHjtzaJQaln06ffoqz5wWepyhFWmpWeVzhmzF20UArnn0xVox6xHWFAr4ndJkZ48iYHSEMQUyZK+YlN1b3heFiafX2fd5s0Z63SmX4cQjBODWcLYoyK/CYeql2PfZ5INMjrVZNtAlC7Kn0bQNSKHLWvjdp1tU7J+XSKBvFXJk7uAUPSxdviP3MPYkUyZ41cmj3q44Zfgp0NBsVrprR53P3v7SgD/7+JEzFtX9uqu+ulWo40fbKwwLMs0NK/odneAS/zxfve9fzziEcxPI+Ng67tkSc88EJqfkNynz3xiX52Zpcs4608Xf8Z8lHkqX3r42YVv5DKDOyDwxGgBZq/jOF01CKfg0Ce1+bIIfmuvsPUU8zAw17N8hmgMCYz3RaHLc+GQuUbX2Jp+mySqrXBXEAufj8OnA1rGqnM1OJhJ1Ohqy5S1XF+tXOV+R89/3jeLLJm34Jb7A9kkDCzLuX2TCmADY44UGfbblaApqiHJsgIiTyxBQj7SCAThqxKSSVSbM76xu9wfw4utNVQDKZLuFYy5E+I0IzSWbeahmJh2ye23n4dLPY2QTyt3ra3F27j3rakCXjBu7zMdu7x5Gaf26woAZaosj/nweGV26nNTcxRI/Y8ptV8RvakRlo1PRbyjkAdJtzx0e3d8YyiFeYWCEmKQ7SaVqtwhytOHr8yvVNtoX1ZttR0hDO+q/yQfZVP6r7GnGoqTMpZwuPSG08POB45H7Y0oPdkWUBW4+xGaF/vTRju5IChMGPV4nwk3vs7sq0Em8aYSUZyVemfsoLD6MilQjrxjuAm2GGxE3xJ4a3X/v+sNCFycy9yNbk0/FXmGe0ahKF2CBCyXxVAr81ZmEM5SlRM71cYZoAg1A2TnU8bOnkG/9lMRXuCJqqz2jUHdkcEvrbDnp9xEbWAwGGSGpn+Oj+0TXweXZe8Ls65R1awIHNShsKqc5nEsDO88gDj6GayJwl1LSpUBzF0UXulwroJRu01eIOm2fP811UcEuOgB00LXQISaunONE2Q7i0G0ctBkXiuQgQFHn5RqHnPruATF95PzwUWtw7yXuYOyUJZvr1aL+JbP5WDMAlc2jiH+JuOvj3KHR/4GiiyhtCE255flZbu5h8JzJpIxXBT/97kHIFjTXLRPGLxNdHUdkV0uUjhF221R42fDZWOJSvAlFlYTOtSEnqn6mYpY4o718RjTC/4ma5w9Boa4IYdGKdIYEiZHR3dzKKECWV7Z5zY4yIuYZ0ZQWfX7gCS7K1sAn4QT1s3mghfkeve+VUdVTPv4y2ncjdID/cOKM5P1b7+st2f+AT4kcuFLhXJf8NA3Ik601P25x7k5GE1cXMBSlOHS+lTXPgIv1b9NYTyJoNWuGuQvn6uzng3cGpJ7YKG/Jh5JVTyIeF+QWtqVQSF5ttkJ6EOC05ZjIuMporHe8BZRB/vDoEjyc7LIRmkX9w9p8vye6gCyFl0BK5UksbOjLDa5v0X39fsu91okAzvq9yxYM1PrRH+aVFp4ayR6jCVh2tO6NWzv6ALic8PSjrGJ+mZK1dV9qmQ0cEK3iwsW2oS5jFtXn9zq4l2sRXAum1icBffYA8b4oPyj0oVArX8LbDC0zb0/eWsFqsUSTzGx+7EDBhGZYn8alrqmF7yiLjcMBAjbnfEOvkA4Tz3iZP5FnLhlcSlY8jINDk7H3Crjp9rrZlQh5fJKAyAcYgVqBcbsN5hdYNQDFgOp3iw9Yqy7MLZ77k4aK39yNm7rjJwi6PkMfn8OZVnFWq4b4rfvKpLI4cALkRbihUzZGc0FmD1d4SsnWyQ7spqByNJjYmPtQzVuUizCLnIWAKsI/bO8kyzIDI2WjQXH/ZqtQuiB1Rta9e5xzCtlZ4HXrlV5neuuXQIyKNFiGTkV1OA53yTsEofYb5w4wxYxjCXwfzrZMZlRz9KwzipbAaMQcOTZ3s8fyKBVIWsb7+Qptg3uyh8h49roAUSE2cOYVGUvBOwWMy8pVSt+B0qB3eXZ/oj1OjTLwLeLHvFg+TBwBUhFy/YZVNspiH/Oo2x5JNqzmjLwRbmgW67PPmg7pUdrKLdDsy+cMtE65t3yvbOYXMsgsU2ovBpa9EfQg+1evfFRbw9Qh/Z21BSBjzSvHwrvkB7tw0NJOlP8e+Bz+42PpUalm8bb56ZaiVSZNgOvL4n1yTMrKJjMbSz3dwW16Gtpa62kz9drcsjbZJ5eO77R+hkDqk7GNFf0sR6bPDcPTQ44mU0PmgQjgm3r1DIPNREhqlABLnGaasK3uYn34Ef7w+ddBK9efcDdsrGfjsyaqvwOGiT4FPJ1kL1TUdFpOIhzoWh/rEn4c6D49BFXJ0fFEgzFHL2mYAZAWuhMpC64dgcrQXm0YNXimU5P80Xi07r5YiSr8uijjwm0FkwtsaWzspjccaJlV1XN5M9Mu5GAeUyL2JvJC10tJ5NnB58s0MjlXQYDhNErUp0CJBrS3QOh8whnTtERsFaiRJGpArP2o9u7EVcU1/oYyKRgySk5/6FwfHE4Ekp0owWyyho9eZ5Kfv+eHmxnMsmtOORn0UCdBGET7eSWJ5TtDsHDnqKjVNzXLfxB6od2BnwnagNUldZcpQkY+kLSKSSoa3ywtQJWaYYfsJzW6QYkTfo1TihaOJRS3PYaWuWTQGLWd0S9ORiAv3S9NNWotTF+GVcMUYM4fUDnN+BH0C1JcaiOcQ3MDSLR28sPq6J1Kt7vqxiQx8Yzo5gsJfQ8k0v0AixUfVMo2vQg9OU2vBNUIU+tKyt7fPl8J8Kp7PHUTWk7hPkBn3J97PBhiWhTRZflxr9aPsejZRog73UGS+L8ZrWIO+N/fSsAZa4OZZ4JUOxa/78lEUjGi+B/NcqdfVfYcHkNUlX/Dflj5ijIG0n9SsF8iWfOCPhqR62I4FVmxefgcwYa4Z7dgxnrXxrC6upHQOCsA4oGb+SgW4B6exjvXsGNkz/KWdA8A/tFVwl1J9tzBNh7sN3kOfU+yPMb/YVuSS0T26GFEemNmbGChuaXbCOnSefZV+QlG15k3fN9q86WBp6x0AI8CyoNBB2USoRQxLWByp2OURvN6QPSN3LosAHxK1v/Jfg9bOT5E4jgO/ZEzcsjprtIYZGICqH69JIpkxWcjUp3e3y0A2xeHgrzkXEzaZN6uyunA1If+JFNeIPm/QEKwnf9T8H5ypqHZ46YmHiyir+4jCkxCPZU66uBJxjyP9HBKNrOrUNeNhJQrsGxniKE+wZqu/CskBNhIiyUAnJUzaOg3/z8/GmELuGenUgSBS7XohUGNNjFJa/RP1VWmYBmlkzE8UHY41eOfhqc0gfuaY6lbzHXpE1BWccLNe+mTiqUzRIGV+EkN5UDO2EKBwGeTNm3Z6yR1CvG2sz4WA9UvLWBO3bf/ai894sMsFEHcF7QG9leNwFWNM64/fyAlkyxw0N9B4hTnqZBkq83iGjmj21FfNq1qqRnkd3fP07FX7DvqXLbruDUn8Gop0Iqiw+98ENNhjGERImdJP+Cx9cJxxOxu72pOpBA6AcRegCpTAsP2o+f+nDaHQf+9uCqUoYFT6+YdPO/mL+Ov0IB07/YB+oLAd3x08tHR5wjUiaDNvLGyiK4Iln2HtFltrAMGkFADyVBY17G2r/Oq73TfLcoBY38qM37LqQuz/Bgb6uEZMpk1jtG3qxzJYuqKzs9lpQvMbgU82xsoCgR2QNqmT8q5uS26bXc5I/eSqL+mh5/JjEeTlUZT4/2i6BCTcwrXbfpKEShHBAfyE7GCg4To9FU7MB+r1SOFJTtuZIL/4/1wrORtFBgp+m3NG0h0Wj1AJe9WyEWqnLjOroHllBGl1HJbSObpo7yO4lbTSMb2/XYTMBVV1Gm2cHECGvnm/OJ7u0ob3d4J7lhnuWZojecRRfmTSjzazNsOH/4TsPduj2fFYRp5PF4KVHTDa+FKbx7E32RVksh0NQ/dvHnkRnMQ1zmW8jeWsfvNO5DQgh3MddsutNPtvQwkMF12CQa2AdyJ/OkOF+HyF8K5t3duXuLqZHZGUCjDOo/fP3a7hZCMUny11T6Mixgbnx94WJHNc6Pz5adAhKX9msX9w6kGP+EwVL5dy0ScZkjPTzj8BZkMWV2M0wNsUos+myC1WIqfgfsi3Cc7sB7OhsDRKTXQxiw7K/0hTYyBxzF8Ms5FbkjPFMX9DVGTnCoMAAcXrTzWajSAvywWOOoNWOBP1ufkQDntDnXJW4wpFwVtxH+QrM4nDi83IKP9Cmlc9/nx4hgXSeHPHBc4Ig51eK0EdQZaTKILjZs7yZk+dZC+vKaakAWyflrgps4MrJXl0wAjJR8i2X10NyQ6RUvg+UrOlW0Ut+yvwwr6UxSTMOBp4eCDHuxCFZw1BjGztmVBu5DglO7GRrNv2BrRvppdTVyzYIxcmi33ncQgIZrLvFle9q55UQvEBuEqWvDtcLkE+6ysNmT+nBNq3wil0WvfgAJN8T5BVzV0plmfer/UG08M3ZEOLWmYAUzKRNL4X+FNf5PpREAqeiH6Z5isUQfCxGa4LMW9wpl9FYcigEH18m3wIU5FfJKMyYjWn0YhraEa/IZXLLx6oRADDDG4eaK5TJHWRbtX3Ix+LyD7bGKkGg9xJf+hcxK9WEW3f88JYUn/OWflv0HKGwGi5EgYdIrLxTDsKOnLY+hQRh7/wUtejeA0Ys97C0Dz4oMTmoHF2Tr4lqAw9onnyYfn3K/dJDswweSuWrpBqXZOI8GsOU7MeAPvEuXM1g28U9McE0z93IfZ6z2zIh4Wcw26q2UTxOgWxAyKfDoMruB8E8ISLBzFGW2zo68R2DWVT8cO7tZaslnz4BOMEE/1e6/dWRvnyKPIFyTa82rkoeVDMm8k2zzwFBc4760VFzKNcULcrdJPi6wXxHLC6Pfx8MrBk+XKcYiAmqUElvvsfLXJGnoR/Sk7QKBwhxoQJ0l0P19aPsSvYbcG67/jVJa5aeMFTTNeC0wfpa56WVeyhI2mS4md6Tj8hozdcCi2f74/HQH/N7L36tfiYlLlg2kEo+k2DPOnU6AVkhqorKuqDy62AXq+rI733PYRWbiRDac8ntwInguFy3mgq/a0KTeCrwOfdieGjCsBI0DxA+BPfi+dDPK5of5DEBDNAFuJEPPRUhznUPuBhondBLd+VJ0gdojSdtXkATy2mxDKFD1qaxl9ySIz/nQAAEJnw4GtLta/gJe1qsnbgZprbXZLnoyJrk32JDqFuoDE370SnXKOEsBRxbWPJEyzbwwN9/4rsHqMleYH13yhJRtMG4dGUbIzy49QmcFWw+WumG47Ek8oSPuQtRnEcUmVHUunMFika6N1vmdeKiIXNymiV3yedWzIGzR4roLo1vVrQ7MVmpW6hhCgFG4R7DqLvCFiT5unWcteOUCBdTndlhPF84Utlt0hZ2kCPyoDcn7zMk2e4jNLvCRrq2Dp2lLsw4ixsyqVPggj5c+zi2mzTwo88/MREwsmFNOxowwqIYOcaKkSLbaEfWb6dQHVajXeQ/TzofXQj8EDcZS0qG0msbUP+NlZpFNDKF4i0+iOnFJyAdbNCF75yGTdPDMn9ivC8GemzUvq97a1nJXKE5K29z0FI3KjO2q7okF72XWe8T4Sc8UuKHEZpCgKE04uRbVQYnsEOsNXt/5Ob+Digu5u33u3x40xDmf7yoAscneWE0MnpKydGzzXR8aO3rb9w13MDub6czQX43FbVclAQdaEb4NekkhkW983Aaqs73XdZQkvQcVrGdMRHdubg5jZkQFWu8FNR2Dri5Kv+Lxub9nd2+LzfuHOOEV20QVmN/LXnCzBz8eHlaZa8UeLhkRMiNNwLNv92xYV5ddhVKCVHRJJdl2Itnm5O5nundbK8vEMJNfzaoAkFWJ3fie8sDI85gRgTWvFFBpzo9qega0OcN7qGBKNP+4bOrGofqhaGmFANZ8Q812OFSMeOgsFRlQkEqgUexd/1qo6nRZlpv/tx60/pxx2ZzJExJpntecT0RMEyH5ToY+ZQXhEfGVq4RN5Lq/31E0Y5O5yoXB9wY85xZz6SAqE/ZZHe0GF6Grttej5i9WCI4u1Ax36lJSvXfI1TPxCDk6rIOCF+e2Q9ASRHeqFUt+/GvJZd21Rqq+Mchp62W50tTZ5S9w2Bp9OYpllQ4jh++cFhwJCuTEX1Oye6UIhgAcJFFKQpJE0XJgAAtw6evndakR8ubs3p9j6kAd8ZGgA491XcBxxrefbYOXSHWYHLJ091FoyvGXgQfJ+Ns3WotU0GeHV16EjiYGXJGcDEf42KlKmBxYItjMtVIWc/ztmoA2p560tCli5aSVrW7JbEaqVUucnsgKCxbtlVIlt2+sv6L/Fe+kE93d8rWCLvPqz1JgqQJksY0tLZzwFokO94lq2gRhDkrkHWCmn9bIBP9kucohfllhf8AxhmBvlZ2DPv8NW+rBXxLkLO3mgkGDpofUSqe4SXsW9Jy1ElxP6/cNg/e/yD4qUMAUqdpmDw/D7k2dNM6ctJKJ1ND8dY4wINZ4NliwY0vPDPiYpTVCY6RJnG714hB4OshvBSyx9BWrQ7DZSbhyP8de913rkj4b7nqSohlhmCm4w6RQIk5iNrz6dcgEcP/WDAj7zs/Jqf+JePIAlpuFPl5aHSoj+oEbq5cUWz62ynCxOhTlj5C58BbWVDKY7fY/pzXY+cnazo5qbMdCpYqvH4PC/6a+4vz97uRONBUdpH/uVQcusMlYhSMtCzNBlCRZPWtnCZ7FmLHNfo/b7RB98ps+aIRr4Rfho/+irNM2h+Lf6FYyOT3xAXgeLIlOhkiUBc2uLyK1rdmZCG21lGrMBp6c6Z2cqzYnTLjm9cDU7RCa+0QMhXi4cCl+mKkWjYu1aDMn7Ns9tJuFvbNh2BWcuE/LpM06R22Z1jFpXtb72p9dk7Yx0HOwfa2qgRXNbZQsBJY58lEd+YV3uAKMHijszwjg/gIdB1csQvva0SAfsRyyknpIWhsHSe1y2+3whbM/qNVvyx8Ovl/GvR8kUyb1U/jr9suKECCLzPXsU4YTEGw6QG44p5Z6oddAIb45yvgAGtg3bcHunY5wlymzxHet+/XZnlhy5rke+NdWaok0Ai8mr/kNPNsRGl1rjqnZwt1Ze6bLxTe5OieUXA7RwWBWLqjIYn6cuOlKLXDgVTAhsYH6UfiRf1utwSS5vChzSRmMyX8WkYb4TrtEdf4mxqimTdYv3e4yekl30DG5JGyIAPMsKKg+okAnHLwDHiNkbiIiIJ/PCl257FgCE6UJCOIB9viNv+Fjc8VccjnogRQLR7yg9pzEGJ3hxa3tZSqS7LWirIqkhV/fQ2uySPueBvVVtuVbdNxrE0Fy7VASw+OpsElRC9fDb+a/o4JNF2h6UJDUUFUN60rGRyXjZqRJlOggw/CKJhL8YOsnt5m9AC43A/OjsFntgyNBfzoqv0AyROAMBs/vTOsS6IAn7+YHQyVybS1k11rofRmOTzFcs8TUGM/Yq1mXTFUkipv1SI32sBdRoXZ/wGL+2YbZun4iirfofzfCqRU6vHTxCn0jfa2p3ItM/1HWlkfdAO3dzKtWZs2VFJ2fB8ZLZkBDT6sEyQmNsT7YRcp0nxql7V8+j2S2yW4cPtAKILbnXRgJxQBTNUyd3YnrjMM2e2BCQ8dKsdnG4xd4AIUUNF3j89Rb7zNZVZ/4gZcIC67pEPs1wY0wHSyj0KHaM7mFERBHwgdN86K9/6KhWvjhxbUT15eqM9ILUHbzWxwQnj+TjV4SA8CRqc3BAEl2yQwzRfBORuvflUvmv9oAw1te7dtRQJVLSdTKQU7XZR20rk72C6e6MfSI8Vf3XsOlwp6PY1CkhSn4B83N7U2AjHttt8ZjvDYRyMbLRWbHzmbNAE+GUBgP8CFjmc8+roT/npuR2SN/M/EhnRMXgLvhrhm7g7Tu+DEtncbDURYtzCQBHJpEhFmACY8tJ4VgvNNA6QSPOmg3SfAQucYylDDs43RL3SnCmt4RzmclBCgDPoS9ElbQ6kLXoXPhQk8rW4wpxzCi/QkhCT8XyKVVhHfFv04DJki6SncDJx7jbj3rZZ2xqok2CAtSkrwbvmrVpn08T6t0weaAMPflloLXM6lwwPb7qn6oo09HwNaw9BsPDu0hqyUpPYg7btyHpdtU+DsFbXK5h8an01Z9QUIOWeL+qr8DD5r8DjBaHbDWPOj/dZAK/0rbDv5h6oee2+/8JNtYf78mGecyr0cljmXnlaGSIgjEwNAzI3YSf+HcPJgB1dHiDEq+v/h72sH0B2t6ZE1JDTIMgHBHaxsFHYn1cTev9duoW4fiPp8WoHeLTPb/oYezoraSkVJzPDU3IsZmmSJ76lQNE0z1qY+FGQWMYzMs6x8PBQvw9Bxufnd4yTF/yqU84FWXIUXbvSW1oFfsINFuTbJEJBvDuCRSAuNx2Nhg3Z4D5y3KMlcAY4TJXKqiBFFJdo2gxbzJCFpoc8dbUlSQzc9vvjM1tcDBkAuVM3uhGgIvC7/aTsBcmqeFQGbZvjN1Y/HcGXxG1DvJkYTsUxJvKYFPxL4eWnDM+2XvwARd+4M7pT/6P0IIZfKWBs5DBVhept3omJSwtm6IxMBIfqXJMwgs+qky1hi2XTFz51nVbK65ks/rfPOW2yC99JXv8Z+P1ahGijMT5zl0m/+n7qqPULY2fOa4fK9nB/H5ty+8v0mQ0jovEq7qNS4BCo6gLmc8Fq8ZyWqAnZ0hMMPRV+DEBmgG7psf/pPy3MBAqbp/La/bu5KiWJ1RhjjQXb5T6wUZfPvKWXYn5u9Hh3IP3/Z30D+/rF/8qeFQ6wyPPJ2B8OZD8xlBy/LM2zsSU42jJQ7XNfEVjyC5eDxdLJq1DmEVkupUn6htJRtq+ZL0mSW6Kx7LNbJPKj2s/mUEVMbANj9yzstj+f+dIr01DY6Drsw+rhqI/9rLy/NnyE/02MqYFU2DwLoBVz8biAKCzWx4hwMKIkPh2Tr1d40DafU+fOtFUkijgFBu3hGKyma5XTQMg9/vFvJTHTc4eb2aMDpui1trow1tVLcLZne9JqS8hpOIY0l35Wee0GjE76rp/j8nqr4sIoqKdXNsLV/MUncws0XmjGp+tumjeijMBPsNmqrS2yex0sME6eSrtshSAXQyP1D/ZIPJbGMpjBkBd7aFCbZSOIZKfk+5NzBdKVnU/JvVAXpOiTFQJPFPVTTU0zlwEH9UyR/jKLpNYre56I+271WZVa91Izwl55oUVEDwm6YuHNHZ2QYtJAbEJojKIkXa4GTZ3jfQKCrtwT7mkzxLAXooAAJYViJqGF9151zY0wlxTaOweUWlp7uoc9w2cNu+Nb8387miNYEd8YY3ZXnUR3ZgXpNOdMEc08/1MViNOGLpUc8ObwJDzFLzaaizTwzDCKrbofWAaVbNS0IVxZExVm3YsbevSstcLG4avpEn0zaRiFUt8lGa7uv6FAN689CCzvD1xbeuJEez1ehc3I6vvnmjHDNdl807VEH2xb3TZrriubWhBwCEd470+6/QOp75Bav4z/eeEEavY5P1xDND6aa8Nc/gSTJJmxLnWrHwiEdP0iR40VgAk20HOLAydSjHDfwFZP30bqz5ECRYfw76VJTPAM+O+3Xtb1fA/06vU33bSvF1jw7fAS7yQs83i+5WHPfaX47Jxzh7wYejStZkZxRF1wHKYuYxafOWFCd3Ez5W/BvDc2BBHdo8NOXMNjhDEeNh9dptJ5VxgPp0j4hLuXjfRzffdPhdCnSy7RswXEEOwQ5vaJq13n97y38MKLWT4YSnZsJ4O9qU5gHqgmsVtnv9JviO1/VB3wHtLckn2+TCBij/jyO8aRvvfOPkXrbaNE41nnATKwYsiXVyapPlqZjxdLX6XHctj1JwacfGw9uldZqqzCaVY44OgLli+DAIxL2cI3mx7uM7mOioA/3JBwFKnnufWwbmfSUb287T7gHto0qpuZDQeukY/knvlyXWZbAFThOOdJWmTpFBD6Mgj+rWsmrs3yOtLy11PSqp+aSWW/vUu60pYaIfaJ8ACPKSzHF7x5G0MSreaPbs/snd8Lqc0YiXRojHunoIlgamMt511WxlShh0UhDqsDqSPmrzEEpebLQuTmrXkY4QVWmgEL0MeoP/Je2f8QbXJXqukldn09OUT9OList5bRu0LKP4IvL19jUq6W+OyYbc8DM06FHwGbfNYJbUQ1HKY+AhR7s3PiFZl13oGNNETHGgjT2C2bmuKHeAx4oUgFkUOHd9DVRL5Dui6M6wH0Gqhl+d0vqi44b76Dnkg+ccAhXM9I8VrE9HAFbLNsrc0+o1mfeIrodPMDDdfBNoGtoBnE7m8lVV3Rd+rOIRJbOLVVkgvuFw5Ee4LH9pQNoI8YRoIbN1NkPpryOeKoyzz/tgWkEmhelWrATSo4o5rHngsusTNsr+8iBNH4Soq7M56pghelfffhv5Id/kx2ZrQmRvue7f7B0rMgBbC3t0oL4n2aZZT2FyjtPtIXkgyiAAAAAAAAG7pOTH3BSvYXX349rJooJ5S7eDLEXrjFmPQU8rZar9ZxF4wtmS+oiQC6W+yguzDMx4UTHsnWqj/AzMrZzO7BUfKsRYm2w5Ok7C6cCuuofndNFWHGe/uTK1KV98dEQPpSfEaROwjfeC7Db3KEzF9/ejH+PguAhSpLnoqCL8LchmC3Tduue9ZODxeOIkiMRCBZqkj0lLvWINw6lgrTA1Fe0tYqBqsOuDYlF+y0YP94yQ87RqvDaGzw5PE+pkZU+eOyihtb3Csllb3qLDqBGhHvVpe+TCPq6JVVMft0n3qTQvrPX+G+MZQNpIHgNG+i77CDCW4vL5nLoYrPG8ur9VFtw0Yl2QEsRX0W6SKuygCV7yfEVux4VEg2Tpe31ypTZYtOcSZPxCdfdHLwuKYH08eQiAAAAAAAAAAAAAAAAAAAAAAAAAAAAAAAAAAAAAAAAAAAAAAAAAAAAAAAAAAAAAAAAAAAAAAAAAAAAAAAAAAAAAAAAAAAAAAAEVYSUa6AAAARXhpZgAASUkqAAgAAAAGABIBAwABAAAAAQAAABoBBQABAAAAVgAAABsBBQABAAAAXgAAACgBAwABAAAAAgAAABMCAwABAAAAAQAAAGmHBAABAAAAZgAAAAAAAAALdwEA6AMAAAt3AQDoAwAABgAAkAcABAAAADAyMTABkQcABAAAAAECAwAAoAcABAAAADAxMDABoAMAAQAAAP//AAACoAQAAQAAALAEAAADoAQAAQAAALAEAAAAAAAA" class="product_picture" alt="Louis Vuitton Pochette (Purse)">\n                                            </div>\n\n                                        \n                                    \n                                        \n                                        \n                                            <div class="carousel-item">\n                                                <img src="data:image/png;base64,UklGRu5DAABXRUJQVlA4WAoAAAAoAAAArwQArwQASUNDUKgBAAAAAAGobGNtcwIQAABtbnRyUkdCIFhZWiAH3AABABkAAwApADlhY3NwQVBQTAAAAAAAAAAAAAAAAAAAAAAAAAAAAAAAAAAA9tYAAQAAAADTLWxjbXMAAAAAAAAAAAAAAAAAAAAAAAAAAAAAAAAAAAAAAAAAAAAAAAAAAAAAAAAAAAAAAAlkZXNjAAAA8AAAAF9jcHJ0AAABTAAAAAx3dHB0AAABWAAAABRyWFlaAAABbAAAABRnWFlaAAABgAAAABRiWFlaAAABlAAAABRyVFJDAAABDAAAAEBnVFJDAAABDAAAAEBiVFJDAAABDAAAAEBkZXNjAAAAAAAAAAVjMmNpAAAAAAAAAAAAAAAAY3VydgAAAAAAAAAaAAAAywHJA2MFkghrC/YQPxVRGzQh8SmQMhg7kkYFUXdd7WtwegWJsZp8rGm/fdPD6TD//3RleHQAAAAAQ0MwAFhZWiAAAAAAAAD21gABAAAAANMtWFlaIAAAAAAAAG+iAAA49QAAA5BYWVogAAAAAAAAYpkAALeFAAAY2lhZWiAAAAAAAAAkoAAAD4QAALbPVlA4IF5BAABw3QGdASqwBLAEPlEokkajoqGjIPUYIHAKCWlu4XdhH+6/3tEKvW5T/dedxzb4ue7unH3t9cHYnlo+Y/rH/V/v/5i/Ur0lf7T1Cv7B6ePQ//5PQJ5pn+1/bz3P/sx+3nwAfzz/R+rN/yP/v7rn9O/43/59w7+Tf5T/+e1j/7PaJ/wP/j9n7TZfSvZj/vP1o8mfNb9j0FcX/q39P5j/zP8Of0/8f7Xu0fgI4s9g6AHqu/qX1Q/Tv8f/3/cB/nX9d/7n9r9kf934sn2T/l/uB8Av8q/t3/k/wPtD6Gvsr9qvgU6X/lHAl86dOnTp06dOnTp06dOnTp06dOnTp06dOnTp06dOnTp06dOnTp06dOnTp06dOnTp06dOnTp06dOnTp06dOnTp06dOnTp06dOnTp06dOnTp06dOnTp06dOnTp06dOnTp06dOnTp06dOnTp06dOnTp06dOnTp06dOnTp06dOnTp06dOnTp06dOnTp06dOnTp06dOnTp06dOnTp06dOnTp06dOnTp06dOnTp06dOnTp06dOnTp06dOnTp06dOnTp06dOnTp06dOnTp06dOnTp06dOnTp06dOnTp06dOnTp06dOnTp06dOnTp06dOnTp06dOnTp06dOnTp06dOnTp06dOnTp06dOnTp06dOnTp06dOnTp06dOnTp06dOnTp06dOnTp06dOnTp06dOnTp06dOnTp06dOnTp06dOnTp06dOnTp06dOnTp06dOnTp06dOnTp06dOnTp06dOnTp06dOnTp06dOnTp06dOnTp06dOnTp06dOnTp06dOnTp06dOnTp06dOnTp06dOnTp06dOnTp06dOnTp06dOnTp06dOnTp06dOnTp06dOnTp06dOnTp06dOnTp06dOnTp0c6rDbtRVemwp/Ml886XwC2bNmzZs2bNmzZs2bNmzZs2bNmzZs2bNmzZs2bNmzY9lBNi5ZqUQyl/nrZnZnkyZMmTJkyZMmTJkyZMmTJkyZMmTJkyZMmTJkyZMmQ0Kiz2MUkWrbDAt06dOnTp06dOnTp06dOnTp06dOnTp06dOnTp06dOnRztA251GWfcksHknuQIECBAgQIECBAgQIECBAgQIECBAgQIECBAgQIECA/y4kVdyZxWd5dM0h5ibmki486dOnTp06dOnTp06dOnTp06dOnTp06dOnTp06dOm/RYl+3FiL9j2gIURQvnTp06dOnTp06dOnTp06dOnTp06dOnTp06dOnTp06O0hdF+5m5/oFUSlzXD8ePHjx48ePHjx48ePHjx48ePHjx48ePHjx48ePHjxy5Oc8l87OMb+mx9wsJ/pq1atWrVq1atWrVq1atWrVq1atWrVq1atWrVq1atWZDZ5vU3mh1hrb6aydsCJHwaNGjRo0aNGjRo0aNGjRo0aNGjRo0aNGjRo0aNGfnK3tDgNna2JRhzAAZy9aFug9evXr169evXr169evXr169evXr169evXr169evXrtMdonKXK2l1bD37JKRUX+dOnTp06dOnTp06dOnTp06dOnTp06dOnTp06dOnTo5eqE2XrF37aPVTZDOznINdHwaNGjRo0aNGjRo0aNGjRo0aNGjRo0aNGjRoz82jCG/2U0uY7N5cixjHk8Ljx48ePHjx48ePHjx48ePHjx48ePHjx48ePHjx48eGRxERifCSGP9eHPFlkGDHJtO3N5MmTJkyZMmTJkyZMmTJkyZMmTJkyZMmTJkyZMmTJkNJ7YgbEr2vofq6/IgCHfG1HjuzOnTp06dOnTp06dOnTp06dOnTp06dOnTp06dOnTp0qFQdphjJvdW5Dj5ji95aEGeXFuIECBAgQIECBAgQIECBAgQIECBAgQIECBAgQIECA6qgRgBINkjMyNha2n+6gL3evXr169evXr169evXr169evXr169evXr169evXr16rBIYx5Ltfc2ifZcPpcWBEgsJTOTJkyZMmTJkyZMmTJkyZMmTJkyZMmTJkyZMmTJkyZDhywrDofOd7zE5h/7ALEBg0icjkLFixYsWLFixYsWLFixYsWLFixYsWLFixYsWLFiwbkrjFUqQDNSpb5v0YHr169evXr169evXr169evXr169evXr169evXr169Sq+YN7Frm1TCfN0HpJAJphA6HHfqaImwM4rOOmLpBgAq48g10fBo0aNGjRo0aNGjRo0aNGjRo0aNGjRo0aNF6ABlhBCQ403Mf1SYjL7g2zkKrFxTImKv5w0EgiFQkG4EdgDTcRbV169evXr169evXr169evXr169evXr169evXr169d5fp25WoHeMiqKjK2sLqzGwEa3XcqSTSc/a0r9LLkRXcoaNGjRo0aNGjRo0aNGjRo0aNGjRo0aNGjRo0aL3CMypQPQD6VKw6+jiDonJyhLP83GxsX6pNaEhPeiA8CKBxRT3umJ3EGuj4NGjRo0aNGjRo0aNGjRo0aNGjRo0aNGjRn7nJafqs7I9V/1sKNqQMdLqcp/px4Se+mMv4ddKy4EAB858gc8ZE6Lsj06dOnTp06dOnTp06dOnTp06dOnTp06dOnTp06ObpClUqCvw2jahTUC/k7vHKqDlEtYn6cZYpkCMQhS0x7MvymUlF39l5Bro+DRo0aNGjRo0aNGjRo0aNGjRo0aNGjRovQAOPod64ZENL/UPpVG8UdODnvTZHQKvfX+fWmqlm9nD2qtUpYEQYF5r7wZcMlzpJkyZMmTJkyZMmTJkyZMmTJkyZMmTJkyZMmTJZTCTaJSEw1KHyrUGk87juQoU+kRkynKpJrGo1W8P8V4JrR3A4M2nBEc7gRiQsGVP5LrcQ0aNGjRo0aNGjRo0aNGjRo0aNGjRo0aNGjRovJhsG6NWuNB+bQtkqYfs9RGzAxlYkDw6lC+5rZA+7r2stsQcemRoeTx9OOY37Sj/14NUyZMmTJkyZMmTJkyZMmTJkyZMmTJkyZMmTJeWD/A428gACumJBAGka2vUWSNffivnHTqjSxKr1+tQWMjSOab2LvqYUDJY5NpxcJr1XkQBSiJWnIWLFixYsWLFixYsWLFixYsWLFixYsWLFixTJdS4WUC9tKTXUm466bJBrp83ZB7R9XAyYD84jMoqHroKyu8rEe1qxX4eRkvIvpOsaGVVmnU9H0JMfWv+vjE0GUQa6Pg0aNGjRo0aNGjRo0aNGjRo0aNGjRo0Z+Hp+k2XJQxscVb41udWCEkQIB+DrQUyMKESsXgaE4ew0C57gov1zXSA4dKBL54HpaG44YEpMRwN0p++zZs2bNmzZs2bNmzZs2bNmzZs2bNmzZs2bNFxC1+g7KELQVtX7/rcw2r4VOwgNppzFcsNiCfbEOpEHkG5i4Rj/6l9rMSnbI8EREAA0T/hMe+uCtx5QFJs2bNmzZs2bNmzZs2bNmzZs2bNmzZs2bNmR5OcsQU4zr7R8wyMd480+/+AKVwT9XLSWnT0z37tYuBF8vJ0KJ9XwC00BfxR/kpQmxS8f30tpPvkO44Mg+g80sllUtAwJl2bNmzZs2bNmzZs2bNmzZs2bNmzZs2bNmzZotlhaPco5hwP6OyZ7J9Q7ZMBfW2i74cG9tcQ//amYd/Uh+NVApe28699iHTYrb9vVkbgL138aX8ycEstSU+34Mk8g10fBo0aNGjRo0aNGjRo0aNGjRo0aNGjRn7SKR7D6tM6T6XK9RO/7mi6u+7bqdOjrBPkQg2xDsctPtCFZ0yX01rUVjZMb7MNs6hX2GIfCJbNmzZs2bNmzZs2bNmzZs2bNmzZs2bNmzZs2suZq9NMPFTbcLbmuNgHUoSYDiMQz0rMZa5xDMhXC9DvN6tI/GB0K3n7vcQIECBAgQIECBAgQIECBAgQIECBAgQIECBAgP8Wyy+IQvtTxIzQw6lNeUbw1L/VqWkcukJueL506dOnTp06dOnTp06dOnTp06dOnTp06dOnTp06b6oNA59mc8W/GP5tup2oUJRcL/ZAJejtlhp+QyVh+MTBCxYsWLFixYsWLFixYsWLFixYsWLFixYsWLFixYsGZnaNBlBB0IntcC47oX2pwzWQTLCZpT9l2qPxca1TJkyZMmTJkyZMmTJkyZMmTJkyZMmTJkyZMmTJkvLxuPxU3X/KisvFHTWssTT2xZ1Yo8+87Vm1SmM0lC10fBo0aNGjRo0aNGjRo0aNGjRo0aNGjRo0aNGjRek6J8wdcLgMEB6CGnnBuewKqI2bNmzZs2bNmzZs2bNmzZs2bNmzZs2bNmzZs2bNmzZt+LFixYsWLFixYsWLFixYsWLFixYsWLFixYsWLFixYsWLFixYsWLFixYsWLFixYsWLFixYsWLFixYsWLFixYsWLFixYsWLFixYsWLFixYsWLFixYsWLFixYsWLFixYsWLFixYsWLFixYsWLFixYsWLFixYsWLFixYsWLFixYsWLFixYsWLFixYsWLFixYsWLFixYsWLFixYsWLFixYsWLFixYsWLFixYsWLFixYsWLFixYsWLFixYsWLFixYsWLFixYsWLFixYsWLFixYsWLFixYsWLFixYsWLFixYsWLFixYsWLFixYsWLFixYsWLFixYsWLFixYsWLFixYsWLFixYsWLFixYsWLFixYsWLFixYsWLFixYsWLFixYsWLFixYsWLFixYsWLFixYsWLFixYsWLFixYsWLFixYsWLFixYsWLFixYsWLFixYsWLFixYsWLFixYsWLFixYsWLFixYsWLFixYsWLFixYsWLFixYsWLFixYsWLFixYsWLFixYsWLFixYsWLFixYsWLFixYsWLFixYsWLFixYsWLFixYsWLFixYsWLFixYsWLFixYsWLFixYsWLFixYsWLFixYsWLFixYsWLFixYsWLFixYsWLFixYsWLFixYsWLFixYsWLFixYsWLFixYsWLFixYsWLFixYsWLFixYsWLFixYsWLFixYsWLFixYsWLFixYsWLFixYsWLFixYsWLFixYsWLFixYsWLFixYsWLFixYsWLFixYsWLFixYsWLFixYsWLFixYsWLFixYsWLFixYsWLFixYsWLFixYsWLFixYsWLFixYsWLFixYsWLFixYsWLFixYsWLFixYsWLFixYsWLFixYMAA/v/xeQAAAAAAAAAAAAAAAAAAAAAAAAAAAAAAAALfzn5oZmVM+bcq+hQIPSVsBphE1PIMng4Lh6IdtVSdWziOpLJCEn/xWUHZilM5qFgw50FrO53/DoLqy5h9IkemGp+m2PB24cCWdlfjrXrZbKCAYyh/HT0RCBW0mnhFqYgyZcX1N2nwMMOUt0yxczteyNyYuwjY23crwVEJa2J2rTWBqXnuub+VYuTGlFw4Jl+TWLfp6Oj6v15k96cwAAAMpMzXRL9ZYM/7mqy3fPy+Fa1AZbjf2+RcpceLja11BG0gOH39xt3g+jcAXGFm45m02iI48jwAutlcIu/fzGE8jmXYw3Hj27HOUJO8MdZbeARdabdMykwvgOYdiRlnKJg8YSgH+ckxrewGhLbXk0euOtjMcmOxnzvoAABQW3WzuNn313nQuI8GfrM79solLD9ZK+MY8l/uuwh82OteCoY3Q6n9DMfuSCfvop9UoVHGAXDMKihp3MgJEe4DgJfAE7pSRpJQGrjUlvWgFXTosdxfgR+O1ICSWCPNg5RR2wD5yo4WIBUuBotprEkHmfPa63EDxAnMixzVfAAC43WC7l5f4+q3Ml5lAOUoDyzjknB2hP7FC7mWv50hjMIMkB0brV1RzW7wxGNfgxUfj65hK9D09G8XqQQvQtmjM45NzlghsT2R+djcV/SSmKqQ9Y1fcqNlm6sJO17a7NXRxqZoxoeX6SZmt3zJD5eJitaAgaB3RxKAAAIycUjgPxKB2E0HzEXoM6A2IXJpn22mLwGA4bkZzJxHevbAbU8iZ4vO4L9GWB5AkWnyCBXpGYDPjFrxKUTm7uTqd8yPoahEFkQZehWW+aHIAxkMFLtgkb522PfDwAHlxpX+KPYdNOb1QGI515zk8XMPQbcpd8luPDGgAAg8/lLaDTz8UvEzBDmu1EBWKAVHeOKUNDKYDCMw4bFXZ7cPEuDtE0VuRpyW6I4BOQ5OdK3IKTkxfhXbtSy05NIuOgprj23916iBOvzIvGXaMhag2xxogONxhswrl3TEsVp9GuTGOfcy6qV7L3ZFiZiSOl6CC/SVMx2ZrU2FYQCwAljmFGv+GsP/+5qnBJJht7kWIjyZNP8P+Six9cuiYEHPFiEbOJKr2o5jQxAKZCGGNXmv0cjlpsQkGjMBw24zl+m3FwxRd1JuurrzkegbHlZGiOq39rw2z88De7/j8KzYPskhqrE9PeTMNzNOaUWEWuau8nWq6ki1zqw1uF0lvAvOt7ASjIPbgAALBH/uG92nR5gZAzVbYrbxw6KlKSgA7aQTrr6v0nKv1U8r725dMMtZ3tSKf0TDzX4jV+h5cMVXJyW7y93SNsDTv8+tqU1fiDiWrvFX9rXaIrRbzDh10eoNUjvwiOOEJLAsos3XROQRQCZKzV62qXww7e861PZEDFazP//6xVxQCEI2p04ciACa02cWJql0zdnxrDRXQf6yWFPPzaqnXuPrweYwMWytYJXsdydc8Htkoq54tq/Pzvr4RDuPFRy2ioJtw8uJLuKi+zjVqyuo38hi8hQRLwC22tX+pwosEGpd7pS+Cvcih4cbA8TL+zqlTJn2TH97ED8KxNaSldIbFZEAMMNHeohPnvHJG4BprOJFoPAAAZMOansezDhHNJESGtwk7vcFFT94qy6ppRQ/5jr9u8FqM6QSpCTWNHjBRKSbdP4GF8slk1uaWxgkdRR93nxb/G4Z5NZ3KnXX6QhcnYnyBI7ly06zQD3kLuJ7LsRBw2bbLJV2Ut79abQn+9CN9LwuZE+0xx9UsaT+k6HB1Cui/Zo1AUGma6Ub4AdrIxY73o/P/jwBQl9eOQBytLA0Yrk36C+4wvEiEaGQWuanfiodxBE2u0I7HFb7A157JPOsYUH70zhyEGp58J09/yKq3Wm2Q61/rGG0eq0JIh96NyH3mjzhgmiEnHDHRz12C7JhP23MNh+4n3ZMMd6VcqCaeg5/+KaXC22PDjGZZqiet2fwHqGX5e+j70wK3JmdUDM2goRw43H56AA1CWlgtL48RMErhZj07PWfFBP16jW+wEPa+2ZuZ/xoBvGfteR9mxPCLRjjST9rfDVsLUMzq1/jW6eGRiuN/TWrs9BZKEb+3Ogq34bu2RpYMjWpqarpftVf2heCse+LPBSDDnkkTLoJvki1eUVc2XjaElOlNoT9Pj1iaR4iS25dF/QUP/6qUISnQS10ssGSWAl/Ul83Ldk7D7KAqIe6X2wAEVriaqzQdOZfj+5bsR4cnhMRjbsDmUzz2awp79CtbCewW0AbXDwyKlscvKtMpE7EeqObv8Z/lov8nxk9TjdMmN0qclyyEIAeNDGZixAHuRtTTndEhTq5x3Rx0ceAOjATaIEdumHz/n9DmimcLGodFsvapfBBz0dJfWlLfSOJ81AH1hwU4wNfL3bLu+sSe3PDYyKR86LtyzrFT7NDaABKsPx8C2Ztp2Zer154qh1Yu5IBSdCmIHDky2rYp7l0YdPnmp1Bs0DUdRxnV+KjhPV8RuAMFkVARfizfKz/aQGAmojkJjqv2rUEkNcxL0pgd1kq1CEJzIP1nxuObfQGP2BJ4U5LWDpo+a+xX53xRC2mAb1XV/99FAPiJr0lxmwVH7buCA/7Q/4msC89hirglOlcSMl7g4fPuQlOJVnlhz5ZfMvs1Fp58S0STx20LsMVqAdeS+uLrfZAAD1CFKarDjg316200hn3LimDDk8b4Ba991KVlXR+StyTPWcBiWMPQP17Imi3M9AoYKFJ9h5tMWAruLKl5E3jHfc9WycDvcTzv6uoxjTSbA4z6U7l68mngdoIBeNZUHgtj5lvVPrnIRTvSG/B/gmyZ21U+rHSn6b+9SvUZcuP3IzBRSwY8iL309qv7Poh2od1NMWvJW/oNMl8SprU9TNeKtAA0bVBh5Y8DuFSzbsOAEBQ1VEVO9JaRv3usaIpPS7Y7qmMAu6djoPpfOI8uVPoVjxzXOIuXS9ZAziN53Il8St9wny/mkC+19ZnrYYoQaALZV6/GCeUTzSNl/DRwQGS4cmVPHeuAzPHe6J94qAbG6YO3ORBWs73tnew2P3Zdrmj3h5cs4HVmJJ4BIKicPKZXzkfvlb8fn2OIQUjvkVgVswdURfx9XnjKEeCr5VIzWsiPR/7N2LAzFEq0o1AAAZkXqdJiZsSmq2Gq0RPajaLxfSsVnz32zoMYx9MIVWYQTa7RikKi012oiXeWBoWF/4B7I4zscjvf0RcO7wfqcxglx7vixPnTvUjFZV3+b6q9eVBlQBLYX1uPdOefohFFZJBXX658lPHYxAp9XXgIwEmSEbnJzfmbSXH/WEP8T4yAfkCZe7pZya4WouAgEyQ1RYJwep25Btqb2qo68XqTPZmkNADcwv2VMbuOGmySqhH8edTAr7/7KvnnmYY5CKk7WMic9u1YcV4+g5ltnCJXeqZP1bogi3v36XQt102X+CNSw6vQwfySJZF/XZHVA38TzoV85gy0bMoRS62/YVqsZ8RaDvZ7hF3VIwlrDnbc9L5KMAKwmcA0t4AyYQT0odvxyESizBb8yETrcv3NU7sonx7qNkyfgCc+7lfZGA7wSIYfRxvEPicQIhJz4oLOoVj3leQbucnNAou3o5ubmFgA7W30aUUwUXffjGMWxLgj726LIafx05aYr/xHOfZOWnsaFR9jMp+1LDxOoij6eYaTyOVP4fK9GVrNfJxfljM5jMq/w1WUBJCRP29GbBxZXP7NXP0AtQ0aPX8ZrIAK6nN6qQFftcUkHDY4k8ypxBoJRN7W/aD5nYbyWBpjCfVm+oKm73TIZM93jQwUtQhEWuaOhGVxvkswUEQZ9DCjiUz3ga4GxUfdmS/2/E9mbY+sh5CBPW1BfrSxLnHWAAfdPrkHhLUyalWnOpOS/EfzOLc/PMgOW2eLboEczeqrfVGsPq51lJyiFlmP1gDAB6h2jK3y9BzXIjN7NIJCepT6Wl28xlyJDuIle8becJLbzMno5If79twLWjOAcB7aYEMX1/ntExcZSWEnFQb34teM8fZkf/OfPVGg9W4oMrZfZYeO5Poo9aDtFqxxsE2IXAGoffLQBIqGcjCFqXqyczRRtcSfos3e+H3JX80iBLwACu+X21jRp/seVgJ+CzkeTffgrwr7ZCzL3Pv2rlcNJXp/uBWpP+86/jp5Fmwq1lQUrifrjNO9yPzKbjutVX4jx5OMlr4BJGvDoEB1kp85fgR1+IKhGBMmVEWIZhRpOdV2f3V61LEYxeUO0tXfqGdif/o5YCcoTL+j/x/xNwthBRM+n8Egh5x9nI31Dvr34+Rkzl1CN8ep1Xy4n2egsdg9WMrtFZu/3oj2+SuC4EVqSEcZgnK9OQ7yvUEopzDzstJTCApD1DKYW13WKyDMgGwivqoN/f08J8EPTd40dQlPW7m27wNRrUweK518pDn1A+hNzND1D9yrKzvoFajRvE80wffxw37/lTx8cj8tJC1ytkYFt2tDZSswmcPKI9iy99H+LSGyb8mS7Talj44CdawbiNEGbmq/Cb/D3qUiA5WmPk273j2UsjM4gg6LwpyBKqC6n7XyA4AD/wZGsFNNyrc7qTByho7VeghSLUxwnItAADX8t9Lk6hDuR665OivpSv14iAxTpw+Dy2j1c/3u846DYkbrGwh2VIl2EbvcyVFoYcvgBgINFFx3BVKlZhjO7Jvcu6uF2QJ7+GuPtTE5yT9Td3/Zoz3Jzq9nS0mM/o9x9UchqJQQ2zLV7GGleq/e6iYGQH6NJuIiguFzJcF3wPOlhIifKpH6vTp30gbYyqbwmPx4rLOZvzy/jaEXbGzeBaczqdZa+X+6MxeB3W+N35X8WzfkUwmnz0qHEptQ71YunpADfzeAH9ssNln/JHuyuxWw9jUK3yItINJpQlHLf1s/Oqa8IgwYnFPb2klF5fYQHgrrC/7wgF9hC6c9k8wQIlSzhowrEDEZd61FXEylrOjNVM0uFf/omowWHbNAk93MskgEzTSnxRPufIc664ilruv6ptaFkGXHd7Fv1FqOy1JF1EKMthCdDJEbX5eqQO7uZbQnriHiLp1Yn4Q6sH5z5OdP24vHcXPXyIdhvXIi/ZF8VOP6wtKxz3s0oLI6P9DffKPHK29JPiJw2+Smj3QVk3+1ZO0E3uyuAFXHLKW8F8RrHnq5CnohHZfNveFaZULy6FR82Ss4abnlWKWZNVQqiQAA9Vrk71BjCXnmANDcrou4NaJgkp1v1BX+zIoE235oisUURw8QZv/JXbUOHu2w9GJ2oPWjhtE1FVJkFRFd8yOTjKvvhlunbJMeZhEFTJaA0ioAg3v3nQlOfihOcdE1nTycDwjtLt9f8sULXvko3b3f3o4g8YIMGcv/YsqycCf1rinN53jo9MwgdC7yXeNW3rLZmtszxLh9XDA6gVYH+HihL2dkBPA0mmbLrxtph2fXw1Vbe9I2f4MJMFsjW7N/76VT1NzbMllge4yvtDRsBcYTnIhuPPot2mkEB1NFdOF49sTsoz+EM/sry1sP+7NxFCA/cUSmE5KK4Wt3Qc/JVlNO+r5r1MbGV19L7eA9Gi/2ujOfMWXuj3RjPjZrqpaGHdsoXi4ur6Zt/Ae09IwGIMuwh0T2tyclKewb09HTmOCGdk/kI+a8slZ3voDeTjJXXeRr/Rb6G0iAAAw2wXdtk+vGbQ4F+aC4a414ptNbTK54hFCOhqOSmeU72jWG0J30VjgCI8iYPsyc3K5HMk3KILDfxPZnb8W6PEpgJmYx8r0B30B1P9dSY9dJ4p4b9Zfvv0pMSw7ZH8v8LYCfYseLzkW0siQzVxcGBTGebW6kQLtICz1sXSc7mJ88cxxvud/IXWBLxJllLfbL+JO6CBXAKw5zuI2fpkpIAb7ChuuSB1sSe8YSktm0wT5kLbF+f3HA3usMGZzylVxZZwARsD2qdkogSA+P4nR6VO1NLMHyqnRh+cdbfNzlz3blsJckdjmLq8fkB0QuDIYFOcG4h/JlYL6YlMFDTxTO5MSaPMyFLGTj3Peuh7uKeyUOsKJewgrX7b7N9OqeepRg7CrYiMxKdPOgoPOV/1ZvT951rUSvNhSuCPI91ltioP7aNfwcNhx5tasS0FhYcDXsJEDUMQ6PuRKXgG67SDZpAsyhjAcuwwG6haIQX6Dpf1I5Et5fE7Zh9zNutT4xJgvu1G720yBNTiTUjHJbImYaKbP7Eer/cvKLh7s3Hc2GUix7iDgCsMg2K7dwqHBlgGXvW1KoCAAsjIFQWoFyHCrAL0mm8rlbEZg7VT1xLoyJx29HEp18qODm1SxG36qa9l0uUUr4p2vlOZvp0bUtm/jNbEdYHqKUg4DQZS3M7/OHqHNmakWWyqSG4Y/gg9Rfa9Z/ARWBfbqKl35sQ3W7lSfDyMaSgjn3tGY5iUQz1oMu/5ANCkXXAWAB6xf+9lH1Tr7jS91iAn7+wADHpVzY0D/Rlvy1oYDmQodzM9zDXtiGH+/efcNGRPBo64VNKjAdD1/YE9j3e1JuLmRtTGRIO1vFTfjoBM0lZoGovrsyPgYZijW9nN526Fqm5CVgZOyJXy0Mywxhf6IMFOyanKydTCnSyOZ9i3D34OV8slRiC0bzkX+t1QrigTUmfDrphb5CjlJ7DcMrFYfOdWtcLKG0twP59eEzCfkgakmuyaxxjTXKlGqzaDS/SOcZk0W6TAPYg753YQrqYUOARPecDP9MYJL+aTpo/YBQboy/lt4zOhPb8VNVN8BucFM087TD68AGbYJmul2Himyx1bOfeYn+qlyYjjcZxGm/g48oJn/vMipcIFwaHtEA/TEm7c+XZyrt/TNGoXfgVDhIv/EiSdB8d7SBfSIS8pXsD3tUO/zvTyQtsrZvvrdT7ZM5WABV8D0Tmdw9CmYoqquYhfoqSXgebwGHMK9Ug1WkpwIgVWcWL3+6362mT38f12g991/v3l6X8G7CoMF0Weic+TZBYcn9gqfq1OOWHVph6bBF9aAIuZ6q9P/u7qAZa5h4uNWd1PnGoVQy0KD3HcD9wjwXk8gwXcmvk0jMw9Uot5VV+AmlV2NC+d9jDlrH8dxGlnPdluF3Vad0FFkqKdOgezoNTmFgPRZTJuyniKLbYhu2IZEMZc5VhDCkfdMTryPf3v0AtLjBxKXC5CFUU+f8ciGO4VmaL1tupRYaV1+UB8sswqpOc109ERMH23UFjscQxcode3Bs4U7Ad53IxyisjJJ6v51kNUESfZVsaFSu6YaAlexY5VTlm/kt52g5PaOtC7ScIp+BZbTht9Isu3Tc6/7s8/tQcXWVgRkMcnmubnPQCVEsKMgZJoh8zt+DzcKsq5veiWwWRVteB9UulZWyI4cLjyHrWtXOLE9dnmgctFNQzbFsH92jU2sj1UNrFfwnVsLCDO+6ZOsq6rUk2CifUzNtL1iKVFayBBbQg2CbAFCt1EvEKUoKx0vVcE2J+4uHZkwkrNh5fEf9NSOrbeb/48M3xXB0TKRrp6UK/apQaQoBoABh9X5rn9+r6QmwEYloOe5kqINlux2H5tkxMdsrj8/3gvlfGKns1PiRZbgwPx72rB5gKK3gjRCOPPkg4QrCZpAEqMB7ltcDDKh35IMx+NU7DMxSzqycfJt/bQMuOnbyA5pVOBDzZu+SY991hW0RGKumWENwLMhtdKtJuIXH1mIa6PggtZZ194lyjwH2bja1ceBm36r0DJR0T5zQUiCTnbHXtpuuo4d/Z9HYmSZ5sh0ILfc/R2KMxBJu5mgowZtqloBpZrX1dSvg0iPRTO+Nz4jjQxP8GOQu9SNyuRuT8Mz7hmTHGiY/WBKrrnSM9NLangZ5uYRQjBtUu9vDPIqaNo2JI9fYHOYbwAug2Rl9E/8JPKPxOkiZLSsXRAgJWVmft+2Tplq+u1+UHg9s61QT/stp1VWpsB7S/l/ddI6uHqmbc+ohar5sZzmDBwMWrMc6HidhSFIIy0tZZdf/OHzxHKcK+zzW2gw8mXcaYs1Lv27z9cUZ4AtLSiaqsDdvNi5GQfios0VNa01RZCS8uAuZGfl0YM1YSg/X2BYHjenZnC80IVPlTs4en9ZT6ewQ8AhYsr2ojAPqsP/jMJ4U/Gvx7Rs1nEnMOdqaOY92OvfXB859yXJXOPjUPua0/FxuSAAFJBS4dx+kz9fHFqlZfGFBZv9Cf+/K52nNnn62pANNn24cA12E445kz15gXw5en6tJ5jvhln/kVCN4xTrPo330Oa36neaNmye4u5YxAl1bdykWC9rbcraLLNgiIytEUMrb4HGmFygO623xg/sKvQU1EjEuVQup5VjeHmRM4Mk90RY1Km0/uXYS1yyDHVSckSxf7yV9W+ctYozNM70KsV3NIrvfHMy5m+5CspmLqNTPKveGoRgeNziI9JA0PUFf8tp9/5CsCh6ie3+9/Ww0J6Ct8XF+wgF+I6onSLFM/3U1uEgLT+XTXC4JAxUo3RjO/xep4ezGAtndA6JhwmTA5GPZWLa3Zq7a/Ss4LE8D0/Lj9XnTQocmWPHHK7/ZqjG/BYJjwX02Z2SNwqmRFW32ftMG6ulyk34uJ6r5/QIUuXeUJ2qTWltGisiE0v7lSRGk3Jw7OdVzProUT0RUKY4/NmXAX3GkEm2OiZOSxkSRgR5FLBmCY90FeNQ/AbU74JMEPCfsSf+CHDYW3Rkc/uahYoYdCKLUoajweOFK8+NUmcIzjdERL2T76THB354et0fgU36waMdKEuhH/ySwwEXzauD/lbf5XTM16xj810DMnXZASkohopJRevWIiLuI8Ti2YY9N6jWZBpBjCuzeNGWcMfJiq8oAnU+BKFONKMjZ7NiBisGm0jc2lEW7DLu59EjxMsgqlS00Sr3Y/NLRnadGbC4DRvxJudZg3urFUweJnccdoyzk3LD5mKqM5tniUiIGpAR4oE236byVOD1bj67rrk17IvTTlty6bHOLRCl4m961RpPHhC3gzE4bd7XnlTxF5runwKNXl4WYW+8yqMUVMTffDDhR9w/pBvTAHWBsDb6S4KyJKDy7zrEETQU1phzB+U1H9AZnJ9kvb3MvfyNlfZHnWZ4u2OEjxDZqsfaPPGB7ClLRs8uLM78HIR3xqeh7+MTjWW309M/426ctFDmSCDLNpJhCAYUS0ulQl87ncLzOSIshvVEVqr8eRyuqOGJX3tFuhMhL2oKpbHmR4VyuWCVTruM3eNe6XNh4tIXZSvxTO6GPbJlb+lijvS30FYUHkqpwQ8NYLE7gzLmwLFng93kQhTdv0ruKIB3fZzzW8ABXtGEh25ugjjAW23oI7g3GOpQrUZexIY/qjEK2jpRaQ3PMaHAMmxRA1Z3+Vi5Fxzv8W42QQl7p8ZvscVDjoQVaYcJAB0u4ProHOnvTqQYODHBWSiAFmab98ALhQ5dDWIszVGD/6QnNIE6oGJQYjLDrpofDJI+6tSyrfTOqiITTZie7rYT4v7kqsFZ4vYr4HWS76Q8IiAAS+W8A+OqIy2uq+CNynSNo9LCvnREuT3M6GORZnL3ZCJkuAtr4MJpGwmtHixT86F9o3mhDwOQY8/kP85yEKklAOqs9mkh/37gAqpuWEsP903u4yTrIc3QjJj70vNTB/Jd5b57w5xOzub6R0zB6vKAewReZLpYXunDV6SU55zteqCQN2AkZUGVUclEZwgMBOw+wq9IU4QT0nHgsR7N0P3NXoSOer5sztxCuraUwOQcfG6CiWodZDrNYvtQFi+xSKGqF/JdRh4R9/h6PP4fjU/rizX2z6OGB40DkAI4t2OpwAlxWbEUiK/a44ISJd6c348Qj/47yQKD3fBcO/C+BxxYx0kzZwmWNq6GwmA58qjh75Q67jeaDgveI5SH0LSyGXt+Og+EjzWzgHTCzrileQAXuZP0QmwtkO/l17O92Uju2c2gnT9vpRFPYKjOflHqLf9V7J7dSPSb9dHVeUF65TzNaQ+oZvRZAXTce0ldq3V3FFOqjAqXITMt/2d7aC5fDX54Gq2wusYt9HHMj29mDrYIkiUIVPaXUWopjujYwJ+B4hEUG1LN/G70zUsQdH0oEyt+nj35ckYsOA+wFhRQ6C1ll4v/0Hv+G4sEv+Vqy9XREORJoSj3rtOMtFZJ+TkfA+2udGDNvzy4n9XmIr2IcQO1tp48jvvsYKPJUFXslq2WipqBdyrol9gXwFdVr9oXSNe+xAAOEjkqz+DL/tjMI0K/OH/9IjTU8S61OFfbunL7VYsjR4DPCDbaYtVaveU93ImiNqqd/ELmu5taXCtYe+avNtB+5SRIWl8SHznc74Bu5paTyXZdo17+G7CMT4boxKzjoNAeDoBsGNsjqcbH39QC0LCQwxhgr05L8gBfBz0zZjFnfCatBkEQp3sidcRMZF99i0vjasZHptMMu9bPesC5/ZCmA8mRbj7+8nokZRxr+Lm5mDVtPCy6ecM7gNR8E5xfWjhCc40uIGPHDpt8P5PxtnXB04YY/OoVQztoD5WIw2yMQjV7km5chJGkVMEd21RRtGaSBzb2HxQa/qMEGjIOcfDu8bBRzeobyIKVkdBHS/qYlVkgp/n3JZD6/Cyeqt30GqTiRFrOcM57G4Q1m4UEQ3dB5Ldqj43DroQBL2misGWsT7F1f281CWQxu1O2GHnvxEVFRI9gfxnSVWLncfQLnXN6ZKgCHTKFo2cROX2CLZVqQKLGHSpLC2lxRzSt55Ibi6tO75L6uYXIpOxVGWamxaNtUxZy6CjdpaF0AyzK4RPriht0Ny3zZENjHDH3qYBsJD0ghwFM5EmI7OzlE/wqn7T2TIqnNiwrUZF8nr3DVtjAlHH9iimvUey3DICPhNyvGXWO1h/s1uDwJU6pgoOhMbSRiyGZG6/pj7LjJqVW1fJRRfdBenTql6BJsDefS7oF9dekLkOsfpD3XkttASUbKjj4OhelqHDZMNmTQ2D7PT7uABiVRvWDu8DpHeakmQf7wMEQexSO7g9jEorZ6fN3mQpkHu0KBcEoxxIPV5fpkQgTQ+QhvC0QLOgUkgwWcqTzx7dwLwX1yP3Nq+CC0SI4Q/f8YGB2KQ+HeCRrKPvpT9JUbPmalV113HNlpcTYTP8rOQW3u6AGLd4PYSqUcxEihxb9518rZ+suFS8aW6Eljj1nHAzGZJ7DWbSKcvspx0OIVaMLkoprEOjHu7jyAaz6TanfvXzR7bACQhxvzkDJjdcNAPoHsMov5bCOivaYEwbiG0LN936/GCYEf7xLyCtRcr7MMICsn7YCM8dvDWAf1BPvTSX/ZIq1EFsc8CHS5XcNQX7k1v1t1hkV1lznditVap9/KmJq7QTe3paCV9bsM7ZcIMDD3zu9ni1Xjq3NHAiIZLCcLqyjKRW1X2YurPPxgRwnKreUvNET1oxmyaymzyaYE+bLZx0mfoWczuSPufB3VzokAyXaWetZjkBBPTpfhFHMJ95Jkp7vLfcTqFA1yT9aCS51w+esnq416JDqYrH/kpwYGMSJThG63jeluhv900Hn7+XdMIY4vwPF8CMafMlj+5RhfmiMGOZTYV1MdcQCiKVjkhIRksnQpCRYr04uYYCmTy+W2sq3s3lcN5h9OgdhonhHZksv8+avc90JWX0j1yq1ob+nlk3tqQGaqPcq+X4nwhd2nX+LFPSUTU8zIAR6xT8k+xD5XqNDInFP0dOTqV5vfGod7UcDiJWmEEPC6Ta4NKyJLYtcwBizSPE4WxKQnvGwAepvOpq/9cSq8LrgR4JlSwLparP1+qOGekQ0xkZmGZVuYlux0MyJZeB5GgcJvOIijFR0jfZE4feHVTPleyp4/FaiIXtY5rpwBBGuoIScR5CuNvL5IvWoiA4jIQmcJxsc5EUwqAF1wG2FUeVCy00WIxmvjdHCduNpvaNZFm5UTDRMqgyzPB4+cTBkGk688c2jpUdOUHf1YQdO3DevAMesbS5VCNqJdN4r4Q0o4NdnPUvZRZo72pii0ld0NjtKypuEs54GM5QRKjwASC93+3hwAKKxXRuOJjSLMLRaYfKeB7GfNPW96SftY/vyp4n9i2O/iUAUb43vgVl+vvBxluCfvNTivQJT6bA71PqbR38DjD1zd054eHxMlIGcHfYW9qukguCv/8KCUfOTeirKnXNQmmBQI+qDMo+QBmdCLKzKlTopM5OK4D/FOFwCFq/DJiqquB6WBR446qNWCv95QXD+1vc6lA6AxRtM5zJFeWk8R3RozqSiqOxmBKSMGMuY5X7yMedEN/ghVHscg8Gb0Ii/lwtlCNTF6gwMST0LNlFGLaykWvHxqoHlNgMBhus7ur/vylkapmrE+wAslUVuLp9fFfyBI8CwTJXn8vRQKX81pqm9QixMWJSXkIwDxd5viIjUiyze/jV1GcQv5iulvAbdLJ+JBpcO8nIE/jUhOnIaYY08Z9Wg5frJsrVxBrD2oH42XP0JlVOWzF2S70EJzyBhm1KIdUNZSkTozEiIfVbF+PbANnp1oEaHcvsCeYFWKr2T/1eCC8rwdljslRfMIA/V6GXpRkrlL/K5evwVlsbt8HAu8/6PAWZYDsHHABomWjaxb8HncOH9v0bXN2wDlVx1Kuh3DFqJ9LLHDNLZUgxNFwH9tq4d2TQ7YaJfyluW7JzCWVMC+c59Ww6sedyTiFI9xi/XMq6IRtIZdwAcN0mtTKboaJex+XPQgJXV8lEJtzULcsiUtvTGMqlZl5P59cFBU7AjiOiSjI1yqxGfEuserlpJcVMfmNlRto6GGgwzgmtHdoG8tMWluUpqv9z055BdpNcw5h7PfXpH31frgOIzVjaOXjVn+Y6h6Q2RUNEmCn+ey6d3FXNVtw6UyVWvRtCsXr0OXDTYN+nJ1+TGlZPbgDsaN/nsvmbDHCB3ilt/9+SW9tlFVgP9Ycw0+uqg53sio18aGN64+dZ+p0GV8XsZzHR53X7C8djMMolgwA+UgODAvu0SLl8bDyaJnfY6y6tQSYwioVwQfzqnC5sXPNo3u4wXLchagPyQcgFi3ZoOix5RvHQ0Im95iG1phOANdI6dIoVVsZ3XQAAJbm4t4eaCHXrytjMAC2G3ZVFjOiuxnhzffpbGAbooB34Fzf+/8uKrE0zHty3d4/zd2fmDiHqKyL/fgJeD8Y3wy4hldpN2XLatuMRTurHj3oJHw77iVIA5eXvfybpFDg0fjCT9L3kyyIc/TR+zUuCnlCMwLMABCOH4NwwiKtM85UMfSscUmetqc94sqWwZk77RLOlZyYZmvuHS+uLMBmGxTI1iKqsTjqmRaq8L+DgUsAA0OyHtbNDlpZm1h/ESlMG8i39+mxKqDiZ0DRqSoSQg6cMkW6hYKvIprNezAz5+qSGkVLThLV26W8XuwA5qfLJ+noVsnJCQ1aimEFgdaEkjmceK5dnMfugkE0vObVRR7sUO9thHekN3lwKJusfRTCVkkN1idcS2hKwsZ75aWZDcujhOrZe4k1rDS4OI8+MDi3frQdKDEaPA6H7z7Mz9ToPDdZ/QZo7T+SzHRNulmllgog8OVpInPN9hAgk2ZWvm4INe/sgrCkZh29qgr4AtZnnjYdtVMVYjN1enAEKt71aR4m02c7jofBHDKkJ0hGZmeCvbvGd++qLXnBnUxY3rv2om/a6w51zgJAvZ6eyO4MBzk1B8LVmuk3LXaag4X/9Tkvz0aA19Yublec7lKbCiOmcfkww9k856qDT2wlNfGjlcYH0Oz2t7YQf/f8sMzJ2JPil8K+msBe1GDaeMFFvnJA7gbqyMIxhaYmuLVPcSzbHNaYgvcaPg3dshsVmioAvqF+oWMMHampKSDWO91kYKhCpu3/TQJooglZKZKUCka5gf9Je3CTAGRUl7WuRYhUFaamfczLFZDVLtaSWIYAbYGKtG4RplFsJYn+ywoy54ZEPD4aHAkubmtxXmDOot5krwyQyCZ82j5jGW+VjCTT20n9d8pfxHdnDxTI3GEzj3W75aFYSAwHxpbYtgM1VhCh1TGzHy8HI9k+xs09JXejB5mhTjXXAHFLPCcj0WykxNVoN7PDl92/6L3rKs0hf7vqtmFSAALwXNBY05QonxXnOtCf1yJ1GkK3GsNoQqHA6oc0M9AN7CQk1okkAbPOtJtIzwGVT/hjXXyDewlEXk1S28/DeHiK+dTlsmcFdDyuJiThssU8CXV4eU/NSXGWzS1+p5ozwaf2UZ5sbzzZLOBxfFEBo79B2GEtZMPW/1Hey/xTHdiYTLXgk9DlbTjObB6HsUL+J7Lgjge5ql8FXpNF7HICeAgXMwdEcN8b6R6/qcAgiOXtnA+DBSt2Vow4dTG7v2F9J2pdmw2/aiWjJUn6mvklXfce7nn09TCBrN3cvB+cE3qVQZNlHvwhXpmWfpmbiMqhV/7Y9lr+Ykh7wOI9qQw6zl8m9JmQ+pmGZ4T18EOwbY2BDdU2L+9sS3ikBTWFCtH/WlLMwsNp4OrwC+j7RnTZAjpbHq24cwtf8aZia11zV3cg/ktn5Ky+qaTAEe3flGQ7l3Bg61VFfWHW1MgB1QlDlFVMrr9PWwYEpI7P/dwlifgm/tfqQDFV4M69qjOpyj/PCi3NEgJqF2BZfF9GQNsU39a6A3Q+ofwrXUFzfhjIZCOzjkHeKcB12gH3r0qO5FaSViUhPmD3st4+4g2KYht++RACyVZ2TY925X92CBsogmgyH14b4DXTOpegVOTQ7I3mP9g2DaUw/wI42NUJpljPFRwZY0BdZNzlknEco9rULYiI4APuMkhZgq3awKGG9uwt8aFlHpo5t3E5XmpAAAACjlxO77C181QhAGf1QOTfQM5SA8enKWuNiWRZIlNZve44MgD09Od0mrUM5CbaoxnkOMUG3kTvvXDb7DPqwhXhALcOhOL7bV7y2hnqnxq/uM1E+qP7jVrQrysik10dvc3oQ80pHOR/5IWvVGHaQhNthqhlKJZrHuxUkhC9YhUBbZtI8W8pkffHj8ddmC1IAQQl6194mdJEXZ9CS6shZ49nyFVJJpTEbSxA1vAzmJOPcXYas49sz5aHARlTBag5C2EnggrbCudLjAhNHsdeZ8in7k+MqQyAO8RsFfbUsZRPWIoDf+S+S/pTjeA3zIO0yk0IKYHqrYKdAkY2S7Ay60F7hAZITAgi2N6UIMuFvZsDiyIaePFDXmMzYPVguGL6+tpSbsZpDQASwjNg5fbqwQ7nYIUgE4Z4mcV17wH257Kk5Ich8tVwWFQalyAAJcKbQM63FA5zvJcqSGPgI20+VndLW+mPaEbOwfsXcMM/SUUCZAm5aJCPI1coHuiCvCCNsENH9/Yum6N/TrDFVVMZA3YgV4o+G4OLpd3bd8gSmcy7xNNQXfK6i8Prhv5AzLyYEKsH/Du1SFdJmefwW+ykU9Q3648LmpQ83hFY76gPcPUI8xRbPdHdzI5QubaLO+8wRyvLEo9DHPxfe5Vyrk3Uc5cafoLWAGe+7Ja8dAjO95f+T7w65QQ4rfPEcK82rkDRccgE1sCtn3o4/O6dhCrkqXAbNngjtvkZJjcs24TNMPuZqUHXAndcsUVLnmsV6iFdAfFm5RQRkrjVRJfv1yQzPaVAazLh1mVMoOBTEVSIkgMvogNPoQWRpC3ung9jYiLRS5E/bVtYsBEclUggAAObQNvljAip0ariCiqoktj1Ux4zmE4YF6V0nigTNyKOIJIvx97AuHD8f8T9we4gwuvjhWwD+FtWJgAEvfz63J//XzWA/XAEp34FvuhVwTJoaiTnXA+7uEuIsgRDrwLuaThOLfCiLxGzi0JvCpvGzHP8F0W0tMbNhFWqLzAUdcJDy9KAYxp1heBiUU4WquG5lckJ8N9W3vNKHBivS0yakj7DxjZYb2VOQelid2y7LrbfTGy1u0lnPr6kcISVbcPpmsw6xba2Klf0yAoS9GsjnOIjKx/tAhPoYfh5Xn+YNSs0/UBt7ifyuTXyu/tl4jnkX00tD9WZX69BvPQXgHDzOJMYbO3SB1SkSTnnHhixMJHqh0u98QAxwWWDuvFulryHZzGLUM/IbQT5/arDprQox16bHGEpwOAgvwABKiK6NWxAqdEP3eBaR86Od7Sf0qUuXLIw12fFIho1vXM9GNuBWdjRtupvP9HufM7AUV2Ra+h2Q+pRvIAHK5tEI1v5xhkew05cTo/0vJzi+bXAvAlRDEXHH/4SrDosutpLxfN/iNiYeI8ZGKJ33E5nW+dqnrYifsMCiug+Tja2xp/aS5nL7WbMhvur508TPXB+hqMBV+eW2YqiNYOxDk9A+kXCTA+ZSG8RqfTDIEnc3PYLQ1Yfo5LMfUxVN5FmWTgXPe3I11XQRmcaLOeDq+vRCLsgKwBNmfb9LnCq1j8ZwDql1lHMo3NoYS6/enfrlENopNqMcYXO4Sy7qGYKAiU3qwh4twH22GwbPrf+FK9jbt6I8RAV/0if+EhpaKwrIwtHFasv92cNl1Bi4ZgACUVKvK0tCinYOCE+8dJqSr6drLOENx7AZ8iNlyjR55Go0pTANdW6SKLF/DIpsVJfGyGbaPDW0EwNkKgBjDAaEjmNnt8xz/+YQSrF7WIPrA+aSBMa+Pm47Sn3xjo/vxqrg8CKm/S+rVl0FP46xNhyZQFyu9l+iTTLgDpnf5oO5aZ9PNueyYPqJpGHQ0Xo/woBFLuE423gzMl3qigoEwqlUGqkWCMenLum5HvvTavXt/staEQnaH1EhJ38vOxt/ic1NaMIc3FmsXKCO48v+m8agmQTfExFUnIZCU1BWjISPgcDKVLMcffETGq+16tXfvnOC/vDQFBIkBpyYXdPzrdTI+AkGBzP+WPyG+ZW9ZkKTrfkMAkI6rptcD8l/qN+xw9XYPw35Cs3EfO2lS4sYqxKVi4gOPlTUXAtT3CNJOynak+mcJiCCWDl1w5YixWE+wB6svnvQlbYAAG/bC7BHBdirXt7+7uSa+wV/lOhDJxZNaTYmbW6SRxJ9BT3KVj4ucsp3Vdszan60HMgXmjyp5Cp+GRjQJDfuajbZfaKo6+3+kgulugIdyF5q75yJSvzAkYsKvlWtWNWF4W9jgPxPEchU03HQD9hQhhMcdrikcOCGTcjqZcwVAiQIKHcgj4oh8fuCjp+K0Km5Lz2DkIWFmi2RAZnK/BRrgP/QWXNdF54+S879wUQYFSrxZci8qbiSIX5SoHmobhbnb3tb/Yl7kLHER9gMiBvxjkhkhDAM6oDDmQAOWUComooh3WNIl43UsH2S6Z+9PZVyWxQqQAAAAAAAAAAAAAAAAAAAAAAAAAAAAAAAAAAAAAAAAAAAAAAAAAAAAAAAAAABFWElGugAAAEV4aWYAAElJKgAIAAAABgASAQMAAQAAAAEAAAAaAQUAAQAAAFYAAAAbAQUAAQAAAF4AAAAoAQMAAQAAAAIAAAATAgMAAQAAAAEAAABphwQAAQAAAGYAAAAAAAAAC3cBAOgDAAALdwEA6AMAAAYAAJAHAAQAAAAwMjEwAZEHAAQAAAABAgMAAKAHAAQAAAAwMTAwAaADAAEAAAD//wAAAqAEAAEAAACwBAAAA6AEAAEAAACwBAAAAAAAAA==" class="product_picture" alt="Louis Vuitton Pochette (Purse)">\n                                            </div>\n\n                                        \n                                    \n                                        \n                                        \n                                            <div class="carousel-item">\n                                                <img src="data:image/png;base64,UklGRjRXAABXRUJQVlA4WAoAAAAoAAAArwQArwQASUNDUKgBAAAAAAGobGNtcwIQAABtbnRyUkdCIFhZWiAH3AABABkAAwApADlhY3NwQVBQTAAAAAAAAAAAAAAAAAAAAAAAAAAAAAAAAAAA9tYAAQAAAADTLWxjbXMAAAAAAAAAAAAAAAAAAAAAAAAAAAAAAAAAAAAAAAAAAAAAAAAAAAAAAAAAAAAAAAlkZXNjAAAA8AAAAF9jcHJ0AAABTAAAAAx3dHB0AAABWAAAABRyWFlaAAABbAAAABRnWFlaAAABgAAAABRiWFlaAAABlAAAABRyVFJDAAABDAAAAEBnVFJDAAABDAAAAEBiVFJDAAABDAAAAEBkZXNjAAAAAAAAAAVjMmNpAAAAAAAAAAAAAAAAY3VydgAAAAAAAAAaAAAAywHJA2MFkghrC/YQPxVRGzQh8SmQMhg7kkYFUXdd7WtwegWJsZp8rGm/fdPD6TD//3RleHQAAAAAQ0MwAFhZWiAAAAAAAAD21gABAAAAANMtWFlaIAAAAAAAAG+iAAA49QAAA5BYWVogAAAAAAAAYpkAALeFAAAY2lhZWiAAAAAAAAAkoAAAD4QAALbPVlA4IKRUAAAQBwKdASqwBLAEPlEokkajoqGhILW4SHAKCWlu+pB5kaVTbYLGUzmGgdPwN9hZeyHqPzR9X/A333Xeyr6I/Yf3f1COZ/Mx9fsc658vnzL9I/5f9g/v/7wfP70V/4j1A/7V/8PXT6Lf/H6GvNQ/yn7Qf9v4b/0D+9f93/L/6f///QX/Uv6B62P+q/+vukf4H/p///3CP5b/jv/n7Sv/r9oX+9/+r90PbH/////1530n52O/X7Z/aPx19G/O98S/duFJ2H/3vQX+Y/dT9H/d/3h/uPzh7F+AL+Y/03/1/3X1onm/Z2gH+J8hH7T/s+hv2e/433Q/YD/Nf6n/l/7R+9PxJ/x/B2+1f8n/se4F/Kv69/w/8R/mf3U+nP/A/9/+u/1/7ne277C/bf4F+l5+8f//92j93QVOGMtOnTp06dOnTp06dOnTp06dOnTp06dOnTp06dOnTp06dOnTp06dOnTp06dOnTp06dOnTp06dOnTp06dOnTp06dOnTp06dOnTp06dOnTp06dOnTp06dOnTp06dOnTp06dOnTp06dOnTp06dOnTp06dOnTp06dOnTp06dOnTp06dOnTp06dOnTp06dOnTp06dOnTp06dOnTp06dOnTp06dOnTp06dOnTp06dOnTp06dOnTp06dOnTp06dOnTp06dOnTp06dOnTp06dOnTp06dOnTp06dOnTp06dOnTp06dOnTp06dOnTp06dOnTp06dOnTp06dOnTp06dOnTp06dOnTp06dOnTp06dOnTp06dOnTp06dOnTp06dOnTp06dOnTp06dOnTp06dOnTp06dOnTp06dOnTp06dOnTp06dOnTp06dOnTp06dOnTp06dOnTp06dOnTp06dOnTp06dOnTp06dOnTp06dOnTp06dOnTp06dOnTp06dOnTp06dOnTp06dOnTp06dOnTp06dOnTp06dOnTp06dOnTp06dOnTp06dOnTp06dOnTp06dOnTp06dOnTp06dOnTp06dOnTp06dOnTp06dOnTp06dOnTp06dOnTp06dOnTp06dOnTp06dOnTp06dOnTp06dOnTp06dOnTp06dOnTp06dK2uQf/d0j8f4aDfrjonvSQIECBAgQIECBAgQIECBAgQIECBAgQIECBAfEVG4VJRfTJ3WSeLxhLIaqC06dOnTp06dOnTp06dOnTp06dOnTp06dOnTp06chBIL9LYiKM1l40Fp06dOnTp06dOnTp06dOnTp06dOnTp06dOnTp06dKvlo40a0NFBPVh9BYsWLFixYsWLFixYsWLFixYsWLFixYsWLFixYsWDUlgmj76gV1BNZ5WwXXDGWnTp06dOnTp06dOnTp06dOnTp06dOnTp06dKqvrGgfDMFsSa18jBaWGanLly5cuXLly5cuXLly5cuXLly5cuXLly5cuXLhRwKgTaD5z2fKMY3NC7FLH1y5cuXLly5cuXLly5cuXLly5cuXLly5cuXLly5crEztsZPQLIiBFLiHYtOnTp06dOnTp06dOnTp06dOnTp06dOnTp06dOnSrn2Oa6jmt7nw8wTa9JAgQIECBAgQIECBAgQIECBAgQIECBAgQIECBASpwI0hjyba1PNQYwXRPekgQIECBAgQIECBAgQIECBAgQIECBAgQIECAlpIEizwOiz0EtDcV4TUFp06dOnTp06dOnTp06dOnTp06dOnTp06dOnTpVamxFhNLFiqCvn/uFJTLTp06dOnTp06dOnTp06dOnTp06dOnTp06dOnTkVyLjPh6rwvi7ixcnkKu40CBAgQIECBAgQIECBAgQIECBAgQIECBAgQID6h98dDNIDjntSy7BLtCrQ6ryBjQIECBAgQIECBAgQIECBAgQIECBAgQIECBAgJawQP3UzJuZ+c9qbw8BjSbHXDgC06dOnTp06dOnTp06dOnTp06dOnTp06dOnTp0qUZrSGnNwdnDFqti8SiAP3BDIAgQIECBAgQIECBAgQIECBAgQIECBAgQIECBAgJKKi3/oaiGdlf7lLMx7zTC0xiyICG8FixYsWLFixYsWLFixYsWLFixYsWLFixYsWLFg7DEcbKqOJnwXuUsyihbtpe2RZSky47QWLFixYsWLFixYsWLFixYsWLFixYsWLFixYpp3yepzjq/0ISfnRFEcV9VY9NMPrhjLTp06dOnTp06dOnTp06dOnTp06dOnTp05FNbj/0pHWmmfFfTDE96IL/Jh+jfPYpI3XDGWnTp06dOnTp06dOnTp06dOnTp06dOnTkFmB1dOtajU9w4LFimlQ+ObkypJXNnsT3pIECBAgQIECBAgQIECBAgQIECBAgQIECAkhdS9u7waaOY0OmxPeJZszpZV42mexjGWnTp06dOnTp06dOnTp06dOnTp06dOnTp05B7A31YVZG/dOnTkTZPEzOVnpJxzNoT3pIECBAgQIECBAgQIECBAgQIECBAgQIECAlSWBD42h/hFICBAfAe08b2zHt+uGMtOnTp06dOnTp06dOnTp06dOnTp06dOnIf3d1xBUJrqLuGMtKkx69vLh44JTapdKcuXLly5cuXLly5cuXLly5cuXLly5cuXLlwoApoibqez14ECBASpvBAChKBwljy5cuXLly5cuXLly5cuXLly5cuXLly5cuXLhQo0Rmb0Vx0T3iSdTpDYMtP5n79WOie9JAgQIECBAgQIECBAgQIECBAgQIECA+IwUX8vaZs5jLTp0qEfiN8oBr1OTlOXLly5cuXLly5cuXLly5cuXLly5cuXLlZZldW/xXnnonvSQEjrPWiaHfYkyaM1OXLly5cuXLly5cuXLly5cuXLly5cuXLhPMyrXHg4oeJ70kB8NI+hrNkDnk1BAgQIECBAgQIECBAgQIECBAgQIECBAgQICWP6nkjQgIECBASqFjw3ZNl+30RE6dOnTp06dOnTp06dOnTp06dOnTp06dOnInrcKBngPe5Tly5cI4DnBVJFFixYsWLFixYsWLFixYsWLFixYsWLFixYpwh0SZuNUFp06dORSI/x+Fp06dOnTp06dOnTp06dOnTp06dOnTp06cifS0FSe0aT/cMZaVbI+0gRVOLhjLTp06dOnTp06dOnTp06dOnTp06dOnSrYc7ycjDMZadOnTwVfVbUe9cdE96SBAgQIECBAgQIECBAgQIECBAgJZvZL+77lOXLly5cKFa5k7nNcdE96SBAgQIECBAgQIECBAgQIECBAgQEu+6ibcB64Yy06dORXFVwM9oiTS5cuXLly5cuXLly5cuXLly5cuXLly5crJ7h2ZntStLdcMZadORS6ZoNGZPIKcuXLly5cuXLly5cuXLly5cuXLly5cuE+Fb3vTx9GWnTp06dKsBQuezxRb3KcuXLly5cuXLly5cuXLly5cuXLly5WYjBnOeR8H6st1Tp0x6p06pJ0x6p065olJV8BuV9ylmNeKsIkttp06dOnTp06dOnTp06dOnTp06dOnTp0q4RlANkqd58aSxpvWmyQImj5TOednI2YyXcKCMwqrqU2vwSbeStpyxtBYnsn2FsXibfOdu4hDwYxAVakvLQta76uQZN7cIl/vSGzOOyw7RhgYll4yTn2/nRbtjRpQKKUZ1llDJ8a+XtRupNpAX6Dz0hioLTp06dOnTp06dOnTp06dOnTp06dOnSrFr3xLG0WcCnmYuAG52pMhC22Ry4nz6Sq1Qw9F4Y+LactTeiXTDm4dMOB4LIgPaL1PRS7+5pe5H3teFGQdo2vAT+5w61mXemTNOIw1FGvBg8pIZf3DGWnTp06dOnTp06dOnTp06dOnTp06VbWlGcfAo7jR0aQM5kKVP2AEAXHECzmSVA81XbvN/29TeaA7JZqkhsHSZqqhlX0YTVyI7urcqD/8MC2QL5YD6psj/RcWBkQZJAHWy1zbQLRa7DxikroHcWKwlb3IPUCbsd90mlV2OhkMGMtOnTp06dOnTp06dOnTp06dOnTp06dKtvS6QRMNfOjxAFeV53Ev8Xstx/4YCmQKhdsMmdb3o0IR9B/nWhIsgqV1r9RAAVNox4HhoFhWzEbWkdpdDYMNhMC7D+xADNaDt/w4WxENuyOKK0fTPj9kAzaRv7RBdnDGWnTp06dOnTp06dOnTp06dOnTp06dKtyCLoiHM8Uuk+62Fvg5nePZaUpUgm6HSIWt+UuiW0pqHPJUWz5szmhX1E+OMToub2+KtqE1x61ZbEs4CCYJ6vXAqRom1ucRdwWIFpfLGVVcW/q7jugOkLBMFfmo56pjcTHdYH3poIMyhaG4qqeJd646J70kCBAgQIECBAgQIECBAgQIECAleqQF+Lv4Rf7cx29OgBVTXtIJw3mitXfuTCH+6eEQ1q7qq+wB9t5cxkK9rO/umBPHIU1+nnhKK5NObTAFLIOz97uC3efOSWJv2m+LznsQnNtI3LGUlvZ6xCwY2ijshcdT+YtH5160imcAuj0wx2txBY5u46J70kCBAgQIECBAgQIECBAgQIECBAS2UuYETKGP6mMqghHeRk/sarkdYDNKx30duqqS8KlmOhBWP125oorPai9Xs00d22LEQrkDgotabQhAzA//MNP0xyiN/fEFXniSrBWftbC39hGgfEhdQQfGLRXDJuVi+waJxDyYICe9JAgQIECBAgQIECBAgQIECBAgQIEB8P6O8hFS9Mh7PpGxpFbg96LyMeMd/cm6bLlyeiL3s2J2ZNixRetaHHCHUiMbOC7nmJdNwUOxLnUXONI58jQUvw8JPVo/KCpBOs9qkaYDucOX3KZU3jt/c9IJ2JIH/JdqfH9xi0hOXnu46J70kCBAgQIECBAgQIECBAgQIECBASw3wydCEAouWVz4kfh7R2lwyyAsv/byCP5ERb+A2UobGu2qWharJNQgMeSQYRepXl/SFiTeNUWP6dVZSy+XtLpsSoSNsU6c+93fGNOsWCvyR+1qLy6hd646J70kCBAgQIECBAgQIECBAgQIEB8QAXUtt9nyizx5KOYaJG0brdKj6wFGTmr3LuZCtqdvH4mjuNyLBdj/qxGT4p4xDLnK5VoZvteiKcUOy9YbXVZ8YgI5E8AL6MfRF7/6IlGkT1b/DKU5AgQIECBAgQIECBAgQIECBAgQIECBAgQIECcutaAgQNEoNcdE96SBAgQIECBAgQIECBAgQIECBAgQIECBAgQIECBAgQIECBAgQIECBAgQIECBAgQIECBAgQIECBAgQIECBAgQIECBAgQIECBAgQIECBAgQIECBAgQIECBAgQIECBAgQIECBAgQIECBAgQIECBAgQIECBAgQIECBAgQIECBAgQIECBAgQIECBAgQIECBAgQIECBAgQIECBAgQIECBAgQIECBAgQIECBAgQIECBAgQIECBAgQIECBAgQIECBAgQIECBAgQIECBAgQIECBAgQIECBAgQIECBAgQIECBAgQIECBAgQIECBAgQIECBAgQIECBAgQIECBAgQIECBAgQIECBAgQIECBAgQIECBAgQIECBAgQIECBAgQIECBAgQIECBAgQIECBAgQIECBAgQIECBAgJAA/v/xeQAAAAAAAAAAAAAAAAAAAAAAAAAAAAAAAAAAAAAGZV0tsmL3ADOivNrVPq14G7kb1/CoVuipoi6q+Dc0Vj/7mesdc9dbO/9LMnVYAkJAR3OYHr992U7ia+G7NLDR6JzBFZ5/mCX7+6Rj7sLG/rL/vHbIUlY3wXpAfXHIcHOTgt9k4l3N1b+5GeL/XBYlcrZrZn47wvdu5sKbBarJiQ2B6fe4HqgJq/X5HX0UTGKzGMgbAAGFP+cr+ncNatUkz4etZEANCt05/UlfEcb8kckgj/3ExV1xQ2XwwkzeYW3cvbiZzo4LC2sed3t5BRHlEdZxNArT4jOWM3IhapVo6M8ATZENwZhhX+eD4jB+yoCnNXabENlr4IEjLlrLq2k/+auTf/w8zel7UeuRQ784QphSTMmK6CnQC27DpLm0F+mngX/29vnb4zixY1h+XE10b5nPYJVn8AD3knQbOLySs3XemPHJhM5QvJOZv0pr/vdx2N89UxAADGL/sRecX9x/rjCVTnK60mtg5e1lX340jXXO7Ryt2yORLyoGPkAk/nZdCdlGUubYnopRK476N4zzKd5tfz9rh+qNFkhRohnBS7rYALVTA/9N/Offf1ACVZCBX+kX6KutWlTLuWnDUxffPhg9rR6aZl8Xl33q7LXXWQXc7WIv5YS0Z5JkO6gZ1MpQ8GDahgXBb3i+cpMM5TS0AHo0C+aNi5LSZoLuXsR93ScD/taecqt8OXGr+MzC4K1r+ovBs03X+Fbku1CXU/7yodDTbsO3UFRyCQM0a/GBQksHpVbTY/6MLfzWpQTZrgx5423vaYcew3f+gMvAgGOq+XYn+PvFyFYtC8NjsgPaPMz4klAqv33FF3BPRel0AABBNuQQ7y//iG+1f/pd4Nvng9IXBh4g6SelOVxy3qrxRwjhS6yjJuaZEi31N+JGA4HjKbOiWu8I0SwH+8EcrvHHFaJJFEPxPi79QKkr6gcwh84l/R02h4E9pasyLsxBl6U5yOPJnzA9dN5xv57D6HE7FKsl7vkyK/x585FM5c1VdiitDmuikkj8UAAF7aZ6MMF5RdA8qlSf1qmicrBEq4GwxAeVaLSjdwNKr5a5ckV/4qu0hYNaBERye+7ivbIx5TSQdWW40xWyMR5FZI2rgh3HLsbO1KGdmwYtRLq/I+dmCJcqj2YNzVx993Pn37iqj4sIYeY8xLpD7kfl1lSUooi76FUJtpGyJEZsMFVALJhqsOkPYntvsf4b4VYr2eYhYSwAM5K9IQzJcFjYwekqLNsGGZY7tQFP1X04PX1WWBEbm477N6g1s5OFOQjIIV7vuG+RcEv82B/9Hn3trwtPcwaypTyeWcIfp9wiCTJ/F5qjscinyvozLNwwsuamEyGkVCxLrnESFVYGEEI2MYpnYgYRtM7SsdgLIhW9stpA0D+xxeQfeuP/V2YCKypkmGWPNHfq/aWr0fgr0CV95159dBcRaCzIARXE0tMTsFnIxXQ1zS0MzCXEmdW3cmTEYhNukc6RVlpA9Z2FQZPVGFpBV8I2H/E110W6IKDG1DbY9/tLI4bv2M2AYVy4If2FbRJKSBefgox4mPGVToGqyG8BjtxfqFG0ShcJrMgcxXKyUTS5gkpXjUFLSZsZB/DKoVrlySXTiIAM+MZ8/vkThmeJhwRsraDO4S8leaNFXRiTbhsNTrn0EfJ1zhTtAeAFuQRGjT207CpZBIrYJoUbMxRSVJCJkzsG2Yp0qJEe4ziQ/4fWys3i5jeM/tQ5HR8iGziV3t9MAck1QEybMjNshCpbqy5YWhN0AESv9i1rEtgqjdXeBVAKHylrRvnVdfCmH4PG/9W8lOIEqDPjeulbjesHS+CVORFAN83Z0rc4jdF+CodqYL3IaFp6vT5KmdNxuVBvbXwkToMx825tj8D9XnnL/fHw/2p5rl0Qhq91vMMdXjXpeFq3vjlbFlZqFumPFQTlScAAcezJPwNPcEGQ/98+wdsLsWz2m2dfak7VietAh4AD8qM9X9+OfVMZ6jWmsKPrzq5UDKDdrAJCQfOMFm9yxQjGVMS2ZBUzgibVBrrs7SzD9zQQkjbuvdSpvVYS6vBkuskpMgm6eTirSQN3uO0B1g1qVr7fwhZwB5Fi8AMTL+OT1CVWPshoTt1NHhPy5OLm12J8bAJ67tbgTr/yJGU04D7HOsgAVWjiovM7Vl+46cRZQ9hQlOhqRIk0+8L57BIWnegleAr0kKcYM1e2xaKSkG0saSDV8faPW8xLBhTtmc0YTfoXkhuHjwQxTsxPGyXRSWECmJe7KfFzNAS0ADUyBU543fRFh8WYoM+N+Yx9c18PpZ14q2aVlxrUrjOU+FMgW2RUTRNgVubAPquqswrkJYKKbDpFKmW8W/d11NZ0i3Z1VU+hN12R4MDvZ3GwJVIIvgc6+eniXR3/iMUCmavTH2Daal2yLh7HRdpDYBjQIqgxY3ZDnDZsr3SvqX4s+nhEGCut6ccg57s6YFR4NZIWSAABd3s2v5iGQ8PpOAE+vdiVqpL3i3I1ROhrEDpjim0Gjh7ncQPTqCWn0fEm7Wqxq+HfHe6pNDTEETHm4B0/byNHYEERpTguhwEri4L/n3CKP6fe2SC7iTt1zFChRQFZa6yBvNzcr32xeec5/sB7LETAStstNDVOh/8ApH4m+jTybCzlX4Pn4oB1mcdTx9LIsKK87uQKnOKMdDWomMpY+MHqFgqziYeWMsxW0ofHAnSbzcaHQ8S7a4nkAOLwtpusmqtN2NRW6fAIQNwtbZ2SseWCCQw9vDuPCGkRhlmuxj/OTMHlJyZCPfWY0Z+IRg7mEklxgrnebf7VGGKrt4AwWo+hUEuoSruIG5cORXpmXmWhifATtt3eT9hZ6HFe9gEX/6i8fI0cWdlt9lJvIhOkwFeAsZgPfm13ZITtoNys+2JMxYfQ157uzjLTVv7/8hflsQ/wyBQqU34qH55Dvh5SzEnsHz8s3+uC18PmMdkwGsJsL8qGXQPw6+yCmHf0ygenrr4DpZ5vLtmG35fwMQ2i1tBdV4G4sblunZUE8yW/SRqyqsTMAKu9B5dUAIDA2QlvbZJIebvvad/a6FblzrvEpbpMOgVT1v4P5kIusE1eB7Ax9049HakU6znHa/fWzbS8pwt4LH2LtSx/EBiG6HbMIaCTrz/OMz4g2DIUlEuY8pL/F7jr4RVF9HZfz1tiMfuWsyVePJghGwqcw6eqStLdwmYiqrl4Dc1B4194F4xJ4FNMikdfLHQg5DxYg+1/hBogJD2WKRS4XpEgnMiKtSkuOaImClqdxTiTivWE4oYMKq0K/eD2psDUYXN5ilhZ7jS0i2QgAQziHwc8nuZKTrXdmzCNsp8BCKCp0nXI7URc27SnQdpqdZFGAUmUxwvAtngQ5Out/67Ky74Ok1AfqyplIQ0oiF+3Kemhu5FjPdpo/BfcT0Poz0/hf+l9LuSe+2kqOGgkqRNkSxldFMTdpqBGItxp/I47etXqGQhFXSqFz4y5x5x8+4IWrS+/k86+nI8jxfzaYyGX1wvb0R4sn0JIiq4M5Ua7gtY/BSP1nVb33tJxD0OGB+8MdKlxy1imnjE+F0guE94EAnKDIUs+WaRYgt3vcfBFhJEjIddz7IfTyuRybAD+Ywi8ixKe9PjDRSQ9abvYAlYAJvYAdBqB/dLsBHtLw1bF5z9dBv4od3xw8vPyYVTWuKCNZdZklwUDb9yCADG6ebCYqlmKc0EnXmHs9kE6ExAHgdl8qkUTS9BC9Lu8jLzl9Bs9Bvzoik1s1K1XaeZ/xDzlRVlXyQXDGapnIUAlvgtOVYVMYAGP5jsxeRGHSR2YwBZ4pLRffIDItzhiqquPuJKCNelYN1wDKcKQzQwk4ZCLmFRvHs+SPeLq1ls3NjO75ecdcIvbbzE8cVmYTMg+CLPqNPOYaaPWNCJuWUjuhK8QtESiauwqu+IYHvBqNSb47/rPomdr64NAZKRSu+rdJRQ0gAAxtc5+eLjw0ViDjZvjhBgSOndGxCNUTWWunOxrU5g6qC0mzTBNn/ytVzxLaLr9qYL9tfRG5AI+NYUg/Y6hlhaxWzho1NcwoyXtKmdo7OVURPj5UYSOF6xQ59Hzi4jms4RqnC4A7A3Z/ODCVFVMFZj1nDkQDFOzmD2nLdsa7vKs92vfZdoVTqfi316cFYHYpQoKFSzQwl34LJUKgHTV+qUlIO63BUqgsKDANDDdNPC7O/UfR3hPr2sbcCIiof0UnXPwaYuZxBNUKfAFJhivNgyJznegkJ9vTsm9Lh5cGTlWdx9WSAAQQVpk02EwxJZvNN/KSn25esrgKo0wPDEfWNzLVGZV5rIeWzpb0J/o/M3vlHI+EB3qyhUkodvDfenWk5trtWbvJP85roOLLyGJiE6QSrTTm2nW3Qc+JjLE4LRxIXEuat1LAuzHr3qo8gn8hbcj+ITyfbIXI3AFzB/xL4+VN1WVhLtH1dWnbnxS1IHpzCwsTwIrv5RTUN+PD1QLtAehNmJ1wVPNLPy/aKxt1RavBNaAliTSN5C1jQB4HPj2YybMq79j4o7FyNK65TDkuMQ7ZqpxwmQAAVgYHfamTyU49UMKdmulQu5c6sxmNcOmvlUb21zX+y+GNzd3+4TMr8qG2TdWr3O1zyufFOl05ytXhxkwE75RvdAN/kWW6YMBF6Py8/XjETo71Bt2eQlA1U+Oghjn9B0XqNm8C86ksH2av3uooXGxQmvqyMQlGtcxUmZ1jVKBwkDyOOW9VoVMl8EP/VGR8wkQWJzFmy31zAfUuyyFcHhKvGxjEGjPjKQN6bwGzoQjYFwSJJUgPQ0tm5PG3/n5pg2hK5cXNe9PY+JdJAmsVNpYV8MASTIsiV1fsArQg69Nc/E/NrM5US0vOM0L9I7Qt2hqIrNhyEd0huIZ6Oidz6CE8if4Afc8WZEhNa6ioRG3MHL9ILPrl1OHT2AR/Gomu9b7h+KfFrA0TUTfzMlP8O5ayMMmVP7PlZejU/2+wNZ4zi3nObHh0kOS+hONka6xgHQA7hzFa+vjybLxrbKrSY7z6bIvZX84dGOHV2c9E6jEVaFG2mYWwhJsuFRsUBppta1Q8x7sp9Dp6WAfr/5XD6fBg4A+Quh3i0XKxyl9qkTsspN2UtWUInYxi2BhygAEtzMqSjhnqPSFYj5eSbRcbw9mHHJwtLGJM94neag+wAhChx30XI9asevmSTLtWgcDWdMpHQ8l3qhMWvIWVozI/ycFyvX5KxRNaPwC2Ty5CcqRY0mQ8/syMGFrQ8H9F/xSliOADA6+cgmtZcSrES03DWQ4fgCeRgtsl/R5eUvPh7R7+5sb1D2CgW3F73I9k9iUQmZRmGRNVWMJU0qy8vDZGaz/MxJlQ4+t/cNaYhtb7jSAiNruOc4dBPLDi3n6cS73jr2bJW0GMsksd2oBt91KgAIAJOEJBNM7icTQp6hvjWDZpRnMuQlt1R4t+lLOVtbUHCdvthFRgjmN8eAt4vlRic7t48p9pEJJiXSUb8uF83O3jwomXJH9HfPsjS22mm35uRl1eRqB3fp0oeMJxgFkjLMLzt1LLC3APUuk7FW54Ju7JQOmOVhY7KfpyKgvYIt+xA6vWHdoQyYjNnlOitO9aLix2ufOn9fIJqehnA4vp06ufP3vToPIIhlqOaCTzhI4i/c2Sgtj+Yan1Kl+tXpW0AZWZA16tKptj5sOFAHWaHAAA2aNwQixLGIdBaHI6ms+KRz8NS0ansyZU753/E+KLWqdt4bjkb8AFg3/qN2X1D5x1FcQS03h1fDMglPuzX5Cm+6E0r5Egq2jo0JoE8v+jzOjOrtMOd3fXuemURDngTt66eTDsfr4ZuInAJvhYeJXm2YyWMIp3DiS7tzKAQTFb9qnKPrFyaz/bJvyyGKOZl2jUhQVUz2KNF29mRU7w85wrC5TuJDn9phWXz80QpMX8vhUqn/vJM+LHDi89nYZlxQiEP558MATliddP5NBuUhP2Vg87mc7F0TktZou0e9jyG+rtZjk8d2OtOunFGt6EnwjkFJucBWq0wZBWnLYjBWFbVUZJqD36q+hHWR1HvWKAsH5TL6UP1+ATD+C+mFJsyj27cKOfdlmb/vrraCQ4HzZeS+onVBeQkcv5eXCllwfz6ejUO6CdkDKuL2DFoB3/9gT554hw0xY8tVk8jtu1np7S0fO6jSVMjHB8W2lJ42zEFHHDRCTjAhrinF+TjEYpCKP5kLmadoQFVUnTMACyJY+yv8erVF1TX8OfBSpWiFEW+ieClLVpqwjWAXtmkUYuCKhPyQ8/uuTYErZwFy1ALaX0fU+NRNoAJvWdozfZt68h68cfbSPFggeBwIkUe1t7SVl/XNbGezarIUFqmZJQijm1W4LSF9RiMM9dNxPP00v69sFuDqYu9EO697s2Ajn8ffONIrT3342TStO2crZZKe2gHN7iMZ8wSgIv3rB0kmF0lLO+CtGXz0VjjrtNC3V20ZcR3XyW9pUPZA2sCT9T5gI5YSKch0JnbnyEaAAgBbS9ufyo8Fr10JUgMrD64+Kj9viwJL+tw5SwLRxJnBbhvNEoAczjyt0rwIrJ3sDhqIIWyGkmBP3rXmJULeIWMBCe3C7M1HZhoul/nI7Gn5BZynYVdwWI4XVIYeXiQFZ4xriv3DwR6viYLJqEoAmPvoJA1yHVWQOzeAdwDTQs8QXMSQSDctkjHFAam6O15V63gwr0JtW6rjyq2V2TFeWHx91MLng5ksxAxMZVaPvc06rdMUJOUvf/zD0hNHaTy11AAGoJCOwRi5mmYMrlqgRrD3uwJTeT2WBY3JanOxrQlt/ssNjVywLN0poZfXP1I+NTR93fYnZ2KkDOTjv4dO3AfHFRQooaL+c7whrmVOwvAGYhyHjsqNuMS0tZa9DSAVhMQL8uwIgRUzZXW4R+q/dXiJBaXW0aZiVUIh/RyLlttWOVtO8KyOdu/pK4UzVjl1lAcep/FFJ/BiU23c1cbEvRz4TkRRQ83ajb2TmFH7Re50t3Jj6R56joT9FULDeBYnU54ZEEFrQMgN7dU8mGVkEkr9gDHr/bYZnZpOyqSXe14wZB7drYK0h7dJxJ9q7N3v6LXttgW76wd1dYstyTEcexDmKChl4yP0MbvRKU0FZaoUeqSOv1ngsGhfhSiZU/AZR/u2plwqmnoxNm8ZXEuBW3ABWlGFwV/LOqPoDY62MffpJTnvNJa3hGRfqLhPYhpj7Pp+/W4C/sBuU3m7Shv7k7dD48XdWjhbgRZkKqE2qlHBiq5C/8MT9KbSVmCP+mdvNb9itJvuoEtjqL46RR7ahX5njvGzmSYEEZsBsIHumEWpv7TBj25VZdqp8K0AOJVfSbyILuaL8oLpkLEoiRfOC1Rv0zaXxz3yX2wNeqYP65TF2KZSAHawSQRTqNYlD7NUr0ICq8C8G/kGnbVJnXAHQmcTpXB07ySkF3pJkzK4qI4+kd7TkE+7TvtnOJzAVL9i2rXM1AIHW20QMIY+m1+sQPA1AJ8EiDkJvvzBCu/gywW6ydGoP/suNEwCA/aAlapGcV/bSVEOGmIYl9eojliWEEeygp7iZTTyWgbjpFcTIWO/dXXEBSEcBOvODkBerFAwu8SRKPM+ElZ9qOIEroocuJ1ewgpP7Iwkx8bK4Zc+kW72UclxlS3zbhcWR37Wv3yq+kgjsD+6Eenx0N2iYFCCldblQHfLXcoekKqFArCRTpD9NhsP9LQs0lCoNm0zn/8XA0ABKymnZJsa7+l/jQvaGHH0jfyhAq7rx31L3j3cfr/rXjoV0jwTBkVJN2pduLZ8B2RDRZ8cjD7cI5tlLii4vuAMFdH2MOWJLdgiXA6eR8hbK13wveTedDzetx4JxVSoHfYWslOfvly4F6/a5kvxnoFqqbyUflc1S5NPXlIWYlx58pxcMX/sAAnnb6ZvlfT9rtxt6wWOPMLwd+K16QEdI9xL6ohatY/8K6rQ8UPgouAPJZYQtsw/VCyJiQC/l5nYPOImmaTvyeoY6tw3Fdud1z9IAmMiQMTkQV7momczDBs2hjrixO09QqgTRhmEZFRr7jgokW/HYIX1x5V4lucZC6qZMoxBpSo5HpwDSFB/0Jfl4//BVCtuYcWTuCr2hRqcRSryCa1T4NvhXrqA5G6JFvJPyhKDcctT1eFUc5TX3G9oCdUaNB6tuTqtComI+oJYDAJfxGv5rJQ0jwjEcmqp/ynSN32XY9hPEiAPdqnjl4cPQctb0eUlj6Q49SzMCWvjI6Hy7+QFe7hyqYOfGMBb6SwX4HOP8MVeso/6Kap12TeoeZ9NPXPdF3v1qhFtca0GyLQyGZwpGwzhGJ/jjEPjv9h9axpxuCeNRNoWw7JqfFp2/2E4b2CD+sMe9Yo4B78Dd5UzQE+UtGVGdShtl9QvpEfr4R2RaXYekTaoJ0e9CnNRDh5nDjIyuj9Rl/Vpd/+Xqr1NjaAAAZdXQ3zW1KF+e+iGNd5Scdy4FwbitpBFkJOSujnUdQJXG0KCGfj9KPc+tJBbi2YODSz9KOA+cYF0X1CN3QhEacpx0WvEy+BxUwM2EQ4vMjF9vgDnpl4ltmIK9adBfuAy8/OhU8wuPpejSz9RSE8e1l0JEl/T/486EQB8lle/7YMrIpCOyuYtdQNdcxAAz9ie1vBNo0sgGtQXAppnK2j67PSW6kDS2+gh/OMDuGLWrht1OO5cnyTuJvoR11JPRn8BqWQb/yih/FgkUqVgrPA7ikReJJwpe8s1SfIwWW6SQGGMz2CMCG89pasbhxNY+FhiR28bnJa7R1o0P03VElXi+9r73lcIQHsfdi43Yu3BI/Zu7tZtCZKAkUIntEfcJtQjSR7Yw7XRN95hEW1dY2cL4ASVxQNKHyoe6EP/LqmuQ8caLojo5u/OzWxxcvsnSOOkhnjfptfJZ5MJNk9UWiOtpRc9DVsxCOJpR93kTvmKQEUlm9QxNDQsMGVdC84Hr1q1wHrz6zIjodjqa2Db0gpiu+1eNpQzC4D/CRXmsd3fAe2mtpWiEA9308eei1Rk90c5GTpVxkjx7aY5sgSA9ZcELn3Rz5PTy0y7MsbfG6v3eluXTqV4ax4m9ucIu/pOStP1wbGlj0vNhwqRilg3iFQjpkOUeNddCW94waBpmoI5hlySfOWQEoBWVtZ73v2GLYP7ZVh4QY20h9mb6T0xSMRXoLcStkG/eB4uZBYc/ZViZzXSfF8hOS7OfJkxqEHBmXZK/oX5WpceJgcL8PpCmN3eDL8p5aCOl7eLkin+T7YL+9Hh7pZqzTWZZ/J507wuEZn6bEk0Q+IC7+SqOJ9U1NYIeca/1obX9xE/zrkXiwhz91Q0C3ADEWwBLtMrAgAFF9yVNwyBwyO8hvyUMk94MhPPKiF2E+Hy6uDxw92F8RUDPsOMoju2NU2+0qH1bUDKBuIaaCifb7sKVjWfux1u8rm00pn29+Hb6Zfm1ZWGHjzU+619W+/kbrXOCHinM1b4/97HgxKUMO9obj6VW76H9q9ni+lSkYm6VhVVkwv/vno/rAPEoxcmOR7iGnybqowJim0UwiL+vehU1uaNbndL0bmwQHZSoySnpGfL1VV1BJN85ozi9tE0vXpv5mE0px2jT1FUY10Dw3n1oMjvWQlriIT0c1F0ALIrb2GlGdlMWCx2oGEakY8H6MjTC/1qtkx07YkesGZCNDvSH1mzrzkOvd3nrJ0R1fvtWUNH8xFX8FAz1yi4yZf50W6lezzs5VAppDPuSrU2bFI2uIDagmu6++HaDKTOh/TYwhYp8tgPHMnxmXcYArSVzRLJAsj2jwf+xhoL/VgxMPEkRA39nvT4778QFxk2KPPbrbM+eeZKvKJfUz80pCdXEC3k8LB4VYDfAjf/btzJjamkTPdV7VqwQTFdEKg/TR6V15pFPJMoO6VSMbd8zRPuUI/wDopueD5coNlgl51iJZFqAWPH8Cmd1U6DrT0t/5Xn58W9YByBThLTEWAtEa8Qc2DOcoThpgk38jUAVFIdTzTUHVCN9vKQ9+y3Yz9hPJDn4vr3GWULLMnmtgwxAjQrkbYDt70OAFTonFDK2H8pmz/ZDlUqhifB6u1agWYCJOxrpQJz9PjImLxvahD7KSBF/qksA6KuHqHoyozxhGGH+uMoQiZkeKnNf76wNSJFGYaMMMWpPj1Lhg1cQyKLhKnMVtIEfg5Qtfr/ZUyGcx84VHY7yOpLTb5FTBFZWdA1GN4B7JcWl2M1t9WkwdZqroLYgHTVHjJ5xLIricsLBlWsN9HK/xr5HtbLfvJkXmmHoPm3ZPU0hHkV08GJt2nc6BPViJybUJICLDcRY0TA4iGb7qLh/nKsETUCQMoWTt8e+NLDzm07XLyDXOsTSdKI7Y7KV3/Yk2lAAzXMAQe7I8oQ0OxNX/OE+H0yUsRe1z5TP6DTKSWq1iUnfb5fs/W8GQmT57xwAX3ZQJWt4zwFv2WP6/JxRkqVuAAar6TLIIMRc1rD+K8FGh4DBvg8ImSKdfl5+oC35Y4oEJs/uu9qVsMLZ4J3OvwZBIqbxYKItRvBKljU0yq4tveUF/EM/mKObUF6osGAiA2Y7kT15WplD+wZjdK1wK3f2rciJrV2TT3JodWlu4ZEaRRmVChmrSRi0DBOrjxGwvPlMT5KVa1vnyi3dEjcbt0qGtWk9VGoLAfMIuvrd7zMvXtp15muzIAIUrGbBV2hDLEeAoF46k16j7ED7a5LuYzDKDzjD/2yBlyFLq92xeRn4vzxLY/QAAjxOzZLUWPFOBjbdtXHgBTnZ/GJ7t3AWvWAkcm22ZJOV6+1r5fIx4zwi/uP2+4lmubeeWQzhQMiineHVCqvZj8JZMhlW2itg0g4VFozX1qI8dSyn9ZB2vjVnIuWt8cYiZxHWgrdezmKatipPAJQhlmXy/4IFp+E5AHhaMPol9ecdkRThpO7RzMr1lP9bxhxvDQ2UWRlLIxDndKyurnKHUpwHfA3IHqFn/cIvbXchgz3VoAEQPaoxUldYE/WJET9D0Dbpa4exvMakDjdZU+vR/MMzENGCiYlYI+Dktduwy3Glbrj57hTQBglX9LgvDEYJQF0sMBEBfjlHLbXsGNR6oMs1ivz6ryhJnwZxC2+N4AlWG3Ghevo119dt1VG5h2EdQghlrgIguBY8QYr7/RxK+vco1u8DYAYzadIR7A0d72yUssGXPqJlp2oxjB1sXAkNa+31Etjg0n93JSUxLCZyH6A9tvUqzH5hB2IW3TbRoj+GjgGym8SZJ1j6XHOWCo2/rs+kIhWAVXgfMZXf/aUsP7soGeELrVX24fp+aSOqfYYb4+idZLMj6fVpBKYY2O+ezTTkxJq+meXJun5Ui+BpO3WfUnFg5Wk9ZxhkR9rkKN5mfc8cYqGAVrcnlmhrLQ2x6ULot/2BnabqsLECG71upVsoYJOV4skOLpIw0bP6nVyjMcgGcWQRQ4XkyupUKUP7K2UYGVGc1vsx/aGBAAo/0opOQwimtJGnHo/Lf3aH7gV6JuAkhltvaB7+OvHcMo3on1cLvKBmtKA141gZTHf+yZEGXAB3EEZIc71uh1sgWN4kM5ApnaWJDs1u71IMM5NKJzELRXfmevaI826KraxS/Z5rBtn84R/TAeZxf9hpynIFwPr+bSFk6ZfG4VDpAYolt99uTyK10fIztw/kgGmDGJtxyPI1Z2pf9oKlakzg4bAkuftT9aSvxAnRt4nn7EAl39sx7wpcuVPVUzJI+Xpnu/KiIHx3MvHzRGCt5SZEwLZB36EB7+WyfN9hUV8WHTnlA1hkANjQFrfuC4n3uGe6DvmqWp+o+Qmn07gPGzCZk1oyNB5Bfip9vL2YMSKgB0BBTM5priD6AaEHc0Tzk74SbigxPxMDjMRQLLM/fbG81eiV0MLCbrU+cQoQUO1D4K0HsZnaE1AnoG4M4EcA2leL50ypXABgkN6b8rG/xuEVvBCEOgkS3EpED5jOxvAzKRXgHxZpLms3Ue12sii0Q4J00/+WQ9tUHVa7GirGjMgr2I4O2lpaIq8TFyV/KNNWm4DrfW+iIiHoJ8LWfvVa/BpIKRO+ZbTTS5Dh9V9IzZgdGOY3OC5yAXROaLm+9qPOA0DTtOygcbTiaYxpgXkkz4BHs/OVjeGdFA5kUDp3ElfXuTPETz1V0WeAAonivF2Lux2VkHpPPXqAUeyaDdAxvtXvRUDba5TdjFcolzxus8jdY1bCyi58aoCiIeVCTkH36L6boYxbKi24AJxpRCOmSTjh5v4BTtVbH/zQ/ZCGs5rNe3qd9OX5lnXtlP91uFxev8Ygk1jy8NGw3tPvPkPw9TVaJ6PhEx1bc1PcckDDe4NsKfSw75PhRlR89LiOxnZogwa0vnYQxK46cP66rl83lcsnYK9Ft5LqhTIcRsXPcqJs3FSVpOPTUDAxREP8vElAMoQirjSdxAOM2ho6tL2o0J0E7DRdX69mw7pnoISX8uDNTIeIGLcPUp9FaF4M73VDqHug/LTfiRfXaF9MRsCiMIJBwPSBS8Z28atGVejt0rVE39ssEnskLPia6aGWLpD/+2BbcNzWN0d7O9Il/ITF+HNkAG+dCjB+WrXxDwequigc2NRo2Q/FgqMaKYtDH+0ZiPNuUB+iUP9HGzxCHP773U66ITgN6kjyUGTiQ8OTQ395713GLUxpHGm0/6LLiooDFnoGqUR9roOg0tzjwqYGaDygGl7UOLDhTR/laLwPfjsoWDu4MCDcK9cyOhOP0zkzAk7V9hD3Tqzn8r/XO8qK9kKV/rW6oq02dXJTrzlmgUnz35WAdbHycPj+/FdGzEyXM1wMhdk2GOyZ1HElj2orVbULxQqnojWWCFEtnBwjrlEsocs+wAU3WsRF79MMylm/TkY9zSABYEHDXQEsE7ccqYE+hOLPf/ZaLektzYz2EOwkjH7m9q2zwBpkd5E59qs/Cf2QPariQ3v7IcY280SOd6nWXv0RPiVdvl9nTE61PmD0tCh7Qqc9+5rl2r3zi0oeTSe2X49ozNKZoOeKx6rM5wNISePIt0gIXW0oxIh+g3vj215fejCKRsIaM0W816HlDZDUwTmXCRjjUcEWCAFzm2EzKY9rFRS32NUkZJb+Gzm847H5NQio2vav0uRP9iuLKYX1/Xw6PZFvq2pRyu0NxRD6nPhwnrNAzSBXflnbu7blx/YzTfsZmhOlbniyONrBCIHpx7b6jsCmrC+5brc+96PIcl5l446VoBzllAR5S5/tCeGqPbBOCUsNEBazOoMn2ob55kZQCkqIhil0tY5piMrc4Rd2rPlhrnAlBeJvlhUXgT92GKZaLz6NfWw0F9GPmXwQhv6DlzMd/y/MJdgG+1LoouFlNTU/sDsdeTK/RnDmPfC6llZZ0khCFnd9fHj5o597yUk/OrM/f37oQbTM8xjoz0A3bQNmvNQ6Pog6aaD5IGvFD5MvuDAMm3rrHVx/VzJ1lrJU7NL/3wt71vQivnbkzTthG9SB73RmgdQhsGW1kxQD5DGxT5o7TxHQUD8zdp9tmV83uPIIokqxljrfrcxVNXIe8D5HoOX2epO6J4LdrLnCPodCF0JpACt09xuQenOKpO7JGG3UtAJklYUh/IjsuHBHVbBTKbfeC5G/PUQcgC34b8WeqwgvY2FEjiy0So/OOXgO2w8GLeOuOySKc7ObETkEU3L+HXDTKUWw3q5DAhyBweTvX2yxCwBQBzqqvIsaxWtyYEIZoeqYt58FYiXIfMGNwzsmzUmid8JsAATrCSsozR+42rSpqGVzE8hhwc386yL51iKITYoDzES7Ctw00QFkyUgSL6lJH9RqkY7esCe7mq74c6Kgsdpg8L8TG0e9Dw65tgGVm9Rh83LuTakp120LVVWwUzoGFEHdJda8c7up815HXYKfFBh2uWyVpr2xEZwAf2hjNOyYRZ27fJLRgBDOpfnv3naqRWZu7ctFp+1K4OREdd/KgpBu8HHKZWoB6dR6eynbI9jrBmVftTFOPr9HpcVF7HCsWMeN4hx0RzN3PtoKG6F21d74XLJb2hvCKX9wzAerntCgHmsUy2LXPFhb1BN9tAJc5deSVu/I8Nvf52jEYiJW8SzXktNqYpXq64tQPXEoYEpOfUAppntVjuqtVICwTLlB2aH8cMWR/l80JLhZriyKMVazAMzDEo3UPPr37n3KhCojES5sKkJZw1Nx4NbJNU2EMtV/9A+v1oY5ntlHpQJJzl8vqTf8ec7muvs5QemNmWNVNiXT8qsp2UpAI/xhIDcu90WWI9O0oT5zDSsIrh6EUe05vSxukkxMfiF+GPLxqkiyil72Dt3rH/SziRMd28wa50MKd4/VGgs2d2+/XFyDr8X90prx0J//VkaFYuxe86+Nn7+bP80ISZRg3iBkgYkFtHb7uOfMi1fQhnjDk1cKUY8N4iAul/wTAZbnaJgBa5AveEJAC9ZKynZB+GxzRFCgw0Q552t8JgTxyHVCt0ezEYwAum2Ifhw8QDXQXBKUXs/3qbm+r3Iz1Im9V53jxJN4IeO7gOmlkVFSDNXk5z55SzrddALy5Ywy69eI2TowWvZqJNJQqQ4uK5Gn+Q8eGf4ZcpbNOcfjZYCvGFVv7U77EJ703nML5KpfrNCi5BP3l77wVinPV0ir4++A+fSFn2tmBCHlZgkjWb32CyJn5ZXngYpAPldnz8QfVuCvC6EzqZRXBNsqOe2oaxbGDQgr3lP47XRQ/BnBNxv+d0e4Qe/mRQdex4ySO7rUtgLCgo+3q8oVTyPy+8598tj/Ox0I4WG8XPCjDyw8+igTQw8Nvekam4TTsn0SWi9s7wOmdwPsfe2SKxQDQdU2XjVSUUaSBqJAZvruBaYQzeocj7NaN+bX+UBecX2V7eKXTulfVCXpgNBqW1adQCjnU30RVeRdIVKJuxeO8NmLgQwnBMSstg6T3HQohybUMba3yNrzFgGdw2eZfm7VMUo7y39GRcwIUj6PXTfrKEKv062wvTcB71fPlkTa4dhaRAx0irat5M5tpqV/XprbglGwgDfAalYzbfRmc+n1wxNjgQnlCqXeU8v0ar8dWZVryaJnJ89gfPm4o16/3Mf8qPZ7ZWZeQF1yXMxqCAzJIIbyyzlbdf8sq0Y5hmOjM0LxV7U99vQNmQzah60VxD4m3RndSYd8HcOHmpwbKZ23+6/A7Ypzv3uyMOrPWU5OqmtVIOccHIG5TZUvVmMXrXlYIxfL74RA9iFwwdeFX040FUuCq4CAfj9Gt05CsNs1ck7slmxA+ZA3Nh5mqcReixzkCoi0p4IPV030qKWI3Qk7qW0NUXSB5M3jTl96/dJIZaf1OxBWGzQUSZU2C8Pd4sM5K08YqM/2u31e0f/Fr/6mIZzkqNtB0dDxsxGsgOLVjP5NyS9yddNkpm6pKg8T/SrBKoAF+IBzDAF20FUtHg8+4TLgbXBtFyEqUScSGzc6SkrzQdlqHjn67hUIb8KwEALSgLzMZ8CV2O9mUbm4/cz8qPNH4NOIU3Ys76e9oxqDOwHuOOg4YU7IVZlsMABTNOVU4YrvDeTMTCG1dzK3ToQIWHj8anF4Stdg4q0SBXPqmPF4M/Pk08CqcytWSH4wtuIIkmWKRtNvLAoKd8qJ5Ffw8v+KKQcQNq+kPpp2/UgZwZJI7OSf77tvfz1u2OcrEr2Cs4oY5EqjA4kgyeiQ4BvE8zWtuPlyC03As6+SNGf1S6e/Q16DkayR0DRWrP5KQs34gOB0TBNAb414BQtbFsjn97+rsQnJ3/14qYcD5blFiJ9jQOuom0PrTu+BPf0ggEEw0Pa3nJOlfWbac3HBB6WOb8tjifdoZ8Zx/Ee/s+S3t2hVLqMJBXo4bVUvRSPi+2XEnyvgTXNvOdOehq6alx93Ek8KPf6K224w8IJiXmTgxIvfacdJGuhEwNTHHM2MdcHDhWRPRxsiqrGQ4NB5y4xb6lq1c3T8p8ZYSSv9myv444R+1XJkL1QhthaaYV+hCNrIlH0ZBOCc0sqm6jYK/a9zswUzoL3Ag1KHMt601XTwc+ZdhfDGZNQoa3e2pqR+lzgD9dE+PPuNEKBbtWdWiYwF1WhYjbTwWK3szRrfQasFDsMePoynb8e+oWFFc39OZKQEt2d3ASXkcc3CcVe4uTJZnNscCoUszviJfGzGi+XloMNdS0RXwsSOxuw2YE20dorn2GzOWJe6deOYCIGvoSxlapu/Szket47LeHcgCCVFvDxKFvlbtvh4FCseWmwN1M+ZkvbVDLbYj2aMTkjnn+qVkmf94fd7YITCbBHpkIvcc2wSwTd+c6IsHJEvguEP5TjKaP6Xa8j0gNb+LFYNNOhVrsnoT7xBm6z1/TPechYqDAVIWvyFrG50Pb1LmHdY8xVaaSw9Xmm+n2gPxGvCqsMpdZ3vEnFB0qOeJHj9O9X2SEHqMTG8D3UI04wlfPF6nolHZrOeWhQMLkSvxb5OmQMaIVq5qgI6rXJvHHQOCV3VK2WnM1aPtuqe3UXgPBoO/U7hS9Z+Py511E/M9tVO6l0zBRuf3Ig7j7JHKhEC/hIE3BV8+gFld+ajk1R/eaT2SIhbvES0Demi8639PbY6fHMTSZNtA9CVNQIXAGgWLlvXcQ/b13aqLgCd1SKKYTc1DSQDHHFosfjq/socAKNUgbTxK6Qi7u2C2qWOUMD23EZUiSluItmq5P7y6RGzjblBWP3BZkXW5sdjyjlxmRNXvWRhv9za5/mc4w536PgY2oXWjNEpl/46eLsuKwAjnWAaH0ZwEU7qzuMWvAfTAhPd3nowxTcxTScJrnWHhcw0h1nbG0wrC7dPdl4KrolrJuL2elCj1lo+Ov38nohYUmijVoCSxoZKTaRsbYCdQCtN6OCWhlgXlVEWsoeupRmtd3epGOx87Qv1BSlxqbHIGxACXr59zowMjkKzkVdfCzMstJEUBunkAIhUo5zLf30/MopNhq62yOj9TcURsWCuNqYS2H8r1lGEfqJt9ZigXup1lo7+GAr5XdTiP2rV7QwALpK990TfvyCVmgmgBbOjcRJL3lnQTmzTcpoxGJp3jRWtB/uJ8IbNf/iKvjhBZ7UVEM/96fGiaObiNgT7OtUiA3ybZXoO1cgOtiZQ1G2qP2dLBSmtJ1BsjolBg1/ok08amUnkZOAHlFoX7MqMeq6LtIyoJv+tVbFlu+P3bA5KvXWU6sxRKlGPIJz5WsHPmrxBzdI6lx6gM4iT6o3Di1CMuzXRhp03K24hS9Yi+588nrkog9VcgfEeTpjve9xwOXbW96X5F1FrtltC3cCgk/r/FKVI/5TmmsGNgK5HOIWEGyMx6nZMOKZiHOM29tYlZZjO8tKRktEH3PxdQUOb9uv2rq/IQMRubM4oFTzC60wjX4hKh27OJ2wTCpFWvShbK4/FiaH9CstE8X3DhT8IuKSlDLBbMYPt8IWIW34Ze1TBso6nPM6wI+6+Fm9h8FCbkENXnVajwr6K1Q9kEG3xKvlGq/roi9JNzr+5mJUv95uiKLWIBJL5jHcLSa8mCRki1D2UvBbehHkVwFkSGbUT9v3/Z6I1CRTeescm0vBf7GEptS3vFWm3Cav1d63mI1CM8ITZnQn5wRiPLw4YIH3bYHony3PhfEQYbLEGbzQjyI5cBudnEM69+6fRoN8WI0RS1XhgvS0D5leq8CjRszArE8uUMK/WdPDtFWhzaQW4KA+57i+n8MzjLMT+3p7B/u5d/wKRS1RniJJJaHRIaXgViuxSWSCRr3W3xNrAZN0kAHENZsco4vF9bXKx9hgIjIlhmyaPDl+ZsydP00VpU0IaTfulHw56ShTp/zovw1EuLEDRrTzebel/6jXh/WVIHlVbXCuhOMUOAW+Imk7rA6++CUHpYsohnOEIlMXHCuJZen8aLRGP6yG7pXPOB/7/vGL95rCnbiiN8SsUa4F3OtfUS2jFUf5TCBGk19+8zYduhALaLkOMalGfbKBiZrowQDY5ZOg/PaGs/fYqP95EB2yWBhXQYLtIqrCYuQUmYz/bzvK0WrTGqPx5WRJaev0kpRkZlHgoUWa5Ez91q9bIZWBo2XnlhiN5CoWnh7TUvH9j0Cwb6lAKImYHvVDDIAJpo7nD5TA19NkaTy5SB7BLkcEJ38arVEXcrA+MzBQfKPiAlCBMSozHDG+U1m4ELw2w6NRNhAcAgYmR8LxeurBGcvo/R+l6PQ+21jgQVzdT5VAcJU0/5P36aOu8+VnxXWzo70Q4JUuGeBaq5Baf6LcspkJSJRa6p6f5Y/py6WIgfXYcrnjVIDDGrPSSAhfoTQtFCkGjo0nko+AO0EresR4B7sf1pS++G8A5DEyR5Sry4+O7NbFJehAQihDW7EfZK7W/Jxo5jXju6IDN7DamSTDP2CecwOpotyi04C0cgvjKytf1DIgqiFOtUUd51MZJV6wUKW86IkepViFr/8I9vdrMnFotCTgNC85r84sRYhY8FAVdeWkKpnSqQ3OiZZrm5zkCkUP+V7iy+EqfHT/yMDJEcBwW/WypYpIWqE64v8e11w6Di02/EnI7bQ2+TRuO2yK9XbWhGYF6wzgRCyEnLKojK8812I8eNfHzE+FP16AY3L+QdZETROvGwGBb98+E4sg4OeC5OimDM6pqDoM6r5zJQPKIvsxmhGj8xNt9TTKuVWTa5JXgE64u4c97aph4Bkjb4vtarAkNR4ivobw82Q3SOeygeU9yMzrfPEJKITBpcBsUb+KK/5woZ17/W2c7rnQlBgqvc8gmrJm8V0KMJk2WGYDpcdZvWoP6msRCaUw9rjYupJHpqG5CAbIbgNb1l+6zxh+anyyKsFkwctceO8OYmzBq3Uq9QktIFVpg4OyEesvEq9t43wThyOAgoyh/EldUuxWq+vNjlwApz0zvHdXGbAx0J/tmA1Z7mQuZmqUpHiCrAdtxNaIlIN5IOxXoU6agV8HCXrx5BGy0gWQcx4mJRM/RBy0hwC7uaTaELD1dgQae3Ci9AcU9UF8/iCmpo0pZDc4M32zOD+KHCMjsQ/CAV2nmRe3g6GXqFoWajq7HPBCMPWXq+2Tn0+Lzbe99IJ8RG4ZuB6cbYIvoHSIyGK5jYZ5utNxYfx8ILRbSM85sKvtPsp4rl6zb4maDgSoQIDtRaND5hp9M8QKAL+CmbGyooaoq8GqKSsp3HzMiwRbqBMbuxTJeTFP1o+W6wY/kANLygEiM/0F1eQdi85NO+xQsrNlunQ6rC5pyjLd28MVa/fmObddAbFnKffy6OmNSJrvpx/qpyVJJdQu0QnZ2/z8b/UgRrXNK2Y7Voe8hB2eQnc0i31tlQUlPTqLBPbibPEkrfpfONSuXQp6pF0ED46v3PWOS26f/Xzzg3zG8Sfv+Ch4xB5ritOkjyMf0WQZSlz5O/eFhWpx80y9Jqy9lcx2Bd2o1RUFbEoSYuJF1IrKGRkymnHaY8WW+UPP+yR9coVyJDiT0fEFFrZCdR3phIpud0i8Im0htTrFksVPq02pTrCLvsfczWQ8yF3SuTANLXnRYZVG4mNRiCBNk1mAwH35MkBBWdzBR2KTId2AuiZv/dkZD5/UjY1+3B7I8T4Og6NF6F7c/G3wsDDUHBp5OBCKu8QIWBdKRQLcQCe+g3N7gpR+VNcWX7laM/aGPr1+BvMxoQn/V/piYlp1AHgXdaOdz7rAG4WSKaxD8zotktqh290LoglDVx5BiPi1chihPmR0nEmWvD3CeO2EzdcWb0QWG2SIjE6wthQjw0j0Km0OMR2ICLrJgRJ2nhw49lI7SvSX+PgiMcowrRPe1+BncxiSFT3glM/bNP7WOSY+FpMjXw5MY5Dh6jNfyftJBMhjV6utrk3El0p1KMSlLJJx5MbcCLUQVyZ2OLttWscJ12fPNQ+2Fw7dgz+saCqinATcepkSm61w2oyb5dC1jEW8zCCLTofEb09MjhmbkVxOgRYf5HwGq7+cPYFXsvRIaATvvKytJocYmtKk7E64RUnEf5BICfB4ZOXapWxVcqCh2gGqBBQ5sEGtnVxDoBUwfAOzRqGMv15Zr4hKn0y81BSKKb7g9GUaLBz9H45fL2J5HnsG5oHL7v7tJix847XwLV3TlI1/pvNgaQpG5MvMFJCbHHJ9YwNu1GlCzI3nO1p+N9HAgAdvDTjvi48GtITj2VUOduDJW1zBaOJxcNK3nR53p0hWM1MsU89cUjG1Es6GIAgeL0o0NAvekkmDTPWybjhHfUoQmEhBfgLXuX92L8DZTlQJ0E4KifxVGM79nejWEcoHtkBDhrXDKSB4uTXSgztfp/Irt6yDO1T1bzk905ThE1LH9lkxJpvD8WlvJNDQCD3t098NOItP/TM67R216r6nAloJloZKav+zllv1WXG+ynuy4xNcW9HD/ZDlCanJUtcWBqImydZahnb06jjzVLvXVcTHpJVS6Ha5B/LgnxmN9kA/30Uy+8hpUnfrIHJZTJy0yQ0IunTj7mpwzyHYSN9hh+LwXvYbUlTluP/OzLpE/jKVIJJHMBzUODQRo2yloqulskYaGtYAk9JsP3z9iQvcU9AV0HrnlND22Dpf4clq8KnGfSZu4X51NpoHTQFrxPI//K/TfWmIXbCZuHjwOr7ObW49pSN1uVYU6ezI1SUh0tLYYPQbAXfKr2rTFYl+KFoKrx8vGWcnuyWeU/7OyV+gCDZB4xwMUxWIqMlks4fxCrQM6c+wNImjueaKy1cWY2pVZeuWU6ACdV19bB0p3Fnjt4fw5EeMDRtO0rVdI88XIKsT3H35kPFykdyb3wAjlp1htocpp8oTU1MnYDms2L9yWJJoNLWFvWjWa2EHyPEFhtEx4Z2m5R3h3uzzJI7GX6Lu6HUfVdYcY7erOx2WVVP6ONhDrp+NGbHFd4++PjVHivIcnUb2KjPmpncj1IJg/oJpgC31XPqyNdaZv2y/IxXDWRb2I3Gv1SNDoNzlHMt+Hx9CzoNKpKaZFxckAH8T4G2KoPUs4VpHTpBr1ESJ/godKuEzk96R0Oo2TYkYz1zxHWQjjU9OSR5SWKM6hS72aU2Lv9RqZ8nq39eXit82hDZ/Ou1WTZPA+QJXQRfPwO+9uUYDSpvkhea9XIiItgYBchKQLRDn73rtcqBm8Jir6X6NutkqaiDvXxZ+8ZX8adXACVg26S11NPdaNPsejTvzgFU6sqOdBMhMOnRMFbxwSC7IPK3BCJCKop+91EWudZMRyUgL/orzR1rBKXZw934zcm/lloX/FZmMq8CeOw//Hgz134FTzja3BL6bfqvYRP8z42jy+3wV7z+YnnceMyiKJxt78QyZmLGhpVzncr9klYCBGxGIrcttMClx1hnZSkiuv3+/pJovUk4CeAwIYapgX9V6EysaSB8YRwm9Hz4/qzO3L6sQ3oXFJG6db64stqJX9EzQDTVs3lfsoimicHdbsCAgn88Z87sZC5jhxSk6rlY/jc9ueoMiNiimcwo8p/yjPbXKAJvK/paQOXTNnjiX4STSGYpJi7bz95ENy5UTdga3dbdUqZymhapuDk2KzxDmYmmXG8OSGQg5U0YnBdXNbY2GWwSKY4CHr/3kXYWueI+MCUqxOkf8YMSEWU1AMo9FffgXZKFso1FnQ6OFBTFX9iQnJ7DsXz40ZEOIqTUFRVQzSRhIgVLmCY6dW7xKDUzM/Cc5177QDhdTfyFdgw5oQBwRFv3Fz1DHGl0ri7FHJl5u3LNm9tHL2z+6ynjG5HFZDmiYBLHPh/n/jq6Dhpw1TqXXhJzagV6WZZh3T9BtkbUDblYQdVqjM46wyalu5ZlQj4KsrwGbiBBbHFkrYe8Ztv5c2IED8NeMi2ot7ckH7zoDtuxjzHJMHh/Z0MZvCG6InAf6VRiQ1tKyfdoM45zwqCagofEiW6Fw05ZUpN5j2qK8fF6+Kf6N3fKowdgyQABqvfoZXeCOQRSgZiAjsNXelxtQGrf4GHb4ZfNQCNpWJ5YSCUbyy5KeqVeKXKjZMUI0pqt74vIYY7lPl2hU++3C52yExkfNp1J1e0W5Al0cJcI7R98oKMrGxy+AAm/xGkZjurPTjML1MUBynwz9+Ttvhsf6We7zo9vqJcRdeRx+hqEXKHKJ9Rk7aLM2BINzVNVPTcSVTzrC5K9Zx/esF36+jNf4MkJ19bU+vYLWNqeXVemUsqXJwiEyzIp4Fvj4femTAacdMPXfbwnPK5YiGsA6lf0XToeM7FRXdR3r4I2uE2nH1A12VjhmHCCpHcpAIUJgNxlUCNTp2dtcfzrV59LA6GonF9h/8nm4klzvF0bO017eussVvcHdtJt2fnKsAce2pLiFFIdSFFvEbx3lWi5lzOUWAdf6phOPtNL82LEjQlJtN5GTtGu65h1SgdsfLcafm259jVFuOu3DU/QkQyfXkeqedWj2gFBoJNFDDGdv0dI7YBMq6zGzKl/3sCwkvr0/V/TwX1txHK6V2V2b0S+JMkHCtmPBovaPuVRBap9hZhTKojx2UigtJ9wqZb+eP8jKtQrU/Vn9O6sBXZ5U6FH0jFjsT3rIlVTRsVftaP+6vkGmzYorwCm6pxmx0Qf1sRAB2EqzTFFyvrC1cD95PDnBPM9wkgEgnw1iuGk9gN7rFGzHBvrzyQq9Hmq16r8F4wxE/pz3htkVPT+l0Wu2quWV5pmOKptO3XZFzS3HaA9On0KVEr2YmmzBMkUXsDDmR6KXLm+DPzoyVqs4S0qoVvhCPSBWNU00tZiK5zNcNYACU2EivqBEEnJ8BH/WILDqZwoEfUUE4Cmmk6HAoPfvVlgRM39u5mE+MCRkEitnKa78c/HlC+X+VTa5HUiDYNDDxUvJ21xdYhw06THwc5mAj6fg4I3r+uwIy4x8gIiRwT3Bg5a6JqUw2r1spLlalHfcrnHECC4ka/YwxxHI6ae3lhPoBe2HSpanQuGY7cYGKEYjBFKPT7zwoIb/R/EJoKYUurlLrDe+yengCeH74sT+3N0iBp/nY2lE0/8vGcBm5rXWb6jyrJaIEwMQSqVOlc/FFLGXVChIhLhCIE+UqkwEacI8PrsqidfFPcS6U0VhyugPNvYDEnKxk7RIooemOyzaehTvMkVncEZuodqDTF7b1eIX8CmFkk/2tbkKJlg0W23VPRDO7I9mqi1OGSbqEshAqO1z/WSnDAJU7Jew4cJMJ570CbdYAIP0uSIUqgqE7hfJ8qb9MJTJUXFXM8g6EOxS0c3QH0eN4o+8hYmRwx4R6ABydD/HzmwlkR+lh2AXsKtNmJlbHNlW1eNLV71Xm17/N8p9L+xm96tsrJ7sBIyEV0uk3yI2K2iyrtofdcOiZzDjVxopWlZFVqGQtEvgY99PuMcHPAmeUHeZiXVYIwXlhfUCk0Y0n+oj2eQHEGPGkyLdHJ5q4ncZ1aDuvU0Ul7ruA4rehDSSlWLG6kSIj1M4RAsN3Onl5sJ6wuDfvduJ+DpjtJHFY8AAAAAAAAAAAAAAAAAAAAAAAAAAAAAAAAAAAAEVYSUa6AAAARXhpZgAASUkqAAgAAAAGABIBAwABAAAAAQAAABoBBQABAAAAVgAAABsBBQABAAAAXgAAACgBAwABAAAAAgAAABMCAwABAAAAAQAAAGmHBAABAAAAZgAAAAAAAAALdwEA6AMAAAt3AQDoAwAABgAAkAcABAAAADAyMTABkQcABAAAAAECAwAAoAcABAAAADAxMDABoAMAAQAAAP//AAACoAQAAQAAALAEAAADoAQAAQAAALAEAAAAAAAA" class="product_picture" alt="Louis Vuitton Pochette (Purse)">\n                                            </div>\n\n                                        \n                                    \n                                        \n                                        \n                                            <div class="carousel-item">\n                                                <img src="data:image/png;base64,UklGRta7AABXRUJQVlA4WAoAAAAoAAAArwQArwQASUNDUKgBAAAAAAGobGNtcwIQAABtbnRyUkdCIFhZWiAH3AABABkAAwApADlhY3NwQVBQTAAAAAAAAAAAAAAAAAAAAAAAAAAAAAAAAAAA9tYAAQAAAADTLWxjbXMAAAAAAAAAAAAAAAAAAAAAAAAAAAAAAAAAAAAAAAAAAAAAAAAAAAAAAAAAAAAAAAlkZXNjAAAA8AAAAF9jcHJ0AAABTAAAAAx3dHB0AAABWAAAABRyWFlaAAABbAAAABRnWFlaAAABgAAAABRiWFlaAAABlAAAABRyVFJDAAABDAAAAEBnVFJDAAABDAAAAEBiVFJDAAABDAAAAEBkZXNjAAAAAAAAAAVjMmNpAAAAAAAAAAAAAAAAY3VydgAAAAAAAAAaAAAAywHJA2MFkghrC/YQPxVRGzQh8SmQMhg7kkYFUXdd7WtwegWJsZp8rGm/fdPD6TD//3RleHQAAAAAQ0MwAFhZWiAAAAAAAAD21gABAAAAANMtWFlaIAAAAAAAAG+iAAA49QAAA5BYWVogAAAAAAAAYpkAALeFAAAY2lhZWiAAAAAAAAAkoAAAD4QAALbPVlA4IEa5AAAQAAOdASqwBLAEPlEokUajoqGholZYcHAKCWlu+pi46+MX1nxtE/qrjwtjlCprn+Lsg+qsb7NZgG5fI2V9/UI2d8vV/9D/NelTzH3k+yvZD/n/2L5xLwbsH/F5mvUf/H+8H5k/871Wfon/l/5r9///j9h/7D/57+m/4D22PWt/i//H6kP6X/mP3d96b/u/uN7y/9f/rf2D+BD/b/4f0z/Zf/cv2Hf6B/rvWO/9f71fDF/cv/F+73th////xe4B/7/bL/gH//6yeIT53/Of7nwR/NPtX3GejThz7YNRHw7zqf2Xef8x9QX8w/p3/L+4b4Avsv3E7ubX/9p+2PsEe4X3b9nv9P7UX6/mt/E+oF+1Xqd/7PBhoBfrb1aP9n/+eaH7G9gr+lf47ry+kd+9IaM0cY8Ro4x4jRxjxGjjHiNHGPEaOMeI0cY8Ro4x4jRxjxGjjHiNHGPEaOMeI0cY8Ro4x4jRxjxGjjHiNHGPEaOMeI0cY8Ro4x4jRxjxGjjHiNHGPEaOMeI0cY8Ro4x4jRxjxGjjHiNHGPEaOMeI0cY8Ro4x4jRxjxGjjHiNHGPEaOMeI0cY8Ro4x4jRxjxGjjHiNHGPEaOMeI0cY8Ro4x4jRxjxGjjHiNHGPEaOMeI0cY8Ro4x4jRxjxGjjHiNHGPEaOMeI0cY8Ro4x4jRxjxGjjHiNHGPEaOMeI0cY8Ro4x4jRxjxGjjHiNHGPEaOMeI0cY8Ro4x4jRxjxGjjHiNHGPEaOMeI0cY8Ro4x4jRxjxGjjHiNHGPEaOMeI0cY8Ro4x4jRxjxGjjHiNHGPEaOMeI0cY8Ro4x4jRxjxGjjHiNHGPEaOMeI0cY8Ro4x4jRxjxGjjHiNHGPEaOMeI0cY8Ro4x4jRxjxGjjHiNHGPEaOMeI0cY8Ro4x4jRxjxGjjHiNHGPEaOMeI0cY8Ro4x4jRxjxGjjHiNHGPEaOMeI0cY8Ro4x4jRxjxGjjHiNHGPEaOMeI0cY8Ro4x4jRxjxGjjHiNHGPEaOMeI0cY8Ro4x4jRxjxGjjHiNHGPEaOMeI0cY8Ro4x4jRxjxGjjHiNHGPEaOMeI0cY8Ro4x4jRxjxGjjHiNHGPEaOMeI0cY8Ro4x4jRxjxGjjHiNHGPEaOMeI0cY8Ro4x4jRxjxGjjHiNHGPEaOMeI0cY8Ro4x4jRxjxGjjHiNHGPEaOMeI0cY8Ro4x4jRxjxGjjHiNHGPEaOMeI0cY8Ro4x4jRxjxGjjHiNHGPEaOMeI0cY8Ro4x4jRxjxGjjHiNHGPEaOMeI0cY8Ro4x4jRxjxGjjHiNHGPEaOMeI0cY8Ro4x4jRxjxGjjHiNHGPEaOMeI0cY8Ro4x4jRxjxGjjHiNHGPEaOMeI0cY8Ro4x4jRxjxGjjHiNHGPEaOMeI0cY8Ro4x4jRxjxGjjHiNHGPEaOMeI0cY8Ro4x4jRxjxGjjHiNHGPEaOMeI0cY8Ro4x4jRxjxGjjHiNHGPEaOMeI0cY8Ro4x4jRxjxGjjHiNHGPEaOMeI0cY8Ro4x4jRxjxGjjHiNHGPEaOMeI0cY8Ro4x4jRxjxGjjHiNHGPEaOMeI0cY8Ro4x4jRxjxGjjHiNHGPEaOMeI0cY8Ro4x4jRxjxGjjHiNHGPEaOMeI0cY8Ro4x4jRxjxGjjHiNHGPEaOMeI0cY8Ro4x4jRxjxGjjHiNHGPEaOMeI0cY8Ro4x4jRxjxGjjHiNHGPEaOMeI0cY8Ro4x4jRxjxGjjHiNHGPEaOMeI0cY8Ro4x4jRxjxGjjHiNHGPEaOMeI0cY8Ro4x4jRxjxGjjHiNHGPEaOMeI0cY8Ro4x4jRxjxGjjHiNHGPEaOMeI0cY8Ro4x4jRxjxGjjHiNHGPEaOMeI0cY8Ro4x4iDTLO6kIMPhy0pQapO6V9idTzLA/Jf3SehwNoACjE5luPnPpPKHKafbqBTaAie/TuvPOz3v9l+DfN88eA+DvazMc60nNOmfO2v2C1fNJ31R87VwMDxsDA/TTnfSXzexI+6T8oNZvpzricj3+kAdjs7qN0awOzEWwSz6+m0FcdfXT4p+I0cY8Ro4x4jRxirLRjyW19EU8speGfcI6eHQVwdgkWf2iSaJhzvk9mlwfnCWlgWk+qy0NgnvCgtOWFliwmonZSLsq3PHAR6lspfvvoDtllHQTHVaF7G1nrsQ3MKiq8MPC3lX501eSSYTOZjQefOPsUymJ3er8NguIdlT3jfBhL4WdkTsdwPeQUXqyvEM4bWf0x0TKaNdVyhV9Og1SV3EDbgM/Qgav6oEa7LVqzYPcwb4YS96E81wvoTZ+Z0SOXXmrTXT4p+I0cY8Ro4x4iFLsi8IeUu0YLN10mVyvqUTeu6ORjYl0vJz27n3f1A7lqHfO+1EK6DHS9y35m3+MVJkRgDybg097t42c43Mes0uZ3iQv1UIEchXW427jkn4g/39l2qw1rJHK+vO2g37Z4hXdVDqXtQkHxikLEFKl45g0FaSn325tX/6im3LlgDeHdJft7qbqgpLL6qwFT5yItbVcV+m877xl+KUUsjJT4xkhyanz8ZRKor6Jb+DeDc8Nu4rBbwnoInuiixXEUGnJ3/+yAU8jp/sQfUeLiimsfpHPja18mKAPJkuL////dMncm4WKBZo2Rzy010+KfiNHGPEaOMeI0brJS/euL64OhgT17m4x+TvLGirs1ocqOcCIMHT9XdbMj4Ldojpv9c2+QQtgwUSRbZQLS8cIildQk8L+J4k0invsjcyOBWBF+i/e0Cic4ArPgNYl9ilCa2N0BNY7TUbwQKAbDt6uENwS5i+edVqABhudhEyhQlBzT15n0JiObPbNEVVYGttnG1ygKgx3AsUMSx3UNtqyz2aN2SnkT7mH2pZtQrc5KgCCmzmQxWMtZnG/8jZkAII1g/LpTMRXCRahJQKAUvYr/RPevOIcd1DPqB2D5f/34v5hF1fjqf8F79/jZnsak/y+8id/Rr2GwD3svdTLfsTktR5qYa010+KfiNHGPEaOMeI0b4lOnbMDMrtoQ0/zdxcBZ5rfeJ6sH1F/x26miidXns9xE9mcDTjvq7Uj86b29yROdVQDGVshS23vFB2zLxk/vs0Zqfeu1XKCXoLqGaKCYtPQOeOZBG945KbywWjvfeVSFDLuQ0AQhXYnSiGxsAvtGtHfGPmAxEDu0lu1RaTpwtAhX88ENa6v6TGOdrzJ/6MM1S5UlkEkIBTyT6YNCXkKZDgKZmD85f73JdGniKXmaDZ+lyWAVIFiHh1MCK6ha8YZeauArCf4itpqgnspbdCo7Ded+yNYy4sUl3YcF1+i/d2eCRgfHjzjH5Hg3BkyIxDXkFFzSjwprE0cY8Ro4x4jRxjxGjjFUai/m7WYWfxpZ1Ytwj7ldxWVbKnbVtisoblBVFtINjp109ToYD9TYC63H7U12UIaQ6154wYaR3oqWjz11+t+GpylLOWroZXC3Uk2MJEU88x8Z1LU4pVv0MY9gqiXhVTaVQubjqlksv+JLsAOZ4Xf+acDpmxU7wuqw8e93lua1v5jxDMUa2IJeNG98oxNP+WQx/ezbI/c4DMnZYiwXIBXHWa7Y9olrNlG4YLRN8wKlzs9nR68ksottMav/R9ddSWIxEbx6v4D54oAvZM3WYXVJZXtvYcvsAC8nlgt/2LqIlsMZ3VpUUtKGf9OvNWmunxT8Ro4x4jRxjwo3I0ZW1P0oPZtoz3fZkQ3ygogCkCYzf2Q7pn1v2tmTWGHlIIaRjeUBjE5hIDOiFxviCf//tqQEHkeatPPUqRNVldDD4AnRn3I/XFytoawJUQSRE8xABKl99qu8wa2b91rRNfLrVcEXlxoFiYYmbwtDFj3cB+cboPztEirZvwPIA2Pb8X5R/khKOP/xgZboDwJokx5vtICk5fU9Ncx///QZ60fBW5Oa+V/EnrjZoXrRpMfovwNMjM2zxaNRZZtspD0zGJdtruDEBAIr5qNN578RfQp+I0cY8Ro4x4jRxjxGidPqn6Uujxhs8QrssuimDwEfd+oiQc8mNhvfHJAk4INX0NJSh2oyMzeOdq5S0jSShku4xS3TIlPEihYSM5sgpqYhMpEkA0b0szTKHu7dpLOWAK/hIrFL+gPTCSU1XaKrVuCdG8uSu4zyzy+sBk36S4PikyfDmkkOutapEss3+iVdAy3AvvjvqRP75wj+ufhf9QLPCUOIZYwMBRg9rB73ucn/+QHuU58CYSbCIsVS34pqmX8i90NuU7X8/YkVjiz54fH+b3RSMn7TG9nGshDeGBRa6dDl897lXq82ZxOsylL70m4qsmFvdvHiNHGPEaOMeI0cY8Ro4qjif8chOy0ZFt0JBWLQwaTbjEdbxlDkmaSrxlX0EBYWP0l/eu4HDKBJdH0f6KQQjaBLT5VImuMscaRg+HoJ8SXVr7xRhSRdzQxgy7wShbz7SKxpryPcOdPw9e5BGytt/Zx732M2lSsIXJTwLf//92/Bu9fR9zdw/1d+CAFf6q6w66jZ/U+G//+yPMbt/gn0sl1ayOtolE0ZuPbR5m8RosQJ6v/CTdWuMh4RzW2Avm1xMjP8CHc+Qj6/U8YYXvOROdFhREL8DCsHONrzfal0kS+KWQvRnDuz2H1YeB1GpXJlMmM21ofQoD0I0cY8Ro4x4jRxjxGV8nB/cijnNSiKwt2/kN68CPUgE1j0ijacJH6M3K7U8vAEcrHIm60xnk7DcBQBjThGMTFqZK35K/mqlVhAyGUwjRobv4qOSi4KZpBndzLprYpF7fommeUAL/mp8F8+nctddcP0u7dAPI9z7da1gbfjfV930js5mK1wvlky0tgIIxYFGmeGkuvwuzCHADzql6YnwzaqH+XzSs6nCtykOBM+Eq3/4zfLLDmNvOeJd0zw6hx94L+C3+crf3h3Zrlo9jtkcMyy18rCrimcKEKQBc0j5o4x4jRxjxGjjHiNHFUc3zpGeyrAdpLLMKuuoK8ugBI/BtWE0ImMCnrNee2Dwl5r71BJgFoIICFoOxGlUT7izyiGvOSxtemJ/y7HU0cOPfvzMt6wMZ5r1F/D2RNdn/xIdf5m4cu5ZflPTuNLR+5ZpoeO05SN+JliABOn4xWgnUZ0LUObFKMZyRp7O6nkAVHGOAQjdbt54Si/Cg0HHu6vh6Sy4xyOvLPqf+Ho4MbhGDAalswnyAUq8oAxFZpG3FmgdQHoRo4x4jRxjxGjjHiH0d9d8q2U6TI8sDDz2GrMkoUjSfD5N58TFRDnKn1swsCI4Be+tan956Bwcmxrc44dmh9DtBCayxni//zgoQYxgA0j1eBb4ok0Jt45Su1Xs5Z//8E+z7g86nfU/hTujdup+Ff64kQoKPlhspt4XBSbHVSn3Mqz/WT3RjlLXX+ykTD7aK/2XCyacAgE48t0mqCEY4Z2kT1G5Rh3AkdzRrRhSkyKOP6UASOVAhF8KYE68CXetI+yGszuAPhpT4p+I0cY8Ro4x4jRxjxGV56FAY550Np5KEKGocHPuokLzpRT4q0jDTpr+rfR16AkOVk+Ox/LsjJE0/nN5hzKUHOMgheK02ydUod/4UfrLOA01vvc5//BU5GCgfE+cw5WcKdU4/2uGZb6ghZmQQJOkG1Xy5VgIXk/pUqWmy9Z8FA+mMzaLE8Qu8BuHkDTKR1zO5FSbyTRunKCoDYqOEzPX6Zj79G8Dt+IetDuVaReWb4Kgk94F0I4MTAuFbkvlLY96cuVwplCofmd6Sd+7R7dOI4kwkbWVGF0JJN/NHGPEaOMeI0cY8Ro4x4UPzZoq8qNfzr70oOTd3fOtVPZrX24vnj6H1epnYnfe/9p9Y1X6OlCZIjXnDW/TJgLRZkF/g2VwT+YWnb+FzH/QnU5V/0pEdEUx9wVJxAM5ln8wM8VBfAvQJfS3iwpuIRtkwkupN936vmA/uag6ivEPMc8xP6KbV4qtnf73/eMtm6QB3mOoQjf73ztBj/horZsHLD3JUGg7IDCxCTGfh7KaF1B0/NpDMTy4Z6v0aiGUBOvCXXbH7XE85feMekZLiarTEHuIz4R5dYjYzNYmjjHiNHGPEaOMeI0cY8KL3cJapjMVzd5z3Rb/+xNx8RJJPvXRytiPDlN7TEUwbbXAwBlMf8Cu01GFs8KZd/Zz8Vr5/WdBNj/42ASPG/r+Ol18LFw5XqThamf3u8rCL3VN4vgH3e3A9HHPF2/2pR+kZwZs8cBBCv5TSkVWkoDi2OKxShra2USIDpKv4hcg6a+KYm+9tI3C+ydy11+LDF9nTRdKqCl3p6GlfrUGupLtcg1LFKySSDe+h/f1FrIotkVcsVvqqggE+M+yQuzszslXystGdMFL1vSjjaLtR5aa6fFPxGjjHiNHGPEaKCmjMkD+uIgP6GhEDnvvhEEQ8TfVsi/vqk21ZYcf7Jvc405ur9aWsFfF0kDGwbz3d6B5oY5PgGjhgpMnkniArIbWUoG2SV/YvndNUHK4Ktb0+ZtFh6+VYmzmX8YD3mVzjBIpBbJFP4QUxGskuVcyn7uYKsLpht5XOY0yVBhWDVjP8YVXfpmTdcJDCOFzIIwjsLc1r9AzvFTpMvrqEznAcnAFIWkyZMoy5VTIttJeSotUZB9r4ONI7MX5lK5/+O3MQKvX7wEaOMeI0cY8Ro4x4jRxjrSFfJv6kbL8gco/Wh8eSWWu49Us1/pKqS1kOybdWGytQe91kq4rB9Yruz6SahhmzStlv6XWpriVlfMdJ7/FRGMo+yUQ5505tqmjFrwUvccYau8JvVSWN17Mc2hF7Lsmewm4Ag+EdvJkKjyPmWo5gvGfum7pnkS8VOCFB7V5x9/fB5CYm4me0Yox3M/w8kp4eL9DWBeOa6fFPxGjjHiNHGPEaOMVYZYTxlvdtM8peAcb807StheS/gdfj0Ry9hg4W10l+YfTngtgwgJw2ndShhSBZSS4odJPQlKshC/GtkLVVa0lcRZvgX1A5uKoIvTsUQ69epN9FgoHme5SEckqvki3dnoqRnO1b4e9KIZt1MrxKggJiM5MqfV9oyJ6wNM3ps5M/MyFNZ1yVTwUK78/nMvd/DFAvV+I0cY8Ro4x4jRxjxGjjHwHgwBKinbfALr7BpQEI+KfzuKZXsWnXia9dJAH4V2wXI+nD/4uFVU+56T+iErnm4RvUna010+KfiNHGPEaOMeI0cY8R7aunxT8Ro4x4jRxjxGjjHiNHGPEaOMeI0cY8Ro4x4jRxjxGjjHiNHGPEaOMeI0cY8Ro4x4jRxjxGjjHiNHGPEaOMeI0cY8Ro4x4jRxjxGjjHiNHGPEaOMeI0cY8Ro4x4jRxjxGjjHiNHGPEaOMeI0cY8Ro4x4jRxjxGjjHiNHGPEaOMeI0cY8Ro4x4jRxjxGjjHiNHGPEaOMeI0cY8Ro4x4jRxjxGjjHiNHGPEaOMeI0cY8Ro4x4jRxjxGjjHiNHGPEaOMeI0cY8Ro4x4jRxjxGjjHiNHGPEaOMeI0cY8Ro4x4jRxjxGjjHiNHGPEaOMeI0cY8Ro4x4jRxjxGjjHiNHGPEaOMeI0cY8Ro4x4jRxjxGjjHiNHGPEaOMeI0cY8Ro4x4jRxjxGjjHiNHGPEaOMeI0cY8Ro4x4jRxjxGjjHiNHGPEaOMeI0cY8Ro4x4jRxjxGjjHiNHGPEaOMeI0cY8Ro4x4jRxjxGjjHiNHGPEaOMeI0cY8Ro4x4jRxjxGjjHiNHGPEaOMeI0cY8Ro4x4jRxjxGjjHiNHGPEaOMeI0cY8Ro4x4jRxjxGjjHiNHGPEaOMeI0cY8Ro4x4jRxjxGjjHiNHGPEaOMeI0cY8Ro4x4jRxjxGjjHiNHGPEaOMeI0cY8Ro4x4jRxjxGjjHiNHGPEaOMeI0cY8Ro4x4jRxjxGjjHiNHGPEaOMeI0cY8Ro4x4jRxjxGjjHiNHGPEaOMeI0cY8Ro4x4jRxjxGjjHiNHGPEaOMeI0cY8Ro4x4jRxjxGjjHiNHGPEaOMeI0cY8Ro4x4jRxjxGjjHiNHGPEaOMeI0cY8Ro4x4jRxjxGjjHiNHGPEaOMeI0cY8Ro4x4jRxjxGjjHiNHGPEaOMeI0cY8Ro4x4jRxjxGjjHiNHGPEaOMeI0cY8Ro4x4jRxjxGjjHiNHGPEaOMeI0cY8Ro4x4jRxjxGjjHiNHGPEaOMeI0cY8Ro4x4jRxjxGjjHiNHGPEaOMeI0cY8Ro4x4jRxjxGjjHiNHGPEaOMeI0cY8Ro4x4jRxjxGjjHiNHGPEaOMeI0cY8Ro4x4jRxjxGjjHiNHGPEaOMeEgAA/v/yrQAAAAAAAAAAAAAAAAAAAAAAAAAAAAAAAAAAAAAAAAAAAAAAAAAAAAAAAAAAAAAAAAAAAAAAAAAAAAAAAAAAAAAAAAAAAAAAAAAAAAAAACZ8ZDUgRIpPRmZ7QHVFnBGs8lItQOqF6N4yK9M8VQJcD0Y6B/1lajvvJIYBCU10UiX3zsaD5ZTNwzzXUJYcDTTOwt3PTfcknU77EOtq/Nr/TR0Bv/bwZp2FrliVLTKoTC5PMN5cU30zVh07gfP4Z6GUcrsNu3CGF0aYJfiPuBZHc+uDlHHVOU1dHovVfxedHQCJbTyJRwTV2l6ZuKKzqL0DC4Oc3aftvIzs9q+rFYrRTeuuQ6Uiyg80g7GUrWKZep413g6MxkhNg+tVxA0IacGl/x+eGM3ByuHf4+YMqAK0HDxpQo/V4UQI3rzTru1R1rJgFnHuVhuuuDxECHExCEFncDnhYXc9BZlMTVzGO7FHeXSq/uIq3Uxqz6Eqm5O06hBvFvTpKDcoVF2E+fajNqDNINpYEKjJqEEdYd1IPONeyzfF+pPjoAlQqQKaXEZ5ymw6b1xE5O7N9sVQ/VRlZPFRaYKPNrZH9OFwxa7HViOQHCALkTWo27o6Lr6tB6LF/CSmZ3uhZah1iJwYG51QMmgZ7cJq2mIz55yh34fttlkM5HDs0Lb6Z8M1Wm/egRKbmfraBnepmWncWAjdCfBvpGAyUmDmW5Hf7sTR026AIBo0QalQ+sHZhzYNBB1SY9xOMr6Dvw5Eptqj0YNktJaV93xPp36Pt41mJIU0WuWgUxPW3Au7EZYAl37FBSitVQcMT8xVbZD3X8kyUBVNamUDe6LHl5NuyeRoZOaJXuwSwUL0eImYVDCpWwNAqeh3g4l4VFM5LlJaNRoaFXpe8NOYI5wcz/5wqzYBnWTEwRvUlFTVOMk3TzxLQ7SRMxQiINu2OBLAAJKA9rZw6CLekVcZgt2wZy/0oZhjSHH8sXqvG8cSh8Ox29idCMIIH9FoF76rte2nqQze7xFKhqCfUN+cz69FzK0DqYI9a+v1Nqf/gJSnr4IkflU8U49A26IgwcGRu6Jfvlzyh5XjNlmWwdnY0QaFz99VbulqKCOGs1fgNAkEKpTDzBS3fs5DzkOMHrXvHuDP8zMWpM1UX/tDbBhOPuWzCTcJpdhnpfYm+nWGB0j5waPN9XL6u3NQxtPa2ebjNthUmN90g+nnp0AA3yd6PUUK7To7Gus5mh2yypRMbsSGHgJwr3tUrt7sH+p/3ip1OuzTSPxmGZ6Mp4BlWZnSPWfRI9B+qfHaZmSM3jIqQK1aKSPnejT2lML7bHdhYOQBmkCAFvPmu9BhqAcob17IxlQaNLKuPTNpjR1djqG6YbS8ZM7rPVQ7ET28LPJal7h/jIjyQeRFv4A8h6uVjMGYdUyuQO+xw60Ak874GZRluYdkZzDPAY9xI2vbC6vq178qQS9/86leoJ2CXFhnnbZW8IoF+pwZwTepIEC6mbaepnEFzkq8rOBe9pLhaoGQGALdUAkzuslyAruJSv6OCrxBFBHRc1Hiti/oz1tSrdF0OwRaltfd0GI7w8JcpOmCIgL9PnhY53Kd0N3icymSbP9ebjShKQtJEU+QikQfznb+5Dq/uXq6SuiDRu9kgnAHy/iGhD/KMM/2ZCK3i39scC/8xGg/ntUc+PpNgtCLL8E+oOrfX4wpLcgKoah3JRwY9tCws0ryc/XXQHJ4Ftdp85JM0amU0ihLZJ2xxL5bn7A9Sl6uMgdp3RuGyTW2GPxN6MoOE0ksYT9vFLslDK0R+ogcl17D1Me7VU7WMXRW9pKuqwg9rXkThJMP51qyZCwZNKcp+KqImmEGR4DllR3VZcwWSvobcTYPLIvRyCAkH0B9vkXmN+qiHeZuqM6VOVzo+9f7wIVX7yD0JfpwaRpp2sKF4CoXWd8Nmj2hrl/VGRTWsIg6H4HXvs2MBumIDBR2nMebowFoSb88EvjDxHAg8wSB+xjYgh0hudQ3PrHaC5JFwnS85/nHzXGnalcMULMsRSCTWfvlwWEpr7m+5uZXUbHaMWPknkSnKs7DUDxb0yotKDPzb39qVE0B0d4Yky6z2mVwDTN5O1Fk7Y1CX08gfbWd19/ii485rZUWjhMqXlZ7PUO7ubcVv7FP9+AFyQjFAqky45wwitBIJ88kLzaYfEH00GoUU019Q3EfpCTJct7s+2GaJK5pRhv3WMk8NEpeGwCziKk3macOFviSu7KcAute4UHExcdCinwJHj0AYwgJc4oYVvFu4YA48QVK4QdSVrUgxddt2dv3uV0EbSpzxbk5PWigO0FTw+rhB1HNA7gYAMVF1FRGj1SvYYuXNRmkAwLty3SLM8kkViUqrXTT5mJf/pZ6oHfR5/gD6AfzX6WHQP1WxWjpH6mIt9xx1PF185oanIBElQK/KqkWwvHW/7UBfz4F1ZdBXwM3lS4JXAx2ilfssAzbZDhCerTBewIfjEUXnY/0rXQCWPgVqx7Fvr5bn1gjGeC30yTEFqzPHyfFCX9IxFqay8fccxywHWGuhA+jAsHsx4gL4klsME/7n6t5xHs12b2MqzJ+HWko5vP3/iGg2YtAx9oRHjJDkI+ulC7+985LjNbdqadK8mid770rISuUfIMkBOLT9Szz3cNYJAwG4NcxgWNtNd/5ZTfNZV/dLnGKS1UUouHrVv25YKYzwIfrS//OIs5pCkcixhJxKK1Y5Mm9AJEOaAa4cEs0C1SVn+QYEWDH62myU2FwmvduM1dbg9FVdCG9y1lvNv3wx8rztaowYIWMRfyYqXVKpTDoQzz171z36V+t5aYjU7YEVmvXb/lMLPDpjz1940tfJ+wwDd2GN37pdUBQS88QIwOhJ8JfYjKo0DMXdgaLQyD62PyEap5T8/4YopUwpi1fImLuU4Tqo+EsX3fmhfl6qhqiKYtjbjJuz/rsuq8E1/93+tgKEoln5aM5+hJxArOP/3uG7+RtExKeDvZrQSYfhCWiiEWCbXz+7eypM9oUYVTjC/XvVD4uWHo41i5oAxRXE3AWO0P8AeGdC/0NaQYj7QAktRm19iZ+RnRFZMDI2vR6AXm1xWRyGtVgnivE0a6gLQzca8BGKSaCVTVswWC9/DwWd4Os/yltmz90b/zjX8A4dcMzPGP/XUupYQg5PUi4HFGZGePgVraN9KEyR4mVIMzNHbIGZPPDvex2fJoSRtnvHDJr7XcrGYFs2/f3+ZQwuPD4EFFNfMkX+42rG8cDXKaX4yOPWWrwRTo3FhBBa7PSL0w445dM5VX2bQSHYRiWDPBW91OLW+sQc7fSHU3Af4lA7N6CckmvHyoc0G5ISCLofH71h8L45CSF5DW6lpneTP38RyKRtvySCbeohxdpuvXppETxotByWNquGFnmsoaHEgkDWJTkF2SAMPrt5emlTiKclf1+romyI1tmSXXZ3UqUMli2IfD/6h0L1OhSrEMYaOKUxSWTuADUu5vf6aYaajHmCCNam8949yP5w1w0DS45TXOOycMqkEa3lmSzyRtvVRhvDpTNIi/dPd53bc3Plj8D16+LdFfBdjuab21S8rMBKQy2miAmkhJnY/9hLtnBj3gmgok0f7qeQSV5a/eYOvbWG904P38ycPw7oCtwtiZf0DyR6RsSBuw84IpxXxXS42A1EAN8OqGo7uiHImDSpKfo6V+AyrAhkd84f3vnGlYoIW+uJl3fSbobjuPOtOo0AWCRmotbWMF4cXbZZkzu3bdVRRJ8E6q8C9cc5Yqd3zVLjl9ppu4OWFd4kVNfVk0obxSOnXMqn0ybs1sX/5IKlWla79YEPw5/NKd8fvGqLWSTBMouCOQuvJcN+BiGZvxXocwXO55eAAVjpqV96uEOEje7Che6FS4+qWLkE8hkFgrmTA005fJnNFRvUCTwdp44a2Zu7hNvpQ1tAOCkfQUyqcWg+C0mnVp50MStTJH3AnymhFtktYwGfv+frf02rQHxUVbn8+D/KA/7QGMPPZeqnAZ/XooQPdkEIAYukS65azKwg8Vf8sr3lu8K6zsqUmRYRqFQPhFy5j7GYvrnmWcMV00agNFGAdbbR8MXeFxQie94N1/q6JxGVNePdP5uB6iLD0pTT9JUe5ibSafXQzHSzfmI67LcdMN7I8AQNSlXtXCourWrkwAM0XTW6NoPPonxxjdJtk2h7xUM6tuLdRo0oDOOuSL4qBddxNtor+31EjE6jyXWtxAXjXETf39xFbpzgSx+/YmlzVkvp4nUEmfwrbDwxm6lWA4DGlDDfZUwC3oapQU+f2vgUa05NmUmNO+HQYsbSr994HZW1eXMGH0JXzkirii8hFY+lU1hTPKfDB0c86/291SKZ+Zt1xKTHXVeYy2Rrd5OL/eXL9xwmlMPRk7mJMiVQDNOH4KV4ZBNRPc4Vy54ne4XAGo/yzxv3c5IT4p+sJP/fNqNUjo3TnidEnDkAMlknMNb69A+R3qvSWVV0yTFzsB8Wx82xkQ2uwOa+f30v/hnp/zdSMp+KLcegkS2CMvStMnsyFACuOt/9ENvBmFmDbQVNVb+AMa7EtkjMoaXF01h+73vxIAESNcrzSr/Rm6edB1YAGggKcuYF8VIx4aYXZuMSgQIdgoeUiztgqNtkxyIh0LVIo3ev6D+33e5i6eWWtYd7E2Dm8R65W83hHxadJ+snuwT90cL8LazaM+lKbb+7vU/2yrRrR70E5s6xuLxajz6WjvlM3tqv9pPs6DQMSPU+FM6t5phmgaOFSTcUym8rvRd6PR1dNxBwWL7B0qVS026rvSbKCgx69U6jIooshd5tQ8uw9jsTaloHdQbCYuLoh0CC2QlUCgTZ8PajTd3p1l/TdT+I3Q14e6ZYQ/nxNUshAh+euUNOtybS1NAzd28mISBPsFD/qP8kqFRbMVP+LrVIKzbm9gm4rjk4UX8+oPO6VPo76SQzKC/UZQOs1hOUxUqJxMGOTqmhZ0BVJf65GKdyz1TCrO3Qe46RwRMxohT35sR8XPeJYaHYb9XTfxBcqaSoy/hthVzu/esD8gP4RaLrJko+HTJ7iS4JwIPEvOQFvrxlMiQrcLqp8PkUkHvu1SNPeKiPb3BN635IqHbHYdHdYgyrVMNSMFCSufnj6/7gKn6Q5xUMAL/KlTERJmSxSpk0C6dUbF8IaRK35fx2w91yel35zSYG5o3sJNu7OVIc4fbj5YqRTNYnIyqafouQv9cgb02UsIu1vL4INu2B7wD41IECIsRCwB5S9h6GeFfvF3A0HTWRrjazZ2ypFOo2SNBv1s+HZdIq92vKYLWnm3gPUR18BsSc9vN6BcyJjUh5vkZzcTTTMoweP1lbHf6Ll4Vm0H8gvtDZ2DM47kMrDCImDzy+5y7GSbd0aXTjpyISlSX1tIZczLCZQ25JqtPvpndHPDZfDQwnOtlSnPuiTpKAXUnhXpOz/vIEdzX7RabxcjTd6A2txQq1eg9TVJQNC9AEUBB10tC6d6NULfIimqJXBwua6yGrulbRG4oJZvb4YYX6FExjLmwcDjQ/lEawXz+5yy4WY3n+0XI9qPUnRzlaK7HwQ5vjA3evP6ALWJXz0PSPmtsmCb0/fOjTuCr7VkbgtwyTMr1begI/bX5xX+K54SnhIK+Noe8hwHr8mLKRXH+M+IPbqs3WlVLEKUSBMMAiqKjHpe8R4448AU1SuSxRRvKF1c5ZrZ50arrPdSGnqtTX3O2yT2GBlegK5taF5cUl0z+uDealhSmKIJBIV1LBbq4jz55qCf5FYy8LGlMgYU1nXmml3VNQ04nFK40IZYnHBSM8loXpwk5VtGgUmP9k5HtKvscDaUfqL6G9mc7T89/2vAiZmkP0IpQpLQ3dTKyOK6JIjmjYq0WqGCtQ3rSP9YWdi1l3whH83KQCekPLIjkWqaSEPBue3AxLPXGvOUw8+lLcNfHRR1KRi7QJ8/nMne9NvHgFxJWyBGRC1tzVO8J3CxKrwOr6CGCnKmcZQ7GeY96tNeFZjugxk2gEEsojApIq90I13xqs1rJQUTevaWfni9/A1yn4433uDzkjFB8jOQpDN45pwP7ujFlpF3J7vYKW9jpVCMeJQqExPmlJFkF2n4/Nkd9CcduwVTdDfPn0LYRb4Ygb4cadoCaqemsNZfuFklflk5MTACsdg/d0xA4xY4uO2P/5/kjYmIQtzozAY14GTB+Q/83uSQjYbM28gJM9ikUtRLkdbgrZRtnhHGh/IMXdADX99QpjNpHOsi6oQVbB3Iykej8OmKX7oWWK1e6pty2SRA3zKrisDv9T+GGMuoZxOR6v57Os6JoEnrQwYVQsfdf9265YoHTdO/gDkkT4tC883vo/dVbKfpUXtaVje2yb3E/kFqDhzZmKSmZrHqjOWcJV7ugpGE07GugEdJxe3CIXojVGbmmbKLkLlfkyMtMhCB5Va2MHyRfnlGzPPeOfGRPvxydxIlQrgEOb/v9qNGHGHiptqDTRG5a8HZQXWDXkeyYEV5eZ6KF/9Oz92QYNUx2yXJ/tSUdl/3sgBIsY9mcX1NxczCroz251SoVHSr6aAR/zbVVDT7l0UiC2rz+Kz+p1IhltD/DvI7wlma4Sqwl2tpYtTHEjhYGQEg/EYc7cFdJnFOrWU2T9/H/dH3SRo58eis6BfAf0jgWsj8dqMcW5zlY7L36HI9pv6SnAa1xnbvu3vFtjUpay2MWfLckWHvR6aggubinWOV0e7LWs9lVRRo89ob5/yDj4owUK/NI/nSEET58WlrWIcq0SeVudxb4HbD7HLsUNVG7gst94aE3v9sG7ZgX33br/HeN2o6/r6ubHOHJZsDAhcVEDi7LzgSTBctrhAPqk8vv5NoAtMJ37+Np8C14Z03tximFUfLYn9zBbq1Vl0lWYSPxMoYRp6ej582M3csm0MzArUlfUZIy0Y78tLfiLJVhxTaTWnKBPtW+bUhEETYlW8RCiAnJDI6b/QOFk7Whag5Ix5RKv2Z6xI/mkmZ4aPA2jaGq/OOi5/PmUl5n9YzrOjP3FJHqiXI/RUv79d/DQYKdwzHykTXqr/dufHTCXLVBZtf/pjij3o3t9SSjUVHR+2V8A3NbBSznAg+RmkC6agp3DNhiK3kYCV+LbiADt5wtvjcm4K+3mtrb82QQaUN81kV+K2eocQdGAW+mx1LXW1PvP1p2UwcUZR9bzGP4YQ9NGHeCKqqaoJ+tvYrjXTAzzlrZGcZqQI56SOgqP+fRqXnDCz1YKSJok9XsEFaWjAsRNZntOEwnrO3o9YqraguzjXUu/Q8T8lq0i9lBJ1EU3FJPu/lo6b3RBy9QLe1O1qLa9Zy66ctCgrxnzFFQVuPZfVAqgwZczl3lFaX+JU2qI27LAbQctkzMpDlRJnCnXFQ2dwZzFfbb5g5XB3/fhY4miudwKA8HmfIGAjaxBf7U52JGz5FqomNMQ4n2KKfMl1Xgob2/6ohQ4OXZ227Qz36Q5nkmkIyrAdVL8fKcTKs5DNZTHawadf3wA6DiY7eYF0hOq8eWcvUtp6F9w8kZWbuk/TSNRjg0ZSrxk21/l3UBglqpBJh9+S94ZqYKueg4fBdzZgy8IKflBl35Y1i9F4xyxPL4wzVMLOb8PcUPvWEJenv/VJMzq8UNCyCp7sJpk3A7uMzALHb+lhFoAuStID9qGdCfUdLH6I+Zwx0CfG46FC1pbD6asvwxX1gljlZvPqt7d8rGA+aq6Yq52Bu1ZFhZ7Mm1iykUypVi4DEhUXT0A+WxjdMx4yV/E22nVqGg09NB3Bv1nkfoXLExje7ettGNq9pN7wFPWG3SNyNSkUEQ00xpYDn4dzA6kpj2qk57NKmaL16RpNrrTFT3UW/yK+b8xkw2uoFnX+SfgWhJUWSrnp42P5FfQzxj7HaXu9qtIg4cFQb9E6YaBGj8TQo+etbZK0lvdIcw7VLfLYQ0BAzLMAif9NThzsgsiBG7lRDlAs+lqpRxXYL34Mf4thdEiYSMpZpl7gPowL/qCaHFbjx/e1XBjbfo1XYAa/yiscAv0ZiS8PwcQaLqxb34qT7wzx1pmYtB3vEQAOv0JQs3HfvFeAXsVI2sgR7CidNTvPQNwfqmPJrwMrQFBplQV61RuOkv+rEJZGFr+pUMbF/ZLczK7kgvz8n9cxCn859NprGgKxHYoJd63BB/nrvPKDGUkcy5LJv04dRUEV5/Hdza/iE2T06nhpMreQodo7VQjgYIrg4EoHmU6g2iK5ePoqutLs13kgLN+YzlhX0PtN1OmkmCsRRB6i/2g7LzfNK8jm9xkO6VrAnuZkDpIt3u9e3FLn08sLiTYslUUyUyIC5jCKQ8dAJ7ffxGRkQJfoH01SR3BRKlm47sakDwx9g80r3TOJBuRiakbvAQKHibbHdn4O9mHKLqx8wKQpIM0LZXQW2I8D78rJU8wksxzUh8DZWfeWn1+VQ152kzvGklSRX8RKnzeglLkYtes+bVUummaZgZAjhqKoVXpiZbOqGIhHmWrBKv87DJghE4uXoC8olqdF4ZHGuEkuLztWeDZESzOkTCv3OaIbgY3ITkDccwB7hCoALkDa+NJwtfDkvES+1mv3TH3V39/Yhs6HcgmoBtQxZUxjZYEJ7IFtqNuZWnG6RL29xNRHekwSQG6t7R5XlogSTBAKIw893bJMCHVte8xxBBw+rExKBN1wh3JQ+gHVLSLNqoPxNYn/u20iar8xej8zN/cCZ2SQkj8AZN1XzLgT4oYpzdALIAGnWuMvOzXt/Mkv2YYfY5AI6HmBtuEyG70T4qpUVgsw9Yjk/bM88KRc7ujeeL8m+6geD4xYAGK+FcrknA6atVm5pKISS+M/praEGb4IzhbO+vFUqc5ZH5Ru9E3rmQmiNcthsNnQWRQeMGbo+wkels4aoNT66iZ8C4gdwBWjOZjwXYQqwtXvXE2hnVAtpmWrBmpUFuhaIHjuZ22vnDHVrbICBFTds3E52NiNJR/cs9Ii5HZQUfPRZTLpxXnzpgJU8eWPGoLsqVdmCwJAI1TrzgJhVL5CGrx2nAygiJ2zxi1TyHeMOTGvzDIbdI8B08vy8emaJe4Zr/3XbGTAqS/3GD4bQ2GXAD7mDKKyUR2jjos8zuMfCyerpKt11atqIp0Lka7BWGmrQHwga2k8hsmkb9n/CHZRASnl3rQsQmwmm0WegqNBU2F2oLwn/P05ahL0y4/cz0FeGdEpt01dITJc6kQKHwwy2da1aiCMZndf2zAJjPkIx0yBbr1ZRD9B6hqqPYDDQKSQz3fjfRlg+MTVh8sTgUdquschs2nDgmAOMcuMSC0kQeNSiDoz/ux4Ma8LZ6QnDrBua1fvoR5K2eHNKZiHFt0lOSS+rmUgtVuSUZ2U66Z2/1WmNvcMP6Di39olFjbpVgpFoqE6mBen9uEan0AKRUyhaYO/eeQGr8MaFqIlXMFZPZjjLSr5OiPshlgj2XVawo6yje+4SiVpNtefDqezk4CIcjqsJs7LVsFzKUzQKC/BnW+1fI6y4ZVlNLMuEVR5xOF0WW1VOg5+qg6R5zGvHjMr0BKAYde5jmPVouStGnXcpvyj5VR1LvgHPudwm9yfeqYnTSu0Z84NP6LZ/xF2Do39H5xQ1NbrZwg+NYM7sYxuR8v9seua8Zd3/BeV2bKtoe72ysreQy1QjaN5R9Vdr2yc7//zSOTHAxzKIls0XaLymCLT1OnPfE4EG8BNQl+d/DjeZ3AEMsvkI4w9rDTUaHl2quBFHigDlvVBR6+VNGUt6ttQEfOG8THSlMnpRjj7j706UhsZ0W+fCIx/HK/ybDVMErTZ9QN5W7PaK7yOpNVZX2GJ46g+C/xTfBvELTMmoVm6PDSxCNSQB7fikUfHVU2TZ2sEm1+V7DdeB1kQq7LSawqKuf6xC1bTiAiu0ZNgyOLBTQ7hv+6muyO4A8Ueblab1wQlGvP56Wt+TyDNyGJRGEwIRVQiJUz1+onYHQep3oeivR8XrmpAkOjdFAadcxA72HgFOxVWm/d16kP1qFFNE0V/yE4vJGQCtRoG7JrdCe1XulYzehVGakQOVzNYzhIA+OlLJxT7yREgp7h4U4Jo1Pcj0zSBf/KDKWuspFJIZL5MGwMEuMHKkKJyuUecYbqF3NO8ejhGrgS+EABLzoMP4ysyEi0y72pmSvBhV8xrSFwPwPnAPMrBuQJUeBH11ufrqc8sGDrZeem0KStQvfDPRYaMzeH6VhPflDfGNbrgMY0rTXW0R2+zcW8/Ob7Wi9ZpNI+drGI+1KeKyolIeJW6Hj0YpE7B/9IKXXwCYSfroDYRLjpzUQmw9QIxipYswLjCKMEiuuPR5xemtVi2/0FDADAl3aofSu8pEDcp2iUIGKpguy+G2go3TM7vtHm6VY3P2Py4iqDRKQX19+WbzsSG7qaHo5Fb6a7PBeDMz4KTsFGl4prtrhOLu9Ah/MKaXcNuaqxb9y1mKtFl35icDBB0k81SWEL519s+Fyl1A1mtPiB7zKn7fTK8V3tTpQx0Zlzn9o36U8qt+t5fSWxzfQBEQ03IgV6wRLrX5FRf6QEjFYaEzLWQYygvhVlx0oir/Cp6vADCjxtdW+hwJSQrVIH9ZICzkC+q+Woq/tNJcnUlYMCLZumGBCUBHYe0IYHowhHjdkE9fuf7PApyTJIPYOvof7HXLhgfnPO0GAIZbEuwejvE+bNuzhI4bzPJifMcqycyrxo3ss0cmPZqAXx+kgj6SYPYN0yhH8leAAzDasSvmpqQPOjYENgOJeqSfUiRyYLcNp2r2ua20Aef/i9ty5VCfCS3IMJmnSD5bHt8U76BysaByZ4tPuOqZ171/fi6/7ZvHkou+97HV6K7Ag+toLQiyuBJC8AyC73h2c4Rye0wrzgr8IhqXZNSfl6vGlAU0qLlaCWQ/v+VTmuD7CL2yg1efPt0GLYJQwtWlxsRcF+chSwctRs+yrzramsXJcO8kYlgFs1Tun5GmFIEJFsq0hnR+vJqt98TiPbfXphdTw6TCdQkB999L5nRWY6vUpJVM/hR8PKSa0lqbmvp0uDWFf6uudmRoNI5QS4Qn2YjCFFHTHrbSv7xg5fQQlVivvakpYR7PXztr68HTZBgu7x1wm0688yCfTKXQPnUj8fJvK7qaC3L2rgAEOKDJh/4/gA19oaPhtsx3lm/U2ercRkfP9WwRmF47/M+ubLknuBcwwy8pNf8h4xl/9B2EyMq4nvmJyBrWcfoxm6KHJXafBCduH64OrFFjdIcIpAJKX1zezxCBcynCKKe3wVJ6/2YszV6KwE+V15c8psyTEokS2ugZAI/Vdw3fyVyMaO4/8BaRF6naUW1RfMI67aI67v4hZXzp7Kglz27T4X8sHpRmwQmMWsRTpHdB+N01/lpWBvDP1gMmQSEaUzTLDnkhIcA4Q++Hk+xEwyl/I0WAnUdRA3UrMcb1CVpie8whi6v3LWwtsgcpi/f98wqpxKRLfnbTqxJ5T/tm+EpokmB2J3nWlxTbpBl9cpEM83QU3qH/UHtv0x538HEbbZFoSUbRoKY12TwBd4w420xmDqzwsitlbP5QTt8up0pdnNmN2jenYzoBwVSrixggsvVjjC2mQjEU7wpnSVLwK/YPkfyPQ5nDapMN+46UUS7P1PRInpAAsOjAGXnnT2Zx9BJ1bn02uaDNmSSu5JThMtPvdNuL2GbR/Imj7ugml5GyyYxbqcy/s3JpDPejx6IjHE0XJfdLKY5ql2QSvHXPdRSBaKXOxvLM4QehQg8aC4ppDEmnNV9Z7wQaJCSDmA6JH0+oqswNPltlk//1PLVSSZ/tb+uqAv+9LShaZyUUkf4k1cdDsnD/dxOuieOBD4ucmvKd8+ETudwsa7IusJLzuvVXT+z3zD5lpGsFyzpQLPul8PSsy04ZX0yCRbmZ6rJ0l8vOWEBcCV21rLUJ+N7Zc5vPpeBe5QLSfA2Q2eGBTS60HAGoc4igpSwjkR8jEF94V3J1ctgqn9dPcHqrVplv3yOv4+hUjDJhh+8JDQMNeSQl9txoqmBKRvPMQqB9YOPczf1YaU0waUh/JMxdTrHugRjiu6iA7qZm7ZlkNbkhlLXG57QJDf5nFh32Ur5Qwxeh4nn6ZN3PJp2SLE+iAB6gCCQGeU09pBeDKLb07fCJnLU+ZX58CbbwzlS4a6DZKxkT5vorqYqjz9bl8wFBPV8oONFJbPn+xH/ggS4MduHRG85K0mbLK3PKHWjPdantgH7EzQEtQ28mQVwhBFcf0xfAxO1BI45AlvBPfrJYtMsJ8l+RPSCZIZFcjFx5B6zJDe067ubWCgwXFeRgY9a3q2Hm8XWZQWtSYBJm5871waINH2Gr8zk/uLMAjv70dddrhuyYt8kqHgUu8O35rg16AuG4KP0/LlFU6UHwGUqSPFMAkij482syFa0zfqSB6rZGEUiU08cFcRuDkpRAFp37P+yFcmaeyWb7swmjMEDmeIR9vrO7AH8bHAsoehdBVdnBzVZJPk2vqn5I8q5bq7uEtwTTPo2GvYSUlvaMvBYcET1FTYyIyWHDJnBMnAqAoCHuBUs5ccrqsKkTJ6BbBYrI96+OUxxPyDRiUicjBq5VqH430Mx8NYA2cTuRGmZ94mWQxCN7dcW+56JipXdKHuAIpc9Mg7ywcr1q/YpbU1+9drM3nyfo8FX5HbU5YveBobA5gHt12/aUOqZgSW6z6pzajBPnjnqlCUOi+VW2arYbvvvVCHrIZKMlvKk4j7+X2MjuWF175aDS0+6ptvkpz9gPP7pNIwrpxk9qqpJ7P4ZjqsYPwOEHT3WUdWcTEenfajqdWjrikW0LuoI9K8/aVW3nZnNTV2mqjK7+xzclVSNtHt4g8KnUlNB47S89BN7cj1VDJGw3v/Fq51pj/5uzyXb42fbwwn7vrYL8692bwNAngqRp3BwOLkiYkcV/9zlHWNalVW6CWbsgB/LnjJ/u4OizrxdycBh+iG2rKNMsFtFVAfPsu7rdvBsM7fWrau7w56ID5Iy/Nc4b9OXxebbDrPeJL4GZNjG5GR+8i55sCeQWrnJsgYmnW3GMWTpyWAggeZiM7ja0qcKDftJKQsO7k8BmkuH8g1c053CYyzG8Q1qp0ksBA4ESArVvLRXwLdTWbvc50dZJMfjOdU8indmhwLuPJtOb4KqkBvWh+BPHYBg9SC+jG1wBZEXbwGxEjRqwGUPve6Yqx1M3VXbzOy/9XkfVHeXErV3YqZ3ODuXBGb7FU1AL0mOdO5zALfzV5TDiLLiPLJDECypNw4h+HQyK5IVTiiqFWebo+SfvBVFBsjIzSAgoxt0c2kt/jj3m8tD9XO0JbtT7zfqOfzfz1x+o/on1EVizbvVVGkc9h1zdrk5Qo/yyqQZ8TKa+5dY4H5bH3/waUP5WN3u094kuXZpwH9qvxhWkeav7D5Fvnlwn5cUgfxWUIbAhZLajTdnGaJ2FwctwYtkCgb2EygOAE6iV/2LJ/PjQd6NR7ETGoLWkBlDUJVNsyrZ6fGseWNui3mzDWl7//HgagOYkSaB/n7XZdO685V+U1Tom99xdxBIju7JleLM6mxsqBxI7opuFNay2wJ3Nnl1zLcruact2ce/TfOtkL0E++BjoFz2fr3iNvU7jd+qPTwgGhUE+f8E13tpYc1mt7pEyfmf4rv65K6EkJCRQbHKEEwlek7ioTB+mAO9DqgSFC51CLVK/rN1dbJkolqDr8Iw+nD+RE6GIi92Pmg3G0dvnph2h8RkQI0xZxxr/FFUfmT1pVQmfunY1iBFok8qx9sWLHi3IjcQyy250A7F2gYVbHsOlBuauVnyVyT46sXvac5/VVom0W5Jnno/Dctp4PVJjJSFJR1k8Ore5rlJ/n4e0cRRVCTqdL1UeibjHHNsWx79ySHAEgyZS5nESLdyiEo/rDtNvhYkMjwhDG9zdJhaw8JKbZBe0EhcSulawW7GPI5+AzOW2pCeX2IxoQHYoUg9o+BG92x/12vPDssYXY7tlTITzrVtmsuQ4wQoks7twnfMzOxTWZi2umMH8zR1+QBWYOWI1YW8OEAHcVcpbp+zT0G9DIcMVSHiB8QIWt279Kfe0D8/xVHxcw40lvDBGDku7V7+/ZL/5AB6h12Peox5aSvyz+HGtuJSXp2y0wFSN3Oefdt+mHDYt28OZ2AAUI0uYXdlKHVLDff5Rqm8KwQs7Lt++44GxKCo4RGbr2azdyXIdoxYbA4Aa/MZ7I7Vakn9/TZz7UAAMaZw0Ntx9IQUZuJErItFpFFDT6H8ujw4Y8ltMgTZ2CnVls+5dReUPnG+7FXy9H3SUCrCZoX334Q3x42yVFNUP6n5y7xi/NmSSVZ4EG2DOrqdYjfLIlBl/S7TDr2O4Dq+KArUXM9H7BIO3tQqv2dxg1iApMTzf4ZXeyTQKOQIYvqZJ0K3CgmzAy7Z5RCXC3ocbdvxVUrsEjKwBhfU4CkhgQrBp8F50ZH13tgro+OG1DRI6E1gSqnBq3xH4oLsArRponWAWPoHwhBHho5lwuWWH8uV1QE+dU1wvFETGJ2Qx0Avs9jhOAnLHCLrFGqksdi85OamrzWLHOa/nX/ZQ2oJxmccet58yFZkRshkZuZvfFua1P1N4duyfXyUMGO/H/q5oTM8Yp/DqVEEnMyrvaTMsXEARiETG6djiYP5KbVhl6vuoQshbEL1x23wJ1jWs1c5zyeP2O9AKVGamn9m/sbouLPBnpj/sxVu3MpLKvem/i2E1wtU7eNX2mCV/ra4/pzstTVJ601zyp66iKYBWNpnI17rO8tUX1EmhFeJP/0bE1S15kGEBXAcTbuZeUbrQHI5vYxv59VjsBVGdlrkRzxs80PgmhfLvTvw1WUz8TjnqT/2e9vCCYH2M4NrsJokoxQYmOVeAqydKxBUkuOJ93RpreNN2HbNU8ONfv8bQr3lyqiY3X+UpndFSjEi4NK/18cHYl4c51FXNwXkdmz1AcFfoYkB6Czz8ew4Cr64FOZ954ngESYZoGpLhDlM59SFD2DkvALZt6Pvv7ip4SGfHO3Fpjqa9OMLR7TtSUwUaW+gJ3qURyzwovs1qDYHUBZcfaxA+xW1Eu8Z5LJGDi65evItXPMLrEz8NeVvb0t+8AXlLPqrCBiYSmJp1if04KPSA2ECHMRYxNVWngYiwx2tIe71FogB82R8+N0ce3c3Ls6L3ceOKIyTaln9UqY9iafU9ySBBlsgL74DYJlmeu64uQTlb+9/LbuznQ4n66W74Eie4DL3Fp8kqGdSKPcSsUvSvTiY6lfv9ncSgaEXl9/xP0pUT1+iv7JP16PTHb94QEY9OuuSdf6LAG2YsfK38zVkzarSzrAiA7bO0bt2nDfpMubIGBzh6Ofb+aDyF5YcDAuNCrd/VF1X0R0JGOHRklEAAsnPqeCGZPl2QFNGlweKTlkLfapa4RU8lO76bsxbfxvnup4wJYaQ7kZz/rkrJX3RvE65tIY884fafAXldpERjcoJs6OuhuL4AWiD7/H5eCMLFDkz03rWOKpFVVKoZlSdcC4jk1b2l5LDqSq1sosSjC6Sk96ddxxY0y0Rj0a+7A7l+ILbjo0VAt4f51xbtlGe+7uV0Mhrm59WnAPh/vGUHqnHoCxHg5OmU+hL1yJ5FKf8+7D0fMuAe2dWuzK6EgE3fMO3VE3UO3vV1a9Np+vcwPLOhQxcFVKPNPXRF1sjB8Og9o6cvhDmX+xe2y5hFb9BV2YFQtDoEmBmuXRq5Tz7AcsHCgKFQdeZO85PBs7K0EguTHnkcpgawttx/1XI6/4qUOBIQXsRxD8YhkDrFd5iG++4vMqutvIQ+28nV5kZNz69I5rerCPWaxGLKP3s1Dk8CzkK4ARSmM/WxJSiwlXjjlCquLrgI2WmFdklr0pj2beUzaYSkPRtoUK1b/DN/lt0NqEtGPnH+tswr13lfbPZAYwhCOFmbUFpDg9ezrMDEeyxaqgcft6BTXW5vmesk2juWwpaaWbAanz6U/xG0XQBmaYIa7V584c4tgRobiACAa6CMxlVvjaNwxhvCtraL72R6yThV4bWtrlHaI86v56WWFF0GwIzU+I7bnUtTwPfKQ6csp7iwaEbov4Gd/jRrknhGFdPOshGHNaZjp9ReM9ZPkDAxqoGH+cJbJnGSW4DWSKkFMLGpm2WyBnTN041npCIMvI17d94GmHlcJ/cVxpexFgZdZSOGNu8OhhLViyfVQjQRJ9pa5U3bmYsmxY9u52QL3ADbH+pOcf6lPGr7G+yR3DnacVmd6CNtbSTKaYh6FFUY+K/VoCsH7bnhRHurAKyYNctesjqv4vDEvd955qTIktMCDfDdMDz40fASvMsMWyJY0x1mERmjOmC1XEYfcT9ZJGdUSGbftwinoDZ7pPioA0fKHF49vgCc9rrgnlqDzWa/BDTkiK13FJE51mfMUU4lwNOB+TAxE94zgs15KL9O0H67EE8MPlv148J9CZRJwb2C3YuPAHg8KKQcQYq0WNZ3d64I0Mq/v+0Rgls30b4pTjAW8PcUrsGI3yTBmIgJJbOjonIpUrWAf6hGO+Bj3OnBEHZAnHyo0hxQUhpV9RJcfEcvs+pZRRlXgWmu695fpESQOYr5H78+i2fbi+lqdRq9B4s7oHzoinEwQRnrx6oX1KVKNFMJWQ7Ug8aF4ONj2RPk/3f+M//Uk3wdCbl3mkhdzxtvS7PchldUYJ6GFhoKFeQEe3Wg3Z9MytyJQ45gll5evL7X4CRQSj/gFQP00uMLHGqe7+CJ727TPqWQl2WxkyeSCscW6ymB153V+NlAuWw+Zjx7rqziFEeaqhyvpb4aG1AImQoYBbkLkGDg3JUEPnw1XPFXQFYsUaNRD/oBHmh1fxFT6vWs0tF3ZJ1Lhb7Z4i2/1WQYAsP2TapJM5v7+aGmB8ypsqLscFNrasGxOCBYO7gjZqa+vqf9iCa6+aYUVlV/0nxN7e+XXfX01TNJ7RxEwTs7iCsP123jw7LLPJ3KS+KCHTZDhxmm9l8O0qLbE1uNXjjJ0mdrxRXK9+eYudV1TqzNEvQ2wfysS5op7iPK6EOWDC8fbND4XwxpdumkBKnSCVcXMWMI3Ss5PoFezw7WG0iDRVojtdrXVka5n9jIJY0RAXCQ2jYPdI8DrSVFEty9OFCgiPC7fCjb3SAhutTZSFKusshu30Ck4pU8IjqGlepgK4nHRL2nr8QxAujQ4VtIx4KfYS5/kS9KslGgPpxgzFlG6QWnVN9qg10BipRSh8ePCevWMUjTvpZoTse+73x4uy0W+MZAJXZ0+N3TlYgtT2L/ZgCQfysk4q6eLZBdzdUFi7ZOhAxGw6lpIs1QzPQ0QNPK0W9c1vKNbSQ62IaXWFWYmLVikNjaFGZrAy0qwK2Izhn4Vn6w7nnnkDD6Gq3PMOZVuuu0xqq+px1ZFkr3+1najy3hsP97pyEU7xfQ8/PHyfY60ysRh2xJlymhgOvTwYUP8esUn5PcFIWG+Hf5w0crXnp3eCdqggZhRJQKTUbparmTAV4IZFgJnLtTmg+UTnlPi34Ge8v9SW5P903QqIiMYh0voj/w/xg3e0yrtytCEMA5c+D4rBByQR/XNSaU+S/hi+BY/tZ6D/oI/oQvJrmP6nA8E0Oie1vUZnMhjRqX2ghDoIPv7HnnY0zbzFxcTjzeV2b3WAC6G2b6vSBK7gMa2TMcInKargDnew3Rqy86y0G4p2DjMabn2EoncNy4a/ulFkfNlhg5FBHile/t/Y4MW+0a5Naqk5TVse9mUMwPPSnob1PfA3EYEcqNqp/BkOqEI6vQj7ozaRE1vpRt4gly6aYexXqvontRLEI+rHqq8fXfkvCLgV3bA+XROm43zcrqFUi3GBVhtXXxURck5xVzIqSDK+20CcB3MPq37JcPUePleZnEJUfPhxZ5nE/AHdFUoH2JnnLsbr8TQSJ/NmoJNNMeAEADe49NXKlURpeo20AO71pd4aqdr/WM4ZmICHH+NfUtaH3vGsdvEYZOYmtDzLbqhn3DJGuGsZhk1nGwYIdmZU45/Xt1VVxqbrVSFAyZjP68k5tslWxvZtMz2uzf9ansuFlCPoECNHNoMrFzgvaxfISpuzK2HggqsfLBduZZ7xSH2JIZKGpVfa8yxJlunROUG1OFqA2ZdUg5RHGx5ApQzGxP2l7TMfj6lXnn4M3Xy9JnSROVKDrcKewom1VL/PCP7mjmiNOo3l+KUq6JM2oNz3NIe2+Ngv8WK+eQmLr57t+BUN47zaA0PqlWIk3opTxDcaLtuZdxdxcP7CYTgz7ughs1dMcMMWocXktdO36QrIGZ1Q323hCiOpAwAAZeDBR6lQSWQ5QyZKu543kf00BhLHE8lTtiVF0lfycs4EIdnYH0GV1j1hCtw5MyDlSu6NAnMqSfH93ehG9EGJAaHqKJJKkkV1wP8Ah8NJeg0ScYVfBhKDsDc04sJOYfWzHw4P6gg5ebWBkO2/ApdsmkOr8OuefEoDcYCPhTx28/W3Fj9lphYScn1q0iwe751J21+eo9iCx4uXUPCGWH9QKHTSIZnXcj0xcckbfrsOzASDMuvKC5Mc5w77W7/hnQoskQv5TAOP5t9/+XLHLVfZlNOwAtiiBR1Tl7WKrqqh6b6GU+oJrs+JlK5+rNgSA/aJ38652zSQbX+eFVm/TxRT0YaaMkeZ84AdcAuP12cknD+p5lBBM0yNnY9oIETR69lVQwu++77VrvxiZXq4DnihaI2UhhO0VUn1nqbSh2ax5IDCPnPTzf5EUPUhFfcpHiRg+O7CrlifpdvdeyT2H84eIG6v4BAV3Hs/gWTK0Mxo30QKF4bwRkuSW9OQy8y1oRns2RFBe2dC2Gvtn9q2YxXpNvGzBCAWVq0fmjqJM6YwkmRKvwEBe62Fvdz22/+Uy4trH8aCRwN1/+v09X//M1THnEcz9HY+cuHdTsB76kV3AcUhEHXwgTn6IunWDyZISz77p2wleI/e3MhHzs41tQKC8LKVjIBzPis3DT2XD76gyBkKpMaGXd2HZvJH62t5fNvOskrHBef+aAWzG9IQlkyR+XPmFEmu+7Fnf7pI3GTF4xFaIepfp22zE5/jjE7ioG1YqbO4rE3WkMMAkYrpnfgjBctWkaEv6wMJ11SddF1h9h9VXIKveG/j044vM6/akOpLscOwP8SVpBAtQFRegkyEcAJe3oz/qYcmtAY1EX3ilJf3kTIQMi6WqAGB4JATcPX1+rB89s2Kde893bP7ZEBLMUu/xHbhvdySCKbJwON8KPCyW8pjWO+d2yC9gTVSMKu1wkX6b/QStNNC7McOW6CoxTWCFoueyuOZIW6/nmlClcmPHbhDEmzU0ssThtgZ+RoldKsWyRytZGgseO0HZsrBjL0iH7VL6b43yOfh4+Mc19qP26GJYUOMHYWNc6w9Xu3CvNBNJvgzsu0G487rveyeprOdjjOIxGCGI996OwJ0LN7nTDMMof7gh2/PHzQs3wRmd4uEos+Qjulsj428nyqugVyc/83jV3/mE9E9/gWU0tIu4lXqBwh9ksrl/WAeWNesgeO4iCnZQbNXpqS9TwwQkPjHfFRC8KRx1+o/yHyKuEfU87cNDq6Qf1PjmGq0oKFYrmiSbXQqFvzs4e8okeX0sOwIzVDuyOuQwFhKWRA46Zu65cNMhtuY6nFNhj/yq+hj6fXzdxXPLqG4xldUfJo55RieoPs5w9FwxYRPKs8A790IMifNm96ZcNm2AXLuKoTJDQDZjYhZnZZvWKU8zWekc0UWtc3tZkwhFOLg3/f1J44us9wnAG2lQshjsQYHZ+jxP0WtW0rfKdAghuU85aZWMp0LFTPjn/xWBPEY9B/RQzHSs/UNsWOW6NsbLnhRdMHo0R/POuAPdXdDtI2r6VRFBcj6aS5YJ97OFS9Y3K9HXAwZvkV9oUC5464Mgc02szS79ZhkHWLvE9bb7mFEZqMzQfoAIOeqrdP3tYRpqUtR+3/umOoJIxMGoCdeetlzDRdCmKdE5KGgNJe1NQL8YFROtHkUcgu0DLaY+qbbD/j4XaMUFTRTsb9XUBwco012PPUPVUB45jDI4GMMDbDWo/gfeRELhiIEK6WtQnOwE57OVzFg7sQe9fm1pBYMzAymPK1noos8Bg4+Foe280TGQKuU4EqqUImgn/CMpBZyXZv+pO8GYiYaU+6KiNw0XPkZjCZIayOq78TqQU97I/9U7yy9oc582AHawPxUP6ot/HtQVNuLq5cCiU9bzYZXwX9xPgJJjchJ3B3MBnENmHGJcycUQszLVjMvLwji3uEnnIAIze2SWsp3eozF3WeoQ349aQEWw2AKwCn/IagU3ervEcHoubfBj3X3J2syYolC7/CO10pG0mmbACZdXv/jNEdalfxIkeCvdfm2JbQsOHOYSZaPtKFtRLejfPJn2QhIzEjL1Bwmw+tRykqzTDEN82HooDk9TL9jxhUYg/2p+PPR1FeZlmLceUJmX6O068kqRLjEmobLZQGDmGRcrnjO+URQY0BQWMqVLZbJE9+NQQ0bPwKDNe2lVm7MgPmFrxRqj3WE7J4c/pVpmKAv4pD14ZWNsfXpZ3WQj7w3ui4IsUtJ0U4RIfmFU+peWxtt4sPxawo5A5LFiS56kXISm44qQoKzihazEznSEwMUGuxFXeQEt97m61P2O8rAnh0RNHa6ACbUi+ksHW87TesKKsA1Mk2lR3JpVLxW850ea112t1Roaa3SbsnQTmlgBbww4r/Sd35WN4PogFhO7Qa+m8n7R//cl0UGGII2829/Wy89qsvbnOGKC+jSHRAf3Z6aXtTxkis/G3zHAiSyxIVF5dPAcHFVDWN3Z1GJKl45iLlLdVgY6S5ZRdGkyoBcc8wIb4EbjsyzlsQvkpIsGy7LwWE9ehCE8u86ANXo7QvthtLtujEueWFiEchOT6DufygoJoYysM2XwY7YdAUy5Qu9d7+fU0csTFSC1ILMXjjzy5PZ8izIoyCm1MP5Cbzh6vdwhrsTM9oG/nBx1vm7uck1N8FghSvG83ng3TkFmjV0gqmWAWntz6X6JLLkhi2F7riOY9pOUkGWXAQ9V+6VFlLX96sRvxjT46VUuPjQGPSPVe3nxf+9DTUoFPXEUEa2MxlYgvhS+AguiVyw6vSUDnki+zCxAcuvgM/T671BnyY/J1JZKalpY5xywBQzuMvO3aEERHWScScKUsNFuYk9rilcOB1zoXhqk7mevb7uk1Z9xEBXhtg8bH7B1B1+rls64oikeMNVtUvArOEnhYaTnvwVkxe6jZ/Jj3zouGqaefMVHXe6pOEyIC1p4ma1iMA+QmJYFFsSlmGBJSL9B11mUHXI6KtVTUNNT5A+ErpCNtN6NOU8YtvlGmxrE3FXqOejQWbjT5T8mXAMZdEhyNGl5zmYVLPBQ/gDcA2dKEfOs9oV/KtTaYahm5w/8iHwwOPb7D49eEh3+4BXSMGmHXoPrkmPkw0GyO5Qfy3EryG7BG+eQHGtwEb+cr3uvlt/laku+jJNbz7dN4mfyRjNQBsxUfYcOqPYC/XgBUm9isyl6sW/ZKOhhwHwkMUH4UZP6P2NyKcWXiZqlPZFvuG0n3++2O6ogg2BGqhOBJkqtQBCOL7mDQjWblVVa/vYu4PzTDwS200wjo5WTGGTOZOKRk2Jv6AiOrRs0GfuobghatoADv/LtOaOc81ZRwwiYxF5/obBCPo/oegDyBdEKJSSFSydmZlY29gPHI6Eitur9i/jCKE4c9NG1WO3G2uUCSKdX+C+oXT8lq9KQNyYGPv3ExjxW8e4Rfb9bsBjB5/Ctoc0FhA4OD88KcWNKDeQuk6YtB2Z7ZFqO08PzMGJcBcq3IdFJGT9YMp7Ro8rWiNXJIVT1cLxA3ZPQLFZfvq5OqbjvBSnBMAsHvFPs+Yg1rIf6Dl5VYgfSV35a7FVUbd6FrXIssMSka0vjgMPLUr5bkqXm5vCqDbf3h6Ce/c0dX+lrfWVicpgXuQDf/mjNV8a+Xz9ESSNl0uaEO24NS/ej1it3zCEoV7zutPIp9RE3Njks0G9DxKAqGOLpjX/Ym8v7EYBrL/745KQpHaRcQ1+DXbHYojHpNx9kY7o330sVleIzu7g0e1gMSb10zNy7BKqlAodPdoDLKamJK3OyZHW3JfG7P6fFOGcnDQgHprIpTDRccCwsFoQMDMWrsOzNqUBzA2pXBjMQO5QFgA6hztQ9N+c9P7V/E4LChkPZQouCN6fh2EI+gGEk3jatSMMJPzy2HA5KKlbJ0RJUc+wt33Hnd97RtVmF8LBZMyov3couoWD0CAmKTlkEL8xOwt2ERqaUvaWDcmTIYXkhIsLW8+OLZy+L7Z5opAduEgjItbc+8K8K0Nle4++kwCFQLybRRvkg1G3D8uuWkiQR81Fn98/rpC65JEuLKVHvCggTov2ZX2fGnliLt1kNy/SR31GA2wQHCzCXDLaka/CW40Y7zFaaX2Fi8eg8FjATXT90uBvAQKcURgBPRlW4D6TbdGndXfgZM6XUgJqiVFBP6TaS2bVsMlzSw/EORiR8RFiuTGKMgicAmL1MMvR/6uKGuxgYIDHW3arcLzUVAUOAbia7GznFoRCY8PWTWsmwupQayNk8fdHstKdP1iHvQGVw3yfcriRnZuH6jC4SFEsBS4g6OqLQf1n5Fm7046Q9lkVh4L+yYNANvd6CRx3YGu334pd/Xx4US8HIIBCbPgNPo4lU7Vb3I3WSxsfq5gBq/HEtX/4bRqFP8GGBX7IpWSNxTMtOJchR+uqk6VPPKPAi/BWjO1BTiJjRV4+AI++kQkFJWLnBSa9SUL6EovVho9HIlzvIgrofKspNYWgjqhfres574M+l0W2skiY04e3RnqsYJp0XKAiBLUy3j5o+0IOl0X4KLhaTXf4yHR1DMJSBFa5pe3eqf4k8XpkbYD4hatnjd8Au8JEc1rYyzrxmRLmrueeVlBxfVPAneMsEMyu7UZOVKMliwnIA2tpzD+JdHtzT96sV5xlq2RlOjaCToQjsi5E8yhX1hsd1bIY3qnohB9ZH/JiKYF6LWkFyqpZIVWKvnFUpWHl6s9f0sgE9hOaqnsRM6bToz3eTwhdneBJKLIpQDIiPHaLTQ57NY8kKyb3bEyqaoCxwBdXTbJak/De5BSRW+TXT89oZ0uopckbnmLlC9+Me7xHtBPrWXXuB8hNUVaMEr3zehFft3weD1oSYm6yGcqZyY/HVAyfHUnet1gk0WWt4qcnRdve/5Hi4Mpn+Hb02sNNysNlgHAwz3Vdu/ffrxXqpbLVGVUf343Ml33OfeZmPpjpKCYlNgrvBKiO3W85dq4TFFpkwIdy+N7fxxuSvI6c7a9eAuwUrrPlZ7EXYgtfOAx/PqnE4fVtEYw39Rvtaj92Yflc7QCwv3Pj5sx9OWeqx3k8I/aqMKG/9u0dBwiz9ucGhFr2NsbE26s9dMAXBXlGEJCWGTxhCKs0Ne4B/zsL/46/YAN9Xe9RZalpSMst19WBaNJnISHcVqCkQBWx7JaRB+DVliRxkTbfb8WYkuPKlSvWglcJ6mT5MjeFO/TdqqZSVvhXL2lcDm6n2qSWZI5X2br/EfPkznqz+WCZTbKjQj+Cn3CvnP15y6ztiNrUYR4uhOI9yOR/R4t2QafkRNBvVW1rSm0Ci1oQb2pIf4gvvcGLWIM5A48tGS7tpTUsBa6x6z68p02YsBrMX9g8grRyAU4zdOVtaRHVp/aFJYC2eHPWtrjcP2g62l8V91Cw/0/L8UcKu4YeTGfg0HcDhsftahotqLq406AYU+ORzV5MmQ1uWlKGVMJcEET6SGa6I81F6Ww/oKTGxNWX90GQpEImorMUk+qBD27NYlUls7p0bTboQ4hg/jk7eb7sr+LH4ltBtpH2Q1xiIPZDbP0pQUjLzjfDyXPdxClYc/wqIK35ZP8duG2ilKy58t0XqsJdbHNg07jwkEGSaBS/Ci5ahP2NcnDN0EcGjTqYS03rTJCL6d5hNOKKGzG8BEPcC4nDw93BlA6RBwsylm44/sHygJv1SrarUj+azP8k57FVmcr5kuVnt585T0UlaOlqoEQdhQ5VZklqf9UhLwH8foJ+DwkDQL6vNeiuRxpDYERE2is2WsvIu3Xj4CUHahRAvpDwMc45nqk/NzL3GhZ5xCcv9cUvz6s9t9aXmCOT64AAfFLJ2Xcr92jJiQ+GpEjOjul6Z7dsaX3OkRZrmOjpbm1yhE/uXsfo7T4ryZsFRET26I2sTPCHuVNsDJwOVmv79cKsU41mNm3QpED/GTVecBt0/yaMWEukLJ04sRuwsZYzFc9NZ9l50vvd2Y7jvsGTGl78D54F3UEDijmOBgFWJCf8agvlx06Ftp+eihagnRNaOfD1nbNcijX3IJ26ndJqPGnicZfsw5itbWHtmc4vQFZ191LcURstnp6/ZeXnRNel9uttuekFhy539molFKhkI56LGtvr/qUO/ZhRWFBd1LcEqJETXRnSzllj1imlsJi+7JHHUa40vD+b8HxnXdo+RON1y4ICXGSLSevstinZgg9KyWCmmHOq2L6EO9yCWX81Xa2gpQf1d/bRrLRo5vBmT9IDzhDqEzyFIxP8If1fdLyTETsK1Jvk4NJm91UzG9Tk9+Od3FshseeWfSJ3Q+id8ca7eIVkqmujwzVoDcTDe2p2z9Cp56YrZT1gYDH5qh0k47kNp8Rvb9GDeygzK7VrnAWMGcBLR6OD4c5dBSx3U8o5k8Xidr8FqApJA45EpdnqiNXaEBfLHlp3jBgx6Xc8fZdV5lVuZcK0fe8YRRuTK57vWiOgmvVclpDZnsFuRzL+pKKqWoGY7/rlDCFebBu+NlFJgYvcXfoKjR5eJmHyq0lrj5oHVdDgcV8B+PFTY2hDgLNKDnKsd5As3S4w1mTC/12hfgr1tAHrXLCHPkMV0vfROdcae2hJVokOBN+ShEC4eGkNFEeAnXx6OWgtnXyg0h9WgP12BRkGwjxHYE1/gnALTuNMT5xk8aSeg2xMpyME8bOFrwGG9t701G5d8MvXiVUmtulF1eWmK1bcVjZ2guFy8WPh5onSLYjaPhKH4BfZU8sv2Ub5574IYpc2c5wmVcVf2AfL2/atOutecGjlDNNf+Xfvr9PHZtlQSpEgtcthNdgBpIZpuiTZHOinbSfo7K3c26m1Wq9BQjUEZjyrngocQ3G5UpztH4CDQ7Zp++Zx1GeWCPdD7qwQGwFK7cLWCJho+qbY40Bs5JZQWxD6cT/X6p4E4tBeu0M9LZIeOWW2n+kdv8WyDHfoOY2jdiYdBmCqIf/Vw7ZBGgZEAMROVwUH1Gd/awaRgrrTmxLIKFTnPKLLJRyCaFt1LOwl5KpJa6kZCf6artVYslWBR8TOdDTVhiSbmo7/orYk+mvkrsQ363z/4ggxhdZ3yDren6OVLnCIsjMhncRVY0wjkQPpYGPusccKNGMOzflo01FU3d4DShPKyMS6b2gSGpRrxlH9opb5y7qtiHk1Myry1Ew4xohsfpkWjRgPFoC879Ea58KOTZeijn5GA6c/ID3TKjFHNVG5S/qyWAL7KWnLn0cbgW+4DMzeyzTU3ZlvrWESMky47MTL4vuT1xnwCLueMnZP03mopIyDyV7EEUjaO/9o0Y+fzr70RhRWZXwfiCBm81/NuisBLS5XdpEVMSYfsV0ye1LLRe3hrrfICLp9ORs10CRJy0rKcO2FcXupiXFGHYaHiW8gRNeue+NxKgVc11J7Eby3bbft2u7PQ67Y9t4aObkD+oLFg8mYaRk031v32cbW6WVVqbzhYtfGx+9rosee8dAGM4OZb4A5mfE1l91hWQVcxH6kREjGPcqcuIVfVPSR3S2g1lkj6jV6Qygr/s57Xhw1zlaFEfUR/MJHEHbcIhUsHqi8pWpZAxdubagiOHVcv4EDl0Sbtxv2WCVduAhUzrmKhJhyW3vqY4nxy8qOKS+jERtiW4LHfbGqOVmK01ja5QncAV1K4JKs0fH/WI2/tpqqfnQuiyA60Vn/DO7lvZ0/QnUw/8f6mwxjb7UEfLdPSgTwSDy61Le6uJGBthe+KawpUt1/a1HMOVemlYwkuyEF8ua96kGIezhhWYsxLVHE5DIy3sOe8At3o1g4cZXbSU7nSizY48Pdq/N2vrDNAZS1+KrNhaP13LABSfUuIyv9ndLeTOCX2YLweCg/qzBmhfydYx2KIgnTqmrppPh1wpPWWg322B+E6JZbOv2kqiJB159An4ua14+z1+8wd6vrR3LNyw1xc2EYp5c1bbjLyzbLWrVXmZP+nBeoFhmObRwFak6Jzups1FeJdWOGbR63J3EEde6kOZHuw3yK4od4a4eYGRKuQqNA6Iwq0S6hAayuKtcT6MyUGyRPl8M2sr6piwySdjKIOPOTJVK/FDTs61R2hDzAjjn8XRIjB/d4tUVQznQmhHiZQ8MQu8YHE2Kv4Bm2ese3cnhrN72/6nmjN7Pvtcqo/h4a1wQSLmun/uuioefFDtCAanTM4UtKofUzaIIQiHH1aGrWuJk1dmvLbGt3nAnKRmfAPkx6Bwtvt8SacYdbBaPWjbbIYrIpKjp5goGnzKU+3/nAFUfNtqYy05hk3iiYYLzjbAx1ugQFHM67v1rWd/8zW3fGigLl4dSjTD2rEKgF7TbvUJHRVrPtVOSzsnOp3f8q/hZSEB9/c0lYSHRoT3brxtVheX6fqzymxe6q6dgBUlxRv8s8T7OAyBE6m/dSlOEIy/d5M2RS7rwCKX2qsYOTfr71Plk3qhdQEV0rw1bAUiodOhj2Bgxw5sATHkjkMygM73dqNVcf2wlCiuW8U7gZmaLjtXE2cgWau33IciSdC1ft34d0OqbqmE/Yu9PkIz94gFLQfC7SiTLpVePG6yHVdXG+LW/8j/743pinEfyacSr1EVkoSCFIIWU0dahsdJO3iGWYP2mCXYlZSd/EfYDasNFHOZgiR7frR7t4wAOH8NGiwy1wNGvpwAZvRWeZMDvnIX60KW5h54A2Z+svJKsOgKCY59FficRAyxDyyJY/K+YpLbn4qfTEM/CCr8XZBoaaoT5dLFTCsMSOBOFPAYB4Ggtwgu06qXSJry+X+PsqUF2n7hoEqnzB9ZHdV/nCSV5YiA0e64wp4rmx9riCQtpiFHkrt7REAu9GwRg9U1ltLvFZIPrljDYA6x0xOQ9fSk+AqI4b5PZakEcL9D2ELjLE/IVFnXx6U6ih11voKMJVwSbzsi/d1MAr0HRJ9VN8k30IgcQ+RS3VCq8GoJoTURNXJ+iiRyXaGVrcJ1xZYgRq30C1fT+Kci5o14X2L3SoTa7P4wRWOKBPB4iZCkweB/2MBAkZgH+OOXPYcGFCDJkSh/9O9vUBmhRRLm8UC4McIXVr6HtLRKvouNFxnshdsAm/bMRlyL7GlLsxocRk2J71F51oO/H1NqIQ/NvUR9RAfH1WUnGTmO1izHW8YcbQDVnLMzM2gkgb6GXN+bOT10g4rlz3ImkSW/3EPAyWbufBNJdtfRThKResRkt39JQHDmuNr+q+VL67fN/RpUSzbPXvdLtLUFvc+cNfBoaILeSxxJhqLh9bKX08nYPRSsqsibF1gyLLVPPBCNtU9h3zrp1qXmT6//RGbGoZjDgDdrTrebIJHFId8MKosHHXL7NS6z1mDmoVOxMW+UMmCqAaMMesO7j7gE8EMpiZmOvweWaK9+QSzg+6pnkpDmtagnLO68bP64JAgq0aq/FIPk1tzDlTmnronep+jWk/V9tLG/wfmd0oidzgfs+NjsC2PpGey5AMGHO0ctQfXSHOQ2v+O1vFu7T2bVFSOT0jie680G2+AXHm8DEuYUMg9W2Oq9/jrdLttUFISLufrPR7tx68AMJPXqFpwy83sSvZ5t2xJhfZMEIdXC4cjhSxDt3sPtvhEyPzYhRJmZKiASBxIJVafgqXXidfFpBdb6qouSmRYCUeFjvR57TA7sQRB6DwYDryzdTmsy3eXRusZ+lfdMleGOv9tzYn4Usu41Us6OWqd9e/WxNQv9ViWPXd4UjCgKGuWnvn+T3+XpsidrkYL6cpIT6DfjtYwyI2TS+LTwuh0U8qOd8OOT6nXSHXES7VjOL10T5nMacNL7B4Ak/8QjrZUyLvPHxZx/uFN151BWfPHR/ceK91R6Dk/Gc33Hw3veeguQ4Gbx78KsvzYobmPdopfuDvWQ6FhIeHpj4bmy0r8oQHJE1L3/r+CTFjUUwsiZpa8XgKg/s2+Jm9uEVdji9msdVK8ldt+/6TiT3O3R4l/eqpJsJBd5pQKIu6FJMvarvRiQVrF862UZ8acMCNWbTXX2uKOc+R1sAkCcPFkI0QCuTHpjvA67r0CEzJvdlvqG2xa9fTMRXxc2O8KIUvA1fVrZDxxBxj8dZRj0Emh0W/zSNxCBrArBaXutBu5BtX16rjcR0YMyzh8iQPTM3b9p3ArokrUXMv3Plsy2e2JghU9o0lhf/6OCIqoHPUlAnJH5iAJH1OQtACY89B4u+OuondnuMMRxooZoUmZbtxBSkA14eDYAiwYL/aex6x14zhrcqX4gunCdxrhfej6VSANyCOi5AcpBu+BPtyyDSCy+WemfdlUhemEWp7siZ2dgCAHbFPz+kCfKdKXKXe/6RWc6fHb2eCWYoKDbq0nPYWJQz9bll4bjCVsYnhNHk02YumfJk7LaF1V4PHfKVYMAAqX0DEzsSeFvDB4QEse24qEqGhfnNXULRE+616CuleZ+kXBBpWwe2MWUS16g7udkVErfs35vNvrkhdZCZlj9nrfzX5+mAj9XQUo2nOY6/c1OdXBiVDOrL+VAcsNDtqyTnZbMxcAfCycu3DKIRdS3dCw3pAwVzwG9P4HRWSi2q6LrBPpVNp6SNKOj8kYjXZvz52DtmwqoFEKyhCSxUxwaX459yf2+vigDTMkaenONiuzi9H3bbxzmgNNyulvlNSRGac5GHJFykP5YepI1YXyA89a5LXGBwIyfausqxwlDEQYOdPgv0ARH2D9+qI8wLanJ5ab5PsrNLASCR4MeMnL00zJuvZv3FofY2RyeW0yqbwJeN/AY1Y0jXTuqoiVDyy3kuKJWtX1nAl/xz9PZhfk07TSt5Jo/dMx1yZGI85LCmNMdPZxPBfLNGRDx9u6gy8awByrFiZdMyeCd1SUyT4bkZMdt/3UAlWxLzItnHgUfdyUT4c39bD4lR9W8QwGTM58ArGH9+LQ3HOfj0EIhLzDWzW2yrbNT52Bg3KVIQpN7vjT2lAZ2rIJGbxCCTHJWPwdbWUjaSR4M5yfO4S81XZh8EpZn4kPoHLAaIGMsjVcJDM642RyyrSz/z50x8lDpolxiBCgsVc/0urjz2882hR4lMrjK/DEy98t2TTOVIAlG/KzV+bPnTpBB0h1oaD14QhY7wMNrA3QGvOzL+JBOvxjA4K06qPj47kuKPKT0v9Y/mF5zVu0vT+wD5k2TOf/QaCWRs7ZKg/1Xtv3M58PVu8Ncm1esP/Ylg/cSOIysIT7HeZeRz/VAkrNxlLpiUlzPmUoXIZLjsIlQkVBnJ4JLrq/yWngLjMtWTZ7VzGlcEGn9iLi6raOHr2Vqbn9sVTlXxE4BfAHtaYy8e2sFAlacx7i+D2DQJomtW3JnMsTqou9XceTqtgLI+POtM/mYwVqINppP+tfy+ZYLbB/vU3qH39Ola09uj6zjXK3c0rsD/PQ3k9B128DOffYZFpSq9KnFoljUAOjoGU6w3oTdpteUi6KvkJPCvMrmaZy862d3urrUatomck+16BRWKvQLpo40TiCRy0v99MIlbMDGz5cUHC3BNM/CDeTbBz5x2UxhDi9TYUYF/3dQkdFfhiPd8fY+E+7mLEFPH/Bfnlz6sUeABi4+1tuQDXnbrp1xFYQvJ86v1VNr5kOnEM051TDLt2Qwhd/QYxYqj9oofV3rJw7vnQccUGRXzkwTNdjqC3WQFEuvLuxA3MwWjzNKc9vEN+qpRh9EFuFR0r6C4iJi/gku2oPdhImXfQ8yaBbROuknESYPACZJUH3plhcoqQw71S8AAlsgacruW3uYg5FtELDNLC6FQLocjj9VhvJZ1bvgcVLyK/HZyYVQs6xZfPNrB81tYRNKUF1HQhoY47UU+AP7/UiS70C4xOWf45vqsTwgv4lCz6ANzFIz3IyyhKJPZdiDW+vMyhffoMD2tZeP9I/101Iwr8xMawiBG21PNfC08Hztyum2vx2x3pIFmA5cOAlGgck+GOzuVsV7JxJWhr2GFtUsSYqnzVu+7cWRPs75bJbyrpiNCYBWV7IbqmXBe6REGZr7b9c4m4CNWUzLn/8M7mpWkLhJunPq/qXT6/pq/DqEt4k4HhI2qRR3/wyaHxGfhTzj6V8/oPgCPRTyCcTzhVWlPLv9T2iAtDxMjA8tYaPLFFHkxc7SVS+q0Q+x0PweMMPklqxkhSw9yNZKI8607iOuU5FWLsyk/NZSadqViCuGTxPPH/D9H8y3mmZyoSNF724BUvbdJl2gvyPUTV81dLYsioxAIA/4ZeKpUabyDVgoZn+yyUbjdTlh+5Y0xqs9EnDd4e1Y/Vz6k4zmO2qpzYbOoJGktzV59zFaFp6V/qFexuMn14r62+vmnJabjU0V5q6d/Cw/3qCWbp9em88LbfiYszeZcDn/Ve5AI/w1knMncCrhSDygJ/EmTrvWe+a/8W2y9vN+fij8u6bh9sodQRuaMebyrUxIj35t56pFmmtWSo5SZp0bmC7sfpHm5THqpnYSJDQT4pVTnDRFurfUqv10AClw8kGUE+5SlK2i6EGWw+F/NQCHzB3NeBIMIfwEc8j+x43tpEqfkjPMkLS5nTGo9l5uhVJtysAMW+wo7Mpd2pTOGIAzZ8cDaIv4LKwpsQQVg/M8bVjIrw3EpGd82XeEPmc6kpQLxHniw8xsd4+HkR/WMmQc1Qek2MLIZgEEdHb61cWASzOaC5E2JTYQG+iybveeD4OD8cnaOgFBGc9BycAgQOrrQ7KS+4DDvnNNkek5GRgdJ+pZczv2sd1Q5+CONMZKxVAJ6fMN37FD248DNYTHdoER60rtEKNmWqnPQUI3GLr0yPa5uhc8jc4PwxmC2hJVqeOnBYvJkRJqzY+5lZpfoE+inLsTGk4NpWax0GGwjZCdesCF04sxN/gnPahsYkZW9WJ6wCPsdOtx1P9XXofJtbk+/faQHiiJtbquombLNRTlMkqz26+6BkwzTs2WCYZN4g+nGQ5t1wZOcdKB927ELlrVBFNpbnhiEJjudvPQm639PUSV4BoPP5yijjJVoE9p52sXlZMfCOuy/wTzRcxrm996v33lF+fIemY0TmWMq9eNy4Pj1gLmwG/cNITgfj/O0Vm2m7rPIi9pgoGPe/OSyQetZhCcxjCB/H7XFB5qXoXSqXBbPIJU144qP/QROyOOdBuKwNOxCgsdM36sScWQNjj8D+fmhUYr0VmNLVO28e4fDb6Cw8okotDHyRKn8WzrNZs8NPLUxI85FIoKu7cJuGK3DWlyTLQdZfrZw5UPYvzoeMIGshn0lsN0AX3JzAnIbwlQlfaz95pIyg9WyeK48mmdkYrbylQc/7N39ZbDhO/kmi85aqp2tDCSZIOvPO+Cd2V7GYxYRYNkamI1itFIftuI4sMsHhGX+qvWEPhkeT5akc5hXc2nGTO2F+6Upx8qyVHbb7WK3BTscLqFSOx9OV8KNkWyXqe/CErzc8J0BuzNbE5PYODMJLSlGtPFRUgYfG3/gqgcNI2HaZaC+efAk8mmLGW+4skX36RqkuSWFHA6PCbWn6MHrEbwdtkxCN/m+ViabUg5grGl39AHT2vOluij+HyysHhvjNTfexgbFWyMEQy1oRxmYbxWckOLFO4L5yF3G5s2tXcV6lGd4shHwUKY9sgBX3M/LiLoaDUTlbBl0fThKYmEZasRiU+8hTZoZXlvLcIhSEYdq/T8LmW4rmzPE2zxn7qtmkOXIDNTLOlOiYgMCjJx9K7O3S2XJNCrZeXCN0pR5dgoQnDKdY1TsejuH/V5zmYp2TWud6bjh8Rz0EDxrOrwZa7IUJ1inwrjbrlNAFJhDfiYUh6fLOOH8ZhAZWBVBFZO029TkeZ64rerATQT6Dqcb5cYGsMs0p2zwJ+GvpKgRKwD6OcMIPGLQ8MQ2Ke5kwm0lzeh2E4nVcNMZE9eIjnEnH/zMNehvfzGb4YXQm8aXU002AYru9rTiQgCO1uZgnhZ5otOm2adGdK7k5Qk3S+hZlpcRuDt4F26YoLR7AEUS9mM3Ng43Fi50rGMv3uJPMn3YXcDtoEhSU+NGlQdEfSNHhEfjLqxRDXZBdwizi7tgBx8655Qj7zr09pjxbKgilMwn8L+RYdxtgVqi81NbsTAnB0adOMGFPmtzpzOqckpGIw5p9srmkWgGcbvGnkVmNfxIO1n4Q5uH5TvE2UUa/NK7ioj7t7W1dHHv0iCovEoO/oS8A0kcci/UwBbQ9mYfbnHNG3eJXq3CmxcCH65kM3mppS5Pa2GoFLTrCK021UV5b8TlD1e3Hr4z3IMhwfMoMnH56M3lmYzdVfr3kGvc4mYSRjdhnVXp8+q6vznA0YN/Sw06vP8ygYJu/5BGdPM4YKNirv3eHsQQN+6DTmB3EuaP+d4usy6D0o+sUPpzCzKTQl/Wh0juYznIux7QR7pgdtZ2ZAcoOJFCqYqx8ok9XxlpCxEDz6iyLH+hEO3OKHTEB3cAIGZbGMhQmOGDn/DeDsYdDdbtrKVFAzrxAsqQqdUZeMI/l1EFJihWdsOzwvJ75CH3QesTAOEQtnEgTViFL8SRj2zJk/KRRTY5swfXYmNwHlyox1NXaRtQTzm/IT07HtfEXJ8Bxqi1q+sC6P/Ko2dxPoDVxjru6KVNKZjPNFM8xhRlbLJlCQQnzxMjo7+qv/q8Tfa0M5qxKnaVPpaAenAlIVcpyBmguw1q2H37i3aWqUUuj3pd9DC5xzJMYmTNbTDHtA4AYZw1tBIhvQ7jHfCnNn5r3HhzxonB3Z0F5VXoOGFl1AgclTVeFlQRI/yobJ68NaivN/QRufEqsoO/TH0KD7yQROZxlSddcoTCBWmbGgS2daTQmcUkWSn3EtApDrCAm+AZcxGx1irVy+ED0BMZIFlNH9i4ZhkzDDSwBnGbI5ODpJbDTaMjJBj79RQ0SzMN8XTjzCkvlAZfn0F+9xkI7DibKiU1+aiuTcXqGQVdeAVN7SJTVzSVglfqUQUyX5quaAXm8SQW7mpAqdjEDkZMBFUqt8ICnnlgAXOIbeMP+0bmksdPKospaCooADlZGWrZ3XyUNP5Uk7GWP5/XQsFzPrZmdK2kk3sIS2+L3hAyyZn51D6BMEVAvk9/i5eLijj6Pj32uWXN1vLXeNQfHeT4zD25N7ZsnQHGZ7HcG8SLsHHEQLcbh/A5kAHwC+UU3DhVu2HVD4FuFoL/lY0xfNT2Y+WdrDdWBKfRY8QNSYgbTxeTQ8ilSDUFe9koONyEebQnyKMBS5geBTeM1JdWWWUOxOaBkVHMJkTcCMWniayuzZPGugsc+MGIgQTRaHg+VedT6wSleaS1jf3Q0hvxdQEYQiJ1CZfowacOsMpRfvgGIfAQDajOGQK5P1PV37j13zYWr97g7uWTeID/XvsUOGQRoFsi+GuuAoym4yfnSfpMLuaV9EEwZ0wMPLlwAefX0becYas4/KQurCs6X0Do39nj19z6Knjw3+QSMOEiDVHVG3VNFbTeCcMMWhAVW/0oawkOd2v5ScT13L2CYQUGIpb35oFL+ctW6lb4DZkDYnMNZZILcPUfR+izfxflY2g37KUNp16vIc8oHV8ZmvHh/aUGc5HJEK70z2Jy9usjqISfra4QiuJWZXjLLFzAGERBwAK1tTgFZhZgDMJQSPe5YDgZtxqUpkESd+nSNS4kImiHgwtehxfpHPS3l0zuvshSeBHsQby/RxNb+79aq66mtHiCaadc1uFpre07w+1yPFcvRVX462lEACfCXO0QAjf52ZNR7IeH9/beOKsAGOGLmvHj5/Cyw0/GXJpkKp24itJurWEm3fttv9SCELkucO30bwi1wsxcWvBa4ex2o+KnEShJ+YsUF3idloo4/b9Yr6FV6JyJeUuuBG94vnxlCAha4blirTSvMa4o4Pag5DydkNjC4I1iGtmDpRRdBSNEQX7pDljXxH6+BVwqyidtxojRq+nnECqDsvYhpt48JKvuQTSPoYGepgqae/BZlTyg04onnyXb3ClzbGqeQdbI4Rj7qHZPPembeY01KdmQf3mqhHgMTMLda+Ay44afhaKyK2kdjIDa5e3A/TrbCBGLll47mgliv2YCOZTTv7CwXd0L96DkCjBJ/a1jcjlvHIHcbUbC8atvdFLvdgbfVH3VD4VluEqzXEpqzhXw1G2aZFpjFiuJ+knQTssvRPqDc2vrNcjLGHPhb9FuprqYpO7CU4+wpMjxtUZVwHzPT14Pkpt+cKOb/Ucp6CkeFKv72CdUPcvGRqPqp5EPSsYKOvB3a1FcL0P4qFfFwq3SiU7dF4z5+1c0cX8x+s8nMh4pbo29oot3jbAbv/kMR/ltrtXftLi+SNNudmIhnw5jTLbEsbuOMeUfUsD7i+vvCBLjPGRWI6WgJc4gjH3ykwqpU9mIrDt96C1vgGIJo9+myYjZxzPSvX1/aN2igNDm6O77Gyxd3VrkMY4ipT24BVgK7s8snh8sT3fkbTv2ZNssXkDEjGngIK9qRmRhyshkZHlWjxtrmxquJ915o2b/KRC9dOxl9UrVivzsTup53GxfXRatPy2YVBwnymx1nY8/3CfPA/E+0ap3HOc+eDz6GPOSJEI0tFZ/ofst22f07VwfchS4czgvqveE8lERmed3ryE1VNZcQ7EomdYXRINsc6rFF7Zx7b5YyjKFaLsb2RzHOaAsmmFCvh7pO96L6Ug12nnE5ru0DnC6D698+zQMFpu/U/pb0+PIsc9Q0GJ8pbsl2q/IYP8RywfwjrSLlURo48LlvRczKBS6cchlqqvggSOKz3N7TjeYTxFG6Wd3EbXuXR7QE7gKabFVMarEFbrgaKe2+/4HMkzPHR9wVzwFk/mvkqB+vpJuneD/S2UJ5yEluLEYduwGD7b3xqTYFe8a2/m36NcRz518wXxHv/DoPRJk7dx5ajKiddvnHdbdM1HLZoT8yG5Yc6zP0lRsGwYPvBhacZpsD828KtW7Kr7i3fiJyikqd1ECNarWLTMcEOIhr5sj1Le1SEiJeJPOcpmYmn3FrtiUE+QDpvgLEIrV+T0u9qwMlK1eY76LOM05zsivpJY2nJfZMPgXfy1675BpnapjXm8fQg37luo055TrZR/JAyKW1R0ODWgI2/0pMt8U8Tv0py9UgqVPnVdYfgokQeZxVq8sE1I8nmPCy+gEOiGEho89FNK8taVviNleQnlnDWJ8aq/gfEOdAJY/cFRUvKhKWCc7palGhgd7q3a+Hm/UykdkPNQ+qdGwJEqn8LzRhjHlIl9JWP22jPkCEiCfsFyrARnmKOrAGMnbvH6ufDg4knJ71rOMV+/Myow4GflU7Ai/v4gfrmBAPWgN8oiRZfkj61WOlJVM95mcG7H23ErfQG30YWmpCQWPLTYhS0jX4+2IouLGPDUoSYD72kHWpZ31da1fb/J5RWP+xsS2ydvqCw43ezPHRnG2FukdvYzFQ+o1KoTd9lmVRw7EwDGzXs4QqiTKj4mOjuz/KwJNBgmxdEA1RvvqIHxypoFwWMAwvB1gjMDG0h2PwDQhHYewOObyYP2+W2lmTy573pbHOhnJYqyJ6A4pluOlHEIWu52rMLzSn0brKMqAXi+AAW3PvBCVrEW5tu8nK4RwE20ErCP/ZqyHObx0QovQwv3pT/5aRIHDaT005XsBWtzFDwZ7TpcVzW6yifAfttCJV4GUz63FAVr1gxdrqa0Sp+GgX5JJ3/SPKUbURy7TXG8tDBsBsXqVqeEKup+dddclHtiBAYB9hh5lBA3lECYuQio6n0HYGBlKTHWNUZ4rFlQNsyNBn5perGN+XtCHy7Vo0tqexS+xYRrJ0af2Uk47kaON0JY9NLR1SiyMrub+b4uNwrgnfiSg5PUMfujZfxIekucNRshPr3nWHLsgn+S3n1tMrkZsZvh0khPr6dV9WKZxcc1bEWJcZo8QZfiTrdADVeaXQh0Tmw11fPNBXCXcmGcLyGzIz37WgIV54eYKh8YZneoGrpdwq5Fh/AcIWHpIenPtEcraWL8aiZq6YWcGIABMwAfDxgH/RGA/gb6MY4Ho+NJomwPAxIgM15gtRPNjIEjiXrMshVnvook72ui8aaJNEDq5YviM0zuOPTA+nXzKyom8By2C0leTuJzjtfbwOi48zma3F2UuGhdeT6EJ9qbSmXary9R45ir6YmGmiJpk8dFjepdK1HFH+ntD4GBlBDHHBbqR3z3+4GLE142ms4Xau6qnyfpLN0Tm0TaMwI5DFz+wt+z4JpV60BFKQGR2mcVrQ2QZwTOM5dVmxktXgsZxpHodzOCQ69cE0GrGjoMSytsksnUSTYRZXb8+Ny+/9RzqAmYQMtWLN3WcVJKwWXsZ1Y3j8MXhS09eEz0QodRbk9pKMEc1ZQD3yWy0m7AoIdMEevqjQgvAXwcs5YnRpuIAgZvYwpUsbTy4l39eJYXgyLGqaKiEGaPB894ejmX0W5NT+unlMMhzbM+jP/E+24D5HK9/8azchwftAFLZzEwH4CeRPDgwCMOPG87XWOSMcsCaeqKS+M64K2LbDCjWK7ZMKmKxTFpRf1hnXcfmlSM2b2GDa+ivWZxNZtuk2juadOFamaVrHCva4Qut0vT22wANGR3JYyGbbdMqjBuw/ypU1T502m4LhwyM2cZRttiW/E3BzK824vwEg2Hq5B74YdlhrP4S3ESGCL0GURLCMlrpoqWBkREaX9K0mHNWOIAHiTXBVvawp0HvPs22HYHlsHBGPEUsjdv2K+brVw2n9dfIK3kkMg33zZx4jsYKoX3kpDr+wAR9BxwVX+iGCob5b64rM3UgW04msRPyxyt9Wx+1ZsDt2ZXVShA5CtuO+zM5hGhbf1kGXrqCzUKh1FBig+Tn1E8RPqdP7m7u4ATJlTmXh1bWzNroY9sXviYq4Y2a1WcTWC4kFNlZDfPeTRH75XQvqpkVmdowitibkaKySVPq4rourKZ6zDEEOHLfpAHDM3/NKgbljMwEYn+kt0NIeIu3smvHVpTgmbxox2/Z8rX187iNJi1FHNc1Ltw02rBvnm9Lvs7yQJRalIxo2EqZ8HLaMiAXX9RetZywTV/TnboTKC42ZsnJ4nG2A1hc0Ex6pePg/431TFeK33lJQ4THfrkfTgIecExdVc0uCbt/pK5iHb6aEq8y2ce1y/fJaloLrMK1mtBdhO6jozFhuKat9fkZyJhCoq2TBlCKGTm5onUEoWdpP4ZPZKPIF9iQb0fNN8iGgA9aOho1KcLd2ukXiqRuI6vvkBH94b6U9EmdzBgeiZhTqXKleHasc/oOq3U3kFENOzyziCDcmM8xBrcr1yxuZXPCz0Em3mhta8eZ5X4CLazJcXG70UtUxnVkpLgKTw9uTqbSysl6Ca2N1G3tzQVJIy5qYAR/ouXUJYVsAScjLZkBUJ6W0ju13HUeiSy5EAFZySmq5fP+TGMlEPYuKmkfkuqsOw8FNLJ8f55z4oHiBR3UOirfbyotkBsXGDqi1P3oR9Oy4v4/3jmpBKIUcRgzAUHlGNI1bShw/vXsI3zid7z0Mg01v36FXIdr+8LMhDaVj7O3OFZhvVzc2rqF3JxGbUEr3EFTH0MJoDvXJ/pHV/pc95JZu4vTdEYEs/4z2Ii8wTnFV1r6iTGbLTRBVEDv8HANPSIAOpMeb8p1nzYzSGLRBXfUL4Pc2crmHvRN7yCNnpfX3lV+n/Nxh/Nv/qdMSLdAk4ETAuVl5Yl4f7Z/Fuj7DyGtMBJOcMGOVniu1jB1ZdB/QwrJbyZY2Ifo+deuw9wWuf6N9ahnFYM2qRqwVyEHZ4lWxgN7X5ivvHDVefM2eFffdqasNTLYAp2nyUCwcUUklJG2aphiq3YLc8B3lmf/BE3sdfmCXIv0x7Szhviidy8iaIx3JxIOAxxskYLTovvl5WJjBZGJFhA7QOIsMc59xL/cGmk9CvpP3btVkSyk6BiIq2Geka8iOY3YywfASiuox7ogKywRvb/UHLtlY+pdPXalUQfsl1ZN942EwrdSjpYA0khnQi6Ag4pEY0RSoH0TIImilgyXoFNhSLB3p1qDQLLJcGCre80rxP14na11bGjCJAaQVC3aFKtF+pxVmDdmZgVyUmrI3JrQiwVZmjVxD4eCDJYrXasMfyl3uaXHibxbrS+/F3oQfw9vqblbLs2Yf9vxay0NYBVEvBkIQcNxCI+7JqmgAeatNUq/8zMi2byfC1Fb/Zb7JTLnHFbfO1+s6YFADZh52fyPbl6JpnprmULeg1wS/8TXIRAnSN1zFx0wmqdYhXDY1NSKwka9YyH2mc7pD96pdo/cLB/iRcwEgvvaoRHudqLW+3n8B+UMNHCtdh301FOsPB1regfAzB0mf3U57kDaZEUbOHI7h3JRnqiIrSpaEtIWjak23Gcv7QdIwmhbfljGHp0qGVW1a6Z/fE/NpQ6EwRm2amLVWtZwkttUulI8cyvQ5vf+Ui3naXShZz7pctBOVfR4TI46WQPuluU4SqahstsFW+Zs99Kvsg0IFulSSgNjpNTBVYO3dcTXnMtjpJn0/P5uEgugkGdnIgDPZEVUHnU0qcXwArVqSUMV+V9yh1806eYzUGWyxnwPJ+cCUwD0UmFl2MqEjb4iiXSvnOgPWF6yMv7f3JJ9/dsAQX2qGEp0DSDcBm+KeBYQz/zKP/zb0eRqIeZGaEDk0XBgWketOR1vvKkXStgL7wHrC/+cDIEqxZuh/R8dGroeRvFww9/TQXTybC566PeUO2uJJK/lqEpNHh3FeD8ubVQZhvwABCmUo2/NZCTEMeBHSKKVBnpRY439lt9c7IJyELNKNSe6Axt2K+xzvx+lVJiDUENrxzfELtsOVG3ev51CPyLZUudKxYjV3Y1oCOsCNjFEn7u5N2nGVXhweo6Ex/V2k7TOFbegO3yRofX5sbO7OkRYTndyCHk3K6SSao580u8nGUOMjJsT5BGGWjoHeSqLHkt16iiaBrPo13iSY3QdnOja+MwRuSTJxS68bUXOKmte+N4F9ACsjBR96tHFVRfkoSGEXgyIL6xEVu9uQlUzRz3KnoEPd/Nxm+/IpSpri8+BIptHEjWZOJuimiqEVLc504D90z61wZ7ca+6Xsp8Tq8+It1WOJwuDVWYt2VNjM0bfJr8pyIicq9dXxAQ5gIqlPKZlHBoyVtwkmeeB9kxysBjbNVZBedi8SXswZnPQYn4cFL+Xo9IbqX/qLc5asHmgYX0KP4E7gRj+m2ZDJVNNfSnMxVFaRxqbd7UIGF4tLcrbfCQi7UGkw5hHdqUGo018maq2q3iH1L3IwIG82tZd4YOgTybTwhVvDpijf/Ule0VFO60XhngKpvnBiHNIvmxqYc+EsrLFlJPuaJepwY040Y3Tsfj51N0TF7Nrj4HfJx/aPIxkxW2pM0/8CXF24aWQuSh32rp478WQ1kK3M/PAsekYSK6+ocElrEdEAMbD1OsFBx5DNeaHhGITM0sq0HFqc/qLFadzERgJXK6V/aBUMHupsuGIy30U044txKYXr30a/ywgQHbLwMM/VrxYrmUtMTXAEGdpy9XC9OmRHfCtqGIHSbmY9Cn6Lzf5MTzDL3/1Ho435IPUDyk07PPqii+C0ggRi+FTRF5i0Ew6KJ3A2GwGQCITT2Ng4rp4F/cQcSA+CM5iU4ZhJC6Huap+uMWHVcY7LI9HWr+53NnhI8MZjFn8Pd7QOsE54ML3W8f19uXGUa3yNm9vqN785FjfMOq5sAPmFxXxoTZjwSq9HfO0fBe+bhpVxjpqHdHtZAWVG4xWvZmrbgJZ3wwO6rUCSsNKxr78dBPl2MGfBszlOChdNEEscOHGYjSNMjwHMy/JsMH/qixYKXHoyjToK8IEYu0r8mr5q4uVkL+KawFrq/5d6k6hzb94eVhnt2YiYPPr77OG8wGea1I8RQo57qNw+8LImZW+H4VrXo3BFJ6t3hqOAN0FAGIAiT7C6QFx7TvHhtu/iuUbgU4/jL52XxjRabPWDOZ0q2ibk57wyyz3Bpp5S/waNDa3P0j5uNIQHtPWtEMUPmk2vyJNCM7180dNe9SAry/8z0hEkyXUunnM+QbW6kudITefv+ofdxCQgzCCBMQHXVzmTJGjTJg1G5yIt2l/EWJNQeXvVK0lbKmL/1IoAb2W+eqGg7nAhl0Ka+hOsMr56nMWlYWbhf2i44cBYRFsKkFYaDFWF5OsHjjPR73WUfbBUNV/Thl0Eb+ZQV+ol4zpyo4t1DGAxcSFsPqbJIV253JhaEOcVeOeS5bVe2S2Hcvj5nvyPIF5vXCOIQJ3DanpIqIGzcNNKUZPC793cbunKxcMys1rOHRyWUksqQaIXseUJp3fiYvhFGjaHTCES/x5VewkDigu82KA2RUSD3OmzyQ6xM1g5p9+pRm39aSNkhi57xbJyfrxqFYt5L3Jd47bMNddqIZzo/4byOzr/A/ZDYAv3D/fC2LtkW9hcOam9VJlBX4nle1XGwY3HDN5JDI2fzhbkZs7MWvsMDv1AlmQPMqZdnfzN/oRJpKMA/CgbHxGizStnCIdHrJLIqCIek26KjirC7f2lFcoBeTcycI5bvh3DM1D4z5HA8XTtKdhUKeSfuzRoQX3+e2kYULPUYZE5qc7m251xCo8r28Dy314AVCNUf4P8vfsOGkkgdVIurOxdVRn6gAlRyJq6v3iq+d5ppePqYxiiYC5xVI0Rcnn8OHBFuLVJfNhAw6BZQecBS81GUjHZRPjSV9wKfx1ILk4sA8hwFVItURNYT7J3P+LVUOtjRaci6XRWXmCJI0eTNu8wELfA0LHZZom9kJ99D04VIwaJh5IbgKdF9aleHPW6sOT4NIYvhsMKwPFdX97+uTOa1LfOAgbHuV0fCqPMyEbS8yFFxIeKyXdNkpLz9wYRVaQJuVNJE1iZUjdPm7Y+Z+f/yUIVOgdElvLuuWEZHK77OqG+gxsyHPvtH8iMatKX0qwpiFuRFeVF93EZSrZB/7wneG5JdqdQ+YSdstuSTI/d/4V8bXROT1i1x6oz/DSCapdt7Io80yizn7P0wlOAdUZDIIgY9pbQ5uyh0ODbSorn1Al1p9NItjNN6y7njDtZ/kpPKjQ6CYoYSIgbqYo4YTOhjwTm1+7cbdVsx5b6+lYX77WLarpkU1USP8Jq1X+ndlVrPR9FAQT9mgJLL6tG2D7fy+0m+3TlGzfInE5Hj8QKPNeqZE94x6SvcNDuNtkfqjMX8+4OJ+296JQcsZStQYFLkF53sEcgQgSL5l6f3rkRcWPucE5P8n976BqI2IbHBOWdFB0c+WIzKx2t6HDVo/w1nRO5DEtYq8q2HvoPWNT6aEXx5NWiPTs1olVlEX/fhrf6GAuRcAo08txKkIHc1BxHGNRAP9R9ATbOxG3s+YgAt6P/fV6TNGp7J5mBMi3SBWs9UeFegh0sm9XdSDfn7tC75D2QGO/TKz13CEQacr5Wr3LqgsHdxA3Bu278MwlM607xkLvg2CmKFU8dJirL+dOJBXm3tn0VGtF/mlUtSb9mH/5xuKHfqJZjLeJgxfptdLB7sBKHV4aRNXsJMUUCpBxghnF1RyeXRf1jg0YfYiTiQ667JC3TZfD/hVl02XwYZmkbeWcAa/GKuxC27VvBKhDKHROFCo9PC7oBqVFsPQeK18kF47WJx8MmvDfOF7MdqM4Utr2cpz/OZUsXSHVvdihraM72epZpeeXMRyDoOmX0o4bxAsMzZKQMquHhjGXP2reSYeh2LvSFlt0fK0jYguDmH7r3nYGZhNCIRev1WpYwDg+cwaHNKhX6NlLwUtAk3wubxtX2k7xi05/4rK/LIw6shmW8NyhlUk8Ada3c0Jn18qYt/4nxFVIJgLyKEMyroMWhzO7TbuX9He97W4n0Y0Y6UqbC49YnC0pUtVGuznbf44gYKnMUiKdSkJE/DEWPb3WAtpsGM83oYi6XCdHU3QZxFIvmGGUqsjbCCIYDL7erDrlnIPAO9nDEhJo1MkJ588XC0SCGChvx3dccun1btbOEkTjWPQ8fQdsPYEKsrSHg4ml/cqHGkr8LmEKwjOEyJ4RL8V9j25bE+BlVbjP9Q3Sh+WsTlOtZK+dFVq1rq4a+bt8ICscqzSKVgLTLTkgjkx/Xt4y7ABcTg4Xxk79VAwXw3RzKg9B0UrkML1E2fjqi9EBEmv7DRiEo3+etY4fsKMo/gNRrPkoWoCIobGC1DnEWR0jWKBIWZ3MGOMbjSrKM0ZjxdMHdiBqGClIbxPJXyMrOgxkozV5ZWvHfMhtISh6570kh6MQh09PmlwUpBC5uOFUdErUkBNtAbBaC1AW2YWJYVoEbActXcxsvkhJ11Oj01oaX72VSPdGdNsqX4R4CPSLh642+t7emby+z2ezn9S0e/pEGcz8svDc9Gavjd/ZUt3/ZiCd1vRxMqqXuEmRMsuoT0d0Lgalqmr1mElbzCGXDxh2XKPUS2IjqgKCgOiFw8N+AEuMAI55vRaL4DfQF0/kMJJoNu2A17WNJvEQJrMcyxk3AlnwYbw8ve9ZGzOuRj6x7eYWUP6aSAxZQeAH5iP9Er92Ir5edzPf0hQMdji0K+hOg8vZRxy4Ce+3cx05A2IP4ZNJKiZ+Cnj78q1GxSyLTfO/WHUAklgILQClU0CNXGoL2qYKkotrsp3N7iFxQ7sa9gLFi3S2+QfBdVZNqhU9wHTcRWwyno6U3w7uJqKJblWIpN3j0LH1ryr05+2oXJ3NVs6JeeU2/KlP/EFTN4vHHu5Z0X6rVQQbNvBR1CsXyLmdAozpoOTaG883eZOKa+NgsFxRU3Lp++GR5Wan199Tr1bp0FytASBwd6nP78F7+eVd1OArw+2GiVgByodU7PF+YxslRc3r6bDKN6C96jPszcIqfKr1Ft70LPtf+389EqN5A+19H8wVaFHxtuP9+BS3cNtkzkkyKTbL4ZeBzzcGK7xMc7h36XQB2UHTT2VmzgU56NCu09nI+oKK5ZaMyHf0aCTuJIWqEkiUTKB7F8xWJfTIoLtNH6WnUIFRV1+DjC8YU4pVa8yq4Bos0g5McQmogjbkQ8Qk3aTrOYT9jQDHkThVDrDFvCT993+itTE5o7OruglZQK1//wqk23IJNv/03TVApaAJZ82ATX8FXJtNG/4HjlIMiknLzAuRsb5Ic6IEagv5Yt8d3DSiC13cWJSSJ34BYhPNq5RvK3KJwbJvqg3dOMYTgrktWnNzImi8CC65VNejCqxul7Lm+uqCv5rALkmcOCyLPxBGtCFuPR63kcVW6IeA0/iZIRT5qD7ayR+MdzR8rKjzfxtgXG4FTGpUuh5VaEz4DksK4VJ4jqykdt0llD90lA+tq4xZtR1/WTK+NzEJLufy+Nffas5eHKSvl+f5yDxi1wS7V4S04ROM9ivsS5IeZ5zamZK99FBuO3be90y0dCi8i7MGa5/ZZg/+ZMn7uqzsMvf1Ffq5cqJyvv0zC72ZgpoXEw6co8zU+QtVQX/NGdjDcWiTRrCJ/5/PJ39KfWIDKcyTXKG6AkZkZ4IXwVLD/YPfKnKetcjP4BQH5AnfIrI1OVw0I0VNsBYAU47RF5ZZN1xaa+F4TWaKdm0KVGt8pFGZqQ6KqQKLpglSl6Gl3r1ZruxynM292KRY5ynkIbZlN+OUuo1fWWcSxGAkmGzIfctZuh+3tpKSXB+NGdc0VGrpnHAH6CXVHcpnzacpEEgcLckiPbcGR0nV4ogFsI4Msu0no/1TNQxCYKt/TrPaWut/C8O0jP6GHXwlCjLstkdumtVz3/D2L/cbFH2kAqZj073cszAEsF3yK5qOkr7kTgwLPXaQ3nKgHdNjnmIa1vKB/jP17+qMXn6gBCpbqjQ0sDw4yrErodRHMf1MrSp5gax3hwX71eKBXFScfc0P7ONnCktObpm9IECxDrY4RyO6GungeUXRSuNTmW7tNrSWVjgN3wJJdmhw0fVWQuuGPrYt1k+zCn9AvSlTGc4v6hmRHcbsXlwVdWBz3sl7MJ5Pu4KireOg6WgcyS+rOXgS6GdWgdlOwVQtV7Y8QSs1KxeLo+hLpptxp2MF8ZukezoDASZgwQpTZ87Or8ja0sETU5bCzs1t4IDrDpsXINIDAfoECZosyvqh4xROuNUU79SyPigLmZNX/xjSY/AOzWnMuSgzas1sfWHmVYypdWxowyeP4B4/yBMfgO223vzL3NgLsBnWoSR/kINR0njgMmh1K44lzj7Yr33JvBZSYqn5OF4Nnst1flVUQWy2vLEgNW02yWd9lqyL4ksdoMpfNe7F662Fo6Lm3Zw3ucUmPF2vxluNmgldvm5MDMZKIRT1KHnxMQ6Ecj4K1EuMtPWhwMVsAAfoFGk8Oqpbus9AbLzsaORu1Xr47tBjCO6e8tLB1t9IF5upoUqJgHxksFUBuwHLHWmcnLG8Ubbl5JduQQyayJZ7H8NDCQlwJbp1Uvdpd76RX+I35T8V6/maaFxpVPPLUfKZduCzwtK/J+BjJE5dGzylCk2q2Q0sa3O+F+sKKJeezS0fIogm4oLg3vLngfUDMZ9kIM5mXqobXJ/y7S+4D+pJw6JSzz5qcc3DqSIqhmuMbf1K4VjALWpTAPa1ubUzsPDTZyxsxfwUbSP7YidahWzC6VpPkuekYP9Ry1T1a7qUcrnsDT5uAGopZKF41dX+FfIGJCUjfHX+OEjrTdJlnAm68K0SEQdG64mto+zJtYbgAtt7OiimpXfo/axGUnhOgI01OB1jLcZlGIsJoe7klGP6tjB4XwPFb7C3Dfm8+nrjzt7BZL0TK4VXR+ztM4NbK2ZrQBhq/E7Kj7EzVHGedB3q/JjJlBv6wEJit7rSWfYDq/2iLio6yEigE6MhzrQAOpr1sr7hgCoqcKdvHjhTkPiYcnzQqPDBD/w7BmPPyJr49Zu4eCVT/T+gdgs/iA+EhY9heSom+IlFMwcUAwZrX7uOfBoMlZcu0nx9wuCM3CVTstG7ZAwPrn7Zc7Hrfmpc0krdnBPd5oOXUFj1WjJj/SbZmRR147LFrG90/si99rJTx503Dj57oFbExBwvu2B5ek6S6bLkuyqquChPfHMJZUdq76BCyYayimGygmQ5RFKPvq9W0LJkvRrIg1OlSRDi1mfCYz9nNI16YXv9hdFVFYC0uyKMuzBTMrCd3/NTu8LF4CEplpqTU1Jzlh0RBsRK/qgCnI1mqeA6scJzFzLQF7jG0k5YrsfmmBakfMfryGcAx3O5Sd/shZat8F/TF86zBrj35XWjOr79P3rnQsTFRI35CoNtqqrHVUpwIfOIXSDGUx7jsjN9GCP+auy9zCyYND+DNSlFT2rsyeEdE4v+Z+A7aLbHcJqF1rt+hMJLLcfpMQCLsf6l3hPASrhEdy/FsaHXnSYV9Z/yRxo9EFnKisL7ETCuIWIUVuRR91yPwOaQELbMF3oudQRvnWLJ4O967KMDV8p0yonfKckUCH308WI+G9c7AOz4mGK2blwCwRo0Xcvw1MpYdKd2dk0FctDG+uPMSgMKzweT38bTgDk20la9Kv98dID/Z9wol3JWNm2tP9SQesgKcb7eXBPh+pM8ySH2ELYVN8csOKRctBnQmag1uEya0HPTiJ2DQAAJHqMF+ISWWD51WnHgrQy/Y8Mr7VlZl/wcjZATjlLJq7e5eqa687pFCgV/RlDZ/GKby18UiWzk2UtMfZoHh8DVNQBvTs2bJT1SGCy5+/7kUWVaweCPzUtpY4Dy9lx9itTUk9i+Wt9W5luKk6z+6yTQPJM45hPKJonWeg9sLzYMarfDAYmSdQKIvFJUuwSEEoEoJf1uL/ip4RWHMhAcJKp9bv5xpOnnRCHEmnVV0M6yCX4DMCs7R3conp/HkcLTsndpU6Yat/mtE9xCmp7FXv/oMvbHli8R7qOriotj/BMICfz+uqfB1p50nidCscULdmd5OTzw7qLoQkG+u5h675PVQ5peYngMYHc7Q5lFCYrKl518uadAJ/kKPtrdkv4kgVXPjPUcz3nCSvm/Mo6YaD11clSR5DxeGuWMmRcBAGa+CB/DPVV+bQ6cKT3rfNCNGtbjBV+Ig7mrkv3ysSvUha4/86Q6t3USOku4IgIJ1dVE8HhPLJo5T8BJQjNlVjh1IAa0+KW7UXdJKpC+fm4sWcypp7HAIdUHkq/NemFdvPyZO+fitPjKlW8B6zJL4iZECip1boA2all7ZyRylE8hQjYDN3Cg+U7HduWkCTUytjQ8fKfhNweQUOg4ai1o/7w9ypcMzKW4VempgtsCQ5hjY81JrdmDW4gmwpPAo6igL+gzZzFk8LBn5jg9l4Q1TNinu3TlmW/3ZIIzfk8R4+XZTgNn2LU+GYo4Sx9rA+yydJVkedXynNEHNcCbLfBBdjMSCjgFo/6CBHO7nZ5cOLmS0hkMXZVJnqrqNgAt7TgGaFLsEWHDYKXxCmuoaPx74z/8V5tCOK6XYpWp2Ne5I7AKznz+OzWCHuM4EQEAPhGPpFaHLTPmUJjAARw57vSL4lxttsS/zTNT6yfyZppUCyoUu+2aWsJzy7boCj5Draa3q78rjSdK6zj4pga5bWQU4CJUZl8VuljYbxK7JbMhPY3ofkmveBgpPbsJx+t0T4xIosbf/OkEjUN8DroyZaJcm7D9TwJ9Mo3Hvl38OVLZKwCOj/ntrzwleo0JO7Ja7ULdWranU29+Pc/+4a4aRGUErQepNsY0c74MuwIHwGj1pThK9XEnGgowADWVmE3YMJhXbu1V2cEhPXe1dp6nbs/humTjX1BatlD1Dy/MCnTVt+pSTb9QG/hjOh3z7HOUlKus+xw4vFx97Yn80N5mL2VWh+glCDG9XLSD6HVrAHWwaYZ/A8xLEMBOKQ+NeOYp0u6uGjvwJt9wS6007h87EYe41WPTyAQRFJgsImNnZkiCG5TBUuYKZ8gyjekRJhfuZR1K0eOPjGjKrfQOto4LAlSUCo37aSxkzZNtzJiW9K8H7iN9zof/scd5exu+CFOGHktw9cJnIHLAyP048k18FBsTLx9hhTux1aFgQjtswblXuuGC5MjD/nHCJvR4pht/4eu2IAm8cjWA5DdspR2ErhkmAanB4hZT++nXpEqsPaflUMVfdkLk80h7xuGOaS3nzMTrTo8i22LpxYqR+sCmHnOoLPvlbykTPZ23vPymmzFUWDpSSGUR6TpX5uc1FOQe7XJTG8hftlX1wpBOKPuBw1gwNNKLYam4EoMnsack1k+GauXmNZ1CqiLTVcECEJkfWN3yYfu7+tOtkYIge64V83srN7kLm2IdRCmH+q1pRtfUWoUDzh4VRsMq99C4ADJNn3ykEhxyQMPvGg98eODsoywRzDzpfzKiJfyXLuemu8p3B+bnj/R/xmU8qRzlwJlokD6IjeUSc4KgQ3Pef5wd0QXCsm/bygcOydbLmPYsp8OHmBCdfG8G4cO6VSKtrOXSuXCM7XvQc6zruZ/wE9sQ2Altuo25XvSKjLB9a9v4rGk3mRnek+peMwhlQ19wwD7Bl+DgK+yH0J2CSgEw/UtN8F4GUgSC9t0jy8g4UyoPjNPGB9HCd/rJjAwPtLhewUA8E6zmvMPJQzu1lgB2D1ATMjpAMYVyjSvYNWNnKoHYUWpl/qFa0kYk+iXjaEYy9x7ENJB2W8LJW0UR1/rdORv9mugSg+VyvTY+D8/ni9ZxYASj70bANb2jIP3wq8lQH5SitVl5qeE+ss+NFKFIQCZpIhFzwgBZyiy3SM4RxUBw6Aaw0oludffHAvolFIgjO4P4l/hFKmLLDST5inZJ4whTkoTMurZJBVWAer1mWX+x2MRcPEYQXabOBKGlfi2sYd/ws/DDll7r4EUUdeSBzKXstRcHTBtq62bURAtOQMasxd8lSvOCsG1AQv1KkgkmRDq6kpBAc0gSrGjNI1KssPML1Qhq9A2J/ElR7d6dOdLzdztJc8u47Yjszr/2yfdKfFk1dsE7yENh1FDd+B29Cl+zwLtGWztkg7QRoJNEV1tkyp5m7fbG+xITbj/JvSvTitWau/zYtMtto85K0aXPhXmKAd1nhrROlPoEiUIei2SGKl/ewDZx2idOs3AYqIqf2PG4u38ARPm1qlOe602p5PBiteLj8VB9+Otl7yzXUlycsh17quqS8OnJWsb+mLlN64HPk5VB2jdCstvxy+q1WT2t7S+AOor7R1b5BAdaU1q0kWqtAVETUGWSj0IqTaf061KnPcsZqBe86jUJwkC7cuYBs5W4mBJFDViWMvEiIflQSKxepIwiL8mDe8KPPmw20uNpSJ02QxgIvSoSKX4A0KYbLoLUpvGdHUv2AwGBt4DqpLK86m7VneILpHVrQtTfIAVYwwJxyxpmpWEh4/Uc10kmDPzLpf22IDdZfK7bFxSfYLOndlugvVdcsBch/dewGACMTLkYNddr1d7/7WKvWP4NGVmrECUEurYrqWnXLBBOj1a0h7RdLAhXiNWB04Lwm3NIb37ykJBdb+p/9LzNOwbgkwApWlBZdYHQ2g9sNnf8uKfU1LGnU2QDZWvn1Rg0UYH9G+EM4qMfDqmqCD9V0HMv/jGRmy0/7rTPSteDVZlbHeSobXXKSSSvClBodv3P0+luGuIQaCjNhbbRZSZMdwfavyTBu9oAED74aynFunEjYT7OWEC8c9gYwk3Xku6yt1O6HiyFm07Occ33SM110VYrlJ3lILv4QswnggOzQSY44IEGBSmKxlJmfheENin8BCyNWIZW/kVj8FjqRzCjGVC7ZhHeVQ74VURX8YpW2ESmvZlgPolgJB1p3yT27PKy5maHBF8/8fimpkb4LugsmXVn2AuvX1g2nQMP7PNcLR6hBHtkgXX8cBq4jWkBLR4QHWtz0GQbeRj3GK32k+BAe07fusv2t7UAACF/QP7fUP/2u7uRuo6rFnq/yt/GqBweGxCmE9vvVhU4UYqD/PbW3L71DBrdZ3kC2ng5B65KBkiZ7dpP8V8P0hX4NULb3n3WF8grwTCDKPcSykRg6VlsOe2uFMtcbHDwR61m8VKcDw8sdoppRj4dMxZsnt7vE3nrCy/5rNDl/rHAyUDERhuc9C6IcsdZ+ECkgexrgMwoD7QhLAsP55deXcNNqDL7qRRNw82Wqi92Xb5qwBC4ZRhdCTjNjguKQP1OYCh/D+RBn3sRoD3RYLhcYCkragW0X70Ox95EeJGxrZ+v2LBNlFhmh3qJJxYDxoWKcz/bUO9ADXGZozGku61ABHFJF60p6WWuYfRY89++orh2dJaA7Mcwa8zKtY2KKGkifHczpD8H1yesRoyLytjgnT8VjAogNR/HjxZxzNembZ5EEuxmD9Sr5+UESmlNWe+u/aVxXwLvIb0u3XXGaBuJAZTbXOlfC8EpKACumU1VdLyV4vTZBS2dXA7GnnAzF1CsgYS4HWyi1dnaLo16e3rQNzyVAOn3+FZ8SG3W2zYkAyoTfuE0+AfpNoaw4+s2+wJA3FFVyHtrf3PniYozQvYLbvtxB67kI6SMCsro5ev6kLqvjDtxFD+YehiRc4aL+VdBc7pA0JWyKdFyfDio8MPiUQ7bKZeDBZErCqok8a9MDa/RHSWjUkFECVb8KeLGDIyffnD3mVPXX6vlSb+ef1gxJVNW65uNwBnzixRt1xW3NHvNy62NG3ictsHHUZZuyqLJEaETUpVt5KDT+d5JXtle8UEMRHqAnM0Cg2rL8H9QtjvOH65j2dhJMhWWN+DIM/bTuppbZLEaQXLmpERT8WAFZ1Lt9/tJqkqi+ZyzCoTlwkAfhI5OToTRsptwioXCt0jGwn5FyXhP3br1PE7ZNAdkqTbwUMnS+BI/swfJTPx7QIK82haegBLCheiWciINMIwMOZQTWEQIWshKiF+hZLsym1y0PIZKljAhqbAl2YMRgZ9GBYQy4PIfUjv77lfBBdPwnJBtuM41ZeaOjHiUaupll5UWxlS0e9UT29tCypEHpzY39+/U1VyPADNhwVt7s6Wc2/FTU+2iyFMvdVmE8XfwZ6gApGU1fKEnOQyveePwPX69s/qgpE2X8FfsDZCNW0s1cM+TtjGoWXGQhOqJG9TBaO5+PgYT0l3tZasjiPiv48syp9Ud3T35MiPCnZA9Eob2L9UTnn50r58acXlQGd2Hd4Bwh5QgFJvvhyTBlhfrMGNThY3RQC2JASkK1gFwUUxVcNmMdxeLeEGFsBs4Q0tNVwOTa3aqqYYc0Wm1oZxo6axhDjYUXjgOM1AQT6kFlvFd9m6E7BUEPWzbfBGLLSYRqgIaqcf8ElZUBXWzKNuE8gkoq+QcITYKxyS0/Mvn3PUF9BeOv1c7lchgxp+52lRUcXclNMKMQKJFfk18F1P2wzb1KI13iT8FHOEr6ro8MbARpviX6M9IaL7CPmocX5uOj8ynATJ7eEYY8iYeaTBbPAqdIBTjNhtmBC0EDDzSAXZ0xew0X9rbWFM05R17oqN5Vvhp+3ARHjaU81BUp8KcO+Y3wI8KjslJO/3jxgpY1FFVoKugufirxtE2LYiqFksD0hxz2MQYEq4IWp7NdeFZBgHMI0/QB1HER9BfFdKvjebA2zL6kL8vWbkbwmmRrlwaCMSIOyY4ZFoM4BIY+ODDG93fwkUzyyAhdBBhlV18iulKxbM/2CJ2X7szY6PnOawCtFtMMkyUhn6D0AutWOF/JVK8YFe1eUUQItxeQ9RpSJM6xcxsCg0duuV4VBnbq7GeghqiLg5swogzmxoZnwbNK41ks5mbynPFISDH07T45TNtTk2xvJvCWAo2Z5SbKVzjMAcOqSu1o712KyXDt9m1zdF9XCMR8JNeXzQkU3gD3mTRaixKPo3YuWYECloj6kW29dHK76xOL4K4DJ/Fsady+B1I4CoqUId3Vk3TVRzg/C5kzrK3fJey6FQNPxDs/1HLB/lK3lycGofjUEyvDeJGjvTrlQE8PyzrDueOgGOCG8ypVKkWt8Vizi/6gLoZcjV9/VdmYhdEmW2qspmbg2NC04UwNI1jfMe9QNX9woXf4HO3UsrTrBo2Vk7ZCA9mA5LQcZCMAn7QYVzjZPeFr29YkKKkcH1uQkeyZkHaOzBN1eRhOH9ZeyOaGc5EiTm+1TWQt0iwlZphTMX2zrTP+fgBfoyLBZD6xwvfdgNsMGHdJvROqxAYBZDXyypixqyGJ6to20sPAl81F2ab+eb2CF/nVEavigXo7NiOWvFwEsZBRgEbqyUPSF/KLujV7BDO699nn/wuZpK9X6ppxijMjIrPRtEddBE/a/tGqA3j4Wm7VVYp8/uK1H9S4VepJPsGoYjx9NE1CpYdw0rNxPW4LEgN0WcO8gHuBO8hIi+fNsanLJ3BeldJPJkzlwZIviLbEjWiX4rGO5Xt74WEC7DgkREnM7+IX6yuUIv7QeBE3vDj8HuTWkGMOed22/M5fl+W88KXAkExjMKv2NJdK2x14MrY416tjvDosHCHthfqxdb0GXUvaCdyBIEciFKDchjrq7oFeIsTuyduY7bruSJY1KwkukLHecHSgneN73QJ3RPLlLMqzhq3xh8vUh9SaDZtEUdhWtRr022niu4xAqWYG40vx+yT0LFE063qkswHFQpGqI3/x4enyXIhbWcYxLkdCZRnJoBGrA96X6zyy6Fb5AwVCuVD553WOBl+v2CvmQmVPQahGvKsEU2m9HovyXlMZLDCH1IIVj14VW3eJrDIKTsZt0Xvta4pnMACv7RPTPdgVZv4UnYaf2fHNNbOgy2WnxloBK8jzM35h1dsVmSmaU0GUEg8kECuPvEEojeo4Yljj/2aWX/0fi5wykl1AiuLauIqurx+6tvGC9Qqqmq/tSzTkfesF6BXRVS/9ao8qUBeI0d5qOkfsIceFzB4FPVnNkIJshGFotwn3EI/+KSRxpd4WvdvVvwiHXBuWA+j6yEwFJINvCiFgdCile8VG74l66xO+RZXcQlWzonbFjNmPDt8ZujjXLzwNl1Xfw4b1FmKbHlj7JKhVQE4Sv2a4UDRbKhMNYE8S3I31ox18aAfD4oms28uYz0rFgU6kx+q2VFayZZ+1R/VJtVKI/PZkKOSTbs16NdCfOw1AkCSdlbIg35622rQ97+E5bApTLhPu9SJpBhQnwq0RXjrqam+PrBqscA+s0HoVEeFkYbUGZRljym26+hLlkEe8xq+3F/xOyFmmivAVpwSHLd4E3RaegpGo1SbJYmpOiFuBbB2qVam71nlFjXO/bQO58/H2min/u739nXsHm4w4ha9fjjc8n/d58WA1UDnY2/EqQjGe64gUqHmRWuQ3ohHcAfNpNAd/HBJxN1PO12BHbD8PrxwdRudMUfzZke7Y7KVw0prlPVTAUXPgOGq07d3DBB4EficlikuwjJy+oY3KYrB5AIV5oFrmvrm6jaQpKpmaExPz2LknWO4img3Pp+NJdzXEDVRU0JEBzQfY+325D0GVfqVvDOQfr01gRmAYUM5FQAvtVbsLVHOvfliYhuUbug8nRAVcrnA2zD3KC29eewJHYaAPYPCgnkvzhwSXzftomBag+xO6mSEmpCuAMKQNGb6AuLh4WuG4th6XXJRXcnkAo4vozIRqo8h27xlOVUQ7+Y9Inc0OJqtUBy3QKjVpv3btgMOaSBE+F8AdYjBsDHDGsEzyxaUVtfOlVGsOAGhMxVPY9D/tL9ZDsWloWw1STPHbmwgziEsIUdRJKThkRs9R5H2IOFH+928ZII0uxD0xSyJn8QDh9YtT87iZP9IVAQAOhm+y+c3QEapzjZuu+wcQDfR1tyFsHMZlkra+tKF9dWsSSnilwM8UwuOYs/z8VtM7V5zt9Paj3Z08W/euWCGldE0/rvpRXENZW90iki7uwBsnbphis4WsH4s3+W55I+4YrAzUEPzOgrMXon/tcZzp5iFL4qaQuUQ3wdm/WUvkElNwF9Dqb8sSeFscwXbgIo7+C39S/d2Pilt9LNDwr9LOLe2s6PuawtT14Ok/EoZUzb9XExm5kqvGyEN2SSMSmrZo7hUP5o49wUo5iL+KPwKagYdwOjEM/PovtrLxuzjAWjc9XdOSV6cFjtbEZWgn0AJwskWhmUjtBl1NsqboBM0it2oTZ6+MC2ONv8FE6/B8GJasQ4H0pmdtGXVCwrLoAXv5HSZvqlJEeEfXSa9IQTY+pQZrijxVVnBHIDu62D66m1JODrKlDdFILKRFfTAyvmBb4sfrWLFqtWk34IVTTKKb+pLZMLAO/jpoHBE2Wj/k6ZjGtV6cZ6X4fV0P6ieDRNiOXyFQHKESbkRGf1njJSDGtXp0kLlHzCuXACTifCmNfV+/Aaz2X0KFlDAYqJGRey/+gKOkISsZFql6ZWyGbqyX+LEuU+TVzSsA17ai2D65YJOrcVQsrFAAauM6nC0n2X97S0ESMnklJwV0ttrGr5zAxdL/1/9f0Eo3vAbB1TXSQLr/GHX7HLB0CfK0HIOsR0GNhUyGAlpU0xCI94J7CsGaVZNJqQl2m8P+rR4WQOWXkAAIs1owFW0up3F0qPWhc5MGUT61E+vx5CM+z9+m8ML5CAhcRPYHuu6NBOT6dU2/zo6Ng2FsOgs2mIxemIU+eu4uWGvG6w/q8NLzugE3CKPQkjKmstZPd5nsBccuZZ9g9CSpXfiZOJdg+srF1CL1mWaIV8O/AgkqDTmeUcAVFYi6gD0dljVGJhk+/ji6+XpovJWsOtwuIvxB8imnzEyI/TGM2zbR7HGezP7w3GSxWRusvDAjo9N54QA9Y5LIAe8IZYYs62foLYFbRkXGkIDsb5IN1dYJ0HYrf3PKHfb+eVfpU0WygqAl4C7HvuCThh2AnKrANH6mGj+chzABHvobQKoMcD4/RNO1N29Rqy2aDwGDUY1RpZbZQLb0aw5VwJK103RzYHb+Hc/g4dJGHfQP1+zXNPhA27BQ/DWeakjfSTADdJlDUhhnbfGmYSSSOkE2PqwG/kLTpI9+YAKMVlNyOmd9oBjsoLAYgZRhExopQgxAlW2vN8CkA4LXtoyJ5KA97I0A8EvR6DBYSWEtIFoHdlQSvAdly16ECbpZV6xohyuzIUM0altoigVGALP16b4YANSmcx0iJgJUr+tfg/SrDDriNen9fxpmRPMKUojFeGXLll17Gy4Dc3dnVnQnP8fw1E8MF8Jl9SUghMaBnYq0fApYDMBwFyZ2poosbFla1heA+Q2TqHVPvz3SwicnmznSA9In2zwDzhJaOwTpc0x4254ZR99I/ngViNXVtmREiBVHnY/fbcUSOhtmkAbgPoDIaafEHieUFKqzGw59gxN8ICwA9GthauimISAJ8bywBqYs/D1dLs3EaRGPEg0gEebByf2QcUrLmWixtz5K63c4KAKcua27rYb30cN0QbanXrS56xQqpQoUFrekztk/VI65EUZafYRPeZmXkxhut90QJt1BNxOENdfIgQRFeAr7taSAjdC59Tbik4Q+C0zVzh94u2kqs2fRooRUfSLJjwPqqo8Lz10Hgm7wJ2oBsOuYjtCl+eVEiDVRS1HLjjSh5aFr6IyQdyQgElIzB7MtPdgCJxeJ4LxvFF9O1IR0VYEXz/fOXMUalYiEqueXt2+y4026jSVxrVcdTd9w4X/1IvXDBVbUN6t2ZhUE9rPhKNcKAP4Pgz2UbUB4zlUeTeXgCs9Ni5S4X8GO1h0Cpa05yKvdaihepcL7UYbe13tvLfADjbrZMy2U/0RGCTI79U3YRG+3HfxWkqPYRTmqIV8XRahS8NJMoixMAAb/glFJki0Nz0kPnMBopgBIjbO7+oD5/tYAAAAAAAAAAAACAWJDow23WA1RaNTAwGB1neugrbdOpl30ZV1X+RUpi2Ni9oA+zyxqWUXkiOuxbuWAPLM11t0YOkTsrHLUxZjnZmvjghapm3fnFKQudG20IfdbfvSmAZJbpNtHUTB0AqwrCzdGdWalS1DJuma9IU5RtFepEkSyiDmN+5F+3pLnnYM8KwAw1SI37XlPTKYRF2CY0NVgnOHnwHut4yQ7mfS6lMJrPXqL5vY755+MC5JISEM0j1eQ4vjemZqVx2DlWWGg3tCJ2oEtdgAAAAAAAAAAAAAAAAAAAAAAAAAAAAAAAAAAAAAAAAAAAAAAAAAAAAAAAAAAAAAAAAAAAAAAAAAAAAAAAAAAABFWElGugAAAEV4aWYAAElJKgAIAAAABgASAQMAAQAAAAEAAAAaAQUAAQAAAFYAAAAbAQUAAQAAAF4AAAAoAQMAAQAAAAIAAAATAgMAAQAAAAEAAABphwQAAQAAAGYAAAAAAAAAC3cBAOgDAAALdwEA6AMAAAYAAJAHAAQAAAAwMjEwAZEHAAQAAAABAgMAAKAHAAQAAAAwMTAwAaADAAEAAAD//wAAAqAEAAEAAACwBAAAA6AEAAEAAACwBAAAAAAAAA==" class="product_picture" alt="Louis Vuitton Pochette (Purse)">\n                                            </div>\n\n                                        \n                                    \n                                </div>\n                            </a>\n\n                            <button class="next_pic" type="button">\n                                <span class="carousel-control-next-icon" aria-hidden="true"></span>\n                            </button>\n                        </div>\n\n                        <a href="/products/6+2">\n                            <div class="product_info_div">\n                                <span class="product_name_span">\n                                    Louis Vuitton Pochette (Purse)\n                                    <span>\n                                        ($72.70)\n                                    </span>\n                                </span>\n                                <button class="purchase_product">&dollar; Purchase</button>\n                            </div>\n                        </a>\n                    </div>\n                \n                \n            \n                \n                \n                    <div class="each_product_div">\n                        <div id="carouselExampleControls" class="carousel slide product_picture_div" data-bs-ride="carousel">\n                            <button class="prev_pic" type="button">\n                                <span class="carousel-control-prev-icon" aria-hidden="true"></span>\n                            </button>\n\n                            <a href="/products/11+4" class="slide_show_pictures_link_tag">\n                                <div class="carousel-inner product_pictures_slideshow_div">\n                                    <div class="carousel-item active">\n                                        <img src="data:image/png;base64,/9j/4AAQSkZJRgABAQAAAQABAAD/2wCEAAkGBxMSEhUTExMWFRUWFxYXGBcYFhgYFhYWGhUXGBcYGhcYHSggGB8lGxUVIzEhJSkrLi4uFx8zODMtNygtLi0BCgoKDg0OGxAQGi0lICUvLS0tKysrLS8rLTctLTc1ListLS0rKy0rLS0tLSstLS0vLTUtLS0vLS0tLi0tLS0tLf/AABEIAMYA/wMBIgACEQEDEQH/xAAcAAEAAQUBAQAAAAAAAAAAAAAAAwIEBQYHAQj/xABCEAACAQIDBAcECQIFAwUAAAABAgMAEQQSIQUxQVEGEyJhcYGRBzKSoRQjQlJygrHB0UOiM2Jz4fAkU8IINGOD0v/EABkBAQADAQEAAAAAAAAAAAAAAAABAgMEBf/EACYRAQEAAgICAgEDBQAAAAAAAAABAhEDEiExBEFRIjLwE2FxkaH/2gAMAwEAAhEDEQA/AO40pSgUpSgUpSgUpSgUrDbS6V4LD3EuKiVh9kOGf4Fu3yrVto+1zBJ/hJLNyOURr5lzmHw0HQqVxXHe1/FSf4MMUQPFs0h8j2R8q1vaXTbHSA9bjJADwUrEPC8YUnzNB9C47aEUIzSypGObuqj1Y1rO0PaTs+K4ErSkcIkZgfBzZD8VcDabMS2V3Y72sbn872v61WBIeCr3klj6C361aY1G46ptD2undBhfzSya/AgN/irWdpe0XaEm+dYV5Roqj4nzMPI1qX0cne7HuFlHy7XzqpMMgNwovzOrfEdanpUdm3ez/pZKNoQh8TLIkpyMHkkdDm0QjMSt8+TdwJru9fLruVsymzKwYHkRx8r38q+ltkY4TwRTLukRXtyzKDby3eVVymky7XlKUqElKUoFKUoFKUoFKUoFKUoFKUoFK0zbvtP2fhXeNpHkkQ2ZI42Nj+JrIfI1pu0vbgTph8Jbk0smvwIP/Kg7LVEsqqLsQoG8k2A8zXzjtL2n7Tm/riIfdiRV/ubM48mrVcbtJ5mvNK8zDXtu0jDwuSRQfSm0/aBs2C+bFRsRpaO8pvy+rBt52rVdp+2eBbiDDSSHgZGWNT6Zj6gVxNAx3IfOyj+flUy4dzvYDwFz6n+KnrUbb3tX2r7Ql0jMeHH+RM7/ABSXHoorUtrdIp5r/SMTI4O9XkJX4L5fQVi8dBlUHV7HUFiAb6fZtaxIPlVvGZFClTFHqV7ChnBF7k2DMN3MbxwNLNJTSY9FAIDEcCFsvqbVbNtdtyqB4kn+KmGz3e7ydY+gN2IUXJ59okem7dU2H2epzAZQbXFkzMSCOyC19e8CoFUE3XQsFWZ5g6EMpCxhMozowBvvz2O/d31DBshrZ3miRhcW96QlWzC44G9tRwHjV3BhYoxYC+dOLHsvrwF7jlpxqsTr2Qq5exkIW2uu/QHU6cP0orlLfXhkIZMyhhxAPqKrq02bfKVO9SfQ6jw3keVXddXW6l/LL7K8r2lVWUsLi3Ouy+xzaXW4ExE9qCRl/Kxzg/EXH5a43W6+x7aPVY54SdJ49O90uy/ISnzrPOL4u10pSs1ilKUClKUClKUClKUClKUClKUHzH7Vtl/RtozgDsuTIvKzdo/Niv5K15MCeL/CP3N6697f9k3SDFAe6TGx9WX5db8q5Rgnug7tPTT9LVaIrxcEnEZvxEn5HSp1UDdpXtKlD0V7XgqqpEc8eZSOYIrzA46ykFQc2TsgZdV4DLuuM2tTAVbYbCSSSdTCjySFiyqpAuCCWte26zEngBUZTwmVLLlUkFgLA5ewxJs11Pa3XB5D3Rcb7wST3diSxB0G4ki+43tp5eVZWLoxIhvNiMLhd11DdfMGH+SAML/iYftUqbMwCe99Jxbcc7LhoT35I87n4hVE7a5JilXflFtdTmPpuO7lWQwOxcZOuaLDSsm/rGAhh149ZJlSs9BtcxW+jwwYawsDHEGkA5ddLnk9GGtWeMxckpzSu8jc3ZnPkWJqNo2oh2U8HvyQOW3rDJ1mS1yMzAZb+97pI3V6a2raXRyPDYLO5/6g5T71rm9+qQbju1O/Q7hWrMa9ThynJ8XV943/AJf5XLveds9V5SlK5rGsKn2ZjzhsRBiB/TkVj+G4LDzAt+aoKomW4I48PEaj52qlnhaPqFGBAI1B1B7q9rWfZvtP6Rs6Br3KL1R59jsgnxUKfOtmrBoUpSgUpSgUpSgUpSgUpSgUpSg132g7L+k7PnjtchM687p2rDxAI/NXzJs85WZDv/cHKf8Axr68Ir5W6X7M+h7QlitZVcgfgOi/2lD51MEVUSORuW+l96qALgaliBvYVXUOJgVwA26415X0v5Xv5VZVZy7Qe5AAHnm9CNDUKSuzLmbS4vm93fxA3ipo5Or7IGmtwba9+7fp31snRjYy4xXLNlCkKVFhobcbW58NbGq3LS0m2MwbXQa3tppfh461Ph5hDPDOw7CvaTjeJgRILcbxmQfmqvEbO6jEy4e9wrXB5gga/O3lU20IbxEAcNPLUfMCujj4/wCpjWeWXWp8VB1MjI1j1blGAuM2RrE34ZrcDxrZtodFFaRzC+VLwFFszWSUhA2a97Zg381rWIm6yKCa/wDiRKGOhJki+pbXfqqRv39YOddF6MIXw0KuGQssuDkBBUrdOshaxsRZQADzkrk0rnuXw0fbHR+XDJncgr1rxaXButyCRwzKCQLnSrDZoHXRX3dZHfwzi9dM29h/pGGmBsrSRJieeWWG0eIHkojXzNc72xsmTDyOurBMv1gU5e0AQb7hqbeVCZb8VmvaNMxxKLcgLECO4s7XI+FfhrUME10A4r2T+XT9LVvfSPDHG4aLFxDM6raRRqbfaAHHK19OIa9aFAbOw+8Aw8dzfoK3+Nn1tn5Rx+cdfhdUoKVvZ4PspSlUWjpHsQ2jZsThSeUqj0V/kYh5Gur1889Bto/R9o4dybK7dU3g/ZH9zKfyV9DVz5TVaQpSlQkpSlApSlApSlApSlApSlArhvt/2RlmixAGkilW/Ethe/eGj+Gu5Vpftd2T9I2dIQO1ERIPD3W9FYn8tBwDDyZlB5jXx4/Oq2W4IPEW9asdny2Vhy1tu379+7UGvcXiipIDR3BIAUlybHXUDKOPHhV9o0oxUTFg1r3GtrkBvteHaBq5iuoYIxXMLMqlma1iSGyb9L8Kx8UU0xsCTvO+ygAX1I0FXZw3VpZpCDa1lA0FmZrMCCwszaHgfKq+Eq4JBCM4jbeU7RC65Q1imrbiDrYHyNrrAY+SVhmHZJy9ldBod5ve98o5anjatm2J7M2cFpJYlUC97mRiLEm+Wy7gdzHX57m3swgWFljztIVYRszBVSQqShCJYEZtdb3vvrbDluOpGeUl8tIm2tJiYnjlyg4Xq8mQZSYH+rluBvOY4a/DU6AVu8O2IhArtIokeBXKk9oYnDSAgFR2hna43bo653s+QfSYSeymJUwNcbjKMsdwd2WRkY/6dRLEbhTZbkbzopJt2rbrceNZc2Os6rrclb7jOmsCPeJC4Erut+yGjlj+sQ7zfrSX4bhWs7Q6SyyxmM5Qpjjjbsi7CMkoSTc5rm5IIvpyqHaWwZYFdnylUdUYg8WQODYgaWYC/M1aYnAyRpG7CyyAlNQbgEA7t2/cazJ1+l90d27JhWJUZ4zbOnC+4EH7Lfr6Wl6abYw+IEEkSssiuQ91AujixuQTezBPU1hY4WY2VST3Cr2XYrujCyrcG1zma/D/AIKmeLtPWdtrK9e1DhpMyhuYF/Hj86lFdvHfyZTx4ekUqoVTWnPxTHVnqs+PPfiosTfLcGxXUHiLbyPK9fSnR/aP0nDQz/8AcjViOTEdoeTXHlXzeRXXPYntLPg3gJ7UEh+B7sD5uJa4859t8XRKUpWaxSlKBSlKBSlKBSlKBSlKBUWLw6yI8bC6urKw5hgQfkalpQfI+PwbYfFyQvvV3RvEEgn4lPrWX2T0aeTq26tI45CV6+TMUBAa1gB2rlSthpe26s17c9k9Tj+uUaTKr92cdkj1QH89XHRva8b7NmhkfKyN1kNzlTM1nTMeP1iH4qn6Rf7J8N0YwaWEsskwzFSR/wBPACQWF1T60g5SB2wL1msXsvBnCywwwxI7qBlVEBJ6wrES4uzfWBBqx0JN6wOP6QRKLI+a41RAQPdNrse8jdfdWqz7feMBkj1AADu6luy+mVdNMy8VJ032tVJu3aOPK3D9Xt1H2TbZEmHyuVzx3AZjdiq5QWJZRa9lO8++NeAz+O6ZYSEsmdpDcf4S5gOIsxIVtCBoTY764LC+KxN+rQ9oknImUEm17sdBuHEbhyrP4TYOIgizygWJAsLkg6m7Hdc7tPuiurj4d+/TK59d+Vt0oyu0rx5lUyvKl/eQM5YjQ8AzAWO61T7W+scSAD68JMFGpzSi8ii28LKJFA7tKhxjrYg68xVOy8QThUYGz4eVo72u2V7zRXv/APLHiDcfeHhVvlYSSWJwtsdPwamSBWynrJIAbMLEYnCvcAg6guSfKOsb0p2f1uFfIt2SWOeO29osRp85S7flFZyPELlEy+79RjFJO5WTqsQPyxXbxkqt4AAYmOVQZ8Kx3BFZeuw7X4ZEsoPNq42cn25nsyGSGUq6slyUJINg1swFxoTYHQVm7qOZ+Q/mrnpJtXDtC3bHWMIJ1ANwJl7EyX3e6oGh+0am2b0fxM9ikTZT9puwtud23+V6NJu+2gvFkllTcA5YfhftADwOYeVCa2Xp/wBF5MG+HlZlYTZ4my3srKM6anfcdZwG6teyaV7PxOHLn4b18a91hzcuPFlO339I1NKCvBXNnleklbam9va2z2S7R6naXVk9nERlfzqMy/JWH561OqI9pfR54Zge3FIrhbjMwBBIt32A8658p4aYvqKlUQyh1DKbqwBB5gi4NV1iuUpSgUpSgUpSgUpSgUpSgUpSg5r7dtkdbgVmA7UL6n/JJYH+8RVw7Zj3S3IkeR1H6/KvqvpBs0YnDTQH+pGyg8mI7J8jY+VfJ+EBjlZCLHUWO8Ea28gT6VMRWSFbn0I2ZhJUJkQdaGIN0vfipvuvw56VpgrYeiHSAYN5GY5VdBru7SnTXvDN8q247+plzfsrpkeylTJnYqHLAAAIBYXAOpe5ANiGXd4ViOlGFiZHJxBYqp6tdMoIGnE3JIsTvrUNodMpcQcsKMdSQz6Ad4zePAVhJFmY3eU+C/8A6OvyFdmGMt3vbhmPLv8ACmc1XsC4lmh1+uiYpb/uRWmW3f8AVFR/rd9UsKn2gxiMWIj9+GRJF4XIYFRf8QWq/Ix7Y12TPrZPy3TYCbSlhjihw1kRZY+tlGUGOUgkXfRhou5W90VsWE9nMstmxuLZz2bpFuuu7tuP0Va33BYpZY0lQ3SRFdTzVlDKfQipxXm6bTGRhtkdFsHhtYoEDffYZ5Pja5HkazNYHbvTHA4PSfEIr6dgHNJqbDsLcjUjU2FaPtr2wpqMLFmOvaNpDoQDojCP7Q/qEi4uKlZtPtS2Z1+zpSBdoCs6/wD1m7b914+sHnXEGkzAEbjqKh2t0p2hjzaXEsysSBFHbLu0BVbRkEX1JY6HlWH+mPkVFJAAtce9bhrbTTiLV6Xxc8sOHOZeJfX+XPyYS8mNnuMzNMqAZmC+Jtfw51YzbXX7Clu89kfPX5Vi8gvcm557z6n+arFuXrrXNnyytJjU/wBIeT3nKryQWv5k/vUnVxqGyoQGtYtZm0trmCjUkE6XGttd9QwqW3ajmTZfiOlXYw7EhS17DhfKNTcXPru41jc9ryPoP2U7U+kbNhubtFeFu7Iex59WYz51t9fN+yJZ4P8A27SrbtWjYjMbbyLgHcNTpzraNj+1mdCFmCS/i+qkPgQMreQ86ol2ilalsn2h4KawdjA3KUWX4xdbeJFbVDMrgMrBlO4ggg+BFBXSlKBSlKBSlKBSlKBSlKBXzH7WNl/RNqSkCyuwmXvD9pv7usHlX05XIP8A1CbIzRQYoD3S0TeBGdPIZZPioOXiqqtdnyXjXu09P9rVdCrqrvZzdo+H71eSJWKRrG4rJQYgHx5V2/HzmurHkxu9reRbGqsR24it+7+D/wA5UxWJjA94eVYltptfsgW3a63H7V1ziyyviM+0dP8AZ37T4YsNHhZ1IeGN7MbkEK69XGFQM18j23f0zWpdNOnuMxUsqRTOICzlApyN1VzbMsdiOzvzk7r2FarFPH9Z1oY3jfJlIFpWIIZgLZl0N/LlappekDjMIfqo2Z2yKF0zxiNxe17FRu0F9bXrz8/j4ceWs8v9N5nb6iBOjrqM0towWCnNq92i61Tk94qVK9q1u2KvMXPh1KlWkmusTNn7Ch+ryyJkFtRlTtcco1O84V5ix1JJ0HkNAO+plwrfasg/zb/hGtZ3lxx/ZFutvurp9pvYKCQAEB10JS4U2Hcx333nnVqpLGwBJ5AX/TdU0UC3sFZz36DyVdT61enCMFu/ZQG1lUmxtexVBYG33iKyyzyy91aSRZLAeJA7h2m+Wg9ausNhL6hbgb2axt62Rf8AmtVnERIFZAsn3gSc433GW2Vd3G++vZJpmzPHcx2FwcsiqCdAbAqmu4G/CqpXLIgTOWVvwsCx1sdWPZHgLaVNh8cisvVqjAgay5orG/37kelwaxuEwysGdVlzKReyBl3bzICFU6HskVd9dnU9ZKqtf7SWJHMyk5L91hvoJpGkjN5cxjbWwe19eDHU92Vlq6xE3Zyrh2RGsTdAubvOYl3tbcxtpWPwEa2IWCOW290bK1jzbtBteVS4dglw0ksC6DKtzF5kajxCigqSGMD6vEWb7mUg+ULAkDvHrWS2btHF4b6xCUuf6cgVm72iJsR4ny4Vj4MYYjlUqyE6s6svnnAufEg+NZFwpXO8qlTuynKh5C9yWPdfXlQbjsX2rSghJgkp5H6qX0tZvIedbzsrp1g5tDIYm5SjKPj1X51xNvrIskcatGODZVUk3vZN7Hfvt4iqUgjVBaWRJDfssAY72sBZtAN2iOTQfSSOGAIIIO4g3B86qr50wfSGbBuAkpB49SxIv/nibTy7Vb7sn2jzADro1kGmovG/mDoT3WFB06la/szplhJrDrOrY/Zk7H93unyNZ8G+ooPaUpQKUpQK17p/sn6Vs/ERAXbIXUcS6dtR5lbedbDSg+PtlNZmTzHlofllq9lxSLoTryGp9BrUnTnZH0TaE8PuqrnLa47DdpB8DJWD6xV3D0q81pWr+TaBPurbvb+B/NW8kpOrOT52HoKtGnPhXkcbMdAWPdr6nhVu8npHW32nfEjxqJpyeNqlXCAe+wHcvaPruFXGHi/7ce7ezdq3eSeytWz+Ty5zVyJx4z1FpFh2bUDT7x0X1NTLh0HvMW7l0HxHX5VfxYTPdjIHI+yrKW8AWPjqoIFUDFoEvGrI9yL5Q19B9ttFI193u0FYLvYYGsLBYlO4k5b+BPabyvUzQRRMBLnN72YAZCeQIa7a6b1tVsJWlXK8kea9u0FU2AJuZX01OnMm2vKnAuCRH1aSX0BziNu68r3HlQXf0tu0ERWiN7WzJoOYU5jvF8381ZxFFWxd0Ygi1jkbkq5STryOmg8qYiUe/aFrg9VJkY/nAIIqmCfKc0bsh3ZgSpt3txHfrQT4aX7BMYXKQGlVxl1JGXq9b3P2h61RFEM1ygckaLqD4gKe153FVvh2VgC8bjS5QnJb8Q19KvHwF1MkUVkFtI3JyXvY3320Pa+Q3UTMbfRH2Wt9ZhxuY5cxHjGp187+FVGYK1+sjm5hgG/tS2Q99UrKpU9bNIr30DKoS3+qDmv41XDi3C9WoR0BvqgUg9zgXbzv46UQlOGeRRIiKO9Jc7DnqoGQ1U00RIDGZZBbVpM/a7nuOr0tvy1CMGNXchediVAHeb6+ZtUwxtwI0jWVRfXKIwL/AOdQA3p50GQmTEgXmzOh3sixySqNALvfLbXcb+NWmHxUcMheAiRjcFGjJk5asArL6gaVFh9nn7TsFP8ATRmVPMX1rIYeNFFkAA7qCKTGM2rYZhIRa6Mqx2BuBdACN594HvNVDDSyC00py69hdBY7wSN/LkaulqQUHmFwqRiyKB+vrVxeowaMdDbfbTxoJypte2nlV5s7a8+H/wAGVkHIG6H8rDKfSsDGs+YZpAVvqNd3LdV07gC5IA5ndRPhv2zPaVIuk8QcfeTst8J0J8xW37I6W4TEEBJQrn7D9ht19L6NpyJrjWysBLiXCxIbHe7Kco7wuhb5eNdY6NdCMNhispzSzC9nk3LcEHKg7K6Ei+psTrRDaqUpQKUpQcM/9QuyMssGKA0dTG34kOnmQ/8AZXIOqPhX1n026KxbTw30eVmQZldXW2ZWFxx0NwSPOuQ9MfZhNhbtCTiIraaASobcQNHHeLb92l6DlyQed6zIw00i2bsqu9Qu78i6KdDvterWfBlTxBG8EWKnkagzMp3sp7iQeR3UFw7LE1miYkWuH0a3cltPPNUrzTZs0WbLYmxytlXS5yqLKu7WwvVm0gIFkA4aaDxOhJ+Z9LVJJAFUESXvckLcKNLG7X7R8KD2JI30dXDnMboocNpcKIlC5Re3avpy5e4CYhgpl6tN5LoJUBta/Vm43aXPCvcAkly8GYW3upyIPxSEhR63qAsxJLG+8m2l/wA2p86CpTlcEFZLE2DKGDDUe54eYr3FROrESRlDvsRqAeSm2nKvJpEZiUjyDgASQPzMxJ8b16oXIS0jBhay2GUjW93JBvuoPMSIw31buRoRn94flFxvqbty53LoW0JB0dr8Qq6cP9t9U4N5G+qiUyZzoipnYkXIIIBN9+6538K9+igFlmzRyLYZGTLY8cxcgrpa2lzegQ5VBDRBibEMCc48FuFPianhzalC0YO/UXPiuqnzvVvA2VgECvruA082X/er0xySG7ZYwfsp/PDyoPGKrq7XPfqfJR+wqtZXPuLkHNve8lFTQYZI9ba8zqT+5qczch60TpBHgR70hLkcWOg8F3Cr1W5D9hUA9f8AnyqVDRCZV56/p6fzUtqiU1IDRO1ajv8A3qsNVCmjSAeJ3DeT4AUQmDUklCi5Nv38OdZLY/RnFYk9lOrU/aYXb03D510HYHs6hhs8v1j8zr+tBznZmyMTiTaKMgfeYfov8+lb3sH2aopD4hjIw58PAbh5Vv2HwyILKoA7qmoLXBbPjiFkUAeFXVKUClKUClKUCvGUHeL17Sg1jpH0GwuLBzxgNwYaEeYrlHSn2X4qAFoT1yAGwPvj9j8q79XhFB8fz4RkLB1MbKLlW0IHhv4eHfVuyWNyNRxsDX1V0g6I4XFqRLGpPO2o8DwrlW3/AGQSxEvh26xbe4x10tazcbAcQfGg5jPjXfKHYm265Jt4KTYeVvCvcT1QAyszHiWKgHwjAuLczcmrnamxpYGyyxtGe8aHwO4+tY8qR/I0+Y3UFcoZTYqy8e0CDbmAbE/KvZhHZbMSftZiFF+Srv56nfVEkjNvI8ba/wAfKvET/m+gkw8rggoSCNQ1yMp4EHePK1XQhLHNIxdibm5Op7zvbzqiIVcIaCaNQBYCwqQGogaqBoJAKqFUiqxQVCpFNUAVNhoGc5UUueS/udwoKlNSqdcoBJ5DU/7edbZsH2e4iaxl+rXkN/r/ABauj7C6G4bDAWQE8yKDmGxOheKxNiR1Sf3evD/mtdF2B0Cw+H1K524k6/OttVQNALV7QURRKosoAHdVdKUClKUClKUClKUClKUClKUClKUClKUFhtHY8M6lZEVgeYFc56R+yGJ7thmMZ+7vX0O7ytXVaUHy1t3oZi8KTniJUfaTUem8VgVFfX0+HVxZlBHfWmdI/ZrhcTdguR+Y0PqKD57SpVrb9v8As1xeGuY/rF5bj67j8q1CVWRssilG5MLeh40Eqmq1qhBWV2VsOacgRoT320oLFavcBgJJjaNCx7t3r/FdH6Pey/c2IP5eFdF2XsOGAAIgHfag5f0f9mcklmnOUfdH7866Rsboxh8MAEQXHG1ZqlB4BXtKUClKUClKUClKUClKUClKUClKUClKUClKUClKUClKUClKUHjKDvF6wG2+iOGxIIeMa91KUGubM9lWFifNvF721PG/Gt3wGzIoRZEA8qUoLylKUClKUClKUClKUClKUClKUClKUH//2Q==" class="product_picture" alt="Lenovo Thinkpad X1 Carbon I7 8Th Gen">\n                                    </div>\n\n                                    \n                                        \n                                    \n                                        \n                                        \n                                            <div class="carousel-item">\n                                                <img src="data:image/png;base64,/9j/4AAQSkZJRgABAQAAAQABAAD/2wCEAAkGBxISEBMTEhIWFRUVFhUVFhgXFhYXFRUXFhcXFxcYFxgYHSggGBwlGxUXITEhJTUrLi4uGB8zODMtNyguLisBCgoKDg0OGhAQGi0lHyY3Ly0tLy4rKzcrKy0tLy0vLS0wNS0tLTIyLS0tLTAtLS0tLzc3LS4vLTUtLS0tLS0tLf/AABEIAMkA+gMBIgACEQEDEQH/xAAcAAEAAQUBAQAAAAAAAAAAAAAAAwIEBQYHAQj/xAA/EAACAQIDBAcDCwQCAgMAAAABAgADEQQSIQUxUXETIkFhgZGhBgcyFCNCUnKCkqKxwdEIYuHwM/GywhU00v/EABoBAQADAQEBAAAAAAAAAAAAAAABAgMFBAb/xAApEQEAAgIBAwIFBQEAAAAAAAAAAQIDEQQFEiExQRMicZGhMlGx4fBh/9oADAMBAAIRAxEAPwDuMREBERAREQEREBERAREQEREBEt9oYsUaNSq26mjOeSgn9pxPB+87aAZm6SlUBJ6hRcq/2goQR4kwO6ROX4D3uDdXwpHE0nDflfL+s2XZ/vF2dVtev0R4VVZPzHq+sDa4kGExlOqualURxxRgw8wZPAREQEREBERAREQEREBERAREQEREBERAREQEREBERAREQNH98W1/k+zKgB61UhByHXbwOXL96fLikg37ePbOyf1DbXzVqOHB+Bbnm1mPotPznHRNKR4UsuqG0qy7nJ59b9Zf0dvP9JFPIkfzMQBKgJp2xKvdMNhw22kDZlL02+sLgjkyG82nZXt9jqdhTxjOOFQrV9Xu3rOcASoJI+FB3y7bs/3u4ldK+Hp1O9C1M+uYfpNl2d72cBU0qrVon+5A6+dMk+YE+c0ruu5j53HrJhj2+kAfQ+krOKy0ZIfV+zfaTB4j/hxNJzwDjN+E6zKz5AOOU7ww8jMzsv2qxNG3QYyqlty9ISv4GuvpKTWYW3D6micI2Z73MfTAFVaVcDtKmm58U6vpNq2b75sK1hXoVaR4rlqKP0b0lUumxNd2Z7c7OxFhTxdK5+i56Nvw1LEzYEcEXBBB7RqIFUREBERAREQEREBERAREQEREBERAQTEwPtztL5Ps/EVL2OQop4F+qD4Xv4QPmj3h7W+VbQr1b3BY5fs/R/IEHhNdAlVWpmZmP0iT5mAJvWGUyASRVhVkqrNawpMvFWSBZWqy4oYR3OVFLHgB6nsA7zNa02pNlpknnRkmwBJ4DUzZ8P7OZRes33V7Obf7zl0tBVFkWw/3fx9Z0eP0vJl828R+XntyaxOo8tOqUGAuUYDiVIHrICJt9QHh5D+LTB7UwajrILDtH790ry+mzir3VncNMebunUsUKjDcxHjJVxzjgfD+JCwlM5ExEvTErwY8dqnw1l/s3btWib0MRUpHgjsnoCAZgjKTKTSF+503ZnvW2pRteqlZeFVFJ/EmU+d5tuyffepKriMGQSQM1KopGul7VMtvOcFViNxtNu93Wyji8fhqR1BfM32V1P5Q3lM5rpaJ2+qaVQMoYbiARyOsriJVJERAREQEREBERAREQEREBOS/1BbXyYajhwdXJduQGRf/ACc/dnWp8z++ra/T7TdQbrS+bH3dD+bPLVjcon0aCJWoniiSqJ6IhjKbC4dnYKguTNjwWwlX/k6xG8ahR+hb0Eyux8MEw1NqYtnRWY2vdiNc3jf9pItHMpLFtLjQ/uQec+j4XT8daxfJ5/hzc3JtvUeIWtGtRDdH1V1At8O/lYW898ypZUFltbiN3+f1mktlcsxz2Lb7XHcCeO7y7IXMv/G9+4Gx/CTdvKYR1WItqafL7aa24ndH6m2NiBf9z+3DwtJKdPpNx179Qed/1mpJtF1Nm9dDMrs7baBhmuvqPTWdGnUONePltqf+/wC08mXj5qR4hPjVCqHA0zZXU65Sb2Ivu1FvKWm1aC5DwKkjjYfEO8jeDIdrbRDCrl1D1dOQJa/6ecs9pY/qUl4LUY8iMo87H0l82ak0tG9/20x477rtgjKDK1Gg5Skz5CXVUGUmVGUmUSATt39P+x71K+JI+BRTXmd/kFP4pxbDL1uX69k+p/dXsn5NsugPpVB0jd+b4T+EA+MyvK9YbdERKLEREBERAREQEREBERAREQLTauNFChVrNupoznvygm3junx9tTFGrXqOxuWY3PE9p8Tc+M+jffXtfoNmMgNmrMFHJeufUKPvT5oUTTHClpVoJtvsxsdGpdMwDG7AKbWWxtqDvPb4zVUE3r2NqXwri3w1CbndYqvb5zq9PrFs0RLw8y9qY91ZeixNNb9VhmFr6jrG27utMft3EZKD9bVhlG/6Wh15Xk9XG013uPC59RNe23V6R0UXcHcE1Yk6ADQ637J3eVPwuPMz9Pu8XGxbv+WPzDIqrfMxOazGxFxlUqBvBF+3fPXw13dVIYKCbtZLgb9GO/u3y5xeMSrXzvSRVCqppoppDqLl0sW6xte57dN2ktqdG1IuW1zBbZdG0JJzdlrbt8+ZifDr9s+yhajW4rusRdeVjpKqdHPe1Mm2pyHUDiQb6crSTEl1RKbaKbVQA1x110Yi5Aa3Zpy1ktF6L1wzjLTCnqpZCzBDlFySFu9rnXTsMrbXnaI8z8rH1yqi9yQN+liPUzG1qha997204KNw9B4CXO0qo8ySAdSeGYy2oIdWO8yceSYpMR7rz+71pGZI8jMzlWFBnhlRlJlFmb9kdmHEYqjRXfUqKOQuNfMifXdCkEVUUWVQFA4ACwnAfcJsfpMa1YjSiht9ptB/5E/dn0DMJ9WsEREgIiICIiAiIgIiICIiAiJ4zAC50A1MDgX9QW1s+LpYcHSkmv2nsx9BTnKVEzHtltY4vHV6/Y7sR9knqjwXKPCYhZvSNQyt6ti9mdlI96tUZlGir2MRx7td3cfHJ7RxbNoToNFUaKvJdwkXsnVBpFO1WPrqP/bykO1xZrcZ9h0zHjx4IvWPMx6uVlvNs01n2Y7F1WY2UE9pt+8owOdDmUG6WYkX6vfddRzm07PWnRwLu1s9QMRe1zvCgennMBQpKtEMyuGZyUqK2gRAVcaG4Odl1I7NO2c3q2abTWHp4l+/u1HiPyho4jqMunXtdiA3VuDpfcbi9xr36m8r06Z6Lowb2AqEG5Zr6sqmxAta0grvmObOWJ3kjXS2/U35yPLpu00vw1va/kfIziW8PZEr1KL9JUZOt0OZmYZV0UnrXBsTpcb727ZAjLka4uzWIJvpY62IOpOt7jxnlN3PVAzdtrZt2vMbr6cJ7iMWTSCZbBCzAC1rnf2ZidBvJle5ERO2Dx9YdIbagaC/bzEqTFE7x5SBwBqdWPYP3MUdTL0id6la2tbXLGRmTvSsLy3MtkrNZ1LOs7eGEGsGXeysMalVEUXLMFA4kndMbTqGker6K9yWyeh2b0hHWrMW+6ug/Nn850KWex8CKGHpURupoqc8oAJ8Tr4y8mDQiIgIiICIiAiIgIiICJHXrKilnYKo3liAB4martf3h4KjcIzVmHZTHV8XawtyvA26az7yNqfJtmYhwbMy9EvHNV6lxyBJ8JzvbHvXxFS4ohaS7rrZyOdR7IvpNY2oK9e5ruzm1zmqFiOBBOnlugapjKasFsiggWJFwW1Y3a5+LrAcLKNONg2Ht/mZR8MVco5y8MwPhftA79eUhdCL6XA7V1H8jxAl630rNTYtc06o/u08d6+unjMvtog5G4zBaHd6SQ12IALEgbrzv9O6hjrjnHafo8ObjzNotDIbSrXp0l4Io9Mx87jylBq0yqBGqIQihsxupfUuU16i3Om49wvLT5T84jFFcKVuraqwWwsRwIXWe49bHMFCByWAVroA2oCg6gDsv2TDm998s2149muKK1rFfcqk3Nzc8eNtL9/OX2Gq5aGVKy/OOTUpld3RAdGS283zubDTqgmYpakvX2gXCB1VglNaS6WIVSzAX5u3O85t/LaEda4INlB3gqd/kbD0ltiawAuwzX0tff4yepl+iCOZEusBRoHrVXW4vZSdw4z0cTB8XJERP3Z5skUruY39GEfF6f8AEoHMy3pspa404ibDtR8OyEU2Qm2gB1PLjNdwFPM89HJp2ZIrE7+zPDeLUmZiYZOsvzRPL9RMYZM2KzIB5yEzzci8WtGl8dZrGpeTf/cvsjp9p0iRdaINU/dtb8xTzmgqNZ37+n/ZGTDVsSRrUYIvJdTbmWA+7PHklvV1iIiZrkREBERARPGYAXJsB2ndNf2n7Z4OjcdJ0jD6NPrfm+EecDYZTUqBQSxAA3kmwHiZzPafvFrNcUKa0xxbrt/+R6zVNobSrVzetUZ/tE2HIbh4QOpbV9u8HRuA5qsOymMw/Eer6zSdq+9CvUJTDoEvoMo6V/xGyL4zQ6uFfNdway/VzBT4LbK3Zv1leHqrUqZUAoHtW/WOn1DZLfZHdmgXGL2hiMTUtWqsGvqKhZ6g5ISAByuJbf8Ax9r9KpqC3xDM4GujZBYo3JTJq+JUdR1WqeFOzEEC/WVjZfMnlLXL0tzmKov0alUuvHrgsMlu/NaB7TckhcO5IvqxQKBb6IcqWGn9p5y2r01BylChHW+ccZLnddRnDMf78t9dd8lq1M5uyqqaKalPpDew+EVQosLd1u8ymi5UFaBBUjXMhUNY7hqMx4XW0D3EVW1Xq1hoFUKoVOagFVNhvzA77d2PC0nKhcyP25Q2Ve/rkOBxNzyI1lyzhAFPSLUOpACKDwup+a4/CCZbY6iVUFgrEjVmJuTwtUFgRxS2+BFWwTXJyrUtvambsPtW1/EJZGiD8LeDafmGnnaXKno+rTezkjQJYi43BT181/PTTdJnxdyq1qd+xnYnpNNDcqA1/t/5gYuorLvBHC+48iNDLtNqv1ekVKqoEAWoLrlRWVFNiDlGcm194EuKdJHzGjUIA35wQnLPbKfvACWuIwhW2emUvuZLZTy3qfC00plvT0lWaxLyo1Bh1TURh2HLUUhaajfo2ZqgJ3WAbttqxOAqUyw6lRVJGekwdDYKSQd9hnAvuvLY4U/RIbu+FvI7/AmRdIykjUG1iDcG3AjhNa562tvJH2Vmsx+lcX07e/h3SnGYikEORiX0+iQPOQ9IDoRI3wytuNv0m1eTXF3Rj9/39VZx92u5Th6YUZ3PIdp8JHTdrNbq5r342PYJKmGy6nU8Z4ZWbzMRrx/IjAtBnspmYkopcifXHsTsr5Ls/DUSLMtMFvtv1m9SR4T5r922x/lW0sPSIuucM/2U6xvzCkeM+r5hady1j0IiJVJERATT/bj2hxmFPzND5orc1rFwp1uCo+C2mraazcJ4wuIHBtobar4jWrWaoDra/U8FHV8pZgzoftJ7u87NVw75GJuRYZSe8bvHf3zQto7PxGGNq9IgfWUEr5bx6wIrzwmUK4IuDccYLQDGW+Jw6uLOoYcCJMWP/f8AEjbvgW1A1qAPyaqUuCtrA6HsU20Hcbjuls1Wmf8A7COXNrO7DKpH1agN0HIaesvHQdmnL+N0icntFx3fuP8AuE6U1RVX4KgK/wBuUEg8KmXN46HvlpUqp8Ko6MdLl+jzHiSjHpDp9KeMgBJpkrxynS/ep0M8OKO6ogYdpUfqja+V4QremyXpoEctrlsc5tuLUlJvzJH7SBcMCgcIwJBIbJZHGpGVSFsBYi9xeKSLa9IqLdgGg5roV9JQHIa9QFxqBp1RfgqkWPA684TGvdb1lYEFusDrZd3I2OYHkZDR1PcOxsxDEaZerr+LhLgURUBILaC6hiz5jwuDZD5y2drsGcAi4zEG/wB3NaynmIQ8cBsxchSANwJuRoActsvM+t5Xh69RFIomyj4iANx3Z2tk7rGwkVPgpFrE6nTS5FyCAfDWeBxlIIIN75ut5WHVPMwLsVqVRrMmQdrghLnj0eqHktoGHLgim61gPokWYcLBv/QmW1tBYAkk78+cDvB+bt26ayO9wUzEDXq3O/vHYN26B5Vw63sQ1Nu0EEgcwesPWQvhXGoGYcVOYeI3jxEyC45+jyFVqBe1sz5Re3Hd2dUgjj2Spehd1CMyNa2vwA8L5sy37LFjCWJSseN5X0qneJksXg31z0w4G9lvmXmR1l++JY1cOmXMjm/1WGvgw0PiBLReYVmsS9pYDpCAjLc2ADMFuTfQFrDsG8j4h3y2fDuBcqbXte1xfhee07C+YHuINrHjbtlZxTlcl7g2t+2vjLfEV7XXv6eNkXfEYoj4VFJT3sbt5BV/HO3zUPdTsn5NsrDi1mqDpm+/8P5As2+ZrkREBERAREQEgxWESoLOoYd4k8QNC297uKVQl6BNN+7cefYfGaDtbYOKwxPSUyw+uo/Udvh5TvcjrUVcWYAjvgfOiuDqP+uY7JSxnX9ve77D17tTHRvxGn6TnW2/ZDFYYm6movEb/wCD6QMAxkTNKmPZ29oOhHgZCxgUVQDv/wA+ct2W3f8Ar/B9JMxkTQlb1EBO7XsOobw7ZRmfdcN9rf5jf/usnYSm8ErRcnW6QakfVIIPcRod9tTwldTDMAd2gByn4rG2Vrg5ToezdJmIO+W1XDg6DjexN18r6eEIWxIPEHiAbm+7QDKefrPWB00ve+l+sOY+Hyk4qKcofMwAIyg6qL9nSC1u7T7QlGKVAx6JjlIGhJsL9hudB4tzMCEAagaHhcncRoV0sJ6zbgbG3DULfU9Ud/YDKHW3xAadu9dODDS3fPaNIkgBhruzGw5ZgDbx9IFS2JFmJA7Cc2pO4KBcX4aykMAQXXMOFza3NNU9P5kQqpIqJ6m4I7VZTl8945yJaltxPde1x4gCEp6AVSKlJyCp3MFbXtsy7xzUSrEY0PfPTS9rArmBB45r3bk1/CW4Qnee/wD0TafZr2HxWKIKUiEI+N7qO4gbyP8AbwNVSgT/AJmw+zvsNi8W1B6eHqdC9UK1UgKqp9Jhc3IA1vrutv0nXvZb3TYXDnPWvWqaXzfCLcF8TvuZ0SlTCgACwGghBSphVCqLBQABwAFgJXEQEREBERAREQEREBERASl0BFiLiVRA1fb3sPhcSCcoVuwic29oPYDE0LlPnF9fOdxnhF4Hy9WpFTZlKngRY/5kDz6L237J4bEg5kAPETmftF7s61K7UTmXhA520jJl3jsFUpMQ6lSOMsyeIv8A6f8AfCEqbzwyipTLaKSOVz6Tz5HUDAFxYnTv8QPTfCdTrY+u/WQsNNDu3BtQONv8yUyh4Qqw2K6O1wCQb9YA7rWKsCGHnbulo9e7XUBb3+EZd/cNJeYHZdXENlpU2c/2j9TuHjOiezXuirVLNiG6NeC6t+I7vKBzGlQZiBrc6Abye4Cbn7Oe7nGYkg9H0SH6Tg3t3L/Np232f9iMHhAOjpAt9Y6sfE6zZFUDQC0IaN7Ne7LCYYh6g6WppdmA3gWFhuE3elSVRZQAO6VxAREQEREBERAREQEREBERAREQEREBERAREQMTtf2ew+IUipTGvbbWc19pPdWwu2HNxwnYIgfLG1NjVqBIqIR+kxhfL22/mfVe0tkUa6kVEB8NZr2C93OBp1OkFME8hxv+8DhexvZfF4ogUqRA+swsPLfOleznugpizYpi5+ruHl/N51TDYVKYsihR3CTQMdsvYlDDqFpU1UDgBMjEQEREBERAREQEREBERAREQEREBERAREQEREBERAREQEREBERAREQEREBERAREQEREBERAREQERED/2Q==" class="product_picture" alt="Lenovo Thinkpad X1 Carbon I7 8Th Gen">\n                                            </div>\n\n                                        \n                                    \n                                        \n                                        \n                                            <div class="carousel-item">\n                                                <img src="data:image/png;base64,/9j/4AAQSkZJRgABAQAAAQABAAD/2wCEAAkGBxIQERURERETEhMQFhYXFhUWEhUVGRgWGRcWFxcWFhUaHyghJB0lHhMXITIhJikrMS4uFx81ODMtNygtLisBCgoKDg0OGhAQGjAfHSArLTI3My0sLS0zLy0uLS0tNzcxLTAyMDU1LTcvLS0tKy8tLTIvLS0tLS0tLS8tLS0tL//AABEIAMkA+gMBIgACEQEDEQH/xAAcAAEAAQUBAQAAAAAAAAAAAAAAAQIDBAYHBQj/xABDEAABBAAEAwUEBwcDAgcBAAABAAIDEQQSITEFQVEGEyJhcQcygZEUI0JSYqGxM0NygsHR8FOSoiThNGNzg7LC8RX/xAAYAQEBAQEBAAAAAAAAAAAAAAAAAQIDBP/EACkRAQEAAQQCAAILAAAAAAAAAAABAgMREiExQSJxBBMyQlFhgZGh0fH/2gAMAwEAAhEDEQA/AO4oiICIiAiIgIiICIiAiIgIiICIiAiIgIiICIiAiIgIiICIiAiIgIiICIiAiIgIiICIiAiIgIiICIiAiIgIiICIiAiIgIiICIiAiIgIiICIiAiIgIiICIiAiIgIiICIiAiIgIiICIsfHY2KBhkmkZGxu7nuDQPiUGQi5P2n9t2FhPd4JjsQ69ZCCIx6AkF35KnhXtwwz6E8JYeZa7/6vof8irtTd1pFqvDfaHw6eqxAYT/qNc0f7/c/NbJhcXHKM0cjJG9WODh8woLyIiAiIgIiICIiAiIgIiICIiAiIgIiICIiAiIgIi8btH2pwfD2ZsXiGRWLDbt7v4Yx4j60g9lYHGONYfBx97iZo4WdXuAvyaNyfILn8nbbHcQd3eBZHw+F2gxOM/aPuxUEOxdpdEnReXxDhuFwEhfinN4pjn+735dPKGuNaYMW1rB98uHP0QZHab2uSEFvDsM4j/XnaWij9pkNhzh5/kuUcZ4jPj3ZsViZJZPuuIDW2eUdANHwtdI4hLPigGTRiOI7xCpZHWRQbI/P3R5VHe5II0q3xT2c8NeBJIZeHOoEsM4mJGniEb80nXUkV0Ullm8YmphbxnlyWThLw6h4rrRtk2ToANydtAtu7P8AsqxmIp+ILcFE7Z0ouRxOwbCCD/uIXQOCcZ4Dwllszg1pPKx0skhFfs3a9B7gDRzq1cj9o0mOLhg8GGRt0M2JFkjfwwtcLFdXjfnspnq5YzpvHDldo0jG+yfFsBdhZIsSGmvq5gx9jcFrqAPlmK1/E4PiGBdmkZPAW/acxzR8JRp8nLfsLA0yFoxEk8j3OuHCudE9t2Q0xRU0Ns1cj2tHVbr2J7NvwZklmkIOIpog750rWixVvfu/f3QBrXi0KY6tvfpvPSmPtx7hvtE4lB7uJkcPxOEoPwkDvyK2rhntsnbpiIYpPNueI/H3x+i6LxnsbwzEBzsRhoWk1b2fVPvl4oyCT5LQ+KeyzDOcfok00Y6StZI09AAMrgP4iT5Lcyl9OfbZOF+2DAS/tGywnrlbI34GMk/ktv4T2kweLH/T4mKQ/dDgHD1YacPiF87cb7ATYcn6zDvy75J2Mc3zLH5a9Ba8DF8MnhAc7MGmi0vaQHAmgWFw8XXw2nXo7fXqL5RwHa3ieEru8RO1pFgZ3ObQseFj7byOw5LaOF+23HxaTshmH4ozG8/zMOX/AIJsbvoZFyrhXtwwklCfDyxGtSxzZWj/AOLv+K27hftB4XiKyY2FpOzZCYXX0Akq/gorZ0UNN6jUFSgIiICIiAiIgIihxoWdAEEotO7Qe0fBYW2sf9IkH2YqLb/FJ7o+FnyXPuO9veIYoeFwwsTvsxH6xwPSR2pNcm5b/NB1vjfafCYL/wAROxjvuaufXXI23V50vL4p7ROG4eISnFMkzC2si8ch9WDVv81LhEsLXFxa5xddnP7xOnLc8zdddTSwsRE4W0gHWyCNjW2bcfn6INx7Q+2PE4h4jhDsDhyQHSNa2bEFvMtzEMB8r+Kr+n8Aw8X0huJxE2Jdm+uzGTEuJqxJHMzI3kM1dcrr1XO5Ih6XyP8AQ7KIWsbbZIg4HzLSPQ/0XbS0sdS8eUnzYyyuM323bh2a7aYWSZ7cbJPhYH6fUNc7O2zpK8uc9ulWIxd34hstw4qeHQQd7w6LvIb8T4nNLBp9si3A7DxkHXYrik+CboWOsk+7RsfFInYjByd5G6WCQbPY5zD8xRrTY70s630XPT+3P6/eJvhqTZ1IcekFCIlmbTw2HHfTvXUQ7fQEtOui8rFHESENiBDpHEGRzQ5rOWouhIbrI7Q70OfmYD2jzEZMdBHi2EEF4Ail1/EAWO0+8yz1C9lnajhzGh8MklBpBw74iXgnYMaAYq/EXaADS1x8eI1MJ6eRgZo4HvkmjlxE+lOcx0kmXZpykBrASaBsiqoFXouGYrHSsZO8xtlb3ghabqMuyMzjQW9xa0N0suBOULPxHaGCeMQ/WYUEh+T6trXGiCO8FMIIcRyJtbl2VwDIHOnmmhzkMo5yXZY20wgF9EZa1plFgPi0KzJLd9u2srljNt+mzcF7Px8NwZaWmNrRr3WZz3HQD9m0EuvmB1OnLz8djMWGMcWSfVuc7KDE6UAGmEN2zUCfF11FhengeMsxhccPKybJo5zZGvLfIlu2nIALyOJzySF0WHMuanDwN2O2cEAnStNRv7rt1nOY/eawmWXhqb/aJ9Hn7r/+Xi80hP7R1Tvcdz3ZYbvyPJbDLjcTimkujkweHDfEA/LJm+13kwFMYPwkE/eGywOxnYnG/SO+4hM92HjzVHK8vMpLS3xRuLqbqTrroNAo9p0HCC0MkxGI71n7OCCbvGjpcUlxsHmMp9VvbradNSzG/izuzPD8PiGOdhpIZGhzmvIyuynoA2tDqQTdjXVefi+1GA4VCcJg2nFOBcS0OzMzEkuMkgFb/ZaDVVouedmBho3yHFd8Y3My5IpCwPu/DMG+LICG+Gtc3lR9Xi3GeFMw5EcH1pBaxvd5aP8AqOffLkG6/eVxxmPgzzuXdUYjCmdxxL8RhYQC2xFG1kYIIcGsjOj6JzG7vq5avieJsAp8UT3a6gFrr3slpA+BCwHTyTOpgOvPdx9Stx7GezfEY0hwb4OcjrDB1o/aPk34kLptHPHLLHw03DYF850YGj0r/Cuqdi/ZLLMBJic0MZ18Q+sd/Cw+76u+S6h2W7D4XAAOa3vZR+8cBp/6bdm/r5raFLUjHwGEbBEyFl5YmtY2ySaaKFk+iyERRRERARF5PGe0eGwg+ulAd9xvief5Rt6mgg9ZY2Px8WHZnmkZG0c3OA+Avc+S5pxv2lzPtuGjEI++6nP+A90f8lz7iGNkmk72d75SerjY8tb08h8AUHUuNe1CMHu8FEZnE0JH+BgPWjqR65fVaFxTjOKxzy3GTvDdfqmENbQ5taPC6vOz5hYEMebWIW8AuLYm525d7fl2GvvEjl6G1JKJLZI3/wBtozkkVRzEV+hH6hUw90DkAezUZxewo+IAGxtsf7qxlbRfG7IKF2KY8g6huljn09SVVKXsP+oG+ZOTpmaGiz8j6rFeGvOdmjgNX5QGk+hHp023QJXZiGvaWOtwA2N76TOrlyNHlfJYr5XgUKcGgaVqwEgElgyg6uG9b87UTTEDJI0U6rc+iK2GSwNPLQHoVZz0PCSWMsBrjVA621wogc+VlBUGNk0budMu7j1tlabc6Oo0WJLBW3Lly/uFWxgeQ0A5yCAGnxiiOgsit6obGyqO/IAJBLAPCGhrPg4c+unXZBaZO6O6cWZtDroedHkddaKyTjWuJc5uSQgDO3xN6EljjoavY0dNBqTSWB3ukOq7Lbyjys1rptvvposQxc2n5aj5Ltp/SNTT6l6Zunje9l2ThzQ7xOD2jQyR5qJ1s7WNju3leo32zheLwTIxH9GZHq4l7iJWO1OTNI1mcOGbXQAVYrlpWctvUtsUSCaIO4Pl6qpuIcNnEemv5FdJlo5z4t58mbMvTZeLR4HbDzGJx99rnB0XP9m4mzyNmxvRXh43NCy2ztcwnRrQ0tvQ7ajkF5z4bOY+MnqT+gVp7eoaAOQbX9V6cdTSx07jMd/ztv8AjllM+fLl/EdI7L+1fuovo8+DYYgN4aaHOuwZGOu9a1DhtsV7HZ/2hSsxRldLh48Jlp0Ib9Y40cohjb4i+93EVWnQrj73k6XoOQ0/RUFePLTw9eXaal/R3XtHxufHARxyPh7wWAwtzhta941+UAaHVr9OYXP8Q88NNFgE7xm+tObKw/eioAvJ1zOsa+6TZHg4DtRjIGGKOd4YdMt8rur3r4qlkOIxr2Z3Pks5WDU7/ZjYOvRo1O64fVST4nTn44qOIcWdKRX2QGgmyasnn5uJ166ACgs7s92SxGNkyMje9xqwNwDze46NHmV03sX7IneGTGExN37sEGQ/xO2YPIWdeS65wzhsOGjEUEbY2Dk0bnqTuT5lXqTaJe+60Xsh7LIMMA/FZZn6Huxfdg/iJ1f8aHkuiRsDQAAAAKAAoADYAKVKgKURAREQQTS1jjHbnCwW1hM7xyjrKD5v2+VrZZY2vaWuAc1wIIIsEHQgjouN9tOzrsDL4bMEhPdu3rqxx6jl1HxQXeNduMViLa13cMP2Y7B+L9/lS1WR2/moc9WnvQQ9ysPVTiseX9NignORoCaO7cxaHfEbbf36rKZLHI0NOmUAZfdymqFG7256LA729Dv+R9P7f/qxzIb10I2cOnQoM6YmIUTcY1tjQD6P1/MVz2ViaFrnNumueT4GgXezaBNEn0FdTspixx912h/IjqFjYhgYC6Mtb1BDa9RegProizpEs1EtIc/No0OA2HmNNhWx05Kw+IgksJd3dOrM4ZddDdmjZG/5IZQ5uTLmo+J7mDNr8bIHIWB81ikFo8NVdWG2QegO10Nt0L2l8oPvmyTsAQR8d/jqVU8FprwvAu3gEuymruwCWjp4R87VBfnIygnzBLaI0Nc7Na2qGOLCRd5tHOzE7cnN0v58+SISFhNhxJvkAOemcCxQrUaqv6QWuHejM3KQGsIbVbZRrVctCPIKh1aHMb2JaR+Z90Dy3VsvLRq3fQmyA6joXDcorIbFnAyeJzgTkaHF2mp0rXQXosWSGuoP+cldwkAff1gjkJ8JLQGH1cNnbUSK/EEhcGF7ZGZ3HTMH7OH4gSCPIg3yKC0GitbDuoqvkr2CMYeO+jdKyjo14Yb5WTy5HbQ7q2xpccrWkny/z816OG4WbGYF+5LWcmjUuc7oB0+a1LYzcZXnYjCMkcTCasn6tx1YOQzHcee+moGhOJHhnOJaBqN9RQ9Tsto4B2Um4pMThIiYm03OfBGCNy5/L0FuPRds7I+zPC4INfKBiJm6gubUbD+CPr+J1nnorzqcY5b2K9mGIxlSPHdQn95I06j/AMuPQu9TQ9V2/s12TwvD21Cy3kU6V9OkP83IeQoL3aUgLDSAFVSUpQQpREBERAREQFhcX4bHionQyi2vHxB5OaeoKzUQfPnaLhMmCnMMuw1a4aB7OTx8tRyN9NfNc6tl3fth2bZxCDIabKyzE/7ruh/CdiPQ7gLgWLhfBI6GVpY+NxaWnkenodwdtRypBD3rHe5S9ysPcgpl13Vknkfn1/7qp7lYebRYlzhsdR+nmCoi8Dmusk5hleSaZysga6eW6oJRrigrkax9R5g6UkiwWtZl3GpquehJWMSRoaZtqOfkSdj5ee6kloBAJab2FDTyO/y/7ClspIbG8jKCadk1yk62BqddfieqCidzSdLHWicvxBNnbcqkykeEAD8/9oqlAbWost/Ty8/83V6Pu8pz5nWPBlI97qR087FIIwuGkeSIxbgCa0O25DTuaHLorQ55rvS9L+TjsPIEJmO2/wANfmP6LKw/Dy6s5yDpz+XL46+SDEbv4AbP2QSfkP7LPwXCHOc0Pu3EAMYMzrPLT9Ba3zsd7NsViBmkYMLCTo51mR7eRDDR186G1Wuu9nOyeFwA+pjuSqMr/E89fFyHkKQct7OeyWedwdinnDYewRE39q6tbf01+8SRWwXXOCcBw+Dblw8TWX7zt3u/iedT6bL06U0iKGMAFAADoBSqpTSlBFKVKICIiAiIgIiICIiAiIghaL7Texv02L6RA3/qYhsP3rB9j+IcviOYre0QfKRkrQ8v8181afIup+1vsXkzcQwzfCTeIYBsT++A6fe+fUrk5KASqCVUxpJoKzipAw0Tr6IJJVKtsxAdoLv0VxFS7xCjoeRCtyEl31pcbs3Wazyu/PraqVbInO8h5/0CDHY9zWloc4MfRLL0sHT/ADl1V1mEJ1PgB8tT8P7re+y3szxmKp7mfRo/9SUHMR+CLf4mvIlda7NdgsFgac2PvpR+9lpxB/C33W/AX5lByXsr7OMXiacI/o8R/eyg5iPwM94/8Qeq612Z7CYPA09rO9mH72SiQfwN2b6jXzW0pSIilNKaRARSiAiIgIiICIiAiIgIiICIiAiIgIiIKXsBBBAIIogiwQdwQvn72m9izw+bvYWn6LMfDz7t+/dny3ynppy1+g1icV4bFioXwTND45RTh+hB5EGiDyICD5PzKpkTDZdVkGut7iz8K+K9ntl2ak4biTBJbmnxRSVQkZ1/iGxHI1yIXhtYSaAsmhXmdlLN1l2Uua0DwtAJ6E7cgfNSxhO3Nb52W9lmMxVPmH0WI63I05yPwxaEfzV6Fdc7MdiMHw+jFHnlH76SnP8A5dKb6NAVRyHst7MMZiqfK36NEdc0rTnI/DDv/updc7NdhcFgKdHH3ko/ey051/h5N/lAWzIghSpRBClEQEREBERAREQEREBERAREQEREBERAREQEREBERB43ans1h+JQ9ziAaBDmvaQHsd1aSDuLBFbFY/ZvsXguHgGGIGQfvX0+T4O2Ho0ALYUQEREBERAREQEREBERAREQEREBERAREQEREBERAREQEREBERAREQEREBERAREQEREBERAREQEREBERAREQEREBERAREQEREBERAREQEREBERAREQEREBERAREQEREBERAREQEREBERAREQEREBERB//9k=" class="product_picture" alt="Lenovo Thinkpad X1 Carbon I7 8Th Gen">\n                                            </div>\n\n                                        \n                                    \n                                        \n                                        \n                                            <div class="carousel-item">\n                                                <img src="data:image/png;base64,/9j/4AAQSkZJRgABAQAAAQABAAD/2wCEAAkGBwgHBgkIBwgKCgkLDRYPDQwMDRsUFRAWIB0iIiAdHx8kKDQsJCYxJx8fLT0tMTU3Ojo6Iys/RD84QzQ5OjcBCgoKDQwNGg8PGjclHyU3Nzc3Nzc3Nzc3Nzc3Nzc3Nzc3Nzc3Nzc3Nzc3Nzc3Nzc3Nzc3Nzc3Nzc3Nzc3Nzc3N//AABEIALwBCgMBIgACEQEDEQH/xAAcAAABBAMBAAAAAAAAAAAAAAAAAgMEBQEGCAf/xABUEAABAwICBAgICwILBgcAAAABAAIDBBESIQUTMVEGByJBYXGR0RQyQlJTgZShFRcjVGJykrGzwfAmJyQzNDdDc3WCo7LhCFVkdLTxFiU2REWDov/EABoBAQADAQEBAAAAAAAAAAAAAAABAgQDBQb/xAAlEQEAAgIBBAICAwEAAAAAAAAAAQIDERIEITFRBUETIjKB0XH/2gAMAwEAAhEDEQA/APcUIQgEIQgEIXnHHZNJHwe0dGySRjJa8Nka1xGMCKQgG20XANt4G5B6Mhcrkj9FFx+ircLekcodUIXKxI/RSC0bk4W9I5Q6sQuUcB9H7lizvp9pThb0nlX26vQuT8Ltz+1Jc07n9qcLejlX26yQuSi07n9qSb7n9pThb0cq+3W6FyMb739qTc+c/t/1T8dvSOVfbrtC5Dc4v8p/ae9Nl0nnS/bKcLejlX27AQuPsUnnS9pSC6b0kvaU4W9HKHYiFx1jm9JL9spBdN6SX7bk4W9J5Q7IQuN9ZN6SX7bu9Yxy+km+27vThb0bh2UhcaF83pJftu71s/FlU1MfGBoURzzMElQWPaHmxaWm7SL5hRMTBuHUiEIUJCEIQCEIQCEIQCEIQC8248h/5Bon+0h+DKvSV51x4D9mtG/2k38GZB42wtToaojXfRS2TPZ5PJXrxZ581SBEl6pKjOPxGuUjB56vEqzCLgRqlK5Kw4tU9leMouoSTEpYGNZLUTKvdEkOiVjqkl0SlCtMSQYVZOjakYMCnupOla6FR5pIof412H6O09gU+ve2kZidynu5LW9PT0KpijxPc53Kc5Zuo6j8faPLvhw8+8+CJK6PyWSO/ugfmnKeRlQzFF/ebzhNvY36KjQTvopsYbijd47ejvCy4+qty/bw0X6evH9fKx1SbLVZAxVELZIuVG7YE1PB5i38olk1KvISSFPbEmJI3JtbuYEblsXFq394WgWf8ST2MctfPJWycV/K4yNA/wBY/wDCes/U/wAHbDP7OoEIQvOawhCEAhCEAhCEAhCEAvPOO0X4LUR83SDPw5AvQ159x1D9k4Po10Z//Dwg8Zhje7DjapMNGHcnF/dcrTR76Kso4op5w2TCObo596W/QLx/JpxIx3lB2S9KttstqqtlIGv5LnNUosc/kp2bQ00XKEg+sXJyLR0jsLnzxN+k1/vXSJc5hDdB5KXFSfb81bCdAOOqljlxYvGwjJYfoWpgm14DXN+4FTuFe6n8Edg8VHgfnKyZoqux4mC/1k1JRTMkwSyPHJ8VqnlCOMoRgwps07n+KnpKd0U2Re7C7lKybSY2Ymq9bxKl6TChkgezxmprVK9moneUmfBsHkrpty003T7P4dFFh5TY8Tt1icvuKhHxM+SrHhQ9rNKFmDlRxjFbbckm3q/NUdTOX/0Qd9Jxt7l4/Ud8lnq4Y1jg45+P/uorzj/V00JksHHiXHTqRTVM9LJjifnu8k9YV1S6Ugn5Mnycm47HdRVA7x0lzlfHltTwpbHFm1SDCmnjGqqh0o+D5OpxPZzHnb/oriN8UzMUT2ubuC3VzVmOzNOK2+6K6NbJxWt/eZoNvTL+DKqUtV/xW/zo6E6pvwJVyz5ImunTHj4zt0shCFidwhCEAhCEAhCEAhCEAtB46R+xjT5tZF+Y/Nb8tD46f/Q7/wDm4P8AOEHisMXIZ9VSGwvb4pLfqkqVQxfIxfVH3KWGNT8+m+Ok3G1eGyb3dpSry+cVMcxJLneLiXemXbPk6fieo9O1tFhbC5nJ89ismcKqzyo4XOduBH5qpidTH+UCYfVttTroKDBi8JLj5LTySOtduUsk0hZDhDVv5IMUfW3Z1FJkqqhzmyOewu5sLr7dyrYJKFj/AJTWOb0Wz7U9UVlAcPg1M+N3lF7hY9StzlXhCxc+ts58tISOd1rJDq1/PA9rVWTcJ2UzWxvmbfmYDcm3QqzSfDHSQpXamjcWHY5xtbptt94VZzxXzJXp737xHaF6+tI2tsqyThHE92romCof5WF3Jb1laKKzSGlKnBNVS4H3LgHENA5xbdzLe+CPB9k0LGw3aNYAbjbc27vcsnU/ITjjVfL1PjfiaZ5/Jl7Ujz/il0pQ1NfWOq5MLXOaORtw2FtvOtf0hA6nfhcHLam6e0gNMzUc0UApnsfq4sA+SLGk4cW0jk2N+sWUXhDFHJA90Ys10YewHa0OaHW9V/csUZskXjnO9vXv8f0ufBecFeNqb/vTTkNKWXfSTTpHLa+bJc7lpJKU4pNidgJ6lAwlxvkjfijc5rt4KVT08tRJqomlz9ytqimoaMgTN28xdcoMaO0oXvbBV4eVyRJsselblxZZca+hB9GY/wCBIteg0NGOVaMHDsIutj4qYMPGpo4eZDM7/CcPzUzM61I6TQhCqgIQhAIQhAIQhAIQhALReOdv7B1P/M05/wAVq3paRxxi/F/W9E1N+MxB45SaUpoqZrBDK6VseGw3gfddNt0nUjx4Y2txbAc1RGSE7TIN+EqZS1lFHyRGcHkk5lZpju726nJMRG/C38Oc4W1L8Pn5WTbqstdaQPw+S4C9+lNN0hTNF2OdK30YGaafHJqnauQQRu/osVye5dK8o8S5zktPmUwTUxZ8pMW9drJl4MxHg87WDz8jc9Cgw/wrlSgyYeSLWFunpSZ30zGWZCC5/iWNrE7FeL39qSTW09VG3WNr3CTxWsDRn96r5tHVZf8AKVRkbzjGdin6uZubpWse1u7ffP3pqWWQte2SZmXi3bn6l0/eYI7StdAx6LpCMUYEuHMSsxB17g5dividEvOHwZhYGtc6NrrO2fdfsyWkxQTSVNp3hhbbMbetTWtY119Y7E6+Q27fzWa3S2tO9vbwfLUpSKzj/wC67bhcPo9Bx1mKGM08jgbtDsTQSDkOo29QKm6N002B8UWsDHNs0EGwdYC3ruCfX2UTW0pdinDAXZ4iD0+/vSZKCikDQXNB5nB53rnbo7W/lLTX5fDTHNa4/vwv9L0tCa46QijfjqWuxNaRhDr8u27ECPeOdavp6aV4e3BZ7gAA0ZAAbPVs9SfMBBfHFpIhsfM91wepQJWz07rPbrBmcTDf3dq6V6X9om0+GfL8rEYZx4aamfKjdSSM39iUzRtQ6PG1rS3fisrE1QiY6R2YxYbc/rCkwtjqYbue1rXbitWnhqI0E/nR/aU2ipKqOJ+FsZxdoVmylpRG3Ey485+1OTPcDhjc92LZcXGSnibU8FDWUkzZo3cvMeKTa+9Y0lC6VzZZHPLsIbfVG2SsA+UO+WEUnQLtKkiskZDhfSk9Ruo0IkUtRC1rTWPJuM3NIt2hbdxNvdPxlUr5Hh7m0sxxD6tlrEWk2mZ4lGGJtuThvmelbdxOPjk4zmvhtg8Dk2DoaonwOiEIQqgQhCAQhCAQhCAQhCAWlccP83mkv62n/HjW6rS+OE/u70n9em/6iNBz0dHQyYJH1BjLvJBWG6Oa1+FlQyQN3ZLDaeWaYEAu5OEs3AE7CpZbUskww0zjh2nYDbnVLWn6gMwwiGpxyFzMPi25lKhZFI/GGCSXeZLYdttqwaeSd73VQMcmWLFsIS2OoqYSuLWFwaRY53NsvekROkos+Clkc6w1ku25uLdCTSOjkmeZGDMgE7LHnA7FVVD566twwgkHJmVrK50XoVzOVPLd9yW22A7+vJXpX7QuI44/JgP2ck5HRxSuvJCDI3naPFSdHQTRYn1Egc3yS0526fcphnZALudZnTkusbQhVtEyYcklj2uxNOy/Nb9blDPBms1kglJBjzIaMx1qzm0lCdhxnzQ25upFNpOvpAZqSbVl2LWMlbiDzbaefLauOWl5/jLd0eXp6bjNXbVptE6QiqjAW4iGYiQDkLX/AF1KG5tex+GLC7qCuajS2knSztqnjFM0i7crg2v93ZdXUUFJPqqmnDY6ZjBHiAu7IlxJA22GXTbpWS98lJ1L2cPSdF1NOVe0d/6alU0tbAwTyvAdJlhA3f8AdVrpnMzdIWvW1zaZoK2eVklAwUrcoXiQ6zV7zvPlW9XMte4QUfg75mOzkhkLS7mOa60veJiLfbBn6XBfHbJg329queWR8dhLfDyVK0a6Zou514m2+Tvn0KsCcEt+Yl3nArRt5OmwmphDdW5uqdutzoijLRiY8l3lEi3rVDrZZC1jHGTcOcKUw1d7NyPmkq0WRpaljjtcHdCQ5728nDfpBySYjIGco8rddI1jX+Xd28FX7SgPlu+4th6+wLduI86zjELhf+Qy7R0sC0ARwxPxA2PSvQuIgfvAm/s+X/NGqWjsl0OhCFQCEIQCEIQCEIQCEIQC07jcbi4vdKj+pPZMxbitS41x+77TH1GfiNQeAU0+rhZhytt6U+6sl8ltnb1UCW3JOQUuCsZBC4AXcfF51ytEzOgqSZkcbpapuLbfO9xzjrUZzmMo2Nq3GUbcLrZHmBttVbUyVdRNk20YN2i4ssvknHKLA53Ody6UjQlfCTmue6JmFztpOwd6mQVIf/TvLt99nUtfdHUyeOw9qk0zZGfxhsuo2iiaA/G+aSV+85BL0tEayFsUZAGsB281jdVMNaxnllPHSLfOCnshcCU3aHYW5YbJmoqwy7S8Z7bm9lT1ekC7C6KYDDsAG0qAaqWSYF5u02vfnHSmxYyMqpKy0hbqzm1x22KnU9ZJSnVteCwMkZZu5zHMJv0Yr+pU9dUNlY0QSkObn3hFPURCG18Lue6pelb6mfpowdTlwRNaT2ntLOjqFkEjnTzNDH3bkbljTa5A32xBJ07XMqS7C0XkcDh8xoFgOwBJllY/nv1Krmhe2XFEcTXcxXK2Pdtu1er44Jx1jz5lHemin3RSv5knweTcrMhMcjo3Yo3Frt6ksqbZuJc7eUzqJOhY8Hk3e9WhCfDOHeK57enasGV4P8Wx+3ouoTYpW+T7060P833qYCi4yv5UeD6q9M4gR+3dRbMfBsuf/wBkS80u/cF6Z/s9m/DiruLW0XJ+JEk+EOh0IQqgQhCAQhCAQhCAQhCAWp8af83+m/6kf5mraytC439Iti4Lz6KYflq5hDj5rBmT6zl2oOeHw4n3J5PUpMk12cltlCbj1gbiIxetTRTup+TUtLzzOOLZuyKBlYKyyHXylschBLvFseTdJZTF8mrZO7H5pYpSEHagUztbq9e7H5uBZlphHJq5Jy14F8JYUDZWCnJafUShj5cLzsGE5rMlK6KPWSzYWHa7AiDKE8aR2qM2uOAbXYFltEXwa3WnV4sN8Od+r80EZYTzKTWROkjkuxts8BzusRUonkwsnxO+oQFAaQnm0gMmATHFuwFJ8FGswa/lebgKBtJKddShj8GuOLmGAoqKQU7sM0waW72mx9alJhCkvoSyPG6YBg5wy/5pBoy2PGJxg34SgZRdSBQPLNYJQR0N/K6VTwRuyYcZ24iHD80ETZtXpv8As/Au4cVziP8A4x9/XLF3LzippHU3jOxfRHet74mav4G4RSV0xtFKwU8hPM1zgb9oaeq6DpBCxdZUICEIQCEIQCEIQCEIQIc4NBc4gNAuSTkF4Zwu0sdN6TqqsEmJxwQg80YvbLpuT616NxkaY+DtCeCROwz1t2ZHNsY8Y+vJv95eLacnfFSGOHKWciGPovkT6hcoNagiE1VLK0MwYiGY9hA5+nNN1TGFmGMnxs75WVx4KKVrb02rDeTiuRl6imHyEmzZ2sP0S4oIkEdPM8RtcGPa0B2I2BOV7n1pmkkiip5GVDflJnNwyNFy21zZLjcYawPYQWN5TjsDuc3SqyN80HhTXB7cdmObsaTnYX6FKWHQMp6uGVzo5YsnFrXXJzvY5frNYmZFNE6oikAc91iDluOQ3J+OR1RHFTF4bIb3bniffYDzJmjkfRVEzX4WMHJsdgzFzlz5e9ANFPKIIicEjIyC5wyJzNydvNZJh1UYqo6kB+LktLRiwnFzX6EVMUrI2VMRxY/FkBA3/wCqkTfw2XC17C7K0Tb82fP3oIjhGZIi1wfF4zm3NyL8+7IJUogcZjA8i13BrsrZ2sP0NiXRzvZTyMmLQDYMc9x5HVZP01JqmsqTOIG5OwPaRrmDMEZZg35vcomYjytWlrTqEVmqNNTxSnAQS27G+NidznoyWIWRxz1DZnBzTHhBjdfC42N/vTr4XVbn4MMj2NBwsJJbs39KxrjJS2qp2tIcSS4G5HVsUqokzGkMMLr4ufYcstikTNppql2o+Tc+7hrMgDzi/WnYhPo+drJI8EOfJcbgnqad6juZhxvhkD5G2xEZW7dqDAFO2nOuLjLG5xL2i4cMvzCxhZHVN1rmSRYbkN5XVfYnJXayBj55W4i0Ymm5ztn71mN0l5aeomLGRtswHMAgjdfmugizMY5jxDew8Zxy92xOz6l2AxhwLgG2tZt7Zm6xeSFrpKWTxnAEtyvtIFtvrS6lrHP1mta69iBbZzoG4YYwXiVz2va7Y0J2J0LY+SGyB2wviBI6LrDXPqQ41E5HKyDs7gp2ImJmCKoGrzdsIHSgQQ2Y4WxsaMWVmgW7Fs3BEtFM9rhZ4dhdfeqilaJTZ8JqDuz7+tT6IO0dpGB74TDDUtEDmE+UPFPrzag9/wCA2lvhLQ7Y5HYp6S0b77XC3Jd2ZeorZF45wS0udEaahle4iCa0U5Gyx2H1HPtXsShBSFgLKAQhCAQhCASSRvCUtS4xtM/BWgTBC8tqa06mO21rbct3qbl1kIPOeF2mTprTs9VG68DCIqf6gO31m57Fp0746nSbnTS4IYBqo3Yrcsi7iD1WHarQlNSPAbhwtdnizbfNBDr9XBFLK6XWODbtbkS48wVfGRIy4iYX7sNx96erA13kN7FVyNw7PdkgXXksgcHwxsDshhaARdSKKliNDO+SbC+MExRmDHrDbzrjD2FVz+i/asDku5LiB7lKTlK1stW9xvluaD2e9KrjhYQYWxh2y2055qPzYsRunGs1jzjlY3D51zt6kIjaWyCaOCMGKJ/Re7h15Df0pplNOJdYYg47iBbmGxJELPnbPsu7kahvzyLsf3KOUL8JLmpp5G2EADdzehL1c4iY0wBxbZrS7O1su5MOga3ZVM7HdyNW35xH2O7k2rMTHaS4qadkrpDAHF3M7Ykz0002eoDW7m5dCTqv+Jj7HdyNTH85Z2O7k3CYraY3B5zJ8DR4Oy/nZX+9MULfl52OjxAt2Bt+e+y4/VkapnztnY7uTckTYx8nMx7nbcII6ecJuCaTHeWKxrgzE5oafNAsrCoia6mZM0NbjbcFrBl1m+XYqw38bEb9OaLutt96lVJoGhxliawPvZxOHFns3hM1AMfLsAWnktyF02AQMTbg9azyvGvn05oLmaGhjDCHxMa8YmF0Js5t7XGQvsTFFq5ZHNkis65Y1kQAcXW5NsjkcslXtLg2wc+wHJGI2H62pyNp1heHOuQMVnEE7kFswGOoia5+Bj3YHuDc2u5h1k5K7m0c2poJo4jXPys1zy3Cw5crK2YI29C12mh1ws6SU7DYvO2+R67q9poGua4mWocDvneAfegm6LqzV0Ucsgs+xZI0czxk4e73r2TgFpf4U0I2KV2KppLRvuc3C3Jd6xl1grx2KKGKSSSNgaZzifh861r25rgLYeB+mPgfTcU8rrU8vyc+eVifG9Rseq6D2hZSVkKEMoQhAIQhBgrw3hxpr4a4QyzQvxU1P8jAQbggHlO9Zub7rL0vjA02dC8HpTC+1TVHUwnnaTtd6m39dl4lsCBRKakKUSmnlBBqgqyUK0nUCUIIZCSWp5zOhN2UpIsstHjfr9bUqyyxhwbD2IMISsJ3HsRhO49iBBRZLwHcexYwncexEG7IITmE7j2IwncexDRmyw4J0sO49iw5hwbCgbRZO4UYUSass2TmFZDUDbQpETUlrVIiagl09mXzAtt6FsWhqT4RhkfHO2LblgxE5dYz68lrMVDG+2Hkb/1v/Wat6CNtO0Nie/PxrlBfV8FHCC+kqsWL+iINxs7PXn0qJcJlrrtGPMnxjzpaD2Hi/wBM/CugxDM/FU0lo5LnNzbclx6xl1graQvEeB+mvgXT0U8zsNNL8nUEmwDSfG9Rseq69uChDKEIQCwVlJKDSeMbglU8JG0M1BpIUUtIJGlr4jI2RrsPNcWIw828rzOTgNwiD7fCMTxv8EPeugSxrsnC4TRhi9G3sQc//wDgrhH8+Z7MVg8CuEPz1nsxXQXg8Pom9iPBofRN7EHPR4DafdtrI/ZXd6QeAGnHbamL2V3euiPBofRN7EeDw+ib2IOdjxeaa+cw+yu71j4u9MfOIfZXd66K8Hh9E3sR4PD6JvYg51+LvTHziH2V3esfF1pn08Hszu9dF+Dw+ib2I8Hh9E3sQc6fF1pn08Hszu9Hxdaa9PB7M7vXRfg8Pom9iz4PD6JvYg50+LrTXp4PZnd6x8XOmfnEHszu9dGeDw+ib2I8Hh9E3sQc6fFzpr08Hszu9Y+LnTPziD2Z3eujPB4fRN7EeDw+ib2IOc/i50z84g9md3o+LnTXziH2d3eujPB4fRN7EeDw+ib2IOdPi40185i9md3o+LjTXzmL2Z3eujPB4fRt7FjweH0TexBzr8XGmvnUXszu9Hxcaa+dRezO710X4PD6NvYjweH0bexBzsOLrTPzmH2YrI4vNPN2VUPszu9dEeDw+jb2JOoi9G3sQc+N4A8IG/8AvYvZXJwcB+EzdmkIvZF7/qIvRt7EamL0bexB4EOBHCj/AHjF7IljgPwp/wB5Reyr3zUxejb2I1Ufo29iDxGg4tuEdbds+n4IW8zjR3P3he10sDaamhgjxlkTGsaXm5sBbM85TojY3xWgJaAQhCD/2Q==" class="product_picture" alt="Lenovo Thinkpad X1 Carbon I7 8Th Gen">\n                                            </div>\n\n                                        \n                                    \n                                </div>\n                            </a>\n\n                            <button class="next_pic" type="button">\n                                <span class="carousel-control-next-icon" aria-hidden="true"></span>\n                            </button>\n                        </div>\n\n                        <a href="/products/11+4">\n                            <div class="product_info_div">\n                                <span class="product_name_span">\n                                    Lenovo Thinkpad X1 Carbon I7 8Th Gen\n                                    <span>\n                                        ($750.60)\n                                    </span>\n                                </span>\n                                <button class="purchase_product">&dollar; Purchase</button>\n                            </div>\n                        </a>\n                    </div>\n                \n                \n            \n                \n                \n                    <div class="each_product_div">\n                        <div id="carouselExampleControls" class="carousel slide product_picture_div" data-bs-ride="carousel">\n                            <button class="prev_pic" type="button">\n                                <span class="carousel-control-prev-icon" aria-hidden="true"></span>\n                            </button>\n\n                            <a href="/products/7+2" class="slide_show_pictures_link_tag">\n                                <div class="carousel-inner product_pictures_slideshow_div">\n                                    <div class="carousel-item active">\n                                        <img src="data:image/png;base64,UklGRkbSBgBXRUJQVlA4WAoAAAAwAAAAXwkAXwkASUNDUAwCAAAAAAIMbGNtcwIQAABtbnRyUkdCIFhZWiAH3AABABkAAwApADlhY3NwQVBQTAAAAAAAAAAAAAAAAAAAAAAAAAAAAAAAAAAA9tYAAQAAAADTLWxjbXMAAAAAAAAAAAAAAAAAAAAAAAAAAAAAAAAAAAAAAAAAAAAAAAAAAAAAAAAAAAAAAApkZXNjAAAA/AAAAF5jcHJ0AAABXAAAAAt3dHB0AAABaAAAABRia3B0AAABfAAAABRyWFlaAAABkAAAABRnWFlaAAABpAAAABRiWFlaAAABuAAAABRyVFJDAAABzAAAAEBnVFJDAAABzAAAAEBiVFJDAAABzAAAAEBkZXNjAAAAAAAAAANjMgAAAAAAAAAAAAAAAAAAAAAAAAAAAAAAAAAAAAAAAAAAAAAAAAAAAAAAAAAAAAAAAAAAAAAAAAAAAAAAAAAAAAAAAAAAAAAAAAAAAAAAAAAAAAB0ZXh0AAAAAEZCAABYWVogAAAAAAAA9tYAAQAAAADTLVhZWiAAAAAAAAADFgAAAzMAAAKkWFlaIAAAAAAAAG+iAAA49QAAA5BYWVogAAAAAAAAYpkAALeFAAAY2lhZWiAAAAAAAAAkoAAAD4QAALbPY3VydgAAAAAAAAAaAAAAywHJA2MFkghrC/YQPxVRGzQh8SmQMhg7kkYFUXdd7WtwegWJsZp8rGm/fdPD6TD//0FMUEgLNQAAAf8nJEjw/3hrRKTuSYzbNnIk9V/2Js/uxV9ETICvnD2wpYixVDAtmxpzNbZsxmAmaTSRNZmBFab9W2kVoOQT9cD//yKn2bbNf2Ylu3EnBsElCe4WgltxCO4FihYv0lKcUqQ4hAru7g5FA4EIThICSSDuttndmf//PM/r9LO9jmTmOxwR/Z8AD9j2L3Ka/9/M7G58N44mlAaXYMWluNTdW6Tu7u543UMorkEqWOHBtbgkwaEkhBhRQrKbnZnnI6TFjiPdfU2uiP5PgIL/8T/+x//4H//jf/yP//E//sf/+B//43/8j//xP/7H//gf/+N//I//8T/+x//4H//jf/yP//E//sf/+B//43/8j//xP/7H//gf/+N//I//8T/+x//4H//jf/yP//E//sf/+B//43/8j//xP/7H//gf/+N//I//8T/+x//4H//jf/yP//E//sf/+B//43/8j//xP/7H//gf/+N//I//8T/+x//4H//jf/yP//E//sf/+B//43/8j//xP/7H//gf/+N//I//8T/+x//4H//jf/yP//E//sf/+B//43/8j//xP/7H//gf/+N//I//8T/+x//4H//jf/yP//E//sf/+B//43/8j//xP/7H//gf/+N//I//8T/+x//4H//jf/yP//E//sf/+B//43/8j//xP/7H//gf/+N//I//8T/+x//4H//jf/yP//E//sf/+B//43/8j//xP/7H//gf/+N//I//8T/+x//4H//jf/yP//E//sf/+B///9P/+B//43/8j//xP/7H//gf/+N//I//8T/+x///9D/+x//4H//jf/xfI17B4ODi6e3nX7VG7cCguvUaNGzcpNn/26JVj+5V7NrlnF27du5Y5Q7t2rWvctvENv98Ypu27c9nu/ZXdep4Pjt16drln+/Wo0f3Kve8+m/26duv7zn7DazqoEEDz9m/b9/eV/fs3q1rl6vaJbZo2vjK+DpRYY4aIQiOFSrXadA8pOeg0d98O2/Rj6t+3rRtV9ivv+/Zf+DwkSNHDh87MS+lirNnVXH6lClTqzhpYvLEKif9eF4nTDyfyRMnTz2fU6bNnD3rH585J2VeSpXnL/ybv/5Wxd+XVHXp0iXnXPTbb78snJ8yd/bMyck/fDVu5Idvvvj40FsGdm/fomGtkBob2HpVr9e6z9fzVm3bf+rK3cfRb+I/JKdm5haWlJotVlGi7H9Yr7K38m963OfVU3l+vfp5NczLou6pOFOUn51xJG3nxhULp37z8YsPDLyqRQNXjQv0TlV6/nDk8edSq1UUJUmS6H/MygSN/1fXdd3rrawsSl80/p5mkUE1KSDa4K0vM/KKLRIrEzUqy0vyD026JlitMQHxXBOZJbGy1sK9n8WpNSQQAnelsTLZ3OS29hoR6JqGmVkZbWVy18AaEGib/87KcCd1c9R4gG+0l5XpTumo1XCAr3nAWrZTOa25VqMB3j0sl5XxFibFajUZMCxIZmW+mW8E12DA2OuNWPbjTb8xpMYCth7/cZvVwOabLYUvFWj+ucesFrZsqPmFAkFPF5jVxNlTbL5M4LqVZrXxze5fJJCQVFZ9VLSr8hcIBL16xKxGjp+t++IAe5ctZrXyw8aaLw2oP/F09VL2rz5fGBD7dJZZzZwy1f2LAsLuPKxXN0nxoXZfEjB4jVkNfbfrFwR0nGFWSx9u8sUA8d+VVk8V7qj4ZQBq5Pgss5o6ZYMz+RKAiDePmtXWCYucvgAg6tED3uor8d0EZ9U/x7t36GY1thQ5xFHlz9BnlVnNfaevQdVP2/miWe19sbNOxU/b5CKrBr/YVKvap6lxvrQszHyxlkalj/gfzWdl4gXHqxB1Pv8teayMPH97FVW+SktzaVkZy1vur8LnsSCDlaFnLfJU3TMuSGJl6smLjCp7ugWxrIw9bpFOVc8w9aVU1ia9mm5U0XMYFmllZe7WqGEOqnmGbvdEVgYv3u9uUMkT2hxlZfRHgzVqeHrn5mGWsjrL3mAXG7U7Ygz+I66YldmXfDjSzY4QNTv77vuicikryy94cWyQi3qdW//NDwpZmX9pRNhwb3W6Cl8tfWRm5YJS1E/9KqrOCZ6t570QWbkhjVsa4q1Vk9M4Bi1+Y6GsHJFaE1Y3cdKqxRF9rTXPC6ysnFEsfLe9kYGowgn11z5MF1k5JM1+sr21Xv2Nb/HDpVRWbpl9c3XHIGs3ffPJJzNZuWb+5Rf7OK3b7ANCTxWycs/y5SPaR1iyEaPXwAtmiZWD6u7Vw68IVS3XBMeR17JNrJy0omjdUzF21VrNddyFuBJWjuo+vvy5elZqfqP2xEisvHX/zMcaWaX591n/nJXLHvj2ziYWaBrvtsvjWbltxvi+8QHWZlqHRisSzbT8xvBkf97NFWBdRrQNN74tEFm5rl569MfuDtWiTNt406NMysp/C7b+0DPQikzXctmlTFZOXLh8VN8QqzFDi6mnclg5cumiF3s5rcTsgoacy2flzGf+GN7OZRFGDL79LhVSVu5slK26r2GIagEmOA67nG1i5dIVBSsfibGpVl+uMWffF7Ny6/Lji56Ksfaqc19ytJWVa+tp0x5uYN0Vf8Po7WY5eOoXtyVYcml1u7y7z/yX/PCoXnE2qy17WOu3j7iNf8uMysxR7ZwOKy1Va/1RWpHX/BddLz7yeUdNs8xS24xcn22Y/7bnbfmyq2aNpWmw+GwqK5fPX/JRt0DrK32DiQcyWLl9UcqzXUKtrQy1+h3MYuX6JQvvbRVmWUX0Xp1PZDNavmcaRUtvjg9SLal4+54n00ooK/c3KnIW3xWlqdZTNoMOvStgMsGyw/OGh1tNOfbfHlHCZIQVu5Puj7WS8ui85D6THW4feUOcVZR7g1nhTJa4+52udS2gBLsq38aYqTzB8B58p6lLo+5EuCpzorOtTLboLdz/QS2OqDlVX3A7WWSyRiPrwbK66k21Zh39wGSQn84srM+rMWlqj971ickkM/dNqKtXW9JV6bEjlckos/f0q25QU9J5tP4jhVI5BaWZxzpV0BOVJGLbZl9iscRkltT06WRXR6KKpO26+2Uuk2UWvN7fz6h+pO++7n4ek20WPtnc317dyKndvOulTNZpefBDFzf1IpegCTeYDPTBt43cVYl4W6/x982SHIRKz2b42/NqQ4SrMCE808xkopac6Dk+HFEX8ptyNcHCZKRS0u251dSE/Cfuf0OZ3PT9sRm1VIL4ykN+iWWy1KSdI2tq1H+0vp3WfGSy1bTNPfz16j5alyYbPkhUvkKllLC2bjqi2kMMDXbEFolM1ioVJ+xvZUdUevgWm59lUSZ/zYve3VGvxiOELL+ZwWSyuXfXdrNR2zG2nHE+j8loi27MDXFQ03EIGH7WwmS24o2v6zur5BCj55DLpRKT3UrS3fG+dkT9hhCHEbcySpks15zzaLIbT9RuPEZfiC1lsl1LwvWpPuo2viN/j5GYvPfNwQlV1Wv8+v38gsmAY7eEViVqNBqvdkviKJMHJ6/t5KtTm9E4Nlweb6VMJkytnza2dNKqyRCbwI2vCkUmI5aK4nY3NRDVGE3D9Y8yJSYzpjkRO1rp1WH4lksupzFZcs6NVR1s1F/0zSefymSy5fzLM9uGWrvY1Qk9WchkzSVXh7V1WbcYPfueM0tM5iy5V9wfF6pasgh2Qy9nmZgMuqJo9aPRdtV6xWnkmXclTCZdcXTZk7WtVnyG/xZpZXLq1GmPJFipVOq9NorJrvd/fUcTixSNd5ulsUyWfWJc3/gA6xOtQ6PlH81UnmV4sr/oHh5gbUK0DX95WyAy2bZeeiypZ4BmYaJtsjk8kzJ5d8H2pL5BViU2bVZczmIy8OKVYwc5rUhsW804m8dk4mXLXusbYTXiUG/EpUImIy9f8+hVkap1CG+sNPhGEWWycuPs5ocbh2rWIETw+PpmTimTnbsLN74Qb1etQCrMuPTRxGTp7owVbyWolh+Npxx6KzHZunEs5eVE1cpDbXX/D3FM5n5i8kPtHVYdQU2G/JBlyuDzpt3cItSCQw2qPWByoW74whlGyfwb40JUaw0i2Pc7nVFMmUzeOJu/bFiMTbXScB53OraQyerPHl38XD3rjCoT9sVYmexe3z/zuZbWGLWHbn/DZPrHJo5oZ7O60FXpsvUTk/HnTr6xaaCVhc6l1c5sicr5DKN4ar/YQKsKnm+9+1MhZTJ/oyx7+kCHZknBt9gWmcMUgcV7Jw6wWU9oGv54OYcpBktXjuoeaDFRZ/zBHKYoLJv3ZFu7hYRvh12pTHGYP+Xahpo1hGBbfVUyo8oDw8z6OtFls4Lwm/4yT2KKRL3k8JuNFKL2YDv8XKLElIsnlz3qrPLQYUOMmSkavWlbewrqDUL1CRdKmOKx9MbUAK1Kg1uHX/KZIrJkV1dPNQYb79kvKFNI0tjvKxmI2oJtt2u5VqaYFAvvDbBXWai+IdrEFJXmlzsC1RTch55KY4rL7ItjvVQTGi18yhSZL5Y159UQiFu7I3lMoVl4rosnUT3Q+E/6KDLFJk2ZWVWrbkC4FoeyRKbglLJPt+OImoHbt4/zmMKzMHKBt3oBabXpPVOAJm4PISoFDv2PFjFFaPGZwS5qBJqK42MkphCl76ZU0aoO2NTbVCgxxSgt3dXEoDKgHXTDRJmS1HR3pE5VwHFJpIkpTEtfrHZTDxDqb/1ImfL0U1gzrUqAY7cDZqZIFY/1dlYF8Bx2mylW74/xwn+a+8J3TMH6fqmHAP7U+r9/lpQsUtqhyjz0s3f/NYsyZWvulXY64Oe66z9upngV/xzuBPvqPrzJ9It98o0v5lPjn08z/WRj5/sTwKc1+DTT9JtNWV+Jx3tNfsox/Gdo5p6acK/jjDzTrzb7RHOw13d2selnW3SqE9KzD/y1wvS7tVzuroN5oQPWVpp+uNKjbvYgL2zg3krTL1d8090B4oXcnO42/XQt7wfZA7yQoXu9pt8ufTveDt6FPLTd9OuNmWQH7sKGbTf9fGPGO0A71x2ppt/vuyFOwM557SHd/4d+6O0A6wKvSfWYfsDWd71sUN11GytNv2DxSW+C6QYt9pp+wvRqN0jXdZ7b9Bu2nGmF57Smc0pNP+KiE7V4MKde8fNp0684Z78/wXINRuWafsaZ6ypBufqvnDT8jWjKd75ALuKxA6Yfcuw3TjDOcdcm0y85fIgOxJEWV5hCeXlPVYTjvY4UKZXK5tbTJDiX9SlMsZw1PkqAc5mQICmX9KOPR8E3Q49IkSmYvTuvN6C3pseYwnlOU/BWYaVZ6VSxwgu6aaa+ZYrnd9M0wE3ofIMpoG91E2Ab73vCpIQqPV1RQG3G71KYIjp1gRG06dtFW5VR1uh2eswWcKCEKaRLDtSBbM6TzEwxbZ7ohNhCbknKKel6MGCzn29iCuqSubZ4rcUJpqg+2hSu8bMTlVUJMwhYI5WPMYX1oYoEqwljY5RWUaN5rKbfW6S0KvhNB9X0HaOY4vpZOz1Sc9ycqbzK3OAA1ISgKFF5ZY0M5HGa2/RcpsDO/cYVp9W7VqrEMl0Kgml2I4qYIrtwmBGlBe2WlFnSzgCUNvQDVWbRuFCQVnEjU2yv88Vo/R8ot+71hWj8ykLlVt5yHqDxba8xBfeVljxAW/ZJyZW0BJ8JVa9LSi7pqr+Azoxff2CK7oTRBnTmd65I2VVwyhecGbunM4V3WhcDNqv0S6HSq2BdRWwWHCsqvayvW0Ezn4VmpvguneeFzIJvUeUXvdYGmGkn5ynBsidpcFnTI0wRfrARLpuWoAyLn4LKiO8+phDf401A2dBIpdjTUExGnPcWKMXyf3ciiEwX/JIpxl+01iEy51WpyrGU5U6AjNSKEpVj1ohqgMxtShZTkGdMdMVjNS+WKslM52rAMZt+6ZKSTErro0djAbskpiiXttVGYwPiqLKMvukHxrzWMMX5Kk8s9tUd5dmN7lDMdm2h8ix/jQGIkWbXmQL9amOCw7QLE5Ro8fM1MIz3uUaVaOLFCjwKsx0XzxTpsaOMKMzleIEyLf+wCwgL6nvY8E+jccE2GCxu/BnTT73wJx8M1nNfpb+aNaYlBKv1gsf0W7dMd0NgvRbr/mvS2ZYALOj5M6Yfe8FUHf5qN9X0a99bF389mu7f9no8+iKeyYZ/mxTmRrAXP2Sr6ef+eCCPvbQ7C/3dsrdpoZeu+WPT7z28iRZ52a9I839LWWIPvPha4Rb/N/PDmgR3OY3OYX7wOSMdcVedUyVKuJJjtWCXzaACqoSjuX11qKvmJokp4sUN1VFXrxdUGUdjeoIu92VWppC3LHHFXD1uMsX89a6QiyzJVs5lfk8AF2l0gSnoz9YjeIuf/15JFzebh1u870Wrks5y3ptHW4bQOKaojxtgg7a8DuQp63L3eoItfXAKU9gntdZhLd+V+Uq7/OU+WKtxpEVpZ4moD7XcphYxpT0tnOSCtJqfo4o7Rk83A1r8+HQlXtpYHmcF/sYU+WG1cdb418q8F2NQFvH8TVLmSbvdCcjqHc4U+g97YCxity1LqZex2RZiaRs+Y4r9iAZahOWw+JNyL3mhA8Lyu2dW7pXe8QJYTiPTmII/ZYgjvqp2zKTkKzlcFV5peiRLSj4pqbsGXVVdKzFFv7SmCrr6Kooq++jTHuDKbRllCn/6owu26niJKf7Ph0Ar7ZJM5V/aIgFYkaBzDACeDiC4ip/xDgG8ncbDKuJ4ohQBmI7aE1RlGPiaQcBXfQ2oynlvHgbI/d0ZVOmav6UYQHrTVIupKnxfwEBg/gJPTNU03IwCzA+aQCrnSRYGAy0TnRBV4yMSDpAONQZUZFw6xQE0bQzBU7V2MSi4oyaeGhGNBSKHwSnbX0qxQMkGI5jie9xnYPDPLjyW0m7MQAM54x2ilCbwPoOD61raJSm72cl44MTzoYIUqXrLhAfOrkhQ5Sj7gdkMEJ6+zSlHVfu9CBGc+amRGMV3/SwhAv1EfzGqymoLg4TujxpKUR0fU0xgbOwvRNnNLWKgsPSlMBkq+ByDhQt7yVDzU3DByVclKFLtOAOGcxqr+Imf+AoZ7H1Yg0+856lSZFA+N5ZHTzY93jJomD5Yj55ct2Zig9wvXMCTUP8NxQb6vkAeO1VYkMPAYcE8T+wUcMeMDty3A6CT/Ygcig6M7OF2yKnBAcrgId1bDzmNSEYIH4cBp8qbGUTcWBE3hT7GCA8GoCbiuM2CEcyb7VFTyB0GEm8HE8ykXfEJJSQv10AmoepthhLpzcoCYrKb9hEmsA9T7BCTx8VinFB0zgMw2X6VxIBiYndbvOQfVowUirZVhEt8h3gRKVjftSdoyXuRxKCitMALLXW4jRZutgdLtvOtDCxa5hqxUvPjDC4ebYaVZnzECwlTkRLxP8DwIt3rS3ASP/Y5YGDRo3icZLunEDHk/26ESfr20QwyRgbrUZLjxgzMkLHOESQJ9aJFzCBG1xUwkuuUPAYa875xwUj1LptQg+lCEEQyDitmqJEWDjYgpKDdImxg4q5AhNQ/nuIG+q4PQPJdKzHgaF3tjY/6PmDQ8V4feKRflY8d8lfpwBFpcZWBxyvNCDbSLElEDx8Xa6CRUPUmRQ/0RmUBGRnHJjD4+H6kERn5nCrED/nHvICRoXMKA5DJHWxwUcWNBQiiYH1FXNT0lRVBWF80gkUV5pQwCFk8yxMVtblOMQS92hoU6afmooicyTpM1GGaKUburYuJnjooR7ydhIjUuGmmILnfm+Ah7a6tksSTATwcUp3JRZJE7m47goYCeuw0RclnLXRoyPXJKVkidbkDGrpik0eWMN+vBIaiHs01hcmMsc5YqPnv5dKE6UxNKBR0W64uTUjpfXRIqNlXhilO0g3VkNBtqRLF875AqPYoU6Rc7YGDrlkuU1ztCoPsHxXKFDlLBRCkdlxkCpXnGxIQ9OoRqSJ+LgbSYhe4pQrzKXceAYXcc9AUK9+FGhBQzMxiuSLvoBsACux1xBQs37fW4Z+6H5ZIFgU/euGfHjs8koXlWUv4E/2MboqW0lQX9NMlRbo43hT9PJRvyBY0Ywz4SUw2xctfA7HPiH3yxcvRyEeN+tYtX5RudSbA58ZNpoD58CvgE/RNvoSRudkG9jjabTFFzPB6WtTjfC1TxkieZw961Cbr3TJG6d2qBPO47ikwhczsUAfM03hqmZRRvLca5FEHZupShpTUAfI0Gu0xxUzz6iqIZ/A2Q86gEV0AT8Sb5aagWbLACe/0+c0UNc+3gzu2N0/JGqkLBbCjNl9gCpunaxGsY3t8n7TxcpIAddSY+W5pw3zKjSCdoBvSTHHz9Vc2SCfih9PyRvYOJ6Bja7tPlzekF0ECzqnzZqEpcOZ+54lz2q53Sxzme3VhjmtEsSFx0PxR9iin/TTDFDnp/vogRxueIXUkj+YxTsK3pti5rQrGuWuz3BEeCnHCvvbIHZYtdgBHG7jaFDzvdOLxjfppluSRsorAG1uj5brkIV2vKqCb0Gf+MkXPxGm26Kbe4jLZo/iSN7gJve6kKXx+7mGLbRp+d0b6KNruD22Ezgki+vAeHWSTbHy+pwx+Gu/Ul2za35Twh76yv2BjM6uEAdCKl4LlmlYnGARN6SHXTPuIQY4/I9WQSvsoBjGmXKEKNWOeMxC6Z4RMQxz3F6KQ0qnhqkSjD37OYOie3oESjfO6dBySMy5SoBHqv5JwiJ7azibPuE7JY0C06KloeSbgogmJlC9qJc7YDMymSMQ4fUeQNBO0W2RQ1JuUKM30jaVYxDh4izDjs0ZkYNQ7qr4s0/seg6PrbhJlDGvy8UjxqGBBhjS9ygDpss6qHKNbmIBIjr0dIMYIlW4xSLq6oU2KMY6KxyRHRoRKMe7HCjBJydxYIcYmJIGB0qN9g2QYv/WFqKR0fLwM0/y5FZVU7ukqwnjMNDFYWv5CLQmm9WWKS4wlPQUYm2l5yKTomSD5pe5eBk0nt5FfJrzGJmmPSi/Ecy8Dp5Nrq7ILP/AxOtlyhya7CNtz0EnBdzbRRdv4EYOnmzo6JBf7pan45NQHTsml6gMzPnFvaCS4OA7PZAA17/5wuaXm8RKEcnZuM7FF3y+TIhQj79ZAqaXaOsogqjGusdTSKwql7LxRaHFdKjGQqr8fLbN0vcZg6rLBMsvCTJyS+4bEQuqdZkB1fqIqsMyOQyqHXpBXeM8zZqTiXlBLk1Zs+rxjUHX/TUHSiscfOVilIDlWWNG1TmRg9XiPAFnF6/t8tFL8dh1ZpXG4Ga24N3YQVZwnFjO0apQ+HCGpND0hwRVTn9NRUhn+meIVI/M+QaXmDgZZv20qp4yMwSw775dSiPM2M2ZxfxOhCimd7zHQunaAkGJcn4ZaTo0JFlE0gU8ZbN3S0i6h2M9MxC2J39ojFN8bJtxScs0LoDgMTGHA9VM/e3xSZU8xcin+vTI8Ie3jReQixofAk4o/Whl0tf7gh046P6TYRbrfCZw4fFfKwGvpfHts0vIUg68nWkATfm4yfkmczQMTUvUEA7DHKhNcIox/jmBixgq4xLC/GMEU7dXDEn3naAZhozrqUYnj5iwMk7nJAZQIQVEihrFGBQqYxG16LgOxuVNcMUm9a6UopvRqXUhiN6KIwdii4baIJDBMwjHSrkBEEhpPcQyNDwUkvusYlF3ni0f63sMy9/rCEX55HpbJW86DEb7lFQZmr7TkwciSJDSTtASLCJWuSmhGulpJQCKGke8ZnH0/0oBEfE4U4JmCEz5AxNApjQHatE4GHOK3tgDRFKz1wyEtXloRjfVlCxjiOauEQdqSWZ4opNVlimno5VYgRJiQhWoyvxYwSL09DNbuqYtBJrzFNW8nIBDi+RvFNfQ3TwJA+oQzYBveB3+odjuykU32DjuCPhyNoxi0jWqsRR+uxZ+wzafFDugj/p4Z25jv+YGPiKFpDNymjXTCHo3nmNCN6Vg16GG/LkNCN1JyDw3yaDRGZ/BWWlsVedyww8A3NPIr4BH9gWECXLrUFXf0X2SKuBdCYIftnVwZJ22RADrUVgtNIfd0HYI5tKfTpZw3U3nIoTpnlUs5piP2BHEE37TPFHNf9jYgjsgJBXJOzq/OgMPRMU2Xc6TXjbV4o9arxaagmz/PA290XOeWdMz3GsON8Ec8pqhrGe+ANtpP1WUdaW8DtPHASUPWoUlDwUbjb0xxd1MVrHH3NnnnSSjUMKwrxjtFaw1Ag+9wmwHeWyE8ztD8lIp4UlZrYIamxh0Gee/U0KAM48SPmOfjRCPKqHixGPMUXfADGcaemQz0pnc3Ygz/rYWop3BzJYzRKlZEPda3LSCGzwITg72mBT4II/gWxT30ZjDAsJmWh3xyp+rxRaNDDPoeaIgvpsVjn9gp6IL4HWTg94AvwRZ8aAT6iRjEQwti/1se+sndbUeQha5VFIO/z1rokIXDylT8k7rcAVlUemjGP+b7lYCF87gMBoDTxzrjippnTQjIdLoGrDCGpksISEoLtUUVVddShoFX+aOK6uutGKjoez9Uoe36XkRAprv1OVjpMiodAIkvQ2xwBfGYmAh/6OPuthyydJsQCX5KL/bQc9jSOPRGCfJJP9CBw5ftTqfDHpqwOYBDmFU3f5IwjyVuWgUOYvIVxryBPKabwU4EY3CcS/DBArzzcVUtGw5o1vshCu1cnejPYU2PsecLkU7yvi62HNrU1P8j1oxyip8s8+QAJ9GPv19MEY618ExHLUEcHGesuy5bkm+sL6f46DnUqfHuf75Suina3N6ZQ576tu+nizYltyfXFjjwGfNwSpZc83p7T54DoIkjU0tlmvS7Ez05DBp89cJTleIMNX1YX5UjIERx1L9/q8cQZnJOtnEVOCAa0fa9dFnm1vjqeg6Mxt+ZlC3HRK9o58QB0uZvLS2WYZIOjnHlMKnW46fUUvkl8/6Sihws1ezXzS9wiy60OPmXBoTgEkUJrHfn2jLBhebva+2o5cCps8PTO3WppfDCwBo6DqDGDBm7T2Sx3pzTUs+B1PiH5hwVV8SIbV3tOaDa4K11ubqkUvr+3BB7DqsGNB6bekaXUiz5d7+2Fzi0anN1Gp/lNSQUank6ubIt4QCro/6Qr/MFFPHlrOYuHGrVmj8wJVs62bumlwcHXdu/viRLMkmdPNSbg6/tR2/NN2SSyuPLn6irAFg1qPW3B8p0ecRTvO25WE2VYBTFHtX5qxO6IYsY+tZnGzpVRYx1xA8ZnymK6Fue6xyjyLK2xvd9e1wMMYf/0M2NA7RNnpl1WAQpebJ1oBMHahu9tPJ4pfRR9OpIf0cO1qpKvWe35nsED1qSdKabEyG4RlG0sLjHN3l0oYNKWYe6etgQDt1Gt318uSFzZO7qU9XIQdyIPi8vKZM3EsNGB+g4mBswcOSKXFGDvjs8vTaHddWen287JWaUxl+ZUZmDu6qj5cj9RZUCBi1NvTPagxC8oyj2iKav79ElcEGl/PMDKxh5DvXW7vTsHXCR9cfAGvYc9I3uMOdCAa5I2DW6rp6Dv7r2yy5/hhSWF/um1OJAcKOVD5KsaKLw9enxPhwMJkLlOU8zSymOEIs/nurlQggO4jjB3mfUtQKJYggqJW4PdrchHBp2qjVoTxaGeLGkQyU9B4lt6o3a+paih6Jb3/f2Ixwurvb17ogi5JBybU1PBw4cuw7cH51FMYM58eHqphoOHhNi33L723wLXKAlGfdnVtQRDiETnUvg3CeiBBWomH20n5e9wMFk3qPh6JOFQIHG/9ytmh0Hlu2ajdsdCxIK/1zerxrhEHPtCb+GF+CDpEtrerlzsNm57x8R6SIyKEm4s6yBlgPOhBga/hSVawIFYmHq5XEVtIQDz1rH6qMvFooUD1BzwqZ27rY8h6Cd6vTc9B4OFN+Z2aqinoPRfK2+S2/mI4GE/dNCPDgw7dp9xZl4igEKHu+ZXl/LAWqh9txLb3MVf5bPj38b6MSBaiI49fzjfa6ZKvek4oxHi4N4nqAqjiM2ToGzHhRQqsyTpLT9vf3tNRy45j3qDdqZoMgrvbugXTU7DmLbBAxcdi1faRf3x9QQLw5oO3X98fgrk3Iu496uyXV5Dm1Xm3Q0JlVUwhXF39vY1YED3IS3b7Y6KqNY+hszPLpvnLfcuIxZCj6eH+ur4TnMTXSOvgMPJIkS/bsqTy32jSvYVna5oqLp8Q8tPGx5DnnbV2037XTW35TnyJSTvnEZPx+rvDxZYzb2r++l5fC3a/Nhq29k/R0V//HmId+4A6+sLL0MSW/2zepZQ8uh8Ardvj8Skfu3k/X5fft843bf8lX25UZKuLJ5fD0dh8W9Qnfee5//93Jg6KBdvnHbug0/eFkxp764sLCZjoPjhNdWGX00PrtE+vv4M7HfHt+47R3bb7t8WArSHqwKthcIB8kFW5c6X59MFyX6N7Ei8ro037g9vSJWXiaoVBi1tmNFBz3hcDlxqdlu5umUv4ei7513HvCNSx0SmlRyWRCfbhhU38+Gw+fuzYctO//5byDtSef9h3zj0m8Kfe7Apa/kadi0btX1HEp3Dpm1+9ZH6S/uPz3DHvCR239LSO9Vl7i8qFNrhtYmHFZ3DF58LuqT6a9sYlSo71xw7KRLmJgTez9sZBXCwXXC88aWC68n55roX1TmS0qID53yStYlylOaH/PrYD8dTzjMrnNwbzrrfIZFon9FK671rbth1SXI0PXSXV/cVM3ZyHPIXeNRO3j6oYS/om+u9K1r9N0lqGjtyNs6XBHKIXi3Rv3n7400/bUYBY/ZfOvsTxQal5aMRaMf6pcQoMjx+nrDVx0NT/kL0df0VXzrlH7r9EtHSdqS758fUFuR5yv2W3MlOqnor2J0I1+7xmMvEZ7cAxt+fuqqEEWkJ7xg32rumdisQjP9P2eU3Bbgaxd4R+nF5y0rzN74xe0NAjVVEeuJzt61zuBfwvMlif7fKl/cWvG1UxKXlF9Uhu49e2Tmc93iIoJtinRPHCrV6zbn0Bvp/1ThU9G+dzHPFF5U2X+Muqdzk1iHIuUTz0a9p2++HG/5v+LdmWjzvbO12eW9WHI3Tn77vqsTghVpn1TuNHn9iYfHyi+GvM9diu+d4voi7yLwntq5OOmN29uGKVK/4N/rrenr0jKK9Qtsa59AX7zA3n9eYGWnDm77ZczQDiGK6E94mz1+yOsz9mQVlLr1CybvS4fii6c4Ps+9UAxPWVHekUUj724RatNURf7Xgpwx8X2e/G51ltur68aFsLyX6pundl92ARi67vUU/Dn5teuaxYaH2BULwcDohq173Pfu5HUZ+vk7+FyQ4punBD6Zdv5ObZ75yUP92jWqHaJYEgbHt+t/17Ojfl6y46T7POS9F6f46in1Xs/458ozdy2bPObFewZ1vNKlWByqtRMHPvDSqEkLV2zeeyynxFO1yuLMzR83VXz3lIQ3VqSfLCw3zmF4SvMzD+1av2x+8icvDh3cto5NsVAMb9rr1sfeGp+c8sfGrTt27d69e9eOP1fPT/r49gjFl08J6f3MJ9/P/H31pj//3Lxh1eK5P3/1ycvDr+/aKEyxXlRVTbPZ7PbAiLimbTt169GjS9uEmCC7TVN9+xTNZrM7QmMbNEpoGBfrDLDbbTabpqmKlaOq2R2OgICAAIdNVf6mb97/r9lsNpumKVaXvnxWmfgP/+E//If/8B/+w3/4D//hP/yH//Af/sN/+A//4T/8h//wH/7Df/gP/+E//If/8B/+w3/4D//hP/yH//Af/sN/+A//4T/8h//wH/7Df/gP/+E//If/8B/+w3/4D//hP/yH//Af/sN/+A//4T/8h//wH/7Df/gP/+E//If/8B/+w3/4D//hP/yH//Af/sN/+A//4T/8h//wH/7Df/gP/+E//If/8B/+w3/4D//hP/yH//Af/sN/+A//4T/8h//wH/7Df/gP/+E//If/8B/+w3/4D//hP/yH//Af/sN/+A//4T/8h//wH/7Df/gP/+E//If/8B/+w3/4D//hP/yH//Af/sN/+A//4T/8h//wH/7Df/gP/+E//If/8B/+w3/4D//hP/yH//Af/sN/+A//4T/8h//wH/7Df/gP/+E//If/8B/+w3/4D//hP/yH//Af/sN/+A//4T/8h//wH/7Df/gP/+E//If/8B/+w3/4D//hP/yH//Af/sN/+A//4T/8h//wH/7Df/gP/+E//If/8B/+w3/4D//hP/yH//Af/sN/+A//4T/8h//wH/7Df/gP/+E//If/8B/+w3/4D//hP/yH//Af/sN/+A//4T/8h//wH/7Df/gP/+E//If/8B/+w3/4D//hP/yH//Af/sN/+A//4T/8h//wH/7Df/gP/+E//If/8B/+w3/4D//hP/yH//Af/sN/+A//4T/8h//wH/7Df/gP/+E//If/8B/+w3/4D//hP/yH//Af/sN/+A//4T/8h//wH/7Df/gP/+E//If/8B/+w3/4D//hP/yH//Af/sN/+A//4T/8h//wH/7Df/gP/+E//If/8B/+w3/4D//hP/yH//Af/sN/+A//4T/8h//wH/7Df/gP/+G/f/oP/+E//PdP/+E//PdP/9WMaGiNV4Yd9pG72brjnoO+cXsHBlp12BJWGL5wRROiVasOxXHjskr5W9ZXHRQLT23IhDcyt6KVb7ZWrD3rTbkZXyJb8+ZsnXB1kGLxqQpuYy8nF1hkaN6ygp2jOwarivUnsXVruyrSLEqyMkOvOD7pjkbhDsUiVO/TeODPD4tkZJXpEx/p3sipWIrqqnWauOFKgiwsZ833z9/YNlyxIvXpPG3Lucg0Sc6Vt2dp0ms3NbEr1qWawOE/n4+MzyiVYVXkHd2x9IuHOjoVi1PC8/b1R/9y+0NWvkmUTXnPFuf/teabRzq57JqqWKASra2TR1DoyjNxRaIoUZkTlbzeskMLP7mnTZ3IUIeqWKjyDj61GveZG3YrmcqarB+ufffiTZ2b13dpiiWrxjMwZNC3647cTzDJkIpi7xxcO61/cMtaNsXiVfBu1n/a6r2XwmOzqUzIkvH2wfnfln/Tq5En4dRjXRr0m73lQvirhLQCq4zHkpcS//z+yY0zegU6cGqzhPCCxli908SfjkUkZeUWmixUViOZSwpyMj882L90VBs/vUbgCadSK+htndy8GvSbveV8dLZFFCVKZS9UkkSr6fOjI2smdQvwdHU06nhO/Vaw8/Cv3bD9sO+2nolIEWUuRfF3D/88o1/rujV8XY2EU9k1eNVu0TV02oqdJ+++zhRlJ8VJkVcP/LJofN8Ojau5aTlVX5carfp+/d3Gg+fvRMZnmOQfYm7Sq4dXT+xe8e3wLg0rGjn1YOIW1HHk/I2Hbz19GZ+cWWCWX4jFOSkJb6IfnNm59JvezfwNnPowITwvCDrngI4jF2w5fi8uNTMnv9hkkeQO1FpaUpiXlfHx2YVfl0/q3dTPRiMIPE849WKi0RsdnN08q7caMHXVnivRqSarKEoSpXIDSiVJFK3mrFe3j/wyf2TnQB93F0c7g5bn1JN19m4+Ves0aNNnwoIN+688TSyWF5hTnt86uuWHKaHtGgfWqOTpZOA59WaNo3eNBm26DRg3/6edhy8/ev25qDzPlPYu4vrxsHWLJoX2DGlS289Fz6lJ6z1rNO00aPzs5dsOnb3+MCY+JddcXmbJS41//ujG+SNhq+ZNGtKtRW1vI6durfWs3br3uLmrdx698ST6dVxianZhqVT+JJkKslMT419HR9w6vmvNvHF92gb6GDi1bEJ4XhA0Gq1z1abdRsxavfvk7Zik9Mzs3IKiklKLVI5DRUtpSVF+bnZm+sfom8d3rZw1skfz6i56jUYQeJ4QTn2bCDobo72ji5unX1Bw37FzVoedvB2dWGCxWkVRkiRKaXkIpVSSRFG0Wkuz4yNuHN+1ctbo3m0D/DzcXBztjTY6gXDq4LzeztnDt0rNwAbNuwyeOHf5ln3n70YnZFvKP4rTYp/ePPn7hh9mjOnXvkn9gBqVfTyc7HSEUzXXO1Xwr9WgZYce/YdPXrh686+Hz9968upDehEtLzDnfoqNunflxN5tPy+dPX5w327tmtWr4edmp+FU2Y3u/nWahPQcPG76d8s2/XH07JXbD5+9ik/OyDNJZWnmgszPCa+jHt2+cu74/h0/fT9r0oi+nVvWq+btqOFU5XkHn9pN2vca9s28ZRvCDp3/80nk89exCUkp6dn5RaXWsiRqNRXlZad/Tnz/7vXzyIh7l4/9tmnlgqkj+3RoFlDJRcep2RNCeJ4XBEGj0Rg9qjVo22PIhNlL14cdPncr4k1SWkZmdk5ufkFRsanUbBElWkZCRavFbCopKizIy83OykxPTXzz5NbZQ7vWLZk5blD3Ng2qezloNRpBEHie5wkhnHo+L2h1NkZbe0cnF1d3D68qdVt16T9q8tyl63cdPHv9QXRcSl6p1Wq1iqIoSv8vpZT+w0f/XUmSJFEURavVajUXZnx88+zu5eN7tq5ePGPckF4dmgdW9vJwd3VxcrC3NdjotAJPuC8E5HUGeydXT++KlavXCqjboEmrTn2Hfz1j/pI1m8IOnLx0JzzmXWJ6geUfOlqan574LubJ3aunD/66+acl86dPGDGge3DzRvWD6tSo6u/r5e7sYGuj5bkvJ9QYHN28/KrUDGrYrHX7zj36DBgyZvKcxcvWbNi664+DJ85dvfPw6fO3CclpWfkl1n8orCX5WanJCW9fPHv05/VLZ47t/23H5nWrflwwc9KoIQP69OzSoW3zRkG1qvp5uTkadYT70kStrZOHb5WaQY1ahnTpNWDo6AlTZ85buGTluq279x06dvLshSvXb999EB4R9fzV27iExE+pGVm5BcUmi0j/f8GodJefKSk6nZeTlXni2JGD6S9jIiPCH9y9ff3KxXOnTxw9uCdsy7qVSxbOnTl14phhA3t379i2ecOAGv7ebg4GgfuiR62ts6dfldr1mrRq37VX/8Ejx30zY87CJSt+2rBl52/7Dh8/c+HqzT8fPI54+iwyOub5y1ev37x9Fxv/PuHD8b9OZGSezDp1KjsnNy8v//TpgoLCoqKi4uKSktLS0jNVL61qSUlxSUlxUVFhYWFBwen83OysrJMnMzMyTpz46/ixY0ePHD586OCB/elpqfv27tmze9eO7du2bt2yYc3KZb8vmDN9cvKP33w5ftTH77/12ovPTho3IrRvzy4hrZs2CKju7+PuZNBwXypJ/n3+3xf+fc2/q9UZ7BxdK/hWrl47qEHTlm07dOnRp3/osJFjJ3zzzPMvv/bWux98PHLMuM+++ua7H35Knjhp6vTpM2bPSZk/f+Fvv/16zt9++2V+FRekzJ49Z86s6dOnTJ40ccKP330x+sMP3nvnrTdee/mlF5596vFHHxo+9P577rj1puuHDOzfu2e3zu3btGzWuGH9OtHhYcEO+zlt5+T/Q/Lvc19sqaqaZrPZ7Q5HQEBgUFBwcHBISGhoWJjT6XS5wsPDIyIiIiMjI6OioqKio6OjY/7f2CrH/P3o/xsVFRUVGRERHu5yuVxOp9MZFhYWGhoaEhISHBwcFBQYGBgQ4HDY7XabTdNUVcH/+B//43/8j//xP/7H//gf/+N//I//8T/+x//4H//jf/yP//E//sf/+B//43/8j//xP/7H//gf/+N//I//8T/+x//4H//jf/yP//E//sf/+B//43/8j//xP/7H//gf/+N//I//8T/+x//4H//jf/yP//E//sf/+B//43/8j//xP/7H//gf/+N//I//8T/+x//4H//jf/yP//E//sf/+B//43/8j//xP/7H//gf/+N//I//8T/+x//4H//jf/yP//E//sf/+B//43/8j//xP/7H//gf/+N//I//8T/+x//4H//jf/yP//E//sf/+B//43/8j//xP/7H//gf/+N//I//8T/+x//4H//jf/yP//E//sf/+B//43/8j//xP/7H//gf/+N//I//8T/+x//4H//jf/yP//E//sf/+B//43/8j//xP/7H//gf/+N//I//8T/+x//4H//jf/yP//E//sf/+B//43/8j//xP/7H//gf/+N//I//8T/+x//4H//jf/yP//E//sf/+B//43/8j//xP/7H//gf/+N//I//8T/+x//4H//jf/yP//E//sf/+B//43/8j//xP/7H//gf/+N//I//8T/+x/8XMABWUDggAJsGAPDmEp0BKmAJYAk+VSqRRqOipCSlOfiwkAqJaW7uylZaZW0jyW++eN/5cdAvQD+AeUBugH8AwAL6Z8zBEa0lUffX9d///9PUS63+4P/n+j/ze/R/87Z/o//156H0H/r6Hv/p62v9J/9fYW/2X6m+1T/8etf98/Uv+4v7Ae+J6V/9//+vYI/zv+463X0MP5X/oPW19X3/Of/b93/av/+/sAf/723P4B/+env8j/2P+X/G/9OP5/9CvlH8h/rv8r+2v+M/6nqv+NfOv3j+3/5P/Z/3L9zvrp+zf8f/NeMn0f+S/5v+f/1H/x/f//9fQv8j+5f53+5/5z/v/439+Pt//Jf8T/F/63/zf570h/PP3n/e/4b/Nf+v/V/IL+P/zv/Nf3D/M/97/E/Bf9J/3/89/tu+61//Nf97/N/6/3BfYn6v/yf79/ov/1/rvc/+R/6f+a/1vsz+j/4P/o/5T/U/tl9gP8r/qn/C/wP+j//P+t/////+3v9p/9/9n/uf//6Pv4n/bf/T/b/AD/Qv8P/6v9B/sf3m+kf+q/83+j/2H7l////6/HH87/zP/k/zn+z/cX/////9Bv5n/bf+l/if9P+2X////f4Af/H///7f/0fLL+Af+7///97/4fLJ/AP+h//v+z/1RmrK2Z2VPPXGZ2VPPXGZ2VPPXGZ2VPPXGZ2VPPXGZ2VPPXGZ2VPPXGZ2VPPXGZ2VPPXGZ2VPPXGZ2VPPXGZ2VPPXGZ2VPPXGZ2VPPXGZ2VPPXGZ2VPPXGZ2VPPXGZ2VPPXGZ2VPPXGZ2VPPXGZ2VPPXGZ2VPPXGZ2VPPXGZ2VPPXGZ2VPPXGZ2VPPXGZ2VPPXGZ2VPPXGZ2VPPXGZ2VPPXGZ2VPPXGZ2VPPXGZ2VPPXGZ2VPPXGZ2VPPXGZ2VPPXGZ2VPPXGZ2VPPXGZ2VPPXGZ2VPPXGZ2VPPXGZ2VPPXGZ2VPPXGZ2VPPXGZ2VPPXGZ2VPPXGZ2VPPXGZ2VPPXGZ2VPPXGZ2VPPXGZ2VPPXGZ2VPPXGZ2VPPXGZ2VPPXGZ2VPPXGZ2VPPXGZ2VPPXGZ2VPPXGZ2VPPXGZ2VPPXGZ2VPPXGZ2VPPXGZ2VPPXGZ2VPPXGZ2VPPXGZ2VPPXGZ2VPPXGZ2VPPXGZ2VPPXGZ2VPPXGZ2VPPXGZ2VPPXGZ2VPPXGZ2VPPXGZ2VPPXGZ2VPPXGZ2VPPXGZ2VPPXGZ2VPPXGZ2VPPXGZ2VPPXGZ2VPPXGZ2VPPXGZ2VPPXGZ2VPPXGZ2VPPXGZ2VPPXGZ2VPPXGZ2VPPXGZ2VPPXGZ2VPPXGZ2VPPXGZ2VPPXGZ2VPPXGZ2VPPXGZ2VPPXGZ2VPPXGZ2VPPXGZ2VPPXGZ2VPPXGZ2VPPXGZ2VPPXGZ2VPPXGZ2VPPXGZ2VPPXGZ2VPPXGZ2VPPXGZ2VPPXGZ2VPPXGZ2VPPXGZ2VPPXGZ2VPPXGZ2VPPXGZ2VPPXGZ2VPPXGZ2VPPXGZ2VPPXGZ2VPPXGZ2VPPXGZ2VPPXGZ2VPPXGZ2VPPXGZ2VPPXGZ2VPPXGZ2VPPXGZ2VPPXGZ2VPPXGZ2VPPXGZ2VPPXGZ2VPPXGZ2VPPXGZ2VPPXGZ2VPPXGZ2VPPXGZ2VPPXGZ2VPPXGZ2VPPXGZ2VPPXGZ2VPPXGZ2VPPXGZ2VPPXGZ2VPPXGZ2VPPXGZ2VPPXGZ2VPPXGZ2VPPXGZ2VPPXGZ2VPPXGZ2VPPXGZ2VPPXGZ2VPPXGZ2VPPXGZ2VPPXGZ2VPPXGZ2VPPXGZ2VPPXGZ2VPPXGZ2VPPXGZ2VPPXGZ2VPPXGZ2VPPXGZ2VPPXGZ2VPPXGZ2VPPXGZ2VPPXGZ2VPPXGZ2VPPXGZ2VPPXGZ2VPPXGZ2VPPXGZ2VPPXGZ2VPPXGZ2VPPXGZ2VPPXGZ2VPPXGZ2VPPXGZ2VPPXGZ2VPPXGZ2VPPXGZ2VPPXGZ2VPPXGZ2VPPXGZ2VPPXGZ2VPPXGZ2VPPXGZ2VPPXGZ2VPPXGZ2VPPXGZ2VPPXGZ2VPPXGZ2VPPXGZ2VPPXGZ2VPPXGZ2VPPXGZ2VPPXGZ2VPPXGZ2VPPXGZ2VPPXGZ2VPPXGZ2VPPXGZ2VPPXGZ2VPPXGZ2VPPXGZ2VPPXGZ2VPPXGZ2VPPXGZ2VPPXGZ2VPPXGZ2VPPXGZ2VPPXGZ2VPPXGZ2VPPXGZ2VPPXGZ2VPPXGZ2VPPXGZ2VPPXGZ2VPPXGZ2VPPXGZ2VPPXGZ2VPPXGZ2VPPXGZ2VPPXGZ2VPPXGZ2VPPXGZ2VPPXGZ2VPPXGZ2VPPXGZ2VPPXGZ2VPPXGZ2VPPXGZ2VPPXGZ2VPPXGZ2VPPXGZ2VPPXGZ2VPPXGZ2VPPXGZ2VPPXGZ2VPPXGZ2VPPXGZ2VPPXGZ2VPPXGZ2VPPXGZ2VPPXGZ2VPPXGZ2VPPXGZ2VPPXGZ2VPPXGZ2VPPXGZ2VPPXGZ2VPPXGZ2VPPXGZ2VPPXGZ2VPPXGZ2VPPXGZ2VPPXGZ2VPPXGZ2VPPXGZ2VPPXGZ2VPPXGZ2VPPXGZ2VPPXGZ2VPPXGZ2VPPXGZ2VPPXGZ2VPPXGZ2VPPXGZ2VPPXGZ2VPPXGZ2VPPXGZ2VPPXGZ2VPPXGZ2VPPXGZ2VPPXGZ2VPPXGZ2VPPXGZ2VPPXGZ2VPPXGZ2VPPXGZ2VPPXGZ2VPPXGZ2VPPXGZ2VPPXGZ2VPPXGZ2VPPXGZ2VPPXGZ2VPPXGZ2VPPXGZ2VPPXGZ2VPPXGZ2VPPXGZ2VPPXGZ2VPPXGZ2VPPXGZ2VPPXGZ2VPPXGZ2VPPXGZ2VPPXGZ2VPPXGZ2VPPXGZ2VPPXGZ2VPPXGZ2VPPXGZ2VPPXGZ2VPPXGZ2VPPXGZ2VPPXGZ2VPPXGZ2VPPXGZ2VPPXGZ2VPPXGZ2VPPXGZ2VPPXGZ2VPPXGZ2VPPXGZ2VPPXGZ2VPPXGZ2VPPXGZ2VPPXGZ2VPPXGZ2VPPXGZ2VPPXGZ2VPPXGZ2VPPXGZ2VPPXGZ2VPPXGZ2VPPXGZ2VPPXGZ2VPPXGZ2VPPXGZ2VPPXGZ2VPPXGZ2VPPXGZ2VPPXGZ2VPPXGZ2VPPXGZ2VPPXGZ2VPPXGZ2VPPXGZ2VPPXGZ2VPPXGZ2VPPXGZ2VPPXGZ2VPPXGZ2VPPXGZ2VPPXGZ2VPPXGZ2VPPXGZ2VPPXGZ2VPPXGZ2VPPXGZ2VPPXGZ2VPPXGZ2VPPXGZ2VPPXGZ2VPPXGZ2VPPXGZ2VPPXGZ2VPPXGZ2VPPXGZ2VPPXGZ2VPPXGZ2VPPXGZ2VPPXGZ2VPPXGZ2VPPXGZ2VPPXGZ2VPPXGZ2VPPXGZ2VPPXGZ2VPPXGZ2VPPXGZ2VPPXGZ2VPPXGZ2U0n+r3AlKcqqp3GWy6xDlx9hMRjLOm1bQv2O+XdN4mEweDcFNjg+76DBy5StjdC0wk9PHYpTn4pkgam3txqKuO89cZnZU89cZnZU89cZnZU89cZnZU89cZnZU89cZnZU89cZnZU89cZnZU89cZnZU89cZnZU89cZnZU8ccCldf4ENCMJaFCJVvVTIJzHaC9M0Yckel3lVQLC65Odd9Ico7Aj7iBSVPPXGZ2VPPXGZ2VPPXGZ2VPPXGZ2VPPXGZ2VPPXGZ2VPPXGZ2VPPXGZ2VPPXGZ2VPPXGZ2VPPXGZ2PkS8kYjruU/FSysH9bdUtvrOMqKEzK2LuI+6VPUs4ZYgPRFskVNuag0dlTz1xmdlTz1xmdlTz1xmdlTz1xmdlTz1xmdlTz1xmdlTz1xmdlTz1xmdlTz1xmdlTz1xmdlTz1xmZAXDfmQaX5KJ2VTqegUaj0ezftfYexHcsUccoCoTbfIw98fXiAARHq3d8udACwsWGfIp7BJt37LC0CMomgl9hClXW1oaja5i8oN3upRo3BQAIjBPLONuuVLemE16vPMhVtpk+qZvBhEp97JFt+2nHgdac1yrlhcjiw+BoV1tI6X17cKtEv53r3LQyU2Zsj8gd79QERf4SUzk3kJ2VPPXGZ2VPPXGZ2VPPXGZ2VPPXGZ2VPPXGZ2VPPXGZ2VPPXGZ2VPPXGZ2VPPXGZ2VPPXGZ2VNXTpQ4NDvovxiHqxST2+9Gft2lAGZDov1WA0Km0LWriREABd2vHV9wuAg8AUba5fomtysuWhG9J/Cc+gMUoPEjECcmNOCZ/bN2fftnSnIs8AzxM0BpPjMbukJY9sybRMZwQ6Fb220PYogGTzUHi2lFfaJT1SA1VeVaweh2J5uQu5OI7kYUEvpLoEcpVMgdy+lPByTM2DLiQh2xIjW6eGq15Ozz1NAnmutS2ew1ZdEVQ9rK2Z2VPPXGZ2VPPXGZ2VPPXGZ2VPPXGZ2VPPXGZ2VPPXGZ2VPPXGZ2VPPXGZ2VPPXGZ2VPGzpBLhQhmhH8Y8a03bNZxp1WWuxIaMnv1KfbEtwBozVwtHnmRJVlInDyIizKMI6w3qbvUtU0EcYsHt4avZVj8Nudl/PIh4L1d08jOau7rBDU1XqycBALXBSql9ls1hg/L7+g4Fe8QTvjXRbAsM9b1nwiZqDLucPanOSy63dynMsN+F5u+H/IenNxMBAzmlLM0LK2Z2VPPXGZ2VPPXGZ2VPPXGZ2VPPXGZ2VPPXGZ2VPPXGZ2VPPXGZ2VPPXGZ2VPPXGZ2VNXTrBQaIPWs7vrUF56UsFnjl1nZW0pSAqf9ctfVcfkkq5uZoxY/bb1os4ItPN64RKcZw+Uny28fyMYtXW57XsQI26uuSq4MppwlzTQE5mKR2uAXd5bMOMVQdLuOC7Sj/qZVp0rFVBSbecMkPIupitwRD+6lRy02GaRy+9YINttJtySziRg47W++toExl3VYOo/49pVJJz0axRJtoDhBjFHnQLy/0eY9pdhpWAzMdOanNSVPPXGZ2VPPXGZ2VPPXGZ2VPPXGZ2VPPXGZ2VPPXGZ2VPPXGZ2VPPXGZ2VPPXGZ2VPOwYJQVI6D5li3hAKwF90mDvQ1Vl69JD6XJfmL61E+kLd9L4KFrLqr6WJt9X63t07Ca5htlWQ9nDyP3RcF/FGQrY/wx497c0zdjZTHHo5bZamCgW8PnwsPrOzxEmFECRXf21FwPn/6xQiIIllc7e6sWwpF0TR9Z6v5hyfZ59ti8mLyf5HaVsVLg8XfKJ3EAbDw2+cYuZ+QR6c4eSaKz+KwuUNsd2OeKvkxCTUQ1fUa95Z3rPKVLwX1zLpLymYPmYfzm2q5tb7QXD5YVWzOyp564zOyp564zOyp564zOyp564zOyp564zOyp564zOyp564zOyp564zOyp564yuaZzfD8HkiK8SIj+v5oYnUUmv9bi3vYARq9DDF+nSfH+qPULVBSObTTW245feIZq7DovqDmtwgjf+4p3pqCEkouFX9uWEykQHjbB1XftThOtW92ibYlYHsWfLr1dw2hiY8Zs6p9pq5LR9YUtVi9/wCx4vE5xYt866VHPHzwVxyz80Kuo8F/gEnsGjFFpvjlGXdhtf0EjYjtIiQPZ5AjLkugLatT2r5TIpce6MRoy0TRscuXbLUF4LOjViXF3CST+DSJ8pyzYsRnFjQfLiqHtZWzOyp564zOyp564zOyp564zOyp564zOyp564zOyp564zOyp564zOyp564zMfW0xT5R8bYYXtPJUO7KuZ+lOPMIelhL6baxE1iMMnxZ5GMpjDcTsu2gWftDPT8SYBa6V4uOWrhbZ9q8H9JHQOx6/rN/sqi67Mrrr+8/JvztJn5G/2bOhtDPSr//zhOaFlshjhD9Qso3/WhoowtFSCkhtadgO9R/NaWuJGm7fV3BmDmauJiA2gRGuInzM5GW10OOOf70yXutHmE3N9vK6FTFCsCALG6Q3atbExGIzR8SamDMJvhsxvqKW6QZrPlvfqci1JErwqpqqhXNiTbgEIXqIJFa7FtCt9a26nHcdOepgFrbPQpU1KGOh2+qbu9FC225xF5q5vKF0/qL7IPV7xSRYu1tDfh8p6uL6uEJ2VPPXGZ2VPPXGZ2VPPXGZ2VPPXGZ2VPPXGZ2VPPXGZ2VPPXGZ2VPPXGZ2VNaK667P3yxvQaOfZ/+RF7ncDT5v8iPf+tfR3xzuclI43wT+izBARVE+iIfawbew1oJs8KXn9lLubVkoI1RgbLx/7YY1WElpc7UQY0VKixp5iPt2xYEBT/nD7cen/XoarPb4nDYdSieZyE16C09xUWZtH1SOhHS8be9kwbPc/crrl8aLS46bXC15OjblAkBm/+cSMLpAcJd4DfVU3GPipehrLsJ9xdODs36XnEAsd7aUt04gshJgXWFsdqxooWA1x44MiE/NgV/a9B5SmORXGP7J5E4kNCKs2XPkugcfetvazKPTwXW1zNlwnIQ37xTuBT2PQ5q1jYmoT/sxRGrY+/vSac7luz7ApY9iOHZlc+K4r3dVgIRI/Yj73dKEgadYCLoOgls1bfPIpK/zvZHdmOLGjL4ynktTRtxtwxcTKC7bx/ODKK7S11n9E7/+4Bn+hAkntJUD6r25qSp564zOyp564zOyp564zOyp564zOyp564zOyp564zOyp564zOyp564zOyprReA/mIq3Temma2j/pzZvqwGVLE3iXhEer/8spsRG78hyTFBogZJ/HGb5O46fAHpmcDmA5bgO0rOdOBnzD8vYTgC36Cx30bEMIVM2cabwr2DSzqVsAqZPdre9CXZrHWfAK0I7Ve2qW+Z6KmZoanFCsiICQ6sirN+qHmzNKLMsi35WibziRJYEOcbw+ZInF5xQfB4KA6q/pbJa4/6VQgWk8fwwZZbbkgnyifwPeHEa0T+swjFygKUc7OWB399zEFVENetLo5iHU22py7r551esMQsvmP36N3Bb7kgtR4xBaSYT8Tp30QUTJruoCoi29jeQvBgyPUjG+paY6V03cT/kFX8cfYHSGjZXWZbZ/5U/bJCc3fGMhn8SMXateeknCBQYpmbkI8BH5gTwDWXtHvRO6vJIaejkgxuw7EEty1y2y8C32ljDSXfO7Nv+q/KNplf2o6nQsrZnZU89cZnZU89cZnZU89cZnZU89cZnZU89cZnZU89cZnZU89cZnZU89R1A16GoCB+J3odFM15awjFdqlvOlUVm6eZTJal2qTD2SehO414Og1cY+OEAxtmiLcU5TJNitKwvIPbeBOwhd7pW0LnRvyijNnI2iEuePe/iqQ+yhWfaXds3MiXo99Jsk26lLx/QASA+gd8AlW65MVgkytvpOz4OVumOq2AjTBCnDIbWZBmTp3ucfZDzsCYU78u4M6Y75+dnxfF/hzZLoe4+a3zlPYX47hAnO5StTQl2kKn6uupm4lZq6U4OpFrlKDzgMRdG/XMwQ5yIBksfynfFC46jl588KFXFZAng5GAVVt1b0tfDOAq1c7xJ27+6cVYvXbMrGN9Dnwv+30VQWcRBf4g/AnzJ2KBorloju76i645O05zCbcRaqugrbrM34kyLy5PMICj4B2HifM/Uglgl0ztVYXA08g1KkvbB7raDLSH05dhgfxgpDVIEckaIeZxAj8iZhx5PhsSU/j04n2qxidFVJqSp564zOyp564zOyp564zOyp564zOyp564zOyp564zOyp564zOyp564zMjyPRDR8Stl2zSaFn+3WWjqCZfhEth5QZjSFrZnWEkp4WEnZaXsehWro8pedctfkqhpId+ULjnZjVQPcRBFo9Y2c8TXpGrIoQ+OzqnxbSjplIEl2LddvGQ4m//4s+IDwvNv+zEsUO7KdKzpkl3yg2/yYDw1Yw+ptLR7U8d/BJLtuaDD96KW6dmBZvuaJBO9rSOt23Ydw9a/jVcRqG06jGL51516CyxvMrqstFkqyz9nh5So/23v34KIHn/LTUyl1D5VXfj//JaAFZCe8WgJGZmkZW1L8o+uKu6smU19sjNQhaSzDIw21/7mopFGvzd0s9hQRsf/WY9bnTyZPe++DpMvNZcBQVXIrn//Xv8ESx0BlMC0v+RxrNgwNE/JmtyyZjWrB6YXqCUmGbR9sx/5tFVtd6PgICxujqmlwundHRLWGJoRQL/rs5FVr1tgF0j8nToK7qHIa7GifqSgn9FPPXGZ2VPPXGZ2VPPXGZ2VPPXGZ2VPPXGZ2VPPXGZ2VPPXGZ2VPPXGZ2Potww5OKtZnByudbmN/QOxHR97zuOKAyeySWkrREaT0k9w3VV9ZNmkLMmgBujiog31keLnjYV4pmk+on2Nf9xLObOKgXsLkXZ1VZIylNs5VfChqiLtlBLmOpeeYVyz3zNZcGD6ZZ/5qYqpN4UrdGaRLTzVwSoHcyllaw6G37/Wf9XP80FCzvFCjt4MswpNw4s10PkCbo3X+qPPdjO9I6frNS+I4zPgGzRYJrad0NzdlT7VV3ny7qkAIot2ldxwZDyZDu9Erud+dpr0vcXp7cV10Cx65YxA44ywsN2mPcR5gTc+Eia8vThPW5rvv+b3ytSRVAl3H+BaCQ/4aYJTNPqchtOkRrsv42gtJll9A5u5ruG1cus5Bz629xfKxadgWiQqookss/1QmJUNv0xI7O09P8QGURKK0GN1EMlm+Y5VRSP74SFCH9+0NrK2Z2VPPXGZ2VPPXGZ2VPPXGZ2VPPXGZ2VPPXGZ2VPPXGZ2VPPXGZ2PkPsjqCa/J3wXb/5iTPbbBdbTBWjkiCq3IMr5pB9I34pLc7X4JU3UQe261ttOo+Wi9808Sz8ZEAUl0KekYJMLPoH574NAdKpb8HQpp+uh3Dv8rONb2TjaSiVxkZgoaaQfMBNbX5U2z+3Z8KnozOkOF3F//UYxWG9PHbli/8NVYI+JJWsrhAIBne3Rh48vrysiegi2nDgjWC7Uuh/e3yUOL0eoHvVXcz0gT9czXIjKXCpKs7+zddpeXK39zst+xFlFAdftxTVu+gTytE+2f9K1wkaKICOC4sd79bsYP3tHVgNm3oVAazP4JIl3rSYBB574sGoRCSCUgTe8yKo5zbL+5UJ0cw1Zc8d6IwM/fIe4uV+4Cq4yL4FlBJ4H3H/5zG+HeNCqNxI8gFrCG2wygkxVexlIbC1fYjgSnNDaRbN2KwFEfNaCFUyyve8xa5ic9QZjDv55fJS98q+FWw+Edd564zOyp564zOyp564zOyp564zOyp564zOyp564zOyp564zOyp564zMlrv8hLi8r8j5d9VxA5XNR1J2IZF75YAn3puwELtlhZXihnSS5qrwpsCHz4UI01ctCZqB9Vs3guYqcm9apWzugdtq2aylWsO4KuuRe1Ed0ZC+/olbJXqWnnB7dbG9SIt/STBNky9shCzWkdZrd2xR6CzaYOTihFI4dnFnLsbaW+OdDTKeIYpK1EMj7l02fuy3KDLcOA0tef1PGCaHzZ4XQzuh1blaFUEq0vU9uMMSFhHrt8Z6zP0QQ401cEn7GaWO07hb5fr5KnESA1xZXb9C6FiMtELA1tqr4br7IKNbOu6Cfo0ifT/sPZzFKsQqAq7sVa7vlLfc1veII2hzTbLCzCvD3hcpflamqdM5RAaydfGtZQ93hkR4w5frdfCFhabpYox7kOBqHwxRo3y+NRAocYmzr43c0E5+Jc1aEx2dH5OgcaI0259Zf61t5V0f3hGb7IFcs2zmjWTpA7rApiW1SjKQ1B1eJqhqAWorLj5lelVlEUjTF2rZnZU89cZnZU89cZnZU89cZnZU89cZnZU89cZnZU89cZnZU89cZnZTSf52tszaEhpk8XL2JN75H/EwTJGmZ/pdTH16A2omVbk8ZJ9NNyJlwlaGj4fLgBy+cfwgpuN7pwFOuY+Cgw8T9/s19wObIg0ga33oXKO7YVndBqw9XFt/KPqf4qAzWvYs4pWmqYzH4nag0Z8TCzx752q2HrVa71iL6RYZGj8YiCWbwCL0bQUj+AlvE0IhXuUG6IWPU3fqwrfDJVlv0I/HJ4Z99qQVBZw2C3XHuK9y6QneO6Z9chXlZgiI3kXF66SaQuPA7pDbja89gsi7Wm6GblkRu4gIW3hoqSRS8+YHYW96PjO5dz5g3ssCeWd5A0a94TV6x93hf997oJiqaNqS6XU8uB0DDsa4ShQ/pqz05MWDLXtSPEm3cKqRZA6awxwsTpyPSp0hRhhboYDxpbt5GY8BDFL2nb4t+mP91+DrtiFME5MW7R3kePZ8kFFx6t0fc/eBfuifDgDbP3J+X9CiGBEnXxEnizlbAz11xshcn1vUjgM+W7GCTh/Pq7z1xmdlTz1xmdlTz1xmdlTz1xmdlTz1xmdlTz1xmdlTz1xmdlTz1xldd8JrS4phK2luSJZDGlnnoZwL0ZYNAX92Ih2mC3qH1b6fHrziPel0MGSJhsrukJNZmQfNHDhoR9y3iin8dGwccgm0UJVct/blH+u346qLhD/dHqfDFq0w4dgN4X766ksWl2pxAoGVHB+goUeDHNyTAO4CSglhBGfyYi6ZQx6ySSZ5ev95QXrWtLZP8d3BZNUdYo/ke0taeXiZeoCQ4oPiuXKV6HZgYsdgWIXZ1rV1lxR9uP8Ri7Do8dtem1pSFPI/XJ6u6EUVX+MtupYPb/8vB4dkcX4SQ/Qp+nYs+RYIfcuzJ8UZ7dQ47U7iXjT+JewxVSIbkP6l57cLeeW2m5eb3JfOQW7DWnF/YUR7JoGWLVvjUmOToiAhoEPgGsCsADYtLyVRjj7rrZFhKTGsENQvkkdv0hjaebcdUVw051TSj+bmLRLL1UrLRgIvjNzNAZiZh5dkkGIou3sNZAZUNGdiKqu978fgvY6tanaXOxtRKQv4DGMP6zzct98sAMUVQCZtkUkp/V6//dgRgtxvIO89cZnZU89cZnZU89cZnZU89cZnZU89cZnZU89cZnZU89cZnZU89bnp4QUu5mgrF69kHOnJMXZ43P9iDeMqxs3/f2iDNo32CS9A5j2GTAdnkaEf9xUPViClK91wbfE4+qlxHOx3waxLuF4U5ptO0QK6P7CgQI+0ygntIlD8RD0G/hx1+i3FJMzJxjhVaFI67JSjNH5uYseDaYNOmNfbEs7o5of5+5tYf/uZ3xkO8r19gcHYibig0PFQ3M2CD9N0+o2H1Xk0dc0vT0vP9F4mAI0x1jNCVtliyFNhcSDLv2Zn2vIk9Msp3dAuzL/eGRRpPdBhy9iDn5dFTFcc/PPCLOP8OgSdczhHenF6d7SkXevZm094MijV75LVV42DFo0VV1Ye0eWZwFHeZq8vgXjzfdo1NkyWbrsjOLHIGmW2F/HDHY5CuvNRsgCbKnzVtHQ2DKD1U0TOuoZzfpH1GT69sWE1KpuSBKQ0M8kvbU0Rn1L7H2HCI9YxnInl3AzGuKQ0gvjju6piN6Hjx16la6YSXoB5NAmAL0mL7T/dNne4mZLndSqvTRgBTElsHgNIhM2EAYFghEqdko9mEmr3gVD2srZnZU89cZnZU89cZnZU89cZnZU89cZnZU89cZnZU89cZnZTWzWalnxoExqOmyFN8M8DXRFfzpjDD3KKqmQ67TqtoAPxdCj2a5nYXCOdloudySG0O7c+ApygaYQtVRJcnGXSw8tho7JkXoMaTIYNuB8DP8VbTJ63VVzPq0YO4cXy0dW631ySpppCYQt0jqqTVVKeVZO3wtNP4MtSs5tE0bTX/70uMHCP8f//yHLxa/UlaALS3IVJrhfjEOsMEsUvN97xfEPZbWXiFAau9I6BL3skSh4sLgAlUlAffoyzvnIIoEg/O4mqbuL5alT5BRL9zJb8eu0jTMdFxnOLPguYQ4MUCX+sUtbzwCgSfsmfhaH0seh+82hhOATb26mQIjA6Ag5bgqArap1S21ugRMISVc0z+Eo/JLAHd6/aFbN1PF52eH5Ia+htkhpGyuhRNf+E2acVCWvWMV+1/q3g7HoX8rE2PTtYkeHBAUrcf8umuhfMSJ1bJIuyRvSow0m6gDHlEd22pcFYaiSqn0UuRxbBAwPFXsZkwK+jGRp37vMghm2d61Hw/inMDtWkoG7FS3/wyijkkgu5OaIYQKSp564zOyp564zOyp564zOyp564zOyp564zOyp564zOyp564zOx7FoqRYoXJLWgHJf0nxva8dcaNYd/38RYolC3J2fnYcvS0Fg/IcpznI535SOqYkLUSrNv6863e1iaWYXNie9LAQzzYrWr6f42uUJ5Pf4Ru1zk+ilY1gI3gk/8bIx/Gdv/lQs5MkOw9LLTOSqdcowaXQd8bv5yI4OiNc0TxuR/hI/MxdYzqtKYF8Cbc+DDd89MN9rf2d0oQ3GtF27K2tocOtThnZI48Y/IKeAzSISLL8RiE5WY0E+KIEw8jgFXyMd9I4CU+bxtrGU1Kk2R3YKZld4vuve4dXtlaSjtL+7MVT5Kp5gFwMZF9OI5ALiI5kniP6SYj6UZWueZao3zthmECoYOGfKcBPmob7GUpWmm/3chwjWnqYh4SjgdFYXPYV9TvQWVz3BM2l+sacXNXprbQkJcFujjnT3iz4eKmf5AfwkRIvJZzVNZOIyZD0eMNHXfqysQYaToUKG5HStkBJT/e5CXYqPlqe1R38IEjyTY0SpbZ8tJq3lf3uEHeB7zZd/qD8IkWqQB374N1ndD/xmeOkZcPepd2B7EzN+1bM7KnnrjM7KnnrjM7KnnrjM7KnnrjM7KnnrjM7KnnrjM7KnnrjK5VK1UDwCxp9H3zatoteFMWeWHi5wTMIEUmI1L8BsZ4vjzlVINrrh/DU0pAivDJMwYEB3oTLECfnFXGqlaAdwYrJAMLyK34Xje3llcZHICouDW+a3ySwGqnp0bnNJy4bTuos3x0VuM6wuncGtoNY0OnL8REXqV73z9iBgxrpMNk79qoKAYqrN89tXs9uuO0YXQ5yO1diHzcv+6vFGJKoFN8CtdxTfFctDAQ5rMujVfzqTDJB7BwWJ8PDYStGXDGihBTE7YTepfenKCMooki6fhwowbKc2sqoZJZ9kGEhQ5kLvo86k7fDKimm+UZOrJ/3t5llqPp7zf4LjOUgQvPoe30MW3y3ATjek0uQjeRBh8xiwasamWwEqm2YWYxxRxl18Vf3XhBsGB0LXW4oVppfmpNyVob3EDEC+ewtSAoefQNhdLCWs/k4PmHzy0Jl8umHtrLbzOLUS7ytgdmoYi69wgvA0yewa/QXa9FoJqfhYe4Jm73uJIahorSzRjBdg95OpobErUHGCuI/1WcLEcClApUGI4teDZgTCEz5j0n0hOyp564zOyp564zOyp564zOyp564zOyp564zOyp564zOyp564yrnnm41rWh3VWaeLBsevk8orpAGQQ6Gx3wGmpVu8+UqRh9khj1Dlv81iPCM3JH3S+tu073nz4LtJueG4eBVxbDZRSQSc6WuTe4yyMO7YJ8GlJx8E38xzXrxxQMh5yaIftuXQMoVcypkluvzuR6KpDW/VgmEJ7QqNmQimDg+Cj9hsbppOU9dEe4N3S35FTKFbEpJ6pIyRkE/n9qJkWaGALeqBibz1Ir1epb4mZuiR0Lr9fGD9SIejy96arz4A78MYptVL0ZAbmdtLhg887iEJr8Q2eAV33CEKXCUlWD0wMkg9RqLiXdyM4ofet6m1weifrVHiBQmDjDJltyyI7759ZM+45aQAy3+wzgU/e93MEm2zi2veC+nBm6/zoXURar89LkYBRpuCED+GZCUMUqYXalHh3oDt8k+lfUDVhN9r1GIb0jz92HRnZAW7kJe9QWsTVIq/gQo1kHnMnPtZjfP3qME2FBSI6OHh75k+bfZ6jXqgq0Eorqzfmun3LZO5pSOb3T2y94BnnF4eoPoJI+iMVhw6/w061Gvknq7KlNBiggWhqCXwdDLui77CAMt12rZnZU89cZnZU89cZnZU89cZnZU89cZnZU89cZnZU89cZnZU89bpNXEMyRhUtrhks6o1rLgQ8VzEbpI8NY2477GrXyiQh0PCoHqNCnmoMLyt1qLmN+Ng8Dn03dBPwVxZzIG/noyTorGUd0iiILVMQ8w5ycIGHkuOjk7b4Te1VD6ZiuiaaQd31cWFy/+rTzY0b9mgYqFysjqs8dFXrc/e91apzx2armyY7JrJFhMsl7wg1YxBV/bb/foDqfBPzmig3naRaIn1yj2gwLgoVkKIL2NkK/cA7cOhxyiy5KxTVq3acKEXmYv+Ycst8WnOVsJmKiDpm3OfT9Tkg3lvwumGvArOr2B+6+MWfEkMSAQhxjY2MezSzONUbqL3axR2O388B1Y+Z0HodWDAbJ1lavF+PTdtn8DLdfUbVfR8JeqxRo+mc0ir8ONpn96PlkyT8Fbci9Y/9gXD9LY9Nfq/o9asBMric6/8ovSvbCoGVLcyBi2NgOQrDZFJ/J2FPZUHpdVj2bk79Caynh5HmH9lHhP8N0CRFaL2FcvG/TDDkxONZzEwyFQSRB+lL6+UHGiU7u6sx7fsMvkQb1lQfwFviRQpKdI6ZZi5kkRf1LcjLZ3QLmJKjHeW5dbQh2it2c/g8LAuKh7WVszsqeeuMzsqeeuMzsqeeuMzsqeeuMzsqeeuMzsqeeuMzqMLEhCdJ03wERPqorbbeE1/F4u3KZ/UeM9Zca4u8Q98xHRhFKTP5P2xuQmQoSifvqFlxD6ulR8c9F63ky7MqSbk1V/6HCU79hWevKJASmVMSnj5/9kDkLsv8pHG4pLITyarjJ3LTu+c7aa434I2X1bavWhqyz/wnZn48mRhmVRN1mRwhd6FYGa1dWgbSNvGbNRRsWROPVYX1+qnr259ZoVgwQiC0j3kZA4TfbGi0BK+CR8htvnneZ661Q6YnOUGD2kDt4dRhKDnOWunyRKyb3sw8ZRdXYWbSuXT4wlcyWNuFCAwFK7vYkF8tjPSyipKr/eK09/LuNW6saXstmGy4LYHtfazO8966PQFDr0gVr6LQOePO4rsbOqPtaDRV7ME41Ax7pVUfhuXUwQvge4CrW3HZQTEOf8Dx92LWZGgYbSOF1k4cChYhCjS4nkv3K/79Eho1/BhkaIK/8TWmRTDbNFU5c0LErbTkGCqa8OjstbgmBVTIkbxtoqaq1DCX5KNcnjiCJ51KdVa8Q729i4DUhqpWzOyp564zOyp564zOyp564zOyp564zOyp564zOyp564zOyp42FGOpWr/V7tstJWUcxzSfhwcefQp42LhNFEMuxf/Pi8gMQVFKGhya8TDLzEIdXTxae55pnNhThoJ2NVQwMM20jrRToJL3CbbAzhw+7LxXKpjzQWbW47DLEusufyHg49ERGitwW6U1IETKUAYx1ACTuQIvfvqqWY9j0o+Jo7c9/Vbj9psm7llqkLPs+o2CtDMCS626/0747TVnyvZ92NH95JFtX1avEIZQHEeFySI+VBenNyYYzEYiirfVCr2TdEK5oL8CrlmSPI2nNffUi5vzsewynFhHXUQh2nuSe/LdEui/gpNrLd7iif/oVUrTkepMHpIfHI7u9SgPd4wMGve7FpM1OhYEIwe412AmgfvTbvsXkux0MXCtEG6j/cSrkNBRjBH2Vhc/uzPSgxMPQgSiX30tDwHBkFgPGh6JP0WaGl9RpvbCqfQ9yUlrMZfPAYjXAwt6tHlEsvq9FUR4QinLZNBe5xYc388hsbGreDmgTZbxsNFtIz8PLNa+a0l75ut+rnVIvJrK2Z2VPPXGZ2VPPXGZ2VPPXGZ2VPPXGZ2VPPXGZ2VPPXGZ2VNbOUItRyQpoIkzY0soVxozmLU98mIW8RbgxzqJ+7xJrEHZrm83SX1jCYYA/DXvKOjNaJu5n2Yw3e8X5dhDqnoRjhCo8man0dyQ/TeYNOZFfVvHGPPAvuWP9LoJLvU2CnkrU11F4bcp+IaNXDsGTjn9+DEOzANkGgTyXjesS/+YL4gHhtNHB2we/b6x+U0tnCUaZr30hMeFJ3/NTXBusWoUALUMs0nAlzklosNyF08AZTVq3zZ8T0ejOIHxKdWSIjcGcGgDwXCysQWYkJTL3Q0yOVL8SQ4sUSYCZ56pRV9S4Cr0Os26f5jjwdhph1B3FpnXKioUL63TOjG5qoaqRMtshZHKaHlPj44U0wdbNyfdkOMfKD0t+qBnOho1FUVXdL3rBPaRSfw8Zb1dYRw2MVKHYmwGGL+H49L/vQaUDfLmnE35o2W+iQi7Uk7JpHjN0UPgPWLWJPlHsdAWR3k440Zdc6t7pksdOjwW07rg1pjTNSZmlPbcR/BdblLJKoGgDkqx8pLzLKSnD5jeBCMFWy2m/4d52ZG1Zqal6c0qEkqJ3Uww3ZjFucUASnnJK/jJd5gNq1lHddCeuMzsqeeuMzsqeeuMzsqeeuMzsqeeuMzsqeeuMzsqeeuMzsppQDiD+stblN6EFsrUG0TY+evbFfhdYfMbTfqFljyp7qdgVD1YP6rwXO2GaKETNjr8LG8KcepBZZ2FH/RTkmV4e07ADcpUcnMjmdpJGbcFXEuAecLPjOu3rGdx8ZcVxlOgJOisAf8l1sxW6vebSbEudcd+GI/+GE07cRU31wtg8cojI/2JUhqV1ItGlwit1S4y7mi9+85D0KUQ+4CAH2n+OERW16N60LfrPgxMPiEnphOqCOxBl3mVfbBCPOPac51SnkyMs8Nkilo1BkLAubqYxerWDNFuZcvif838KzwGjispUoKSKjIdDZDl2hvlAiAt6oP4WPNMk+iChG/MclduMiG5kQiLvnYb71cyIwmyhixzKhjPunKRrILHXUQ0rZ4hx9ZYuN6S6x7Qbm3rTsVdbqL6t5I311JVZatULpzpsf+ovYuV1DWAufH2wVDVzwKuVwTU/jS5umT51CkULK/P+X/fNISxRhopFUoCXapsn8pAwkJ8wzATPz6tWzzVsF3SI9I6X8flw2prSli4/c6D44uIIc6ONq1pQLUmWBz6/77VbZYL3kZLkZh55sDGD+BUz/S4359IpwYKJdW/38Y4A3onKBrxsQlAxD6Qm1A4FQ9rK2Z2VPPXGZ2VPPXGZ2VPPXGZ2VPPXGZ2VPPXGZ2VPG7H3Y3NbwAg0ovtfXHcRuv0nmy4cNhFHp3lc889jbEeGIQ9ZlOGKyCBoy+XTNmhF90KNy89/KpSU5ufXUysmW46vobXNNQ/v+HUyDlqF2EeDI2MaTnOpIN9+A8QwL3IVWypuCCsl03oUB4cR5z1yo3sZ54BmriajDessgeiEFIoW8f0oEBVV+wUoEdImUoPkdakXB6DuCeYhQ9kST6UHRn7vJU5TKAN3DUwbkG2cUGYyu5rb7j3dPJjYkHAQN4v5Fzg/LksUsTo4Cu5lAads2DVM3SwEX4t9ivzDSACcM3/xofauYDqIqhRqqCR8x/IZpZWE461d2t71FyozP00Mo1mPdJ4NLFiZTb126SCgcAusVxm9/iZZKa6gb2DncguVw56c5tatLPv5LlI/PE0FyJDAKc9r51laT8LwYbNSa8YnrtmbYRsTssS7FlM5L1DyEuOxZ9vYR5XdrlTO/wd4a6ivl2qvwUOr/0m3Ao1nZVv0Hfl0CrkIQwoDQvdKoW5im+Q/enSyG0hoeN/B7QZaXo6eSDqG1q3L3Cta5c2KISEtDthJwqV7pNpQDUfSeFlHrc6YXqCMsaVPPXGZ2VPPXGZ2VPPXGZ2VPPXGZ2VPPXGZ2VPPXGZ2VPG/qyhcL+A25Im87DxhuN2QceHXrLFRlnhBDAwCVCA7WjHQf0ahbOxdj+mFnKZNY6DTRoiIJv7jIXpLtLE+UXPKwFqrs+MM5bow7kKlpJk+18JCmZ2iludlmetDhqRU3nTxMLI+tMFERqGD3xC0hNf17y8bE7SueqnVa6kiF+KrqPWcHZM4B3IEQnyPd36vmNsagbz0+JE5tbBUX96+TdgV4xo7xSVmqWnYYZZyUUyT/0ZaOgf/zXDjxXM87hpf5xb86FvS8saYB7ywSdC003a46YGbW+1srIg430QXKBqSXcPhUtbHJYFitNWzfnS0+KUstM4ZADgFAU9Wx6YzVVJgKrFam3CjkOfN52LbdDanprTsL4g4ZBAzwaMzlatDyffszYKibozyCCA8aDki6sQtdRsI+4vqA8iDa6yCWamo4HudCxnUdk1blHt2WQb2/2MVz+mkbN9CU97ZxW6flVegxy+AG/RUQkl+zMidn2pCHOcBErDUjcH8OYm0J3BJjV01+Ze3sq/KStm0eHfTJbyaJ1Xzf8ii2hnxtJPYRJVXzmLPcGais+5VyoBDNfSU69Jkl+VKcl4gvmt6haCkvSakqeeuMzsqeeuMzsqeeuMzsqeeuMzsqeeuMzsqeeuMzsqedjDnz015vu1bLIM2E9fr/4et97Zb0oqdGIyHPb8sTE8VurrUnJK/ZWO21b0XqgyQNkHx4rLvyxHdr/Heeya30tluRBrj7JmmPuNexgqfd4Q3F1JPv4vof116mPla5g1e7qUHcP62bpAFlih7ytlGlMurVX2+z9KUz+i62OLf+WqPw5j12AXxChA5Yn7aUpZQCeMyFRKyuiG9XXFN7H13B94r1UQNLwItnLHknjeCJWqNDz5hfe8AzM7v5uoEFssBG360aUIXB3lKt4esggvDmb5SW+NNqFYn4Ajze92p8O6KkTmHQKYF8vmUnNK0c4qAxVho/ssdX1fc3C3nWZI4CAJu+kDNwORWT7gbjsJjJV5sy3zf8Z4mnQRkeXC9jUp0Uq19X6aym9Ys9myryPgQoL9CoJPPVhnkKveEsXHkxzgr17zSSxu2FetgYrHgkX67fCXk+Y5yy1ZYEQ4JRRy+SQ9xIZVPC7gIvJM+9F01o51pTxBPypXtfT0fRcwu0yhNMrDkK08PMxxbvb/ITJATujd58Lnt3yTBwWsUeP7gQ50cfqhfSJpPi/83iFfEX1ov4AFj8vCoZBMsgxffG1DvMiPrSY48WPMuIbXdPwUTX6ljixsaVPPXGZ2VPPXGZ2VPPXGZ2VPPXGZ2VPPXGZ2VPPXGZ2VPGC1jQXiX/9Zi9RVQvJFw3fijN3/xfwVj3z57x9OCEsxVxcIEmV1lIV0HrmWm/oC2C0bG8WMz3qye/gwlGLKNyvxOi91WKSuSyd1ZDUhGSNlsYJ8UCq350XR9nqXDRtODFZUbWJfNJWHe5wj9UkzFkhUfJ3ipyZEgisA3bqgRQqgn10OK1mNHrIGS4m91AtKd/1RrTbf1t92nQ29p+G474Fupwwr1AjeGsQ3QjxwKWJLHLpc2ViNR1FuME005vaAgQWl6OPCoMyyPkOrNJ/0qG6l8bVph3Hw9Wht+/5jmNYSIMfMqL6/5yKqPYldYB91TaIUwiC/7x/PPT0wwBpUE695g4kFpQYFG/tMBwEPw6wMerKnshX4zcDZX53czhlIeRjPnccic9aw3f/zHvGQyf4+TtUCGUeTPIbcSuCl/FB8IZ3jaoFYM0+RURKKU45sQeth8LECgCJfWfXZjAdidGIqzVhD0N2Z5pR/K6SZHWyg0eW5XeFEyPWSsL7MDwayaY2Ry7Yn8u7qYUPG4w1xyYJPVwCtkVjrm92BlUFJ+f0H+UXrtn+AdxwKRtuT8S4QbzblIBChW6pqtQTiCP8456oh13qnnrjM7KnnrjM7KnnrjM7KnnrjM7KnnrjM7KnnrjM7KnnYw8qyuR4u4D2IT7/+TPi7qwwH4Xscfllu5HmB4avQNT3nBfyT7SA/yu1t//lffRBaO5Z9cvRL/44pxAYb/j6J/VgA6N44RHYSNZWciPADPvojKFEI6N4Hr+/Ltjg6iGyNjJyZBa2VOX1x6kNbmaWn/lTJDF2nT+vmd8+6hEu0BUVC+5DOjUXF0loXpwxcLiLvTOrSAAWkZy78h9H+/TiqM1q9Aecrf5MB+oaMTYMdVCKD+tIWiMWOTVCwcqJRXwVrVBD2dznNVo17+Xm0r+n2nRr5Pppz8Jqff1/Ei9URG6QPAv0/ifz6k5nazbpk6v8ytIbtzBtkaUAEBvQRBQyEOwYNAy0PwhmS5a+vWdXD1lZtHEsh0VzrVfUf76Z0XrQGspC5MZFbLfjbvLP6+rPw0K2EKUMhWchJJgK1pG40Lfaxhu02nYD+zAA/cr7hWPjjTRzYCYwkqaaqVfu+iIw0coUXyzoFLV9+zDMq7O424ogQ4rmAh6zcza1AQI+TCX4oQZfcpWJDvoQGKnTBbetVY8pcBCmMgZIuv7OvmxotJSuOt7B3JyDUrjxLLiTxs2efD+0drVrwRjgsEHPcC+OwFg+8lQfy2V6kmxQbydrJRuWF8OljSp564zOyp564zOyp564zOyp564zOyp564zOyp564zOymuWp0RdRXhTzhvPd+hbOS3qii24lAF2XjpKVu5oNaHsVuHPHQR2ypQLn43+SXTbvaFsa52jUMgYkSY776f1Vnjvzu+q7wr497M2rz5+Q5Pw7//j8wS4kx6eAk/GVA8B3lpeaYtzF6XZR8OvyTRagFN2tM421IfNz+m6807tvkLeKs1Hw+jnhPTr8d40ItDsK0MegG4uOgUZdShiEokgQPGsdBKv2rDhr/fwo0Qv5DF43LiVQ4jpBlMoChj1vS0byc+FpL3IMqjsvVump1i/BpWeJYesTayaqxRPnH3itP5jwFY/XYdXxSOuUgfYfWkcyyHwXvK3tUgovX76WbRFDeHRaz19ZOdpBrRuGP2pZBOXcygHg28WHgQJs+F4XHcLgu0dOis8dnhCuBjpC6Wsji/gokqSSdqLS13aLnFbBHdV1PvjXwbB4C+0uH+hFM29ez5QqwHVOh+9u9+OruyVtc+Thl8Q6fUNF6AVXbRhr0AxyP9NvQ5VSN3G/ZkcWdvl+d6j5wLXlDvJsezcBRPaEeFqyglwMqwyQWpAB+drccxj1DxZko2HHqCkW8Kzc2cH3UvPurm38Q+QHhGN28ZMhIGntBpCmXWbYIvqbLtEfLvNvx8BfT7y/SXE5ixQiYOliFaS6XBTBB3nrjM7KnnrjM7KnnrjM7KnnrjM7KnnrjM7KnnrjM7KnjgnTKUZuxAMMctmheypvX56uOQtJ8xAWCMuM0XMSTgnNC1cb+FqkaLSJFg+72cVVXVdWA6IHdKlmDEyswe+Sjg0igHNAWdduw3jWnAnhwYyGJjKZ0TFIXNsoKDkKMVIDNjbveE4t+Qw9vXba8HxsjgRe59Pr+CrBf0bzPQiPfDreWye55zkCEr2MuMb8wEn135Qb/qK19pmH9A79jjIikJ+ABAhBXvxLV9FJ5a2bZnLf69deVu7FnlJnONzUbkqZBayoiA63st8y+RcVyQbofIEgjGC+VflFo5ZTRmxtLNKL2j23ZkxzbU+JHwnsSnI7wQ0i2h2NjJPEX6EC55lwTVgcrx+Rg7DIjQvvOMpf28Gre897B/uNSfFbpwNUCh8Iw5lO1/mSH4glquL4JZb14AmH5SH04+33lXbf0HbVzdFzpBPt20GqHHi0j3Cztw2Wlltw0NYZzMtDL8cCR2N6He6eoPfJifhNM9mIbr6xWJA0Tsof4fk5zIGlKbsg/knIUxjJFymfMNUanK0+wGoVIjjCFnyFSmjrtHPUxlMma2XwCc1L5Z8Szgj0oGLW+wM/1z7DGRctOYDlxTlU/J9yvybLMSkaPS0fEhR5Jn1yiX5HMojbIypXioySsUZT8ncVQ4gFU07AoPP/ROHCLjU/UeKh7WVszsqeeuMzsqeeuMzsqeeuMzsqeeuMzsqeeuMzsprY1fb4wyPh0wq4iXcKI4HW4D7vcVPy/UXuX2O+k9Z8l/yxcDrLW5yXG2rHXc0jLP0hAxFg3tWh5M+ePBdx+in9H4jX+7MQNAF6kYRHnLp+rakWIJqQ1AgpwSiofybvHwvX4UcnEJDIaSvo0iJ2aqB3ekxzKX2Nmz0KhjSRZwE4VRu1X9ayx5CbDHR5v7YS8+vcE6qF25blr369XSZPeAMAepXxx3slZ+tiJDWoZMlxfQOJvm+IkZZUSWm3s1YTeWfyZF+5EzqhKrJrhLiU0LELtRJgPWZ98XzLVEF6ghY1HoANyaQglk8XsIiUY/jz9W2GOng7Vq6DQ23OIj8pQeHeLokpQSD7N9HeRzBQWveqedr/lzFuqGE0R/3KN8L0d0v/bHZ/atuaB93vf7vI3W1hF8I57DTOF7BrPhR2ABUifpsZUxMw1rjGdZaD/5c1WUJ+UFz29FWyFU6+8PuvguIDASn23iTpE22F03NEnUg2zzj5RvqjV32GiqIhzhQDSlqqvydDUvrw4GKBTJb6Tpkksr0k+F90EQ3q8v5usLCZSBYyJ36sD/6G3IWhEgkENE6FjkXYlHDRSyk4G3/1IMIxP3KdstFgnmI0RaF+YP+fzeigADEKhtDSmtbq2NQ8bdrK2Z2VPPXGZ2VPPXGZ2VPPXGZ2VPPXGZ2VPPXGZ2U0n+p6Nps7tf+wqfvK0Gm+wq7yemt303Rpur0pJGoS8bNSlRRxNFn6BcgX3tU49XUQ+am94o0XtUTCvxqNd5Kmz7mTyfturgMq5ekV/g4Nbo9iPU0JcIFBxJDQUb+g2YDIMJ57j2/k72974O5kaWwpO2oEoMaHIqR446zUag4qBtxUMcBDGO78pKske55uOtZcXWFLyMI4u1Krt7FOVsruG1jj5+ki66Oy33GcPxe86PcYTcJ1VRGiTj52yRgg7dDMWi2u0B3qMUT3ZCqj2zM0MfjiZKAal7VqH38r9PF+Y0ebyV4sNM4y27U/3OBPnDduMjNzznAL3pr39RoXOKnAPDUy0kHqkGupIoYg7hM+U67FBCh/KokjInbE7+cPyEpPFGfvNjK7KJvxRmJFy0wZNNczwYWCpxAC9J3HAH0zfUdiUec7NrivakopRh4HNfuMbO8U3LtQU8LT1kivRm+pv+HEcBWr7lSQuMtW/nUWmEKEFwjZB1zngnDdSbft2Vm8hMXVvajGLTkvZkAqw2lj5Cy4+hmIj2HsapUJBlLifIgFF5KXhR7j4mmoiRdaki8WERB2Fpcrrr+G+ZB658LDfK8arzLLaG6S4JlDs83n/10lKmhGJlvY/eHco+70Ob2qrKWLgQmwS861qb1oNL8clqTU/RarisLrc9h62Q7KnnrjM7KnnrjM7KnnrjM7KnnrjM7KnnrjM7KnnrjMyFt/PyECVZmp6jq6xQYp0eFaHcczPzYUhI1GZR33IrekrlbeQfuMJjCg4WIyyKvsxo3Tl2J8saG0NGaYnirYE9cz2fBdxMGkx6h3/H068winX/W0ouk7b71WrIgW43mncNQ6V4YXBndQisqUob5nc0Nai8Us6xyGsc2fldWXK1Kw/DvZiR0gIi31Izn6Rv5Og9PNiydS7RLMvdUlpX4GNSgPDDy3tyGlaVhAU96idCgc7gulFlh/BkJg1Gl926UgD22EDI3nimsVss97KkwKfCzybCtoTBxJ6ACxk+veKiDuGWW826/3jvl0NJGttkTfKrGU6tvvyVJembq7xjiSRit9w/1KOya2cgatZnRyvQGAd/UqsI/C2WByESeSWqYxbjoh0S719mL5eA6EIPJdDUXjrGaQcA7ek8r/2NUBZOMi76Yy0yjswiV+dzSaijjnla02qdqRLZ7mNG07Speb8dycIsjeRo6HyHQn9HjSV3OETfMDFP4GOKk6RPXoNWZSnYJxV094b60a1WqZs3eT/q3Dof/JBbuWgJgd+P40fAdvqgVZ6CrsO0Sp9fiMHCc3JZiCMwsmvaLHtOVrUOFejup+xwDXdt6X6WA+958Eg9UKMnf4JIBMs+OcCFvzpUfuVFG+g5ve1oxrP2m8pL5mXhQrbjJB3wrZU89cZnZU89cZnZU89cZnZU89cZnZU89cZnZU89cZmWY6TQ5KcNlWE4YC0Li1Anudn2Crl3Twrhw525Xw8wFszWQNn7/kWeI77uIoxIoiv94n/7qJUAtp2FRo9S2QCktb0rdPOgLxyYatoHstbvM+qe5AWKoXoRegCwP8SR0dyFNbq7iSgSgcGl+R2RncZFgj09WUxOawIQeQkobdFk/EGcJpv9lLqJi+GUqaCmV2PF9NxK2fKwXzMCV77To7u9YH4jjOk36eXVrG6KZUC++7iXWUtwztjqnGeMnQ1zJvjAGhK4ZKz9zCPBIspk4U4O4A+tF1yAGEmROy/rEsKv5zfw9RjT+njTR1oGB/FBQdMxLnODV5r4Bv3si2iqH76/aJSihNiRvnRDlgfK6rl8+Tm1oDFxMYWLq21xx/BaPTFrmo8ydIhB0vPCyYyCI31BolEwgeMSCXgp4J+3zeMJFSIOgIbBxFnKPZzDb3am6ieD9EOsvdQWl4G8ETA07E3nDsVwHAhyaLj0kLzSnppgZvcAUz43gO7vlg0W9AkuTqEXS+5wL9QouAginuHA1EH1jVehWk/lODrnrlVF5Kp7mZMCSJt9gsR6O9ZWMyTnp8h5tqfP8yZVBW2JrxYacAPKytmdlTz1xmdlTz1xmdlTz1xmdlTz1xmdlTz1xmdlTz1KCm8880xyAzDMcqO3PEGX2fFdb8uGFZ3ImxibGI8V6ZsnX8gWl7TS4hlhvIRfLWgFqHyLnFW03dl47Wu9XRemwvf3S8nRA6zds98RtsN6Eswcm91I7oSmb9GaF+NUSdglti7d/kRPFuUDhgJbAk/lQ8yJUVY14uuGGQRRLDOT999XIY/arxeY/cn8Y5+kLcCFeXkgac8mTOFLTcnyhvLrCA8j5/WO7MEq4VIKYshHWKTTvEBnVLv8cp5jKpK7WH5/YPg28kJFo4bBVTtFFSKWpFzD5+6YwfwQYt+pwJRBW1QtJ4Khqj5SDvR6lwSiPGfeFnIbzsC/ki98hgUsBnu369KvVNOhDAVFsHQvAWOYg1aoG40mVTK6LTa5fn2EEWqHw3nmd6hq+HL8BYZ3ahWXtHCnGPsr3+p0sV1/TBEcJattuYSR/hSDZIIOaQ1sCtgM5KZYEFa7mGlg1+V79EI0UkUrqUIa/+K9E2EYAYiqVGInfrw6kp0fK5e806ekUheEfOW14+VOHhamMKCaF11gytBOXT2VxQsxYLkKPYYfGw7IL8jn/f/pTpHn+x8GO+vaMW+Wj/bx5bXoLYjlBpLTUf4oi1owPDFvPPmncoYOkj7yFnP3Ktm5rIdJH3kLOfuVbNzWQ6SPvIWc/cq2bmsh06zsqeeuMzsqeeuMzsqeeuMzqUh0A84nmXhq6A0w8knJKm4BLqJNmCz/Dm7CS3+f0rtwwOXYzRvmJ38aiy3SAIWFQh/gXOux4Obc0gfMYlQBEKd4fHJGqvL5lIf8JWUY7RQNoIuno8WNEcaQLgvGqiIrTdHr+YM+yqo34+6Zyr3fKefP2griyEgI4JD0p3+5Q/dCAqoFTNqa98Xkyexyl2JuHH2hpE4MjtvmSbaYIhKCIqGYfj6RBaGkSnjx2wduMrqdKTOXvRolyz8Zg0hR0i7lm4M3EXbz47FwEI9ftac1vXjNsQ5k8Io5GtLXz9eU40xGdgNfPgBMonP8etoWVBRaKuA5C4Hfj0WeIWP2LMpkq/oknEVN6A7YutF5mpc70nDD++wRJn6J6dC7bynb5vsdoVslvWuSIfZS1buAAm/ekGK43Pl8SvhNMd2HYX614sDMuML4i00tJQVNpjIfvB3MoQ7WI+5EmgodwuHI6qRcsZyCPJ26hkxN/WiszVXx8BcGLgVKaQCxr5MDv1D1WCokQurGb1oUnfOYDHCawzqeCK/l3UsXyIY/Ye44Tk9HMJHaGt4Pw8W5a5FlZh1vP/adIiwBcHvTKcGuGuqHlODXDXVDynBrhrqh5Tg1w11Q8pwa4a6oeU4NcNdUPKcGuGuqHlO28gcCoe1lbM7KnnrjM7KnnrjLFDaUF15ZouWIHsREwNm6qEhEv4emQqGo/rN/mJyG4O52ojl67RgPA17uCRWvJcO+XYReRBm54kvAmcf/DnDOfDpE1mwMd4J7cuj8L+uUexk0pKqpdzuiEMOY6Me254S1r9dy6sctGgcAVrhQsBbH5GboxZJY9F93WPwA6vNuxanxsXDc8mPBSFWO3WjqqFmRILHIH8rmjBxftR50GKV+asS0fEUyioUnwLYIDoo+oNmp0dFS66cEOtHM0oD6aQFSUodzECvGQxakdC5Gd4ttwlBlueKpkuarpcDOQmvqnNkrsNm/OYPbO7ceZmsdjs0JewB4A81fghVviNBQzS796L7oyrYe0mtzgAL03tk9ZQb8LGNw6PDYH0JkHwgPYbIQrPXAci3IAHlGxhji7f9NtwjHOk1mDR01HzB2pezA1VaXu77TQPi7gKa2iKWMm3fIhJIqi8qbPDFPzJaF14AszYku1zf0hACvh2A5e5rGz05OZnnv88gZHoHo6PWZ/+JFBuZrNwghQkumHNiXPtTHCiFaV/aB+urYfOhg6qkux9XQ3MMDIM+SBEXG5ZTg1w11Q8pwa4a6oeU4NcNdUPKcGuGuqHlODXDXVDynBrhrqh5Tg1w11Q8p23kDgVD2srZnZU89cZnZU89cZnUpCWPbTaF/zYW1uqdYVxBjTx5gztb8TTmflwcH7QgFJhUMxBpAWMklFCt2yGfR0m4cy+jvGDnuqQKXLvXsxJhh93EjDIfucS5S5koKFgH6BuYyJhb/YuEDsjEfk8smoHfreizWJTJxxUauyjpXoroObRdR1SpSq/BSM7rQcaiEtr529paXISNQg04MYpvinENtbSQvaiDqFvhIkwfjXdp0y/oZ3k/pyFrEqZ4hz2GppwLsQ2qTaS1pWZ6k8u5+6oMUS/aBAQGlPDcRSimNC8xlhV8giWqBtWxpF6a7WvzcMAi77yShqQr4w/pS9QLCV3zLhraECapVPH5SOp8JFzxTrdVbcN675kw3Fm9Nzjc/lcYApDO19E1T5z2kqYiLZag8OM13C5D2N2KElQ6GbZUNwHBiKbywvkZzD5Tv4k8GZS1C4UDqL9b4U/f0Y53lR8Ch7CUd4ykZUbmxlBNF4EPJ6afXI9fESmziFNR46ClzSSnOPyO9PrD+zB6AK8ABzTUvenlwK69IBBEMiNnlODXDXVDynBrhrqh5Tg1w11Q8pwa4a6oeU4NcNdUPKcGuGuqHlODXDXVDynBrhrrI49lTz1xmdlTz1xmdlTz1xmdlTzs+o6HUXFK+mo+NrCp+yj5I31qVs3GKwuhLWO3KRwvOOSdnJRRH90WRNUr4SyFDYxbwpSSsHTgLGWcYwz7s9BhZixVjP/MlYyy4uN5lKbEy6E80bryiD5kAjE8a6iUGGHeiz2w0k5ACUDvpUrt/ueTn/YsN/eYxRgAs2XhD1COPyoFMMq9S6oQ05OAOa7X2G3s0HpPd+aAmwVerUn4vISCfNdYH3/3jXEQL1Bfr8tQ6G23QLTm7HBAv8TeK0zPBSNtmN2UyLQmHXUwIeg2Zf5iJXlIWJRjHXWAq6cs/UCSUUYDzwz3esgj7jaUxkf2U7eIJn3y9ARBWes0SmLYUN0IYp1qSrJm0a2Lcpzw+TfX1PVCRo6Fe0+OZkBzTBZ9gV82Bo9scdWYNIY6QIWbgnznpVUnTQo2dyi50P4EXiuNh/Ea+L4eJ17E13GWIeg5C/FOA15Qnf9w2mICJic8z3J8n4dNldYasKrLc0MQ0Ie0LfCNZvlGf5HIuzqcO2hxsqVlJqFg3VUCU7Opw7aHGypWUmoWDdTquO89cZnZU89cZnZU89cZnZU89cZmWawZvm/nUe6TP8EGSaJD+wMeOo0zoUkKqXn2z7ySjxeFoYt7K7Oea905sbEtWsMW4f/mM9m+fNS3ojaXFwFDIfzclba1EG74bLQ1li7IizPKRWZfBwYui9A1nsGL/0rzwoG7ePAltGi+L/4ql3ae57VocNpni+XQVaHJnWHT/wVWAE8T0/1iMeuPeiXC+LDSewDIDhtLtBf6OmVCUliBGpUEcO9yIzwNOSzS0/5P41utNLu+MwKhfBJ7VqVOQYb0hN4gCu1Vl0LrzmrlaXQQj/7WcMRYjVhd4piJban/Yl7v/HoQfy76FrPBNeknSsfi0lTTUQSSZ0oAY2cuyjIfADTBvFnoIdQyd6597jWgRrN6dmLPTsZ3unI547wpHC0l2VDBbGaHpKGUoC5GfxqGW0sC4jBX/MTYZQd/xy7QRzqAfdvsRFFylL7lkO4a6oeU4NcPVLQqmfZTg1w11Q8pwa4a6oeU4NcNdUPKcGuGuqHlODXDXVDynBrhrqh8E9lTz1xmdlTz1xmdlTz1xmdlTz1xmdlTV63ToOkSUvZ1Kd3XnfKLTLRrlc4lp6sWl7Ar/r3k44ax20gDsXHrWfDR4iGaY7tJD8l/86RSQqj8HPqzUQTY+QMtg3ZWggOXCXKkwqwaQ50yts6Kc4g5ySv+sRrmvhCa93m9pWFl5Ot0OWoeVv8hVVq1i3brVUX/Uz9rLV80lC/uH/zVv9c5ADW/t9oIEAV3wtWGarw1UWtS0XdYdyGFF2+VSAX6L2xqdijQZ8BmGYV6BmmAFcO8lHg7EMQNCxKA8CxMV4T/uzxfZc3T9xXeuCG2SiVaFhIVBPkz6qhuvV9RN2KloXqkMWumGPx2xdze2G2pPpNbVv2cZP274YL27ljBE81aV5RUrdvXLx4yAkuz1xlM9SyZDa5kIDIebcu36E4IsQogciBBq2eRj0QTqVtA2GVszsqeeuMzsqeeuMzsqeeuMzsqeeuMzsqeeuMzsqeeuMzsqeeuMzsqeeuMzIrEZ07XZSB8JAEU2y2+iQNhH4WZ/++oYNlRXJlgAgOg31jCd6fEskLmGEQchbtXWsAQQKFuXtSgj/bov07AlYdihVC6AaELmrhhmIYFkON6REyy9jZnr2znlywx9EllkT2OKlO9yeMbaAcZLnoNd2nfQCTMBQI9wSm2mtBO485adSq97ciV5ZoqWYr1wrdnz/Et5PldrGgyfdqM5ibSgzetJEZ4Rckxr0vEdGi9owOuoBRVbNZpbFDmnWRoVICmkbxVe4gque/kfIFYBtTIYA5tYWbvd8Q2r78IBz2JX/tE4kk4Gewxgd4TbqRXrTEqVZnrTnhzKDaH4xUhnz4OUQuM8NRCi9rti1N3/z8CEPHX63SFPqpqGc8qet7e3sHOJ2VPPXGZ2VPPXGZ2VPPXGZ2VPPXGZ2VPPXGZ2VPPXGZ2VPPXGZ2VPPXGZ2VPPXGZkeHmmPic6WxXP3XBVWXSHf5Flc8nXZRMwaHWQ1nswYETzOtEvnIAtkoBbPEltoL3mY852iv6IYCmF6tKRvz1JahO/cc2C8gN3ls4wzwvurIm79Mtz9dYDviK91+jOMzUu0tP+5hrQ+sfahIn6n5RfUDan+SWEkfLB/XVTEYob0s1UCiJTOIBftK4ryxT2oh/DAa42s31cnLBbnCkj/OT2urU+htFzK2e3wCyN09lU3wme2uYYU4ZtoAblIVH2m9/e5zc1lLrLqXqlaNG1kY5TYllVEoMYVtIOg1nYZAdGvQ25eBd4vJauljV+z0IngbYanpcGwB0DGcNQWHSFEo577MGfVAeW4E4dlEEVBo3o/I/8qYQV2wYZ4BjjiPHeeuMzsqeeuMzsqeeuMzsqeeuMzsqeeuMzsqeeuMzsqeeuMzsqeeuMzsqeeuMzsfFvJF6pLFN80QFsp5UalGO3QfgnGa82R5/HFa26JdUdDIrsqyuhzF6Wn7PSFgPa7lnN9CuX4LghIy+X2PsSSMj0VHgj84T2uIcvRZF8IrGMTkF2lO5CD7Rpcv6PJ1BrMR4L9Wwz9Qppsg/T4loj5qjeIuzrr1fyeiuGeFmAjOSFGTHSyQClxb+ptmDr3sqJS7a32RF/Jp0BzDWuvanny6n4tPLmQ4w00Ti6mZfzrJawuqAC8YZ/ns/QMXs1s3ZjT8J6NNtuXUJlhf4rkivx6vMVTrjV/U0VGznAHqnDfQUkOTOF81qbTipQsG9kYzXWKV+Nwvf0n4EpWbkbkTh4/ttHuXNb0ZqdV8PWf6+PlA/r86+W2WfR0BMe3eouv5L/9Hu3EFN97P4Uo0Z4FMHG4pKnnrjM7KnnrjM7KnnrjM7KnnrjM7KnnrjM7KnnrjM7KnnrjM7KnnrjM7KnnrjM6iKWpOCr9J+lkyMa8iLBz0RHZSLUUtZjWQQz3bbym2X5TBP2tOURgG9TdE9wfM3eawViUB0l8JMkM7g2Wbbbuh/JxrPd6FOSOfdVc4GlW7bQp2p5v1QxhO/3ypQNjvd5Ukg8j6nCTaw+i9dsFREX7GprMl/pOr9VcDu7kjt8ij6meO3e1eLUGjJEq3Qi4U0b/1HFb1S4l9sn79nXdRsYpz4xD2WX52/lRpbsNAhVaUEsD2hsDjNKUViUfvtgVtup7PkwkCY3YlH2UbBs5/mbncN2qkOlyQSKiz1Z/YEsR5HLQ6yAcK69qqaE5Rnv/wxtBss7ZnguVJthUyMbxGf1ntTyRccHSRbSEvox8PszVF0nmPgBRjg8Dc0f+EXEYkTqMRD3jbGlTz1xmdlTz1xmdlTz1xmdlTz1xmdlTz1xmdlTz1xmdlTz1xmdlTz1xmdlTz1xmY8C0vLpkdwEmEX1bY1QSYq39dfbH87yXK2/8ZwxFmbzFMB5gO4RimaXDfEzdG56Pi3aOvQvOIw7Bc0C31CDFzuf310lTkOzjjg17WHPL5qs0rwDgS7PK8z8D2OBSwJsYl0rUPduW5uzICuhzrwk3+nnFb79r9xpx2TQ0d4HKJKkrq7Wn9coeMa9oZOrqq5jFL+6OytriYqK1QBwBq25EOM4T7ZJDr/SzjjMP4xKuBMhtp1nRAVGjj33+4WAV9S01bOsMowVzH/mxw6BvlqCbbmSXY0nGB1ZI6Vox/QHPz4ruf0Nmm/+47OuIZ9h3ZOaGJO7/UUkfsCbexWzh1FzvRTrs4SZ04fu/L5fJ6jsiw2CxY2LeR8Een8J3PzzQubugVD2srZnZU89cZnZU89cZnZU89cZnZU89cZnZU89cZnZU89cZnZU89cZnZU89cZmRwK4xJiAl+DjzM1qIlYY6wRNjJ6bzRu6+wWHmFpiQNZuZHRx1Kihd9bcghPB4hUrcglHddYTZztkLyefvhYNtEIejzmkMOyGbed467mV5iWIYOE3nu2M9S/38iRxaR/S9DfuUG4vtoM8DpIYxowvgXgkzoox9Rf0aVRSyEMPy4Ee4KKobL1CrOq4hUDxPmapQLPJfAgsUXsGxu2JzCOqjIMAljQ5ZWNMXky+zmiRk0M+widHzTI0XGRSyhmYDNdxrifuxEJynS9vgfsa9Xg+kJkmmi9skvpfvw6l018GuXlLP2mWWLE0FCip4UC7potYVRo52+pc90F3ON/6ARZWzOyp564zOyp564zOyp564zOyp564zOyp564zOyp564zOyp564zOyp564zOyp43qIjmVMwJbDQZ7Bm5zxz/1/UgViPcKsaWHybkKqGzlrewcz9wGRPTdgGErcHFT7mClf9UaIKRN116iPuMQ8mEfq2DbQCpGmQKSMFy/m/PuMa9KHo3KCc7ijNJQxuXoapndONHZlVnBqAZzKasHQjCoxXoTB58S7x5HBCwv88TTIcrFHh16+YiemRqSFM2maBXxKcUn0YUGt1cQi47lDjZDTtqdAUIaOGMmcJha0V01tpEM+v+2BjH7qu0I9EbESz8cGxOJJGW/dcV2C+VA+p5Sw1djF33ECNOYlNdq84n4othdjdtESpzfgUAYvCKAHmJv1pNKgHV/jDQROKQXidOAqnDTu6I9yXBNaeSmPLDX3Z7X3BmSnrcxy1wLGlTz1xmdlTz1xmdlTz1xmdlTz1xmdlTz1xmdlTz1xmdlTz1xmdlTz1xmdlTz1xld+u8Gl3cbZqvXh+YqsRK4bCQL7UFIIHdr7e/leXAvFuHcyw6DqClxZWojRlBABGSCJs9LVcZzKDAJ0AOdM53pCd7J6VkcqWWZlDBbPJ804vYsDN8d1S8cT5h93NstlyYBO1Cf8KRTB5DjAZv33ErxmxJoZCos2xBkuulalM5iAQa+AZ7FdiqVmJf1fZv358+4M8QYJbs2WW8yyPSQG6huyiXrTmJAhesyBlkcKJZ7Pu2zBDo1bttUH9xEpAeXXyoZmvt08PStq8/ABCwXOrZtoY2wwPKZ5BAf9BQPeE8MaUKJBAzZr/HvFAAKAn2WFRCB6dOsc/cV9yb+rBJcxGY6kNPyvo31CnUzhLXWXx62X2wmsCoe1lbM7KnnrjM7KnnrjM7KnnrjM7KnnrjM7KnnrjM7KnnrjM7KnnrjM7KnnrjMyPYnZXQsMwC9uj3A953xP6r5jnqoac1Yv4mqjXBOxrnxwX09OGc01Op8LctssWldy7JasVgDqjQNPWA5aiFNegYPAI7cxBjXUnfcLF3/8XMs0hIXM1eCf7KfyMq7h4xkPgsJc1Awfk3x5qwYbrTXUg2lLcIkxqixQIzcbstih+4QWKItyOZewp6EPgtbE4PowjU9NxcRA+tIUc2pkxJ2YuDj9c/+ZBJk7XqkkIPVSiyOP15vtk/ECBQIYqcGdZkc9x+bOKcZL2CsURNxWT+GNntMQBP3urODOjLRQ3wYGqMFPlJlkcHW8Oh67Un+kLNh11rsHRv1HZ2VhfoW3meiQKcDWEyyUcs8n8D81AmuCmx3nrjM7KnnrjM7KnnrjM7KnnrjM7KnnrjM7KnnrjM7KnnrjM7KnnrjM7KnnrjM7KatqnouTFyP3q2jgEW7LzPRN8TT3pNGRUt0+by/DaI558v9eNlpap6hmqU0wqtDBsmx0aYYm/yk3qKs8wFX97WPQEAieotTDbyOPUR9kAWSLlBHDTLH4o5QM0zw/2A2GKJtakEA8PfkMTDYY5wsm3d1NlhIjK39HpBkDd2ZMm7PA3WW2vJiHxEDcJoskFwVG0VDo8LHv+PR506a8SCquz2yXMujQSDNRUwR9VvxeuW2nOd3HrXhzVtzPSKMZdZFFsA/lwJFOgi0+UEiuR6C9Py1zsY1kjKQCkKyukqKouTKbRsLy20a0MNrGjGh9jRlsD9AWHc0otGfBd1mBRAsrVNqoNKzKiBYW7caS+UY2KZvy0EOoi9y4Ro2SMkBmtPue5nZU89cZnZU89cZnZU89cZnZU89cZnZU89cZnZU89cZnZU89cZnZU89cZnZU89cZXgq9sE8/RjWzKVTq6ZjNMJ5I52an2iRseKTXUZKjocX7WYbrGvm6x7tvM8C0KbwpzywuPqA2TFTMKrA9AFQU9FvTSxSH7bpeY7rVY8ohiJ3EK/FSmOeKOE0+TpkugLVcuX6csx53BkqHG4o3rj5wofUIZCnqtXxFYI/GeDeydDfa++AfCiWCoalQyqLJdNWCzKjzZ/tjVpoj52BQ/VUU/2bWV1qUyA4JDBmvqqSARXQ8ADURlD1XdFbP2Y0HfEq/4G0QRpdn7Z3IhgvZdOUf2BPsJoNCxm/h8O3VlseCfJgsS8bHRekAFDFVU/Sq4eioY43SRU3lbPWIRGpSd+Y80Un0U7tMZGpLhBeGye3ZcjEMvVEk8YcA8Y8BQaDAG+M6Gi5/ABoo3Aaor+qKJaytmdlTz1xmdlTz1xmdlTz1xmdlTz1xmdlTz1xmdlTz1xmdlTz1xmdlTz1xmdlTzsT56ZhJWxGfjd96tvoYu3shGvCXaaELDkG4U/CvsM/W5W95lUSN8Fv5uk6N1He1r0OBrGWmfSdTcGwvQs97DJXJ4dLMqGcN3l1AQrFqzuaZc7DUN8PBjiqOsgcLF5AMtcb3Vgj98gWZ/RLmdVzm1UtNpxFvYRS0ItoIKWMF+zYIenn6+rvAomPey5gP8GhQvevRIKbtUL75VpTd3tEb0sR3kyKh67UUXpqBoWEdbvF4WAWdjqCCzo1J0ZkxqADUw/f2yknQZCEFcpTGooD1Apdt1l/PWWUCLOffWMOBMljFoTOMGLV5w4DSsliidaxMwMDiSQjZrdGJt3qOVEeWUZD7IM0b//4if7NlG8ONxfGP7/md6TTzM1ob7sqeeuMzsqeeuMzsqeeuMzsqeeuMzsqeeuMzsqeeuMzsqeeuMzsqeeuMzsqeeuMzqH7PVcwtLSbJ4As6l+jO4qJpW0e3ughQXsfejizQc1DRGPyzmY0hq+7JMvqnX8ODW72ThTPM54H5CMl+gGMcp/jsIAOH1wsZ+563jOJjbDq33gr8XBsMDjO71JvhDZLkK87eFiSD7FEhP/5sgFvu3KJJwrLIVjPZa+V+aRxjr1+oD3Up5SG9ziPq04lFUOXvSl3dL87++A+hlCVD3bgGFQTOrXs/xzJmUohGGcG1WHiKvPRLt0l2jsd4Znl8rjV7LgpTPjZVQHZW+4K6kJviX1eZ9DCFFuTvkO+DLj2DoDC6ZkVwMJ5+ZyD8erRb58iMZv0kAsjkJ/lX/n0Ltvz2RoFT1hcTMQw4vKJV3HsHJ0CCPVta+3GSDXF57xuXPAcpheTXnTKyVKdXFfjJNo/oeloynHSE7KnnrjM7KnnrjM7KnnrjM7KnnrjM7KnnrjM7KnnrjM7KnnrjM7KnnrjM7KnnrixfmcDoc5JJoVrgVdPlZDH/Wm7W88/YD5UHGfw2115o7KG/3XIgujkziWWj5xSrfCkM7TAx0vtYFQoCQttX3NGGnvfhBfCEyggbYdNZ5j2BQc7K57MeYhiJ1JSqacE3yuaqbuyOhnqXaGrSjc9sIb8VdPy05RcoRENnJYdUaDsgiqNAFEqrdTKF9CsXU/zJzdCx58STSYLp+4sYA190fJXyuGbJVZXScZBtRPaNbR3HpwO6Z7gKLt9BySoxUhqhrsJFHP0XOJUP3CiWV6JfKaPkelvwc1iAP/L8QxGZs75eeDO2oUpEr/TyUyBg8mPF4N+QAyUqplroUof7uENeZkeaKcgSfBod8VFrvm/t+pexnYCQge1lbM7KnnrjM7KnnrjM7KnnrjM7KnnrjM7KnnrjM7KnnrjM7KnnrjM7KnnrjM7HuuAjJ8PSt2//tnRRUcdMKdji9ivrJXHG47ofIhY4w6HnUWQGzwPs5N/et91r/6rO5EmGB/Md+616mioPr4mUe3rYlyjSzccUM8pVVg9UFYKoaVDlQwUZgoAHB+5TVmCObNNNcfKqqZxMWz26x3QADPXAlnnGB7Vjnc0QMsUM6g5m83feB3iDmFRdEa9Dd2FqEfSM3Mpl0G5CZSgCY8c4FKbEfnIkjunGv8AnWSrTru0N5hj1qmLiJ1P8FInr3JW5ue1yqPSv4tBvL+647reEA5LOwFsyrCZqZUA+lyAcCP+CsCiaNs9CxipDkuvCS16frm9zSJwDL3KlhPfkCewzlnLgiHx70Nq2IZ2Rk04NV5EveNm+sZGHWCwKB2KHOg9mEVOSUhOyp564zOyp564zOyp564zOyp564zOyp564zOyp564zOyp564zOyp564zOyp564sXLzhWNJlNCBaUrxICTGoIiyhlJvkpdYcdrImEaZ9l5f6bn1D/54Pj20uUo9PHY0T1sFHiKOxLjoEbk0x1+jyJYC14ERlXFx8QPRGxTH4a5exC00SAQFRC5BI6eiLxc/QUHp3FFXAh0HmyZCcDHgSeE8feo2nOWzUnjOHcqNbLqbrSD1cpreDLOkSEchHq8vvwvlQcs8eY4ZLI1iHm8Vo5LVs4/PJSuv8JUR4mX8tRY4XWEhi0aFbaFCYSNr7yjDWZ7IIBcGBybjPoeHCMG75TjFgzu0W8mlgIlKzrnej23L8DsiEB+1j6pKV5a/rz1R/6If6cKzDXfjcHIUv49NUXfV/NK6xgZGFb1P+3nDLX0quvfR9lEU4OcQOEwptig8ogiNxXGZ2VPPXGZ2VPPXGZ2VPPXGZ2VPPXGZ2VPPXGZ2VPPXGZ2VPPXGZ2VPPXGZ2VPPUezn2fzTVv2HbkP0rnMi/P34MJq3GGfd1RcDto+2nw77rlFxJdhbq7+8J6p6IPLs43XTSgrkZYKt1vqyZKX7iwBYhh3vB4SPyrUga7BihGnXGUjYrdK5TlY4wEVbpyzwKfpUcMK8ZsL4/luGZ5uMhLRPiQpfyo60wZRwK8ahIvsH4bUaNJBPmDt79lJqXAJ4HX6w9/4elQITw6849CsvwGweY3XJHBhHayn0vtO/kUHqRgc0uMKiTZ59kM7+3DlR34VMyBulD+tQQDiTpdOc+OK4xWSN2R1CJHoPRoePGfVNyFYCieg6M5GjGahuOoLqTZKy19EZMhWChVLoOcpUo3WjWCjPU6OPKnb4j8sv0xmeVaFwK+kIm6uyL+kPxmLjDEC5EHAacaRYu89cZnZU89cZnZU89cZnZU89cZnZU89cZnZU89cZnZU89cZnZU89cZnZU89cZnZU1otp714nyvFxSMQg2C1hzYpGk5ijhiYDbExsQM0vQdOoeBDrSIanKq88qfQcp1BKvwEfSL5Xcq5QzlWJu3wv5YwL8gKoyN8+Nf6tJmv1OycfyTDLLEAV7qy2T9iTvM7bNHE/ULPNiiUOXHP4CuC3h4r+hJlmlURmjtjFsk5kIPzRGSls50Bcdwr6Lz8XBOnl3P8byUAupeWPjwoqfLdSrxelx7fNugef6J2tzn4IABk3mFP7tW5I8H7vOj9AVyKIawVhKBvQeK0xnoTHl4o8RASsqF/WbKdlgmN+V144xispR38rSA1iNjG1j9O+LH2Z3XPxVvCC9ObRHqLo8vkXMWucRxYttdsGMLW/HA+XA+c32iO8RXHeeuMzsqeeuMzsqeeuMzsqeeuMzsqeeuMzsqeeuMzsqeeuMzsqeeuMzsqeeuMzqSqpnxC+6ZOWAaPOqPcLq34X8ucDcW/hBdp9O4XeMIKB5LyhGyLtwMGmYlTyxerM8OJ86ZoQjwOuXFf6XvvhdZp7VGzsc5tT835swASGQ3upYXV2p1XmVT/dDLwssiyiF5jL/pbu62tliaqqvwB7tvD5iu6b+T8z8531TVvE4hofAQijft8zRHCg2PIZlJ0qFz/+76iq09OgqV2x6WnAXaOdNS/h/tLCb9QbU4x12BKh2vAJgLaBttMy+cgbDLkDtFGWCy47m9BXqHP78UaQYj75mszhmI3+ddn65EwbIy61u9NrCMMYalPMZcx1+axLm85n7cx/9jwABZqcKVt2u6pr+yp564zOyp564zOyp564zOyp564zOyp564zOyp564zOyp564zOyp564zOyp564zOoK/IG6HvJo09cWFqcTEr1vreyPTUPjZaTu3r3d27Vii2VVx7RJ1cRIZbsRD5Gho/FYCZkOj1GxgC4nuUZ744GVglKTYVvMPeYZXL4pTdlmK/ZT4e8+l9W8TeSBBVvVh6wnfYLvK0icDyBHT//lz9g4eWIAVEXD19AuOpYKkODneD5P2eux8EvFKZ0WXmAi1Qh508NLw5bkNzX6CaVh+y+QkM5KmAPnEJGyeCXi5A8rYM1qbHhDcvHfjVuiIQoY6B0QMDZguph7FEVddnRbXD3yYjycSS8nFaBk77nFi0YITpI9YpjREk5VEOcz8ZUgF/q2qb2kodQzEb62AHR4PPYC3u8BTpnYh0SobtRmDVp85ZFIzhQIQnZU89cZnZU89cZnZU89cZnZU89cZnZU89cZnZU89cZnZU89cZnZU89cZnZU89cWMXVXIwG8Fbuj5zYYd7p7RAT70kWgLifXQlPtzKEj+guBrZ5XfpcrTT0ovYL3gXUbKVkLyYeWmiKdjCGT1Ac0yqDzUpvm0LYoL33ntOflG22Gz6vk9SsSZqkRSzBUthK5s8+J/lICMqI//AmBDwFq4TENblBJWM+87BCllA1bSv+4O8EpguNJFN9OUT9u5Xqf3JlAwetfot62CetxyGjTDYRwPwMdfzUJIDYIPhOCLzIiGs/Y5mDd2s2kAGyFhmSnTTDTsbme6Jt1QzCBonY6RuFIG6vR+RgJQM7c91PuwpPV0myKV3WWQsyZjr5tqGsxct7IrX7+LA71+zfBATCrN/nhUrvJMdubne3+1QO+FZSofGgpaBRJuvZU89cZnZU89cZnZU89cZnZU89cZnZU89cZnZU89cZnZU89cZnZU89cZnZU89cZnUPtt0RBGd/9guZtE59jFFYHmiNbmZFUdJCDzHSpWW4+j0K+sCwVkydF+ovlUOHNPEkqfpu/O1P0sWpcwr7U4N1ofhg9Z7AH+DuHSq5Q9ypAbqH5/Owy5epIg4lhOhcN9OFhJTcKCeneU/4eaU+hN0tojP25gQmTameUsmHiQv8ZlVPPP3Ku4m681JS9OMW4r5bSRl8DFkWmJT1BiJ3PloUw7hxekGn//6kPBegsT+h45x7VzIq26Wc61C1rwkBBLEO/Ac5y+JHbaquEstZcWV/+F/yBvUmogR3/HDktAzQCoKG8e+f4Imsg1p07pbkGa+G/heDU8ax8iZdhmP9dGxr8XITsqeeuMzsqeeuMzsqeeuMzsqeeuMzsqeeuMzsqeeuMzsqeeuMzsqeeuMzsqeeuLDcubdMM7TSZ3YRFjc5Nfd0ypCgLZmljSknA54ccbvtdbFCnECOpBz5mxZT3j5QQbvvoE4oUBekGXCd9I+l4lV8TgBFs9oO+yw1UB8xDdJSL9w1Z15+ELkCjQYYtx86e+qFQ+zi+GHJMa/gB+two+4gB0DDtu7AwVTfbP03DSfJ8WiYqo+KHSvQABXnr441vKYfcrWtoyQ4Dlt9t04bGFcfyGEapgytfZ16bNyUGQqPKHXUpqqzjTO+PwpE7vjkn94ow3HWpy6vPcvOrl7v2wZgTBuEpJVjNfVsIk4+ZPAsnyhS3BYsEEm3lTxFLCdz+fH/yQ5yKMmP+9UvlUbXte2119xmDmOAVnxahvgrx+JRlxkSN8iYoSW8oyBs8BJOI9OB7drK2Z2VPPXGZ2VPPXGZ2VPPXGZ2VPPXGZ2VPPXGZ2VPPXGZ2VPPXGZ2VPPXGZ2VNZ9FytQcjmGHCWB6xBnI/1Gm+jDism3wSRkf3PN3k2eI2vnYsQhQrTRnkyUblqB9xqVWAkUK9XWwX8ovZmNH6w5rXCPv6Av0R1eJekKF32/YgEUDX4NRd9jq/SuQycEgwtFa4Vm9S7C1AKBCJOl/oxwgan6CutXjCLIPwyPsEx7fQKHpCKElRimB+Sf1tEp8/yNp3WhW+paAx0De99iamTnz8u9kccr5hG6B+2aqZYnYhnxaGsBgiGBgLaLP7iYPFtmyk1O9Ua4i/+nXNG0qU2eGuuymH6KUPqZ87LkkAtx7Q3zq1qS5gnliT6LU3QdzaRbK6nmTQr9+sRk5pg/pSh1+qAyeKExetZsfMDV6ztg6b0fMVmuooRl1zyuzbmoePGZ2VPPXGZ2VPPXGZ2VPPXGZ2VPPXGZ2VPPXGZ2VPPXGZ2VPPXGZ2VPPXGZ2VPOxnwFDxiOacCbY95F36KlsDmyTSm05hnTXZADNRPjJksCqtVNYol+DU2epQHF8nexDeq+d+p9e6NQ/Z15/r3o/WUlmU+7RQ/Rs0Bwc95/hjULO0f5z0I9lqi7DlGJNgHVlGoootvuD3gzDdgKSG9AY+w+EMDUHuGrr57zE1mX/S0KdGHigp8tdmytv48Ql3B4BrCBxII/QBElqJgi97EjgzaA1nLLfHEzi3HpBDxX5TrI/moZ0X249oVxBNFQKcJkAIgg8sDtwMb3fGi8INn/osZgu0dm/QgQL2xUL1Z7rLIaAG0zMIk1meGDP4BnT0y9oiWmy2EnY5D8jettVDfum0J/fiSzNiDR+ujrH2QLXnyQZd4f6eO89cZnZU89cZnZU89cZnZU89cZnZU89cZnZU89cZnZU89cZnZU89cZnZU89cZnY+NrZOWgQvR46BZG+0Xv8eHRbt7IqlGgRrEqaAFkvvPRRkN1ktyHNwBxVy86niO7LWUURpjJxgJOx9UFYLZqhgPoQrup4FRte9pIg9IteaNAsYzHIcgE9CHGD1b2wyXAVOzPwfd9KFu/dyJeMDXzi2Ub1Zp5jMvkcVWYERFWlYT5LiLPQmaWDXuU0FJ2QvTe+xfVaD5vWI1gmVjNwdQ8J2n7ET20FCzmHTPvj7mq8tR8Y6SaZMnsCSi2yYUc3DJc+aM0NxBdLLy5Bt8IK2mXYnI5X87RVVts+duuRIzqMQQ8uyHuKBbOXDoedwEjgfpR2xQIPCZSOs82kx4k85tpPtyu8MUEWIB/Hv23O8q90Tw1h2SIzf8nbOayLQawOi8d564zOyp564zOyp564zOyp564zOyp564zOyp564zOyp564zOyp564zOyp564zOx9wVZs59LiXP19xZu5Wkr+Ws8v76UgwWT4ZHwr6hVRFfVHKQyA3dtaJHVlXzu0P4Oog8peVxwaB55Vvdo5k2sXepVOw+evmrDLut80v59HH79Rav30h3h6k1fxB7u4o6NAB8nVJ9u1CUXCILIsqVaaaB+6g439WzSzhnTchqtWZ+cpWm8sdGkY84BzeMAFkHIXSaWz7yF/KDBtkEzemMUWQLIrK0LaBEXrNRftanNvE+3qor3V6juY9/0dxFUA4p2ejULipoL1xXSdUOqvOXl31TnzDb+oEE2QWjlc8mJP+aNRKX5+UYNH9YUTdVkaX29A3tVKw8V4/Pcn7fDzU9/nC2O3PypESpsAYV42mJkgNzY/sWQjVWlvhv2uCG6BY0qeeuMzsqeeuMzsqeeuMzsqeeuMzsqeeuMzsqeeuMzsqeeuMzsqeeuMzsqeeuMr2Es7cefDmbH9kiH1xR7WWWETwrg8NQrWyQEtAOoGF9kkqWiwKoZ2KUOCQtCrkH2JQD+gFZORWYRVrnZaV1fd+7fwkvLt7mLHuUmuAQO4CW68UbZAQ4uUkz82OrNl/V1FstF9WNPTLQnqL5JQ9K8+90XnrL4Kf11SJeI1vLVmTi7V0xYOTsagDzRLVIyhWXpisf7mFUyKOgOnC29iOz3RdyMZBCVqYLU7X3OXYiO5pfDMdHZ2EfD6zMAC8TF48w3TGlHR14ki4bs1KKzCum8mVDrLc4KJ0YMipPSaj4R6SbY0D9EDJhGtbrr+p+MeJPl8iVFXKOzyFs0OMHOk4dyRBxL3M+0JoMcfCh2EBhdKOMjCllnTA+8lDox575Ju9x68ERftgLoiytmdlTz1xmdlTz1xmdlTz1xmdlTz1xmdlTz1xmdlTz1xmdlTz1xmdlTz1xmdlTWUQEgXW7oOkRSOP5tWvihdeBkTSrzgQdepLwRybY4dvZEulqVaMcWP2J1uGDOqulIXe8gkTOCATNo0DOO5WUos8JBAusKmweZ+pNOFiGAJoMeSFhX2ny5cH7Nw3ADfmbLNqz6Map85f3poIaRN4NueuLBxiDIuHvttJcbFm9LGuOx/lnaO2fLL1fL9XUYpR4h7tuvNby3ERwcLTPkTgrvFKvdDRijy4gD/bkBS8djbOv5Jl9EUkRiMFxlrrT1lAGMKVA6cr//uOOKvOByYaGYhBbLKqQDZKb8QNiNmjZjIqYz2j40k8iGgsaMfPBT7ks1DvR83IlNU4CoXezl09jwLbTsgdhqX+0gDYpeLltXttWvwy+UVODa2DtFVem6EFmVsTdyNjCY/SwCdlTz1xmdlTz1xmdlTz1xmdlTz1xmdlTz1xmdlTz1xmdlTz1xmdlTz1xmdlTz1xleBOrZ9TML4cAVJLjCD9BZRNfBLN+HUPE26fl0ERd80JtAQ4EBx9qP7tCabw2hqxeOLXnEoZH99QHBs/iW61ux5ad3ChQfngndVQ+o6s9+UxJT6aDHoqgOWnRewgN9jhV8fxzHQNfK6OD6PRwKB6NfAK0dmRqZ2cKQ7aUJl2I93fBqG9Ub8ZSnr8vC2lp1Jm8S6JI1pgBe7JjDueqlELMd+qxrrSodmSY+No1dRyVM0G+rbyQrgcF6O+89Hkwt+asQTG5BFLyz09ndgspLcOU46N87U3kzcrPtJB2igvfe6ouSkOEvni+wlV5JROtW5Ew+hyrFSCh8/617/MinI+LFumGXlwycrUGDR59fhBKOfS5vXhKt8XqARBHK9gDhnGXYBwl1lLmTa3z8VsCoe1lbM7KnnrjM7KnnrjM7KnnrjM7KnnrjM7KnnrjM7KnnrjM7KnnrjM7KnnrjMyN042hiCeSFZQUwPuaIfBhA79Oea83szLlJkn+SvLhzEwGzpo4kESLt04YMRfG2Rl0vVbXMyc/1nnkNguB3qMQrbZ5/EziVqH87wd/PFFk32M1Y3dXxCh8+XliCJNNEdk4ZWylS3Dz3vnYtkYUN6jGttoimszkk/zJZAfqqg91pUbVGgCZsJ5+VqZSxmzJNpBcJ4dggA0sGwFT544apbQVwteYhQlSzWHKw7+mZKsVCY4efJwHNrTo9khqGMb9YM3SFxn3gow8/sMIE4rWs+kByrx0IQwbjDr/P0rd4IdPqZaFaV9MMFxrGA6qzwrX/pW+xLpcldnfR5hnZU89cZnZU89cZnZU89cZnZU89cZnZU89cZnZU89cZnZU89cZnZU89cZnZU89cZmPiaqqvyOdux6hu2Q6UYz8TiU37d+3CuZ+WWBZR1naVwOdYel+9RTlmMyOd5ncum5MeXsdSxcN5z8/Txc509wMLZL6p2WJM8r4HmIDqX6XaOpQpYZnYgs4RhBsXKwJsDDGzNP6yzV1zq8TcFUrxDnH36caMcNv/5T5qHPRM3p3G8dgzGz08ofBo/zlcUtH3hvA+aVVgag93/BozWdxPYzeAlmJ6bmhrNJi5SJIIMeH67XjoIojWtM6T4bCm8XDhVPOF/tNjp3907La3DIEBFQWJdPJ6H7ILjoo6Wf0LZz4nBf8PmtbDF5FhcAroZYICpnnOQFx+I51ny71PVy7xwB0aP3SHi2RIo/EtbP4JrK2Z2VPPXGZ2VPPXGZ2VPPXGZ2VPPXGZ2VPPXGZ2VPPXGZ2VPPXGZ2VPPXGZ2VPOv4ODTZjjNRbrwZkaopBKHoSP11ke46YaZbCJI0jVr2Aej+6p2pAY+qOvxjDsSztkVTDujCjRtm+Wk0ZZM6WBv8Giwav63V2PwfUAuAZq3pC69CtqfMaVDfT1058a37Uf120i0yQ+/CF8ogZXeLbGOnhZ7vpkI1oV/GMCg9PhpuQ6gZrv0+Cew/fNcHHeIAUITzQDOYEqHjz9OzjCoeh662lIYiT3Q9LR9SNjrYN0hyQe92Q+VhSwNMDJlv16onFIs+EnPaYjxCyHqAgJQIOixND1WGvaysChp5iWekuNAqiM5VErZLJco7Nv4N3qvHrONwGJmEYSH4/wV2pGqzz+u4/G6fkMb7IhW5S+8Nb0ZdSk6hbZ/l/eImjN/BeV6pevMfilJfrvFmMaVPPXGZ2VPPXGZ2VPPXGZ2VPPXGZ2VPPXGZ2VPPXGZ2VPPXGZ2VPPXGZ2VPPXGZkPaXiVD37SWVl31iiu+DOTYQ5vSMTDCWpg7mwZR+mlU0ubx096Jgci23K76WdHRgQTFIWmd0I7onqM07D0R/yM965qBTdcmhRivSz9Gn2OpEIvaUPepUGACx0qGnpRsxLQzBcEiThrv7NhnmtJwIA6Qfq148csXsgc5FUdVaAy5L7QgE+hqbNdPX7BNd/46FSmrVpJmwVOImYwt+98eIT9PYPUwodOJaa8pfprRuQroRNJzt/bLSFRUbEbh3PaS5bRxHAgD61bf1qvqAgTFq7mEOyU+vRCqEkRsTTbdOqLaMGaflHUoAioS0GdQp1YFS+qOKVo0OGsXr7+LJS6igmrtM/ZubvaN3Ovn+jbOu3AKX9vw1t+yPCf/lR1ESvDId1zQCoe1lbM7KnnrjM7KnnrjM7KnnrjM7KnnrjM7KnnrjM7KnnrjM7KnnrjM7KnnrjM6iVRj9du8Btjj/+q+3auI1WXNQtu3LDHnGBcU8EKkhtOIq8UH6Do9umVP6hNk0jQ8PdP/QVg1UWeIjNNvy55nalAp2yQuNQOwQEK0RZUnRKt/VhOzZd4XcEqEES8LBbV8m6oMoZfO2G+Te8xOncgxBmHe0VUszXX8OdkBB4bYYaT9ejExJSew7PgElTOpChlLOumMri3rygx8YjYNa/sMLfN8B48Oheewi1KKmuctZycfeAYgskj20aL5Jq6J0oX85YJCV2+BPDHTyA07LUHegpl1RiAtGonZI00jVuDZxO20zW54iUw9jQ1yCnxl2td9XtBieNtzFZuDIECi4+6z9nWaSeTQ5AFp8dNRaxL7MfBXrRxFx9/yeeuMzsqeeuMzsqeeuMzsqeeuMzsqeeuMzsqeeuMzsqeeuMzsqeeuMzsqeeuMzsqa0PvYWr3+z+Zd8EKXdXmDtKgit5XoxU+meAmNVxGTH8ibhWbbN67udfpSroKAUIPwSQyPMTF201TMteQZ9vA5LBCL81hK97006g7rfzNRj7ZgFRQNgVQ7IFhO0o19TOzw2hXvwMg0Xo9Bzw0fkMmoLk9rzvAjsdLWX0wCKFZNs1o+YtkAQW9Bz4LqALbv4h5ha8BfmuT4/bd9Ky4DVN84rXXEzgRRzeMrpWiCLca1OH5QEyll0ejHcGATMpO6UUQWN0ZNJNPWxHd3EfNC6at06mUZH2ThW4/XSofVPsritr7JBscKhHm9hPIfCXl6uQryDQ6zrhrsp5BYMx7vBw/n0RuHgiGJzYiNi4FznrC6Aa/c783eEWNsRa1c4Qzke+xz58jbGK47z1xmdlTz1xmdlTz1xmdlTz1xmdlTz1xmdlTz1xmdlTz1xmdlTz1xmdlTz1xmdRK3rdsiwv7VrLtdNmrAn1p4hAHyiOzHWHirLQKbs7/nNnYgcskQuv++5oXpF6kVLDncP43IS+NKq8wq6esIjJ+zQds6c9a9p3+P8oUPHlJpAA+UXF10x0B67e0IaNxQi6xmiT+ZN9e8QQNbaZPkFXuiSh2XXRpUyqCxx/IbmkhSK34hqvJn1lhMgk0gbGBw5/6Y7gXDVw7S/y0V154Idm1vdvb39DcX5O6Aq0/hggd6xNrFeBkJrGG8O6SOgQcwgZYMSs1beOdDI5/z92v505Cf8fOm3XNU2tsa5c9338Y/so0gkWJ0sN/p/AJysBSsYLM27eWeT8uIxqwsXfEVbQanDj5XIVbCk+YK0cKegRX2SmR3/+filT/rCU1XhpE0eL3DoIM7/QcKuO89cZnZU89cZnZU89cZnZU89cZnZU89cZnZU89cZnZU89cZnZU89cZnZU89cZnUSm7/TFcu73AFx/ag8x1rlKUZ+rtRdQqdok1NmxW22pInUcM5lYNOBUxrg+XP+xhV0xcalJwDKCYIXhO4Bieyk9g+lHnjLpG0OAGuB3JMcYfXRcgnrSjOhE7dYFalO2zngggqL6LwwJZEXht85a+AQtz3YnLZ5opr8+gKtGni4xZVwS5hSUI1mRCQUug5OVbrU6B/9zv/GLczUcd0LIk0Gi+wlRkHB74mYk/BpdvRd6/SqZK5xA4+DCcOF7WE+3vY3Z7nEQc5tgTZt/+WgA0TFAjCgYYbmrSyGkK4zUdqm3KfBvmdPgl2aq4S0VL+7V0FcnarsXrsaPZf93ifpDgc6Ay3ZpdjawhHslAFlLp2VxY0wmG3K186NRz6DXrknTfs1xbWsfB1IMeN1kQh5i4y8AQOmKkJ2VPPXGZ2VPPXGZ2VPPXGZ2VPPXGZ2VPPXGZ2VPPXGZ2VPPXGZ2VPPXGZ2VPPXFivOd2TcgoKGkb2hBHi2Q2fbZ7J3hB3BmdFjxXWooZZeWyL4KeA19lhNwGaHO0rgKGTPNkMuKF2rgmQBnnL1G39VCuI0WTsuSIqaDaqWZbbhhMoenZt0Xyt2Cds9h2flUxkBV8DjU3SDPaPPhA3SY30vwZxtker093ZTfyWnhGeDw+7qKipgMrYC7jn+vQpO/jiCU2sTJYXC9Ltb07YBkZJjgmTH6zn6wqOtAZuxqZssYvmcmXp/dmYi5Ov4XH3HqaVdHJBJIrko4+VNejC7ZDHjJQ0qs9JLIzNiXR3N0Ra9W9ptudX20QK6lQOzO1/pWR15+MvV1QBFeAX9/u8khyQx/rf2AY2it9kW7GPhubtp6mVKznpGHSpUgEcFKxod9O6hF3hD0hOyp564zOyp564zOyp564zOyp564zOyp564zOyp564zOyp564zOyp564zOyp563XXhFK7DrUH6qgXf0/wjJBo5M/yCUWyeoLgj57uDgILw0hEXVqUWSJUyAcgv8ZufpmpLiG2cOimLPuIyZrtjLPWKCERF4TmRp1w6RdLSY+MpY0HOIoUrjIdkTnW/u2RfqbEABzftdwiJeOvaj6qinVd7MbF3kwI1vLziVXtuRtXPDVpnzx/e8DAbLh/CiQXXvH8TJC8MaoqqbPoDLLHQ8YITQ8ICFWPV7QQit5Pl47P+dd3K+znjjPuOtk4UGh38d3Jl3H1JiY7Tpcf0uSzPFScUVMztpS2Sa9OtFlh1tsKF++LDAcfKtxim8EoLGe7Ycs1GI9Tp0qH78aeRo/6xT5pOaSmqudVUlvWexfcJi6p3a40WVszsqeeuMzsqeeuMzsqeeuMzsqeeuMzsqeeuMzsqeeuMzsqeeuMzsqeeuMzsqeNMUAoKY3h/TzEx4HBp3GxU5wvnDNlwKsCtmocqCno25PotYc1/BiE5Nyx1/rfq3eBimHTANCd72Ts9FBV/v6HLggKFgfV88Ks9tftngjsF6KfGj/bAdAaB9JgorzEsT0t2yIBQEm3C5yKlO+uc7AwMqtAJb0Y9cwnvIQGqbf80MObmKTC8XY7MOmASYXXQXD1plp83dq4E5vQj3w/7+mnKudfOJlpwat0zBClz81qk5rwl3pDSVlefOmJlqbTQ0wJL3rG7an4istzKykPcuRGDCDO/iJ1Z2dPZeMOVFhdKx7Y3GwiRUbk3RcgJN8GAPJRkGfeYk/dKJk3r7QzOY9as+WVidkjsnvklGStjNziiAMh8ALhOx3OSeoStZYWwHFlQaBUPaytmdlTz1xmdlTz1xmdlTz1xmdlTz1xmdlTz1xmdlTz1xmdlTz1xmdlTz1xmZGTnjtBMR+O/a1OkZoNtKNwGPFZ7kWEG/0bGjOavLB2qTOTaVHF2nUL6KVZNVRcUDU87BLMCmlN/Y0HpqM8tPU97O5seunz9aiER0Jsy1Tzhe85iebDB1yFu92H5NSp5dzzsmXSUcM6G/RREgjnBV1RP1YtFVf5OOvk1e6PeDgoKLZgMYjtM3aL/JmR/UapzGcfzOQ8uVigOEZ+KMOAe363z8o0yNEwKDWSfofWdxG7dt68/o5jb3/cjpcQVbeL0BAdKCWY1EgCpxwc1+zlmA8ZN+VAsoeKjM/7PPkXGasGtfOsqoUQY5GsjRTfzXgK1t51yrruSN4RtQKDPwGAXL3TvEKCkmvRWuxIuJlMfRZdH/kZF//DMasa8Macg4XRiKHV+ERdKwuR/va4VGAWoe1lbM7KnnrjM7KnnrjM7KnnrjM7KnnrjM7KnnrjM7KnnrjM7KnnrjM7KnnrjM7Hy0Tp6PLWwVuRPXGiucaThjZsHNt29f2nse1B3VIU33QJItLZ6gHL4ioJUTsuFxDeojII8jwMcwsQSFSw87LtnIKMFpUwZRH+hlMw8zW4EXrCmn/VeTMvqAMOG2zZ0GcWS7MYDgEjavSxxsimpJp4iv/l4EVk5chKvkkzUxBe844Lc5wbMHIfpBqQX0wwsX0X8LstpCMttXyX8cRrjd+R8v/rux6hhlLNU9W91D17VwPdLsbHMJPDwqDKnG/Rop6/aRRSSSVXn5PFM6kHEDZCLYa6ZUZ911MPvickq6QUn/pDvAHUNhUDYfUPpW6J/rSQAz9Sn6uen7TXT7ZhYB0DazxvHXRuDxumEnP4xeWmoIFE+BKKLZnZU89cZnZU89cZnZU89cZnZU89cZnZU89cZnZU89cZnZU89cZnZU89cZnZU89bnNRdS7/Z7gRgLDe2T586QYPQ2NPmoeFRR2VY7B5iYHISH+cTuoYAgsbuanYR//LkkfGSVBe1/tM51q6BqNqpg4lbqGNObmuJrL8GhIPEWw99NeHZU2pGOy7RYr/Tj3g9ELTVp61VenpqnYmk07+IqdlSNsVBj2XAtWEm15zdQkAjprryhNeEMn0hS9GeZK0yzwkUv19SSI9WfbkDGQkrn+WAeYz+GAfHbROPW67oVdkjjimIeSEDq6tnhgIyyWA7DpEEtyrVfL7Qx3+8+FdPRVhO05LM2fO5xHsDJAfojeGPS40aO+Uh4M9SiSGDjIDHoHOm9j76fJYtrgTNEWVszsqeeuMzsqeeuMzsqeeuMzsqeeuMzsqeeuMzsqeeuMzsqeeuMzsqeeuMzsqePHdELPOdxMGr8/MgkOsW/liICrJyCot5+CQariucOEnqdshh8CO0Ue3Uv6PUhUFtg47NFukEAOrYRXs1H2zNGa4XyGjH0X9yaRtMDrYY9cDN0W0eWCrZgZGkUHfymIOvccQ1IwJHsuTbuuHt2pa9+f27x+NsXWsNUXiJGU3XU5HD19v9DqVDI2xgyuwV54pgNUsLiMov/3B4h75VqMdbBQvt2aSgwdQ94hGdzOHf8elmgN1Hgc4CMVwi2C8S6Bq61W7/2V1KGNXg6Qtg5u89tM3QX8+akhGXg3i36xxMSG8W6YVEKSA8jX/2HKHpjoXvLD4a+4mhL57byx4gJf4klJp3KGDlylL7lDBy5Sl9yhg5cpS+5QwcuUpfcoYOXKUvuUMHLlKX3KGDlylL7lDBy5Sl9yhjG7WVszsqeeuMzsqeeuMzsqeeuMzsqeeuMzLNYaWAe33RCrnpD9xd7b6gClb8yUmw0Jvz0mkfPfUwgXtDgvng3vWatZbQWK2KW8l+8Xtu2kMH6RE86HFZ/Rg9Ev9xMCWlQPqYI3bERXug49isIadjronW7urJ1RkxuwkfCpAhdlhzEXWwztg17ZjUEkBLYGdMUwW/C+rV6s9e9TdB3biDt4bZloX/xxYG1Fn2ToooGU9fE/ueXqx6e07RtDreAZJvWI66VI6XBhBA/L2/8ot1wJlGR76UGkQ1hoC79govS17WL9VvncJyBMsH5FP8yn1HUtN0i/Vb53CcgTLB+Q6rjvPXGZ2VPPXGZ2VPPXGZ2VPPXGZ2VPPXGZ2VPHjzTuSuXkQ8JoS1zCWIj9y2V2Hwg69bvPnBTteJu9ckVVoagNBi8jNT6y7fzD5d+O5dteRDwnxow2WMSNcNcbPKcGuGuqHlODXDXVDynBrhrqh5Tg1w11Q8pwa4a6oeU4NcNdUPKcGuGuqHlODXDXVDynBrhrqh5Tg1w11Q8pwa4a6oeU4NrFszsqeeuMzsqeeuMzsqeeuMzsqeeuMzsqeeuMzsqeeuMzsqeeuMzsqeeuMzsqeeuMzsqeeuMzsqeeuMzsqeeuMzsqeeuMzsqeeuMzsqeeuMzsqeeuMzsqeeuMzsqeeuMzsqeeuMzsqeeuMzsqeeuMzsqeeuMzsqeeuMzsqeeuMzsqeeuMzsqeeuMzsqeeuMzsqeeuMzsqeeuMzsqeeuMzsqeeuMzsqeeuMzsqeeuMzsqeeuMzsqeeuMzsqeeuMzsqeeuMzsqeeuMzsqeeuMzsqeeuMzsqeeuMzsqeeuMzsqeeuMzsqeeuMzsqeeuMzsqeeuMzsqeeuMzsqeeuMzsqeeuMzsqeeuMzsqeeuMzsqeeuMzsqeeuMzsqeeuMzsqeeuMzsqeeuMzsqeeuMzsqeeuMzsqeeuMzsqeeuMzsqeeuMzsqeeuMzsqeeuMzsqeeuMzsqeeuMzsqeeuMzsqeeuMzsqeeuMzsqeeuMzsqeeuMzsqeeuMzsqeeuMzsqeeuMzsqeeuMzsqeeuMzsqeeuMzsqeeuMzsqeeuMzsqeeuMzsqeeuMzsqeeuMzsqeeuMzsqeeuMzsqeeuMzsqeeuMzsqeeuMzsqeeuMzsqeeuMzsqeeuMzsqeeuMzsqeeuMzsqeeuMzsqeeuMzsqeeuMzsqeeuMzsqeeuMzsqeeuMzsqeeuMzsqeeuMzsqeeuMzsqeeuMzsqeeuMzsqeeuMzsqeeuMzsqeeuMzsqeeuMzsqeeuMzsqeeuMzsqeeuMzsqeeuMzsqeeuMzsqeeuMzsqeeuMzsqeeuMzsqeeuMzsqeeuMzsqeeuMzsqeeuMzsqeeuMzsqeeuMzsqeeuMzsqeeuMzsqeeuMzsqeeuMzsqeeuMzsqeeuMzsqeeuMzsqeeuMzsqeeuMzsqeeuMzsqeeuMzsqeeuMzsqeeuMzsqeeuMzsqeeuMzsqeeuMzsqeeuMzsqeeuMzsqeeuMzsqeeuMzsqeeuMzsqeeuMzsqeeuMzsqeeuMzsqeeuMzsqeeuMzsqeeuMzsqeeuMzsqeeuMzsqeeuMzsqeeuMzsqeeuMzsqeeuMzsqeeuMzsqeeuMzsqeeuMzsqeeuMzsqeeuMzsqeeuMzsqeeuMzsqeeuMzsqeeuMzsqeeuMzsqeeuMzsqeeuMzsqeeuMzsqeeuMzsqeeuMzsqeeuMzsqeeuMzsqeeuMzsqeeuMzsqeeuMzsqeeuMzsqeeuMzsqeeuMzsqeeuMzsqeeuMzsqeeuMzsqeeuMzsqeeuMzsqeeuMzsqeeuMzsqeeuMzsqeeuMzsqeeuMzsqeeuMzsqeeuMzsqeeuMzsqeeuMzsqeeuMzsqeeuMzsqeeuMzsqeeuMzsqeeuMzsqeeuMzsqeeuMzsqeeuMzsqeeuMzsqeeuMzsqeeuMzsqeeuMzsqeeuMzsqeeuMzsqeeuMzsqeeuMzsqeeuMzsqeeuMzsqeeuMzsqeeuMzsqeeuMzsqeeuMzsqeeuMzsqeeuMzsqeeuMzsqeeuMzsqeeuMzsqeeuMzsqeeuMzsqeeuMzsqeeuMzsqeeuMzsqeeuMzsqeeuMzsqeeuMzsqeeuMzsqeeuMzsqeeuMzsqeeuMzsqeeuMzsqeeuMzsqeeuMzsqeeuMzsqeeuMzsqeeuMzsqeeuMzsqeeuMzsqeeuMzsqeeuMzsqeeuMzsqeeuMzsqeeuMzsqeeuMzsqeeuMzsqeeuMzsqeeuMzsqeeuMzsqeeuMzsqeeuMzsqeeuMzsqeeuMzsqeeuMzsqeeuMzsqeeuMzsqeeuMzsqeeuMzsqeeuMzsqeeuMzsqeeuMzsqeeuMzsqeeuMzsqeeuMzsqeeuMzsqeeuMzsqeeuMzsqeeuMzsqeeuMzsqeeuMzsqeeuMzsqeeuMzsqeeuMzsqeeuMzsqeeuMzsqeeuMzsqeeuMzsqeeuMzsqeeuMzsqeeuMzsqeeuMzsqeeuMzsqeeuMzsqeeuMzsqeeuMzsqeeuMzsqeeuMzsqeeuMzsqeeuMzsqeeuMzsqeeuMzsqeeuMzsqeeuMzsqeeuMzsqeeuMzsqeeuMzsqeeuMzsqeeuMzsqeeuMzsqeeuMzsqeeuMzsqeeuMzsqeeuMzsqeeuMzsqeeuMzsqeeuMzsqeeuMzsqeeuMzsqeeuMzsqeeuMzsqeeuMzsqeeuMzsqeeuMzsqeeuMzsqeeuMzsqeeuMzsqeeuMzsqeeuMzsqeeuMzsqeeuMzsqeeuMzsqeeuMzsqeeuMzsqeeuMzsqeeuMzsqeeuMzsqeeuMzsqeeuMzsqeeuMzsqeeuMzsqeeuMzsqeeuMzsqeeuMzsqeeuMzsqeeuMzsqeeuMzsqeeuMzsqeeuMzsqeeuMzsqeeuMzsqeeuMzsqeeuMzsqeeuMzsqeeuMzsqeeuMzsqeeuMzsqeeuMzsqeeuMzsqeeuMzsqeeuMzsqeeuMzsqeeuMzsqeeuMzsqeeuMzsqeeuMzsqeeuMzsqeeuMzsqeeuMzsqeeuMzsqeeuMzsqeeuMzsqeeuMzsqeeuMzsqeeuMzsqeeuMzsqeeuMzsqeeuMzsqeeuMzsqeeuMzsqeeuMzsqeeuMzsqeeuMzsqeeuMzsqeeuMzsqeeuMzsqeeuMzsqeeuMzsqeeuMzsqeeuMzsqeeuMzsqeeuMzsqeeuMzsqeeuMzsqeeuMzsqeeuMzsqeeuMzsqeeuMzsqeeuMzsqeeuMzsqeeuMzsqeeuMzsqeeuMzsqeeuMzsqeeuMzsqeeuMzsqeeuMzsqeeuMpAAP7/ktgAAAAAAAAAAAAAAAAAAAAAAAAAAAAAAAAAAAAAAAAAAAAAAAAAAAAAAAAAAAAAAAAAAAAAAAAAAAAAAAAAAAAAAAAAAAAAAAAAAAAAAAAAAAAAAAAAAAAAAAAAAAAAAAAAAAAAAAAAAAAAAAAAAAAAAAAAAAAAAAAAAAAAAAAAAAAAAAAAAAAAAAAAAAAAAAAAAAAAAAAAAAAAAAAAAAAAAAAAAAAAAAAAAAAAAAAAAAAAAAxf1BgYWS/9NQq2xmrRJS6M6KDudzjpo4Nsnuulsf9fUtdWSzmJ6dkCFZTof8tguPRN/0uWWGnFwypNCO4NxDGDwR7TjuKADGQQbFfT89wKRzaLNSzlucyGZawj/YzGKn2nEd4JgSge6QRG0vnDKh4AyqMBOdkH/UmeYcTsMfO4aatWiOUmZzig3HrveCYU5chIISXIh2ybbCG3Bv1Ccs2uWedmi5kRIx9M/Sux0xsQpHCCjZspIRuD9UDZhvW4KZpMUcAAAAAAAdv6m1PY+6hTD5X0xXgsO3OolY4WxDO8kJkZE/QLYIZmY1wcmqph7fUhZxQXwRdMSBIB5XXA1LcYD0wDuudLpxAJCqXyrYmAjsGHgRa8KN7A6ADjxPRNyP8EFQNa9jw3DHOoDop9zhtQyz/kAQsB5yt1KFHZn8wma1DHgMFI+LpriEruWXYLLMHMAAAAAAALP9NQ+vYIN0cSXp1/0oR4Fnf/xdyOFB5IVPUlhk0nnu0wWq2P5sZeYzmPVIzgDQrPPpwjM+21b6h6cp8zfVBrswdpYY9i/PdGbCF7uZn1Yqcf3nuvkYbxTAk7r8OjZqW0/MwqMJS4goMNPOGlXpRcEjYcfPGghaHA4bwtsEHpgj4hjWNjDAVkPB/iH2MK0aY++uADPxQ9tuVL/5JKXvAcpW9jvCzp1gn175wAAAAAABSfmnGF92Ro1hLomppL9mWliVvkVZXAdKofgTQtuwN8PdGNUM+zKYkazNMOW/ykT6y7QGP5Agjym7a4wNGE6IjB6gmxXSoAQYnH8R1EwjSPkxajH5LrPxFouj51G62G9X1ys4GzJmj+v0peO6ojNlpzQGDegLWTiA8d5/vBrRmNzSS/udu3vafbWioemNwwmDKHi9iHYJXcOmAnDGy5441FS0Lv/6LrI8MIPmMXS45HXtB/7LrvE9LLrBYDGk1CObRJeS03LNDk2++Tk8b0LoVZak0w4TrdnmTr3Su5eYxWuNG1UyV9NKNzKfC9o++RYRSEHrSg1Hh/m7rHF7yUwc6pNJXV/nkhY0AN2/5xqCmc9UDPZSlwKp12qpkeQoubvdO2fzl+Z2P2YmlJ1t4KsPbWBi1AMw9btblr4e0SQqSHY7yjVPpDfTazvWBTNJUnYvfz2TAJ0h42hV8s1KuxdGpa/R9uFaFzUNDPXx+K7kHwQTHHP6xkzkqwZabh6ZHEdMsuTk7AH9jWa3Yctlw/eD1tbnppbIQ+kmxdyUPy/kaKvMZJcx98aUgfuJHLPNuEqSbRQ3cL8EbPz8pGACftJhbrn28aShZFQVcFZyJItWYwNrGD8p/I4hnVqXopG4qPeUQ99XsSIcFltF0MtdzI/RlFpjgAW6jW57FGd/c/vojDr1/Z4QR8XFCoZI6hYBqqpuX6GS3IgGe9PJ+rnFdIgXxJYTQm/1Z325zF9bLT+aUB45lQBSxiajzsxdAkD4dUoRV4H74vIAoeIniLcNuhBUynOtOjXoPtlVpbZr6mJztg/tEMreMLIUPO5NL+XFBLFhw/lkwv0AqYh4O1kUH4fkonY+M5g1s8V6YTk1U3rvBdHxcLNdCWiRv+jmhYDy+fNVJbKuAimt5NfkXDpV6r5H+5XVOYjrTNrx9yhUirebViZHxt+rg4psFrBX5VWHh2MOcmIxU98vtDZwRWsRyietBPOcrsiEKTIsjpPi9ugfz3qXA/xhusT27lumXnEyJ5/rhf122RjFAXfxJAk30OWrktf4HcJY8gwDeUT0FKIjCNtWWn4jpXsJc2IxmpQQBbYNF88YuT/JT9TQyw4La/4qcqJnsIUkkPwcC/h1qQEmuRWnlcfEwmtxZRcYt7yx3gsrMl/DDevlhGCwcKAWeERKqrrfREHKE7i4e4r4bTXCWqbLevif9xXwUo4JtiRvGRaxGoVAnETbakzPbbhzvq70t8qg/TsTj3PMXxPGv4+jjKY4h4DKfRE+z9logfLapmYslqjS3sHHp/7WP+hyhF2QnF1Xn6/72AsEHMy2zKQqHO1eZbtCuN2p6wPPKmWp3gbAlqX1hmoQHAcsp+w/PgeqG1hilmS0NDiAcTzdM0dZ6T/rb9mP85r+d3u22h3/psgQepbgh3P5vzr4tRD8pnRT4pJ6R/pRFlEAooRtjYfNxvNKbAjRd6iXSoHN26Yh6Tbtpr/3J2jmqZQI2nzu147IhbgqPRP7sQJClLkISWXtglM+9DN3kAb1kwLoSZCvr9pz9hVJkvFWb0OHr0om5LyintO0QYUx/JWLgjGveOTtU40WvAwmuOLJUGSAoyLuc7omEin6ZiGlZ8mcp4Ei7uGPMQWdvQLxogbZ9xbpQReeFd+ytL8M0H7qS/XkUdxpvrXjcOxLqVMAbJkrJUK5auyfAkqDRAz9NPuyeEMH5tF6lmvMDWuUCZJsdfL7og/sTWQdTMRHyibjz4aAWygUAFwRTKkP+uz8SDVytvuANlKAUr2nEjkUNhawz2ENSFYs71eFDqokbPrLmdUMN5STXJYnM5yDjaF8lZRMSyri2+gDHxoaFL0Y/LoTlSePm+yBbmY25rqBidg2EdutcgDhhg/SzUGYMldbo4LI02hI/lkdhSUlqw9skDFgea8eFeg2qeBSkAzLjp75s4jjp2NG4oabv8s/IrmPqQfoR5lkpoRddtLPkhcuGNaXVDv7GARY5QO8l4SC4OvOsfvrO12NYqHvJ7908+bE5MC3Kigfr2RbgDSh/B1Th5cMh62PL7vduPJdIAk5HnAymveH4WsavF4SL5Yi4Al9lC84Xud+Mp0opx6osKrysIxMHM5Yi1PZ7UHHX/wbFoM8mbVtHZUxzazKAAAAAAAlP44htPqIodS/wOWa9c3FoLGwj8zj7jN1Xdov5s3Qhi6L4XGBdfvdinJ2AYa7/uEs4yn8X1AtCsjbG9YlfKDs7QzI1RlturmDSjicBTVpObOXmYCyrJiIB6tQW3lZ6lrpB5riLZf7hCe8cliL8T1COFlzZw0vSlgY/pirBDtFYHP3w4uVW7+278cq8+J62zU2GEQHEnre/7kv9Tgu4KvcIdwAvIOBjN3kBKK39L8pdubZagUcO3o8WGW0uVjiaN8jRG9/Sy5IXZY7LI0ZURu+X8DJK6oogFhcAW08SzRv0QStEzvFq/dClSYuyacP5yv6IDeJy8GIobprjIk1whbWUCW/AlkKrjCJtLXPX1gX4I6q3TJvEubLevAcxV0qt0sH0bHraL6DwRZZdqDXw3F5asfUrT6myViUZwUsFxhwPe/+J3Z/nypUBRVzsD92UY4cwhApfNyo/50A8V8DBZqWRE495ar7LLL4UvCwu1vvC1Fw/Op6GWFvpXkcM/vEHagURVCcrv6LGSSI+SLiAYauLTOnMgMLdOkDhUFIxQEv6PLZbMRk2TOPmMxm2PnpRAP0xIUuf2hpl8dyPUHXxDS1SCqPBOWW3a/kooSFFfAj4poh3ODnXQpzl1VD3Tph9KhtlzN4w3rz8wMmU+ZnRsv+ShmWS0LWiCBpn5T2bl2TSL+K5NTHOCxEc/QPbkMBm8OY3i4NrmDvN/9YaGA+3lnjZ9QNbFV7VV/wfESuiNamqWv/yA4SEgj3bcsY3OxzZdfDwqV1IMOM5OLyFIGPVgcJM4kyjZ1De9ZnRWOM6AyopVtkzfZ/UToAtwpboHJGWhtu9Vy08SHwnzvVK8YQyT0F3ZfiN/GSREFO7Vjzqe9sgd6qpJeaLmH2ZwlL1n/6MX3sbVwCT/PgtMP7qv3W4fxphBgX9tubj5I/WEk5Ax/a20Lk191NfD134Pd6v9/x3Yba8pf5zRfDrQtSpVioGHzNSmiUug9Rg6foEHqkZwl5Azo3ZmRVcfdoAivyV4/IQT6n0E77muou2t0e2J1V02rv5PqKv8TUATmsYRye9CG0TjGPU61x/29uXumVgTwsN6YX+rnxAPy1phgz/B8eUrPv0vLG6bGB8H9H+BE/8KfxO8/HF832b7uXLu9xLov6phCvczx3330oDZdUIFdN0ok1WJwPKcPLNxcf/7YlWd2A1+EglA+DeBjiY4PrWjWiXrId4tU4XspH0yFjD8gWAVcU92/blXl2OJ1VZe4V83CnDk0k+gJnZlreKHn1ZWjUbUVp7f14CqYNijzQ+3B/3r7Ur0SHII7r51If5+gRyffLuekrnye8wXV7pP/v/wRwn+JBaKlb+uJqcTv3I5x9/dXo8g3nWdrQ+lJKgLP5/Sod/NV863SQSnVUX+4if0MDZaNB5Pl9sWl/T7zmEgNySrgVTn3laabBx779QcYwOGWxGD6yM4psYi5FdotDrQIX78KaWHm6H5SrlmH8uX8jBYLTkqO4EqbqqxxISb4H9vjzMb4bcfAB2Zr6mjssO17gib6Z/s3fBv/J2mSoVBcj+mTPP40Rke9ufEb9RqZnrsdTl/VI/FqftIT666D/Y2slJOhW0QZnwtifP0ceaGC/PeDv1O0XeqN3PXGo53/J6N+4s3FYXtfmGJZj9WdoHi8p9aY7nv560USEKpoGLYwV7DLqS1cRzCIiHiTvU2/XdHQ4kAVLqDCG2hiWNCj+VaXayXYVtiCodiQjlppvwTb/jyMV/E7xHb+TIKYf39zHc/3W1n4Uv+n6E5mtQd5N5EZ7LIP7A5or6DJhLi8zZKP/0bP+nU8Z/HmHrci9uR/6uf1WTIRpaz53TIM7nq4TIabXEKbZsmv5oZ96EjgWF1dVeDeZx6Kg/8X2riEs+PsXzDbf6Wmi8mmirbV11rE8/r7f1+3u2PfX+Mly777Rfnqb3bhtNH+v3PbH4QX+fkwPFXSncp65Y8MyTpNrqGgVj2mW0E4GgOGiBmNSjjMkB4v+B8UswZq56NegryAGGIoKFBYHprzNk7DPeF20T5u786oliJZRCiSn6Y/7lJHM4DsWKqDF2JJQp6eB577CKooUxg/9e64J9M1SvglNPzS68xhaFUs5joRjkAEOJZDND4grwBTTQcWcyn1oYI9KlPYw2lINmT2KFWahY0EYDECHauSGS1+Dn2gpT5NA6YP+SABZIkXEJQvBk0bso7mBSPTkh/7P/tAhtLC0AxoC7nO31QIJbKVAQJL6ATNGg8hAJaqKEWzwCy6LDDjR3EDaMTQoGxmQk6v3Tw4xOnFeBzOir5An5DXk9F+BdXRnuStwEq6k6OO3uHqweXdY1ufK7UKn7BYsaywx9zwmhmXw7wUuu7C2UFhE/Z24bRR0VmPpl5/lX8LB4UlD0vMIOFNB3gWHH7ayX6njSTa05gAsloMWI3Rk0qk5gaysnVTdQBf4s3o8l/W/LDCEzIqxkZTwd+gUPra3uEHOcR8gbWreK68Iq4dmlW/ngInfh0lS8ywAw+UT6OSTWPb8V6aH3LBR1hfmiZrkSAnUHztrrK6E4wdc8fh8ylVhNjQluvQfg2NLGYYcPnLS5OeJ9CvP1sUZYo0FZiQnjNjBbyNX/fgYMOyH8xnvqxY+Q5tno3pxD4MPnYhG3sJRIIr3VGCLjfm6HLuc/NLE/rEKohOncGAMGR8+aXWgkI2XxWq3D6ySE3mPSLXr10IM2qCfTFdeSzmiQZR/fDzt3wHknlEafd6XbW7WUHr0bI85nuCGvKRlMH7H3D7GdRtpV/UDjPMzEmZ4AAAAAAAuvwnEDl3XhT0oYTWYhbGkpzKVZC0liIXPAFgALISCOVB/YR8gk4gQUHgzVmEx/E0N3d3riceoD29UBd2xFlhfixVCv7/9a0NSvHmJmQphX/aef+xppe+j3lqndlIOBrON3oQSb7wa9HaWm7BtH4eG5ZGpkR79lO36gYr8Tui+hb6iKr0953a9sm+iZ7rWBP9MNmGCUypU0VJHXFN/gXTCXKZbLVFqfFoW5/MgiqI6MUjl4G6nz2gChnucrSw74ulOkaAZVls0ut/15ktuFq5pUQVSS7pKt07QnhlHexQbYXoE9Lx038qxLSH9bC+hsbBLE4tT9b/Eif1IsciYfkGnqL0zuhlvMbMCSC9AAA5S3bsO+1fgoTl/8E8yInBATrgvVQ/8Pc3hbBB2ZAjjEKdk/7KAfG5Ok7OME62RJVIqlGotYzYmmslzBnsIkH1T5ZWizDxPQ4lbcHMcoEXETtQ1MvxOdfHLNfy/SoSK2VU3tBblVJAp+goj9JSndBo82vgUYf7hHsDugHc5Jy5wKvXDlsoE/4w/4RQTOoQywT4qYbdGBsjZDhvjW4xVALbkjrfxJ59m9sSu+4ebkEFbAwZZn3RIl7Op2lK+LT4mUp1HDOM5Vmk09BNA+TZs972j/FduL9GIw52a0y0fwO7xdVWVNGkji+mLel0rgywaf2VIxvVdEQZH5q6YvoJrEnex12uz/ZzYK2j/4SeRFWpgwdqkXp6JtdzvY9XFuqnQ7wxgTNYDAn5wzbKtb0PV+F89RCobPC3CGs3610F4kJ0j/krFgD4d2ZSGGhAyTsFlcWv8th38dPSmC2B3bU7uORxLyXxT0gtwrCN8gZrtQA4e18QJQrHrWiY3QQ5QsgxDecFGtSuK2PN85W0QEqS8KLi9hV8fesAQAlSvxSay6SukOa1ycFBG0otWoKLLtU1Xp6FmbFA/t1Y9z2Ae/agP1FgVUKA4f9hYpUbom/0Ww9W28J1cra4HCOKRUkSFBL00mlcNB3avamSyRfT1i+IivctQQl+avd63xXIEmUfeXbkZX7JTwNJvgeb5gxmCfPbWXIqQ2lhEtwuPBdD3H4ibDTz5bzn+BrNLQ16187sVWEkyBFJXFRqrwcoUCUJoOc3Q6aYkzkVLreYsyg9QmYbnVm9+xtysLSnFX9a/Iw0TQvUNym3cYgOnk+Pql90g7LqI2Y9LPYUkl+kWdeVt4NGsnW1c70qmdfgv5hs8cYswWsXidPBU5XOCUTx+qnQQno0ijMHl+g6jTdUKQqclK17DysoynSzmcLQcB9MUJuFTVEeLmWb5STkA31fTyygtAbYL9mYBGG//UPUH0Y8M0Uz0hkWMtkboR8k7u/22aLYSy8J5Krz0NLYGD5An2aol/Kjhj+qJbogMoghmQhVRd+mDl6oSqqYNzi8DqyhP6tBNvLb69nhaKVXuIQ6RFbhF4vL9RMRXTC8gJL1Aiavhl195Xtm+CH5ss3ARpr3nJnZWaLu7CkiqeAHT0rEbuIM4+1TCIa8ec7g9C+c0CJCY4+ICYvlhe/P4XMEMczDl7lhCCpJeV1KYlqRiaKvzrYyIbg8QOKXsvQMOdZoVDR5TZqdQN0XMrczAjsaB63J0H+h9ypm9sVir5sEkxRMzCvTzmj8IG1uWYtLRdPCy8k5wQVY2jFPuSLBe7RP1eWNkTQuysNwAAAAAARH8X1AxJdi2oSHnYYTjt5kHHQjDYqMo3uZ/l3sxsIv8F2bL+AArSxkkRKPZ+QtZ6kCybeevGEIrShh36asqRDaKsnBG3VAAUNizkmmC3AxKE2jGY4N7oF9NuYr6Cd0uT1fNcsnMLbkek7FXcweT/Q3892nV24tqKm5+aVdIwybkMegunhTVc5Ka15c9CBj7D6syQttQXEi2PrOmLot8idlUwHBnNPq0DebyjPJFJRZPXvQpUNUX8Wiy4yfHKRG31wAYyYX00MZHcadvUftiKR44n7foJcBi5Ag2+bbuoeqRQpNwwRudSfWKWb/4WXCx47cgAJCnWJIh7UoiTWj3vJNaKtUzQUds5AmKvJ4FChCwttYE8mvcDLFyUdh4RJaa7eI8xttdVMSlOoQX0l/IGNKq9GewJD97rb20qPJDhXeB0+mPh/idD7wTe21nPRh7Tn2viJIvJ+jN1YuFEBIRkRT8HYlDjUJ+H7+Ul8kirCqJxmDH+NeQFKjMiml2pSXmYqlSsa7wKzMtuKziYKwi2ZF68lOlI2WMVm4xVAJbnMwmqNuLsStLwFJYRBsnBw3B2pW+KPN22Zm+lwWoqKBPRbrURT4LR8LnxfE//WZCAV75rGZGojCV/zO0XtNNs2uTxIFh2If1Z+dE7/TIkQu5Uwbi9s02nIQvRxgDSSnG/rkfVpXMKmmZ/G+o/EnokbUCvrjJmbhh7qm2WcLyMQ2AHXi69vFR5VyBWAPjbFhuCW4f5XsCQ8dBgKfmpro33uuhOoXUe9KfceVs21ODU8Mor8P/ZWXH4l8xlCoAXCJr3IY1MQ2r33oPU1h1sDYk/eQu31V9PB9EeREwZOw5K77tnoZiQptQwoTQJa7oQiEEZxwn+k49JH0DpFEK226t2rF5BEcFkrjPL2twkboTk3yzB7v8Uv7Fy2Ce7gcBG+h/Y414kcYG3aVZwC6jbAxoWLILQC7UZcCqt6+6CmKsCWsTtwk8Qf/Jvggt7j1f4dxgG2CKOYjT06quZdp+wG2p7dTZPi8eNTmr5xkXilqV+tq+9rm2y8bV9w8sVWLwQojdEKDcWZrtkFCQwA/3baCD/EAHkLGUpoCYyQPBDKI2/M0bhe+YhsgCCjdWlisAp9h58gY7UqctDbQYysAIIObEHrPDYffrsiRCeoGkulzCNdwYGiU5BAYy9EFzQX/DMX6bLpOJ2h3a5qca0S8+d4ekR1cXfUw8G7QoRrtozicrqZz1DhhUBEk14L+N+zvmoUEuCZ/2pXaWwCI5rNFSMJmkG7ygdaezUKu4us61gC+Oe0DexfFIV+flU7HDr9KxgEVRkhVV8wVPriIXXazp3cPOFZNc4andndj0UT6PcuPk77RD4spfKwLQ3a/Mtfj07dmsDrFDIz8aMJZsWziqkuk+vYi26VDRxKonlZSMsduystKbfahGtv+s90eS4UPcKUqJq/JIo5+2gtgzAOnT9KA4jU4YwKq/sx82p7jNC/7kQCk/eqT+RhCLJNJZy6ERSjJxdmKkDuDQBrWQPi8UmrAS0zCj67a3q2IlwyZQ7i4WE9x2KmAaauYGVC/qkYn073tSRh1D6Y7oe3dplpqrv0cGS9Zp3qEk5TzMjicF8FkH4Lr6PXREUz/WXWAM2SM8pEwwDyTyIVl2f1a+QJ76XxMHxGwvjVC16FYmonagGU4eFzuetem62V0iG+qZmIHzmCJNOectVKqBINp+ZpcJc7DJyZjMbMueZD2F6b9brXYGoLhnMGm/Ixqk6+eol9+A+iahIBxXteA85s/fDEGj1RjM8t9Voe2bVGVBsi8B+mkUD2FiAf+9BIcKKyu46atsZfhe3Ax4aK1F0piQsbBUSoCqnobR0eQ7Ijco1XMwx9nDVtwr6hMvxKsU0u9E8lyMPnUuGb+hxpOIFnjaDvISLLPQEYx4hwpwkvVrjQrQVWOix4wf0v4khDRDMD+HjpLb4RWCa6cEp9wf3+oUDf0l6ntSTGsBtOzGQqFZXfIu11Q7NegjTGb2VCTsC2wMXLMPhqfJ7u205tqT0DRv2DSJlaGBZycHbRCFSPN9oOnXHgRQ/OxsgzrZP1xJofsejZbIaT2k+6RBVTygO409e8KL/C7ofk3XGu+cgUOudv/ZARmqjbvfd7K8XZKWube4ISLEkCsrvRDww0SZ701zMTK2aY96SeoXenmPVdZDvBl7MVOdTsQnRozQj2DUE3xeGvcqBmPzLWPDqNGoSiyvdwt+llR1X9/+HgG/bQTqy3qkvM5Qcc6myp0MDqbimlF9ZW6Gp7CGd4uD0kQUBxmNTtX9JDhV4dYcfE9NgoJbEtd7c6NzGATz859a6LWTF5owR6T5wBmfW9GJrzVtZJ9VlivFz1yZPEcKLxzpIuKwzyAaKVv9v6LfMb5EzWMfHan4oBVHpY6+4x77VswChad/CUN6lB05MpQCFWIOx6BEgt8omjHJxp0JbMeWrv04+0HTmXAb43Q8f4xbU+YA66t97E7hYBSVT1oHKjeeUYdh0AHtsaChGLuhxsutI50QAAAAAABH/wT5YmI1WG7wQZSt33zvgBu+NHohVv+WsYnv8/81BDGYm+8v6S39TMZIJH5zQFDQc7Bos1t86wGtD5HzCx+e1YhTB1YsTrIPdeqb+XjMoLvra04IpX9gz10Hm50/VpuHG5nZUtWfNd51aqGCktHGrGGcXlm1Lr1PsMaOh74evBk+RLfst9oLBMVws1m16TRvH12yxj51557jaQn3GNvflsc34c77+TpKSCN5F89t/SNmEugJ8MR29wKqpV0XodEWNdY3lTWEqBoaTVfyXJHnJllQqUOtW7sqUdXLAgWJOF5g+QrtBQpHbMI5fq8Fl944oeJ6U2atqI278lxD3IpSkgt1a7dR7M2OZ8CjpDJHgmTziFzuIql2wsudr3SMd5Cz06DKduwB9brXL5rTtrE+F0uaAh7Kmo1msUZLlBuH6l24efKjYexsRk9RmCVMEeAOpWViX0UWUMlIs1RudvBusaUclVFRS3mtl16wSJ78rU0fzJ7ZJBUzYMhUKQQO1TaXR5Jfo0R10n16nWUBcNnjEUFKizftEF+KVRwJpLoSejFb12tnAdH/8eZwnpfLvFxK1sPhzVOGMo2p35NbwR91dDmNFOazjhomLDFFKFp2CIzsMvlQtAt48/MTO5osmeCz4J3a+r81s58iEHYBWVPrgY83MvVYWfW/zbBUfVBtBGH52Fb8tvVDaI5qBfFxJfYQ3PZgxZu7wXS8mJxTYY+iDc0mpXrX29/kd27RcQXN0RiSumnFo/pwd2cJpwDaOcVdjjtqB2rgYhMKAerGDbC6MJcrSdz5tERGD2UC7H54dFer7yfZcgKyYTGy+cEwc/RN4oaum0HHGo1no2ykb1ZBpxmQZzCm9rSuXnvcwOjYU6tfBj/aZr1SyzsO/nAu+qSE8QVv3pZF1l37eU8a2Cv190Oa61unyhBLSQtgkH1nAS1aavW8MsVnn+xpdxQk1IkmJNI7cZJIN+Gbq5W/KRBM9zbjU63/oozAhW8oNEOP5v5reAlpoY/2ffUeH6WYaYW2N0HiF+4Q1mF144gbDugpJr0bCvnbVA+tYEZgl+AX5IUEj0T7MLfYkz1olZz3et9kzcCnCPLatSpOChIJY7Xj/x5UABIH6Nhkdj5ETBSrR202gX34Na9GgKbp+Ka0cJo5kbEPM/2Nq0IzF8N6l0pfT519RagYD/WScSc74YDgCqzspsKaSLIfxRf1DizRqCbiEQcHCX8TzcFIxZr3+8w3mdVbfh8iIlbKGeuUB+51z7C7gsAIfKwxE41NrYT5NnMCcMk1CoJiJ4mAcjpOo4+WwTWAa3uljoXr2RGWa1ciSAVCDjbSYJmqXIJKcH3HnCk+asfwgfVHT2g+etXRVFKQDEOEotuSLSdmANWIMVqBuA4oufw/uRdWyD6W8TUKti2xSMW//+yfRm+3gyXzSixwT1buA1y+JgqWslbN0PsQ5JhkIgo2BiCf5PYOf9z2qOHdWcS4snkOFMgten2ZpgBc7UDfdE61Ibv7bEQIpndpChqow+WfBAzHiRp+BL83two7Lt4SRZ1wbZFpeUBbNXR4sor1vnyGM2Uv+L8YsrwfLF1UG1U2GZWI9DYAaPrYMnTobmB5x2dUhB4TKPeKts/l3Qu5Nb3hJQGfmnMEtnWKUnVPYFGwZnqBLieXikDusVJpu8ew1Oep1KmDrbRgsC6g1R14U7XX1hCOed0Gkayq3JJ5i7ds78YAcRo/RTDzG2ANnWXLd0q0cVURVWwmkKwYRu9uLI3BN79o+n0FV8Vs4roGjKqnrZ02MNqJiu77xmYrVnkSeqtU6NSbU9rDVLhFZ6G6Z+HC/nZ/LAbKrozeSLke/P6UWIk9UZigpYJATJSqHV4xPKXqyGhHQAHXAzjNj8eicGt+nDf6PMhDbmXQ/6N3l9NQUdE/t6gWrKU8u23zpvX1OqffRrrPUdWeROtr84R8Y4ks8Qs455lxLoN8f9OkjIDOO9icTvINAdk/nfMUu1pOd/YSiBnF+jZY5H7fzz9IQEFv+lV+LYoqHRAWXU0Ryc/nnb9cuza9GX+dzkuj78fRWXkXAqUfvf90nKTWAWPTQjenk/A/mE050YFOgxiATZDOehoFj/eNIlYavl7JscHyp7WI6Cca5jIFBZvoXASdFypc9QDfxf+WOcQCpn2Oc/Fr6Q243P3XWOEMFzYk85pLixLhXYSK1q0mlzL+hBMDwfo5chYb4TN+AvbUJlLTiS8WsbvB6Rfd6/PnK0f/Mq+mQsSOSl5ImhSc9F/JIZSKSf0hAyiERSVfwJDHxmdtfliHnF+L66u1OSAcdZQrlmH6I2zuPPDO+WMMwae5bIYLM6NZXUj23fi4wEZbdiN/7M3Q2JNQ6D/jS1HXGFMyJTusw6Pga6f/69jPdcir2WF5skiDiO040YUlh3HzOZ6ezmXhuggdTA9/dh5mP617mhPtzHSpLYGN/wo1YlKtUC0OFnB8d+Ynk/avwy7a2i3pyO63nu3U43JSb+mN05X9DBgFxLDGjQj9oI4BVInJM4dWYQ0NCkBL28gV1LXxfpcByMIYTQup7f75GGXN8LfUTpQ/61Ui9PN894td8vXktI7ceF1GViJRpDeIvRlzlMr+jQbeFQRjn0/NcOAAd7miRssEBdsjduF85ebk4t7KZmNFwAAAAAAGn+vgVtSAmzPiW+PmXsLmAMhYmB5/h0pze88UDjk4fZ391OQSdrVvsnjLJHnbodlElT0zVW3PryBWMjx7pUHbeLNQUytn0RuGhVTidZuNJxfFrUUxsQdoUb7nSYQnRFA0HhLjrOd8q12YyNf666Y3V79Zwd7Qqd/hUcJvohmRhuAfVAazyF64noqPfvbYlqMmHEzlw4BAQV9rxWEDGk+rkJ/QIXL7EgqMMfZ10TMqIKhposfZBtmv2cwKVNOvfAtyvc3RNh5XQwslvHe/6qR3R6Y2Q94BK624dL/C6/D4QBiki5bc5KnTmQ8HVaNd+NdZdsyluoaLfax4yNW/z5y8s2KPIFUrliHAphT68OtXYtG8Ah292gOmFqNAv6EgKTMq1XdpYnYZUYYAgAkB7Cm76/cl3P8DY/2EBawMYFVn36tD3Egno05gXUlowXoKyvcOXqp81OAv+ohkt1VYbY6IOyl7sqCKAUTirQXrKUhOTtN8lv2mHakJ4nSdwWm0iuVwk29vVhaEtw96R0X1EFAdw1BlkNs2A4YI429skJ/CnvZMFlL89YP6zg1UyQzcy4uBRaTU8VINmU2JDuTpUTkhlcthEl4jV/48bGmur8QmLnXXoJ/OmCp6fu3xhiV84mafWwhVs/ftAWyKxaHGstsTvwMEOjyYEUVhCVmTKb8orxHSpdsRf2haqZaSUaJq3layYtrTI8kUC9gGolewExnZ0jOkcSpTeViT9LQehyVZiKVMJvCYkENQb+1RUkiLKv/ULmyHbRQM9dsFIxM7fOQhV+X4ootk2y1LMsed4HYw4dj6v5PbQxNn0nfIRnmz+GvzHoCm3VZaXQ3T2sx6dz6AJdrBBoM4zKkXw25sYxHQchIweOl7u1jGO5W6WniewrYjEcOBQvW3k4ZHVFCgsorYW8CMqsOULI8rjgTkBnPdlk5hmWqO2cgvZBFyB+GvxE+l9P+xnIBetcJGIi+ftvK/Hd3uhyOCpDjFztEoy/HItwi6rwCLx1T8q0iJwn7qOeR0FtHGsmFC2NJjpuSo/cEvO8J9gcANQay0Iww0a0tf8cflhiZpCzpHhydTwj+yC84hZbjelA7yeA6MEYRDORfKYMlumnCT0hS4/Rlzj0/1pcLpPqhKi+MK9eXeeJsoAQLQ8AusY2c8Nrb2hNgMdAZfsLXWz11o2CXDwxMMIl0rX5+OBZR07q4wqRo/ra83zoOXSFVbUYEnjn6UQIX8X13GOiU8hLUZFnFAUnXYGXv+Av3Iml0lRmRGt1XHCsA558mTpFAUItV3l1gcT2sG/D0q3FIIS/fLibHUOoCcM6JOfLszMGk3tWSsFJgq+4OMnSII0RwKYBiceEecyFrPWL7Z+cXNRd6MmTHo1gcepY8I6tgUvXf1BTvHLdH+v3/P9HXM5PCGzLRtXIBMHBYnzEF80/SyVcCngBpMO647FHtP5GaOUqZKmgJlC6G9G4ern15c91FYLtKoHu4mciUbKBAp8GWbGcme4U+UFznLeOWuXCtDEY3Q6rd5m9yLMgsUUyv9bWwNa0s1Vc47Qe+Mzv/OlHByxw1ICasawCvMGWqg3AfZKqSeH8IvJ8EngnOt2A+qHTXF3iIuuDFICnwPUoub9ZFpda0P5BqRdhMR5EPp5vsgkEgZNdtwZnbvb8GvBMTNIOu55kRY4QjqpEzPLFvyjGRGjB0D8VgrDzV2snGNUnSDhFvQYvCfrUKmapfAC4wshr8t1MDPLS00LxWKcol2qv2GIvkkC7RY5uiQfn664oi+JRemcNKIKf9JfTpm7diqxp8GangC7fadJa2A9CIqMVK1L0BVzBX5Om2NoUO7X3qplOQZFJXccNkXzsJk6Kuu2kAY39/4v+1SxjS69Sns/2IyyGPmMXFGyl0LJ46OxaNdeyP7Pv4veyb9SUi6exo0rXhK+9FoRrpZBm1ARQnMOlim0BW7XGdaK779HOKA0KkwO+Kb8cBi0iMWpPgx42KrnKu7GQtsIuSSq+m+aSY5ZJpQdVD8qypijuM9GRRirEF2GPhn+zrHnOhhBNvhsDwiz5ZqRZhOzHCaXqsMxXO3T4dpO9o6DFxO8yjs29/2CRNUWzZQwe0GZ3Oht2IsttG8lvxq80TM5ZMcVphIxSnltmA/DnIIbE3gdYx7DHYqx0jYg6q/+WGVLFY6XKejiRnf34PeVGaF6ZK3Xdglg8ot9GpwxYtGkX2jJbRZfIriw+OE8/PWTKoD3X8BBQtrD479xE+rT1OkDC+ET53olhDWXJ/2NpIQ0qUR6KBURfCP/wwzwygrdw62rXWF50kUNNtKC1bUTD/OsIku+F29YBkHC4OkPp83ggg8xCjy3HdN+4ghq9+dt+vRlk2up7z5QjjeCH7zV6AkTFc56cd9Ker4xL4w5Uw5ZrcerZIiwtAlbGY92Eh+yG5Le9wkb1ASidFaKN1jX+Yt0X8GkbwDSDnJJ8OiS8GVc0zbV30wQNM1sg7Vz8u/E1KVBBQi8SMRcIOre30728aKbgFvy1se9Bnqe+wR3r0ixe0XwNg2Z9cHlmvm9XLnPCv7D/b+c5K+CzcDIOdOcBs7T1KRLZm8fRbM1QCJpTkjvaA7yCuRyLH/npZzmt+hjAVrf1ePu3wuNE3x/AlnChtDcmbC1KL91oAkRkl9knzDs9tskaqHTpDXVPNRW0/N8juQxuPv1QfEAIW4I5GWkFqOr/wnNN4xLOg6KUBkntyxd3GkDyFbD9y3Vob5DA1tJSZQ7h3mKkLAIldsWUkMg9IVDUNBuEaktWTOsdlj+Agw5sLLYEplTrHglwwNsh7p3rll5oiYZWC2kqwy2WZLK2ElKCXFQje/e68ZX78uTRWyb5G/iL3JQdGDO7fMaPEcO3ID4/QhYLB9NU3qqczIgk7j4d5GP0oCIrPDHuo3rAWKoLIDBBzZ13LQ+XORPmlygow6876gZGmY4CWESbZRlw8UAOBquwZUqia3kJLGXb7JJa7dE+gUcks/yuoRUP38DKFEkwAURPEFLjUzeS3vhDz5OrOJQCvRpYeCv5Ve7kV6h28Foz7+fN59iei8XJK1YIK6DuFjFbsiPcbenoMaPaFD/L2McoyKJqoOatRHqORgB3n2dh5VRcYYs9BXlPyfYmPmCVGiY+U4EcVR1nkDfoJw81MEWAnxFgAAAAAATX9KEIn9Wt2Neqjoq35BY8Rkqejl0KCP2aN8IXEsXymEI7OYOXux3Q6fhrZFyJ73F9/pLcpDLM1ciwLmqyCo39zW3BD+0Q3l7lOCyP7R+judFKDtkcJEz9kyI1GTzSvN8L4jQNkVX1zY3V6/Wro1mAgCCKHeTX45r2y9+vC5cpkJGxz/WJZqvlK5Y+oAvo8c+v7kktrW+EWvyaPnwfphE4JFeBTj3SbC5+TdEmG+ZpZM1MAgCFMK0YtLtL1xWdk/T0SGgIBNJPNejsV3x9hKwGnwQmyCnjDEhBnE4vec3pJY9j5ZqiPW6vR0vZbLCAf0GFz+6l+74PH8YI+muUgQeYapuovMLvmu+eyICVzRGMt5As4jIiSI/ArSRqbpRcUW9kGTtBu7vwUMPMMR4qWe/kREhTHw5XWaMhX2xqjdGc8uAHoqOPzwEWyNjjdzkS0/AN5p5sbJk+OOSc4VLQhKm0AjjzYM7cuBkN3DaoVZ63REsXeS+7Txjx7TD2Abvt0uiTH9cHadvFI/Hguim+dWgb3N/NG/aZoYeTGcu8XgOkygWQUNlOCtrwWnHH+vlW/obEt4xlXmopxCojrPIPhDaK66yX3ur1eTJQvgeAKsmz1Mz/q/JsQm5KWNlsyEeA5N/RHqr4FL8s3EZUYLE7Zk/U8Aah5xch2PtXPssmVvbd/k/saRNUmlYsyhylWdRdPmIpxAIH49o2gAoII1vEnXvGtXhR7xp9BMuLSUsBdqxlQlj7V4ORtTbgyWiiBKonYgZC4eOwLy3/QFi26sllv4xV2JlFAlgWsyQ85dzJs6PGjchAJM+qVNLq8gfFlO4KO6gQF8Iv/QPCUcCHDjDiNyGxCg4zIm22LX32ruziDiUA7H9w7nGL7GdVrLNtBm0qGxuXF+d9XI5+rOA3CaQvSqwrQm/VRahRhuf7nqEiAiVy7PHSEZPizrBNCAqhkcEpq7kw9d+wIst+hbsTnIlpCXPPNAcVCkzEVqMZVH4nBGb9D2p9x+Xa6XcapcYKax0bSgQ7tfoMsPCWlZ9g46QxGwEnzLxfc7ZR0m5xSQvDcBM/QuNoOX73UPSIe7+c8YOOLb6jyXhqjtd7JnX0boasO4LARMpbsTofphPNYUWkqY4glihMia/+NsnxdG7lLI65ezZz82u8EaWQC+hmS7kTWt09pNLrU5fOaEl1VgNF97GCvada5f4CUFmEJei0wpmLUlmISHouDULaO/vfIEiVeriYztif8LOiaWeobmvYdHZnkG2qRwLL9+YxQW37PRL4p3NM5zaCDj4dF1DFWxxlIzHqGtK6d0rV3ExQ5IzAI6/epDXCdGFQmIfk4Y3YZ/rGpFZrnSFVbYYhPrp0j4Yd69EnVpmtfQWEBGDXnvP7a9oroa3j/81Xj1M7rEUpQp1/s3GerZ2XoLu+UlxZmVJE2ANwkg/wSwwptEocj45NoWM5QbkriKb8G1ykZDwFZpDWprEhAik+WrFD7TQ+juxforFECdYxIb85U9Jrgaw5CswzcUqOAPJzWBe8ylo8aijnTVcn84M/iecjop0VB7rU3rTNefBtc2IpY9AJs98WtJS9jK2j4JqjUF1Bz3PYX5q9Fiziv7h0iLPQo6cAlXMot6VdjCDh2pk2pcyOZcJPF9Ej3/Vj2LD9IybQVzLFotN9jX9Ey/vfajh207n+mXIbA2W+Z247ursb3AI4DQYuUEu58Es+pieD7Y/WYpQnaVH0NioNVd4+QQj1gYpuheTCD2ZOP+/iDU6Q1f3QJJj93yrgyGulJRbrsX7vrFJFFh3qRaGWtswQa3jmjohYlrgiTEzQ4McohkGx3u8riYPqW4RaMNA2XTQz9aXQu3d4N+hQYA+TGwjTXGgkTjMg4nXDvJgOLxBW5ucmAjpPdTB9ilGPTeotRbWWCWbW0GuyXHtO+gnqR9lQwNlZouorRCAQfplOZIHG6a3vQl7PCs+fteUNNfn2DcBNjOw6dag0vvfkzgFHXEvC979LukBamoKJnGmbSu2PwdryR1vjaj1LOLOlWpBS4om/l2XIc63NWmvO3H2rw+A+g2JUBCB6RMsrezHU2rUS0jrJaSIuWUL+jKpJR7N46hKqSR9LA306aOSScuQx33lh9B80a1c+CMOTKEGx0TErIOe+8051azIZbplcJ8PnUOmdt7qHydJPjf1Eg5Kjo6RnR9fSKgdXeVjmRxj8S7C6Y4XLeisiyMIO5TP8bqRrZPaNVONGdr6vpg3G2WHHgZGAM4UT2B0C4UU5Bnysb+Vw2LfYok9h+2/OW2w2qHHgcCLcoxokKuok/xr8WbUjWMHcRttERDLbKKzpezDJIABttsbq0xUo/ZIwzrqTHVRwnPzkxpuh86Mg2L7njd5bGRHDDNROa4CZqfviZ5DZ6REzyzW1lHHUGtrNGbpkIbs3bU+GTj8yM7+o/2tj9/mS5icnSuwY6Q3iBJPJLRuVYxYwAlVRyw01uUEwBHWJ+ksBnCp/FuvAd2vVPCBWhs2JndQAQbbubqqEQ8xYeKMuNQr6annMbLVeXMAsqSsiRaaOMXf+AF9LA9flVG8xlKKO4etNf/93VjYPG0rgXGb+cHLIuU9uSiix8PbzUjvQTzEGY59EEB9a5SXqntiaUZAp5o2iCnXOCNsITOdpvMF1+XGMebNtfo8+uj1zPO0ZFG8TV3VfRUWgbFREY6RuN/z6ufLrKMozfkvL5xrJkXFWngNhI0boTI8VqpZN/1j1uIcXzSgC/BGyVXee2Fnt0DGkxxt2z4N9UhsNVvWbSKoxhiPZLozaOrKyTC7+XEwB2q6jSVqNV4uIP23qbgHZ0F+7SBZvs2PM9cZRkQbh3vjT19YliZZ4IDKj/8bSM+HsCVVqe6LrcDbkGVwa6LHu75zTho7vxKh7cw2bzbC088Ka6ytkpfM+I935ZGOSf8K+u0qSLCI4FVgZJ+Mfx8z6C2GDnOfHvoYfV9FodJC5gCZsMywi5JptYDaeruyzfelJesctE9fqhdqw/3izsUggpUbc7bOqoaRbpj4k/SAmVzrKmLTKpVLSs3XRrRtzOlD8kM02JZeUkiGizlAFtEo1MNbKCR7AbVymDEZHBE0FuIHKlK9FAkLq1+t5gbM8MXbKWx8NqlMPACeJQeEoGyZtKBYIlFWT5cH9rk/mEc5HQ19cq7HVZ6v2PNKGKaEr9SHipw04oO8VggXyRPayA0tfCb3i2iJlO/4Dt0lKINtoczYBAshWr1EDhjF453Lsr+fda4582zatrwDBJyPFkoQKH8E3S2AuOZmkT98A7YpSxFHP5/sAGn6ZaZnKf7PkmJxHlHWhMW67Ff2C+sxyaH8zJTUKbW6gq91K5A0/LibzECS9HPmOxSTzkpHAAlCXxiOWIPs6rdBedU8gzkz+7ZkVTisUw7X2q9lavK8a2+owHvIbuFm+YIVpWpsH6KxfNqvxr/M1WrM8opM5w5QnI92GH+UQktDwQ4XJNLEJn6g2+vxwJoO4wiEQ+oZg0A2r4QJYHxeHNxldgmuEAgdL1KovMNpnnvoclTizGDq26GTVGPnzzK6yY9Ef47KyZwxL6BnkBPwwbOKwtEB2m6z9U8pntLX5yQkjsggwhc/vdbe8GSJotgGkHAEetf+cdJprVzHi6AkGAmm8g0IYrocuH/EtXmi8fSUD1cg7ApQkRxXNX3x82NwFESKK28eXDycif28ywHZ80QdJe95gLuvDjGPd3Rhkc1uHB5SvpT4qHD2tWSh3OdKd78iIX3Nv5htb/4rmZ6+lnw9OksQi6f4qidVitHTaUi6rDiy//jVxu9gZXz77A2Qqzlb5km/JtnzFiXgID1APggX+2eCDtTOmL2QvPCtTuJKR2R4FX0evdxWivgkJgUMKFEg8thQUDaMfr9sksgc9S3F4nJFSbH6GSVxz51QN3GAeHnLCOqqv+z7qxm0BvG1w1ZeDNNcaDkUxe/7fnIBb15vGDNxJuOKkZsqicUa+DOMNLV4PvZTisrWeLj6iDV2e3fm3AmD2FQTIEhMG6w1onqwbdoTKdoAK9NvBmcG/IcTOcWFlj4Nndpl/glnbBeyztfGWaIswQJXHPrGnoG1Z4VcPg2e1WqRnjg92J1S0FwM8dJqhO6t4S0a+vuMn4cDmws0l3MvEUtIzxT8jiB3G6jQxY8lq/mwOjXEjXIgoUr0f1pqqsXbRiq2hvXL+p+UM4Ji5y1wGQVNhlyeegXKQA7GlhGmqWS9ImJS//CdTof1rdntO726eCebJOPVrResNHY0HPs9c7deEEwauDkBM16o/2VMCpLWNdnMsSPEUV3uCfdAAAAAASP9fAGD+ptVrUQY68wqgNaic7O+fUUMIrJFtPj7QwX6gwAaFKU/9oDWgt+/P4SXVyFGgUj4xTzn3QHIpfXSgaKGs2Bn8+bzrNWHDdegc8xAGUn8x9WWGjlvWnZPh/GzZDONodgVbyQEoLE5S97attWf4hRam+rui5cHpd6An2+EaqFAOV05FvMvgRXri0T+3RTako5HvZ2ZYJVKY2Tzr3vB2D/0XXW8yKUl+yRXDNs8Vgy16ndmjeWMjq+J5Jwc/+6dK678YC2ZxPNQLAfGsznqno4SyCLh56+R9lDVmHm4djy9Aj9vPZykIrceq9Aw9HNwEJ/oSOWs0gviUpIc4dd1Bl70E0iUU+ikY2+3KdBNLSLrtzm+wcvjY5yWxIOVKNzQlmoq4rM9Q9t5UEV3S7GyhJCZCC4W2lGm8HONcb98Jj3izW5q3c0vSgnx+Eo2uBN3gBV3Rk4sBdUtAbsqFjynk1leZUj84yEHg+VcDl9/1LeNbiA1cE8U4xFb2ij00UPvYpYLo3mU2HfXazo2fdcD3brWxRXAp79EEOCHQ0Jlwvl1QUzA1ubriJdvLtvMg/7ZqC6HVTS1CPz/8Wazso6AN/5xQh+gIp0AOBwaWM6BwZ9dkHmToCRmpp1Vunfni9sZmCzmqIYRG7UDzpEss4E4ychydEO4t5Br0laMkC06Qe7CeFL+b0GWyc9quhWQVItGDQgG6Rev9SbrVxdoLZzPhM+Ij6Wgsc60RoAim6ZcOnIeTL5dGWudPPW6RVAUoJxJjw+YzYaFAZdbmqBNUVfEDql4LI86mB9jdQNMJQNjfJshMx7RC6VwuCvNk9OfzAqfsTDiTsbjgDUL3DoiaTjP+dDePK6sJZ8Ae+9lRNxmX6v5PGh1akP+kwBGzW/5Ub7DEG23Yzwl7GW+9VSPisLkny1XAIjBwbtdi8xWDwdtLaSJ1So5zO78DZuGPRAzfsPejXlnCgM/X4gky7nA0hZYK8NReof5wNNUlnn91qIG2QJmEJnppTqTpAXeTMcGIZ2glAsgNcPyDuA1TDU5wWwz1bkGkrrP+rUTcED3uPO6ATmP7Mn5Tz1c2dhcc/iu85vQPgKrIRjsc2BWu1r/+scecE5Yz+bC9azx9EcHPPDUB2r40PpJQxonxExCdbAqIIBs+PypzR7Ug8oa9PZ6qxjVtHgxBSa6CT1z29pfsLwt88R1oK+zO9oXGQuQDbGQDFanEF5mQSIoFoRjNNXZ1PEBbJdBsBLqfleHHzCDyDG/TDjO4c51gC3Q8fBzLHHT5UxHzq+XXLEAhBmRVk9gJcXr6hj0nL4eiwJWBvUAuoOApRKFtArA0B06d0FkbGnUwN3dWb7jA+FjNgsRX//d782PiuO7N7Pg+gPZwS6wNyunWdxaVAkG4PxgtwVa88h0mqhqNFJ/51q4+e6gZeQMn3RrlSFM4ASMkFpisfjU6RTApPmMI06rR8bu02OC4AlsHkKJJlSmVCTxY629MxU6QqxcSsouY1xmqtDKyVkdS3ebDvv57KvdtAhvwPvCzXK3Q5GI5GQRQqvx8Uoqs6JZ6edfwAaC8FuBANgdMIDxzkVpmN9+u5cj6CezSRgyugYO4Z/8tagxUtcIyaZwuJxCF+5Qw+ljhiQfBrwkjTs4/4v3R4F8Z7i2A338GGAiWa6Qyl2RqfzHzZl/5qnUvKfxDgOkq/zAul5JbaxI8VUpjPCsQB+EycOxTbtprpd3DW0XzUvOTCd9s/M9dz/6ET0AQB0QRnkLrt2DetjN9ZFbtnW8ukdVYu7ATDORZXTynugynnzqA8voCDCa8A/Knti2T3d/dwzIyGrNqE4fC884wHSMBLdGq1pYcBNEYC4hWV/ag5K4X6rwdk7tRXeIaPoKsPAAA7dBF37HTOTcCnEmJg5cf5M9PzDaKNpKeq5Ydl7mIWNJL8/KTKNJ4l2SRJjxC+GZBCjaZNfsdjEni7F36vHQ8jgLl86FgknOsFE5s0+ebb4jcHZm0OXW1TVe/fYv3H0IKW+qiDP6yJ5Hutor7dNkKjIBpg8UzsDeSsL2C+awoiR+Ojqb+Cl09r8qUfO6Bxx75JohwA3Pw6Vvw8VxbwNhPBZ1ZN/FhX/6n6IlfFtUH9L0q2qOyVBlPLE89/icAk/kbelzH6YkNPO8Oit/uL0hyWsdWNK3tNvLaMqCmHN+utmr1a5Hp0vOxT+hevqHkIuFXwP7A0GZ5OX6R7T335Jet00EOKDX6Q5Q4nTdjRPXPj5/S+qfXsj64JpsTD6QzhKwyBTx4yV8lTR1dB1fha4l3G3WKOrRnUJ9ut4XIUo3dfOSRgaWP6VrnRZNM5W1tkagmLpqPevLXfLQ6EPMeBP4ywxQkUyXqS9zaJS8t4dPmvtc9VqDC/GcD/laVU1AjMCkyNIsF6qbMP9fBdRZOU3spjx3L+TxxtZLXu7NNmOKO96AUk9m/3BH7bnOAuVrTv0Evkb1IqnGHMilbmaQ8+iB5wdsqF8lfUUcS6xGBDuFs2EAPtDOwWt8WRRjrJ+FSZG2ruph430jcvNZaHuQlPUvJEoDHCc0DY0olA54hgzAkPJJkgClZeOpELNbHahJnI1YzC+mpthxng4bf2mZT2018o5ilsveUA5XNu07RQMyqr9okEMDaLZAWox9cMHZkFuCdGH6Bk1PYH80Zrm/9fL0L5ocLU8WTjvXx9A/Q+Hg2RX8mHu/fHFKan8URc3dSUG1s3P++XOyqTrWDTcR5aU1vEGoyURdqsqW1VYB1tkyfsNVKPwdVYx0W16MKW4b0gImgwSVGHUyZ55uocQwmcDcCtT7mA163/QTIQr8VQ19mYCORtkJTvp8SJ2aAB2jRsdxANdd8h7IS/l/9Lxd7b0gor86t6mzE0lR2Ug2frm3HQU09Jw1pKhSIZVR2zlhbw/4Kf3QdPISZJ6HZGT4GaTW2wpQeYyLZMpZEF/ZkWXzt7QAGzGxR3l24EnUkraMB6ltODZmFcXVPbSLrMCtx+hLHgZSLcbLK4PtRg4AFi4kIKcRWYdiurLzTRH1vt2gDyeFJGdvym7L1c1gLq9evnroP2gCWLj3Onyb1eSliNL7PJDvuOLO3Xsi2aKxZ8INdlD+yTGeXSp0BxvBTZPkg9rJnogR6Dn/7boFQaH5Rch6U2xpppYUGy3b7ioDB8liRPLIjHC8p0UJXMjeXosg5W/kvqkxwtNRlyCG63uWD1c20Aip72NRAaWqMXI0aNkOOjxVMyAeb8U+fBGDdzC6jp6YEZ8GG3mmE4MMNesweby5RMY8HnN+HHox31PiT52MMHZWA3YTQo4K2FfuGhYczF/5LFU+3heS/WFDfyPdIIBhIGj1HmV0WfNQxggzYbzBE9WWlK2d/STxQZZ39m50Ur0aFPkP3/s+Xr5e0+SkbLQbdkwc+AA757i8eC0HKKR/lEF/+18CGFkmIvlKHowuNRDGOLJiZT1P+OA9vW6lrmMDWQOciJMkkSC65GieC3HpoBo8pPtoPC5E4+U4K4tDsToyWPQPOQQE5TYtiN+DYl7YeOI4FVrHDuuFE4iRZPFVHH4M4G1IC+0YeXWX8v/fhUhOipiD4U7bKoecf2LPtqnmAPGXLMmwBz1uuwMpvAyDTaIqhlaVjZEsBuRLpcDNr1VUMp9+YZOKofD9yaGRaHd49OXrOlVgLKapEJsgx/VTtAzSQevXRs4wFFhls27g/GF1nR+Ym2HvAW2CfDEK+tjPrTePWCYGaT2GNPVVOjiZeu/88xfshkQVZIcrloUvSMHZJozLhITxahKI4iC4zLyvaTEUHag2X2XweyzUi6cC4b+aI9+5Pq3p6hGcu/Hai6UiRzigFKI8DuJDzsroum9amMlPgl901sL1yWL+aT13jGbZcvZrPv2cGCpEdYl0bsP7iTbQg2dmbNae97tZPg6rRaAIwgOrULhEKhlsJyXoxiQd8Z/o/8s0uRzlR0kFPjpjJk6JiwB0DJhVi+s3jii5xE/56bfsVBhzwx1RUgfoCzMkn2OgRzmvbOkgCiCba/7+KenDyEH5iJ73yJgDUU7yJppcGk4EgM1BCg5X5E+fZRFyFcvPM8ctBU5aLv82s3E1pmpug9VLGCa5P9I6cAwOogoLXocyewSmqUxMDpEkDVGoNqyLqk90OqIn74tJkXjE04HxDqlFN2QYaV69BZ/Z7VY9GSSeb43KmrubHpBJuY92IH/99qHgeAzR6PezwOIzRkhPUFS3GpjtAj7CbMAS/4zPhKrKf1ynFW6SJKb6rrlB7sKBwT2l2bvKiweXPdIDrngNEjF9Ch9iNFHIVe6v8KZ+r1rSJUWZKwY+YOlCbbzL8OWlbH3i6DH3XUal3NXwao7NIAKq9QZHuNPET3L/SJ6jZSgIIuLXD9GvKq1fry2hrrqboUvwCM/HLRewOI7qsE3VFIj4P0ZFXnYkct34xdPHy8m8AIWFzYYgv4vye0Y/M/VgOWCs2AXJxlta01NCcnGmcUtFffvjlCVpjMnehvkvtE/AnyGDoGTZvalRoVA5RRDMg/VQJY60BPMQ8y6wEYDeFC/Gz5Vgbh67nGU0PHtV+IH945qsRQ2iY8h2cBrM1z20PV2W3U4M9+95r9EDEdAMr+ZpsdrpFM7Dpk3w1vwroTKqQwzOm7NpXvpNz2WGtTMfCKOahbYP4uR6IZC46NAznyansCHKbDMVsUuueHpYhv8g/gTfhGNbZcccRwLdkZNWyq9HreDvNHzmr0qe9sGLjEPUeaMXotA/A9I1pbRtacctNzXP7rfestQnHnAuYrtMClYjS7w1FvaiwQx73PPi6lWkP3cNvLx+snpD3WtDKYQKaerHUt2rQHFMRM6I127Szf6g8B3NspwwcLGvaFbuKi9SKeHZCgA2udla+2Njid3Nk9gCjzXzX3CS5V+K116QsB3z78q3IyUCiZY5QfgfmIssAIX+na/s1phAcV+/RKsLsmYd1c50au2HRksB13isQLGYLuad2679MRiwIMhlV0epaIgXf4WdXO/kDuuXYeFg9L18CiBE9OZBot2CXVOJD1lYq6deXTl+Z1BkAUTrnGB2occEFzn67JyNAx+AeoGBWbmMsqCkMZzBrn0npf9GVMiqMN7PY5DE4TKzDEw9xxt0OQzENvWM0b+/tKmiIzotlriJMQN3b7jFIRvQG/foHSyAGP7/yu8FUKsWtr4rKpG0KYBD2bIfgzdNaG9o4DhTjT46hys+FNTz5rXkn2dbfEd2BRA5f0xqzni8XNMiLjEcBoowN/0JA6yvDQka3u+WR+U+BJx9p++o1UDv7zxZVa063Dhy9XiYLu4M6ZrDh7PonIU8CYWv8aqrRGNX2J+36z++emXzaMGlnb1/ofNDm56p9695SOzfkjT+7WXqhpxn6bIVOto9CG/5y6vK4Ko6gv3BOF4DKq4tm86oJ36gi+v9OXZXy8tJgQxhmjUtnL+SsmtcX9pT1smjvtZ58wF4tjUsylgAv9x9HtYxuBRSUiD+CtWQT5gkt/yrx9kRpk6qFHv3LNbTua+rH0qRuwjY1FUxOlydxamOrnvhrvrDCw7froR8yJGeIGsXmOVrbY0JEJ++nKhsL78SQKr+3OpIgk8ibbh4Bs6ln/a463U8sDST1qlwVM3vCeMrBg40Dtr/E3HSXcMxt7anf/faNV+bGXo1GKtGbuJAb4ZItWy6mHT2flIrFRPK3MgGPNc9t2nMV65eZe5XfrXyyTmatZPflXwhXjtG+C3tHG0GxLvwV1mMOB0sio8uWgT9o83lBdElFE/hRZC0AvbaVjfzxsjMkeJjGQs+8sv8hKfPgM+o4RonAySNJX6AAAAAOf9KE+n+5b4ePv+jaYp8WLs+uNw7KvhGri0JtMLpGhhbX3V4B43GsnDxCWAx+hOuyVej2i+qu4lN5yStsUejgCiXQAzJTZLYapAZw9zwvZnoJMoGjQYe3i10fNwQ5BUd9hlWpWRysu+sLiPSXeR2hU5GcK7EZB/0JQBsLi0vtyfQ3erzqEngw5F6XzVfrywYIg9CoSzPHSmLTSz33vK4MDru4tKBrnFFLsQpdlTXa4lvb2EzTspRNervlqiTlkRmcj7M1HFMCe0L7tBGsL+Rl67iCM72x5Fwxu+QfNviyDEhc2CTT9Waj/mbmO63vv6LBj7uY6XwrRRzku8syxVDlU7zPDu6z6HKFWX+DPmm2h9TqFekfr82vdyxGgCqYUGVA4rZOKPTo2cdAZr5daF8BXHkXw8jOFSp/szgT6XmUEnFLvRJvFNNV26W9vweyq2R199r3bcAeP+h1odGFDI2RXocd/uNoKfzVODXuVluUUNcxO4EscpluNOK5cIdrVDjzgb+HE5s/h3o62Z6uKB4aD2LW7XlXHAF3rrgEjacn/92/PUc+DaTotXRauaGcVupgZ4dLd3GR/A9MYIsaKs1aiKGjlMIOsf1FYHNNyIVont0+n5aZ8rre6JbnXiQz7+2NilElxX6oEivqnHhfxyDkJEw1CLKtNcQXYFzWfuuvP6dSHdllsaDKEhGn98lLgprS9tnCqRP6EnNfZorwaRk85xuv56hXLx82D3uSvWVBOvlFkHqsZazuwLsAnLDnqwWEupZuqUa4+WBN7hO8+Kwr5Izr/Jb+JUW65In+6qGx8oLJV38FCj/TNiEpB1E1e1GROQg26NrMvTNQ2Huh+P5zJ2vrE0CIw/h1oTjA9lONLKeUmB2FU+VVmeG+8u7p+bir3DbgWxIL2boFcVNfWvjREs0M2j5fBayDfIkwvju5LK+nk6sIGbypQWy1ZRLOTbcD+YlLQ8TKeZueVMsYX22YArzs+2fGymETOt8VXN561AT9qMyduOTmbIJ+yyr4HwvTLrAnbrc+nC6i+I4XgnWHTwPBp86Y6ROZ068xCI9Htvawa4Mljqn6YuzRjv48meyszKr1uoaC7wjAhX976u3jnW5/bidSlNpXeX9p13ffErFXl4KOA++AryHYYUXd/yAbbEnrmRrDYJf9apapLFlHC8vyk954eWGOvb8LW4K0z+znexg97cfF7PE3qq8FCUI23e1nbN7RXdDXlRlFmZNNqUgX89e6a8MCPmWWUyp3wScRsGMObWRXvJvdJ6N6j4uKCGlx6N1T09h9qgE6dYFkAFanRwrjjFC7L0LOVAuVmtG/YsehWc6DOWn3cShKSVYt5eY6+lwQZRsKyUt802sagDB2IEaZYuccfbV2AZN7uNm78wrh7gP0QH1wICkx1yqV/y4BXTT1xpnFG5ZNqz1Y6NRtIijiUZNT07clJLhisxrnT9R+qV5M17WsefR59Jv8QpFOqLNJxu8hb1yn9TX3ieKNXlQ1bJXIxRcAaqkuLcipocTH/zFlxVSVqID/RttK6DumC33ToEoIJHwgy8MnRVCuPGXkSBDlV7mvz7kg/TZIt+UPExD+DSmJvTkUwlssecOYqGO4Z9XoeDzf1QE27Y86oDzA6dPkq//td4M8GImldFy/28DKDF7+z88USmLBbXRoN2Nr2yA/Cu7Dp6OcBBFFJFat7CdFBuk6pzjedJLv48Pjyy3qjj6OsmSHvLQaQNWcPt6UsVs3t3nEsock1lVImTNdvyjBefdPMUWZabBT2Yi4Zk6/bt18K9WoEAXuUS62SbcW+8muOvgT/gH9FFHCjNVDqbMEX4MJ7yviUkwGrMtrI35eb2Rm2sqxDd2Kz8zIgegnh1F3KKXy27MQsHkAUjLvPG/VW2nNjZpmdOAwO3lV6YS8kfwU5s/bJZ4RjnXDu0E2HcAjqI9R0yiMP15q5lmCrYAysVoBjtUoDkbkwu7mAO8EImfDK4Q4bLEkFj7ZFmTdo3prJgjKXmlqrXdldRiSWMl573I+1skhS+y1ZejNymGjAbEMSv133zn6RhBUzrhz+17+tUhY4jjuGRzaGbtniW8y2KcUevQb9EHR22oOtrsqF8svKQgOgWbLfNat7zZ9uCkSTOKjeynWYzhjIBY8IRUPm0PXXfCFneoo85pJaQzPUjCA5YIgpm0GNSDQolbE2E2BMIijtRz/TseOHjqi/P9wgVH08PpJmQE9rQZCi4gGXex5qzbLLrJwAIu88z6k0RR7wznNbM/AZDUEsAu9jpXBFSNpTzVb7HHGuQ50ITK+8+yzGU4TVZycoqNfxFlILcc7T0jOAnAz82e3tnlMs9XOpPi7MLz7wVZOuzGCcc9K5mCIAzPLIxRORaiX4LpS92gSUg9peIfB72sBzZs9mdM+aLSBSfnH/4VdgFi8rKPRVUKY0lXGVddPH22xdRESIxBl59LIhZT9NrDem34L8aVkabWrhcoEVjlx4zWMcl4Q7+QntnW5Mx0+GzasvTz8ubMkV2ZJh2kne3Y9E++tHawfP5YvkTJ87CuzJJ372m10h8HSCVo9xf+Kx/gOnLOxc0DE4kXA+H5+LqyG++ldKuGqP7sNENhzgal3iH4oEIyoAF29Lc7DhfIxxlLdxHUS6uSc9eMulbFPRCGSYWQ7ey3exzdBpPdUkQZZUZiVoveGW0Rii/5Vw1zw8gvX8jE8n75oVyUlBRtHMW7vVLlkuDf+boR8Iu7JnpZkutYlR+RhAz1+H+b5TYu5romsF58hZzsvXruBdh/pDR2mo032AdIrjz6yK/X/m9SeJHR0RAuCubhu90NKlFH9uGQfgwv8H2j4N9HbBHNKHhe+vG2LrmVLNcd8m04dfzZPM8X73gMPikZhA6pPsEZXAgCO2iND36TDGqt1n3ne3VsEfqTUmhZY740Jyk/7xBG+MADyCptFrrPgLGn355D8dvORgd36ODeEQcAyLSDzrEp49ucesb98HYrgxp5mtGvysdwJPs0GpqaHJ8+weHmMpl9hkP1VnB5Au6Qg/vTe/QKVEXZ2rDvGe7lUcWUJuD1s/Z/vVs2iSHns4sKn+zAFrcFyEoTzr+nrgKicU99LpDF5bpMXcdUD4opmwp2dvvOVjgOgxmrJSFBColeCBJUx33OgmcentIhEaC1KqypyKxVs8mC/VWYQZ75w5HWmkbxYJCE97FsOc6i2rNjwRW1WQl9JKOaK8Eg4bzeaVfBOq9lMx12f1H8oxHN4OdnbCto2Y966aUp3GrVWozCCw/WuejP2WQKmjK+/T2WNDNCymHiWdUCZhVpedP+X4/CSNOy/HctXrNAf+4uwPhTqXHHaSWMu0+C5/svt9t5PzhlL3wYQysrk4Pixuj5WrWgAbmd7+rwbvEJpNnbsCNloNNHoz3RVJ3DnoUOEGH8GeoDiVWQOniaY9kuGGpu8tJoa4xHd4kp/aVzvhGIslIu+rykghtK68KoBLpzDvBsFhj9wCIbOPe0656V3b7hHVLWyfSJgL/bda3tUkSscMuNKLEqvTY7qLPa/vF72MoS5hGTqiNvagdMrK7jNDQbaEKL4KxMDidqpjRTHm33RExYUj124kPBSRlLrpG8sVqaAV6LAfDUadHcOWkwNeKxZmykNPipsSHAI5Yue0zlX07OFYp4f6ZMy3WqIL8+XghWJzZ1hIOWh7qA8wjpIBAUi/AnPQSvHDsUVhtHd1HVmD06LxJjIM2m1KgUceg9Y0I4lbCkqAyadUme2qnpROYgr+y7DOASLZk5XM4+Lk16FLLaNsI1zPOwH3hNngTNOip1Gn7zno5d7Rrzi9sM/9LP4poXk4/OBNBBs366+jqDSGBiT5oHzfIZhV+3MqWIiwUFxJe66hd7P4+nK+Kwrim/V1dp8yADZFU5AHBvLJ1TnLD3DjwauZk40Ob7VM1VJfbch8yWcmmVV5ItAx+CpAQ/GW/Rj//VS41oyD18doXEJVV/O9cGGxfxYsKTifVYoXpqk6XcrJMopp/oayJoModenfFBXGOvs6+Tr6qsk1J8KjTQqnWE4z2GuIEZ4XmIEfmm79citAas1AZbWKUmUMMCSlB7gXyNrQnK+qe+BcPAqsh/a3NcxJ7YBYocdCCzUjAT9CmiyVDpeabXolomirDOGuZNkoWWhU9tRJ2PyOIX4n6mCVuATSDyAYmQZC7Ecouw3/tUOThkTIj2PTlcz748V6AxPKvVAaYZGUiNGgc/8nShuZowJkyUEffQd0NQUDuvqeW8XSHyBmaraCNEsQSm/HCD8smIuegaeQYSXKspXrfF/EhPuigdOa/y3ENVysR+m0sD5gwCFaYBDHqP3H943ml6JqCWUdCMJ4DGRru7nu2+Vu9BJQ5e2nK7whIRaEsKnSkoslyhtCcAZDXonVCeO1tyZ8+kzatG0tcjlPL1LzalwRDj3wHERoiTgSGCssrJ0vdR3mW/5uurTpm65nLQRF+VU9GP34N/GmMTIkIwRugB4JowinqFy9894Yv8iWelnZqeVn4BjumMq4D5k8YG6YlnlACtZFhOWK/Hx/oc9vP4206tfp6q4M7KCp5cBxzWDO56R0Cu+f30V6KO4U1Z2rEE/C5FLkt5Ea1qMByy5gSuSOpgbXxFLupcUEHZvm3VxeevH9Q18uP8aRgImbWA0qPBK4Xn1mffeHw14vBhY0OAHhP1H2SfSdFcJpooY/CF7HQci+hPmw6t1JvYVlQckOnuaMTmvlPeyE97kgEp/UQWNg3MK9q29iz/FEb6iT0XzTsn44p7vmev3BOr0C87jDb8uYCzLoibCNSEXwCC5sXQGVdm4YEvzlwW2EYAlqNqddgYCbprFvH441G4QjifkcM+CeMwvcr479nU/G3iAjdjeyI1efzicBDXF/E1eRfs2NiGs4UvueZ1WYQ2VaSYk+0J611axEy43aeTeOfFOLhc1SQSEfviVyCYG7xnBIyXppX3jWx7Umg5q42Nvd59+3U27aibul4xWhsh+UzCIiPgH51zfNi6/4INuJiA6uXmw5zdyiVI0sA+PGmbFGZkBgH+qM8+YTqrfiICWO7q6ZFICsUSR5oOWzjn3DK+tbgbkB6WxTh1UCFEE4Xu0DY+Ec6oNUl4VSqqLJ6MGiqO1Vxkb1jn8lVy3w+QcgrSTB8mOfzO4ciddS+eA1oIn35QkilFkjq4HHLusGYQqZPghPfETOqzGm36OiNWRXptdEwNDphBNhH78hZSytb6biQ7TGsebFw7XbSq3uIKtJMY1IxjcpxwsKAOy7xvdf0lkKGwbxZ8kvf0p2q1p38ZgGHmY/Jt+NIRXu80gJkwJbloEdaUZK1wB3uKE7Nd2KjMwMRlnENVxEWbqQbxK5OrJ3OeJ9yhK3utV3wkH+AH0DR1ZYT0g9DHiNMIWKyTcwoky7fHzkkJW4+XJfDRNzYhW6dX7LWBGC5gvAoOrzOeAPtdkJSDJae31KVOKfnmqxcX3XmXZjYkBGF8hrwvglFP4fIQGFFN3dlk5oozCov2fT5Mt1q8DY5GxX61fq9u5LfcjRnzK4kYKfbV/JdCtqmPpS5+Iu5f/jc5KqZAhbTdH19h00tOBguEnbV+RX549bubXDRdVbUIIFe0Rl9q3V7XRBtDZkDcH5bPylgqvNSAYzdobOZRf2jD9EDchaWyz6NJNJBHpqEcOY31onOIrkD+qk6E4CfUK6iAAkjdONJQCPcQvm4oXBy+OYITawoHu2engIC4lwn813d+TjGEiluNi1jEfokTTt5oOdnZDQpEDXs2S8uNDJPbPpyXsJJ0h9Sw2C3ZBZ7KFL+znlyXWfIYPT+yuoZbf/0a0VUnEQI7VYxM6Qn9q0syLAmv2qkosptwtYZ08NhY5LIHZOnw4/mylt1Buq3gRjeVB1w3YPqp1fdmQxDwL/2J0LOKJv/JW9wox5BcAQZzlEvYavKT+10RuHDUxFl4mYo1/YVv2+V7g0ZAIkW/LWpggyBdo958VMIqQpUmTL8OHCh/PE1IAAAAFt+eK9+G7e1armrjKZNN55IwH+ac+p88nH4EwC0wLmvdYT4S8qcNaSCg2Xgg5JxTJ+hX6tvk8L361f3Jsjn4RUQSF/qDetP7sMbL+ly+n1BW6Jsha3Ng16BI4cTUo8pnW8XHnI8vhbBVYNhZmI8byNaCzXPsy65702PlZcupRbYizHILZ/BoRh6Ea3qwyk4JafnPpKUpaCqc/4BusrPjf4ggdS1ozQmXQfV1HXhiBjCTl9fCeMw6JhzKH/jbV4fQUYFgZsZGRT7Ym1+huy9rQywFowKFTEwJmQZXX/7+HQCZaUjJFUQq06uR/cO7tCuXSXkD+Q4Wb8ZFtG/U4H+BIn/tY5a0AIEd81dqBCVuq2onO/QCex0qCQeh3gGAC61i93lBRBBZsTQ88noxHyoMQXaYkRruIIqjJ9dv9YQnaI7Qs0Nhc9Ke+Ym87VOLFR/pjo6DddlNooyIbfpHChrZXJYEQS11kobkIoLYAxdEpkXzk75eRXkdri8pIKLogKdsQsEKjEj83SbAlerSpc4+fc793kYSfst9Pm8UtPgN3TyqJesJiZ5mqaPjLMnAlRHtATl+wgjdTKByKRljgLhe396MEWqk/JQQUsbNJrTKJJynSsejFCAF/+qhIAQrudoX64hfIh1UsTSfjyMRX7x4sDpo5XLNBU1ZGiueefaoVGY928hXyORZPWiLwUM5C+mJQTfOix+cMdncP65ozm/JaxLsdh466nMab0noJRQkWyM06lI+GHv/ZfC/VnMrhnF1IdzbuPSOgpXtu3FDb6OONOcgnbmCxdjD48DavXqO06ivk2q6wn06d96PocJQtEVDPcYn2W7dlwPuJ+u9QXPeovqtpZVri5GXzepjyRmITBztG2JMGxznmTgfOQqhqjgIdr836k5rsUSY7iU7ZuZ8uUL8ltopNAhHrfaIvSEfKC2aMMEdmKnP/v5ekAJQ2WXxKuoinRW5NczGtu0o4wby02UnjwbZ9jeV0q/5r+2rTUim3Vtd1mAkT1heWyoSgACWWIlmGPCGXneg/TcIohLRuYLcbJO6dg3C3msTj0NpBHaKL7AWzxwr20GVHD+FFhtvuaHBmiGpjfch+2DMAln5cWNWMgm3gI88COI4xgc/8IndFrRYrkx0chTJ2K8mLUCexYPS5dyHbPLOg93x5LurnfpTJxFnaPD72P47jeWMTwdEHC6AU3f5ue6Qnyhll2a+pFptTumshzC+8RFudP5XDJesVFH3Ra0pjNwrhykfabCvOSSfBJ8duuuGgPoMmp5Apj2HCx3ZEyVoUJnyfNi0yHZLwsbD/VtloiJRENgeLrsMkOeW6Q9+6WvOPdy77hdDLhvsyoao3YS/MLuvojbC5ZZkpuwkqEKnvXaZI2v/d4s49aENBYTo851AnkseBKaY+wsmjR9yYU6778we7c880YeQv1dinkRtYeojlmTQRjuqUnl1uU/Bd2OGNrxSt4gxcvmLY4jhakGrPVyqZovsJPwPEBUviMmxH3UofgKML79a1hRjzo0m3YTXU5rbKeEjlWRbByGm20fYgK/l+ToerGOmc3DRlZ5F29XM6JhYemjKlx1+Nb94NENzDTErNTsW5zpFGIY4HQ8iBaZyz6QLRch/R3e/dBHs+sgt/58cR0CVDa/lArTuY2ckkzb+lKKh0uwlTwEAdcYvEaNECH4nOfH3XgJQcj+Tad2TCbwzGC858g15tIhMcfOFQeqNKtdcBfJXF5ZwHQ4iMiYZEykvsYc0KNmXHX+MJV1WWcUSkmpwGvrgMeqWYZjJztnbxFHQrjzKoXZXvhXsW0d5gcVqsAOx7Pnn8fFpKHGhmx37bdm5jusEQhjzNyEJw6YKwO37ftscrSOjAA25GT1ei3vj4RdB5pw1oujBGamLjYgk7nYXOJrKACPsxPH/9MbHoabRyeem7N6x+x1iXTPm2zoYoCkSs8lsedMs1001Yv+P5lX8nmwlM+TdB3Jyzp9TYV+7gOCI3lcQ8XbNDwcIRZNT7jGQNURCMI2TWM7FsvomNNdfFmbAdWtqCdjlwS9KJRHi5JRaHErjvbxdVI9BH33HZiNQ+LletzwE20JBXz55eGAhphKZCcAYo8dtBOe2vzVN8AIuUzXL/+oRgdg9ye58Zij6cY7zsgpJjpcmnCLLZoTXZqQe4qDiBvu1Br4BLU0ya1FKSGSGCrQaOh9ueLhUZQglrlFJ1nD7U6leA1S1IKD4gs7vviyrWNA/RVOegK1LfItwsRBEwiN3i8CO1BT+eDL70iCR924Kg0R+mkQDRAaCvU/igftfmepMc4D6OnJkF8pgPcRXDLd1oaW9SOm76G5O7dboTBXLyZjfuWnT0bZAOoegXRm2ciq7AqaumPn0OBrdpNX0qRZ6gAJ5R3rFxc1DD9k5EE16bCaf02soZ2zKPubTsu7G2PpGdOGxeFYpKqpWNyUM0kRrrl3Db1XGd8PajZleGgmRzyowUvATs3pPEvqCNUXIZ8DMN6I2FbK+9TmD6ouiSJPK1KeYiiB7rAcqwRC/OX9oAuUNovJoG/fR/CsJzgkJSZUI1eniBT4vvOXEKVP4i0cROz+g+QizkI0gz+Uh3SnbYk/Ae3LsmGn1zA/2MZ4eLfHPCC7LrV2rmdd3hUObH4Il3ZQDz4XOMCaw8QoLEEWPQYAKnqYnCQxAXepgfzIjSVPZEQ0OFaK0RRPjqjetbnziEhQjQrr6QPPJnfwl5XXyFpQsqeho6xi8jyxRlFW32sxrkd6yjRWO6redAUXxbe3+3kzLXJ9Hni/ke9emJ3Rdl0UAgTk1j8Ma2dvWZTxPk0zpTLB5ZmsQg0Qm8F7luVrPq6ICK/e0nUk4BuJKPGwHhfiLt9RGe87sJe3FJFOAhQRg6M2vbLmxXz234nJJDeNEcMCQxK5Ag1heg6CLfYmazf9QJT/Qap3RMfJl4WHplRO0dPNqXyb3KPncJUdfH3AhQSAE630TEZmLNUX8/uHwbLZ2I322+DBftY9ggDltoRZsuo2yD8qNvRyGwJ5GUHOtTxx+GL05LR4sH4wNaOO9xDnelgkvZ2W4pRO3G8+FsOZ5SY0Rj5V1bnq8qYLDfsoy0PCEub3m+42Atj+FHpTlFLp4Lub2BjeMpNYqYK5kyvf2B6++tpVJOLGtZdhjolvkg4cp/pSBFtBspKqzJam4Ric+9nORma9x8rQT9h3WN3JZYKD2xT8sUkc80p5qavhCDfFusyyXsbPmcI3ktLyo04BbPWgq8iOt3XhtCiFHMVsTzlyz6LpZWj11hIF45WrcHpxdDY+t35qwi+v7yeg+ZqBAP4gGez3+bnfYvuFljMWPGwGhZy1mg5Mvl0vwOLixDzsZNPZLKj6ibwYAezobzE5/dYNCbd/O+OoV8rDFAnsS7VHB+MzPaD7Zlo6R3+Llbv+FluuEn1JRPVqoFzCQHVZeKJacimSErjrmbNLzmXvn+hHN9GioRtdZX9C5+f54Dl5m2B5y92PmkylMomPaqQOS8eVs5oCEDcyi4e6bSs2PQ23Mith2R4p4nSpbpH+2x6K3Hj4ix5YquPtXUUG6nKdUQK4yDsvgwjzhOHveeH+2GWDqThKvVBCEvlSUqnSjKWN2aNq6wd+dLYQvKghOqru4zyvcO5p3vXL5cdaoiASVR7JqyQZRube+iWUy0VwI0vI0hQqKrlCuWT0nlIaoRt80eGQYb1hnXCIMgsGfhUNqwcBTw8uZL7OHmsJMn7Uoi1ihBkmaSTSA0cZTT7fraI6Su1/XYgKZkxm1dLbCnmlThDJohlUryDAOGxc6OW53ByjQX87ylsZ0F6+k+V6lLQ/px0pj53EiMWh1yqyU97OHeZPKbDviiCxJRrrKIjda/nI6J4k1I1pbzF9Dg02liLrawmlUBIa8YpVRIwgt5jLvxLKf8/JAX9s8sJ8UHy9GdPXQkSPSS2f1QQsebN+JC7UeJXHtCfExyCDIrytDg6surJTIuiw6zlmjSSw83NvgC0HdjCf1ULX84QUIW8krc9mCCkSmPE0u80u23zv86w+Ot3ipzu42UtaDhHyPa/JCscQqZ6/B3iksvDQINFntOFFZhzSoltcxDFnA4pAVesjFfuIcjiheAcCT/YzmKQgaCWxw50m/T69qZpkLFgmoLfTENkIm9rQZb39EoqrgZSG1fcJpSe4ADKM3RqxeGTvhZFONg76naKgKJxYWeRA2s9rfB5tpqEYXPBDU9HIcq7UbsxzGFeAVDzwju5f206rZWcO162Dfnk99pPhcecdx7MJXb7m4kY0FgN/HVC1jZANwFpLgIlj3RhQkFUmYXbGX1QFPpNjGfRMKoeHxD2bYSpsxD/fuBMTazAeU6fMyfEW/6+Mr7ZMbGc3YRzMFscnlnj66POx/5uB+APc3F99rMXz2re09gKpXXyshtxqjlPQE4G1wWtdyrYCNa1igqtfdDaygSaYC8M5wYuL8O5xvZSixEIHNkm9B0cMKKtxZX7Z8A2m+zSv+fCOUJGg9xKJS2HriZj3RoeRyHAMIeI36PXR8ORe9tDHvei+TXQ/G0mpmxFH1FdYD1mM//cwOB3TLCzNgZ/9ooZf/916GoE+ropHuLwO4TCJe2oQuMxe5TObjde6ZJp+MG555/vbli53Q/yDPKS6iTr5nis19ZaMJWFr4oyo6cw1udWUe+nxQYri9Dp6SxrMbePh/aIkZAMfj7StpcRLLv9cm1YI/QU1htThK9WTem8lcIyhqMZngeI2X3hJoMiUb/QosrCMCnhGkRobPZWNMjTuus7gkfNtnJPP1d7KYSXReNk9oZrYjQ8NePJzGm+3Bu+wj7qteWWn3vYhqbEMxzHYNzRY/aTDde9JPuZf9hxzuVQnuM1pUHrmwDEMJ7WNMLZ+xnZzk+8lYE8qqvhN1IEWkQpr6zSs6JHE83tJzpa5/HIKQe5NEXr8nuZ8a416Ltt6SZmY1MDO5Ya+ToVsBzOQkbyzNb/ImhwpTfvKcVkINIl+oQTTd0PJzHXMSCdVIfiMLT4YSn2VXlSFPUtUIOc8VlqBg2MErRkp/bxMQMjA2gcBDwCVxMC/ygRv3QsCHJa3NkEOmFzXeD5BYKobOUImWTsNw24ObvZc+lWhLVKofM+o0uRWm+vUTzB/jrWmcpDV2yRBrGjuIIs8TfCa+jNj3bBkeSkFtOBGzc82bQYZDCjFHe0YcvUs47cyaagSHmcrkHEbC4kbzcwPGv2zmMnnEwNgGujPNGrjJ/pDITHZtvH9JXNW9ASJ1C5sgpe3hMjueLE7T8WN1YE1p/9JF/c6/pZp2+zUzOTfXK6+rrlBvmETlgo3zQqFqhEaZPE1SVRDk0iGhwykasDErBi0K0AtAVDgqJFqhvfcjL4paAWS89OGvpdBI7BIEqT1gSKAUdWJ+7Kp+deK/Drz6kfsMP0molNZ3slepvKU3OG/f4YjBk0zqwnVIi/1AkkSqo4bl9Jjv6O1L9tbByqyQM+9ChbL0LCF3rdEh+36KGjq1YUtMhI5S/tWUL+Yn2WrTVuYMzr8SJFjnEnDkeEXtMclWWLy6LJ9AIt7H1DZWWpsRbNqZSzP6SPfpN+w/nDRtYuqHcNIYHfW6CUA8QwN2RnRZ1UGxi26iXuEZB/KNrJuXqtr7mq+ejY5gud6fMNn6I6AejehYK4YKPPc7unBydxUdHP5vSUgChbQzi4sO2e7dD3Ym8/mXa1Q95xZl+UsgaH7jEOrHLbLS3M+UMFwRqt4TbJfZxs6lYzgeSP0pUv+NzVG87IHLi5/0dLaZZQSgSDUjGU4B/e582OJ+K9uPJ2yLrVA5XnSbwT3N8z8jhmtfFPIITTIzdSWjwG55bJysB0VQrpxUaUsr6C3CFeOf1/7k/D301uYX7Qqgz+YuKVdzBudv1mHQ3x7RccsHNhH0D45c/23JDgcpzjKnDl6reqDMYwhvXfgK35VOhSZvY3FlKGkfMgQUtjXHwTb8JYXDAauoZTohqcvzvDsCvGzS5iyI5WXJBRIDNooa0VJGRpP4pWkkpn4GpOtNIJmp0ouKWn3jsbGcka0vLL1rgB93zy3z9GWVWGhhIYmCRiVGi8bk9OB7MhqMlvi06hg5oza9kZjXDkKXdkwAk9rB2HAW4ggkFBVvwytgtDj47BgLTVwNHaCTrypONkGY3QE3nYf+Q8ls0PEDeZ3TCPXoOBEkkiWxGgZY8VekgfnsPmqgt5+kJ8WcKI6BMBWjzYN7kLg/3kpmMoAtKOcI9geASXTTytH1jMTVch3a/vPzQkxbzOyLD6AAAABz/n/g+uYphwKfdw0gLBUYvbvUOEJH5rdhi8TC0K9BcJyxudVte72crkmrC1o00NSHbltu1ExxRSjh+hAdXovPtEM9kFyMShUBITO1o9MxefDfpt/RgCFA8dzr5GHxq/zVcrC7JLKxO0Au7Ow6FuzKz/U9eRHwiIwR0DiuX/MgZlCoDfUyVzArMfNW22cTmyHOyMMEiQb9p+NfV6GyoDKWDhJsrsgg0yJF7IZ4D9j/FJnUcxQoHp0qHPDdcDCIOqB5mHOV0+xGjgnBdRtL/owJT1mbC1pBvPlbTXG6fnikOTd59lvgv4IVWceJEPNF0q2COV3TZPWO3jOikfi7wYmcDfLW9QjOTTh+gnHzUyTJ+P/4UX29sDtS2u7fyZ6ckwS2VWuraDIZ47Mw5bmAjj+/r4Zb4kv/5shTIwTOGOEdZVBdv4sdjDahbicO6lD7dsWLt01zFV/AR2tIlJQLHI22yUsaPzbPsdO4FTjdY9U/E8v1q0o//bxrAGcBagJZiGYU3ZdgLzh6YQQXo6pjZyC13qYJYM/ZBD9R/j/E18sSzQY9s6TCW83tEXPFS8x1Yb6p1AxttzMQgf/8GxAwkw8ko3YcQw0QisvD13MpP8Ok7CwQmfuqsqIaojDwgtphlvlSbXui/Acv4Y2xUULu7vNMy3GhTGFCkUTj384FdoH+pDRsOUu/EH0sdd4i9ndHcgooTfd41ZXKRigj22g9cliZvB56rLHKTcJA77lk4DV/So+IVIVpQTwYF2ozx9EK36jsNyFukc2BA8iW59NXcsmnbSZ4rsrx16j5b44TzsYY3r7w8gjrmQo5bk6igOtYO+vZp/O3Bvn/NngmPOvm68SxjWBoqvKcWF/YY8JyPs/m1a9rfjaDKzJ55N2AYA2QujX/Ismjp6cXeebMgv2UF6Ik9BQ3Z/hA4jnWOl/rbn5FfTtYlz1yELFjoHc7FRtm5n2+fedf7fV2xh4nJOWloZT2nJvPz4u04ub4MUsQG7eGnd1YpJMmlPqQTFX7peAy6iT5jrVVxhJW8rMmCjYMBISk6bNhqW4xjVabzS6HTxkm3pFUcFQsYmgNMoNm1eGoAaYkUJiUctU6U3tmgIS+D6j4XIJBuQ2uotvu4o8yUg5V1P6HoeI5f4ecP06RZWRBK6Ql0+jxwIvak3H9m5zz7UXrDe/lsoIg6mnZxV1kTs3GyxlGWlovtHwJOqzmT5BPPoY/pAWnHBgG2OKteG2aNenbdZ8XLGrZdLFaxn6k4Ye7IrhUaIE9vS4aB9F7dAANOj8SdgEx6QlZQ36Z8p1h2kwbzFPxM4c63jW09JMP4iiqGr4fNP2e3WQ3rqvXdLYLVALiN1nfcvH3spM9i2fovN08352Rfe4krUmiIi0hZMOePOR+OZvDBSd7EO6tm2fMwHrVoXtn/aKWLfwr6JFc/DHFaL+YE644mO680npkrBP85yPC/B/SOfhhLvm0OBx0T4R9T7a6Fj6+imQzRVfmJdFrNalc8TmRGzk2WxSKxwW4Av909z0ob8pLfBihnbbsL3yV1ir1fq0c4UU8l28oP4lGU1PC2uYmdzr+ATOF6CwRLlqS0cDyKLb7ntAdFY9LghB4bTaMvrrCCQ10t01bjyNAb3XD9fRAMmY8fc+tqBgTDvIOV/6yEYoMb/eKe7gEGxi1/Ael7wvcNZxmL4WflUGYF8GdAOzuxyOlYpZ78Gwy7GV9FfVnj5b65MzMy5+mGatgOlNLLQd1n+5+SeDEsIElqhjYBpFqPlNX27iqupa5+m6aQtOE5DtQeZaQYN9djWMwBLxzIYTr8wjfdPK0YxmKxRf6yl7JceZozAijFCC8BRAdYJVhOBZMfZin04OtiZvYNX4RVOT6zPjCn5KP90CGzsMZyFmlWQ5h4H6gvKIWJUQDPTMtlvNuRUOZ1Vp5F3cvG/GsUoqt0KUaBe/EePaCpPERp0COHvcx7BEwU5XQhQFgsfZ2JSm+72WyPv1u7R+uM/MCsFv173h+vAyYT0ZUpq9Q67Ks10Yl0OYq/qNUm0GjwxkYm7IEF7xKERUyjF2g+x5af6ZjGHt0qyM+hoFTPQt5D1OIqcBch+8g20Y5lkrfWivQczRtm+wqyVJ9SYswzo2MMzspmgAuJU1bwr66ca3YFAuHDyuXL3W1lNKmUWD+XAfjyzRT5cGiF1UBSwIvGtrA5d5bhOCGRn+jg86ZsALlE5KkAykyvU/1UBl55Zp3nSF5E0qkTxwQhdvziToPasZY2C7LsD4PjVqF7Tvd6nQEAOB3pvn2diBJCEIoY0fSoJgsObGfbAwDZQOntNXTCLNcGraoEnyG4G70c0IBZeSCUXRCjD6an0Lczt3sSL7XFNinDWF8UKrTpDizsS7SgYdu51b7WS9uF4tTAtF8H9dwIcsUemhimDoSx2rbj3ROMBAYfzrV+XZ8f58FTtP/pAwQM+e84G9IAJ0kSF8mPrrzH+PbqrIy66Pls4xw7oeMDOYckErZux2Obi2C7YY4d/sQl0NVv/kkv0WRJPtwbCtzYSOuUKTLTdJ0hQrltbv1M52IE5ze7loZQR2+pPjZhWM82LvyQIrLDXVGAWfA7h+t999kE3mRqEy8y/MEgDAHw1iWhfGcrFjtdwp3WLs9Od0/IdE4Yj1GQsvMy2ImpV/VcTI50MhObe2o/oQHAMiD/JBkM+do9cIoCpcmfAmOR7/1XN17/yOOhrZaMY6KLAOuf9H9Ray4JAfUJ+IHN8Rfbi8InNjeTzpRbps6MMMd+brW1NybYc2ZjW4pRWlPHaswVvcTnPEoe4JTNMd+aoLSno5Pr69NLClpKRy2momWa+GSj3g+JmkjPKZDtG5yXxkaYQgvzJNz44p3vRssibqJKF3P8At3znj166PXX+grIRIdDRA62D+2TbxOO61/LbRVAyjsA2weKhQxu8iZhyvxhyIPOJwJ3XUAHM4/06TUBRrO48IMdxxrGgMKX9n1+csrLvFGNmntr2QGjzPLftNybcibUxNV2I0cOt7h3wNyw7TKS6JD4+2xtgDRfDCaKJLnVSXRKOAR2QveNdRaathhR57Rz5fvq+WeCuhuIUNdMIcSZR8CRoH+mk+oENPewl2qu8FfHueivVIROQTz6VndrxLrF/GcRv3Hbjkn23ifXphFD4H2LfR6kdzRuRyBu0vTDIR85bskDyF6KTfV982+vpmhsN+mp2ne70SbRI7ZlDeOpGjvuFqUDVkc9Nsa76F0XIB7cBgBgo3pVS1iprHyVq/MYZuzRsxTf69NANIbLvU30pnKp/BN7ov7hj9LSpN+YEX0n0ETxz+FM95d7uc0/4xuLgMqFnrDXPNHHRWw+pEYGuS2cK9L6aBopgceLxPJf6lujC/m96xUg2PuEYNFCxkZl+x9j1YzSXzlyRjzCMs4RrYVOuJwoHw0IYdYAejqz2H32CieUktm3REgx4QA1KAEzZ2RMTFHfqIoAI4GPhJv2IhRYT9ETP5isJ7dHQGOkwaCVNFCVeBul2wHQ9H/9/fJ4yVDU2pDCK5pOkQUuvX18ssGdgKHRYXnF96dXoUBHU/FkFQyGWEYBO+vLLIRHMc3Hhwv3Nq96wpiMPCitXcIjk9vXFMe/j9zAGwquJkMNypkUa/sojFXhCh7ENKaHJGwQxVgpjxUIxLDxq54ZKzV1YCa65CD+7wfqT9d6Elsf3/JRdmdFTWjTZqpGDjIC3446G6wHDOIKJ54Eqtyo6qFnJeofocEpRM97VH+on+L1E7UQsabRam2yF3bYEd1qFkD+vcL1eVLbottXQZBn58002RFRaDMQlKV0yUBn7MxEsNDMWvLWcV343uDPKqMKfl1r9l28qxqIG1Kv0q4ju9YxXhtxCmHIHeE2EKLpkveIsf1+JS7gIYg8koC14xoJgj4/GHtRKWMVadVDscHeGxj/XAsu8PwLPKfL3+SrMORsS06mREewne3x+YCg3m6j0oqKBLO2Fo9XgIcswEu6vnsX4asOvPH5KUz9cCQoKV7IqUBFB6ZAGnHnCVUJDwrvhazpE8S6hEAy/Ek/lNUAnSCWvNHxEFjyuplgW8c4vg4l6pzK7pLPrUlgOxtYTZtgUgPEhgjAV3+Pheuu+TBX5spPLt4gk3pTTw8SklnB7mari7mx6Y2TbrrD6/iQYokYcDDIT7V9ndtm9/ZCnAoHS3IruQ82Z2mMF4y5AcEY2SAEDoFA8Bw8giADu3Q+RUtfcYmrS7vgoNXqwoQJeRvEdYIymeyxtonIRm3vWm+fTJmA73OvQUxdG4vkyONdnr2JW9loxwuBotDFigzsl9Wsc+lZnlv+nmvnVI1EbCaskgZiIGYDy2OsJBohABDGtyzrKr1zY9WfNcZLBqIvxGHia0dFH6IESNi7SFIhagpBfcACrJgaHsUbqugkWXdtY/RsH/9AYfUheKYxBQJNM7EPtTJ7lfh4/wn+xNEm5pOZXBCzUpqT7t6r+u7hAB/Dhg5543HPjguGGUJkYR/KNH+SPKIg3EtZ1VRdDFVKNPtHi9LKBXath3v0/7NnwB9fDpBsdrYSuiDmfk3lCwkCUPRVNcmF1BEZ/OndVGosm4jKCMC92s77slUXeWEP+g+7e8LkLTVx3d1mydDVkHmEYcNzD+n84VbyozvA4fgZfxg9+/RyTpprffVo6TbXoaqkofAjiwY3usQPMfVZUPJ2kTacZl7PcV+iwsEuuDs3XUhz6o0ifAmP8t7m4zjy1IGB5OY5mXj6j7sfuH/6Kam0PDXvWeLKY74Z88pp3GzEmNSf/pQkAXz7RR/NIx6+J78ziwGPSEbTPiKR8unlVmdbRCWfb+RcGHhsrHdjt+CgohsyqR2M8KxXN1iOCaIkPxC244Gjio5gMhZttrIe/8QhtTJmHaZhVaurqLLfUBAHuO+2jnb6RnJqO1r5/GIl1/HFN274EThbcQQ9QrtVpgnY/Bl2SPE7cVyL7VDqTb4Two6IRtVuAQdpWXXUwCIsPre0Rfly9gbuyghPKkffcdMUu/CryUX4sEVeEBNu4z84HFsJZRYPCh6t/6r1ZAh8Ihk6ot/FLfzECrJi2aFPOWO0XO/4LvvBCWnjgU82fzXSLkCFtA7R9NFVX4uU1Rtl2pT+icEVsqJ7Owb2jBBdy/xfMyM0yu1a2xy7xOvsSNHmlnZVwErAxwIay/YpgTq1OloSQAxPlpHpSB71eHafIv7EDPR+qKSA5a0gEDv/QgGe/iJEOlBGdjj0jcWnqjGPpWIcao7MuwxWgU+/fI8dILrwAUtIRe/nuZxp4rkUf52bI2TSM1qZQ1s2sByrtm2T2lwNERgQRbOYDd4kRiERekAmcBD8wrjlOPCYMTfooQFgfZOIgYm1jFU0Xj+DwhNUZrcLMDKF7vElTwgkOYBvGfOdQGmUgO9usALLvx1XQ3Nu/77QfuBOYgZ21/pyfPgFZ3fYFLi4/PdWsQAMg4108wPYZ+TtQmGf7+fc1xdJym1WJ1B+3YEoEbo/SojIJdD3TDBNdMvU4acrD/SIDMmWbEJs/x8P+l/maVAzEhLSroHusWqCznVuGqS6LMSVwEW8ryzCn927pfHZsBanVUUqWv+3zJM3qIGTIPVqhvtf0mwW6tF2Bl4qbUW5F6EhmXLuJR39SF+NfGdZDJqA8/aq57KRej7N/AwZIRHQB8fHD9A6bMv/zcm+Ze6iXvFd4Jx8xvuQqhVIY7SJ4wZcOt7KC7hNBspHlq3vGSWEnAoW4dbhiZR6jteVzmcECF8IjxIsnxhiqLJu8lYBp5jiHfwAzuqta35A4zwPnJawZoBo5GP6FJPocfM+CZchGoAF5Wvk1f4x/+YkuSBa6dOR5HonQH5FZVtSdf9pdhLzT8SE+YxjMm7Cx7P7knBi+UbZHxKLGQFZqiwUd3/KLIcR9jcMLq8sfBICqOJkcr2YBgEBzmrroxfvpsJMTTmc7ofl/YDpWjRA8PFEn23Yp/f8JrqGB1XzCVDFSG5BzEiMLhCtXTENZtKr7QtVA0B/D4qQY9heriRVoC7Ud1FwObJjLrElhNBTIqfEZuqUwhGNMVfoIb/L3/9HJKKM7xCQzUCyI3tzgk3MoG12nK5F3intkOArdPi+5oRju9rlXsLTFYVFgvrMWGbEQ5AQWvtHV6yrlgU1PZRNtavv4QfM7m3er9OgH+iwpnmnHQC6P6KlrRhQDcHDZhH2CgnKci8XPJP+sNNlLoobvQXTERHTsTjr2HZ9VgS5Hpsr8fv51XayC8FBaMd/aTf7M9MQ/j5DjNCawa1lfNrR44/Vd1e7uVqsJo41En7g5b5yxtUpyUGBeFz/ZYChKaGRWHpLNh6Y0FeifVS+4XtVgZVU1163rG3iVinVFt1FLD+IBmHmjawyLhHueOPIAHQLQEm3mnPy8TmyllUdET9Ykhl88sPDkTlou99DumEPYVh57RV+TOWKM1p+btcsYY1JzjE5MFsACY6q1IfbGn/ThxRJPgxb5dD96qRkFYFVeo8gBDFEhRT7+iv/fJEJlFBdkUVPbESyZ8kQabm3qYUy/iSPOevgviyIdVO5tlYSxvjmge/rdNF2352YsD2M1rXSTvPGVWadMMtKgRpf23aAcAUozRFVvzd3A7B2f9oC6IW751UBmNChD5TP9wtr1KoGCwKrrNA3bFu7vwTRp9gAMEke4tTNRDcZKpOmqTJIjU9ZZlx7554/GrHFCBz2LJxna182pLs4860JsCytEhvTOkG+qPZ1fK/OARH08hpEIFA2m6pLe0eFVN3COtPACmcG3p4uBeMmTi2SjJVnfmCq6iVQgZdcX2Fkp21/rUAAAABYfo2rkvIEFaKM9sktEeiNyL7vNUfz7UpRC707CC1rGHEDiBUjLr1Db2cH1m7ysLIpDWn+XWZ/+RlR9JsKDrc3LOXwfHNZKVC+/WxTvJVfMOxXVnah+KFn4Xkf4FPlYfDmPJWziHcALkKqHTP7TV5WrsTUbcvQjPDDB7Iy6a3cT+S6e5zjmlSCI2fGIHqJ7aeJqmwYryJK8fIBiIAoO2//7PvaHXVkhtFLy+pmApjcj8leis9mtKtwhThp0ZYdCWECPhgqnhyUbwH3w05i15h9zQtOYWFrUf71SCjY8bO0xj7J2kyWMqwOV7fa7kVH9GWE5KJ6Tfnx0dDPIJIcztscqPWw+FfmCzKKYt69tCLudQ3Yaj/Th0/VTtfqze0FYeZe8Yd899BE6dDH431YnCP82ExVAnmhbCH9vTizaE1RWHDWkH6E8dFVeaHsk5ADzQqH5QcrD1wlyRs75D+oVcbw49Iy99L7iOtM3q+JDfsZigVWHCZP6x5v2VjmbrglvqP4DUDONaFj2IDpipss4rVjlqTeK7ynCagyWI4aGFOWRuD2r0uSlrcx0Rqw/16zH55J0dJ8YTYmF4JMatzN+bdUolkimdEqovFY3Iu+Y6SMU2je3M1qeoJXWQYbzemTz2e9a1Pf4Lzluu+LnrdpdJvRIBB+193uhbsuUf4rBpyXs5xDOYM+VKa2EhGW8iR2/EhOtZBWqCF0+i/y9mIiPggCJl+iujlpolC80PXNTNn/vvKBFrD5dfjiCLjS1AXsip6bZHc1832juwpE5RYcEVHUns16QckLK+GfFU6qxk4+DsqId6b/QVJJF8ecweNRAYUwGT2St/AuK3M7KqAjPDdnHeguvD+k4hhmpxDLLTXHszSSgh01ubVUts4k31YpVNkEzWk4zGpbzyPJUTwFFQ7FcGvHtAdUYYrSTIa0TQyRHpknuIDaAjI/ZBlBKZOA4fWXMV+b+2w9XpYozK4d7XoAsCfSofYiQPVzC9E7flJKFgwq1TykKWm1uLdKdipiZg2cJBWToWN45k3mBWbpkANkl1k0xXb/4lOYFds78Gd77noNP01dFEsEmEfGRS5XwH4dq9vHDfhRscxRGNyfI9ueqbANJ9KPxRwHZ1KdaFzIUF9a9s3PVp+77OMBUZwTeDkm9uucaknEwVIycOpd/unDRjsHkDJthzWg5Lr0sEXk3QCfCgt9/Y0oMpQsdkUpZMl6fVS8RNbDWlm2Z/kJov4hFovkZuSXcpuPMP+S1pfltjsOYXWQ0oMg8Ghvgl7gc6z83J5mOEE4EDid7KiZC6O8pwW2vG1Ou1qgmidZVITOAkqaXEyzntdp8pLvsPTEd2ZLAq+dw+UDXB6+aaJ+RpS22Ix3/uBQO7bx85st9FPAEl/LgU0sPzKZdeCQVvZ2bQw9QGRo0uDcht3BZuA8y6Hb63KBZ6x73Fv6WqKFq/7DonIFeehvKrz/anEeFOU/Cf+6hUlqmWXchgQG6aZ2CDh9bTTO2lQKXydFUxqMBiltB2axJSLl4GAjom1slQVBmgBf0LqUvXACOzi/BHc+bGSNvq8GsZuJQaz5O6qRPyBJ8gL7XD4dM1Cjid04/wT32wPg1xnES6xCSa99Qxj8CNy1UBL+vsuMYWMhwrXqwxzWqe12qBGYl7zwEKsZ8Xdgg6YeEeeNlytagbpmNczHnyyTod7s/SZj5AujSGcGumENHkOBaXWMQC8lWMMz4iSfcWXvFbzsBJ5s/0Igol6hUjBap6mP1sK0CL450EGZyAWwCm+hryZFyGVMFykF8J8oGTDCFLYRQYcpqX0g2kx3WL/FWOdTmKE9iyoEZUn9EmhIgV3JHCGHuIdOExq/VENz0AowGdqjVvft1OrcruiOu5cIOruFWKMGsfrGEbf9Zn3LDj0JpKdbhsVCAWnRHHuO+JhdFNHycKtYxaWxDpOENg/CLHAxrbwQUhbwjzL75M77A4wWQDd3SPtJXEGjNJkAx3Nqy2y33eNMc3cr7bojRza5gi+Jd+kpb5naMlsxezJVDHxp9pbJh4MfP/iAMBZkrVYutRsAzdtRBQiPJfdICmS4r31mLYHgVNq0i6q5YUxbP1+nM7YZWtECNiRBWs6tq1dwQxFnfDy3Jh4IboHty2yk886dgENfzo8NAAohUdi33uxlL8JqpN1+TY1w6cW74FAo0Gw0I0uCKQBejvlIKvP1dXPTTgU9jZFegwNQJ6GNRutIhJ+mQFC+x2ZGS+hgVDkRvbHNPStImu3apmqNdACXAMiCKAEAvzOymOwRe2OMtY5L3jQisn39MSUKKZAwBOrUVJz8Sn3IrKP0jDpHZkHeOmOntoL32Q7XaA9Kdq4dFoOsLkLjAlaH+RWfBWB0eEtbtlcr7y3To8bpzR7+MlesCyAJCYwPj/HdduUw6LwdBNQzL5MjJuhK0aL0mcFT4/xtveQZg8apupd2wZDdgzDZrrYV0lGBuIXw1V1+voUi2DrmS2sebeU5XfHGZCsVc9KRXPusUexJeZh5on9f0xjsnUEj7wupsB+mv844BJm6m3Zfj/s9EyTOncuxpBgToYd1rUpcP4ZBzDbsrk7XVOIcTaooeM1iq0HqBKYbfJSvYpDx+m/A+bguvXaL8ioVbqZB2/NR681CNk5Hd2I8hmFeoQPNVGSOOj+wAtKQ0rHr9ZKTDYMYxqXBy6vBviv9oAWSn6AUQDPbBiF1P7BE0WgGbjop5onrO2IBmze4KFaGC2bi//s8JdkYwxSZckpKXBheS1poU//miXQ4pwTGAGc/+xp7G8MU2y65RVONiaYwDg075jGCLvzEbGSCIIQ/S/wOKDgebxhzqm4nf7b8DDKqMs6VTFfgzAYoZTtEId7mq/G6ZV0qTuFJNcsOsnRdmH+P9hOr9bb6NOlPwGr5rCu3WWcGMFqYW9EZ0DUAYmK5tLFIdzxOu3xG/RbqhKydUgH92VQR/JhH19OkvmH2HDbehgic1phHTZp/kxk6blbYDu2waoJfQmRMj4kCbS+SwWN3cb6TIWkWXaKCvTtGCkQK64mlKJ42qu9tfW8/8T83eh0j/YJqnoQdhG7aRPMoJZEj+fGmP4LMh6xOD4pdm2BtUCSmjpty0ogHuTwvFPxjJQkxTyuDePaa4eLsFrzX0xbeSTCWw9dCbZnqOw4iI7Vjv6P9lBhCm/N8cZVUOCxMtnLJXdqkUL+axdYHeup1IwrDqlJFZjAJ1X52yULe/S5q9XlNnK5vlZqugEXbZajmTvWCjNtvAs8+d1eJCiXdHORy2mYzJe/Vm1hhuLERtLHHz3d0TWWNhw1V4ODLDssOdY8gWMlg0zD+G8hWetMonOzW1yLuroxncSlZM4E7R4ho+S1HggQijk1sVhGvWwaf4TFASO12WHjrDpNJcbHeH0gnNaiSmc6f5CPgaB3bZyItLQb22V+7OrSuy6gukx9/Ydc8SeacarqPcFbuSpKGX0rHS9xzOhHLM3DG36eV36evbVwKmcFomaYbABug1JeJSdQcjD8/LiqMm7NM7TNEVy3omst+A3NnFPicDka0HDSHWNwAEPwjllDmxxGo56b5d5DXnMbi4ax0CkOQk+unolm0vXlOjiGNwT4Csy6TuyueEc5msC1nVN+X5pIfa7opLk4ZTSofd0vhQ7yWSTmwvTDA8+Xih/7G03ieSyWpa89IsXCCWhLgjd2J9RjPrY7LlAexz1qzaYYIQxM+nKp+6iW+RDQ561bVDCrjrQRYo4kjGHguMdjsGdAgvuiLii0cN9zuNUSba7xa6Shj38G0aciIk4/1Q8O5j/MuKT6QN8ysPUkTiHBxD6FzfYYB1nFBAiMqwPwF2dJOcn4WwFo6STW35U9RhDBSKyJ+0edveBW9U1mLU+kiDSOrDKbyzAiivcAt1NEjdQ6IbIhcWN1lRLg6wZkJW1NhEBXPzrA7f2js5AoPVu5PyKj2fSqTTxs5g1AED5TP6juz83K0k2P1eNt1H5ruMbNZSzMta15zr4D/oW+Hukz5ZgCyr3gE92tKNL2hvDmSjyWVTE5dV1QitLeNbeVR9aCJn7TKoX9eLxkp6RodlGkUf9tMPwwFZrp4F7+if6XmXWHLctrd8dt7e0V4SYR5tutFB7JaJGXW/7bQZlXTHkNZM+f/6AJTsrezecRTfDe6GjMPS5O7JOmLYVFH/pllzNz++GQlG+TwxhA0PExCcIP3dWSwR151Bl3Bwbv/X9quJnDNki1S71xENxzFdn7gmXDl+bPba1Wm88YvvrFku2JCtnAfSSYEGrSB4SPqaIJsy8DDoEC5SrUJOir664vPwMMPKLg+66yQN61AP5gxtKro87wQuMnloUoWvqymEFD5+sOhbyik7G9EwIALhnNUUHKAsdpUhhYKDAsvGhpcYE03PYZuzNWnw08Cz30Uufuw9Xqv32Aqe6JTd8b9N8zw0Fc+DgNvo/hNl82waZT/0PMYoSKZRU8g7j9Y2d2czYvvqT5KGrKM+Cw0zbaS4+fgRPRguKnudvYX8e95Q2yWhuunr6RoPFFniWNi7Asd7wlDQhbyXV3Hom65Ueg24Fs2Bf2OXqokileXnlZmGX20GZjSxg+yGrWCac5OglOyM7+9K6RfA0okmOyOvlY0qcWZ/+fIni2LyXp9jKgiG++MqsERqiCgnCFdtyiFo2mMnuYZeVA8/ntNnz0ctlW0zMBQuc5wr+GhuVeOuBFhe27VtcZWWSyaJezCWmM6nhABGjCGGcpf2Zuvt1Fy4GmPBskSLD9XIBecXKkfm+ZDEJ3UZjwA+Cp+XU1TK39ReLnhgDsE16FTMQEM09xhkQzR17c9plUMKgQRyPqHMu3e9sufkdmef4Dc5qD0mto+QU5I1QpVLHJm5HmBTVEfX6646HNe63mEeM8HtMPQRyS75YFKx5EH6y+xc48eifHa9v9nHbAlEyNgo1cLawFL6/WsTo1nlzALHbjVrEL6gTHfBQPsFtqRdhu4xttHpdTCZKuvjmn1qto/bsHNqmYKvkIW3kahKkI05UahREJnJfQKLYT5bF6dy86ZeNxUxYuCU+IXFy/JJpA6rqxwyCA4+v0IQqiQ89uSGW1EaH0HIw54r8PBI4TqiiyA3AxHr3JKkdHJ/ovCj1BR8C6fAy+PPsg6qMA1kV6QXs6anVWuOE/+uQMk6OJJj3diUu082SLs5I3c5PgsboEv5mCyB3SobFOeWYt2EXjtb8/joHUjSja45E3PoJPAZCG1AE4/CBryAp6fOIsSAcLN1To1eAmUmIQQWVmDv6Guh39U3YPwAky6ghxDt+h5hhQ+zwUEdRbHnNP77JHwUbktfJhDQJmC9WVYABRw27XjJ/WVXEv4+/Cj5Qa2MCd0wBXABr+kIZYs7RjXN8HDFB6945T9AXvahnXfNg3CBt/J8B6Ej5ZKqIB6NLjDq+c5cWiEdXRiBQVTUnudADqBka8YcklSKdw14bSB73n+rMCF7/PZriv7YfeGFVWdsT3TkCvhLV629W+2d3zz93qgLUROSGeOp8AU6p50K+5vGye2x/gg4Jnd2L8l2CGoxwmEFdXaek2FUZb4DjBgAWoQ7UtswgDoaKLx+o5n/UDyDBQ6YpWqv5Yja2AsGZtboYTisZ4pNJfQUADVLvybt4UMdf4x2g+y7W6xcIcjULFIX02IkudT+wqb1izDFE3EIUBsBkKXKTbEL/q+Ltf1EW05Eqs3TP63dplUKEHY83O37iPrbI9P6FNq0lrN0IEuZQLn8kMPyu8yZ2+RznoEk2n849uNDCFfXw/AIExPAg6/iN0o9kOlxngdRoIoOCzabvqfxsu1ucjLlK9f9vd+SoN728wjmKFhucOcmJTFUEsZvP2/ugl510VLoHF7KHrIGC6JIRk6c0LUVbh4folHvoMp8Y9FClhqI+oqL+5DV8AYBGjOnLUyZjmTCbLp73th0bRzptM6lSjk/HjByIeCX1ySaSD+JNG/BlmaUtXMwA8E4bQIfLWlwJ9cxrsfklcV5bXirkzlDNgKLQsg7QsxIkyKg4IGR+Tx+Any55M5O5z6DY6//wAAAAOf9G0HtQfgfZTixK2gT6MlNMXXQYl4yK4j9pymSQ9KjgNUAx2Hqc6Ubiz5on7tq77YNYBGhYfKUAKuN4U6punItTYtDKNLkkf+9HqWtwcZK0DJXtCtcI/5GZTWABVC0z6iul2EGeLB20P+zCa0d2cZKEzZ5yQ28FQwvIShX4Luw6wZL1kWHgteThLhwh88uYCmpRNc7QfjKPCwsy99gg7fZkzglGkpBjqNbLhaGNHvnTuIW8Baiw1iZdjtgjaXD1jQi7St4DvKON2sEWYP/H1TxNBDMjgHvRCfp6qQ582fNNrAN/Q9cjKZKBLh6TOBgvPXrYVzYoRoECi1UwEo1jumaIXgO1u2C0GrrZCIciZ9bpJp8PkE7Nopsdo0oWVmYUWO4Y54Xle3xi2HZqENNF43ztbCZPylNz7oi9inVfeSifKrg174/0hwMfOPA8Q/msLKc0uNCP02jeN7KXyMatGkW5ST6q+EUw4WT1F6zunkIOQngtEAlcWo4HEy12jiEvAad/sjZLATCi8OZiY2X4iZq65DNXEKT69y1caCMJUKubSSFusRk9KXOl+FMLym5I7lKU+vwg8ko0m5o1LArExxJLTxhcLlsyop/J+pPBD/Us9D3lRcGmG/6aBAxOfp1own7dltrSG79b5pHiplm5eNBFtePpONqwEcNxd3i/ps4AH2fJAR18IKBdm1H0VkEAsTCTMM0TKs5RSkjZ4OWCf58TvTjsNsdh7+GVj6roNtCz8kkKMHS/3FdkdSRNILcztOebrHoAcZTYmmFkuzRkWjr02VyVqT6QjCQ9/ecHGV9EVujxOAhupWat0iHgHYBh2Teurl3u+4jmQHFEAv+He53ZMyEXxEPPh6KMAS9XMA1sytNMkKWKrsybVG8E5bDzJLsIdNA5n3GxIWghw4zz0hOslvw8+bU5F9R6J7RQD3JiB0BCJTm0ciXvbeLRHRahX1i4KLpAYz7IfJaVVo7Xqn+lW+Ey+lE3XiRFz+TIzvRSYApKc3T9ulG5wY2bKUzYj2+Xv0VQrny1S4vVbJU73WgfwnaYbfDYAYljsDdbiOl7f1/lqDeR5Wr1KDj18QAeTMGs2cBlm4oh3sThqCMCK1S0tF/dNQJXOP1B0F6d5BfVtnwOY0ZXG81f8J5vNUthfxIG8vhi6sF7nlv174QxUfFg+H4mY9Vn+b7joFZ5H2TNgohWo570zj66b8Ze4/o5TIgfv8DKtAdOf66FCqtU3CBXKp+70qbpyc9r5x645Z5Vcyr+8ehUqDOXcgOjze6JcEbz5y0RO25FG/qWioJ0Y1nH5UFQ268aUqNxp31YvkD5O84Yc0INR5x0tR+Btx0zpf3I+4wR3xLg8XZEtTqleUZLCIFdWZU14G0fgdHOTFE/EN6FC2YWDuaMFeUMBzVwKMMg+m/DquWMy9C1duA+1XIFaGnTYLVxp1LOvPIsGe/Zlctyl9pYWVpa335SCc7WVtRfLTi21cWqq8wDjcE0ozX/Ds7Cg+v0ej6tJR3zd0hQkTuTC/7DES48xpjBKSAP1KHxRAZ9NxW4uGHBvroTxgKNfKWufIlhW3FEfogLCS4UJveGFIn5mYqpTjCaw/7/NpmVX+Gej19lbVsYSXGag97d9c4/5woItHpWzu5ro5eJwljIHjhbXMIyOSZoSwEyumaKExiAd/QrVpkc6hdR0hDXYUs1FbhEN8BDltE64ponO/6phjKK9hMYcp3T1VxcdBn7nxj6/zA6ia8DWh5SiOdULrc/ejmoNDFmFvOMGDIcLIWWAwoA4CSvY63BixDGlkiDh5Q3VRy0GqZgqqpoShD5aUOQ0CfNXliA3cwlfZe9oKv217xqMNzsNs3DXbMSLlTCaCxHksJURGCQzR/pF4waHpg5QGcVrlcu3aOaIsRgytlVSAYqTDdt8iaupC1FIM9IV8XI7kC0w9Jmqgb32767jmSnVCGvB9aPZjxU5z1Dr0NsTTA/mA2zdP8Bskb4BzcDqVvmDd+S8lgGQ9RIVf16xUVnDGYWMgllrHZz+ZH71JCfqbB50f3S9G3aWmPBaJOPXv76CR/dKlm2Uy+wrnnw5SNVCVp1QxsUigw8WTtOK+FywJjQbX5kYyJuXpSKQaMZPMhXSvD2TChzboJ9lRrKm6YnY3d/gqu1kSG31HnJzRut/GCG8GbafD7p1x5e0mPxs60j2OQqBQEc6EBzo2dAIHQV7D1B0SwOODEjvxdcl+OQbwjUVCKyVeEbuF6j2fYveIuUSDWmJ/Q8yZRXa4tAN+fabMQgwaAHjYbgVt+E9Z5kFg65ni8Ggy7dy8eJKQmvINfYb6B+SHysjs3748OZ4h6PpRee8H0xSoZqeUiPfnn4v0VS3Vg7AHtFSyESliYdYSNv+GqHM9PTmfFxL0ZrFP93tjcgaYvsywdklrHbgLwb5COM2EaIR44VSnG09hWUywxgpK8/PXHAs4FMevcTPO5rgziAbw3qcXr5CoL/6OrS3nPFHAHfisnKtfFl1bI1aXF5y2Bvg3GRmArKqA3/BzbVoWplxxeSHxSj+TYQDxXLE9nT9vnkHIrOYawaxvo6tcaNHR2axgJhTID93dK3yoL8CKdyCIzDiyqrDM1NVBPBm80D3YfkvSgVKasxK6O2WglTWJ08wvj9rOPbLpJ32Nup8CiqzDE17MMjTxOjuEd1vKzrbK9iDQOuWuuWWTZIEtmWHUMJhil9HCJNKL08eeIeKWoaPnbndNlJNctX+CaiE+BQvlDgLsXcz5xEiXj+I90m4cS04jVWGQBLbdYqaap374GxwfKQBOCetagRlQItTJOeWT+LQ1RbEqYq3v4lDEa80SofBLuPoqsazsBqjPn/bqmLCP+3J+5EalWPvgnIuvsh+x2/A2dQQSasb73n8pSslkc33liZW7WC0VgWzp8sdGmc0RP+TGlCBJHdL317/JlAfOde7jv2JLbi6jECsDYjSZ/UKz+U0/AngqT8RvE/KNNX+guEVKXb/4D7bFXUcZBYR/QBkI0wL9g2IJvv1WvupDXZefdlkHKvcGSQ/UOa3n/VjEacFi4s2PSUl1k9XshltBYcDsc8AJKg8ViDJ8N58fuk0VRlsrZYwpNR9axk5eoapeflx5BCwW1HDle7Amf27PA7I6ThAX3p14ZM8ztcmXM5pG4ic8OJYlQmza5at/gaJynd0XDB6YI53LrxYn6bwDStPNsNybMpydiAyLVpJcKBsb2USAVyIzO4X1uWmA4tMgGIE8IdnTDqw30bI3I0QQlKhjzsJW76fV0ZIfYXGzGwr2uhz5bGQqYjS/N09pVE0HLjEjYNkYVcEDdsHmFDllzt9A/V1EYY7sjN7wb3hQb1aUDmFeQG55e25rRMheeLPi+M9oS0UVGi5BpLmSrf7Qr0KUKRjNZnBJBW8sUf2zIlVVprRqFHp5gN1xSfUSDIx4HAZDBTuRtXnWbNT/OAQi3RBdZVQFjySj+reovVUX6583wvTfyVKBWdnvBKJcWcKIX9fGEw9ux51YjbXFWCUzddywSLnMHFaPAhNJpcnFG8Tezg7ubHFWZqWF5c9LVdfjn9hhSsEvalChMSmx6vBjSynpkrCo9F3FHUam8gtHiN4lW49vl9/o2orLcwnrsiT9OEbVxaQmx9WWKZQldSOg0n+GeermO3yyCf2vslWlNYcOfRVACj7aqjLkUtj/RZD+VaXNyBrko5+Uq+m1M2iiw2CSRwOeubqTV15XP3fAAF4OpkieDq6l1tT6ld6wbpiLcAYOwQaUKOeoIffmEI1Io51s4oranvB/p6T6PyAA6kVG/oY5k4d7LcJ3ruEm5hHDdvbMuVypUeheIoxDGyw6xkNjQPVjvJrDzpvmSjjVy36fYjvE9dAnwjG3He4VDhCwB+WqtjdwMWp5fuu7IWwx2QTaDUIYuxyMNQwcnCuwG9nbdvEt6Qq/RT4JtAL9G/+8krdgo6esBskKSs3lO/p4r+5ZqwzcaYTAzkRJXm8ZAYLo7oCl4OiojsxB/yn5aqsLzTRa41n5V9Unt3HJRp+8lG/11XsaoZB/Rn2hhcApIAPgPAqy5n67i+RKfQA5W9vch5CdJg4jrvP7TMwYIsSgViTI5r2IFeL7O5WS8FpYZYz6R+rbe6zW+nXkt2MYQQ5xVI6UHrbuNEWnVM2J4OiqsC2Ht6h6Tbuw3eoJFCmoLLmCdYofeAbWbwCqUFWSzwb8xT++TXG+/nK3XrLbiZK8kSYCwpsT7XRi6+cd3wyayob4srwf6GrH6YB0KI/lCG+G2ItCbnE5yS1jX404i1dVMmi4xdJm7Kkd/0Qkfu6XvkoAOcPwxgRqzp6H7VP+NOKc3brox6eoQYVqQJ3oAy4C5KY9sPzst/QMVw5mh6paezGc0qaBJ1CwttTCxkRXfVcAuGqG1F8Y+22q4AoIgUV0MPIKAQpQ7OOeyJUDyGuLmH5qpYJd3Yv0Gs7LM8CO4u6Y2ToHJ/JWijzehwL5FqozIcQN7Wyxr4ez5uyU28kTgEnx5+6W6bdLsmc9nOwFXW+vrFmJlYidaCxA6VAlLIPcwdU1bZBRaP87DKCgIpL1qDbi+KhkGSn59DVzFJeaB3CzIHrG+0wj2KmbEAqa5fSbkkRFu7Gxjz8cJs8IU9Jbh73i89BCPLx1WG7Cj6WWD/JzNi5gMEUnyNTz+Cjlf8KZWVV0dRSSQ/CE64AvZI68drf1j2Es/4ALeKUiU5RNDU7g+XmOyYgzf4jZSOVz2j9fmLC2QOIunWsBab5AgMD5BIB/ehdY1k2SiIShSsfh24NjBqz3u5w1pQwLmPS/FEvxS+XRsM89dbnrkBMHdKCxjJGoxfCtCSQXRIMaxDaKzzv0IG5zXjEfzWrGkMAb5v0lOeNmZuRYaV85QlZ3Sfv+Huh6qV6AS091W3cbam7cWdJ2yE3R4UwYZQQlLNLqMiVcvE7MELCGLLCpOdhFJeaD9a/DPSAyJLsKqYP1UGn4zQdNJsFlMAIcyvCV/rYudqVNDtgTkXRYT7/7daElry2wXeYLEinaWtRmEcUOSD0O1aphM3ZTDUPEeF9bDW4+YpbeAzEt146FS69iQWfXEPKBRy2J/EeAPuIXmiUPiVhRuOPfUZR8HQd0TSnD7dxGRm17Wu273DRbPLgj/oVLRExjtlrC8+2ghouCGNTEEtCdbCQhocxuilMfzhyUb719HE59S+sl6jPnnNHWf3b2B1eeGWapQvQlRRDJYyvuRdOWFWAiqIOQ4GXcreRPREJVonT2R4laEYVA3xDjwgUAKkCFPxbZMdbzSIyapcS698VH4wvWhUa+UmwAueYsm75JlcjtGpyXx8tFcu7ModwmhmlWa8AHMYomqaAjv5ovg0vjdfF6kliGgct5nScCmYZJf5gcLj7NQdLnpxao4KZ+hRnY1C8dd2rWYJHNer7nrPuTQrkuGXzJYml71VfVqism7Fp8iVkuTQIVSJkGtMYLsseOhEWJybdvtbikZz6Ti2HLQRGS0EH0U9n7ulXBs5KpsuTz2kChsipz/gkbt9myhEkRVoXJHv9LLdF2x14XjxL+xVgom5ftpVxW7ynGvhHMyCICG6V+S8i7tjT1NAATJuWKmS6WU2XgT9zg08CdhnF2f2/g5D54ROjxOpqx8MSkcmCvsc4ciyDKEokRNUaPpJNw+1sNkbAsgMNFQo6Y3z9jbwv0WYRHXh0oEIUF+H6g9NyRkjgwHGEbDS0QG+UQJx+aGNXmvnMXF6l7ZgejIDsjANxUUw6c8lmXk50hrhVzhrS6+Kiyf9/Ignd0XkadANMJ8Lr9ZZFjK9PeZib32swEBsfofj6vq8yxPXJArazYww53+5B58ewkk/x/amQvRbFkSNi5RuNM589+8YL8sT40R8BUF7d1Obj8Wn5kfAWjrMbzuRn1oWW1Memv29k1JXqnA5a6uufyQ8kKsujmLwyHpwcwcCxD06b+ubWxBiR4IA1gdExmvs3yhLmZ36OXePZQzJgRhRbJNr8NbPnAtMX0hodAYAbeN0dIToACDshnHoPdQM71LuqlYJxVZj1P/3d+Rgn5lhrpmnDYmg4XJVx4ot/0rs4LOulQc+v1ovBVaD/C4iuDDnQQE+dDkFzQnoUxIExtYyaqdIAOmrmiBslf35Xvk420G6dO3DGF29dIvQXr7doEePHhZyI0DmznguaItA2VnDCJVjwH9jOBuH1mhyfo/R3ksBOleyshosj159yHCAyy9e0n6CvgCg92iOmTFYBgIdDkjfBy2lpKN5M1870ClYsWXGTWEXavV9Cq/5dIcRAM+qsQji6sW7Y4YO+2LYx9KHp7f5EGP69YXFpvtIAAAAAW/6sxU5nCOV8pGEX1/z+oQqNq8xn12jhK6cNEv/qrIoj6rZz2Gtoi8mMSnsCkvT/uSq6qeXh4o/H7H/HD3OC2wOPvDzTWezj7zk+YMTYlMLOd+KwoIFLc+s03FuLQrHsWDrmU3OZ8MoU1IQ19+3OQ0VS1v22n6ThI+TDDq5Mg19ircem1wl6n2lLPZ/Bb/bC0fo8GMhWEswjzKlEP2Sr2ZnorhjZ0pH0qrr+2GoskQ4PCFZWkeFJx4lH8t9ehggm6l2c0kjaricc+v3ZExKkwAOa4nb6EuOi07A5Mny8A7Tn/AlMQx87cuFolzZ9d8a13x3qiB7mwO1m8O8TfJgf/3w9uLVbMN0PnECbseQNxDJWgAUzxi2Cp7bPG+epShz0xBbSKtQc/qMhV5DPDCvL51wrjtK1FRs9gvwioVAb+HvAEXhT3kmA7mTreBAVy/brSOdNSvYFvztJ6/UVRPOSyUAwz/c4dhOkeX2Th0Fso7bfNY64v8o8vwo0hoHNefkjpLQ1jG2uuGcmJ1UjYLJFZwixM0Wtv5YeZKoNbmyscrecLuvHkZCalmUZKYXVcuKkfdRejwuS+SlqOEw5+pN9L2pw/ye9NTtPMM+kWFpGz91M9Xc+3h1yidz8CxwbSE37K95Bs54cMUj3OSheZDf7YZG3nDVHOOjH1ZoHFfXQH1jxQGvu5m1dxYckrPGFTyVV+fyEUK/hjlbKuYuu5m57WEeYrAMLmv3wK6kmBU94uHNWa8jk7I5it+8VAMQnXp18ebTBMRWzTLESdXSaUbIv6G+35y1TPI7zaeto7UtFQCRyBonfwrRLQ7ZuBSWgcC3CPzSYAHE+h6y+5Cozb3soLnsvOLSm3F5dysd0SqjPS+U10QHtbVSKvNvZn3NdGJaiUggrxVx0AShWfLHb/kDolyKMZrmkePwsWjI3srnOmedh3tmedux9HkFlzG+UKVRUGxDIJp26QSoov6ePO7iku6op4ICRu1vG0WWDmhwAao+Lh3U+fHh1yTGeV7lABB8PkM+bO6+waRRMSdaqgBPhchKuf1iADyJ7zhvxxXKXqRQWWJXF5MwkJeeQ1UWjqscL6KqjmSXcMN5RKi+607TAgC1G0bRdGA03tracED44SsT0u32qI4NKyvnYa347rmttjLUCX6gIXrQYEB9YcWzC8G8F83BcgO/rmJJs/AEwJftBR8tUpiVf2nf1nSF/iR06S6jhpYdK2EaEzs9DTuMWn6saMO9n7M1LuY3G+AyCHAmqjWdNMtiftjbGaYldBakaqF5f5Z9GZueUD8Bg9UH42X42X0HVYe1XLDNJNasdMNUT/uLPMAgwoU/7JvBIBBDa4+YJSlwkkUM9OuxFGzEVkFoL624ndLnCZoGgmMKAazj2sTXImVUDiQsUIXcMFqlXQlMTaHxQZyJA8Sg41oL9gDxgzMHAkwu5Etvtui8381nulRBJEPRwlZnMzIHudbKsTLOUOZ9la2Sz6O9nU2VIKx8YGgxnNqdT3RgbD2CsCMDUWm2lUY5eUaF1GGCy+NW7D8CM5oqRXwM94FyqS/wbckY+VfbtV5gGWFRsagVP5Bs8l5T9+WbcsoO9sdoDoZsEnbMwy9OyOHCKC92qwCG6BEm15bjV6EI2DxooCfaJ8+Y8ewleOTruKMLLmHroBYu/ySfNGfrxUY2PX+AXf5k2eIzi/wwMbAFRBjo5KX8hCC3/7NvOAM2Y93DHdqF+0ncP0+5SDCsybIJLlSEJGoQEMxmHt58zubYBkTjRcoczp1EwtoAlyvamV2D8jo+IEkwBi6Wt0XysgY6bZT7BG1DpyRCujfpow+07m5lqISMyPY2yCpo2xEN6U2vT+zoKotZ0OT/z3pqqhHgMs/MxaPlgibYjpQgMhvgnzhc2ygXToySBgBOJKPfl33mZJsvDd4VAAZNHgaOGcY/P5X83yRvpK8hdqJvbm+EIN1zS8SN6esjQiopB6abTisceMGEsHr6wfMPL5/K0PQJhpbbgVDST7xTxlPmfK0qurUEMBw3ZN+1brtMSUKif4YlkmWwoxqXHigU96sleoPzyNNyULu0ZlJm9DlQxBiM9bnX6l6va7c+glTnq3/eSEwyO1Z7SKuiyeWj1mA9eo3yDBav/ZOSBqOR91k4bNQx0PBXFwROp5ux1tteO3O+ILnCmYlRwF9m4r/gWLaHstO/pFJoL4blSuTH3arwWYDPtKJ7JjxiC3PPIeLrHmPJiyyGTIisLByR6+tUrvXofsJH5PuOpZG0E5+zI961oLVJ76WhyEvnCB5HUUTigmrLgHidfZv7u1GaUbHISW1Vh05mP7T0uK+HKCMu/KtPcBT0iJS1N9ez+aPgcP2yo5xqT9DQU6EdelKKRzwAlu2OavM/2AcWs7mAYWtbtThvsLVHGSGtd7ZNdX83cLrQPsYOzHGQeVP1Ru6eJgE0XpZgpvhBYHTt7mbSLsdMZkDK+niZsls6CSISaefiib+g7dtEQeGbXT3nQJPneRSRCXdK4dYa8ESft71TTpylTyRIMxb6D6VOynTiF9X2/2RYlqjtaenH7AJAXdbOCG/3kySuWpfGn1rwZXtFa/gZ52ACAFFMGHBKB1CzCBmcl7PJTb9RFHJ+c2SADdxsrNKjNePUqKqmwTFPJL8wzhHL0I00bpyTPRgrDNlT8CGDsycmZLJG8COdoraOP7e+8pkPFTUGPSU2/DZm/uPgcLYskdfqkM2yWv0blevBtu4iL++tVU8XqM8L3AGFsm0RIzwYxy8cos/stQ+YFaDkmoXgRD8SzFZDBt8xlM+JHjhEZ4SO6mSApEceyH9kjBxHXL2KaaKC9BVQXpyYMXKiB9E/w3Xjh5X/QdePZ8HZ1b0PTPFuSEUnT4qhluJX03uXw6eyFw+0IvOkEZcFz31h0Te4FyM/Ax8+1yYUiO/9fjBhJQejqb0FY0OCCvCC1b7ExwRhYXu/sqBqiqBhcu77zTLPrEs1kMoJHabO+xE0HCrf7glbzm05AdbWZdRdCNIWicy+qzg14RCgZ/IJ48U7kfBDQ6YVDRe0lIIEZY4wo8/OJkXzpyDNOsjE3kK7Giw4rBidTs+WiMfkPbLdc8XKbDlswzAgMlZj3Ui3xRl6qiKVNi/ozTLDlkf5q8Jpw2aUY0Hj3Gt9Q31YkACReB47yT7UNx1O0ORfYvbRSo4V98OSZaV+gCgbaDVGm8DgbfTsktosst1/wRUXkRFWHX192WVgs2hc3y5+xdReeJjqcWbwzjdIQx/9XDSSuyyuMw8jbYFhqvBZrP5XKh2AygWoqzmWokqHRS2STenG/rjt2lQP5kDKCtjseCy9cIW3fGCbh6vVhRGNZsY01DOD5A0aLTfYAKu2qQ9FXOD5x64cRqpj1BM7sdCbjAuKVjQzPiWyVtJhPHW8MAMBWDeoqDQbQqapszK9ERUAAJkvVbdHrm7IMBuXaIsVv8H4G9iqr8+zCNPMa25iQifSFyiceHk/x6g5jMMfpOldHfdaSxryOGKmLMo6Efa2h/hsvVna0d3rn7yJhM75jKMYHtaV8tpQhqZ+E2+Bkaga0KFaylb9gBw27s4HPlzk7YflUj+lMM5zvpPlCQYiLj6ZKwWw8u0yfWAPbl2VfhOcPq5Qm/qGIGS88NC/iWpi3g5LjlhpxynR+pHyH+721lCOztufk1ganLcRm25qRH+RwmnAPIfMsWcp1Q/+aPVtm5+AXhyzMWygqJ76ZTcohDYpsxKLS2zWSz0GsGehVNad+w9rTIUK29Yo+7wq/cPsxsVoPhb8385jepyyqehmlBENqHl21Z8pi4uLZGUdglfQk4aPkiV4PNASWnEx0P7V2WarzBqZNFBt/3lrlzZNSXvveLE1lVk9NOdHdls0Ke/IQjUjJB9ycUcbfb9kNLfjnDNjKrPdCtU6vmrRPjPgw53/zkDHg3sw6hmm32CsOCdfIz+fFCeWc6++gZ0gheJBtVAXsiqvxwO83aFtDilq6dA96Yfi7OZmtHsAauxpzaww+ILSNeMoh5SUjMy5rQBWNh7gmMQf8l/4CuWif84ABRetzCeMbmTUHwssgr319J8TscWiaJHnbd6FlKEVnTlXJsbcve6EgmCDWyoiEQkjAaHrRZ0CWJWAQ9pBzcOCths6qw5UlneTcTLveUVjgBLvJK0/2unjSM1Js62EYAjMkFyDBFdKiru3vRrZ1VH5dnqdq4fiyYipN5dKERJEpL3ZcoSjknsjGuMGruOqI0GtxboAjhBrfmm727LkKGKmK1vgxAtPA/CY3SDX5J3bzs24gmdJUy/5HDMbDmHyzIllC7PK06e5yrRYUbMvs5bQy6/hL27N4aoJufHsoFdi3B3qLS69Fs3NxvWnH2uhZ1AE/0z7v8VGGgjJQi4LZ3EkuR/vcidN/dvo+bv0dKGZKfD/V16GkbhUH+gd1EgbkFQRkmcBQcnN8w+pzoBa3wXYJoInDi0ilPCDjry54FtcNRwxp815MI9ElwP30/2Li43mEgddBcuny7x8+QSKYavL1JxWYSi1G47TvUYvkMp60i/rRn2s4i48HpPTBzwS7ruJGsE8NChqxuO5ukOxU1HE/Xpt8oPPjITGpOaSdkc3M24+UwO3Nxl1gUnovcapHXZfJx0eXElagaKqVeZzGp5dEhw6Fzvomcw8PfWOLTfe+HD+0BfTwjuHilCtb4WZb8cndSEZ+Cp3g+ZXmPn6JzYvqoecenA0wim0Iak9dDUgqbD9SgtnoQFGqriLg+ad5jd/OtPiffZqq9SiLk+BXY2/EwAC8oqmTMHzNwF6DuLe8xmP+wvOOkDM6CQabYogHK+ssds/MQjq9TqN/slwT9U3aec8xznwL2gLXbW3t0clzrGHKF+nqWrVzZCwnde3lZQ8iL2okRFs+rSqsWOIJ4GiRYpPQ6epSTqlphKeuI3m6ArTRX165fjbX+8v0cUGn4vewW61s8u/zjr2aazZi/fQ6RRpgBVwOfdovq7HLDDCiIR6JWxN6FLE4h+GprbTaDCW59So05Xpnw7AlUApxDYzSnsqgva2wgzOIQp1TUG6bJn2A758cFe0hlFlgxoNN/YcTDomAEJkGabdE9xI6JpbchvYuh2wPHtzbhYjPWQe168wKAP9iZI/18sTfU6eH9xY4eDEK+YrglGew3FzpwJNhjN6jzF4cypYx6nQSm9PWd9y0Spxt3W//JIdBU756jwhu65HcaXjnbE3vl1ystSu81iW3UCtMktzeKcd9EFB7GBWW6T4WYSyjdB9a0MuJIXIF63oUMegibz3XiVIYGxawyqfri2/T139ur5fqz7dQLgWA86RCZ5/BSfl21H0ZYZIaDFUzddpmzhpA+ZI8bTRP7dzV4z3KwRp1Ix86nQKldEa3dUHFYwemd3lRleW87+x8H/ZbEmhDMXEqyzgGhhmRuI+6Mw9KyZaNptwHwXV/M2Ymh8HRa7LMLT7OuAXTP0ILETzlgssaKE0gOdadDONFYNqD7cz4FicIojIMBxSjVMADTQGkSt/8Ggw2RrLJ80/XpwIX4pqi8X1Zldqjw7GQAR3AyK/DJvs28wnWVWQBvg4rg4veelumsWQOZzKP3pA3+/qGBt+xjNZq6JW9vkKFFXkZExqTEBmCpRMhaViinlD5pzn87QVKdAFuFWdGQc/pedLw4NbWemXXI9PxC1GiTvOutESA2Cp4qESRDKuEwN1ccTKtJWqoiuglOkMUGJOco7kbRnJmf34K3nv3/08ulGCy06+gRJ99juZxa627zmDkMj4ffFyl6TLu6cb//BN+QgApa6V12Sjzn/7w+qdiJZKNNmV4eAuMZ9qV9v3B8to5MS0AzFpZj2fiQTjLsIwCOrdevQU/ee761CNO/Y9R+Px3dhupmZJVvRK9ekGKoIqB9DFjfJItPdJtxkH47XZJFsYNxtO7+mAaOPklP65KP6X6sHw7eBVA8gZ6PbwZqmoO3uJJqF2uBzF2YgzlFHOPjSMBVt1AFuzNJbQP9PgPauxhcsH9y2UciOtYjZzjwQkI/VDN7fgAi/j/9Pz0cyRvDfW/xsDqDvHSC2oPVXfVOv6DLRuDwdj+TuNOrVJl+4ZzwI3mm1TGduXBk8dZKXjM02q8gganPquOVA7Brw7qQn0/EZ2DW2exfL2mcf0MyDTsQzKbfP3eqOyEb2T0IAEUPYdnwuLuU1w1j2PPqw2efLaKWF4NR27zswoYnSCE3eGwyJn8Az3sXpbvC16bdKtcxUyNnNZ+ul4OsJRVHzGzSPiKz24ATooB9kCY1I6Tbq83KIfLkDTgPyeszP7R72GNR+TP/c+fqLggNK5Jcim5ePUTSXII2bPlZ4r6Ce6XGamAPUWlXPiVu37A/GmqNqwyK6pHpbpjTgXkLHXWjlT0HgfGZobyYypxM+IqZ3FzpXFPF4ml6En4tUK6trfb9yKEhzrFkS5kKYNNnAdI0JR7ajGrWGvycuBhUMn4ryHxWyxTPOfBKsfaxoNGmdFeXxGaPzRJ5pHI/qOetKuZRsvae3rksqCZLKIpvAoZrV/W609ZGd4x7q20MHEC7Y9PEZ7NooCyNH+n3KIbjakdjY8c1EH52yBKcL8T6witHwDAQlMu7KGYhBK7j9V55pzR9mRMoFgzDO89nzXqdZvV8wOR9KbtbDcR7T1LFcmOVmB/GGh/HJ1JVJKgadsH+Q7sH6IZ3Zx0Ksz5OVnugubuc6jINr7nVR2+StLhecqWVL08ppEzslbV1mWXKEFpT/dOKMnrwX9niVj7pFXDEjH9HTwjnktQ1K018ZUI3acZv9BSelOqgAAAABh/qDIwLpabxwUMooKWIQh3you7Oy3B9mJAsYzuBynIEd5i8iurKJh1Xx57L6ltjpU8IyUW4XQxhyBcqobFhKBfKHGHVny+uOUSJf0Lkx7kDBdsW+1FcSi9k+5BaykgSARBlgLfCOSRM+rXU44S+LWbY2XeXhK4aQh4IJY6ZQe1aJChVnSzZw50BGEOeZDfBkVcufLvZdXs+okp7hs8RCyWVEOEvgDhvJsyk5MS5QRHpEDaXfjDOUjqOOX8hKsmpwOh0wUbrHPTfAmLaNUL8wG6ZtB+XTCqP/K+tDekhVOA/3lcvnZPjmMvkvFDeBj3Fu/2vnbulYX4CtkEPguNmbfC8Tdp25NLlysj3MkRZuxQGgHgCShG8nqvBaS3gKMhJuml4SrUjmj+cnySfK8cOL3j9NooUVUpaayuOENHQSHiqF5F1BbxT8mMU+WpiSvDSEg9b6Zd+LzJ41bDPL9KNldPIcL18vQGyycE+scnv/j1i+EfjwpBbpMZAk4hDznFbwsJJP+Dqn9epvgk1TjsOZ3hUAuBSjEJvRW8ZV6U5+46fLWXIIYjQiKV9oiV6Phz29g4TgUYCWMHwCSo1GFjm3MCv6gjrXsWvJeQhPwPRGKymWRUyCjA60KTydZpg2mhBaCrHR1Vz+DVuVtMnklLhZ9K42XdkNfas0dzdN1xRt94mRX/JWlZ38j/esrHQeketV94TJ/6TdMhkOysDOrlC1Y7CA97QEqgh/qcg4v517TAI7I1nNzOyN/MVrbuDTdR9m4NOsAEYc2fPDNYzq3R4C+Nlt5bfhgThzg5cMD9iIUX9Xd5FKtH1Dg1H0NUknCaVISwldVLUjka4OR2jVvaAGEwChRfKW1knNkJffABpgttP93kjzPunfo3PgdgTKXiqV296vv54exFZ0b/LXG20KmMMixMWSXlVZqU35/ZTG48NumnIt++d49LpUr7LbRqDliVDdNWF+U69TzxBUB+tNP/hqVU2K0mPSXEJJodu7f0St41QbVM5rk/v+7qhbzB+esTtFN2RZN50/zBsdg8fKpdnR27LsJtQqiA9aIk5yJlCz4niQZZqTqJyuJzttVLjxANvN8K9lboGCx19LuhA2K+vDQ9oQCC5YfFm8DF4Xqtqff50vxzihaD7zyYOEa4uhW8NgtkRpuV5ASpNmj0eAh0Ff1EY5lOpdqaV8DxJNBdOmu9lNlcJUkdj98T1NrHNAAVI1tx9ryOGd26xDrNnCX9zllsl3BlGtQAQz52Bu8Yfd3ArculwCwlqW5v0+kJ2BvdsKgMGyBWY1wsdKXU+rARDCmDtMsOvY/0AmyFOuseqB8F6hF4tdEH2xPg9i2W4NLb5ufUA2XBljupbeehQZIBMApJwYInVDc+eJ7ODVVPC7Cbd1PRS/WkxxgIErf15T0OZOWChsnvSBQuid4A7+7lHPPie4gUguWaEXsWzh78aHvT0tvnqDqfpq8I4RxpHlYjM834Qmhjxpm6NdbFrJInoQJvYdij7ci5FBhGsPByyE673ZfYNgdSk9A1Pu3tXAFfObDEPk2y6X6rsIFGKJEz8rp3VJMI5VgzBfwZQwwjuYiHQ1nGgWqC80UwymzBXRI07f2bznrV9hjc7oAfq5/H6MH8yYtKzY02I9aC5CgUuuRA8npkx1umQn7RTF2jBCFD3hIwje5VX1ussRQ4kN3HZmjx52XkLpwIjLp06JIADXCEhiIXJyEzryV7q9ODtJNO3gMyar3mVoBntdssGrvJUDjB+4VNmfgPpvlMu844lnkPghIIN943tOYftGqz0AHVAnwNKU2L+TBCuV0aHhfRqzZbIWM4a8vEKjV8DVipxr0YRDWKYQkCCKyjLwk63wL/A+Xf/aRpbBWTAH3HpjutFzDWubmrOVfHlpUXNrxVvdFNHPkiXBH+7RiJEf+tmDwFawt4un71HTXywdRpKUbRuZcDq8kaPoX0wwfpLBbXlJ7zo090eK+C7Gic/st0AqVtXEARpUYv8ZLXADEX4TPWIfzaU81Ivk9wvFqRhgazZbvdR/gQvBLRRcDjGjJrOS6jBOSlUfWmp9j/Fb0qDqfv7gFg095JHwy/f77tJdj8hAM8PEvhb7t50gIM9ehblIDp9lMlHSdfi9jYLT3wE6raxHpNqgFr4JDBt5zqZPST561hMMpS401b+LhiMVYdRNq0hfmWcBnlPXQ3LiUz7qqUeFCOUTepM8yN8hJHYOMWQAsPQoXbnXoVXA/ynoan5aIJ+TdJMM9apIDrqRYu4EsFRhwaQVqwEwLgUnXVWrdvi6k4EZ/wQ2+4ggUAHcI4Ib/KIZMrjJYNgfHaJGfS0WoETJZLkBCVypqQ5htMw1mMw9ky/TQ9VHE5pYSWHXHjvSIP8Y5fqDRe4fvAyN8GWTTse9VsJ/BdQuxNpZTE+rY3eCE1ozKqeSjk0W4m2LJTJXh1Pc7zKEphTtxF9lBqcpkh0C85B2Xj2jumCjjcePTSpLmTgyzgBGrqttIz3BIHGaeolxYYMWj4bO3Ec09VgiSg03ASQILJkrMM4LMZYfWnt66/tI+sYjD1wjy/cyj/CGixYJbV0i0ubKivTQo0Mv94F8Lm5RM1/CsG7mrp1Zxsg87tUC8zgmAKFRrD3Ye78dZ/FLUly81TD482zrvZMhXD1rApdPTcpLBiGDQoomr6XZ6C7Je/OGy7Z6NRHPcTvlhHJPNB8RNcg3XnZpn0qnd99riMcZKM9emWR70N/VRaT0ZuUoIqW1Qq516y3rmB/6Mt1D4qx/Jn0vhoVJKQn3F8N1gRTYdHDK9cy/9V3e1H1urywDUagQKy2m38uTzTwcaZAGwDTCn0eD7HNlvonVVAe/QmKkgbdVOYMi270BeSqDv26JLhrbckGyZQrKLTvFtZLpIzWei6Ny+JFXbEnjn4KgbyPT8JLzfSEmf321OCbH+f1cD0sKiinCc9iohUbF8ht4XCMzqw/9yKyjRfDGreOCY3oEo3Qfyg7n5IqKqacmp2wTC/ukIVeRhbb7LCiCc3Wyx+fwbi9jP6Ii+IPl28L09DR01CPFWfS+uD/X7Dpmidy4DkM2JGactshniGtAHjMmW8PJGTl/+JhYltNmB9U4B9V4CY8xL5vg0V5uBlF/FkHwk5lwXgaj7v2cBRSUDpgDRf2g2AS1d5e7K7Jq5jiV4OtuwXGEIFh3cQiAPC2Cy48sAuGu5bmcJqb3b/1XiXORenlv/RzgyGA6w+Ur0RbHXwW2fKM/wRarKL1NoQCCZZcSlgxowET4G7+/RTu5CEPethUH35ugkZ7HEUUj+Vs+XD43BJzdrvg4bQBQJ73ZTLqj5hRerbSNfxhfdcSlWzZeP3vatEUeNB2Qf67FYB2VumvjqyMV15+KhDG8vMkqjmg10PGfsOjd6pbAx/XJnfET6SI8GS19OZOh6egN4VrppRakRAv6h22xbeWOpXDjLLKwSIXg+qD+wqdCL+TwAe9Gd3MQvOg0ELqzZ2oNPengU4U1/HQ2h+a051rAEl0tH8cLeNswLQqMMgfwlOBx7JQM1EspEMZAoIA2fByJ4Xj6RClHdozuzOFd9EabvaCCSZeLVUd9MoKMIjUFtRuqK2V7aweJEEEWSkAatsKut/A408lfI7iAbC4CnWYRWo56e/SGhZ1xNzWxYUKNl4UZHHCa2CEbWHbLFluyxjYW2FdtSGx6nHRJK3Vw6dOQxJDR1s4fFW9K3Y06ydhFRctyWS/noRUjP7DibNWRT9QawMGsn/jgh2N8k4RDRoZaP+WzHVFcYSRwfFEK5QckdKeliPvMxlAwTEoBrTpQ4HD/4lkCaGMan5jEr63LvOU3CHz1dGpyBmo+HhSyDq6/KoWCMMWBib6G8KpbXbgDO4qQ22Pp4W51uVaVY0I1lUi+lWEi0kiDjWSB52I59+5E+fuPsEW8h/nKhzSCRpg9XdbMyogJF4/RWhdOgqQJ2FonYarwaWNwdEvGAg3ppJjLi/LMpYJKUi4xGgbqAcGyGOx7d6QpgUpP4lR3x6bvOD5C3bpEtx5WqukLlq7Dd6cnVvU5o7GWrovAov3GlMaubZs13xxF1XATAZHCWYdp/PRCwvhNpRWGKpNgMYUL5Alf9ALAZAeP04ZOHdRWd153d57t8239I4u25LwVbhzyVjwU+wSuZZraRt45qKZWp6r2kzuVvHCGTq5hlHZgUKgTXiWo3HRLgcLiA3wJL1sriB14rW4Mrb3oEp2iQBfcI80odyZifRYyRIsQxzewJPsRNxsKiLImJXtSUs0P6dA5SAohExY5wMXlcgmNnHyhdoArEuQSNFjxnTTezffY1/DmXwAUH3ydOVyzNgow9cSMNULKBaRmSXcOWLHtkH9/X806MBs19Af5LgEx+II51a1cUpZmlXxhRhXucB4ws7rU60I5kPH7VSZeEAPEw7yHyqLg+wdjrKTRlIntSVnjqU7yTduz70leu+YAQBrzZBk/yXz191eIsUf4ch9eYXRKymFXEKeAuALRPylJ3f3nSy5/nedveRm4R3yfkXJPR3vKQY1fDkmeINW8OByxk+uoMasNm5Zd48Wz/ljp9iSR5VvIqdvuvfyGAougf96CvInlKyUpD8nUGbKyiL6rBGJek6gaWiw9WaGcGqq1NG0jroMjWacF3Yu5j4OuwEBx7IvSfhAOVsNRKBz45OcpTazizwvj5jrJKHaEy5skWfsMYFzKVmAblGcNQXTMSNV3U7HaiOBkz4PX2MSeB6XnqqzGM7GqbyWKuOCD3ICZcIIUpd0nopi7Ek7EO0onwQHDKITEZoKUSXs9Ir5wmqoPidra1bJPyri0O74xJikdS53BXuuJ4UB1bokTA7NVAgTlIepI9GWiwg/f40r8Fl+GX4FrGZblfZ43W44u8PFvL7ox9GABR9TA68uh2vyUP0eYy1xK1Zt5/RX4B9ePJYl55Hm8dE7PEYks1qig2oI00YpwFm/MzC1Lf6dAMWRbSheBCs4sNKf6C8Qr86mRpM+486VzKuBLYfuF1/nb3m10tRTBwe+wyX5c1O7vghCcoxZWERQu+qSywoMzkOIXVWFfV7B8SRs9FixKUm49Szd9AiXMOK8m6zta8c7ULRfqjFK63n0Ewx8ops6+/hHvUWa5yRls3Hc75X2AN9QLF//HIJGuz1n/FrpJ3ZiQ4O/8WEOIoBZb3kqRnfyDJ7c8KZS+eA1YHfnfOxnHOQtPTZI/Ox37EEk2De6UFS6iHG8sECVc+6kfoWISMxdC8yzLvPBoagyAI3/Smi1e5B0g8skYCIVPikJ3gDbQcNfRS1yeddsPbuF1uRYHUcY2v7kmKo+a8mGw25HS5DqhCKmhZLfA77XOyRdjFPRQrMBDtHSGNo3hZvea1p847u3QftFY08Uh6Aj2ZHTFjYQKrfyZ1pIThQQGcp9iekFu2PgeQEM8eOaFcxLa5i5p4+p9RrlqZ7Ds6fPAgHbIfs/DY4oRrI0BWH3sO2YNXqeKjK9F221eBnv18UUBiDojDxBSBeGNK+V1FdQ7zPSKc3jVykNukzO7yEwtgnCq80a850LoQ5oufNlLKRYvAwKTqUMdIBf5q3dcBr+cBzgzBGBDimUyQm8yKJgvUm34SjFwfwYDCokFoFNKCjoZD0YRPtYeCql/hbTvKP4p5n2heMyDslTzxNAU/diZ4n3I8TXyjLFUpiR3HvZSa6i8/For+THwYvwmDEOHyWBovYRvtVZunjsbqWCq9rSAxXW+gw9F7ALWMDcuF7AfbQceIqjKNPyyPcaotow2MPmoCxdjaq/AzqonXLsBbd6tuMYnkYdWfqncjwX/R6dTvMbETJo1LjAoi3hspU3Bywqcy8KoGBTxyCtmaosB8PcKI3Ij78Yy55DPLTvDm8Md3FRUGcIDoU1cX/4QoP/IkWbSVLmgzQGX8jiXzCtDaihx21NFLCUgOxfkIzYiopgb084yJHPam/FmvmxIO1u7+WA11FBvl36lsdYKeSvoa30NUtzN9xVkyjgKdhGqMzsS+KZSRQjIVG/FWvoHteOx/lgj5/Zl8qZx7TYDrP+gcCMMfQpfIh7lsPxhx+XG7XU+TCpHIGDetlGqGbxzVcSMRI9U+HU1TNBudfkqByazh6ISJvvhFg6p9D11AmdCvGyagk8IW6OOzWQd140zIBHGJ1bbC3fald3OWJFgPEzHlQMY5Kzv6w9C/hr9sh3y+72tVeFu9a8to1UygnY0vJsQsQOHko3oNjp79amEv/87bRFVRI4f8Ff/Sk3LIoLsl1BJwe2UPiLEFyZ72VY60O4WEh/dS7YagWZ8X+wOi2AaHqe5+xmj+Bqdf9oybk/wAAAAAA8AzeeKs7QKqP/qzItX6+Kg1+RUylY6sDEVfLl0v6F+6x8cCfYiPWzC8IW+vFa1ivFirlSWVB9AbJapF53sDRcPI16/aj+GbDP+r5DmbNHt3o2XL4bG+eVW3BEGEL1sTEStOldn5upRrw5lhFuBKuu6D+xIQHZNSVs6tgMgOM/42QrUQa5f8/8cd4uj0AlEM1cjLPsBRBy5Otq3aHHHb24IqU4vT6pSuj12RyGHkBdAiXQ/9kPV0bWWwj9dXVV4lW2FzE5UbFLn/pXUp4jCZN9Mq9cXysAWcb551Jz5+fmHQcu4jMUQJ+AjrKjMhJOOXQ5rh7Hl6cXBgBTIHAH+O/x6EBQiJXO5Tkv5QNxbsaYboN+YNiy1YiT7ZfylkLJ9LYQQG2HtiGc8dSVFbH1rA8/aKELofklskDdRZbb2Df8mztuD/BBTx1nQorJXfq9iakgXSB/IL+9+yUYsjXA2pWQkWVYA1ffGpQaEZ7zgm4ohvnE0WJhfhOBDC35Hk6CLtPplZhPYLCZvh+9JyZsvekfiquB66ai+Rlxe8RNUmaGMGLbHx/bwbe98vcPCOFhhdx3m140pyzeiyQb3O6fQvmZH+ljNIOVBkCWd3da5o76oWWofNFpCyULnCW6kjFTzrho18rx6O/cPG1/fg3PznwJ3sPRPqDSt6F8n07JBdK+2nagHWmOvAcmh6LJRa1U9RpA0eDQj+iePUwyWkXOFrN0aqzByX2QmdhSRTQ4pH8qToKspPGbbuXaIDthypxv4S59enb9d+36wDNGJsQLmCEXO6Zwvs52E34Iix4S5ApOSjoCgt4DoQ/MY5BvMh5vKvHn/qixQxN66fQsaRrscv6f9nnbjfm9SlSEttxt47FuZbuJrbQDVytimSwtX6s8QFC3GfQzpCLkNyq8W1Sjq5ZP0TNzf6230wrIP+cpYdBk4MUDrY3FfNsIbXPO32X6/v/zkgiFkFxu12cxkRWOJuYUdxdSnVqN+xJhk5N5n4JG5wN4v0LQq4o7my/Vd1OY2+njh0cLbYq8lpyrzNfywKlxVs4+cf7xgN2dilNqEZ7Vvy9EIlO2z/kLNSdukMARZpZa/P4M+API1699erucLtoDcLLPLTKdjutJQxjwmK6psNNmolKLcmggiWY/CL/whqu5dcNtCtST5I2zGsFSle6ufewc2f2zuvHmIQuUmGzMIKIPG+KPYgc0kHNFIdrIpmdtIwglL3cKuWS0vp5jnFWSh36q6vPNEouojHo04t4+wBs/pUKjQfLMVINmzj8vwRp1UC94kywn1+Ijv4WUwNl+qw7jtGlUfhEDaOhhOH9hLPLtWgm4urjlovS3z+VToI9tifxadXvyoyIHzf4XzCozBb8m6JFTfwZqvCEparw9g8OyhV5zwMT01AqAb7kpqcNIGufqL3jHu9LwGGZGp4i7E4sjt4oSVpAWzl06Bp/B28/hL77kxt4hoqD4fJqfqXRAdSY77GCfj9xd/oncVBwWXLYpKLL/w8oAwHCL8ASPdOPWWDem+x78B5QBDsGfgixIwwBq+WVdPCrLtawgAVb1VP2Bv9jGCJjdmkAPQmq2vyAra1DYo6dYIlLxjhnCI6yPG3A6BUsSDjSW4G0TXbXhMvmGbM9EOiFflLX9jpQsALkwb841S9vpSiaHqMZmc6flxeqOGl0//RuvzqUnPSPOOZRwV/Lwm8lIhozWaI6YqiqocmA3zUIYHe+/lpc3OpeQr153dokZrDti3rrWsRGB+K/zp2u3PGf0DcmkgqFjJGM22hiO+uJeo6W6zxP8XxRFWRTP9XjC2T33yTO3Mr1sXiHXEjH3Y/WRGNB+a9IcisSuM7QTegmsgzpMe7e8HS87hzLrLa3iTc5w21xG+tCALe50a+CKl1LPl84LvSivhSqsPfyfY+zXPHyPC18b4PsEIYEwV/908PDYhS4Vc4OKYmFn5s2I5E68Up9JvPrONXlRhSJlCA1LP6kPuWHt8Ixg5XWDJQGkBczwj2NdXuVUwAZ56Uq5K+x8EApaOnF0DparK/zDMQYzkAWMo/mbjJhN+smsFkpCHtH5Slw0jEIubvRNK+M+jDHJ9cF4BCvch+dxYapH8WifD/MO810r1MF0eBxBboBttUgP3PXapuGFvSLdi/IzEqMfVoLcpMTNOLHfaMarIXOxiZoc76d86rSVvuOsU+h/c620z5yUnNtzvrlDY3KQwu7s96nApt5xdZyx4vCXC6wD45yoS3Gxm5lqtWclZgyyOb6onM4bHKa+CYYB6xjKFoHP9vR21UB+CsCK9cEhfUEqvn9cp8HgWUMb2wA7MnUcaCY4y2SBuv73q7tDJ6FxGlyhPNqj5AGY5H0D9/KcWHUv4ifuHp+vDC6USyrVoXlnss/+EI4QFZM8gsCywSily2O5v29HZcLs+7JYFiTsw+rltpxV4c5iO7uCeei4to7nxhJh8CpW4RqW8DSLVC5ahW1K8ZzCKcOtzkMftyDwXGBS1s6vFnD0v+rhUG4ESXaoLjSKDEebbPqG5GnmWRNdnwRIBK4pghRh0vVZzqXH5D2qal6EjHJ8yOOs2/g41yAXOOcf93q9VzPyiytgUMgCxx4hqnoycKLnc9TC2HP2lqdxHGU9oC0jR6EuIfSmYUExwWeQi8UBKctH0Z/UBv3rS/9NmG0IPw0jc7Yv8hphu54ydaCS052u90l+Xd8vFF5QH46RS0HhAh2JZUFk0UjZBYbTygFNn6ex98Ezd6cVc8m33NXAD68bmGcoDR1kVxIWWDj1COf7bhSBgjwGrye0tcnTYbO6cThSWwhDF3FpdGa3gIP+sDSKEUht7jeh6b87V1TovC/AsmPFD1xLlnnhx3aV55TGm86IJEXWleG/RmTBnt4G1gEW0MZQqdRHokmCuJdhKgaVtYnG/+4+3mn66gqi5oUtI46YrwtYrAqFJCpGlBALHTKg4aHum/UYBedzAYD15CQBOTCtExVLJZTt4PUCo5AbmrgsvHFB1aFBNkHS8edjO8/kv0RRwhofPfSSqNUxG7srvxuVeop2tI4yYPTB6SmpQQFVlbUbTTXs9hrqySdfmu+eRsJ7IeKPzsR7GEnB3CEAm4uQgXm/otAb+wMQW97I2NQuAIMQ1M0fivbm20kjzlzOz1b+yHkqxPtIimlVoYMHF93AgvsvkMl7YBbMwMiA43zFzuO4N+0CHOLT8V93a31RDk7L/0vif3dx4FwHANNCnxHqs6e4t4svRWHAe/o56+yCF0TsJ2nZYYDPi8vJrms0yH5FZnJVkiGGWf2RD5ZCUlSfpwgy1ORZtNXeFld0dS6NXHKtxFb8xw13/BM1qqjQmlj+bk0QNS6TGVdpPHoiQ4igiIuTech8AiMuksj1pEu5axgq8ykNKuQjTIbjxRAhVCDpLpNLG97JNjxZscQEwQkrT0f452pXSJgz07DsUbvFkn4XtU0rLAas79HYe3IdDTKu3rsnoeP7iLTJCjuyZRCJJOVDpSWCXAF1MEnOxm3KKtHBO1aEa3HjwW9qB1iPGNU8L4EOyRfCgSR2V/jXB8b0eDDjA0rXQpyWeMFMrm+D9T6AbamZnCdqlv1jP6zaNTutXF3reo6ufIV5UGO/UdLkacQq1p4ENhTq5eoVUuiJEkzAheb3+XtulNpn00GQuf8wQHoqG5HE5CWBAVMsyLWx681IjGhS4Nxd9/R06H6SYsylVNDOisnSmwSdXLnMZ793HdXXMDs5jaIGWgWGf2C4w79xQNa1bsNL1jZQYZymbdc97qkyILqIsVZupTtsJ1MIaoMJD1beQSYWSsE20XsvTzGTS0wVB1vC5CAz0GFxAsxvThrT4ykC036uklxi8cP1ItWZluVBSeFlCA81XdJIniH8+5Ou3sQYoYsr8QCFVdkuFOfyE3N+9+67qT9qCSPsZTvaoiH6YtdtSqUv1z+CIW/n3IlX4sdXRqs+FHx3jIP2sDu0oEVYgaPw4eBX4UvBnJLTlSvLC6XL/UAvtIteFvMVfeCVmOQjn7JdeNp1wVKBWHu9juu1v8IucOcZfrfFK8smDHH3OSeJNyjx8h/qDD+1EK5zT2rg8VFuFR8LJ9AnMcH9KpTmU/MkjJWuvK2bbcs5odXhZbl45hOFMReYILjYZw7CR8hyaEPjyImF2qqmBBYPat5r3i6AUdpIT65X9GoRL5aCDHXICXdfBmFiJ/KjoN8gu75eXGxRB+eamJRuvqjiiyV+3y+nPjvHHcT2dYBpD7D06fw5A693HVuqg/N+RccdXNnfVEd8s1VO37gkEEE+MmajnV+LCReir6i1voWTVuwOvgkEd3HJXNELEUjJ5ZaTCZ86gI1BnIJ0N4fFnuLyFOspL5U9TkSwGdIRRsOjTel2eXA6WGAau+srqDQvOWARaM+s7wnojtP+l0LXXpNhzZkQB7OuAtilbdIz6306JbXsdBzCC6qbUwgrd7qcHYXNqVd6D1g+fkr33d98COYg/zAN65LNtLn8DGtNeGs9geyOe2lRfEOqS5NELdcKAICpOWktEGXNKGWaqN9UEPCFH4Ve7t+/61mQTOclatlyzcZh3XFN07F+nWIp28LC+Fh/8g1gALEpYmVPNGzMnBfizUDyYop/oDy746929U3oyqgsHKN4P0QUxBb7sL/gAUWTN2dY6RV3yaHWw8VbVgWhyjN0/Vcq+ErZQyTVtB0dwKCHN0qUD3dqrgMbVWdl34HIx9CbVknhVWwZr4vCswmGzqVALJyAwC5NZ8l5MSSIR8va+PN/Nphq/ZUSueIa7wAGdUwxdB73/lyNXpx4Qr+7o8KCYp7RMsWSunEYsC+3Ostu3+AOl91en56vCYeTqvMZRncEFl1xRfLT8T6p2ImexesrosTl3q+W5L3qhhk1AIgoTOWx/Fc3fmSvBMONAq1VzXPGqP+vtpUDdufFvo7+yM0Jhlx2IkYD4pwCxhcQ0QYXdlrV9Ye7fSsHxMD6vHpMzASGKcfAaEpGyJp11lAEpkKDKQZ83FRSMOeOwGTjO0rN9lgOpOdMOkaZc3NsFW6B5AHql0PbNmSoXotnKUAf7vEAW48Tql6p1dUS6da7p9Kj38jgiDGPA9NMQz4iwsdWbCBYmsOrLAo+6ebc032xhUXo6muPTLS5roeA/13dfdVN4Mb6NgXjyBZiEZvEZx5N3niKi36tBotEIFEIf2QV03I/QAbUIz8pY58GdZ6IWW0kEQTqVC3t2EIKTgPyD23qF+TH73c22ivSuRnkRQZ4PwavcZjirez3Kp7zUjv5Fv3E8vsqJj9MfGB9YHMs/F6jJeccOd/a2GGS7K7qxMIpX2EDOnHbQoFKG6Rxf3O57oO6fMdPCP8Ig22wQTxv9j8AT5Qz9BMpp1bLqX+1nuD6DAxkkjVM/XUX+AVd75pMiBAek0nmMingQrQ41F4UYRMxLzUamirgckRawrFT8YKj4gsxVywHx1CqM1SMyA9vCFo+otFtDSlV3TCS1PEqgzdSczsorrG4n29QHat4XPxsO2+vgGMYXPzkEpjpHTU+1jVYCXvfHdZV78ekevhDcjQQGWatJ7whmv722tcHBzeORIEZtVJzUOoyEQQ1zCd3Mmwz9/gVHI+KN7+vQ8jlu1EtX4d2AuGCKnxYTtbXEGO1Uafw60nP3azXZlkbjulsMt0S5z4o/wd2q+BGdp9MZL+MyZMMmb2TCO/AKumfk/DunGYUZeOr9/fXFzYIBmbA1qqfaYkBVZd1Gg3NmYDvsDAvyrNQ196yOuwuHRsVi1l+0BtPmkmyBn2ZKZTqY84Fw/OeC4RtieS1C2Bx2cHUXrDSUUJj97WEXcVl2KSgFWzmg17vaekXB6BWSa9DPngfXHJETR3AMKvbY0knbB54pkbzq11qRr/adHYd1Ccd2ocuONniYpx5nvUxEncn/t9X+Cz5yE158BXxX43SLqf7RKuwy6wUONfAMlaBwKlg8+GCFaNmKzbOggSL3166dtJQGVbL296JzScS08MRYlYTaiXuVNSfXKNgS9Ydnvxa9NUkZVxBbTq2n7oyfINakIvTDMvepBgYffiWko6kR7tLaZHuJhsgn8FL44jXUQW3oKOwmriQpacl7QmZ+lP8r/kVGmdnqdKFCoRExczSyZAkUytPw0AWKzGmEWCTokvwIUY3Ks4bNPghFHy7p2ZtG/YTX4L+v7yjfYL60gfK+UqSiuZ/nJL0ksKpRNQWitZKaP/cmyRex/pSXV52eRjzXTlthACbnUmrt4/DijtrWVtyu5ZuFRO83wLz1KpKbCkU4Mi26J5sSTW8w9iSvXCAna1zCHSuMR6fXj3V4aEMAlZGODxL1jnZ2K4FXiT8Tb/p+USDwadKlpULRMc4WUniNq5F1FPPDHUeyW/HHUedqFJW9YW12uGIBS/bUvZRCFmF1MZiEyt0+FVen0/rebrNQ4RIqMaUwbuJohYxK38Ce8s+connBUfOSGegfP073hmbqlFjNedUHpKSHiTksxsEf/6hqsx0cFUnjJOk9PmvT5ATMFB+BZafCHtpRSwYiWtRGQ0a1tirx+/rov8HjMjhbZHpqRDS9NlTQrUtiylxQvyR2nrKeWtxIOTXJOFnQXqSR9r/P3HAxNZw0Yp5IArpUOeNTgOyV59hKWNFGMgQtXPyx+4TatjByfvi7TxaR4vGjPEaK1RO1/WkanPDm1IoNBKtjnKwFpnj8jJs/JykxIUwGBdAH7bA4+eZ7QaADhHPRsC8WAPd9L16mPBfCjM2l/2a/NDgIGGjh59sBK1B8GHQWBU3/LgzHImRK/o7XNoYdKLdrzj72PVLKJQt17DjPC6grSew6ukl+6e8TlKQI33TEPqDgJ7P4AfHgamR0vl+5Bwo2XPFJilpB2qKtM3fS8PjohIbosRDd8wFSGS6IxiU1uHkqKhHK6JHIIZzOH1KdWgPwtfREequPyn6VhMhBXA1x8/NFyVbWE9FfQ7/NFaFGv5jnjuKlES2THBT7ST7JSiLcXkv0gdZOVlSEeShiELs+k6njs28WO7jcn8LEvzCdgdDXZ+FWs4KksNTm0AAAAAif6m1zfUUywO3J4Q+BGfWTZEdui9b81AGVQzbn20vePQywsXRY/japUypJ0rG8jjB9wdcAKeoZMVW2Y0pYt6ZMzWi4fGnvxZ6E7tI+VxOVoGdLpiq3tvkYa+TNQK+3p1Iy+zCYkgCscBoSti897hG0Fh2gO/usPq7Fk1ginMklZOZDCkWW0QoF6k6l3IOul+OLaNUvPJfeJC5XINQxIaBDZsmxkrfACsR6EMz7XBV3UFezbXpnMd5CXVev4QNroQdzdL4UKgFJqnyi79jySkJItStOWA0YD9ctSYI56WChI3ijpVSrY4WGynQ3nt2ycCXnotZrTf2CW+AZtu29XRyNnu1rFFKqU77+ST+E6D+/OWxmoZT03b2fSGFhOZeTTFGiIwWgkIqV9dYMYVKc+MitvhX+WEX8SLxZDRAJFF66ZG4tSS+tHjepxB7d7EREEoWQ4D1U9ojt3e45R4k5pZElkpqmmwuwcx/DTDfvre4Mx17QpPWOclzF6V/8myrx4PYEG4gn6Fb/ZTFfchTVOicY9vzXw0J/AyyvBKBiyJ87sTJs+GlYTXkNNljhn3irLWaYfaiaxvmVfB3bosx0daJWnoMSQmlhReACuUyPpLysVLuIq5Dzwtiz0t8txadJi22pYmzIeB07ay8YtS/UZiX+K0yq8xt1l3xyrxqMlPwqfwlsfjuC9yQYgB0VJsAWxdu84e1nI+hlGm2WNfOZYXCQKV/LE+C/ExtAsKx0mk3b6/knwRVEe+f+HPgKmF10SjKfaL+H4bgsFMWK4M6e/rnANgiiARrIypI4ct997/WJDu6x/ugPiGKptCwcRriqF24jrx8Im6YKed44D+SCp6OBQIWboRzaia+UAom0Z15Ou1KoAYHC3diWI5ftBcieurDgpJAlxV8d6+DOS9Y1yPQ5jFkAsDAPR5rXdeW/jdJ19q8CnM2Gj58uyMHm+rP8dSYmJUSN8gHXLVxD7YzN/YzQEA0OGvdAh9SyZ2cy/6htKVL+eA0NRuGLn6olahLQcrcQZZ7WbkW3jA5fUA5FP/SM7A4QuHmy+7brdVoTrjoMOpwAS6ocVFfuhoJ5FVfimS7hroQbLAhSAN/ZnSzuGO/wh8p5TMzPTYaiz+YbhVFH2yKJk9QBTsNoDjZq+OW9I3uv9agcZlZms1HgMrjFeoT3WBzqKnYG+qflL7F2ZgnuBdpTEmrqX9NxCD+DNKM91k8J9ZTCEgxBloFbQlnmPKm8PR/6SMDLX1oHP4Y83OjqQjrunbSiEvPk0YkEjjUPbNzTLoyaiTDzYLeHhXptGOuRWMeRav7kCVKsReMDat4UxI/JcFYV6cfaP/DvQ36lmpbQqdVoDzicjtjKwezG+Kl701ul+AJ1o7Z7+P8TxH7KUDbyNbbyH0HDL1Lo+/s1lC7krG4Im6FEqVq9zosp0+NCiY22y3C/5q/XONmhyHUXoU6FVAPrOm5yMtKooC2bWksIdXHWQXSlB3HcRy6fyxk+PqGDZ9pdHG+AwE3qhLhyE1AezjQ79CUsrHCaLjSh7IBSMQdZue7IVtxY8m1i574aJ/L794Bi+QljhE30Aw1YkhCSx6bNtefGSPOBaeD2nbe99QG53kHwLQZUvs9AeVLVsIuto6rLTn4rrzvpUM7HM2wKMGUaSwevZ9arm77MdfAoKnXRWGE+pELOrs9Tuy0jgPRRqWGFgsVxqbBsXkkrCSwNPxmtlAlpUK4TTBLei/aje222T6ldpCx6EMCK5W70Ez433l7ozjwcGmU8PH66mPNqj7H7RN8C6XkHWap7U7NUZt1KcEmTyrLX4Yt4kQf4zOIZgbH6jqmir0YywD3i4R/whXe3aMCDCr95Tr5kb6gRHgcLv2uvHusyr1TjDcKfLIMvqcmc1gzg2JLERNIjKAAqMH2wKfAnocXdJJJbsygjgN4usAoo7Ce0CQA2JrT8Em8oU/KU373P2iTd/2m8gBShRLLsYnRgu7ljFX1CYIhpToLaqeHTc9W5kz36NUzssZ3C4ROsqNDA2XhxngCVBwgSdhMDrVeWNwi4FaxcGB0H01iTC3GdfFSQvbHPYUb0fkfHUmBeYs2YdUXNjSGU+Ro/ens8UJX2MC67lbIWTOS5esdtbXQB7CXEwOoyVXhsE24nMi4x8M7+zlHwrgDZbN5pw4I/+TE4OcTA2S3xUE8uuOAJ67ZesBCq5v8lJnyadj55Ys5OjTgzSvB1jo6Wd8JsSufcSexL7yGpQiC3KdrUZv+Lnp9h5oceI/AE5WLdPDeseG5sHP4BY60l9NkX0t+7uanNY7lizOxLnfq+Neyutp6iTAMob9LS2Nwa0VKU9kY+K5ohFfPKBRPF3bSheGiJzqn/AT8wW6VQIeKbhYf0Vp4rd0F0kNnuhWx6Tf8ExcNoegjX0uMvb5VJRzbNuschBXtBUCsqfIImYo4lUD2VPAOOnjuiLFGLeUl4TWgPhhYYTfHCrZr2tjOdAI7k7vEgR/03pDTVps/P/g5TEH5e6uUFdqrNz0E5YFaZjbIKDp+FqEnK6T3cR2c8Tk893ilCplDrtNM9gSD/nAtZp22Msq3xoMDdncPbEacMvHY8V4TsaOWJfIvLNlzopXdYanncwil23V1mHOfEiKvFPIJjJtmtyBezAibolRZhY6yUbir0utCLZ3sN/n/ERs+yNYuI3BKrUOJloOZeo1ABCIbQhbt4/wzSk28V1MNwlRtZOFFVZhkApVw+niXNzHqcSYLMl96nuAiU3beU2yWo50hwfjWQ2lNDEjpIjGFIHage1H3pI5rZTguTBezcPBm0Ab4jqjM4371dtI01Vg2KaBUmxX0IGgbbIwfzizQr+udX22JefLT/Sag8Yf7NeVB+n3koMFQVjbhv0nbUBSwYaICuvzUyGhJ3ofARAFaVhb5aVRREArhdjy/8k3ysxltd1lCHId6bMP4JlO3BcSZiLsA0Tlw9FIMVyBjx6s3pQTOTN4ao25El5UkG1uCtbJJKbIs+J6AI7RyTxy5/Rgm7T8IPiGIf9Yw3vQcegvtC/2r+aP/easytp+qzlEvnFY1Z7ANRN2QEjmKw1zRQd+3mTWYRpTKm5s8rHVNSPXLSKmeqV7iHASb70MHLjLafBN3P6/P0gwWKu8MTLiHFCTJ/T/9WCfv9QgWUYQ04+g3DbyiehmwXUuE2cw6wOjP3m5x78eUMWuxBsLi3WSbzHZM6eZUXSIVhdCetfOulXZh+eIWmv88fytl7q5UdzqgMUTZayPYSDxNup1ckjFW3pQPPtvx6N9WI2vbQqYOST/jrKiDp2XzS1Y26cCDxaJDW96VZaKIJHQ/FGz3baXCHUuX/Le52Xd+D5kXUo7fpWobAizjaUxkw85a25kiIyeOPzzFhE49+F4se0FeMV3W5hXc6AYb4imZgCwj9wAFpwgtb9xUV2jS7w4eRb3YbfdLRRr7dWsVroOsD3SKaBUWMOzanJlDSmvvc+hUKYR0i7awsOuPzU7XVBzKyowPF9JJnhsqVhpInH3FnziKSM3KGLER8EYcfNlOGjp/wd+J6KPuXDVzupcASa7IhW/rbNx1iHnHJNhKwPYmUgnDnCWzDF4DbELompFFsy8dRapbAe7ws5bO6t3jL9NOVrkv2w38+ybp32pSEtUaRkGdxYyDbZlh5xBMz7DqK2yuuAx8sU2unrxy4iKzg6n8caKb++0xRjQW1iVtQpXSKKPZ1pZtM1nJJgr7m82M26ZYGbsDa44fy4HdhcWMBUDp4ACi8ffJWHp0OiH5NIoPLy+U4CqNUjxRY1HMl+XfxHMutbM5JdvqVmtNJ3h6yC17pCIhgnsAjDi63WcD2xkedm/3oRO1U4i3XsGNEJC5ZmbRdK1Nc7HdsbS3Pr6TCEH82dXCc+oTF2hql3YXEpKvRaukzJsBOBrs8tIrHazOkL00d94+5HITW7lVEnKNBukJAAtURbSFAFFXIqI+a7cB5bWBTCSX5+ccTX8eiRvFe43IWhU+1Vjk+D/Vvrd8MFP2Gy0wsUs8UcwgaipD9SrNWsWbbSuUKMk2wnTF+o+ZAPto8ehdeeS+ypMkWF/RBSmS0hayL3BZPpAvG4AecclduZBnran17CjhfpFsNEaJbw6EIR/8DcVF2cT/d8lO6iKx3y1MT8GJIDUCP7SMplj56dye/kWQ0JADR/NxZV+hTCWJJKyQbtm1jmtdn13X6Dp1g/w4dFBb8OVM/y8c63vPA6EidAW4gRSehmbsakiC1kv8M0B4r+bcYJ2RogfexkrjRLNJD3uYNXnq64zTquILeYf2rz7MBzSJwR4UJ5VHfValMMpMmQrzKszWDXtZz9VZ0I0lr1Q8U1TLwbY9I9TYAF+UeQgPgP8JkczQ3U8eef6zgid6kSg9Vz5nU4MhfJ7IzKKnduXIsYDdvkRDMxVefwiYEMyjcjDUeBzUISTn5NYAtl7Um263OjfeZ3mTaHJXzsa0q+CPPl/SpU2FPEtCFYi2kpbgBw7UmeXq5FOW/6k11w0X/Yhh6PoqUVvsAuo/B7Uo3v4umDZ8iJbVSW10ND9z7fcpO6MDKFltEAKeGp6WSVxCQzhZNnOs3MJvTQbA2EkuUJqv2RrMv0s0oFYQVo0fG32q4pL9/Rh8jb9abISAwge9gVLyL88+k+idKmyRN8GHFN4qWKJyiP3AWn8CRECw+3Y+X9/psXfH5ZtUK+xmWO1WprKBxuyJSnouVwlatihPYaevtq7HZxWnn36YWNjeQid3bTkNhY9diPDGGfhGZ8aFoA4vAzW6JX7VxykUm0CkC+O4rbYhM1k61IjpLkS8CIMXt1bNF3bbHw/K6CWuxoHCSvK8L68d1JF46rxA+RKUCs5JNk7aomclwUKnEYWWeH53OF84B5Bwfq68T+FoAm3Y37CvCROdAJ/2n3NEFGcWhsUOcoehIUHxXOyk8XtHjmE+UrsuTp3gYLA4yhzBwtyes4v9+FWvm8Gyb0uyA9+fospm7spY/vWQWKRYPo9Me/T6dHXinViFqdyQd1EV46X8WrnA4wOcN7urON8RnpyfYMbEXj6VOuLcS5XV3egGNlkYmLwJJ9P98GaihqzKpvp42C0O7qV71ZC0sX4N+CeVSWwTbdW3ZKBZ57tQ8y/afqGhenC6sAvCn1aopxxCCPqzyDb7LcR9x6XwdRozfsAeV2QCmZB0UgZ+La67NI8yF6vFIzg5DlWxrJ5+OsJekRU4XwVFu7PyGQF2g6QLz6LxYpd+ewAFQqsNmyjDaDTQdzRKGTF63IF0u/aoFJYmX1peshkFXkCy+FL1RDE41fX2kgfftmLYD+KDv508Xq2ODPtvICQLzg29s3DlovEMKoEJch8rD8rDq5gZHxDvNt8nQrJD8OBfr9mI4sHby+ZmWGjXWToDWOqFv9NzAci3v/obLnm7SXHjETVDzdKfQxA0n/HiSFy4ejmDf6eGHvVVSvoCTxuPNBEhqcMZZNhoTX5IjtjOPDc1VWf43QVVogTZakFHsA+PWIFmbI/A9EMglGNsKFflnxCJKQ6Kui0eywQ7Z9FWKdqPvZzSx9WpXNwfKBw49Ydn975T5iPAnuijoWT0LG7DOKFN4+3b44OZceVkUkjdBZA8thbudZOhDTu4yl0U7xiFS9T0l4+qq/77KndODEEmGcGFHlWhvKgrFZ4PwOS5I6DKZrlsFazcy2duMM7gUroMgYa8jGD7WOEf810nOY2D2v0YpRnYwmYH9/1o8U9XV/azHRLelzEvGWqMlOibnttphyEh2V6RbYnHf52QeZQUOSHKC6dncvEjX3v+DBFFgq0ZOU85KKnSs+rzHTerhX03fnHBAO+W21d/BZjoeLJlfi/V+32yfsOjlbpurGyqVC3S47sHFLkNX6emo0zJQq3blWfH2tePTls/EO9TaThNndHfMuwbraVxC/1rgh2xntXPCntmQqxeB5s5y9bvQqhy7WIR8szeyj1FsrLD8GJ6MtqA9HGMhWg9qKzm3iN6nTMueeNIYafuf63pbQmr+314GEcQmKOVzlS0UQ5nmXZIsMxHouwohOmn0ezwTysKW5d+CsCu5Ih+EDSICGoVF6iroWWww8IQffkmzYEPhcj6apxVoVz4byezh8YubxFRArfbFAEV8rU3aDxltivpNcWzHB+MY7l+Thj4m9tgGCBqi8YYYITVu6wdxQkQuRzVBe8UlyKqhoxtr3HRBjEMgkbE+FBQU8aVHSxyTjlpbxW0AV3t0zzZpAAcwcOYBrgn9/ac/5qBPNtzNf9VS8+t8y5fOmi7Yo0PDlbS2Y2y3V6T6qR9+jZbMfu1qcaJk3zbyjIkIE2cMqjWfs3VMXkYOYsZ5xC6voWXTbORj1ibyp7zhHX/wwoLKr1aQHxRaj5wLlLjBhBHLdC1eJjSqwUvodZ5qxgTm+eQ/A2ba0NzTmGfXknswf6filZy5Vau7oMa5/Q6e5syC5wV4fqq+NfC60pzLNd94B5rvf+lvrcnnoMYL92fjYXdzXq7d0JaY1U2Gb3z2R708Zoiv+wI02neoKYIj8BuIlrKzMzMf+ZcEqohY5idfARcOVXysiiCjgilvdjbz+CxUSmi+ZnLemz/hQqxKv+a1mnOLpkuDhmf/T1Z7Nikqin2eBr4O8AG99F4Nlt3VQl61aiaZr3Eidkmqy1hTe3Hxln31Hb1y/Z3r2AEg8Gdrk5m6wT5G54fH+yl3zUSN7SmTDWEOKO5dfrLM6cBzMLbyeQ3bWmwb1oa84mmXzy8fkwTB2rmjUBCeRAVVNXLwCiJFQ8p7WwDwFs9EmZ6rMkzJTHfV+m6OiBwFlybDfSlRxTYP5g7gH0zPhglCq+7BCXjJS9lyHUiOMMu3dPb5GwrR7PTyMh7iNjCAj61ulCns211EUVIARamftl/1rEKVR6Ow4akAVn9mfUuxqbuJFr19pEI7QOwUcdAMnWQeJWwAa4QIbir0ALDXGFWYQ64pv2umYZJ+EP7npGIj79RxnkTatGHCKHEI4+wWnKU1z1Ds8aEBkcFqC9HZWYvkqqSXQ6b80DV5VJLsiRXmRXpqkTGRtSjb/wVm0l2F78aJ0eEsgytB2yfWociL1C6G7rqKWJi9TIrAil/6mrazsMvFGGlLzff7G8PKO6PPIGkfhT4zsyLJ8Qtmc+lTX/GBWywuD20lyQxfCAcbwAAAAABMfxK3k2a+i8HBFX/WVqCik0RARS30rhtf4HA8tg+i9Y8iQF0zMi7/SyeNwPR0FT5kTQCS/+4HSYMFtXxd99pokhLXYyCAEeCSWpPiiZakH7U0cArNhRsvFxtOdtA9ccNk32Ts7v6Hc4lM0JxFgq1kWAXK03ubktsMa++7LgefCmYU2KSfXRtQ0plRYr2SyBJAru8U1nB98sN7PENC86rLTDegqWmShLiw7xTuo8aMw0SKAZWFQCLu44SxQRhObVaRZ36tg6f5FOp+roWc3tQK7wLBSYl/5mnez3IOdgw6pMNw15toVqfL1VnBR/6bMoxd6LToeuIl+9ilx/WapI8/VBzXxOIAhDb2gJP4qtYFzHklFhR1iTy/ozHIkhbi/tTFxOrFwKie8h0mZTYyu/rtxHojucOz+BMuF7DOu3jwPK5B9nQOJXbAxzU3UTwNjrJ7TSpRzCcmrNmK94pGkhkkacHh5x9aE0pLmdyNtCL0bR+L3NR3IEIxcJRYvHocCt49ytWj1oXtjvePHncSPpU6XalnP6waX/uxF2osErBmmj8FF13jw/rdUbVoDR9OEamC6ap83MkulzK8KxjBDNQktu7VIayW7tNe51s+BaXwhlYWeRXbDicaLzUQmXApPbPT5Fs+isf+2XVqQfH8UiG88Z/1wGOA6TLB8j7z7YISDmLXo0uyTlUHzunPYir7zFVYHCUGkqfht095LQGmZQilRTlfyHBtuew+WftudR2FeAciBchKDMXrXW1ApZSSYwFOa3tcghzBNfAS2eDXB87XqX8cOTQlUJo1epH9/yUdtnAO0GDHMaLGjH+9oK8KrQhZF4Nv6gF3QoPgRmrbiKvYRR9a6/FCHxvtlmEi3396+Odk2oUi8dnBYzd927AfJB6bFn+ND1QIWJGFGUr3URmu0W8PsX0B6lu7esGOFQ2+eoye/TgKznsTjlGsp/KQd6YIIZ5P448GLkZnvGzAbeWKEQ6UsAaG5VbxbXmEx64CtKhd1I1QPiRpo9gifiXUwxn8ycTipgAOQOs9cLRGOlaMU9GGnKcKbHORMSlsxY8iDpbkRTnNnOelzwphO4mnW8IGd/KucfgiiRfkrdqBvJ+a2Nyff96NrbuccXFR/D9kLongEocSv7kK35GOENbroHHZpdTS6q5hFcZ2bv5BRaUHB8ZhOy6AprZAJg9rJpKgrtNlN6+4Ty8Yh6s/I0b3Xp8S8iY1QIXmXlNJY2qXOKFs7bgVjjS2s//wsSWKvTpo2jJtZTMpqKpJbC9y8qzBuR4xQH0sGxftvNw49lnp1ax0oDX7fGpSiDZca7tavBaca46K5w6aCRHsq+L2dhKH3ixuz7lBn5VnPOPm8z2FxT9xXEY6d5pzV03KKYNsob8rspc0pWROfxuHOYet+wX4av10H4ClkvmYjOovEn7cgxaih0lsaI66gEhBwgEnnIgrRx7Unjl+sdy4Hpcby/kZy4van8MVgWHDk0VD07w8M2KoG74AtvyfL8PXxWb8wsYJlcYrfg9/r1Pb54BfAtUkfPUDzjjFClS43N27VzG7giDHdrTp/giVx/1Gk0vcZnuHecMVckPuBZScor8f9rUOmnNFQNQ3+k+qTZOdpoe50Be64xZg+pkrKCgXmNDqBoSqmo5ckHFac8HlMvFrzgBYMOPjFnGaR27VnnVzoEWEj8Et71FWklV9dhLifgi/HrDKZzzEeQHfrl42eewVUHVekf66gZblCfoAwD3XyPj6/wbXN0q7lmTPuJU8iGOs5o5lksZLmORyST3dSTWzonfphRzxvpjCdeCgNE1IFdIebbtbB9kF0grHzp90waJIsL16gJlRdwOQQvxyz3gZsbIAP3XnPJ5SsuAvIct7mNDkWzj3l66sCQo/pMATCdTSdFkp2yuY41ArlHpOfRLoM0odk1ex5bvuuqcGPYbUWV9hGY/Zqyxt0Aln+F9qBiEov+80os+81SQgzokCD4vbithdwDFjhnQGMCaGGBWdFa0vZRJIGn1PuntDYHOihz2xf/Qv8/p4L/uFSVCz7gu0Ooq7If6SNCtUyzHjxmEEuANs9Br/mdUglbnqaWUrN+cPzF1rscTyDngC13eyEU+9Nevx5Jvsf9iBBJDXpla1v5X0GKahvPSfvEssO1P1vbnA5T40s7qckHLXK7TC1uMyIDVzJSzgTsGg/Dp8Hx9AkBpZbgg8ogxcKTuY/ESv6/FLlpNwTeFyF1QyyLbt7eMDQaSv4FjZGomCAyBEt2a77nkUuzHLo6Qk2g+tfBgEO4ZRagm5qW1cnVuBorrhmU57Ljfd8xDmwCqyUB/Hi93slHEMmG8JsQJBNO55wAEaEywjnosOPrL3rw/pQpV2HU4M/jeSi6UnTEm2zyq/4IugY3mqlHxqWX7BR5HSA4SZY02vYFGoDokbdxUsUlvLal+jGI6mGrI/LENHiM0aFpiw0geD7XyDv0NF0cqGqIyMzGPHXAZVIrwj3Rtk2krJQrB7qwM2oTKxYqFvJUAKPsUZ7Gui+WAZaIP2sKfHrV+fF16rfRpCkrLCAdMsPQn3FAc7sohZuMf1nQBvU0Pmhsi3UxPDeR1EdsLAjbmPofqVJAgFHH98LFQS1xwt57kqwFb1XdTIf+MoPL4K6W6SSsJW25i+TLdNOU2tCkkP+SUr1WcuOvxd487T17XhgteL4lUTDM6CR+uXeidz+v2VLNfkNuZRd7sbQ5DQHtdqo6w0u79qUdS3MaKAhjTiwPdM/cAYsf9pTm7bbr95X/B+fXYlSzvukCFTDCTwi7IcFjr7s6oA2M0rsfTF9tKJ2WU+b4hTT6Icoxdn6ssfKV1PhYFFc8au8BnxlWuK+LL3JA0Fmf6qRJaBecPEMT067o9Yc/FqV23lSX1DMZygaAOaXBTQbmVKAADhh4q3bQUxlcXrFcPoVAnOQ/egAXNm6Ury69PEjdQ1g7dRg5op+s0N56O987p8EqIA3ltYSTZYEy0lJz/pLCedKNhM9iJYh7Wn0vHfp0nPrHli2R+C3eHsiXMD6ppqeFwtvVNilaGTtfCXulcjqUCQdM1nKd3kGEAWyzjOGW+IAMzTingrskB04+9bg6PS/vhc4yTLNZHbXhoW1/74r5JvoFaNvIS6FQBHvoj0GR6+K6ioX7Iw27ZQKd7eDSJ+D2z0jEnKNOZtAfGbOdv1fW12HNy61Dtt4rinnX7w40WFnblqYNf7pg5HpEcrciD5t4gEpbdWs2SLPQ6oAXrhOLihxGeoC+3Y4S8Iy9TxSkjiLGlKkJo/NX0RF5sYB8gbWyTRYP+0+2WQMKgIfSDRcZkLrALCdv8g9lcqkfQgraQYZAIWNPBWWPMg58fV3JQhlC/jCNH7Y5R0jD02ykhq4O4ydkzWQK4JyNlcTKdyzWHemaydkl8ryxGy+AeLqWcZrxs/7ZY0zybcQhSwgv0Lg8IEnGCmDf5gjegAXSYm+qcgzjnieJMCn5+g12gK8KlxGwR1H8slnl9uCjZRWct/nExC+l9fOi39hbIErjAYIlh65csQRoori2/k85XC9qsqcNzMPN1lb1SNvupVmSxq9IZzbncTutz5nhSQCdSABL5jA4vm93s7cuPMlUsSwNzJz2m8GlXe3Za7Mfe/K2iJgSMB+DD1/5Uxh+zM/fhFf+H23h+knkZSHLQyVqDecU4h47TocP5cl9TCpY/6iOBsWW38zPIjJhQQzsoimsaWbYYNifVk74Hy5ReklU1p3k9PCu3yNVocfGVxvFWX1JzDH31XnZ/JF+WXkyAxDhrWvhM3ZzA0+vl/H8HEP/Zqw1KOyK5DTaxaA5jO00toN+G7B0FGtA9iUlcdl5yGyUfNwCu0vpBBl3kvpcAkKBgeuI3ddvOPNk1y8WiyVkzCoWjdAlSqutsJvSneL5gmS+aQKh0A50YmxstYirSiJziM0nznt2JBFv5AwFqS46QuEdBSTOCaK8EaeafyYvuNIHyaz8q0VKaRkIUgNiOdNEVxTl6aEdF9kgSLkq2+ofGNytCBSpj5//uHSs1xczfTGo5PMAKDAAUoXKCp5vEeixRLKhX982ZqYWLU4jXuoQEOt2uJo4quPrH2szLJiYKQWjU/D8SXHl/k5oFxQ+cSAS3Aan7dtx+saPQt1UYqxUMwVr9bzHhhKJ10oAOaBqTVFPlWpvEs7AUz5oG3dyAttZjZ9FJ9tVlnjIM0LDoZvk1VZZT42nHOtEHZ8c/SbrLnIS8XIZzMgXkgiT8GV9cAdxhCPA3NODFvzt1NyLvqG1R58F4pkMVzmpbyhoxn7ZQsYoI71Ebws2YzAV23X38WZfW17c276TokurqQlHKvkzQBOkow14oyxaD7bLzN1L44FtxRmDsRuaRUYyntPYjNknI4XK6UnozM3D0ypyscr6y/yXI05vizY+r7XLV5hg9sI9mTsDsulW7nxthVNpOJd2XAHWpvXApB+1IjkAdfYl4sis617/A1JKCQlWN88mbVlL3So3YbsaSCza1JAv+mv3hOnc/kkLqwqRLZY/kCoANDlJ8+HjOErKplAOQuZopgNs936RiuGzESJg/FoGHXegMu3pJGoertN6Hx990vc222tsF8YBVHr3mvtMqBUoSl35ymFvew1mp+SD+bwSIHUOb+lAvukHwpW+bmblZpKigxFghzdykspxqAG16lF8sv1VwqsVcLyCfdyoEUb9mh6AJ+JrQBTSMIMRQkKM+m8bvjdH3brIxP5I9hau7Ma2WPlzk1oVqq8aQ7IuXgJr5hzpMMS4ZoX8my634s3RitOf03laZZW06mj5lRS1VFBk8x2OZCrU3euYZjnHmMdINgN65C2Whh4DD5/BQq8gLy63ejuJMmPbdTzO+31YvddVvfipe8PrIgGnoI595XfjPb9w4Q3+IY5EVSphgQIlI6HSVmbtQUJkKxFM8XuEXiRdK2xlor26Zq18G/O2HwU/sGYUC3dmTMhtR3FZwaKbZenpaEXzLuAh2xOYX1lu0AN5gaq9HESRA/h5mUBa7gIiI9+XUsgYPQU08dbiKs5TViprzAqfgewM4Y9w6JnUn3lwaiVHqPCnZqi2L8hwwgswfDiPKhAOINQfi461dKVCE/gzGot9osw5I/4jY4JJNGKmpMW/CYPvc8Sqrgyk2GofeRO9i1fxHNt41sX7FUyZoUiOIyYqKxIkjU7ea9p1+kZNRz/9jtibUbxFw8VumtXdshj1seAvAYmmREKRfLiysxWL8bIyl8y604PrGpvvvdcXR6pEZelKRGIuyeQ003iBTBt+o5BdmYYfjp4pJtscl9b79pTyTXEWRS8G2YC9HlOJzf3o6aAzHqZLbNKo15b7KmT2bIcQ8zGXlERdi7HTZ+5ED3xSkrXxICZn2MOYi8R8l/B113mlm2X2Mw6tSL9iZj0y3rKI08EHXec9EgFjE/C/b+2R6fREx2GmGkq4UWHxvouazxQQYGiwZZwUFuL9H17Y071MIw0Oq2ztnSNjE9ejpYpMul9gLkMUqUOWFKm+nvAqAAtVnagAbNsNQe1jrNjPQyJkYRtwhSUVuM1caVUPPUZCcflZsFtqqMP84c52NnAmLFt73l29LWxL+5hm1iW0tfk1GK+MFdIdQdk8hUWOUYDrvUED7pNNvKWEbceuML27pBzTnLT0V653ykOhQXDihKDb/J6497jxAzQSuFLDDRClDqjdmg2C+zZBogEDckuIDwJuoWsnU0icxcfp1v5BtG/wcYFxwlwExJ+T9gwwu/kjJRCbrVlFUrzKqdBAqEFtXz8Y9H0tcmlUsRwHrG5FJHY6M59sq60XqBGPKbXHYb5iMhUDbP8v1jKHEVnCkFD9asXGIarF6L106CfifuslXDEdnVgI1iGUJE7SIqx3LzxPpaHEApGPKQZqTLfG6lIA+ggw+PfwLRuh5+GvQv9SKgi8kJMFFxzgc7MadxcodtFSr0DDcxXywlETobQl/rWX3zLeYLfoDFguqV15tV7JNyhU9YCiuQE8DzTJfAjxdF+Fe32gB7+KwQzL7LNI2fkNcmUXC7/nrlG4kj754l3jsbV0oRKLb1dRB+C+cS+vGu8ExtGR+XUS+EO7IZCB/yuAEtcX/8CnHV16on3vzUV6n89su7bGlCZconE8cvL7gaadryf5GB6S9PGHpq+LBOpYt4BGiGlZB2qWRfiOv9WrF5oF0ALsCSDlmO/NyQu4anqDOzJPn0aerGDNtUMVoL/VuaZaux/rPFXChbYRoY/QVHr1KekyKaoZZDH2uvB4GTHX9jTV35iv+vEqyfKMtt7ixS7QMqlMHknAUKJsualt+JNNx+obv309uYjrhEMO4zQnVafZEVasHIUXxZTBlCdXEi6E4CosJrqXmo7MS1WQqxddmBhzOtTQ/15/mcdLc0au6ghj4IvUm2pejy22pJEDLkZZL0DyXdKYuCaexUTnXvOTdWRJ9GI5RgupDNXq7iyg448tH8ppnnkXb2B8DFIPnsmoZeIZynYqmCO3tHRvragI4m+TzHutOP0xDEZ4A6F5CaavFuyBDcyR+l3LPo+fXey3+Bp56K0B/SD1Cj93v/y+Y4Bz10+t5vh9P2nHlbZ0YS3P9J3U/FF12iwdKsTvoOgnaau323VKvzk5bzQ2qJUPRHlT810+zXkraaKx9yg/V54sL39zQQJVmj88eo7lBHAfmoD3xF9lfgIzXqFUZuLX3B6smpeRnGWOj/Z7I6rHHmRPiBuvePk0n0QeKaZ0yWjKJMlF0P71Hq99ZcpncgpzFuPLnhzbfCrLkus1uPlpSULVNaCcKYA1FuwQSA9gc+isC/UdwinjY+WJ6zoBaTLijbyR2if2OTaUdiaP0u6zZfw75X1k6S3ugRjr+HjYbQzGC1079XT1LMPuHkgDLO3xyv5YWWjGLsfWChDRYz1+0+nB2ronaF5FXJKFIFtiDfE9rznukk/NJb8Imvz6cvfxe/kJMGM9KKfklCkO5fpV+D/AWX7YyZhOV8eKhZIlPxHK0y/c6lCdHeEOH0RVB1UmkVzRB5TF7NkMGN6N7EZlK9DDFTxb5i5iusw+cC3cPvlIprG3sFI2XDwBLaSrK+1LvX0Ohu64d0HQE6Fvub5uncKp5c6S8sD4h7Puy2bxEKw10xSD+081RhqujL3i8gos8v+SSL9Cc0rqG+yyrZZCraVqQiRGUGpqw2E7GB7iA82hVHLHbtqdBPmy0GNzc+kq6WU1TVgwR5nCxxeYenw9d9M87zdg4HbLk2u2KQV2WtBrOT3Sdhs48xSrav8YEd/98kTABiaZe2XkkxUHiBGr0+2ihBLk0G0Re2Yk2aOYDcpwgUWl/QC2yr+4AFiIOnX3zSjjnJA0tca9LnB6cRRMxEoP3sdamFw/Eaf25/jlEadO24l23hYNQ/hyibnWuYG/dIY13Bccv6VlbtDPCf+AAAAAif6ysKcCRV98fWmgNaLJB3wXrGYpPbVE2BegOUkGGPPeguH05mQA25pfcv+sBuAlW8czShDi1ko6TTrhhb304cqX8PDbEH0WazaGHrM1Tu+Y7ugDp5OMZuSWrtnjYH/AmpQ6c0hlGzgSsPYaMHH0fDrdLaJEUpHOdYUzbXNnivlqo6a0boiT+7hgEnpbkQai5pxUd0Pu8SDEW7y38Psx/zC4M2QRu7gwV7YDrx7iEU3+0+xFO8PoXo0MOB42n3tx/dbAWU8eIWKDhFO2jqqgfTCofx4HiUZPx/w1xau/7G1x23QZrfY67V3bvP528hKcWDtxsmh8ncejOBfaKXo9gtQRqMlfKclJz+9kWdZEgU6+v67vh9oUf8oe0yMK8j/BSmE4u0SrGufcjgInh37jEQbulx1QtL089V0nxnkfjX0y4lvHD2wh7HyVztowwNjOoGQO3xshmb0UmzFsczUaGijWF4ClIJ2d2R2jrEFCWPeQKwaJIFaWAH2Nl0N4vwm3GGkkNaahCAKCLbW36u+DZE0xpQ5F8y2xCjGjayBzw6nWVt9VjS/LpYnG34Z1A5eF4tJqI0dAM4blOG8UoG9Y3V6/2jNDqiS/sL1/7ldAcps0qgfd4mkdWu2WD8nGCj/PsearvW6JecPbmjrOLpacc/Al0NOtXLBrpga+R5t0cZN48UvQm10XTVKfajfRktN2nOcGx7WVwlhoWOwEm9sNvnEqIc+JV8k+r/250BgKfFydoX3YjcRnnTFmRqeBvCqRWxukAB2lcHANgIUWr9aDq4PinZUvQZq1WJ+au+SRXutwLMMkddSlmZSy/CfU7u0VDPFH3HiSZahzi2RJZ6qmwVtT501/XtVubOpxifUVgTVTWbF18371/XQ0Y8T2VZ5uzzkQTqKmL6y/2FUIQiJGHWGZrlLpxO69YOTs4owEGPGkPdwbpYtupFGGc0iEUfqKiJm1lBAJ//t+OaPhZ3IvRvUDJHykL/zau8yW29BYQCQPkWAqPnKIKPQiE7+xBhAhxhgN7nlHWznCwG66OhBdPdeoiuPoKfvr8ZHc7hroAV4fADNU95IwIF9LsW5/HC/24e10sMlqwg6UMkR9hrY08t1OjcUO8OaU3cWxoUd1OTHWwePjpwN7ovVMAjMFYrzC9wbSh4JCrTy9NTmqJ94V9DJ8qV25cG4bsyoQuDlj1t3NTPW50+Pf95lUaLxlQUwm2cRia5aMnRz8G5yvrW305/79b8HPQ7gt/tdZfpnU+dcGXpi6arAziMnZjM1UBXPe6TPi7TMWDjLEYm2smmersNKTWC3J+lv4zxfExXrsJwEmSxkiiDva04TDFIo0d4uHA3LV0+eZgyU4MW0xrCV8wytk3TB0zGCLA04iXiunFTWeZBOb/rYE4ySa3Uq3qDk/tIjVhVhIZ1NOKXmrdKEoKFKg29MSU8ZsROMvnmGbK/QxOzobAOLjrTBwetYY6GE/hMpbZy+pR6OCA8FNvrIueQXKUSVXjrl95XHKVe/4B9QJFiIlWYbtwaNRtfcvrKP2iaCo/5wHOOyIjTx/TTIX/yJLXa39Whz4mmnf+bVbJnUXlkXNEhFQZEVti4ggUZ+XXHT2oGbOBW3ukmxcXzqDIgzmnYiDIPobl/5JMPwqcMPv+OYMjzZDqk1qg5MHW2P27BbFrRxjU6bUIFWQKuO4CvysYcy3423Nv7rPwXdNYNYehcEoncz/6lpC3gRAHJYh2lMm9MJbDSmttpf5l3b24XvkqH3qsdB5lgjkHujCQPgMvp1xas5lnacrdhRyk0HYGyMtRJ8oQDAnSKQoWfIN19HMcmZIh25GHxL9TcKcNwD7pNoitEuPr2OaPfrPnIKX+oBC3MLqaAsKzlvHU8lJgcxYeLgvVKMPc4K0dHkQjLfxWtKIq/N3GsXvWDptUjwyZEtNjMV2iDUGmXIKF2jLXQRCMQM+YjrH2PlNqPvxHTkao5ITm/wjasNcK+pucopIglaGTb24vdWrt+gmq6z1TVn9OUrhP/lGAOg9TKuNIdKVD2sD83ergP4hQFYfweh8F9pMRj4qRXJMIZGv+LXzvKyrwaWHZM0hKfdWA7ihyKHoIlLe6gGCFlDOBdHmhrNAOK/OiDrInnQdRqDXpZwlzQQLmaiuMHXEeaXUvm6HEJLabvdYQkafrTBK3jvskaWH16AQ1NPFDSLxLL17gC4thEIdvBLPhCh12jGVDwrjbMtIRZXMhgE1AszEn+zCx+KHVVHeS7SYga366xZezbrHOL50vgYsSI/J3QIea4C3hG3hgV07PKCmyc+vhuH4n7OG1UP5krP8lAoCG7S9gL05E3TSBorzLeUZozZkJNMrgIIcAiSFvqbdJN73DwPJ7j9pf4mEYyDbKp0103N9uRA1QbOt4G+bHzGei1GW+wQ7zLSBOQ/Rm/jC8XkakYOV9qYGhzJ2d3ikR4IVqBR29dy5R3ptTE2acXrDD8OECvmhG6MnruANB1+32dd7WzAHGkwh18IDBFI/Ck37Fj19phTfGOaRE2EpZMRYdaeh/S80dmQ3zD8xqUXoQ5zy0cB5eHwIYhuq88PrM2xmGho2FAd3HM8yky1KksJ7ITJfHZlsAVZr1VkPbXh3YOZKopl1hHatJJ8L/rbNgXGu/Pi5cW0DNaQNcOgEvb5cSEZdVfWFlago7Zm8twN27ncnnJU2GccUSWRuIQRcUMK5Qe5jrVoSlu2fo/rbOA3ou/5AYYgaLAfXEM7pB5tSMl8z/sx6xqx63JeOFUjlgaibODQkFCdU4HGIWYX288fYSW6rTiJmxGBrZ2TwWuQ9AWdgBEK04T4rkKJnf5Ywq+NwtUpppBPXEqSTkOcohNwaAPPqqeKZEbCSV33iEY/+NH+46h1ESy56F30DZ5onI/sOZ+oOl34TN6hHNbq1UZUm6Ia+20DjJm8r76g0hGHAMNM8sm1fU14c39UIgzjdzNpfeprlu3fAPy6R0dpFE0J26fkra2IZn3/Ca+W5nz4rdarS944fSBRkhbc0D02wea0Tpyj8/3M057IhMFP4RdjpvtdcfxVY2MzV76LbygM281pyT22Nasbtiii0sB25hlmindcU+00A+BDNIpAYGG2K46lo2SdkrsdxiArFGFeg1C239Yu7M1fW8GRKWrodPnn4ahujS5CGDo4ZUAhi8SxTwAtHgo1n2CFxF2EgNhfywhT1kj0WgMEo3LfC8yfuUGRXiIE2MWYRyIvT7V8jrxddMQGGuclmHiHVGCIumDCbufIELxWkN5SJvnW9aD/BWbGJmW73XhAZ5vuS9LB+XVjJdHtor0esGFPnkk66Fe8XniD2Wt8NpmUJ5rt87n8Y+xlUsjTq/uKSQAiUd4Fyc+3ssXTzkvWd+35VA48Ggb96iRxgwTVJhHfsVHHTTk/2Q/6OJkU+ZSiIUb9eaji8SfX4xiP1bLO2fS53QFbmoNrAjTebtPTNZsqLU6OexydTWeZyWwQt+p92iwofU7bKtM0DmTcIpHiljTgek1PCksAysralmsqAm7rr0r9cFLsoIJ/6omyOsauaaMg2u62Z+S0TG4l+o4ibcf2nMxe6RFiT4j/W8S9dOtuZtiZiIbkdCGw7DMDNpKeclLqPd3TeYKAsTlnQMMYUjH/5kaEsrs3T1J3pwon8oNe0UINlWeDaBGkMUQWKyVB4eztS83SgrcLdyHg0itBDqa/96tot22sMCAbbnk0+WmueeOTBxaz5jFG7MYl5gNDW32R6G9D/R0039huHhSXDSNZnGmlKc18vFOD3E4dN/9KKyh+1g3P0WmKDuyKuevk55SiLoxui9VXIwV2R7R7JavsvN9/7+Ehmufkct/Hnx8SZDBr2oFRT/+7y4nIEv1x3QXvCk0o2pMKMj6q4HEjdp/d67f1Up4JC1+fhkX3FtieR6UqP8DM3eDrsBCBS2yNoIk04ClXUjlgu8IFNUfWEQMaZMlfMCVjpSkqjsRYQA+pHUg6Rx+fbyfz2gjOcNwqtoW/CsQJtWt4LNHpet19dGfXqCzSxzMzECag4A0TFDWqxrJZDvm9IhowmdGC/FR3d4Mi/+UVgUWsPjMf+Q4JSqPdiIIoG33RYBrFTidC011pqTshRcesg6QKgKPl9+kjtdaHIlfGZqcrIhO61YPHvFWCNHWBGZvwvCJ1+3003c7UXr1Kyhu4cDBY3Z6MXH1IllD4nU9cv357U3jLGkguWySZlnZiGX9dVX0jj5js3cvWJ2msF3cI2ImQJmVZs9mbFIINOrh+DAIeKFTUPiNvuJngNFV8wQabnfFmOfPGEkJxU48OwaOcyTTML5DhXxikHkpDd4U/PxFPNyOPt8hoR+tKabTglh248RtqsKSDMwwDsjTj/HDK/MmDktQXNz8hAuYyq6zcGfbU+t2Y5jtWut+thnmLqIgNZwbMIQhK59U9pGzxIBA1Z2Ht+lC3p2CKtxSO8OdWtmTMDt75OgShnqYX0avR9CnNiSBicwZDKZd72pqMaa4/r/x0qPahci8+yxCpkLIi/iNKtcoULr/5+8Jc9078iF5DDDnzOGQ5Jw9wbnV76Ly/n/4OtrVg1/nOt3pNtEQBKd5DlUn1TrJvzSP7A2l3GbGuPP/fVzIcJZrx9SoT6ed9Gc3iZCJvLbmsyblPG/Qn9gL508KeVJhDEvbWH94md8OXnBGK8Z9u6uQvm3/0z1litsf5JcIVF95B4UEfvqpE2ubq0QAtoHE4249dkDutgcwaTKnY0+iZeASM8fARwDaZMMy1h4X8uC7877j3H1jHmStf6SYJu6iCztIcmb9YDfk6RNxisMjCSS1rHv5y0+1AAtaUPyqsrq2CZdB+gR/G51nKzk4PHAvzj5Iiag94sJZBYzJ9T6BRe+VrrN7KqLD4KhpRqCr7Vb/86lndtczCmTC5ABDOy6iqA4BCzSuL/Uc77u3rJLcjP3fF0mod9AAlXtGpvLkiBnGrvz8bYsJ+Dn2e+f6xej2zsBebyrVQfWn6PmpKna+PYnGKIb5NDHJ9XHso2VCpdnfayy10mHOlV5oKhEH3SSLSLFBmHbJAYmWDw7MJf1zLL0JZUhloJW66xsXIlkwrsQsb/WOf3MYembjYbeOwxq4QtpuBmW+f75AwmkK0ERo6gyYU8y/jY11poTs1i1E1ycXe518FOVu04VvBiUBeA8Uj5jZ4+Adsg/yBdm/wgSoBQ02KzL3EZ7RbbdIPzrwq4YRtrogQjDyIvwvxgMF5+i3/c+qYiXuMOQtIDSNgskU0mHzUjsyPpOOA1liMFNSyxIFZdzITjHyQmKJKyjQ6ivAuTSlhlulVpDv5v6hQi4Bs7k2ZYH58U7+z9ORvffAbLCwVfVgQuQ23tZBS1jEpffxybKJhsSgalkEQAmYzinDTizE46kHweaVyUk/nvO4HdfByhvs3Qtal36kCt8vw/ogk9acYU1eZiXAdi4cwfnS3CqbFty9feqvXJdPhhvVeQhhMHP+7PJDWD4AIR9mY3RFLUitCcpPr4pL/g7Bd1Ao0eyqfl8H6VAcVB6TMdM+8vsKHjM1l07n5xEw4qew784UQjD4O+2KkDpPLUp0nchOkf9U/8ZYAn4YgIDijq/GBb+Mh2cADBmWn0C6jiwTefAwyq23sWuiKMh49J4wO+x7cpaNEtonwDlc5PyVoRM81PEw467wIs2SJg6yQ5pKEkTpH6FIezD9ZLVc2VJ1AHdv9p/cMa1PI/q9U7Jzd7u1XB6S0y2BovpIKCj8FiP4qA6hpEddIl65E8Ue1V0xFphkaoO8rmILkFqKa6xnuEfaV7Gn5+EcjV7pl8X8OUs1Dlv1ZeFqjuOYfMvKs/SIDBXSsOPcghd9RQ57KB8uKcBjZRzC7QulCFSmNtgCi+hnLNjp/wbkkWtbJP8eeGRJug4K6QQkapSGeTcFTYwzjczLyBVBRtr1tLOiVqMAncZaYEMrJcPmSkQb3VadvQw11W64+0DhGXQlCBji4835/kefuSOtFzgdOZI/cPaPB7wUPcbVvb89oqEIKwyrSl5FfoBb0L6YSRb3980BMtFZqJTgAnuaBj/EQ90YRvXnhDkph26rUvSGAAiFwjiiWsIGtMUQ+ThVT7F1kg96t7/VSLinWukDiJmzeerWgsi28eARc1EJ3AXV8clqQy0WPlR+jzp0A3tbyvFwe42S+ci+hhPdOLjSIpXiaL3l+zXFB1RgSJZm2XZRLeN9vPb7ucFD1Jd7ByLt9eCtACkcMKJoTa/OXt39fYvhDyc2ap3UF9SKkT9Bo2YO3vEZifl7gSelPh1XVVoZ8+jQgaJdJLq1bjAU1eZoiIqSdzs1KtDYzgHacu2nY1uz1j6F8tdqGIltdHVFBWn+JbNHinktS/jLcOUkEqmWGca3SWsQTytv2kGffCIwmcWCfTbpySTsyEzsYcWTYUWwmSaYkfO6H4YxiMq4sYoeG5xIBlAf0p/OE6QcafEjKkn8u7Z+b9hJgqIinYmC5KJLDM8L7HFVejTshx0VO9u0sxDIx1cHOZpMmikmw9Dq4ow+GDOQ1T0/lcDbi3rbmVHXyPkXOcoA3kx36/WCGM+j9uytrcWSixF2JNK/Y+B0jZnEMPlBfQqT4jHje9Wcmo5A6Pz7kt50bNRqcowsXoGXg0tKTHR1NpR3qhTA33tZQVcx5W4fq/ppul6c+WdV2hWelX4qew4tCadlhtcqrxnrBDLYBMJ37YflQqfjeZZ2fg8kMdeJNG/LKmn0yhdYa5yaF0UuCVf8ZXBTIMkzBPIu24L0xJ6PVku8G2/8+ZD8ljtCy4jplqjR0cOa0/iTo2HWg4HjWFgG0qZ9iRC+cezt29eRZrK4ujyIUhf694rbAzbcW4CRAWyVodN70bBaBpVjWGwPtSTw+XTPzzhChHATmaFOwnNf4x5U6ei8AKAa/XVUzI1pLZyAhat8MSRYtSP4DcEQwUfWGe+T/Fx+5PzYf5krt15ProFLG0piBN0bmjsdavJmACufXwrtj0frFhuaGPznZDdAcHDeIg4oahuHd5IDvJwR1V/MV9BcmUu8L67gTqHINt8zaFuVyX4AxyEeqJPEypfXxA888pheIUHSrcmLdmsZMHKR8KWK390iGHN+/epyISjvhEGZ5vBWXoxKFHel+c7TjF+3D6XAsWMo4qN1/lURX8HV4eKvPU/4NmKlUY69HF0uPHsWT2UMVXagoL8bSUwxZ41Qr2wkiEn4xLTVPWq/fMDRLHSguQuO+fbczDrThs6ZNWXX31vM9LQo9NTVk/nKWpVD9SRMQkV/foHCZjCTaQcUmqGjFOOErmi0Gghj5JbJ0FssjYqopjTs7vuF3NW+emccDVQuN5x4mzg3+olugmDeiVNIs9SeTcWGKMpHlX5FvTzZbDAf+UiW9TEggYEjAwpqctrucwIC2m8JJqhGwtLFRw4tIxBlCemSsTph5vd5R9uzOqKLE1u+vOeYrjYVZnkIKFtGhdUVao5hBUAWWi22GC/oiAkAAAAJl/R2srcwPsBHgRSbaZUJkg4oW3vW1dczHzVNwEbgVGQ9ckbXjoAB6y7EKSK2qk7F3697cUryUuUssRGzgSG3QMF3rnhvrwD1JGrp/giSw+WYzRXndJOb2hOhj6WHEyzp9Bo89Ks7ZGW3AIwn8KwEX8OK3CvUqcrYkGc3BkmoaKH5wbqebdlI3XReClqL8fuABMOR3J2PRauDrkYaYtW1gWWNCnaXKpwzNKSwAL2yRwJwtbWK1MGSO5V7JK4TTSu/10IIhAnECIvZtxMK8FcynxtXkIu60ERTbkyGjW6cEiZr7KtUxFiBfMlsKwg9Sb3eWSX/c50gTT3H5lrSqp3pSYhvIBq+wFlcr9x/i7cSzMr6Nl4qDe2FvmfO2erxWZZ+xyWSwjHLelUyVfX9f3Dcz33L2EwYnl7qDrrugf+3EOYRP8ltuTtz1uro7dAmGVA7TqWDE4prkzwtMa7hIpWoOM2jS9c91tpB+c9IOLXwPtjJ4SZc8xQ2FyhepKa0XX4cPl7Tx3w+VCW1mkPXYISCZMgAvsOK3U3aEYqelTU7pYk//G3RcXANDTYJWzXs5hybjl4Rw6XzTMVZwEFa3PhYzYqtAd5FGOPS4OI8IWruJTAFAuMdWboFiWjAQxF1OeyIh7A9/nptroV3x0MiVJ4cnmZvgWeeHDTOlP2nD5VKbn2piLuW/RdcAAz8M2u6yqteWu/c8ZnGO9/RJkQv/xjeU9e5s9G8WaMEgCMRQ/c+wchhHQ9osaf8UblJsGatRxP91pPo/9Z/bKDZ3zJUctY8FS3Qs1qfu06e4G/UzAT8Une31Odz4j4ATz5RV8/GhFuCJ+TaYWkmdG/k2pIUZY4+634bQ6IPwU+X+vQr6zzIPyjx/zhr921cLn0kbvEZ74m785+/vuFIQJ3wdyQIk9Lt7ZvFWKCvfXxXaSw9xgfDg5Vfi4/boAg6+CYTdmIQ1BTKWgXOdB0gvQrXXCiMDKkM0XrrBzK0A03xWdg24v/P62Mf7XqlceRJ0Uj/ABZnwXzBUi4xYQzWl/FAH7RSzvFF18U6dHzJAxuh2o4q2Dq9s52TkxWEBytfcRlmO7ResS80hi+xFKRgek2dxi50glpkpwf0CZqCdOgowV1khogwNhfE8/u+VzxbDbv7yhAcEn4mqDvg4sLwOVBblGBRiGXQkukYnQD+9TZ1UGIc6LZGF4ksFy5Wlh721pynyehQ9BM4ZjRmIr5lWbv6ucd0KNHIXEc0tJtN+UfyG3eRVD+j2BwWuI9YNKid6ldldCNf7X4hfWZxRSFAEcZXu7WUlPWXQKwtR8idU/K6C6Swq4H5xnVne1rJTA3wfCEJw62YN+mTUD5X28y5Zk06PCJzho8zS7AX7ehsenhzsguJ6rY16F4Ts2a1hOlg3IYuNtEDzZp34iXMeV47S9WVU1YFIZ4Vrvf6gJ5nWzdZsPTMr755xP6ckf97AwzO4rZ64Oi7vS93N67/MZ4z8dA/Z1J2umq+S39wGYp9xbhYzFlNyssn0xdewVEt9euPNILFdbwgSK6v6IJJ5eqWHmc7bX9ssyoQFX2pdOByE9wS02sA6xhjcqJ9rZIQwTRDGrP+gqiEzt41PvA0X4PDpU4mCk75teHD0IkoO/sCmMXZszQK4UMyRbGVjwJHs02ow8PGpYOG9ttn6u+BIiokPWnc94jH6KeKu2XgJzGWOmtqQodwyfYyJA6egh6NISL0XCmZj3cNqFtLIo9hoSIurz+PnhgiLOg7qrMx9BekEBlqcrWa584K5gUGKvgw93jpN/EybkV81zi7nz+NxxEooUcq7aczYZjEQ+Ph8QGve1PhPWO5uvcKPdBOdIxuqMczVjJBa/4jeJZXIyC8g4hoW59KgrkgMSWh4DHqJufSWIoYvTq6qOc9lNXqFxqfA288Qx0z6JJKtbYS6M4aZ/gSMOSGCnM0/lOhFNJq6VsPwXDntupLAS3ggpC+QLD48Qyo/jjAa6b98JGvi0pLuoFFngCxFScVEQzR5mejnvr4oK1M44JEG/A023YAK2/+vz4rd+uytOHRvABH8ooRqoz19qcuNzHt/ivIsPjNCHM/sn6Rhf1WjEnHmZOqTZ6D6TPTaJqMGcqoB6fCLozwuVTHFrpTUdHQW4aTlKCmzyTff6N7aAE3rcxYnpSrzeZ50rgsyOwJs3sWZCHAOrFwQPZDV+UL4Vh0CCEZ/Efjpcw2IfKtSJYM3m8dK4URqROcGOvjJZKBf9i+sVGN/3bM1X5LzURLp5XbLsfp8qEOq8639WgQnD/yi0wwXupv/D64nKnPNfw2DzHByfDHjW2s54DQtRrTeAkpUFc66Km7v9yfJ+LC8inlnUhFh4fXQoYmpuNOIVRdKynjCGZcNUaF6oface3HpfOym7gwfN1yYYwVjf7BgBsq5y/DACBdKi/JEQdzFkAvIke27zT2waUzjE1zuI7CqskAGk5Xd0zpUF0eZpUVii0ewvuuEj1U7YqMoNbqL3I04ZJ/lIi0/t6INVQAHzYoD3hbb6QpgkfXFnrkTryiqWabZFtkh/K3dhyottEnERnDTRjD+tlEFgGdkVMD2oyOmKKV/QEV3yjTRUEdCwu/x2K5wdDurd95WH5EgkKUiCJNHyYXeC403Xm4Ck2Sq8dDSoIn4oJX/V1Tb9cW/UAxeoHwTbMYhQMs8CwzZGbdXWltC9H1HhMVkbiS+TCBVVfaH0RKPoYiczkbxM+PpvGbXrNqvQQ0OP9+evdqPoCpwiilA9wcpGjrwTlGoUGkaSrmjV2/bLGvfKQcYzsXgKHq+bhd8VdVz8ERHFQQt8ZN1WrGiMCeKrmEuyK1eUPG5Tpg55hvvcOV0TrGWMNCiGouIWsZMOtynrGiMjkOzszn3Mu5KPgtIb7b57DadlYcAEofb41l+Ghk8FjN3KylhzKWEprUYtlDFvoRlu4EbtoIdBFWvdQ9wDbLD3gqywSocgT8hU9JQoS41rn45czGqWKwZC4w9NZz1LriidkLMgavoJSIsq3fULtRfaZIEivFjg2Yb5M/wACDOavqmeMFOKzD2hgrk/idy/tnY0AC9uoGly2cp0yu5eyigME7d4eSqdCflc0mjwn1bXJq8yOmColBuUhsGYFrZdi//rwwD/2pWILgTaJyx/xJwQ2XtWE2rw69I0SQSh+V8sJQIqkijNVyfcH04o3kigPzvMHMTdASTRxazDIi0F6IaFjNxO8cSsWq3epI9ynhNstG3ewd1bZMkyhri85hrTUkB1YJ5KKaZlCTNX74nXcryAv9XKUT9nn5/YRntg+O2vH9piZmvpBCz/X36g9Cx7Q5QV6qiFLAroJj4jeja5SPHlXRpuliHmVU8zmE+9RG/BMOUF2Oh4YMEizzQgqWXKksYO6YL6wshOsQXvBIvElPUKG+G8wWL1P/q/hrNJzVkPzvGMK4UVP5oB5zk+nAOzd7u9tmlGi8nv3gsJkpZEB/dh3dxb9YppjNgOgOshiuheaimO0mbyI3l8zi9XiGenf9U1W5SAwMYxy6TTYzw4vb2FOC7Mnh7iWNALD0VfM6aHL+GY3ECpgwtd2dGgp5OIg9Eh1OCi6R9N74xKzuKAjXM9TUXrhbNrj0QA6aP4pwtItgEQNXaykMfg6ih3ukvUojemIR35tjAGyEb2tk44p9WiSSJLKi8TQBGCtpse1O9Ce2OEksxx3FNBgbwtRP/VMfRW56YBlrXzYJ5sNCtuvO6/4nl3Yb3a3VZlHMZVWuqRxVtl1229x+RWIkmMgKgiAWsX1BLEl/+aTYDgC7R6WdwiXJKHoDTyL7fBrxTYhHi1p85LXj9t9Qdzz9x8pPl39KxbYz17phPsfasXsFGiJmiHEFobPZWPMOWisyMcJfyTQuaiLBl6Rf62/9K/MZOb4zKQLufw74FL8rdHRh/gvVmjrBQKydEV/RtO05C5amvvbJsiFTYvHz9QwyD5KJIZv3kE2kLIjpA+UD5W0q59556GsZWX983f+28NuPgNpg3/BOOVhpS2qmOwejX0Lm7rtlRxwFhlS1xO9BgNwjpI57NgBFS1eT6NG84wAQHy17L1ylveRvrJGWH37p3pyG//02DPkgNYJrNjirFdbtk0smWKOjVi40DMXtqtIK+O/04PS7BPZ8hFiT330NZ8+brDeUrrxhktrBrGl+Ayg9HUyO4pl2pd2vdQysL19rSv1lJqisLWYLu/HKtq/Yn4RIcZM1Pq0AZYeUuDNGa+k4NFU/ys6EI23SZA0Rl6C1aPP2cE8qklCe26z+u8U/WeaIsjNR6j59OGUker9c2wXn1qxIro02TjSGxMd6XJxGBC6WjUHY9hd/tCgevI6eho+dWIO7fKw1d6HfUXJFp0rw/ySK7wPzL5I/FK0kg4s23gd0x5P6EnP1RBXkBhqWcWSffstAnT6T3Ji6W5lkhr7bhhOAPWr89BNw0Y6sQc/226z8MhyataaVCrikcXjgsAPJEVeHyRc28j9Lbua5HuGP+jSgFyoVBq3AxH/KUIwcgnsmOd8M78HoOFaH3FCvBwhIZHT/z50zO7RYD6mVjThqbjz1SoBcNi0y0eBmYwSnrWnfRisN4HzIs4KVtKii7o2OWRYtffegxdd3nsX/HU+BqfSck7CPmkW/SxrouNFWD7buUXHRZg3EQuJ34lrLAzDqeVkDsTK/D2jC7eHF9Qi+bRwSb8Gakh9SV3TyoSR89GmEPNy0YNgxbf18R9FsyZfDNWKgnysUvVT6Bj0p3+d3O//0tcQKAp/hvIZqEApw5n4KEm3t/goFNLpjBXphUi6yenypixHOLNsRSDYoq2ee+K9+68AQlRYb1QafTDaDu3cxkdQhVEF14Emk8qR8obBINd9e4cadKMj1aE7Y3w5VMuM4LB0nvLReCcep64rFwqRN30flIUQW6fDyDjM9iRKldopv4F8JkM9Coe21ubXZXUrcQs7sY8kEi4an6a6lexXHjcAuxl5a02LphGOmf5gHj6NkogibsFrIKs9fQU1Pd0iqaZmHqc/MsYHvdig6VJ96RNqqKH+oU+ZdRidenBUWUf4pI6xNU+dvjj57PfzFatYo5uwLOxoNAYEefJ1R5exyyy5pyFQFRDMTv7R8Fit8bk5xg15pcPkxb6uoXSxBz8Xn52NmzIpxlLV1WNLVopSkISNq4YShg7quanLhLJub05xFJ3zv/tYnmIMQmDsi3QrXf2IJ8tYHz0VIEixLvLI7RaSf3zqpUR7QdatUDUV3cx/6S1xpUKFqJQhxTVZbTI4Km5C6+DWPS8f5WWhrNSt/Pd2VYbDfVVA/cgsDNoXNCsgmmm0LdB5x41DhN+Mf1HwQrs7i7eBzJleDxaDIM52zB9Lph/Ytnr8JqCM/cpurHYLElPCWBeyoucNRfxDRhnvkPx+fjzjWumD/wDiumJJRqjWhDuQBGOTq/b84kRWUJJGNMzVlXvszcj71/Pba3xNCX+VjJRP00aNQD5dfLtWnBZCbbNkqenswzzwNnodKLDGlQ1ZtgAeXxqNCVo+7MpqoI+em02rzT3SiSg+fFGXcWqg/1Rm4LnlwqfRGp4vOz2ULt5ix7GrOhcm46EyP0kcxP3b9ywG6gdZ4ooyE1HIATTKkRLBvs7jsakf7QW1EEirZxnKyi30Wnoe3XdqBjnbuaZMLiXIU8ok2ZblFrMLpEkrkVczK5t3j6OX0v5KJB419bE5vzvrP1tw9FtPg29Vt1DpXQUpQZ40ygICMY6SX8AGChSR2mxX53Ltzsqzt8+G+VQwL9DO22ci1181En0fW1NsTypN1G9uIH/boVJc0WZcuPkG5f2GMqQ9Og+T/JjJr87Xuqrw/UwP3r/5H8nuf5BtncYhdsYzP8ZS/TTzsPQAWk5nSpHiTg99pKWhFABAKrWUvind1N9zsFdKxZm26NxPGOpuXpVIMeqyGXI3u5gpFc7rRrQbt6RRwc9P5/cWZ4ktKjfElB2/FV5Z/oqtyf9mQuPE1ivXxUuHsPmkZ5+ANoNNQrhgDKZcACiQ4vM+a+1/wfMxZyY6W8rDWj6ELqjVn0PXuoG/0kv2gEpVkpC16i16mgD4f8et3LYkvC05wAtPCqgMafPC+JEoDHvC/Hl4Lg4kf33RSGIAjJ30YYoHvhnbv3ExvrfbwEhcZeyWno5aqPAAvbbyhUfuy/IXtH9qOK3YntVfLcexqx+mDmcRB8UnF5LyvTJAptf7Hh7b371/sPpRPmf3pzPkLwMrdjIhAP5i5Xq/+DlqNhIdkA65o+WAK031XUiytYxujroUpYBn60t5A8ngm+FL4nAXO8Lw9w4lzQQfhIZLjydmJg/7A4dJRx7Wnc4SpuULnryOc5moB20WaYsoHM+Z/iEtbgQt1oqyVizgYWnkPRjvTihLigbNQnafDM6Vu4XKLMyYnohnvDYKEDlwS4s4PAKuepPLNy0yIoOTOEnLl5313PuJcuT0dnRj/n76bagohlSq1/qYtQPOzPnxQmPXvB+EfnLqJYw84bfTJq/5sC8gf6Jsw5bvYxhh69QxOhtr76YmN/K/zOIo20fC1dpJ3qkX82O8QlLbQizY02iVLAh+JecF7aMI2aWWjNkZx9mLBbx5AIP01Sk7Ytgg3N4HL+GK1ROGBXYDUab47JM+ApSG+05QD4cfARfuNnayF+P3TVXebce3CTG+WOl9MCsVEs2BgMRoldgydFQ7/zQ6tOrQtQmABntM9hlsCSNCz9Uvw2g2OQQ4SHFCO/Jq/GKTzp0A7IwW01T8L++VZXKzRdfwZODxYfLhGSUA85p2EWLdHTsR1hn2Kh3KSeouYxrOgPcQmJ5tqfdywx9Ms3hQVboFE+gkU4DyRVhV3t6CENy07rJd8Fe9FUSHFCZug70cN3rZZic/A4lakAXyxx9xnxAlfVTl7V+JsyKYbYspo7sk+xwHCpEVFgUT9IXr5z2UXs3/NzBX1NXg4M9YK56L3CaYpEm4m3DCzTfmRz1V9SLvrkAwdN1nVRWaPQbCjOVPJ7wSAVIF7aMQoBl+ux1npuQVfSoDFbEM/ScdoYgQffjbvuntTfvU5aBX+jHoVxNUIOKEnOmwyf4hwCxFV+sbTmEq+hm8Sdii4hEG9saUHFIAfR4M05isCKaNRVVUZxpIA8OHVspE6p0x9wdzqNc7MFnCRuPT9QhktCa/JVrx5D6Tj4SvqUcq8+ZCXsjqMJ/FrQCyuzKw//Mnjv2zUCbYtxY6Z7T8DnatDgX/12GFsdvVz9y6+a6LMWAM6uAeDRowCcsSpRBy8rJuwVvdFIYWRxTrzJPWXZpslysrZTFpTGRBUwby6Mgfl5gYPCkiIUY4hwZDOTinxAPUYkam//IaVdu8ZQiSqhZ2o31ah6OwtAfAvhoy1oc2Aslarpi6nbsKQuKN6xesndiZioNlc0UfbuMkOyep6RerlYKabgeNKR7922ZN9rfg7VFOgqJYFMynLbO6liR3e8vwH1HJ2RJEiU2abNyPrAZU23N8Fgico1tM0WKdLrxJw8p0yOQ+tvPRHRSSoPC2IWjpjcMC2VvFRjjboVWEwx3HpSso6pSGkdXWdoNlBSoUpdgszqgs/dBc1FJOb6gHKzQNwic5Hx6OT9VQfwJlICor1veX4V56CgyNgrCPTmBspCweCwoqADFYAAAGn+eKa4YBSmYH2Yshvwq1XtaOKVsj5bqzGfmmEvfs7hb7riekkM9cvMVGknInmyr4ZcROlX2vUF9IeYLSJeqYxfrXwrAL5v3p9f7pTsOPGdWoGtoSDZuKhXIsG3U6VGAS6+mra+bE4SX3ERZb5WW4Fpg4acBcN1XAwtfEYf25xJvtM2l83fp6c7guelbqpvR4+OCUr1D+hPTKaP/rqWPxckGO6lO05NNRQZ4eps9W87xAuC79zLGjhH3kKQJo+Q1na57R/cDWRlXzl9hYHSTZrHQr4RoMzqv2h8rXRNMj92gGijvzuXVHFmZZTyKPVpCDJXIJRVs1Lkcw1ZM74a3AYKh+T5r4GOrYPPALpAY6VHxIUN7a+PVLGFrvQ14yxnNM8kyu+khtQ7SrVb31sJeg76d+Yz6rWovp5w8JWoSc6QJxVOlTSv3hRswi0WbemrxAfd3mNc3S+djyj0BcU2FioSl0HPXQqotMkhspfFn7aJ30GIT9UZ9m2UlG4hlkzZtLdpjbQ+i5euEtU8/DmqPtC8JnBHBJP63V7ZtW1RDqXVofm4BUie8nvSpPuz6KSW7sJz/KQBVAzU7ev+zAZhduH0PhipcFrgisyJOWEqtprzQQJ8GucObFun05w8Rk8cfynPh4MDwNLxyHnaDzEXbOhY+izbER5eoiVP8T3AkT9r1xphaLsBUYmq92mwsfC6f3sUrcD7Bxei1bfWo/UqM13Eez0kRfm+40XIGzdnkQD4+1P41/sMzmj4j33gvPkj1i1T7y6oqBTHGXsNPi6FRmTJxAa9XipQaAEpNPRwhyVOFwKfeYySOvpI9ULxoQxfqfJLXWwUZAvVz9u54SQVBbdh0u/X0hJupiCI45VUPwAXe7xOajoiL3v95/ITitqJcVQT8Var+g5wraMw75zTJLES9sQsmpa0GvzM+n2uBY20vNCtUyVn+vNci5Q8dP8c673fDp0/GPZl/Z4igas12XvgQgbr+eigOOAcchc1eoBs6WNPOV4GBJEX8VuM2KeSC4Q4BUAHOtXSQ0R4esaO5PKhbxG5moE2D5LzYmdDB03zEv996YQc/PSWnNC8lQMbbhL/q2BZMzX5SsAHExWQYTeVPNHrQgTJLdchRm/5twhUrLLF+VuAjitFnpkPvZTqMiUEWnKRtdeKweiMubMmXX2zi+f00PL+jQ62hqax+KY2D7QbnnorvQOZoQAbfLvRrXRS7VilSCaVyUfCLSb9KvEozbwffN6amCDFLSjn/7PLPxrYZYP0E7hQ0aYjxY3pdYG5+SQFepg5Mb5/yI98F0nxCZBbUrKNrUECAs4mZBYY6mcilCxyMIbFktlnKXZ60NwipfEgd10JZW/HN3IP3gtFqSJaXxlR1sTPugGEkVbmXxVsY5Ou8VguNNKrFcPmNwEMniDsmpubY6ms8F7lD2zxRGLJZGeORPBuPlloF5395uBxvHy7XoQAJxEn7Phj2NYJ0TfnMA0oQm/emC8JNof8zgJeg/ynQm0p3SD6V1TWGpgAfSwjN4EYkHiFS/oy44mneEE2FKQm9jxsTF2qewDJEomgVbiSI/VnQR+ao20wwZh5buRjQ6UKgrK1FTJ93QPzLMSnq5D0qLJvt2vBQqC5M7Eq24jmay5UUauhDKSsibVNn1TIitBiK0zv+ps45/Ff8sNVQTY9vMtR/pIU4h+fhwohDWdw1QRS5V4hhgcZdkvWFEifYWy51dqymvqJWnifAazLfNzmrfAqbKePgXayESpJAm/y9tLKRI3f1rZXzJLV3k2mGAtZxmGv+ntv/azxxUxT09d+3yc0kg9/6/yVeRx5afK5HmLtqUbOcizyqzkmEfpL0QuwpPoICxF5iDz/ncDJtIAxoOzCHloBZGUxO4erXWPlLJlErcivycyNVobe/k2D9UsMiWaauTcpO9JPCZtMxVaDxQluYsCFW8nGVw5LOm1LblgwRv41IaHOav19BvTuXnLHCA0tI2ea/hjuKR3CTYLJhLf67sgLPR5uHjOMZMKTWJh8LxIq588Yft1+BEirnh5yBBFq5r6QPGcCuaCdPPYRfrzn0LaDIXVYtdxHMUZGVItOkbkKuQsq+cavVrA7HvMEzlR7DMi7Otl/DwGEbcnAkp8RHLziwsb0rWy0D5i4Br+nERaafirXdwm1FJeSD/ge7Y69aVBTggfPX3/O3sQYJOxggF3+o09VGAbn3cFCTiaJt24owEcBeK18+UVHj5CImbbdEAvRpTcOUUvjGxEkhcklItMsHZ/fORyytOtVg6LKBhfPom+KEQOk8JSstrIbX+FaxFmQM7CGBKLO5sBSUuGlyCYtFbqbM3+PtbRNPXyRHHwcNRrQE3KgWyboM5tv+emgTt2uYM9g5kPT+o8QzLzISFZ0kC0rWYGHNk16tdbXj0sYp/iZbu6ACtkr/X7Hmj/pACySQuha+qZcJL/gN999faJSSjoOoLOiNOpp7yfhAy3yGqAqDuefgkW48mjRAvj9LOAJstMZXl4LhmsOINPINFw2mjKL7kP1K4CnAgmcXKs6F7Px4sN627Ud1h3BX0p+cjdWXCeIymzXMsGcbn1s+/n0+/bd7Mhn+aNNPWr/hCrmhkJgBaYGLG/hyWES/lAAXgfKwedyLZBRpj5j4na2lHCr/BU4gmEmenPeQtdsm8lw2tXLz83Zj2gzKHjLogZXDvlm2YlPm3UKnNhz8zFCV8Ere6V00zn3ENBJATClB/yAuFtwYVT1lnEJrkdvSmtKgZyrFNu7QObKDaYiOOY1dziQxFeuO3U45CMuNkAGcYuM/Tsz3aquWZINtZiSfsf01e65Uu+wsaJ80+0ZpoON0VWLEFTPH5roq1gMouDwlCObXdiRiCYHFz2nTMUWRSAxbZxPoTJVTUwpUfAOOKtn36jo0OIJRWPjJ8rXfd0ri5MFdpMkT/8i3NcGZfmeZiLmzOEO78aoTro7XYTLF7OG5t8wJPzEakW2eISoCwN6LPZ/DOuAoVrmCdVFFs6x+WVp+rIPzFrODRlQdSj79e1O91AP2XEEH0FDzyHAXlxnV1aut//iB/o3FTg6OgsqhoKe2QjgqxnjoOo70kSy4O9gz4k7mCvlolCeUNpwHFBAxpmjgJpNXxPyKpCuQo6RFinDcGP1ePXYtjbtiGF3LbK82B6znQGWTHhCLhvfs25IMhFMjOHQ0HgkTgu9tspk9UntfrVZyJok9bfowbV2LeMqPtJLqUbPH+C7FSE22QhI9FmJiz551MZnHiGKlNNC35cAEMmKc5ndd+eqxG3xUTYaQZbw4JHidmbA4opu4Xt7RQ/M2T5WJzCr3YSA74StB3kuVcMZYqGi0pUDxDmZqtMKIE8TX/LwfUwX/5cKWlL8XVAaxNNsvevKIZOKjlUI0sETuvZMar1gye8SnkdrMjpP1VbIQTmTlgumNowgwzG3sFRaAsiFUyz+JLJA6hJdS249NJurZp67RKP1PEjqSn3RWBi2hKQG34jo+pq8mxDzzCKwhs5qfWQfg++AulSIVjE6DcEqWeY7V988jzaF54Smx1krnSFYPNRBcnuTlHO5iS2O3CT6NjttuLh9hrG+Q0lO50em2w7fwPuh1gEMnLUJw5bdUF4axr3+U14c5NdAftpjLk7efeDIrmm/k+eSVI62kQxv9ApIlp3r1bJhPacXxGM6+TXB+w0IbB8KjLh4Tt4QMriLVZhFBQz/DKi5nYWqbAC+PtVpSxG37tskGlbPwWSCNRueJv4llTS39FpgbyuFyEYv7fDTPPocTbl65TrMF4RuPXzWEbxdLeHNT6uIvj7c1Ij9TKyxF2tQ5iaTZ9uUiSTNtfOsUTx4sx4GFXJ/9fb5mnGtLlntDa9SRgCa0NDvd0026KnkgMFAqEC/pNxVPHH4g0UZVHXxXTTuPxC9YBselrN1Y1G1PaOLm+brPcvRfyNJtjFcOZuGZMeLN04cEhPHHTC/ISFH75RVOZZHP7Uzys6GX08mcvxV4FrqBqSJnStE2pSjxrQ9N2g36VWXOv5faF3/Krz3u3mcXdcnZprnlKyEFSWRmG1VvsshHCsgE9hwGKM5ofJ+2dbzpdJHc6oIjrfshV52toytOdu6kitSVqXb3qI/sYlsxMUdbenklEVfoQLP+sOQ/Ixi75bdX/wJ04BOV8RMsykxrQfFW7vHDtQY9rIG/SvXgSD9rFVYNhiphDv/ZyWBBs+9sT1iBinsgAQ1Kkx4EYU/pBcKEgEfiBc7JqRYvRK2byAk7AOoC+8PyCkR8uX3k2MjRXdhbLLB4sRFB8bpnP3qLcfnWmhxzL/LPLsGLuOE7rJnEI/pOZ31bkzpjppYSPAeQA+2yKeMlkvFKYuNsFilfZLteAxwoOsFvTp5bRRwH9EgbFmDFFC7Kdmew85SE2lKqv+DM3QVhdZOeg8KTZlVLVJqij3HGOS4bEGGu5AMfGExEtbJ/h11sA9M2NRg88D2Dk0xqvuAf8qpBQy0SFJ9XZVGddpYrc2G0kW/Bb44Gr1YrsEpjjdTnKabGjYFixhQBC93Y0CshehdH1VYszOrtmaFmw8D86D0WyONBJkIJG00hIxW1kOhpbLodGi+Oq2IXdLRJP6jcHFAMaWci7Zuut1HagXX+q+4wSFVlAyOhCLtQf/Z/HcRKIrrBnvSH3wHyLxH1rZsQNbVOwclTbCI9mJNHS7H6WJupBKtARmQ7KA4vkspTdhkFFITzqyHdHddopbpitbguoyRSqa2VNi53cubIHUGZzA2awq8AUlPzCgkd7cfBtMOBAkHS+nwtUKMwbHwddHwQEomiuaUBbjEIFLZKVLQq+qqEnsdP/KoJiylqkZ5BKMe4gljrJaHTKBw935QE+IOBZI6nYwA+n4qICXeFKuboXVHLnl10u4bsd1ciqXTRZGZBtr7epmGt+YDMkmDbA6QTng7vLPehVksf+8M8nhSaZkljdMj+EO+E1d3Kl5oUmhhPGcOm4sFa7/+xHXYEpD7CgAazK1sXJLQXbW7E0vEzhQXByTSp59gUYtMFC9Dk+dxFgdVRLZCqiiZGSySkgI/L/HcEpJX9ANyMSVN7CUvtTW1cq4NYzZi0jbpJpNGrLFPbgpsNVotAsciTCAfaHX7jzmTw5NTcK/AnOjRL2c9N22CAzbHbma91diJAUWXG0W4y+3wR8H+qPVP9bUVSPCF8k4KCwjq/dA3UrQqNqPZ+PreQ8znq4uMWZADbVR/wfAJ4/bV/f7uCAhEGJGjZ93ytfBKQh33Y4JgT0LscjT9g+HrU8EbFj7gRuOxDDcXU7nlHE7cU5LNk+tw530URZDmztsSHqb4laiD/uXCuPTSHZhU0iob2aWSEx17WBy68ukD75D/uPLXvbV6aTLSNpB0KXm/uKMmn7N862HuQW2JKlAx++LAVMPsVBg776X2qsZOcuotNPmwDofZFbGe/xj0WVGvWsWqPZxRjKTulxQmkSmPzZim/6kORwhvD+KWp2EgiPNShBltegSpXOXlw+Dpsb6aMs3Lr2Nb6R9NroYfykdeHVfFJBwYCTGof02DaTK6aXwXYZL4nZigdBAdk5g/oZZplZRRld3pKep887ba2fWcAdAHBRKzPu5rgmA6eiIKwjHw5OOnM8IcojQDfZbj1KDyLtyagRzr5r5hW38sSEpLOCCej6HU42c3OgxXTUSKGXTuuyaNXljXuX/NZjyki6vS5LEmobPphtqfflFHT+Dru4JdKMOGj4DLmuu6/yph58lFqmJKUeb6DVh73gq0EPjrJ+cuxqHuge1J6nERnpWVpDyJFnTZdl78HZeLM/lYw7gI7pMqEJX5iO9RM4RWxNZ1Zfl6KrBUecrh1woaCPPnEkuB2FIxscIBbww5cvaFDco2TR6pehdJn0AH6AS1aDCxvrv2Z8HsjxDUnsqKYZ4i8MkLGRklslJE405wrZ5ZaOk6oLk20bUf75Tfq/vO/YWn+Vj6CtJtHK5Wr2hvNMWqt3RuZ7GGWm+/wq7tSze0djAtJ4ovYIbIrdwW8GQGb6fOGLa6we4hFURp+BxRUI7ACVqrTVkFOXbGwEDEG3VwqL+JKj3fHu0OJJq96/tTQmq9vWxoL/JGqCcfHLN4oMPmnDG8Uk9SRkJsT8UgNBPbj9KC7qqBTL1tDJzzcoKTzMxtY67Vel5zDvVx56TK8MUTsBD+6buhIvwQFUXD6Co4ZUqh5jhWsuJ2ihBx0USPSP6B8Cq6zhWvJxADXV7r8w9kjC4CuH3qWLpv0riqQUipBQjHjE8aDMB8iyciT8Bl87JWddbb5pHOj3OqumSQCWI+qg3OdoHSZHBA0I3iWKTpfoXqkr+sqJCRc9zbiPWXGA761oDpKC/TF/rTobmVZm15JpOxIYsma69fbKyCNH5wkeGbzpV7rcODBCuIF5YMBYN3Kx/60rKpWtD1xGMDnP79Mq2qt6NsETYupw6BfMRGu/S5/FmY+xfsjmGh+rzl+dP7uGJfF3Iqc1dXw9MZOJZPXyhpDY1kcCMLgwsNa0Uc3Y85zHHNa39YcrLu5CQ1OkRzzPvyvvM9VxBo2nWkQNbZ6GpFyt/zq3FFSPMYY3reOjmY43S42tqtKqlKj4xVl/do/OpR+WjXWiLbkJEdFrHmhoTbLfXv6oJFTnYWALHyi7GWkZmTi8zovnhonzkQNan0fqfVg6kOIObLtrNzooqMm2PHTTLnyNb+5m53A1cCctFWXrnq4tQ5A4iK9Ei/4p8e8TxVwu0BUumZwSLd6MHdwLrV4wpyON2tfLWQ7+RgvG5lFqYzhwsUtAtyJ2aTh3L4kI/iYOwR7nssMmhmRbcmgiRMkZSBJPz9rCmiEpY50RsbyM1PmveYwS/QtYBQwLHUlBQY+U2gGEf22LkXGVXoj//izd4EwNPPQ8LYE9s7RiDeihuICQ6Ik7FR+JtFfHLZlXoWgNIdmf7nEfzsVBdkeqi1ctGS/5rIgopSyH9WjbqV19D9DU3l5rQx1wJ+puYmGFfVHYYsGaTkZ/i3P5qnIIxDO16RPyWu8zOoQTsNcmUj2j8AilLbL1dl6dQCwY5qM4NiDoMgTBcyZCVw/sP0TRC0IyvmRBsKHMZinve/yLpGBNCEKa9FW7w06khMPBU1Sf/5kznAbtEmtOgJUFD6WpOLTi0TbS48GoZI69W5lrqkqNlGGFven8WbIy6GCBnM4WLimV/dWUCKp0cSrVgFrSm31Az1xdALTz+JXOEzHNtoQjyvC2eGBats4f7e6VjqnWZK6po3T0JRZxS5yaTfPnmqlzst0biUxiAAAAK79WYGF1MQAi3ZVtOBXVyWneKzCUm7hhmGH4xe89YtmB6wqL/VFn0hXd7yD6Sae6TnKoFJIhtjVD9fgx22ci+7RWeXOo/xbkPgl9C+xq+7/cy9GhKytZQdpGGLIqgUW4LAxjHVwLKIX0V2LOoCDbbTVyGENRKPVqe8AhxEEJerE8wf/pAlmset2XAqFJHvUXZaf4P+ON02EIR1ZSj1aa6/JBoVbLI4NaLsXOhbgGO4X+yKZkIKWxIY+hHDRUTA6QR5eR77roLh65u/yYRaAWYwWJ7bfU7g5AYU6ruBzYj1szYrTg66Yfw/rtj0tdjdRxif8G7ONBUGefLoTTF4UCRugDGaF7fiXc9xANelg9S5NjHSnwBSsBDiZgLxEj/DpL2EmKl1rcz7mR1aaNWThTwWBIiR9rLKkTRthhKzvrxvh6u80JgFkouHNji54GcwOzCWtku1HRgBYYSDsbUTSNfLBiCdm0lXlpPI2tp2LUlJ5f2+3DjZ6+2hMXPSP0C+NBVstQ/UeWNSEMbnDNVFebH8el1PW2oMzF0MZDFlS+l1GtmtLhw8AuD6LJJG0UMVj+0a+g1wqQjyDLND8Fa0JUQdhLLJSt0cfhzroXrzki8k17+E6+viZceY0UMqdbSmQEHoac/BIbmusSZYLRr5/5co8OLR6RRh49q/uYNGIX/lF3SlrS7CrdJk7kbhPWn1IHMeRV2sIYJFAozA3U+dpqoQo9nM6Gfci9xjfN9+N70RJTGjI7cnGTsDzay/TLXPQSQPCHNszpNc7TP1VfTOZ3gQFLzWBZ077TYoFiI+I/g6KkCWlISmJzeG/1IDo13iBOlsln2eoWmhpT3Fs8bIzDYm40dgwOIlx7Oo7tUE3g3uLc+ESjOyO1YO1BttWwbBJIyaDDFsmeRXnsiHEwA+22hAYyenBKWmFz5xSt80V20m6+xjRNh/UUHB4DzNzLuVH3s3syZ/z7uO4Rh9jkzSPvsthywok3q2eSazz9DX2pYA9cpBZnnt14eIZwLwf4s8Kj5Fr1jqKIyrBWdw1f8bpxmmtgP4XsB7s7+Fe46Q9h+Q4VmnrQcQ766bmPB+fP6psJ65cSqE3/NJ0yVU0qYWYWt0mg1G4JoAhivOfj8gB69AhIOo8Lfb3+Kx7D2+9osF6rDf2DpLxeBCWkAT219fWG10bNYXPtNt95yaTpl5OLm2ndlCC2HWKBPmnGKMhV885SBcBy1l2xXhzRvp/5qaxI1XZ+oZ6pV4vK5cAX4UB7MAF0oiz7AvzyWY5GUX1E1LMSFzI5SnwdLfH8C4ftURI+xsLmEn3skFyjs6GSdtzjdhRa+ehRQbJZWpwtm5SJpAvXawgR5sp/S91tye4Yc4vnmZzYPoK7r/uG1LZ+ZXZFAVkX2krVLSevQPswGAE1bEAZ3CWtmFq2YOeKemaqbp0RpLTv1MOHNboaJ6v1B93uTsvTA73l9+vXH7++T5Ael/1DbZDuQm8IzQXkvGPKz1XmECsARuy8BjOsMIILBFgmqq6d7QmtIRS9DV4xzMj1HcA43T/ZguqaOzDQbJoQ6gVED4MRCqGkOserPnsGMlYckcz3Mdm2Y75tukxc2cQhHzEZFCBFJClkSIBYOF9dGhIfMyqMZ0uP+h2jJ6lf9MB0r8j5/PMZfXhPhSTqW1b/Dr3i/WlnFsuRqOe3/D5bzfcpM/nRhjEoDXpFVCo1L/HJu+sDxRNFgxlXi1DlLmIX4dFp4xuEJisR6/AoGNBVT/4IpRJkcWVmhCKoElSFW1HmWymnZDfYRy7dweBjKC/b7waPClkOv+LF2vptqXngESGFg5eBbZm3E+I2Q8A1XvrovqKdsUBmbcSBX+xPmdt+O9G7dbaezItPzW7fJdkhp3BYlpcrnVf5MFWOwQjslToABL/fmnrEC9CHtrJWpaPCeosXLxMp5DM3IyIoXRkdZH8KMJ/pZ188Gd/0EGRIk4ScmkKDxSzyOzjglh7pRgR0W0KsWdWjuGehLawv/ENema2uPKr1pr/B0yHoDAJxvneaq/PH+mi1OaSmE0LGtSKHmPgeBmKf8SLSsvArJUJEB081Voyxt6lX4Jgy3zKflBtmA56LJumwWlWleG4KAww1cFGBaXsV0IIM2VMM1zgCXHAMcPLXudT4FunegvDl9w4+IL6AOXYX0d6Dxq6ZxbO/1eKUyWBvOtFsDXeklUn3d1s8TR7JJHYfs/a4a7F97ZwXilGQy7ohnHhE3k8QU1BsE7h1nub2yYcfO1OPlRciW+0HPKyC5iO14E5LfqqC+3s7gQKH1UF/VWNoXv9yhFGx0MT2XDBaNhjr7iEW/+XNu5xnnYQ8mfiEGypKbUY9Qk1v1ZYNQLwTBE5sZbqrUK6YYZd1U3C6zSW352t7gJJuD38wXEXegCcOXC2RXpXzMWUO6gC3i3RMKGOj9sPe3qXFJJdfUxcePOjP6izQzFUimxea9kuW380YtH8F0ingi2pporL0fLzdVElC8S+wlCz3aTTg+ihLJmklDa0Jycq4WP0X1zKBeLCxuUm9UsckFrPt7OPHXil8iU/alH2s+1w6tOhDcnKuqhPXXeybaU3CoDZlwmXo4illvI/aiRGlvLeHw45l8JxSje4Fpixy5LNNBu9HufTaARg/+HafD5yA2IzyZv9+NatOAZ9vD+hs0JvTJ76EevpU7NkDoRk9qBcuvotmf2I6Yf0ixn2/tQQNHQgP7yypU7MJg3gJ4SwcrDO+CKQ3x6sx1vDyDLpUsaeQj2xmBx07p6EV7PcIicfUFBzKJestrsSWlu8ch19o6kDC6vTwhbYajNXjKGnNIpE+Qk+XNGsfO5Xo535eF2FnIrVLheWmV5yKTkjHjk7qV2zc3mSiBKf2HhbG3Q2tupRPLe62f8mg3mmyG7emodlCe6l3Q7ob3Q7lgp2G32qp5M+pY9/J9XP1qYVWIRzbbsxr8vM9C8rv2aDzWyzbk25X1VgMIRM4arHQh6itxf2rPHwRU0Me8sLTPbLuX/2CVl7aGXxpWeAKvRGz2AoAjl3HIC/XXz5amfZtQJeKpXAKBI9EZGRaTj2hNm8yjPv/whI5EQ8igRE8RZ7STvFt8ZMXZd8QzJYvWd75jGO7POtIhuH0E//AU9IAWMyWUxUH3MNXLlfbUhBkF0c32AM+GUmUyb7wXyvD47PqIG7FJDFtcH40Q8zyZcwbkAG/oiBHdUaWXSyc5s2DJa2opppH7Zjs8w9FTQP0h8J0PJBC1Xg3spS3Nvxsx8h9hXIisH/41VfNf/6CtNBMtIWZ0NINZQ9hzBAGYTOgHCNsuV1O3OvZ+QDVeV9A/G/0w17aUhn5fy9OTjlPZ1abwnMfbSBtwcDk3ZUekHaXhYzOJ7a650KRe0ezxUyxRa51nL/Cr4LpXTEzgdw8SIw2JmLZEsdAwI5koZuoQRgAakauAMaFyaMwyj6l68bTA9t08b9G8LVyymRNLwKNVt44kTRAwR3lgpergc1/9DzfjBbKZURjr9jDnbdPci0ZspZeF5GYjDdckZt1npPVrrerij5qqujJcMg8m8378+ARXhU9xdBYXiOKHP8mLEbk8CHXb0grc2zfknGvBf3ebf07cw5UMzwqtNG0vIIzMkBUj7Sv91jeVAZvMUNhwmRshjhzSdaQQKDo53o1Zt/DQ7GUClR6SSaEM2mYNGmun3VWqNBWBee7Brz+2TqYHt0IH6TG/gA/dp/AWP+BUrboh94MHsrQKRGUORE9Cnexs7gCQZR/TNrijta1ns9hWaXIfvGCayoC0eeCc9/3G+hYaiKn40KsloqMlwHKKAgxbWhurUlh6i0suZ+bWrZ2MWYuz9oLgBVngw0J5IfsdWAWfRWBHnIYVseli1l7RQ7leYJROAShulkfido0i/0a53KFe9mLfw5kZujHorRgCZgSRo85zgtdCob5ZUlbGZH8SKgM92iJflF1Q2OvE9bJi0YbDnVMDs292wzaMgZKN/yRNGUVDcWaTpJNvEAD0ql6I9V8a2byq/w75blyBwngzFRCF9kNmjV25ziK1oQeeP/YwhJyZ1rDX8nRmLyZFZZat8f2GP/k4sTGZjTb1tsUaXsM0VvCGyYwLBauQOmRN/esaqV8osSyS87C9FDgh83xhmx/DwFYPLOaIb1ZVnZgKRuQ57XmAhXsa5yy9eW4N6FgHqMGcjT2vF7c0OuK9jDg84IyvxEbm4uDQii5dRehcTQIKey87WmRX5Th4eQcklhPDf8nqA4xVNcIFpHbpbUw/tsZ7cJdfGOjT3mNrCam7OBhCiDLQLH53LCJ304EjBhuiwSs+ewK1CfqsD/1KZox3hnFKXzreYMBH3HctEGCjSuDCkuBlu/rm1AgTP34yIqKdmqvQvTKs0qa/+vCYYiNDoc9Skz/yw1XaPIi5o3L+J+8t8hfgMw3UeoJIrDpAVmEBO/6i+b2X7p2PlMqtmdyQuj2FUnnbuX4uJDrx2E8F228lKtu5tMnJaSoPqygHszyq5dNhRrVFw4jZNc+JbEM0hRABooqagADeqXkkDon2CYKcfypCQI78bt/+/GWi4mVGHvIPbnGO1oKUFRcUP/rBXMMtS8VGGBnEsag5btUT3azPsbkfMKp8bosYb1gHwW1gtDcMy/2H80+dDHR5lV3ikKUElxiGwpaM9TAn5jIiNNe2Prs2/utj1o3awSP1HRPHKfT3zyG/ffw/ewSRlXKf/TCMcc6JiMZSJ6Ik2jS7jRynnW3VcPlwrvQvT/jsAWoY6i431AkM8sHkAChEj/oW1PZGABhVcSj1OJGC9UvhMn+tF9TA2ub75TsYAF9PD6av6lV4Ku41ya8Vtv4xwoff+69M+FcUJ69yegMr7p+Xy4oGy4FllSvywKOK7nbsTAEvI1lIfv55UvdIABQzsxhz9eHATbl7wz10w/qLgYfCL3zgC2+Tt6Svi12QkrOgqq9SMfsWHvT3nzppnCzX1SFXIoulY3szo1MiIT8kbZD6YaMv9tcRzZAQ6ZXHzFTyHQEgf/SNyFp9GXGgfFYbBxJtH78tYy73+GwYOVtr4inxYLopq/33gzxFdNtfmQhwYi8h0k8VrfD7ehXMG4tnY+9lvi/1qqXW+JKxOyuS8cYTNdFCLy3XjPNwAb1DZmz9scPdWaxS9wAH1o0JY8Yah/f5aeDM8wZrLf3Xwe2Ckzyv55H1L5LKS7BMJnUJ43fraQmxFeXxYhTRpy/jpTc//0hdw4zNOTB2xR2cXiRBRJmwUGjInPfTSwyVOiXfCkWA6kKyI62CCUYUyyivNcwfycjuroAvYimWqCgjKyKvKH2gy6cRESk5nehkiMqpx5OXk7Qr6vKiiHkwJxfUsZ4SollPWzdqnCHzZRtk2F/KXW1tXgJcfJ/2CEfgD2JGXFURrNLNhxXCQA4fn2ZJzfeKyCRpSllBT4/p8Yq8KK9pQMsPF6t4D+muQ19dPZ0AP1QFr5H0IlfETr8sPIP/urIorvhbbCGrOul7fseIe6ysumX7s4mQ357iojoVLOLwdr1089kO9L5NQilt7+Wyfi+GuIFjaoVTSa7Ukl81uwNFPnVN5FT7nj/AjlYffudEAaefoujRrVo+kV3tI9T3rq3yo2p/bP9HEpXGH+vv4x9MmsuJNDTg1zAyqAFnsZXNHf+4UXMuFEEdCp6A1PftPzylHTChjDpDIMoYznfscbRyzr/Wubz1vXM02Y7Cu1PSur9ssIxyO/GuruuwVLxuCnEDLEedU+EUxgt24v7pOlOnHfYffZEYjpwFMlKISHfSjXcfdg0Xe6ozMJo+rhb6blpCyulpafNmMy4CY9uSSP/oJxoO9WrJIJNhliojhVgPMDALNh//ZzoS80aTtYA2684FGLofXBq6BOyvWPfQ35dVadgvQ8S5AMPzvsFBcdn0fUG0yt55dWEoHFGoK9OyvyqhVIMUi7vdKfkO72TWey0m6NjLBkz76CVG9RDtV1yuvHE+qPThuIHxb2daZkNOzBwkDT8OuIYsQ3HIgCos2UgocxLkcFr4n6Zb5wOr+usHLMKCpVuwMgDxMOBGp5mqKiwxHTtCoUuxh/RbVRtLfwzYdxy/q6HgWiGOqK4g/K1LaM1HWRNr2FR60QTL1VvCNs73IzxJaZX/g5T8nPgyMeS8ghZs8BCKnPejYpbVUmWspI8DEeQX/raJjgB9f1XPx7hsKfqtW8mPqEEScG9KpI1zQI3TdwQgZ3HeR1hdb9pvaLHNf3qKvtw+IFy4Syd/bVQXY9iiNb+9lNs4nhfB3D8fKu9hr2Tz56tCkk48c6ar/w/69I5XwqOtA70qhE9K5V40uH2tWXDIbn3uHJ8wYuRBliL4YG6O8+wBDMjn6UXG7+nmsEXy3y04PoG455EKtEyKZJoP69zyNiqsqNzMWzYQ1Be81EGr9Ld2h0yhRnrscQPZZRj2YA5XNRt+hCnLSBJAw2HNGjKda12HqWQC6UHL6NmujVcPiA9bxgpXs8tznY7ybfkYt5Coyjk0XdU/ijstY+EOb0Y7SgOTVpS4kNmJaD59PCLdCCUC4LHZHzE1046JpfgSfPp+KMhjwws+aCr13u9OqhIZtmXYjmTKk2MLT4WdtR7PC3qH3FK4dSjWiBELoAi9BrsIhYJqO3VQmyCCCDgXilnHMUd70dlUszSYepF0bQgkg6H/Tu6OHNQEbdieejJ06uVpSwDZfo8dI0yn8Yf0xtIbaoO8+A1+yoj3aVTTySL5Er2JioaOaim4j6Xn9gnRS61Xmv14KStoMZ/2KD7sSqYOKj7pxAt7ig3GkKgXdTLOc2LuCB+HkCSfX96LOiunXH+ErYQaRK++AUW2I62YU2ewIyeVTtsayXVOS0f7roD0cCn5d9/gBW0Upp1uk7TdBUxLLYImrEzbrRsGtXtdsGutFb46CadB1BOhl18Nn8btGXPfMaGGVhAt+rODqzrNyQC0PwZ68MWoBqFkvZedJhqUjU44l+WVeDWpSgLsXJ0ELkgLnIeQyoSJvIm/B3d0d/FrBxrG62D8j5jnIGp4FsQRq1cF4VZYt85zSZvW5Y2XxiE83p1xJHa91mTRQSQYErqaaczG8T5jP1eS6KOnkx/GUYXhvHYHD6BR7p7/erKC6Ab+MVClpc2c8ZNGGFXXMHhHImyQLsPP6Dy90hjnOCp8gjFyUYjds2z9NxWFRjh78HYu2acCarnwR/XTXewc6ksN84835eoPtQ2TJh8pqnVYgPctutyXlPjC8F7AJWprFysrkq9NSLSOHUZT21E3pCgyjVipAh9SJ0guAelL39xengWN4y1SNUyIpdSTHaop2Jlu2pIn02YzR4Lxq9rY+4zJI4HvrJcaJuhnCp09X7tQzPU1zwKE9MGFlZl3Pk9fSVVbm18oofue39df4ZuDTLzk3cc7NX7tTAsEykMnO5N8tiKIpdLH6EaZ0zsY5BPf8VQ7PyA+m1MWHw9o8JOAgXDmMda5VXq0mr22GpVx8EsoZuW0gMvGuLNQfffv+kqrK1UbqNOr627e2D0nUEiqkpAAvcRyxX0A4jq5tJxG42v6XRH/rtbqjOQ+IxmSBUisIUAtoR4fhwvv7QGjq4QhQE1oEGOB3YUA+dS85rQIYP0Ejw5nW5igPQE94seBK6rWJ9mcWOYJJDg6DwsJL2UCqaI3OqrcQzDcu3gcpux/mK3glMWvM7E7q484/MZvCaPoAAAAt/1Npy9mdYABGNbyGsbJVivx+HKmkh/zLH4bfMSRdcWSMECeAu7elqCqmyN0kJMyYz4pqCFPvKYtj3QxHmrKYOJwCJp0SMAJBZxJsFnEmDkdjNoNfXtdh+1MyE1oKvnw87nEUzzwujArNBzXDXF9tiGA/7/KZPk8soRRU/tQmSEW/fr5YVs9Fv/HUjARGXAaEz2IPIOxKgflzvgLTxAMgPLraFwK775cM93Nbiz8VsDXcLWD/usdIRPw0g0yjLp/h1u6MibMrJDNPpGKkvyCVUtc43G2XbMvt7CLc9V2v6fnUFSPh7LCe6ylmgfkxouqysyp57W7dKuKln8HMSJ8BAPzrDK9k843fODOJ7xDK1qw/I1XWNUogKMj0YW4s2FvlDCv6UbYRb3nZFkDkve9DQ1lBzNpW5KEyAVzxOYPXobh1KV6FepjxzJNTKpcEYFBvxc26LY3c8zpFLJhqNpmi5xaVpDPvo52RCoOD510DdTJnaVqrM5MRJZybusPvXpt8mrC8W6oIh6Or/IpNDnR132+LA+xjSqsUhF42PXZ6zd37yrY8OHQhwV1unDkJyt+lGiMKhKVo8bRf+bKes6f1OUgYLJpeenlqmYEMl6jjXjy6DIqNsNQez2HKFEYEdcpJzo+d3iYUON5OvT3GalK7BzeaN/6SIRvgYr9rjO/UmS+M9nzKzjtYdFg+DfvqsiIhQeSv+z5OnKFbSoFHMjuRFDqaPAdfq/o48Jw5O8bwnEv6rMvqonTfhcqmLZtx0Ki4TfM97AE6osGOQ1TlExH2lkN5Smq6Dlf0o4iTv5osiU7izxQLXAIpIE69db6CWoHYy3BcfEFeY1XO9GnSOKRkmHVtcmGRpHwlaaDFeODZ5R3QsckHNSkyyUwCITCil3ls/LZeHT2TZ63hudJ/gLoDQA8C5/rSgJJT0sVZu85eyjcslZLNBAQQ3hzcm4yXVSPqXMWq/HH+EF5PteqnOagsjPC6Us0nRT7WVfwI7+IO7iJb6peCrHFLqrVG2qWUIqg2GOlUgQhgw8ms2KskKSPC7yjcoBNv6rKsagFGNSbLOEY3GrQ88c4ZJT7QOp+9uMKM+j/cmx1iPIUWS4NcBLsoUmITEH9TQaTNsA2jI/Rh9JltG7TQKw2FE6IJkTKk8JTTEDvBuvj6KyMF64t0wqHGgDoyjpJGNgFiNCeUI17FfuR3AtDSgFuBqWxJ2/isVaXlf1NzpkPWXxAFIjRyD4ltjK7sImAK5LozVx/lonMe0LWLkhUlAg85lN35skXF2gthkd5SgTUlI3pBIMnlHAuJQLz7KGLRkdGBhQFvJY3We3pttuBM57edtqs7LxZ+68UNxMfOtC9jHVEFQhhBL5ddwMlAFcsEj9d88vP7KiolPLA8NpaxaiqXdbYhMmETSpNe+ED3jYfcu/4wNlN2IyPBa/4JQkeXPB3Mgd72zAB7clwIvkfp7VfFiwFWAlAtOgt/Iq3ZcPLXzAeucQ8YlhLs8N0HxXB4fGq/qfuQHPYUh5hs89A4hSMk7iQqANQ3LmTgrxhSSYf+XMTN/K4crg+s3ctxfYzZiEwQsWmUVDVodI9h/DQ0O4Q66+2kWvohNTxGE7nHNFyEd95yv3HgAOich7MEXaFjCzXdRJZZYE6KdpuvC8QiYtEeEe2GYSOigU5oNnoyAANhtibaxMLt+dO/cuxVj/j4Zs3b3hLvqs/YkH4ZlRo2FEEUqpX/Souu6rrEYF99xGTKCIRllGSN15B511Ccm48leug/ZV5BE5hkavdNKzf7aA4yvFZcMthzQHvfk+vZUH+QNeEqBR9fZpPbLtggnFeg2vQhwOwwa0QNdZZPMeqwGaJusxqijUQ9b/tpPyoP4c7pDIYN2Unp7vcslNPCSoqpKkZBlEJFBEgq6C/VoFyqApTmIXVsqc7Ci9PLJry3cTkXOD2BAKuAk+rhy7kj+ILnQa+soKGI2amOx8m99L9ivKZvudoG6J4mZrdi1VbMACtqLxI8Oxz5TyZDJCv/o0mTfqRv+LKwaRJzXgUkDDMURvZiSuBfciM7Br1ikJ+8FGGJdoBjSBUC/b49gVWAD1RyYNNGWibdAkmVz1wE9elpLhFK5YbdBqw1qSVVGfFbMToE8rc4nZxSvqdxsBtFOSHqSktTvwvEHIROGV++KpCUkrL2GFwpHmK8J4H8f2Kjrc/ry3bYBSdTelh5YVxkb5mPlbd+0EnPlgmXQBN0loSi332ypiBCKDon3wl1BE3jT2rboXKzRx3Q8JhMhMB27tge9VFKDgzoiQ7kVdbt6jRf0xEgGcqE9orPyyUgw+k2rlVSARGEggsPX79CGesgSnQzGyN8g1redrlcoqulKkCt4wjsw13QK2rXypvu6CfH92rJ+dwugG/6n5GnjxW7vqYeymR2CRxeUEDVhgiN1DgF9fwjVZK76hAstT+Cilrq8q4M73D3MwDDbkla73aXr019TmswUSq0eKWn/c41lIl9IQY1PKjjTF4jDaQpIJG1sORAzXM4BP4m4tpcqVlqXQCHVc1acmWhJSBIAZKhT0zpPSHQR787iTPl+ag5fzF2Hz5tfGUUUjCfqod3/SCWEUfWTTrcLgDH3S+DG5PF/lWFDeXbA6ZonZ30l+NE5CiJlytWPFtlF+5mYSpbrPkPd5syIEbwOl3jvudRfc+CeAX4c4i/rSXKHqofxnf9i0pf27JIp7jafv/zO5VcNtF1TXscXfU34RWeu0sAyYF9Jt2rNh9RqmptFQn1m3KwCGeW6/u7jP+hZ5puLLvoUcvSEs9GiMU9dSxP2IP1cNQDJYu52sRc9apWUGWYGNZyrYL5UF3nNr43ysWHkKg9fb22P/r5MpS5m08TTJKyoplEjTdaNWylKbik4gABKbymi9W6kHCFoc4ClJASPqYc0JNZSTNjXcy5LSDNe469aljz7GP7moYmCcaDIhrCKWXtVpzZ4M+YjS1cxdN9b0W0Y46mvic0TrGjpuyODyxbGr5QJ13Zywjl6epKlwp8z8/BuA8iNRryciP6gMLRG+ZcbWdMOSNJosrtk5ZJseGm44VSsnf9gyL2fAeCsNA96aIi1sGBqDrNq22+YLvvxOmyx3WuKsSW+3imAeOE220OvKku/r/wnmiljSUB/9PUnMf640P48C7KiNViV+iwuhLCQBSsrOfypg/eN+KeImbE90kvk4XpjEhV5DKn8morGhPd0MQPkq6HEP3HxeU10Q+kxmRze+pH29NvCuMOFB0/L45Cb795zjSBNnIr2bIo1tFx/aWZF7c0Qb2DMnCI0VSFZ2QTuk1RxF2Ye/Acax9VN2HdqOxaALcHP0p09b7+o2i/btW1roLva1ja0XlyVQ8aHR1b7sVqN30TvwGKA2gxizsgEgkSj89bMSfrxKJ73Kkua3pV4ExfePI4g18Q3eUuoSq+p8AUWwyTf5lLN9caS1jlAvvNdY3jQ6N3Le4/nt4of705dAOlemByC1EQEh59hz99KF1hApRjWc6h7obW835luJqyKK64LaNfFVVow9ielnpJIIbaV3532WzI5upwh01eMxuwgk4D8nFwfAwagTJcIKAurYwniys/dN/Q0ZTukrTAMoZBPZ/DsWCKF2aYz3MDljVF2PkB8DV4Rub0kvFKaxHiXtzBUXoj0BYuIObDg2GaCGrsFZeBvjsxDMzsWOsGbLT6Bjp4HBAA3dhSUfD0BRCDoicT1MNRPx+QtbKJvK9mK3EGpFAokahyvi1PVw7LiF6xbdxlC326yA/IqHwfAmATCnjNjRQpRQqHX48T2aYek3xRJNyHOjz1bWUu8nJLyjphAA4Y1NMZHcfNImD+SXbTbs3YjAcfv7s6L/eSuA5D9Klj2xyfA+r16lZdvZPcqs9KcGsdU0/fwpIvQNgy+kVbWlzZqtL3PlyIynzJMGOTrPa9yJ0zeSnA2Ensb5oriuOZIEwgn1p8EXmvQAh8Gkh/zbYc5lKm9PNVfdsgu7nMVySEh3nBFHXskIqO5uA51wah0l9DbyTTkVn8Dkfj+6sMDJ/jdRzaab8Fe1o7VqbR1nY2ROKl7PI9TmCm9s5l+drqCA5Mv/WtJwJAqgPJA4uyh5QpRBJ1EIMDuYkxgtSHnBHtDKoYJOgQP0CXvJY2AefipqQgalPJOs2oPhrOftNkuabFGz9xmj0ey57EggunOxIkyJ4nnFDhzwdISLTfXvPIcPZCUX9OMsRwUvKr3+C5ynPwTdqUy7/O7NpOkiVsKC8urlS4NjaXmJnaY2sktiXDmpbbDRYeBxniACemEPvqpqWHpjrBYruJeNIb+EUrO+8LeclemqXD/Gsof0xSip41/8wWVq/DDDYCyxATQNSP4ni69T+RvWwSI4gFyq46UShisKwBHAb21svxi39bShOvpo1ZliliCN4CE13TOsC7kwokZq9nB3jM9RBdv1Ei5hD2Xf/Xs9oWngnGLXqPyfTesEMSrhix/rAaGRDq0Hgm3Enn/yZZX36UAXgdWT2AT4LW3HzA7WgT6cj4x7Kiqmx3mBcJJsqjce7TSJYPx3yyrtvgjLDN+ocZGje2z8auJwtGnJ6MC1+4//8pQ+t9Fch9P7ijTQQ2Z8pRNirvBbWSyXkdEKoDbH4YzWC/NbiUf9Tem9ZIFUL8j4HoDRq0L8nFI5uMpnK2bxWVP3+tEcvHOJr/4Bc7315M5QvDAbwbzYRH6nCB8aE9opJESVJJfvaeZlX+6duHrnWaZCYia9iMYnd/Hn0gQdf9BGx3Yg71EtkoS0PQz5pg7FnR5fW35B9+G2IJre2RwD2Q+0qze+9LJmWlp/9whArwJNg6AeubBHGFvGexe04xoFf+UOUfT4yIG668UuvenTteJix0OszoScTJzcggm0jya4Wli9WqgRa/hBws6hmE6r8QpQL2LPoFMxpicqFosoObvhlGTY4YCO2Q4zM2EMZdnhuO0TSYekLnn40+srW66SVOk4/dv/6ZTO5DVFcIUV9718xcHgdyG6EA6LH6hQUVmpYO3G2DeufJ+HKTQZq80lMfLiZaKfjJRHfelRj0b0cgh7MnabmI/dDYMIy1DHEUuFas5+97tHB9fQNafawLeVr2RWp221X7NzFPIp1FDzo2tsKs7XJTVK/kE0d+BOjMzBfUkBC+J2kE/nqC2uiIknFVMxnAI5mWHt15mdQcpp53oDz1HSLrlwuXGQpsGV0d+vMttzrSH1ZmKHkFDRdg6kMc6TAe2cM+0a1gC6irCpwGFpqdQ/M7FmwAhmtL49bqDHvsqCkUC51qi4eurgM4l+HcGX8j91djkbqhQKnWQ4lSCcm5i/+cZ2fOc88SbmTR4clV3xi/J2Ur42LxYUCqxe0vOjeYya50bKuDOn8fJEXW1wyfksIkYkCK03YC70yCoq7M40arhWX+L0MG+OF5RCBInDbSJQ/vA2rBlybd2xK/oVNI7CqdluQ+QmB5t0i0iOOwED7D08DX8ss7iAUn1D17goY5TK0bL1DKd8C48Osdan5F4fsBrzFvZwIQ06f+BrpCY21zzssnW9mqXan6CGem6ac3zebWi63hhA01KY1mivW8LJ99ewXdMT8C8xvdFJz1BIHUyOfLySjXxZZzE3N3aEr0cNsarPjvn5R0KRKv2+Q2uPK4DRDV2pQMJA9fPzuAk2MO0wX/0wSL3HjHCF7bLLaWc6im8Wh3Rzw4yFZtKocnUe4DDk9/fr8lwUORhnNjobZpdjZLpe8r8+4nzopHw6V4ivFfMsVzCQ6BpuuvMyFCz1OqS4wT4/TXN4/Fq/A7fn+CYoU0uc029reKalfX0bS/43CMEvcy9gC6jomh3wyCQKnMzAsEXV0J7FBlpCeyeTvZGtLt0n7F6wMLAxx4tbOC128q5Wka5x3Zodyo3lwhmtalEZhJFpir2QDtEzxadM3ZA2xgDn+RiFqEJ5wRPoxBfwf2YbPAGSNs/hLDzur7kcUenk29/3baK4ZQ+wN2mMFbfknCHxEmmT5YZi7A9On9C7xeojt09E9+RzxDQwPBG4Rc+1d4/rCFW+Del7t+y2MYsRoiqc4bHW61JszmTLNlrWgL/ZsA2M1wepdH+NhQA9DmLgqyGsnWv48PMAwNNWmwq/wqe5/Wp3CbcM9fE79TxzGEGXghA8bluNYCOEY7WyqvOurFlbA1B0V3/NjjXa5NDF1EI67jaCYStOOJaGg8n/Omw+5jzzTEwNQ8n6AcSUHrjhzzoD+PS4wUf7k+tsM0Y+pA/YKvtOHVVRP105uQT8QllkrKCfSMCoyFfAuXxFAY9xcJNwFJxiUCrBD4Fyc0kmSze9+U3Do3jRpM1pbFv/mlgZpjZTzdBiXxn1zGh5JONHax2jGHgtGGih8FOucCdtZptsgiVPuzxlvIUcxwDFO+ulYcKVZR6ocTQptEcnNz1KmiM/JelOugWCcl0gjmQ6X2scQ0F9T+m9+XWRGPajB7zS1jBQDRzpUyNiHGpzSsJV+7qzTAePGrVp/4h5l1ERjlsbPwQx5rYYXqU6wGMZqpiP08zhGVjaeV5HkGMsCdWL6b08Ulkm0teEjP5KsNU+G/iSefSCw0c2yjVd8dte2PFyi0HlDteFqgiB3uN7EiTIMiGLn5DakGdH3LiC32d9EJwqLRqwYmvm9qPnH8taFBdlbIcbmcQidY1NSftQU5Mdr4HnD0UX/KN7urFNsC4EnN1/A12pWEyyhAuIGahKYcQydqhlcds7tgVL+4Kn/MoY7TdIs31ylHLqFK5A6WvqWvEX5iGenXbO1xS9qYx4ZpdKFUxTgl0yDNq73hnXk1aKzchblqg9AvMsXyVGKse3pgGeG5AIfW90MkKFlfGkx8kb5Xe9lKIYoXt3QIHGhonUhAZD84tmY+CK76QSrYIEPa+9spSczv5Gy1P/VLf8m9UAyoZn2UTYYjkXGPTkC0B9khgDLWEBWm6w9oCnYGOHwyWX9//QokmV1M1C1dURlo8XUjYZTTgNvraYNyKVZ8Cw1gZpSEgKaWkDBxAGxO1sZtF+NlOUkuoK5SwSQT1G/hmKVTqV/Zd1uGIdPDeRz3kOWGVCc1FaRmlKe+NtZqyR1GRhmTUS5VeWo0SFGXSiCVsZwdsePfHrnDvL4Q7aC+mzaK+LL9OVwKxi0aqWRW5Os4KdDv98G2lJtmbETPQNLhJEFst0ZW8Rt2Nd5o7gVwf3UmlcdUOGsCBCSVwrHHVNdfpaU7f4qCUS+z9Dz2iJJYnAIk1//s4U1k4+6Ubpd57D+sa8Uj0Hy52ZWhQzRFQfFa3NF+DGET3hu1j53dZuw7v+vqPaRZsDfHi/ZgZ5qDbJJXJLKt/P0X/yFETr6AAAAAF7+cUsLtyOx8Rdo+3RwFT5YqvxNXOJdZbYIrJ6cHYZ4qWcbhCRvhs8m/Wo2L8PPtqvfytQaWimwAGrKmk2/vJtqKl477KnFs8A2C64r9YxBe59oBh5BQwWIikn9BdhofpJKC21hVQGiQQbzAnmutF94RLDwqklSzYlzOvj/vaXMOK8RZQrfbXzGQ4auKPY3dHPifTgX79Cl+DGvFCO99N7vP4o4npbZMTIWELh/e1cfhU+rrKTku/HriB/lb1xjIIAo87qnu/XXC9aJlP1cRKc8uf9a9lGjdSdYC0KFbvaegow5D9wcT5CyUCl1A5xrbMl4czSJ7RNrsdYtSOCj7MCHf0MJpVpqCul6jzOg2OqDwrGZ4JBKV58eHPQHyPvMuGEx/VQRC+YAuCcbc/uxRyqIEOgCiUiRxEybgV1+ajr9em/fLrlQLPLhIwfoWypf3szA8KWNJiYFgI+8TykEQ4HNvBVIxOp4H/g6adRtqMYqiGdGMtfFwrCzRUUiCYnPAZ6+YA6Ft8duVgtZ3WPYmrJSj0PfMfh8qp/NsAmt66hOttYroibAd3w71RMmidlwfhPFkwXMt4/04lV3IU+ZV/IATW3NbYKaQHv2FR/Glg+2y4KBeHBdwILlCwa2oB4lKNdo3vRSWkgK9ZZSlwbMXLdBV1i+dxl3O8C1V3tVkr/yXdiLI/a7Hwj5mVV50QTaaLzgNG2hF0ZQ2HcIu86FXGLXxqcP/5wHyCiar22O54nzGr0VDostGNgxAyCWUHwb7OKFNgRseg2RyqYq9t6nElOOF6OTsOlZZc2yFtwVMsTx6gFoY1x6HhQwtG5GmjI5YkkSZbtt7+ocdtwdoCu87ukFyGDp+89YaF0ujQT6JiBbAj+6s/ma7n3rI5jZm+iwDCTHikkC43mNYZ1Q37woTgUal4nNhHEOL5qWQl/8sR/P/K5IPVbsVhW6qbaUK35JohPWcL+nWQYolD6JnkRpvrbh9N6A8TKUKUYAjF93Rkvox+BBI/Z6fCytSqOrr0eOVuZ6+37osnSSr2daPpGEzukPhtZi8UE4j9U9VtC5YpSFHKsL8JIlVRX/fpXubgN+cYUNqps0bjzg9HjpBItbv/W9sODKoFQjj9gtSnBtopHxacCWFNYkJI4QLfNFuB1e9SUjMdZpJZ+ZGQfevYtdGjKSLwxdasJG2mj59UOlLs7KSjPyiWt4Quh7vFVEQmZRvG+EBWjANgGRrhHEqtAnn5oTFOghGmBTJDcw0Rf+3InZnQ/woPzSpvtpD9Mc7HhIpulSppBcOhqk8//Z3HjpzoWOQRjUmNJyRvyTwXXW+v81sqUwFigbCL5M+uiamU2Lsd6NxneNF4WOR+EQnNGMauPJlLxLho7eZ7mXlHoO7N6gKeZwRgE7y7MaGPDuEY9sI4z8Fp0WJycqq3inzuxPZjFKGODPJNg1j8sgy2F4MZE/eh28jmE5kIu1Au/IhGHbOkd6NFRkAQVzF+qw8nZheK9xcWRBjBXjEn7k7WqVYxln6MdryN9UJdxHWLDZ+4lcUWCkXYLXc7u8/CSMttIz4zSV2S5oSmE8SjkxUCVh/HymASYa9dtG1DTUDoDjCIxy7sIIxp3cepB5pTjMYhHkLS37yVIDUDcsFmYXSw2flrOl7uq+msX6dry83wt2dzay65aiNUanTcGMIfYip3oe+b74HQfS+0tMptQUxycPxXc+D1Jt46p4zCsv9RyuogtB9+VyGm4IuTHJFwuy46QSSxTs7Q76EbVV0IfGC0exsTtRVhdvfc6H7D+hN8ErrKfO0FnhR+KS8DGSQvjZI/BMVNn1ILzLeQeTRK7BnSVLaC/56gN5wMP7D/lywWr5mQ16DQkMyJujbhwuW9apU+fpNHUJaT9EVrYPK5q0oncX4GNTWphg0U6i3Bg7W/oF5VvW/PF331RlXJHTyL2w181KvnlcMLYIr+oCk8hlXhfPOT1YO3/aV10C97MIhxMuYoiQiY+X7ZrD9RcSAPmSMqQNXlTW4BZldREfWC0EzkYH6xRrMzPPfJmmtKJ/n5y9ByJRr/H2U2Y/DYbeeSRhnC+KonKB4fyK09tWqi3LgHLrSYmuypEl47cdYiuyuOl1KCNqh0dxQfXH7xQJekERszT6yDbw8C3EF7Eh7C6ALu8l/6d8nvdO4zYqxkXW8zG4Tf945RFoQHvMWk3ONNbfhdrnBS9oYl4jruFb73/zZVGg7LQNcEh6cTUeKkvHtYBJPMS0i9TyBNP4CFBly9twbNlrkJprIuCA7HY9eujFgo+ZuDBI60E6dJZDUo6de19csKhgnih567qABIsiSbhQV04613oqde51qoBfmbYic1KR3mz6l1LQ72GS/xPWZSG/7yHWohjN+WvCvJvZl3x9BswBC3X/nWPdTDertUO7BlJnP/vwkYYKtV3NCxVR0oomsG4HykoF4QCsSH3ZBeEh+bLO1WTjgt9+/mdT3ZUk1Xh02C+DHBnLyHLiKl6Vs/Lo1jlM6iTW4L2CkOzd/ooNzcLsZ55kBay3qZVz1afH1WqAW+iWwy9EYKHKa9gUzzoRQ3NA2W8t89Psh/Ls36whSpEhtz44FNxDYJU4YS8slXiO279X582OQZXPZ4GsQ3HXlXrc2Pt/F6+FA/RE4WGLQnYsKQ3tpXshiMbNcbPKaYfcXJ5AvYzrh0rPxHgVwB06ay96Uc/WSW/Lt+omP19GKTdRW/I0S2146DVpPOnI2CW39CpHVz/S2dCzHMLqNRwsoWmk7GJHdhVgMQLSEWs0vSfP/NzXv1Llr5W4YFi8cV3g1n6RNtaY3XOElqw/h1gUkp+uAKWq6hdUEmllkbqDmOjEL/NZrroNbq2xnZdtL3Tavkt0BE2OGelexhKJhmk/pal3De4SigzL3B6GWmNJph+e3LK3Pl5VGFjtosrGeLBwvAyAUcdpgroF2K7VR8H2Ba3qAu5TEfaA8o8FSOVWY1h3vOjuFO31xVpiJh3POajVz0PsVHjrQhqRISn4ECxNPnjwtPM+P1jKrSxOBOck/gz9xcmI+BKYdY1M3Kp2geLnTMFam9gChizZ5kV9/xYiXzFQntEraY2uQU1WrvmO3MvCL3LJSRWSGAFt5z1B7pr064klGAvQLPWomMdY1e1Ej5MdBzDK1YJSuoq3ersO6LTrUIjq0aufc0WAi7fpC4tCY1km3DEwzCDwSjwzTJeVXd3oqlCKKSBCBzNWOWTsRkDHAZHNT1tvTrmQmSO9Y2ra4Ld0Yj1ZcSI1SbDHeufkfWqR2qI7GX2xbeYShENZ3B1fMFoEq2nzN8idMQ21msU7TeAW3qEitvhftJT3EFTp95kJb5cB+ewvwf1dU1S9ExvyBypERZGBVFswN+zXdrP6h5Jemw/ClbItW66fC7B7z+Qr7XFWV4FXS07Jzut1nzxGPMtDi1576GF70myhnkXdyyx+wrMrpdujFY9Btjegv2ZFO4O/xXw6Km7kXeMTUBFt8KUydnavmvmFa5E3hcR4cCH/PakOiK4tGFAzNA1L7YpsN/8IqsgBIWwM1wzhYjILXpQWqYlAIt8HVcWE9Oc4G54FfJOCBdY0uayVh1P6Q8zAAZYWNPIleiEEiro1ludhtbAqKfdmic0hJLBcMX6TbN6sUonjuu2pdc/sYVfdCrFMG3LDwW2rOyoF/GNqz1kG2oJI+PURmULBOiH35BMOpOeRXjVST45yhcH1VfoxFkDbiwwvLyh8Vcid+0SRtRkgEn74Jk7EW+GkKSGK162EPqdw5AryqniaFAGS6ehVdZWcwc7/2pjmTZjRuMWXLXpp8P+Xe3sDxWcTvi65KTvwTD78do4yFKqZCypKtyaM6qT2Q/MPKjpNqDIcC1w/2c+joFJ9WpodpJs5OZ95G0mepy4l/urjg0X3tuzlyayeHddDELajfwhI0s+ZSO9zmuwJ6ejrhRa2PCBCXeRZ5VlKLma3HHPzyMqHE+5tem5xatdo6TzVhHfjoS7XJLMj89byqd5StwXyO9xN4IV0XuXTwHHuKYR4AXuo5TxRLfjlPTjUvrO3K6j2LbOqw7dky93rAlIyupHbXAFlM2jZ6JLRNMsxUEwGM2S7woQqd2/qAA4aZJt09sak02QNz8+ei76Y8JVuz7M0ARNtiLvEMt/3OXdWsY2thkRBEMnThIZu193qHDfbQPssbSAep38uHqMctjxZjY1NZkWvZ1K48DT21VOUw1WWbLTP8u3xGqeGOc6MhDMdRVO+qndcWrKpdDlmx9TlCUs5DzXpuCi09Sop0ogfS/5hAIa5hOWqHQEoFr4qLbnlFrdGPkE3yWLvY87ZfFpfRbKbP+p9cS1cGBaUnYk8/GEF7f+y95jk7Y6epUicxnLPprtzwa7KBAasH0nxFPNxr2CPC/B/guSq0kKYMoE621O0+DCchr1C4IXafOVOQuJ1655Ot/8kiqsMz/gptGhZu9Z9Nd5w31T27qwCMpN2hm12QLhzCfJdyM122eMryRNi6fBRW+R/ij09fHvQakVf/lL3iaqTc736mLN3/SbcwRo3b0Ba0YJICPbA5ium/ga5dVC5bUS3GFluyW40wR6aIi5vnV9y1u+htzr5Kgp2yfzM+sGHQREn+JotuB42IK1Iuqlv+8a7xByWbHvBeAxjaZuUSrPjetNHISxs2IJHE+HhbQuFx+TkHSuOPgtuzFzJvfZh85HhrD8gUG/xlDLhGUiCWbZwy0/Dx9cLk/cfQZno0/hIfnOs5CuBHlkQDqEQVQWSWVzuUVUcfDv4XlCebK3FbjowD2og1QhStwNpIYVNVGSC3nliN8CCJE86Tn8E9sfqXbTiQAL+liTX+P/cewP8W4MMG/Z3plEwgHkK+rBRXTRBEENO7BZ8KXplizAfiDl/XFQ8vNHxA5KKjqvOqaNLrqjbE90xODKlJgQ3qVT7q7G9/bXzAJ+76NUyP/qg/aFyPn5QZX0Mewk4eHfGgwbR/ruMf7R8eKc2G7+tyw9+JD23UQTZ4crRQ5tcst+vQTjMffjDA6LAr0c7CyNnHeZKtbe/Ws58bcTYqgw80N/IIal3OfCPusys8wLi4GO+3YNGdVdWThQO+MW8W69ZPNiVmRiSjbHMSwFYt5PQ6E3wZALUZKJ5mbSDAz0Z9hAJMdFsElOLBoJRweEiSUSUDGNOg7/udj2uFlnwIoS8s8Cd/Vu9drBxHTEUrgrhKy8JeauG8wj7EspaLNTm68LFl/HvXzfeDRbmEd/l4cYWTmXnbIRccoWl924KQliQ1OIW4/xnKuPgB+9GsCt33GIbxfqZIvSUQxqMpoY7TIWC58WVDZMv8eXpTxpENLnQj+9rw9+Go+E3afSw5T1otSUkm4Qmjxa9KyAPHdykwYRKKZHBqR9vd6Zd6wOx5vEAXuKcf30tcw7tr8BRNVNqkSz08cbUPQDqrUHyzFaub2RNXbppWGLWfh4AYohEfU6fUM8dsHhxS7u9f+morQxY0Y4UTw9DYNCdfD0s7JtNiIBw8sQxe5o2eYumXh3Uy6AdhZ2hluknobPLNaOzPW015gyWt0+6/sikyuy5zgzfseyYwLREz83IZf9dm80Lf/Hfi/D2Mg68liMdmplT46GNf4e+Xus5E3OORRZN08Mdq1yToGnrFw3sFHOVbA/TYmmYKEShpfd96MMLCMdvFNewyhQ40/5rhAgy+UVge6430tpRs01QcpXXdysajod3bv19POT4uOmxmzaikkFgXAr44rdWCaGeiyl1nQ/TEyQW1FBxmep8avxe7Mx5YeTewO/qCyX3lUbQS8R7JX3F8PLnVo53jKp9NZVhiij+81Iqehim7knmiK98qXuyinzf7AaBMzxgicgPvT5LFLTkcj/l5NNvUPrBkiIeRvaenSIsTSWYI8KW9BhqWvhmtuUntrE9hc2tBceY6bKWT9nXzFyemQY5C5i3mrm+d3CIhlEUp89bHEAdRT1VVGyu5tWGq6i1J0oNcLwd2s+0RdAJUIQCThqzeOSmPTbJ84XOHrIfHuFEs27V2mlkOhje4rjooW9zH1WFuY7ZsK4RSeOM35L3JR/x/o4mcDkYuq52nGxbxkAv0obbYu72ZA+Apj2Q3lb4WYqCwJZm2grf1PDQfMhADcaDXd3N0TWOiiUPz/4afdWMOk3Z2cO8+UamB5q0rQOPw6iovCGj5QIRxOO15jD4YrxFQS0yTIETtVOByaO+Uw2E8kfomeH7fqLlzG5d8NaAevgJIo4HxlHxPidiTjysrPpNW/d/mjQUyTYVevwrX79wgtty/uU8LE1SK94aITS1cY9SPLRoAbI1GmFkpqbajaghRO8JxGsyyNRb4NC2DR+svKBM6e7/9kvpR1JxLUyASjoM+BKDHRO0wTwA+bVll+w0of8ls50JChy36Pk7hG9FySoe9wX5XJoZI2E6qxKCcCjO+vdmNM22Q5aSpHwctFRHbAjO/E6m/XViw2dT/r0uJuYv2RWhd9uHtE25g41qs7alhuRdnoeygRGmY4J7Gw/jTn5O+9CBsdUOt7edosAoPPjwMJBgOcELP/adUGWhDhy4p6NhuN8UiikIzVkWeq7CyolMx4F81m02M6WES1G+Hf4YEZxaR6xWzWjtA9Hgg/q03dQv/fK0ddr1mcUZIDxl8o7BG8Tn88ddnFNs60dbQH01qK3CpVuFBLUPSAmDPB8L5r//H87/SHqz1NCvRyJHvVWu2b4iq8TvpywEElhN/pgDQNvL5LiZUI1OtcuOqj224BmHuQ94FdrmOp7ohDzbK0efCgo9FxZmILUErmDEfUPxFIa7jvBBCaakGAC1AmiTXpQ2hIgNHh2zWsZVEAg6YSJa3vzm1r3gDbo5LhgxJwgS++XwGsz+4KVol0GrFaMtQ6sDJw7aE7daCRNqB21yHnQifazJdOvqjJwxGeCG9PES8cWG+8iKiFFtErMCWct6MnZkDi/jXMbaqC0DCCf2yRNqZWa4GoQxkn0CJYK50TaL8NvnPsgS5u4YQEbbjTA1EHz6TSa4qrB1Luqw9iwlom1dTIG/b2p4SRIBixf+zd8hJQUue2zRAAAAA9bd/XfKbWp0WkLpmzI38kyXW0rOUBUwRFi1K6K/x/mIRZWYMp/rxxzEp+prfKfkW/tMEHnGhSlOClN/26L4PH/g7R27k292xBJmCU7w0dHoK/dqYJk07EJFQIh86/Js5xtAUOAAKCIN6zAZDUPjV5ShR+iAWepe4yfqXMvYcI7WmU1LkyZf/z2r5c6LhuMeb9z1AfP0TQFwQjzdahiTHEyVEI2wfnd5IFW8ebbatvuCoeb21D8HRMxihgOm38JKtttOqauclELfAYlsXfMXE6u1x/DTE1xSOubOvfq185myHTm4fG+nVBZfJEz0C2TYrMq4PrSz6QPCxU7QGkAySHId8Gxhq6n8I1VHYT3eT4OUhq9dEXcG+1vxv1VFT4ZUVUAAJU5T+EnmmpQQdMjWe7+nBqRM/P7OdR7LgVL7VakBMNEC2N3HNWxvMRzdCNmIpEyce17X4hzJvS2BMtPputTv6Mzbkvv3adnBylA4o6wn+AE3qF3sI5f/6kUwkHovxHAaNwEZjPL8TUqnrPqzptX2oLPPSXzKrO6kcxBCY9pEn2fNz0rBb6jp5oTQzH+IEU0GFJ++YPJ6YCfEJvwOAWAUYh++URmQGYmScTJ4jDet7vT3tWrl2+4y3IgRMbxo7iXx50oivJaS+Dqvof9JPw1BX0+jARkVNC74o9mCg9it6IhZVB+4tC0CYvSBI+Z4VYdEUdhZgrQZ8ezqV8+zExF5BBKWdnbw07kNZub8nEYOAbJw2p3dvPu9UTphAczvY7bvzCzK9K3EbRAdjLWKb1xn7YSG5Nl10xm7vxJrUf+lur1huM18+Hqp+dbRi6hmQQf20M0YtmsiIkknh21f0yW/nFISoyPPKF52Qoma0YxJtoSN5WsbT/0Xen+D7OIeZTh4ekn6dzvfeu2aVcww/2hs5z5IagTkDASNYbyjszCnOKL35wvo8SAyT+sdZC8Ka+0oPOkYvQ5qRBXJk0uuQ2E3qpUMG7WXFcPJds7droSmEV6F3ehWtqc08W7Pule8VSVAsV3bVSehYFZRBJXOzrNyrJ4aeNc0hsMU0ca0QTExY7zd/ktORjypcZVHxYzqMYzRAT3IpiziuIz89UNAcGHnFskZQxq/Nx61qcavt7PpS7fQYKRrn2lGUGZO8p5zYPb6mWwAMyyOT7/ci5d03OceTlISQ54cFLeSKAGhiwPdzM7HTrsqwvs3897nLQR8mrXjZmH+oYNnN7I7MwpBimTX0Zyhye+PXNYiMaUJpY7HpqcrTGWISXY4gvNVxe5frSovV5XFD2uzPIzSaJm2qQB8Nq885nnDgP4C8NsxZgiCeeI/sTPoXFe/AelaP9k7dDNbi5CUAwweJ/D75V7mVmu/x3FSUNbqtn64pn6GQhdNgWBsqE/9zSYOQDx/40g7s3KBcrPTYYIZQXIm1xKnEIjnaJXg98rsrySIl6H/ascfYn2GdCJ23F/4WIVPY6A7pfTiLBqaEltFrfzG/3x1A/9kt93Dw3lKe/Zrv4k+IHS6VnMFjaYzNm8EodwZ3HTJIqH93y/5k7V2SL8p7yjEbhh8VHWVRrkwTd3tuMDuReYG7bDy5M4dsm1XZ14XdEs7TvleWMsMuVyrEYBf7cEjyr/iP71RqPQb0zyeVrkcn6UuDT1c2Q/AMx9aYmaBQEjGzOfOJBp7Eh3TnJtx9+zls1b2j7pXhzHPFHigh5lIJVI6iL196nKPrjmRJ7w0CR9/DsQSJdbWkLox+GOKh8jqnK/nnAUTIlxGOMabsPEiQCDQ2ZEB7ZWLBSWwOIBmz8yi9wocQH6e+BS6N+iN8bxOq93kfubJ/IONLHpp4/v5zQkAqzU0mJ+WDTarH0XYNkCOjz9HCYIjYbTJzU7u9UnALtidV2Ycao68c7GfS7JYXl8fjZfKj19lJ8tJ7sQJyjwgeZbU3BOPOSFoUn423O6LcPvfp3QcmkdrfCYTv95RF820Ya4Id6qBpTpxyYSLXyXf6oPwKYqSh93POmMWKeXzsA0Od5KVlHN7ZMmS3UqHY7Vb6vkL/7zA+nLYs2Wj7ZmwdHx3Zfbvb3loA9N7MnDzOthj4/SnbSswmUMisnz2qKwDZJGOVes1nPpM3p38z7SyjZoCePZgyI1/m/tJnLzvR+s4YCj3ZUUIsFdOssAtgn/KlHE0tHKP4VPCceIAWukpWGZfeR4EnT1IJAg8Lxj+t/5x7+dCc2jvpVSzBRG8VpuPNeAfULGb7zrdd0e2enmT2U5Nb2NuJ5P+BlMkYFu+jQOeRpOPExbzwZkb5yasUlmQdDi6idMITven4qmMoGaeV6sIyWmj0qM9FM62mn/0RazzuRtbrLRcO+CgOv/Jdbt4UvE2oR7WGMfMB2IPfddDP7Q6+R/fr/0KVaRsZdeGurNBcTZGbVVeI+Mt3TGjlM9DqOj1A57jn3HxaAw+w2FszymAoCWzMbL7svzLJVnzvqgwK46Xh0iCJc2VWASK77H1S5Nnax6HtQH/Nf7uozboLenVWbzx13AENrj4q66jPBlIr6yqunn3C2BLi1yRn/daXjIJy3Law63mjcFcxSvh5WzDE3TZ7TbSrVJ9Ws36XEBu98CfTAX0lJ2LoAEyPFSnXRS2d3aoyACimtOJfeOMkNkS+z2l/hEyCWyFdYnM+wKUw3HlGo7KTgEXha8zZ67++G6OUnHyyPladtvRkAdKVjfkp/b66uEVJtSV10h4ERZiEgx0fesEeUYCztEirbrFJu7JVLNYeMF0xEI5v0DlhVHMIAkynTiVCMdZkqJcUA94n93OcOuzP/A8VkJD3ej66FkQ9kSx5FeLxZrUaKRm1lkKDqAVpIv8eKWUBPLounH8hTbwnDYjq0NdYYl469YSVsMt1tFexsls3z1EYYRdifih/k0/OjLP8gr2n6PQ1J2JWvhBumLFeqaonasHiYCst5lBn2jH50IgagEP7EUovfdO4bAPv5pKUZGZRfKGQ/wExeVtUpdtipFxTrFZLwplb8gm+2MK889jnAO0SKUha4u07nRWNJV6mbBspHwE5gyw8G+2FIg9VF0vkRAzCgNMhq32DfGg/ExQKXbFwnFI3UwB4KTIf+/zkymW4hNgg/+dD47cwM13Hmc1I8zLU92btY9V8hEeEPkyLTVD8yWY6U7aI8AK+zp7O7D+VHS1zwPi7g7kAZGToX+srrv/+Czj2glOmJfU9GYY31rIWGzkzO3vnZxYO0dhF/6EE8lqRTyq7+HRpZexhouoPXUfZct9fIRGb+bE/F1HzOV6G+5Dg+Nj/tkz/dNs9vC6y/pCi6rf+ZQUzvNdMg8BKts/+7tNkoiDVLvcceFaiUD2lMb0LPthaOUMdW2E+Q6EE0972RZznNRdwcalmCY4uMRhvNNqqGbyuYtM6Ld4+Rmxr8cXSFRmxM7amBfZAVeB9f2cWODbZFyPtT9fdY44KEmrVU681ojGAh/PEIaaEYECM+4TAB554+QJhlWlHHmNFIiEWpJUQNM/QXtR5PbZOL81yQ//oYvvzKeQISHpzzgsozp90IDaO0mzziySda6xlFPx+TRPE65RWZbPydlYUrP1oJCYk7kLpA7jf0DWL3QTpa8MYNOMYCGQ47iiBmFIdikvCxXgsk7ojSd3tAa0rjhg4xIapy7p9Rx7ZTVaGSgS7kHBNgMg7flQQj3O0vY+ZPE5vBveti+FXIrEr7lG8ejK2FXYl19f7iU+ohtD/6SQIVXnjMifAMVygU1BR3JeVR7PZ/tRs211szYVDd7Fga7vOfbW4BeT3y/OhZSf8YRPlRowPHhffq4GXE2k0tl0hjf9q9yNIsdajkOoOXXMPeXELLHvO/H5oQ/FOxdhUuR/S/nRcD321BVvuV3XTW7gYG5EhpReP7UTH1ZPzCC3nn49yncuRQqLr6CwwkrOunmZY4azb/KhlFOVxOROsFrvVEnicQp15eHyOi+EDvmMFaP/kIuE7+vSUXHNLNMSbzqa2ygVl52riAot52gd5dtucFweN8lAfKM21iihVZzQq8JgV4SBjqk+MiNSptW2HUNn7CUfw52mEKLD81nHIUSlolOB9atblwgtprQafJIvb326pzFe4m2whFUzDSSjTu2wjTox5GcFXg67rkjdUKw6lnVZRmhooQ22LcviuOqWnoAtRXHL7sJ32NeW4IEOU2HbjcaxPS0mSdGArPOlI03+HmrGgHa3bOolCtfROxouqxwaqji+x//GXWN6va+p0eTa5kAnoA8+hERy6zwQG0DF5G4RRuwV9rY1ghVqJPEArLM3aYFS9B4ZztPEZMf1ZnRYD4qv7T1H5G9ab6gFVKP5aM4oLmTHUPVuvj8G+koKePdlQvRZP98dZtJSwqqwPt1dq2Drr/0r5rI5DeDm8w9asVcYcwozV9f6T1F77Gv4cPrnTANJUmbVjC41TnyR64hGLy8duvVYzrhXdgoLYPjcN7PWLG05SgIurWiFo3mBHhUouBzFtdEzV1s/2dEc54yTwri6MI6O7LE4oLous6gfvgv2zFJ5+6RajrmMXZ8uTYeL2CCOMYs+x7/jd5Ir9LHzWZV5prVagqof8P9aeknRhEbD3tRA+CVM0pgdbKQu0wFCRqo3w+LjEU1HQWQ42CRxUobP/lapzsrfWlm5Zh5IXcRdVU09BaSajJjZ6r4fvmjNtVstIOancUnimcunIQUmOqeKVd3of8NwSfQ3HM7kTxIIqGRe27QhTSIccAMNOGE3+eFMYPKaBoxcF3QbYibsIYh/vAcVSt70561vfu/Lcico/KBc5CV8dYo0IS3UyeZ571ryh2Ss6ZUrX8cCqUlaOHo/xNixpVz9XCHMb63CBw4G/LTydhoRuS3EhxPQFHu4xLQVwpmiBXjSGEJGrr473E9yyzUO8ncllR2HAn6Q2fnOMTI2fau4YLTdpVuOonObLYHae0cc1eDkAvns4Z6qHqx0yas+8zBPSMaHnkhljuGNFhj3IfdyORx9ka4ZDzoZ/kpu+rM2krSWdXE3u9UY8+XJoATHTYD4mhr1nK8bakbl7UG4iqhHMGdW1wpVJAJpyE9OSlIbiLnIWr8VMMa7mRWSmu+gq5niL0tk7hccbhydZ4vmSvV27EqcoOLr9MjfCOnWDnk3e2Ok3qjpfyOqzdarugdiZ/ePFX8gFX/ibNyyhFEa8p7Fd/YLtY9xmToeE0IWD/U1nL2jiELt0Q9djSFFhNZejrHQvNB6am6GXlJEtN4+nfTYDjrFyuGHw89h33VHn2BTIfsD8a4lG7TTCfRZ7a5FU3pn+29CLI1mslX3q84GOV1RPshMA0Ikgx4EKqM8BMWjYP0swMYLIhBOyn5xbJtEBrONj2rb94pKCjeVEFNdrZTlUdCbksNUSd3MPVLgJfNqw0kef/Y3ydkZg+XfqpyHNdwrppM1xx1PmmXYqy7cqAACFnf8dtmHpKeRqoTW1/1oKMDf//f0RGpb8szw4zo6fjWUeO4DjwTPYSZudgDYPoHJLo2wPGJFoEIiw3MCUNOm3CojUWd0gorWNVSwF+wUkwSb7nn6Az0H6R4tssspfWoXws24flchnXWd8EyLMyi24+ljIVbpb7yBUlxhjn2CjtQMaTq1oLz+J1WPu3eSW0rsO89rNp7gNBlbA+kOwfZwfhFnHz+vqOO0bE3QNd1VdHVGbPr06nIpbiF2jdyfNz6DInUUev526oZ7RO/BRCHsT9WEqEMWyy28KQcO8CsxKem4GrjjBcTIsXzfFK/qiqfN+PceYgW+7ZwMMzsQNJAD258EzERnVlfOl+LPRIjDInu5T5AD8oJg4E9mnfnZYWrCCobrHr7pF/VfMhKUd5JAqt9I6ka9br/Fm6PwrpfXasW1Obt3tfjrpgJN2Fky67ZGgmdWz+/8Q4MoB+iErATM4ayQ2UCsBztdUwI6BTlhlxuKIIFT4QuftLSpb7/4qUfzWrJa7HNzu+c+3h2hsS3b/mftHP4PA9nxUsHMoxWRb4Jydq3Yg6QlpeJ1t4SrJpckm8+se7kxQ80nft9EvdjC885JCDJHqDm5zSGhxMMawzE4a9gM0L3ClREg4OqegbCk4qgVJdyx7ukI0HwzphA6Td7tA7Gk1RydtwXXEBZCuKORnTXUvqge/wigxV0rYbKvdVc8h3AdV+6QhCohigDlEsUwbJDmJvB5+bjBdEbznIEkz9YFSrD5p0Gs8nbkBD0sTSu5vsp2f9H4DsW65OM21gFY5PjH9K+jDxemOFtQC1n6ezhaIhb4THk58+d2oxBV+hncgllhKpRHviUOOBw+UNJiYgNOyIpDpvX6i0rqz2d9jwBZDtTa2qKq6axWxsj8/8vxK8847Zk3n7m6eIVB8A4betajKzCqGsB7qGCFNSHn3+EZ9Z/kcOYaTJ8/h7vYmra9sIViV2xWLA3WYlzfkYjgfvLNFDRSQmy7605BOryLj3L65wGrIvj+7h/5kkkTxWVBvkS9RCayXWOL/VyVBe1N3pGCz71xir0ez9IYqYkxGOQs3Kgq2wfFgvncyStiaakFcF+T8rLDffK0mW4V0mrS5ab9GWyE5IjjTXlExvxgfHBrPUsM35ACmcmxBQCMtdLI8YgStFQKnrU0YRC1rLegXrJBw2XrZJSYgutZAVo9ObFKEBn1v3HJjl0cyOfWxdXCX6XscDFFFbs7SedQKohvDLHM8Zn8LZuk3YTfJKReEJiXgDFberdX65ADUQctYn82LqCmdX2M91vA98tD/MnASHCbI5itEjWhdNtmEXGHgO29dvZxFVb9CFOwY5R+IZFZCnf/uXoIHq11I3On7y59yPOLbLC8637mErMcX60e+uYIBjizz7hv1/XH5kexEJBMli7LCI9aQAVlCVaugZqa6DDfwGhRlU/FJ9wXhtUdopTkaLzQRhyUL0+MZkZZJH2k/qudnU4qsMggHTNrt2fkLuQ4ZSZQdgvaCyIMfei/UQvpqhyAQNVq5VjJuNBdmqz6x1E/E6gCQM7XrwTaJWlmhgqil3Q7ZKBCJHrv2WdF/ZDuNYs3fms62m8jPtTSTRQ8Ka4z/AJgVNWo1bup3TfehA4E7lqW3CMF5ClKJsxrn8V2+4/XJA8wyMH78jZktL/ge9XZ/hHHYJX2RBrrzFaMh7DosLlhhHIe/AdjFsT9Zj/JwxduFh9tU0Z3hd4dfBN6KhYTEP47rPSM9itI954qQqLSaeDxJuj3lpjHZhPw37aEIZcgrE+NxDIgSm9xyVyYQruDCNQVla1vWVGPkThiwoGUp5GR2ab8nXbjHVmGG4bubKFAjVk4L6G9gu8/0KDnOpiG6/WdbdyGZAXJYtcwbpIOsYZW8j6L7piS//wry3WcFOAvLLfCskhkQMV+wOswCGm2oIq8bpHB4mDIOT9KA8wi76ZYqnq1TEKaHWLvFzh7ObURmWrdh7RkQPYilsipF3p8sVoR2MQO1kfhncMvREiV4lKxvlBmfZyNUYK5zDbInmcmmManerjp6SIxKhSN3U84G0EimpCKlj+GbuxnIFHq6/TKDmpYY5Aa7JLI7E7YlTPbC2FJ1DPRup5PO9FzLbH1sYi8ysUdUz24e+yb2PsqjCOcd39wc4VBxRWZ9zqDaPv5JvrL1OGwD73mdAIJaeQgoU7BNK4mfWqpkP5LwiwXs1dbi5eoB2BoYNrwAAAC6/ShBinNujuGoeU0PMOnBVsBy+az/GlaM78r/sJc6/nz6cz2RAD5b8Uv5ap80QagPjaIJ65lrmGFh2qWyPTJUcYM8LLwgFtebRtBb5S9+R2cL05Xelf4/EqSrgkDROj4DsjOd7Ngx25LPt4CzFLPnWxGqdGriZrpGiFizvGf15ZoO+34/vBDTxUZaFhCb0WAWQYLrDJwVa6a3+W2P0wT0Hx0TIII+zSGguRfcSmgDy0sz/LJw3LGoVYAC8Kennk+t/4Y9Ztpub4QrIekVpClgXythhQMVDhIh2z4D9vkSfms25IWSW3LgrFHk6Nvh9NpSvqOXc1Fk1Kv/FiQO4XmQrWtzXw4W4gksDm2TA/hZ0IZ4jVtRKzuWAe5+7DIvPysAmZOiqTQorOKuy9q8kPYJGpMP6e09p5XJ4xLqCE+Z7mNw5KAxSv9pA5SZ1QU21lNtzIWUc4nFO9GV5tpkPYytw494wPrd31ihaViUINa6+BUttPauQDbuHe1M2G6C3qQVgWoIixba/baH3TbspP74W3Ikcmgi33HMmJf/vuOtnleDmXffyapD0DALvKsE8Qd5fPeH7R8y+ccCyyRKI0WbNYMofYYjHzTt4YnDGKWtxsOCI8sNkb2b0eZsR8Cq/Cm7JytepIQevKMuyqmpGhfk6HdWmO5tjq4VI9iIlkR/arg96w7mhxc/nEC+jj/MTwMCa+HxNHiHPFmOxcJ65nc0KzHM9XwiESD6MQq3e60TbKBI4wz+xsV+zg85blsT+Xg8BtTxpS0gfHTIzSRXQKhUtQagiXskQVHbUSRL6R27yuNh4HY41TCxvKG2FG4DcjpFufclhkdbt3AKjPFnHn6Ysv7VArSgxoR7VL+G56qCY/gp5CDfXhAOXnOkGlN7F537tT9CHtrT1zeke4tq6h4Qn4QxL3YbxONE3qnVeAg0p3ONMX2BH89s6ybzflXCuNobppb/0fWt8Psh+BulOBveVU9rWmD+vPEGTk3AmXlmp6pe+1rcpXOuFWNyGo9zbmySLOe2pabJzqmlyx5i6OPYb59fma+T6kg1U1fNgb5zqMBaT+ow8aD55tFLjFrizSV+fojd25Wr+GbbGELYULOs0Ud2NPB0MVB3SVI5Z9+yuqsB6XrXCi1/mBFU3xGtEPsHaISwdF1m1PTErfqQp3GZ4YHfauzwDAy7JoofyGN4wBZnA9mqD23MOY29Esr29AFTLknL7sLAompNv1t02oc9713Z8sE0SrMxe4Klz5ZSOQh9fuUnBadzEWCVL3Dp+IqTRGph0tZA8aBqLizGvizOQyzXSL8+oxvUQnV/b9DjnyiSarCoXaeKRUYyNGf1/qB7oeM1WwhOHIJ42LCUeSnxi1LeSk6rN5racJ7QhBU5Kwj8nRmbuOMIlh6+69nOQK0HHD07StjCDHMPzSuwkNOFEqqfaXJUc1WHdiGz5GNr6CDhwckrJcHdF4u5vRaAf8L8vX3CJZiuztVufJoiuymrZJQMyGsfTQ9lFiixKxhQfE1R2ub+Rc0xP32knpUEBN0JdjkKSx1CQ18Ly7sV7pDwmaNserO6sp3i77I81GXxcJpcx+YavZUyHdg/BEta/vmoxeWwSPz6oz1sitoC8SjUm+DRODdX6SbUwOxx90xJC2KSmuXe90+hU/6km/gfYvc2mLcAdoYozT3KueVAr4gUrjfA2Mk+XKxpNWjLUEBQV8ccJ6z63O8zIJtBVGMUqQPRfwJSJjg9fYgdkzsRtUJ2CB4c8R3jdvNBwG9CiS5FFQlF133fIMeqq805DIGci+AtJWC0Tcy3avfoQ1dh5zz+jE25oHXoYtdP6uxnVaE0NuSaEWxtNlDnSKbMC0NQAY6FhcgssHUyyYKiTC7OsvryUNfVkTYFKgrAdva/9NVqK7/V6AxUmINH3YANgUZY38RT7/j4Pzevkmi8ZDVS/CbTtUAgyBSI/OOmflRYE1qCDHRCKwneEjQ4vMGG7haTCAFXtjLxu4SvmkyQJ3lGQ4kqgbCg0TkEEI2X0ya3+NzG/m5Ivy4m+9GyN6495Org2HuK1nWUXXANSIzzVM9B+NcMxRu46HY6iWTHRIfZWow8z9siijKIEfEi18aF+yOz8YgYZBOqynuvyHHqHoMl0AvHM58aOhIvRuPR4P8CdpCePS9Qx3txZT07CK/bSVELuK3NVL9CX3HXD9eLmxFZcozgrONmbsGNTe2TbkfOK77ybakYCP7FvxQ7q93rw5C3BnofGpnZzi6+9/ZsooO1c+JBDcCMTjxeiq4CjnTyytAl4kTaC2VOGsCBASh+QF6E+Y0aWFiD0Io7XMeqyx4qb+tfOEBhG5U4el4LQPF2xxq1L0nTYKzs88mL5KK0oQBFFUoJ3qfvxn14Ubgb6YtBEwuni17au2LfM3q+0YnWS/Is/U3yKCIxJk5oHA7KM0BS+8bpYMd5Uvp/rRbvl8QZfVMFMlLXFPvniWdO6bSye+brS0yYFKLbc/8ILzePfTYY9IutQk0cdXL1qK47zHVexCWGg3l2FmeVP9Lf4/XGC2b4vpNTNSeqg4dRdrR6n9x5Ohd44xruCsDhwMsKncW1tJNfvAPoh+gzZR1bn+aHHjvqbdhhJnoggar+VeLalYtweGlyNZn+YMP0zuVAUpAYWWPKWrftIU0YlbCy9dxWbIXXZr4JEQIDcR7GY2qIkZjMeQ8pg2Pw+VaMCmiuHzizipMhFhvqat+PzafHuFyrRLlZL6BqaF4h/OfWmMSIEcUpeRt9RCieGOIzv3dwFUUedb2jQTvv6vmMAODZbRVsif+DHTb0tpfByZi2lfSuDfeSnA3V3LkjbhJ6iQb1M0u9VmmsrkT82tBhUI17/oU2+bmgO723WvgyT7cmbo1YSGQn4LfKXBhDC5LYN3uoPDZXbRLLeoeYSeUSnQ7GBBfkarbLOKl3ON1Xj9ciFE0vn1Di8OWRgF0B+FuB32jLryDlpgfkoH4FgvxAQcq5GS724mFAt2PJQ/Fo+TvOvbphq+lpJiSmcvQ8uf+DvAQgqIZEwChJyGzfUa4QNGxSb/SPbsfS88ceSxnVEoYpzbOvBbdj/Kv1cPx9VLdEcz3506sGC43WNwphZN/uOlszwcDdv5V0CTGJ4f0sZQnZE1vH7YUu6t3ARny9KJSh8Y0ph3Qc5x5ZuCWsX3HjAjc6CrjiOV4ShY/2J04ymLON6K6xduvIPWNOn0aGZFPXG6MYmjVUO4ZUjK4+9IKPQIIcG6Y5uTWt8Byyzxf0hBoZOAy8izcqqtjYAVAAjMe483ydIwtyqd3eAomwA68pwAKXrLKCkCQH7WJMWbloI6w1VMn/q7Vj10m3Q9EdRKm6cB1Vy+oxlppZIdjGf1OYicgXLWuTMUWqgaEQkkb4QMi5Tn3es8s7R6PaDmiilIr2m9IPzpd2wcEcHaMrtZO+vhXFC5ZVGhXt27CwXS9LuNNydNL9fppNmDk5AZa3B1kjNm5e3UtMpIpe0nGcMAMxzuWO8cuKxforaVbyQVCEV+N5AuAOPj7cRfrlEklyj/v21RXRgPvWwURwtEeq5xePhTNV885vxFY/RoEWuHCM0GGIyECfHyRbSH4zb0/2RDmYjURZ/VN7M+zoXBTbyYVffBvd3XtiFrjxVqZOPrUt+uPEnx7YgsjBkjuLojN4dQ86pGuqkUsAcvua99ZVcugrCeZUdFSf4WxmIlhqagWGKjTrej+G8Gr15gUPjOORjqEQzFPsziI3DnTgp6ClGIgMYhbrq6tc+19+8KzczIR0vDTUbYLMJ5Wm+6IaJpWcgcbfkDzmxOt/U28uYVTrXHrWPXreu/DNRWtzCzC3hT7EUxZZ44E45Ymnwi/ufppmO2E63uMAlfeuqFF8CskzJZ3KbkzUKYsSLCFfVBRnRkYBPaLwT/cEoEQLuEb4h5L3jOOVrZzEA639cEgsTgqqVhUOQNobHIJEeOMT3y/azv15Yx6NTj35w2IftpyGuA3u9nkDU4PYx8ASDzbSNMeAaqgOFOzn2Iy9TJW+4805iESnqHQ2EzouRrKlElPGijmyPrzDFI0dNRkW+oj9egN041iUmsOAaFXY0tInyZzOQx77XcqG6vNghwXnfdhFVUZH4NBLiHAXHj7ifRxt4REoUWjidYI69DbMKWDnZwyR4LSCQkj3bI3r8o2MZxO/P6QnjYO8uqwB4Jb8Qntm5ahbQLMQrQv+qEq8QXcO2Ex+lXCWJKtr8EE617MsYjDCbwonSTPKuzep3dcuJympP1n/styQqY5/kUQuIAX7ZAQjctsVzgHCy3LTKpnGhKfMuVMpEbcI2Z/3F1YXk8Aqt66vVo/sCoFjcktBRrikfVq+H9DuYWUYu23PDR48K3BGcYXgVDqKumh+JqAfMbKA7OikMLp8GlUugDOk+JMVbz3Dgt2uhZrs9kJNY82sNq+RiXoKUj7ugXWOf/r2SoJwMFDXajB12Sb/rl5FIQmdqvMq/wiBQe7ld/UsShODmuvikoiHRz+YZHzeVom/iiq9g/tAgrxEv736c9jT/Axg5bFUiBWJQ4MGsC+t17qg3cqvuFwOkTUuZ9goxMAWI1AIn2qh9A9ASeNxUQCGIOTho5iUtfNE1cU2NB+rhYLmpmUfHlsygUFqGlnqPY+3TyQ3bY4KFD0AonvsaMnuloNlk2OVQdleA6zbayWQWIQEx/MzKaDP12bjn70FiW5XXyycC9XvqddR9zeMz5LGsVceny0nuLsL24ir+CDTU0/TEn774cpHmCobnQHpn5hnV6WHjybW9TubAsS0DAqeLVHBDSmg0F2JtmojQ2pf6rAy3iPqOQV6HXupnOBO2bWKHIptTWjmTZH6Ae9yDVAfl5LTB5p4QK749rpBUVZse0HBlC74sEAzhV7HiHYSh8OckpEGJPiehfGmvLaGiJoU6acy5U1D6mp8YXNFXywD1ge7x2NIsOzYILANTrFOxwxRcBcUDr0o2HrsqcyKH/+mLexX0rp8nkK6xqk5hfHThGRM/dYmN20+fzm/8+SJqGYxoPLwWmIWd5zK8Ce+IiEy7pZvLwXurbZKLEkOhQwR4Wz33YQZ8pN0e+IVgINI3eVPQ2zdh0II4wnlj9VQdRnTs7s0BZbmSVuiiiGwoTPYD+WJC+GMrcHLJtovDN3UBBw5EAOeLZGIRjBF5liLcxDVWrJthf7wAsdb5XzBXK0ojaNPkMeiGD4Z5YKlwCocBNmnTpCjyEFalVLL+3YkknxlD0JMPlB/9MciT3AUmO/5CihMEM4JuLwrB5g3kbesQwWZr9y9nQOsGw3OkJqPsYfvHYjcHf0DAcWzIqNtK1hZppWwpdqFxLw9Yio7idvu8QYDKHVKOBMgRJFHWlXgKNumwUV0F9pD5DUnS5Ddh7F+N6EngwlZFHFoI051BNjVuylpL6HBBYUuLcdqtfFlSU0aXETUIVFrtSpVT71sjKAFPboX//xuMmusYTkWr1DMH8foWY7Gwkv0oP/MQ8FAbuA1D9AO2oHdQxmnfSsEyKcEoZ2YYGN8e6Z3hWlzEUux+zEO2USaoFJ8vnE0UiSL2GnqGRmnbs3LKiV8eWaPVzs3hRcCWO1EZyk8Cvx67gJp2oWIvk8Sfu9BLfe+ttldIXPIbHEf8GdaDonLT854RmOguSCgIKI5Z4scL24vGIwPIUsG8HgD9bCrsy8ET6R/N7D/hnS2dZqIIid/Cp1nKu1SzNgIeMOMXVllY2Uy8Boc1lmRj+0CgL0kh4Wv6m9cqr4rVxO6pL4zIe0Z5w0AYLJ4FAxACpgw57uEsLe8aib8dbwxUIn0AW5nSaEKS2o7/JJ26ocx2g+Tc/HhPh8uF5xo3S23ee7eE/1u3VWh5VDjhm7wy0Rby3d/muwH1jrHUCSGJhsHeoUx7cQleCOpTPphQVs6BwMWNEiyryJ1abJfvNsStyCOVu4cabHn5gNEZBZXC5tPbQ/tBGnFohOGzrXU0KdDQ030+9HYiPQVounux2ZG0dN+Sl0cNKBK0JTVwnCoSdiND+xPcu7BsZChqEdi9v9v5xm6YeyZh4kPurQwpvXUxbvHueUDQLlfDPfukgF7fVc7Jysd5zJItQYubJnlNFuB9yCdkGl2Nu9ttNcJLqZMtycwL2I311kwnSY+m9xQ4zz1ndMB4dzhk1MkevnuX92UpVkwoc8tXcCfVrhOKYvKgf3u2tNX9bJAgpYib/gDOaHOxJFkrMUc3GVjMz3WNsbouO3DnKHJGwMLNylWqmcWU8tTXe9NdaF0oGS0fGj2+SCtMq4XT750wSPO0BJ0vQ4MRePpXNgmhz7r6sGeCADZlhXzWbZcl1SrBW41+z+6LtLH4N3AXsZHeX68Bmt2+U2cGUzmYLpIu+1JYXIsa2jGgL4rGKrQfg7hpI5OsXoBOpW3scI7jurFQDUm6FJcq75rIVoIQTBHxmG6Ci2NkfeyGUQOpHsq2Kg/SWcPDeD2sJKRtD4VewjkSVq6/DfQ3Ahqjsq10DMgzaFd/sUP7B1fAIuFvm38kXUstYLSrLu8MreQZ4vuSljsSWDlW4B8QCy/pN2McLjy6NojeZTIkJ0wisW2giCidravcKdogKbiD6D+TVzMnKX9Dvx2qPN+ZFxpjFUDzGlh07YH/x5xJuD6b4/2QlCp+qwtkhN3RKf7R0IQiScjeIo81uWD2aIhOgseBI9GdFx/LPY64ADUkNLQ2hyNzNC8ylYkntMByEUjb68d1x44BMWESwaKq2Bxa+dFBwUlL2l4PQySquz4hg8unLUNMBdT0ihK2KNy1ChHNSc951pFFxeLXAKMIwvey80sJbuDV4NM8ZC0a1KDSxFU7PrytSW1mJQuAJeRmbP3g3qmv6MDN2GVPc1aYCVHoQSd975kRAtct23IeKOoTxXu1gAOJDy1nyEfCdttCbOB6v15lXy/ysK9QWiZ511fzmzC/xL1VCUx1MCfzppPTR9Gzm8+LKMIqcWQ0ApA/+vBVLg3MmbXkwIefR8yVjwvF+i2IWZzkJqBBYVF/Y2inAes1PJzKiefvQ3QsKFrAOize41dUXqPuZOxjfaeWhr746krcXkjRqJ/DXtzetzYFO0pmSG152Bzvy3slYvcmBPeaQuNx0I9VsuRobls0dRy0GJtHn6nec0BqDprfx6c/xo+x0m266P8V21LwPBndjvuvO/pO1Nqumpd7gXHZZRicbKbVy/AOl/l+N4DAZ+dhY81BNvMcQSMEXiu1swFkea60lxZq2Lr7Qk4jQpKzOaaQ9kPL44o3xWfjOF7AhUhTr8pTLi6+cWeD9MjCLxPl+fzIY7m6Ue66sEa41j7/3KsCtRSzexazBRWImMVowvfusStR0kdxdtrdBm1jCFHPYq0HEC+x3530lzDv0mojKmhYxWFDCAWLWa3Kf9JCbjXbnIJ5HrOR+lpWmijie7rYspJk2orC+lR/bXmN+TjVQ+YHUyKCx7C9cCdgMawlHVDWO2G8quHjlz4tlHakAoJbvMBZlndyNv5Y/P7REzhUeZo2RtRkkeP2I+ymZJNzPTNxQNH7Ni9GLtvk3v4T5YyBs+AAjrKtiU585eTUe4EloMEIeJpjwLsL7F2N6tkrdDIYtun6wBZT5rnlq7tNpLqh0faHM9gqq6gsE7CuSC6fHos6LqNOm4Of2WI2HdBvO/m8nqMcGpiH54dkS0Z5QuhUj7YnUMLYhspNNi/c2Fj0Fm0OuVAxRq0HVdQe0T6s+6v1Lwt/ZZHrd4tegLZ8YhRGUSt4SB3szUTv6SVyA/ATF9Q5kEYLfvfxyCZNQi6q2JbufgDlnDIsBHz4NiJBpPCYVYKnXFc4HUaapgTH48JyQOE2Bq7RWmYYIrD+8Khsgr+dsjjmbh3ZDUUrxyed6xjlpxvL5uit8rX7KVbnxhvBuh3qD/D3cxKWVRxg1ve6oewM82We/cAWPARKUKiNdTxzvPTQiX04wybKdarlKuQINq303SXl+IX4cpHbmp/lsvApVkmSiHmnQOE8HIVmkgClvSVSh8yud9+O+7r1338YS161JVPoALFMEXfdrRSekIvMZcl8VsQq0IDnpJMKfdxgq8tGr8aqCMYExmNWnQgofWAC269lA7//VtPv6xUrF88uDfYuRTe3SOswvw+jzXSu8ZN+0PN/3JUBZw9EqPJ34klyMq/QwXrPF0W8Kij3udcUPd+rFubORastwjCRhZBYq89KTkFU//u688NaEZ+rgMBHBYvXtTG+AuEZ8NctxZJRqY8pDCrMh773CIi53zCkkeEkQsFOioHmsh6A/EdvwhWn4HU/Qh3c5nsid5+AXn5XdLp3uAMowf1IoX0lK+KJojyAbkOVX//E8qtmIozSCHm4Kz1euibwMokyGbTjmAgxx8jDnWyT8avVk9Z6YONuP0rYYW6VD4xr/w7OSkgDq9AQQelOGjT9BoPp6em/k7TWYAAACJv3mkswgDedS0pttpzTphyn9oKNboz/riDmrSNx9I6Wt9LzgzkNIcRrY3AGRg+eCtNvmI6ZcDpyRknyGftqaDgqvHcGy4XqWOojTCM8ysVbQlKcQUGSEsmK/o/4vKzfpvUOBHitkeD5CsZp/9pfoj8yFhJcgVQ8026aa9XN8zLlYj+7nWXZ/3rECVb4EoWeIPLbnCp42m1na78q1JW79wWI5LcGoPHY37MK2BP5JOAfMXvXssHBiPOHlKRAIQDEfpH9qr8i+0864YplP+Vq+iXLDHjTJSpTlOCGqHTBqNP8FSLcX4tGmBrofv8ySfoPPZEzex5jFhOOnsyiMbsBaXsnFGlx2k+OZRXvHJ7a2m3V2JqDM7u+CR80n1PpPKJ1mdtrpuZMoZabzLuFr9twc+nIUcgKb7mVg7F6ZRytclLNTx2PMh97GzusFB9gjro1Xr9roHWDPUnLgFRWemEkTXTRURjQkV13KlQUdgaF5/umgodF6LjfAvyx65gm8l1PLLg0ghROTHEdUhSkUaWsYcpJkl3Fu2zKn41A0RtzTrO4/GhyVrmpN/Kap2JHU3PE1DNDD1hNb4DYUqwqLBGCjxVzpJDRoTDkLJHLF415b78YTPj8qeUdSC29dueQ0Kb+UiYyzVPeRUxQykcJVoaEhmy4hd4JwXmRyvT8uh8deMexieOKq7yvQfia3M5NjnimeKpq2joAbu5UB5OhA98RbZkiZSP3DkhVlG8WN1VDOMf5T4Xw3fwcgau+fSBXlEQOUhAOTE+IxA47uEUMRm876/JpX3KYv7of/nTcgCsYwV8r+XkkzBfZRygdrOerUUgWv0tmNjP7QjX66PunUdbSVUbdWjB+a3QwV8cDBNn0jtRxThY6oGTNmNnhn9YhuXPumwSoWI+4khZIs+n0T3OOrFfnj+E8bb3Vy/46/Da8W98mxX0yAA8gVjKxpiezmKS78+o0CCdgaUetvjk7vwEYZd9vtusrZyprEiTduaJUwhbcZd0qFWvBzkQ/f0MNzSVxMgWQ+2M7et/DpGrdvwQlzvA+LV8BpE+bIJ9gf8KDBxiDmaTTyStXFpOvLUM5SPJNLJNuVPvRkOGkrxXYR2EGywrfj+gmQNFBJh6ZxYdfFWtECr7JCnqCM3e7t0IrpStHHXFieNLiORs4LOfcGTi35m7P04GzIXIpYm/V5WKOTUx68+czD4QHewPIyMUc8cCPcfBVz1MeL3JDBzw/1uvFThVErkUlyMCSv/H0mqtU9nuXHHZRaNzC5+QK7Tr0uETw86jvMtcgeK9ZFFoHHqIXLIjKt+xc3XASv41b1WKa+AHBBgsySqkRtxi8tXlZIPRa9Myl8KX909UVrbUV8wGyILQYJzuk2vbGPJtfE1Ydlt+5T+nfMXSbiDPQ4QG3+axX1vlm0y0awN29yeVgjzFM7Of84Bax8WM3P7DM2pHW++nrWmB9bRN2YolwYA5kiqfgx25pk4trZzQpFKuttmFUWkqTXJKevd6g9oUg41+b4HpT1whD9UOtPkrhBl1BcrBnGn56V5n0mLcq5bLARIdn1s2/Su+ZzSlBXvdvfVQZna+mbIOkKmqGZR7HihB0C27EIUUNfOobflIzPE53snK5pZ+VAlbv2waaSs1C0TYiNmPpkoK8YUGcQvRjmWueh64Ahag83WPTGTbIrD47EW24J+rN5vE8lAtpvL2VVqMROvqBsmack8R1kzHnqbxJYKDIuSSMryuwEGDarFwLHpxjl2dSUEgL9hgnltD+TcZxIVizYFK0cVbUCg9xokMMmK9s894qBc5G13QxuBLEnglAaJbLepr3EAlMXbcw6ozR02RElTY92O58AGfXubMVL/MqGCRmRkIHg/HAVUXkJldA7wUpa7P98DkRzsOfn//ohzrpg5mZAFodNY5JNKvp0Zt9755SBXa4wEoaCLf8SWgKTSV5WfxRNcSyK16c2u/d/1Gslpheea3dwXGGP8MKvXPowvmDkWGRJsHcvRuPY3KIBDvFzcoLEaw/xBWbx14az9V3UgXlq8nAjR7f5bRy8utFSfVD5hijYztEEq1LktYUCxtOLbrFxzrTZs1vPzOdxbxVdbeo7iKH8ip+zeZjQCXE5B18MUOLF9Pyp/WF1wkoLDOy+Ak8m4SimY3bVolqEIbDbOoi3reeMA+9iqqnhhUnsKALnEthqUFn1m4wKrNtZvriss7LDo7WVaklClmBNmTnlF9GBWGAO+v/OLdSI7tQ2pzNcsOThofG5lMJagsK3XOo6cbGODnPxsr5mdO1yPjEYdswPVYeGH+whPCwVV0sIJ2uXVJFtktolvHYp6KWpPPj2X3PhgB9SH1JTqt4Q2F8tx+2N/N3TbSFmOO9OZjhB0sXdC3caB+r0vOoB4clzR5kKUqmqO8meD6nnaVt3SDDaeZbxonlYJRWlbPz60W98FEosy1/wvxiDMQh3DLQo6Ve10tBWKH8V2uC5JXO4DaWFrZw05bDxGYh7sTSZqbhVeR1IuOsKpunndZSsEOGKTn289Hywpa5Z391GD6bHd+Fmo9PajqN+96KbAkZBWLx2bUQU5CjTgvslNFRLEzA33KVf30zqS7Acy1pDxUD+a+wNNQ55dozNW80XKFdAuGTGTV5hORKAZnr29tn2Q7WetoYIN118Rwy0GQ1jU0h8sdaG2YD1n5l+CHPBgT1+y2RnH/BAqvWHLgP6Kr+DdlPDzE5jgT6NBD9Ahpp9do89HfSHxPGkV8e9EF4rufi7+Pb9UFxsvxE2CcT0e8mCsuyVwltOHSdSTpN/AzqYgQi+BlW8ZXABNJ0lDXT0oKAswO592iZA6W8S6EbkTyU6f1sasvH3PIhI5tv1ZbjaAzlVkWsiBv9i2GcD9paYPVapz0RJzcaGojq4sr2nxuHgWWG6eb0MTEFz9/h74YEnhaKVBwlVYG9yCzK2uoN4t8hFBKVO9JydokM0Hw6QFMGAzmsn3UNstXKDawmFwROGAgfZv8ySJ57yyKS6/xiSJD3FRlzBFaY5+F3K/jJh/Esbtb69pwGwDySCijfrhT4sMWgmjHE0fMprpvkz2J+LkMEkHbqsq3Uo85y/iQpOX/PSa522ccukZYaw+Hvb5yYjAeUBKMG6Kfio6g7j+1hxivzqfO9eaS8otoqtwgbZCruXnp/RUuVnmFNjA/FD46N5T+qAvteoi/TRKW/dxFCKcA+ex1Ckbrmj2vvbPS9ute0+2u7XLteeyr/LvL9xptrnv6APJzOhWaYoqoKApO9yyVacT1UHEH7FccIQLak2BQUfT/9EyuoFliHewLpYI/zFeLv1D5jbSCLxl4q4W8VLA8owQ93suI8LSt7bzNxoi5l+FJrJ658QCfhcvN+CpvGLuofUl7gKI3AVHqGdilbMfq0lRYu5aZuFXR3Lfz7OYizkbKyER008sn9aI2O+EEW/XYvouBtGiLAOTHElQdbTH4Dk8Qra4iFnhm0gltBgw8zm/5CbHzQKeioQf6zcsKMa1GhnPdrHDkVMmT5V+CxR9Q+zRm5liWrW8HpqwcMKelEsYbt+6/yd5pH2YtwFyML0nBouDwmsBiWW9jNGb+OlkHEmttc9PpXIDXtYJAWDNczChAwsc3oAzHF5QxXeYD4xaF2BiJWwqTbocfzL4sqygFm+L5cTsVkyV0srDYkKIhmTp4idmDAGeEYU44BKZHDIfw1dZPbViqnr99t4ctSn8TILEJS0Jlgba9APuiOVd9+Lf4aXxdHmoeRLoReD9OIQL8Y/hb3TSQKQUnVKWJAv6z6jwfODrq2wSwKJTGo8RiWehR8rmO2fB1o6ZzVkx2LuujRzRwolkYtOl87XOzUb1z294vD3yyiNkO9+ik+OU5hU8qDlr8gcoVn4Us64WTyJ7sO6gXEs/GFklryk3/UfbdZp5cxN39StedGfK7FA3PmMos7v5EnuW69Jef7DHmGCeoizpCflBAxr/rE69Xcdkk/m1xlXkEYbW6EG6AwPmYKwSxys+0c43fxnglr5BdLaqBWmtoHk6/+gI+OA0NyjYprhG2nKDunSmV2nB0hZNlDz5LUDvVdgWEP+q2cMXxLp0iqdUyfm4yYRBqFlpfAEQXP9BQdOfF/ZUuOIN+XAL67HDY6HhYAyBiXRoPhz5bfogSnw9QENMeDMIdSAIlHULtln1aOHZbBs4k9Y8H/92xhmNWlOxqscNtc8AqyQPR0AoEArfQ8FfMpfmKgXZIV2ciPQ02ANsF0x+HK7/Fr+YHNTipxbi9ROsLaAq6zI7WWtcuQww/rnwiTcSmiDFpegj/YbWTQyOPNHfXDUKfdloJD7UUofACwendUzJvYl8B+vBT5l47HorxI5NUi4a7nT6XM405oSsc6RMM+q83EaDERK9sQUIUA5BmVvf53gmrek/lBUBuHenoWuyUEWSbeUsxlSnBrf9hLK6sFG5QDDG3xv4stPDtrAfQZ5SI2QzRvt0gnYOtKHn92d3COt1vLASzDH8K6qxuDwIQKGvOwIyWVvxJI53VBsfwnj9ZzlGe30r6MsTGddppHt5ZOehTb26QTyW6EU5GScP4gCMh/Cq4Zki/M3vSxlQ0Nb5H22K2U3HeY4aFFuTbj/eUQA5cMtJj6HMlr5/91zV2R2fDdQwbZ71KNiZg4hkchC4a6zUOnJMkTmkvCgVuP/FRwnj2NDk4AA6vIUvsj6rFh1aMr3UzES7fxB15S+jVS3sJiJlwsJDa4exOVF/dxue/CoW9ADrc1Vf46VQfwHLLOMHuNUKv0mX3u9iFCU3LAKzSWBUwJ5NErgQAfotsA9kpxZP3s2bCY5qJNS8MSKr45eYS1kVnobt2gqfks0rUzOTMlbTCWr9lIGh31z7GAqWbjNirAH9xic6UgKpENEHTO5JJTdBC4dpayfWnMUMaLqCqTi+qN8iVQ3Ob51dn9jFRrusfWIG4+lnA8h6A1q0b5X2EoC6uSrf+F77ZQFyHUe2/HIVtnPbBbMqVBckH2KeEpc0kzZ437rZV1gfq6bSSRpblxah7oLLBIfqDxx6ajyFuBMCagvOGtacIMQabc0qDOv6eKZftv/6gjGCmtN5REU02MazwXaPZmGi6EClx81WIgoP9IzoFR13OavoHllK4NOpsdfuveRfMv37N67v+S/qWpgaWRXzJ2s4yOTcG9i6eH6q23JMEcoYX+tPt5k96eTKBtDoz51pzlPbkHMm+CsNDpbsPtI//u7RqDTkXXi2CRqlYRUQOOA8aY3lgNe3gPGCkhh8i59SMFzr4/Mljk7DAfLt6rFb4C3nifHXZ7Qj0rNJ2YaMqTZ3rPVNNQXmB+oBpmYAAeJwajQd9jpD0sBZRgqYqGWEGx0tyfDR9VFY2nKTv66rnP/Ap6BygyLyPzxOGWlhigOFhxi15QRkW4/j1Nr1aenm8OIM1rZrSABqUpwthV26EmI0dWgGn9u7et8qJAG3TQnZBOi8sylgDSUFRZAj1Z3cSNbi7fMdEFPYHzpYL964LDk58GiR1nUVup8HIvetphGF2wWQeZ5nSsOY7Dir323V9rC1IQRzDzKy4IHUkKEE+2EoKshRnpBeDoGc1BmLLi3IdccbM8vKN52OwwLVSKX6UZJ7UNL95aC+fvT1F2ZY7QsQUTcqHvo2iefqWHXB1ywj+9SjK1zQebh6DZdLS5v614IF4ZpPKJ4zMNMPPWdqAsZLUwTUZQ6To201+QRjmNBHTEhpH9ziAdhf+1ka7UM6Vm8azbbLoOE3CN2CpQKBZGxgJNNAzcUTbZUxEfTnmj4UIo5qZf82tdMXLj4nhlgJ9ij/iJCWbmV4ShLcprE6W3ZyfOeMxt7sg5dl+iw5ySAO8VdMrOOeYcwWic5vCdxad1oIHUONMbZTFDFvvXPfD1ICuib/HoeLi916hOZyDXjSdIgiaNH3aQiH4He5KBg8oAQgS5/oMA1N69v+VHOXf2oKmWa/bYqQpGr0+b6mbH0PmBPHSwfl99vDgvDNuPZxEUEQ5LzDp67viYneaQge3sOuf+jQnd+49nsFHryGppLnlHHataM4sLu2zVy1JIPXEoolsvaacdSMVv+Wzc8zxEIJlrvXPY5R3K2TLi+CzYNJFmdms9aECcTFoFL4MeMyY6JIGL6yUsucf+Yr4JyVcS9dgPGBu7rAn0KZurUfIyb+fBKjfBiWwvm6PHku9M8bDeSVCiQAqT0zLwiSww+D/7WnAeCcf0gBZNQWD8PZ/Dct+2UWEp7KkJgJD24V3gCIF6QFQqIiZieIliEAkARhUYhBDPC2C+lW7b03tfiQBQf1TndUi+p6C6v0wAHmtYk9yeRcALy/JsEQIcOu6qEX+n8jUn/jkPuF0tUFuW6uOWye7+NP8pvQAISOCV+sckiP+lhvj86mNdvuGB68JzJWHzDJbkV90G6SJhIXPq1CV9kN8xlfIti5xA0sKYR3H+pZLjG6q9DHY0lN78vQMObq1RjS3Xpki4aRo39YSZ5LBhgXcB7fjEEaN8AihSaNIVGn7V/Y0Jphj8j59XjJJOlz/RmGcGSGGIIvE58axqoCdiEnkxSwz528GEVFxbLMc5bRa7JS+0UEnBX5MpUIx8/rBKuSDm1M6YsGNdwuGnYImMFOjQauEfAMzAI+SDX/iABINYIAGydDJOx3cREtsisexn0a4jwRBYAfPyJ4q1blRQaQPjMYLtZ+kBDFoL0xKpkDKt6eCjVI43jya882XLqI6CC8S3bLDCvFRLvKO2s/3IYO8ia/vBrE8NrFhzzi22TqD8v5Dm1gzsYunZhRPTd5OyQbfNYF8TVmwdOjKhu/nWa3mcjHpSyJElnTWezLEECye5OWogXOgn9iERgQbYdlQ7FRgxEDIOZQyodFxKTYL7RNKBuiy/Bf+eLYxn/DLYH4jEpY6ToFLDdWVsibO3s3Go5yEH3Bga8OESUiMr98tWIrqejJRKGhHbZ/WBy5/b6/x4XPeRNkN0kYCXyjNlGy/kCiTPjPUKof9coXqOg2TPGRFi5vb7q9VvHhtkXd3fiRpnEwkMhgy5FUT/6yFYVNYvyh1ashetRzItCXaVOdhLfFX4B3GGZDxngR0LO2Mt9whG8Xr9pQrGKAoSHMgMTxhGOoUcSv4gJ5wsFDB3Pjfn4B8B8kOLKBmsu471VByGAqV2pS5TZoiXx4yS+fIttOt9rXW37kEV6t6nnL6XQHfvLB/At9SvzvJ+rShisxhNtMQGExukg2qcpGW6c51ovWPEMVfG5vxEJWqHZaRh9ygoOF1mU4aoobADWLr64fUh0Ca4DbOVH+KgNSlvQR+YUmPCshuDkd21wcPgFSRkugftwVTgaxjK4p/hqn9v02MvrMW5DAmv/4jZ+C4z/QuFXZpo/bpT2sPkCbQ6N3OuzBwpBivPVUojFc6VwpZ3omwNRCKBUAQVSCTv/wBX6E1PkUfmjo622r9fFekjhPlu411CjY+v50a8dpZAXBI5W149CEPs8ULHma1T1XmtNvSuI2mU+rnKElNC6qVlRm7uYO3OezQ5OHXT8LwXJM1o1lv1oMKHuS8xBtSoPJEJAZ/EauS4vl/WstVCpIeosTKDr+shDPiRF52Im8/my7S9eOt6FL6ng25aKZjW88QHl6uRAV+lEs/1cWZnJTDyaFCOqGGe//925LKBG4/5kTT6mn99zwahHz+6fHEuJTBnIAJi81WTvZbGltp7eQhnKrsDDxLuM+MGbigKzNPp+vAeiJ9sisR3GlgUUV1CPItxWkJCT1hIh7r7uVy7Wf4RE7ED1fFPjC3aXe3gK51kDGrDX+H8H2nKuzK8IaYNti7O7nA5vdjNbQAAABf7Jx+qidXKny38nkaHUzOiuja4CsdPDcq5x0fYeagbSkQGvXiUUANRLssMQhPH6NeUXmkcxUWtQ5D1YebKb0/WMpvUgWw0AlTPqE39muQY9WZpPHZu1IOJgbWlZLWcD8m8DRbio6+uSGTbYUwp3Ngy4iKJ/RPe2YmSol+u4acRdkEfdy2rsrnhzPW50jU+0XpY4ZBH0EztQfa8usCuJ9oSIa36d6c6TgCRImSEX/WsyAXoWhqjaURzu4mMH0ScZQy/najt6PZ+Ye08JtnFIthGE4VTfrncfkLIiNdOOUToUO7v4JwyzlfsWS4mrR25qY3rVfe5N0wn/qxlWCkBa5vJtCRA221LKJer5WWuFWQK2fD69NcmeE+mSeT19oy8u6FnZowPutLy7VWAW8R4/Bek3aeHRNdpoNOf8mpdbAHKg+DI+OGX3LgrmYD0nNlcgwGyJRwpkEpB4g+0NSqYcknFkbjjw+mlXQ0Q1G4mV8d/5g21YJMm2Pqbwxhdtf8fnOKkQUU59XPcC8CBFqeL91QSJYidbjpVsI6Y26k+fD/fyqvD8aiE4/SCD6GkaM8vJri5TwIGpvXHfTcRkln2L0eF47+v3Jw71dQbenCYV77z97k5Go2G4ktG7f5UCxKITgb6iUjQmG2uEvCNCgIFNaLqHddWTVID3b+qFdiQdmvYjLlHoDQWnW6/ciVIO+pAxhXenHVU7VQONEORf5CfBzjzPelk1si69E78oIr2RJ4RBxEMNmgRHv5ZE2a1TTo7R1V4fyLcPJgTwy2apdd4iS5DwIrk5psG36mDy2NCPmLrRiPohQ+OwwTOG8zylNtc1eNeO9uQcCGcFLcB2+Sx3LU3zdumTmj68obRw9q1KI5vjIMDlC92TgFSixjDq74I/Z5QM279suKRBjbiK5+pB9LAJkfD0Zo9fo/wqxJtl6t+uIIrBT9LD0skgmyP2oA4g5GUbCKDBdzZwxVawLcNODivJzaYg5NMUxiQRpDdVTE6EDWrFx3nkRDlmbJ6X2kxGKx2IWz0KvFFGJevqTso+unSxifHlVUV0Igny2MCmLd2hG47c+b5U/10IM+UW0Oq+Yk+WpoV9E5c3myxaVlbdv9yFss4VJbw85GGP/28k75TbhBBiOQ/3SJf4bcWgKJ5FIC7z1eJCIHOirq7N/FbYYm6naAj1dR9Ltz+S20K1weeZa+y7ti9H/SganGQjt7iL0aDksNFRlE/rUBNXzCJP0hwU23x2m948M670fHP1Q0Mrk5SJlyKoIZyS0TGkodNTjT4MeekiIhzVz5khTYnStfxlGdyUBLJDuai9V9m3fM5BU8CicWHH6wB0cJG9I7wfDgEoesZ9zf7jblUF0EowbPBlaFFoJHA36z4bjBAR8V7chbqL00Yq6rzl2RD+V0Ql7+rILIepiB6L96PWl4RJsHsFpK0coFapQt0bU57Na79OjrzcKnPFZsrDgtn5muLo9Bk5uQKTLi+hHXKFzjMybSxBNSfqeNztJUtUsE2/NumIuKBPtDdhxRE/bMxE7aQkCxWpWT3ljgbju2nD5A9IFZE9ySTR6PBm79xia0dZiQpNwia7c9eOkS9zrdPr2Ise0x25NG89yXI9dd5QLPV8czF5s0VX+AHdNMheZDgLWkE74VuVwM/xdUNZ2nibRHUp/j7cXE46+8LGfmWpCpGK9LR5VcXxRI/Kvq0Ib68+GdprGmzPgPaD8SsRZ1FsGBBpvFM7U2oONKp631M8rs/rmpVMzDsf150ozfV+oasQXGzZznhH/54jhXySpWOIBc397qjtdX0Bs2/CafwYJ3yL3uZpwRD8RbAnA7rER6/bUs6SXVf0TxztxIEGGyv11ZVG6ZF5cjF2TgVqcuWJvTwdCIiQnyXC9ZUGnIdSCqF0N5mQwBDxDlNX0ewlOuy2k7Mq0T+bbbsAPcXAz+DvW0mggGCMf3VR/rDGsoUIbwkbdi7I4zNPqfkEvTlutIeSFqAFOcPrtFTt7YWGB8m6Dxftk0LIoMBpBMjo3H1csmS333vr8PFVeY4L0Rh6V1ctQjHPMahP408CUmbb2zNI0LIuwIyn2ILVpkzJrcshLoMX4v782T+f1SuTFGzl8w/yVISqXxHULkeyTlypOmtO0cu8IYpI8lOyfFcOCoSKBW9YfJm5n05tZmBlR9UKauO3qkT/x9mp4N6xs428vCvvOhpzqYcZAOqowfQ0vlLbjJrKZ/t5k+TnqCzDOZVBoIh06ojB1hg4KCYqBnaX6rQrhPp9NgC3VXBaWs2oY9bP5vq6t6oTYT2kMJstGzT9aNwhxryXJrUMt6DgJSd5j+GupgLuPMouiXbYTMqy6bACQXycdzHv242l6hVm0vN0IrEahiOsaFRQC1nj00EgF3tDxr3Erw43cjCEFQ96YAmZcHp5dBapu/TMIDn7MOOrbfNbKdoHzXY0jB6g7kCH/QqVEfpQ4NkjOGmeiXWly2HbRPkJrICgpeT+DtWeRcvWQdfUg3pcEA4IMaTa9Uwu834p4kdzZo1My+rTk3g3xD663QkFxN/DpX1VdjtrLTZk6gVh65MPBr+as9qaVH3Bkx+kLz19PLhFX/BHRyYrmgzBCJWpnMocMtZNMLuOwrb47NKEQrh+IQZ3aZNq/HiCI/vjkKe8TWfVNBOgxc4CdK6W6Q47wMmmfdyQZIfCmL5odwTOAZocZJwdqdMs72v/WSNbwCbShYDZYYrK4pXuseUJBkP1HWypyM/L10bvy8d/UsldMSofZKLyOB2uBUq0Ws7ormu+sNBbszk2P8lwSlUxElw0T2vXdZmEOGoeI6qaXol0AOVYAkr8OjAjpsj44A12fQMxXVgUk07jWvQrmK6jpKCbCUJQi9aLVt/fw2Hna5maGZxFkPWVXc+BzlMmSvPn2b+DvPgreTR9+nKrG8NYBOtcovOYhDSPj6wN0voyQ0/zRfKhfYmeWkQwsoSw++d1pkJ+ZDhW+WQyc3je47k20cFBpTLhHY0NXf3gVtAQnozwByPi7Qn8V64XQNjMOC1GBHMmrF/QGt5LRf9WPalW/4navdzTR+O8AEfGPRhfi6PVBCziC5zlsJmln3L9lvnZJUBn7b2kEY+iIhGtmuHUzmz26me6pCM12aSiBxPTdu9Dm75m8QnbKossY17cDQkbRPis9EyBvQ4Utnx3TTgPz2yCB53+JiuacS/CAe5PhrCz6sfERVzDPoiN0fCiyoSV/i0JX11ucMl+AqDWhirK80jVPnULrivUlW49Iw6CZq76MIKm1KBVPEG9hAYD2D8bNInsh5IY7DMFwgwEZzWrQ2pYb9YWpg1QMW1VkKjvrj4JQnwkIHCvoKA2kmO0mTjW9l997Sba0ZqvHaOLKJwhaO/fi9QXfxquUOjp9jRCLXNOJ6m4Kf7asJ5L9AlwFbwfkq0h+OzREzJcMvqouXq5jzfciOp2aQ2vtKFUAwTUNQn2mnJJtsTsLlQe5mo83Pora3Xygx5cS8Y6djxZYTO3pkXM9TQOGR6wLkQEwEhYCiR/e+EKNt932Oo9YuVux+nyx1+LO0I4WuU6/hAn59m+7pOExl02NSLSDkP87+Dq8nolsndMKlU6YgDyEN+rSdkCnlS+ewu5bvI+9s6LKJ7z77ZgNXHh+VRp60sHRQQ1hbcqO5MlLpQaSAVb9VATUAPquZZV799Yurv2zlWL3MN0JWrwyfsyxCPh2kvo7WfUC3U2yQBc2UurT4xIDhpbkcbctAJUA3sbLsb2/jnK3LhiDNESHbxNfc4gB0orm/GWrxPEtQ/rYcgV/9fBhcqpNXhPX7YTwa6T6A62c9oZn879YS/ANy6yiIg5FnfEBaz6tLI4L1rdpTVs09kteZTDbX4CBbrZqWBKWGOBNS7inBEAa0j/NOyjOKN3ymbpg471ALIocGKG51JGFSkVzsG3BzoUmTJR8qu6AfR5WWZcySgc9pL/Tddl8h1D2vrjeSbl8Izk+6rLewgE4VB90fXbOXuG5MTuaNmJdG6gCz/Ye/mrBp1d5r8j8eg5bQaxrNbySo/tJtihO0hlreKafGYhP7agxgtWb3yMM0R6t5A96naQuKE1OGLaMQOLLdsrFjmoRve/mX03WGwbaFqGzqR0isX8rvtFBMFyRmo/Pgqztxs3votAQhGpz8RLIQyMa55x+iIZRsCekG3ficjYnsyLGfx7Oekv54o0Ta9tn1bl8+lVWLFhbET6fnLqQ391PNPgNsPROKuaAqB18ZEaICSJIoeP0tEpC80vHgchebTEjvx314vaP3iuN40HT4J8FmKjn+m9Epy0iBrxrBcU2HVnkpvLxt8bCu4uADcVLa3g/vkvZUPlBy4VfbM3pPzm4Ydoi3HchimWKftPTG1WElSDs3R3R33xYIPPhkoUbgUan6/o5Yg0+aP9QkJA4A0vhQAEQIwj8Z8hi6Z/Y3AZbbf0HYUJ9oLGmxx/1isqZN9bovRPiFRMasX7DdiQ8NzZ1tUQR26C8XNYrC7XOAnUvKew1glOlxhDtfPdpihdr0AGKnZvLHnazpH2tRGVgrEiGIAU5yN4NxzjqdY+UnP1oGvH+ypHoKWuTxQtoVh4cDa3y8Qyyvi1VEKzj1r5ocl6GDNbieDBPZ86Mo33P59UIb7upofgQHScgrIw18ex8UtZVt5ixKHbRyirHGWTypsYlBSXtuIymaKNg43F1V+r8i368sv4TLY5m2+wnq5D3RmiXNx7hFjDdkbe+feLFAfDV47vejlwkltTw6PGpaVFApr+rDZlDun2jUnmhdC9buuf28CFSigTfPAcYYNZoMA5rgPbpWpdFNRWWlv/ChrhZDLX+VMNVcPHjtqymcFijuXc7isPqYh9oao90vDURP1+MbUngghyfG5e1NaE68zUILCDRf594FblElKFy35yWqqNQRxM15XL/fOzW2izbeDYZK6+DwTjMjouUyJVmY+pCn/gdqqOG8C9AehjOnydCZyIP7hPs9P2zgBQFMk+63lEZ5IuGDtHN8CIr7jCs03D2Nyg2iHFyUTsts64MZuw2jPGy+MRnP8u19IYWURAxAK7GCIRzm4BiI1YyOdYp+/wnrGTilip3tActEoSHCNgdCpPkDv5V8v6Aep/hP1OYCPx4GD/1nXVoK9iXI4ngX8C3f+uz8NQq3bTZchcLEWQ52TQmQL2z6TNEZ7yPQjEgeTCTewg/wdjDWNn3vX9wQ1oLHxOlU6BbSyHo10AZiqcZqS5meBUJYgWff8u7wmpIYLEMW5/YJBQOUFRSj5V3e4cT3TDCLa0uPypZPpJRADedwt0os2gYjIQwn/2YG6o4VRkJhPyYhl4k5FtZgvNNeOmGbko6Vswfr/o3hyhiBz6ZlS7yK5SY1ksAXss+fzzR5YtNTAmCFANUEyCDgf8i7nKHkkxAs50kFVcro+HADVl5D5kmsby8veh0PZNUqMpisWnL8/vnkcnK4jaAQWtdGXyqAhzIu7pX/E0oTZA9XjatpqQAQiUc+dpQP/BenHZqbB8rESuYHwyTKysW5EXuro17aymJbM/2Y9N8SqvdRHACKaMI3HyNgJJZCDsdd95dwGFwd/IJzwUzxfN+ib8yVHNbG39RhM8tFMXu116E697ImNH72k4WN9euHY9Ca4dXbWzrw38nw0/Lm+OMSiNHszrdDxRzW0k4vKDeuGSJi9CVUHtteNpDsVP/MKGqzjekMlTKrYVdZCTfNhn4vNvuJ10QVu6iLPJwTal1Q1EYQXqpJjPJEJVVf56O5SJSuEBBJBRFHj0jSJr9HeHG/0CW6mqaTP5/DQoYIDMHbKwEkLnCuAAmOokuMoz05sq6olGbd5W65W315A5jaJ9Fl/xmSUifQ43FaSMdLtzx3duX3P8OZCUoW+mB7hCChTTNoYegor+15Wf1NzGyC/YWwYIh3H2NwseELBAYZ5IvqaL1249304jlLhPdSNNhLKsCEG2mnIrjzqoGxAH72JT4HqeVVXwZLof3+iJMW+ko65VsDFBHqDf/Ui8hH0vfP8Rz5i8+6x93nWZWXyOWdtruQZro7iMPYmSvbAMKsXnJPfRl56lDeABWjg5uF4XCea3DcKTJ1do/Es2JQ8UhDoqymNe+hCKGLAgudq5zI0glN9/OB6z5I0DHbOqBmnFCt2Kt7dbMc9DJU/QhVcMj0mE1gWU4Uk38E0bJ1IjcWqokGV+qwjsQDJAGiF0iPTjstQ97jTzbEIPBjkZK3HJYomz4+0xcHXiL6sbAgufuLuIkTNAQw4W0j6G6gXM5oYYTEMvQyfQ4cquV767DrPB4WNz/qpB9JurRqbbD08HaQrzuRLeG+arc5nFMBJab7F7UIB2CQcAOhZBppwBviCCkc5pDSEUH6xcf0oU7v+lYWyiQ+rZfTth7l34c3ty14Em8dfS9VwMlRywMpFa+OmpHkHwJ+EdhjK/dbqN436DbPFom+1sV79s4cIdL60HuVuhwoLCacT6eqzHV7w/7ndcb74eM5fdoaadsHaA3mRBVnbexmFVTxlMOs8MevMbYr+LE/v1mpIExTKXKeS9xU8Yb4NFUuF0I9ZUN82MbabvjDg1o3eMbT+JcqJV55nb1Muo+C9Z8eaQ5AUaNfNEZXyMOUJOWAxcP7rwAe+bV0gwqUYS9KgHMJBbNJTzvzDk0d2EmLCcE7LFsfrz+BrlcQXGm3CV0kB7z5pDvTRgJwMb+pTnfAIwUhpfN220jgZ0uEgNSrS/kjbROONtts/KtWrojA6VDd34RLTS6e+XE4Q3tIj5miD6YBGPR6YocpvcCacCPf4gGAWHej+cM1MVduFEtT23PG3qZwZMDghtZMRiwX1w1GptMOaQA+E82P915uwnd6iB6MysdiMVLvB7EzntzA/XqxJgun+KaOVpVOoHaNQi6WRIJU9K5SZ7FqiZTgmUOfUzssBbhMZgU7/NF1GfBUoTXw+zgA1nXb1htWLkIlKyujm736TnvGZCCVOWykUbVB1ufc61XRjcU040Bd16rXqNXpTPiUAFSfqHpWKg5HB6ALoG3drVFOGWKUb+FAiWKYYk/4Hq1n3ix92CeVlpfVIy8cgfx92Jmh2EnPMdmENT3p/d1mshCURM9wNPDdPoM5UfWXaoB2F/dQMWR91bkBUHdDb/oY+2b7ILkJzWur6snkXcJAc81mtd8FrqJq3EKJnPaHoq/4SuJ5AVXe4fb12f3zM/8wj3LEID/jA3+B+DJ0rvs37c3NY4dA3MlhON8HwLyXM8RcmbsYkEzntA8UqSbwSwEvpU3pU6icbREjexAo9nxYU9LnuLruF50ND1TSJ2qyb1PrWYZdqZf3uF94a+Kg9V2l+2nPvwcnn7gXxGX52uA1eo8RFtmIr9ag8iTB/b/hryeF1fXY2t82th4p4/Ek6ciXKcx3OexHtARsOjd12AjBLbovQltg3/fN9i+Myad+aQVnhQ9M694sLWU+N5SA+JW67JnzOjtJssNCQm3tiqOzAHowaW/zoyU4UzB8bPtLtaZ5G+ZP27DhcrdXOUALWqZYUqFkbkHW3RT8w0xz0Py6pMeGrtvjxRDIeSY8rIiqUMXR5Jz8h4wy4H1kPlDzhzoajfoTt4jwA52/jZSsNilPnDdG1U6AItqEr2C3qolq46FhaW93TCkrvI+Wozg6pd+U+Uz/h924xKMiWe2x3uGFOVnf3FMwBGCVfOsK+eAXszJpVU3nCcnTAUov9JIxUa05mw9Qe5pQJWfZabHq781le+BjRe+n36n0kfRGedFeiMUwkE+Yz1SxBN7PHRRU1znCvOAZCbj0n0gzpyc+RVXaudkM6Qalap7wqQyxTT2R87yHqxnhqZLDEitPaqCWiEICIg39N0LYSj/ks7DJJjlgNSVlAyiY/aMgPadoKk0SG034lsNkdJiT/zqJu+ZlBYicUe2L8Vgb4Kxg6y5vXbDzAgAAAFn+QXTETjs5HOj/M7vdXwLDrVgu8TxjTrY0bwoFhmgbE7JOhjvn6q3MVOwDD2RqFpVMbcjjEeaRMhlDFSjBlr7ZJ9Qs9cPC1tQAfaXISGbowEQWp/9dBmKcbC3tIHKdb+oil9MdyO1X/nkWM4X/Bd+6k4CY5VPef83Z5aZ6+Z6caoJJQ02msAuRzJI7mr9znj5F4ffxYIX6ZRUaaJvK7BIBkeYEhE1ZP+SFwKUx+lCCXnIKMjdik0Ve4M12NISXyIPCr9TX06mj4VVbfcuiG8NTUjlpy5XJbAOBNxNp3R31YMplwiYk1IYzVjR7NdQskPB07N2WvdHaetc5LU+5KFJ8UE9dDyRqJZU/7eaD1KnHYFCib+MSJffP0RwjMGuwy3kwn0MpPHO1IrKAlV9ggTJsh9PbhNaei1TOt6dici2bnY/iSSg6CnTPoc0dbR3Y9+HCgKJ/2Pm96RBTid9Te2sPbvhRf+/3LBHEDs2ILBYiBkgXdJUkIW1Aff0DHI1l2nJWGANtV6rvqN+M1Fs1rxG2h7GuBzgqSxhFprOzrynzF60BwUx180w0MnRX2m8R+2UndYFw8IDUYAn7VLcV1HHK7aeZTkidm8guks/T2eJLGnfzqDQ9tFH8wX/qhElcBlbIeRnxC9LCcsGKUTivVsaCIglw8kc5Kt9T+jb58wUTDV/UtamMZvXWCisHlynemuQqo7iY9hvIkNUqGc5ZgvqQTilnaTN9D55Th43gf+q8V6n7Pj/XNbkPfNN0BObWxnF0xwBsZ24miUc/W2wUL4Mk09j2+REVTJRrR7kZ9uqW8FvFoURkbOisPZINvuPOqJF2g9k9MavOYODMmsWlIRhFQDyN8BDnhr/15iLVMdpFFG1Nakou6iMkwidF9oAzTAz5lWEvyiKpCV5+d+XulChDLul88602slTz7FQqChn2tuLEdOrsipArxI/qUlcKLL3+HVwgWnlqxuRNwcrddGK72BGQcswhnGH60iex4oJB2oD/aM9YDJ1EW77iSP5Of6wKxwZqacInUG3V/hgfOtbw0LVVybuCV78nrJIBnR9rd8IfVKQ5Az06CcNtg9Igopz67bEKYAU2Z1gI+w0dY3Q2o+iV9VC9jSgzhB9qot8iXUvhZNoF/+F78M0pMFNysJUYQWdrCX5HMJN0EvAUT5joixKR+L5WoBJKG4IpdJnFDGBulheq4u10HYZWwSAaZaEO6tb/nj3TwxtJJnEX1vdE7p5QYXyXd7Q6bnOOpdi8RJD6F1UCrmUKIc9m/3MsOi/mKyJWz+IdYASMqfoyEt12/zTgUUz9pIM2N4lFXWTASDFHaNDXYemDhewMqDHnqfVT+ek5K/eWzMsTJOcpHDclJ9FT3U89Wy4XhZIvTt2HtwCOhYrs7GdW1u4iJV33d2FggOGc9KXebmtHbeCKyOaWz6qXJbr0Aow1FupRHeE25RDxcZm0qVhGyScp3G9HMKxDErokcj6pkY1Qz8adgd5STERDIPs36UbMgd2M6N4LNlwnCXNWIvlxaImCU0kVZfuEuCMDZ68B9a+Qewrypx64jCfBrMkH674uNgD1OCpY7O9FNvi4uc/rs0LWZv5yX2+UgaS2KXu+FyM4Fbn631mNBo5OCY5OQiAWlSHjUtQMKlockgQxElLWIBmwZU2DjTHgInXEGRbMVy9cmd9JZbm8uy3dJJEAi/3yL+UUcG5rrDl2KP0SO35uSClLcoP6jbEWrTolFiZ02Xix4MG/ZQKDDwVVVCukUr1OWfdFzwwvKw8gRqyFksG/Cs9SjGKVtwUR0cTkU79S7UImu6tEKgb8rMFPyRJB0ef0LB58bsjlHJ4K8Sh9MN2meCIurt2ufhPoS3D8o4am/Pe3KuBbjxO7tLStOUwolpSQm6FZ+itPJedkOY+nOHrov3F1ccSx54mVSDI2oa5xVpIlTJT6cC7G8slDo2ofR08HWKZL8ofkIexkVOSwdmBJGVB+9qQ/WVKBiiHB8qVPaL1QJUuXMmaJIDJwqB7X/P7FxRMqFy3SGpi4/9iU07KSmgIziUgPWwfhd+ATFtWRlZ18QIJvP9WPS9S0LqfnowAcE+5xlvZNHJf5Ez670BSpGLrQZ+qOFVlAmDfyR8VAvfJpNSHqFlaCd8aOGKxsUuSnuShsMKLKwqRdAveKITo13K7bt68GyY79LI/1EvyJ69HukiUf93WCVYBzhKujTPVDquBraBxkpQdUHqhbkHhuSyUNau30jK/xMDBLkzeSy8NPUJs9cv5rC8B3saAb7jL8GyaS6wL+79SyCTHKNV7M/zUrm2XPrNmUcyQy64fSlIpMqOPHJn99lOSy5gi9PuXoeKMfdL5zSdZ9yaw5wFrTa3hU0N3spopSMrx7CfTWMA4wY6scktN46IcdluXUSYapE69L2GPrTbLne7pdTlRVkqe3E0WMlwc1rraJ3Ft/0S1xFfJVTc69agtCdzovUs2CV2rt98qofRZ69f6KWU5SKiiPd61LBB6po2VvZ6TFStmltn8uMtrbHlEG2zfUXNh1Z19HPxKguH2c3qMc+kyHIKQBZn2HOssj0tDvlREyNmYZVvpZh2aaESH3DvcZ6VjI9aQdajW4ADXIvmkzoDjTE2l5tUU3sprYH4nqQoFFxt12ISgSUh97uMR3FgCztrmWz8PQ1fC9TTsYHP35pNwXYJAB1cSaTjDcYdq0QdXosTEtLNLnd/RdxMDKVXL2ZW0k+fS0NfuemLnelyxmnwSSzvbJkSe7YuD2CArmnFiD/t+UYnhwqetMuBnEZtY+DjRcEjTzriyEAuXkU/E5BC4y3d2uiVxioxdh7PZjDAJxWvCIYEyBonz6++YMrSnLslFoaj1x3CvWg+pA5LfP8Gqd7W3fZglNd9YCnk2soOmglPwV/wTZBo1m26Q3R+FNwuVbJJRoEOzq3A3pRGHJ1wN9TKUZrGdxZCNcuW0HOVjold2vpjO7hBhtnnZIXnS1LvaR1IeFI8eBOm0pvMs+QyxGZoI24jn0x58fTg9KqBP0oPoXuUpzTDQLhg5tytKvDj7VYdhvLFuT2Vvky/wA3+uDjn1hjuZ94aKJ9r+Cu375Z0wc9sZvGSqybLcmJxzSZDL6KI/hDtu7Sy08tt3F7GkqqO8RZYTSDX+YghQBuAeGWOtAr677FWB6nflefVV4S733ULnNM3OXVS3K2eq7Xl1U2qNiUnmCh8RsbjcbkaeL4yAa49WjDoWpetRNqqkt5xCpzWBNe+tGhAkJn03qkSrSLRdIGTrPpvAsOxXIWAv5qlQR6ZwqXJIDZ49hfsV38qN6iRjlkdKLye9cYCJP5w0q9HMte/Ldij8RLj7g1Dsds3ljqjG7mywlzftIuMF3uOFFDRVDuAlvS/gou3CVBM5aecreuNqexlVbCXRMopByKJiWoUSaQAEL/zhkSJ8TCdCFQQyQdb25xNFdvWyX8rsgHxWrt6xTU2kJGpqOj4VcNgUvs6rsG0Zzz0PGpyD9TZ/qbyMrtb4a1f1k49tSjz4J8/sPtCOQWCFB5POwlEMczig0+4kodBKKny5ANoQ33+GMRoW9lr37LooHSYTS0dPd5kwiPEqIt1MvxrKOeijA8HWSrVP/ySB9FVPXbD1C6nq1vL7xgZzgTNRrfUPJOQwpafVqmBiicdQqUrOvGDy2eyb6xmTu2XUStB/RmsroQvz1t4SlnQAcwpJ75ABCfLiGrMNBg/oGGXoydxrSTYQ47Ge1fyPbQJg+m3h+CbqQx7FPmpbOqfLdhy2plNoo7S28rK0aEUlFisSJTffdos3ePNcqDHGGg3slYnBbkrTwIJe1L//BFl0yiE5KW0oRdP4kpWMMJbQ3nL8YCU4tcrQIO8dQI2DuRnYniMPYoRo1JOROjprZ/fyIhEbgBHZRjhR6fifoUoBbrIRHbUISKM0XstkEABrYYs96wl8RAtAMdJfPWvwIMEcm7X0rjUcZFKDHr/N49i4FfOzCW4qMfeZWmIjcHpkF2U6XaJtSkf/3B9APDXsbRjgq5R2T216r4InnxPOzy139972cZbVj8Zm1gl9CGqRl8s1pSkmqu7QjXcDfkd1StBjjmeTUOkErVMGY4SBmNEFRNvKSDkekp1jhsgeL3jJ8EvWFcVWTGWvp/GeocEG0g1c/+JR6/6z50+M+pmeobA6Wp3MCJQ/mBA1UK0HwbGfvKNDFsCqi00A0VsmAOKfddkAJZDEgGYqqZ1B5WRsk+m6U+r8RFNIv3Z2nYbARg952reaRGFHHSV8ZELLHmmH+2HOiRCvXQuweoLaPZVpQJ0poLzTBe2S0484hKAwMvlQ3F57sMoL6XCcJbKY7JOg9mK44whVq86FZ/Ndr8d7m1lqETrphggakap/B4zkbLKlNiVqfqLTUvFThyGb6Q5/98+cu7KiB4xhMM39NWVgEaobAlToL/NWtBEVXjDi8S5yN+Yljvu3j358dH2fuZlbRceg8gpoProXQl0cTqy+SpsnOKaX9SNdDgCBGv1/2cJahsCLCg5jPfLYsgveHYFebPUzRcpe05H7+TzHStnYjTmOK4jAGn0JIxwUjbvcI7kNy+U7B8qLC2NncaklJMDBsC6AlkIr/45ehXKa957TBVtShrNj1AU8HMGnHwnunZz745qdUbaxnfuSQ5/wduCL5SBEb7If3lK2G5HHzKq+4JXZ8hf3SnD5zhzuGcVF+pj8/qaNVWSeXhU9qpHVLFZrFNZft6xcYTRJyowmB4ZMKzvCPyQ+RKRqf+TygdFvntMN34K5jOfrt/r3Ti+DGe9TVhfDhFcI/8HdapfqeP5pzXv+1PFHxIZeab0FT9K5BJEocFlhALyX0SqkZRPP4UJntnGOZkPtorTIxcDUn2G3gRGfjW5nNQ/wPapGLR53NuJjqMTUezaei5lYipXzLhBW3d9ITXXagAYSXThAZLAFCW3qwJhckfGyVfwbhMPWQf50Ur46Isnf+4INU3MM0qIMgJOvMlVZau3Q8gQq3IdRrcmv1AtX4OadDCGX53zXaZ0Z262uTFAnPpjg9LZfz7hCfxpC2+4Unma0ufUzo8j7UmmVLd3Q8GcmtExbT1ldawxwT32PCWBpRov+GeWBFGxng9tTXwqKGawfPq/fhLYvX+C0KcArjb4XG1GMROrJ0hDhb7p8mSGceRcf/y02FXfuRpH9M4nyr/JO3UbbXbUt+L/FI3PX9XNmHJX4MfKlWHJfiSEiqgujKato7QNCGBHlSVUUBbSqHMTrnXaMLhlmiAEuVUA6WrDSoFcOSxe/CrVzcELbaojl0DQqv8uy86WU8RnIjV7huUhH5F7keIAp/b0DUvkaE8nvj+ewWSp8UKAzX5yZiDe9XczJLM/8+CrNIgf3U9avi99DX2cqoJBr7DQxeGWeFNGn7AScWtl7gr9/BF2JoEtce9gdUf0pjU/GvAhYPwrYABHNng93vArHIyMvAtoWuTce+LdEn7CWRxQK7CRYnPyRkQdh3nzLQRys80D+Ujqx2zUSenF7uqHF550AQJT37uwDIgfnNiDP65CMWGXpwxbD3bXTLymwwdfcPXMwxm+ZzDtsgMbAR1CiuhTFP71otu43F89/60yssWkGdwgfxZiSLG7hU8ujH2nvqypH884WCJp1aYICVfE5Og13tvZJu9OhfVy/o5hUWs8HWyeoKn/y0BsnjzZa30cpmYbIOiXrgvXq11LQh8x0j5qlbel4+DGOm0Jy4of44tqAZcvLXOxM/K0vuraWRIisvxW+yfFObu66OSNtkxd2AhkvuxaS6+hHc5C/U80Wyjm8o0tzccOzXoKUlP6krzTxyt8Z56x2TZ+IdLmHmrFy81mrbvoGSSFvBDQHD6nkPedkqAHTSO89rF9TxugVkN+17iE81pL8heidCd0dj3kzzaIUS+eCfNzhihq5IeSpfgYedR3CCKo0tjz2rOVjSWUjiwxD0Bu6PBywlzueD/ATBLWe/1RXgn36GP0PCDeIiLmqpYB469XqEOiTgiUce+DUKB2vtOddQnfHiIyxzsQYuCu6W8r00zwgRQB9QVtUE6SZGUrqjgngTbFzEK60/SMYR0tTfn5SSPgAphm2YzCV0kuAK19J0Iv+/XVOO+QFxGzWrv5O5/LkzMf6x3kIwecFIw0/9/1iUIP+PV6AnGfZPmwfFpufF3bxEbZBILW0FuCd/muDg6C1UUZqx0WVxzIG/SRZgKTGvHOWr5akdSlGR+t2e+BNY+FKHAaAGXLDHUPH2tk82LAXXnjT5fhNBf49OwnVCfzdnvtm6+KcHOfg11fLFrk2z3GUCWLm1fZz9+9Qi9O0rydHLxaG9QdjhMGSA0+eaBVE/ORiAlwowogArqiZpDaHkQsEbINvvKhCCCTN+I0HI+7LLLyr3/WAgqzwUgD2jpm+Vj4xN2c/jaO5QVfgDTLvsgsUuvBnMv3HPdSaC+ZEoGR4ibqHzrNkHf05jnwfoCLrjvShvavMRvZPbGhe3BvRtr2ADALOKgxhWuJcgDiAitWfl9kv8FKneH5n16UAAlOogSo52gii9hXZHubvMcged84rOKdavN4ero4IRe/yqqCsnzlwknSiu9kDrm9LvPiGmFJWIIJkcLrkHr/C3MusUU20y+ro9uzsoEkXd9JjZG1Y1p5qYHdXyGxMwvDF/vqwAbShZaHCQ8di9Dv4XfDtaMR2tOUebmeqnHbcDJzXK9kecCygcerqYFufGSZ14Jjhj1ePEybOfunj3L6UKDDLBQj/gI4E6EOJzWjURACmBV/fCIvOrVqubpmBMjdu9NnMEmkFx5abR3cuRRhMB5hVkYcwyGV+phmPvSM6c/QSaebBHIiUqcjmV3PgCDHZVsvu0/hhl+cugWsNl8j6w62EVGe8nXIISMMmbntjNxP4i7SuToOum3n/lsUuYf5Y6LBL+GuKE526x1vjv3KlFeGEIZYDPbEZYwimcWMaXrK50jFRQWcmdyDzBS5YrPypx+DaZOA+0OxXB/Yhc+U0nH2wH+BC2mqAAx9aTZPuIM30Z2fra94T/7rBIzdspW63vttH7mMVwEemnIQilWvqE4cHWsDNz+eyVd9SRBxJoUXfHAwafg3UUj7IklvQ7En5ey+Aps37dwwufsHOeuSRG6AyjQKDyRFJRByR5Ds35bkdahM2sf8uO6h2g+CK+KGoBbElbHmgjUDBiTVP3Z5Srl4uzIuFEFFhE8tUMcSmY87Pi8FvR8gv1lAcdo17NfYXFB0DYdbOTW/x6wVP3/RXJskPGAG79LS6G7g3pHNlvp0atdPe0++VpOa2exoejZJMnkIbIjjmLBYhcOQKy3Fd/iA6qTS59mIUPfIovXsacjoMFCUypIQ0t9OAR+1VYTgXngZWmiD7i9gp08Pz19udWkSzM0witVMGHbf0w4Yh6gXYgcuETJIThIJZqr/RUPSJQ570jqCbR+HvIdZVLM5qItEQywpn5SWS7bKBYQ6bfJYoFsNtSPTe8ZSGMRnIci5idyJQ1ks0LDPVgQYp3KzQ1QmZtbkHi/IKV7R1dLoGOlqQMC0Gj078A72hjAT2Y/nipR7rByzCWQnO8DvD3dJTqy1rnvqNJ3KcsYyy9SGJaUuDA3xG2qXGJWyD8G/Gvi5jofqgf/X5pVioPv2NZSv2GOUaP8NChsB44QT71FUsbu6yak+JwWEI2tSms+9SPuqzEoXH1wmVWmP2bs4+seFt/8+BO8Yw/X7Q3XEqafdFmN56i1NZ1IjGcym26yXy84pZVUhgVlZ9/OwFJud5oemndRcmrXDq8rDGj7fs2atSvCaJTW0YQBWxxlwILRVwPaZIzOVu6DYdhQCQ28hQx9NTS/a0YcZzpTkn8kR9j3U3VRdcr4t0uRkmAB5HeYBcD50hX+BbH7jyeJdujOQE/Zi3pn9aZz0BZbN17N6QWyy0GPochJZcsqmx1ENZCJFs7RQhf0w3eBfiOVK7xInu1xXs89KWEop8Psr5q5yxIWJg8Z68GheBU0a1FuTHLd1SVBaaqVWy6Qyt2cPSA4JXtsaZvQGZUl8JyFkPvZCLxN7qoGfZuXlBiavYKH8k7g3kIrr9QqSVGYzNeylXkkmcEAP7i0hJXZKJ9R+edjExM94SpTfWHJDE741VTiTRU/2IIE+BHa45+V4rrwITIpqzqHVHox+1Md343N8aWY7whwiRC6H51MHVAj8/E5Py1HUDHihSR2o/PYRrxuBxeMP+Fob4ztcgDhszq02rjergDkWX7zZxQyFiXzXFJXya70SdDnadehB8x2lGCSbjl/quohrKRTHvHGUdCnxwwWojYFWPJukJKQ3zWY7DCsnoeHmJCl7NcXC3zcsvdLWuVlziogOX8qk6IifBM1PHnKYK6S3vDVvEvHLHqkQ/j2lrzsmqP0NiOmH9CiZoJgJwIGbXBRqePnTiFJSMubmZpVRjodLBog0L0AAADl/LRV7zX19e4EX354QoliREv3oLT2TcjKwQVHNI/n5h7SDJLjd/c+K5h9s8XLAINjEJH7KBSjqFhilX0jKryw7AbNPhSv8FpAANuAQdJSClgGmlohH33IyDhgN9ERZ1/VWjSeiHJkXH8eqCh01sJo12Zf6IexcpphyRPVsm70W1yzeaDUSKpQUc4am+7Kn6YUo5yQMQqZJdbRfZjVFeQthbr6bySoec+S9J3VFGNPUtvBiEmRkMQgDDnMEcMc/vk7fBtBLcYeZ4/VdLKWfTPaCVfTR8fVXkKGJ5z3o5h9+jBByaSognGAem06OeB9jbBVPH04OLbpYYGBAEqwUF5ByW6DmLm6djOmu9ZqUwE+Jim5hN2Nt+lMrn9XhnHA56tbw1aRcztuDv2x7zzUJONgcFKbqiV6Fgw2JQwFDriKjoH8P1zzTbT88yL0GM11DNQImd7BZwqSCqoX1KpN+kC7fDTOLMKFgEC4ACrueJ3UVGmacg8+hpsLSdkglfsqPQlp93pPU8KTnT7uh55R7W7r/aHtSnYYMS0J2tvXG8kYS82nqKNu/6ZqFxJe5Vmqghjc5Nj4NVdGfbVd1L3pqzcTXKom1Fxk4Bp/bmi9DZO0m9R2qTeXXZyL6XwbJIxXQZKaA/AGcPcxt4nMt2Gdq9BP/FDLnrdZYi7z5R1TeZiw4M02VVyc9TusVUYMXQHpOAYUfz6x1JqAsUZwDXKZkdnni7/uqm3wMaO2U/MaRFAHzAkQL1uFxIrOTovr/plfOEaFxTQ5NenRETd6Cz8zrpmStzoO6pL5Qn75c0Gcmk1Xl23jF3oGihGrkAwrIIv9Bl3oVr5h7X9tkIvEuybqkQCrCkO0sdJ/9yF6+3DT0JbB2Zjz4SXhpTMiA/OcIPz1aZhhpkAWZ+OUjQtSpl7+HbH4HEzEc6x6nvcLMkqfDOryLEGqV7TNx4VqxQ4e/Fs579knJJrfrpV2dRmbwvIQnzY5OmZg9eEGhSiyiJBTxUK2jx6CIESy+P82aDrltZi9sGEPH5DwbrxR+6MRrtAWgL1hCHh5czWCQg6H1MDZMgEmp9G3MH7NgUS+1BAbHn8tQvbPNzoDzXg+xajdSXGQckAMNySEksBcAzWC+AWFIKdqWxRe9yS3djirF9YVcTDwWhLlt1tM43izy0qAzv0Ir2J0BQeF5w8z6CH2bEMXb506jst7kWnOLxuZFwK9XI3jssOD7HzwB/IsrmUpZDAvgUnZ1yk4y6SNees62B5yklRohvS6ktorX0q373eNLF8jhdBgzTKW0kX1NB9grbr47rxajDlxLKg18iWHwJ+oFR1Y0YDZqjcQOjpm3FpWiYrQWacJtXf3TOO3+badAhmLNc1DK90nufgQAdsz7iArsV4mwqhOBtfdbsFVj3ho3mnf2Qg0YWaXFSKWfOMY8m+Gh/YNPXhOXsvd3A7/60hpnWA1H0KizVtZBF297N8nVCAA+sgZJ0lKOIM7S077hahKyJdrer9OqMzAa5LxsfBbZF6EZnQiBlULi6RyNsYf5RUSWNFgc0PpXimnYV65Ji4T03mSsSu76VNOKbO4gBQ36u5aGJmMvjOOq1sw/zxUJdiYCwTD7oRfmREkfLpHiddg1IxHzFjL/zXvmaJ9wf9u9/CbNIIkfo1u7EaWczHFdys8JFPXZAdumU7PXW2Zg0NdEpJbrw8DT30bGnR1NRkABGIgBVKkMV38Axciu9xkJKWBgFj+HwJxw9pbB6cWh5NKqjRPihakbc51cVKSooeVUthXfFV2Vqk1TcGfcnKFhU6jBTKZMG1NZNLiyCiswG07HPiQSqXd8HGRSUW9Xk0TQtBI9UdrOlLcnff/TVv1sl51i/7y8q3MQWbxFKUrI+JHwLXwCkn+anEjUYBUNZud8O76nsAqpCba4L+YkIzZkfEG+hCXhc/ZoYoaSEvoQoOnx8/aS3GmdoOxEweoQ1Fqb460tA2XjetJ2ysiFVHw83/ISc1Fb88xyfKwrmMdeB2mZxPHnQ9n98jqpAp7H5Lua7720xMF1DwmGQWOh12/p4C3QMbTnQRZPuKXIADuDlUGDj0JAzFXHDjd6wl2XxEIs8NR/scjJPS4ON6ImA1bjfNKEZqd2GFH8V3nlTsH6fr2Mzh1LGVjb2iq4iZZ68gRIUPUHbZpZzMypd155mrgHCgsheVafvG4Ub7R+vFf/NF4FQeNs49yxQgxz4+BBnDFl9O8tSGoCcMDcKVrquWABjufPdOh5z0KpseRvfAR8jgCh6K1HoXEDn+yvrUkx1xc0jRwu7RNBaZd2C7U+DEuzFcjqbAvoQsFstwhM56aL4hH4NgAuYpG1eWmLn8mqTxr32Hr5fZZpa7cDgIBMZ37AWAFTS1APIbxdMZOmHVy38Ul/iA5CIKa9Hr2H983XZuj7qKGT5P90x/ZUDBxcqz8utrskzx01RRvzqCUTp705I8scya4yFNmblJY6iTdLeiXdw4xYQexY2Soo2ae2+83FfgIPXXjjBWBPxnFhgPesXywrqWWshWw73QBZ89mfErk+ULAeeLp+XLKRReMtXbQzXhf4qcxWSwN0BDnGrRTofZ6UkjI0SNI+zHi+QJ9IiQ7cT9r6Q3fQFvI/EGCbSXvyjLOP3qsB86mCyltsgqk1LIn+46MZU70JWW3YGiE2ezyhM89r1y/tnrX/lgbetwWIHYJsbdmBiF2niZvMqFGe38FCBb7LZDj4v1VhB+ZEkrjHDa3k2fzkNeP/rUPepSUMb1u/TQjCJkI2OluPp2gFLPzXRc/DDn/8kfblIR3VSFebtqmS9uZFUffWHL5D1jw3vkU/J6BiEIWHxjavMhX1tdoaPo+zx7nTKN/MVTZA3bgKDqAIDJnDmxyFx3XEK0FeplxwgnDA+Xyf+nQa21zO67Sb5Cc2s7+mUNWNkG8uTAhOQUxz/4h9jsmO4cfRKnxjizkfKpbHv9Y/hmAN4jQR5DNOsTYgKQQx6QOD9GydKhuTUMjfZxGABbSXRi78IyaU2GMlMRI3Pm7VO1sIIskuw4FAx0MdxdRHfdrSLzjVmnwkKYWy/TDbnI0mdpkm9gWeJ8NqRsAqo1hNgOMgBlUTsc/owr2ssj4+vol3IB/XM7BIrEILfz6AeOgU4J0gSq2wEqxEcRW5Sf9zYcgN4U44BdYHYpVY+XpQ9FwQXON2UKyWPVyMPpWi0u40qC45txTRYW0jwVLVDXhpBv028+3EHCAyMwFhc7qRP5Qj3rJFZWEWqD0ynOhH674bdxdxzJwOBB4d7lCBZRsvODaQf46l0auVqjVcRjVfgQCTydxMKvtQ2JOQ8ieVo4wjDXqSq8usSGmftx9hjruXnDezF24Hri8OSHA6gPxmmzA7Ol0V6BafsQ7h9yECLKGer6WlgElyiF0zHbqjgxc/MVdmROLbxQR0m+M+mPJPg6VsPy/xVIAYj2cW3pFeeW4FqK+NEk0x8rSw4ZGZ3AI/MArMxTi95ffYM5JMQk5q3am3aVTbl+d7BI5s+pXHUsNx9Ky+zzSMDY/HdgfH1iM1DUxsiSkxkadHGVM2vlGg3YpWE53wFEt4ZK6dCL48DBAgadHZSgcVTqZvTDkrimIcHjicmiGuPqma5r4Lwi9L6CVG4PNrFsP5meRPOvYetk0rWHeOul8ZgwI0pK6xR4ynv00uSxXV9Ikz26B+ifxUsW7cSFAFNJlL6emHnGLtl+R1Q8ICTZRdi6vV2dBSaJq5wsxEosyu5OSovdHy3ubCeXyVuXjXAcjD7PEfVabJe9OmTdr7dRAYivFzCAnxZcSVBFsEaHgzgaya4dJsQRKfmfou67RJJ5dhVawySN9RUfl/QcPfd6tJWnQPlPP3Wps/mgyxy7ufeAmT0drcbfxKplL0VGLssYN8eo3KnxB5m/VvucUWg2QW3bmpxyzcBfAQq8ysMCLp94Rrw8uRIUzLQyHlaeykDZcXH0cjhcx/b8UOqlZIACjW8eYGJPeMooaKrw8dKsu/XGplaYY2wTJYeD1JFTKihzpcWwBBS1YyalU3mGBc/3nfVbNa+zYWJ8k0LEMb6IvK9PP+ibd0Nfv9nvYJc1slGAUfBeMDqFXFsM+qoy7LK7Z9W9Tq0EYjpjMp/g31LdpSkxQdmfKZxTKBrb8t1s885aRximSeA+vyDBrrLgm5FRCNrqC7GWpHPBvmLY7SwJq88G9VK7Zmi3i/qFFn17dhF6T5sNUSTEekriD+4E2phU/jwT33K8/dKygI2wcS6GrMna3/pgBwIgfO0midJ7Ug6yDZ8Wv7T4xR+9OYk/MEUvVOP7IW8CzfJcFy4Z9rFQnQSRSVYgAmsg6wtkmpFYBjUS2qe58pscqIg+Cp0waN3WvcFi8WtOvkP6+QoeofaerqhpEnDrCJNENFlRKx+36555bkPDRqUr2skZICi/FVEUMysxjqm9DsmcxRONld9Q8+u2B0hi8Lwr6SxjFSKYlcV/KdA6hjdw7yzvg0APR0OG2lZgrTTkCL+jKcxvtECD1jxCOlLHwHy0qbO6IHvXqo8aZQygWZlWP36EilkZNbXBgWTnd6BSPgiXZxAhJhyhf7Jqy97TDSwP3x+u/mjiCBH+J40qoA0mcaPNJiqS8A3Igq/NyH2YSo9DypZS9nviJ7AQFu03WSvxNk7lzKPpXKNehaZo09VMj6vXfmoB2pu7n2tLUukDJoiTopb9ScFjyyxl06bMdDydQCAuXOe+4vMhQ3HtrEvEIuE9pwO49VoNkifL5jtXH0Xmh4m88qELrjMOocRCGQzSJ4529Dzk2slwo/cJuSszPvIo3v8+dQzeMoSQPdqAtiXbf/ip+PtIJR/7yOPBxTG6C1uIUNpXpbSEI+emmEdhZ6ifclDXffWPbfw5mmajy9kud9QSPxlFlOyz8Ib/8LLMoRdW/KLmttWYBnU8GdUD7ckROlwAKIXjGMPGFehnxqUMvKTcIjBjqpT9Hh3+zGexA2iPpQvAhDuOvixG/vX998j7jtQkTBKFsnIjV7r36+9TnNfURzIounX8wkDYDIDajP+IYMzSAuvJ3B3EEptoEEw44bzm9txT5yLFRKyQUy0bYAKBw/ilUlI+ZDS4GMrOTYjbdbIyeMTJA9yAFrhfp6M37mX73jTLDtYOa/qyBqkyUnmswZDcDMGCQbSXglr1Br0tFHpCqEMkNbHONoogniK7Y0Wv72ZCj6Yz6g5FqmFG9ujKtVqKZpO4+arKWPvYxnVc0fTJTrYPgnb+dgbMKTzdXSo1ChxOfjUZUHQ4oP/s0rc0BMW4Yur5zF7JqMfy0+QTjG/cpGu7ExpnXTrHmYHFso+vX5cduBbp0vM4hgOJolesOYa8zU1ckn7dUe8CwCSRHHV2P6viXrWmv1PIWf+IM9Cp0jGePDVeJEskjspLvuJNFf81XTNjhf3F/vgW3JaLLDD17+zCUY40TxUkDjyiW8TPzfecdIPbJKl2o+IQwFQncrBRhyJIPGqezIeyfvcSDtzy7wY6u8OOQnWz/BogjG/MXSOxiAkyd+kBcg/neRVXiOCc/uzQ4mDl3emNJ12cftQoGTEcQYQ7Jr1nABF9LKbCJwTpoPjvyzR6I3c932XxzVEHmRGfphiMgsnItx+PmxknlsVShyxm0ita4ciz/lW/C99/R5sJHU4qjeE2okb/ZUMAit4HGoLXxlMdnKPB5BLK0hz762d/S3tsP1T9VC/RGBNvMi/TsFLaxLMz8pU0J3k4uqlrbYCIFRazibZiYQ/Jbpz1CH2ocehTp9UbY6zYMJKfOmo6mcssE8RyiCn/1oBwrQvTooc8RSdS0lefORAvLZm2Moyl6GHKv82oXuzxtMnSP4Uls2HKfU4KhI/GW86ml/h5/EF7RRwpSHFBCsq7Rm5veTYAxX4fbzSrPMFJUARwduZBnBsXrmy4SbtHeJyzCVoCY4lEsG5ZKpAy7donN5H1i5VsC904KpIlmd7h40ChkvQdTOjII3m+FTcpmYqqOLXJwIoa3mDdZULfCsbgt1fD3vDv97x07yRM2oayxLJ4CumXivXg4Wzp/qxq7Hsgh1cHvwuaM2VwHFmU4uJYfjC+kS4z+3nFpOxwqgU/CUhjMNyPhW062t8pcxtAJ2vL71HQLZg0URNjVDfCntD9IAEnX/ILifJrIYoP4trVtEeYhPH/e5nskkFc/AufHyuMiNzOXbzCbs9RcDiD/VXPyQvZa8kRs0udBReMFCZ2Gg4uzKYP4oCnpgO0DbgDOmfY9W9r5pKq/EqWoZhnLAIdtL21G0wC5HZMAs02gaV7itQeM6YqkkeOhwrc0XB5jH28LMP1Qqx75apppB+Zz0kdaKxIJvG6cOY4n8avyh8DilNC0scdk9NZmnfsvPpfk8Mkz173TUjVtxR0DQSi8ty+r/mphWGXy/UilTOgIgeMnfBGK+Y/e/fcV6Y8bQ5iBlGxAQHcOA9ANJHUg0z2698F52/1GL48qu2AgOWsTRHgQq7bjVGEerbTbnh8uVqeWEwwXZAyTmjQod2sEljV5lY0tfwjcTqB00gpwgz7vk4fipegaky6/rU30HCARnh9n5buoLQoqolstQAviC9Hn1ewcv0Ia5RjVX9k+mVo0LgxA8acjdGjdZryQ4wkUBqWlfcEt/3MTQ/04nCdO+JJGJSX7rgDf28Ru7vE2Y+s4FASQ9nem3O1zRMjl08cnT1vfv8YSCZ9mnFwN0lFKhIgvFfVPuoszhTMbbxdEQWAs+9gY9ZXrsY7iX8fcx6z0/TQvOF1COey5Mvu4FPIXH19z4cDJ1h0cftjprzUhvHg/n20/PHS4dl2GSYtvW4o9KqBdSRlzMacqYZBNl4qvQV/MKV1mMjAmQYxQYnENrK/4S+hlV38HsLgHQm+XFNIj0MC9xvA5DCFpjIfBLP8xrhsCbW4Qp9V+VgtYvVQqr75xJvCNpNFnW0Er4WSd5G6oA4SBPy16qq0TgfjmR7J/Q+d3vJoMapkZIbpuQJudEWnpxnOrhVyLX+fA/bCzqM9ZvLwt8zmgbNGCD+VzAu53iPTzt9bfgrGmFr2d1eVl98TuXGAZkfxAeP/9m7j96zberjWBpQ2bXfh7RNBvZbeV13BCM/sR+gcYiLjcGlksRV+b1WfrEtZtJlGJwekbHrb37v3jBRkV3j5FFdK+U4l+6Nkd6WLr5MFegWerNcUiQcDXaUtFVs7WfReQ7lpNdd9sgRwP0TK8N6uRg4G5ZXOsrg7vLtGdZgm0rPyj0+CESTZ1tGBHlsXGDFRGIOP1aJF6qTLCcB3JYSOzJfe24appVAFivNqUz1NSzHAY8Lg7iZ8rHPNLoJwBytvYzzxezBpQRYX2Oj4edV04THO7fQYnmojRsQUlTefHFIzdrRfyxze9w8791y/2NUwRF30MCzgRzoXCiiXu8OOtA69dJAcY7feuhkMTNWAErQlD+Qv1/YkCP50vHcW6MSEGNhMWT2bBber6Rk2AFVZHY/hyDeCoYLfZ60SEVEua0XX03s1VV6Bcx36IAjZUMnUfrC/nGYf4NvU/F8mZ3OtLne/UtvOGRCjPrkEuUOhVKv6KIUs2OzRzuX6aJbgXiBgNDuSKJOAuqv3+BnnEOyT8mWygmWv8feLPqJx1Y89ZT9wp3aIItSnr3MSZ4tgQRYiI8/LganAq9Vtki7yq85HM058LEkeZ3xaAlLD6DXv/7vuU+zUtErpfopB3A//FNZ+QR4Ulj/RINKStzC4KdepuPv0FbV2DqS9F5nh6K49IKtAOrXSDJDbyaCrzIw17bQshVmgzKv4KAz9zRu2PU9p7qMS0A+Qb9NjNoRDrhCS8RO+y0xxKXpes/dLtrUm59Z8Yb0pu/SkuKbAfoCnCjO1m1+NJeyI+3nK685RyGIkzrNt9A89fzhDOIr4Ka42ZUe/7JcAsTNd6XRuTgIQcwmv+uGd8/EXJMjqlPKe27rHvI/W6sjXL38RtM4K1OVyHWwjI2eRknxrMuIjDGA0EXf2y45pQThmug9MvbDnUJXcknzXjhf4u6yhPlulucupH9rPk/E5BguLiYEUF1dkHnbJrcf+6kGqJPotEOeUgTA8Ii8XAMHakhfRcsf+QqK174kVJpeKyX6VgDa3kndv1OG+ljBWnJY6m1zS3sYWX8TPAOv6vW/rXPiRmuDJLVZZeuOn83JmyfNntx9U8Bx+VmWsX8xMXa81Gp8Vo1gMdTsA14DFkq70oJnbGsQHQn2BgeqGeTFjbzG5DvherLAAAACz/WVhhdUNAqYoms57PlpylRPyqu7wCY0f9PMh0kF86CBtW/w4KfYHbI29BxgJUgkyKE564EBvjGXVK8a5aJ44q7QKWCvoznIdDVQoGo/hCkWh8BCytZfB9AjdDXuMhh2N52oiZH10zjE7pUEPqrbmTGKTxgl2TWUA5vAL3vJWiB5f/9UOqfZBmhRsD302WMnWhoN8i++D5QUdNciYVGp4fPkP6tbgVx4reuYGmAovCJhCej+pDx11G4Ff2OWqpI2lV+D2ZKjtOsjS4p5DM1ssRoMyoOXsVk/UJuV9ypN8dAan6bf/AwolEtazzvxiBFxXM00+0kCnu1VTaBpXzKcLrupCzWBlbELL8KIgt/W2LHoc68l7lC5r0q73YZ1hTtdUM/qkaA1ptpnGW2L+sUFhpKOzwPNf+ktndlYQ/1/j0gtRH5Ls9K+xzPFqtft+AWJGapEFATUcn5di4BvVzqoxHOKOF4gp79p26tbuzL/+FHVMT4ktHujHUBQyDj1s1TXocTqLOlsrXd4Q43eZM2biCWb1ZWotBnGgGhYHFgFc6rWs7srgp0sCl4sqdZGR0mWrFPTVt+CylhF3f7DLm2VXCpqVdg4eWMIb5MwK6nIUk49DFNRaOkI6Dq7ibmCZ9u3R80gSwngroj6tO4sJR+jXqDB8KUzEsKqHyIA1rhyBWg0+0CzxaFMWoFqV2xAaBAW9RpJY6yYS8SKyfNIrJLZ5W4JpLqPHOrSqpXWak0cfBWQwNP7qoLhr6EcBgBLRjKOPor3kRIXYhQGOCVSdaFkfAdbdtbo53c3xZMiCYIy4TpIdqXjMxDDqIPKRAvACNNv4kmPkhkSLLpHfPMucCIfqHzl+Lb8ON6/g9A8rdn7vqekOWTLuVC6Ki0DO5MPhkeWLmRAmVrk36PIP5dz7OqcD1soPYi5qTAN4OVauE5nDj35BbfLrzGVZ0KF2EaXiZWSbWTa7l9ZFAGcb21nRVgcMloY4rClHCvP/CubH4hFJNjpH862IPGWvci7oeiodt4gAuzwS0Nf9GIEjFHEb/hes+K8zoB/eMO2IAHfm0T4h4Zw0ZNmHi0k63UQESC47kMUM4Q9jawEsN9B5FKLxFl5Y6hgXmW7nPG2sfZ3w60pAq05ZvnIivX4/ksU5NT99VZefJrKsGnX0Vlc9AWPfKyQjqQtDv3wOafdGXZIdb4v2L6vt5ih53wx6wmmpOA0wUGzs8mIK/wF25Fj6ULt+tj4StBvpkRIP3rGR6iPHsn7YHuYsJDm5U4QfeJPmzrHFzAhqKQveZGWqyYpogXpzH/0ibGWNsf7j79ruuQPxsC2ahkPdsjAP5MkTsozV7hjoVzyTIqAxtLUsklp5p+ehQn35B9fooZP8QSOKuXktu5GRtEkaoMd66awwwmMb6SoO6OHb7FsvngnQbpZ9LIYxOGzCdoCkeTtezAKljM3CZleKHIQS/vYpNP47HUTJ78K6eqLWi8PZn7aUj8zsE0gp3biSH6X4Sat+afrPU++TBd9R3YqnRN9TmL4hdtaRH5x3c8OD0/0vVErqXxSX685kClEz9U6YVB9CPeHaqFiik4QzjjjuGTWSpb6EMhd/dxU/GsqEV/fymw71szgVKloqzGbFtTYEj9iv7Gmc+enWFjeV7t/dgSNm6pGZcRCizIIINb8T0nRSiTQQKpOdu2kHMTDNDLJo4ohMQGO1NVp3BFQD8EM7bptymQZUwc7Jj2yELOaBONuqinmvtdSn2VfECSsdydZ2N8ZC4+gnvCZTbOGnSd4WDd1ntB+UNTL7gp2mA0VtrIohzepxSneIFVDNCUC+gKDU1ho9JrgsLFGWgKrutnzGoP8JLGIYkIrG2pmU0IGpHnD1kZ8o9ipI6FnyEWurSigm1vBsU2vmdvJip/nQhRMxvQVnFyJBF/sPkiMkTQ0W6rXSglccQ0skuF8i3Xd8wtgS1LamzaAS2zPDHzzMlYLQtGZJVpHqhyMUcq1EMqZh8lCPwHkwk87bNbPjhXrNq7qKKvIXIOEKR+ug02mR/6grZQki7DTljYT91L3tb2O8RLFsliT0hhrQogsZ2l/MN9expjwunl7vBZHRX9vTPfvafxvJAEQQWJhbKkkU6O/DtSpZj8LB6NJAj9dcS5ce97mx1H8bk+1kLxGFCl9rSm7oIAvR1yijq65wDx8ocl05KWOb8I2PyOJE1vTO5gl57taKxdOfHFf+5WYeZdvARctuKdJgczbXwf0HLZbhcOf+6rr+nE/vWUeRSJcVQfr4trjW9PTa7SDyIkLa06uiLag65kJEESGsJG/FG9e7XA57akC8hjDMkHPaGqGQgTy8FOMglNUKoARzj46jbIP07w1GJPQ1yNppBloVrEND221YbYI0rXPzT0OZpSrHZzJJOQ8d4uvezMGG8G8AH87mWLl4YrQLlXCm/9+01qXsZfIOjhwrQgge8aczlYDyVmOVmSPT0YqWVJE0PenImNVNmb5IAFcZMfli7ROi2aWCp9w768u3UqFg1vfJQVAQB5elItXLdQdvCDlxJKWZG6Bdaw9SAf0MgAEobYq9HCMmMzETdaioa8F3VhCElngpsdqKgoexpgAJjDSqKLI7Jlb5pUS+a7G4lm8Yj1gVQ7ccfDuCjMceW9Yme7sKoYE9NjE6ZZtELIX/bKNvKcUNMnZV+n/21w6TZTwKjcc/ajeVcAiVmfVP8qEW+1ZeYAStP1LkwlAo9PpvzjdtLHKKEAtdMIQlATD2o/bjW/GR4f5KRzumoeU4uWi3skHE1Az8m10UOhPQ7gjjONeUwZnNykposyqc23vvM0B3+XlF+rNzzNRb6h6r1fgKzr3dtRmlZY8f1FjwEIr+jAl5tFtftTFdMdQUTf06NZXSYn2tv+YxxfNj1zFef6inrgBtJmyXezWP6MAmcXHwLqr8lo8APYU60AHnP8f4SRKrIZTHGxXkpFz3ZO4aOxWAv+P01EjmYhBrRDj37g6Mj9Zlh8lT5wbzJuqC9goH3qaIKFQwkkhMs8KDSnd8EY/MsynrmsbVTSif6QiLqSz/KYqzTQ1gTWin5lXHe+REKACZzsTfsfdL6XkJRuw1H31oCV3C/N0eSMQFMWMusmuYchBGL3oD2hxySynW0AAjsf/qZs7oJOeEcrJetdUg7Xn9i8rrXbh8qsAp0Ap//bYAKIJTKVYZJynvPHkncqpV7luDdilsVjqOYtJaakeTaIxZSfYJDL9AlrrzunB8gvyJ06/BHjUIJ3CSn+Mtd4gSXV/v+QXQotk8Zpl46dsGGsTQIcBAgo3mkSldo3vpFsYTP467WNStC4Se/Kjrd5FxGUJb6hEGacDDPL4NVgzVf5kxz59aZiWTEfoNFwGaBfZKmaDykazT4bcc2r4MIadBG7Z083fClZL9rvBSBmkHKCoaoSXoB4S6BCqEF3Rg8tAcA3V9WG5OfUxT+4C19e2mK0+C2qJmRGjzuEr3J82IIu9hRgN74g2/bgcf7o3IOOad4/No7NTO7AZNolIHEv5+zTPdj7TokIqe6a5vIkSEblR80tml36hrN3VzB5m6rSImCux2ZzomycHijcee1V8RcMxoiaF1pn6drF5PjbZxOXZrSdmMDuaf98ZlKcI5Qs8bQmva4iN4mAOKxqmUFJo7AuQe4/evglJzB2GhrUpmlpiLzln/4k+iVczNJ9a8VCBGktBIpEkzDLQeYi7n7mqZlMJYpy/luOOrgg59OFR653Ceq4Vyk7pgNY6kTm2LCnqB5iUXHQA07p2Gk4wlpVBzxles/HLmhHPAexHjFj9BBedgqyZ7Oznna73WXxb13UNwU/kv9eLIihdubBYkB4LYb2lhxhrd1514ofMj0tpmy5gR8tr3lvIS+/sIQiWQiAnzVDX6m7gA/td0yQHTd2gPiSj/zEqNA7nlh9X/f24LPaRrgpp77Ed11SYr8B8mozKjuDjSwWOBuCWhnQIGm13gf87Y0UWrHSbnqKZeDA4QsYr8DHr2pHLx3L+qx6FhaiWk4seF84YgzjUsG4PbojiftRVDaCA6hSjjjruj4gxVdOu4MXFjLUT29gmG/QXYuU15AeNwi94aKoWFhTbY6mUX00XC3PENTKUpUBerZ+yHwJCf0lgoJ4IlU5XV2CYou2wRY+nJE3gL1gccmhZd86UK+/wYzLnQmM3XOwAoGky3JzgMco8ey8xnBADcYlh5oLRW/XMw6BG8zO74bvYeumalHob4qvXZT+37b67RO0e/eAUxb9PcrXqdTWHWnQCX3+1bwP7DIvIsEEK7e63i7CW2uLt0t+1PShTq4Of6FdR+ShG5pKomPTqef5mOIrq5/33XSXjOtoTS6fMmn62MCJ78dTdw4Lzzaw/lseEqzQVbigkqO6M1N7yM6UtxOQSgHmj4dFDU2hSnRBKYJsupRretwJM4TBvU4X870cBa0wPeSznL82sIimXJhcgrnmQpgsLeaNzuXdHQcD9DC5kEU9gBBIl2wbFXbOdDFjujNrtQjccFVIXqF1dprVycyWStsf5JOLo/in32f0vuqARE3LpZ3aItZtkCwjZb0DX9oNuHPqwhUAS1dC+Jv+zZu27xhurkVEInUPcsU17TfHH/XwODG3r06YfRA9lkbgTA5sTVmi4HC8Dy8nm6RG3r/7QbYCwM+u9kx1fd+6HXSSa1rzC67JCuptmHp1zCkdR5vVHkdEbTngYF6F8eOyZfz3l0n/rEWmGgQmyXByNc9w/t3klelDv80ljCbDtj3kDkBF2JMKPmhSGS77LGFTG3/ODcUIYinF6LiUzdfwrr5Bz5qnijpadfCM+VI+/JplNW7m4pJTRm54rA+K/cko9O2RAug4/lu/T74C/KOeJ8SqpA+bUIhpG5H/cQSUR2YmN0K139hdjg5wp05UuWIh+BleYooqFjjnboh4T9w2+lX6qonY/t84UJ0bGf6RYDHHzP+JAljfpSXQXnuWFNWd9UJ0sKdKCIxtUMx/EacHy+PNAcepEvE4DjRF7DleM1A5mePbzYrTpanUuPKiJAG64UvD7/WXgNwRepKbRyzANKXwuyhoo7eZWzrX9Y4UaLm7uTb6us2riNKqAE8WVPSLwdW6FgfQQMNINwpxI/xbvJHJ2EMpr7dfnFOX10muhTzFNWpuDjNS6Rbh6RMvS5K5+kO0zNWO9g3YN13GkiS6oVkzZy8xBu++1WVQN7+RcmpiLPGx85uhGOwjQFulU/ZjE6WdSECsR6IpxwAJVMqyFqbD4AGoq++ySZ9eq+KklWZsA3ga8D17mzb+nXYXIDXwymq1skRf/62KaQjEFmMHKIxl9yw5NxRtsdr1hmcCOqPy4IRjKgKF5xXL3W9AkS+xpAp2rQOFS3cORSS1t8k4WeCURCvDqoZtk5m/tira3yk5OtjoogOah5TW4DDNIBIv47+t7VYTb9yQ+9H0D/T+RnvmLaVsOTM3432dDNNiCDvxUFkwckCUV7IbYslRU2k0rLd2+seG1QZBTzqJHgkGG+CWWz+iLN7z5FCkIFbHYLQFYCCI7qbWNJEpVlfvIb1LDoRySbFkg8Xms/0gGC225ZWt11It1OTJn/ujZd+QN2oMsS7+Y8pXJI3D9z099qg0IUM+YmNiMDx/+J3PR1znKYTPv3i+Dya8tQ5+V5hEA50sxoB9x1lQjIZ+uRwuuacslOwlaNnsQl50MDwKU6EfJsLYVlc8funDBvdIO4ZR9BKO9FG2JdoOrQMFAgaQLaRUV1ing8hq/UxOceas8g00vCH0nSlcJewDw3ciqeQGtsnu1neamfRlgvE/mrrbUsEBI21YeHRS027YTJWRI6J+RfW7vJhowvZXvOnI+Wqm3FJI0wwH8AeftupD00wz+fAqGnMJn6EpWoRDtDSF2PcRDbOM8xkZinQLBQ58jhNLgVuxnZsvsTn4CEMtf6XXn+Qnv5Lx4DJOEOryDYjfl9k5SO2xkQ5gB0HHimzHn50wSM1/WPfW7KSrqKAejAWE7rlxsW43L+hyt0KIjWyuAP1kPPk0L8B+fKsYuch+UkAQV6lgGOi7Dwk/2xA90gx4f4wqQWWLwm0QvG1u+ALj+dnS4+ifAvjhrtpX3SC2BXOzggP78Nx4C74/nIyrqbOVxFtuJbj+iwA127rwgp4otuqVZQ5/3LozA5eTVWXZ7MfFQLd1y/hrRhyXH92jB5m+gd5pUhb/4d/hU+1poFnqrY7XpeD35kXY3xSPc6mNkIOP2iOf5nelzL+MuwhcJo6caMY7/RtjTevspk8JjCPFOeEr0GPBtijQe/4YjqxyiwxxScHdpyPrFCfS8Y2BNqqY+VqkLG2dTXBdL3L2kHFtUCsnGEwaqjiwF7uGZPrKjrqiaicKUY9m5/4SOJ34ETPYsNPsLvpRkUFa61hAl9iqI39zfOf2q45FlFQGkoi8tw5jYHXxvXyMAXUIJ8QgLljO83ceNISv7E8EX8zh7YQ9omLZQFr/bxX4gadmcAlz8gYrXTOW/dRTePo98weS1KDwDJLUP6ZNW4TaXCVUNUd/zPUsOU8Py1oKnveL/ofqvKyXng6G+mMmHdhWlVw4hOae5yw/fnHPgeSTf/oEH3wclgrjZ+mEIt8bGGOpF2wBmRfOtK9hF61flecYvR5752TATcInDz9B24fO8+GTUtdT+Gj++Q7IYWE86WtGk+3uNq4uwVWr1OOKsCVjym4v/ARHDjSoAnd5+dX+xsc+kMzKb61CniC4ny9dSpO9MjZYZiXpJ72XJAYf9MlrbArxq1Pfkia9TtmWfQL0bHMprvmkGD17LOCK8YuIVackcLaLWdbG3o3wyxbo0C7CVVt4u4PcNkCKyRcB1ATXQCEZTrazYaOeTMsZPrdGddjE++JjD7tS5oyTttqskkLR5XxO2D43UwJrDU6+EoDFPmOZNEHZeo8YkRscrtK2063Uj573fpjPdyHDjDHR7h2xOdR0UV/uMTPjKwKuOCgfr79PMhDv5nqMyA4lIkLT4cI6VpNYicACsDGoTe19Q0rprkba1fAh2TN8fVwSrL54YYfWwtHaSyFnXtG9D1neYzBT4NyyLDg9Pe40t5JIpbylH/BsyEt2rdbtPKdQAD7J5JmyqA6B1UuPw7rf1xG04sI7koIPPE4H27QRFJZLYnxBs0/SS1SevkYKMZL96V2m2yNesltrQwlgw9yTfj06OMQz8mI54mWjj3lNRRBASDiHC7ljcHV7CYk28VwN7mzIKCEtEu42QguRzrfuRZymcpITD06xg/+ksp6WnXwmjN7tJuNrCaeig1jmkpAn8KjGdhE3xk9oNraQHCDxH0Qj0KXJF9hbJUhL12yIVa67wFBfDOpwSZeDvHUgO1uAQ3W+1dnNKN6MvKae+ivhNLfFwKttsKYM3bcZZtTiwyctUSIl6TMJpMmbMn92p3vuRpu+qvpT0Dp7koAgWf3JfaQWkXzItiPiTSca3M7ZZbvmSF8eVWLFxT2tBjHTSk+n1O4piGrEGHFP8kjuLfDDauMiSUANAbbbxWwTy5w+rvVas2Ev2xW5SlS2KU1//XIkNX4o2jRW7XiSJawrWMlpjJDpJ4EDkbRx3mYUYL6lKq6U88DCcomgqTtGiWJ5YWocYHBoZWQy425GjzPrWO0Jv6CspmhW5br9YlyMSjTYC+wIWN6bx6UqK/+upJxtfAHEj38uFJKtBP9D2edOfx3JcEQIlEB8Ocbum8pF/QtrfOFjn8CZzDXY294cRG7Q2gn581tw4QTCT1SlVkrUwqH0GP+DH4YfHXi5GVyQCpI3o7vQQ6St+IAkOzG58nMODiS3MgxQHnFW/7P5osXeRyCMpwJ8Yt6HTEuVXZiBiSkdGUvrJwFVkeayp+DlWK2xN3WhFKMOyFlP7e1lNnH+eZV+ajrouAiL4/D/QQ7Bex7M3q8b/9LktWXTMr6nXWc0fS0KQAaecFF/6yXP9V7MpXozyA65yBBc9/Fpm1wA9ee4k7Mt8hASnxAMN7wBmS4ve9nVIY6t+TGQB9tFBw+xzCat0+kvUDQBfbbHU/6+9JAVQRvQuxXaK/05kNhl87eAEk5vMWTUP1hUziY0ROeGpmD0w44faAa13nDCCfWsFJ0xc/6xxczFPbiJWw8JfCy6tGosAHb+BnxrCvpA3Mh2MPH6ccZYi37sEKp4EhLl4Za8ure5AhciQkUNTpW7LPWdg058xC2/xu75LIu/TjbokPLcNGhQ2H/lek61pw4WSU/9OyfNWDJ9yn0ySUkG45muNgYq2dswBsojVz6qtcwQszlOfiJsc9UDGj3XLSbCS9RXVLGywjxM05HN6Vc4saN1qmqFqviekH29SZV+L0Nnxgbym3yNo4fytATIXitR3kdKQeUuW1XXKHuhUZFQfRci78jh0iZlZMK+wUzR3D2osqM+JDfpOkstqygM92X/i5uZMZrch+gf5o8d1bn5PSXY736pIS35kPoDjeH/a4SWnk+W2uXaBEnwHpc3yJrCbIE+YWbaAiMcn4QCbLI6q2Hl4tShGmP8SSxakl//v0Gw2W3Jmncw4l56V2ng8t85jaq0UgqobYovyUEbypIQAAApf2Gx7Wz6hGn9VR7YL9JQkCTDQK1CEn2H6S9dBEf251b7u15d85PC7B2D6vdEpagxKGfEMIKcVimmoFwmp8FfHSFO+J9Ft1rVYc8xQa9S2aLukqJTA1iWJJxLlFcTcy+zc+Qzd/gDjVuqUiLnYYTdzcypOw87BkedE9OwyRJz0NHZ+MBq557CDo63vpZlV6HNI9QlT3LsCVH9wVrhjkk1frkZgqgVTJNcOhnMQtMFGTuBItaTZO8G/GDxEOyRAtIa359cp6eW7jnDn6NElCHheAaOP+XrvtOOIYbOXhoSH77Ii8wngFClxPPawpV9mxL8tLb2nUtj11PfW6tsJU/hu8SnWB/vkU8+pAaI/y/ycD3Qrb9oss6T4fafEMzPxmQfsazhHujf1SJ2EaXIdXc1hFglHqKvNa0dEqpuRdOAUfuHTQVQJUcsCcNELMFQkri7A9aRix5wTdLgdwM2Xt5AWG2pkyM+ffDqPKcrMci0aUhzpXZL11wPl0k58pkNULtTAcziw+w4IhAvc4i99q/LAyLquwYcI4blZWki4Vk/afbuKtsvW+y8t6xFOWjQ7QLdSCdXVKdjsdtzl1qnV62qTLKqsopb3A5VLyeRz4+tadilZTsi1rwmx4EYCFFknkXWLU5Fal2Hgr/hSK0BXpC4Knc9A4KapFDevni88AzRrNzLhuZKOinZEOHaV258NmRjtsEwGwBeGkKnmMGzJeujUck1VLs7Fqcq74Pjtu/gMzWPLsZ4ZmiGdYJT3BFT/ulv7yQs5OTt65jkbxG3d243u158ZRVA1/T0R9xT+9YbuVCdlX3MZEWOj4vmIxdrkp8HyI3vBIrw0/G+kKpb5JuUi6KLk4NwIHYiBge3J4xxAPK9otHEeX+mGMPK4YofDGiVa+o7NL08lrdmaub/6za3fPYEyvJReYQDMkI5lEdh6y6Sqa59CgUxiPROxNVDzLtltgjWGJkwbAiKgNJBt8S3nudwHOTguUURV7cBC/47eMlEx5nVc9MTwvum9ANhyNkm7b/6o1/fHNUI1PJBHwfOkIqlBPJMJ4LvrgszzFf4PFTqEaz+wbGXqvWVJ55SOSSgTsiho+jGk6j1sFWuSgE2bgkSgexLc2YH241sKAJjNIvKh5WKFcXWhd7vU2gqI9CAplmrD/nrV9tD/mrzfIQ+8VVvAhmABn51rvwiRDbMhpXH0p7KxT7QfCgL5qHEuDcZlsAY2mdtpgEgYiewGC26qzI3OfxucK60m03KFWjbxsTUm7Oaq0ulgV7w/JEC7bH3iBvl/tE/2s2msmQO2hgdFLYDHDAX8mWtwC+Uc4joLKQeY6RoPfs32dPPB8q9wyWm/r4DZ8khLoyjini37oIBLlY9mrepQqyELIPux+f3HHK25pJMpjKzQjQxDHG7ZX4Ijih4olpUjr+wvqD/33Okw/lrylzeYuBKQwb6Ws46gkgZDEnpwjgyAkJ1qr1RMG1tF9tQbC1yetrjIdM6XUeTS4DqfuOv5rS18Z4A7MDkAzf+relstt/zx1KdfFKg86H6xMDfJkaXn2n15qiBZd/d2JEeNybBWQ5VC32381s+it/aOntnib5pc/pSUQ2C9X+Fbn4bG0uUEwFfq2mHcXkc43teCrZxR9dfFsEAMSAW8kuwEUcmghGsVCMj7th4SsOPqeaDson9QOUEmEskgyquHAghBYen/dHGwOJf6iG9LnZzFVegEySSz/q8/zN0puhLvAsSdljIptx1Djw3wyUiDwXrUQiQg8L7HUTB8j9xBMaRcJXV0C5HY6ryhv7kwdNbNxviihqBueSs16CHoE5LN+CRNXoU5dd5HGaMcj5qukyjeBq6JLwbQQBkXOOhyAPf9ZBG6/OY22mxy3wHHqxDewBUJItMmj4D8mJd1BUNaFQc81DGafyucJuYgYw241ICO0QfsLrWYUDWXLfBFauWhRVUv1jFAqrV1ht5O4PiNPxRDIYoWaazAcWW9GK5V4UqbcrJQ8UC7zYZIaY6Tc3ldiq6mSYSmAFttZ/tcysFgrv/sXiX7xjXClBN7U4gu9IY6+U/KYcEooUZUxYm8aw7jlx5VmUOxR2BuZZwhOua7EcC0rE7/c+Sm+SUOxzkMUiUDWH7liacm2SoqughrxRgjInz3AFlihOisBsgXuCUPFS9kDcrONkduVmreBLrIGxeUKnNHTw1Rjl7uACmVMRkz2uq+BdG/Dd1yG4fME0q680Ajh2XhPOGowPdLyku7dIXZ3odzwUBjkiK5Azku/Iso9BUaHY0x/sHTTMIoTIhEKykw4KdgxfPsV0cZyYF0yTg5dTENVsWXmPfl5eMNyLfP4VGFg5oZFJjXqQX5YA+RkI9T1bJyrTffT1P5bhg7tghK5bkrCwWIKWrbh/dmKaDIseJYsfLtwYgujPF7eGorohCxUurrGNqH6UCR5p5g84RQGXeqHa+U9IPC0ze+z3R32dsmYoYLWxr8i9LIVHzM1j92y8rz5EpSvzvbGYz/SAj/Hpzgvov5JATO4kU6zJPsc8FEsfH7igUBTh0w1DkW5Jop8E+y4M6Go+Zc2keDIs0DNQZe7DsRr+WFw/6cQP6/16FdPhKNyaR1uBjIVjcR9hkSs4P4lNv6mmZxjLBYgldaCPKKPtuQk70kNdI4cBbq06iSPfHpOkjtnx57RdFFc7JXSTUDwW3/MXXWb5/T9uY3SyVyIDCLGf7nEU1uYSR2D/CjGvibLcFvXyZZDknTzTB4md0c7dpM/pObdecbIOTzK87tnZswpm5dE+kaVezH6lv+hjcuiz96pywggax9OGlOYZGKsQZnFaTBjxcUTHZdRpe29auAcW2CLGBQzUiWtVUUGoaIHLt6eV09z766IZuX3kml+uKArYiZkXDlvEADmND3+E8ZxODc2w7g+o+Q3AdRiVr+ZUHEhZ2Lmj5ZrWHzLLX3QfY/R30FUREMIehe1Ihdqr6IVoKnBdsfl24/m3QUTylqzAdBb8pqtmISwgZdEGua8CT//3UFLJOqH0TjRCCrYDaqxuGZ+SH87I4yKsHiByT1XgSE4P9XGpVWbDk5j8Ry1YfT67JhlMsfoH81z9osv26YSNXvx3GC63iTBPOq9JSYKhwsKH9KeYc3dERMCVRMNmSAUs4erBGdvcmgyQL5zhlBoBQFBQI7+F3fJ4ELfoMAqFl59tsbWRFGiFSoPCtiE7pgWJNmulZwyKfGESiRUtSBJ3HVD5Qc3uDiXj60UJ+9CC2SfkgrfwgAEh1txcJZ3AbIj9VxYJ014aBXlF3vUimPeQfG2HChRB+vCGd5YA9eQzCgM+OXOlIAlAB3UK9liyQQJanm8V0UuqmYbKKhWWO3azuy9gESF1SdkqcDT+K4czA9kPWDiNIQTlH5oO6E6xpx9Bu52O7hopPb6WzMV9RvBboN3fV84cSOtm2abE64XxezhKtoacbzaau9RqhjqHjd0Ys5MtWU1PxvXx9hD8c3MGCOTVYZdB1Rnevb1qbky0IRJGMY3Seh5YsdUIsboRUK8pUAvSnBKNx4i+34anmG+bNmhPBVDwyVGNFgTeB6Hl3nR2PTL8xjm3hx5Pp1cJVfPTiJJY4g8wnjczjCrGP4zWlrsi8q9F52fOyHD5dKsCrKOW5hroUYDsCDPyc2cHuXcpTNkGYoLDF/oE/Zp+cfxSqW72U1dP/1i2OIpM4VhzHh+yG7oSwXaBK0H01+t9QOYSI2fVsiNMfxvqtSAEfJYBXeoUCroRh5sc7rmcP9MJRBmwKOum3SVfPIzl3RbFkcaUsM4DzrFQlaubvYQxHzbBpHkU3AAXQA6g8G0UpmlsJ2t4psKi9MSbcBhBMrwXvMFtx+MBPEGXC2z7KeS3HxFgCZngXzIU44hkKOaPkffYea/A6yfWA+oGBuI4aqMMVHWD5XQ1cqTNvSOdVsxtwSOaLG7e6ZUeSYomIqRzuZNzFeOj1t4++eoZ+7a1yL1+GnhYoG7/0mKtFhW76VYyAyBz/nOp3XNb7kfULILnxc7wR0NT2S4Ew7w29My6Mmld8yo7ibmWJ83BRV47bKo+NrXDlYM9MVmRX0DIfpOq+psco8f14ZCM7U1WSVJIXkevp1bvwZ+PSDaLFZ41veep6FILQqzcDk8sTsAklZAqmzKL0f98aby3D5hBpR1pBp7AabShAV6qmMSlJypoD5fki21okZ0Mb2cMuILjoI410K7ynzOsi7yu3nbFO0ajcQU1QpTD4OHmM27t+joksKl4uAl2oB25PtIM+5Mp9AgCjz+9I0U6zoTv69FfygVLRurnp6MeVsEemXW/gtE6lgMkxIl/RpnEY79hWvZ7bCwWk52psnXGR3IqwEEfohrsSLJK6BNLBmqNtB5WXVIwTQJNCj77nya5fr5avQoVD+qlJU/W7rTDd47BXITECUbt4U8ODezTeskubWHSQiUM2gfPgxiZPH6VgXfnGRYRqZQlaqaLs8DXPOf7pqmAJ/UtW/kZ3DYdMr86qxORE8PSMdct31Xv5PUXeOML0a8TcItwVQLZa/3QKZAi9SOQaYqEXoQfv5ozAd0WQpTHV1PAkK9R3v+J4Q2U4wXCYEuLQP+r8+kl059i1dYIfQp1iBa3nqs0im+lLV/mTlyyoZG5WcarOJCB18mZyrWBjXr59LLht3Sh2sTBWaUsZD/RkvsTyWDDXsqlKkpuLhkPM6v7dQNdDQ5GYEUHCQaZHNVAKVSfueE75B5RaUC9xkwXuYPJ1LSkk/RpMwrtFT1UJnrygC42Jm7I4gCtcqMr7T13Q4dWSjTA3KUHmENXT1k9QfI+AlC9pd395rjiRylC/oj6RRzqnriReFEvhivSeQJnJXzCX+rEWIYzxUPsRCP4Q5RvudQHjJRGK8th/k0kmgcmRHCUF5E8LABHSQBAgUzm9Tv1eNIDhvW+ck78P4ml+BNiJnOE2LdW2ezV/jtPFTsJ7b8YP4CCYvk7Y8TWD0h9Pbb01+05PlO58lETJ0HDtZu6kvwhkITvRMnXOPv4HckyBTq/bRM7o1hrbaKaFyUsNYpVeGiQvj9KhM5yMAv1L2PyeTfUJUyyxvQZOKt4s8x3X8lwL4wPZdxvoyqMuSzkFPNC++//sgaNiYV0UuYwufdgM2AVRPU61k/rsUO4dGa3HApeMU7fW6dtGNtLllArgaHbpNc624DjviP7qg3BO52NLiij6zrDQKgjNu3DDy7omNNvUTVK7We3lXxDVslQmq0LOdt+ZjBkZ5WeP3nnNV/nfvISV+D5MGYP/jCAQ9VNKFxg6Xls2SXMDF8uTqb4+hC9Cs13u19kZ/cOF8GjTr8kyFLptvv04ZIW3ZdX3tnnRVSPAbR98GXJh0qzcEXTVVQQsTqGdCa7FaJ2r71ON58BA4y6rOkJfI9dl7tz+AqwYCNHiOkfUwYTOx4yBYB1kCGTZ3nFb/GLzKizWP7RetgkQB3bOGOUJhtbt/+oFtV9k9nUnMUx/9dP5lAPPwTravuZOlaRjwbXu+PIxuufMYfyXkslNK6fQ5jG37RKffnt/tymfl+B+cJinIhgYKYE8Z8xoXIBbE0Ha/ggMypJyt/VtVO42n7TMxnNTdw5GTUJ1McfrVI4ehzMyqm2+DxPsLdj8C9fAyh/fKuF8NhS2dGUOOlMzgCQXDGKhBgCgGm+j9+k0UyBev0Fjp4Ei8JuOghtOecztb9uyLv++pJ5kQSF533076qrt/NS1XJi/ORsAQAUF5EhZAg3XDul38itbrlsOEZUAPCSbYJ/QA8RYhXU0hyFlkxD1TRBzeDY0LvMixI5HTAIrzhLYKnt1a5CFvmzoSVQKg6e/O04TSPVL1J0Kw+YJdezWMj3pNxWY6LM59U2roLjdQU3B1vivGacxxYznilm5KS/Q0/LcwnzjxJZv1Mxjgi2bUtIV/+bDZFKNDORx0AYOYcJrTVLSATK+za7RJTAKAdWK4V9B86ego86PBulIauzQZRk7Ti7ko1FPbbq3z8cdHRNY2WplFYRNozQvXo+HTg82TbPtfXHSuzbvvuwHvX5GtgfeM8pSqKDjJhB+YR5bsPzS2+ODqrPgw5wwCU8EpJbHj9JZ88Uq/uINW+juUyaIkuCGog6yjiZmZMEBhMoTXg0c098Ts1ga9YYFhU5/aBfvRbIDu2l111QkOFwwUDqbvVazGnISPcKUWzRd3rcKsO4YroJFH41M4EFNgnGKrh188FTpDKNDgr1H61aoBoWxLuvKtQly3F6ODeh/N+FbpxHQHx/knMr2NJ2SI8zrnlronXB3hfRpKh0TOftLsn/JwGacWRYly48ckTZUkVI1lDhe2q4wMQ5qU0K/EyMx3dpbfZLWHEmOzWiggSVd4NE3yjblOpq9/vMYxeZwt0x2pkZ31cZEdAWQWFMQsV3w13xXRlfgoe8/xh0X8aWvl+33NKb7PLV7UaWezJ/raMRL2yCllqEZ+fj1RZmjGkVb4HksLGZK84R5tqxDby/DZ8iV72MdUutq71WKNYgXDpn3pAIP1up3TyhSVfkRettFFnV4kap6FA2xim4Y4rVusgd+f+XHRo85M32esfweJCrYsh5+0rsVTLwlIfVFAj9BR9H4v2kSOCUbEy1Z2Ls9M1X+rVAiypPUvg+ZcC/600jwqAU5rebNGcxoxFo5+kMSgi1cu7WEKk55+p9uqd4G1dfnN4Et9WU3NRyt5aDLB5eRYDYsBH/qRF+AtOzq3YC76qQ4W1kvrtE6I2I5TFZsjgosbsmtSYMBrMWWYmSz18WfqYPRCXtpamod5QH0gRGKZWAJiq6OyHttcDNtctFM7JTtGsh5Jej6FZl7La0L8/KOvIwa1Ak/eJQ00qK/jbbHWBlFkmoCqGrGXTmq5fubzJ5Y/RtjslHqiCc5gI97p/0f6bGOtmZPpZIuSUNSDFFZjhMQWoMJXG9vdRcfNk9Wew5MEkri2R476S0pKeymciUV/r7hBRNssqKf0CDY5sW9xJDK42rXg+E9Vr9U63Isf7ZDvNnqutravfZQl++5smQoYxmBqb5DPTJOO14l/yw6xli4z7KBrVG+fJcT3K6w84nEE2TDchx0xO790ajWiPJY5GROknF3wRqbTXKWxSlevogL/VPHV24YUh2D51m+kWRE9MNSARZw5ZSgr4kaGPPCIG7Zrqo/Umk+hSTM59ch5EdvGgWI5WgTNydaGckHcvVdVd/AEHp6nBb0xNkEP2+Hi3QxbzVnoQWXibg1834aKSwVmdWzZpdvK4HoMilDxyRZC9MwtQBqNHuxf/yfFkXUBKQJf4dwyjmRihPsUqbp7rXk1QuooXjYesE8ZJzYFvfsUTcM8/rgSOkNSvq74fz2o4WsgjFvHwlg/lhLFI/JU+xd9bhEgJ9TbHLd6RRfWKUxGnBq93X4c5Eaen+rutxVxC7bpYz9/E3xxL03u4q5pRVh/0GAv1VwHhImSsFsFRm88x1WixS8nsWYH4mMsCFKqGyL3DwmHKhxBoDtHVKzojhkYdPHxWyTAwPScMlFjCSqsP6Qv3GW8OldlgF8VoCJuXGnSP/McdckHTa/JMrl5hRis0n/O/W5vRISlseWPq9rbUA5QR5SZcOuDi2UY8K3xCo6/eQQqYamEHAvTa9iJTSuHJrCYzst1qnuPr4U8pdVA1aESkzDUOwn22fpF2xK/dUlYVqm2tJi5KClDtdjWkECt4ygn88jDthE/mxuPlGwm6fsM8Cjb8hHZ4u6ge09QA041F9nuuyAdQZph0jpjR5mnvJRfLyULoLx65hnaT8MThpIUtxVxA8kGzaBiJrF2Fv6jMURfhJusoKNWa5Bf5hryVR4wJtNTZdXvFQVyNGsL7SM63KNjaROI5FginfklHFZoWxVHs8+nudQ5VG8E1eXFUjiTfXPLvTPcfhbfUWS0YUNImdvYDuhnUrjVK3huEa4puux6jdFl5Tfd2WKMUFtPG7gmysihzzjc+leHz0b2y2DnpqiKGIgGARbhAyZ/oHbolNoVBEYKa4sppFHxjU3tcGyeOjjh7ATQlAVCtsz1QiwdWF3qXjQUVMpl58pb8ylqOiuhtNjFn4UcoqPgR817kJ+1AeBnwqOX/TG5Ks7T0XBQgM1RnLqOi53bbJawwe/HwO3r902kut4B0GxIh8kMWn+Es21x/cq8Vv/Wnv1HUPXunBo4BVy4mEXxeRGjNlSoCooRwCJ9zM1L8w1jYCYHZiJ0mP96c1ZYrIVvnRA82byf4RUBLTaE9/VHDFuPGx63AP5r4eVGYpwEhcsmC6MTLUx0sKxDcvOZwb9Wx2keyL/TMoUvMb5VCIMepy4Bo3uszY/MgdyxUP5b5I7zcBoXfRPemxIahJ96V8Alurl2UqJa0rkYbCfYskj6yGktYj8/u31opTPOjlPNyN0p8zSMuxcYjno6xJExkDKDq7o+wTQskRos8l9wDkSi9VBIGJGL2L0epr0s+GHpqerPXTlI7nklojQFk+NZKztdVx5syyOqa2ORwgcaL68zuTJ1KYnIuMWUoL9phNtD5yPPzuBsTVu2oqgDDMlAhisWqUiHMZRCzCn0eluhNdzj1DKTw6e9khaDTirx9aPD13+PNNbLtYRGLfdQSbUkfi8QsoXweJOKtdxn7uipOAPIMHEZK0icBzfvuWTAChw1F2yAdr5e3vOgV931WmaA2s/xDaqvwBpScFCOkI+Jdiv4JcyEgtCXBZII390uid9HaVRRdNzR01d0dluMRhvcssZUaa8xHHVXoNOAxhfvGnpU1DOgeyU8dvQ47ImWuDLtPftrTai5Iu/5UebTiUbpEDfmvnGMxx/noJ/5HWaCX+yUY9tRr75koEFezd/ZK7Sh5TlIfc6ZvfW/FC27xQbuC5UG7jRVWoqQem0v2qBgCzvUpoGxiVcnj7oHNerElIlw1ejYvJp3P7eBp1PnVgr3gv5WW+Tnx7WZJ6igpt0GS3YbJdsn0dfh/6/rdW8aeUiI1nhbFYZK5Blvg5GMU0Aq+iOCr7unM84QDnSmGrhiQ2VG3763ISEcup7TfgQ2htaL7nP9UC+aYtRjYUKiB4AwJdk7Z29G54LQVmfQUsZVAxmOnlLsBtARDDkkZcbbDN6mqWcDRINswarrfsxiMvhR/DhgryXeU1WDGvB0afZaV6oMA0ZM43riOI0k/WRwTQMJSCFbXKeATdal+HOHUjCtyplygyJT3I4K44njjaoc8mp13DUMEbzsEG7LxzB93R2nd8uu47QGcTKGIRtZlFBUvvWBkZ3/w1ZV4PD7wi7W9uSU6PfPafe+nWry7TqrZ0jtg6LH6g87v7tlJzBPvPHMAAAEv/XEAzHIks33JqoRqIu2ks2o8KUyRQedw13TO3fEOSafuwp3uWdR1unCLV3x5vzapG7Vf/Xvvwjf0eU7/gigjxksnq8kI0MphZ8NSdN7wnA75jdTL29fhpY3dR+a/OqyoM0sFcDRaUJJZmDXZNuHAyM3uzGrL+hVPET6RT928ifrb0L6XAiwvkTVhsWQZ4wde4nkotluSJ+afk32toS40He/21uPgavQQ9upFGhWwpKAyX/E2s51lJ8Jc6GQmUKSo9ru69vVhpKFCi6boB7xEdBXzHBLEwOtrftFj2csJlhjTfQ4XJpBmEnki4lDHMhv691sUKw5FJ5HxVHd2vF1gI2+/W8+cn+fopa1l/esD5A7A4PVnR5xwH6vULwJK/0lhFFlO2JLnJFjvt3SPEDawVH4Qgr8WyUfgouRkGRiFV+JWPTovxl4FNYAUJnIni5bmlUANwEqBAq5n42j0M7F/WeiG31xRU3B8kY204lh0HQjRk01W01e0ZFskjzgMlJ+lg/30Mjrmr0Jp3n1AlSIg48Hk7JyOMj+Xhit8XSSGWDzhVmIzf3GchrPrDs0q9KgYfI6bznK+dfShZ9XBAxxJEwf6cjYhpaRIM8viAC0koGR28o3HUXNQWLmd2dAIm1V+tSoOnsZrlz6bT3yJ8dwzEfd36Dw3fMmwlI5gSs7DEhGDA+58SKy+VxViSuDQ7y+yOnlit0PEKK8dRaSE52mOWpYI655MMoc0g7+ebiOsnlk92pt0MwsITqSMDjNVmBVQxW6JavAPY3PQ2Kqlx/6TV4BMXLtIh+sxpdrgFEvtSN8XA69p2VKIPBH290/Ylke24nqHpe+UTCOT70cxKxj+BlctiHP9ZwHuDstF9kn16fmQ0Pg9WavsueJi2iLddNea2+SEOHDjrAVZ9CGBCAsTkfvkKCKVIZMbPujlV8bFwVpNjvtGFkHXGyUqjS4/yahhGpJ9g0PTbfxa8CmWPT7PMXML6XQ0UQYVDkKuF+0j7gKjWfQA/MzVb6J1PmB5x1osP5N+d1X1F7eKtxbKStjPeYp/U9WfjyG4wNW9M7snOHmHAKobQ7BRl03wuD6+irNVVD3NKTG16iwa8to8+1/Sr/IwwQXUiGeWEa80/ciYXQZJynjXNuwwe6HoXr8gu727hYda06W6TTNRNZDuWhMbQJpwVxvWxQPkMNYa8T2klAwac3M5nEZ8NU62pa45xWSbAtGo2PxaQ8JPt2UTLQlmRhY0/e35d1uxjRLMlLXxlCkM6NgQGXBleRk57QWBEO0uoyE5hENqfHGDnw0ISpn04w8xaoYJj/NK5U0Eph1R4Dh30MyiXHeSwyxZbfo6Sg7PJuQcYZFV+d2xni8QjkASCH6LUI192Ey6BenlBp3c2E2/17xyuAw/muU2BkY9vOPHGJdfUAkA+TidFgNkvcJYstkUAEhVG/YY2BImLw6XL+GYBkphYtJUioOJRw6H/xpkcWXYG4PzlpmMPZV+niUUNNpvdLe8NFRoWREeFHsUtVPZnM0WYp3TB0v6TFblU2tWQ1q/s9/uj1N8jK/nGeKm/Ho1tpe/Xq7B8KpI79dPOwgqaGiNgjvzL1Q2Zl58HImlXeYzzBwA0nlEw7ZrCdG6+T2bfUKIozy+YVq9Exgpk1GH5CCf8T1ECPeqb8fh+IBotlQHr4T+HJQRZRGG/PFFfByU23z+N/gF0JJs2HHGs2rlqh9ZmG+jQQ96PZ8niBBdBW1y/9iGuh2itxuCOSfVl5CDSOF+2TTojG/A6dXIuvN0m8MGnNz7klhMTrvnx6XdwO7ju8XGX9qJqu8eIIC/uL8oWxAAmGL5KpXuNfnNepl0ZH9c3zC0DRGDFivW1XOTtzKzvu/XWzCNhjJI3GQ+F6D6+JqhHE++WgFV1ifmgW/JBSdhHwjiJ/NmI/dJbRUXTWfziCy0uPhBk8jzmgFo/zv2NItfAaqFIH0IewVdFO90z1OY9RfkR7rrguzXOBJwGwGAsj7B2m45XULEOAI/DVCcHBU9lzDtYtDY7f916gWOxrzalJ/GUhSrWlsILma0gkNk/DixaFzQCy3oj39rOSuuQVsJBGp70e5eFg3PLAMfdAPcHdSDq2yHjkuaZa3FMohodSJeKj87Bzfv8SQqWHpIYh53fUdQV/pOAYz3b+TRUjAc2eO8XPUQJTO7U70lncZYrrvc0sjwzg6bTFcpZOFVO/ej262jnDA9IhdnHkweBdVyB2RZFsY++D1lMjpMOX+aE9wmu202OY4wEyy5lITMLx/tDJsJ52dyg8GVKjbcBiwcf6Y6FENaXLly5YgNtDMUSFJ2YxkID3wsXdEzAB+6sTgotwgL73DoeKGXpx4dmXD6L1QAG2uN5j6/T1UMBSn6IMTzcBr+yXUqpUsHqDA1kXmfQ1rVBsG66Nw5C6V7LviTYW8yfidVhE5aG1bruGA+kUJX9hbUzdd1Elvj0sC6q1hiXTfYNniAPeZfjv2eDFkYYoNqdR1ZMzGxzxdm7hFGQaM+3AGqKhW45NBEKaSyYqHTRS2l5ewBhQHWki3COrH7FgLf5uFXuHyTOIBbGTAoMvHV82+9POhQzMjlJdl15oX1rWWEe+Wqjjm2Ab0IMiqwvrIem9XHpCQL3wJ3ujhk17RqFy3F9Hqqh3JZntNb6ZAe41Mm+IX+gW+1N4yccX0GKeegOWBFBDaigAQEnYb4euZKAxy85t2ydsq6HXHG5T7iZEFAvSSd2hsIuPmjQSOqQ9zhuVSymcBtBBq978J2dXPrBdS8psnkxqSQ2IQ2RuOTjoC0XCs+Pui3KwSLtfNylsnm8CECTd9Qq63Ax3mZVmjwcJYosls7irk0gY9Gbqm+gwWMgA1Wbb4B/AnD1n1iPVvSPOMMI1Wa2Triychm1b4rjvNpNVe5chnQu4/9f3kg1AWSR/HsRpMuYtXnfkFTwSqecVaN8/YHwXzDNGgcOEgcBt3SgAzXfgACHOpcEifOuE+HNdQd1Zfx8HT1E/IEm8HeyFhr0b204jAbxfxZDRsIzHfuGgbJHmy/RLbod691Gy4gR82+cnG7FHGDAaCYMSlIW73iUXb/NKu1xzj1Am7xbK89iRSw4amfaKE5UFhysDMm3owlLoCeqw8Abm7gCXmEJqhGLFVucTCQopQHGLkXhH7OEeYo7lrKYEgpZL48Td+Jy1dE27Vhiv2fbpvnycpqVwfmQyp/dY0kb70oLxbisF0JtP4WsAQBgRE1id++0aI11lEuiWLyfALzR5eQwri1GZa8BHfpi4oeehpj4kgThea6ZmFH1FtsgcjQMKHiMPyo8yol2dU7Zxw7elU7VSIk+8RmTqKJlJA11wJCo+zIaI8r73oXRUl7Zy+cX6YVLxioMghCGtOa3eOZBHVPP+BjoEjLgjQGhOhECYuP6DDVIhbqgQoVHqlqevSgR75b/2woQUrWS5nnKeIDLvRheMqJiBAlunmlWQTr8lFpn4KDb0OLZvnDoMFubP4dRAqOGMu5nYpr1be/bBB7yAHWu6KwN5fwC3h/J5PIpPGWP/LamTXq4wv6V4jFjoyk0e/9L9HHHI4AdCte4sDJj1nKkqiSbf9HbTcmhSNOeVqdi9bxdRHrWhRMkdW9QW1C0nAjZVbI8xv2HaShcIOLwyAg/ZDklET5HhIAoYQ1jUfu439WIYxjkgTILcAtX/HKPhuhrp4pJ+dT46uS5IGwbev02wHnH2jM7ezUGrJ7/r8akjr27zkQdDr8LeiFOjpK/WCs/MaMzAc7npCGZ4xUaKQQ4LKcfsnDIb66jF7iKgRnZFdQLxcIFYmunZSP8Hb70anE+cQ6g6CywzNAgZkITdj7fDpM6TYFObk7w8sn+EQCxmdZ96hYF4UtCbsyYlhkPAx1UET7YZ7cJZkG3eNGXvp+9T+Svgim8IAZ8IoU4Y8nKK8TtPccS3QTczXy57tH4MPymqSYlP4tPvIWhfCKF8TNG3wQI7Go9tGbXFJ+31LtYGgcQhuA3TtBkKGX0EZ2q5+qgHdou9Jhs6sq5rJ3Ccd7y2r98bKvGT1N+9ZodXCgW1ubNgdGmaSOLjgykBjtYz5KOZnUeRioYS57XWEGTWG/ug8BoXZkZN4rctJB2fs2Yz6I5D7q3FIdfWFkVInrJkY1Y0sEbSe6N8UEuHPG+QdNn6tU6zmwYc+UCoyHoZf7HEmbjlOpqjxVZgHlc+RBFRt11sywW6WudiyjSc9BH7JRTOgS6/gOTLJJjcIa7nJd7Duz5uJ/njz/SQzNmnRsC+HLVeNYWt6HH5sRBlrSZr3/8PgOeTwysL+9/P536L37JgopAJfjEThNV4MOEu8ijTKMLWNY3nokvRCdYGpU7VE22GH3blce/RtmHSpDBDbyKszzkb+LWkBU2Mer0AgM09nGog90Ij/wi0nhg6IZEAzCTfUdwKBAIPEmVrFjiQTLPSaGacvpYTVRmPAdHMm+JhZlvtuQq2e2E4UdD2x4KeOYDM0iAZe4CaP90v2ikL4RGoiy1eS8e7I7bMc318it9znYi6CDTRHa+Ku8xTxaDgUZM/XgEmVMcq4AzVGvOJ68uiYgSM+du98NmJSGbnI5lIrOMNkbZpWSoHFFmkUah2kxUZuEL5jK5ZukbHXQQi/1rnnwdeNn1MxWv8IoPlsQPmfUL1dLny1BX499ck5E1z7lpuvmDvyCfNhd/PbZLxRkAKzz/NR2kcztg8d0Dalr8EbfQeiVmHoSHxJn20JlAYOMn4I8SceUXmdh66OscsRkjNg7imMsLt2MosQfKN7OF6/3AIIrzQ9m8btBCw0WjVQlvpI1CPo0gAjQMTbZ0aOGw99Hzn6gb0AoGBB+QHnTkJDEjsN7ZMmjh4f7Idhh5ARbbmwKdPebCtQF6l0cynPa3endBjfNwauSfZ/cyvpXRduYg/hqV2Pa0Ao8iOMPqIUunzBuMd3yHRb81hhvMraJMHkAlqKmJ1sZRYGBaVQyrgzlwFaOcohEZ5IlTw3EBjilc20ie3optSmQYoCKg1L1T0cdNbZOCk/TiuKFxUzGIF4Tz07ykBYCzlf68q6D13+7IqGvt78KL1bRe2WuXjTLoYlQw/DUa/xNNhYjwE/aun7UcOoFYFDVwarYLIuV3UPOdBGDevgT2ttps8sS1A3zmS84O9SAbllu/Db246myzH3ocPiWiWnqlJBpWJm5zZO52KeqbeOKLG1T4G3e2Lt7NJkjzD+26HYdJ8Uig0k54FKSgywj5/yWXDV30qId9BYv/ixlPIi3nLrA/b1Qwd33z4k0XsyWDo9dGZPB71/TcbtZSBZZIQHdNYDrzk0mFDm4fpUQp7Sgea+2TxdlTHmjjwQ+pyjF7pc4hVifcBnOd1KDxoLVdkXepF0mP8s3fslL+rR2hh87/3VT5tUFuRQuoFUOCdQ06vtVkyKhmmjPyvF02Q7JPCUzvfEMNshspcjYGxyXlgj6Yx05MzN/T0QpIZpI4dB77BaW+wFRtSbDfOeeqdt0LQH78LfR3uQcG5yu4JHxjiOPedwWrpZPF/VM7ej2COd+B+zVp5Ys89eX+ZQdzuvkoak4ctERjvQcYv0NwgSVpFDvTnoCjPPSicgGPzelPGGsepR3g4Wb8PAszR9J//iEZrmknmzqNleCbplPq11vArHiUaIQUYO0gVsO7slCrIp3uGINmeDUV4NgXQLRUfY3JI6zynLvWnY/tYs1UUt58lnml+eBADwrc8tOMICGC6dRjVVv4/bl2oxtrY2UPTeIW8rJ1RbQB58YVTFORn5971NZkcT16Bp/TtFYz4wVlC7+LKHxKd2vUk7Of73/QH0tRaJpKNUwLmv8Lr1+qpVAmCx0MXK0g8Sx2KN/u/YIr7xikMiDBeMCrkhTsTc8nqnmKSrvFoIYWFEu3twqdVOBL+Z+bfuU/sTTH1HTyU9LUjP2zl8wdf3Eg/H7C3hA2nv9zHyoJv3DeydD/fE2e/PwLVQCCYwhW/eio4q8VfnY/xIlmudrqt5y59a4944p3k7+q+pfdTlMr/md44oSwDXUzwvcbaFpU1fOfwexSTMdymZu2ocKCEvsKZhENBAcRoSbaNI6xz+BjSeRGG5L6F0fh7jug20+okRYEfougEgxQM4x+Y03j7W767iC/wp9psgR374iRj+iyfh9/OW6RPOY145N1H5WSnBSw9gEpQDz3TjKPU3+uVo/xk6FpgAlDv223pYWTcgXxuBhfAHg+zYeu/R8vZPG82/vuNCMh5P7bBL/ZcqEE9vp3JiOGKyZz4dWxKIWIpw/tf38CJqbyzUPog0i0CNPuYGThbhQNI7EGoamAgULgMSBoljCJRbH3BJNN4TF+P3xWk2bTgPuIXOGmtuSSP1F9V6bKm710OuaR/vhdoVKSYv9qSYp9Iu2q0nh16WVK3aUwXXXrqEvwQG7ZB6k4ou7kC1R51wXv4U6OQbftmKDge+SQAvMrk1xoVyr9sFzonEayr3WMVY3HnPhG92FN59eotCYEBt4qsbAKN9f06uqd8aar69JKDbBMqlMk2RIcvDYS+dBHnoB1Vgt3XBfEzCHeDHN0Ksm8tHxgnoREcrDTBggT3oNf/leOCx5dvywOMdmss4utq40L39t46vjN4Rhw/PkFVHKmLXKmL1bN1P/BFvPRtJSEKAAd44cp+G8uvnL7spmcB2WrSe9hQ2rUAi4EQipK1L3+GZ/xpv2Dzz24GZnPHLDgPsiiFZYPYdJWB3UDk0NJYvEu5DwMMxnMwjJOJrnYP2vvvvKxyb0MeV2sXWWybe6imeR5R0De/tTlFa/KIlev9gClyeV4xvaGdDhhjwi248IiR7+1tAckokdIh1rEzyuHbkJ0FWyMHyRqYXejIhKUpkYxI8pMrwmdqtdApHu/H8cBg1B2k6B/Fek5eXFPUw2yWwIjusgeeisWQe1eU9kg+layjJPQ+3cMEv1ya5bG+7YesoKKtifqfGT+oKk++El1AC0MTQcqSt4Dxw9NKHkhsWZ7IBB9ml236VBZTYR1BQbvCDZjDu0xZh9QXGP2IOdPclpUXrtv0Pzt8T/SJ6eDvcFjhcmGpwWBP+/ZfyOU9v19iD0hD36Tx7ClMnmUobYaliMjc/QMVVGaELqf6jOpEu7gYYTWuWQtMxDvbvIL5J+Znyv7YQrL8PG2W3Mn9/zzsRvuMIyg8gpD2MknPiEc5JBS5legpIPeubqsB2B0YSO1icQNl6bO6+XYtzsT7gKj+VGCG0svQL2F/JJf/rQFo0wmKxFckSZBaR25l/he99dyDSlOBaPT7CEhTXNJDBUF9cagCjGGWvTgCGWiD81gFY7ZvvrPwvE6kVX9ii79OQxds/ZBNGiG2oQPDW7si7MrevtpNZ8TN7cu0ymB1jvP6yrbjsWtvK27f7Iy6ScV86vlz5cXWur647fX8QCg5338g++JsL05CI6gnvsP2fs/uDkdsS7FsIvVwtaq7sNUKvyPCBSkngWDcrIY66ZRe3jraVOwZib5ON09kiXsbGDfAUWlwCm1VFs6W1tRWYT1wYk/NOH971ZYon36gp86a/Ah/7BKL+KxaiFEUrzlZ/9DCrndmyCBJWlbDziAQCcu5OtXSKX9Z9Qi6vWlkihBc6b2N2MwhxIE6aom0g/hUORvNDMWxc8xJRrH1Sc+3gGGMy0jlMHi/79JpqvjqVdkRo+xkglw0m0+8o+p7K1wWEenOqeZsFaiXs0PqGPe1Q/YAjr4MhAQ0wAJY+C8psiOp9I5++0U9JkhjcRW99xVtgARUtVxHrKxdnImkOz9BmP+3hcM1MFvQ4SjDzNxXHCf/KH5Y/q2lpevB+4lLdWUzzMTIia9aPZH+X0bsRnMmWQSQsiJGkLjuiYvgLsR4gIbR/BAekYzkl/nF/VtsVVmdQZk81cV2TajhzEFONBEHCbA6RpHflA7ECLHAPXWwWXr4KqCeS+HIBIHvqtv2D7uXZ5cSnSaopV/Em9C1H/TC2oVvujIl1Ktey1lYzBtq3TtHjhChrT0pC3RSRU2G8unyZ9hpT4PDWDU2XmEVhJFBDr+lFbiRKmd2/SVP1tAeMubG7EY1R6ef3ULLW7E3rhoGuuREgmqov5x5KtZgtN6JnGdU+YcY7Uah7eRRbEIjYYdyriyuT33lW2Q2OJtiXWXnB834OxkByRZ2U2b3WjHqHrRjVIacgIZfPXJbxykh5EVMjmGedzY4WHLPd17YpHp3qLLSDlJ5LwU6bmoyzVNcwY3iZMVEqNmprXzE47kZMEIzG6STNoAQ5/5aVHXpeP44ro7ZTHZWlibHtHbAm0VE0HZEAabI4arTnkG0TQQdtVn7B8O2AtoYKuRvO24lxWhnq3zJKoYFDxkrAUHAKMNwxlLvWZ4cSAhoGwOjpi3EPXN8D7YZcuPao0As4t839XS+oDSCyOgAAAAOjQqGkQW2xcf9+vw/9TaijhDXpfNJ+SaxfN2QJOYIAWGF9dKwjqGqqm4LQmpY8wDt4ctGBTMQWo0IjctV6/NlL0UBN4MpvRczdr9xEH6YN/eDMgHXsFysKzi5lx/asTXI8UaAHb7LCSwtMbq5VbMtrqABdvCFPfqJeUYbVOGpHFMYLlAw5SW3SiXpfQaUw4X18cW3fqBTLascTQEwfttlo++Kn19L3YfEvNX99T6Dab6M95pVUbh7pjVBF4fqVXUxSDTewDXsCdeEDJpdUPLL46kf7f8nKPILezJARMHAn55F2hsgEYhK33jcQ68LoRJLCAOF1foquIhwxx2iRvCYceYiS+R53EQZ0v5yRVOGuHUBAxKlP38kehD7gMP4pkAV2OJE48GBx3JGDwYnwjq7ZN/Asit8HiOv4Fcj7JpvyVActu41xgcbAbd+zTkYx3HGJoO8VVmThMur0N/8ngV0Ec2gdoCg110pXZ0cz0m1cDVTcMPgr5t4MPejUE9Nloj4UZ324llgPPaehYXIIUvlndroiFby8YCdggcS38rVZAsN8pJh5F6kE75ztAsJcOPCh/HWAXrUvYGhc0Tggam36Pjcb0y2MFn8kEuuHWWLqp1ZttVgBrjSH4ja8n13HFw7NfhGnCnxf4fCHQ7rJbsP14+9TiUwpVSqJQeHtnZz4F74zJfq5boe2+4miXl/QDxkp1Hm62fEw4HPKt0YN+AZ+sv2ZqRlis1f5HbvzVPAZurLwye6bc2hUc8BI9RiWGupeuAVeibsKuEBE5Lt3GfgDxAtmn4vzNzrpV/dWAXV2th6yxxTGWryVFZTdE4efkkVYq8S+ggaS31s/Kxa3kEav+j1xfxp9CVgAZnVwMw5eaSfoxcam4l8wn1T/ggD5g3yxkr+5lR55x94cieQk+iTMwR5w6uhbAOAW/dvQgPMz1b0SjWVX0PoQHIJ3UX8sGX/4VBtdXtMbVbeopBKlHxYHEP4uaWBLFGON4B9E+PYFw8IOgXkB9Ko7x+c9gGh3bZ+wCpNkw5Zz3DIMmmdmMASXZLkMsEB1UXcfLgAIdt+Vt+J3B0YliLZGQqNhrCmJ2AGw8E5vS5v98zGQefeRTIeLw9J5xFJecN7hE+H0FzATqJU3qWRnwG1mCDr/rvVl5GIW0UFLWOGjeRvvAqkgGIHVvf0eneylu03KluSmZXt1Ulim1T7zTyvViLm4GgDTMhkaKL7jVu9LQCIvC/cmwvotB7AY+pp120X/TUilr+a1eJansaNjxjmh2OYxO0BXnXCbi23cem1rtKLzayuPTuWEPXBcfcbm5ZmAZB2VnQ63u0iN7/aZJVqpQaTFeJP3o09v5BDZx752Gp5v199Wdj9hhD+PNQW85e26JaokT6OLR3XOFMV70XFyf/eIv6UNhgDPoIAn0oeBIZSkWjou1tZ5Itos1AOxm2i99lTCi+2fDz3k3KJeJ+YskI52a38youlPvjEkvKgt6qTrhlpjXHzlmQtbcApZog2BvigQHsw+8vJMW64TRbxSRI/vUtCyuOQyoZY2JjoNxHhmoZcQWmmq39pnKp0ZwsSyuoo8rucs8zIU1WRm8XgSJdmIPtF4T3FCFfGVcJm9m6M55nNAmnM8Z8y7adKdMbPwnuodd7GM72Auo+2eIhzsk9Wth4AI8xmLdR8oLbysmAb2HNReXEN7AbgPT68hXlOttNcp0lTYhc8hS/Iw8lQ8WjqC5Mor3BpMlpffsGR5yAYJmld82OjV4NxZCnJ+6siEjOYUSFXy7Ox3IzG8j2ANRonUEsk8N4rW1AOtHF45s3FPwol088mb4EUDSn8DtOg5QTVi3KdFBtktZekYlGdYvO7lIIync5FfcaDaQmgg5Z2ncJb0TlldlHQYTX8THrXdr610LUNcVMZc+Ru3TA/QxNGUhao5ZxQ4kWC3U2NnOqBT5INxdJ+5kI0PjYG4VUY60I8owx77XPwNsqqRaSA2qbaYM9axJliMfARKTvOntiB/PoKsSxOBcyYywDtl8DruzLiaNC8w9H81EE6noyEUXkLVx8CfFD1J+F86V9b+EAwWX0mBLUXSFNJXjs9Alh81xVnYvZrY45v5Hsb9Gx1lTKwgoIdRAFILFn9HI/Qovmo7NXUdzv7d4/JzELQwb/ofFt+rBSr0kQfxj5WPQbd/DEkexJihk3lrVGqukDdyP0Q1VcyoDJ9YCMg8ulc26gzV23j7456BZTt+dByjsalQj5zPqy/FiJgxqL29ROvZbtusYrgqzSer0lSwOthZ2AYHBFAhFtGppfDmOabqURjCf9tVhToXZLlL2EFJNMlykfWyY1v0aK0NloV5QfT9DpEsZIZAPDhj1AELniEO8okLACF8GkC/bEI5bJhqNwMLSb5i7FxKwujFr+3SW0tD7QAXTGfm7eNLEI3Ci99NjZXeu6jCt1jkQukN6aHZps0reV/KPDlsHJnhQJYpA4t+/qP0xeVW4omNhaacpFegMdB+3b7sNuMl/z/2lqkOGrliY8wy9W3uBPeW/W0W3m2GwNiwEkhMzj3bMhC+Ukm1xxKJRlB0YymbbCBytk7XuGbiYTr3T2aTFTEGEjqFCUgAx3e+8BYCAIFEiuPRhc6J1HBgxe8fAsqL1DZhbOpW0Igc3R+2E9ZPGBesRtJpVJBIZ1pwFSNAKyH+OSqrS5Y/0R9D37Qdme3l+s39LJUto9MHDRMddfcB/iYIUcExjsIDhlsFW1Lv1z8J4KjDesNlFOEqDawhUr5EcCWtg27RjmzHuB2jUTOKrmpN4viA2r2jftEeunpH8vlG30W1GWIzKZ71Z4Ngpy32Sz5W3u18dQ91S4LXPzu0SbiMvSCBiZh2l3xbpj15tMl4PR+c8aialAwSYjafTNE99mVIqMvEgPbrQj3cDWOTmxrI7rf+HgddIkOzjEimD3WnkQ74ssC3Szj53sMJf7rJj7raVi23LnXJ/GIuYStYqPD0X2dWWwXKzkLwsJxLPjEU6a0ck4S9/TVblGzdfWwGbYAR5+T7vIgHygPIcAwMouuYMk/LRXypl64JepYQ/Fk7urwwu405Ix8ONqcyN27ylFdQ1Vt4ug095ygct09ITqeNe0mnt1Nrd7pL5kgaYAB37EKRrCErDjxj9mTqiVE2OHp9e5gI4p6CqL/UkKOsyPmEKBqLB+R7ZMcli8uLcRC6HCBYIQ+ti1I7UHwWCTqla0msBK5cqJAF6XbEqSa46sn9AXDnOg2VV3wZozmIqjIFkrWMTk/s1gOoZM5s/nLHwgieNhWTT4x+GatBXZamhZk6ZZL6qMzHL8YbhGrHpL7plixxKQ3UcF0wgwSF6T0Kq1XB/WNKqKCIQrCUP4mvKcnRIz+pRtUtpaDQYZg6ZkaIuVu0DgRgvOhK4mzGmCq3ana+C0f+1Kqon+0TJqz1Rpl+b0iShWe5P/Gr9fOv/Yb3Y8Q0LbQ85UE0odQzRYVo70ZU+bmXhpkUqQqRUtMx+1bB8McSzpRdKS6h7N0MCJJfjcU59wDR/uJJ105FpfYRIOsaRNPJKMG6zWPEg5Pf1s+q3aH5HHO+xAW6XG1aeGabyRqW7BIObwOZv0jDc/obq2CeEYBfxxFNQJq7z//eDztzbj6t+2Fyxem5fCXyGXwA8kxfGYF61jjtVDgMiqthCczvtR7/sh1eFpgCcGBHwhALtMoJfKL4Wl1OxI318t/EulrdjDWV/kQkH4RjoRfwQ8dHQLTeCm8+lhRIoCg/SrYJMluxDjpZq5sPOyuCWwpg0+TH+ARibyh4qA0yr5J6eWqxYlh/8zrodcAB3oqLtvLl2OeIy5sIzBomTY/pNIqGsJT/e1xQjAv8x15aZ9O0PmBS5gCtNEXpuwtRRMp4+fyo2m04LuxrvjMp8h7svZLUJt1TdtTUm4uoVj13kdwj7Dp8PgNTkmYau6U8pT7Nr8jAof3WYNQ3ApL857ySihB7GAHIPGeoIufQOBC++Q1DbL/one9Nu2GpTGqL2FLB6N8U8t7eF0I7PgaSpqvz3FwN6eIWzX5IZNgws/aO27Dk6gJfuDRjOhMZupiSkIFWOVzM84V9nBlKEGaggL4z6a744intmQs9mbjxVw7ypCVMDVM8XcIh9Sift72ZXKNMIonB4U7GFv/N/J2ZEXlEFZg7bngmvdnl+ljDKcFlOo7vI3vSaYwUKNWkAeyXTAPk3o0PoAUe4lNl6uNLkaWK7d/d8637LPOSsu0gMNyJXWb6JCJy0i+gVN7XnUxInNEmT9panAM7BZNUdLmLq6sJv4XV+Lg2QvqHQMfKYiZiuf/RPXimuWrnMRuCzfSpVmvMxKwe+ENxZEFx67jeINa43St7802e7zz0F4qDfVJGqIbW9sp14eL8y7R/fY1J0G5GWTBZEDYAeyQBkoHwvn/kZw4VoZ01DIamnbuYjtM8BAEpOCbT6qY4j9Kt2n8oXQpnIbFsJHL2fqqqfehRIbdy0/AnlnJskMFDcvAUzWbsLpXca2j0qrjO8zJM+1vvkXokjRtD0lUoCNiPsWqBxxApYpCHSgCVKgoYHaH7+z/raP4ZIAqTOd7BFNW7kPYUVJfjCzgcINp7Qiy+kIZoMOR6xR6DCWGpsT+o7+sZWDk9mFmwBBSfF8QQhl+00zphgcEP0Czm/3p5s0vaL6wBKQLMLJAZeF8lTN4X6Cf3ErNn1LWqooP24gijIQ4fm2go1MjQ6kT+63w6bfWmRDDAkD+O1hHsBvqSF91OMOIF/Z14fyrZlJ8J/E1wmMWLNmYPt/1mbPY4PYjAtEO/DkJt72bmdco86nZSTxDUPgveetgjsqJHyStcCTFRh9NsuuB4y3gz+iZHqKt75NjCE/mILfneesdnytciumO9MQROMU9Km1FPq16C9m4NDO1dVzSji0thCE3xIOFlJDXlhm2KLmTAmQCjciXWns2LT2JLAhRAnMEZBuAjadp4uV8wuS3pjbPhNWs6AHCAhGUYRRcvw4Mfopz9bZQlB+Sa/aR84JyWhY+68NEWYllW2Mv6DhGUpejAmh1A7dGvEObKDdUtr5mJ83/N3228Uj0bnUzEcBxT7fNIPNsgrEBoMI2cdSAnlnI2ja1UD8NHd6hwKoEjhtDB36Km5Z/L4n76A+VKx2x3Kd5brmHNSuQ83cEW2WAGA0h6E/oU5C5ehA+2fuZbBaEsSGc0saMwXRY73Bv7vs09BERn/dxFFfpEj1yW0F39HsSqIIJoewnoHfCJS/govnp6X74nTPHLyoLQshAzVo7KYkJzbBjBiglttP6QfWi8c+mCWqVngms6WkwA24FWv8ETzSTgQrsKIcvQSHpVcIwfb1N46iSPle6dNdvXMqWWvchqgyveN0FbUSs3v4llMvNrbY+Hzp/zJ/zEfUGenaoSeHceJg83KMElI0gZxevQ6hzBKHYomyoVLOtxT4cHoC8hbBKkO9mchr0G2TI3UNdDo4BZ2DqBCE2nbPS7RlC2iTM6uM6sKOSKMLY7mvRAq2unOlcxO64CE3tDDs9EGau4EbOa9c+JlVYpjwAO3v1+K7l2o+O8OukPwK2VELB4HdcUCxcb6bhY4hj2fJONHiOUcIRrFhWXDihZ6N7uPtsMkO4rsWyeh4QA8r5ueSnY0lSzFjroQmLaJGFMs3PwgsCWGYHDqReD9l8LJc6Y8p6MabSXmixjXV57IfEHmrtO8u7Mdss4q89nUni2uKbzOQaB29lRuUGOO8dh23+GPQWkzMeWBvqo/Itey1EG12uXaOiWp0y1mUBGQYHNCuz4hZLAOFRt2VCz6Kf3jH+Uf14yyK3kt5PzR7xeTnR3FiDQHF53pKxUp/sy7WdDjatQ9iT8l0+lsxs+0VtFHHqQpDLHS8XzqIcflFmA6f3DFQ1NaaVCeo+zYGHH/8TT3DXNPDXhHci3HuFVBtEWxOICSuExe1qooSKiXF+DRRH0D5mWeg9/dvRgaAkiMKmt5yeSq7WxxHVwUvH1I8i3rNdjsiBOovnprS8/vG+ELlTU2cIJo66Zjlh0C3TFJfb/sgHwvPhNzz1u4Z4X8euC2nkdFrnKXE+vTQjq4GG3yid/+olvwbPmqTh0Z4ugyCCcE4pOQyKSnianRnOSY193SuOV/kHeADbH4uT5k7BifHAxddo7t64XwId/humXJeeFevdLEdGmjr3AL8AXysBJQx5dorG2HsFcTZiUnspvbK/KzzT6H+SWxABX6JLje2kB0AktMhtNXyIeXFbFA157FDvkEDYsCJ/Lc+MxE/LhIPW8JiVi/Fc13URHtP3pcZqEkB9/21h9F/E5Hixyzblwv5Rk+8CBBxoFZEMYOCGluOEoXItZoM/+idtIzUxekfY1rRMnIZ6YLi576frqaOv0wJ6bci+vsIflYjAnITgz1u8wFj/rHqCuRc9smxNzIXMq1o/Ze1Eu5vlNUhJM8JULtvRZ7VimNxjOWE/kWVDHZS6xEnfWC13qKvdE43SO+aDDyCVU/8Se0ladVfMcPFwQNCfiCwMDNblCaUo7/PyyQSE/vxeHruxcl9N4zshX2QDKiTI68aQmSjNGNZ1osqHchc02Hfqxh8j2Mzh8on5rsni3daYrd/wsBQ9rOMp1LcFWhtPFwtP7KFqYLs6/GyrR+l/wDIei2M+3AwINB7QwPzMFctQbdxXhWRy2kEz9Otpcs8DkcZVbQt/pW/+DpnmB167uYqzq6LOcV+0jbh2vukl35peAtGjKx/QgJImXTsxpapCZvIylCdC8pfl0+2lvLtP8uR8X61oKYMM7pjyPwcF/e+HkmfZhqG9FNlXigXWyYcm+Kn260qGjsR1t8AGzSeWRCQC7tBFkvff5V+Q5mjhiWB7OTUGVkhAdNZ7oIOVfhxelGYcIcD3JvNkNpLzDxKjbZ01OlCRxWHUlRVzcFHENkGz3d1stiggrZhp79d+UAm/8QwuOb8AWy/zK1EF2m53RUGPAfBdJdNWyfoYKPFmjZiJE3rCHA6Mjd1adljmsJtNrES6xE4VZGKXX60jFjS9z3lC3C9KZxhhMe/Zu5vdxpbun679w52hQPMKQLn395i0QkOgVQnWVjPQUD/SAny52dkOJg/b/VS4BNakVoj97U3T11qE+k/TJ744AowhIArZctq+OuETdJvbEsgWasogLG/Fli0MrzMPTER1X0DQRFwHkiZ6/G77r0Do/pVZ5QcbJxG4nMlQnFj09ybgdec/Twk52lzrn/shR0W4G66A1fF0nQmT2/tqtHpzgZiGyIfvVzl6oixEDRhlOjDk2u55fmGQs4ddeLCiTar3Jbq7/u4meRxk73AFiQRvi8qtBTnL5xP368TLp+SgttzDDM00G9RWNF89Pt5yqQD1Ft6WOVPnHGFJxUZ+2e1cPZp21VB+oWGfCT/VwKJ/AA439YqbCpczG9IZiSoVj0hAvjlwMaxIiLn7wALOlhFMdgt31pNr8KTVBgeN/AWzIorxblMNN8IQ3FHbpk02za+/HzbpVSC4lxIBUVfBOzSrQMN5U74/GxXD4EnhpURP7yB9Z8YPtinYNtICgAHbvbfAGk8yNIbjgJ6rkyWoSj3VIPkqDzXRfYaDT+xuVqV8Q7lw4QQf6vSm+8pcJbLnnZ+aje2u1heQx3fWbwz4B6EF+5XNUnLB7vX71Iwt2wa06sP8dEzG5B6YZWdcNBbAbLTMj0lznBKDEz/9As1Yb8f4UonQ2c3Syp+yAR7+ARqabUgkAMVUi66Nh3dPEEbzQhf78+mUJPJrGOvfTAjXh6MnalbGiUh6Znwy4bIN6Zuyuxn7rMrOkIiz9tu0R+dQHjtOUI/n0FXPbfI/21FnWwxBzRUtkmfj2eJTuME8dqTrgdtukDzlysJRrsY6Ly1nrp2uAHid+2AqE24w/uoy1nTrsdHeyuc1raJiwWI9mbr7yuUNinoxID8ORiSKyxFAndYM4fLo5pjwi4wIpZvzMrwYW/SKKVUCP7kScnN8B3nuh3IBB3vYqEEiWefLYAkqSY5ZSVefl+9F9T50g+74KTagbnT1rE1cKtfwoTgOX7ZS6YHoIaMwo9q57coFAgSZrmJ6VYZ/VbbVinc+FimI2C4mbAojvycjEtQjW4R1SacBTid85v894N863taSM4swh8ZqF62k22x/pajyI9DDrBWhchewqWFnQzpt6mV0ZdtKbvdtleue5Pt910zYsqZadeAlkSWBJurQZVvjvakV+g7p3+wO6KhVzJiMzNrLW6R6H6woWGLZ9PeumVXYP6eID9C5G69lyeMSbTKmY2PbJA8OhQJXonKpwF3mpKo9TC326FgJE8HXuLHjaR8Sxya+kx8k2QDw77iUK7JGihcDR8DqHEu1NpDpiw0WhEI4JtbJZQflNpeK4NU2QfBYSZIAAAMP9G0HlJUWNcV9QEcfCVUepGmxUm7L4vRKUbiPON9rMosGMAMeh6yRzWluDsrAyKKuY2QvtaHrvqvjMWUpWa7RBaCxxsVrrlibI/d34NzPBirO+N20iFu2WAvGKOZAqGxKOTTb9JLM52xWTeGVmq2cESzQHEZxB/pIaz5HfkIs/ciwWGzMVCLFt+KP8kNCnM9zxEnPLKxn26ZQWILvjuZecj9dmT9DsHH1QadNWi7/k/L+AEYViAA6yNciHv/5oMN39HtA7YfE+Erf96VFPhUV7BPrf83v+UhbBXlCN2G3EonXjeHUWuXz5pLiyFopqBhTTSBl8Is0lQ3u7FUscmmG4s9/McAEW2Ij7MHBKmRQ/kJdinpE0ARA01EmMfu87BNGI52/tJ3aLZxwkqEechdJxXO5bimalMWjaXytbgudpJASRL/DzZ+yBKGktipBVzPd8ENFN9FT5aFD88hpV6acB1RKvPR0GXcroh9yaatYDzKZaMbfo8laY02qjO4SCCOk2xr7t12B9/ho7Os8anhk9dpq3ZZOTXEQKfpNLl01pykq14qjj8u/MY2oi2lUt0yGERpvk9DTqNZPE7QiE5m1KXoEjYD9omSVIG7K9iddGx8nOVujufpNFZpxBcMZ3999G/+LwrJp3vA5iw5H+Wch4Vk51UP94zazpFWyvywQY0jbMeG32szcjqG2S/k24jUrUvQC1R8MvOSARXM+qezMPESiTDimdvbnkXtDr5DapPqrDKfV4qC2BJFsaYVo8NqEfdVXxnZAL6g7LXpJiI1LSYMYhThZbqh9+wMI31kmw33IumzPig3CHBvqqP+8vBpgPCfe6W0LeX1lyaqffwzo9hmGwcw2WUZQWHXbZ/k16Q53DEUH9e3sOEcQ/vvPrfMPbWcr2duqzwLoguJ2GerhxRYxIduXBLxvJRr7G87bJn/L388KIl9x2Ffvun1faUMJji7oPoTpRB8/BmFzIwunZ4I0/p4mtR1yHSOACEAU0JcmqQy8BfcnpXK1o+NY9AxIWsAXqLyM5zw6WF1k+AOVPG0MdKp7/vw9soh/9uXtMLpj59EsZTPwEyFqz+hhvJ+eFtVmqiw8Qd4aFIzQn4zWtaa8UpiUJ74DPnL5XhiK5DeQ0p3zkJzds5tRQPExWU3WYfAQAQcHUfCDTq9ykEihlEAUO88eG2oq2B+Krp6CrUOzG0MS2xHScpXKWNZJQBp8fFy5Fnzrz227M8k4suqCPQfH4MpUJlV7QeYt9e/qFXvNGKthZzpEWaGLrLfCWGLjcc940gzt9vezT8OP8OXs3iXezfZzjv4WmY2Fs0ezHC35rLLL4u0x9Q+QlhXp22B2DrjVpDB1zlYnB5i8sZyEoV1MXeHCGnjXtQPJT4yPB4fqaJDbL8O4KswM/NMilzXHN4STqXxhNKXGGy+Yaf8hE/5778BrP4Nzwc/4ax6SqY+/kRRWG/MKo9WFNbCZ5tYeckM9KMYMbx24JUUtVff8mg707dDWXpSP8GfAsEnSkI97EwYCPYQ4sWio2gq3ZWh0oFGCNcFpaAl3CuphVkvTFlLJenedxDiiWP9PxqBwno3offRVUrhQVwA/FAXHl8lPWLDchW1wQ9+ilCJ0zfZS49CmnBGG1R4ND7CGagYKmWNkQMAF42zUaM2ZzLYWbUHME4JZWd0wr0Ak1JwIKFY9BDepZa7x94YglGHKLO8Z/+JQXXbfnzEYV/PsjFvryed/Jo4T2/5UJz8naULLBqIxIzqwrQMgsJQd/iUriMZi7Sge5iVTZewgkSOUup+ZELvjGpWE0vB6xGWv1s0lmRyk3ZU1ZEzk5JhKT21Nzp4RCDMKlS6v+Vh85TfOiy7l6ocvbMQPSLuQQXNAa30dZ9RTvB29QKBAZQIPFkvK1quRI+PjjnxxVOSRgxmOgu6UiVhqyyOxR1tAMiIzB2SQdCspVukRFoYnt5mxd7T0GZHQSyfROD21E5FL6qlly8giAPp4lF6lZTTL6PAnLxuogC0oVSiN6OrGUpPKrwgQBvXq12BfxcXpXskTCpLxb2fff6M3ZDdK80IuVnBmVdE+AN9Gmv/F5Jj6iG/ed3LjPNn6wYMVBpBXYVEWfpntlhgOKVvN5+y06FD9kF/YUefnAcKg7ZXH/Ezs2u5TU3N5/kRZ9uGDZDfIBYttjz4bKYUuZRw0/Vx9QMA8Ancg+2wT/3KlI6Cdq+1JpiPzl7wFoyNkKe1Yf04pOMFsej/NC8MMRuIw1WQXEEPgGeK1ly7KalOrqc02G5e3gBumxlW6y4tlxOFGG9b69xAlmEKqJZ0MC/KEXD0MiLYx11JdvRPaZw5bSbrZMBKLSkRun+4absb1X7jp5WtcC37cgiMyH+NHITA+AikxXZLIoWkxUiaSc9gBzTM4Erl5YQJz+tyMvpZQRVYWiOwNwBCPeBcN1cQx+3hw9v+jqAVVqdX980XnURq0tU2WLIGxw6bRhngutcvyQhmyCtkTTa6cuLxJrzGGArT/W66KALNIwFw+njJNvzOeHIWFhzchfBq/eXK5l4uAOt9PgDCUtrVmG31uru5gDi/vCASQkobyRIGR3dYpwj7L0Jzw1GX9LM+PyXgpAsYuIBWWXO6rVA0REovL5tcLxOgxqQoV5i4dTA3kvvSVL9a+cWBb5uF6P1OVNZ7s04tu/KruyPLWh/T3r6blYfNfi+VbUaxj2ec7BsarezfGDAr+/X/pR30RX360xCxq9xDR3hKzuShSt9ro9N2XkcQ3NQDmfKN0wrT5OAeaV/nEAk6Y09lOgtdPFfQym+UzpBR3TRWGNrTbzHWIYAykqUX+jzuGj+L9XIYG5qunQMJt8oRI/nNnacjCEZGqArt/L8Ke9UPqd69eXeFWtVzxa8QRV9VkapK3ejPxTqyRASgydKY3L0pr+t+1LcGX0xsgVK1aAyA0bWZv9F1+kvrA8kaDjeFhcuEUwZdKXEprRGErV/Mgqf5U4Jfnh1jLsImmEcTml0MkMxlhiIQrIzNVbBidHyuYfMUGKvnjhkEcUek9I9jBWcPkqn8DqzNKbVcOAC0flVVlXQcC7T/0QCx8QkcA7piAeh8UjdqHh+XoNQpzl96+4fmVfoyYmxIBFzenVGCg31Fs1NzVfpq47nu159/w8hFLaDBQBoE2GEnoNgLQ0HZwfRaDtsojJSINzCNT9lLxd9Em4yso48t7+8W6MMNahof4gmgXDjnufGXfD/J0gJ67G3PIjTF3P6FyvSYT6djkrhic3bdWzeN/rbY7jK1uEK2UimNYm4MPW5LsjI2YhYD03Vb57kh+KgQmSlprUrCXATDWu9p+Y/0kcPzFLibSJVrjeL9yZ70v7NdeZ/IyXbcIQlXd4bX5Jc0JD58fWRWbwt4cwc9iu1+XwFyaiT2JVewjOpvIFGLQcjRh/aLo5VLInW18JJIgPq9OfH/PKZ2IlrpyEXcW+iGpoHmZmFBUlC6h8qp7qwL67YTYDj/urWlWV9HMKVuCBepPQHAHVrU1davxNuWPg0a1Us/N6Euqk6gn2Td/m+0kh330s/ghuc4Rvtql4RE2k6t0XDEqjVkbebVeXKO506QOv5DbWhlxHLlXFFIf/k/ru9Xoug3bTRoDDxJbXrCmwzqIe20JAZKvLgM4VKEHb7487TqzpQRLLLfNIKpWsydyGmIy1P6CbsKHCcpJdkaR52OiRjAn9/vLi2aHknl3QLApeQhxqxDY2TC9dhAH8J8w93H34VL8n56/1zN0tLC+ehWcr4/rUNFLC5zQT9l8GSKWYHyZKP+0jM+9SFnhWJGNa9RC/JmVYWUtzX3KdGYlWQZth/EM6+JncvDh/MfEneheXc5I+6ZWZJDOi/POsVV0VeHpHlz7iz6OyoVdXTNrrby/HwYziwMXFUttpmFtzh7EEW9qzLuMOQW7H5LtziEZIG5a/N28Y8Rj1F/3/Hd8hff3wyU3+73qiUY+ZbfqUxTO7greTWRC5DbdKXi67aCXAzSbR4RSSM+ml5BmF9SWXxDNgrzphP7cQBEmPyNPsEzT8zQqFvMEg0gHjc835Mrvlhu4hqmiwa8JhX37gHbRFfGCGuLPlVqdcTQg9IWCXPmOSV7toO8Rung/FoQxczdJOLnObnHATeyD6SyqhRBRQpcH+kRGbb9Unu/W42n9zG4Xc0U3/nDJIgc8kziQ5++mcTf1BcgyEwI9g5D1fFD6TNIRXC+B6yGjuY9ZFMHB4tBCywnSROdPyTAb47OHaeUPOX6ZEI8ysCJjdBlFaBmOf+U1jCEXk9ZMGGSLfQEKMkXXayDp/11RMU+UiIOUW8bWanaFE6PEndV9de6w5UmYOXM1LvkA4h64g1EJYeVoHJoJrx5L/LYfHptwitcB4GXoUO1V2tdI8bhNlJ99zm+pOXGaCGiBE1YJttSL9wUSjOtab+sN6URGlM57fgC8HMjZ38/naWwoGf5IqoYfamvPG/79bZKwFumxVGX/pM6Y7MdXwA/HZ0TYRXzYKaFS/qBOSnw7A+hCQFrUZKDAa6THdUhzE2fHO6r8saZazvLqDSstwiDubCiO0nx3tjHAeUPCVr3Iz+6oDWSKtDEx8y1xSZ64t/hGlrG6o3NWy30HSJOkEIxVQLp+607nEJ+1XS8rhYtJEEEjsFtMerTPE8Ae2fzEVPNDO/Y6cxcSRrF1w6zgUwUy51zBkk2nV/d0TP3tEdOh+78p29zI1EnNylxK0+HEudWxoeErAg6N8GKS6HPRixSUBFCvpPBgluL6OpPKzpNVWoyWimD1K1MiFyfNlWy6DavNbgHiTbCHxU3VYEHvf4980Mpo6A7EHzOVXgz9kiDnZBVQBzp4fTK1FPVODTalalhKboVQPwjbHfeCwoW64E6lPRh0zkQG1fwi22R1kC0RrQz5tLyxDqC6Thw0y44bx6E5WmuTEIoRCK8vUJqJxPh0GMKyXxAi/QbU5UamFHLXDl7OuYeHJ8G8SE4I6SgKbzrtZEzuLg6RrdoTKVLnIerlDPcqTYrijaM71RUwIMyK+lkiYuJdySww6lGv30Yh2c07gzyNE+tPGtdzIWll1VqWo37fTlNBukBz+924kOcEeV+2pls2UhSG7AKe6LX4Y/lqDo64aRuA1vF8KQjWf+6ZWerL8Ypvnv4c93izabsDKK0qu/dRCFEPzts2/+IqaQQOWVpMnGpVTj8U0/mWHdy0zJqACYIwO6S1rseJfDBwpf88fG6a6DFobHMFWIb4ozzoc7G4KG6GEisKYNAMnNLj6Xtfn/Ir0UqA3sG+ST7VYaBWrvHiwNxTE8U0/8BAsIj7RT71jQtNFvY11t6jXXQDto5SWZEc7QCTgEkmMvRT4U/KS2EThtevKHaSdIZxL+Sb+/zRm0Ns4s5yrdbPfOX26rqEfEyQIq3P0TlQ4ISxEUulnLMHquw/nmU5CoJsK20gPvst3qSA5GJoyzlA6gWZtIOzn0Q6oA1OyOXr96gRTIQMih9AVh33AIT6NT7TfMw+dBRuxbSTGpTHIjdYwq2U7k/X78PRK/bazkmlpgGZCU+RgRXPuLwE/sK4rK0wkupqlhukM89I/NxH3UrgSHWG5rxhYiICcNmGoXI5cV5G/1cEnJUL0tNsYvB5FF6j10TZd4E48kKvLfKufUyP6vtsnPq8MgclV2r73n0+PH+9fwruxRgFhwki+v9P9+namVf/k1zVlmB6uFXkU0gQhkQWmnAeAGJ0KxpGR8SChkjDs8Bxonp+s19jo8F/Xxl2NtMb4WadrU6tdb5AMS3/4STqA+kFfe547fpoE+LG8HqNQQDkHbusnSuW84tfix+7GtnECVNBtezt/u0Uuvc+bSyZGBtwFfRvoMYrtl6LNzDZO0bcHSy4Xb0OcXQNjAmx/cL7MW7uBuhP+yaiF64u1JydpaKUofgi0NbXuu4aPAUpomZ1KsvO2sJ/mfS41+XN63rUPWHZgM11b5DGx63mj8dcYe3t8pcoiFcQGlauIRWfQXSuuALyh4Xc9DbtywRjlSU17JKuHp/uRxS1SGy/PwRpumxP8XintYCEd6WL1WSUyhBG7Cm+oOcdDMj3EPF7Yv24oAgh2t+Fw4WEIBGarw1rYIF6+FQJktk7Ig4NLf0gfJuDHV9gnqfYonds1JTyTURzq4bH4IbGe0CZMWPAHTL7NRFF0kqhLnjvM55nJ9X9do9KHUZtnr5J4TZn5uaFdFn3BxdFdX9Tu+tpufwn6MO7/il8QMn5DuK4Fqi3Wo7EQbzK1hZW4fSNqHiRk95kZ+WPepq+oqpHAnvXctiCW1wVGPponxvN+zK2A0pb0ugKqw0GcXnLUdDUWbJgVmmyBjsT/jMf8cNcWd7WpbXqVJGTw/VAg0iK3RCG+/40mZuuPNpG+hBuUrrl7bKMRuygoS38mum/F9zTMA1eI02/78OsF3C/nHHqBDQVKNELHnRKqUiwhvjqTaKLwr2kyKeHoe3akm7yJLGaJfLpc/w9bnEkkPznTIU6iDsDkXclzwk9/yR23Vq9rNlDJzUik6qatjU6qVaAjcs9llxxDlngcohkxzqyedUTbLlhhMwEn1oWOryXGpvwOzFtM/y+w3N9sJHLbGmFBCQG3tlIT36th6M/BMPW7U/3MUqDGVDI6RMLPd2B2fNffwu4zPpyIhu1o+3Z6IobsBIDsY2vnf6lxKDH6sCNBor5hxedKqi4pyjZbOxuA25sVrXVX5lPtHNwKLNisz9MBVwmwAoXZmpdybu96MVS8SBZVrFpCaTaR8HGC+DT27P1gme76FKM5UjJZRByQrJkColqLiYqZrTNlf3f1FO2nvrhDBmFIRj8SMNWioOLDOvZW7lgVUCVq9b5V+9q5pi3utOKHdOHMhhvxOt0YS53Im+jibAEAfNBETYSqlh6L3OpjeYzO10bw41nO8zV9TFsLGcN5VOZGRp52YOG37lPRezmuFHTN/b1ct8uF9FX7e6WeqE2W9A5KjqDo/yQP9Sm8u9FLlsew97D1LShAmYHvnge2uMbjbXKZPi83XoOHhgsgImoMSNjLbQC1TbyiWy2xz6S5bfKqN/Cmk4pMfHsnr2Luokrp7MwunTPufFBQx4GmHyIp7nDpKi0DEvTvztewlljEEF714VAAQE2q56F4F+DmlKS+J5UlsHv+3NG1LtYl7aHiWPwiAR4HVAmoeNN+YEUK4M1rkgRYq7DJzfC2APpXz3cVcTyOanfNm7XBMuydlFpHPdg/FbYMvKbdRcftiJ9xv1DWfBjdARbnqZolHAIfLSPmIBPHk/D+AnOxSCENyz65Jn2x+XB9cXO9i4CScCS1y5Q5I4C5CAuqfahwiP10TpH6+ZVZL4QXxAC4ayKZhAx6trH+Hf6lXOs3AB8J3xvpriEbsossCIInyuV5WkOET0FyodWTRqOkbN1NllfMGDzK50OjGgKK9hBXiomrAFbcNpoIXaQG9OiyzBSb+r5px77C+f3GTiIviamrtlXDxhNyp0WcocVcjp5rxKOcdh00EEZrmKqgyllwrtErKqqab2ttTbn68n23N9VjNA7eZm+NZFdt9Q1SNdHchDyPkg58JR388brKolksZr25IqVY3ls92TRQT4aowRjfvf60p35wBnQW25gUDlWy8b5SCxjPz/tngwUGckDuQkTCLmkn4yNsu1QyatK4w5KZBdeXbc9G8hMEOPXSh2d/ffrwYSgnsKnlcLlTkFVGEGKP98KFQp64nZ9fOCV0q6uby20aLSxfMUHPp5wuaT+QNV1WDxUBCF9Gxl2YmkWjrkGvVvoBbnDdjgR3bsVdRXf5mqw+RIfou5BBv1l2bXnKlECf8VFx7EtW8C/koILoduikRaj0oMhr9ruoosn9OMwIm6QU+5oKTuB0emwzKfl94bUA9KukO9Snp53RuQzoqpNufZypqATK3m1V7bGVZV7nrkOVK+1bsGMWHUQoXqwUz6iMAVAz7XmLMtSMU51RGqTd/myjrd3tzmDtrNycH+Pg1bq+6/gWdBguBZCfoiCtEQyZ/Sne63rEnAx28eUmFejiWUpkNsDH8nuQQemuhrtKjAQbsmEfF0gSG1HeEqAe/vNNUBRh6rTaZVBVpruqZZgq4tskggFKHksfSTb9ue8vx0ER7dbOTA6Mzi61O7yygbGlyYKnSvJ3aFLvW7F88nlqcBYdbOOn9H/z+NiC2uC2wtpY0WX0LJyYeGwqdMSheNgyc/TBpcsNfi3JJHtNH9yxwI2/ytC5epEflrSdUI2vJ/3lLDYxJ3H8ToWlTC4QVYuAfWDuAAUNAtlslbT2++9K4+6cJcqXZ1aAThp5QdjEo7TXdnweWQJv78kEULsWq+elXe4e4aDn0eU5MJ0Q6hMA4UVGDlbnBCHcIEYKNNO6XOG4ptgDnuR86iN/d5AF4OYUxYnCw85i+6pIBn3YTVGlN7HP8bJCxm4IFaGYEH1JXs5nH/6M4Hgi5dBlqmfjc/qwnAPh9wKFf6OCzvwwDfpD4pdvSPehAY8K0gsTM2/Lwfk1DcqXcpUO0ZPSMqPI7Rp3gAqT2EPGrsuw3PtDYqDCNAgjEpgVQtR5iWRBlj/snwUgFfHXhloCc1W7hFuTWfcYT/QT2TrSHkBBTGNkExBNJhp7N0TTsGqS4wGWjCEJUu5XC3ndmuicE+KZDiGfNdfCbZTHNbKsneHuKuHoXqtz587MTxufnBmRZK98vAaL/zkVtMvqgGvgZKv6GzSPlEHOKH5Y7N2QALN13McyTREGUHj8YU4ZxI3kmW0RjWFWt15nCY2HBEEolpVHTB38NbuqBQp5i7e+Q5caee6Th97+33cKot1W+ZyCTfnZWGDdVzfgeHLabNpJFGHqJQINgZ49uQEJgtylsbdkRZMdRR3XdGSVnH0NOQKht5Ob4DEy3DJlcvc53pI4xKmi5Gbu3lNMRmhiTgUBvnENKb3NllG+m1Mlp3Ir4DUDGRFkTu6B2+AHwsDHfI4KBYJ2NsNCH28gQNkm6DTH8A/5T65VG4ndsROzDtsWaQfwODD9F0SootBbRXkyXojojRUhedIKpVONKWhFn5gEzTmJaGKsduxg8pJHO5+pkXlhKCxXFLyAuKKOP+Dft7KQS2gO4NJl8pGdGvD/k15Hls12eMP5JdZCB5ol9tHKyaWBI47Qk25pPW6Ey+6NabnDeGPCphtExLaR3FQtVjlUkPbdGEdqv5QyUhIm7fPU+5YZC5BeI3yp1Ga9Oqhh8BonbYnUj1epMYz1FY7XtwPQRVU0Bg10m5gAAAMrpDrTk5bO8bPij8pIhEIQw7PvUCV4IokF8H56qjaPv42iOvD1WzhaEGyOgfalkKQTxQs4ciDof/O121F99JeLQliO+J7tN/p3IxDUTJo2nAA9STuDt/49F2m9rQuzve7209Izj8M/6QNglnWQK1UUDivicpErM6gnS5coWmy+hH5aIZBwpIJ/4tU0hSRBvPh0bEvQEwxxkV7eiJZDlKGrpewedFCF3whEPramvLpKHQX3iV6XnJKQ0Rd9eRv7BlBYstgybgfR8NYpTR0fNIDgLgG/gPMUVmjc+qo75o+CZY1Xj66dM2a/YiqumgtI/I7bLXgPxc4shw88LB/U+MEmnUcmPiO5h417Srk+DVn78u1swexWw4gzP//MASu7VyV0G9oBTgP8Ndg7fKfjnRpz3UCob2SkpRCv6Q+hAVfaE6WkvTGW55looStbZhwQt28KIZTfiNeTV6c8DmwWpeBL4Y/YWA5ea7GsC9o3dA3JOJlkQb8bnHDYLH3ZM0LaNv8kCB32fdBtdjWAAnxGOlS4kLZfHH0fKWZDFAW/dwp9WH4ObKhlPTwzkh7XdkrFfGNY0LyqnZjgu061n/RXGDJXdXgFySzIHDjfg1tqrkzze64W5avOKz0BTvaBSaMntLve+uB7gnJ6hb+RQKS4rAtO79YCrzyLr58MVgkZsKXcRogionFfnOWouQWR0h7ApJd5M9Hy0IpewJxL+7cD7xrew0spwwagFrt8KJGaJm6ld0qbN0ByCK94BxbFJcIkhJyJjSPPpo3OwZnaojXtds3FkF2eKvNQVyVBf4hV3wiuDJ4dy8gmYSM2vEH3engnns878ovdnip23NlazI2pKEDM89J7M1q9bBnPiAO0b/1jKqHYVFcd7W32w+wOoffBxDa930nnJyAOcUaIqF0fIuT1rWGhA9BJecBl6PC81PDmDA/+KeeBGuAbem86DpPx/A168GEQsKrAx3QRA3Y/OUpjW4/LMh3M60urT1h6MfEnUfpS6LVeiEYRUNYY9fe9kGcKr6eTouvjGbTys5HKNEXxO9wuKjWlj690Dq4P8a0dVok24IcMCBgAhekhKZLfWIcMbAOV6MMfMsjg8KRUuiP7oGer8pv+EkiBxrx2FQ2LThyipb2ruWb3BVOWLu8iWipVa9eJBh7dtstgz6ik/mDTJeKGl989qBOif6b00vPJVaZTzDUjrYg5cJbJR7+ibHHTvvpbbCZc+OzvM4qzc29DdZZkTW7oZjLSIrN2pmRL/UPuKs7la0K7qU4x7aIZhWhDnTKlMnfdNER5VZ6YJI1RpdNvtq/CxwsV0zU63oJzFU+eHHLo8GikpWJw46d6Z2wOT8Ow5xqL9ilLuYgJG5rhLzoy7/WOfAfCoi+ut53tGhQnknUb5dw6WAgVP/jRnC0KQQ8UoM0TuUFY8sbJFxNnYeGYIs/mDGvdPRI0oojB0kc3XJdSDFWX+eEOzOwn2PC4nzbxXdZ9egwIeSqZ/HUVsCxWk4OFMETUWB1FcbgLx23J+wUfc7wJHXXzlAWOMZGh4XXQAdjBW0PfF8cPHz8V5+bJOYLzMKv40JYGHXzRu0+VaUHO3Cd0+61Dk12WQTaCTosz1mvBYsp7DuTk/xXWGknFZ5M20T+Dw4QQ74dFt4fCvSm+OZZW8EHLYCgh0fbF4cbqPUbrq3F9ZrRV59Z6U3C7XFluj6yBCsX3s8ojkrqM+C34dSNyZi5031+elC1A+DwUjjnTCOb2nU5oLyi0z6zrw2osMrLBklRwwyjOkj/DaDzLdSROAbjMtxp5km8oLIgrbrzVCmp6DkcJ/fWGurrdMxraRE0EmB1rFfkMCsn6rpIEKsdqV/UQ8I5DMm7mRohqsEbxgADld8LfP+GiPj1eK7AjetfGD0F4HSQd5Jp5qVzd4Glij+tJ57n6I0ADY7vwGyidotYT6AMeWLqSnqIrxDyY+0t+/gikccMKUSLqPZ0/CZaPsLH8bzi97b/hMbLKMyvLIlqCmpfjyILt9N0IBe4VfSS3O/KOqZiIMAr+T+m6jkYM/zOG8kf8DGAUv0qM4qloZ4Zw+Sqrs/2V0NjWZXPJbmysD/qGqt9qR6UW4xshWJ35dQcRBFoqrzJpu5r/M6TbXJxSaxj6ZeMogFpFCdyW7W/bvRXdp9QaJTET4yawLeA4/sYY1lt0vYN521I0aA/M7La5la+3NKqAWekSnKKhdiY2nKauNRDv6JfrxiNFL9RtjrOVqTgn4jLP/1e9T0765wygBs3AV8CkQ2DPIbMWlUMmuy5l63bMtbgU0CVLYAeQqTpaCPKvHFRJW77Fj7l/5qbprEH51CVLo8J5UzdXrHJnKeoJGR6nXKrQ02vpkt8S24IHwfcuvjm4ZEtq4Mso9HFq8scwHPeSN49ni8DcexqjGrEnBvykfygBsbiv/MitUu7Egq5kukkqTLBextvnFnqqhxtHFbykYDxY6USaBmdRZM7kKxnv5NRd4RHdbwgZi1GgVMA/IJ4prUW7QNn0Gx78WdYi3xcr9hNcbTCvY03KDTZpvPLZs0m7PYLUUqF4d6b2p0D/Vc61XmeiSCRiQG7PsMIjhhuwJ6qFW3yS/fOKqBW5UiRP5N/VkkZgZu4yekf2CHnUFiQNTJyFAKg7P+8T0DAAdU9wGT3S3rjiJmA6rQR2CF7PjDl5WqVKwrQgzdU/viNiM/DynstGO//0DBIEpqTDW7YHYDP8ppNSlKGKPycuVcPqfKjnlWP7P9cAegmTZmABLfam+Mx8iBA4zk7OMXjH2t88WPsYRxmtKuIQIssPTnqJqGX3AU3SKUp2ANRhtbpFefZ46BlnIDN8QsQrbUSZCAxBhfBcKwfD+gIKi7gCcRuejRPqyANpWfm3CURFjomjlYdapu2dXM4lLmsxaaFbQwLAyZDc1L693hbShsAIWOVlmPyZOVk0V0Auh/IxWcXCoS/mOJnY/m5qKtb9i2SF7H/seafoB96XNV4l9C3FN6Lcj8IHmLQ9i9nkCcJpbnSeR92wmm6r+9FGouch8DLzNRJK13X2xqwtn+D6W21ef6znk0bWFIvtWFHMzW7jRWGPhNx+pWTnQEZjRz9OllX//3abDTeCOJZqYzK6X8UdYlAQJXQimbdEPi8adU0gwOJEaY60yelZmYtcaAI3fPK4Ax/9xzCiuPXPFHDrBBNWAiUlPhmuEPAFxi5yeB0HFlaNEDF8W/wyPBsa4nLe+p2js/Jf6MlA6q9qPrCdZ1t1EZI1Ev/lu9HcMmHLg/YlcnfGqXqag/rv+oRudh82VW5/Qv89+GOXonmYhLDX/pGRBjFmPpZNRYrFw9kOfnABOBRkN35QZ9/ZOkM57ih8YnRXqnBLPsbBqqHEsoveYQGiCQP5KCWdaWgyCCLAR8+DAz/RPeASbHdIdmOHmvgzyH5utC3kjRSem2V6kSjTD7OQEGGj1fNTzHZKTZ+Mc3tuz/hwfTo1wBQO9JgUUA44JLnqex3J8iFWQODUYivByaDqUN4hMQfENlpKLFwdxaDeMya7AOoYMpGjkKuBjsOmA4ivAcOAXCuU81EoG7mIr+Q0kVVccbdIeheKhJ8b3Ez9CLQSjtlDSSG5qsIj4OE4DD7WAEE/EEIVjBBadJ0GrzAA0uzJQWh30TAQgshNdBTk1I6jWjfvjYF8Pu77w5C73JO95IkfdHBXYc2pMJTtRBnbfMelvhEte31deyXAcO+vaJO8eXWm4/du8EOCW8VZLoQt6AWcRW1DdvMWJJunqFCNs5BKmAxcHvgXIO9Afc057SDP0q3dnchZd8+Jg132dTkrgKjkXssLMwVSgC8+AvIZiA607bZkDLEIKzDqFZIarBET796XtTU9L5nv7F5kom8an7SbnfaUigLxyL/OQKskAh8UzD0a88Ft5lzRUFjKNcZIsu7ZDN6ypvezWk2brnI+0IiQ7o+tbRD1tyP7qqtjyHSHNgP/RG4HhyLXUQAZUExYFiQmM7Hw5wxpJ4WmM5OEbN4fiKfVJukUk7J/Ka3SFJVoLT14vOrNhnSavpph21Pg4X7NCTli4fok6RhbigY6kr2nXDaQlkGSofizfP05Y+VUPhuhJdF4ziSlr6JtMYmcD6symodnysiZzM+j+Nbk8qd0ptQj8oYvr4KvUF93sm23FDGzNd6Diwkv3U75X0O72pyVg2wpy+LO4Za7zB/oUDa2cdAaWMuCDfTWXOL9LtcxiCarhH/+2alCQNwdjVlXqxkEw8liyhiBAwxV7sr+/NHfKGB6QjZ6VtQj41G3c2tCzFEkH2hOkD6WMLA/vmsoh6/GRFdWN3vCRy35XXDYzQtZZ7lpNFPJscDoLHUY4AMzRMzU4HJAAU+1TK2nLbfH+zu6AKja3R8p11ub05soYbUD2tEDoJxPfpM364GFa5Gy+L0F8OfYLfuIdc+BBKNDIs5vs05FDi2QlHh+ckR/zLhCEpQb0PJ+jkYPCJeHWUwqbmLkpJcCzyzxdgfwTeqgEabd49XGvfwbBDyHlowBVvRTnCfS4RAKAa47R7nPoueQW2rttC1EZAuyQUBgfHh3CztYpQSOlsBdAN7d3VjicDMOvjW5HWKrG8VXCGhBze4tkwnecPZ98PwrOv/qe1VDIGp3fwSqhUB/ZTV9qtHMWi3kEnz4tSetI9vlK/d4wp68lsRZtJy6HoBTSMsPZu7SxTK/gghkjgqxhRc6lbdeGn4+wlx6Y3+vYjoiRCYZbO1kIaJjN5hNpGXXBY+KNTpLVy5vNRKONdVCEzSv9GH6Hvp2Q/lo7FCO640Er4yXrH9GvtRc/fikViJO6Q7vBRmchZIq85bzkHAnWhbi52F3qgl2tVcxD3ddB/61sIxrUo06XtAQRl0Jw/8hZvQWF6tKlU4AaduB8wysEWiITDFiXiN+jZ6IOVBYVNdW3L7VVOnA/cwJjwd6nG5j9Bq3nQLXcszjJVU1CkgqJdg4SEmhj+ZfoS9Nn7Rbo8OI+2dTq/YwBxCY7BmUoRkNW87InoWBx/BW9AcZIjbErHjmVOCV3ZPtT5KDnqtSeVKTKMPP+vVL4QgdAl1ql62Vy8bfRWcOt2gQuIjAzquyATEUb7hth8VtHSBNPSi0xcFuwSex2XHQFLgSwKZIiyb3VxX4A5xeYcgYEgjS7k5IKsRStRYhHMD5iJ99ir+qr3MlSS+ucyNYoMFvkemRFJZK2P2mHTQXKtc/WrCZFZR/6t8nNJSjUaCkSMh5df9Uj6M8Ybc48h+Vu7yCQb22n+PMmNHH8KxQsQGswJ5I+XdIvUrif7uaM5u2auJK9eSNXtGh5DOvIBF9dd2KyBjdxxrBkkfZP4oGoqWHhXTegOnTXJl9l9GEl3ixCOZ0pqZZIeRIfmrycEu1boUxkq/5fNGjo4O+0fe23ZIeGel0dPJVijvfHAjfUMMf8a1XwV12kEec4t4O0CrdDSAWeIE/TZbcRLmYgnxsebgtf1P4+uVQWL9XwstNFnJvuPjouXR/bydaFYnPy9u4ZrZ1OB/67VUNCJQn/2MtFW+ChNPxpvM9nlrNUCPNTTOYYE1NcYXF55zW2coSxGJ+ZMpy0LTg3plbhuJAjyuMj0bhb6xSgnphcjldaO3a90jkpqg3JHFYGid7FlAFXXmmeJzhxq03Sx8HLPS3adbxGhAjkvG2XfAAf9hX9VPWM64Ocxv4k66TSZD58idzNpXEJlJWBnwqRvskpHsqd6hYhkIqkEjtoCxfqS5K0zunK3+aScjuCUl3bG74io/hfGlJqpk/4ycdWTGEia6+FWUSLqUQGOkyKgGsjVqh4cahjkMjc3BV91v6rnIILvO0gvM9fNGSR8fFahthZSTCE/SRw0GQnLS4BewJ3qnMRPHnqEBRVhjtRWzxyC+rNvAmNiiKFqpu7OygFNJ2i44BMeyWi8M+xr1q23dEVlosDDe6Xl47lObj/dpkaJqKMngWTDCvYihyoEMgcuPjPf2YRaFkMUtijrOUxTa+m2c+psBMijWj8vzU0kZKYeaullpQlpRy0HJYT56aWfzs94QqgSUyXfA61I87y8ZQSyqvik1N58QIAHRIeHN4VWipS5p4kGxmRHECK9bqfvuMvM9/yWr8xPWiCjus5SUrz2Y3ny3GgThSOFDg+g2mrxgfM2+poX1eFnc1t3aMThqANonFg3m3cZBQ11es94OWKVxRzc/o70NT0Xmr0M6+v5idxiiIwoHawDiPwDu5wo1mGosbShZg0QSAlZRWkRREkcsNYH4uKe2ETHLexxZwi742eWwvFRFlKDgt3q8G1F4+we5m0UY9KQi0I3wIfXQVRZvShbh0LGd1kHrB87khigqwqHHSy9xYSIZRatqBgRuBhW3vHytixMZ3w/U2Ez2rSqWfhy5/4zQGrgukaOZWEsIu5Lbqo4eK/Io00aV3qRrfvnvx0TfGZD+D7uY8xE8f8MO7XQ3fWsd//ufisGavbGyVjrZP9bg5J5+vZhArGDrKs6g7k2c2cV6bggoi3K/e1DF1VDt7Km9lSeBrYQgFBy8gTOWTwkjDMn+yzOWJvEB8PAN19HSwiD7A7o/2WeP1fEC8c65QY5+Fxq1Ifl6RFUHiE4wAZdUJIND5Au/yC34v2IueXp9ZPwMPaiEarbbRNEs2KWF/R8SJCqMzdD+SjBbAB8wCMTPf4eDjSfl3N3rJJSdiW4hcsbGqY8rTHObxZggYdCnOoOuMKofOJur9K3Rj7AXkvIBRH/EuodgbBlO0SOV+DWbXse9nJXIxfZ+cXhQgrUumqQQnC48kfOO/yakLYGgw1CkRXdVoRDHKANRWAmu5jb/jsW/IViDQTgmGUTBoVpNu/+JilgMti+ooNZCBJhux9uPJsIUtZ1J+KbIj1kG3QFXfMp20u1hUmaCZgOAKAUFJhV0ipg7jptVPVlHuP9hwnFjgyfejyyaeKtaFNRSEMkvT9GhNPkLKP/gGl5rIhZEZGB3M3IRyltnvlvjswO6I26GhbFFQgwpPndJERkpV15cjW44nhlU4Y0EfmsTtgXWW/G54+ZiDFAD/+q2vl80aQrvnObFdVVJ8/XKqFdcFXBkUYlUGLSFuPT7mmWLP9B0YR6q8zdqXJs5jiWwb7wLWCHxHjwle216XG5oXJBFHF48+2GJbnft4HCFwSLYJkzGkV6DEAK6ao3R7J5hyGaBBkYeH60lvqgNbI5lbUoBLHB1eF7zf9mTebJZ/DxUr58q6/bVvudkwaByKXAIp/3O3oz7oCScj3RIEtgOK3YWl2tpa2802bWE96lFzvdC/j0y6Pi7KFSq9m8+UZRreesxmBCaXS0v0kNmtvmEQgH1L3zIz3og6Vsqff5Ks2VMzhOlucnn1sXOfalkmA3tWRRWJegsnn1Db9m1RKF7veW7vwy+2j4UQuR0qWktcPGXp5JtnA8hP3b0+awjcvDUjv8sI/LkYPFEnRlW9IGwyJ5s4ChSOZuga0sKdYFEj0IAKexEYGnOt/bSQQxJMUiV/6ove319pq/BtLbwEEq33U9zP2KLSHrkKO+viqYIF0/8QigWi/3YSvnWMKkSErOH9HQ+yXxyA6fCju0A7vLFOGbBw6nNUkAalaLzM1ap8VT+aaSMm9P6bfWISChC73mjbKlPCKkeN/XP0V9j3KyHxGbOzxX9Hco/Lj3zX5pl/svS0p/bADn7Vyw04wpCoHpwKRl8uRAtH0+dtac6q3ApTs3skHChWPbxCnZUcqphEgMtT3VsMvwFJf32ctMIiskemWTU/wcZJLESDlN672Wto9I9GnTSy+ODTNAcvi83vISrcNRZ/ZIj/8oXpHcvn/527trOtR+g4oswvxdKs9WMKL760TMyr105dEU6ITFKISruEDJBZygpyu81t02Ucj5MuwuT/z86a97dWTG6/OXbEkHspYqtRcdLuODBo2Hyww9U/pzdJaJzEFP3+SxEAdXCg+PLYh02RrRtEDXUTJNzwDViiMlfebla14u1sruNpt15WMVUcht1xBuka5iB4ffRrMYmWOXGkgD0pyir5P/p12zInoa8jzFHw/PXUsZ/+Po0EHQPXAPy+abGcO3Y+6mECu49oEXQXjpdAfwsMpx+Zo8hFIei4vIbfkUUFd4uUqXrVWtcx9RLm3ECe36jnULAzo3z3k6aQtuMgEr38R3BT65Z3YtZzgPHQ37OMzDh1DKNAq4yxwbbHuAxJO8AjeIglSb+E8nPcFjG9v/DCT2dTiTlrnF5MZd76IwUBpvBiaBIWFoPTrBiQ/SUsVie/evYqfLXOcfOAg5oZpXTo2EyhzKgi9Oj0PnqZnVhdTDwLaOjCFdHLu0RryINDq88r1AIg+Yt05pl5RUBJogUNXjRZ4ex+TTG6mdDWXblQltCVJHGAmU4vKYXF4ikj0EQnsAx0g8bIZjISm2mjtNKlxlB4uabWfjmfUheb4w9WKcZ8yQxfRRxl1Y2iYtzUJv9VLu6ODc4QplAxU2hiQ87gbwiQtAuyB7DmQvBHoKBKyNWaaBcA9DzmahDcoegq95I4AN0TuXDacBkOAnyE5W3VQ2UBYYRoielSb5Iow9JIY1ltWhOBhHv0UTw/coJYM1f6RTpCn3Tz+8YWO3Azeyr45Aq439YtGKXR+g8f4cZb1DHtRH1epwiM9bGJ5shNYwnxVjcaOIAI85IbA2/dgPoVk/CYgm20JJFGbTKzgxaiO6YWIHFoMksS51xNnkhZUzkYhrz4ltSCNyXnX9w15WaRq1HPEnGuIHPZ0aM3CQk/1qUgMz8jZoctQ2WVT0eXFjyU8VVxRwEEJyKYO2mejmRgnjfyTJSqtNUyCQYcAa0nAdDKzhSkZtg4j/QNYLUgEjVuQynks6/lOHfS5pC/Ed2rsrYk5dmruRb8CossJt0AAAAMd1JnouRRTSZIjT7jwAvIqwW6AlaCk3RUM7ezihRv+CNm8KTXxiJaDkeaBg3flrjn+r/eb68qkPfvFhAvkTCVBQGhQVlI5LOsIi/FvMRReTEoJxBrjYDUwoN+Q3LAwDqi/Y9X/RrhquDzkPpmtNI6Ac07bXkp6/rEGANRWsS0uN6/sz3ThxBK2k9zLPBN8md35jLJNTkbZj5JEPdEq8aof8p8bcqYG0dkCm6u7atjfiu4XlwO3EE8D1Bz/XTYHSMGxs3bY7bkQvWk3Qn3PiKYLaLW2hHtHmrzpaQv7pWy/SN/Orq143Z8855htyjoPS53qHXWRLX8+eSWm9cfMzrAqFw3v1B/5TyyVY0t9qCGxCjpo/1Va6zdRwkn8ocyLy98jsnTyjY8MAoh5dR8EnxNIuxsVpN5pZU6PyyH3QcFc/0qSSNZ0UhrsjErNc7/Yzj5k2bCh70+Ue7WLzJmQ5MbbpoAzjQulHjHilbtSMO0H9t4yngKx7LmZFacNXdIGuobMsve9+a8t7N82laKtIR40h0WUoByqOPURDsDkw7wikU9sfL82x1aVh7rG+QwjDuRZLbdPxkugkd0v/nmk56VQbw4/cEdVc9zOwWsRf4h+VvQvz6XYGJHLGLRWwMIOE/i0L/0jZSw4J4YyjskHT96fjG6/eksAM7vvyqisci4f9CdA8f2Dq++C+UXLrxEEf7vbmMY0DAMcDgJ18poOCqiTu9DU/u7Lhwn0T/9oOn8KdJccWWCp5htuTqfSo4JqCHVAXNVGGgm5XmXLzP7uB6uHCF9Ya4i+n6ZsGVW/s0UoItI2zoALCoxQ0ahG3Q+trQHHbIsc+mIJD53ahb60QVViqwuL9fUL2wiePTrqAbFu3caYOD5bnfMvLP/alvKR6EC3GcjmDwzPwvQKmeGLpNUaf9zH2grt3udsuKoljkh3lYP42mVPWsc0acYO8RiDKrSpwBRvntsyFulrl9Xs/qiazL/SXSPokIvc4+OtPAowu+8E4TsnrqBeHVHwbqKrN89rSSjjUmZ4bAApy2nWp0+xitZNtPls3aFSPMDjHK1uNqId9yU7MsAd5EKc0xqL49yPcaERJeTVLumxrJ0m1B3nmR+C83cU6OowjANH5HZKuzO4wZMpanmgL69/JGEPOiRNDoHBaUb2rYNKKeUUtg9npbjk3Xc5oz9ysya2oRCsybAss1jOeJOhlJRLm6y6y/rFh+UoLizXZCd/CtrvBqJN9BREIjIXfKBUNhVgF0gKX3CJVq19CDcfH+vTOuovdTeJnGQPUcfYAahiF8ISEz0xS4FyLACxSiJKvcB2MHKcOcxC3JshAVEXKQ8SViC0G4sJ/F1RiKiI2AhoWdj18be3iEn/HKYBuFuWD7vfOZqhDA8+gSYpBEXHO9LY/LTYbeFpZmz6VcPIBQ31dp7HUT4tCeHQQka9RU5UEnDW1J93lKemV6dsToS31doVp6/ZmaseSj9cuYibt9+epOv04yFK7JS3uk6vVctfQhbJi9WaKLcuiB80Nrj6FU74iDT1Xb7ZliPLHWcBDOqE4B9yXWHYTm+zWhEwKCKf0HEcDsxPvx7cdjJcEK6Pos5Z3RsbGhMT7nLsrerHRzxhv5UAwHEL6M2OahJPisdD+Gx0bb/AgXVBMF/X6GzuB0Pb9AhrXSOhQYbbRIV8VS8RFvW9OCGF8wZhrseU4bLADUbsowX8EaWH97yoGZX44ujLGSbNQorMKlDEcymbhuedK3bqxgCzqHRe1JdCyX7rSYpbY4H5fINSMQTEDxHCftsPkpHvP1Am7afNA3Ikl7w3Bdnz24vY8jX0I2GRsO9/iJHxRh3x1LemfSod3DHdP90oZCnVGss34p8ep12F2u8o/TjJR5QgppDpRgbXdXjjMzV13KXeSKfNGPNLIl1quQU/AVGbz70CZZg91lETVGEK2R4NNsFxesz3YGHyOFPPIW+4gk8/u/g1f4Z8qUflTlfnnPAg6qKgqdQupWEM2meh0FXFXSZq5JFIqXkRJjl4Ym50l9POBqOLj8Ss5nJSOJ2OwNJRtiNB2gqZCmqUvOZK6DAFw0mSSrkQa/9C1U+O35g0dXxC+1Sg1pLsfEJHhyTyQEfVqZRvkM16gKtP8ugucDYA0FW4dfSTt5a3rZpl32Vh5qVroe9k1iy3+Mth0T1zbj8pKcni0rJilOotHzwGQ9AREtjNpbjrzZxGYsgIyviu2Or6Qnp2O5A5aRNuNXQOIk/9FF4YC1L3CNx1Au27NJ73YfPs4v6250IyPue3N6OOiXVRIBKhPbeTTZLM5NrNKyBPRlMZuTyQzzJDvmFBP2wXnJ3NE4z0jPeCTEeI04l9MqDBNZBxtM4+ax5PEPK/bGswmPwwoiigRGAP3TOQDpXxeugASC8AOkn8a3DAvK4W4kvc8e/o0NmGmG5ErZsbxG1umn29pm0tevVox6IGVang2q1QJFpJX+3frvcroyHZHzq3N9eWqPP7nXuF71UV36kr7i1+c67VEliEzfFCp9f48mGxPm8f+G6snsSGPyCke/P4VWpuaogkOQ8gXu4UEkyGAEmGFrdheO/k3tc/Mjh0JagESgQTxmTNUpn95AYGorztX7T9mSMODHfLqKVHJ+2VAJHCqW7bzyxc1uv9YP800DRB2pc1sW4Ps5iPlOJeygwSvSKj8lkNLb/fqi2gWig/kNd2CuSgYmaEVFT/naMnPWWhhCdrQZxnk9WHa//daGrWrShGReP7cC2xsy0bNG9xVNlSVFHlLHidhpMP4IBdH37h5FvEM0AsCNsWuYy5DRfJVHkIlgK0XlsNbROnmhXY/wFZ7M0s9SKENW4upzb/KTt8rc16h0EGNlPA4tb/dQaIGUoQElQ0Zg9oStVv7PFWiIgDdRfUltC0PZ0pc4kqi3DiYSoKhdWeZEBEmoM6FSlg4pK3ovehHGTK71XXyxq/J0W5H01JJ8bd7KQz3urQKdpsUKmKvXZl6Z5c5zoTsESZA1sn7JuejHfupxCbxx4+U818cOIwzx5kczaN4eKQHBMatIdagBP7oKVcwEQu8ycBGHDMnOTZBCuI0dAueRQub/S2ofqV25F54l/7rlPbROK6v2PcN+f3CYtFsH0eAOQ6cfH/Tvpe12xfiQKWfAu2WQb14UMD5tYkKgT/ajifkOLN9Ilm+4LHFF6Ajlz1a5XTxoIIxZseMDD4aJYZHAxDyozPxE9MxwXrw8Kercd7aEtKaoeZNSqLcT9H6QfCPYoY8wAmHIM8wk6gJRKE0A4OS13CqEUNIauoTRGPqJ9twYzhDMY6VUDJ3oX0VFRbb0wos41SQfmxH3Cxv6BRhs7gdiIU2GO8qtp9Q7Pg5dxyLpP7hgt1oipFTBglLBxJ2Ew6u3rPfl+iunjWHsljvJbfH2gOdCjXwtB+FkWVI0tZPKzIGSJqrzc8prQ/ZJTSxZHT+u8qb2MfMGwbRAl1rxve9Qqa89YkmEwvhb3Di0rekUsmG0FX3E5DtsDW6boG5But1Qh9Cdgn5BbzR0daK/E5nNteJxySeZBXSLOoNH7aGOJZTgNCY/q15WmkLesgs+BiTu8Va7i0uEhO1QVuhmhOZiUGtlEI8xWHI1IMI5EbZ2pBq2QMZhlxLyeMZCkEVyl5wOb6SIwPZl3hCHeRYiwsFGHSocAv1XsHfaTKrFuhlRTuJw9VkoQjyi+EofkaaiLzOG50AeRo/kaJdeUjTGpSew7I2toykQy4XV7snSFWWP6qFrUePeVzzUt6x0oPM+D7ODBt4ocHpCkfTcYc3V6w0gr/YTEd0LXoZauDxDhtxUSjVwPRWNlXTsAYF6bjS7SjfWpjjyKWhXK8zE+ERv2iCR5KFg2rH+Atrtz5uBkQJAlBzbJ/Xv2RK7s5WBQ3kankI6zrmnNY1/wkwHDRx3f5d7bCswh0yj2adE+V+uI/It0qEavOWNcJ7DE32cBWd/dCaiA8A5l3QvYYqPyUlIwS3/OQicPPms0Ys0AOQdlMKBp2b/B208b40XvI23mofEUSH7FtfnDnLudcZisRfjmFtteXsDiN8M6o0P4aj+C8R+cxGQslLyvvkvdbSg/vAU27ftD+xvm+6D6c3tYdLSju/uhcXeFW8IBplHVCrQ7IeJwZUgmXfYJA/jc44k0UibzrJKNiIbekogir2DZDPqG8r6DjA4SoZ7lkcl6q7utGIukRHONHbvm0quLCd2pcS285UiA8r8lGLkEwSjXAuyXYxZSSPi2Y7PH/RduUJgK87LN1tD3P0ahQVXJSKGSw3qn85+ZW9PQaJESQKuGwp9vGjfjSxGgZFbmi6LDF4rVQBzkH2zqvPIEeu7HU48mdOnn4hVX9BTHTHgow4ZuGoTYPodsqZQcciwd4MG1GXuhbNwYrzF4aBncH8iP2Ha5uKSYkuvncf+wmtUv2Rgcum5a3FKJgEJN/jEFnj/KtCijV45V8SJQ3oL7iQts+5VX6uwW6FbB5znO1vIlkHndGnpjFSdvn9Q37kd3zDTlVZ7DYp8cEjh0wgSCLdfXVyMkqk/IUAtQgZF+i8KCoSEihssvSEp394Ftzrus2Mc995JEbsK8IVLR+PuPLX0/V+fijKgnqWaOVFrPEFMzqWlMJBmupRebUllOxWoWU6HfX66D8/R85Duj0K+FGmajqje9afG9SP8BRBFGyj18cUvwzWin1/MELq8Shj5CT7S8bbONMYwQskKueNMcPp/WrAAtEzeXhpbZnKuolpqXaxP8fAK/NMbT6w2fNiorGUnmrizjEEm5ciS6QJOAp3POlB24wc3ODm6Lf/jnJHsQRwUNOeYn+kK5uddefeVA4NoZSjhc7f7JMIlXgAgtwaZyv8Q55MvAcK+2yKH9+WqCDyL8S7OCrdRfeDnxhehXHuJPUV4ikFAhGYbfdWzg0snIFIQ1rQrlAhNVAqrHjlfiNK7g9PHsgEvSQm3/GA/W8yXNhsm/OLzx7QQK0x2yT/YijhiovU+vvmznjKMSrD/QK02LXA8CKwFbazK/L7cpJghHS6MFMfxAJ/qcK9ihinuls/HewPocEaLQWDLA8r85IE5SODI7J+voN5rCp+DvHXnmJSDs+ABmwbP1rEcWjBuqr5GJLXpHLDyRjTvhedXIaXszlvD7c6LitbTCfmuEnwjXglS2AFT9sMYypHhmFimJ05ZU/yeSXCeEtWmplU3FhWhoD07v77G3xcFXHiO6AG+tdlA/hdZHTwPqncZGBGDSKxjQ42hkAKPmGsUCdKme3aY7hvUA+XzGS5iBwbWod9n43zgK3qqXtbkREofHq6OnIcCDA7PiQPnDCJrZIxiEsntG6RWWzDKCagmXqL2y+ZB80Ut1GZ6Z6Uud+Eh/2T9yHkQlgPHXH8qrJirE+BuPSnJ1AF7LFZHEw2tWot3eUUoIdOrnCujAgQSBBg8xGaAO/4qk0LvJDjhmFEYFHZI1X5bkgEaMUJeQT7RsW1MECT+nQjFp4YJi2BkHCGtV3WOQRM+Z1VxjeKj0DPvAFQDejQuzSlIPr9yhtYG4UGhpHeNyf8Ch4UIFZxyyOQQXNyQWEOGwlen64ZVNAsty6MkAnzCjEW1QH0E0Tf3aEI8ZcaznrmfoltmQ2ZQGlSeuH3p38lsKEa8OIce/t38iSQ3CrjIEseNhPb/pqdvzftKeIXr5I+sy4IBqBSe48vviB2TuDex7SPHw3AxCfThZj9d+qSShSWN8x00B43D9sT9qJz9tczUMgfPQMM7aaYQNi7d9vMrbaIE/K8Eszdloz9CST/cfYCztKo2aRTp497ZMWq3/fgfcZT+8cskdIKO8XLVpwQQxiQJAk/L53xgoIc19MJ/ZmpLe/IliAjaOy99d/QvZp9Vdpr76B7OFRraIURo2s+QbL+GxXyzBeMspIZXEz0J0hQFafzju8pnGQpdRDlkjHY15rNlXRTIOc8C9qyZgPpbkTWMvV0Fl4ux7j4sZuuB34vmOPmgRb5d9jK+q//oiDVXrVLoZSoiKcPBBfdTh3aBt3i7eHd5P7uL/VPYr9eKAXQoWRGR9Djl+DwYGoaGni42oKW/vxdK4NpsRZ+NtD1R75sxGS2VoG3Cu/Zvrf+oBRxiwtm0dO7yIau0CujE4EMlZS6JLbSjvv4gV5qSleSA94y6PZoS2YmNQSiZDxCQyzKVcXX5lzuhmRncNI2T2+kC8JYGbZPJ3I3H2RhLTt+Bd7p+skO71mI+rpKN12EGiAlYSaeTOu7KEzUqsI/gk4YDz1ZF1j8dnafEdq2uk3rRSkz5Y2dPul8S+EL+kjpS/XkPicC/zmInBanuiRs1wKo70zEhsarCg5mqeUTLZj20XgmqlYGwjzb1YflMRNlY9gXFpvE+wKEZT/KegkT6r3FWJp6VvSol59DT2Y+Y838lvjQThNGH36VyzRbjBCjBoKbLyfOKFhThQTOX5Q9rb0J1Kvi2xWMZIpu1Fru0cFGCfNECqGbuZp1T4udW7zm94NWGdPB7nWBic9iwW+vUWtzALZf2v+wQUHVCkWmjsZGKvvMazQkpYw+vh9cWm/rVTwGySsUGMs1Er+Qt62/g2nM/GcL1W+ek/BfayU+qN2dWJ/cy0M5Ojueaub9+s+ltgs1eeAjuahTGh8ZOCCa3XIUSvZOqRBRgmJDPwISIHme6Wy0EgcHS2ScgUEbnbt+/oQZGSDyEamZL0twJdF/19ShsbGEy7em+WDeSN549IU0MU/UdrWsAExxQqMqcs68jtVdLpoovSA5rSKXlKsJNInzViC99Y0LfZuVB1MAwEUzDnq1Om0rYANsccSB9FfHfPtcJebdrO4tr6WoHMfguaA3Gnx5SE4hpvt+PXn+CStEqtDZ4ghUvIFGsW8knCNxifDGbZe7Yx99fsWrSITPruSBF/ioc+ddBpbZBy+zOOLfT70mE1f659ffpjnJpEoXYVe8TPf0k92oI4F42bWH9UPZAcg/eEXDfRvY5KjpeE+6XYLiFSLNy7TXyyson1BAYeTTqahY+/796hmemZDQPk79ytH9fvdotIoHvcUmkT/kaz9zbz5Nje3ILcku1K9bsdp4jhgAkp2Mp/ri5udnaIraE42tDq8VB2ZnSuDO1H3aiw1MiW7CTGQLGXZKln4V3yHC6RR26nJoP+ljGWuFLYXwpWd76n2/LVGd59KVbZmy3U01w3lXiJZ6+3tAGaHmEs7XEc3rbpAr3T98k2CREcMiWs7RXNuJp6Ow434h/vkDzRkwdbpV8IjP7GEIkILbakbrYWRsCMjmfrMd/Hp1wVYB3jL/w/Ns6POIXoB6GOQ3ArYuBEROz1EKYqiG58Cj3/IyWGNINCELq+yaDbMEHsvlg3hqgHc2jjll8LtVejK4p9MVnPYgkiX4GBpRciLwcqG7O4mRYVGIi/PKCofpJCQ92n+fvTLAYdavC7VjkjYuHMb0FohhYZYTEenCdSV5irz81tH68sQXp86thlRXjPDBpMuUAHSTBBw88zETtUFv8rKPc7aa5fYD1CSzAontR13MUQwqHC0/QBqsSvAd+JYVqaoRbl9dRnu1U/0JpA6uBBJXWQyk2qR9USZsfXPbad7CtRBRVOcNhilPcv10CuZObSjNPvwybCAz1kdx0D8jTYVLtdaNyGbtcw2C0CA83TmOJDtVMu2x4FkPfuTU7IksvaNt6YJPijryB2sAxYe/GaLMnKyZxRVJmXuolgavetwJlRSzFwTsMLMcUQ233Ru5wEdSI6lftWHCYvst4MB39YAtCI8wcsfiXjbjQaVegNrnw52Wy9SGr3B1+ciMWKbNLuI73QjFn+OwzS9t2DUTwZ3gZQ3S5yzGKmiO3PMPW7dJPW3g/XFwYWeuBel8UaOWlFZEOqqlDJTPTDnZ6BdW/aglcHO9PisHKzioIJ+6lDPDQO2+Uo245NL8UDFa0QCiT7a4RrYLiwDBoyKAM4EV0rPzH2+Tgj61hZlqXaitLFiIs4Fw6uEVcDOe1vOROUjQg2doJWg+M3P9uJ6EnNGFAtcogHdR/iF1SAZDcNX/ounRRHKim67j2p1g05E4v8FcXlv8EOblj/AhUdd0AQQXMwX9imNQV6vkfGdHv/RogAAACHlWpRz9fHa3mBej9AIzHe+w2Odm5rFDqc5mM3PQ05J8xEnMPgaxqekJQKEiDN1zJ6xuf772iLVIVbFQ7foFQyGCynwnjFosW8JmpQ5hxDnebknoJQOV7pib5eB/ZjaAglUzHYyerJ0JFQOrCQaTMcHjDS8OAybjeIwVR5NteXeuBQYiGi95QnWuULdRhoBn13bSiAAooItki6OIYMUfsarv+DWerHsf0FhfSDbAmo6tnmMrTolvfWtodvDqRqFoUOm2ZmJpP7nn3Mey+IxRDNWPlOsyQ+0BAodgGnfXUREGfWgM9m3J2HtYgwvLC6cvytc0+u8StHfiY+i0XL1Ca5xx+xJVMU/lFC/VsHyz48PymWvsWC2oG6okeeLWo1iheNa6ghA/vwWebL5l2C7RiiPe+j+nAco61m6KJbxjnYHImk/ceTBCmOMrAPQ1ADc/Ug07bVFmg8AXQBzI9ICKOTbQi6d2RU/6nDW2AiTvrPiBNaHjK6HGABGTJDZcCPqkR7e2zAzEaqEdnkpJWK65zGvkwmJf+wz6YKUWEbTfCs0LQk5cKvL9113vkK51uqdmB+VCUI+GNF7kApYqQ+hAQseDEVaiOA9zrX8oh2/jbEEgJFSUTRBi3vU20vLfTUSYqxIQ112Nz177ucRD6XBD56RAsKYnoy+sUwfNyt4cn8BR0UQRdTqmkEOv6IyKIWJGH4S2QfJM/RyexbyiJ/iJDytqOnaAlsTN58tqwV+zoaS2FvujnQxNQjfI6TQbRwbZWrIBDb5poLY8xrnWVArNFsgHept1bYXV1QRidTVMLI7rQ8dbRa0UIyKTqduUNHh8CebAP4r1Zg/ZRgmW3Attut9GmLaGRmqaxYtUel0IP6MRPHAMjBqE0uIIcTVRI2K+wolM3NaV2uyIDYsQ2l0nnbib9WEHVW7IJ6FP1794GqOpFShAut8cZOoc6iaf7Pll0R9iic9Cr/nbK52Luie7VX3h7uTn7wt2qFqntIEqIjupN2yV0xStfCE9UTS0sLCwWsSth9GxUtHYr6wcg4Uc61Y+qOQl+YfqA4ZfGxZOrjBldcIGbooHDA7R+Qcjql4bpXD/OX9oIiTC6x4hKHB+Nh0E5KZh/K58eLEyBkdyvG8047hjbK8JDmFI6KHwuW9EVyBNBAE6t1l/CMZkKeyXHA2c24HNh3D7+o3we5nsvT2z8sdJYH+VvEW4fPTbrPZD6e7Fm1KuvD3KjzSmqkZrlh8YWKYy4vevIClgEp3pd0swscGVdr1gcS2Z+zL1ijnYQxIWNoxlh3saJJMqanoWI3iZ4JLI9ocernLa9hqj79jEJBKXNj4Cfl/kN2haqmclnX65fu2ACBbX5+KxRDvAokIWX2ifYNW5aXNHGkaoXX0PpXjZCPinCpNyAUrr+o3I5ESFgq7OfkxR0nrSwi44n5SnfCd+AUMHyR9tYfVu2+Uh3eZFdzBnsH4OOuPzj136jCu4Q1f1TTqGwloji9g2nDMfYj4aWzoz5LXSKKEnsccSL6lPjUlnMFpZu8zBX8SoQPy+r78w07wejZiGbGMdK8kEpZfkALFyi2H7Q2ZMSnu8RCLR4xTAih0OiQ0lxer0IJR7bWn3UaiBCudmJmPnLhWNPY07UdNngNLiKvLxfLJZNxcHpdGwuoHO9LpkZlMLv2NENOflC8rR4OP32Ijk8rxU+2HjjxOjuRb6SFTochf2cRpUFCJB8BJnfSHfz64b5ZV8szUyNWacrjP3S6VOqvBsTVKH0R81plRO+L1KBPa0ALQMzVId0t9G39uFxT/xwv1I+6FMN8ISAAvFYzy5C2f60JWy3QTAGVaNP0mrIAVRQmvil5juWorv3NJfYr0NGfm2+HiHaLquTe33F0TDIbbqPUSC+/QqrNzoroZF0E+CSi4gBXbjgW+VTJe2np2eK8hBVh8MsqKZOCXQnUEUZeJq55kMMnC4bAcj6nrv6oOVDD6lrUbO8fTP3hFFupgNHtNS3GDT+5nwMMTvA5zfgZsHna+VSg0YuHI4pc14b+Zibl7NkpNVhL1OX0fDXpUH7JCSPmtew8BiS4q9AEwDwXJlc3DrHC3g6veU8nO7TSz40zL0F8LTiq0eTGx2wxcvrN8sEeudiOLQTfa41DiM3lpfd1ks5HwFdZnlQXRobTmu6ahBoYeVcDIQ8BJz2or7UulcokxY/Z2+RstXIl4zSOev97qyzWiymaGCB/3RtKV1AuCNoUCu/r8nhI8znvYUI77IaRYVtN42cO97i0ug9BXvIrVqJZ5r79cZ+N9MDs6jNCK07S9xlBmBj26kBjD6YS3SA2BWVwPt/FqKts7E5JQCZm90Bv6E2LsMtFwRKQ/nS53N9V4jvAUHJLtY5Nd36e7YqQLetTCKPXmfO72lGB5FyCb/evfvoLNyK3Ry4cNWH+wOBTMrY9nIGNmlosU+6jKvQnt6nCqFdHmQJflJ3Hytg+Ukoqi5UaUmJkW1G8elvnmxP5c8ksNRx83WrrRvBFz3hwHykYChYNb2Zb7q37ciwEYppJQvqaCTZ05Lsl7c3DjSOHDXoGXZbqZto4kkaIFzZKZvSjGk7mwLWabTBwJjEB/6PhjT4VYH79Ju59Sqi9LLnoPHQuon7QHK9qFFdIYgcAbVtI9QJkUccXN9Tu48h9TpbVSrL7bgoXDFniiaX11qax1HQNOo++sKulQeuz9XRqCEvd0SSSO5aZHtIifIWF/jQEISoxGioxDoPsy6X2Xwik/uUCzvPWUj8rcOvXTnnilgBpjn62Z43Z1KDvXQWvxBUjRM0cHn9FNof+t+LwAXlpfbMr/hlC2N1421iexOk1aVmVos6/PvvdUCdqQx3dOpqv5b4IOat2Sp0wqXQ2tUu5fBoX5rpxjURIw9XltwX7hZEKHCLmYHaDm5fuG1SmIjdQGi3spZsYr259q6YtKlonIpKqnEuCyl9E/uUp1ZDfg+XND9TocN7Yc4mq81VZ5Z1KX+FLmXhEC+F7Zcfo2a3UDEve6+XhXV23Gn0k7gDxxicd1Hqy6UwW7znHfrPC3s8S9pQMPm5H/G+hityH8P5eHf2PgBWOhi6tc0LacGwRKYjYBW1Vh8JQy/pmXSWBYt0zmyqE8EED3tAV/cavXNYqJMyBwJV/OWPC4gNZyEK5wht2T10/znZYXhovmKqEhzVo2wK6u5h/rOD/1PdEybpaDFiOpJfmZURbg+ZNXCk5Ryrpek2KqB70qQV6DcBb9SP+nRSybw3QeCEUbloFESdiHeqbEAOwD4kOuPGr8IYRmGs/FDECCe/GvIGZWN7UeiZm3jf7ZODLFeKVnsEG72X9RWGWqOPx6ozb4GeHK9j9QSEjijk8X3ebcpq+frhuYH/RMjiO+JgVowKQyYMIYnhpphMEt1UWHYosS2Pxr7sUGu58giTUpm76Vd8u8N0AtX9TSu10/3EtfN70VNtKzw1ahQj43bDva8dMPRO6Ayc574VMhpk/j9FWwj6qNOQJZPgCwIO7lqJ6YASrdItXiH5uxAymevBX0nSoTxwCNlOrNv/ybeNNh0yRGvz43CUqIQjBTQbzGkUlK343/+qvgkZImTez28mTlKuWDnFRyYVvhEV0XldA80wQNFMF/G7MKqrLlW3F9joeA7TOnR2vf1G32Dtmm8kc4AY2wwKV1vYDRf3EdYEA4Y9bIllcxM0rwC2kmsd1YcjheL3ko3Rhg8dOmuGXIZ3ASekXiMiJUzaXp07/0eHIMDa5+ehoIbXnNVSyOK9+sXm5ugV2Oz0N6vT3y89hhJJ9xepG7WMDczJG7uaVjMtqSatrvhcrtlQGqMZDyyWsdtcaeSwqZPMGmAHw62VKzHq60vUWO/wcY99FHYGGUs65nCEm3yuIrFEV280OmtL9U+pv0poj/TGzbF6/rxmHruamOibuPvc/C0G/FMTDLyxWYHmqdMHTHBflDRSaxHlFHoSvWLhwsOl9KatP97v/jF5NYeCyHVDg+QnP1p+Eqsg6GrXr2OUM70ftkNkO0p6k1bALCP9kZANqw5TDL6npaBw5khLAwX5Dfl1QdHQdMPiMFzT3lEOoWsZHxaJu7U31wD0f/lJWXAy6kbNSZ30b7WccNt5cK9JqsbjQ9Uv+LE+dOP/hJFgfian5W2Uy2bq1x+tNpmk5oVUkyh7vndxubjLdWR+Ar2Jl3m9Z8ThlhE60C28Nl2NXkqzLoHIEqEcsn2Iqfo4lQOEzOvUStJd7BU86NempMqOj4sQHABNRi8iX55sdgW2A3/8OblgegCsQ8ngnnyhP5/hf6lGOBrv9BzF6bb7iNA1wR13CXo4R2QCuf6cPlCjID8NVMo9+wHoXxZRsMiEiYL4ZZrZxA/FcN1ceaRicDXPLuNLzk/BIIQQvHWjbKSXCvHNdnvX2HjKmjY8sqfProIqnD9QFv6GVoIuFyJm6ZbI3wA1H5NXJJE/1nVlQEj7SCvx5mIxxc4XyxAH3EODWoAz7X1gub61bg1aNOd9Vlg/Aop/jvECGhAHBMVJsavrwjw9PzdT0DP1V8fyO67Un89aCD6lM0hUq1zKfvgOf/pEno5DJ5kVJsbz1JPGD4cY+Nl2LxXJ8yDM2E0wklcuhZiI8BggbhVPjxO+5LyojsxXQ/IYnpY7bFQeJTD6q4fGrlC8Syut5c3qHJvK6NzXfC/WE6J8/yHGnZKVrMH07CtZS0WeyLZL9zCvrCYu1e+XpdbLiqIQMOCPX54piwrH3oyLzZGRWyWf3vtKs4FweoOt359mX1eLwXhK5LJASMEO6Vn05n8tWz/P2qLjzjoB+b1w8H0GNsSDB/qbp/4QSvohRxMRl18BJQppF6coNtMhWD6ZFZH/bqZuQRPulKGDTYdq/FScXNP78Y3aR0cAwtCtsf9nv9KkNEQN3kj08yQ1DB3paqlESD8M3K/N54XcMsothcUKMt70+6U+NrDHSlve9dx4WOMvP176Qp5NOwJt4dzf+whWRBqgethEo90SazzU+k0mR2ggp4fz2Qkfef1z+LSrMl76c8cpENBsZcQUX8vPIp2TQ8Hham9zSmyXrsPVV+mTalokHUYQiyeUd3oTPtatiLbrzNgL9kN+ri2tfKjrOxCHwh4axJUKPuD92X/V2MVOThB3vNvIvCdT1juP+Lz/WT3N7ShyG7oGhbdu0Ybe4HKdnwiPKzTZlbzkz2xFkle2NnKrQ1xXWXTBzuI548DU3NFOZZrzN9Gw17VULJXphJ8HC7Bi+I9kMpKPcSMWMTv4w09Oqq3bYbTXGG9mKxdia6JSiqOfA8p4VUlaJU34SAPgAEeCRzkqBRfEaUYllswm4+c8uJIXQl5PMVqXB69cDQtaqC6nS8P1UCbdvy6qbUiTpu1qZvgwrKZU2TYZdAA6y/R0/zCELCMKMxgpHQYuYl8Yw4NhHgH8CYri2lmxjf/2GjlV3NG7p7AQ5HHv0+xq3R4w/qOuUtMHPk8swLjDLpjocWairaV4KEFL9Wg9QDuBVDNPbOvc8S54wkt+wkXLIgpcc1htwvlYgxiDNE8A391NEIWLvMi/sU7bf5OTDP9+7F8tF3eq8b42JVbTh/9uvgZ2gqhoIMP6GN78NYNig/9ExjeJr7vih+bNNcoPzb7/u/0tIyhnlnsWTQKR8L60SN/sAAbZ/OK6jUHOLOyGohC8VZFDB3PFJodkIhjsE1msi+SFTcJSx92PbjXJMNmSr8cq2rTHDU1wy5YADusRtWVo/y2XMAH2D+IeBdwZUzgmHSIAXGiz2mgKFrTU1VwTKUSaBANsKt7C22l26V5i/zSadEevPuqfHqVcQqZdEdjysPD9/6s8ZNmGBA9yieBZwHMP429Xmh8awe/k6K2tOZFh5v5DEtE/aEQNBg+uFqiZa6KHJ+4UuV9J9vvgn20KcZWzn2rjuU9ubsIpAc3mI9G94HpauCior7VXnmQNWTxDi5iiVeaDfPtzrGLFsJBn3pcuCQAs3sGM6lp/9d4yvADsjqLPn23fEkFHWogTS85kPoaKnEKbnzDfPuBooW82efAiPreYhBYzkTRKLzN78uNvYScnQArykhRlnULTaw76JDt7o8Zp8mcq3OXTrbK87XH6JNu0nzxqYsCw7uDTuxQz+Se8DGDiWNF2ANxI9dcLRGWO+Gc1efbHaW7eSduHwnp+mVXNrF8YInjIEiK02z/JU/JdxCbQBX9rniN4XLBdGFE3VRZboQqdRkYVijCfHnJC/G0lPVTUlZp/JqmuS7InvLEHSyhWKkSWLsR9sFJqcUv4/OJJQi9YxW14rVc66gpwvRpw4hQegE7EWf0+PwPHRTKVXPl9z4zqhXVeY7APCk7UdIw+KDztGjIkX9Kwwvu+9ixt8+IQJuA9ibbEBaPjJK1t4sQhf3n+WeR4hfUGaI6HfxCOGCd6MLAeM6rK/0xGpAERtcvz+DwZbRpWRpH6ybiAUkYO5qE+7AfmJxHznwbO45CVl2ukDrHq5ardpVY1bzbO2jm857afAK7+hAaH6iscQQ+VIWp1VV3GFWs8OD3sKkoW1+NLkAQyTdaIqwYnBeJtA5LTY2+FbpQmThUnXQT7dr75U6JK9TgNs+cAKJZlQjI3Daie/KhWhghgI0L6VPwnU62WyTUiffR/f8yr+JXqmkB48AWwS6uD6hODBmw8qm0haG6ktV6JeI5UYWOTcMHnFUlC2syjZMtqNUfJx9Rhen4+Jvq3L+MeljyFLClv8fE1NQSoB1qhV6PZ0g4HQR4dEAbCd9gVLpgqPTDq9fNkHZBwprFMkXcvFGV1jQcMC1XsrRCWTiuUkhf+cgl28tzBb+0qG5MWhMBK91voKeSzP8bj2+wKDyd5dO4FgHw7fOxi4mkruGE/Yw4n8mn7+c/NeXpl29fO8i6dY7GWj3n/PkJjvCMDSrFkvHN3xw4yx54rIqHC3p6FtkSAFao0dlhks8DHSzfi3Yf/yjqV6Q5Yp3gOV+OlVzkunS4nAlVzno/2IoRa0UV4Zr7EfjoO8hKX7QZDDdZfANqBnDL91h0n+eLyKxJZfrFpXIrKvb+KV6syw0XwXRYw8t8zRIW8zC5DzRfi2piMCdji/0Mb1NdJ9Wyj40c36o7Gfq6S5NMRTtcakf9FLKFZXtVwPTXoHv8ReLGQ8vMjCXh8RiGxauN5ojDInYyLYHNyyXHLt3JihgZq/hO85mz7jRNb1KcRWhhF4H2h7x8XCAvRq1eTiyuJXeX2DZ/+JL7usuNRPYbsOCpC8Te2Kl37LavS8dadFjPBq4xP2uB/49Sj9YNuKWJm6/bZ1iClXA04B4VBBgTqde7m9tqABR6tgxyfdS3HPQ9CT71BasaG/Cc2bQVrfzmD5eSU8YfntYTV95MPgoVSJGWzTreOz8c4ybZLCCWZSd2aJvI7wIxqjCFFb+TpspLreV5xT/Aa9tWBiO8gTlz5zpDtvLV20R3/qbZmREAEWKtswIOjYBnj9/ts0ey2pHpcRSW7BFChSfDzBOpE78QLo0Nam53Hzr4wVTDD+Eq84QNaoz+z1MiCdY+Dq5jJlXGVvMxzKYclCy5/lGIE/K4ArTuYwSPP6PSsa3/5JvtzFftJdHG9AMxhmfYCtQqvpGMGW4OYe6m/Cqx54rHJCx56T4Y+yeUgH17d+HIvQAX9A+k+wsyYJA8fwp2YRMNe47CuJ0H/CLRTNcGVekBHnrqTfJyzDfxJz7rLP1SyJwJzO1RqfOU2M/oeofsoCzSOrCWnPvj53jcjJbkzL02cmAtzkAUbNqOqeWLKVi4FX+if6JnTDp8jiQoIS+u9PWz66T9y+rcENHa+6x+ZYjJE5BPAOhsLZ+6Ld8vQDNfRYne6MMlb9+KcJK4KGoUpUNzZtXkpyb1PAS1NAICYpbbGtFXCaMTEkU4/e9+PyGjwOscjhjEVb7Sg/dsnCwGejCHQZO/6Yb6nTzNi6rMIifHb/zrANYG26vuW63sOxuZwh0tKy2aU87fGV0K26OOufglrUh1hfIWO3o42dyLZHEQZAA4wsDaFTnoOAawjwlrC6OoidUsutuSkZnUrpGG9CMq62+/Nsm3v+Ly14ulsnRGbvrbA8uJ7Sr20ldpg9KnSPX6eEo+Mu/LOa8SyLBARh+8vnh/5O5sySS5R26GWqy9k7LhmuAH4XPnfzDnk1+r+xMUsUrJ8fjtKH3zv++fLOM7SAkqPVwXTJYzMsUkwcApgjD3+q5/zYz9C6f/d58XsLh0tu3pVfVdKr6rpVfVdKr6rpVfVdKr6rpVfVdKr4wAyO9XMn+oDf8Ay6GWKRyuDEb8soJQE/NUA66qm9QV55R0EuAmX2JC1z30KVXL7CHmYiENfXwGVo5rBLbgQY/nIeagSm2JUAvmgq+KSOZS7R8SejXItjYu/xY7o9bcd5WAVeHkb6cOUpMgrLP9l/JYOjas2lE9Ms9lsuAaLIPWmkgb1aqrmdyVQKa4d/6qy5CwqhT2LLoFQS1jWzC39jK5tOStNfKoV19X1M0+axyF+uXblD8SAgxl6tXWczKGtEB3WXzoOCWoOixNw8/X0/8k03kEuJ9Qpx3b3k+L/ZmoNNiouL3jb28O/UIQPI+7+KdTXPuSJ6NqVdLbxCcCa6Y4U2C0Gwf2xwrN7Upfxaniqi7VOGW2k5GhmFdbcpfsETXEAZ4dg9vlW1+cZptiT0WUCuAH+Exfbb2rdcUZwrU/JRQ2dsMrKf25xn2+uXyrcFCfzCg93Hm6hlq3Jn18TfRPe8X9OtsBLgep0kon2nuRmB9X0Z+8P3/7vvmIdHyvdm3HV+4fBbq1LKQxuHYdssTPxgLFVuFZNTxofc9V9Ifs/ZgwOKJ0I9GJVKPpQQi/H9FiAzum9bJjtDdsqCHJCDrUOcaOzgPzyfGS6wFJsYVOH/OfVRJPjcP4CAfxlu3+35kIOmWBriAifmbRBadigCIePLwEwNfnzzAuj8hI8fWmd7jPbst4QbMmaxCfHPBnFFa1shR4yU9odxpMYOmzKBcKkVjPHAR+nS8ynUjhngACJVLEqqQXZudW4x8P5G64n9mXI+hKXgBYWuIw8oXKS33KCWzLdujQ6qtsg+TI6wLihFfUmsbPhWHRKglj/IhQKMGVPCsap9BbUH4tpT3c+Hi3FOR5Owr/h8oqWC5S6HmHFiQs8LCS+plss5ZfCdYqMWe4KSz3EYWuAxMr4ny1qqIrqbMlZYkZevOTa0cLXBhXSVWP8yFElYI/oBAelTSCDV//FrfAFpk0DHwFWT+tohxU+NqEwAJ4NmcmmNFhRCHgOQ1OH6R6i6piOaOhFxA7HolPC+Z22aXIDgzEKiIvekAl29662XN1jtT+eHKkYQiZOMSvFauouNk6tiaLpmLwGwUZ4WiwTs4m/Iv4+E9RBFm0PEz7jVAVgY9CKD2aAgQtWL5LJ+Re5BeJdmxacRAdFrfsVi60SaOyczUrIFuWlNLD6UfEVbCnTLyrTk5bbusbGlPUpfDfHMAu3FFQIr6u87O9PguuIlJfbbU6Lii6I9w132zH50o8FkAV7DxiVWNQiFMDG/p39Qjj/50GAIrwC3aFuwjtgYbfha88eMO0g06IWjj1iqvXcawpnCcK70u5dKeqyj8HcYEZgahkvrefYiiCqL7AHd5Fms5JUJ3u284RJwKdnAsw+Hl7CtnZeNJFZ0WcFsfCYrcIrVg9z7auQFD3H3X+gEEh31pOmVl6cTHeVLqAP1Qv8KyjZvQaUSLuk9rJVjxc6dLcb4eTZKGlDwYoadBqXt01SmLCRAUc9g7jvYMgKdGBZDB32H93SWsSPeZHHZEewcogXRxVilBXnzNEzWjC6UFm3tBcnL8PbRDs5Kl/vM9uUvcnrIlKyE1SqOo603Ner72sUluD7SWozRh1n/88raZrbrqQThBCvbii8xiKMtCqk+MhsbsgDBBmKY5lERmeuNudlUGuArwCFPPYkyPAHe+lU6LAPAgS8j1L4SmOWhJb4uy8ZHMFcJv1jH3x7sDkncUwHFN0JN4lEri1PedpjTWgGFbDIjXyBGAMFo4EHfzzllHMqe/rjPedFuldMzBaWJ8luujDV2YxCYgoCPkS35+cmXwNm7K5kaR2bWw8ymdYrHWpODBGknigZLhvyDVpKtuiha1oqYlcILZgvXqIfuVmar21e/518KVmUWWJ/K5VKUQyg0zf/hMtlepdjlxeJJ31CMxdat/dqkEgEfaxJ7yjbazHlRz+KgIClP6pp+AfCVNRcS77ZyULktMFq1S50lCWPWO2gAKtjhOLo0d2amK616ZFpygZA64OOWdtcu2FrzFYIm+H5RlywntJdMSBaAWC1ev6qYuMcwdUh4qJoRJVaefcAkC8KqURpM+W2rEqp2qO9f5zKSU6xsFf62s49qSuSBCMVs3KSapWAW5uEkiLxL4Aoe3d4/n0jqnAB/CSGr/XYdtSVHJ2B/PP0rLOxS1cw+lZSrd+YNIXm65ulZaRAxOgaIpIp/AwwZJ8zoCB70Y1d0huamhD/AHyisGTONsDxkBMiQO1uDBzmcSAU4fCl/MaQavJ4wCsNKI9bGgl/DLKBfHND7O5PYZ4kC5S1b3BzTIkTwaOCrL1gXBvnPxcxfiRgeUmhVmh9KQWZE6+9NSZRd8l98zJQJmmBZO22nCFlbzk0RwLTGvv2RKXeI02ABcSw4SefWRRoJFdLgwsee9/E6hfT0Oq1RBgkplYQPCzl7y8YEqap1b/OVfQvpIRcfwSCvN9aD51NbnpfkrQlN1sjpZ6lRtB81QLpKghJ0/PnVgOPdKv7fVt0c7y/i/jaHO0JWN0DY9yTuRXiEqj+meuBKwWybOr8U9ipLojYAU93sN2YfaaIYyDFV/LiV/IVxcXrx4M9Gy/BusyL9x4l+1apnno6/HLkdQ5pSVnZEs8rp1wjWgw/oUmaCxaYgqaO4wIhH7QW0YJAqLPaDxdel7UOTmNJn5Siu3ckXwbzFkAlYliH+sDquT9Ksilha6oze+iWAOc0OxObXEB//BrdS2jxeM9DE1eMZiX7WKilb93dobLMYArvp2ytYo84NgXuhpxrl7jJX5OKzlCsqf+Z8PJrQrehSXyZD7LqtanlGgXe7egmMZz38AxS+/pc5GMN+SGGruDGu8Z0SqzpstFVo+RqNtxBiED7mfj/K2m8/9V1gky0+wd/k4z/T8TlvbufH3EvJ4kF0DdykdBXuQTVbnH+qYp+Vog0g+5EVCT0Pe28A7IPgIAPm4YHCzg0NJVcYBNxSG31+wc/bAcWT6vSjLu3qyngfW5vLXGbR8X14Y+2uuYQfTyKJqvgsk9O+OWxk9nRj858hr9zpZLkkZV3+2aSBTdKcrV+HjtHhVvlYqAVImAAppy+0EGFcPxCryHkALLzDjqNr/A4mBYikGpZrOgOFYuDsIl5DuUd9lxIufmD/Vy1W+IGwyR3VmyLwhACmALJdUAnD5YtXXQkIN/68ekXhJaqTgIyI9kHonbFKKrST5WiQkmnZdcbyibKP+cl5celpqOopKP/4DqX3DmPdtpSneNKV/lunR/YXGTt/Q+UiD7qOlkZ+RuY1JX0M7VRnaGzuL2fuRO0d7q3RQKpch8S57ITlt9+f91w26//Q6kSrgWl7tU33Qpj2/pStFSGvXF4o5gvwJGRaW+OGOvYyr6ZTnnJiCwRp8fHdn8QU7bQQ/LXYAyYK7/QXR2cTKMABiAj/VqG3wqdEJuGiMGGlZTBHA2Vdb9aPmqtOQKeKskuxZ5UkVSTTZ4Ml90/HHi9+6NpVD8LohkDYgf5YbCJxSmZx9zOgoJ3/eanINy+BENm3DQ3EPQRaaYw3KwjNRz9yNed9KvnjKk2A4zZ1fWpfCgIVz+m8+P6VymOHR3VLK2wH1ftFn2GzyRmRT43mRIvaY6q1zxBEFPh8Hmt9/xF/jhRqkqCmLWvdBr7ZV8jK3z6X9lQLqjlDKDzbKfXcyp1psuEJvVb58Ut7DXXlSBmt2Lyosw0BJPCndESFFnkeFuBQ299slt7QNW4Y75S6I6fxz5y0WopbC4JK3XFCuiuHy+OKv46gUqRClDs5zhBgHOOrp9ab2b+EooMOpNZh573WtWL8CliZnOoske+zTMQqcjFrGJS8B+I2s+nGLXrIrfCyUTxmorIssjRaFv3oLeBHENWKkubma3oCeU0qp18IFwSA7z6TW9eAhAB3KQYJAZvpEko6YtNOivUIaHzcUC+xl0DOiAH9yPmQtM+oyaV4IbywiIsC3OMz38DbwBpImjQ5ZznnoXhd2iitSWEEXrjbmu3wa7HLIVVLc+NB3TUwlyOwPGAiPvIBkFNoxp/cPaenxSBzYOxyMzV2JTeU2/b8rpMP5beeYZNQv9TIvvBEyMf5kqyaS9JkNM9NPqS3DhGReg4IEjRe3KbIZGqFsyFMRMmOIJ1YmiYr4JQ2Eadu9bog9jF2LFLLXWHKWfFKT0a3kttAmhsSYWzk4mA9Wfx7CYnG8wUpLFamS8jFIl/oaUU9toYNuLnrvQw9bxYHPJYkd/O8xGFhIprop03+W39K7tPa1qmdYgskdaeAL1vphRijSEJDDj0UrXUEf51fYT3/4EvV4NxQLyllCWTjiqW1UuziT70X2FeF3AdMs4nvXlynOQqID8jh1ckWeSTF+29w17038/8t4xXnkDqepwQzXuS3h7fHSFy4l8HnkLnZvE8z9ENkgjjZW4lxzFRYfQ1VFv7jToDTOjsCqVdlbEg+lQIB1gNJuypoQwCcaJRyIuFUHmvWk64I/+j+4mRScrz3ws6YYl290fubISk5sFx0tLnDBkEteFY/mnE1QDsMDag5frladS9hftdJi9CCXin/RrXuJzN5kSWKShP+j6ccY6m/MovSIaMqdCUAjBLkS2M4eKFg/VdrLmUVL9/3FczJCr73ltJmdN96mEVNvo0sWw9ATt26zGqfWbe3imAo5zHz0On7stveXBfvb9P7YsjMkN8LlDRDv1OY5BSeGIapFWkzFz/Yk06GtuVnvR/PLmPpXd/lZ2wY+c3VDeU1nC+A4o8f+LXXB/Sj2oG+AvZoupU1Ma4jMtM4pdGP9wg3hJ2zhm5OctEUCOKfbgr0kVXh7U+f/LBAeuseuKOk05KwagVVqBTjbWT6ZK5Lkc9lxTpchyEos5V9bMgyoL/AaY8Hpc9MakTjcqQCpXKwxvwAFkaYC252NgPtkHwQYaYTU8d4XsbYNWG+PmuM9CPDd5BfMN1LVw4ZvY+CiDw8Az+F7vaPdSEJF0PIQbGeGEFvBklX4T8+GhX4s7MEH9qA/W1ueDVItV+CQiclw5wU0elIIXudZu0a+tj9BroEkxsDJ4xX7lnncYvlcCVNVh622O6FhDyIj3Be2DT5qVwKgUFqQ5sxVG2vF5tWcJN+M07BQdqOp+08QLaFVPwh2fiNCapu4AIUTb/bQ1MIkHstgvuBGKUo7r8kLUqGus0kKhr7sIhbpquwMVaEz573zqywxMUYXjLD+9KFk+euj37OoOC7ah8l9tK4lpq0uaLtgirEnyoqlZrsEiKfZf7TbWTYlHKt3V1Y4//WPKAQAnQMSTVoGHmDp3vtg3Tap1tRPuB5W23TibFNPt1cLzJWNMPiwP7f+URepK87Fg05cXzW+l+Qc029uKHS5yFHHD6n+5FxRKd6IbISekWX/givqqs9OIbhUMpWYAnZvufUu1jcHixhNYUZIm5lLk5+glAe/SrS9Jf4/GlRpCpE7zfY3E2wIHevsVo4LzOLeTwNOqkI3Dz6MBndDhsVeVOCwI6BOPoiOXu7Sc5AjD6pMIdu79+zZBRD8ziTwRx6PYmHh2zqNi/fOgPA+0k/FpEcPREMLXMSN/c+Fhb0Wb2lIkKKf1iLiItTGP7sCq7Le0zxxnORs8O7fcUriRIOOO2nzqYRYwqZPSSrslvjdsDDCQhsF4dlAhmUkmkC88O4Nu1tC+U2KMZt/r2eojAyjRWlzHWUzrW5op6a8FhoIXZSZIsuc94/DJkRxbyYyCi4Pq2ZRTSuh1o1tnxfgDFML0UgqyYkRlT4WviT0UbtOeMBbURhV8OrVRAS4jbYm+llw14iaSE6EtxWPNA/XpY9UYCLHVOZo74DEljMLCVdT4FI0gqWa94MTRGtF5SEt9lPmoLNAk0suYy/+frWwjJf7uUSDyivmslOK6XPgI4UXTMlcMxzGG1zlqOHOPrpLKAu/ZHBdKbdzVYHNbD1W3WL/UYXKwk5YVsOEaHl4di5gIJXqs/RkCbkT8X7oqcYcP5vDC9JnIvygB7aczYbFXQrlQ7+8tUYXwfE1ucvOJtK57zL0+ksiIjxlt/tW8a/ruSJysfWz/k+L4bFdiQIWcKh0p3fraTBfW9tZxZnkqFJB9XpQkwmk4NWZVutCkyZyvc8aHhqpUDo6zgi9bVCineJm7yWHQq2KB/fhbbowspwLLlpe5BsLvMAYo7olgqKtle+19fJtWBr7qmP/6782L1Q2Zc9smpa/WMDmhdWUDDcsThU37r7XEH3YdwEL4EDc6oR1Vq4ct6odqtUp73DVrWpMzFJnqBMay8Z67DQv0qokvbtS8WQ/CfQeZjphxSkb4fMIEFjfmSsJ3vU9yQa2saiF3+/LjbnP+Alg8GLTYW6u3gekwNnv9INUTNYX7Th9Yp6jvmMo7+encUkuyj7ixYLIKnrEasyPPrhW/ECqZ2QIFwvWXhlcoCjMeBNBr69reGYw6hQu0G0wC9fg4LcCq7oKomgUOvi3wzzICJAgrQooKycN+ST6Grab3mknmyF1E1IfazdbXfpykBPNnYkOZ2BoBySVaiwMzr45bPlr6SGsqBGQz52Sz8stKJpSIqlK2F5qWGmYqpR7YGqEhnr8u+TtZeMcwyf3pF0qkKV87l5KR6r1VUEcuXQ93Uc+L54l3WCwOOfQLNHfN+gp7HZrQzMrbVN1bxXXgA96d5jecSGIseIA2AR20oKmf8dZqx6GHQ4HDYQhFm/YQxkAnmk051Z8xFL8qcFY0gUxFthj2zb5Av9UY0HiE3M++0TBYc9+DIT+7b1NQ/bzbiYPJH1ffLNcQHNaXUEcFCNmX/Al0jUeCvV8tS8whBCx/9pq8w12S3/lykM8j/917+NYoT2dqSwc9/JHY7OHiLEIe+UpiPon5JnQEAM9BGDLnWPY4rfV/e8XNqM3wkXlARL6wl40dMXoEAqnpfJkvcA9h0yNX3bEadsLUrfyx27NwSocivwFXMbrWLdGa1/ai1TMGKmKNH0GFckFi77gBAoNYGlxRTKupGYbgpKQwjO/hP+6WE7V74u5UJt3LRFvrFv3XNWWZunN5WfJWnaB1eCW1lQu9HRzJjhmqY2KmngqXJUXAIU+4tgpFBIUwwlrP2UEzqIt1DnrF0p44ukzbnlSWPDxTekYqvVEb/Fx//qJBuVSrB68xvp5B01BTmadEIt3DwWI6C3aXxLAsTvShCF/Awq8MckuFeK6o7ms5m6epGYJMIi4SMefJRg8LtqElYlaSpfsAbBJ1ZvGxNfSI2Pzyqu3CT/CPyt4c/srDuDHvGOwWQPyb/ZoFQ5bghDsdL9Py72iAzZDYwO8e6goNsVruPdWuX92oO2vi5YuJxewaVKc/t56F2NHtakNb53ZznhRX+7q8PTMSMP26GbMPvvf0r/46xdxgqdq8ZsCGMBuEZYQdJ6g5Ts1T98qf5BnGDjxZZhGBlavSTMOAMJxDnttNgK560msQ9J/AEGYfEUiOX8gneT2GUHNBaCpSPYm6S73Fl+IklIkOqEjGt82XuD4ExWmAaQ/2fF5BJ0sz4qhHE5/HhpPECzCw6JTcAUbyEFhWi+PomqVVKayusu0Gl0uFTlueTkNOV6dp7EGiPUMl2uicjXOO/3V/eR2JrFx6yEDIsbOwOF3OXg4QmM+HjNSHoZVQkB8BB1Nsj4tX9FxLvtdJX4v1x78ur9O/DLWa0wOSyWysSbpbhZ6rBT+zqPICee4YLmI7RKxw1ydVaKnHNDu6g9GGCS90mAnudHmeDa09ldb9GGhRJRYrenNGUNX7+Prks/CGC9RxB/9gj6Ixv2Afw77fgqQcq1T0kmhI0POu9vr0+MV6IqOxd0c/INZFVP7L5fWQ0xEAsEFPOuUL/Xpp7WfDqzZ3ANrk4Ik0cWMcS33VvZw/J5zAV2La4GbeYqndxr5HCnfTwZ08Lp34ul7YzQRx9MWFCiMjKG/ekkDOhbMgCMoAAAAAAAAAAACSo+oIih1uFbXR3qvolUumg5NADQVavj3qKljKFl7gs80TV7EEhwKFKbKPfx+Yr8gq2HB+Pi6agOJzZJQnsKo1U4o6IL9zAk1DADqNluWBhqWjFl4bq7ZFYxzJgaXXpOE6QBY2ZUNBlzIcS63LV3ZVc0DtBr1YCT5FQtD/Sl+o4ynzQwiIduCZU4kGYuC4SOiDtUOMZ7e/k9xPJVULd6e0xWsZP6Zd+9E+eaRQxtLhemBRktxKlaDnmlYgIo1zPkPeK6TJtwgLA7C6DxXuz8R3KhC3zQxZ8XHvw5J8q9AGnhi8gDzWqW4Q1ts/R1wSIrRySqyekKRR16kTWK0XpMyCOKGFXM2ZFUTOL6Zx163YMxZhVP5ERkP8CG4irktgxmiABz22cXnVhOIgQ0Ha6Bj0Y+rRO3c/Ak+qys+pZ9J811rjkCt2MKR2ALxtdYgZHBqGGV48NrudzJyq+PQA1DOJ55BAxsa5vV0+p+eugszNuQuuQbmeitbN0gAVCOXgnYiVs7xBV9MdcMLEXbddTugCwpTulY7kzenXuQQiBv7O9E2OeLQtYidXTqYr6/y2cXzumaSLFISR3r7RAP84NGvaFc47SnYtynMV6ECoS8WdMtcQkjQAW3XUM1n6gwqRTt/if77zRb8b4JYz4R1FZSTjLQNkV+qRzi9Hh+hSJGBlsHQzhf8x0ntbYpFVwJteY2hZp9zUch+1V8moAkGvmQA+1BvSexQN724V2Td+dIlKBghL3J05irLpP0pEzuPIxtquc2b0cs0w7NwzrWsb279FzTIpuunM/4nmiPbN7hhGHrNkcAO3uF53fa5XWKTXFuo92qNImjOAR+2d8cl75c/2gpV+8yObqvo/v6zA7LY7QJfwG8fpUdAXs7Vc5Ob3fo4IGPcWSwc9nJGMi+WpoiTEmwzh7iycbX907gCqxmPJ7X9y71KhPLMAR0d56xYVeck8n2xPvcIwS23RE6CoPRohiqoe2ha8XYiEGgm9p2kNiMC2kw3GlAyi1fgKY61XS9Z2a+kVqghwQ6TP0PoKgEnUL/WiAUtpWd3Z0oyhA6SdARaDMUhP0ZWHjFwg27VBIsinYatL1Zy1CEEAeoj8Dm7T+dMZACGxNPK2W+ikQLdPz2IwnfHFFCwZMAQuKnIjGQog2/mQXGADtbC/9/Qghu0At8/eDsA/7Gz1FSG0WZS+UqC0ep/9TM3oLJqrjuOwouxUUj/0PiThYvKOcreyeBO5OEPfkoh21xrZ2nNx9SfUthCtAySn+weAcGZypYjRUhEoe+/ZCBHQAb4TBlq0KmRxz4sFtdwbG3sKmNClQxuxoNzJhMLPiHmA9wglm7vJunsTtcs+cQmUgxe9GpAG19BMVEnIMnsazSPXt3FRqMgfHSF6YYv1GD0tmnk1BTvs5Dy1dNuOOQDOmzqQ3rh5ZNWfeiBMHNpVnWtMHDhccMj0vHzu8pN6hyNgIj9bNVPZh18U2xLgSHZfWG9jeR2SMMJlr6FNkFMfXp4uJJzl9e0Q8PKgMIbxqnSTEUHyr/jn4WTzCUp+7SxTQ7CztM5AM7MqW2H8Hzv5lh+IzzAzZ+OPMmDe5FnTu8DlVWV4TwCCIlfk1cCYg9ENK8PzVg2vCae8rcR3jLwFp9fI3tLi3eGGurUYw+2dpFdatqKJH40KamgLAkSBxRvTeDCuMak/zFxqmDJ9OWHB85O0jPP31MMDPrTnUDHcJBdaFXgiC5/iG+dKcPv/afPPMS7Zut9XcXesThxIC4cH8ngvYTlavFMPewCN6mogc6iVb5+mA+yLgcv+08yDYAYkDca57IO7nlXwd70oBdH17q4AKahKpqJgYxoLzwROfScpBwWXJ48R/vGv03S5HvN1vlwACkGWvnUDg6fUHNp+mEprMZ+CYNM1CvdlaacmwmDxWYZ9HFSiCTenBrIIj7Jq/sP0b+tqvsQeKdnKMemWwUIApbQqHmkw9/lZwI3dIP6r6Qv+vpeLNvsp6+UnYoga53GtzPjiPAVEfbjs+lLiRIny0WMELExAskT14/xgN5v3/Al0Cu8llXLE7EKFmgPU990zhov3N66C77Y25KHloERSiTyis5c2nDtqF6Tc1Vm1R9WjXxMFn0fJmQ3pbgciTDT00Mbtf8rOiWURXKZYI5zshJvAiigzt+BlvlIZzNk0ML45Y33o+Ght4L4vMJDwOUvsS3ITErZ7lXEOK0dm9CtFUEzAVuRLsCHu10di9ChM9OsGveRhigkFc0eyCVeNkNoCcn8IaATwsUkPzeoDoM6ieg45tAW7RRfXb22jOL2pIb4dikl14YWmClf/PTyhXVq8aqsq2wVFJCBHSOIW3xq7oIGiIS6T5MQKanlvBIR8tEBrI0SKW0Hir1GLn2blkmb/Sb/l0ivBEsSHZVGv3U2jSsQXAtz9lAPflOi5CVU7doZXYwPWYLXiT/nfLD9ou45YiuRTbCxXBF341tQHlkZ044OqwROhbfcPyzLAJiSnN8I0PqmY9+/KsyJtA0+i2I32PfjZ+DRkK4OE+dh70us3IQFeabjw30a7SY7wtpwY+9Jr5crYE/7ZWrzFmyE/FY7jvgO8Peaxkwr8KQZ9MgoNX4GUxW5etQaTForc58r7ZNItKewZKrpVldsHozZOS+/rzKJb+iflbtmZokKk2cycLq3AHtxYBgrQJCIH2z5Bsz1gO1boVX3o/eMwHXKXcPgMFhSJx33M24jZHRgK0d+X3vazNx5BOJcmDA33TECcGq8YwAWK47U5qjx/tmiMgavWH5yF8PjFmoP5Cue+kTE7lEgxlwmrKV7CYijD1JUhlhSfIS/TlFtwpDGcAE4wRSrI4ImXGFXZIV9s5NPzeojR27IjgfnVYAYBpxou4H4/BkO0nJ5oCcNFzUWlb3CSnJYjXnujKsbFZhUdtxuuThn4Xr6fxLXMBnCvp1zsfj/Wi0gT1vtmhLnX8Cpd+H4fCEoGa59m81Uw4jMTehe9SBqeOebEKt3pNplKwHxpt7cdwjQ642vlyezUKdcrFietWwS6scsdTUgXrf0bLOmaAiXSnzxAYMPtkHR+fiQ10czlUghy9thVxxJ1PgdxQlnbs7YHMNwWr8+ZE2qVFzOdmAU+jqV3EgcxhKkoD54CcMiKkKFOGRG5yYcYs45s/iq6DgBjyPGQ7oEF8RtpiC7Dlelj0i+HhkwYnzR9b5PzvewqKYXEqK4leDKGv0do1oUfsLpK2Xd+QIDA4qNw8sp370ybRZxOcsXIl/Df54jDSKmbbBXu8XMHiiBEeSQHH76g8330SPxsHjjwkiojug8whUM7qUNXydDSHNuHUjJam6NVtUzx8o99fU+sMmQB7KwUoVOpe0uDXAuhlJ0AYIgc5IuehkIjwvx7X2+On6ve99fAAwWDWpNjamsTLHJmtFhQ8OQL6Ui8V5rnljl4hKmU3IPcLrqGV+Tide4HOBfoqlDpSj8MBh4vmb9bw36Z3YalruySlM/y5FRBTikwJ97ryLrweP1zITN09LZ6ulJya783FtGaDsjMQOUMkQXL0ln3/nA6bWkhpGYt1CwkU6Ycj8zeziRlY2Jtnh9zFV3Gitg5Cp7b6CUhqOV5QQHeWl47ZLM742n4nw+LTzRsJQUHta5lDTgrhcQnkPo5GBOCzo+/YiUphwcvHQtfIeOE/mYGLKYKm0AyU09wI+yaJyYR70mAbu/22155sRyEzlTXa+0WR8gr4C9bOitZ6OVZbI4drmwaAifIWZaXKWuhqcF6vSzzPDyujj+3SRdMqJGshKy9DSlygNnfzyNlqAahKFcF/mPVKsGyhnAqlu4yJJSWhIyTlXUhW69GWQ7ZbsYRukVbbFLh1QVt+hbuSrJkRfVBIOCdA3wYc3icL1XlOIqJME2UJv1u6vi3iKo7NRct73yHFcBYjDTfDYfa3yO1OfnOUp4zodmdDVnZTY5ncI9LH9svDgNSzWGKSISLgan/o3mM+vl+skLSiqDHTmk73g1DtiShZ/FNo0fXGiJDJwDXOnumf3nTdHcB/cY1INCONOY5LUGRFhtcivgKDXjC/5hoV/MQNrCsONdgQFQ5/hjHbqgDISbIuA6KuEuDV0QZrRb/m9OBPKjYFZtUyoZNiU3dvOGBCTrK8ayvq17rE6vRXw/enQRN9O3L1MY4hiEwMqRB2pui97HbMh8D/MAavInbB9Qy5gQNXloT3hXXXAerxOyPjpaQie31nyvdK3YeB8qe399H492/RsL7EFujBv3JKOLSjjWwMKFvBtff+gbukaXD3JAx/yNaHEM+A4PH6PnnIiSTuiTc7lHlS5y4xFzDZNp4IaiVoxvrplG9uWJWgcKCRLh6vWze/YaB3382VjTPlm6l/2CSMlrIyjmqMjjQCOziZLzl4ivJHZfcjN7cAtJFv175strp5pxpnItnaB9XpgXz2VnUZW4nkWJUDe/wngZv/JEgL13H0XwCiXu/h76XBNbnK/kbz5mhsnNblt2YXHqP6OI5qTDTKup91eExhL/zFOpL0/z27S5aj9JhE2HXT+RDW6rXaQSjytM7vf0CQhMM5CXZuhUksMIqyEZUMTiiljBODFzJ25u4NV23ZeQ1pdm+o3Lb1Cq/vIMJoQngyU1I1kZ+E1k8J013fqEKwZG4CpQbMlEHjMqcFWg0uBsELiakMN0dRSENZO6gk+rHYh4hJ3pTcYo6keARd7dZqUAK3D5v8D5lCqFE9OKN1/UbvDsAPQKOUhiPYa5UW9P8kSr0vI9ViEr8xWZ3uC0QEMGui2L4g6N3VMeGXRkZItoSJmYdb/LVpjIZare3NbtpwFgRSdwJgc+qY6qDznVvhuWMZsPQv+RcAsxjFSzW6lsHTSWRTl+cmgzXVEIRjxq8fz8b3iUEcDKf/Thzx/l/0FgQfOtiAzOuB2VqYbvGBZCVuiL5mjbFrAhnOgH9iL7+6/DmH9WF2kBC7CFlrLA81MZcZ564b4xNnWclUvnb/2W55J+DDefHQAKSm76cWzHFodoKsrcd9hLlybBbsYpIH26Uljk+89sS6IFHtlN/PieO8zaDv5hEwisJZA9oux0tHtNTeDqFMVXqxqR4I0n1+qud+oZSIk1MUCAEjVkGJmICvcQxMBlery8FuK5/ISYjJPC9/x+UyfEk/A+rIgnO6uGRjkDVe6+AoaNpXCPuzGq1fKwSXHF20n60KxwxTswDdywF3urDVj2jlUXj9/cZVaLhF/Nk5fK7okIcNyRxvVZLctLVaEvMep6n16g9LzYkf2gHKmajh+D+yUM3znu8jpMUEnfjkKYK++QGfaoVneGl4uCct5YMbMbl5xfx8cfYkLDWrqTB4BL0sQCrRmlpsvR3aAFTNjiNasGXt5G19WHtbtCW9qaYvufkv1yGRaWbKBYrRaco0KDm8GGclBPZEpco5cPECRqsi1Oqa+2Hp/eFjfJNtkTMWvdL+LGEYj3U8ojQBWT2UW1v5wi4vHVndD82SS+JTAreIjaEQeagS2QeDBxCYfXhI4K0JQE9hny8/IiccCDIn6+ec+i5d+jeOLULnC3eJIQCcqiECMY79DhjQJRe2yMB/1byje+RoFEh1yCneGwt1xc3TaH4ib/TL7rXiDCU7HemOaNbZTQNbllHl2BNBCKP/4A+srdBM3o3aXEYg3xi/w2plp8c+P96m/8t59c6Jb2p+mc3PA7gtXQ+XY8+TLftnAriNo88VIoyL1eE2GnXQ6zM7njxLPda17jQUxao2HzpzpfG5KvDhWoQMi9OD7mhCzLI3hGc3PIo4aVBM6DZDAkb8DP0y3Z27r06TG9oMbiBQeG6FsaIVjmcRv8W1Y08/XtzWvAYwn+eKBnwa5+owutImbFMFIITD80SJB2wKZgIpj7L/5DHfaPf7bLTfJoDYMX881V6Hkwjq3IoFWPaBL74XotVzNWtgfvmaRrCtVU8vSeIIpQx1FxKFSw+u99aZFDSyIqjPKw0nBEXs3sNa8RKorhQKv9a5LD4+yBQHOFGCn4kSyT78ncMO8CyJkX7JCyTxSu6lx+rk26Fdz2Q7Mlny7/0dcnYao1KXU6Na5D8YwAEegTGewiPlqh+IrJuOi396VLuFi+jgBAQpVtpp95D331q0SA9He1GHeb2tIBdugmhlxFufHQFNO6qQoa7j15sRB3nuAEPjuTMl0C+q1gy61nJQO4UJ9CkEzVf7e2SF8k/8g3OJC3lguY34Fi395V+J+NmZYoh1hd/nxTvTfZB+svvkfEjncDK84MmMpRUaVTiqnx+zXL7dU/vAiKZ0eoV5mJfSPOK6LNqbif6KcXM19xcugYn+J9m75YXK/zkd6H4TgcCrcHmzmZNDOHLzuuoR5SCyBjEP3Hz0JIEZX9GsBwa5KPs2KPzd0HxP9o9GPrBA7l6YvRMDSenXg9g+i69ZYQNuUmSAcUnrfFA4l8tx3SBdvIQjruzI6YmMzDvDnOApvl3QO/KAldSVXF9OusL+/p8A5KsRuHYfDkDMeWLS6+iXWwC552aTYbtPCZZSZL3M0VUNzBnaFAdzm9HIIyG1EUTHXrWe8u2tRNCIzxOzZNGi2gIOhVcTC73vQzRPwS7e2pwtKT+2DiQowNVwSvF3tOxTeKWwIk5o7C8Cb/B7wHbZu66TJV51szGuZJ6EPHwuBO/5bv/SeS2yyvg1Cz0eDnTrGFdvqgEqtHj8LZINlaFlh4NwTkorkXP1KWKGQB/HSd3wQ6dBf/hBuC92mQnfaJ9+eJlWv3ypY++ggTcQOBdKXcg/vPZpl4JvVw2MDmy1JMYxgQmx0hNlrbMIUXff9AuYZrbM2CCqV/JNR7IokLr1ejMaiE1B+9LFLUvSHLlEV2Ac1RQfQXjvdY3rIlAUTiH6xsd1ssuW8jDCuQVNtuOTHJZ6Cas39sSFqc71qg011Ra1mp2KXTZii4V1SqIUz2pX/VRNFHNbd5wTbhLfDOwHHaavkx52k07nDoktWQ7tDWOjnSRdPe7c/pK3n9gQVTl1XmxLYslBae4LYABwidh76C2OckEH8ZSNHRCppQGUC/cyzYqe6LIgmtr+OFgYkiaoDDbslkypkRRhH2y7WJ/VCIXwh94FjRRN0HpXGC/Bne0m07xD6jlVEo8bER2fsRThPoHz/sNvef27ZRDVSS4BlOrEkYcmUTeAdIToLjBATZKBpg/QFrGuoM8uE2/QSUqO+joN8Dtm4NfIbgANswBNlaOL/8fCv/8qryT0I5luAAAAKb0+iv+Vfi1+XOP2BKWhD0ZVD8viQUq4gqFMYyRHc5pz+sMZr9rMRPQ+SMmuAu55f2+JJjgEU33a3soqxdbzULWbPt7elhnhc/cpYAR+KyvMX3Ec2suepVrN4mzTOuU4Vb2mT/LPHORg6adcV01RGNxA2cDgBHletaNFz0d56XI1Nm9Elcs21Bw0j6BLxAkjh9xtPhbiQg2okRiyoYiF2x2+G6OuiVAP/cxRx0YL4dbKJgrRbQnmTIgGqjYD9boknv2C8/dYt8lNUBXl9T2IVKnaPEsPtJTKs0rmmqNQQ5yRTG6MVZfEF0syxbRS+uOiGxN1jNaSeIMfXmmgoYd7NjK+6Vnd3AIYaqKwnu7p8iY/rA4YLc1p2rWbDSLmyvqAq/CSRt19rV/aaQu53ZM3DAQqMWOfZ5NWN/i90vUCRYYTGsiCwryuJf570MmmQV8skXN+TJgnJQ+BN4A1b45ZCc8uDSiQrCrxTpZidQzEhxWUeU8IZOPZceRaKsYoYo+u6+sT/ej2UrKqNJ7uYGyL2hIPZGu8fEAjPvkGutqZgW2IgjIxLw2p8KBBy6zJ0KGWv+rqKufIcxP2tmLbLVaLE3e8wHufd0RvdwGYs0OP606eI3/RMSjC0VP4LFrhsEibIygLEogkUJc9WOmAl6e8a5j/NTLEMQRrHgcn8ZHUrGV2szc0I0XlBkYpiOhMVllcfCz0BR4vuGcJT6GJVy03OK0EbLVIlQ1TQg+JH8yFQVksFX14kRyGMTZytfDtu5R93A88ha5Y/+i1bCFKU3cBAiXvagd9O+keEn1cO+YJWkqTZnp6k1sO3rBosEn870ICkHJpScp1uyz/v0D3Rn1sDVd21Hi43xZEcQjsarKJ3nWTJx/HCHuhTw0w8TBKYyQrqfSH2Sn5q4uwIbS2Ta0tatV84s8HQ2TfeTqhuq8RIKF2DjbtRsVJnTuLzj3BfbjRpFndmHljuPI7MgQYhDgL0Iz+qX9SHtWIsFrRFyL9+4C1lfyMi47tHoQ7YOGXe3m55j4Y3B8m0/oKD55Im0RlLbCpRe2U1haIOGSl0D7MrqR7X7aF6SDMETXr4jX9+mmu/rLAVCgTovUqiOWdxM2h+GIfwF6Ax4M6+riHjfeUW0ctFpGIuzLlJ3NCizC7g+ARR+Prlr5Ol0Ri++OrPbdgzycj+RTu3dNRuEqyUv/8AN7dIPU4nG7KHbod1g++sWYshkk+IGvPcfU1+/Dp/oQBk5v8ehmY/hNWBtckzpFQIzEinegJdubM4Z8lONoLTLpWAFOMn1boI8T9GeAsT3/02tTeNly5Zw15/lWy77B5cQ74X30OkCX9a6cMCr3NA2v2Lv2l/O5xKVkZUjhpa7JIh2aiDnz+9+4kbaBfieoJjuphjoHKUJNItjskKz5GdTu2wRtVD+Gin9SzMVBDsIGSigqcpI1HHmr4dYSja1BwNtbCo5pDBP2ub+X40hRNv+lC4TOd2hWMRRu4ANEpR7WnQdc2MzczWK0QYVazzCSqqHByKOJY5KV8DY17XLBWHExXXfvntl/W/VNyRmWw5VXAzH7Sy0mq9Z49YDEozjOncxtP34aJf7SJG6UDZui5gV9AugBz6ptJYnR6a3ODTihfcjuf5xI2NcVwegmUbQRiBN/S0eHMKN+qa5h3P57w5pCZkdOJ3LFwkgsk3YuZ5Hd78CKWbB1hw6wjBfdWDrfx4IEO9haDMNfGv9TbtSznfeaoGmK4DOfT7fgw0NnCw9KnGreIbE233/LAsK287psdvetd0i4XvdRG63Y6xvLt2AFnmmmsb1q+roMOd70D2KiRtkrrm25PfbpAEJ0t53PSAuq1ehxS1VshjZKjNvJQZ1AUCQk0aexrfisj8YduIuUM47Krk4weiKtY/dH8bScDv4NkYPp6tFemIEDZII/MH4j7otPlTLisL9bzH2jZaKLFQTCMzpD+9PbDewHFAYHVuBqkWPvtAkjx4vXksmoJUHKxkGw/0HotFByeOc/XR6c8wm+ElIdLTNyqs0X9DtJWXprJVgNbUyrFol4WTPO2vCp/zEXBzhIUyPpyCp5rkAobxHHqHApnYQZpjIgNjpc0IZcaktdybP6MeJTathNtLDM0LnInihnqzJldek0VJWxTNYLSCW1iIBHi2xtNABbITIX34BQu+sUM1NlezTV7nR+TqEUM9NmEnsqQNtr7nRhU3TqDuATKsPk2qV+xEJvhP2n4PuCNJaf6WRS7vanIPP2y8s+1U9NUIeY/9paX4bi7OrTZWWcmBc0Rzhw9YXdr/0Pd4enfYOUQwRoEDiy9XPK5sM54Ebc+Pwf5eRKCv/eb1u8LngdFiF0NPE07sq7/jV57wgSwbM+z7bNzo0Oqc1SbweGZWp4zxh2jsDeoHh/F+N1e18nGO034DuoapefDHXd1BQpWEIyBxG/AfvZ/cU/Vz7JAhSanqEVuHHa47QI9yUHrQkPGKCCBXHFQve16ELTkpdkpzwsrCbIQyRqixCeo+og1tq+JdWuQlymWWd/SrABrPBvLLBFquItPxKz07CK4QoMrMG8npRjIyggsj+DMOS94eaksJefqRt4LlkG7LHAs9MOmL0qwOtHIitXwEudz23wClZaLMgo3kGp0fWXU05BL9AE8XrLmfa9BvZnYrIeAFOanhQRCW7qUIi+PCP8+rgqkPo8DAby/YEwg/DfinRRfL8EZRXyxEvq1VnULuhWzQ+HIHf7ERiYLEDfrNK7pcwRiOUg/mdjJGZDs8Df4SU1DCy1+n+yyEntnh2xQWSP2tg0vdx8Cv6xgk+shHaRhP2IvQV3mP7z2WTu3Vrfo9O0b7oD1jZ7qN5RSEOmgL4VnZRVr3PXsYyYN54xTSfovgJphoxnlCcLw561lx7kgss9OcafLK6Ujiw2/FZ0+kM2c4fvPjek0iwFNs1zE/ubvoFX4p+xTnrtKYi7fbb6iioAIbaA4d/m5FNSemhOKa0ugczIq7I7meUrHiVwCcMPV620UkIHcrsiVX9wzBlJF4f5c5nTEUbj+BobltgLXQWTkpilFNbsQlwFSykwFJQOF+9ZqkJujaeEOMtiLqGm5PIJ2n+rgqu6uxA3YQb8M9NZxMHWgb4UKU9KEvpsMFgraBZPwrStuwFrRLkxWBVVTw62JKebAtAbneQJxdkc8g88f6jtHC2fu0DQALj6Zyh5tE5GcPexQD36XKJx2e/6UiSso3ya06L/qSUrE0hMY18nRZtwksZJt/KK0MN5VN9d/4FpnT6CEu6g7hkXKa5Vuhhzoj+Y+eFEjHkReMn6hBYmh1PhEmM7/iOHz2B79clI0uSAFMt3hL9BJhkmmcE9hvXtddJpgsTcfvydEu5w6TL2da3Kz2XXn4vyVQ38xh3g14FZApCvQdUD/aouzLKyyRT+NwGj8GBPaERLEHH8ZoGpM1jMjEOSuSrEgYq+ogJg1O3nIdeEuWwHEimun/Hmr2xrDROs9xDH/T9As6klV7O2vWwQdNAEMTtx1Zq03LXr7+a3MhC3oStyYiUokq1EArI+l5tHicCtdmzT5WqhzNIccppMwDfC1qrF1enQhS7YkgpzP7HhVUJmkQnZjlHpnhFedsuFqUV8b1bbq05kxT015jj8p2S8OxLbh5cu7Ng4j81ZBhLQmw4CkOS9nhqv6wa3usdG1KZXSu6lpXpJ+mLouoPx37+HWqm37usxXfryNgctmxOBSqd66FVLsjCGs6BJSuxOK0T+jVkb9ehjhbxo1lLbJfPW7bcwAjeDDx1Rij1krHvOLTPhFGCMMkp7YkKpj/30y3OKMhwoH+OfKT/6i4bZrvuopqCGkXcbn/uMrRlq4RbwbntNCnPSue4Xo4vpPSLA+7Jk4c7W2dzdjfyQJ7f2lCXD7Vo6StRrB7n/GNAJhSfJyDWbrTNEfmR/mFBz4DlfMySRTLK90CUtDu6xzSUdWwOHKKxXO5cAxYU3ip/ShQbOBAm/lRbyqSmgwf/dW3GBRlg4i5NrcCFbhbTbnh39rFMae6FMSEh6tuEP5n19NtxoXhkZWpU1n7gI9Myp7SzJjbwAKGZzemUonDn0PbF5N4+U9c+bc7K+HuSe48NcmfHOmRvqjI3RzGvFwkl3soI0zbxvpniMgIl1i6AtMjsF5LpQYZdviUt7OgP0I+avaH3TL/WDOT8QuAdT+lytxm1w9ON0nAqDhYtpCWJK+36HdStDoIqxr0X+HI240n82FPi+YpxkMZkazejrwDWPxCM+dRFZ8B/1I1T8CfksyQDDmu48N00OcZU3MxpOT2UUEZnOHsdnuCs9PX5olKD50A+avC0AUKa4YMQwW8F5fqel7g/ycpIAWjRuV2tkzmj99Uk8dDs1tSqrWBWAuRDZxbzyOdc7mOGrDm9HWbftuLfpaLLwxmcbHSOL2mHEIWuT6zYuLUQAkxm1prYu0twF3a6KB/+GyoTROpYvoqSWr7QVy3vdn6LKgpRw44IQiRKnUCJXVlKYqH9eQghqDc2f36vY6Qyn7aNYFeYgYeBuGzEdp9yznVjC9eLPsTGtxCteFsTS9OOueI4XdME9iSKs/cLqbrY7Ur/uWWTmC8taUp6md6f0VcyMmdMCM7WsnfT4xz33B/Qn9Cp4F+HTUm+FsJGetcVgzuV42KVmOGV/5t+tTW8MFsyoRJbx19L/2hhBnVZri22AS+2MrovIVlb14Vu2CwMLcKOP0rgLKK/l1glAzBsEAVbQzH1ENVaEmfNqQLUPTu2WqndnXPQAtrugcwbcXV+IAcP2qnxnfI9Kv93lGrQv4BPOiyapBEYej8mFxMRPovueq2pfDSH4Ct0vm0k1m5wfJ7Scbj2O5Pg1T7GVXX3Qrqca54sfKJqFc0nQxzTEfn2YhVuAQlFd2D/sfgEWNd/JMkaCAQ5HEuTdflQbDaHS6Eomd7sY0lQIghvXcw0z6rZvOPa5goUY8BHHfQcNTLC4IS+WJxX7oXQw4EuQNTP/LM5teRYVXz5YFbjHI3ViPXFqtFGUuXfXsWJrM1fDxDI5gHCiKqromSdBLvXqmXNfH1bS6g3YFy5WT+iu9ow9KR0wCVJXM+by6Tv+KJNIFyLrudfVp3qHFu61kRQW4nIELw7z0a7s/91RfiFsCICbMlAUToPb65KD4bBUnutwD/Q8YbWbUnrTLHRUn8z03k89ekKTG4DZYsjAkNSZwfx53+2nP1l3kDsNkS46NSpI6KdXmo2o39+upKyr7FEv6bydm9UP0+Em3qG/AdO/YOdJdVLZKlmytvaEMs/Al4Y1JWTWW0vHy9pGrUMZUs+RZhbJjsCLVvrNmo+t7PqhJjQ1PLuKoqqlPxv0EFReBF9Vp5fXUj7VJFipwqbJxDXOfjIq+RunfTXUyK781F/3SGTzXZE61s5WBshNdkLOuX5m7JOoj3CMJyQwTrLUFpBQB0mJZ8VfUSxh+98H4S4FV9hsXYmW+zvkCtd46cbsV6cWIuN0eN0NhtiY1UwOf0atH1oeECzOhLnj+DwMZOuqp/Xn6trugJIYcAKeZF8uVRf8/gIyrCqwUjNXNnfYZGZiDpZ42pAh0yPVJ2nNiqmm/cOJMn5regn0B2UXCnH3cWOYOUCboz39gKG6Cw+p2IQwswcig91H6ITNzWxRlqLTKZL8f9ohwGi6vhm/n7ZatGjpipLnp2eXP0V1H6MaWrJbpoq5FrmlWfY/04L9RUXDn0sw2vjO9Ak5JmPc4hGS3bYWLjP+ZlmrClOffP4ZJHpq4TTO10szcHLpU3Vr9GbwI6ba1ZnkxQWPdPQBqHNaxU3Aqo1C1OjGxvZKU3xJ2nd5Oae+VBCkNaN8eCupo4gi+NgYvuXuv4EhtS+UUcBRwKnp9eYepeSvjcn9ymNkaWSipIcZ2qGuCeTeYHPwfRNh3vYnTJcmBEIDu+5HH4NcbITbueW1JkPqZ0RD3E9ArcR+N9GH4NPEOc1Ko013dcdx8rNPFKOHrO0655xnel7gGb2ulXGpp0u9s8snoF5utxHv7d5E6QAk3r7zh0dgPsWSh5kCSNpQyO45Nzv+aA4K5HQ+Gh0Ch594nerb+ookwhJWScyT5acxz40EsLNhtzNXPRrCvpfB2rkb8mSsoo6KqCc5waysc+eD2UY35om1b3TJVwwai3fdwnN5PLbf92kqr0OOr+1URqg4m+1Dwuv0wnlzhlz/vIU8frIX2bsMjJ4AZ78UAFFx+fvg1acnGy+d0wYFEPGlPcTsQ25HUX7jBbY87phblFt2trLCg16H9Ekpo+WobnyQiwqkkcDzUXKak8tshEznZ2CYHXRGl3Pf1qLQXYCxv9tY6mxGs6d4pZWCs6li/ikp+DWTUQqbdk0Va2XhtkACF0dOmsUZxoQneRcsx9bTlE7M0gJ4JugejDTm6xaUvp2Cxz9XNdDEdxNxA3mfNhbzOy+8Y4uLKeIJ4P9mngzNiBWl45QtqwZijY2Q2wyCPWBvKE51iQp472QDzYRBwq2WLusKq89uh+xpuIAG0HOYY6ne0BUDG58DMxedOfke8+w4BmMXDPTjhAA/jcZhclzUZvAhJz8IJcv6dZVpjoq1Kn5AsHhRFEXZYlNjd7HWJyBL4iDgGm5XTBKBJTKTw/pAf0t3rN48rRFed7GPo7itFzzGFw56wYetn/+mJJKA89twx8vNJxpKHu9oKoTz2wruQMGQI3E/2kkWMycGc2dpVWxnxbxvCXZiyTcqARAqlOcRdS443afpI2SPRaQ93tAtyEp9kOBfTzQjPvnAKY4H0p3TYvgYTq8RU2mVtIA5urtORjRSRhJqCDFNdqp+fUNAxWA0vkt4/heLG3JS1h4cr74UwYtWrTBl6XRSv7P68g5g/4weCuJNXYM2IwFVgNIchaE5DCXIYS5DCXIYS5DCXIYS5DCXIYS5DCXIYS5DCXIYS5DCXIYS5DCXIYS5DCXIYS5CwAAJmClChMOPLkoNTxLK5eBuMb9bVExPJ5M12s2ZFy00Fu/Yo0pS3goi2K2OCUmuS9K2gRiPeIzqe0Eie4EjuBHLaE355Vw0b3/WJgjapjBKtrav04gs5kzx/jTiR2mb66Uu7JKVmoqKzo+EYMAKohJUCnik0tOIu1+8l+2rX8YBWtMZwGM0NmxBfMS4FMUC3CtXocqi4FvJu/a7zRP1kNSzm2mQazaO5M05jPUUVsOkIjzaw7+aHkmuUmfvPoJQFuvJ8zdTsOWNTSQo6x3LI5TkyK1mMVdm6Mn6IOKAojnWuEOFS+3JRW1DrZQG+UPQtGvtWmlm+VJVBt/y9iP5U2x2JMiz8jT3jYjB6NbEaaERHkbhLLumE+yz6kCBEnNwL/8MkoevH0N6NQJbz2pFQmwPb4q+vg0xuoEIFzy3FuAvpOYgjarghUYIxoISD7kyvQ0ldvA/6WyDRJTQ6XKc69xTLI5aESjgINkYiPC4mkeoEtHVQ+Wnv1lz6oaZ8yxtW+fn31c0s/6E0jhf8b0EnxOh+FKJY+pII2CvFQAikYdbI++rSGLVQZe9eEa+D2h2O1iFO2gaKkK5uJfFCWE71AzGRzUcRSWnqMM0yH0le2wILBHRFz0qltbR5s+JXn6MeBr95YGCP2QIq7E7y2CyjE1RDDNSoA5CViR+MGk23a1QhJ1sT353boGlC1HEoIk7qCNrg2MkYrlELD/xNSpV4RSCNmhv2aL1gxZ56kJ3vmhfSpKYWJRuUekqbJRwvNhRwuG5W5A94TYiiz46qCVndPeGzgbUIa1Itoa4W2uIquUNyFmkwIIZzHFPUq34CXvhuCFENxw4PGhMaAzyVxBSD7w97TkSNQmv1kqnYBdnk9tv9kU2GAix1f6qzUkmCKZXAbHYMI1qNbAAO+bzxkVaGHg+akV/HUGT8RLZVek0lGrNMg1bdHq4fUnqlhw6w5ftJXVTsBCqtczxjkrl/+V76FgaPmyWNn6qcFizPvlvH3dSN7rg0mga7b46QzSpQ/JPVYImoBxBVJIYnxkUPOFUjgI/3XKKFwHr0PtZ1/mA4KN7qqs4lHEQxyKotSMJRveulQuDEYYOZRkLOSoF6EN5/DBJvEn5wLg9RQD13BlArwpWOMFWQR7ESE7+eMUrC7L69z1Bfo3g9Foo1TPcibFi7JW0lnOjgYI+yH0pMOJiNPQLWdiwhiYD5HRdphsfwKOXU6m5TDgNcE8E6dmBnVcYNizs7cLVOGuw5FHpeqk4PYmUPFfs+I48vhFBzKyHQHGTiMux98oksUUqw/wyvMJ+JBWYg479D0g4ug1oouA3RXoTia7rwaPCfGAaMTnQ6DRtVpMFz71skjlyUHzYWETc+nORlO3IScQ/vBxWvjHkQImUeD4Y4lITUKqMk/YLzTSRXD6c1MXUtD81csL7xTS+BuNLWz8nU4cBTdx+/lNQ89OVc8MEw374N1CUhQpE5L2XC7jBgUH2cb2E+GEqhVLa0PFXoE5FEL274ELyhN5yXBA3J2z/OAOXfpa0YrxpXx5Il+8Kh+tHLU17QXe0G1Wuwcyk7EzhEbzjW0Z1Rm44r7RguFwPghoctSGXYFaT4xTLz+E/bpIbgNklaf1js1+zCnsXs4MuZbATkatISWzB00cWeSbTeLNGCkg418YErNqNLA0RxRg6OgYOIWLiFHjtLJe9V+js6wl/fF0f/eG+qUEHLQ+ppXmCqieIdpHhxcvgoTUK86YRZ1TRAmP2fotiCpxW5pyW3qFOdI7q6aXnGdccsmuMHpQ2hcSKUNKNp3iy+7y9rinjWhuQ3qdDOGyobHFktP/sLjIPmNXbpBwCULXbTmQE+PGouPkteK9lguz6JXDRTHHv5RSm+tX4veOA1YrHJAlUKGaeM4XC0fiClV/glnbqx2vQvw9AGSwRdv7jzVe1+wsfWFUox6RsV7qHCY6Cld0oSZWNzYYTpfnmV7/UFlIs0CYtbOKMZhaYwClBrFpVFfLIjpBjlRZ1EyvTIOjgSZC1Dk57aaUOuWXb8PfrfBCYX4bj4z1LFiRxdkzdkc5YTADSSj8tkaWCKyqeOos8Ol9Sa2V1ph80FgRg7heEnhGNidNDGbpbAO8gG5LCX8ggdpfKerOWglW7PmrztUXhopvkP+l1pFkSDvbPLPXgrPrpzMB4twog5pgtZ1SmgynKC9kbYU+Mbto8gMDz/GNoFJEwXiC16O40qYiAlf+dsItDuXyA41b0wI7smmi8/4A2ZLkDRR1DUSbrjI7ysoMp3DZuKaJGQVWK5ruDq8EPmQBoHGrrBkM1kE4JZ7lVh9lEIym60wOzGEfOibP2Ba5k77vvkveOfPBPboJtsC+kRtT6pH0oKWiZK/khjjKRohFzKK0GpFSTz2sOopiVWDm2HwncEMSrgQVIAj/US146mWOCCg8j5dJqjSom1BUogOjfLpX35olB325sv7sJUz/dU1/pGMkCbf2tmfMKnJIaE0gZrZS9Y/in9cA1MzNIMesFIulWMRxpARFXFy3jCwaODjjc05TrBWY+DMGpWBIwbLmpz978tpVJNgt1fe1YBqdj/uxem3mKOPLJPdSSHFwsM/Ns2TRzSHh4jyCcDbRmC2xaWg0U1ZXWBdmKGmJzMnTsHLxPMo57OfdS03p8TOOrOjPj83QeswP6wunleIQZpSd1EdCDHPrXbnnKIMjE9G/gy4U8CY3NGIINjNSOmS7Ht1x10IGgWWmdUYsGbWEaAK2cWqvMjXokF7tMbKkxXFT+w2dP9W+ao6QfbQ72qLM89I9QF06ixz8Xd2hEMs2gASoZCjJNky2ecBQrFBv1zbRFRU7DENo16CkedW4fUzdPoEfGQ4bLlfKM+l4GBNN3QzMsh+fxxou70ZSAGGGer3t4BBQKUA0pEjOaELr4X/Z7MlWX7eJcKMSDmPD46D3SnHbLjVVVvWjKtlr8x56NEry8jZedoM7d7XtiVyF23UD9H4UZNZPSk3FIn/XZcCpDPj8cqGqEf6nLS8npXV+b6P5cGalFByh7sCgYY5ioqkD3BoJyHz/wz4fTlPbf5WmExlAu7o/tovTChN1Q+Pq5A32VMks2Ss/V8lYTA/5ZKaUoWskrj+BpgyfOfF3WxRSnjoUms4exDm7a17dFISOuPBVTSB3Hj/HWLIeYxHDEXfCB/DIghvnKk+sc7P6zTvDUxt1nUc4qZjXobYtPCs2pylV6ouJNVQtqPKkxJ5Dq4olFqr/LEbgqg/wixWWuN7G43fJoxKy+yfE5Hy7WLrjFTaJtWVWulDqYXtTcTKwTXL0+ZroOHIz3OsMpt8zfSSDtXxIPylHsIuXxUgtkKuyNFGvNovwJR6udHzzEjyQOUZApKlByc/exJ1p6ku3IA0IWjp9++YOShqHPdj7UQznayQ0x/rmxa2Hc+IqiBArFY4Rdm620ghXtg5jMTOQl6BjhQeiegpSjeqtml1PDgIaf82K3LYUZlCzq8kHW3TW2Er3M52BuhV6n3ywUPYikqPjO1Blpy4aRy1f569oJbjEcYaQY/n6ukrhgUS0huxJWPf+biYvrdBdqgGTYadgqEC4oJcNx4LtAqSfdFZC2/KhHXpxjDKWUEUvBmqfRrkKfqeNVyxauprWdl1ahbcxSAOj/krWZHNmkrfD16yfY86U+0u148e+rveLU+0zqmIp+5pqw9lTu9c4sdDcfpd113t6F28GJoGdNrqzzoTQDoJ2U4fuZFiQGOPC6TGo+KD6quAO+I24NT3STUKz5aeyhmr4pwPmfmdoasYIULnsDeY99rFggr4jftBS1D9c95PiAWUieQYhlqzlOSRkgvOfjKfWYulkv6VcKjbe4iS1RSDUfFVA5xYgyCwX+2kLfsIlftKGsMMWsSqLUjuTq2FPK0zIdpJQVg+Qai8TdLeyvSmI0BrpcO7lI8/NDVqY/UWOGnKGwhUV9QL31JK6jJXxAvYSviGlXRgniCpSsN4cu7jbXqExDGf2GMagzKCBoHjJOhGm3bN3rnjKlT5R6Qog6yB7JGDpSe3yQXI0ylBbvyPVXRS0tkCjDICu4Pc0p/OGjG+eFhs4iZm5upMezW9DRlpgo6tUBwrMBJ1MNZ5FRTB2yIlufDPoPcpv+iQhmu7Kd5eIAcMZrIojP1EPga7gtfwIy32hYlhoKlF5o0uR3zhwXvZXTbJDgHO3Sx2DSNwwx53rpRCCZ2vxfnrI/qqiWYAgSCodokELBFlebwrY5jwWk1cfz4JERnWbPHbLTMxG3zddAl472gWl8Z4O1JWDB5Yr5gvGall0lhL0dLWuj73SjQhRpGubZfiEmgyTRcH8x2AVuqyibH7q/2Am+lPIXfOlr82MLzh86eKVNAFV8KwGeeErCppqJkjXAroO5A3kZw4ZLo/oh/uO5LcR5iNPSoe75HxcLH3Cqk/21tspkWWXXQ4Mm8k69ltTrz3/Izo78Hx9S5xwAnrYbMAFXe0cZte31XVNl8LLf1z3I9y3Fww2miLVTwaW4p2rlffRGdHoUVJJTQsf/F/HJkzi5IiZu1jXsqRabgpVAsJOJ0/2h/CBOWJ/4yXBoljmbiY/SDRZ2FuAmD0fyQ5A6ZDklWCSgJGaMJ0YORDUsQBJ4ZnJguGGDvT4NsRa2MhqNbnTHakQwgzjFuTDgXRNphYB+B9u4TMfZ4KCcBmHJAM7dUtjk8blzqJXxYcnbZYHbKhDM//0DkNyftHSyRBIjUPQ9TqLWfqz1QaL3bgETXsVanb08WKadH2EdyigVi6HqPizinjQ0xUQRe4+jYpkZx4hWhuGC8ybVpqNkAmlqrMIxwT/TjDbVxB3vAPnHQiwP14PuebL3m+XrOos2l1bL/gUCO3q9el0NmNBMIUqLyT+3NRg8dwqO8f4de3QUANRS+8ROZQsFybdSZVAIe08d1+5qhb5hZF8xJLqieWtAebr8oEO2xRm0T9B68DKpwKvK6uau2T3EDTVEKuIJJSF7PgOKwjyOem4XCCw6wb5k3ee59lDWLGy12jDLjLvgYU6uZ84G0jOIcTAnzqq5+3rzCbqzzZhi+FwQVC5QlJad5mSlFe9SKo4V8I8ti44Hy8SAtzEqR1ZKrUuP0QzEBddbay4PVZQxW2SLOc0iFCAv7odtpjnlLxUhDu3HkY1nZAyjhC/MaPQFMa4SoaoMPL+rAuFCVGPtMALFW0/pS1dpjza3VlGSbBBULqfAtKR62YUf/5aDHg2Lhu5CHsLC7/txWibC44hAnan+wVaydBPdJ9pBLp2KgiKWLOoJIGzeCrA9xSnH/lZtCj07/2rqueCS2VMzyDIcxCmydr1njeqfC0+0V5kIKMzfZ7/kfzkmwNmbTsslQWsoVkXJ1rXjQfo2przOvmtdm7yIl1J5/N2MWBiBUt+VA0hf7qCYDAJB3+aCksBrEWyTST7peJ4Rde1lM4Cj6VztPTOUw/BOsm/Q9jl8XzUG0/l82oSbS/hQVGS/MEc7yzum0hZ9REMCGCSn6xWQm3t0EDNknS5vwBIk5dKiesGGnLox+bp/GrYHxY0KveHQFB+d//7ZloTb6bdPbkL+55lSe4HIF7G4tethqGXDFskVMR6ZANdTbHen7Zzvtlaoo1MYiRkeKKus5fnIY2SADoMDKIjDcyhokfNSKEUrUJkdhAaYNhbtRsvFv5Pd7+To+sE57Xwmo6Dz6Wx/q0QQ0Z4TotD1nLgDqbCBFVMdKsa7n13fqbF6uKEbpzDN0x8GPdvBZLPwMDh3yLGOOOPAbxg2TPZZhs7D1yXjOAJVJjPM2PIDPHDIrd793pTFblPiuUZmZIBkFFo0CXmSkWWlT8IkbCa7bVEZ03nnb3L6dnSLNHBZYSKCkRQ4jTNIN5rB+g7BJgi3tEBbvHo2teDsYqTwJHPPv1b5+/KPORYb0YW3Ci2DEru/PYtcPMoDjodrFpXrqBrOu1qNWo49dX83ERAmOktkBTUnHZ7PSvbCIaSKY2gO3cHQEYSitsc0oG0sYVVTvvGIofmS70vSdE9kdY3Gqg7UURmm8LH1CpJh0sApWIhh1d+UCe5EOewJWAeAO6OwU/tD9+zsW8or9DrLp/ntNMiN5scK5NF2akqorNZM9P+avn7+CRD3lCLIhALVpioksIQit1ca9ESUubrLeTIuh20kb8sZOf6J7TE+vpB7PZoZ8pYYrhTDcJUpK2COk+vHdXSYaPF1xMSc5xYfrq+zVVdpspkXpRfBvowDTYOlncuQjYWEQrDyLEJdchFBXD2f+FfDrgqr9b3HgDbO9AE9NtxejQpi4am3loPMMRyaQDzBYSt1zPEDKDvTN7vCRSMesTFvBPqWHtY7B6La0QKcM0emNdpnw249XqibrOe8KieHQOJfFYG6bVUSah49hnUvsL1HQ0NOpy/SKMwwWfLePeQU93vnH4uxA7LJ1OgoKFujAJY9UV2bEjgCziOl+e54eE67wNdyxKDiG4wnKNgAC/aD0PzZX9tkOPGHTJqHYKT9WO+kPQVdNcYMuWwyCJn4E0C7ZY81Zl270Z1rjMQIpoF2yx5qzLt3ozrXGYgRTQLtljzVmXbvRnWuMxAimgXbLHmrMu3ejOtcZiBFNAu2WPNWZdu9Gda4zECKaBdsseasy7d4wAAZ74fO65pX5TXVUvnvHXL8SMmABw5mjNfNDbEm0UhU0sW72MEmtyB7y7h6q5GzeRErJWAvzP0BDrzBuOljX6pCBJPwTaOwt6MJMGlwn6bjRY9D5wZ4MHkRQpTYc+Jk1vftnzxdabFK5h8+DacK9MoF4/AFG1SMRcxXmu5k3MKmNUScqNDF8DKTD9Y929kgHv2cWnIK982B2aniGSGBgmq1yXtcw09fpqApH6iJqvfEGzmQaQlr17/RDnIOv5b0WzLEWBP0mNZ/g+GZmiApL9CSfWzUSVtKfFkq510PPQV/U/zk5qn8A949Ax+nmwvNkG9Trr1fIzeTK7bfS7nRNmTKYDJgCj+CRvDYbgwfY5sGVP0J+tlaANKDCDGEzrj/OfZQFJOlyRIJaIwef5iN59Jy1W7HS4JL3+PLdnWmOXVaccDcWGeCzk8JkStMKld1/8U92/HJqAnsm+NiPBb0Dj10BVw49Wg3B0aRPnKDRUFGyF/TLaLVoIrjRGDkKAMQhbHMDj7m8jEXfGIeG9wgXBTnpHEkA2sd6EWUUlxZjfXUtoa+ZHdxT+WsMf2IU68MAHKH+bUZJ4cPU8Qjh4Ii7pzNIPshRessQJy7mFn8K4xO9AcsShaS+ZG/xxcFMREEPbSxHIgmtKeDOG6ERvrwCdst81uNq00JWtt5cdnAwQkHbwf3MvLyGhlnAt1J9zSHm8N94KnCz3/WMv9TbXvg5UM/AO7BpGANJcGUDVpF+KPi408TkK5cG228i70lDn5biLmL60XzOvcIzBukPt2+eSoU31+Z4/UPOxexbrGxHiqZU7DrkalfoEdfgL8ZxPXiEcnqaOdZ8uYv1Rd0Ido9yLtT0GsMscXr+GvJnevb+7mg5dTbAb98pAXRlw14Vsw0Cnv9W5NVLUZ5MVIRHmAo/RQ6Vf00sQ2wjDMN4v5U2vLY2dvLuSJ/17KpMNtNIunprzApwvquTKE0eQ/y2yyb3BgvKV5wTzcNSX0RACfZwln4LPDdZsUUwhTaeKr7yMcjhJ7dJQY6zAlpji776doNOqJr1iufabvh3zVj7GMa7XdKltT0IX8IwYa+2uAIr7fC+UUMGIz4gl9AXfQND9WiIRer5bZrzn6urAnqxc9r9O2G0OiYFi4h7AanaiJD3C0JKAukO5O5m3tVG9nrPdm6CZLzTLGEWQZV0bxMYtQjBFxqyUicDh4EsESu1d7/b0TXs0tQjv31ydh085qoJ1lfndb6WKRqzSRl/0R5p7MlwVGLC7roCVE0LARlLfMdTw9kei20fFAWXdLygBmk5/zjG3vDDdf+GgKaqTcB5AbbByrDNs9Xnc/QPuutQBn7/R1F6KwEal9xvr6Es8z+El15PCtOMO2Y+QyEAGj/CoL0B4v371EVUfFT9rbi1Qqjxg9s8PmTcQgqGTAwYnl87gc0angJK428j0J22Tl8J/FGw3a7NIXwyJOEPegEgi//YsM/oUY7dbTVTnAduFAL4ZWpzeFqwNvZ/orzQkoiXlBhgGhtOXn7oQ/M0gcwJ0IwePAq0+7ueRnaSFQaR+Aqtf8vuGEvpmSzhpubq8AO9kpN63ezEkK8MnJoVABxnnkC/P924qRPZJXzd5cD80RWjdyLpAFXXsKbqvOEav2B6C+0qCgbIuGApCFbR2/Kc/2HgpGC6qJynIkMKZVvWhcPaBnEb6MlqApDjSiPf3e1+eVrdOAdb/S6iGhg2eGO3PqhmhrXKFjDY/tCKLSQK+5Pfd13BmKGvV+3HnZzvVfyFMPjlHYOQrshBJXS4l8MntdxKqbmdS7zijT3IGRevUQcfMO90Zt+dDP6VIu5MhZF0+8CJ3hK4vUaGDlcxyLuFNZYyktIwB10jo9FtnG+3ZlyV1Ya+gYOUJbBxtlibk405ZPK/D2sQKed3+86AU0XYYBFLQ2DfX9Mq9WyVS+eD5/qFgwLE/7qVTuH0CrojbQGhrl8oqCvW0gO7SJ+EpiEiev8XQMBqPhZoaZSDQ4+R4NmuwZyvGJnTV+C1ZyRsxdeFuN0LuTG36I6RpwTj7RjcXbGSlDXnJJwPAAMpkedyOWBI3iB7ANnlpO/vP3yRqoHa3q7DvtTyUycIcQc0FxcxZ1snypkdfss0+n0Vs/I1BfSjJf3HEzrxGV+PJpCvDp/KWU7r8p6+V9JzzBFY673Pqzh8iN/pZf6Li39TPdTv5MkBMS70Yp4SEe4yN6FRuvznZqGvUoFOrsDqsm05NYir24Fl1MKMlja73icaCzlPrYcqmqgfzrYBLPPXmvHgwCy5F2FBb9nmMDVfY2RVUNDTA987bbf9XZwjnba2CerLZt0m2DpFBkxhPBVqPvbGaLWau1NHBmmRD6zRY78vCwIC9QaA3Er57Yfwai0sDKBM995p2+VrMc6CBkQv3I619i2AdUycwhrBIsUhYKwhUuXp5Zysr30I6QAXhrva1vgbrmMXCEaEnnBPfEVr39sDKGQHiCDz1d/6a14c1GDOGf3ZbnP9NouBz/aZd8gjN6c1Z0PPP5FWgLdSW3mdz1bInJDGjQJGzwLEJLPRBO7a73ls3O/busg+uT7lbrAaqJt/Hxvf9iwJkDppuK5fjKkHLxHua4bTzmDmKqGowB9By+eMRpHBAw6iEL5p2NpD27LUHUw79JlAL/1vob6GI5lkljL5W6+TGyzmwfF6XTpNFChaMDk1p7y6GKakf6Bza26RJfPo/7RYmYq3CnQaxUX+v/K3vYuT8sTivzTf9y+qdsVBSVYrQ8RejOeXS0ldyHrcpkzLg6/ycrKZhK3KfJtMajimOj334PLbV7oiiEJPr4aIvnvy54FpvXfeewRE0PoIEc6aiEpAk3SoKDb1A/RPbiSfGlIVGbmUeenlT3L6jNdFXRVeQyCikqaSCbuPpkfBJglKpmlw542m6fiHCRveF1XsSrGpbLazkdQjPqylhywEflzY+/qcOet8AHAdjrdrWyJdiUEZsxAmKZO0Jz+MPefsS9xGZ39dk+f7ng4qDbl8b9NPbfMky6VKuluU01bwGSSIya3j2ALUnzzVyXlSOH1Mi43XqUVeQJ+vEPuFt+584hoz9Yak/O/AfhkSQ4agmjdk4CgkhkboeaZKwR+0m5BHSC0fFrWoJikTq+59N/N7yBoy1BugLK0m9dWFCRqkNGqPXzmwwWoEfdGws+oNEBao0fU80AuqqSasWBpZdWrfaCYvl2NpMY51EfU7HCV5Ih9f1QAqtrzxrZrorDHj/qs09RXcDddH8ywkbVenj6N9z5VwU+utECTwXFY++0gx8KUiN+naZD5hNoEeZUZDV2Mwg01OZl+aRKPIYi9ky7br51wY+S+6zdaeFO635uAN252ebS3C1C7m6dfr0u2hKeNnrepAevpuxvCQBQ4qTGONOCMKnPn+OErbYM9YfSP1S2s7b5Y+k2jf09trd/Dpckh5ugJ1fE4XgFMOcxfOTIn5nE6Kr2Jd5+/b7j4+dlfqHvoIWQC+jfG39BMgkeO5N9pxyg18jq1MGWpypy9TtMfPZQ6bAtcvmPbu5yIKhSVf2xJgjjx/VU74XH7Y2o/X3IBInOLF4V2BErzxGsaK1zTQUWc2ZHOJd30A2ZEqto9WFGmEoYLWIvlRmwnJbaoFgwwUDp6gWC3zWw1OSuJfxs5cLZ8TY19ImtKR605Gl9YqxQNv2oxQfZSvP6yzeouKCTe+FrLVYUeM2VqocS97qel9XLYaR7izgJs5/2IluVDYOVtfkUxhAB9f2RAWlNQY78+g+EVrVCUoyfEwOAmLzRPruU169lHQPTZFGgWHE9rLUTgxK7aLZnfLnhEvAx/WhpB6hj7f2nryEzpviDblFn6BfA7O7/wGeZ6LiQ0anB8AmS28rRUQ76v+eR2+tHBHTQ+N83qtWtP5Y74a8Ex9Lu5OKs8p6soS9WaihbsEPONWGMduqyVk23rSUDmPfnqPf607JxWIRNjIEwSya6nHf9B/NMKmDZDUXnGwKY7+MN5kp65Yu8ekqoyditGLWlW6ALMQeE5vNQCtr9boCU1y9VnvrZ4/MJli+P+ohXtMFmPiUj966RwYHllU7uWgzt0xpVsHG8CMGjFUitRhTiOFHV07gsU0exrnNXKS7UrAiMiYBPWgBTyDLR/0KcsqywkUmottfB+JZ+o6ub+ysCjuhrQDoouHIdy2/jUgL4jy3BRRCaR8wIlB1j3Jdco70hKBpoj6DC8j7G0D4KdBxNl+OhLkQw14M+K6z1q6lHyrPY2yK3KtNdSsEpSN7lUJNrs/xFj7WXzpqXNKIfpi7/CnM0t5lCE4PX6clmtsdsy/x+xK0BuKJwP5gPlShgg8aeyn+rocfCRyoNk3ijxSUlvqDQKAjKr3vNE59VGLVgXVa2d0RF44wfbPuDsIXRMIX2a+9+ED83U3BgqHrfdS85XvedEdJ3IGoIyQMEe+flhqLbGSwOepuM2buTZeKIjAmtdpehu96BHLERDNpSXPEYpbq4V0IgWLzMmHIxgAxCtPchD7uTbzPbZePMzZsTTrz50btDp2XLdnJZYtXTqjKVKGBcLPK6KT4DRRqGzBXs93fHvkUt7fBMF/1QHoDNWxk74/NVp4dAlbnofc9en9aVgqKYyIGdgmWravSh0i0lU/dnePgrir6as6NNIrt+PHSOwb1EgCHRmG/v+OnKSFfjPG2NBwOz+8o66dxCPzjy26I/6m1Uk89jSw4CBWHWSP5/O4/PGg2oqojzAvD1RBvFrdfvUfUSZPBc5QwZFPmXVj1QP0UgrjITt4y2SGgkuLUdgCi168G0fb9ZpRDkrpJBI5/lUO3TkCupJeFiFh93jgIHqHxAVOshgSOOeQ5xTiAlDRZdVMUQ12toY9er5z/9oFSJ9K6DGL36QZlia2h0lOTVqhz61nGLNud4jEHDESUDsQUOKuQvVWhDi2ffS1iH7ensdEQEBwj4Q4TtnlUYdMcvHC7/8Dl9ItA0xk5lbEnGz2Z6K+I3v1ZgNfAwns/mU5caQp44Cu6LcLb951NElAuZdaNMwGIGkS8FQOYMpPQNYlBFS3v8oOWeTkpvhYelUz8/QoTKslHq/V6XHaOwNXwf9enu+ODhvdPe4HO8D49DpaeDDNv83ZoHzf4rE72oKT26SF32kBqOQwhZntVDCdT5MJptO2ZKA5HcUrQuNutegtuq3O+vTIcaN5WG8IZq4+u32Jup5JpO7mGw+C25K/cRYRGosq1sFoBh3sgrdHO+u/C+Rj+tFUF+G0Ym2Ziwktzn1aEA9vPFE/6NmwPDQjRoe7Qv9kFJkjXuabak/CLMRJYl3ib/Z0az48SgFrHipa4V42YTg4HU+d4KrXm5mOAqkBEOEK8hpR7WZDNbCVmIuOHku919shilwQ2uEyHGBbsx6dNtH6gv3R1uKmJK3TmWOQ5o2TmY4L39MxKnHgYEL7OuDVyKxZ/eIve27RxP41lZtlOFcZatDz/18JbhNWhMLNwdlN48ZY31/R3gwQ1qcoaxNSh5We40vJ8PAnFDP8plTbY2r1L2L2UqBYNjYgukl7HI9lkACSix9UB+nffmRgfNZH8pbUrzPc8I5r5zrAAjMzSFMAAB6i7KkPdtYq4GyNHt9GpH2zCMUVwGaOAVeiLpOLZM1SPec1YhPVhxmc5xnHnG8jcbqw0NqxCmrEJ6sOMznOM4843IAAHiVKaWi6rVVueZKejYhtsS3RZLAAnNpZzhpTpv6ROMs6J+yJS9JpRgX53LnCA2YPNMWAi0+VRneXitm3IUQWGvZt2OiW13NmxRXD4nDnWCclrNy24GBk7b1eZnSTbHFbnfX+5CzIjP+4s2fNnjkmQMx8NucE4SdqMUrR38ozYwvyb8j9aRi1Y6UOKlraicr5s7x1M8DulifkvqevEpTx5PAg8pandab37o+b7PZmNgJ1o/Q8Zecl/dlshn47Mjh7BcJcxaHu8jhzx0nrvQdrZQTuEDtZZR38uBD1nVfPKcVpmdJ4ubTVIdbKNzohTeMLgyOH2CdTY7ZI0cJQoNXv3iFLGLv0SoqLFazTmQ7+BKjpdlRHSA2pR4ixLyLeNQh1WIECtu10+varbB257OWFYu4pVngnXZAnF+dUkIvDnOgxmrxDhU0r4wzXYtzf8fZ4nd9LPG77mbQEqeH0IwS8BUG3og6r1FcOGwgy5QltnTrT+EwoGicJ7nq0MvpL4JL+37Eo7BBwxJz6QJd6l94HBlIEzKKx3JZZhebuZaTKERTKD3L68fnV6TR+aov8WlZoa6yOagbu599XJpV81yzhJPSlJQtG5UQiFFJ9RqTRmjP6BTEGi+TJ2ZQsNBJTzDAJhFXkVgwqPY2mWs0V71+6SOyUdAvtYE19MNaTvsGZvD5n4eDpXOatagOjR0tZPnyWE7JVO1WNAuUKVybWrse7vhCtkNi2aosbILjz6G4A2Nf4GsqnQBf3eY84Q1vcpTOX6IhuVI7bkZq8eVzjFgSLcyYWZ1i4CHt/O9zP3N3LQDiQ/9ZKPbMSCbVKVx+tUN6wOd0Iex5KgY9+Y0ItWAtpTO+gM8szGS0GrCQFzOdvtlGSOhno9sa4A5U2fNNq1sDqonIJVzSiFZl8rgJlqOo9dlwGqTjwrnEU15MwNfN6mKGDHZxfMDtDss3O+0sSZvqpnFgYjG+w7N8MMYJU6RXhTGEOu8H4uTOJ68L6pGowYiDrJUHVCipG+F4Ksk95cSHVMRpx7pU3q6RQY6ppG2FiuJilVqTfiqsrBVkBRnDleXMXoGrDhijbWPyCj+bsT6/ZmlzNU0OSwL267ydWUZg3goJMTxng1lB06dLgw4Y0bBpAw9PeyD3Iqgdj7jz319WpGcc1QloI3a8cIILTyI9S89iCYm7vku3DV0aohMYAM5y6xum0Ch8emm7h8DBG3bq5dXi2HMBaiSmnZv0bw8lGV6DexJThCohbeLqGSh748VIDmuMVvVB4mvaDHz780K3+4HtWLr52MKyCglwZXU1I91Y1NHRLkc9iXp9+By1bpAo7sfrR6LpITadLeJEFRCOIMP81fBFN4JxavflZWxNLTC5CaUprfyMxu7wZH8BcZUK2ulkw+D5+vrV6zjeUYdcTDObdD8sv1oIikbHIRMIPOwgr6GKitDbKXB65hphl0iQ/iOyM66IVqeyTer8MecCxDxVCDQioihPiTyFxQ8xvdSQeyx+5u0IJxYmSjQg+Fxcodjw1zL8PONoRH4oHiVkzdP2Dq+a4T4rS6gJqoVEdhPy06gs/epSRMvs+78nzr5RHHNCN+QD3a8xscwsAPq+cfpkv+tzGycTm7BNa0wDunQ/stePthaP305nSBnITYQEG5m9LHJKsCziKX9R7qiDo8ke7h1yF/hII5Iquh4owHQW43U5sAcxqesPvxisqYYwkDb2J4leyiU/pADJsFv/kl8hkvzgJ+LohldeT93JFNkbzANMaIo3w24CCcVB8Ti/YEEm4wXPQ/qswfeKi3NJcb1ow94av12nj1aX6CpbyRyRvKfzd14tFRluTr+BVqOQhf1LEnMD2/NzJ9GQnQLfVLRD0V5l8wloar2itNQ0BD8YHAFSuxoNtcaptMrRuLZ9T3asNLVPOh8p6wCrHdJ69IInFg8ZA653PYISz6avFLFE6jsLRVqb5xV/6sODNuprFnNKaEqmNtlkUmY9hTPCVKcvZ5/3t9B6WTgi2FWQoc6O8VLs4kE8VeZBcNbzxsjgZDAvpGx3pyiSmIWw+1PlfM6N8NvMF8bRaUyIzivWdJW6imj5jtxSk5AqgUSdPZwYlRYL59I4oN5Kq9QkmtD0KG6UJAinmLYvgCTIPNUXvECIyno01P+cdFCO3Jz0U8DZdRhHKgRGvGQplcN+BWuLIjXCoZpBY6lxfVg2VND6Shlejabk7cUw9YxSLpI/fKM//2l6t1QAtTK5o+U7ShjmOdc2g7xzGI7Xwt44lr33qUswTcVLsTXDdLiLM/9C44X3XovexrPpsi0Six5cWLgV7OXTreNvQl1IQwpBxucqJvE3eNPePEO59k25Zn3VtbHNEiGwtqWF/h0SbVSgIQcmu0Pia85EI9BWxKIYtIRV47TeAm5/1H5YfSX5NlysRVE6YnRTm/AnwNGXEK3C+3b5fs0/0Kzr0SDYpkKTDTTNB3J9N7nETferei6QkK8KmdrbHEA96FPHNnl8PebEkCOrQ/lq64yE/1Gw7D9dwtkIhDMRFnECdiO1Ek4TeGGGRC/8KNBxsVKmEngKw0cgnhfZQnh0r63e5zgiNyhyquYGrHY5AFVpYEbYSD8r5LVZ+Js7ZiBYpDg8GV7vuBCusfsdfbdojSZp1/LvuNrscFOW3WiBoOhWeyx9R29iRWyAOyRdF9l+lIdTXlucdbj7M5EDb1uDLFGcylDS3WGxIL5yxV4WhivQ9orqXjtywXTieaNRfktgxJw6MGl2U1ePlSjEnRlbLTzbKmGTpyj0E1yVR26Oqg9mgsPdBxplJ4w/RB4kgHFeTxfxv8eEMpl4lLPs0zvGswAS+C5Looq42lyDl6AxdWVr6NPHqpfzI7szOfgPGFBIxgbB6PLw8R/t4JZEfhCBoMfWPPfMa4D5okBUpivrsZTU4ZBW/SVW1M0pAmNfYuhENxpcibRlIggWQud3kEyXuhr68KjKJL3b85NRO9+INHPN03y1ly2XycM+GleDrjyonsCDu1PldQRUu1ZVy0Wy2mcI6okT5ELoxxpowzDF5bZsKsWuCuffD37+5hZYtribGmRquQbBVSskhe4eMF6hTufWMcPEoysPcoENxkiucH66Kv5Pv7i4peNZYGp4BZKOn5xZPZpSMGiIUmropNaM/D28vn846nb4QsBwOzSrwxwmukXyGdUh8WHNxAljINzv1ztSYEFPAJPkWkCi2jAw3jxCqeQ03KAmu71yisXQDvi5SjiCjxayl7+7U2d9ZTT8X+Yg7XenXRyO/+LvEz8R4Yct2V+c2fnR4oHcIT0nCvW7sg4Eo5ntbPjiF/qmN8cDVhfZqLEb9pXLTiS3ahu77IWWpGai1xo6TYz4B/BipnFDhKLaTXO2VuSJ+PiBE46M4rWOTusTjPtQVcmF2pVaweR4T9I9LgDbHZrcJHDAatRB69psipUeIfZ5EBpS/zoaQrafqKoZF0293CV7vQxahlKYZfpwiMPQLPF7alWOjrQcZrRaK0rP/6sdiO4Uc4ylFQeY8QbiOhhWsmqdNeHFhnEWlQj9fQq41FqXo3Jn838VE9TJQFz0nYOT9x7DyA1LiIPPuFiwv0ysBrU/d5v7uoYkhGxZC3Z+qnysebfeBJGmqz0PIYJgYioqS9bCnUQ1lNVzCzxj3DDTehtDT9/Gg9q20OyiK7pbmfOZX0Rb25YGWYi0rcOPp+QsLmH6Ty9ZNewRyJleFc31LjtZAjQFPe5CUd7V7DCj/wlsBUlCit1dTxbpP3GWA7JpO43Z81a/4mJPLY38OgasIl3x0toQJ9H6pzBPIJDo44NAvv/Qwj55oz/UPBsBlfYllSvIoZZxeBnqi3nHjCmdi/jpzgPumgVtqvoRyToCsFFXDT18IouOVLz/n3ZePZrtGNO4GFXTUhb9EJG0VokU/OuziXWIMt+xjsP/ye/MjjYz9TmPDSajMVLKlowthfNUwmQ7qZUrz81c78bOqNWF6nNrQRQUh5MLQvna2H7XLT/DuprcmflurnFMxRqZzgSr7OlZKWrisc4SMEGFftlIqI4gDEYIHO/ib0I2jIzi39UpnqVR5DrTrurtjJb+9qpe1m521rHN07cMQWkeXSrB1hjrSfrHpjQb3iaK2jeeuZkgCzCLGvj0rjMxeHkxd1Pf4fPn//iXROzrumNtSHwwwbC39P7cF8TL1+6q9pXzqx6Uaq7Sh8kZOr8k7IBqK3MPEWM+R1p/p+rzWlGAyu7BOVdeUO8lUPev4yGWu35lDF4VOWeUVNBNxcvMhEF1Q6OHJdkqzWjlO0sM78dQXGK1uKOIuDjbbbnJBffUzlxzBp4J8v5CaB8+yu9GIJ8geSQTkN4TThWu3yk+adariqiZbiqDcKuyfkAZRdluoGXnvm8nCfnOw40E3+EMPpWsnRPw0wh7bgzZj1MQMvSC3XnBcQgB01O4DIWb4CrnQeU7gE9lhcLBUZTZcEdGKirKA6FD2e0AOs377O53+rRBRaxPsCGUp/vbCRkkYtuX0Fok7qCrh/O9Ko2sulx2PoKVxEqIqojsH2kmBUNSaQdCxSoLhCkA3VLXRrRrtvWlD+AVU3JsxlEjLPvSfEjV14PU9ZH+Df3C5HNC+a5u25TyBxLB14SXNmsiDJ/F3W8dblCxgvukqV7ySDzg6DT8hCrGNGz405qe/2iqoZ/9UitEqLl99oAGAhwcHYxH9fg+ZLGm5oQ229pPY+s3vOjLjYQz170h5ESFbWYlV3xF7cB0feoHK4JCeUWjZpEG7N0il7WtlGps4BSRFCLLJcH057IzxP1Vee3Lz9aacBhYoLcz0NBmIHXP42Me1XpEAPS2oXV0iTxA3XVzj0IOosSnYWZSyAIN/PHk/tYWE7quw9DoYMQzfdI+pzxA/xTBU1MH6/KBPjb48zqITvkE4CXJ43g9mYr3guRFh+Q7PmyDdgUCUMbM8H40FnRG+I9Gwui7+32pOvDTn0g+B6CPwIk0u/MjfRLV9RusbDaPCW7yloanqgZpITsCwlqcmJRf9VamV9HVIQrmIAWpLOGcN3LbgklBpIOjGOyH/3yeV4U9RE4RCeH8GCz+stEJVDhlk1+cg3G7zjn/P35x3m++gqCpKrxOjXOpm7IegFoEupUdFrp7TeL4HLl2xFn2j8FScEsAzvx5nQpKj1j46mlwoWYWYneKKRRLPgES9vw+HzULtVznfh1MhDRtEnynVKE5CyUkfkS6yfxNjcKkfntZzvVHVulQKKLmbCesYwXRlSRuZl26oP23PaIYJ45rpZnK+sYT/cz/eJuoHA7iAarnSqdi9K9ke7HLeXqxil0NgH8+2WGiQkVGSOsh4WrvlL6bqkYEziQVE5gAAAAAAAAAAAABWwLyX3Tkfb5OOCQJinDe0N00PoBH/ItFu4o1DP+2UPnMcAhUUgDgztguxbAs8WAxiImgcxQKKn8uvwgPGtvoGngm1zeBiH6hiajKeim3H6clUxYjjE8Cj4JpYLXmH6mnCt6XeAFNm0uYMkkkWOw659hw/lGDeM/OyZ/3Oo/OnGjfzbZA4KLhpulSOzgiu6EjlaEyF8K8PsQVxam+BTD3bHXgtzukdLeP9hItUxtV1OPx8AV2JaU87XMRU8kSnKUdACDjn9N51kajLichlSW/SNn7+YLovWT2/rV4C9HzF5vJZzoq+1ih7VpW5G9bScO3KP3N7Hq80S8duX15yWLOnM5OxVxuTyfLva5AeFtlZbRzN8uhPei+hZ7YVfONQLsPaXJjl59LCVr19CBQMQEzWVz+ah/N4Oo0efb2WuIQLLIxl+iU82YOHAe9kR3mzQSLiXNSdsxB2ubSd0UhsmjX/Jl/v43L8etOEZ7MkPx0aJdIAW6eshXRZezVje47PV+jStMsviZLncn0I6xC3qZMjYlmoXlGfUtJbyiJ4wlG9JD+JdHNC7o1ubeDWN91FBlDjyZjQrI2sscLLTgEIWutf3vC9KD50nVXHlhbL5FWXibMkDVliGQKKtGNXsmeyozlmJIGJUd/P4LVnWRRl6b8i+9WNMxkFBKTOowlzSbU50lSzHl74RsiISuFKKG1bZggvkOec/GfrV++GxQRxSKwGiyXC/f2h25IkEj2BxiOXMiSdk85Jq6JRfj9bxBbigmMLz5w/mYI0ytuJj/mT8Jd7SK6T0zcPjfWldRQA5For2Swgp/Ogi/SpD6Yzk573iVKdGfLE2QHqmfxJ1Z45UiQNZCMU1SNMBUPGMgPYu28knSy6t9BB0EmAdv8NPy6qE24jAoqWa4UvEx+QUL8372ZzgeTLLJcmDj/zYIUQzDt4S1Bz7wEQh/fHLSDIsqRR9qA1chzUXHxaClpFqqKHn8XU80y6gRbV9MAI3PcHe+x2Z4kJhFJFqnJZ4f3tZySCklDhz6xfA7m0if1kqdowidFRDN6TjP1BT4V1b5H8bDjGBhwIrhwojVlPMbkR+gO5bW/bPgtsNlBH+B0T3M3vliNVOIShd46elXFkiMIky8eJ9jVM9n8Wgijy4gZ78duqJUSutBlczKESNIrMMO89wkNSRrDMeJGPVku9evGxixsQhGSFrnOgt59vNKMWk4w1u9SuVF3FCmUcXC9BczqUMU9q1lmCEdc8c5xIzu7AX8zKpS7FNrLbxD2wSWkm88v9ex2AP6kuxCpWcsgo+fRnDKWTtjwoxVYUl+PlkdsJ/Rm1US4bhPhrzKv26WuVHwb5JmbTzE8DEuatl5jgp6KNtOV6sYv6kdyxmS8ZNeJKZf2dOyj+4u5yeS0kxArFMrgNpFElWblf7XupJfhh5l0/2RB/zjj2KMhSFodCbYnxq865wlI8rp8O0iqXpEkOXe8WDRURyN69UwPdnzWxmlSS4V5K1OQe7MBGBPRb51mhMrqto4bB/uE4tPaMep9a8Z7bsmQ0CNdusw12LyacDhk6GKDJWgRkD/Y+Ws2ubetqNL6IBuZEh6zaOIhoLmdmbqPHmKSxRLeoPBjqC1glU98LcdNMq++KnuXTQWOWJu0LFcmrAdjXR2skBAkfaOSMvdgIHRyBO3dgRFkFGHq4vlauISx0/2v6kEHG353Vc+qA9jqzj/YoSjFKy1mQdcl0C27U0SgKFMxwNtrjNJp6l2ETwIA09/VBljcv+sGtDm4e0vtyZbVokhuwrOSxBjT5HsLlIkfe+FnoW8v2J1lEiV7yAzVyKKlP7sKXkpmb8S+PGeh8JDgCdQbkjKXBv8aNthnge0e6nQIcVmAr9xXVtVNLe4x3gdyIYjAfDUsOBZjSYmGbUrazWMmGrHN/ceDN6uqr4UazIxD+jGR/Fk2Ru/D5LODOrIRErG8paOekm0axqNcP/5xPoCOMlpmCrP4Q6uo2i/5Q9YyGNOE18o84wPLYEytO5Oa4MzJr6et8h54yyGhrGyr1e+zQHlA5uBuOP5M6xnPtw7iVXRJrAXCj7iuslJ2TtEIUGcrZsp6mXK7hlZvSEmN4ZfAqvbf+H5OtthgsLGtTSFuyu6xf5wclGzVcpIyuK6kn9TuJzZ0Luid5cz5gdR/G7B4kGEkenVuK6Ub2oM7Dx3B9XeV+QC4aAJz2kWOVeusIB5VOLK0QgU0lIz9lXJTg2wzp0ZSX4J7Y0vrUOYtrKuNRtW4gtEzWXvZiILCTuzuyng85JDJG5ufKnc6fnTnSSxOLInrsNAoLxETWxh4wkmVYOkKVEmUnGpJhMWVH+7+R7yNbYKAHpwlqEvGzxkS8INth4ZpF/SW4qqp+ueHNi7vkuOu7Jc+OJ+iQ1MaV+qdpV8sxv1JgWcL8N8w04BBrGFUYSbrucQZb4hr6Jv8d+QEp4202FCT/FGYASPffUKUfx6yqFMsnAZMvreDxkwVLrB6bj6somqJaPxNYgib92hfIXOlmOD9y0mm4VDqe4Bbfh0aipbmEfNdNbjvYohju0iNPcxlCS12D1HamGD94IxdSrLbmY+hFBHv8PYltSbR4a4mnNT/HHPLsv4Xb4zu/sOhUZFajrqgYrYxPX2K7unhkMg4q2iq5hAof5gSTiLuxSKdj8/jdvBYvw9cTg5gBMmjVUkK/bczGrJcKViqwjxHmIWqHusE2cx8bL9CK092rKa1Zetbcqds+Mtd1y1QTF+jaEeCYjwIoBFNEsptUNeqZfoCZ99oc9PwxVyeyhfAJR33WaqJIxWx6fEHJhBeeK6fFEmGv6s5PZP+JhtflEUNhdrjDlUcQk8Vt7w+HI6ER0HcFT6ua2V+eeToCb4+TrAb4O7MhdZejJy9kvKR8Wf9U9XRNQnLHdty16pwD61wHKHxiRjocDwSvah5kJuaodbgSW+dL+GSD4h2v7dWTF84PKhw5pt3rnCTWopQdGS/gB34MhUpM0mSsFA/Mo5nMR9WPTdLcXFR7G3Y4cFMvxGVsEePSX/ZseyHGPghpQ1rBQnneeQzreXN/0boGsnLWobiTFoa72Szj1MVCxEce14FgddryJGp09D6oyUfutEfxfb7x9Qkysr5cOV8V1dgJDJYLyx9IqwG8MoKc+TSS7lFGfoM8sBwNMUeSscHNs8rWA2nMR6U1ATFaf6LOeWksp729nVCAtEHHGj/vRD8MdD/gdPCZkm9rb8/YxV54XBSZ35mqpHJFuBj2WZWcZP8ayDaW8z6xsduAF6FmV7oy7jtjkauXnrxKzK7IHIC3f5v8yQj8jxg1+g2hnq+ezhklMwsOjmrXQ8Aly+FBV+RihM92tEMZ1DfSjvoPNEMDMxE5oCDgbAzYj4emQ2XHBfFnwCerAjGgBDT1iXrfCIFuUJw/UJJ4YPAgyyM9BUwfFkhKl8lBkNhHrS/QEWnq30dDdo78FqTRnwXYLvgN7+rdbYFc/unDheq4BW/cWh2R/ednzRKTlWRBc/7V7x4wW3AkpplUZ45YsIKEkyWdz8qglxcSaz+wkkjP4KFjcRYnkZNctF4hjQQVUaUZ4j3QqwFemJgz4gVAWlprB4SLhkn2OQWzbpcEs+NUBbhQFr0xUnDKdGUO7WENeOsCPkO/URQlLbzMrC0QYXZ7hoffZPaS1hnDnand9+0PebPa9EdCkaZzFMG87wOKk8TlMUV4/2EabSZE4KJkyPcRIsAyyWTaC7Pr9xt7m+SkhCZaeDTYUMqS3RGJ5BwFREQTP4aHv8VUZMs5VzVbfOJSRILFJjKa1HzTBevsAStT58vy6OSIfpheuQiSBkiVlry087l/JDd5ciQJdDKj22O265vob+htMY7PPQevs2ioYZG08pwxXYjtVVec7jjcofqNlFci+7EHYNNyXhLCa8iz4sv+h9zFt3HOAB1Ctb+bZ5a2DRUx8Fvhj5VEJotuAwwHUgScx4wFdrbtqk5HTs0y8xHaXzq20rYt2nOuBGlshCcFBwM1v3J39WO+1rBK5k25BoFCliEBA9o/iKkIXGQtOWbUnzJKCoalJ4LfPR9JXY4W3zGzumT+L2BIZLOKk9UAUreTRmeBB2NziS6mT0zwCUr2k8erA4kUBz/ipapkeFtLzDqI1RhV/zzYKCwThIGF2ovNElB8yAS+34vGOGeQLti9zhDVB5aHJvpg7KzpRyc9CD+Ld9fyVCmBI59N/dfpQfzRwUCdkrpVJqGfN+2qNrIQ2+gtm95llGVGnjTFi7Fqv+Sodd8se9lniuWq+W7wvfDrKcZZkre0zbTSVNaBMD7xiYv+MDcYkfNchwEMwlK0DNyD5HQG5ZQmb6C2w/1AZETHA7acnA5QfojUYFm6DY6f4AslhNbOlpkP2rQxcRQecjOHGsT3QEX/xL97d7Ibcj80al8Gi7p22Z0oOjhp1uLyq07cydT5sn35MW2yTMuAgRO8CJJ9qkd+Lla0ww3qM8DFFJxha/XX/uTHYvKqEun1W6HVwBrTHoABAMYFLfDfvcZ9ovS0NUqW71Cc0WWw4CvJMJZMc1/Ynwyg53T6E3eigoTAYTsj5zdKrwoVNvriO/3/Fnv6Ex1ctbtMFX/2FAaDg3wzyn5IA/1/tZEJjmOFPOk7zWicF44J5Cjg6F0sHt40VzcpVlsCOvJO9/mzQXp/jOl4dbyg0V9QZvbAkFjKS4c3sBVC3rgP+CELpgLCIsppl4FHwr3OgZEJ9BF78Md5owiFBlnoMQ9nPR2iKJMfrtVJjbUYqX5av/LU5qwdcDu9/+TRxZGDV/1iewU6dtYj835oCX4wAQkxrm2kXfg0eHlUSRw1HLAQtiqCeUbqoN+x+ZJv/OhyFRtnToSrerwsCFOtASEGiOp9TGWmMguLEY9GbatN5E4+E8/pByjuMgNTwNjtEsnrWYKDRl9L2LhfKVuG7r3QaNulEHJfMmU5qfPpnSvqYRAlcQiepPxrc2rt1Gmsaq3wcPGzTgitmhQrxp/s9cBGxOIRVoUfDJrrDL2DW4GtSmXyJTRA7YdI5UGwWcroe0yW/BtwKnZqp2oPR1w0RNAcFvPSYaIFlmcCYGZNhICuyIWFBJTLJ82rry61yATSm48v5CBPNQvYoKjTOSzUtGPoZWW+Yw/L0i1fwEy7pyMRDTBQpr5RFtY+vhqnRKyVrNxS/rzpvt9deoTRIuRyIh02TUemCoSIHnYrspX4m+AYPe6XCSDaPZ+wG//c6ZkevnRWikLxMmHDCo5Yu0JDAb7H2gncL1zxke6BH88i0o73aqhqH4lFp4XV6nL4yHU/6kytTtBzzOD6NiCR57B35QQpCqReOhVXA/XPihcJeu2tf4+3MbMKapOqzQqPHocj2DHr3kwqmIO1qLE23j6NlkW8QuJDv3uGZzQhOR69m+qLIdTUwarscsAqI5BZBBmb0wHQLZ2NX/1MQ/GwpTzVNv5wRPWcOE+X4FLAAAAAANIoiZE9jQPRXj8dKbF0NvnjNYghjUeNVV2avZNvfh/E8QyHggIABziENSgiG4ieo9UYVadP6AjB1CUNBbDONGJTXAKhLIIQgkFUsbVh9rm5v234wJ5A9ky8/Zwi53NjgRl2MhUc7u9h0rM/++bnQIFLQr3Yh9BTDBYFOrBs12yWAvgXnjuSkM2t7rMvaPyZ0xvsPsnNuU3DL134NCj39/qCU3zpbU3RP61EYKmETauAkERgi5tAfXWwQdGIqoTdpQ//nuHjtW6IWReTEB6rEZoNImLAeXgI0Y61toPIDhZtBzNhHlglP/qjf/LJOJQX4vN9ybtCiIpvRbgks7sIgSEV11QBfPCavSPC5AWGTWM1f9NWeIix6ttwhqNppmDEV0Aw+hBkWxixw99ui+I7B958Hh9xAHHJBw6bNf6MN3VfUJ7lHcRlXTTA6lVTaWP0XImsEKyecC+YiyZT535WVkw9KvFTwCyWqh7u+0cqNTKO1nfuTpynPRSg6htcYBvukRXJjbLrzwQavYofQXmPSVIY6pOQaY/Fs29qzL4EWu6OldJ/lByeuxS7mHtlMLkBtWIT6W0id93rp1PgzYZM4OYPZmVoo91plH7SoBI9O+DqUjTXx3jlnIhFT6ZUT8CVQQcnvJdZLaA8q76kI7yxl/uTOdGzGaamIDiDiLcs5BzRX4kILmZxi2SPZyMyXeuYpHg3vmGo92ZQyqtZOiVt9xxq+S+N3T3z0xFhZR114PrUJaif0j9mQIPfVPbBg3RA1A4pJXZT7tRmzF3m8SRkW8AFBK7unrV++u53B7ZlOvtuxyhWGyAPOfOtkAvP3S4PLFEPZ96Zk7rE+DTUziMZHu6lha2WwGwflVghXXpEbPVHjIrZP+ZLAM8mbGS7C0aGkjYFerWNo4VF+9PzkZURV3Yc/66pwRKvH4ri3mUe+LmrJOkvgkfuYSgwZpyFQYHG99WjmxUOEBJ3cy1AnBcAiXEl6h/g7La0yjT/UDd+CuEDIZk5lNDYhDmyqgKG8uYxhk/CvB8AR6I0dDjen3aHkgMxkutbNuU1VL0VTlVQbSFl3jSjJhDYLXEPaHUTyliAOqUW244Rk7P2SMCqO2Uas/WEH59QFWHqUPXIJ3K2O+yOm2jpUhlYxasCJjuNwv6+uXEkuh50KkukP18vXvRUjUUNKzRcfTqvrRKvW415XQ2y5v89qUtd5RxXgsIYGorPe0c/0fNYiLNDtAzRsH+fIzjUvVPLDxElxdKYtKXDqF5zDO8c77iVZe67B84MZyIZqHEqV7WS0ObX3i62lXkFsJL9sWv77+Po+dhR9tRjQRxuz2+K/b2r8jnpLIJaasQaf2zJJ7GfcS9SDZiMd7sBINyre93w/k7HDcTmITZRk7pC2NqgdjCblxbo2E8JNlI7r1qQyq7WuzoIGTs3gTVLZauI6F/IC7tty5px6qc1WwKJMds0mp+FIDmpNWC13i0TgRwaHbH9NmnUVixiVRFP/e5RNRXaygR7ofTsBtwibKAe5g8HxO+DfE54019OAM5tNIUAri9dpJ0eNPJfjoiPc9feNjRepE05SqOMK/rY6deiGQrYyYKKOgVJ88OUs7zWHKVlW38KKR4jIruRGHZoVrJwbFHpvVjoktrBQUiM1D1P1Yf+z+AVlFLdFjkqdp7kkN6fqevz4yz1b06XFVGR3KQ1gtbxkxV0IDQKrVT03A0/clmgiFEgxqzIVSEQjMDMkoGeBfCX8D7rGVsnau0ex4wl+nRhphqx77Laomnri+vqG5K91XOhaiLAciP6xg5vDxtfmiZcixNXbDYvCDVI51H1/tuayP5x6GETsXqzZrObKYzTzuuCEWAKjFSrUu3NAUpo088JhmM6FDsEIu75kJq8JbLfBJ4SvUnXuJlEL4/ouIUmDWCK/RUPSYCOZji2AhlAHPQEaO73jdbWc221TjFf/4WnDvf25C6Z7rgZUXm+H8K6uVZU4AZUV1MiEPWxVcrxu9KkgF7oE5PjvP0lnITtnXzO01vf4aoOA7Tl1HtdNk18JPx8kojZ3gFw9IJT5bDPO87k8LGAzJx3jKUAHZlPVRj2yEA0A5tTILfnn808zZArKc5TJu1QsLUfQU2gqymw9lJhCxW5UpE5qkQ9GeG+yiNSHgn8CxpX86aIhaLyD5LszvceRd1CWnF4it9aHazaC4nWQpxzj7WN1Ddkwza6zTzS1wAfD4EE8sTsYiQtrRlw/qwh2sjgq9exRktynwee59I8hn7TJeoAAJVc+XjRmNvz92IKwnoHGKA54UEAx0YVCK8JDdhhg9QR5dedutmM+gblfhWMNlAXAMadIRcRaL5NrFbTrTCIhAj0L3ctGGqA50UBNnJNMVWq6doZPyJ7Au1tRiVAirhsBjI5/KiARsZJCURb7rCaiaD8ASvNHlLb50zjnidVDlK2ypfK+UWjDiweR5LX6K1B6V1jx35AybMuhhEUS6rOdWLc0zC9/p/nTwkNY5mRC67Wfl0lgIYt1EEEQSeCmZMWs+Ofe6iWU1MJaAQnj+QTDkR5gGDCgSn8k1CpwrGRLTGsL9ZfJPmlK7+nfxlcpGPbLw9x3YRcnkba0XBb53EglqlH48p4h7wVJ845/V3QuTfD8jeH0pwDeJslWYMzLPTs81cHK2eTvtP7F5C0bAq7Y8dtbhB2k1/P7UE5dLUCset+1UNQFG61XhM9yacoaVuCUMXEnXtj+YySq67NuOCNfIDOTj+NZLWFBzXi1caO+YT5AeQ5/R16AQZOp8gwPZzv5XtLGPh4fQqRETAk5fy/ECt8A7BP7PSfoureeoHrCqNOuZnyEhXE7viYGO7/+Y+y/htogp8hfjHekjA/JM5quwtGaK68LXCUaIJhKjoueWWia8evoM00IbRk5k1QfrG221neFxgOZUPr2vsQYIYFZtkASQmBb3ONsM5AcDdderVUFDcFezK9poYTtqxer0Y5HbxQTcZJbkVHzxnVn6Ak8hFFa7XouK27CIarCvRu1OkNJg70RIGyGyP1UU2sT9/OuAXYQRvRu3LjeUtcv9wQjDiR1cDeNApLGwxHLI4P9jXbbMUMX50pXDUrbyTe95EKyFlR+2YhD2gmqOn+IukXvz/DIL01g7fLBwJgGkjIBU6bHiArdOGK4IPkVRKzvKe70ef3ZF5PvkOytFWlYrI/n0DexSwEgXHgqRGKPzFawFo9/mzTDYD8tmR4ve/Qxyf29xaLGLYJQMdknGe8w/TJHx4z4a55yARLpZXQmALxU+ZhRLyzEkTwoPCmXXh4qDcAzGC9wIyEmbOOzVwi9P2XUHZWfWqJ9wia9klOR4fiFO5AnkEmuHCUj1UQxFtQQZqGDw04uQ2MqntV9xehsQPtFx7crXrbiKkTXN65A+4JYu6FDitJA4k7L+oynzEmXWzqqm1aggQrNtGR/JenyQgzV+62MssknwXzw04/oC2P7B8up/m5A42Udp02Mi3YymWxINHf5/K8ycuLif6405EoKmpOp48eO+7kbqNyhYC1DbObHskGb0Kq0o34COlz9G+6nqSorB4uQzOMqzFgNByMuy/RTyhkWT6AhNEEi6MpE2vSSf6ElZnsKB/yJ7J9BDoKNG8hNzJnwiVuw9kF1FQNjrtZq54FlECGtwns9Xa+zvfSx00pjGlGD4x9bNEXAYPqHECgRfAEwnCFwIJ/AmwtfSeAmNzMpTvQoaPfRLYtSaNvmvc1HbDquW16PuK26j5ACKI5OFaCqhRcC9V+X5UZGB85k6UA3wUfeKI8j+T8FCHZGLXa8774QqRygnH19j5/BgAGc7vr+R2g0uxHECfdkZJOyGRH9aOM9w3ehotaOvNEm/FaJTGgVDYcVbbFI+rvsB55+PQuycEbWyTowlEHNvlGkZYxsufw9Plbt3S4zgSXqdlqpHc24a9IDD5aqn3JRidvUCWGkiFYdc8hoTfK1MN5nbv5AK6SgIx5zGtulTOf091GEwiS+PxXntFtPqpyIZNWLTpkKVUjsKvHrHBgh5ThT+S3KWQqMEdRRKfpfGCt6TOC4wwWME8hYiJ8BBlmFjbzGVDCovdJ7dgXQmG9aZkVZnm9bio8zd8OM6GWUud7bZmJ0rz1pBrclqoDS0uZnjUFixP1SiBXxNYXKJjW9BsIW9THtlY/z8bBTVGB+U6Q9ZvDCnBYKkjlBTxFw69OchnHUxXF/SACYjsac06pSHwn+AwHBIWJXsetD4+Iz8xzFbSZedJnyz8JGqwdY1Pn7e1Uf9NjTiUt2cfFbfP2g+WONaR+Nj4nqa5Aa75DocuUa43sLL/K9IOtHyPaC6IsnkbKSVj14SsnuT565CTTsDOgcWpHgBC5M8V7ibdBRlnOZlGYC5GaxiSetPvhnd+9NdRaMT1jQ7lY8qCbYJi5h/LDzSprtp0J+u+eNl/t2oBhjl+ze3wZ7OpE7hZyfSnoqVY+5VtQCxuXw73vQIl8b6ooBzbKbXWdgpGF8ISJFiZZKUyr77BEiNO6gbqTFsfw16NE3Riwq2xTeNfRJM0kufqV3r/Ow8dVz0j9YZg87lbpri7MuO6bLCoOjZ5lT0eHfqFyrXpLj5KnzDoL3/liiKvzehERq/m9ieVJmsc1kzXDYHR8d/5/7Opw1CJ+ugEUeXJcYVRjL2Zqq2KrGXV+QzZ6kSZdI9oO0SfHWB6ckZ0pyTWlyn8m5QnDM1xvqAkJhtT+KJJ8PSoRu1CSrZPtAe22tzp3DM7PmcB9y/Xv7ylPiBIwxi0zy682fQbc04tIUc6L3yPTQqg85w7mx2ntXvmUO3tFrmOAT0U/rJQfZTB+U3fvH1Nk7OiD3SZcA39K0tyH395xo3rezjhH/jRkQq+y8GeEHDdI3sL/q349Ue4z9PgUJgn2ZcM/ru4actMP9HlES8V0+9PDWQMrXUdeI6s6hqghX9KzvjFsflhfongXNrlkYcQj3dcJO1nNZ46/bCzK/vSpwSaJSHhWN51GWRpaOc+UA0PgD8kPH/mvEutGcz1uZ09SlUOCLgA92A2PYcaULkP6rDeF37lAYUlcIw7gj54gpM8EdsED3xSXYUFcZ414BPPEzlJm/uOSZELIw1AyDY+3Vo7wltIj4BXBCCivnzpyZz5+n42wdIUicBHw+jGakmmftwt1d7HmkMJ67Jv9rEXWFZuMBPSA+Pmcvf4lVafwX5RlxXuodCuVJm9DbRNIkBhMAAAAADQ1/XLtYCnjAcSI9sioWTw++CmMdO8C5ki3CYRJrUQfBUTM/fRtD3ME1nJVJL5/NigbO6+Gxcv86p2d1m9kVT69SXC15v3rh5EpWmpyHb2aBTRcudy8vBrqVMxbR7zUoQr7wPEMHzwcoKmLr9dJT4Pz+EDOvCYe4JwQEbGHSMyDGon1m6dduRuTtCgU0EGCguiijsXxmjuNriw8/tJSfm3thv8wUwCFKwy9+mSp6uggtSzAedZAnqHKuZH+h2VcuxpvHCEA+H4uu2xi+QDfpNkAHbDf17Wa0KZBLLgiJJ0EOXW/3SSh5KxYTm3t8iVw8GdDGRdAKWYTjGyYUaJZJsbjgdeGAPY0u9psRpP69VJ5o9x+YMyKZncxcN/r5EqW3sCrMWcQz8pCnQnOgr6z5nzmfn4aXN0Us59PG5qZ9yH/klu++dDXri8DtALCbtHF0bbt/qs2nLE9NPT5n36wDDuNpbqeVM3QT0/p2vfd/kLKnXcB2pfdIuhyPvJ1KWdo5lcEbN3qfgroIY5H5BfWJDmo0Nnafl5aKEY9PJbELbssD7XP40UupjbQfH1sVpPHF3g7ms9Oc4i4u8bQ+FJk5s+k1mbHqPC5oJfxIVjE4npHpBjee+x8Lp8nlKBx16HUJ1uNIdr3zt9IVwDsaTPkuqkWXKvooTGSRCU+LdNA+xtVv+lvLJrZ2MhpKjn+LHcul3X7Z8HHtHofubraqQEqQulVEmtbsmvFbM3m0Qjw4Rjyfy5uIyTUbxHTQfThYqx04ldAZIdMV+u1b0eoH4IMDS/XuctBWl9g99pYHGWOxCWDKAuinCUvTyedA8x8DxVIeB1hLIt/ANlPPsJO6Y3XLwylHuX8i89iSXC9Rs14FqjRoiMEj+XwEIxCZqSk4SNGBykOZkf0e2uKy2xFQmM/Fu+2KfurOvLElrIrg8Jrh+56T4a1/LPq/FgVXZBuHfMCM6EN4ogO51qaly+eopHBWxqEH/CV1Beg3xKch9Abx9UAiCNYCXInicQlERsdOCtY0V5kJxUPeq/8YltAsXoUAKhGqMHz4PQCfnOmkDKygAeCVTv1V2i3+ViVYz3p6rCxnIc7ne3mP+vJ0szmkX+dBRwxdTXNurz0dLuyNyApB2KGR6m/KqZH3w7BQG1p+rfBK8H+so3FRMR0sPTQU2ksewgMCHtXwFEoCE+rtHuHO+ZcoyTiOWyagATV0vHg/axcoChlKDtRDhOFyYDrbM4ZFf5tiZL7khnjlOHJUAb+RGtA8d3YNrFe6LV64Vb1xHIALaQakzG2/jDzJY1yB3K89f7qYKoXhs36JLC6a2OFuzEX6gu0vfPcrC3k1M1qp/WjyvtOi+SCgkzqnJeG9vQcTf6//h38ZUZIerZ43rwp7mL8nf5HWrzavVi27odHkUK8VKd0SmLmgyk3k214ZTP6A7cYedLdj1Ef4NIjXbqFi7ANouqTNlS7v/hzqSVzJ/Y1kao9fGovVpIy2DTs4bs9CN0c9uBv1TG2XFckQ7uHjXqiqLmmCh33hr6ecup8uyMj48CZ3J33mW34tE7B6RKvTIXPPgw+V3AcPRTUketeoxJI7xn6wDu8r6L3WOsnfOYBwm/QNoCX+xXG/DJ6ffjuRnMyJTaHbfUSQlT0lhjDydwXVjpspaWCRTYmVLWTTmbgC1DZQ5RxtfaAb+s0BYu29hBTdo9Lztwzkp9wS/JlDIQ2pb8kmosb9ETQvex8MGSFJ0C0IgqDKdqeRfe5Dw1+Yjh07XsnD7vwZKZERpB3Wk8OjnXvw+MhaDbsmdJy8iAaByWZpjSoI3wP9Z6zVsojizjvgx18RwHOR1kTzKH9sy/puI4WOadL4p6iUKnsd8a1ZujLLxmCw+AJCq+LQ1Vo78+0vdGR5aND5fdkso4jfhk0ES0OjGTJXql0uQel0HpxvIzknm7WP2/1HDsnxg/WtfBfL8DRg14+j2YPAQqmry0NyCoVZhBw8G/AKpaAXHkoFLSBVdgVyAp+wTbytN8EW9v43kY7KLYL7uySbD1S2hM0iPz6rWWSLywhjy1NnzhK5SPxGaFS8hT/9s8DkzJvZT/mcE04zyQaTVIcZ+aPPs8vkBSBYxdLdZg3lE1tSrsH4RPGpq1u1PrgRnD5/tfRuDp+TcBsfvY3i8FIK0MFF+OKydZJzXO9LHGmijWMv7U45YeWHAUnS2GZGP0q/ZLvnyUBGcRB1UBkb29GkZWLoyI6otewNq7dtKNnR+F6LscCJGF9gwcn6pV5XuWgK/vTu5X2G6LA84Rw3cn5SXXslwsUyKc2TlTaUwailUJlTkmnlvFC4raKQGcs1kGb951d9Sh2sRDzyM/IwiHb48cQ3IJhyv3uuYRD3ETBmM5CaBVUpfu4JDzJTlVV9uI3Zl6y2Ja0j3XEf1nwYupwn9zFURyzgMO1p8f8CwZ+30bL+mWzsyuoBMwMfcWrC/yjuRvOg94/0nvDxg4x97qPkmRfOIm51Ibf8t5Q60EApMecAPpoU+u0FpCxfPoR9mECvUBG+KJ8O2QLWXTsfVBR6lvrbxaoXkphZ4Xwa8GKMka8z1+1lDdQDiJCB2LjA+hZAs1Xu9RGB45VEew/VQ4XqNMJPyNOtBIY/aukzbKrOKAOjcvG1MywpYSEs1bWujkEsgp/AueuVNTOy9mAHF58kkG9n0j3JZc1EqCHK0aG0LFQyi7MEImUKZHiw8FyrnxpN8nCSobqQj6fFMfaHunfBoDK9RJwZJkOc/0xbyo0jXz2xW/Gu1t83MMbDW25AfuxdpJOCK6Vm+iFUV+AkwmxKToA0NboN+FVKIHWztcfjZMBqhHD8cksCaSpd5gME5lKSZSZRcwdjsOnysI1rFevSc+7BdmNoKmifrBkl0v5puXBC4tHMG5hJLNystXrdO6ELeiGlN2DkCldHfPZXnWs/9hHGpeQ4TPf33bEZOoXIpYMaLtgKeytQawja5Xb9cT4xyFMBlpQwRFC78E1/oO57fkfY0e3IiMfNhQdMNs4Xpmadacy9uuyyTBzlHUHTBWex8m3Sdv7JfddeAgCu2doV2UjpKLbOnIZ/Wvl55AgN1TTnA/0bCiuu8w7pNKiiiyZq5XwYYQ4jzSOYgl/78A4kg8Eph715G2Pdt0CfKmaCFI/YrXyKnTDAXRA4hwPwmKXYXbP2JKIqbqphQRQpnGr+knYmlaJ8dy+dDV46TLBFvNAELIpl7xUJoJJaB113mN5fHRCshE18pCywjBmQT2Js6eCVg6VOVuDImTx2ON+W4fMshF7JRi5mB7tAT8GBbuGa4U3Dw8sx7VpIwWfALOrqA0wXO6UgKAoX0vjR9DOXsJtDzsz9WcxBWqWVGlZugpSQ5qsV5naPgfWOTCR9x+LGVTYSbFb1PzEIC3zbPVXrRsg5nbKO9PKPl7hADX/HAZrUKf/nLlqiNnEcJTgd3TtTxXEf0qFxN+UUqcqxs4dZvEC7KIvWOEBo9K7ddbE8cpg8RJqD/P14qZvcUbIdbp6H5VnxZDNM85V+zbdH5XzToPfIlxuJTgeF7Z9eE2yysjyzfiqL+ux/e+HYSXr1ZZ8oZpLAbf2sCm2A7j/O38n8oB5fnTToV66UJdLwT++al3xPxEherhX6MSVIAusziujEK8mGLdGD6SOHaz3ndkhJxvC+0TKkdUwDaAXIABqDJ4HT0WlEA7n+LCXXENKriMzHhconqmokJI6pYV+Y8kElsDwNZ0KYsyKK3dvLccPD0e/clmVPBgcJ2Bki10LiQJRzMlJVphqIeCLFOdepjgxrFXlxdu0NM9K2e4ZJCmnSQKAcabHy60xPrjZuI+qB0KmNYT60+LLeM2zlTZ19nYyfbP1nmorCjsfVdQNZVuVFPZQXMb34kr7xdWBYvfVhfcC2R8rJp2zmVgH3xGqV6fzwlDgLscrRkNuKzaVio4p2hy5ixIsisTjadLdh46KbsQ/XD3YKhGdAyGT3Sb7XEC7ZaR01+qSvW42pAPGJKhg/v//Py43ULkzWjqZJ0T+7xQqR3zz62Vzs3SJl2TJH0szEmOI/2vrDnvVRDNLXCILAcjlYFJOTi8EjT4PHIUg2Tpjs/f12UsmpKYVSGgBvkhaXuxjFo7acAkQyPSBR8KlMPjDeyJL5WPLCd2CPcF/Y+N5UwtHmjWGAsPF8iGnp8IqrNicjBlPtGfV0W3e0cF7FvaP5uQiMJo31csqVNI3qgxLsDtaeZpvaDNPPnthfD6wxwrtajUGSzwT8gxXQEFfg9iVW+gVslKL9ON+SY5Od3YnbXQBvo2hs6JaRZKS7BJ4G69L8pKio5yn2SNTyfmG4oUiqufmt1RUk1qiJWU228Fn6vRuwsNvyYZmDaribQqdN8k59gLK1BfYRKP2BW7czczvKIxwN+EVf5ZYUUEz4c/lT1uLfSjdC6bCp7aStqq33KVGv29+ab+VUrWUrsxQprOHMv/2weDAZXcHwUhXdj5YQ36t7pk9CdRU/75UlnAtAI1fabNSxqiMqsbnjWltp/VU0aN+4mH8ZXigKbJm25VRd7nhYwhWpREKEL9tgKvPCpazC2K4ZvlZS+jMW2+5HgwH7Dtb3EN3dl7H9CqgkmMj+MIb486qltNZhol4OMVLJIqLW1qqAhYoBj+2WY+H28vgXBqtYglITPRA7PdOykdy1TKHFa9HJEd9x1UEqJmbA+SPPdEroM8hzv6KX7rbgoDCKX24J2ZGZNOAmffe6eEPTWSozyH3YSiycRmPFOS8Lp05JmiUFp/h+KTFN4mSjkXuqYCHqr/ke1hX+LqkxQmbdHqjBONKpOyc4lY644pJLjVnOxDLkQXqNdNDVf7RJSf02waT7ycnLy3C4KUBQqmDSx3dVEyM1DWg3cEZkeH/bo70cqP17JYWRjpggLOkn+VCrwpCv3nP7kSIBFEy/AI7dlPZqi3Td9g9LVloBkF21iduoK/Ago75BOCHoyowQfiioY+zsO3PmuETR5MQ8fSwIN2h8CFS4ahdk+YkmXGqZ0budgC7iJ2AAAAABmrR8ir+pBCZ9/McXdoQM5wtTVXS6Wk+jiCeI+7/Kds35O6L3CrqsY/7fxBH1qacP7Bf7h42nJIoqi2Y4axaLL26VCy2MW43mwK6H5/812a8Ird6ZjredXwV2yoGfw2aWyNFeASvipGHlczNjuNsRArz9/vVyoOe6DcfqViL/zbdI9QiwgKtNWLzXKOWxa0a6dAuA/Kj4lqTlmvDPww0tdArJr+NLd+yw/BxDdfrVMPkeMnbv3OI5sLXrASc1tJwCaHrASr7YgXmP88M8f++/YiRKLkT8pRfe2EkYzESb1jucBzR2Wy5yc5mYlKN/PjlfpPdva4P7lzyawSwMLW+EIHaPwWwe6hnCdh0Lxd3WwfGDv1oTeBqjL0QpUfU1sWNa/rl3XizY0/6dP9jNeFbCd5IhGCP7uItsozB/THX+EhAlRvZBGzbJhqD9c5a+3xJU73ijYE9hd4L00pwCJ4fyagD1Jol83KeolUF13YefRB2wCwW1cbJtJMBEnwGnbonMRmZpbEbPCd2MCyIw7z1CwG6WPSbp3FSCWbkBgll76rKGrjWYghrcaNMmYLZMRdTDyOwQpvFIemoMt+/kUVGjq+4ov7XMIxbSXz8pOIyuD5OKtbiodolStd90LIKGVBiIoIwypQ9gRMbWOmod38c6GhchtgW2SKJ6WxCQqD/I6o3DYL14hrxbRmU6f3h3dgQUE+e+gKVrMmgPg8h//Eug2yy0e7rlTFDGIbcAIl1lYJmzIuKcfjGfPpLKuAqkZpU4mYKm77FTAZBb3ryaRMdPKfrSoXRWhd8+KaF1QnrM7MycKUzRjDBDgFwgL0c9Ii29QKL6LNsE+QYq+av26IaFXFRx3pvQOOcpTGsT3c1G2ki0NYlE3soOgCa53IzsMs3bWkkze0KSyjyKMwH4OLMToAccoLKsaLd45h/qXhCToDdwdR4vF8jBfLBAMrM9GoVIMhR6DNiun4gS+KrpGu0awn4ztKXZYqkUHDizKaEmFXux8KtewQby8tDeyfwDiNfse3+/TOu82wOqx0k2gBDGbFEaePUxZpxt0ZeHxDTwN9PqULKGSP/5zzKBJ4X2M62/u475W+MZcXoCRbj+FnQgR4CQNjpYs9Jsk3EKbEzUIkS13kpPDlB0g7wUCAmw1iqTN9qvX3qC6gyvvnm7TtPcLe8CSXbUBO0uCrJbvc68McjB0poazCG3RnJJpUNy7I6MERzzF+qoNTgpvboimXELPvc32tIDA7PcD20ZIkdunTG6DjWUNaKAbwaUdY9kfy6ro1VvFvqsAhmakMfKR+SILWJV1zRazNZmTQYZ5mVVNE+Y+OxV7Y9jlnWHidd9LqYSxRxwkYiHg3VYAcYeJWA/4bqvgGIYuZ1LTZx9AKZ2oBjuDmPE1XqSRobMCoIl7h7SewYjNOp0nG8IOBGpSyLTZoHMHb6qW3UHoEUazJo6oiTbvzKfYxSo3ZfVkfEHN9KP86Wg6C5FhWcsB6Gu2YXTjbJ3LI4r9bxHQU3ixdUqbShJVKjPTuw9+mhPpBYgddKKn4zhs6gViqy2w4KKl9L08ajZiqey1oKsvkQHinDZ+DCezP5CcDFdGOBbQWhhK6ML7jf+XNu/8wIR6Pt/ZvE6KIrLmhlWyq2XWZTBKJoKL61oX+iqauXAVuEH/VeQI9KGO7DkN0Sg0rp2yuK0B/hUTRgIZYA0ijp+FT7QXBOSbrWZzm5pUyq1yMdFYTATgsUaPbj/buF2LFNDUCTXuY1fqNmPd6Y0N3/GoMgyOw1iA+oRHXlZ4m2jEEkIEoxvWiEPU7rQPXRY3G8i1QQeqQB7Esv3fzaaN/H8XpKBguNo5whpqqY1lHHBm3Fe3XJulqSDExtKToDyoVKdIxBXyNCAwKTSYPsLXGkfIyeJR8eP70qee/2XmMFqRk/yX+5+zMNONcot1UmtQcO53Rn4V8U03MAfXOw6oDxU8+4uLEjAJGsfKbJy0iuhUN9eUhRXDbRDIOU0Pycz5M3UKNTqX46WYmkbhlUVJeM61pJvahQPlIrJgujErNMBsBk7Jr4zs5D8RZadSFs/6h5/36kCvMAr2d2ceUcCb1C0gECOshZYF0nUokC7BzYjGyp4T08X16KSUet6BDT60IF0EyMVvMBZG4OBFUDHkm0ZKXaDL8C8ZGpPpTesuodcfTZpV7RwUd3NmAWBD9C9l9COCs0fz3T+pS03Q4Q9wtlagoc8cFues3pUPmX4enWMUvpc0G3yzHQFAHNb9xVUEo7LzwemXmK7SBzMjYbBbbLjD+k69KkoPzBNATswqk+InVALDqav3IJmFTtX8+uzS2s9PGgHyHCvCau4J2tMcjLyzvc7kXPzxyU/SDsDWiEGaCaRY5L2rSZmgr8N5I8hoAoSyEmjPHKg68fCPn+3RJTyOUq/XL8ilcd57LnDBDtKSCmiLkWG/QN3+NLbRvd9Su2wbxZF+KAhbDufk3cdaQeABH3Yhz625FFlHo02gfJfl/Zby2MWjalrGXjHFfvaBVfcG01UUvdR02R9fiA1RU6gMUi6LV5L/1vQ4kskvN7SwSUJnOtucGXWWSgWSE1yk5a3U0Om9yRPCuCU/iYW0yRjBV3dgxtHahmUo8ElbYBNtqhn7ePbAz4Q6o74tAl4fihBmQAPO1vPeT0G7BcIH0mOCan/EZ1MxgPhJcL9ZsQlNWxTZGrN2sUzr5We4XatX+A9/O1kbxV4XcREn/Uz6Lrn3+v92Nx5IpwfHLi3wuoZjXp2vfUFGuFRUfLkCJGmI/hMTAh7u4hAOXShxAZQo892Z0RRenpk7Jsf5sfpxR/bF6bBnpPEVKH+7cB2vWfFp0zPMkBazkeUU3OGP7juj0+BQHAtUfVw8sFItOFVVGKbw85i+Hk6ZO5ME6x6vlJRgCmoP5zwJ45ZLgwK6MPsbRE07eXmlyxxbzEUCN72xRkCOhUYECnPLb/atRXr8ASP6uajT1u2dXEjA3UclyziCVFJMz/4+OznpLM+srHw3YxIFrD33aSubrkcKmN4VO5RTEveBFp+bAhSVhYLY3RSR2Dr+C8sMSnQsdxFOv0D/QoPKCpN6O4J8VpwBoZ+YZRoFJkLa5Iq9r4ZdYEfMnoxOcEygYD2HMvkTHFnbI/eQnlA6/V0azeZUFYAfH+v/I2r0TVSZ1TVypoUrQU+gEXM+ciMU+Ark1682Xrr+VXFEL/fOLTlu1phYcdl9sZaeIXwegroGew3R40zYCnkUImV64fMUY1fFjVnY6hOwzv/U/HpHf7NxZ0Sw1m7p7zF9OGAdzmgQR8EjaMFmF0V3i56H+5a+bT1t1rv1pL6Do0EQ+I2wgo3shlQQR9BI3hNQk/RrpIO9lsi18UxSo0Bu1Wq42reGsL9oMqeoJbDCXCW4EYMtD065sEjvBWg9eIC+wlh0U7WUceuKXOrPwHxkyHjxNdKe/5qYNfrVHIBgJRsni9zClVU3BosxelfEVjoU5KFbyrhC2NOIPEcq4Y/qNltR53XE7K00KYgJY0zmXOC+ZKxZkokvEOEQCJrsRQJpXss0eNRdySq0t7sYTyFKMaES30Xn6r6R5Y3aBU7ygDaRcBBOtMdNBHVFtXwyMjYzrqTNmgezb7aRADFYMjcy03irpaQ01hAx4UaTZtF0YtnUMfrKVWBrpOfdg4V0JBDOiGw3wOY1XZLtpeI7xakjuWEmTNBbYQVnlLZEnLV9nRPrnYB4Nnm+jOq736/7tkf+wy87jKOCV8I4FO9H5ucxC3EuztDIwtAdw5LhspKAYK5n/kzOAlBYqphTvsjlzalJjhJ12+OhpZH/L6708saX+bVy0GLbZJE+Vo+Es8gD2vZnECGoawoSJrHbj+kZz6HRy9qCOeNQE4Vw8OkhviR22/UdfL54rw5xHaG2B7yQxuJwjbEMAoNO0yYZVm1/ZbEncj4xUfiWQIvY3Y8y3KP5Jx3mbPeKOqAnGsmcqHsc15WpuYLXt0xRRaNo/WuF7ves6hwqg9mkagxiy9icU0XqFKRtlMrjBeXVvlbVgi/iqr+F3OcSwTQmlEieiJWRN035NLYmTL79Ecr21NSet5tMv9Y1fnkMq1PbiSHQMLo/tjFN6us71jZSUyNL9Q1fJ6+zdQjBnOKtTGsX2txmvoiAL/ScmfSxXIHkIKsPWMLKEYWQxgcnX+XBuBw3cjFJyHlSOrPyEiH3JpZl7GXA3wwEmyIqsafNQ57y4Jo0kZfnBZIM9XUE3prTpC2400Pu3xeKtbbsRp/nNVCUUtpNyjRGZnQJBgC8cNq/CMA2hxJc5BU+5iCuwQkEmPMDF68Is5WH6X9+6jNenVKImew84fFZ+stY07gR2jI4qv5uz7xayaUJZTVKkX9VwurAvCOtoCdicgs4BlKty55kCoySErC96eyUy+/J11PTXtknQAlPWLYfy80pNh17jaHxKsaU2wr4d3x2VYv1I1gpHMyPzmD0LR9yhvL6Q+qejieCnhVL2WzUok9i+JZTLbiYcCvPqnPnrRJKM27rjtWeyqcW/znmwh+TP3ilteuJkzXWUQPxJMnbo96niQC1JrYIcKkWWQu6doyotkYmEQ+Qdxp8urg/21iwjnYJo+PlVLdAYQoYLyaO6EL3I/Pr/V+Bx4aHl4Kzh86UsYy7LsbvbcpGxFHifs01QNq81MJ+cE2YZFk0hWrNxpCIoyJiqqnOywxqfwFKMwZ21O3+tt7JfI6/TH6hfCfDEUK8ZtxyijS7gcW/QA+fGHJUhPQFKay6SgFnn4wJRrUc6yrZBB/P/HrPZ099wEtxoyFoNBypNuBRzDl+oxGMcmNlAX2vaw3DieFkkgDi7XSXYmRna+6wT3xN0XBKdRATvAlxDNlomfG7nzgxQT3lGAtHNLAh0MramJVlf212X075wmCB+YMfW/+PQMyKfdz0XESjQesJ1DWbxHwmfgXkgft2XDyW6qLcf9/9rb9VWoBaczPfhqG6XVJdorsqhZhMRaFogFFjlDXxhzUtUvXCXFoMAT7ouON3E9rAkQdOf2Q6v9V4Br1s95FEhbb3iT8+0RLbr0y0sgYskAHk72RhmC5AItvbPCFuikCrk32mOJclyV07zf6lhP3NBLxC1K5RHoTCyeknougJ/wfyNg7/Gn1IVsmHlSouz/uHlA3tt4FCgF9+rCWsSE1Z82SKFs9MA1nRsRssB2uch+C/H+jZ/UePJqlbn73JBNmTCwLENqSG5eifR7VnvkF6S4rXYss96tePnzTkgsJys2n6hztlU2ZDT2TcYS0jTbsSrhKijtho1E70+ZzR58jUhBqSjvnAHRdoR9vDh8BQ6a5bVf9KsCpSfODvavI1nyQBxRzrznLGTNREL/XrdTcsNPf4TfgTJHtKF3W1sMd/tRnbrFyDwamUyopCqXa7rbPsMvk+7HtlBA6i7s/6PCPwLPGNrmtiuF8UIbSLBnBLNbBnpw+lmx765qX2eOAiun4ikQ6mly7MUTtTXrAgZ1J0TDHZGi3QgLVXmFLJ7zUtn5obzdEecEXqdX8WamDK46V/sTCAfwy+CTAAAAAADTdKolz7OtGvIf6hGTmnIwM+P3zw/EhgNuDspl2v0DpKFImRusz20GvjdD8G4oTOGSWbmzB1hbI81JR4nUY6D3GnIGLBU73LCfkykazra48da8leq+bPdWQI60Pwyw7rgZQdGVYEmlPc52mmdY6d3JAZ8HjvtJYfsuZJZX21X1VniL24swXQJR4vkb7Fg79GyAHvNBlDgL2brvO0XBP1PWi5bNcmPUHYKUQze9giF+LcAXYMsw+YZX337gA3bIMdb4p/Eh/MavvYmpO3yeIamLyVi1rnCEZst7kEt8cqEtJzGodvboaiboArDhkJ89SFwWKOynR5IekJwk/YsTDn8y65OyEIAkvXKQymBkBrXrP8x/8gr69dwOL5e0PGu059Kl63pLaXsNkqy0q8VrmjHwBASxDy/z16TZkrIJN2EJOfPKwGeh5eUzd/K0P6eWUQmfHMWdRIC15BY3XbA47llTsbBvIewotGLhf6b68LdIu8S13Cd5kMNnFm8CewrfTdVpMUEJ9cx8cHC9vb0YUPcVDIn/i1XvMBm68WlvHChvs4XWUV1XSfaPEK9sKx0f+AWGVn/7Bqf2muIcU6srQt9YA/lIao8DFzwO3ONbj++GeWytgH+A+d+NlPbnyI7mcGwEAxfI+42rpCbYD+eo3i62x1VoTTRCxJGGM3TAs5bGYL5HMwd4GbEqTIty06aUp22XqiYv7LpkbwBX1yjxPLC6IoAT3GHgHYD5WVb9hda2MSWnMdBwayrcMgN3OKmqv6cUnxp6FVG39sm+HkbYUOo8S9U3ZJ2+DRHeRCaFDch821yqZbhM42AyGBrD+pE87BxfGB3S+eDEPe2bh/N0G4oW0rgxRG9gnhzo3XEXsplrZ3/YOxfjAgB9wEaTgVFjENZ+WA0FbkJKBI3QTW5e6QZhjR01lUIy6yv6UAaOgQ/fb19DETNvZiVPQlB3tHQuq/I99umqk+yhiY+jdj2e2TJWOP3rzu8G4S731AOadK9L06sjXtLfGC0i7pYwdGEuuvjEfG05C0KhYqItl0+1AGsooCtko0XD+1Tvp67Fl7V08In1J5G2XEuRm+5OoQMyvImMRmFfmiJW9iqi7a2/RQorORtaNZ6mzg/VxiS1KZZ85kpxonqmOWVhR0MKqQDRd4vpjinm0uhqYbFF2wFam4iv5afQSrqkVy3TCdVZVd7YcblumO2INYiutBB1skx8qp5Skjby2O3VaJ5tFYI/lMqCZ1TEKOoT7FNqM285+64ME/w4CqMkBbXzw/MiIixf0RQbRqdqzSLXQW3v/NuIIQXVghhjIjsp2Sa4Rp0peoWYkbd91mTmtj/cA8+qtvcN1/KE66yFPmiHD5eqEp5Y2Fjtnr0SAfFlNeLngBCeuhlHnzavBVE95O0CfQtZb02GNOQryAvKmMwWCVNrgPssdZd13ag5QpPqTC8XA7S28nl1AeU9sy7yodDDzRVR3SfUmAlYjTB5mItqzVnYkikfCylzVgzlO8hYqTrBBIAvZQnJSCK4iR5etCqfTV7Ot8YFi6QSe/2oGR0cGKL1HkKqEqZBUaiL81S0aoDYdptdZG3+eixQ0eZF93Vf95/SuNtO1EoxtY1Ngue9CjY7zuT2jPqnJjXKjTBQ3NPllThqmTvCRPex4LKspzt0dIi7SQxdEnQpFEOdSRKXXlapvBJgQuuKVTd2DmSGhnbpOgY4tLhkF1sxAudLuWhSg9JwsE4pxL3e97J58IGbNVtk/aT0wAgoOIiib+rc1OLd7OBKoG1JU55bSYa6mgKisvGzySosucRqr1Stj9TbrtpUk17aD1chOzqu9zyX3xlltyw39JV/zQolV0r48FmKfD6ouXGIiyRLJRcL4AgYuJ6m00wf4KyI/OMTMJ44haQi9CQy5KD2om2nnxvXSy/+DLKKcFU4wvs+1zqoFNDJL519BwZfOx49dzEaXuOt5sXdwfKL8scXklpRcbb5a3e0RjJ7eVfTySndbQjpVngpTeLdn9MjvBTatMAUiQtctpdRaORq2wTgXzLbDi8I15Ty5cdVngoQZsztBr2kByYY10zFS88qEQbpVITISXSw2Ix0CEpwDvLnwS1SdE7r7JeJNpHNo48KNVojGTDgDkg9ZSSFeBw/xjc88C32gdzSkLH6R4hCdlogRb4PRUq8T534HlVbZ1XHhiezOQONVicgHhws2YDiIaiHgh7BBT4N0s3c3Z3lBIvbdOuVl0LY3DfMizB9zUx0iqKLSMZgWd+wWAJhq3k6VwbsYD5ZR+CiUm9QA+xmsqaW754wWrPYcmtwM5du1Hvjc+A1XQbw3MHDVF1LdmZmSS34w//1RIuwm6x90CY9ylIfNb5u/IliADgPVN1RpAVL6lpzBczg0a1oMwJAFYOEi+jFCyE6naYe+XHKuZ9gvMgwLCSX0R+c/TFuy3vzgrstiBm3XjY7fwd8tCMq/qFElYizvFslAzPtZEzWyH/3b3EUHsek3CekO/WJDpdCAmEoFLGmanA3MzE2bsmV4AZuhJJNuPUD4MmR4bCH4x/tubIFwMkb9REumyffUt2KqqB2jWku1HwXu5TUdLq9sb/2MrzYnQ3/JzaXBkSkvJu0MR21VRDcJ46Rg8wYGfUOk5y+AV5RE9q5nT6I0L1+O15+d/zRAbWFZ2c4yjIQ5D82yFxRFT9toLJwuN7SbZ0klbBVqXGZ85Qa/RyXFE8JTyFoSUVjcffthXDSuYzJUkKXY6rL408CXYBUKbpEU4UM7MjRQzJoLYNsDPup9SSt45lkSlsjQAVVOLSHHp7gRTHwVo8rdlu5w4pZ0arsPXHiCqhcSAfxPD9gTj8v2O28kj9eZZ1L42X/fEM/Gffy+58saSNfIQLgIM6Gsl3y3oTHK0DcS6Th/RMRdXLZogy6lR37mvlcgKMsoahqM+/hGgmsw0CiJZcSAOLYfixNd5iZ74N/h9Qw5MLaSoBmyaF5UUYcfO9MQ9Z4XpNpOnlNWR2yjvkStWM+BH8k/7eam9szMJXBOokUK2nQBN6VBGx9muJ1oEwJXUl/n+fvfd2GL1JLjXz/V8ErD9f3dOv8rs2ZXM0vnV2Zc7wmghH+KPzphn3z4Sy8XdjDzxK0C4iLy4UuUFkGWLgZdE1q1Jv4g04SBq2rPBMRa4GJGw/84Gn2iG06Xk39Erc4sdueHhESZlzk6r83hHJdBwvSOE33cdSMkUDuwu/KcVKXqD2uWy/uQqcrX4kE9ScOkB3eRTQ2n82KI/uEgAvvDgM6/UGc5VmZSHioXNa79NaJflCi7mo/pWKf4YPJ26vtC2PhJJwDoydHGEhm3flYacZH9HdvmTBf9hz/vKnsycqMYlOZOKXDW2jMjfVuDn6V9/5p/vVIdToy6v43vkhxEpjZ8Je1lIaxFy0/Ee/BKftB0S+DlRaBVnp85LGp5TpAZJ+O8GrbdSW3rS91SLFb9UTlrm4CPMtmSl2aJkzDvTIZeTKhVCev5eXtqd8roO3VxAbw+KtnmejeaIHaulaqtYGrdqQDg3WGVfIOqGbzflPFNETQCXdKUzME+0+RP1BPz+R3S0gmLSyUlQ3s7vorR0kgE9JKR/A+/IE8PaZjitlVEuGP6zE4t+B0XylvJDOG1jnRcNBYgM0SfCLDPZAsccZWuvTj8WG4LrTa4rAUuaW/AbjD0U9yowx2Eygz2YpW2UFyyMRjHkXCiWOvzROgWa5Egkt/et8ta/5NCRSLFYlHqF3h2lBv78xIXQusuMYOc1GZ60nsBDb0CvjwfR2AT12jcs1GYdPxm/N0JWB2YqJ+lAIetnxYHb91YE6sbYLCtDFNszxbJ0qTfWB2X4Igtve2d5lMoDSsL65aiKCS8HNBPJJXgR5pCJyCdk1YNdjg1HDyNFZsn+MtQzWEiv/obfj2mVcTyBDwq7NS1HxA01y9k09CgR8tPHm44x7AqfrUOkrzlI/7IaLy1t/jfJ6zqucIrgiwD7UWVgWC//jGG5/z3UqudzPh0hhMcgm/ihY7oT9KFKt6DAhsf/18jsh2lqNYWe6BNK9EQm2v4vdCfe6voXx3QGrZmSz7crZ01ZyBYMIPU59qrUcuNrihrkYvP0E78WW0QH6me+1ehd80eCjCIptRwHMvIeExpLnfhyqAqAH6akTCIvFEZ0hBK30DfmiJ2G0kLx74GgNBsCRcd5ybvmcQOMToddjAx3Pa+5hKJDyUUW1iA1UpxIvhvYummY8UNodfiRNzKhw84KrxWIRPYA+5+PgcaXkjhRKHkttoB0a2wYm0XiYXsMaMYDlY91GRlFcXhE2YLNy8Nvf2QqxYjVdUqQ7TSYS6jhWOjUl1f7VSkXyMpLT7P35m8O1Dhlbb+xNpNXvhsuW+dkiPegkL1o4OqxCoqwS3sgV1lt7jjQkM9dqnTGpoe+ABiaQ8T3ekTCf5/hxFx0TMkmUB5FcVBwPKeHzkPGoBoQMY3qCEEukbgM6vUdktxK1AHQ0wHTnppRn38dzopHgpa2DUifjSbgtAIi1iCC9jE3c6tnpLeSXWK7wd3ZUK/LwirrWafE6ddK404bODqDS0mid3jhkoEXsVIRZQAFkpNyYiqFPcKbCm2lSdOT2YVSouSd9+JMXprqjcTDp4YWVOBENctV3ZKUf8kGS/4MKo0FWd4rDXG7MMT/9gowpJOk94HMoLAVEyfr3fqoPzvHXpp3Zr/ja1tW6yoHsHVavigSY+KCQXycp4Zy5y7ymTXx9/8Hk6/qwiu9KRWq2NcBWyhhWWSXKbGiW6btB/ra3JZoEorbyceKMYoBNp+9T6hsfG7k/LqoYEei6N2s3tfGguJFE4ZvlizDQrlnk6LPit8ugGnaOHqcHPEnvjqkqNzbSWPbdtAFfKK9EBwFRRWZLkM4dLKbF+dcKM2eYdiH8JX/b2XtuPiL9ctFNG2mVZ8YRFGBTkAAAAAFs7XrN0U4uCoxRlnuefv4P40+10J+LAenAp6x0V0j4QgDVYbZ1vzQ0K8p2rE1aGJT4YAiy4xMcDMhkz0lc/GUTApl4dxlQ4HMMdIb81yYpPJuBZL5BTXTiJSttdaNN8hqfRtzmZowtDX8YFaQRuggMF83asqtUqN9oyZmTXm/lL/l9OTr6MhbgeClOX4Nlx9qO1L7YKyDthOGaHtD+rYb/c6nYjFo8GB9ZZFRDV7XW/53REs7v87PyNzoz2nbxwBE1njiuPFcXacuxg1AT0NEzN9pkrWbxa/aW3svCmCAMACTq68QVTdZiCKzp8SGDKECL04v18o7T9IeIPmwBSZCwpkgmHSKp8Le/N25zQr1e1iZ8v48ZTpNarQRLNpAYJoT+CXzWzAgnP8gsIpDWAuIpBKX58kXKiQrultL1DHFpC48LxFDEaFRTcsBNBXMmY4N/Rz0O+42vMlx6IlnlVvCumHwdV4d18d59y92/w/21nJDB3Dc1jpxZcKk6eFOaww21XdvD18VsH1lK04Zb2bvEvwXOCWp2hYSccLTCU6otgt6w5kN81fqB5N5LapP1Yn70PABRtJRHtfElLc6CsglmjoGkTh7ucaAmGxH4yfU7k2hxjFCG6EFwLmjjP+8kcTdTDSV4s6ffwIxN7c2mu6Se7wMpH7DzMbUBZOzqq3yavbBdvZdq8KSkv4z9Rri66erV1BJj/WUkdRDKSWDa1AaHXw9nqqTr8aQGCkre35PWSZ5Y3qX8znpP73rWtVVdb/q/e5RasDMY2Die3cODMFtpd32hECBjxggEqb39aE9k3ykyg3iKND37cP4jQG8mhGGXFzH3rUYq3itXlctZTlnjSqbTkSMMqeRaZmhIGMFXWgDscKvng9LYMwVXQIy8rvVe+mgJo8yJWcSxCWceLQs2YijsZeAOeXEQgG5gYW39HQ6H0blAqe85YQvkMV/rFjKfBppVzz0umggxb0BpqrMMmNq43b41Qr1SBfZVGyxG+dd426uk2nnA/PU2AbV1UmuOD9cO+1aoQwqFXKqE1+uQPRG5E0j34cXsMDivuzUUMJq5ap38L/jC5uVC7/LQM79ieTqxkocNBymOJhSLHxGcOjjEkrDv4wisx/DS02dIfscll2c6B8LjiSG+qCWfibMFTpPFeP4k8JOwNfkDg8q5pCZ9Okj3d1z/qORUDLjMRrTQRTDLaZy2zdz4jlmPMEJs56KWGoa1wF2WTZvzLoMeZkGUSo53Q+wO+O9PXodI6eqfZ7N/HTsXjSCvG/qByk/IK4i5Sg5gkESiQ8Cyj6/BBw5TnQc/E8Y0OHeUFln8qVQaJxRAWsiJrMw6Vb6mFYQjJoU8x3ivxnSjuCUWuzMxHSmnxpiALqhPK1XB8n+8Wdd/5T4qOBLoI4aC9Pf8/6UQKSUqORi13HD85lOFTj7eU784nqdiIe5Q9P+HgnYKNtvaHY4yniZ2ak6XC49vdRodhZL6BMei70HudUMDZ1cc3qKe2AvAaNqyGRLetpoj+0kFyZZFox47x4/aqAkkK8SZLJNkDCNmQOfEDSVOZNShnRExmU14SQznRp9zMKDHHZSXe9h/FBarkfP2EhJu9CKkbUvIZthOqw0eRdJeWcj3t5GEP36pU2ppZVixqcX6I6QZT64wKaHzVU+yAR6r2QjTLG+QeGxM+Yf45jIjiJBwp8Hi44zGs0TKqrzlpywVNRehdXDn6cU/XB/LsiICgb7Sqy6/quislXdMbKDv/QgTF7zd2x0s3+Taxej/pf6tdx87Qkl6e3tYJIwU2XiemhkSnNauDQipv7Gb+9tYNobR1yWPQJmTLTDICelE7+zJatYse1CZSMWuypR7Sj2Px4YofkXeH/Ri9lIFsE1gAqviEK++CvSKixVMSNUMwyKuJ2g0ZFpf6g42ZisDdsPX+UAZ7XX4+AXbIXwq/Dsgf43aLI5jvUkLQTxDTdz8wEfX31lTRY/5ZXOS4oD7VvoQLYReVm8OFzqo5zUTSDJsS/ujSV6DaKbHD70dQ2dnOseYMNROmaSYhZP0/E5leCP1ZM5mQx8IRLtc4cfVVqnZMSY4271WKMbRAi6mJ87IBghwJ/auIHLjTe6ezG/RdNB2b9ETMUtatZQIMfDJBYcY/KeIVU3pa/jrJpkstKqjg5EwN55shVxQV3XL5nsO+CICisrhaamv56iJo+PHnaEjMblbUHBTbA8RKBEuycDFLPPX07VrSUGC5TElPI7ZfCw9P6Uaoec3ZmItdLyJZfKlRSNptKKTEIzoCOjV+GAnPhOQmbs+2kGCEA6mDZmAQ1ij5MvPodixrLHkhJDzuztmvA7hdjHftU0Mm97Ak4vRKHBW8xNPUOqb5uBQmy19E/wkNPT1y9Q1JYyqCQHOhers0P3eHYlt08HISJNITQyQbwvPTL7o9XcB3OgeOVX3fxGoUpdW9V1x35FDumFwxRGw0VK1axmAiqzQAvHIQaYJHZtB/jIX/dG24Qo39Hyw73M6AOeQE0J8Nngjw/afRRFSAYjZmf+ld2MfXyQi5VJ1VIL9Q5km50vy5oxOgAoM4nPaslRonotMIOrP03X3d6I7a9cnHjQ1kuxAv02vGwBfPORTqW5zmoaFWdw79QnjSqiOGNpQpKhukHGvJYao7S9wrOhZ/KE1glp6kOAcoazOdKaYVM6V7qpr2H9jQWNw8mCyL6PonEL3HdrTIzkHYc/Q3kDgoXAq4rOkZn89+VsxxgXo5aYtOwa4BBV0CsJtphG1URm0/BcaM8Z4UopTiPDjMC7y/hZD1uFyLbdQVWc44UkqK8j3Vo9x7luh5S0crCkXYuCLrrJFCutpI8aW0u/JVOOf1AFPkvBuaSFqoficuTle+QH6QGcJi5429qO0dP65wyEtBYU4c2RsEoWgIWMgWMt0C/eiyC1hlD147uoW9qf7V3rCRtX3H/CAyGo5qOJZF07DezPM4RwIByFpme0bGoKgUrlLaSkxHCfDv824iCeyv+vDdK4NWb2f2B1OzCXuZuao2o2VYSO4x1udyxzv6PlKiLvbE7jv99+a2UHD7GP/HwR1okep8t8XoNxtzszhBUU9CnQbv8EdLGWeOvZr7jIg2nn5aRqqi3xWkPFn6J+tMs+iwfAs3X7y/Nv1PJulMZtjeER1WM0xzvHWdYroWSYla/oUevjR/zb51u9VLAqvWAyqhSN6gge6wKcQwzpXjRI43zRb6PTlcOrivM/BzfzyQFr/AYLUZ7ysR2G/6ZIjL8ex/TQV0tVdxJoVh/4MxBI894NKijmFkXiUF91JDAfY6RoEBLMvc3e9HRGzSOl5FFxZaTRudfVglMflWVM3Ssc9haXLIZmD+5D/A5tMW1jkrkg0eyffibnJuKL3px3c37JH1Lks5lZU9s8Aj5l+UV/xWQINfgVXyl0C0Fq4zgQlsaesU+9J3aH2ef6l7FMzI7Kz41Ayd1mb55JzvojeSHKqzSP/axIb6EMK6gjfC34ch1eHoGNgR3Qxdmm8O7POEZ9MmX9HlJ4UnK6acjqk7ny+rz7LlZ2RMs3azaqmlvU0uNqc9IhTFqAlkmxFOFi0B60PffNDUmWrZ9zx7HVRK6po6u1W3gAkKFkfP9mV7xcQjlTvaiZqPr20defEbN6x9/f/6vAcBv4QapfJPv+QZycCI/s8Gl3ykv2HqlF7wwDoXvU+1vhWeLEg2na3pPTUyNJffVqckhCKeB3cP0suFBs0dTfmJBHxkFifGa5s9+dTNn8+zr396+Gbv81wJMjYYwbR06fZV1YkzVuLuXLHWFY77fFxDg5WY3gODv4cNCy7K6CtvfyE7+b1fkLyprTSMNDiTWQHC4iCWj0WUz2KZUfU3KPsRbcJvjGl20S9tpdViFytcXsa4Fk7UF2lp7suVgE8PHfU90+Z7oX4RNOSA3AlVBuOB9XrVPAGk1ONUK38nNSxXa10UKyZLMngAt4GLJVgmIf9QdJrvyLUJxzmOrgSd9uxaK9mNIlGCkxJOZIWK8tYCt3VmyoMjGhvsnv65oIWE4Ie52Sx6Uko++xYMMbdhMJaNwUARxvWRcioFE5HabDg5Af3IUeDC2maon4IJKBZTcWzFd6FvTK3NxHsEEL6a/TUtHsBCOeDmnt5HbfSCMYOPfn2K9TkP0EdnMR09d8M4nGsD/nwJTRMXtY2ZGvoI6SKIG19PqL3awJxT61BdiPOWi/VaMGGC7whURGoqw657Az8ARt7Q5Yb7uz8LIziFE1Ncbaj0lsXRScdpdbMOqHlqlh0LddMZYEOCYRCAGaUi1Dd0akVsENMRSk38j8/eBFpJzDGL7VhcY2+pre4iEGCdA9s9bjiwOrFlaW0RwpAN8wPZtG7N3l6vpLJ3mCFQZzOEl2TB+9SUvbtIhjzW4iEXr8CiO5PzDCMtt6o8KQs/qGqfuLtGmIiq4Ah88uJG6l+bQyPav97lL8RWJFQb48QsGM4Sbn77x9slyMHNzx8OnaJSHaWKwueUaUkwFjOhFpQM9NycR6qbiWsAAAAADbkEscswbDkixgQ7qE5F3w67oOkRtBlcUngG69CW0LY+K1BanGADEie60EKBaZwfxJqIs6LzzwqEkXdmVN/BehgLMIJDgiG4RUv3dXPTk3ICbhkpiXB6FJ0aGokJzKX7A16vddG/qErMMSt1XzA2R8oV5prcg08cX5WW0kwwrGwGZM+XO+VN8Mb3uqERr8XhjZxqq/zxT0OuevsTrVbYUTzj9rCp4K/dZqDUfhMCE8bg2E6MRshOOiZvVZiIdoKerMAK4fd9wc4SnfP0rYVcuzvlm/wPhaANCtu1mn7YKRRxf7X3EsoA85wmvWkyEkm9fa/KYrsnGQ7WHhi9o/UpiGYcUZDkK38qcvc6N2hrfD5xsM2YBo/ZcQZNBqXlUVVdKUPJQNeX5aIhrYip79R1MLXwuh2cu2KeDp0kRLlVYMe+lxt4J3hXyTAChfibDJnu6sLH9QHD9W008RovaVScCsR69UJVN3mfC0vCNs9Rt6zAO4LxVcQip8Pd7zTi+r58WXsely9vh4Zm5j3lhAC/QmwYZfZzvjp6W7FnYzZbkCnl5Ee61ZH7t2nX84NYGw+Q5BKz+hQ22ZiaDhb78Z4x7FomrFqYrirIaRFwwdPr3+MlM3W5c70yFYfxQAw7+WqNaTPy77zhA12fgh7+6lqOoXXrOcDBYWvG9Kg37cxNXPUawxrmFkgUKE2fcuLo4l8QrmNH3ZW5Zcz4ik7I3pHW0WvHAZyuaBor2ROMyK0GVp/rE9bcbJFapxxN4aOGouP/A19udi2Cr7dZXngmA7c22Vkvj8XQuDb4xYn7FEaUlZaSCViSikdSRXmUAqfmtLAx+qJz/dGujhnBmUEgeS9Q9DMVQ6AkVO0+mCrmcy5yM1GkKTQ7wefpbrZ6bdVU86kCWLtqPR9U0jd+vrnCv18iXCjwIILwHa0AvS5NdDcX+Cozs2g5bpjhR7asAfVVdKvahU6GvtCGaLAIP02duI2Tw6pF9hnd765+keaVIEI6uGgB6aCO2Nuhef+Jq8oM3tknwoU8bk+06NThNN/eFdBF3NNzGW0kcrZ7+f4Lv5gtg6Km0UUu01iZEHB2l8Q/hLAMtmD6WeuNzptpnbTshYIt33lH5ucEM9jIqHJOElpzNvyrvDZ3PJSq4tJ4vQyx34Pd3sCRhmN3fRpIwvyZqgTTbBFkD/18T977owt+jmwZXNrtzq2AaySd1BL7YdcHdNQcEbCrYiDYUsduyBy8y+blAYxRLSnncqKa9uEdjun3SD5DDds4bcvpyBU0bDyxVPLjVvFs9Mpsb3inzfqP8/wMTbcU/pS1XmY79mhIG1h1ThY09UrMBGKUUbPx4VWiROLRj1KSCJsTX/cdraIIqVIHUznjt431lYL6R8e59Ox1PlE1MP933tk942MmxN7DtvG4kJCPHDNO8WgLQQV1oxoM9eeSa2svduw4hQnPf+2bEotGxWXH2p2jyZ+dE7zSjuS09qoKqSLv/2qVBXiH7CD74rdcw5nd7lzpTr7FBjFz45z3mW6d1TbwzXpmbGSVrdNAFzFErsdGMNfrVpk7TRKBSDncHpITnJ9EOjwgx0weqJA9s8L3wz42WZ7C+mPo6JUBXqPPRsMnQzM95EtEwTSwiM0ysaqE7zl2OHS2Vhz7IqogkoTeKKmFEpsJAhXrcO56vcZfIhaz0XtHp/MXOGMVftqqC/5aqzAVmoq3Yiz8aLmEqQImpxkhCLTkIEbrVU+2fxhGOxSUh0Q4FiNsMx9AUjkfyqPH7ae79RzDdFopgV5a9NLEhI/kSdrlkAGLaxAiZbITsku5K//MLAKOTi5iBlYa1zadd34YlJ/vaKMaLNA8iXuzorX7Hs3wnuzb8fZ/aZ/FYmFGASP0PlMoXHUwP4lHozFWN3ADk2xLq0ZtQJCc1CoyD/XJxhvkR/CQAjWBdcoY7Iq20JcMuWVN+qESAEURx1q5iQPb8dfjMdDoUSvQT6Af5vIvH/BjMwr80o4vmDXf+geo5YcWBtcQgKAC91c1mvl/MS/D4QQiJFRnhEZEvoIPCNMSA9v10wppbWJmpxyYrwKU/Ozq3yOXP93Afcr7OBjRARWGoZixyGKu5wIwXcJ/XHfLVYW2EmUGZu3iVYCMKx/mqxso5utETzioCDQKDAWz9SBd1t6Zyqos7LZyTblW/22V/XDPSsPJox2ZVSIWNWRuMAlPBk5v6CN9YVii7LpaazUdxqlC6NrbeqlZ5+XB/rh/ZuXeXwratTPB0Pzk2abPz3bY7cIazLVJxSiDWKn/05VA91wuDop68m9k6KY6/PgQu5M51aDhcG6cqTKZJCNoc3JdjqNmzUPFJSDvC/HanOgEmDMSrMRg5BU2KOjuaPIr3KglVF5YxUHiF7RsH65i7JwIdHxas481Y+0TTgUQDXafwPVtHLmYwbAvzSZv5caOObqPd8QVVWAvM7Jv63wsf9cWyWovZrA7dXIXOjsgU5Qt2x7X/xG9ANWIU00pg9nlMK5iGAyQQqRfvAcHltB4/7yD7gIWJ1CLYvHi+MNzTso3CxYx7SKVzdXalIx6peGm1UmN22OK7LqEKUnC/LlcDYEaRdRd5sdFYHYmgPK8afoWZerJNcje+69vzG3D5lEMepddaupxFlY+NHsmu09c+yfNYELZtqPxgJMqtICMPMyyNhMDEwhoY+jS/zLf4kL5qIwTBbzjYspBdZqZwNz94fSq7Zw3tRRiK2idZt/Ilec30ks9cFNanuL6xaeBPzmCer0ulVT4QOdf0MSn5NLLgRdvPgi9yW02uPEDEolJVx28uexKFXRPMICqCF4MuGl1vMLlKeXbKFk1vwqmWMVJHRwKABNF+4rD3StkWeoR6tY0hwyfEuzN/Efa8f69OgzPlj1gFvM4DmR8hBscBxhMNxySyVQ2jiksKJgaa8IN97U2mbGBdXQUhKNQhTZh7a5mesbrAA6NxNhgdwjuppUlmuVrlrV8DSWkzh358HOCZmQ2KUW0rtR5G7SdF5QehStz0xd0Hsb4eZEZd3NT/S1ZgGzhYnFOnwhb3QAOvkBjl3L/7u254bL9qvqI9q2kqO9fuurimjhulZ7kLNa5xqqMJ18iIhiKDuYa0fWQFC4ocf7Bl8ui0MjckDI0tbI/8ygrHi0mbJU2WNih4Kp4yyW37NJSnwJxmRvVo0lT+U9llnNfjVaTPUoFn8a/rVgH+0NOHmOaTfXcF9ZhUhvVSQXAU3Kg4d6/PUVIkc88Kas1oKfZ84HVXWXcBqlFSdYlApuaG2WOcDoYPpBXlGMpXvD2dF5/5d800t1Cdny7bmCdL8GU4peq47eHJSGXcYk/p1v6daL6hnxbXLq2F912gQmcFsgU7b5xrRpqDE3HZryGqnG+zWL1YVa5OLk9WPR/7XTdQeSRWShMbTy+7i2eNl9lqU4kIqrOLIdjIQTgMa7qvWjek/4000WwYrsuAp4Uc4uZGzA0DlFY3AlKHWxGQrXnyCwpBb7ai2lBUS6Bf4K+sHk6nAb3RDkllurG3qBSAeyvtlB3MUgKsFLvn8euOeVMk1jNGQoesLUpqVuM02TFpCK5kcyG/uESSguNk3pdUouDNdhO1mFwUsrY6NzSP8doMCCr8B8mp9ZDQYLLoaze3mBQrVs8iNQymJuIBNPNIsI5WoiZa8sfG/sZseMXOV+yXoDrIt0zU4/oyhj08FpAVc8tHoZW8MetmuFKa2z2YKuxhNUvyj47vg8rdCaBbMGC+dScTpw/P1hNHELXvk0Gu2H6bfyMxBQCDuiTI/v6ILqLKOHDFYWUgaSGP214PYod8eWMQg+eAE1Hm5sjRjuk7vJSAH88CKTltI4nBvFOgj2k9sLtNUSNQPFVwbBRt1UVgPWaIRAWzZ1AprdbWpeuI2EN3QZKZjrfmN7yfM+AevjRdDAeWfIxG1aLFycT1t2l7scHkezHQjvYhe1szAMzfi2e5Q6R30+UB7yqJZVX6rgC3fLEXqGSzRp5DkoTbxyQf6zAAop4HXEh0AQM98rsswWhWzbZo/WkJ6E/RQWLo+NcfB+cEcTfKiO3+7UFkksvp7NOSBQYtvv+vMDQ7xYMhPYUGZg0bCghkH8gfILPWoHP2M6Pv15WFWkC+5G1psSKaaeQeElD7bPnT7b5YI6f+LlpbDB0JqNk9Lv4g6LRIYruvqsMmIYFPvPa1HPjgsHTgKaaPdFJ9zKb5EGKsDmxfs1qHSAJPlwKP5+tx3mQxhVveuLYES0dOZ81yGMUPBlTExRKMYmFJ/gguI9bithTHtryfZZPmEcsp92PxTrN8yhC5skeEBaVia8Ob/aLmIpCTPZIbTnC/naCJj11o1Q39+NkCuAz8W4r6oU+kzohnxg6fWVSx/4Hr4JbKdsvfCmtv1/eHTaLOiN2l8LIOk/UJ6Q6miX6mOhUA3lsikfxcDl6I2CN/pMPJKS+wEUL1Q8OaNe6/WmsxVf7R/9W8DQvwz9SFnvmG2t50PXwzT2zAABIaQP7Hy958yI7r9p9nHhpT/iekElvsuRfTU5VpSMJMDZhS2n12php6ck8ozerCA0ven3nVb4oa6+Pq2Q1qOvnMcZbbgNugmlL+KEfzyNhXTpZJc/H1akC0fbE/J87xS+bpjafO03dT8wVgoUFcqsA0hJkcnTyKMGLjI+FJzLYjbJW/5EStCs4jq+0Pq+eonUQE9VE9Z+yjn8MR91mCXQp3zK1n3fWIds7TEIyGv7JUn66Oxx78isAlNzyFmm1D/6qLZ6HlFlFjBt+vMvsOGYx3RuZmIOxTmHz+ir8/EG2FiAzEmPsbXH5sjKhzvkp7MUgk6SeI2Miuup7BcERh6MOganCNqqhoVY8YVNZqtiV2ikvDABauGx7tUCHCmM6FXesuG7Jhp5VISzxOj4gP6akbutGFUrn+sUlvlWvniL/MtUuKfkKqAITvgya9jCtVvuCM8geoyNuAsMfaCmBs26OogvWqqIPq7Q1e9UkCMLUGdlSU9ZXdRk+c0DGis6soeFOULFdmAW30KjScI3koVumNfgV9dOL/MDiD7uxQOF4zCJISoAAAAAtvqYX5YXZGw8rwxmb+K4b0r6ahel9TunoxQHf8jRS1gLNXCjRsI7urP8l0mOH1zcXMvlaCWeYGgqmJedaHgNbtGDHVwsUO6uqAvdmRGUYLJTEn6i331Rt5k9A6MFMxEGx9oXBVbowKhm9sXdWD+nffkwUt0Blka4TYmWqWTF5BrEJ1yUievZ81sOGp6nWVBb/I6ezPlbaIDjKsedQW8m3p3lu1x8m/e21o5945Rty5RS8XTfrsh1xQL2zNBJqkrkG9HIowaWbTZ+VL8UMNQ46UpfMoXNBsce9rGbmhEU9OfZ0Uu0vYLfEnr1uH5hMKLvqCqKnF/ijDdDXbRGRNPQRqbTpux15bsk4lB+deX6rdptvrcct7k5UpqqyO/P0PKQ4YAmlcdXnPXcYjoNm61jMOEXRdhZhIYOV/t1aCqa+aUYmfr4YlgfMbCWeQIDtSBu52A5QDex03a9dZoltVeDJma4N2Ugx46VFdpcNFhbtI11z5iZa+dXw4VXZnsnloNjUBwlgCL+HSM51H1iVbqoYZAds91OEj+AzlT/0R+1SLIzID+/G/8RDIlRTieeg7mWa/WAo3ez0DDMoDV3N6HQRbEO/OKOKoAE5IrietN9N1qOvEBWVwuJ1AaaA9wNFalklrvF+fp8yyzIWUY4mAyQVGNUPfy5wGg65s0NHHfnO1nQXitUL03w8ttckO6g6TBrRv4zSeO8Z+8QRLdVggxAFaIeh8wKyjlRpBuC51uC/5d1lieGbwZAN1uQnJJwiwBHMD5jY5UC1vARbs5zFFdinY3mMRfe8i9wdLTf4xXDA5zX2weqOipHKruu8WM9fiYcTX8rafAZhxXp2UU0iXQ23aLl12bK89Umwz5/dw+lSpJvYIEPTQaMs2EIJ602z2idMGsqvp5fOzce9g84194Oi61f1zgBGHE1fZQwlE1PqKwqWa/p2X6ioS4O/WjXwZcnUo4/8cf3X4dAzXySbxufaNbnnRIucquOvte1bIKrm0y6sGdcPYlyYYZk5ZBAF7n53bWEvoD2o5Z3Rygpewl3gGscBD/pIieFrUi3Nu/xcTIQi7NIMXIyrPcF/6Q9hoi5l7i/4/zm8ukvVxRhSnGuOszJZvUwrCg4ZXAVCL9Ofa3ykrOLYCeMIufpI8K6CswRRjw5t+mQQcG5A4faZQq8sCrrgojwlgcAwVNLYIVans1qk3ayh5Ly1NfdKFZgyPvms1liTbHG1xKJ5vJVz5gUGkwC6viHrznfDOGajK6aal2CjtpKV73DHlKre+I5CsftQCdLTZPc+qw3z15lm8evpKEwRBp7FQYkzdpb4j0kPOaoK9fOv2o1icijpUuNKqrrjIVvPFhZNVZ3CthglF5VaTjjCe2M/KLZH62NTnmLl2tmIseKdHkWUX4JmfBtri7ng+Ppy3M70Kp58Bq1dk/E93yg9RB9ikOH50YiiEb/nugS7kwibTk+r/xt19pDzlEzmcW9lLMWYWv+CV6fnMn5L22t6IltpuUIitiYuMZ2qo3MXq4O3GBRN3lc6WeAeHhjrRegDqhjimE3PrqgpsTcaDawcJ8uIt1GQkjfVOgf8teOoqqIfFiE4zJ2fabtIYPYgTIvhsC5LUn9zebiBNTZue2dCdVVV3QCvF+XS1LcgNbHLVhKWoA1Q4bohN/oMTFapGdDctOpzKziG/9pKnWmfDif3qNKTiV2sVqDspuapqUrrDunDP+se/kT9E0j8WS7v4h7Magb5WKPtNWPjMFh+eZmq39WZchGtrHV/6irLV4M/qgtvH/FH2PUD7LZXI/6GfUUx+AWSW8cx6YXs9HR3T/HtRSkEqu+1R2VlHpBmbhPtQkxvU1vZDMdwSguXULDkCq1NAP4OJc4KztZOqmitkoCPeReFKZNLfT6elWcEoEfd4lIkeJCt9gXuoIdB6S6h27J9b4M7+31MaDSqwwjVPQD6GgveTL7YJPj/SW6Ia/x/lOXYyxV3okWWzMAT1GJ+mZCiKmlgpKKTAWs6LDCb70i2T/rMuU/KX/BR1NKyNlEf+fSbnmzUilGuiGUlzwfFrQp0pqihdCX/t2A6hhgqBLcEulO10ZpVhj2x34772Fe9+p25DWoLalJYNcTKbamwtsDc4J38DA7nS3hY6XQRbbRQNy7PbUlDVzXqELfmTBblRatCTMHgMIm7+SrpNAkqxjlnicNM/h07SLrTldDWPG+b/QkdWfLvDkkDyFyIzbr7yWAT6kJFsxhQ5RioW2Cf2sLcLPCJJIG/KLxSfycXqnjdFEdUwEbCXbmW2psm/g7iudkTyoccZ3xygizlBkGT52l75sYc+WhInMjHsvNk4xSqZKYnmgKPOB2FbPhlCHIEpgGjl63IxbBY6p5PjAgcNRM6SBqnc9uATXMxfvqQupe09LwHA0cYnDu5wdStBZGkWp89S2x8LkorymCk7z5Clf1uA31f0Wb5bdv//TFOK9Mkk6ckUwZJXG7rgjwntY1v4EEPvX72i7KKbfXKD+W/+3OgoR34z8H60lhoI9HupqNi8uiaS8hVqd3cznJKVbVNIhqgoUHrRl9g1NfaWXis5gBE1CQhIOfyXODxmxkWZxGvuBigZk2zq/ctZuTlvPZIvlVZn+2TSpBIyowQ2jZkrywBEgrmxAHnlVuGEaaglj94UtwnK+pA8abSRJSokmU8aJlPZ4PE7snWzx2UHM5ldHSCYPGcRNLANv536yo0kqnBbCfYdQCnxaBHvfYunjzqHz/RBjwYyceuCEUZ9Qi/SlI7dsNYcR/pwTg2beQl9l6GKRU4xhRfNC/RhtEzJ/24uAxQDk2eamN5a2zLPvSoey3aZU5NBKWGZGu/COBAfMs315a6ktcDyW40jZpTrxIrFD20so1JCa2xFxWDDyNZ340hCR3u/y4shXhYYXq5IjHizthOaP0mQx8SHF558et5Rby/FI8uGvJGmZI8XjI5N4ztKZFf311VW8qttXdTAi+ottKhAGrS7eMjXZZgEFiNHu5tocmnTb9SE1KTRaGUmaQYCft/K2FrJ4d0UpBUxFORmGF6DcCk17Y/rbKirSdww+9WZEg9Vr9Dzh3aTMgpT1wHQd0c2qjpWMpnMSxsDDrJqi7ba0ia8Cd3NebxOTIjwKYd0jJkKj81K/+KLS2/KeBArpiqGle6/oWhP6hwY2cJtTJR3QH1pZiEsOlax1bZXY9POqK749CO1Jx7eKkfYndceVY3pMkPnRLGYrGK3e49zU4KUNhec66ZznR63KLOhDtQ1ExZcpDhdb08rjwExiyVa5XXjVqbDlo5KAOflbplL+fSRz96zBhJKoMzdtcKzOYoAehZbj5FVrGA+CF9tGU9PmRY83xyy1ARYXf22GFji4PSoCocAXqSmp2AC2J6TBMeTUMn3k2OKC0g3rcIMgxebcPvh+GoGLPTUZRVNfFSVSq7jCu2M97OeUm5XqLZ3Vx1+zhQ/so4p+4p25WIlJh0IeGLn6TqmiPXErIiasY8xKmOU1Whw2h3YT2ghXg3AOs7c2LyjBXYdRLW6Y0xp3DAGT3/18esl+FoSF9Qrya6nZGY3b8znHcHU5nQW2LoCj0LoSEi64u5X4hYpeLNi83eqjB9K3i/lM3+nUYBup3KvzsE0Uciy0L44DJOHMzboKNkpqcoK7QjRFzjgqi7+11uBW6SPgNxUVsr516L1i64fYiijmKi40invu5v8igMz6p2HDJoVhbx7ZoAA2yJJcX5vDaBVNcIDfF08hhz3wI06DxB9Nmf0ui3ad8CuM+XC0dfXY88sRcPZ5PtGrF9pO2M24FxwkLbPLoPaeMVU6iPy97XSOyZkYVv6cckvyDll4vAiG273NzBMqioI5eYADwv+iGhyJY0AeSIPBYQO7A1t131vBimAQSMYBaMGyPaVfnzjQFOLW65gmlS1o93PTXGzqJDjnv2d/7wlOpTj7GJTj9tjWiJDvpF0kb0rRVPkBlSp9XRH85xiceGUD9+OBEiNHieoQtLaCU4hDK71YRGy30NgCFaCcgyZI7NYivaQF1iDE0NBHXZ+YsAl4l9vk3XTLNAp3t48yma0rAAL3KI6KZP7JmzBVVL+AVXWkoD93pZUrwY7fNA7j95LNFbwkcCUnZEfsrZpKmoPhjLGJls5K/2+H3LvkxRuBlwz//Ei8uyqgCdcN9KmfYqTwZUOhtLUktGxMn5zPpezyWjJSAQsGNCZO3Hsr54+qmVUWgs5CjZsO/y+hH+8Gsct6NjDMwEwabovFz9aO3abse44e21Wib/SoNmQNxSA11+20LqckdGtcjQJaPHppT7MLNG0DW/5xFAIHC6WlemKmC1m7nvyHbRMow4Og4OVARUKjrJ4y+JB+mwarLMlwObvY1lcFCzDTrL6U2JnHsBZ1BO66j2ZYS1jgY5lA6dhhWEBSQgtLH9Z8MYtdYbmQuLBT6G7I8FsfooNpA6iLR07/HCBYeMIYnQ4xTEBk5LSaK5OHtZRnEf58Vx8Jpvm9TAJw0h7jwCVAFQfn+iZbgYZ0/iKcHYxqgC/PY4zePDL0y9i6HyOqHd8N3wonKZ+ITCcr9UAFyELwrdynI0OZSt2zgoVKNYrTCDp7YCUz376Srik0U9/0oe+3H/gfKGkFk9HeSLp6CPIczKt1sFLb/Fhqk2Y7dJmxQKTiAfNGT1xmixbaNDjjQSFVWNvDizjGMWtA65uQGHTuvbtpoAYGXsMJP/+ykqpNfAHvY/qvxt8dYN/gE0+9KGjA46rFdjgfVJ4OHvFKVpXE3A2XrYIyPxdK84RJcV5oob6ld7xVexVPwhVOBl7whcGzD6Mojc9tWk01uIT5tnYhrmka1S60KgTKew5mdgfKZuYIjADLxC1nli5rEcblK60mqI61bWAInoxar5TlmBbt7emvwnniawGrQRuVYdalpJMzgOfMlUp8zD8WwMRKP9I+ujRH6Dm6UdUN6NwVgMphrs9JTxHsenOQWJTf4xQa6DSAhXq0cN1Q/VQXVk+4fJI3pQFL4n2axCIo/KEzNESy4XS29okrEvSpOGUXPYBUoDJJ+5aBcrjqC8RYyfXfSRynNs32F+9s3fBr4386AEKLKgbfFkgu3VPpVHq4Ty58jz0C9GJg23YLNr9usox7h0bJ5oCfUp3xL6t1ZB74102NnJfYH2/Ws3+r5Kb3k5XxgbUUAlB3kC6VdM2TZR6pD84BcqxmUB67xAVpA7WMcL7IvjRDmkCNsDeGW7Z+9/bzrsycPaMytrJdLzcHEbDPdCDOOJuvYnJ694LRPxgieCfJSNSL/CMEkyjYj1LmEJwuZdbAf3UG3HVb5cE30Z0n4wGgW3RZuGh12vqEKe98Iibt3LzyENimdQxe6ENM0UKGfqi6AnrftnqOIWbX97wdqoM/dRw9H1ywpaJIBOCbhuCkQrJRsmu+FxLtzj+++gd1LV8FYMrw+qa/ewIoc2xZX8YVRfRdIZUzwbIZ8G4QmXSwmMR02Cx7svqudi9gkv2yRdC1FhjFWQ57s/6uEOFUqniC3nk7fJ6PnyX1peNlJyEqYxeWYyfM+O70KVVrJ0sm1bROwOOhO/3XRj8g+zHJL5QD3QAPXICWS3+TSpgIa+U789BMRp0bZXSKPZiq6iearQZgg9wBRMBbbxjLDmqDJN8Xv54oPC5G8YWbaRcoqydBAyNR+gGIxscoAAAAAB3QniQnpTPRqurSFNz8dtIpI5bFxgw3jgGA50Ff53rDGCAlFRSpjoHNgmSb3wmwGBoz6Cvumr3VK/dChjfrVCEs33tXcAU2aKF9JnKicJvXdsLQkYUbcbgwD7s7zICONxuQvazDp/0gWEv7fJx7EAK6+5RiRLAzbjYhmnHPUR+YLhufAHfZDyCtRRB1go6iUVLDn74P4tS+Hd8hEHXjuRDYPDgnAyxvD8HEJ/mX8TcybZ9vHk2Pat6tjYLGaLoUiNi3RCnQq66FVQfWSbdPzUaXGpwAT9j36kya8/U1S75CELBaJQD9+3AGmi9n3AlnHxq6TkD10KkR9UomFW8bH97MwlUk/uULOJA5UgDoT0i9j/hAmD972JfLhWBtX2W0456ay7klo5tHpAJwfg2sNPs1luBZyks8db9kCCEASdwZgYjJvUN+9Ys5senUPNH0Pxo7nqAzykVlprxF9zmHlnwDGYUPIrU6ukiWvTvzqVwIHonwHAC2KId6R+BKQKiWtrOH+YXMlbx9AG1NcpG0TFuOIXPDxLfK93rKphzhPC94HLgVvup7JPhh+PO9R2tPRByGSo3GoSgohzHFnyLgqk2/gkCfqUT1P+Wg8C6OSu2/ES1guTrNjToNhdI/K3jPIdANl/Fu/G6CH5vGIvcFMDV5nxZrnH67kt7zpdrs/FNLcXbluET/OAumF6Ey/x/2gAeDdmi/EQZwhZTExyBxEup5lVrDaJYKwTtz1ZRZ5kmP4Dc4mjXMDU0BwyJ0YHkr8QuDruKbEyEj3UPkOiSNXko6HsPsnsyINmJHhD1ikM8hW86duscNUx0CHYdK6Zn0o616YW9E/pR14tj+qsTMzlEkW0aDktePggSL/I/k+FcUeNGzVME9r5LhA2i+1RxGXiBNHdagrvSVMsqqoGqX5sRqafUfyS2xpqZUF09nqIn8loh7OQaz1woHWunzkB5SCLtpEe05jAYSH86e83z3zvTxlGQJL5nRJ5FQwrI/XRx1bm3M5GfnicUCLDWQPc/BdJED/BJQe2JgAprEQbRrfOLbbeia7WL2BpDuGBRYA/NB9/XtYHGLPVpO4kA5X12W3lk5NwG4G37Ufk3+Pvvb3/JxAkEOIeAB2WIgMil4kdrE3l5E2AV0NwYBxnGrN6SDzrddS2YaBt6VQkw+Z6SZtC0jU/9aaVZIoxfRBGlG8asMO+d+OlGBbj/2FeSgTD/1TLTLRyrqtEFWh3nDXGt0IwfQx0fdOj3WevIBo18iMtzVY7cf1wJW0TgNI8JwAtSpGQQfcb7ksj+Z3KfEdI/PZYTNic3eEkxqKeNf08caPb9LRqu+YTe39y4yRyJWHy66Ypgci4GzDcVwVK6GAMkSsrdIetm8syyhdBVf362lx5dPGs6nV24HixAfwiUt9c79pH22L4kBnkZ6qWDz+wbUhwib8p8VkM0kaVi3wL5Ne0FeGmaqbMLkWxZ/kDYZVoV+2q/WfONZ8qihrPu6bRWQMkOioHruWldfbqR9ePjoOWMBkJpuBFu7RkxBx4Zen8EhLySB2F/ZgO0rLZhFFMTeHmGbgPe3kE3TekHB1uT94+4HuWVUZc1q2hx0/qinjgSn94Me/SrnyFBppyTFtkOdQF5VGH8B7FiNtyn5QPWmF1meLl5lIuD6uUPFyoIvbbltvXaD+CZjHXvov2WJ0wqsDBG9uj+oDeD7cSi1XuRoIS7DTF98XpU/pNXt9QoqDlPGb4AGT8wqV/ZJPIItl2LZOuBJq5G39Oity3shOI+rz1w5PhootphHlTP2S46L8on6xzjUMvE06P8otjPp2bn5+0diXsF4bJDiO1tQnKqV1n2t6tkL2PNQiSFBFxDOUW5aBuc0+5NUkFeUrxBnhq4xDPknindRBi0wZE0lCw6JFACtvBtz/mL55VHjD8pVG3zo4af1LU375/YLoSIu8l5tOfLv6vZaRguySEJ0+RRx8bGcUmLrvBjTxsIOfCMBmJU7FSoH3ayzVLTPOJiopfbvd6o5aYUvtDuJYvzkQlV/PW5lYmft9jONX0ZCQLz3FQZRtsj0OGjO2f/6jota5xtiplMpExL1gWFov6rVUbwd8v/BOAzX0+oMzQpUD2rXSPJ1KzzLgKOe7idBlpdD6m2SCu3IMThjM6eZJd4wrh1L0I/ztXOTGkTaurrDNdq841a5hUZr8qlV8jGZqSct3IpOVWZ3QHmNUjo0MC1hJt2kKrrR0M5tULmrPaW20dkt6Xn5HqHTLcYywLZY3wVy/rEwxZiZUYAoQghIyxduTLEsEWVdEdM5zj2/bXhfiVD5HvU7dH+LC5BevvXdpwFOEiFAjjz+JXxKOj4RWc7UAaxjIZWBE37j2mQVOjvWsdj2g7fjWjFvEqxJSTuv/OWObph40vnD+VssXB/TuLv6FA7XC36l8gjClidt0D5ksgiZvKy6tmZD6nuIBvxEEYNT/6O/vqppo2MWppDcMY67jXDwbmbgp+w0fnD/PzDajIzIqGQiAlkIH2xrMuigaBlSAwoiEp4buNetYkdZFzqIR0lgsnu0JjsVGJpkvq5fWqqWTtmI2WXMKdd+UmUWxbFR9XCeelMIeqEgIHGpszJIHvTI3i26lvL+142fJhJntrK9Kty21mLE51ZTfvgps5YECyBjctYZAru4RwxL3f1z/NQ77RCi7jMfwcDzdveoVRB+6vVjNUEjz1ptvxJxvxUL66eUxjXv6THULLIg9AXY0366TbbZcFLzJoA7dU1sfn4NEim8q7uBW+pq6m3ATO9AmJlxMuPrRHE9v4z850qwv89DPuOD5kD/Ho3S6i+pGGmdms+/CZQuhX6r7tFnBVAL9+IfoZXzfMNONVWm5TTGpv57X75ozmJABDxN8G8MERR3p99bvTRqDB+bARz45fwT8l7/zOkRfZ1uVNNV1/8+tPwhgFrXXcFkt+jmyKpneG974hFymhr9+nv0cpKREyJIf/9pTrjD6ksjMQRZbeaGZVKIhd6lvS0W2RTvgudI9wVxr8BnxaLe+afnpFOj1MtqPhBwq64tIMmnR0TYE6W+h+mJpONn5to2gwgCtTU/tUmU+XNHzMqvMRktCE315Sdsu/FiNmHf1Yezreh7Y6GxomAFszg5ud57F3e81PlXtW6fzChS2iv2vldAx65roOqF2H6uy1PRZveaHcTK4pGn4TaHqJtUG2/K5rEp7m9q1M24pUvkY+UfHLhlda16bQQYyoGPXZ6Xu8JtyMbnAXGAZjr34hzZrsHM7QaBHjWqkEkkdO2Y84KKumJbojMEV8+L8taqhnGFnE9xWwg+JxQVrqd3xS1eFRyI4LNQkF7lb0COLgK2ws0rXMK0TN0P6IAlUfW8uHg2jlgGPrwunyZtWLeizn/YNXGcNZo2Uq8vvJUMyxWMn6nLuVcyuwek1VgiSbja5sjgASjy6ynXUrYdq/1OpUbd8gse+fwN9D+HBoh8cBQjGghsv44wer3JvHqR1t/GqVtCVLJUTmGuBcVOIDpJuh8h0PXwzyKgRGSVpH590wASqme8yV1kXNq0Ji1NY6tsOBbRlIzqTAmhQP65YBeSJxGrCpU+WznsPfomW+6x21z2g97uNGDUa2YRRSCRU0niw9Tl/Pc28j/dLvsd1c/rz7v/gyskKI3pjuzAZCK7eFnRJNBp/JyqHALDqIAmTGeVFe4jkbgwV6M5cn7l38mz2V/KSK5dGdZtkIlJILURuEekDLv2gDv7EzOutNKcfpvmHmimHIT+FWCt3Dwf2C9IjC2fCdjMYHtqgamNWDHtK+Y7/TgmDaqwlSbALW1JcpQFjehxFYEpEduDcxfWY1HECrwa6XwcwhPjGILhZcNwhKsQo806+FIzqHSDwClb59Bv6FrT+QNLdcDVcSAVnqh5lQHieCFHqlheidfslyUOXkS5kJ7jcBbLJLae1JrbCTeaD1OlwG6HMKg03cQfonjToVt7FVt9Yo1Jds0zk1UqOddT5dfRn2WBh+JuWpjfZUsfkkxd+ZUceFfdTz5JKRgd3AW2Ekv1PjcCfDZYb2UyNdxdls3oZd5Bda+RmSfucpAWZED6lofoNGP6EKiEww5zLemQeXUryzLzJdB5ZDyqqNz+B7Y0XUFM+KT+RS5E4KUnA1ziyuTvc9+B0gRMmDwPQkQOr5rwWbLf2X+RFFI/lH3WHWNgB3NVUOE28d41Ytq4C0PxArPCxLsS1Cuh/C7ptDnxbxwEZQ6mk7Co0x6oaaXg7fdMNn5BKBuznZoaSWt8iNLCoCLWaWQrnRiMiGCPRGzJ2gDRVUf32M2lLseYm5gy3JnGdhOQwcGQttvxk0ePYTAga1weKcMMGgKWwlmFMOqcaUDQUM5vxoXP9l41W6vzSuaLBybnEdihvS/WM6NOmAJ8KOT5D/mcvWoEO8SP2lBEaYhhcavG4XhsPV96Z6WJGfvam839C3GPwb7ojFc1glMzJT2RTUrQqHs1/V/Xp/bOLZlZWNCNQvaegbL10VDKusmO3JhY7wezl1+nil2GyFYdKpT1rpJ8pv2Zs5SGz+RzWshtMXnifc12OzNBGBlgjOpJC4TpLh/O5L3LE1QV8GWV9TF85sa9Fgf9ca9kUr0HX+y4xgS0Yels3e/L2nGnWpXKNWefiCC0rGI1anix/B4K7N+N2S3VoEOYAAAAAB8j2bw5E0z55okvwpa8LU8m8qiJF7TaI4BQ4jAHSupqjIq9eNRkn7dV5bp66z32INeEF0xY0yUM/xTuYVl7WXHkRDiyTzAcYPs37kE8kmyfiibpLqI8+hAiRuE/e2FzOP/eWYZa9v96sHXIHNRb5sji6QdrkDRiyAdPoDWFc86/lFvBZx0aQTXUS7x1fGHt1xoc608pGBCjK5xdg3yH1fknezxlbHqRDPWdkgqX+ZURX8u3UJgU0nhAeW/q1ST6hwKBZ/xL+Z9WAdjOpuMG2NBbZmiSro0sKNK21veQ6l8YNI6oJRBMPypfkT+td1qK0dCJsVVakQP0PCaMz7UNgrln04Hqh2SaXGqRtf85JCDGan9T1k00mQ+wK4oaH4GR5h25sfeC7RdjdmraiEFcvuL5qSTNW8/fPQmGRH57rR8CwSy7Tk/vStbnRFNCM6llVTObVgtEKe/28Uka5PjqMJcihfEUktxhMH6qo/1lyORT8qRLwrQdZPCGjn404EH6Ad0NJI+DI7/D6SC0J5qbjzjpVmWm8znqRjQhnUZZl6pUDgRvancDSoMLTMvBxbpShXi7hMnVM3MfvkFeRy/6PyPsvFZOXOaJZ/cXp46z94qJoX24SrkJUNdmsDjx/5Bz4M7oZKvIFZR5RRYJk27Z3ufY1xbX2akZfdyPc0KM2Xj3e+A7PfTeZ4SNNOK5SdH04/2weJU2+H6HMS+5hMoesTAxuOSk69tLI8+2FE7kEQqobJYKkBW/I2WoIHFy2ZpUcg/i0nXKfxTViJxTccKQ65BCkAoe1apnRVd0XU6TNMoiPB0OMcdI+sjXSiujjs1z7bPs72HPOTgNIX6MMQtdPRV61a8cRYcDrfc7AjlsyDRudWIKxpstxRgLZXkitobTLc4dUk80yiyphLwoGNq1hOdPejtGhLbmVaR/wxaS1Q0jOvMdU1WQ+pYhRSQjg17jjZjSPih35EaGdhAldHctoQ4clZLZQWSRdqP+PUIZI9aisfqYZNgkdUuVU3nW0BBUCGippHeGXJqQLykpXaVh3dp0FyZS5Go7+7i3WO8MzGjemSbEOcnSrN+SX7uZ9KSNzqULDaBG+oOtMPeOFG5LlCtzC4CoDc7Luqp663raEJPnb3YBlXBnf6sUq7CKMqkk7NXl9t5S9vlJir9Oyh/XWTRLwxZaEKPw8365UcnxxjIn+wcQiKalSTOzQkHmuODyhHSFA3+2BacfZryfAEfnY5HnLEOW/1U7Xn4STVxtp0jw5Rr/ZL+t0k7D5lOjOzYQ4/CZWPI22U+kclDiHOnXcFI0jXi/8cBLGFB0G84vHqatOIMIGOmEXbavBBr5k21e/54ATi4sA/sSmonc3i163yyh6ScOx/Sqtu0XfPH8OGkj3XrzRPEU4Lv4Ucqtm7mXT1VnFahaYte8iZc3FQ+B0LJVQ8v6fpTI2QSl9GuUFqAWkbQwvfrsfWlBSPQvpRRspVEDU4PjeKVB8nI53aNwHFy2rhxk3dyylvIIr5ca0o7yX7bkIr8CxSlvDsVTl9xXcPatrknhT+4hTqav5EsiEWg8LoNVw8gXPH19PmafdW89oSDHnyX2ww+bvgvlPdZIrRdbP8ovG1lu1DnHOOexM1opj21qdJ9yhGfERy3gitDj4SvKjUNjihDlP0IJZWkh3IRxR0QcbpPabF+mogG+H+bUWKV0d4LytF6ndUK7svKREBeQVgaLnieDFIq96xClUizWsZicbZEj+sHNzNLk57l8f/Dm2kYiNSvjXtLoAsaY3QnHMghob5O4b2i6yq8dP8dk1ad02fsZdaIVg8aAxNHK6VqyGA4PD7zEeFtOQtm/qt6bf9HbZbyWdoi+hNhhXnRLQDfUBySJJNIWPEkyBOoKBDnGyf67OW8PA1jy/FzzN3djb8HXmRDC5MKQUsOz8locMWGpLkvG2iIAuJEoMPgSDOvPgwszQ7iMGhKJ3ZJSpFZXzC9PrdWH0rcHfFlRCXhuUO1UATc3sykPQLV46vnwzOg4t2WL/NSa5Z11LCQFTtfnF3dnVkYjGSWORwoXwKQ9seMPTIn/5FrRaB7F2nkEV8fVCgy+5j7whQCTJnWA2DIJ/M1+yZ3+AQJge71gC+54+JKXg55ETfyvw8nFeebwPtOZGP9r8F08AQpLCtYzBs7q8htb0Jz0qsvH2EpuBGky5Pd4OIWebHdxvaojTkggYnG+YNsv4jWDSIMPQF1/1cjAkWWKjEN5dginQgiFuCmYJTipuJS46SiVbOh2nEr331K+bjGSHpXXgn3jdRPTmoyqDsX3/hal1SKf0CjCJYAkd3B3jSBEj3E31zPmzGiRIdccNamVHvXpYXN3erliZY4mGndnKT/T0h+mZFSdl/9YxDs2AQ+JV2LA9gkL6vHkhAc5GrPizQ87Aa0ODCi2M0ZS/EGmCeXD7Icd/9xfisQMq4dntH1v187YEWczanFy1cEOk/9mdR1eKn+gMJiqLI86iQmkk31kK9G5/QgVBn2Y++rNEXYUfYHVNaMwAFswGZRxt/S7RZ888+PmoZgFhh4mlNva30qCfZG8mNEhsylJrUTW5rmk+vH8j+R4dR9BRja2mEtkcFxplv+WH5/vjTHrjodfUflBYdBNSC1ySkyUI0yovGAe0ePdDI7i8/C9+T852sQgW4fhmMTWPn0LVzbf2ksPJoz+qk3mqFv6H2jdRNjxoc+ijRDrR9k9exwmNgpKcIsToGSnlBD6fs+z/KgIDQqmcGprdfQlEnXzMcgb0BjS3jrzYiLx9nsjILbe9Y1mo6ywOytj0mKXou24VWCRPf7Gi/2rYyuGh8S1BUNJYBhWX0Jrbp7zxAq4V9D69HyGT4tOvImMECigK8N+oeu0SSVzl18+DtCup8mjjqJodGxwpL4++rAkC3ECqejVvuVAOHwluj327UlDW3f0fwHH2m0xxh0pP7XhZmSStknfvM45HXq3bOHdvu0+OBMGUHuorDSqURmnrkZV4spAvvQbxR4XYq6NKmeVRnHbNM0w0w8Pexgs24AzLtmWZEEJIHXDIbPqS4+mca2qA8wOESqxtbWont8iOkNrlbrbOazOtZHH/Kd3lkxlJO3xuHyNwUIU6WeHaOsc+QrHk3PiDognre1TTVpb7XlTDeVYNDoudH8UcrUb0koAvO6T5ce7NN4zYttx2F5NrPHrnKhyeNuWU65YSfubUrNecfUdFouZSFDmauaQxIjukxxJ1rbkLXFO5d0/D4AMikdtdvCEbv4MI3cSRQsYG66GqnClC3HB2v2stLBQ7EfkR+0mprFZ7dVyYVGUu2dylkrUE3X2kMR8RKUrkTPkM2WdxqROAZ6G0noVy5oCCtQRqAWftZCjYMTAQKTvkG5yL4IpuXZ1pZUadfv+Jjpg0eSRDZIVnNsIw4OJ8W52SzrSexMwTR8laFNSlSFsQjBBudJJoo3E+ZA8w823sdciwd0cnxy0yTJseFFv2YbphxTshCS5C1/ZoePfsOm69YEUMJ4O9mdoiYqq1j6snCw50UwizoahoBn09xfGK6NdY/GYzY0gkUxxNm/bKcpbcHwV/6Qvil7FJm+6wx2TBNayMfF/rf9AbKUjCp3sGr34sW3JkTrUAcInyD/DkGJlIt92ZMkbygqXcDYMAq+lTRktXHm85Qje7D1oz+0omzPLlQNyWyG1nmJlyAE7uxw+gLq8QIoZAqA+UpuhINp9pTgB0mIE7qLQkmyH7HFoDk7JqFsxTTDEYipYAQar5wR0pBTxhVp7Q56zK0Wm7x1elP/bT5KRSYhl85nsec15FNxk+wbHzzxboPQgr7Z9R/WkMfybNj/J7PB57pQIgeBZ8oHx+3rd0uGLglAoHmRg7CAsVWzDtQn+/SOAepOHZeSE5yDIapvGwwKkAHbs0UP3xaOYjgPJagYhBQGa1ZZZvGPSps7rC5VziR+khzuF0ijV7n3r13qBMqsWltuXP+FTC7HiobD2ro3pjHcQ4ABfz7FPoD0ymDIXfVqsXLD0hISJI2c5DH3+4NrmZeVo93K1U1ezDf/wU8ioAXlOBGBkrDtW5bR+lb2mRWLQGx438PjNM6M0Pdy66XCUgl72pXyzpoItY4cvz974o1qvlC5T6jFTjDtpyQfQhVDXB85GI4FuAky9lQVUp1JtVn42xNy4euwUDNMQGCh7pp4vGXj1cK0Qo2cunXjh1i+fbS2NsUURLEfByNSAp8InSLNJC7NwR/nVtkzmxGCir/cSeO6V0dStsHc62yjxZqa2onxPwArDucDdZ2ViJtulr2/CmO8A8jT0DeHlolywp30C5irS5juOnvpb8+Z2Zz85yoSGRg+njQl35uNlf+iq9mppbSi/F+lwu9iyfQfgIAbKhGZ8QX1Qi2YWRKnxAcIqPBUKiMybY2KAYZCJUGKkSPl968KdToLsHAE68fGBZ8a4G2qm81BYKF//DMsF0lsy+uPeTcw9l3sEYyK8iQ7aly5o/Ndss4IQ4Bn6h2ZGN04b7PjIHJAHzd+7UYtbjY/uFWnthhwYo7SBzIO0nMi5M4iygbxii3p2yU+ifqefnZuNoxNrcAgqyTtDJq5E6Enss2czsZ4GIed48t93VgBujbUysLc8dRwNuVhLEEvjlwYbNTc/gNl8ig/ooPw4NW/trVLMMfcn6s6OUjvZLrblrk2JN2O94Mx04D0mB4oYRQh/csOpRcB4opNNItgGa6lF5R5+C3LXvwsElHfV5a05VIO+f4fx9NTTGirKnhOWTqeg9qjbCmM4t2jTHpXsanR138cvb+i/g/gLTFz7pnKzo3l1KFxXHZzfOY0u5cw5dvMp/PpIMPCqdtC60NmN8qnVgWY+SvkkIyyBYb2HN+wsqMLzZplZpBvhjvbdA+nbn8xvoehKti5UXBPetq4UoOk7C1AHFnTvx6Gr/wS42qoum8ydZPnWApjrerfNmhS3kwzIAAAAAIBeeu/HOmN9FU4YG/EtVZFz2SX7Xinm0+wcbDNz2rXTGZUqquvqfC8bHtIfV3qDTZeAjbGpKHI8fS5EGEncyjfKjqf0ZTxVm45VFSIhGv8SjTh8ryspZKjl6qXYHrfImU5ZCeIbXxS1vN9f9kF5P8wWnxST1dcyvsk/XvKRdTVAtcT24+J/RbFjU7XXYpi44GjjRMxqqojH+asWYUE9f3gy7kFasVE3GUZ+2lKV+Zp2yvBI4oAe/es4oJ4tqdAEq9znRYpAOi9yK5dmBSgUITZu/q+0+SZ5fFFSbUcYQmgHGS6g9NYuu2N89Oo6OaPdPvRImMukTzKYpXmBT5li+5zhE5UMWjUeJBtZ4EcdhJxTymvbN/HIUXOlFaS3+ByZjkfx/kKGLbTVF2erfld+/jHYpMIjRO73O/4bgWr1u/a2oALgRdl9gXaH1TVFDtxv2pKxYhJJG+ohr4JEUcolnHN9LX43Hx5umM9W5r3/yXwA8b9ssbAx97/0KDF8/35j5+k6EOwNCWoCKRO/uxJ+F+yHT7o6aZIrN/KdWolUwmtJf+dLKxFIH1hwYR/7SKOApEN21S4WOYQPPWnQ/fah8CUpeuAx8dZlRpkUpG3dYKAVxzpYjgCLtRBUdA3zZIOZ7/YTyslln4Qxbl22baPHMn3SQ74vszdzC8TFQKmtK9SSiEZHtn2X4ov8K8PrhreQSh97gEqEWr1j0qJkT6YRErrjTCzAZxAA+fd5hV9udfEs/IH+lfvYpgupcAGmH1Iqs4dYWVXFYiwnnqkUClZBPwruvH6aWVAgSucHIbV8sb9xYePrnSEVE6jhK7ZuEW0cvcUibbuxpBMI8AfqP4vfJ9aK2KP5NBK6zAKMWWHMZZKOgzgVZ6Uxt0Oue9xnYbD0wSUf8bgtsStyIlO0ITSUdnyr/knLXkaUk5iBxkZhagWeim8oVGxY80BbAbaABok9krEFyvOWVH/G1M6vk6eZUs/2v/D/zCLg2p+FBUyqMdzxng+IpRTAo9Mhe9UoJquyAFfV2LKRGmr7um5EtPHDvWW7CpnOLDYLwO8AsyuWkEgzEu4MJSqe+hARcuZqZVSaFMA/Y6wJnirHTmlvUPwMO4AzaQp+cOSPAR8/To6ouS128xExnblyKS2I/BH/lUZBp/4/VKU1KHBLJHgRiZ2HQMUzn92jfzwcSz2f4jMzF8NxTi+G9Rt71vsOadBLjiStp6W5LzJd29nS4AwW/9byoEn8KdH7/8u6WpIScUaYziU4bRYUv08yecemI1vWqRRITpTBvUAHZsN9K9+MGKmeCtZEJipRkX478+UQNnxoMEoxLJwaNY4ibIKM7+l3XzQZKS348vhLI0G3Dt47Mn8+bSBW+LAK9SLvBzGTlv4WR2ZWCtlgsWtG/nhsJp6rfQZHjiGgsP1kQhmkq0GlIiscsPjLOxJCjFSiJsAY3k/EuzMbeN09Eu1Z1PqkXcJlvcwK2pecYLxG/w9iY0eMpfSI6NEIJYTk3++tmHmG116e9oHheAbAqHuqTIQkGkL3vAMKVv86xnN58lEVD93PStpwNHMS7EPleAdUt3IXSguEujt173saJD7sjxmFfbivp+YwoiXZC0qOND4uQ4Fmagg3d93o8aIB14k07TIE0+NQwYOyeJ6eovuMV4aWLrwTpM+b0IjLbVUU/FffhaWjiFtVoslw3rQ3+J6wFasPCA5ZduyhkCfVtLtHotGdUxA8vj3pQw99/2HPvGvGl/gi5isCbxIMJDKmpJ+ZkZGAhEmIUicx2p5WkDv7QGbEYnnI9VMmw7E+TJ8Q39DLo2vkxVuct3UWjRq1QRfbS9luWrfpZssW5l+KVDi7BToYSwV5jykg9AfRRN/nEhBaidlmw2nHNvMAX9T0WjH8ev5D5dg5QkeHgVZgc9/YLa9W8LbkrWN0gOCc1cs+O7S0ciXkkh34FI83/Hz5AJIxuBU38gyNn1Dl2CIaknPCDzWveLkEMlLdd+5I/M2DrgAGhCzlhVKmdZwZcLXSH8TcvcFCTldAnrtVNPrODXLK6CJQkg0Lt9GlDNFQgFVyEFVVsActyuTeYY/NSFwB+tR6XExVUlA1pFMd2feXhkK6GR2Jn7w2MfxI04FIQWb5hr8KpvjKGmOF1x+v36eD6Y9qzGd6x0Y4VYJgxfhaXX0iAtu1qgyqMconM9vQaAlQ949o9KcX7zQjIvg2uY7NHi11cP5nuOUymF5+o3OD0N9APBmQstLRYxlRqxTyW5K29/ugJFv+9oa8pr7R1l4dwqDWWjISvOcAWE7m5GSU7MdzViJFFeXqiUGCeVkcMAClZtcf3hRpQwlwMISuP2v9HNP1Sk1zJNpr4ydkHowdkaPvowYYNKveFsrM/4AH+HbWPeCPwPyWOG+8QNDx1EDIW89Y5J70sqOFrAY9Dt5PUEPzU1wQqnNupOrtPSit5t1Jw5Rk7F8N2xRZeDuBHkCKE1QBHnGcphAWvDe1+Kw3n0mhu5OgYBWHXmYC5jJfowwueLLXDLzms1y7fyZ86G5NW/4erhfwNGfDvUusOth5NA50gJw0OZv+3UqLDvnNYZYrgr4fcJHJ/Nk0UIu8RTy4kvFIFotq4Ij8XUvqd0RPgmRxsyit7oVVeDT7+DtWCOWSKmOebqlIit2yQrENCnTdcXIwYrmqTAkwmjOZETyLzB1yQ1YbinfZqQ9FfIIP5E+nd/rsQiXURId7WoOBv9DhLkKHvDsTfvDzr7Bx5ooXTa1lwTdQ8NzqfP5VuHltyJwvPzmc0LDm2+yDZbb49FAWIR3p17HsZHmbnpwCL9Ry79NMowmJ2Nzgao0O7LAqXLe9cvldPJ7/UPkvWVN1ecSObOR6moCrjoJhk5VW/lSkoQMznvKBIm4KvVcqeeho2F8uioI2DhgGiuvHls9Q7hiOLHsv/2jb0AuFfIy0Nes5VFZvHZg1BC6sETuZXecL7KJuOJFqF16uePjtaMfrUTM22LtGdAYABrauyn0VTv1yTpOPIcOSIZafrFmaBmE0ez4PEp44ufxGPwI0LJklW5gORWR3nJWDthPMQzaoS6zJPWJ1X9H3wWGbqzH5RUi+YvigHZfJm0I7eQGNAr1eN3rtL7zSBg1naNvS8aU2HkdwmU4+BagpzXbgAXcXw/PfAa4dAuVSqViljT3ENrB4qnIHTtMcWAe+0TnxEjkg6km77REKQLFHz/QYGhLnPW5Nzu5/jwZlH2Yo5qy9N+Nbc2peXtzJzyZfoZNqOq24FmHr1v9ouHdLQlJhIXbkeebGg3n/oaD8mEm55aaJJU7XsVGHpuMUBHdWayml/+1RiOY4qDeNWXuUdN/k64Y00CsVoPjUwrDEysXOVuXOm06TlzGABnT/idvCnVDRYu/8LRu/BR4UF7ymqnfRY5WGRkpuLCD6liaTBxOsdHNO6ZV3Bkg0uoS47kX7yGYblqptB7iq6c584gf3IPhneo3zprv9i1o87AcY1UwTMtGU8lQlMCeLXL17klKMrx/vSO0kSY/2UkK1aIvnidPUTPwgTOf9Ab0HVd7rfbhgq/47hHicogJJmSYWdcinqstllXr1UwOGXBiT3XemnY/aHWFctVlz5XxQgfxq5QX6sR5d0F0xB5lLGhkfrO143BXm96EWOBMlp5eL99fDdERE0fjg9hhmXpO22W5fSaWfQSNxl0e+U5ulhrxL+6wRdNNF6YD19g3LS1XZe1jS9YihjYkN8+algorvCl46VJP0JRLj8wRJsqunbQXEmzoEUSmAYqN4ypJPPi3XOIoyDQULe5o2jm9lVK5UN2/c+57H3ak7ucKHDADbTZmsOB3r+PvXIXTLBt/gGk0eSbndGi9oylWO5AA85lVHBKdBk5zzmSjKXtTLuX/z7htT/zU5wgvzAyZiq12M7Ezu65ypLpDsOCktDH/ROlxnzHW+i9LAp4Xgyx/fg4QIusNzke628t2mZYHxovYYQ73YZ2ctLdj6RPb9sXjmx+V6pkBDErbk84ddHFWnossu5jm2//E5KRqRhOzMynU+wcIjtFmv9l97o+Sr3ey5JS0AhF7kHIQkA67XculX0WTfB3/0i3DSVI9iNpr4ka3qh2/5o7jFFiO4tAe1xVsPa5Sw77jyXEt4LFSCdfofvLonmRjwvOENd3d0y9Q5iL07udzUFGzukiYduqvy9fc04sZxoODLeKhKNdZSFmkfV6k5vB4pscQMGmwzb+qUnO7BqlKeLXBGI1gL3gSBHCZsmSht4wCxDrV2FKK33R0gav4YjftY0LXOZbl/dmwR4KIFRPPfeDhLoW+HJ5ZD0yxUFS7gYh18DuyBPVj2r6qHpa7jXabU/N2/pUGgNymHNVrVFIV6HhKWnPbdlDPON8zCrGEbwhvt3DVTv9q44Izc0DFKJLogO5CTd13qEfaxvjoilYnEpLEB2R4IwDmd9dtomAGBeP4DaJPvfPfTtFFrKveTl5TXOSA3f8RWc5BcJ+3EjoLjU58gVVB99Bu4h7ToRQ/VB3SKgeMXvufQj96WphLu1UqVYNIGoWXS0r8mx9VyqSLtAyoY7DiqYd0JFPxSbay4NTOq4y1YrRQ1pPuWrGClf+IMTGPOBikDez8RdvtI4VE4v7hCwkkV4PPH37eC1h7KmDkHEuvZA9PfbLJJgEYup5cVdphVW3zL7CfL51zQbLHUFxFfxssh4EE0nvco0xxIInC64+FqUY5LqIbn/lVw5ohRtP1RN1bnCaG8lL3ppomQlZDi5DAJxcgq2LZFqZ+b293Fmbf6yGE9cHjgcYmqt0eCt5S8aYJsuwNoDIqtrsYRxE+vatn/s0f5SmOkP+DAtKt22+GM+jozmNmrKyicqQv3Nix2MCjrrb5sbRBXjk9sDP7skrwzNJuqqc8XQhBjGpRvYQqE2+QXQxbm66MPvvTNhnrLFIb+QIr37jICep1joBssC0cqvRpDffLiec9/1TcDeWnlDfC6Clqg1OYwUpIV72UHVflvIl/c+3pxCbNg4gmTjKhWUyZyM6H2NJ8ji0fikHxRSGj07vJX707HWBpHstAwzijP/qHEr+qXDY7npLdEtE4iPNB/yFSAwjawU4JklwHerFjF2pSv8ljhkfVEKs1qjknP65CgPXd8oagnLvZVKkOdd81k1TZ9GdRHnGzFJDoil3vcyJJx+XEVfJFK0WF34SCamDUg/zthZMMKk8IU19AgB+libr2REAmdYdXknuuT/AgQA3bKrciOIhpvYflX6bK8KYxe4j/BHV3UGwJoGPHo2Fh/zzzcEa/Inkge53gmLeHjHXHUVFUd0MYeAhaZ4onhSFMRgOkeS/jM/y5X5+oWYUnxz/w28CsP3HTnJ3bkcH4ho/FgXi7rchV0no4qrkPoVxRD0j60w6W734gyGlo5f38GHdDXWYKcHjoQ8goev5fi8B6WE+g3A3JGNQUdIZBTI/kna9z7j9wjiO7K4uWnCo1frCpSag3yS8L7JvcIhwqqFbr5AiCDWvEW4s/M1/lES4jAqSFdR++vLIDP+MQvI2KS02eAAAAAFp0ns6F/oN7fhAlT0PA65Eo7h8mryst79zyawZfSFLK4ppKtZQHhYruoYivStMXvI0pdTFGQG0VlD4wUQVyLrZQchAi/IbkIcCW7jg9Xnx7zgCLq+trCMx3wvOutyOuNHN3Q38VVwiPIFRbYpQIl96DsOM046zNEo3Ok00ykQIrD573/v6+7kkHcOE2fb/2Tq8YvvzVtxvKffhbGOG9r9owysK2HGbSO4nsF/ZF1G/Ym16KDm6RqIWlxL3SEW4lMGPlH6UrgrWufdQKC34BqMtWjronR71jMLLzcuUN7VTfn1SYeE5kb8WspB7qZHjorEeEurpEcXCxvdE0hAE61Cs6CWs6tqv3JGpGyDhn5FWrDltb6H/IY7RaueEPaiiQqdm+yWfGb1i1/cNxwdDrAmfDmHCMmcp3T6HuxAzUSDhR++HRA6juRkqbPM6XV2G3MaKQB2ClzzGNL39qH1GbRfw+LqofpoE5VCKzuonqkCj6DcOilgHmKOE5CeFuyMy3A/PAzoB/XT2M8dWa7ZzS++vUXYXyfMJWuLhTKrWGu0rfigUQ4V1BVToBtM4CXX3j6oPnu/o0qaDzC90aliEQjKf4Ovvrayb7+v/hQ9n8CImGVb1R4KLbso2Y9DJcsymJma38aACCjTusTNDXxv1RDr4jl6YYqtUR8Zo6+ifyFbRy7+jx3hOnSPXCcZtCQa+FlmlA5lwYrGnDXtzU2GtPciIC8Nzdri1zJ+blsla4iE6a4QIc+xG38JCWqCmBD2QOSv52ox8upZmnEL+D40jr0BcBZ5nJbRjyqqJ3mY06TCyocbYRvw5MBZ9dK7niqQ6MIOibIy3jgO2HjJ4qlkDhujviIXcjRbceSWGYcrIgQhPBCS+g4ikiGBmLOrXNxI5w5VOkai20G1AzqFyiDLxwNumxUT4swuENB2TiNyNjRmBf8Ipuo1wvHXoBvfXP0LNeBXDfTDvRdGLAhHVTEHgbk4Nxav66OxjENChrW9xyHMeqn0YwMXi/wJ5W5DN8m8cElatrCRIJ+UJJ34xJfyRLaa94Anj2qWoIZVw0fFMZx7/Dr1+bj/vkG6e95i+SQDZvdv+FhuHEbDlDbOv90mraVTch4udaE6I2HC6gJaurQxNuwA7C9nqXFwvcIP/WI6zUjowNiGQT+VntNR972w9mdVAoYtMantXRpt88lWCUIU/L5IuJmK2bpKlLx57VS7W2EGD730uULncydYEXlbDSo5J/mlHt2htakJ/8t1JVMA0cjXOJDq8xwlqD7pYIK3ByWzdGqQOOUcQ3F4XtwgzAbR6c5YQ1onwxUq9aVuZFHSCtr0ZEDu0WLnVAjJis/nnKeITMFAeaGFr1N1IckAgALxRYgYh+rXz5fk2Q4HxG26QPrWY1bmzGPnx1xLCX/sczJ507I0UXZmlioYxAfwFeTteBbX0VIO+f501b3g/sOfF96EnbYHVmbJ7f82+xIRkh8bFSZKpm+sPyG0OXu6LOMBKG+j6ztt5tDbwcklUpJlHM7dwm8Z6kRbWq7ttpEVyMe5dYffZhQUQEticB3LKxWm2ofILW5Mkf5BkUP2vo2epVU3xNCn6weLlPGQ5voIMmC/Gdn72+P8tNnIWnJyczL2asOMVFSR1Y21Iwu6t/CfT2Ztdv3Q4FScfDwsSgB6P74edvFvnMnzYBXWKTPKClY63rX6ffI2tb0W3OalaZfesSugTfs3G0/nonwy7+XgFvkYnjPPd3rp8Aya4x32umH+NtIlXMEqlk2FMf7RrZIHvM0XwBC6AJ4Pcbh5dgcRQ901QHWOraQeGqZiISDroipEqcFHsMRNGbXSJvp3TqKAKf1UT+oc75abVUwTo59fZn0Y2mJmHWsB+HqLnQDt5jqpr0M3GanCgG1cFYR2HmrTUA30bh28I2o9yLSbZP0m0gFud/QZTawY4ngL79fRgMbmdaRnhy962e5lsZsTQnSIafCqpdtVvCMrWwgaT8PiV7zuS9i9BcHSFA0N7dqHY2qEg/jgLUs5MfZ6HzoUXM5HZVQa73nWQettZ2THj1E+FPAeXhg96RoF76p0zuIGGte+BwfoHi3LPZdqz3lRRofK45o7tv9ozByH6KB2u94ep1Wv4KwAAQFQmLnF54YDnZMaDcsOk+7soPinIU9W5Luj8ZRxteieArgHvZ85ivoUNplDWh0+aTUXFOPrt94GtJYmb5epO8yamN95lsbJ9yufyyl94zUhraZkXHbGi9jr5ZNT3eHm9Fn3Hn+GZ/+utrhW7CdARNgKFzxca7SdGlW3keV3DHpmnqyZ4Gpex/WHS0aP+G1ViFFcAaoTfSKMLrLf4qGbElhQGiptLU2yKGmzRandUkLnXR+nv9yQz7J74NidXeBaoUwYIPIeP/ynw4aLpQfzA2e79zz+6eiSgqhMEhgaPzCqd0COIB3Ioga7Q3I+PEy06zGDxopUZbsL1hx8BE3Ph/wVu+4R+zUtiSvDC4dwJzorLGrs7UgfwezGmFlARyGVAj2orRIieLQWs7zu2psks5/7PEZ53A8jGRMVzpeneA6BF20OvtdL7BEBmF0l11LOZT7TVn0ynHYZzfYy2QjUVpKm5clWRauphlmsxuhT202cRHyrhPtSPO0kEFLPTWSNIp9CczwyYe4mUEWKfjLWXKL33ysWEsXtMQCO2BJPzAJxuHi1JuYtAJgzGY7zNP5qrO+jBh6jvc3xHIVg5jcDITPCFoEIzDmS6ahffw5dvuZtT8kzeSxLKog9zTogedVhgERN0lHSIpHzKtnorkguq4eOLpVdNfZ2ZkmrtJ2TO62ilAEo21Iq+01P2T6O4kOE88ahUwR3PbA9ckL7IeBMhS9f3JmouC7wy8pYnGwR/gh+eKC/kTfky5cTUCdIbA2CIdYA5CldSftx34suyy/ozPtXBbj2D88Ez5UfnqVMD6Ygx9Z+1fkIMVuCg9FAOUezPF1lsWiwFHmeuU3dIWA7DKM7j8K73BgY7MsTpswsC+s6TrJ0HVKRhAq+elUCCKExNpi55Pi+sUGf72FTD+oQ/r7a9a78anm4/mV9z/TZC8AbkyBV3RwPGCEFxhPUsN2HBmRJxfDgl60stKIbWzrFQfaioJclOJbpK7KTrx/BsllmQflMuY0TF6RIOCBHb8rccXUoyoxQdzPZELyc/SsYpNjRXrnRoZOUtUK0z7iZ8bQxGiLRfIDqFNKYIcAqV3zRcNFxMgYRZmOTAjbFiWWByc03CFkme4C8AuqvKQrKoO/vzz0hMv5RGPhySCcea8jDGkGZFhEPxBP71A1UWAK39I2yOkrY0cum8ifS399sPknOT+CYFx0f3H1F6vCs4qW6xUA+YjuJ7s/Osq69p2bpypyDBaNFxn4YgmcmEk6YcKMy0bcLHsu6Hi3i8n3yqsMYGmVtIjkzu+ngcTzfnfa6mkaeN1v7YfLxP4PH+WZv2XxeYjSLf9zQF3dHjqVAVvCoRgjSXi1BtbkgINFrVEQrpxeU3Hrt1lk5q3PJiZ02QBcYetGi6oMlmUp0pGiwXN8V3Iz6wKb/C9oW/0iwsGo0xcuVjZTDhBRTB6uLNsPe3TtXsOLwWiS+GPJmph/ZVWdXi77KPyD7QilXJ8XkzsOiruBdxoxIPfcavtla31uCuAbdEiqFBvVnvgrWT6/f2i89ceR/F/465Q9AuRnr9NqtjlXgpNHJTsGUI9qzyJvikfJf8dLLgHiMJ+ISiLhqlzoSYvTLNY4gx1j87+7kT0oaYe0c205B+b5/SwfetNq5/kaQW7Qwt+uQigvTNkDcOP4g2gM1cCugSMV7knrY9sSzvGIekSpHucnjd1CTU6vlQRZusnWJM798aGgYDZ5m0FMyU2BTnxhXLgZ9u3SIPrS2ds18j8GE1vXv4f78ygUJDrhvY2eIisgGfqOzbPvFnPXh3n7YZrDRexmcQuu+9Hs8ZMDmGkqUCJmmkRWD8PIinRlZ5+Hc8mLy2pnNZr8mr2M6tVYzeoQiNl5dQStZkJDbokU7VhrxZMAVasyU0ue7vwuQOtIksI0qCRBh4btWywonr6azLgOEsulGzQmWL69DGKdRp6nrphJyLc1B8rEsTBtPXvusYsy+PTWLlU/M+NxdstoOHV3EjnHSc7OufikR8uFHEMSweJidddoNgF0t5nodH4M+L1eXR+fMoFx3aht/xaZtKdW05Fe4eXPMh4NXWBGxeURxiCrhyqBE1Ko88CcYQWynUd6wTsrbokmKXF2J/0tO35tu3GF0lep3t/fhvFZ7YoxANvskt7MY/+Z4o6fFkUgZT8U5DhTz4n+dFbf/jUp5JSgGFm9hO/fqzc6Q8+5lYnf7fd6UaLnSgA45zZAos8pgNCEZ37xvxIMN+0kbYpPahzLMBHYPI8pHllDWZHGO3BTqMiwVFDTsF2JLGREyfOF+Pg6HEMK+jN5gZZ7/yX1RG/0e1jGTQeoT/Oxf/hSgtHE3dPtciy9E7dmauR2uASZGOkiiKEd5S0ZC/T3YfDDcBqweY/GtplGjhb3uXjQ6jzX+VlnCH0pVig/jk51hxe9+unrhIa2umZQb4IaX2tyhx6fsvdHJwNrL4J/9myW+wP1izVokqYsRXRICF/o1ujLGNHEgl1lsPihcZH9jcB3ZW0ue37tuvDwWVIN6rJNnkbWBgx5DxalJN9bdL31MypwjuiYAHCky6iDE1JOEgtTqj7mmepoO8ecHGWR6vUugiuX4BtIDTsXLrtpD0YjYEdu1NWd8Cz+Y1w+R3RSJoU9g/gv/k81tTbh5k9nZLpfz5jZJdm4ExjErQUgEyU3sxwcOXphcWCLZxkwZdLsdXQJiCxmfjfyRF5Snfp1r/5z94tn9kipd0pQlGtAK01Dxaga5YLUJxZQyK58pVsvbF1ozJVrzfC71kgLFTOSu5lhm3JSo3zcOHZsQPAL+UBlYgA/BIviZnvYEqqdVCfq//TneGI0G/lBd3Pje2DitRTGfv5qdOJUXk2oL9ydiVOAIR4C2AqGhKSY0Ptm6FVwT+mxaR15/oGvkMZa8TiojD9moNbJswSn24zpTjz7qlIaH5MEi1XqjnVb3vzg90VO1N3Tw5hWe8agg4qbh3NsYOJakVjerkyHbBh/YnsUsvKxuvL83RdG05+dIxfaQ+TzW8EmHbMi5wI4Mib2LwmHU/ZaRdndwHQbfLjO92OSJQWQhUHpfdHgmnleGfZo0r7AZpFOvqI7O7Ieh37eYxB1YpMWaDk68jbVXFs2MZr4j0sVz9PCQFuoCMaxrW7zMamql8MV51f8lx73Bc5PaXa6AoN58KCM31tzTSX1aCpr9f0ZhOSjv4hGJ4uU+1SCo3D1MPkEp3Pk/N13LAAlzskNWVWo1fkewevDf7+Mo/hJyutiLCezRop4osKu9N9mEYZLSgAAAACTeld06bawcWEkTNMZTuU+CLzz9PZcyBRXeeIy5k2YG9mBvY+H6cWmkKGNjiLWrkVNVFHE67K5CaxQ0U/ck8JbdPOLK4LxVQWSwps5EAXbynw9mWFD38HjlAy6/Od7F5reJVYiDO824QX71B2/guaf+w+4YsElG8OOQIuyIizy3f0Zp5oUvjclTmYGRf+znWOkf3/zTW6FC2V1M+8Lf3jMXKeKKaNjibSzmYdgLgyExKZcwJfsL01sM9HYKzVQVWfXWNR80PmlkWuLc57/VD64re5PblYvxbyOPQkaZHfJjykTW1tInUkiod3Buwrg+r5Kf56+2K+NC79f8U0M+RvtBR28HfpS5Eqpv+2l1AoWaeZq12eW14v0rAi4N/jGO26m03zrJhwNSBcPgRIVjWe+xvAood4RSWXLdSyNnu0wcCHgUtG5Yu19zuIIXXjtXOwgxWLvdy/EAVDOpob9oIMT2BBD4mlaICmu4sT3rPCZxoZ4QLRDwLASs8kLZEF2Zadg581nsrXj0sUC/rU53TQ36IW+cU8BV2k+fffaK9H3L0fYMlUlpZh80e4dBAt6lWI4CFll5W+xZWopKhkVenxrof3FbGPYjxwm9NE5PesnvYBnTIwDYEDPY2kOvoNJ7eLafBpXbyWb7LUnU1imBH5ma/tPEQ8Y2YAvER9/zfQwl1udd7R709eWiSoPkwMciKqZslhsL4ztK+pvO4uwTR/2sff5DCXdZ3K2rd8Xhe7bNzMQYia0WzRgII8eitbc+kZ4axxNIAAql9vh3dVKyG0wPPy4KdbRh85kuBQvuO0Cb5+Mi7YDkQCH55iqBoaDtkZyFTnLo9GMspRx3oIbKOLtpAMjb4w3mGmXRNnZ9BY9R22c2vDnA//evB4vvM7fKPwotkdHpbEXwwLjvo3qMwMAfYOAuYDNj4QyBF0zFXHeEx++dNhS/Ii26EVE+9mpce/FI9dA4th38Rw2ZLV9XzIO8S8ycYEfR8ghwZXu/po+/3bpzbUx5HyBXwAowNtTWg4uVCRSEAzSug15hwk25KtDeU+ZZopaH4jE1n90T5vtMQlG8BBay4RyR25HM//6OOcoi3l+vyMwxS6NbqTORrmRcNyHwhQCq/P4/gfukdJKQnFFjIX3ZQIrN8TLEQ5XZ4/iAmGamtRvEqB9sOn/2ia/DaQ9iGEqcAmYZgL8/XiKqaT2GTLfNOItTFdNRzVHBWMQzrsvRQANjqs5WBu3dKDc2sKpff/AudAwO+UR4L2h66Xf3PDPg1m9Sr6c3R3IGu2C2vwaYJ/AJp3346tGq6wfOFlVol2rhLp9dAk3mE99J0SUeAhP8oAZLkJhwXPh6gm3zJA46yxV3BC1RLaBJMP3kvAeCfxEITBHBtD4GZe6IJutAM8e1c6nP761HphjWaZPKOr5ur2DYiqyhiATS6c3sJPsLaEH6fV9VifFUT/Joy4F+UJyDcOVscr4G1VV9tu3eJrKw2eNRHmtlYENp9WhlcO38kPbE1sFw/uA3HImdQti8O10j+wKAKm6AYz3KQW1cb0G2YzJSj8lb1Hmor3h9d3wrHt0KarFp1f2lIz7WWiYZp7YjZPXB+XbkiC1rqg7DrHycQuRxwj36aYkUAQcUHuBsA4YT6wqiOgKWPdJDRG66xOcGypdIRYEJ8DbXVo3rSBBJgxCYTmV0Ej2qQZuMmlRZEu+3otWEg+T6VULPvzC8sYFWYF5VxwgdYsj7J5PCpYOeetiTYChH2socsB7RVDHFsShr02R2To/i6nxhwlAxUao2nO4MTAS4Qe83L4jML+RCZsQG7ylvGtvYeDnWD4togOKav60MSjt66/9ZR9RI3szvsoRRx1Nw1DnPP39JZ5SNqV36qJZx8IH3hnR+9RGP4N2yZJelwYD6RzBLo1/g8PyxwfHKQlKSkX8H1hitV8ze5gX+emcVyRunscwC9bRrzfAA1470MV6gQ8lLjUD5ZNRC1JgeQh38zDBx5GyaUtaqKYRz7uePAEG3G1AU4iuFX3NW2fqopxr7M0zC5AhWHTUYRHLi7w0nW8sncaFMX0NEOYhXN0SzDRZi7XAqhZPy1L6gJr3WfQWaZAMaSkmCptP9l4mxyjrStZDKWAa9wtZNXjnbr5aJ5ufkTLt533PdCX95K3Jg5JxUG+ItmfrILeC4g/jMRKUwPqTZqpalqBmVsNLq+5ow1FsXrano5v+IJJrpw06ggiPBtW8UIkqac9ftU2XdoNO/ik8iZGvRB4moeQLUmkqjnzxeJU6VBMq9bqoos9DY2SUc20cxpTEuVKuMMbl/K2S/qw34vBQL7IgNn9VRzxt82XQb9e++Dx2Q6Qssc0JMPnwjcMLS+c7GuOsvwbMQVZWxFMPwaKR4Vz9/UTjTSb8q/XkXEpNWW5eEg6ZPakuodHhQpTus5qGryarsZuBc02gzqDZSCogD0B9/f1G7BJPw2L6aOeCae4aZf8EKgnARs+NU5Ry3LpXd3Hjb3TTGzQcrzTz+eRxnwtCE64JhlC6LZ3L4DwS9GqxBnyR7nSZZ7op+KV1aKgJxMd2UpmLIL+DyLTIsiop/7cAkybhmf/SmfJsv7uzVIQ0UUX9S5RNRd4DSjN4BvU2AOOlL7II4U09Ry2D2QhnY9UhWf1GV26P5cf+DQIyqlbF7BkSNz7/nPrLt3DluLeRTWTlf24SL1fCoPxjwbftuwxfIE2IrrFkNaPUtEthpItcPOs6anmd8nTGL4slFSnXgts7W1Ki42Wl611VtW8C6YX2zBlT6RtcB9JuaR5gZBSu33FZq8TW0PujnT1TNubqUm/MHum0qpcHx4x/LOeCCEgs43Zi+RogmELi7PH7vn632c13nmbajap7AbYR7Ldp+2Wfkg5NKHxI3npgBzsyzamv2C+UyS/osoe0IbLLx+br0uOw7ThHKJKzJFkKuM4mwtuhELST6LIa6pYxTmftM6yqKPApxNCRLiADZiRzkcQ9wCF+fbPIHgW7Be8kgKFHaY+1JLMaTRtheCUNWY9LhO5gK50VJe7mF08MqCU+d4FSJyzaFOjZUxyR4S+U8/dYwJ7Hg59OdSO0nPQOWz1rPGh1aIkdrcFIUz6bG2Z9bm3II7mAv3FzO+Zq2CHClZyJQdZfDQyxTbTT+YpTp0BZK546+bo+ayetiryTHdKXbmux0dXHG1cvKxee7rGgJ5Z5mk2JMRm3mZv5IKtDHm9r7evpTinwXEb2K+rK+e5xZ5Jw2fFR6rBSgjznYXMqVPPk8S3GEq1ymnNEj0G00JkFABzSk8wRbrjlovZ2BKwrWbekr/EsDSS+yznnbTVNQ5U75ATMl7ZV0acrm/Cu/M08ahDYPiDQE3vdkItY4jyhmGFZkAwDnFeTu2jG7shT4A+bFLZUvInnkDGa7sxw0LQRqROqjoAqO82lpfZy7USoPw9yphiE7FxFDw11ITHXaC0D0ypsjdWLr/pmdoXORdgNO+sjxhMIM1XzULpO+M82ZfvnOQSqfaIikZgS1mbo0pZZYw0lqCQdsw6tscNpJviUJlC0J1d1nQ9qSkoY191yC6UF3AgpiEww7z6aAsGb/CFP0u1XpNiAMSkRxE+989B1p9HeCw68AYskwjshDklu0LAZYC6s3jvs0J52DNuKfb8x2H8DcqFUU6i1c5Vf+W5O8bbyLc/KQg+1Utok1mfgW/5/Q92sWIl97sfTZ3V2FTi/z1aR/1yam4gUnNfGhi3U1Acv5zLHP9Kfms+Bm6CO1PYyz0+r5MHv+Ccbum6JvgLdVUJGLabMM8OCkKaGDPr38X/g1Pt/aVO1G86QPNfIWdXKHLpHwD0I4FBOcOsydzc0552AQyRHgq86yXQ7N1or/+gq92+ACb2YK7vumitTj4Rc1ERjCFS2hcsiR5Tfk4Xb+zSdYIK3MGRndW/08BMm5I5PIdkBMmO9IP2pm1Fwy2X9+H/r2XlgU3AlAkft35e36Q+CPc8rai2G5dpwq8jEBgIzicohwBg5mCtycp75nW4XXFYTOeNUIe9cDferAWloCIl+EbN+tyo3QdGTF+0s0rAb5eOV6ey0guJH/VJ9PsxAa+6uVfjYhTsQ9N8AuAhJqyoJ0vTbRXPYQ0C0vJMTYOyiCwl0k8P4fPsWaTKIjvu8eywX9co5fa6tTT/4ii4FsIBE2ny+FrHxItYAsY55DKGZDHEmTva87v+l3KbiDYBSCD+RdSHOMjIHiPOxYp2gb6obzoPzATkEW/yrLqFkCK7d4eNj70xB5dKOUSQOF3xJUPCBy20VXgJykPepFCqSWycc9ghqS9ek6Ra2zDaA2jxUFJHSCiOzes4vCZOE24fbHok37fxy/+erxCRBEJrINnJcbrsrtgmf6qPDjrsqTtzBvMLNERYosvFKTo0u530pMQMcRL9A4DAvRSU9zMGVNP+GgKEXPsha2vtxat5eqggfw/JIkzk9Uz59HVdgAsza5k+TNuTgbdMQ+mrxkg85FYr1NJ2YiXd12Dr9K1tgLIZaKU69rWYSGS/H1J6ZiCDVwuyMd3ABNKlmf7jKL4rMDcBC9maK3mmeDHMNQtrG6S9frRdjd67zMuLkDcU22TFv4ApFrT3eKzHm4pB9PdvB5G77L2sartsLcYCLLXiiUmo4YaKLZrhpJm8muyUBUvn0C9EdQpvOfpK81kxkJnyX8nXP1kbWUFMNVKwdzeOzQSgzpffZAhXcqr+hNeNOcwSGMRHWvRPjAi+12SS3oWmBZR345bDuVavAVoygf4j5v/5LuXFryZtDl6ZkI1E5v2/2QgdrDc34yuvu1/NWyOdtNFlPAx2w+h4Q9OaF/6/oD5qJyZMBc8qQkQdgXxfwj/YUAyz9qfoeJ6uUOrP2pHKB2PaJQkQ2eumMenhF2OSS5fqbdo8L2ajLOQFxp0w2O+66BhtBfANPGZ7lIBrtrwb5iFHGGC9pPNIRzicnq+tQVIebGVrgEU9pxlmFwdlqkZ/tG5+y2vf2uV0AZ19B+qvpTQd2UnZomhdTVmjMkZVbicxxYq7nlt8c1uWc2vQECuToCQRAizkriXBfWCaMSPdOlgGWOECLWyS5zxJYGWKVSSfSU393GM1RGHMqJeH9y2gbfeRV/7d6Y+6IrwX8cihwCxStF9kN0NjBXztHr+lUugJACh/9Y3M1cypeRqHW+TPyJzj1wg4LNKBxyBJayrq1bl/DWqNrWE3Ar+zYxa1QmUNZ0iuaC5VV8YQ33J03rPM8IAMqa8XKh5MLrGJklywkdR/qAj7f1GayWoWWT4+P19O0d8nLAY9G7CtbodlSF/xRwiyQz6SymOxJ+RnHF2Cv5k+WhuEOZokj7uJgn2bqQPj0Xdp6hZMb7qwWWvWYi1gQ8d/sScG9FhcihFyFGZPNk8Z2/cQK+wb6ubVviw/JsgZj8I+w14n/WPr0QhSnASU+QtIAAAAA1NarslfKwf3g424bjplG6VSbwRQJCYogxX1g4xsCpuoQXcSEPRVqoEvTV26kxt3X7vIpil0w8w8IrUHNIXbg7b/msptoAISA7wTe8khaEwdocT/MHOI383AYhGKjHxRF6BXuwLzEQADKESH2fhVFsvK0yW4XCdM8kDvSb+yU31fb/vhRKc3wjxu2eJ5TLlGXXv4QH1k2n2qum+U6n1m5UAINKq6fYzEe5BWAUAcjS+pClZskwrTU4cyk+GfysVwW8bOpvzMiPoa+D6XTdrVP/0MJNQR13FNgrK5XrD3e/7CRynauWasOKSwd935Yo206AEr0u+YFA/Ft0LmX1O5OFKe/CPjUwjfZyUCBO+64QAaOB2voAWR/MWP3lFfFjgA3Pre7/G8SaFM+4I28M6qaZoc3vizYQ7LD/lmKPzDZz7Pp7helzcIbLB9wHxK5PR21x5j0yq368PxL3LQtPOKpKcGNod/XyI+iornco465AP4uo8n8VN7Aj76m82GU7ZVvpLk8bPLpu8dbezYbno5j80ZifPAUbXX1bEb7nPkWOx7iYZh3/zP3Meyz+0ZuehA58VLOpTJdi2aaO6AZJmj53dBuLalS5gSPjOM94oI1vnMEO0VIsVBpkC5JNFqYk3ROrlckZ/shNn23DEkRfvabNevCZH1xsoKhivZqAmR0QUOz1VJP5eD6olubIQfyCUmr+1nCeZEwm5w3FweawoUYLO7IPbzhq/LCEU+m3ebXChhuoVeiSyCNo9ebIMCzFS1cMjoVHfLMIEY7V3xNsJp6wESM1d20dCZI8/SBamnnSYyVLEfo7ZS10HMqaCHD5712w/coyqOt/XMhSdtsbLH5ijuFXgypflr7rRZg0xYSKA2j7NaX+oJpruWWUCphfg+qIryr/D6OQKWqVQRJ/6FkiYIIWG3EdTzR0LOxtI0cOQLG7f+0weDir1SJRGIJbzj/zL1mUU2H/r01u1zcorhLETaetFW1pTIu8GeV04oagpVL2sHnUFvQ9X7khh5oMZgWuBQmEK+ATvDVOJJXEqCqiPXv1ygQswBPhtDPNIfcaFU3yCxVVCFIFJZBiZ7zQEOkhmaxZeiuGyghwxKFJZLq9C/u7oXtXPY0L75mzOrdZHTT6CU2oRDfRfjX6EBaG1yruOvzh1tpNABh2wJ2H4zRPGRHuAJCg7P2EgNumsvJP9qWpZSFCBO2a9nUBtAH2vBOUC7NTqnBuOhHzORIZc9bHl/S+su8rLrsKB78vsEn8+paNtqi+YSZxABnt8IwOb6b7kN14YdQFG3UvicsVqVf6DLR9Iy2DYWkKuLnXn9U9ealKW9ScUXynLMHgi/6ZD5zlwMBI1Jq1xOFH3gPIztPzE0wBqDN3sLzDYPXlRWgM11w6bKnxNU3RoptKr8e1ELMfu1SXpdHf9fwqv7nDhrYU2nA1T9bAxj+kcgny2yoEdB+jEJ8Jh+lvmqsOtyPbht07NwUMMqdKSQuTfjWRJFnCGZODbkxRuZPSXdza8jbTu50+n5Z5PRlhxSxYslCnnUtRU+kbI+b2c5guMeNJ0WP0pMq32QcRpyeccm5NSX+gJg2tGe6i6SREe8HsB+Zmzvw/hU3Ihk+5O8AMkcIQXHXN9NHWfbgk1j7yR/6joYyWHC9KYchTl5x2KsMoApoqIdWo8WdQwm2qe7GjFGE+cRB7oLl/fUt7xk5BFnBjqb9oR1C+46zLmPSIxTHLAo90O1Lgk9DZUavtFIjtsDkvMMJWG45JA1YdkAkv+dAYALV3VvSjbgyXHnTyhVGm/qQBi2hE641iXRZzp2KgLFApnYfmnLMVT9KmKxlEy/ZmN2mKw4R9Xi2meOYGPR5WVqlYBIU5Tjlb7P6YBKF+Dd89EGEJ2KRcndrtMm12odsPquDDa7fcgCDEBX+r+FEAIA1pGsBS1n3YuSrjS/9pNsaj+QqPboFzjCNGrxUz+2b//dLQknCmAD/NXDtRkcIP63h+3l6OMy7IBZ2ffg8BI77u1Yck+Q5BDtHpUgm2oeMwcrRyLks2gftmu0TSO7DlXY9REGafXVIVIeIZ1uhIWMeI4IlUoCGzS/8Wo0AslVHCOIid2KWbMHpP/vHox1BPxsBUG/xiUbtfaCX5mA3aFwx7oslLNR4iRvrKJEg7ilVIHmJbyfc7X59PxNXvENPrz9LwgH2TgyEyYp70DuTe2RBm1ilmmUAFJ7W7ZF8QVs2BVt0x8Rj+idt0rTrNSRVClR9g0CmUTHIuTBshmXYaopGUV5Tr90sD892+RFgB5wLeuXvETUVwktHE4tWEXg/X8bfto3HSJ0gMnm7zCP4jgYZ9pqXxMWB1Gzmhb2tP4yqQ2Z5sO3qRXOiSNzZx5QiRp8/MVXhGC5oiqC5h0f1+LfNuKtzoCVp7MqpbbHz+jslh+cmAMHgCgPvhE5EeLscE1LWdwWpctMOcINMTh+i1ZzARb89vGertEBMDtAoddnViowsKoLEJN83yq6sfL3nAhtGWPCR5TtIDFQgVaiwVatBAOflolCRQugoiR/AYRtsBqbRuNqQvhnYoyWZF8A8NagwTkl+zx0Dad6dHwRNGLVKslqO/iN6nk2obEQTKZrz8ak/Icusoo6421X2qLGl1S1Gf01B9cLg0vGKpR0HM4XSbxH43x3gaTbczRR6VQ3LbO5wh2gDYHaL7sGZzs5XMcdqSLFvjQINoS4n0CpPzGl6KBl9gUXte9zoFlbtG+Y0qlotrXiJfXmSe2uVYY5E+ejTl7oSKL9HFH4gwtTXinNskSlsr7zp3QDe3pOKtyA8knaNjL1KdRr3+2N3JLQ1P7zlw5nCpInY/UnQp6W+TUsd6+p39htn2RY4SgMO6+s24yg3YAHVL6x7TX7gVXc6XaNEeF2t7DJssvcMcznm0Xj2TxO17JOn/vBSf7cDm1ie8wx4QA9E5+Wjl6meK8IubSn8c8otZhx+HIG6j4drv2FmQBZ6DQJt2Mgl65TVrlUlHc+sUdLZ/xP41XUW3HsJIREq3ejHx7mSBgxP2gqLnnJiU6BTLXPIVgiyuaQzQ7vu80RAeLP+Rl10MQ+jBS/HST2q6CXkH56pOYoEGH4po5RQc4qCZBk30gRBQvN/Jk+poc9bKF5rjewQNz8TCCxbZ09zTPvqdGujEHDowOamPu8Ly+RLKEQrmHh70UjFdjIMEFgRyNzPdsbsXeUri3QkGgV1EdmFTD1Lywnee15EcsldjngVZ+7W9b664wVjSlxYsbiaXfpRaWbo82s2m9Lj9WRW95nDNMRc8ZkEHNJPu9rv6tfTv897XfPOhe3VGS9/HTxIb4m09R6tHP6VsDG6GwAEPa48aY5QiaGnf3TyfTqcB+m7E9Hun55WXcayqONsf+1zxRZH198ocBF24iv+3Z+ij2nhg2HrViC+lIO3/LLuLdfNoCDuxxXiRaoHANAiBbGr+kpkcF2WhdaJg2ZO33BuvUA6R8bvCSb1kycvaW0e2buWTSSCoMv6aCmP59/8hNwQwCb0j94AgqLqcOOB2DQh5HcaIRRuYF0yApdcGT8oAm9/oJynHWp/VBbEZVIQs0bKMsjkV/CYgLNtv64bZJdwozZnV4O0Qvz35Mhyz8GNudX+F5Dpnp5dg2BfE/emCiuThBeoJRvyivOHVNq6//xO9RqX8AGoRwGAqSdD3naCAdnGdwWzLfiuMsW164fFmltQyMWRttCCAAmrFitsFD69S6FrQ16pmXk1HtdElpy1VdQpFaQ9iEGbPG7UcyBcpnyIX6plBvOyOGS2SRVvhIVljMudxNAWb1d0bSuU6CtPz1yHNV4e2iDgCiitYvwdCDVjB4/mHI1Ocw6WfoQw5HAR5hvCBTcSBo22o3ynKsGNWcbKgLJDL2epdALIMQ9D2tT+dolW/mc4VBzbU7/o37U38RYHYl9t3nJmHWc/y62vHrPtOyqo/jTrl5nOKKJ4z/cQkAf6TOIrR6F9qKDfbZWk2Ig8qR7Z/t140sofkXPG96uggdFkZ5YcGqFCcg3HmJWntTV+BhuSZIR/2zui1nYj98XivLnMwEiik0JETwr3TVuMN12IamjGe1PNcogiJegN+BJrCDkgyY3daN+6lWAwN8sWS00nIKD5mtxOlINGD7c0UbLCStfSNEeKm7djkhcRqKjL0jAZUw/qRNQ5RLyD5GC/xd58WVswY+zUwjBeNUbfilJwTxxcFKzYu47H5hyKlCTIA/jL7NOP/uaXIPuB1mjyvY07WQ+6uyy711aPkrugjzUshmnVyJknsyx43V+gb22BbK1Nh/GzRgQcpnMvZPqfygfiuMch0CockW/8j0kpivaUENmU/nZFfUaeJ+tIRccKuZzm9K6sRDmm+U2i4PI3iT0/iCxOq+Y/Lgs+NW4WbmejNKpNgbiTIlTXpK+VGXBFgqLEqUTsMLREDMju4trNAVEnLwqEFgLh8zrZk94yLaRdJuN4mRC+2qZSt+8U7pHeBbVjmyPYUCu5Emln1Ty0LriijktybGMoMh9oQYrx6LJ4JkTBIrldYL1O0uhuYjIm3H413MP1i2cSiUa/7IWcL6gEJlFbsAjbSiBb+wOLO37JuyhHEGcewkrDg4u250Vrn6JcczKqLWLLAWLhaWfyon8HnkvM0tXiGT4HZzuGZxXqeGvZrKWH7SvLD+CEcyclShr+q3gbzOrc+FyvT8HGhNIqVFn/rn9r60sktJD31OAvwIMTH+DmYHQzk+1dhJL87Ky0P9L/ywolkR1We3qAni5AjOZhRfVircB/8dbhO9LMPMgKGmU1gL3DXcaZETiRzXIBqqIkKRpv6lvOxz8fobxX4b3gq1LJ/i7LssN9DmwR/fRZ/grZ0F4ecA9ILfTwOlStXfzPXOfiTNN6wZo0dq/PcF6cdTXZSbpOBqkMypGH6t0ypcI7CWa6SsZlAq7mhrDoJb7Pln9UQhHkcWEPR+9bI2WWnKqCtrSDifr/lSluZ0iRpCo1NkXK+OOjvDnhMpYb951/grG5g0mafiAQQoie9Kp7T3AgNIXvMqpEhvvqNa0XTYXlkbp3ZYrUn3wMfC5stXPNMr89D0VDot1CSm0UZhmKY/fvnOca+6XTib/DKlI0MpRxhgoE6x6AnOwGBaR3iXgtvjUTR+9aSq6yWZ/5VMstfrzolOtArPSVXHsqa8857TdEffTrjwSkoE9u40Ro0PUoupjHPhQIsJMUaMhlO25e3NAGlSTB/JQhTFYaE4NAugC6RaKJzybVzmgDsrlMMnxonmxUcD47CvQNEsgbW2WZ4DkB5FS91PMGHTRVvwioL2jR2reSNw+j9jAPYqUDicigCtAuWf9Kup1Wj6pN2I9UKP2192Zam/pKRclyQLkwUS2P+Ydnww8uU9eyasia4cBEilWLSPgFZqYes4iioMrrlh8Ii25/yc4pjdA1qjbU45XBzqaKsSTmCez9IO2LMliQhbt/NyWS0Xe7i5GtKHAAAAAB7OG11b2tBlV1nXGWYUwDBxp8uPknKgfUvwImskPXewoDqGgPbzntbeEm4snjcEzmqL/JQV10H41NTmITrL5eIoibCGEqa0tQNKq5trapM1KpycmUZYkUDlOOIoa1EB1nd9Tjk+CKUIYLR+3R3y1ht+Omcj+t09DxIpK9Lsl7CHV4VSaXgAsAnQ04yrBgpYXnFul3nEV8rQ1WIbT1lZ2lSIJhl+klehi0VPwF9aINmuL4GrSDKdxMGn524f8rkcB+zof38QV5xgsuWFc7wsZlK+0j5AuWhvcOWl7dZmnxqO75Pj+0a40iOQsTxDk7CSoyOa2xdg700EKhIEejQhyvS5SzR/nTTi84Hi+GhHoaIWlI+KXOywddkYTExHnJ8umCLAylESlDkiOgl5UHdEakOmTV+2vR0Wz8yLRDwlcfsZfyb5pg6B5zH0HNbTSgVonKwLAXM0yoVBrBCyjrNGDhjg5TVFJobQtPSk8q//BZKx1DM8ytttUHkJOxtpw5YPiUct9KSR/kOXvYhXxPp6RH/5S+a0MRuodNuTXh7u67SpJMwxeN2rgbYbYnOXYZioWk2XlF7PC2VX5rkwMabyA1BBsRPsIoBEJOuc1ZJnQcwj6oDe4nt2N1cPECgXFt9GY5LCN1RHRzQM/60qZVvAq7VliDqbc1R40yAIhFnPrFjLBegfZUbBCG0jpUgUxLB3kpiAtmdm2unB+Jmxw1decwB1vxEBjJEqxcEV3o9sbbjlLLtowKwvBF9NTSdfTBeD1vjxJCdS5U2MXUIHNR4r5KG3YCUOKXyniV9eyjpMiPbnxjp0t/Ih7KrzRDvQYOfPnv9KxWLDfTzS1eXxsINW2Z7DeEqYdbJpPVl2e4WF3Hl4gOdF1jGV7+R8fWy+dD80YNjm5aq1NlOI087HWZWHxaVlMMsrMEkX9V8qGizdYe3uTFbk022W5x87/tFc48f2EM9s/nflE28+Suec2b5dZW58dIhAPSELVapKy/EaiZpxVuzt8R9EZHjx+4RjGSZ3dZkoHtXtAq7XsPAFUoPOOn348Oq5Ru46V2oN9vI1nBejJWLnCJUSTBTBeEN/DgEJj6bxlJx4rVBuf42Jf/ZjKBGRVyojFdmPsA52ZuNz0c5xEfAMHb3L2NuxeDlHIPGd6Jhhfu8FBjTaRjoGG78EnFwkxUov1bLljsHkkX8oqchyh6rpyNo+C7+ymmqEH76diDqA2UpasEezGp4Mj1dbAiPvpa3ksoq/tWwCnMYLKV68Cus7HxNdFac7snYCqrSa5aD+4jEJCSUb6AuBeZFskGjNlmdJ0Ycc7Dc2DaO2IM+48HQmvjbFD9z54ra6xsRXNOUELM+IJlAWZHwD3y3O9zAFYwW+L1raZdkI+wsLxRhKs7lYMWFMXvZpGEeYMC/8ioZff3Mbi34jdzD+TLU76sQJsk8/lV52chRo7vDXtlyJI+Nbdl4Xpfg0tDw03KYOmYST782Mt7dwKUhGsA8pNIgDxPooqPF/2rBlw0/qI81KgDyK4+/XwabbWUW2gMN89CqgTqx6HlAddo/6i8SEK7CZqy1V8C50AJDXRF+1ii+UY8OaTpwvCXgKLIvrqFnoN01VR9IEAA6CRsmTHjLmdRMACE0BrJECzQmAKXpE9kUyfhACVd8Qzw0MYKcHTGURfYjssojKBJ9CYYGQ7S4dT24fIi9opkbNqDzk0+DTExr4ufnuJli1DSOM1qkBnnM+3gZQJHbH7mC8vyqj7l00jncrfPoP0ecZ78X5csZLH6UzzspB5JnhmVMn9QMa+51d69BdRNaSNGL9Fg6CIu1FOEkr5pMq7WLOUI/AH1a4XUu4BOr6RQqtUSrUJWwZKd28rrg8r4nRWNMwv8/Uf4tXZakb3tyK9FCm5qXsXH+7Aw9ZiHESgetSvtdVDv0YRJQq/Vmyku6rDOd4CLxOxS13sw1hi7h4XTq2TaWOueeVrgtXQKGKJDPdICYaWiqN+mtYlCpgGbCnFciEg9x13Q8a1+oSbE1fb5J2cSbQQabAmfAMvqwKOByaFsCTV+g1fKctBvMqOGAB3q4NSD1N6c/IqubQ+TsbsTugRy0j10QyYHXqqb3WB4Bm5uBhvrmsUrojJ0Z4LaomWmVbMWYZ8UmUaztZpqf4lNxYAGfMrI/HbRvrhHhRS00Ey4fxZ8p2j6ObmYREhQ8N4AL2EI9getQ92TL7kG/WGMGF3QGxMFESQGfbymLRFmCgpobGn3ZyriN412qpypXzVODYTvBf8TxCBHpMBY+dyl86iimyavTOh+JU+lRPSg61i7SvXrzLpXArPpEcPUfMtDAwItkUFCuzhqe4tIKIJEnH30l+PLxHB+nXpPt1WZ+qhoeqrBOv1bMH5V+vm60jjdvLHpqVSRzq9MycKYcDod6JSS7iTuYkKDkeN/oHbb4g/fRF1cjfk7R4H3QhVsqHqhmpUEm5Lp45dkE4y9GbfP2sXFXIER4/cz7FtTZDKDYIa0wLhYznungwvE0g40Dhg4hDUekiNWpk0h9WPEozaf6pyAtv/vPECwRrr3PLHcr5JrHmbNHYuhdV+xcV9Nef3Kx8+Vg4kbk1zN0LZST/qe4Dv+xQ4otNtoBP0+WisTPi5/RwiWWVm9MabXy5zc27N2pabhG0ucgUraMcm9XLUp55RnTzOhx6adzRywJvPOgVYazcXI/Bp8yp4gPhti2XQ3b72dAH+kV219uUR6u8Zdz+j3vg8eXGfsZSEvy/NmHauX7Ofywl8x/nc8mgxMtu5Xjq6Zy/4N49Mwm958Zk3fd2puSb1S1jzP8XBU7lip/vpEInXOVivLRLo6Qtk1Xh/vNZgGiGOZVJee4GZDAVFn9ONWOMe6lipl3paRHhEeMf/FkJELWjXZ5ZzPysG2bQs7b5g8/wFIMJ7G9fmJvN69CvL1zFq5PQWKePMmiRD1kWNY0HWU3ZwuDTW98SaRY28ChbT1LVvVGqbBrWaF36+yz3OXCa72WWwZ/dfU2GWqB4w7phIf/hGFXZCVLYHC+hcVvYIhAkc4wkK5wwLNCMvMzI86enerSIWZrcTYPKUNMUebalkplJAnYjSY0Rb/ErHWXJBF7BAmyaJ7pZwLjIAOz47XIahY1gbJSohIoNJ4IduKPasyO8QvUpu+XPkLjNhsmLy1zs1H3stZdt2/TAv/mzEi6OKNz5UGKwsJYOFNror5nKD2Po2JJjhUfZE+Y2FNjK3LcAxYnC3Kqe+XmHBRxNrZt62+I33gnk1Qsq2LmZkM6tjUS6LbHS/S547K4hXKI1UeEzpFlJuo17R5AWu7yFO/idCzcP0aXDB/ALMnQ3AzXOGk3jEf/0h8KbRJxDKKRwIzte9FqaxQu/TcuCN2ny8IVmA0AcWWzorkCHH6B67p3hpvh39RJsbXeatpQLUgBM5Ume/jaxc45Ek0EW2My5MiKBkEuX78vfH4JDuILVaGM9vfrSuktL4+xQ+V+snKCW+aXu5U8A/QemfIJ3iX8pXlGZTP8KL2csXe9o5Q1wx45zmknNuGiTXtpfrN9LnW5+sd6ZbOhGcYQPeHoXWjQSCXTG24LuJI9oE0XqsKhbZ6hYYb9oIwVQCvbsSo08Znc/rQxy9BKwjWsrsOKgMrB47PUDsUdUK+NrZEqyriWdWQ4aro1ijvBMCIZrPyDxsNQtCIg1WGbquhDo5xMr7KD3s1/WFrBW+exb8K8qW6Tw8PnwYX6vQJJZlGIy+zbMbU/IFG0zhNkZ2Z58C0XZgasYwzv3izUwbbVUfgOTW2Am8jDTBZ78/S04XiudmyDmf9L9ayz+dg/QjPcosc4BUbyBv7NgT5C6KrFdmHFaVpTl6tuHsG3bVsHnZgjH2msJTEgIiDodVXvZw+UnbxKg5KmAoZF3gc0sW5GOG2XEun9iX5jFaTXbTxyTZO4HRa2qlLjw/0BPuY53y278uA/SKifakFE+R3jiwiRu1Tx7zT9pIR1zDMW0Yjp9MaFQ4//+KI1DdNT+8n5N7verVYFFUpxK4J1SieNzJc/TxdKkxUEXq/M6oGXsaT0MQ+9GSgPc5gGyLawSnrIxCCQ94rv8Y+192QaqoFunP95OtGgtDFvu66I8MBq2Vp4juoTlX6XiaBfTgfca68N+VWnEdaEehVe+PMv8EsOVSVGrse5+uAViB3tyW9OnJ6D1f0cmc3A3S8HT8NNBjeq5SB4k9R9rM1C1QkZoQMaffoJF/piYloRAEZi6wFNzPsbd/A7LxyZ6h6qKcrsYr+NhgZBOIDdP6NRgzFs8NJiPuZQClktzU6wlqOKhxJogH92T5oPAS1RKGJGo3nnnCXwfDb0pbsq/KI440kpygiOW8UQAilyBifBL1SZWVIUWM+PUeLRI5xJp7mhCWKxm+EJ8K6oTJkl46I0H0iYxg8X3VnQaTuvOZ5TvH973FQKNHbCnynXECuYIDxfL7uwxZZgThyrLi+J1BmDo0WnUYqxkoeZVHQFwv0+RkFBM8hsIO/gYte62id24V2FAQ5R1fteEiwYE/kvVqfEARc+r3SRFqsIKRVhyfPVagfzDAJZX0kuJdr3pXnWEh/UWOVQkWmRQ6d9lVlfHXPnkk8mAbmFV6kQXAZWzgxYJy1/dy3ppbXEWRQ/W+ocqmpaYxOUTPMDwvoCJ1X2dOyn52K90ntU5tjgbXx6cDSA7G51RTm7ogyBYq2SwqQPX9VHg6Sogb2mzY6TSXxJSYKLo9p813LpSm8QHxCGNl2wdMatt/zyhzr6thdu39AXIEqN7crhL3sA/e6AUFuoYyC7kA25mecsrRaeVYLtL4qDhc4SqNrzhoyhTFnCbA4O8zVUiv0EkkGSomO31qTDQ20BVF6DIdc5z/fJX8EGMbfiLtwOBPlyhKy7dApm6z1Zms2az0p0t97aMzO/5JOXrIQ3wbu0Zihtgsw9EXf+Xnh8wKAogL/X0Z03dDZO836zlznkkdY+nOSDNsU9wHiHQtiZ8t+q7aErmZTdUzTg3IK9YUGVWD/0GZYqOyojmeFXHbe5fPsL8bMuedt6UaGZDCEdNIs+YuxfoXhgHwTnELwHUX62yMZAiml7dxvj4JzFC79lECQL2VnEmUxtnLqmnf/BuON+WpcpwrF4fPD9GLGfYtXuxMAAAAAaV6E1rw8RHf8BIVYvppoiHkeHILw6x5E+wn45WRGTQuHMRTD7bY9YMF/mBhsujtBLh3eHQyv5ZIVTx1rfwUWVJBaj8dRmQX/5OABI0M0cgTZTTxdIpz1rKjvp7iKkJHOYY9uzy/7JOwXI/Cor7q30jrQIEQT/nC2bWenA7pq8qbObiLjdGvqSJDxO408Rs5jSW0P0Joy3QElchMTNjnnnivTTSXW+RxO2NNR54zACWEyP6lR1YcA9KhwoWxYAEb1JokBjyFh30tMxV9IHp5FhIoN/iwYltwNQafHMd2FvVVFvJz+jMNZGkmeuE8RAPAjk5Id+plJLEMBQ/kvBdeYaKuAvbxwy+NzXMLALmWUu5GJqr+4XJx0SsdSDbVeYdMKvLZjWsOqnG4PAC+fh+TguxMXdKCxs1alhdf1ASafzIAgBAeFVe64xqSmW3vpH/Tj93aKyjYWPFP215u6aJwgNKbTWsLQ5cmQj5THWij0vGOBaadO2PNW4YQ+f2MAvuxsNLgtTPI4SBiakqhHzUX3Q7S/G62bac5toWF/AjfKNppgM+ipAgI33iJjyDen+EL+vYab+PlWQ3Tz55jZeOuzNw+IWW7hMsNwANeoqzG1YoD87gedHiwPquinsBPzPw4Oz1Ykk2HDnufVMelekahiAvlfHnwx+O82l1X8wI+pXrw2b/GZBAbYFE7HmKjpACrdlZckuDOn1uVIt1IOoPvbJyegdLC9I80e6fMv8V+gEHpknrswEqpiJxyzwRQA5Sfv3CEKYVmSYsYk4QeSj5KU6NbuM70EXLEws+nbxiKjxgjiUOb5R78XcliznOt4G1PMgginwjYBEfRMoFmoDjI3X9ZkMOukCftagJG4mZMuT6VuVGpIxvHgvkJGhSOSH0Hru8U4T+qSLtmd0zvOlTq41liIl7YP3R6KjFr94Mb6S3gIdCm0Jn8/RyQfCnA7Or0vNQzrEDFDI1PwvQnILu2+9RuPkfsARFwnh7dBHvXyUsgnXc8S/NCChv1TuKkYAAz0QyrQlewNDdUeguY9JbesPZRwuGKx/MZtETNDqIfumzdNrh3iZrZyR+KInY04HKJzxUNMxmbj3MR86c0nHQfGVyEvRK+sRpI4SiqX/kgYJpBuOe/VFZoC8IQKDC/Pyq2nPvYp3nGnQHQr4sdEQv2qOx/181g0MZsACQAeZJ6Phza7p//bDoQeLR4Ae2SdoEFklYrFKQbJx8inW5el7TvKv+BfJABHvAPnIc2DQWue7E7i/8QEzJJKGyQ6FEH6uzbRLZplERPQdreZPh/eILv8RexJK0mBbZXKSuj9VACdDObcG4UJ6tRW+XPRQ+VW2x59AKt0rRMYp0wxKERB/1/94v4WBN/gu6sCjBCXHtjYptoNDumPkDhimoKefjD+fbXzDAFV627bwFUu2n6W88qcMF5vHHjtMS2A76gJqiIhj5emrFVGBvurk8Uv2qdO+FW58BhCLfMrPf8xeSwSCU76spHS4eOoCMXFCdndQttI0RtytfWc6S2NJWBOs3yYv9JbgsZVkSwTusyvrMmpXVImx3OUJa0NS6a2uHikir428494QsavvfW8CToCcG6sIZYtZFwzt4ziuPDrAtL0Fq5ushae9nsfe8J9mlAOiLZmX5OO55uaR2PKTffjYV+ybA02AtuanJtyT9egdusrW4Bp8Spyeysg/nyHpOWrHl3BjwXWIv3lyzEuCBSF7rc1X5NWv2bhfzp5E4qRl48RfNwvI2xQwROZw+nVNZwwQ702gOnbODLlgALJE8VACuuapL+mtIvJv11R5nbreqYj05ugUhLvoAmqjBk92dafXxHO50j3THniVUgJvfsU+WiVX9sNexYmu1gEAjDy4V1kO4lwnAydm5WIkzoCQbmU1WG1TmEfoI9lOtq0KoLKHziCb/MBtRJH9xtnO9IUFR1o6Fz9F3z6BjkMcYm+tAQAUI3OG1AUOrCTzuZu8KnNCPuJhuYQ4DK04V8qMV+8bczxjQ17IwjMfpHCJhMnLG2AFpucIbbXigERC3VKjQoVxJgXnY4z4eF11h3XxlyWMLHDPGalIgFVo1+RDlDCbfljDPNk39UZSuVUEftTSywf1cXWsJYKcb7JPeYgla/lkOQ9QAyCSZuEZp0eBroPsSEbxi2obSnbyJDbOyubay4WriRFk9Z9vnF60tXn8O7P9Tn5ENvk3RGzKeLe9nKZSr7oYmAisbXFDAiCwNcUkTPZZsqyQXt/sfP916qcO6zbNyCZLmESaKmtsf/U2qIEGclXcJfEObsEmDvjk8HsICY4Riv76IF8nl6x2v0Y3+czmlnbp9Ll4jeHhzrVKd0SlcKT2Km0LTonz7O6h05v4ksurQ7VdXrzqeYG9P4CKi+zRVox2FkG/PQ1GyTiwiqNyRcZ+c9yVWGsoGr5hd918j4zefdgJoyZwa5Zw1AirviNUO8HzD3PfMSooSXHmT4Sa+vcKANGu0TCyILmC/dh4pZxtDtNIdFZR5hZvvet9dW0wue+xrg29SR/v8sfiCkxs8ZZhzDfrLar6MouG4Zo31iNkyUn4gLZuJdpQSOPjJFrJ8apIuePDioQ/lFw9t4KbFp1gu4i2DPzx22rXBGTH18B/6jhgGjFM03WuT7Qqe6ey4/qLTjuOMax6kQE1bjws9EX3U+4M7KIUVp1Y5dz2UubT9hdlDN1qhdMSvMlDsp4fnpMd5U0iC9u15Og5OW7SOeE2hOIMTa7tHLV3dCIr6Uz3k0Cd8Nq0TMgGha6zelE9/Gc8PezqZwRFKz5uiSa1h2aV48ytiUMRFezuKIYKNSW9u6qtVCEVakvBZhryL58P5311pu71OmDUArvehBFpXV/ZOyKTpPxEFl5yLwN1wkNUtUnWs0qNeYLc7kPySrL3crOfBmAZCIxKx4ojapBO/5TjdFQT/Fq1ecUU6/fZGiUgJfP7XgkIO93ggVrxCaetyn+2+omiTEgZT4f+3QhBXmHbFzqHWSr13BNdh/4fheDo9Sp7U7MCmcXeybtnkbQgNCP0sW62O5xTbGM89rDioWPULCpfNeHG0HvYvP0PRfhciaJWJzItMGbY8ZZhIehxXbQzZZRY16KIUYUtzqbq9O3FOvc5G8SQhQL5Vkp5/ifKM04UPwE2igTEJrVPb/koqgM+U96tkIcKS2lsQdZ5Ab24zQqaWiEJp0szpeQklx+bLN/2KrC9OqTwBFKJoszdWHsYfBdIP/7CbfEvbYcgMGlIsZfon8CGMcIgJEKOkUp2c3ktihixdRVCJCs96iyDfVU0fN0ZLJVbYNJnl/q5wcB3ia66xhJ8IMvydAfpuHugdSnse6cyMpheszfkgZ/pmCpnO48HPqig8lH4JqjB0g451GN6rYJ/IACxxCAiRH4bEIkyfBGyeOjb503gOVGN6yT2I809465O4YY3fGrJ7wpJ4shBweDg7LGS8mWshBYJOYtZKwX/xUlPQ1Ew/c55lJtvUQu+cXBQI3Ssk/VzH6o1bR/vwClMe29+Il/j5WZ2k6wwD6vizZYwhcEq0+fJMKcZoR2UmcID6dbz9NP0RFbx8OwZYHTdx90wykobJFqgBRKSNi/op0BA9hVZOX0/SV0EA0hCqMq6xYQUln/HuHHF6WkpL2zN5bF+wP9gSaOKng5xfjy8YauwmDruy/mTSr6CDmLirNVlU5jRoWd+ilNtHPzfWTxSbWihhRrPMY4rrivIEFLvs7baID9SLcwBBDZG1vNVlrO19SvXC0sDMwoIAhJujpoS5vEJVgpIQKf8vND+WbCin1xPqGWrmCM1YKOsp9dhBwALhmHHVs9aBbKxLmHvWGj4+FOjnhGjIJ5EE1DsJJRYPHoqdeug5KzkMXuSQwyLaBxkt4T7Fpkle9Lzu1O139pbWJoyDWsv+tg/pcOtkROMpUq4IcOe5VrvvfQh4jps0UqBA0W9LqM0kUcFX6k6RkmEQgn6p+acdEDliL/pRXTPwWmQ+SJJULYE+x3rJ6x0bi9PTM1y6T0ERfUJLdeOWpCVhkc3WssD3N0S46ZCPdt4z/2PqU3X3VDLzQdVcHcK7l/gl198ul2snkpbi1oAnULi3OFndgNXwsbmpnVnFp2FKQhBq4N4RDZRj6fFUN9dm0OgSjF2VF0gXubModuuhNOIW5zlIQm/noTcWYrG6EgCECKZcHWISd6wbqxuVnTADlJ5e2PpK7regv7SYXWoQcaNi3zmsekUkSbZeJqoLFL+Rn5Y5adIWVIjts1EYgfrYRIYr6suNnVk8k5+X60aLWDEy1a5am1KJ9K6d7vZuYREDYA/rrF7Dsyouowr6cSxqoxYdnAkDt7YsOddb3ByMp4nBvaGQ5vHn9F4Njid7kf6JldRE2n4HwsTewL1Shgiy0BjXTrziOKV7wdtk4ooS4fpeYfpFh6sEvHR0b2ap7MGUdvd++n8XFqkj8+nUunkwJb70aMJkz5zNeIS8LN3S7ppHL4F4pYGWwBNYmv4z9BuTL4y0V4kueu7rMfvjW2Xwvb4lBgUhi8V1MQZsAhVccLqXdoic+0aZgAxtk+1Be5Ffvd5o0Kgu7dpypX4WC7eggNi2Fwrj+52d1Ljaevh30MxPHajUn7E2jdg0Fq2UsEqhr7Gm+lOD4GyxAvUv204taTL0p5Ls7OthdjwxQVEeBuk+SY6vCeJpQMBzaHZnOSjEvq9hcTmhMMLmtqMoZ6mz63j5w/hE4ivBhVsKMxURptT8uj3OYmiSkAdXLOs62k97d8yvLBTTr5SN+aOreu7gbYOnlJivEm9ubtT9m560A4XjWoF2eNjMAWA9AozulHH/a7aEmOwT/2vxNBDlIc4SEyvOkP5Ef6UbK+3jolQczJBKQZRSTlbKSrE6lG0vTZydZaMS0qegChqO2g5CZRiwpm8JsJ2K/I25gUQ+6JbAXb+zkYg9uyL06ES5BT2PhYB8nqf9EZjxuH+USKw2PyemZFFqXIwX2PWHHGSb7HLA8UZHQtEGjbj0e1eSAlN0WYICFm9zeCtNH53DVIPfE4mR6I2z4Ve7WFVQCuZwAAAAAAac4HdbsYzOYjLPNOtTkH8KvPbwfTAQY1byIXir2LYxsPWMulBC/hkett9IxOjI7a5M1byF/PUE7yk/S3mM3u0AVEJ8HSDZ/G6nSJINnEretrneSOA10heaw4l7bpcKO1z+LmMCt//Bbl4poqBMxYhPyRUeJ1C4/FkrusfttwV2b7cnrgbwHPmMQ8NQ6/ndKq1MguNxyGkdHXK8h2GCslcykULHD6g/pAtt2elVVU54IjDVzTYGFK/oOPHG+sRIYcXmL4bIEKhkPweqc1K7QfuM4iFSP1vdwL0xrMlHDvJfYmkNRZF0LzvfYxop4kGjBO89yM6zEplA4ll9WMJOVelsJoqfR3zHfk2Gv2CAiCkG+bY+dTGbQ/oG5kfSI1dJ3Exbj8vhBbQaOT41OuamiXfRTT0f6zFfnixFhydo17kRzvK3gQoGrOEOp+rAfXafEDqP9O2nQJ6/ce05wUogi+Y80p7F/4aT/pG62iBpmzXEbj7eh+bR/ILau6I9w91sm/er1GFZ2ps2BEhOJ1mGhVskAaoBv0Wu35No1i2WY1T2afVi8ubTKS+KfFjrjv4krvxrwgtYHG644ubiHCv8EeuHczHbDRwsp5xQWvNC41A0WQINvF+x7obBaL0thSZ0qgKlgA7PZEozvj07MSDbRUK1GBU3eZ+0Y8FXLASXIa6DLCo7KuGSCRwpbwhcvuV/g2ppLODwsKUjDzouCVpnfW+ha26lfIvZvhIT7PtBylq/HFJtnxL9Ssk/gOiswOL7K1EOnMjyyciYoFNHYg5z+osYgk1kr2VMhZNoz9GVmuuWj9eVP4jcqykzRhVcVKEt88bXUaomkVx+S8+0M+zINc7Xpz37wkf4IzM9Lb232NF0xKjDU3j+2FKPKACj7UBi0Ua39pjHNoxBjTIcy3avz5RkIsKtoZzCigC/tdB0Tb5sN9O80qKr4oSPajGvTN/v9g20qoERNL4HaRQC3D+kKvEhwhTlh3j71SYZpWDcnYvPM2OGRsoSqsfuB2BrkhKlhs+BE/chuN5AK+eNqllDbmEfBUiTPO8v/RpBlrjUu3UMKhoEp16jwq2x9PM2LCE0EuspqYctBFRe73/nHZfbFLPJkp4tO6VUsw9Nl8tA6lCXIyRsEAs46yZ3eYWBDO4uugyufbsE0i8Lr4ELqef2UgGQV3xEzVviSmh/wnMPO1n5KNgjny9FJkP1AWyh124ejyHJjuiH3hf6tsgY4nnoyvGQvu/KjjXQ/1il9JbLlUQrERNMyFqwx/72YNzBlcMMPBZlU8YVXe0mBokz7R0LwXVDuPGLHzVpIVj1FudBtbQYBXWhRAqllf2QNL2f5G4e+LGz/YHj33A46iCiDTn5ib2QJVYEgEhTXbTM6oyOiuMO4WcLiv+/T/Tq6X93U/1yY5jZE1OFW3sicNY/kYVd41WUxMlSNv9y0YbXda3g8kc8PmfbBGy31AlDbnIrwBdyRmOvVSLT1oeSZxoZR15bxn13uP4c2/uMSI4oLDKJpfFmaFXk49nzVJTw/TmaU6W/F4NoEaFRUDEFq5O6to09FdsZPAphmprlrDyHewaXqA6k1e0Hiq7Wwe1T3vRPLW3Q5SPKP+BgC9KlDgkhwpqq1LpUqvJUakZxRNVhfR28KkJVa+cNSH985w7iKeZEVKcqUQj/6uKm8D5q9H7ikMxXF90hFQkLvTO9ckMSMmcfqCsYi1xOBVcsd0vBVQVrH8KXdzbVMMALQvNEdaehThbRiJcxVF2Yw/t8UwWfYKWs6YL603xIoB0s/ttx+0DvTPD/KLJQZ9SV8bHUkZlE6QXDJL+eyjbKneiT0PVgWURkevNoJ7RhNTSvsXdIvA9XPB5zTU4C8CorOCe0jEOXgjpP8wpjeoo/1bgWvYfitxh9ALY3EAgLjChzTwwQSdfDJy8thgvRJ+3j9l3LeZqOpm9MV4JM1/1exLup25ymlRU8lfnCVUKBOrvrJGykty8Xa7rcHEFawkVHiR3sALfjEe8dTkiUPV2JSXhoUWT5wW/jykgly1XG8I6JERhvAregfVGxVQZErzCNtvNAXooykuGxt1wmUH5T4n8xkBtu42aRjXuUWqEl+UvPGfIxY60bA4EhXw8wCfFefFWWYJGnpytqbzEra1A8s7ERvgw3sLRtXFTvHkpsNkFUQeyWX/l4ZF+v1vxPM229tnwIZlQA+dNaOO90EjvSXAWJu27ayDlPypOq2S39vSaPAHgYxcnVRY/RhSIUZDECAUoVoHw1HwvinlY4mgtMZJGCYFvYoHkIJpVTn40cYtcRfDOg053Y8bW0v1345OcADICWfqsBjQZ/sbRuhZ0cmthLNuI55DVMjYh36LXX0XtBqcOEg5EH+bdzDZQ2HjJKtqwqhY6FDHKus+zJabl26pnGe9qyPt7E8J58eWl8uj3T13NYz/5gcNYI0eHO0n1+6v6P355r3tXvT0cMI3o8I6b7mWiZJQOZ799qZKMtGCFmFdvmpBp+9WZ6nS+YH9T19ajVrK0C+KkZga7uDH8pONyduwkBNqH3o9+G6d1i6nUX0rlGtaFg96Fro8lTyTXV6jyDAynE+PZk+NElAzu+ZGaDe52hBSRA78WrT6Tpf2azacGImoavkvP0c6SUCfZGqmrOvobyp4rRXOFPdJEF1AAUa84Fss7nEnzmnN+XSMv9UbbjQOrQIBb4Hw1BI+F90ySPwZKnWhbNYbK88IU3FzsXaEpm5kwLswt53evKzs9JvhMtp6gku3/GhQzyOExNg7XOTh4OePBjOye23y5EAq5EeghgGjR3gPDMM45pmvzlZtk7rIsIKhLwQC8amj5yOXYBTeBBiRQIz2PsgG6E9cxnyIyJ7crHKGIKyPNXNolqGiFsqt26+Ge3fHf0v/ob8nQEclDZIXG/lwjLvX2SWEWtcPt0OctBfLRDM2M6/aszkVKh944onpXeDX9cDSkZhondlmV81GEhvaVtEBy5l0GFcsTl34wW+HDWIb81ufupSg76p7zhoiu8qFBjMjcSm3B9wQkpZWwAtXgE5zFb96B6gNlBSVl4iTbHm1rmUamlb/IY3sF5AQ7v9tSsL+DI2PQX2NlONWfqdd5DkLNc4k34CP+DAHmyOjySDM2vSERBjud9Gw45gfPs707tbv5hUph1gD405wL2n8kzZ6QLaANSaSu+SdIU7HfX/yKATtHcX6K+TFnele9vJN6n4+VM9+Iz3DRmJAljCzJyhu0uML9rjsUqCIyN1Sy1Lnnp+pfl9c179rc9qe/hxy6UYGeXFKAW/dm2jFdVfA6RimbTfsQCsmr+lQHFYkS9cMiBc7b8FDb59rRlt1rRZGS1sMfKUNNjY8CG4m4xGsZVPipFJFuoI7nX0WSPwk+jvFjO5lr/epgiCqhEpGyYoN8BmmQq88vWY/Km6NSGQOyaogxce1kNgBMu+Y2XN478J9Obne1YcDJu0z81GOKa0q7xyQRmZpS//jr+3NwlkcvFjnWbsV4ko4wADZp9ugh6rQrXMjAxiBdt9FRdJhLyFVNK+ol75gdrDw2uTQmhsdPRhJCSeMCXbG2oxKUS5ISxc48M5Ej9tr0jsWZEGd+pUjVPE4VPHpK7+q2Xss1AMojnVXNZcsZ7idxAE1/O3/bNpH6KbtDFewCGl4glosxg5IY0Y/V0u5QsvZb6op5u1Hq2Vdj2QvTyt9+taeVATUsFP4f4Swvoq7j6S4orysIbFg6raFD9HbRIuWUwNP75hCz13kB7MQd5GFAg/W1K75OnPQhfnjhCgK0MZGkf1cDcwpmP7iaOmOHWFPpCG/LEguh1J/dOUR1+5dKylLsjac4kzC8yZBQOTdNsNzcdU5WLZMyQsWqqyo1dJuBG2xjFnvhsMcsxkiMUwiPZYsygLQqeAtiJ5Dxu5FJ2Mq4jOt+VXwLE2x7iagSDzpMFxhPDMd1HEX1BSyXa2wJ0wzdEvPOLAzWlhsWNqwE8dFVhFJkOxHsvBxQ7Rbb9MtYwAHkBzje+WkkWvfLDe2gm7CTjJD832teFtq7WSWrFVLfNr7UZ0mw+AqsnMb4mUAK1JZToXa6ZECgE7hpuS5beZbEHeQr9MLno2f13p6ZCsf71uTL9qXxgDgwPDz9tX51DYKWh+pFza/vMPZFRA/aG0O6ELayCQtEoXntj2cLgOduts7vMFHCK//Hffre9/NVivIjSy3WG0tujSHyDJgAt+Yd+XD6iYAEE8VSVs2MxLZEixHj3+Wi2z86dnFxu/SV8YQWaxT4vQfWZJq9loxxsZdHFVoBBXKv0kLihyIqVzZ5GMXjGWUSBbgJP0IfM37vo0JuLTDfxqhBn7pTuo2kx8AY/KCOlGpuz+fQKzEYiCUM01okjuHmrOOlpL73rVjZGI3n/EB5KrHdITmxaOYG0VeG6YsgyMe3BJIfA2RnbGcGBbfS/Mgv8C3sNaJVhnWqPUkjR3S9gRHsN+5xc+SIQqvxZ0qdCOZXjY6OlMPbbxISDLqDnxIiIxgyTL+ynccjs9jXXBwjgfjCAce+bJCu8l0lfUWjbzJ29s4bpILeKW9+v11Y1egHk+tBUI4iRbD5ZqZlIevx4CQbZfnyK9xmkOPUtB/LWn6nAWn641DhwaZUAi9EycCNvCDBhWO4UEWNQeuNcRJLTChHRDJImoJnpQQWHH7lg98e4PeKgVrrtDXuiQnDJzVbGtJM2WfuGT78K7UMBWSMd4i+MtmwsXKXijSXuBGmlobpAso2IoTrJ0yjv8xYWSyrl7GLik5rlnu+SXdx9BcPHtuxriHsdivbPWuoIYUK3925tbo2sB2ukG58XaNfovSulBUQNVgbEsRCNSkpqcDPCfJV7Tog1giv1uWKAfEotR3ccaGR5fmLGt2kQl7LfFG3J/m4pO+01Nxl8Vo2YGK0KI0y6bzVtW/eoL3lyZ3U1gBr6IIA9f27oFCgA5ijDfjk1wXJ3mkmvwJ2drTDVDGcV4+lVk9KTBXo52FVihA6av9DUrGs9j+0qLFWlTjFQdyxj4StlKOfV7AJgz3MY/KjO/B2rnW7VarPV0KGlQm2zM/kIowjfI8UcNttemh5HWWoyk9ib7Ef7ER145jcb1KEme2H4re1jHwXHUmwS5afj9ia/ub/fdNIzPutH5VOCe5dqEv2vjesMUFMAPvFYJIWWPHU/h3RAoafVfNSPbyv8584+UFVBSp5H6/MpqVd2H8eHfBcoHoNlk+humASAF16C2tF3SuU2PHkmMUg/+WNVlWLNsTIC2YppdzVWFW3z4UWZYTni9vSp506YJC+apSaTKOpZeb0VByhFWsFh65LDVJrsEZrgaS5cY7HN5GzA8RtTXcipxxM4UeXvrmHDV3VwWiJo5UYzUwiP6CJG7kWWp7lwJIXFvvuHXCtCKWnPjPFqoi5ng0WVCFOb2cxuadNV5miuq+ZroUtBvW+IHYvwufXKD0mBmpZem0KVx3rDU0iAF38eDKrFlKYpHpKoZ0QdQxXN323FYMej4wE47rjYRgBi8hPXeyhJ/WAhiCKdWi4pvO4Q4PsjSe0p7VhnmnD++I4HCRKnPtw7+2lAqLyK/F1Sq+W+ZH5ldHLm11m1B8xGnKzB/yEVGrF3xMJ4On30Ek8C7SeHPLGlMxq5F1S8e5JRtOzEh8KxD/4/58Xq+hZuWLfSBJr6dXr0O2AOIWAAAAAGMq9AqUv+V33u+jam86UK8w4WkXabcUQ4IQDuJImIQtiReb4Mu4uhcH7YGrUIAxztD9i/x2iPxij1oW8rAgz9YBxBLnjuipHPOmCgSgYFY+Wsa6GS0FtmXNSZJmhu56PXQlVo6CcVI7RgwYn0aEB5uz6nEzlUhghWuaGtwVQHouu1tY2c7fmQXiedpFxUSjQiyd7UGDFNf8n9OmZ6ruuqG2IuyuFGLIEzC9jHmYTdG28MKXT2q/alQBx1XBocSvzka04G9TnQPMiFQkMkbMmkVitKoFor64p6ZZZNY4lSFrR9m0ckmylMdnELM57QzQB/0R1v/k7gDFIjibTD+9rbA2jUUEcr8iLk6BO9XayJ0ucebumUh0TeAyFh8IoXYw+3RMGwrF08g+/Pt+LRUwxIKdmAmZWvtvHunWdz83+EIosGNOVTuCwglMnAArfo2hCDBSAR/FbtsFtQFHZ4zXlisrgN6a5OjfIsCF7e358ggOcKpuDaGlvF04eTZCbqxU467IfU0Ael2uBKkQnhALD+nQcmxgms2qixtTUdjkX0XLGBP7LrVrA0MZDX5ZpfzuR2rCIdGDqM8WagaL2DLfxaoz8bo8tuvxVTD5vEWKpT1XIeMmE+4xRG2uFzwtaPnbiO0YbF0L1gcn4Mk+Upi43lJv0BnSuX1Q5C2DBM/8rqtYoaPp+nVvvc125/VwhDFSMB9JAePgBETCEpHBWSEdkoPEbQuQhsWAoC7lPZOFC7UMlPdJ85tK2LjAj+mz3yEfNiym7AUSWwk5s+6LkMwwo/kOncd2GIL5ge/mrFI9kVF3Je8HYk421IaUw7OMps25eI1z4OR9x07JIsIEtLVAXAAJbIMkumt9Dz6QclOEkgZpuqsmmP6A/Kuo1lGcmeYGbWsMI9NobJAW96kAGKMjMBJ8CqjU1KgFM3li9U7zjorn2XvRF0gO8+90c2TagWhOysmhRezDx/7We7OjWY5HndUNI+nN7v3rzqQIUPadnwCHnj6a0NowiGFHOE/BWfaHEhRlkorSAgPuc/Z4G0mZBZFoo5SoAjUqs7y7onOHQxKwfn4LpZ8Fo6X5+uI8W5O6YU0v8N6pn28rxSjinwxbqewDzK38YjF+L4qlBsGZ2UX5bY+ogeFsYNrYki0y7G3NC/oawjHKLJ5fZ5CDADgtO1n3hy5wMc5ARD3SuEJzAe0wZbx9SJNh77Ip2N3UZyWWxbRnszmEESsUGgXPOy620KbQLodNtIsMqryeq339kJ9F0jvqcm83kZNJXtsMoDKDKnb2Ov6QKlNDf7r1xG4OGKmrIB5OGAYkqD9KIN2aestk69El2+eTidx9r7HrkW9M/ETsSwDQWq7JLQklU3fH0KEzodoNsKNKoY+XFxJEdCa48c1n4nzULazG674BdlWUuEsX1tAHhgDQ1Ie1jkuz+uGV7ZCPAxmM01ptQr9CdyuOHS0tfO5N3LXe6ALaFtk6YEIIqPsI0Hse66UIBN3o1TFKBihb+hH4y7g3ixKs+cWMXpAagnCbiOIIrBuFeKgEtpauZhRI1Kh+BexMMH+ff7irnXuNdOni6VOZ25VO3CbonFqz5wIsgHUAwBwJH8y52X8KD8VQ6ReUa29cbvVJNbesR0LGekZqImkwgZ/SxWFmtiPeQDp2OJ57GhY+OokbQivKB1kO6xO4puix4MUSTCePzI9KUKKyQqXSB9gSiJqlpCeCz/8PdWKBxVJSO/rbmtoZ9VDym6+PKBRSaGkpa1MGiFQ4Fx/zfWWRn0tdjC0Ph+3rQOESGSuSmsUE2xbAOKHszavmP3rU8sT2cAsKZlx0HvLpuX8LzUyXeTXYcLa933NIfTSBnFgaETjaXOTeOYvUhSO0GLnXFjJZfTZYuaWHXl4E2t03sfcMHss59AyZP3aYtLNdCbb3Awz5U52Vi5uX9gfhMu3/JFhTp7QRMxDlwvsQ/4XaWDbD4+SugUD6fMEZqAbrn4lrSf3U3ro5KBsJ7LRCewSKOR8oDsuz+DZGNJ+j3d45QR9UsXn8uk6z5MppdYrpKCY2MrvFaCvLFEM+Ga53hksHIxSzq+mywvuiim4uO57Muorx7yBLrTRkGLD5r878faAgf//2URgl1x+Uxa2kIADr7t8s4yvWV6OBdaPrQ3P0DclFus52flTjbSTTxBZL8rSbxbssgfsl2nCcEaFXcvnqCpQxvLQwFwzsEpEIFzJkPf9ArDoTkuJ0XQyQPVqLDbYy0nlrL9USHvXse5sFNtqc9DnVuUmYnVr35U4+vPb0IIrndJJFU3SrEDP6klzoavB2xk+6XPUMOjkw/GxKfkXquatg8lwovIB6W1J1YbZE4EH8jwC8zm6xJL3jfGxOemZzxsQLI09AjdulfpXObJDJBRThFzb1nNM+yKmIGukcgk/gSytZLAa6IPug7D2ioI4LxRePbyutGSZdJerXerMdqIM+w3IzNk5GNwTHkgXyGqpHdBYJP4PijyuKPah4rRpuVTKxn5BGfKLgRG87bXsuAw2E3P/Z/RaUBaqcdS9yDonC+v5l4kbVnbczEyYBmPGmawclmahHu+QiCy4MwxVYfZLnHDcJoayDk4RS7hYWyYgmM/VPDJ7+4lAHa2o6HCp7Y35LYgjmTHa7xi7O7IJIHP6+skFUvIfvgu7eGi5y5jRSBnGvs97VMiCiDIL4zo7MLOwFvEp3+uscWsMQFEr+rNulwQLkLHW58Mc4Dj3oiLmcCGUl1dEzXCQtNfym9TKpK1e46kRN1ZeepvVaMCug69CT2T8JNDx3DeZGZYW1qyB7+jrScsGz90Tz461N0iWcQzSSLFIzalHH3g5pVXRWExSF0i7H6hSJNssNLXNqpM1uP5ucTD+JFY+Cc3zl0xCIXJgBZ/69UBSZqnfgaou2EjGkiNF21ca1qzGhTof0W2kmxN4T0zqhmSIxWf0RZ+k8omKAnHlMZTH45RSdfkC1TAkjyycl155spo6gP+OsJeShw1eT9NtlKjbW30+oEt/AByisocIGjyxROQIQYbvqGqiocvQk0RT8Gix/NDP1LtWN89W/9fIkOzVRqJ9li4oNiVR+wWjDiJrVadJ0Ee3Lp4TJJL/NRROM9WqVhfp/qz4dltFcAX0UBb1ts/m3iD2CGEYxvAgbP4cv8/+LfRCJQexy8ai6jZrC5+mC3NMkLU7jwT0f1V7gKuvYkv/58NtH45wUe4ehCPTGnkjKorZv/m/5EYm+xfYzRc8gif2SE2NgXJDT0r2xrsBTFIauzov59XJrEfIfpRs2guNIa1GMWvLXG7LE7Wgz30roOVB2WMq/soI9dEBwV8YXY57ys8AKhtl/poySS69PJvRsZcrdQd2j+dMKOHbQU2Y3fjdI8lV/KnY3bFIbqu5XKARwRJK+6N8yQAtnP+Vi5yKJsRWPu72s/fhd1Fq5kCWbtjXiNtez5qQr++qoy19tpqOdy05jYL67aJsck4ObEwlelhXKfH//PhG2aYfZPFR+DJyxH5EJ3t5C5WyFHO1oUkQD2hdCIWBdq37+nNwxqWPDQwCis9yoR6Yn9O5q+b6BDoBW4Sja3i/o+jQzdR6QPDCppHkOKtxUO/TiPI4htTqHm0h3zqR4KZ2WJC7altiZTCDXhBebpVajhwwEabN0WTSJC53j1Y4Itl8eQLi1WHaq//i92xUEYYiPh+N6eZxBy5Mv8CsT551pvYzoR7BjlSmnrrO8T+QRMdgdj9WCe1nq16j8bW8IR/W0DcvP1lDSqI1EP73hxrnR20cKZwaX+Hz1oxoG1yK/gDwO6Cm71cOM7l59gAAM2kI+iDEe4uplb7tLJLVidlSiqJWbSF8yFl2of3J3coDBGAgPFq/VDvukQ3TOoLX8+x4GO5rBzSt7HIC6eOMTRD8jtOH6JMIPruHzODn6HiytYv2yOEiBUQEpO25pbEqK5sMq9Huk6DsML4JSGppsvTfUDcLyEYXpFC5AMbF//5au0z3YntJgmvDkl/Y+2AxSQXVhZthqYH/RVKJkfidZTPozrcW41cp7QahBeCb5VxZ6JyKGortxAMpG/SGogkNSmAISACcoXmM6F8m9zr5DXpovWxO95oFl2tkt6cjR07LrknnjbvmqxJihSenmIAgqhq+4LqUJDOC5ZoEP0HOT1thhaTACS99TO7XGY9QgUN5jZkAlZP4P4HEOl5B/U4x+szZ9T+o3zIxeOpQeKiN7rnsGQxPfGiM+uYCSeT8iD3y9QXZGBmtXGYvBEv+7Fw6XncwE8Vg3eD/+YnPhCmsYo6cgseO3OZjm3yhfHupoK8iVjVIU1DhhPMhSAtdYtuvNjNxbi63NsMY2kG0h2F8kCvg4qhr4cH54t1UTEDcjhpEVKV63fyG4+yGLCJdmZc2QBnZ543fzHr142yGUbHaDcI9nIgNMsQamgAqbtk9SDKdkqmO2q6DFISrFI1rwGbfvhD+nyklv3S8yYbeczgnY5Uci5b73p07bWP2sDfirRsHnOWzUZLuC6CHmWpVsqIt4vK9FEGRsVPdKsrtGJL/x39xwFgdwHCdNPPYUKtpgoN118ISuKjIFuRmmUll4pyC+yDPoLqNHaqWdEEl0cggQp13ZwqoITXgXIk8Q2KTXKN68diOjxJ3+811U8vVpJUqndJOnThxycpkGRuYJ42BV4oLpQegOQWS3Sw0EyCs0T2r3tXygusGAlIDoJF5rAxUoxyamaEKxgkZH7Z1EWiVthgqNVeNNfz0xA2F3gPNNudbs/ryzviQSU7wNhNECEAAAAAJns+n9iPkE1NTbecaydw5bK6wzEM1V71wX3SAZ1AUt94SKKd02HK39b6QOU1fKQ8cPGHpMtyAXEctfWCvU2giqZoMO9vl9nzzVVs02WnE2hEpQMVCYT+ZzK8ooVwVdgR8zd+GuZr88ztKzQcOJFSuRLkECqsEoW3QInO9gpaoFzaPbxm/i+1QNZD1v9mJZRNefvHUh0wh0lVmYP5pdfxU92neW/qwelOPt0RI96ArUEia4jNJYm+T5EKhUuv1weZSTady+VIpNUwrBRNhCe+E5ZGZpTiiD/vw7dlCVSNncb2DsvdU+T6h2PYerubQTTVVQEHVWv5vwn7gHviQCp+ffl/+3s3neLDMdmEobbUeISiQ+3zMyZOMLMIrCHlU2/WWAprtV0IYab2mMKXOCfdXkfKKu19/igTHl8cghRBIaAUIIGBgdOfVaaGxUWrJ4oEman/BPHFC8j/6Wuj3Ws04fQTutJcX7PNtt1qYrNTKfRFNmJTpTY4V5bQSuJ7QBf13RKTxLAX3Z5pdhas+XU6Wq0l72S8HnRI02Kq8v/37cyU5mx/E+P9juUxeFqPi9rYC0Tf/IezzGtLw9JzZRDYrSlOwhG1KdVTnHbtHugFI3cQV5MOWFhb+wGYwXR6WT7/DnRVLkJY6lIX6/dANq+HwlqboyIHxfL3ufaqpmw9Q+6Mmr3ggAqoOT7EDIrK89cv4ZAihT3l4y9FgZDTzx+muNvt6eokkauKUmblnlRuJ0m5nBdMkoe5LrN0gxl9YVN12aqi8VlZ/AiQd3H8QiwM1Ny56i+tj8HAUdzxr3CxVfQdFxheNifXFGf6CMVI0k1MbowfoNdq0KcJQdpTMe/4qgCyVvE5Yjtl0udek1aNXVeCuj6FLarwNgVWAM45RsKm05piSrpGC1Vw4upO75pCS30kYHq5uxrGmdSISeO3Z9w/vgcaSfIAJhYoGdayCkK9+SndvQGrbKozcSOlLRXYMBybjiwuWtpPTOjHbiLVb8vfXBktoT6+4B/sQg0Hf1rrtYCbS6XzPW02gBbrTw9ZSHgwGa7XUbSTDKK21D8YAIQ5eQ5kT7hpJb4cR+lgzhHyTgWbzvoy6guMi4BXSSq6fqZvweb4hSG726mHusDbq5ZD+Mk/OqzGlWE4o6UVXPNG/5QBcABCgBpUwQw9XtNkDjqPp0+mA0ftj9rcRZf6DW8n1YFCDqUMF8z7xNLYhfnliMTzpMsT5+4Fg6uuhO02eK7oJ/ypUkU2UI2x80cI8+/wEaETeqbUbmmjSrQpZRvDCMQbkl/JYgESLRfpsduzZUJH6FvUY+2QcqqFNCFHMy1+J+d0ejYhmkEaamS0ttKUMJqKga1Pr+HVyQAHd8Y5zRbYcM5AmRUMzIssXPBEPpDID2yMlNDdkUDtITHPxgE8P4fMDx7YN03Uk+kUVlgCxNJj0gaF1XvMLfzCHPh63xZnrbYmHjw13qtyPOMZJ7qEov1YP7z8sUdQiEu4ArrUoCdVegTM1TustTeQDoLt8Xi/4S6W7ZDqxZIZPuNY0b++aOirzFS+xBUJi0+nKZg+SJxWcrTEPznRiE0PpwQUsf9nb85Kgmq4HNFjMQl6oP6rgSu68OW1qxi5j70xNMD+3U11xi5l/xxBidRk0+t2GXr1MS+/wgg7QLiKPT4+cJMoFnq8QhaLSeOoTcQXQ6vH7sTr9H4W0gNqPTI3Zd/xvBP1oOp5yiM+E8mt5JMDoKwSs9d1evQxd0ZgYl461ai18eUZebvUTKoEDq+8jgGGTAVzWOFp4+QprZ26lKQCP5gblulPEo4cOj0e/EY+wsCXWYFkr7iUUnUxQo3y0HzR4cFO3qcXAtdCHVxpWCMuPgkeQgdfR2AC5nDhr52QVe2nIM/zTF/O2Cmux5cyYiO4Fe5jQ2h8r2icwzu+OpDWSOPA0Rwtd7q596xrcusTTTRJgB80W3c710C5CW7Sqq6Eci0ME2hGLwz86zBmG5c1k7Q2XcKG2YGy5ktmUeNeMdSTxQy6RPcOKKhqXdf1CxVe4mzlqYDN5sCOm/9fS4TNhk0wNPft6ZRUmme9HC6Xrye4F0IStNNHnrM87MBjlYj+RxtEib8Y3FAdV1NVneKmHUhFNhOLeQQM3+2RRzNBvreIv0geizDz6+LZvObHEQSGLWdKM2b96jNmlZ3eEzDHe6auEIPlMOTur55jBA4J8dlaiVAejTjogv9Edtl3sfZ+954lF/X/UkL1jN0mrzvhiSuB0fAr//j2dEcwqsIrKYg8pNSbJdWXD8RvOsc57Z1i/eMM09Y3u4OlZRcZ+ZYogLatnod2Vl0WJR4kAujIoLVS/oEOGq+2jRf6gdrmf1DiJi+HPrrpBG+5np5qAGKoX8VnVPoX/qt3B9CYlirTTBD+aS/5k1YYvrzpX9rMeRSCB+X3yu77HzUd2+Dfkz41k11YzFRv5z3aV2DqGIFvPjsfK4IztUWSvIzKeLyGhx064hD4wWqO7b1P5Qx2q2dSgZD9DG/+q5B6BtTwXXPzVf+BbyXBbmEJbaj+sUogypjEu9jQDpyID9BKR1qdvnLjTIFPuxOeE8E/+Xhnk/b+W+4XOjq2Y8OM1meODgeVGyMQDwfaoumFTwozPDX/oTkaaGz1sdjTm0rk1+h2oxqnuGrj0LG9S0X5JyG3krz/lMul78ndgLJH7dgMgU+YAT2+Jv8FGg1hrWfeVeW9F8sI74AQpDEkm/be5jLvPWXK1GC/89k/I5NSNDZ/ZSauqAJoEMMQCAQAugLe6nm90CvV0FfcDIxLeIOvEDPR72m9DpSalt7Dt+3uAaCQvAldtDJ6e//D7MyH/6eiDEdi3bTjGEFYiETOxPn0eaV9i3q20pWdnCae+fyg7m9g1Y7F9blk3VqzOUtZAX36SgPfYVZjgHCPNIZ80bAwazvbq/0x2SCF5LQfiBJIpKn9+31ArbdxxfHiilnN7XaweQh7YKgPinuTS6fZr9MmivRp6Pyb7jU4ucoxfvcrVFBwA0iVVIsoO15H40lTeOcQ+N/CGfWvfoa45XH+tIAMWOmLPfv3XNpwiJd2IFYqt2zwG9PY16m5o243e6XWb3PWjDO8N4Wxg5agqBvpgOLv78q6sGttuTS0s12aI7ew1zJ5BjC0QT4JTqSb/IAkRpJ3Ajc3t6ON+PK/RcRBjtDjMYt6n/kPhm/uF0ssVvMI4JA4h0hfNbYgPTQbXkS0ljdUmhY8zDk88FDvnpqwLSzcIahkTxxgznh3kDEQt5ZgTrNt7mBgM/oqUzuRXf4hN3FJrA5FIWC0/cI49eYMB2faW5OTSZk1QJ7UQLVoZUmOrGp6JwqXv1ut5FNhKQsVWxq3JiA/c9nB8tC9ilg+f90GKL2DN0wPG5amBrf7LQtSCoEcqRNK4SuE79ecT9YjER5wpKQiyZdj0cJ4aIS043oGdIR00NSSC+Dho+V+2kMBAVhxb81BjwNXXgJRdhqfPt7ZQEOpZ5KDTG65VDSxtMKP7KGIGcLt7a/STLERNh5st7l5CYGaZhJKqHbcfwfidhouFAn4JUhUCQKG8F+q6eZSmhrzIRRYGuofXKM2PGiYUD6kfi+95Pij0elA4RV7AqnhJM3DPuSwlXi7O5KHQDSRBQ9NfaAQXvOUM9lhrvb6qNI4ul2d3bSxu5xtqmcjT5HJZicvTcd5PiP3Jk8ScmkYUiWTU5nCodGQCK0RG9EWLKPPAYl0Fwzpqt2AejQmHoS5WlMf2ErrxdsvS5sydbZIf2LPcnZTb9M3RPE0Do39fDXS2u95ZjGKNWHk0dNZeOiVY0PCQUZnL39PKfP0ZkhVxxov4/ATeEmuXyXYg8NJuNsunL2//RYFoCJGUH9bs3eur3CK8qTHEEruKy2TjsYuMbX9dybAiJqUAzbZHi4IByBVs9hWRSo8hR9OjMw9q1EZZbwFAgLxFa4Jvs+hQ14dQ2vDfzRhgMNv+l0ScM4xRnQy0jI2ZFQqElhTAJU5HcqmwkGyaNDsKMoI5Hh1O6kdrXogYOeeOEtplK6mIRF9qbQMre5BRi7Dynn9IKCVbxEHxJ8IT6TJ4hmH7pYUF7qwII8UQ9RAa4QOwUiDIqq1apBao/4phEq1p/tD3TSQxT6dQ86hRdJhIh9SJ+ElUDIN10g5VuEcC/VsPzHjPjWwRnM3kDDW7fTH35uUie8dTPEzygqjXYysBgqqwRN8K/+SVhKgW+xPGE50t0WYkvFmVp7J6phvASgzZWWIZDsOcR7xMEUEqsmRyMBlE3JqJYvDv+KD4TTKdwHfriwMMbNdi+/VdfVKv5mdpSFRAemvyk/+OnYlhThVe460J+biRpCtkbNjI6B+lMb++8G6XuyeT2Dndi+sTJ0dJXDoz9AWe9Q7JHve6T5r1vxNVSBLw9IAAAAADPll8g3BE0olCHerHgbfj4MwJ+GoXWqDha6n+PqW+zjdEToh94YpLCzB/3QoE1yfrVQyPz6Bnl8EdCewmVGrqccaHJjYnnBoFXDhpJiVowIrCjS7KJXDIXXqhgTxYweOk7VGY2RE55XkyNo3XmFE3ggr2oyC+bhmPQE/Ea7crpv9Ib2DewvjGEPJzeQ3UG5D8iIKmaxIDRsoxczanY2mUJ3wIBfPTJ5GlJL4pbQDLY19AvVqojLylpEM3Ya2J3sGrIiwi8UT7P8wPDYBSJojz3ltxSgNuQQ09xWd3F3UBECo6LEPn6htNPkqu58cbWoqGVYHYIurTEC+RBp60gEWz3SePCOgrIqZ2qs8oZIkOveBeWXkI1yL9YWA5Q5H9uZFnL+C232q/TYqdKsrxzH4S8EmRbmTT/C7AlWOu3JHIUoGR1l2UTudDpPC1zL1pBvY9T7WuGZZgtBUtRhXeieXQSwp2zw/g+Jje/5nrTGJGTD0m4O6pihtmHiUQuzeYUFs+Yif4GnbDBKPzt4xCRg2tTfA5gYici2RI2HOkfs7rePHj4g8/md2zh13sHgDemAmWFH2FAY3R9QeFjs/cLrl/nUy4xz7AevkXJXt9zK/MfvNGf58KNlT52EXzlzZK5m4o712sqM2YwVY58FlInr8ax6TGzup+K0m7jzbWv32iAMbk9fHRfoSK06+rfIOQqjtMCb3Af9f+9wDrBu4k6avHwoRQjqnlGCRLq5d1g7W2H1qqGfzGicmy1aTw8sOqRPDKhIuOFWCm1TvESjzat990eJNlvLY0KHfM+Eutas/DEy4Mj0QYaKhM9MOO4wA7AYDP8ck45OnRg9gzR/Nry8hEzPy4rRLa4KnyzhqdEVUBwMdZ5xNroiLCprHIoQu6PhsfXs8q7rywHCRmp3cvjAGGU42QLO4LwlA0ZN885rZ9aOazACWe4uPA99aUZU9fLgFxCgV08K+PTgMyLCvccrXlWH6Z10DZHL6IWc4jeVARiRMBHSWoyss0QtTsvzzrS8rFZ1C1zleFw1AuwpmVdwKj0aTPXy7AkYDdT2F557kvPBiLm+IBO1dokxk2nQahT1G3KcAaN5+UV4ki8POEWzShDjXqja+Qo++Rc8rONmmTGx4nyCnxUd47NmAyxgpEoTjKAavbfUHVXDKvGmzg3Gm8/thnw+8s009Mdqay8+sZ1OyCaoBIzTy8PQF/AsKgmRwlgOzfKhl9SOi9GxMj9AbGW1D2hq7cNVjgAphJzDeyyt6PW6wYvxBKV5T9uRLkM4Osgmrg7qDrzHXMCGbeF0L+MGKJznl/9I7lHoPIMriZjGwUTwsGpEC95RZzi5caTP1XEqDe7C6d5p3dpcMfTaxlnTvKOdKDPN/GIOhNn4tEZz/OnGy9bKmvNruzg3oILEARSXLKlBLt9RGJn2CbLIb6qR2g/a824zvuz8ttEdWLT24oqo4FvkKDWuY21FaguO5mMwzUa0QxKFlnaQrDdMstRt9/TZbsnSHS3mk+DMTV2ED6PIafWz8NDHTdPseOr5WVzdYB4egiZ2cNu740ndnTZIEWuRfsmMoJS8Amm55LSawCJBNQxjZBJGXCyCnEstzyKYDqthtv7VeKzgLmxS/HOYOq+016QRcqQKMHcdL5OF/16hknDQMCYOFjs2NJcSrKTXlqoZkdvwKLF+fWqZGprfhLJpYO+bkj/Jr4vivo7Ly9LBOc+/o9ZHZKHD3uz0INNuhQh4t51Vqi2X+xUgYtnBm4G+NiCjc9ndIDb9OX6rchE8cVpNEU22crWCgyPHtF2EdG20/vcfP+VUAWpdGl+kZfj4tmUIKNlOf6i3LaGqOdjVdyfoY+mSEJECCazCNZLFih64HH4JIU0XibpurFk7PKzfwFLXopUNuuxLT9bXzWiB2S9GVkzl3PGAka4BxmdVpGgdVZXgxgT9CugDgVcofRlPk1B5FZ315tQ09AhScE+KMTBGPDAG1lTNOvJ03oQ0e3/UM6+ihwfa/ldkz3xiB9sS/s66+xrZXE8MHk/7wCyUuVlhQXD6YlDtQOgL4wCNkQvkwJAiot2kcfOksaHZDo9EWD3JN/wYFNii6IQJisDXj4ETg5GtwRUOt3BKpuhPyy4v8TkSLxIZO0k1vmskQWb2cR4QQyHGtpnGaVLSD+X6L4WDyJTWTrKGi+fs8jvyiYe1LUFIeewa/xLhXr1sxT/xErt0xKS/zof1RfzizrxF1bTYH+z2X6uTLwoBC9Uq64qsexdoQ5IFdw7+/Hjk6ZOp0KEeOIoBSxFiIwGZKgIQqMWEUdE5z5pMcQD/GB3RCTeP9tc3sOYnDPraJiIkLe7sTb4idTh7i/ODhXaZdSeGrY9MKsIZpK/oKrtQKgo9PLb0GTiQEFl6iakRCJGfslG3dcoQmCXb1WMbQQtmq/kJiQs0rsly4Q11fe4+iTxYgTIHwz3z+mn9+yVnbaKUF45vHWtIon1UdVxP+Mq2P6s6soVaXISmXcOTGaLPSuA8kEBrmFSMXCKCcSpmMqI+XqpmJy6x7aFafpkYrFQLeGzrb1kx2aHGcUcsPVc3lxo7XwcWL6lz4AQOcB/+p3GYCLzabk6+NGbaqOBrcqQnzjWI3dXuKs9s/IR4CDRtGURWfzqut4OPiz4cG/8JMIrq1QCIJso5cvkEca45wlZOcA+/ipODiO0fKQTgfoc+JlqBlS5EY1SgNtmQMtKjS2ZJWGlWpMlcm2xZIHtp2xl2dzxnciN4auhZ+mdr/jN+JH0DHMYrLttn8j9et/wZBRii2op4B7cVafjdjxLrkiVBWe2PFN0a1jdwKRhSzMrBRH2Sy6+QZq6wktOinsOIrYzuD3O5sn25pM2vkEfZcz5/Gz3i4/0+rLkO/25W+sl/b/jMX1euoae5XSQr3aKb3P8J45uSBAhs840k9Jm1Mq2AVNh83hq9blEmFfo74rPHM6ITjDIrll9btqhoEVHcxO9aldMbGvOwGk8azM1FY0U89R9pa23gx2dr1JIigLwoNi+KEhUrGmqNKE9D0/sTts41HZW5dW5bQ0/I5J1zSnIxumcTC+8gvd6YJH70qIk1HFvJnzezJl6cdGKvTUx/isFpd9wgUeoozMcivwgNJcWUEsZs1IwjNgChgZoaapuDr7fl51R5zF+uZ5PKmp5OL653DlQ3fB+jzLF9ICtPIgvcbGi7adgoXdsMrt0+Z4IIONOhb+5T9so0cTq48fbxquU9VtlK5e8N/mUPnIeUr3CWRj0Dmvv2QZHz+Z/g/BZCF4JBIB8glabiwAPJbXTZqZyn843pUysNZvrGVZt529fKgXEKA7gSeeII5AROM1dlpSb/vAOEjoqAhTjlj64JZOeiKmEA+0b+QoWd8v53zEdTS7yeLVQ08rYIDNMVM1lxldAZic6klU4Q5Lqf1uPpVpC3e3KuCgHiXUH2AD6mi5MqP3tvjHlyeFJnDAVJfvvvEqjLQTnivVK3haOJooKQcDYZRNVuBkjy5LtSTjACyiNYCLT7GCeevC5LfLKhlUJ3OthBeRooUrnJBKIgPXoyQREg7OfCoh6GFE9v/oaKDpDiM/eKhk7HyiR0Vruq7tRJDPK3EaRVfTYu0RsE/EU+4J7c7DjRRazOhua4uHoWc8RDR56T2qGgygBk1VSzP0fNDAs8tIbToNn+yV4v09mkENIX1EgsEhvbBbqDDU/Hgyoyt0UeWXyoAofvKBZlu6ZOW5KEES1bL/Sc8oRmUDO3Z2JldhMmWjpddqS07OSgNhTXYW+b2hyug0KalbMZNfL0OHKf4ASKJldl1zyqScYDQepyt0tGORs1cUJGsD7fkdbif6woz9TVMMUXbqGEsgoYF18klfYsAbChRz5WtL1tYLZUypK5TPHZjFdJmQ+iNu5JvQoz0mPHFbR6Zwy2WWPDl9TqzmQ6touMF1PEN6sbFNMRVRRy2Djev5Y/0OtlLrTUkAWM0T29bMTpo9MWRc+kO7I14RX0Cd/UPgrqfuMgeITpLC6XAK4kZ7WkgHdyQKJdUG8SNECDAXSHmp/R6jDwBtTBKxP1lqqdTMFqXsiUuiptp1m8QaJeBvsbnVAz1YXie/QpI2MxIreP1C92QqYjxNizTM84C7Im2UQdXs4vBXp4MRVrWw5HBUUqDdvfv9OcwRIOO0CAXp7eT+pHFsVuD9auNP6/uQnzHnAv+7QkHUcrgkWcfODyd79oNm/9ea0p6Sx7HQBIsg07txDD/argYbNFItxfpejRRT+PJwxjFPZLbSDFLVPLs/oomqVDx32bXalC3pUhRAS+MOS05V2rp8z2PuFFYcBuLrlDRWV1mHktaYnXZm5m69DLWPX55w10rMBUK4FXN78DWgmWiovrgixHZAZohySXDNprtq5GdoSLYz2q2FyMAAj4+3c8TOyQCKZCxRlFU1kO5tIFaCjYv/LK5K4+WQu53P7mzp2q1Yz8ertAlYmOKSMS9G15267xvLtotm+NGebvqEBE8OGc3M0kvLRXmiyigXn4sDPl9H31D0qwGLI0+QJ0YjuW6erig11qFb60AKKqpgL6eat4vtkkr4mkH6jgKxDB1UNSwI5wwBu3alPgNPuiw3D2w8IOIjQrjSd93Wzi9K57chAdHY6Ck/loWVjZ1h5nrD9U+q327Ycel4MbipluhnvshzvXYZ9tS0yepT5i2JXTxswnxROzfJMm9oFjtDh1ccF+C1np92h36FomKlscySYVzzpYCIeSi4Rm9qTylP+hOgpX28XG8dZaiHIurefzNHy7QQeo9zcd3PA5hRTADpiTVsogChpbIgOQcdQXkoo5NhNGwN7BTju3bwORsP0CzrY8quFvFFqbOwLM202p1Mp6zolJYORyRCsp6+Aec2zc/8IpcVtl+PP9NOKpmbSjCVr4DX4AFH/C0AuY90l+Z4criWYD1spdCkgHroFMsLoRu2okF1vPDd3liWzWr80DxurJCJPhy1sFEZQL5dpBInVUUBLpeAmvaB0kXce0HvXnU2X/+2cnbsmQH6VqXQtUoElIYSpQ2GBJjVdQ9cYOf0o1HeG/xzOD5L/JnJoaN0xLAfh8pSNfo+aggpQdFXi7jz4Jpvw3rwTt/Y9mi5PgVYQEHlsYCXunfIb6IkeHQNLJecAAAAACGQ+MupD3rKWqC/0JGy8LAiargviedw0psiPtlQySOHkl7kp/QBKMSEw5hX3tG2uE5TNH8GSSE6bhV61wNfr5O4qbltSFBDOZSdcviOe/q9jEJUjg2lgZESdhaQihm26sw4a6S4LtBV7xEeZ+2c0dfcPpAx6pvPyqHrJDsH9Gba3lR0vFf9kJjJngPKzeFTI6Akjws/Bq9mnTEumlbmtXrOZrDeXGHVzOPOmT/J3MKNZcFfaTq6+OxAq/ByHZNaZg7lfx8RGBPQw0nFX+/pHDHu1Au87xFr9gSy9rTc8TwpnZMr9Q/vYpgmcW/qRBwZoJ8ERwMV4fUa5SQ411vqOJWaaBAIXBtsYQ9Oy8o8X190z4jvyahJswp1cJMYyVqmk3yKNNbzThhEgtBYjcmuG/pcMLyu0fsrWVGC2hBlePs6th9U962zR90MhmvgmCTt1bgV1MUjMCQ842SGftW8qwccfg4ZeBnPkQ7Qt4Arz/S20Ac2nRvaU/NMANB+WZkrsBoC3wB5M881RDmanqs5lUgnY9/VKUmIV415tfVyKeF01IaDeVFXuYLJ31IE7PkAdI4uW6l+0XDnbYqtF5P9r29pgXmdGadgIy2/ZDSOT7Wtf+48fvju/KDgihG3lkWRjfcO/oZEvPMfoarFS6JRslId66YrDBArtawtyDy3hvDymxgXxWTOX62mAcVUgHuNHmXM3BsztiuMC5Da25VCNk95/fayc+Ly/bntLoRzFZvz5BwufVtrsu2Nc/rq11EzuJh+xDWU9nY/OKz37BrGu0/UpybaqsTnRYmtlnAYPNEYfKhbBNzzYAiE4FnYV599/ot5R0yUshJZAjW9FIMnVAS6eNIArOmUJBBwPymO60mGmGey6sS3n4SOTKDjILxS/VzAX9WNv6pCyXhI+PAKIVraGpWGGCKeHcVmh2lhtrnblq+LlLCwFATRScux9zaMXauvRApUCUX3dXgzlLGdzY3+waK4FYAcAPRErFR2jwgOxSo8fLgrNxxHHrDhqVhSJe8ZHPb6O1pCocJ9D/QEzi5AWbD9NSmR80bues9gSKF+wt2M4Y1XFUhmWwKp7YmfIGBDOE3fDe2GWujz+aJOEcMksiF3E/sgQqwN9ygVSF2SdGwMlX4lkJcyZitdAkPJA+MHMnBzpogRGl8avbM8ni5eQZAGuDYVEQjTKfMpbNPpAaFkmolMylB6KqJpdiI2xyeA8fsAe9yJ1EHqsgcKPwzJJmla7vA0GhoF7B7VqthlFdd/dsMk7glR30ETz7WZ5jxD9g+oIkO22ERi7SRCWT1LsGXEzg9d6rf7NzL9eNZ4bad6I20mo95xPonUwRjkpgoWrtpi75p00PCLzgP46497ToJa/PdBr7KqHnfFh/mqycmLHWNhPCi65nyPAV1wG5e/YZubyfXMsdEeHkpg52be604rTvt5GNPFxK0guwzoeNehnYG91uZnGM6Cc/aOp3dq5oPc1hvJ9JsXyeMSaCtzISabK9vLWr7WlSz6K0+uS9Tx5URAcKqI4orokXlQMPTiPQEQ7J0bxCmLBdf/98vEaLLHv5iiX+byD81DhM73dje0qD7NBMXJV+iRVkWmqHmhZ9pYMk6rN2NMeITj5Yan+UdqTNy8H504EaOwAsJZM3nDhPGjiOzwyTDkbgN3qxqFnFeL9cxW2dJhSwbDvCbhaZEwJU+6KnNLmzj37VtPkZl0OqaCIKhBd3Ke5qc2mzXByQTAJ9t93icDJUHK8wzXVmAHwgM6O7EoRocubNfrmSY68OIxNWl/C3N44ChW0cb1WfFKnM+uBD5BzCUYgbzQjlckRoOIGF81c4rW9JMRQYSrDhguqGG8UB6QMunLIAnb7/m7agx8aGpI3ljSv2V7qWSJHOC5gMiMJxweNIgNF46GqriPUXyUHXXT3GXN9IXBHOkKHx/zjaeZz1vRMZiroP72h7cEixIokzre5j9tMPyB8kWg8jPGq5vVq/fZw/ylbh04bauzJXxTxwG+kW/MFgz3ms38wLd+PbiX90uMLRosK6OTTviGhmtIPjKTYiWtA0Fka9FuZulZd9UusOqAHNV2wjZEcEMjg5F5GxQ6/2hozPRpSXutImMVRc4Z9fd68PUGB8WRVPInq9ThHOYWscNl8PTStFoy3eRGxauKwePfM8mGf6y/0HZ+Bbez0qyJxP2cuMpA8hnAGqfBx3Ns3gA46wkJ+TSO8WHE9pG2RxAjp4mTOqb5E0jpR7wAbb9B/cmBXPRLepYVvc1e36D393WRhCOw08Pu85hpXOLMEXF3TLAh02n+KnhoJXjyKtfYAhtQqAHpr01454LxI5g2ReLwyx6Azv292sg0imnk33knfT5ncL42v+la4m/afK12x8efPomf4rQArSc6c1QfSa+Y1Kr7ZuLUW307TG/TIX+XI7qoRe+tFxss3u/Po2ELEuVcavBctIp3L8btsqkxmmcYifB9ummN4lciExKuu5KKqpsTc+BbR1NZJwmPDGCsdz/Gk9sksG8I7c4C9et0i/SonWtxTcP7SmwhBrNfZJcO+2bslkSDBv5OZvroVFAh8F/7Mrl/vvDjc8BbO+GDqcaXMujQsKOOGZtaxkYGxYfeeQUGDGwTT4EZIN40XKCfhZrCXwPN7t/jZUO4VqT1s8A2PdW5BbhFHvMw/VmQjKcRkRt/j/soCQ6NGfbrQ3UnGimZk5yNuJG6TAXEB7iHFVeGar8wun3upQVa2l+N0GIuXQh1o7K8rLsr0je33setcVI7EkXHtCQjBh1KHwgpUrEl0VDDIXwsViWgGN5Spn9T/3kCsphwrQyAUQkVICNZd0TVWC5D87Z/h8CLgsGlmS1nNbHM7xCZLxIOeIXWL+mbHb+74zUzXc2chAyDFTFSgL3k8Y2zT4po87SYYrm0lO38nLEyddnIWDQ/G/NL9ffidkog2NtkR0ufi5vtUJ3nIkpjwnuxd5bsZsxwOGU8zntdsNQgoxA/0w/0TP+fxbKJZob45kcXyyZ9T3MArd8nzECfcgaKJ0NoDA3UHlz2gGJXga6zGgqPdNQinH2jfnmU+ECHlyC78e55KYfotTBNCCsMRLC2Ls1YNTQqLjHHeZRkAZs01TENwQnVwAx6InOSpOZvKe86k4yUyCpmPomOZRyPOpcRX+YOYvqaYVdPK7zYHDQDjSZhKYshUjfrdKTvg1hkvYYL1upbxUSdd13J5aBWwNWR/5qAyrxKlr2AniH3bQJzPLhT1OeDjjaKgBZm3rAbAnLNPkVCRoU6NO+g+IKemc9wokJt5cJpriw8jZZfPtTjexwijBrsljD5KsynvGwrMcAuEaqijgXd6+6MHi8rPoTHHT1RlOCHMtV39FUB6MhmCPChHcmE85fpKoW+NQF4zfo6PwaHaSWPOdBQM1aQZpZoISZt2GUL6JAtMDSV/jeI2VzCgG1JJpuDi156N4pcgYSk0oKdiDE8g0lmR3cFVkjjyp09H41taG2fK3ciNNiu5KiI15BYqv3T/5ALDzP80Rj2KT1JSLO4lYpxc62h5jRjzC7W6z1HbyUz7QuhBskwPYwoOxmQFVDzBfeqcGbFexZ2GUxECXbDXh5LvO2WVgR86qjjVopsODqh2vMNUhCCv4h90jYmAanL1apGZ3tRFWU5jjxBQn3WTrKM4BRpYyNfji/PqkKx/qRvpoEMzo6TgkgOQa98o1Pr5n9nfBExk/MNklTjmmBUMFcOlhUQESnn88ozSIVxn+vLIcCfEsxUkF3cUXAY6ijhtxHl5nEzSu8hdxnfMG6Z8SW/6Lzf2AoxvJRC5N3whAIBNOY65N4MN3rts8zeoi8ijzR5EFiduNBovcPefdBzSJxKrqtjy4hOrKNRfNc2qxJ/tioDBhTvlLodh3VCGM+FyIYwR7CtgG5HagkIeDMLReNc0KAD3drq5Cw4JIMuKXfAeJ0PUqXJEeZffUpA5B5biFt7GtZk5R7LJY/K2cwgKn0C+S6px9S991H2HYPHbN7ZMR2XndeCty28LlfqSVfElh0U9W0UQOdvr7M/BrrvrNyWRYEzQ5xPTwOvDktbu0P6J9MynMxBe26iw9dNucRvB96PJzabvDWnL4kOnuyNvKXdQWn5RMqBXz4/iPAi2jv+ES5kSSqGnk4lqD9uOuPHSmdJqZT/UNKWN+16LM1544NSsvX2tW7kiW+8lBHTMcaql4H3BQI7pLWoPMnA7jZU3YKFHaYhuXDDQ5TTwEVmyHuc553+hmzRXXbDAHwQ+3KRWO/5Us+cCwBTiJyYY3Jr8VUzwgGy4eco5v1sG9AV+es2YKn0cyZe5Q713xDPK89mX8HVB7OShkknnZXbRely6T50TIT8dSO4M9m9L/rO6inC8VmivxKqS8nZ/49pcaOTaedIVF9Y5S3N86TefllGo3MuOAusm4krd3mN2oX1tERjvUwna/4Ll/SUfpgjGxVDl5Wo7D2nuN+ssBYIVASlEieSFVmamvCQauNzdEaR6IY71Bhp9/OVgsIGNENuYRmNqU+v7sp/tbWI7kqPi63BeHuz/OqUeqpZ9XlAqa+1UUHp62DRdDYXf2ng0SEJpy0AJ7los2rvob5C0XlBiZX245t7OOkcJCUVixRvtMZ4Yz/eaa+YELvp9T0qSmNKHjggqqmSnCf8RKgTDU/fnx3vlIDcJFe6UibO93bkqhgN0HTQaow/dDfAtelQD9nXDHU6PtQz0TnRUeZLvaCDyGB6elcHgMBWEpZcmXkZj1X4KMqpMz4L+/bDqnX5PeLozNJWXCz1wG6ldR8fsBud3Lu92AiKe+WWttUCOdLd5lmQE36bxfyfnGI0LynV/mB2J40bOL8HokEwjlf57HqKeTSCpxUaNvvj083wPQzILkM8obs0MVuaUeJ3y63Yt3AiXGzEqwxuHlVfjCFtK9UaVd9s4hbxGYeylp6m4o+iGQp5oTrQYp4n5XaaZLjktDA7eKabKnTo5TWLnnFbnPDktDP4JQr5/NN20QDhrReu59cdiLMZxwS27EftXLRLdt5EvJ6r0fDUwmvNjb7ouaX2AIt3sf5E6Oe8i56J0gEM0HoxVQP+ts8hT+1IXj9ei6FHeNnr1PD31/zuoYE6OspUDurthOiy4lKytqoe2KZZzADuEuEcYGL4PjNVtVA7xT2r2Rd2i1PmW/DbOMjFqyPDAALdKHemvqOGhNif8fKqrGT1ydaP4UQZUXKGDAoY4wDsCOFV2YKnJW6Kmx2BDkPyBP86Ab+sTNTKTgu5knqeDDSCAmXafDlBDUgGnvsk3WizYmHvSoQsgzxKhVxJxo1O5Rj/qZnW4Hr4yP2WX8DyLiEDAwOriREMiRYeX60S9dPKYu0fHM/lZUTNr8JAZdZSDdI365FEZ8kEkgwiT6TJyNmDAZxfCVrZBMHws8A/jpAEINU2HCIG6tJ2paC2jb0daL8lFhcdEqAO/00Cl0/HXTQeWdLoYoKvdJVsTQjKI813tDNFB4b9tTjYSbJu9Tn5ge1nuAAAAAYNBxU2Q3L/gaZXXoe515sSatz/26ezQYrfE/wV66Xxcgy9Vy+0BcLrPRiOcifJYaZUQq57ILBb4T8cRNTI2BP3z9MEU4DOl3XL8gt2uYOKxyr0XM0KP/9c2tG8iGCnkICT6wsBsF5KXiW3Zg/OfY8tSyqnK3ZrOav2PMQodZHx20QCD6gDEonAqmxqOckQL3yxO3FjNtMqWHXAjPlYgTNjF5uS1kaL/bMOGmJ5uQ23ki1qe3dnqP6al8NNAxAU5hbExTxjcj4Y7+lSB+PMZ4JUrPj5ACyiNYA8fgoZaCOKLLUuXT9+gvZCSEqQYExAyDF18wU5ZmLv2iv4Hp08DqAhkvOxsM4HBe4xvvfWKgyKTcvVcacQJuO8q8XbXCsCaIC3aERPLiF8bdkB7qwSCPqUujSmXi109zi85N7Iy3RkcEQ/CZYUkRo/PZLBC/wfTUWI0Qrr5rVo5ApE9Vu8hGDONzxaqJhB1Kr594fb/3DWPI6rmmQQeMlEcXKbTzfGjn2HYqE7/DbYI2jF0euvKrfJCN9yHdJU1WNe8Cb2X5rWfzxZGiZMr83wO8uYx0NmE7GuxTu/N56wI3b0Jvd2uTMewo0k/3YF/4qZyEASmJobKmPDKQ0JohEh3l5q/iTIkP+SFx9prIn28AYMXv9Jq2b29c1GNpg+kNuyInMaX3ZPjQs67I4F1/vXv3z+XNfqRf7mORTdyAz6FfBKwlkGUa5YHTN7fbdmf0WlyQuZF1oZr6rj3/mYqD+pj1Xq5eoZn+IfiEjNFQQ2OsQwfhlW+QXyIwLUeO92I3AGOwXLA4kXpZR94W1d63vu5UIGo4U0uj02gUMLM3vgy0Z3Ym8dee5kzDwgAUUJ+UhTfP5+xd0J9KrssVK1sUj2sEqbM8sYJL13nWpA5zYnvI1XTTaJYo++YNzCGF34n/slv/N+4/cCLZAzgEGATEUkvrsfnj688nTubuiRZ6CiyyX7gBKD5gyswhlrGM8eFWWUfe64wKaarFr11JjcWCHXkg5/cqiLjs79RdNLxzSJUgBMkaaqKnnv1AHXbLvGukmulHQ+UzAjqNuK0xHJyGzRUTP4+DfVWf/KTBLb+Fe0PTLPML+dTV9hWNtLHF3QBcAs9933TTfn8eWLM79ldaAmR+ptzAvA05I0/+6i7KvsjTQmc473rhttqmOO8zza5QpzNRJk8sT3iZuztrZ/j6X8D4Ub35IjEbtAHWiFpQNQkHzFAoLSuSlAYxX6LjaZ9YIDST2SJJernLBpiul89g14VqmrnOWHGi+3gXMDQeU2eXZukH2p93+46JgWUrFwO/Hz4JK0TyiVyUuVwiX+D35DESTP8a7Gyp/MGQlXTWfc4zo1fLCF9anjuj3oQRKToqPfkVFhv5t1x1vlIQDoIZ/LjHrfMpJrLYUG6XVayNKXXCz1kxd3xWy0R4WlUYalDPaRWjYWLByWFz5mVPAYoGDC5Dn6iX29LIXIsJergsEYgHpxGv0zIkxFY6fo/0/+5lkE4hZlHnVG8/AH5q+YAT1gf7Lq3QziSjjWIWkFNmjhFOoSSCUs+iYSwKhANgQnVfoTBJ1T+TewCsRrxQs5PEpBaDcWmQYGjX6Qoqu+e5S2PDIBolopWczryVJWmPpvasf5RtijbqI4eneK+2gHYJsMcN0EEyypeJ5zWl+DpeDjK2GUYIOCu7DvJ+zM8D+XJEOH744ypCDhaYvmZVrmSt9glSQ6jEzYdeYUUUuuWVojbOBbOtF3VEBdgcsfEYZj/h82dZdfZJNinpUSm5oJoLgJVIAPSWb2N0GnSIlYSza2z5c98f/jVsjYwxjkm80B3mPfaHT5QKKhNbLC64j4j7U0bBEunh3XzCcNTof5SuJOYQrdJ2S0Hj9JNHlybnfKjrtxOL1bjQzNXapYnbtb48JSxkdkJ8ye/Vlz+0K7eUSLQ8XQoIy1xAS6E2NIQqu/nmNHuarYC9amcgO9KKou/1q06oO8ZRjNwuBNKsb3Ewqp5cVsFRnt9uvEBRd66/HEt6/KeX7cJzv4U/r18X8Tvuz0Nnn+OSn39fTKOZoy5nLB1sH0oG5kf5ik9Jt2mVVihMNP9/1Xs5ce/xWokK1lyBRVLMH7dbTFiLdnInnkFfwkGfHbqJTbSc9NgJXzBFwd3Dt/W7GpC4o9bGMA+hjBLlMCuVW7MBxuAAJv1bR0MLnzmzDoqk2m1sRti/nGD+RteeIfeYNs4cO9BWApH3TqzTCzx37Z9pVfdV/3K4cOYx5oXTaLuYCLAdrAkBO9ltTevoE/QzAVMRVf9waMjNZTURAa3CZBpsQpKQsNhjzwqzk8izRnlK5gzQx+hSZgw5Gmhcgtwo9esSyXQKnchLtFGXoCcvlwA/fnfqrioRmNsfmm/bzDh1U7EeZdmI7PZI1WOD4lVG5/L2qnoOzLp1UNwxHOEt0WAFPx+Affsky+FmYs65Iu/V81xFO6+aXOqtOc5W2QlhvDeeI4xuLuz7yENMx0coFo+Jg6Uq4JsUkE8GqV9uEgW3Cwl0muAEkXbd+vrCNq/v1E+0uu1SXAuP+ONTM+9b82S2ERAbsh3r/ECuS9GBm9rQcjgX2d8uYNnSZ0cWna+2I7BOXt/rcaOMDYHOW2BNfxXU5h25PsJQnwzQLgFZihnJ17YLYbpzX76HSpRzmvubnWezyKapp2HJrHOhWcNZSjRQIlI5p4zPrcbcDtXlkEO84CC0PoomADvyfm7SRPDtOHnjnOHrAyleMfmx2uEOGHU/BOnAr6ULggRsHGrjvHpgdFh1xKw1hGcILsbdGCeQlRvjXVTia8L1pABfX9B9ybaL5ZuCYGKVSBWM3XLdpcEVmQASNGJS/IW4LgVp/39KWxL+EPDnSrx03CuLBA8oxIRnfQK+rsqK9Z8hwV6E4ujTkCf2wPR/+maABrzb08Q7xD9Exfw88ZHMleTgm1F3qT6igOuh5z43XpjtKa8Bjfp9awWF7OXr5IeTro4eSdtQcWEXndwXo/wtUdoeReSRAGjZvIeyhjmLaTcTGRxIRwte8yZNY3Z9uJ1/zJoXZueiRTo2tPVTvHz9gbOJMBG2nqAk/W/kLkOHJRenng6WheFpjjFS2/aQAOKiIOF88LjDQg/4gxFOLaO4AQpAUA+2aelgXXGg33mrHWJsVxW86wPgcjw8+nE+41e/agljnP8X1MS2r85nceYMQilPSbvTZpL5vphc2pMwV6DZcA5ls18geZi05DGFQ8TAJ5BVmoVxgJSKyMpgzxCl97MNyyI8h6MaA60jGJzZg5heFHK/yoh1Y5fozKAYmKL1BJ1dNhhdykQu/omigdMoFh7EyhuJ5g0PvVUGgiBbrT+OSfjlBYpdgPXVF5Ij5S33Cq8rQx0WZuYZE9DlVRRFvqwPnxE701Olw7hP8JV37chVWAzB0xGFZc1G9uMoQCYuaP+UTj2qxwhwggjNXNrWCrwS4wmdHj0UF+Gv9bsuAu+hC8HQBaxwV9OkENds8DZZzyphysLdADnrX3RLc1oHAnwsfS9RX3d0wItcPeaDyABQcuAVCU/Fza207qaLTPPORJHOvmEORNW6DvRYJvqd0PG3IW4Erizxu3CiO4aBbJfQJOaxcciXFsE1J1mDS+MPCpc1E8CHiicTzgFQxCECa14zYj3rjmuLHIidTe0z/HnJGjASyXFVkrwoj/P/WJhUdo5OCg9CRhDxAPhvxPQEtRDONCvuGqgJxuO8BwV1bS55uDCCnXOdTVGvsOC5syMrCsz3vVc30Wh4ZYdi/rFqnzbN3AVGRSqNi9/g/mbxCsCM2YmxtzLnJ7DttlL3e3gep3Na8rXQBcCuu7yUCCj6Zi5WBPXq5CpDupnAPXF2JjRCnxYABUDUW5AXF1C3y16AOJ6g+CBXzHU888qjCa3wbHt/VoB5+Myv9+bPs94EmD+RVF8uuko3NVC+uH67kJGZXSloDIsmNKOvDkjvsJAMMxcB83honL+sCr8aNqvQNShJVwrvaI8YF3IvXwH4/9atzimY6YUpDWCLqdtxiskDAjtPMnWcLxBFy78jtGDKUlHP7wcs6sIMU8cWKNPx77JJb0StCydsYljOA5zvue6IXLHe9yZHHaPgg1ypxufRA/9EkXY6S7Vwd9B4ZHcB3lKysvpSHd1K3TMz1/8aoebtZigqe+sRLPoXUdM0uls3TwWPcrRYnxvuGSKldzguZZ+ZMGDtnSdFskzIvARE82KOQOG1v/lRtVmKZycT/jhIy0VKzPT9OQVm9C/IMo/7teHzkvGEiEGhKImBEFE/2r2cqgqhKYPu7Nx1zhI1019pV7eMNMKqPwX8r9iCjyw8g7zhRP/w9zvZ/iRzbV1zQ7ZWy2+RpdXOUV9ZNevAndQa/4AFCuMKu2RlyJ3jk3GVvr6/HyX/RHvIKn8RaSrFSYlX09Ib1NlbUGw1tbOPvYEzzsw8KjTieRnsxQtIKYXQn0b9U0F5+kSpjjy//TpvSYwdRerhIdU3txQyGUNBjMp1ioGMh1qP2BnDzyAAAAAB2rVq+8+idGdpA/ddPn/U0CpTvATk62Xdj4xqdrh/7w91i/GwRHe3N5Lw505b2EqmnSuzU6o204taZEZ/tlOKgpR2aKC1UcbO/LVRRaH2c9bXe+FLOEgyF2q6agJmgEMPxfGhHtZ64yMzYZTNZeXsbMJOYSrK2cpffjWJ2LyoqphPQH+STCEJFJqyMSAQ1wn8mTa90Jx0vtqsQ9qJgrZSAx6wpuR+41rNZkzeShdq5QRgO3Tq0bKrnrXT/4jJIC40yiyxP2f+KqetBF+KLF8mjdk3axhxGGyhdNGKARxN4H8uLxlL7/Hp2LVqthGEsogE/UNOa2d1ofu44nC566w/+mX/Orz8wEM9YL6Z1xr/Ug2O9XFyqLv1ewEu0YVNLgdHIh9s290U8w2NRqS55mvD9OE9eHLshZIJys7ogvhE14mgRcOEpaWfXM1Cmz7XrNnOwvQWMvLPHMeMSDa+wem6GdPOUbvK9eNAr/nBAmEBw9zwGZW+IfRfS3H2SVTE74VhjjChBW/TLHq1p6e80jzidpQ31nzXP0s11cWYXG31XZlhTmbyajh6GZrjgQpo6ws+UMPFbydq2UMyj7dnKMTCAFydc/XQ86jWyY3FzzTSOj7R+i2EtV2FdZChBe/a5VSoF9FU4TP9YHtm/xAp89gTtKUDAIc3ByI5L8kjThg1HiSUTa3waQZ4AZxy0OCGnZv7mG180wyLp2tnC/7pKayojrG8zKS7PeKV6L4aWUIG66FqibElzD7r5GUFIRWPFk/I9dUrLHyPSJF7RslOIvnbTFjGsHM22eFZLWXbmj/H/RxMBkHQ8u7VWH75wKA9q4FPCFyn7Cg1mESqNEOFBjXVni4ujxMpn4FXbNdPNRKGqNOAATEHdztPkzIFajZ244/JMjnoIrosRsItsB2FirbCoxZxbEFFcfG8NLIp+cOjd8Da4U6ikt6ssH5Q3E6LQ7QatlHc27z/5orv+HK6/x693NX6ZU1hNX4O6EVT7IUNe4B9H/XMEM2kzOIKThCUl0u4TdpeJxhwLYPtvpo8t61qgSwwZskp/M8saADQeiInt/n72wmP5s3reYrrjYsHUNW5ALP21qb0BF0t6zMlnmvOWcXgUGpyyfhh56T36UEc+KD55vUUHfL4D4Oa1dGrcjRpLXgXRKPxoeIVh7RVTJihtJGfSoS/0I4Xvgc56DqfNBXO78xo2V+CslZfWweVsqbocWWgJPvQ9SPf6J0LykLmMa2WTaWs/XZskBSuP8/qSES4h64y5BQv7mN/yK5mvNC8zPkxkkUaf/kjT6N7G28pqlrKLO9OLJMfJ1/3bjIVhpkCqHkedLpdO/hXZmGewOGlg6LMctUhIvLQZ6TytnjSTNMYWywfdpqf6P413vIMwUtY7W7c0SugpNmN+S7VfGzv6wJRIlsUfUUBC75N04t3fugIs1MCP/YOICrlWgSD7d0Mfj5D4Dua1MTnrD0GwCEdav0lcx2I/IaMLRPvGvYu80GxDiAO6knl+2Mrp+44cHUNd5ZPSJmoBQzxbDoa6kmPR2zE81qBYjZVxb/Xhn3dvOUxttVStVJwRZ3DCUBy3rQw71Y2j1I8bw5aBBUkoDtDzmzhYPDp4on5dMn0r/ytN5lzukV2ewRmNZrCbYblwMhUaT3sYfPUOsLO9JqtsZ0WiPzTAfI+sg2c5IC/GrLQVgojM8mB5mkCr79Gm8h394oERzEE3LgPPDp1w9eIlxxHhqfXlP7Q5jdFBP3llWW73u0kP5LSo6kIQPYvyKIY+cmbNimqtq0IRSyAj04MwtDQLpgzDkq5sjaHYt71SIle94kLo2u9mULRNMhFztxo0L5BXN3PB13TpdTPSmnPjh7gXgSPzYRwKYI6yYNuOJwrBoHep5XREUNyg8urJpZTG/RW2hqXShW3voMSB+DLWAOhxxqFsjTGM+RUSViQrgzuAHuOUzRFDhHrS9VPM0M2wpSKlFNxs0FmH+3juz71585fHIIeotPFxiw9NSyqNPJfa7Dj414cYIUPJb7Aq2FNLpp47Mxac+cbZaWn8J9KucKXr252h4gnkpR3I99xT+Ak1oKyDzIUpR1e+XdoykMAplqxWAOyqAm0K0XMQ+QgUmCrrLmQbEcMULY1YEKq4UvsdCxOHff4FGFYV8zKFL/dN/smDbq2MzJpyca+tuUTt2X0W6zAZAcLAzo/IIpnIhSZZrpYvmtew33+xXMNyLviiRq/Q7Ls5KN87CMj+I0OTMhPut/lgf2ha4wcle35KGirORArc9F/IWeTYfrThCslyAK/UuDUpVARBYIyMq5bcL2WTM0QyVP7apNNpLIo3TPyGHM5K8ymob5jNWxI2ls64K6G0wetP1eWicxQC+GeO5HCN80qi9iKl40aYHoxa9aGNWYjbmDf+wJ1SNDV81VSNeiLMREjdpn0vxs38DiJPPq+tUk+Y0lvBKu+ZRqpLoe8HUgMQ/GCI0tjSxgTfj4mOBs0t3knSdifljnpkCPfDNBIMXPIVX6dL7vA/QDVbf26t2bzts8EdOHKYnZMVNRQaxuni+teoQzIF5bXXfM9t6FK3beQMZ2uuD/MmkOPsW5xM3oWULP5I4APqceu3euM/Hyll06eAC7xHV6d+7sVw7051Vrw08oZ/MImA5e5Nz1X6Jr904vUyW1qwRa4Gvm1ju3LrC8YpB6Nh4AirPokrzZsVqmKyrdNl0SgTx2KPmysYlAvCcR9iZ44XAjFvuwpT9jwbTjpZvdOPyBOhaXtCIvmeamXWJpFvBJbvvGox82HnKq/1USKG3nU/5a2XG0rzTrJZ7Vc1ue+WnEK9bgu7zQXEP6k10gD3l6FG4UyncySyQvV35aTlJGfEbJitK+1Gj56pDfm/r224iof+7Bpisf4ezE65NXGuv3tfb7xa7BZgO3WxDriqlPAn3soPlUhKJjwlNCMAxE7ynlAF3blzmIIX8t7XdAAzgdN+o9qI2MtgPo1afo4/pvCpFoUematlJ6y9L/hJK5QxJAx6IaP27DkApiz+yb/69E8KVE86DS1cXx5FAwuwMOnDKYhUzMRNzqKmwAsPQKTUYUw53mxQJjnUWPKDe4u4bY5lR60lpblZBo48sOmZDuruQ58qhrviSqHJSVuGt008FKdMc9LQ0SCpAPtO7B3FVy11Kq1px0kNoL2uFS6B337MeZnzTv1nQVrduJpBemzcaURXetKWWXq2U+D76ePn3EKwh3FWvGY53G2cmYMej3eT/RuSCG7iHynOrfrhOZgMJRyjOZWwsSdFSH92zBhDB99aHNWa0H8l7eQHYoyEehZY6KidcxyxhhRvtxrecPriVPM2Qf0Hg1brfdzFukzel28Po1KHRCeYwf+kxFBX2e39OWszVCOUsCqohKVmVe+6HeNTd4irwsOTHT9SWGX6S89Tkb2+A/Xc4HPUaWp+/57RvVAOr8R0/vYs/bgH/HbLvw5BGAeWE46gK7uwKh4zS6re2CQ0kt+LAfVDRDhguOZOycHJ1PbaK9PifTTd+SObDhAR/BJpcLz7BTLdFFAN3fJIa6LbMOxlTo51Rb+PtWjKU6UN5ro4CAma1pHE7kRUIob74Vd5RwPtlOqPhKBAt8liuu+Kq/amNyBxTl69z2qKb07Zv5omJSy9lKsjO8Q+FmLd4rBkUjPQqiDKyx8tTCatpZPE9yJJdars3v9EM1s6iV/eaFJOc0ZQdnjN0cDboyKGYIDgSyOpmuuF5WH16yxADedaN6BVtBwniL8OFTQVUQKJo4On7CMHmtQ6DuOaEZBkBu+ETTIoz8lKqR7EpoHi5T87p7HLPHNB0Zw6qjkAGabOABq8MCPBKA+Gmt8o0EG2XOvUhVz0P/jo4x9jmmoduOoWD1M1SyzZbrehr1419ox4rt0BhQ+UNDcZumj0mcYBkp/OnDJYjimVmhCdwKoVs/Nnz2xkq10qyNIpFovZU7N/3IOwakwzkVJJv3QxrwjYYlAan/b+xk3mZrmiPOcvL6fOhuOdDWeIf9UMLPoCvaBhffuwFn+P1fjUtOoFIvId3UpHW4yC85G8cgXzGnkfACHNGbynK0jf3rzptv6A5JzmM9m+ov2vuKv5IAWlK491PK8WvklDvB0WxOat6z2izOfwn3lPuaGmeVhBj+7HAc8Q+JbYdGS2QkY4D3PSDB5BqzDQBTM+476dmKDPpQIp2ZzVcjIbSQi2ez/45PutQ5lMI27ZpE1weKkKiQvRULz/eUXGkwNLa0FK95auNnWRqZ7hckkzZNmq+NrJbldAI/V4Z4reDcKBOatPplWDUQ4QN5OC+nErFBFxJeAX3ogqfLxHuiUkZGkjQQeJUkQkKQEPzETEtFIBABzmu7WRC4TanN4eWf/8+anmX9csOjZvt+HF0/6LCs+Uj4CYwdmdR3J7hq5JrHI2E23hQRUr8XmkVjfkzvHWxqNOHsMDDZpCqxBCYflSCvVFH+qXvMSXlP+iZf2XJbtnD3oHGHRtsjutcutU9RyWdWvH1xMXcOB8NABWBHyciVygtxNDSN0zZrRSJrgDqd7VNy2pw/AOUNHyc5GQWYKjSbXWOeZWf6GEXC3eo7dPdP4tZP14/sVsOzBR/CnWFmOUFgMFKEEoQabygcyi1gTJTWR7mCc8oqCL2+NEJqXniIHzfP8kYAGSV7mMVxiLh68Im16aIoS/rQBt9tQbLck+HhuLYWt7sOZAuwu5p4rxIl019LrrT5sni+YckIFrv0r4oCNm6dIUHPcFTRhkIsjOXdO5+/sWpGSQ0xolle22rzEzZ99XNKn5r+Oweuws3OjnatQ45fNy25jfprFRCSkoYlLckRyBIdZruiHetlxgBhB69Q4vhOJr6/PV451IWYePa/7QuOZUsRpV7Wx44EQUst+K4cgMySodLknZ8nwQCeP+f9A0MYxm1O5Dz80aTZQ+WO5IWCKZZo7OoZhxuy2zXy1SKNy4mxtf7Y8O2aWKDvjHV3waukZQSAY3oPMPo44cYvk1fQojyJ+v6QVmBiwkl9A+ossejbPwEBFYAAAAAgnGE3SfgSn3+ctNPAsXatiiZJQrHZkpLZc2rctm/BrdnNl5D41IOJ/hPWdRzVvi9DqoRMOcVbrOeVts+YIwh3Kk1DzgUAllKf8WxCpnqh+Xb7d4nC8rFdipVmphaur2hEU0YB799tcabyOoH3swPmLnWw0pDWqLgll0S3mvvh2xcVzfdbvR7AYJUv+FCdWNNyRUwyKyVMpdOBgCFIX3n9QAN64XmS4CHAtqvfFiYCEotpj/CMwF/8HpjN/m/qxskOwdl6LfoJ7RLQ2xc3iqPedlIEatBRXjy7e36EoKP0T4IAhkqW6TiUUn9HSSJvmL7NoTV5WmsMCMIIpxOEdirN9V0WGvCyPvlpwIHr+9Hyf0mWn4bW+TID1dlldrV58+Uz8kXXYxypNTysby3aNfJfXLgb9GvUK0rB+qLJxec4nskjJz4nux3sh7IOzy8CjPEUOJIULjIDM/EnAnECOU71iCI8zcLvT1Vnro8FqmNAUbSCEUZyBIH6ZJxRciidmI0tZ0JpQsjf/Li4zc5fSP3rKtl+2U44darPEKuJ008EYLEkU2FY7CrHiXtrXmUf8mxE9dgywU3GELQ356AzhdSTL65ByQ8rmiUOT2cz3WeG1rvDttMaflzZVbvNT5CqsqFci9RZnzoZkKZFs4wpR0wJZeWpKUaLIMLpmrlCtSOLhpyumJ9PpdVeW1oPeyTiEU66dWl8GqDphfeZoBWMaBgZiou+bDBL3E/A/rSuOm1B0MrinC2np+CEaw5O2I4F1I2NfA2Ecb5gfYpzowWYLfObeTMsXIcqT4gxNw3AVcs4NIlkiJHWGJK+Im9VNFHQNKhICVY19Lxr3dzw2t7K388D1fjlgumYYK3I4tC90D6/0YkelBBe/7LHU8E72mPX/wgTEEfUMe3UGGSeBUyu7HHgEDWOCZn5yDhWJtO4X2xn7OFT0HP8no9kLijx0QNMcUl68+PIxwpX87TgT0IGPldtexRLg4KHbnoqmV57M1WSb4kgz692t4zqTKjC50uOxO4vdch/szwH51IaS/MDyrITJ+Pu/E6Arl3Jq2jQ8jZoqlqMtrBtCnlJRQw9TCbkmzB4BDkHi4juJxe03Raj3E2jzpV25qi1fdp+fMQmNwlzp8MvMYcsOrQ0XNbB4XMcqRjVteaTSDEO15RcJdVQVOEDPNnjOst6K5IaaLwbw45oWWxHDmopIELCYxvB8MZuNxuE4JtvkolEZPJg5V60b5BUfimsWMsLn05aMsilJs2Zh9aMf6meB8SxXoRiZ/iT5s9MgyYI/0xHk/e9ecRglrtNjQWhaTxU0k4hF9PP5blSF5qVoHyEirBqtkS6tJajS718Y8d2XZES/xRabORhY1aqsPAZR3W19H4EV6ZdhbJ9eoiN3o2B8Ds97UuFZ6ecXJJChYQGwuKoz8s9njaVmc+otj6Re6cG9EV9gKh+9A9R85Jysl+QYmdDNNPIZGpbWIomVh0PsNOcW+23NiNsYOImsguY6jdN/Fn+F8MQlIBn5Ce2wXBmd2Ha4o7WQnn6N4Gm0xEiP1vEK88oQB2BqS+SaJ0iQzQBC8yG11xJ/j5GFsPnAlBAYGcWB+qjO9/1KQRe/uF8tXCe77CKXuSSKaNQgsoqyoxTqkKJxoqFrYSlX6KXqF24mQIQ7Q86drI/iZ3erhmAcn7/YSz+8S+v4hpAKLwmAEzgmLpSXMOm3X/fKLr74mt4wmfrDmYeLqj43mSdR3+6nArpIh4t6jon65njUlNDBGODE5P/hkeNxL5DagdCw4GuSm8ebjka5lN8P46b0VpO4IPfy/cCxC1yk83ABXmP2yTBYj/7jmsbIk2PjN8RS3h6e06x0hf0/FlMDos6keoMGqa7fJDeVUSfWAdrCaY8ung/pWfXD+sbYc22BL3VEJY9ZYOhv7Tj+8iK+xpt34zgA+qW30MPLkybz4SUMCKdsxliR08DGZ1eldA57DzwWZxlFXGnUjS6x0NtPzrnPVX1dxGkjPKsy9+QEHZvbO9Wq8J5dmGVtGzpAzD9v6WQwVJlsM70p6E7ho39k/IDcCmsSyWnqPq0aUQTyFMjHkP0eGlDN0vWNBavF89M9RiRvepRi0C9FIK71wnAM5JIJSgGl53DWm0rSwmWHjoIU9fxjmiRyepi96oeAGN2Ri+e3N1L/aLK3jq5/i0KekuQr4J46BC43ZVYsUBWnDn8lDAXOfAXmowC9yyy49EcM+UoW1/NR3gpF/jgHRyuIo8yeglEKzbVzm//NbatFsbt3ggFwDJ1I2Q01bYz4ezLznVUQuVSwb6SLhC0uLQHNBJq3Yvz9eCBFYAepTqVyCSWCFICP48rJ2Dbl314L2jxtHH9K3cCja2zEzToCVEcUaC6zq+IfDipd1UzcK3pVRixehwb3YW8PNRks33Q5Z7qK8yD5+3zakyEudBQtruW873tSwMLQf/cxQIGnmoLntshZ9r268J5HB3KOlWLNerfWPWlJ0yvkdtX957pVZnQu4lfiaHsQkTF8QJiCCRU2kgirCmYNSZH0Xml7T1AdqC7Jokz95VDhNWAbexV66MEV4qMfkUENxyd50IiOgZXbWZV5iEI0oZzpo/+VLx4jYTt79Mm5sSNwnL8gsM6OinGBOpFRM7dNy7UlY+fHdaKd4Urq0M7vD/X6c3rbsYnQ7U7/5Fu55RnDgJXNsovrIxSu+DiavYTWevAp2xhdh/51wQfNXiMl4635CkAzfkpWjvcYUyr/1JQmVpkbXczbYIgu73CQN+HR1j8LmIP9oFdeMhtnj0qNCeY1CNP08/gddtHFSJiAOaLN92g5QOqUrvLHv75rQb7ifJzWzdtqa5mSTV7ooAQoJhCeSAxXK5uX+PVz7vbbbswEzlByUMCjKjfxiOTuINL5RxN59JIxtOkwRpHwkhenfiq6kc43+V6FVsd5EfG7IF8hoOKNC0kuaZ87bPXhOrDOup6SNGKRhbYD4m3eZNuLN3GYGjsk/6a/DXVQytrc8BlI7JvU6k7GbLil9467m3skVl/2q5I3+4va3NnPnoffN5L9KxUbMeKYzhL/UmH8RIRtikeynzrdri/vIw4ej3N6CTdvrbTP0pE41zdpjQA76uUoC6UHbs8YZc5ftNsgKuPci8uLD3O/CswcuPASvslWcyEwFd1ufZ9zy0o8N4dRYV4c96liMqRsMlVgdTQdgDhfVPEmFuAKq619A7R0yDCSo77hDBv7Dq7VyamnkGg7EDve6F3o2uIK2VL42BDCBb5prCASfI4Wr7SiO2S1BeW1NGtNcVij/63/BMHyvHnDy7a5Jx9291IAWBi2xJzbrwZiW+zUdcZiT4fT4KvkonMUb1OZ1FEQBwIbANxBBfCKZtyLE6Nk6LeRfuPwGgMfIOmEHCqHsop8diQqPoZfAmzW+MAHMvWDHKZY4ZOfVe1FiYv3puDV8VxXEUXn4xi8LOzw/tZOA+frkzp8eq72GhmeaYB4FNYWKt4oH+NDw3OTqwzdcRAttlwGaIWdWEhZJcfaQxVNhk5laRXzRBQx90QZaCsw5LY3JDqGkhjnQMMwBqYmVPCt7+OyWsu6OvKBE5Klfwld6k3JzAD7BCjGOB5aCgYvTDbxFwUxNeT3p+J5x1igOhNzIAXSrnGQbDYb7OCOZACViPQGf832XVfDzqAfWcmxWyLmkrczYj/y6GYsb8FiWs5wpTzQ/taMboUwGBGmF5+qb0MpQMH9RC09ENMv8Xxob15isiLIYfb81tV0E0dA5SeayfhYZ+hYZg0hCoqNLdtQTqvt54aahynTd+v9cSggTJ+ehac4yxZMY5g2CwpBKNjOivIzrA7K+A5DKbjCXZ7WKR2je9ms+OasAfbt+5cr4yyCX/8qG77OdFFldzEKc5jRjr+Va7w/t1ZZ5R1kM7TO6e+eLWFLLuT3FUnRADsBNljgdksF6ZKYVYI6iUNPhKZ4HWDK7UZPW4qhe11kDEqOxgTRAByjZE6ehlxaB8Fhzfw7jW/bC86Q4Mhrlh7DqHfB0W/SzWDtMHanywaV4cqgA3uQJXuX9hF1kwzzbOF6a0pnuVk6lbGFndjYepW6q/5ydOlBVdY5nKz/PbRcgtAdOKe6NB1rDyHGXAaR6fzEcaagr8P3zC6ehe3rfVG/g5vM8SXWLuMR+WuwsEf9Lmud72rQbt05KvaFuhXe+YX9ftYqN9gbgyhgoUwSGZkzVLhyoqZBkk9aJ5xBQsCxB8Cuv00CdauC5/yDEhwvOxGw3ZSfjYjfPzc35MReZvsMedQXKwC2eWvus8xsnKO4aCVkF8i36GdHTYaTGW9JCfbLU5PWPe9OVOvf5pDiz8/K3qmWljX4Sd1tLWlaammMmSexSND2gcXaq68jDAw+gyKyPjh94sGAHBdPNiLVZJlvBapTrx5vCyfL4Q3QL/4YPrLQ9Jju0cPj4k37QpjZ7u2ave+qVyFReywflHrEZjkIfgO4u14v2n4kxfDm5vIkNIw/Uqn1sgE1yuNkpitvOdExqCWy5NF3r2NLUcBYbKreYi8wwySn/sLTO7Jv6Ye0b+OZlizdPSrsReK1Gi6kOLkqFXluIIMQAbIQXHPOZPANmy0dlCT+SZMRd9y6MM4yNXiKOkhzKRL25ew0EXks39mpZQQ4xt/LYgBorhaBYpAi9IXTlhLQUR+3iwmK3o5Z+uiZaAGqUikFbVw8zOA7sRA+juJv7tkqEVjdf7I9QxLO0Y00ztA41/HbdYCWGyD9Ch7qJwo+Ynj6Ih65+9P+SHYObtczyWds/gfyulGADJ9Aq/VsAHIIACstjKX9wc8mHHnHS05PFkZKuDnwtDX25KldSQnExH3z+xLJXESD+tcBvhoKaif/jiXMyp4UzLdNWxtA4uPzAqXopKgcVJ3/0ODRlNS3I43ad5cv+JxSSQ5A5ysnsnnZA4CsqcU0kNddD4ZpcNvIGCTtALw1TptBN+ltGGSPIG4ImXpMxFpo9BKSbEw898teUwqX/cIphcW4/jRgx8TP9C6Bsiei9cg5ZphLab99JtkGzTeP8DtV3EliS51Rr4kl/CKtEe2FL++6t3ZNjm/EDW+AhlADYGD0twfoHbrN/pZ3gNBjUj2oBz6Ts6O1IMg3oOxsUAD0STzv986H8VCKwSwM6fjJ/DKZPFASGFF/I1gQpUZ7897yC+xUi+bCmahWM1ZcCRmHywqTE4D7wAg9IarHmQDb8vJ4hrNnaRd4zgdwCqGbu5UwrySkpFfw1GeVYwKO1hatd0f1TSjbslYZKdLcFvBNDqxtjABF3SYL3EjodCkKZxpQm9Xg9lPhgtNcbkKmxJs1wWp0/IVogrgJlUAPPx+2LiStRKoHWh72RJX1MLZPDKR9vHyq2e0LoKTkHsuvbxUvxtU9bvqnzdxbpfTQUtcPlNnov5AmIAAAAAAjjDhNK8cLieXe5B6wxARGUwECokcvndhaojqxzLpL2tU6Y1wAo9u0uSwBpKLwJDCaz06oZRHJxekkX8RInukdtRQ9MkeclNPgoOaWdzDpiqSzi71Gh+2cNkNkI2jIcfyRbFMilLUstb6uvEbCKxnelwX21e1U2xejK6Itdc5VVO9+zHQb0XDs1zbOiuHjevRWnQTyimb/1WQRfJwbRzmm5RCjRQ2rW/nhZyvKdCfFpZZ6NqaK/ymNNIKsha2cAbhic0htKYT7AIJdu2zS1YxU5AgFd2AxCmrs7ndB5TH7IrbhvFhIj9iB5/DXkyGIX3HiryS40Kqk++jVEkmx6x7HMWZgq54rdtlXPN12cAYHseQbR4xEchRTPoOFYRFSPBgTiANvvq50O9AuTkZdf+dHHVUKI9uXuuZUi/A5Zd/kvF/a247OZ75iI8gDmhI90sbHs/jBGWz9eHaYyAELKLj2iCVGirV+GDbqihSvk/e1IteiGomhHfmSMDlH9d9PCQpjkyCWOwRQo9rEd5xuYySILIZzJ+S9XcfPz9qWLqvuUhnXRci2Clp6aqHED7DJypGNpRl9bFcv6Xcyn/5ggfGCvahoswscp7D6nt1l9fpzU8uTH6o8m3cWz9P9bDC3IFH7xrwYhjyik5+wB72zNjqzDwaX7X33uCdwpyYymkLK7gzTbX073TBKAGpEPq7bRd0/iYXhOuZDdYiS59VqE/tSVQS5zV91oddvivo4JONZXF/3vWxFrQPNzBJ9PLEYmiDcoaanpXQ9Mh4MdVBIexGWqH7LpoupBW9m5b4UAvSNdMkxElovgdHBzcw22OeDR9AUrkHfDuIALh3/xNBHai0xgHg6pTX++jlh11cXHxLBPCEVMV9swMd8PlSg6DRAjr6jphuTMUw3DNwuM5Xxlp2b+br66TOZde817d0w1pO0Oflpebfe+SpYj45H2ylgf4MmyGmDG/XJ7QKPcm44lJ2x63dnMOC5KulS101nbkziOd6hXCPrrB7HXZOhQ81iSXytMIZw+n66gnwgjdDwhihvgfWq6CUw6o3GSMT06fAHTSRNCHpGnrAxog78Mqy9BpZGHKysyAuPYG+vCdBRhllPi8B9eaJJrt3TztsIaRkZkN//hXjkzgQhAHZ9xTysKRxUPoWy7VYpZGAJkc/a/a6kUsndMSowYznm9hMfyEB/pMFXPZTuknXHbNpNlRWdh4t9n+66qXtx3FX/wMbwZG7dfRODy3l9558TN7qrYgnbaeSKRTlopyzUOwLdhMV0QnVdQqG9PSYn6dgLCJCg2k/MyJvSvnABaaP7EHMZq27cd+psz2EiS6+MCFxdwXgp1bxoGQE8iwjWv/qkn1DwlXx1aX05segAJHZREO9XSzleeF7TC8POt0Uw4w+bt/yoVbph/bGe2QKgSTHCXCJuU1nqMmZxHLD7ssn1zGqw8+AdAoAbhtXoREe2TxtXnPy9BhPB3qmJj5xd7SEwaEUX78rPz/V6OlH99F0BlGNZnI19jLyukHutXkahSRcWM5N457qv7bSOPqcyfFkwu3COV59cuE1QXqcpsPlsY2nETXgPUNbqCbAi2CC9hZBD/5H9Jl+t/wvBorHz+8ribDJfbfcGCwnC/htMRPGPIMpXvSFPN8LHYRS2U8ROjzedK9A8pJd/C6jr8hY4EcJNylRApgIL4TcSd8ll/7prGJA80nYE4ds0IGC27z3vJplRjzos16KxDW09IwyISl+iRvrx1AoFXz5YR3e9x3T40AJzN53CtLZ+t+CoPiwmSvzw72zZ8NL60ZXqiMDQcOXlOcS9clB1eFRtpbDJfCU3CN4ZTLO4J/hEMp5Ky2AJ+pGTyNqCb3gpBRDkg6XxvELmIjwj2jjfnnIGK54riaT1REny06wlxIHkTs26ORZSzFtHFQuCxz3lAodVgOP7spX1TwPvN7Qq64L6bpW1f0N1o1TuAafBQpSelWGWVrVOMlIqg4HnrhTkKRlxzZfUtjupeEnh7LjabZr6WqHUqj9QGZ5H3gvf6L7sfYjsqNayZrDE9Ar6lvp1dNDL+ea6ikXY6Cf4jbXf/JVqX9qgeZSmxOU9EGYWQ7TdaUCBqPuvqExqHGxCshByLQaDXI7E5oYE71b4I5ieclpHA6Sxzr7snDKW6iShDRVeeaF652Fds+jvhcdqNp12sZg9fu0SlkizQAPV04uU095UsOurQFa1faYvec9C0KVsbsZB/99ITmrVroXjBHQ5VlENSSrCu9JpXbo0E6FQLbZOdaYQmFcIEfpBZEgZjpS6YKDCVm9P3WBiFvLl5EpG68urpAtAHSu2UT+Hr9NuTSvzsqrTds2iW5GJenMT6h2NDEEDgchgNB0eri7Tyd6rWieBSDVvPe0AjDUesLBZA7tqDuRwZeAUrMSoUb9r+QllWxcD+ytw7+EZRdRkL7RBu1IZHor2lpc547ehqiMyMWI96Mexa/O4Ta3E5tsaS6yEm6LKOSXSncyK7v61EVSyqbT/lFRoww2YRUTS7AaYEmHlpkVmaznxVfKrFplx/6imBD668n7E8YrfgSZO32iGNeqKxVyLyvKo+6YkCRZcAzY9csq52uDeHK9qnWIE2gOjokUn7ZcolKfk/05GAIAmpuNffMXXgFQ9pGnzQmNteas32FkAer83dR2pa7U51r/jbFB8VKy8TUIuK+msmCgSvsNBtGWGnorJxX9oDID5WWmggMynwZzs969N+N4KCeG1io5iveNBEZ6E0lZ5811SmZZ0IYasTKPV0cVO9EaTcmkFL5o7SMXDq5KvK9ilXX9hC6c6UL23drzHCuhefrJ2bYqcDKcDyH2/kx+G2GMBDUY+W4TWanXig5yCydEqnyVMXNOxwlDOUWMksc+oeZ/6cGD3RMG37wXmrpRTEkDTGMh2h7ohs8Q655BtEkHNUPNXOp0KAND7DG0L8+PI3KZxxfZbb7SL/a4YQKWUWFa1R0p7LD6QFJ0aTWmHn+CF8QQSgTuPOypgUKgxu0avllVgRd/pckBC63cn2DoKkxvIeAriqX5YPQ67a6yvrTRdbSP96D2+a1gBeKTpDwSvLfyMJR3MnhoPdI8aFHXCYs9x95CZdeyE+mtKoln2FM+Iv9EbIEpkkd6R302xiOklfKQ9dRIDLyFbv2twXZHXhxKupHX3vTJ9e8n2K8SxJeeXKidUhO653Q/kUaz6cve1U8Jtu6Qcqkc4t4At2du/8KxynIn2dOjHyFKO8mfx0YrdC1+5r3ec0AFlrb9FHXffJ2pwr6ofLJ4eMXmvSdC4BvHEg1fvoNwy6uhE7zAU9pNwxSedhqBHGZ5pF7Dwkl+wAT3U7Xqf1Zi1xTTHei6voN77UEX7KVm841vGVEuLIXnbrExoUFLn0ep8xhNfJ+yrAJd8Zdn4IbHvbFcaaWuDro3rZ9XiG/PhYHJvo71jBpywDoQSrXqYzuI1uzliSITepOqiGI3bY7ArhZ5W4Xjz+KYGspibvkD13wVUKXVwAK15xFavZhdS5dqlsizjzMLYNExtn/w0BTHpZ95R6yxt/xk3rMbQGyEKV/IowzkYBaXCZBNPpbffSH2w8sf6lz5j5MUmxeUEeYJfgbCDceBzMKcPfyXmvzG6tn+8trWRe6zBghFbisqmxmk7ibPSJNWLO6hnZRjHwocGMqDupv61JNaY5Xd6EU2wMWBGk1kw/9e5qnOtdyTbGzX0LO/BbR3vfGsF0slRoWr3Vbe0rR0mkrMw02QOIvUHm8wh3iISrbRA0Ayog7TgBJWTK1oAdpE9VFGHXhYcJs1NdAi00HLHhevdZqJNijb7KFZNiG8SjW37Tyrmzxk+kCTfEalQ+MoprHKEansreiEv6I2QEhKkK0spfV6Uw3sGlk+y3ZOpf6em+wq1cRK8oAXvs3XqQSm73xReAfuKlepRbtrNyvGoqVKw2QXsPho+9MzBojCfdq8sxHgi+csDUgvs50C3qvooMBZegICU44O3g8O55FIkiniXFqpJGx6PDdCPs5D5+EPTZ//mM8/o2S/7JSJuFWESpR7O7AvV52nYnAZ7KKzD3ZCpSaU5OX5meJnZhlSOv1lbCFDK83v+ZvQCILFq7yVjCRKGVRjwfGORR095Kxr8K0gDVqQd7f/tWvACp9TilshKTbFVDwdEsnuMoU1f5cKl9lDdh4wEZQqcIPKM6J0AupE2qIR78KKIRfXT3k1GWbqJWbPiDcNms8YzeBoM+L1t0yl1e8rLJgAwcXiQFh6fc+aPYsf2ZocuJND6HHUbOdRCSscbF9fZK4JVBjgFmwyaJEtPxPcmqsj0gp5sQlz9vsX0mMybp7OmPD9W4uh1jWzG5kYltQIA9CoS2YX5GsGtBu+9Ic4rSb7+uYCrvFHbZ7lt9pdHlMSAE1bNo2bkjxzr99nMYIPSCV3NEfnaRndJL0OlEzcRlCcA1xNskroGB5co4DaUEx+yoz4JmraKwS2z+etgFdcE7rQUyfo+1yrPLwcX5iZLI6G/zdO62OzMcqVpPSUPDAGHsjFoAry4q8sfstZnl2oP6K58wtRZcHKGwXbtFapgIa32y+uA0H7IDRQHqdtUX0EmUUg4FFgOb5K5N25uxxeBrFnfTeQpn6wVk7wxy3cqb0Q/d16xHzX8+sYnBIY4pG/JRrifNltIBauE0SEhmzyGKzrzefP0AypsSWLC6SHvD0AItL0u2U2H2MvVa4uLkv6ojz7jc2IQL9rn88BqjWYZEdiM3KTmbdUpDuZmkHjBeAR2Hs9WWgyfdkdMgiIKX0ki1NfzgJHAP6F7DOXCxaR09yV/1YFDeJNN6d92XiSpDN4dW4qJinBDk4DrTSf1bsirlz0GB6mUifVESzCRjrAmtOR62V4ql7tpM7NENE0Xddlk51neCEeT24AFKft0uDkuaGBBUAUEXaeJ3J7W2tAdbeGYHAtXlDesh6v3gBokh5NeGikGk2rWNERV4qTIg7rPqjXfHmoC03KfFvmXaDyimBd/04K/vDaZZqF27e6G32xYkggt/EPM7XGD9Z428IGAg33RP6wwrc4Px9tlO6VwTCaH7agMrE+7dal1MPrBEb1d1WUutUc+2sar7y4ttt6mpQcEP+ym8gPUuuqha3Q/9EXkCq3ORhT3ZiQTaGOAXwlMcVb/3bmrW7SMwImn2F12u8vab6a4sEG92ENhrfhOrjPGnf087VauD9VSiC8ODNW8KBZnh8wx78itURcmsr38prS0hbAIBqLNAAAAAD4Renh9nZHBTlVYi6wxIF9uYn9e5mNWfBPzrt3s4qRm/dbnTqMlbvACx4+rl66px6RS8o9v0Y9GMcMt/ElPvRsDnqYDrMzcrmfY84Zfc6u/rSQyzFiEukAPuvdTQmRQKsqOGfMzUGGDzGmW+j5uEVl/RIpLeZkBsaOkmCaDB3MlyTp7E1ZnnmNa48afKC7ozNK0UOpDatEgoaUaYvdgtRbhpyhXVxnhVCpE6Hgj2Vb6l5PAuqUZhAqvGKCijCXQE8Q9fWFqRtR52A6KoxrRervQHEpJZXANbHW/plS6QnotmikLcaMNTeNtcGdHkTTCauljebauN0i7m9lV1Uy8tjC127D0cn6QYsGxPUOxVM750eOZhC4uJAxp7KOPIyyKfXi2lh4zFAGfVbhbOBe1Q6p8J55DMuhXNLqW8V8WCmIRQftLhos3PkVY013dI+eBNaVP54tv8j3kEFmFxJPplpJIof1j81X/ufryD50fKxx6V1AZRvNPd0gHxIy/DWhUuVH8kDFEE8SlMuig11W588mEqN5rfMZCGZXVU+kANt/k7oHh4spUyiCQv/vJ2+0xhZKfPYkaRcTFKzIngjqn/u/4gk/gXrAYytrxVKh12klfYV4khL7kbAoE9RpAhSd8RkT2WXYgNBqRJvw0XiC8s2pXNfo2HYBqiygJMSLBAVPsmqs1kK8qBnmrQAmyxvYWdfC8GuzthGj5amh+TdG3HbqPNe8QCdgu95pX0Mdpa+vtxSSSIWu6mCyJH2WCK+/Gbmu5u31Jl5/s2Hf3Xua90E5yDkewVqy5zsKIXqyZuzOjqG5BV7Q6Y/NKRrV7NH3XU0H9lVHNJYf4FOC3cJLie+QouY0hL2EB+Z/MKLrtW8i0zn0dCQ8rU0X5kLYOlPWyWXJPz1u/C9lLoG9ptNoOP8RwTe07n1rDIdEZrRBpoEh1bopyI+G6/9Vt7Dm8zYFcLT5+sTPvQHPgC/ZsBgFSCzr4Hy279RSTDxKU8yq+Dx6u7zGLb1OLMtIqbASGmI4OzbiRaFFlZH9AZS45mZaQOPPrgIwEepLB7C8nFLrE5mv1xv0KnEtSR2FFUDAYHyCtghTqD3GdHb3rgnkqtYY4bvz9RV92JbNJ95KVe0AUdIW2JYqY01SL803tBypZvfQMBlV8pBGlJahmDqDa4e/LL4GYGQ3GxoCv6hBrmi/T5vWrIPgTBBuDTKeto50/FHL/4Z/t9LepsX0czixICS7wCcBgqTtsnL3IArccc5y3DH5NkDQx4DmTWbG7FOem7p5xfvl8oGs9Rb/sd/o64ULI+vaeq1yzVyUWDmKNhSoTY5UO5DlOmkj4L78nKOA3AqFmLxB+B+zjDD2/35nDkgoYdr3dYPc08o6YmqcKxNdXPja7TQJAOWZ6b4QNm3v4O62cF7QardOawdWyc5y5F+xJ0qV73LR7tGLexjqMUAbYLo9vF7JLLZAegwQQWmfToPL8HYcegKpJJhZvve89rL5wfO9IiAz/xMbjpWgcLZJ2GQqh72ikAFQp1sY55Bz/rwQCXfqx6Jf7gs5Kd6s/i6hZIHktyRbzD5jMzKSgpTZdQu+8GydeT2NkDGHfNjWJ6VVQwfP55yt3TvuHGtUy0foeyi49gqB9/xPbzot0S+k9egTOCsgVs6iCDHdGuaM1O7VY7umLU2AD24uWEbHmqin4JEAW2i12cdNHtxEAUyJtcPQRroFi7jQJfkNnwiKN/bKQO84Rw22k7Gnf2wBPSyARWwhjbybYoVVOKIlwnh355EitBG8GLqD0v+/BB+ezqaqG/sm9uGlmQeh9m36FulgRdqDhD7mgE5G7nebQ9aaNMv5JkjOo8GYsSQIiNuDKchq7j25xHw84u0ZlUcBG7zhnQDqLVZ8dQMvI2jcC+GqdmdtRcH7cBZPGnyOl9wMDHKMUwOVH5EE8emFDB+wIAX0vPvZFHEUOJMta7Ae8UXo+pWGmjjVYgaVZ3LMDMGaeRbePawF1Z6depvMXD+13ouNu+czb7aPKq4Zq1kXGQnwOD3O0WTHsgbXVoVeGc4fwk/FRS3+UY4WX+RmgTNoLeqakD8nUAelNGC26vkidT36Ct8xPV7Er+FaK+3g2gTKQ6psTCk/H3t8bDINgr8EeJ7BCYgGMdBNFW40Kkb+XH7iY9fW0jQDYDN8MPlAWiBmjrft4N144FfEmKCRDXs8oBvkEvWzAaPNziSBDQk10m3Wjqe0/VULcR3gu2zkhrpKyPGstny3luwj7UhtAAz3tS2GALAyG28ugd0+eVGqFfVfXqbsl4Ohn1nXASTawlCnR2vjFQrh5OgyEClzTnLmWIDysNMCoTrprucx49GFmmfMS9Y43pMcKUmG90aWY+CpR82UYaovnAOAbxzr7vcfRR3Y0NGz9W1NsXKHxRmU6rfYXITmQhayExQYNqTGOAnk00Vvw9E3YktUOb2+Lt0rQh5dW1UKbV0cGlmXlyknRWqTlktXe69Plxi3HPrimN0ZzVTvzULcbOnD6s7X5rrbQp022BYEYHv16lOIzDGvcPkoeIaeJvn0K1q+ZURaK6L244XQz1UmzDZAMpOV1+pfe1abHsbjF8YHHRBLW7f57AHv/8ndVfe1kO0yMqQ0S86H4vztCyeV76uN+CdHdNumglv6VmGVrhI0e79+Ao6VW4Lp3rLhy6psOmBEUoluFWQNa2ff6Hj80JbhqnFb2jUrAqqVLyxMetL7pWpbVr6SOyS4VE4XF4xeI+ebzBdzLvimygp8OtQP2KLSKd8QXcRL0GIk/Wpd4jE95xgY4wnuPh6gPWvvWwDlvuuMW753pFAIvYZea3egr0YhrsjgORST7EawDH2B4vrWKJsuwYXk1Ro76e36m9MNNacb8CYo/cJ+0mxH5kL+01NtXeq+PnZ8PrkubLwFsj/VmNnOLcBQTeLcCVsq58IOA1NQQlh1Vt6TfDXppsfTLAWDPhNqCvYJyECM8G7uPMZ8K2glxCmGE4jMAIPAjJ04KJOJPvApo8jc8gA4sNLE2aR4pisj6WqdO6X7G534uD8B/fZBz10qd0vhCOjN795Z0LeWiyHck7kGJuHiZ8QdtjscUip8G9hoNeJoM82b4z3VW9H+dQhTn0srqh7aFLHsEd8FJ8RV0Yx5yv8GcbmBFaVraAEsaHrCwIxZk8OdZ6r/O5ECRBW7nziOti4FZb9Oi4zZ+48qD3stvUsaJXz+l5LcVGIsrh9FE+TXm41jacSInGk7C74K34MbXayrgCZp08LKYa4YDs8fX0q5OQxbmmbD6xQyrWFwy45HjFRVfgHdlW/fsRyWEGlAAWFwfbkgxV3dUsTb5WADags05X0O9mDP/gRtCenz0OIsMjJRd6KN5k2m9pD4+iLQDd0yt4vr+kXZLFGlRVoZHdaF/eFNPy0R/bSzrFqnMXGTsk8J9CLFrUDGGeOFg7aNzluDUeaaH2WLIuR6RZD5MM8zBfV4QsVKyI2SHb+bALJLozgO7J7lU1o8W6e6e4MRLJ+dRtsgTpwFMGwo9gLAtsVh3wK1eoAlHRuPfFelk5e+pLh7oEn2kxNnaho659R9vN7txX/VJpL8zy0UpAjdL1X9vaBihy2X8GrCLLbb1RfyPqcpslCNwrFUYS92hZXxANPC8KJkee3TK9rcRA2L/OnuHRXaUJXfCwgDwLeT4TDNnkXkOwoWeJoNuz0ryR8zDtnIa/rhYE8V2xZwgTuaTI5y9Ivh/DTtEb2KohkdWPyd1DWECcqEGpwOO1IZo2wjihD4MvZI5nHISxK8I0wQVq7eNOBh0GMKm9/TVeXHscdcSBtE8Mb/MCqhxB8mLaAuuS9l+zAjyorgAuzzEZ/1sVsfTTZEi/fMLYHcgVN5onVJ+iHAIr0g328Dbcrg7qlyz+pkhOO1hlzMYEunOvlqFwlX4ggKbQw/OrDnk4YLsy+jzA4MiQANuODMrf+OHao48XehKzf4wZqJVbs2LBe9fOo7RF3S+vy4rPkt0FUG3g5X3Qqj9uiNsQUhJzmyjQFoHHpphqkY32OAzxkMcpTpLptOPODINQ6qHzj5chFXe4mqIy9eIIMg4ORgCnNKYyh+jPXcTi6zmOo3oTmwejg9uC750rIGCwyEDuhi7eObx92MNvCCL059XPcK1MVrcVYkwKvpKokQMn+Ou80Ae+WtWQ9HAJ13LdUyddKc22W4K8MU0+XsKUhH4fuuPjKRE7+e0LNsXY97s5hYcQ/DPnqmpDDC/OVumt6uv/c2rEF6NPdIzftsTiGhZY77zH/EM6j5jLd545s72WR4KRkoaHdwMRlC1swoOFF+Wc/JYcmd5fgVi/rvaWl8SZVtnSMfCpL6I5pPg5U52/LJoyam2xcVeP1Ge1L/rN9Q4sisCDkvPb/tww1dqpva8Uz+RdOSy0EBkkiTLG2IJGGBxMzfxSJP9pvzbA24u1N6f5WHMbTFuBPHcwQ/diPfk6Y6BFCjes1iB0+d7uP9ymNp5bnfB/Jo9rdz9f77T8jipEespLc18D+Z8qejyyT7d7OVYEy/UbZwKE9nD3L7LGxLHGe0aG7cvvQgIyl21e4xi4YWMSV4qBx+GAYqunGGfFnIZLDPxKdriedTw/vqXwI6F5Ydlp67ou+5U/TjBUCrwbPqfOQVtELh8ucp/yHDdP1pXmviWvhqIGfvfprikhp+jEPD/n/L6OQTZbhI0qxsawWBEGZ9CQ+1/wwRN3jbxodE6PiNWgnC5f4ULdvDyW6aDUVz4bCA9y0yGGex8LK4MuA7JBv6kmfmnzLU1yYafgxY4/uH4zQ7chqYGruU5WE3tNqKV0sb4DJyC5MZGHUmUcGIrYWDuJ5QofSi+qgE1NU/iO/zOLL5WHTWcwMnlkY+6QVdlKuamXbnw7RfDOE8We6rdpRvoDcA8WuERAYDQzGSu51Zmmm7FSNWq6QlTXwHOSo6LYYuI8l/O6jrSf50VkRDBZH+brEXEmFcosP9+WtuK7VgltjKRu1zZQxfoCiUj3fb5TFdkI1gu3an+XfHXt5hwRODsVHncQL3mtRDYNm4HAniB/KnJXpm1p2gGquNPvGjDup4ZxEtJ4RtufuYfXPHm83PgU8Oxud1m/JJWele7jSTi8GKNNQ5xbvlM1r8IjkuEQAZHmzS5bbdDGNRq/iD5HlYjX7brh5oQaqhwHxSxYa+zF9CM+JDaPPvEuQgum1tqe6q4v1zvqjEXDhQOLzodKZTF2ipy5hkt1/bk4/dZZ1wmIK+ighVTyfDtKMuxoo7r00IxYTl3socHsJkytkptLQkwsmVS+XWBhUS/N8oCiaFBm7+UlTTEvUU1o+SgCQuBw3+VnW2oGvfJuWAAAAAFp/iEf+94W8fglkhpat00Knm5gMH9SpxV7sCYL5qrPP6a6OIgCqpLuuTWVgLejTLmVH/3bE/3zq1QUSCH4d35rPHJ83JPPeO3NUvi/v47n04ebm5DXTCe9hzMwdjlOVZWcqCLiM/K9HaURJ1DsIgULqA1wJ/v4ZRjBkjCNfq3ZyRMd2nSSro+u/hIZ2YiGDl/Mfi2XuMljaw+MbTBCXRIrp7HtnXlohuD/04exX3WBTYiA+Vb8t5OfBzotJqmgY7p4yAR8b6c8TehxABzr2r4+aJ78qI/Ls1zf9CJTvuVqBQq4uRceIZvvOiErczgy9d6cN02Tg4SbKjq/ylHEzC1It++8CyQrTNdt7EiP4vLIUVA8+B34yadSANUs8OODhDTN1FKKjuvOOl9opCHVY5MvM/igVPMRbpGJLqgYINIawQtRxvYqPEsMceCugURlMfyRjMIL9VXahJmzTPSMYY0k97IDaZ1nu8MtkPTSfoysooCottl3IYxuawP3kAz4AFam1/sWTG57lRwdSvuk6uFur8INJV+G8flcxUTuY62TsL7rcS3D34aq35+VoOJYzPNnwCcFmWqCOvZrQwrFFCEYlJhTZVJ/zgQU1NCLn3q2YTaVGKZ9f5i/cjFFSC6LGFUrjI2e+QzKF0gO7vTm3kc0GBnaWvvAhI1As7VbZ/zpCQmZGEKBEYUZBxz9RTVaNLxEZ7zvHzfuc3v9ZlWf/gfwkVNMo93fB46vUJv3hpYA0B8mvqWxghIwx7iAIuYYdIYUJoJ8kjgbpZvQ8sQE5AYXsMi/tZi871fEa+DZ2mIdd0h383/llq0zHgxegBepZtI5exE0panUOXPs0wJdmpI7KuXrDStVYERkAvtjfHRrjwSGB17rx2i1csWYqEsOHUDDuNtCCQlWJrKWXYR6hKWrZ+oD1Wf6C5At+jyjHYMzobsrv1NvyD3i3ANWwQyd2BxYtLYqW0mZHJK+w4tQQ4pgrVqoAbjW01TsCwAnhxOvB4XDgJwQVOFUyT7CFfXbMtcA2/tqI6tHw2AhxqmjSwMndTceOQbCGcBu6ctJqQVgt9CYbwma73wRUAQ9GPzAmc4QnL+HsAixp2GErj1NahklesKHzs1vQYks4227YUlgHkudek3t0ml3bTP/zmWJVv1O/OGqa+iZYAxCZvxsdSJ1j6LW44tTVEcmaHMC4BJaQn6rsGkzQ70E316z1Jnk0A9Naccpv0pE0o2zcJTuvoaX73fwbxP4W4VniQQVFhVqaR+9B1o73ej45aGd66H6gEk0HqhIJ3VdvZqk+95I8koGu01v2912vbtZCfwaq+Bx8wAG3fMvoS27CLh5kdc0XBZ8PXpR07LUIBaMZNu8v6vAPXMncqutoPyT6QXRCHm2lXHCMwVMP0rd/cOtEQu7Ttq1zpDbTDILKjPm+bHlIDo/PZ+8HSJrhxpzquMqUhqtVQ2kHBORbYaHdjHN5+V4pWE+VnoH6D2+tR2lEBktxTM1hOhYI02mBfhpWHWCaup+ECFyNURGKux0i1g3816zKQYtFiRrS6F+Ty6GRCA2L6RMR383aFP6XVl1LgfNktvY/QPmItct1cVP502EFBHE1Yw/UbgxHNxvfS+/nlgXSxeb0bmz0y/gQW2k1K+hU54f2pv4zGLlJ76murEqN4Q2NnVK8WlDVauJCv32CFSVy0EdGqn5DKevXsCU4xSUtVapE3dB3HpvDoa4zkTcATWAcDfWiFrFmxWwhdZJ2AvhWYs7T718Cu+YFudmtFi6iarZ61SQ6k3edH3vuPRSZOxUXg+AfkbxFqAqSkXnZp1dqfXU1GYglcwqOLBM9L3McbV4n2Lk68TVa1m/DB+6Q6J8iT34dNlAgJpHrTe3s85SZ45xmk/2FSo7kaCqhOaVqF6T0e6trSuFli8Qb+DOEH5s4WSptZVeE3OALmUpYobzdBFbB7Wev9IdLPTVByms2B5UOzHh/j5tTEMhfCgE1mim58tGXTuEmPO6pY/DruPLYJA7X1mFbjTL0goRQ/rIHXfk5QLCVAdhVjBa08CNUS4MadzBZVv0mwC8a8B6vubYq8EaVfwJ8+suLRDE4R6v9Nw54Ke2Zmx27FJbIWjBRLsCzamlWn5orG66OCZxzPXy/inMC67wzTaC3JgWhshwEWM/J0SBP6cekuKqb3c23f6SCg0bOVKR2ExLXanqh//Pe2sFVhfxbK5K2e5/d0Fk0ijP39pxHGf5dLPcV9ysMyYnSu6j10vz3U33tIk7QgYOJUY9Rl6XRAoZQloC22V4onqF4G9//gZpIGcIngixpvtzftBVO+pe/r1A6GZkbUreG+l2AWAwWLICguwCVGh5yl8/uJDDoTESY3KsLaI2i3V6YBEb8LbqG9ChAFL73NN3RHNgItRMC7lFZCOrqZRy9GSXluo2/QvhiqICjasc3WRLbGg3AjMQ+EJssWSj96HzFYWyBx/DAO3PfgWjFbD3J0NlHYKrGiHU0T6Ke5SC9fAAn/jELwmfGMzvuaTF68IJm3ypwWdy1aJd7Irz8VHsA3UUrDyyihBfYz4x9K3jOkhrjNTwv3LNSv8wcCitnf1IOBlXCQ6YHcRLk1LQ5FdztXwunbWdRwuH+jSdk0l3Jg6ubSF04+yZ6uyy9mmoWkUF3HLmDtzfMIRiEii4ktfBBoYgv3kbo2rt+WPUVf/qHhJeaZYfX0Ryi7c1dyQEKtcCWmvrTedlJ3WZGRzHnl11bgpkxq7Fy1+dW0o9CUWOrO6GPu5unAq9R9I7GKmSv8cDPGsX/vwSm2K57XE5q7TcGY5XJnBEsikByahT0/xXFQC0Dnyhs7b2tE6pWatpARCb32Ity7AudMCozzmiliTl2PYWY72xL1Ad17C8IMhBm+smMx5HGZ4+xZqCRHHyjYarPKvYFCwMOxBATSqIGd6ThACJEw5hUeAfqJAXBMQuJgUB5UpSNTIZijEHMtRV1FeDGOBcbyhVWjtUclMwsyxo6U1TarOSO+WOVR4d612p4VKTJUtt1lMCYK4tyoQ/V6FDvP7K0f0qa1QvGz8VJohsDsFPMS9tcS26RiA6XjfPc04vuw+JnyiwoosinfeVVwZv9VJ5pdSvl0zX0x1Vp+1rdy+v0ZTeajJpLWReRNGhC2oKhs8rpgAa/ECuEJtvGujJqMyvcoQB+N+wI9Ea4gYFFpfjRDedZVuf32MDYiS/CUVFYQTLKmwq2g2k4zX5sTRGNUFg2l7Xrw0gNuA9uOfSwOHnzvKJ3sL5qji+lZfIoue+vM0x9pfpS/0NV91qDFNZuxn1MPR8GBClYJtFRtLDPwGHytgRCQu3GidrceTB7Y5Nl8bILfG/gbm4rqmG9uVLzPzp7R79oU7aOz2qRj6Fo0T3zDK9/E/NBTr9Vdiuf4OiQBXxvGLLQtw5o5CCy5abRW4iNl6KIOLQtj/BdyyH9kli4lDPUSJpfvuoDIQqjH5ifd/TPcfkiIA+792qy7mkMAAO5e+6G5e8c0lEDol6PksJKp6USKAeFJIHwWQEITR00bbC3HBoUc2MVEwQZnba/sgMiu0zFiPXhjhP/hVLUQa+V0LLBKLiFt1H0hxezgs1gbIOSo+xFpDWoGE+8bK8bJvk9FmxwqkN8euy7jVD+/nVbocro1bThTVIQcAyJNuKCMaWACS960jJskfEsu6fb8xb0sTJ7d6CbMSByQxLJfGkcu1vwmEVOK+eIzm5TrCdH0DvOFtinFRw0P7ENJkHspRMitkKX2pqnUl7XDH7cppCZlAQPzDGFJmkd8hmi9w1TUNpVGR0k26M++Vnd+10lr7GdRt6IS6el0NBFhF/CB8J+sDIsKkRD97fK1scSx5a2ysk/nV0X2rwNzd+l9c6GLnyGPPL7f5I0H7sLPkxc0RXk9XrJT7NbkTlP7lXewh3IAmihNVKSXj2YqJaCeH+ZHwPZNHREy/LL7t3Po9Jy8RIE5aTu6qBApWn1fQJawVrnpaUmG7L2oeCUwmfn08XIWp3FtuoMn1AHoEitIaAw5eR+iCHZGA9aZuVxY7iXiabo1pxlIkIBePUAQE+p6EAbkHkZhoJ/zi+2j14kT0wjH9nHr0oQT3k0qJHEi4uT79YRbBQVGngPXEi/Wzbd1KNMSi/zwbPffP6sIQWrmgtI0mIkxXYwpxQZqrfvgvD8+zYG3s1JH3q+FHsf/4tviWx1zjpdqD1ocY3JEI8XI1UWGfVPmlU0I0tghq+woOkDq+EMamb07rcVVdRX8JQidHh8rhkSRlg7EslMGJJoFKPN5H9HdfJdDE9D5d8Vq1qwzu9jFKa0+/Xo8Orotj30c1wMjr9wv00JGjgJ9NoUhiP7ICLuOSCTnDS8FV+4pUyZlNrnIfbK1GsG7LRcyRekMWPfsNvLQSscgEGC4nWw1CUiaLhBxqJsehxbchJOQvK2/DzoJBZQja6TdZrAUqa8fWc2d3SHZ3yyGcy4ypuZhHEG5LZZ1J1u2N6CPu7UTs/3/KPv6CDORarR+bMg8ns/4i6GuuXEus3HlCtT3IaxUybFmfvfklXiEKaa3WVHugEmWbuO2gRcS8jywPevN+aTakIt9X2bUETC/hHqrY32Z/SKGiBM1Z9KUt4UONjqhES5CIlvvFoFWyrX59OAbIcSy9i8qKM1NIig8xm41pGnKhRZtZjBvFeU44fiJcne9lAHeJP8h3oARuwu/yU8lEwg1isGL6TDrhL1892+CeU+QT2qv9Yq4/RHUcDVcnrOoThSLGl9I0PZ1Wc+0+nJTDBaYuHgFFwWMboKDzEAXYkUv9ftoccXU0Pb3ZP4yIRlmkOgtoq3lAyFDWI5tMmLfWUYrtKSUMK9VrsUuu7LS7KxHpfu7Fa3iWv1in8h3gf9HYEJ1q+P/0kpnljuVzdb7JBbti5+x+wd7LYTuLBBap8cvctQOFjNBUiGrfUPIE1dLV02DF7VaMzmg/lXEr57GcPCqBmW9X5GBjHYnGvt0Y9WogbKZjwPOnGVHy2DNKCjj3O+DGkLl33xkZxaJYQyzS3SQKZgQVQNon//mA1cu1VWRmydBt0sI5BqLjDgNLH+Dyb9Pbk4M6GrkpyU/blDs9ymXNZjhPdfq8VJh5H3IKNKjUQ+6CcgR6hl0O7pBIWST+ndwCZvGeoTiH262odH9dE5NBWKW/SQOLerhRdX/pWrxpXwgPHTiYMIUQrwC4Yv9Kw+0xCbchxikIb1iqrZEhKMkWrSMUg9Z8qhiP9nuqEXP/zuN8c18VfVgyQB8p1X+qGH+sTDrHxfRQ0OgCmLUGvRSRh0Kob/QtyaYrUbNG7kqdUBK5UuR8g+20Qkzi+MVTnJpz3+doKGgyVd8nd18ptLbRcB+Mc8vxvelARMspFAs1hn+PC4NE044nVdSTQLtOmh5MJRz5jwlgxenBZSxQ3dtwEFOjxGPWefSzHVqLW68HqxVuvKac7+mpfVlp/85DzVCoc+/TddGoq8JVXhyZLkYqWE6Fukj+s9KlFalzg/BnILpARMcaQNU4Bwo2NWHkJyBJbNNwqsc0zP2TYmxfyGF5XKe+3w8kWUoPiDbcjQyjjIq9IrLW2tzt2jvIAAAAAWWeXV+s0Y4LxUw7W6qF8u8vFkBSoZaITmUlOTaNjkzsoqOl/gvDL3vpKPovRlJoNbrSdlwtnYKK3wv8d1RvIT8iARcmeylZGNDhsknNASeJqRRc0iz1HMisAqCXRY/YtB8nAvs6+b17JxwUQ1d/DS8RlzXvKGGfR5nkZ6tJTUUnctiivwLeK4CGrctWS6kjDIgxTFadbAVdTx4PTZX3wmOThNbHKIANTyf1O6RbNAbf4UKuRy83erGuJTHlugSTKDd+JIkfDKRqYGGuS0/vZ85nntTldyNzB+h5hClk8ewdXbM+XTdVMdrfVQUFoJ9FFbSsMNsz7IMcFuPu8crfJ4RQhvrX1KjKIlv9ybcEo61U03NRVCpEzDsB/aMoSl0GmanwFUnJVmchALFLGA41njvP4iG5yNd6a5ytLBI3JI6bBk2jtS8Zli/2IMdNarqNmKgPJVw+YHNo87Zsvn2qnf488QhCdt2E7XORl8qGJFf3LDWlVWSqAPWPWaHZJRKECDxlkSFg3C8bmWMLHD0A4V6pnWW5jcF1cJXvZc9HHWePHydeea/uoyI66oLoK8ap87ifS+UjqcZZyrHIubYZhn3mqIeK0mIXaxIlfc69K8ZnH70E82GrTBjM6x81dxQHk2Ym/pfuUHgroqEIxLh40u4f3n3ibHFNAgra8ZSaTjLed9+BFIeQHW1G9MSLfkbRnv5mmvj8FUB+ofLRb9H6An8wASH+qLbT55AD8ZVnXUhAEBVZOyf4NcbIq5kQzJS9eDqQLuG2A2gRGpmYaofSNO1Q8qwq1a6gQHOxTh6G3zBJnYNXUT9yGvXLG9mtOn3EzKkJ8u4DNf4JuVm2VDVm8GPKj4rIx+g5Jfihrmx53QyWq6t+3zUCwllzfrHTY0iR2OLdTiNlY+KSGajZBASehcEmWY6pU6BO5YhRb8lhe2FD90599OAiF0iXrC7nQGrZ3DG9lZkeJUsiKJcsvy1x1M9OMIrL3/5NNh4zP4VQg2HJWUC9llUm0pGilnCYnlzuyt0sCP1PCAePqwmRsB4oQcWq5JDuV8rBUR0LUqlAC3z+vUEnjR8FFE6/e3F16F5m+rk1Hp3pzI7w2mPPhC0kdbcvdhDsdQYx2vERBEde+4/gZz/ptLcJ6wxxAdvgM3iXSPmAF2b06GOXOukJaI2McQsfEFq9Cf1wWcgLEX/XdSafmd8/oAGx1IrxT8eo6Ur+ujHSGvtGAHTcpXkLnnQ3UCQ6irvUnqKCjWUqybdylCKZoKPqhli0ElIqf+M3okNjjQo4xjV4H2qzAOzGCwgqCwogohvQ4gU+MQAukvBCK0tQF4BhIQ2ABqkIKhvn4Z6zSGHLfoPAFnv6+KuZPu3hQ7rhIsCPF1KKIymvsOBBh9uLPH5HXN62geQTnKZwSDoHGbtjROEGK3nFSDrRcimcrj6DNJTxzCr0ibMwv0agAszfGbegSFZN1c7e/gVPz3465JxN0cxhXB1RpxrmcY98J46bD1NxXN9gdnjp0gkO9aTdMfM9BOv1h38BnEKBToyVE2eo5TG8ymFdk3d7kXkyFZ8tcOP88hsKRrTM/5YfQjNe48Y1fFZswihym2Yd4257z88y6r0WnThD0iG90xJP8g9XhReiQ8zj5jfxr8Bel1NS3XqwFcTc1l48+90KNq42vmkFI+ujfhEwU7e0VLjxPa3uRq8nh0KCDrVlH6tvOAm56DfwRSAP43Llg/43qUy8LW9fsuHbQOgjVn+G4pGvSxK/JZfTKs0pk76hFf6+sdo/5yrXEUWiDx6ec1VvwxmaiIEB6HKL8AYhYh5ScUfR+FgNZ3CZhBC/xPxpEs8xajtCYeiNDwfJ97cmM+7W0UskfDM/hPH2kW9bX+7c3/Nn7kQtLPkELF9ydp58uHu/97T3YlUTkj/WYqZPk0K4zGoqTuRWbwgr3ik6nb9m/FR8ocFgb2u7zYZcy0Z135u7N7vGhgr6gxmNuJpHS4eze5ak4j0CsjSRp56fkquxTeByLTLq6bah7fbxzsx7r46PQ81kq27xVHqxXza1Hmjo64ddtNagG1XWvoJXD+2Xa2C1pADuUXUiTOZ6lzxlpVoUJPPY7lnlKKH4fjHYYiXi+gmempxFNQ6yO+/V5PhLg7TYnLbzWj7qvaXQQt9erDq2j1WypJhSEnAPMCQvkm7/njKqqoImcxtx57dkTM+EHr9H6d7rEGiwPXjxZce6Ib3qOY4kUGF+3ywexGZssD2UCXMmSNDSo7aJf7ok6hQRz1dsm2QT9tN7ASlChm2fvMEMhIhF1Udk5I+OiFftjK6rivlYyE9T4xtY0G3hRJ/kQ4a+uR3ujX9PpkMy4kdTyEUpCEJXm2eIdQx70qsL0pFoJxkd/cHO5B3wZy3gTXzu0KnMnWfdF5NdUZgMkX0ROlN6uhM1XhvhQrY1q7ghEPYOSHWygXCt1+b90OaAXOhi2kOOg/AGS8UBhheI+5zKbaMwQXemsjygoccg6FjqTEk6OcuFCtZkZ7JzuyJfcc7PnsbIc/dML9MoiTe8OC0uaE9uVj4lN3QKz0sd2ig3xii5Fd9SmL/zTWyBzBHbRDMgQ2qWcMxrqXcccxZ1+HOLEITQsltrx2a0kXqjwfnJNKL8fDp+5h4NZObzioRWLL6F/hSv7ZqMNePxIvAtueLTLtMR3iFKZfApgp0QGhydNSvYPaxDlvVJmTvShurC0yaDzkoF+X4aHNCpmJDXSD6NoL4U8f5/ChZbsMOsg8nWLYF+XMS71BIT9eoLcg73rZaozzMwIzi5BrpCzHL86WxHKq/noHr5AkweMwiRSqoyKTr1xeetdM5rIZ6F6FmTCuPwHu+UzpBDjD31b9NVCwr0PEnI0WU4T09K9Gznz6tutH123VFdW/9EbY8TDnmhyCVtyuwMO6b0v5RK09ltVOru5Iaq+i8C/taJuz4ttIL8vk0rM8uwxXmF695DvH7eDD0/K8lAQQnJpc6dc93kWmNAvP2nnUpnKZPIDWxaPEk5lxXyg6lYaIWapslHFRsAIpXEyUJ2cFTNS1Pcr9BeXa811bj0MpHTucTYH4NQugAl6LuykuMMfh6dt4+WLuf7NRp9xvcqROcwGqfnx+vf1Na1DTvIXbHCgoaFYE1qqzTxtiiChNUCtlhe997gC86jKIIY4XSI831mrklFjY/93LWbIFZ6Mq8pI4eGehVr48gOQ3yFHoVH5qu2UNtB2nVkjYQwV630p1LWDv9aQbHQKdVLLzJFcEQUPRShRfxkFHKtmul6G0CheOkMi2nvTFRZP1RlXcf/3wf4jiEJuldwA9VaYw9pFNspa4CDfEi3eugTKC9aC+9+j+RSEPhi48lwZv7P1oz2LCYVTBeSwR97jMN/dapYjOl8c7Z/LquT60RhDw+ivVLUHcF9ezPXmnNaNmHgrhvx8WzP7zmirH2K+bq3LC24l0qi9c/w91tevq2WwUWhRRYObpo/n3cDQ1WNLSL78i/HrrfOZs0PDbJwUcP3drOahAb/mLmmTNORbb1pY3g50pMQ7GAr7CakKdZDxm/ANUvOC0aIq24MVEoBZ8YI938OAXT6v20FLQQ2r2N7//05Wt/4GjW19HxkNAd/4CUfJqtTyfy8z7cm/ZhHVXfg0BMx7cB6L1B6Ui60nxImNLLmDjlTPt4xggfKyxgw7Gnjg0OzMz5a+L3JT391TfzOqce9QbRWWHlP9/3gJ4SKimRX2FD3qPAmgFyTE0vREwni9rvP44Jd4eJlr+qCDhOOyIdJWdDzWaRYhpgUaJJeCP2eHd6VsvZeZUsK7gZuWwmyf5+i0diHLJiNS01Tbyg9IkvaBuG+dq+7purqiM3TVqr4XNsWryJoy2wc7maHATpxzSRiLwLSyn2f2z6m8cHLfVynNEkLN0mNkPmgYi4MNa6cnoIHe+kWno+tB/kM5Y9kcDz7KFJKtKekzLt1oZmrsEZmN5vTZGaOA7IKq1S7Rabuot/ASAV1/M7UcSZGiOC+iLvkqsiy6M3oFr121j+sm3J9Yn58hoOZ+NgrrkBsuOI7hFu8Ty8oexp6aGCKK7/x7LR7r4By/lvU/e4W3ej76YCoW/rUuPSf6yGv+O+qqMso8VMkEeo6eKt4LrG74d5qU6YtNpijtK6S86pY3+aUnxMw0PWWm2MCMrcyD39q03Zof8Az9MSntocGsq4fJX0KPmix+MbPicPuNncwBCyMdNd51bhop6JN6/qybOonUG3E+Jk3o3Mngmo/J07FtHyUZx0RBU3ENyyq+WkF8ia1ijdL0ByKSvW6ZiR8PQJE3WBcLmDX6BgHqLgLpChr2vWRCIxNbxwX86kQzLJ9HOLBW4118i48rn02gVQKPSd6CGXOchOBYiKST9qw+DqYu6wlatgPn1jI0s6ISo6qYANGUeEGXbu8RlY0vXvptyHjt3rtnT1Rc1RJWScSVJ9ersBRrJ6hqGPC+DsdLY1xno78I9S8+O1vRvsTJxzb6YKh2053el4Y9X4Gpou3P0zfutmdVGpfEODvJwDFFUCbLRfI+guhgBMxFL/IxGeuEbs1ew0H66cWoTULBVSkDsWapKXvkauChCFkB3a79+vfDtuGnm3tkAbqdNihSv8YrLxJWmBmQ77h33PDOATD4pED4eutnn3vCOrc8fELS1eNn7oHsBEYapEE3h7E3IpEPgMoTbEeuvEGjVjbkpyTOdnxCUrF78upzHqIzVy2iqWtyvoTf05WJ8F9ojJApTThGFBs5GdgxFBBnCtP3TCeKr4vrePZnsD3TjHc/TPqzVhNltdVId3hYL0W5Ivn7UTJQYiAMAUL9SwY+vvx4FAaFw5TqPNTUPkOC3ay37KQn6DYkMalEn2aat0JfJbbVJ72PEFTv0PFuWLDU6A9eCZztKYSVCr/Bkd0tPwRBpec5HwCobtRZ6lD/+QZSt2Po1XwPZ1uJRb4ltFgH52RQSkMPaIOTWzS5jCgLaK0+OcL1m1yAFoLELqBQF5skBHwNHRHGcqAMS8QG5f5JWWum/YOO0e3cdfi0FFgI2/MMS2e7RFZRZqs9taGRAAAAAFwxLdGXJg5HNY/5ZIeK3hNvUhOvujmw8P846OSxXmh7nbNp6NEfScjNqvkF/CjYbENj+xgya1OUPIHF4RinOJPdNvw4cCr+7/x66Nv0EW7hKQMPYULkXCLdU5toxH3m80WWnKrdFMdoFxwyB98Ek1fGSTmKiJ5ibERacdRjvi3vmlZ9fUHWLMoBIZ1PVV4rrwHSGpeWingt/SpKId4pmmb2zkTagpAj79FPcJr4O5kkMRThyFtz4AYo3AFzOPXCPDQmvZq8S3ez9LP/3goXPIOGrpTF4IPo3fNZc3GjFNt2P/CgrLrlsOQy22x5CqfNZpGcfwuUAKIX0Alv4GvTqAy1CNYehtJVL7UREyZNEOWnJ544yHDSfy7Ug57Cm9GsypC6Ib6bg7iHsvVr/QZ98SG0uLdS0ifb4+VAEz2dpSLoqRDTHbVPKOw9qGIQXWua489e/qm0n0qRDK4hG4CKxw7+ef+VcRHXp2tEsb00Y2DCipFd6jkvDfuE0cukm1qxIo1re5SwX5bUo0NtBn+3KNLgoqPnxqu0l3YkJpDnenl4EiroQixYwPHAezBXy2+avIPaef6vonzyfeAEgEHucPkXpgUjwYxBsKLqhBG2PCRs8zy4AxGbOQrJsBRzdxusLz/bPEHmIruj2y/v02sr4s7e3vmEkOzQT8qbo3imbi1ouNhOCidy4ruQ37jc5wigkaWblzyfOhXXECB8YXn6hhWxBRuD89re8qozR0KskhIpyHP3JYTtqYLt79lye8/iT+uCMiPBEtnm564vv/gnR9/t1b8sDGZ5bR7u69NQhnCdllUvdgKQPgF9l/Ywp5zeFF4vHwYtdVCaH+QcC99tADe3ZcQEUaN0nTsC/2W0DXI7xz6E1/VCco3EhJNMu/YZ+4sQc3jB6pL34XTOf2DN2zy/v8TkjlseKvDV0kxWMUI68MWhfhXvgQAMKuQZ9vL/6OfkVvSQGLlFeutoNlJ7a8qA6OmADpFibWfJce8le6ZhOJOKlvcbHGooYdZ30GdIL0cMTyZgnrYzhLwoJevQAomjXhD/0cHFQ69Vc2p4qDe0Ghk7oV0vwMV4UHLnmjN3PCNvGOd/4FSAbgBQAT4gWvg2KVoPV790rbauJnlzP7/cRw2enXVtA58jqw5EXtO3P7slWv8yVkpNEEhvLDCczjPXvGD3y2SjdH9wbk3nyVNNvZ9Mes8Lh6UIl4CAJrG4eUupsIleE+JtLuFwi9mjwDoT1RyrAqhiwwoB6tH+eVVDvMy0vtbKr7vReznWaFWIXrARXgW1k1EwqWSpFrIgNr3lM/D/btuEVltzkQrgHJ1oyygSy0USgeJ65EncWxYqb7M/SWY4I4Jj9HScdoT7eRj3u8YMEMH3g1u/e1wZTHs4ZNDQKkA7ZzmMzErkLQu660pwvgk+0N8Oa8sWfMVhpMbsnOSPj8O51DtxOoR0vp1F+OC8S+t3BFvMXrm8ZMaDipdUuUiZ0KHodwM/eD0atOrJTmZuEpI2OTBY+v/oVLEvCFwUlDt9urTtMkf1NUp6m7sv7jPnVMkc/xgHbzactFNUF8Xa1qRK5cMm32RxeQvwg1QNNVVN3veO2PtGw/eSkDm3xWtp6AOk9FCJBWfmUNz0+oTGVfb6wY9BzY9qph5gOpAq+8l0/EDXTonB7DSqZUfGFcE6tZCQ4sVi8PlxctVl2Ig927bdAbL7R7KTq0XKgQeuh4q/JtiMq4NWm20hDgJsFbz9kuWEr3wiHZfXJPhcI8T6R7Me5LXgleb0y0IaXLmewv4fk2/GK4q6OuSdP6fuOcChPKrIEUorRjGpwUMPgAaiRrBtTsHzn3KcYJj3pREKCRDoe8U9xznUuTbL7cDSPO3jFvSY9OSgir4EbKKbAmqk5b+J7XWyj+iotXCDQd+DulsMwaBQUkkN8B9glgM/oEWl5qFbL3yVf3L4MtMJSQL/TNBEgALf7XclXh8kpI/c7ikmULU3Qx/JroZqON/X9MKOYyETLNBNyeVlAHCaanLNQeceFV3LP+Cias4Hy5xiPQf8eoS2e2sYDwVBtXAP7WdEwUnJAukJTibzJn5CMMCEWxzFH/toZ/NtNwz253MFmAWFaF7pMp9UPxpU4wFKvsRtystdT1BBMswI//Q65XIi3WdiKYkpnpdE6UD/TKP+1/O7Zw0JdgEppqLm3r2Rzt9UVb6hOug63+k5p+IY9ZvXiH/gQskBkZLjVNruq2nwX38RzZ0AAF8WZNITLbIGbuAN6qj6sFx2fwGawzF9WzCX1VyKWMelzxOJgDKkFoGrqecUtdfBwDZCZZJJXnCGa6CHcKAk9zGGKdi4EWIbpKJMMy4x6hUjxqNEgo3l2dmGuiKFri8ZA1wiA97lXUQ+5OkvH1ggWVqWc8TqLKs/f+lViPbu4aLyOSGK5+w04Q7eSp9y6Yu5+aaHvdt46p3d4jE6rpp4QDb3e+EPZ+eX4bJnvO6EJXAYlvmcqGRVWHEL4v7fIRsbmRzQ4RE4KXQ3VskpNOowsj2JD58NlWwG4H0P9YmUZkJM/lkVxGjLxTuqkHwPrGBFZR2CaZ1ujialGWFp1BtUp00BX3haMZumRl1tQBdVU2mXueMZ9k0w5vZoaSdOWAQXWedevEOz9i9lEjcYMuT9uFiTBEojOrYZsQRKxog19yLJZUgwhk/Bf7+G8WbwMherXy84bzBAbDuxvwMjflOVlvChp6VVy0H3C2FA1QUR4cDL7Mf0QKzEegUyM8Wdbe8Rr3q+QTRTAlM4K9iTGbx7wcM6QIQZs7iSBlav8ECg+tSC4HM2eYNCpIRXc11m+mjXzJl8fjDqZNqqIonN/hN0Nz1bfFl96ig13h1h231ewvpWeI0lM2MO8ntaGr2u9sCt94VdRjPla3JobY0Pf2T6wEYDXYWXM1cJL4QQn1jSAemqjGAVz0bIBoJ53Pnr6rhV6+avIrAYgdqJjXf8HnmnwSv84lg53ukGPW0oap19xaT07qkXjaHq3m0ZmFjq0Nv4VbJ6R0H9jpqPcqZ2tY6V7Yu6bomyN3l7TDkwgf7Xlv99jBfoS+Txp8q8C1IFfQwbRND24ebFmvSxK22IkLo9VWadVaAMyAC/9CiNYfNLxvDKuuk6qQwTkwgatHz/aEhqDDm5XfgvMawECBowIgmAwii6WPI1KdrneUWfGyG1w7BuYKL4uj60z+dXHVYzPXcH2hG1afcz7PV5ASZVeGYQZ3IfEzLZHluNdkuw0A/L5pWI//185L49fLn6cnSEgqwlyInJlIMpOpDk+2VPAGLCOWSJMqNT2M8LNTWkKVOqvJI/uB4STy0epKFgPl7Kd/QrAtZvAWilO66QLicU1V+5qh1DWGPAkkutIsW9zGqLmPyRf9uJxEtuEryJqBIys6uvOADXQlVykfpoPRNcC4qvY7CPZV+XAsd+uvHoqO+r0HKOkK7P9rLGfcdEn5hw3e3st8zpTrUfKLsf+8ZJomOUye3URGCwkvufmXhCoKDO3vT5n3HBnIYVTRQ963bljLOnK0BO4YsMjUMYemD8JQ7rpsYUQIqLgTyzfdIrrrzs2rafQ1ODfkVpfltImMzCuF3G2W+dEhfT5jdHDgpKKk5TV3PC/D0hVQXFpjmmxvf2sWyt7C+UJwDe2UVdk752VHQA8mtmvSKtDGfiaMXVmhWZHx/sGBABcaSWzlmBQGcNhzFrl1Hxh58uq25oSdOdlVr3EscaQ7hAJSW37rYrqzkv/Vt2jZrNtPJg6To3cbCxbftKA9Idd6V3CMCvfbsxDbND8JiyOgDxV1SxqDRqM4l7O6MNfVdGKVwThVTBWqv/jycKeXtdwWxe0JKNXRAt1xshmOQM/jm2NOuWq9LXATBAVoBgCUiQQTDPbX5tDg58cCHvgX+Q5PXskQD5DacA2IylLa+0UjnSoVnTBH8DpDloeEOn9kVGXTeMmBm8doF2OxsVbiuBy57O06dL/Hqr6fSzBoQBZVtD04gPMuS/V83U4fxTRd1Jquib3dwfLZweEdYPxXq3LVBZ/iUbs9cwTzfiGphjd7rDHMdO9lfxnBnFzcsiS2plAEwJkmi65CGZzoW5rwCUWYa68AsRVgy0hwN5rbLvYMkSuKio0FtzOMhOJuBfvd7F0AgXxZ0XIhx/GmEq0rPdZ9dWBk7QAygvfzQpf/7x4g09CjqMc3zordzVxApvCXiYX7p74dvijW0+v2d6x/qrA+NNLmu2r1fT8UFTKyfqtEhVoZqPPci8SAwPTsGaXUyrBnWycNrtPdM5E9Qd3Z2T0mwWrB3MCgls9Ouq9V0+udo+Gp0YnYuyYuxrIg8ciCLAMZThQXYWcOxhuq7PkQo5FNtq2vUbu25dhKzh2UQUvXUOnjMyAupz7o/yNhadEiOWHXwOdoV/NyClUSibW2og80VYUrAQA4T6mlA/1JedRje9CjqvP8eH70YVdYiRarckfb5B7SBpg/P44nsTXmlaJfPvDnCBXnhx+BkWGh0AoP9Zj/vcVWKvf49DDTGUSsj939idtqwG05LPCHqB7YQhSSJEqVEWh5vZGaKd4Rr+tBoTZrpAJiC6hhhC9OGJimLAh2DGpJAdjrfvKIl+OLgswKHuWOVJPCmASo5HuS5QkA9JnD5zxoKXk6i7RdzuNUgWITcEWKIYg9JUKooxnYjwXwegCcfKuCP/hrZzIgp6oAFHGzZ4pUWMtSPmcz7PDaI3+DbGeOZW8oyKyPZmQzAS4b1ezYrBAN9xzkvrB0Y5N8YCkJ5ioQguwqqd9sysx1rX3PnFObND1PN8T3o7LVNtTHXZ8Y6GQyJzW7E3uCgDVdG4xrxJo9/n6+3vhBIQiRTa8iSMt8WsPFkDpNKMX7N3u9+3aPcTDR8F+K2vHytS2DZwQIuG/M4Xxq/XjOEnRW+DWbft6oUHvBtWyw+52G5q9tdIGXdIjh7Xv9s/HxMbsL4Ke3ezSEqOXhGAMgLJq+Y88pplYwfWqKWUuMbmSG/LPH+30aEtGat8byYrP6GG53p7zBlHdwdtNlxZFL1clgPXij3k1xTMxqjmz6JW47Ul+tS8E1+ckuAHdmSfTzgXbXaZVFfuIt6UZqgmMejbCnVRQbCaQAAAABapqQyDY5fwxSSk45apWHjitK8uG7khKYu9HjUH+cftnjcu7wYHirs9rA4ccHj+w/kzrxBTAyFSVXZ+dEeBvrj2hPNenQ/nLgJQkiRfvIZCZp5sxTh4mLMq/XaKj1WEGENDbzlNWyIN2pvJ9t4hAEbvG+5X9c5dio7I7Dn3qFmPIfc8BJUmAlD2pzEhVdECovm8B02iBs55fFr4XMJWH9sIMLIqK7s2jhctftb42bKGIbUJfihndPRhYgsFVINGvMNQoxOEi989grI0sANx7pzVj5gDMsIgDXHLhjetRr4iQSmobHF1N5i6QrtepGbGAwhJt272OpAK3R7vvJn3d5c2RrJqZNoXtAaO9aRnZVig7+sZDpsOF+SPFnjSLPfUPskxqKZ0ichRss2ZvGoaY0/7Ul0Rf6z8bHqjIeaqzPE98pCESFMzqg7uNSo7geoz8996x35ZZEDXAjblRlGQJCxD5V7WCz9YxqFMDfTqTPNnfgp1UcByvQKpTX1yf7HTcPfyFpD0reGw8YPdx7h+m+xLyDixriifTEnFEt9Xatu0wbX1GZ6cWiGZ9ulZB3kQoLFD6LkhsY52GuNI1yNKp5pKm1TbI6bhiF3r1QK5nVooxAGiTdrqpevfaQWHAS7EVe6jjoIAiM2H+XRd5SGzar9/1IBNeKBTV7fGNq7M7HAAh2BSQ7o4UtjSOwaJp6HQDPznE1Pgu2Ye9ROztx7ddXGltYZowgYTosRzJkNnLGNiOqNplU0cD2YeRX5wpYljWT+suuGfN0IlNhIVkYytATTT5k5glgqLD19yvEgQu5BV1goizJmlB0dvD95GsyeNGFiX4kiYcBCwpvitl+BO2KPPLjORPoLQ+IOXvnGeFq8WhMqMcAcSUDJ52i1puN78gLM4QL4p+ARX0fRulG1TnLazi31WMVi7lzxDhcyzzSrqxMJ6CitpNEdVceja7sahsYji1kU96YbDQOe8gDkvuHDy115NHMV292WKwvME43bK4th6sD83FJZq/eh32KGECg6APO7YpXynHOjT0oUXJi2VNe0UQRaQ1v0TxI92MKpC5Mm/ybMK4EFfME1NuR/DjKXMk0GzYj6DolPBBg8lYdiEIK/qi/oSChjMXy6NhLwhqZXG/5dktoh5KI3zCtmlqks4xczL7KguWRYb0M/APYz7Lexkh+bJV5SLZ7g3fqXwhhVamCrhy+u2sLsDK36zkzi73mn9BWQOmkRsOGv49UEspORK702wZPLOlA89kM5GqsTdFARPvwle8g4EsBwhI1i7FQsdQkPx+zVH5FJ5WllapHMKRMYjBtaHFBcImXogze3J9ko/8euU8ZUlUAqqF7QN82DKMBkgHX+YS4SHEGbxC6gZRVoeQ7FDiqwuCfEGrH2CQNi1BWQawuaDp1nXqMO0Zc7WuH0kCLnsoZ8ndYh9Uma98V68RlIsuR7T5Hv6c8uP/3qwudS55n9DIm41iYuvfD03Lc96mTxyeONBQY3dC4BIInhockwovOPlSEKpuLodvXg8mT0SkNlu/+pDUsAtatZkPszbOGkSBuxRyT9bX1Z9ZkG+9IdXuIjtHrnr6Dja5hlv1hteF3g9bc8lnYLUOWeSnJdem2/OmKp1ZTtQT9suD53Od3dqEJ1kImVqj2o4EF3144dkwvV2ZGR5mcO2DBdoDEDjaSnsvvdhbwMEuZZXPRc5zr0s0OGRtnXEmWpSMmYmnzHa65yBwMZyXLS/wbkJ6WJGSjDU7arfdP5PC+BRMib1rg3jRClHlrJ4wOnxqEHli2W13pJc3q9wi8W2bZB7XwF5LiwhGuGPJeu4j5oeZe4UbsMHDeyQa5+Bk2ec4Df99sUkh+2CywGv7XOVenpy8yTOo6NuQOFPU1PcQ+auiIpKVOTZAnMkGE/Z16rAP/gAPThZaXoZcb1kQ8FV1G8H65svoqZEVuN7Kpc3w/xqBNimP08DuRXc9fBI+TZ9zoIFZhP9Ae+uCvUgA3xijrbYbvXzOWpwERw42PjPfjdNVPqMq25p1Ft6Q0U0BlCthySw5Lq0Af215hSPF9G+2V+uektjVSOscqKB8BhIqLnPTtSiJedfc74FIigh5HRcs9NcXvK7NgM/q9E96Fwc6/GOZ+Zi2XAWuILEYF4qPXx6Qc2l+W/AtBBoIumByyT5awidblydIXqvTHghgAXqGTxQ7faaEclcCtLosuVyGZWoPtXeXdulsYzsW/mWsZzGdjhMaoDVDZLsXE60vq2a+vFt3gn0M4wfJ2d53QvGMcmiYBEVx4M9v7QN/9mATkGms5rLdx5IQZ++AKJnqX8EhN1R68cBHX5PCXGayqdPgWdBSIM1CDj/dpuMa/ldzTstA/wHJ7aODIr1w5lOV6Tvh1OywIeqa9rgtLj7bUo2B0kBEsQxLbpTVb7EaSPkuH3p6EIGGDVIGh9QrU+eIqD3eheZ0MNKDasq70Nvyc+4ybJrPEvNVkwhWPkX9zbxcnSFZnJdyQeans09UFfNAVG6YKVbMHWOwAuwHkZ+MiGvmtqYNcOz2rAfwBO//sBLG0fJqKZ3OWY4cp8MDCCYc1HuXYRvrmblvF49wzMW8vWnFy7HoA98OEJiupx4x8vnjAoB/FALsFgRngx+ymHjJrOMfhCrdB4cL1ZgZulTGZkTZPG8vqOtOC56/il4++H8rdSLfnjUjXGRcKFdv2XA7UZtG5IfpIvf92+YBrIwNtJfVb/VMOPZHBxGFdZ4cKfsCZt6Diiiyz7Fbi6+kQHSWv+dAwjTeN4YkkBYRcR/TOmHz5pG1n2JUooKswWxBsaEWW8dS84Rd8RQPzg0gVvwt7ii1vV1sa7bGWWrpGruzPAWepFLy29sp1i+xeMwxRuRGYgdrPPbHfi10b0MFjEcQWuqf84vLQs1ZC+J8/dcGYAqRlQb2ZnVa/DH8H/9I1vQqaFEe6KMRel5uHIzlzH32NV2gBlr/CrM2XUnkV6NpxC32jGfbMQzLLYX1L0WhqGhfD+Tv4Ow3JFrUh9lcezIkZ0wvMrtTJXkHbatIRv4i0dE+g86diUV9hRlyIz35zwU/YaEpp1xR350EKk4cxEhNXw6l9D0Ov2JF2oyMIHGykHpmCr+ApufLMxePOtswGISGzyCpF9uzNgmdIvcEX6ghpHoaO2bsDLU4zPEm9oNePGuvYsSL5pTW8Nz+CufLDuFJrLc2v/y1YDiKo5zVkedyeBHy0gQxsssGlJAK9bSwUpxxy7d5mZnCcloX9346DTXRBK73GvTqpjNPz3NVYeOPMoEIERyQMNOplNALeIaTfM7HBjlRUHawg4/tYwC+5m0TWuduXX83MZRZHywAhWxMwzuDn1TYgiYH2jpkjQFMQRvygPEy4ywxTXMX7iPNGmGmsgfbXmqc8QgpWGgJPjSgSvVaiXtnLMuh0WnCUjqwb0Vs17nHKp6SKuClgXcx+bH/vEagJHeOG46rFso29LB159ez83GWrABBBCFg2t8OtA6eKaKT4cTeLt23XKGOdUR0gGezVI5ZkRrUuoN+P4WOJtK4oIoDBjNBzOSt07XioLWkcxCPpNHlHUlzVg440+GxW4ZqOUua1Cu6UzZFBxQJVPSe9szL2zfMdlruACUHPA52C1VkllRROd1XCf8U5H64JDUNUJjgOXKL9ys2uloyEPeLw145SU+J0ALCXFQqhSu05aC7wkZ/huLyALOkjV81UAKkG8W/O3EJETLcbErm3Lqt9q8A6k3H6t5We3Ty5qXIBpZ0ygwN8xnGbDA3KX9gF7sdSHwLcLqP/8tu4BeeU99FPs1rAD3Wz46NqippAiormyhHwxg/5s9Vl9iq1HC6Wt1Zgm166KyIPGaEoExoaOmAOG2C67ZHEO9QDg3/ysE/lvZBa+ofYQS60GwLHHyC3w2MUPljOt+/lq2ANfJ2UMSZiy3u2eSxkOLr7bGeIRDuUo28L46C8P+HgBw+vZmqk90zQ4RsHsi1cHkg4Kuv4GfBqzwLkI8c1tLDmQ5WE0styYcQu4AJ1oqqsQxI4uF13VW3KOgnQNSRyIqGcu/JHJw+FsT+PVvMbJmZ+2IiJXu8NxwaXuHjJ3t6nAjftHLPwWAeb0Ikb4bq35c9H5LFVqgdMEXJEhc45tP5iDVQ/SvMzzvPg0rvBoqx3wLTG5Zil4eWOVWDLys8riFi5k2QbephU08jrotTkNBxVjbeCd7WK+nUB7/aRuf44nh4WsHiv9hdBnRi6yWtkCHnZ7+uNjuSRNcaMKOO324tInEtzIp8Oa0Ek3SZTPiMGeEt4k4xEtRKjBfQrbXgGVsSOOXjDDALGyIRs8WcwJfV07CgP3zPoaSci/U+JEiiV4OP1kumSytpdkFAkKO6ddzXk/2ecUiiTp6QeSqwLDM7AyOrhx9uR4EPQ4UPr3A80ODLn2MDEOhLl1J0mXqnTY6CSQfXwsGIh9VSPRaiL6ZFqSvArpWJKrkWi04m/93xInRcBo9Q3REhUbok8JNZgMSkgfjy7+zC7Q0IH3Ivty0DlwhKSfJA01CQ7tO6RrEsnqc3oAIu7fHoGuE6KGlF5ctnJTSZExdgh1Uv9ha+ngevTYLeM2dZwNGfyiIqKURp9bA0XtDs/s0finEgddwcEA67Gyr+p5lPsswGdkKa1qR/1nDRkvBhqTavliEt51ooTxhPWzGLqrOfa6FniTdTRG/CD9c99LfJYph4k8tTWDdoldkRMlt2JDrzdipZ49w53+tWymH99zFmAfA9ONtsU1vgzpPkx2ahqbPwZwC8Mu5QEre19PY5k4tTNicUYqx4QrdpGaDRHxkM3/AJNzKW9tJRlh3f4jQTOFekQ4Jaoh3ITLJZOjsT6gv0ovUq/ag/IWuz+RHXZBqOwcx1wb7oso22uN5C98PLYiHR0RH/vF4GtK94m6A/lgbwsyLRE5J7SuMZmsknACW0/jCuEpCtvevA7a9xsxHKeTFYb/EZCnDCikhVYX+YiqdOJcpRmnYRnrd711kXbi5rIG/a/c8oTmtLeXfnysT6dmVKTolFQKBS6e1IbQBxXGcWM/W8QC5zhGVAR65wLM5dBqlHRnUzFHxwdIkb29hlXMDG4gDgdmMnj0mHNCx7hOc/aFcV9IYZIHFI1eUuAphYefx7nH3EDgrkj2klXcZ/ytpVgsMJoU80WEEaRaF6GH4GE9CO9Vb34ugIT1w7pAH0VC+qJL3kK5/c9/2RsPNLa/PN/WVpXYQJMTTRQ0+Yg8oYHW2nLJjataNrPgQt6Vbic+i8SjB5Q3p8rr7nkLAPctgrzu1vDoUOjHsvVnDw443tpSoyF91aSGfM4kiExHi2CjYYq08mAee3TCLVCfs03F6ogkNjDai13BcXRZF06gOf/jNFYsf5dyG1njR8JIM8akDufwGgx0OG7FX3CmeimPFEKKW6hU50FPKjPag97/1w8l8QVdsdTcHFAy4EDuI0aqjyVc+rDeqBhQjsM09IXxR2STIkh3bfCg/Djep+2J5QFXK1nlfwfWf7eioDO0CL0Dkn5rqRJk4rIhMxHX0mxbbMLswilgCI5p0AAAAAHXQBkwleFLgPXFSI5C81OdaQNoGJTGYWlMZME/eSvSIjKcBcjImwvlQG7+ulHygopD0P4nP0QtJs485oJdAtLQTYUEC31R+qq03ya4cyEVepKRZQ1AbZ+x6vezmp+6Xhl2Yog22OtRS9tsVH2Nbv+x+O8beX7iM+h9SBqhxgymeu2YeoTLOo8LdXGE/EHAiLdtYtOpJZNPvBXRJcIa7W0e6L6Du6PM5OQ9vncKpXz6fFgQOJ97dYL84Y2zk26BVq0HIXsxJbDw7ipeVlP56IIRVNoDBtqsiGrO1vqCMjKtnSCay3ahR50EVvvN/g5eaHlV4PSpTBeO+smMm55yrlgbYzKFkwwJRy78YiO3kZa8l+R2MWLsqNN5Pt0/rjorVy8ks5UuBu/0Nag2tr3YhN8b7oUSIA8As0qB731HU8eAapAAXouXrZFj9bbblBpGqnCQRm9r95DvARlAdeKZcrf2auUVDkS+xg9z5B7QjA/e/73w9LW8EgkI3URB8RkZYTR6pa2JIJvVG/dpYliArwIInpr1EYBuUAEnBDzlbQAuzxW8/7EBUFXkF5e6IV6XntzjmVinR8skLiA47aE6gCI6YBHMgxOHv8pG0ui5Z/q/fJlHXd1B/v2K/Vr5nKm/KlMPFeHcL1jgirLkfKyiA2j/Inf0jvljeBFvzUaPNiVGMURi00x//8HgExJneu2krrs3wCa3JGBplYJSgi2N2Mfe/20l+KQqBNfL5jB3I53wY7pR7qIYauITjcmkkTZSQ32DWfb1DfivQ0NtV4CzGJ74RjMEd1d8Q9t5aRiPUrtsZCCOz2eVuqZh0N7Pq0WfXv0FKdKmyBdyVQ/eVSszmM1DsAUe3nSowJBjRywnK8y5wqWqxhPyaQiRC6ZP8cbl0KgtfGCij+uy3xyiPQqpMl2iaSWMXbKwBz+qtjEMCd0G8jb/zqUOIi/u3H00GJv2V0b6z1k4/7HK0m8+rOFChflAd9wUQkMviOYiYdyAfrEHZpTf6NKtlP0m+ugIEkSqBjD3HGWWhjB8WwgsOe/E8vcif5+sP+7I4SoHKDip5cz3GIo+chFxGXqKDMh0HpizWEY8xZ/oj1chR2yxthOx+j1MkLrc2I5rT9QZOQxAuyo5zEqV31dLinsw468da8JRVcjprzaPpciQFa1jyYK7QhB4fxj9CQK8hcQfUiq7syGRHvAcl70cp9fjntI8bVLGKugRqkpK/ozbJdWd07Y/SI6gqns0+DfLz8w1KArln+UmoPeVCe96g2h8cxul1AEWyrLFGrItggX3tJ94cBX4NWkxmso41pXtQqI0F71Exo85VW9+Upc8p7LMZJKqxmUIY8AVguAFi25hew8kEI18mizmVhmGt3Q/xIm3ditMe210UEAcIMAjRnZ7KdNcbwU5zXM+tS46pxtOQ85mTWGZHp1SG4t8bUJLqo9XoQEOcY08HbxfuNydHZo84Tx+EjctZ1v3I3xPIaKJmQqBP1rUvQrITonMEugBLM7cR1fAh3hQuucSO6xvJEXvcSsJg9Ji+aZ39c2q+Nb/V+B3zpIh33I798B0KPH93A3aHVrOLm/zrfoJMcf6Xdxl/F62ZW2OVfsVlUJzIoJ6aKuL5O5vb6Mc72jksfRzVEP8wM6X9XYTukE3nRhkhLPRoc32G+RResa9mrtbjQnUQZspZRTO9ksa6iQl7O+hWI8HY05/A18068o/OdyITaoogQyUl7Yl81/OFbCyOF8f3rAzWXqPaC83R0A/+dqaRA43lQ2L8LEjK/oTRRBpcsxhpvNYh/8Dz6wIYT1hsnvj5OLCN0tqPdJDVZ2kUtFxIohAU70pHrHuWeCKLk3yeZ5iQUv9akOFOYzgxbGGtfo8xTicsKdrHmES1JNACcVvHXCclNlbSykot/dKGV9QHg5Ch1dk9R7ucXAt0Xol6QgRait408PYRC35YnRj65c3MXmljOonCJqmqRzcsgbVfU8CBxAj889Kd31h+Klf2vx3Uj0GRUJHH7ebqVOulFwP+hGyTefKn7Io786rdTL/sdwEnVL7A0r/sDroYc2+0NtDYm15uXMkNMULNgJfgEeQof+n4piqIRpQOeJbvgFvGiF3+BVApURVHaXIv91Q7JJ+OAP35q8qJd7SUFHC7lIz14QjJojhgjihow3LMoPbRaH0m4aK8TkvVoOMbs3KTzhjVAaN5VJSEOYMDK736ufsFRKKS9vQ7RQf/bUi1XCEiEx/aKMRrhVZF5xfPn1eIuXE/K16fBv6JFraF9mjbnk+AV9J2IvTYOEd0P2DzlWa4d8GOEN/0Sl7PzuaUepIiOtbt9H/tiBpfCbjaQjxVK8qAaw/QZo7iM//SEiYHbKKytb216zjg2OxnA8Z/8c7qNwqzC/y5pyQNXa53fzBBt6i7VjFojTPE09qTBsMaXszZZlSYm5hrzdbozvoG+AALHVg/Q2cthKnqcCop5Bs1RDM4aSiXlC3FYEi6/vpPhOvb/fgkl/HrYQcLC6ArN+P/4Delp9MaGmLVzvuWtKbS69oO0xRpbUqCXUzTgx/lRVcIVitqqVkhRjUytSEkYSjzwRY3J2VhEGL5IUaHLrRlMt7Nj8k/8OCz3nv8AzSfdwTozCHK9+s8ZVLp10GtUTEEqKWZL/oAviaIGQFgoTmjI1WCkg7fV4juZayDpOS1CeB4lVPzRUgAQ3gyi+EbZ+f3ZI6mc8IMoHhK7RSKNdUuhe1UfiqljA3lTnXGsjk0MwL4kWfGZHWsZF0zaYnxgxSvMbxReJSvIz0v2zQ2FVMdBHueJbtx0x7q9u+aLBG3zWuGmCRLdC7RY7oJgHmXXhWRFlfgaGwOG0Nq7DAPioCszYU5PVNXxPZ+/XjmpSYkvZxDppcMau9S+kRB6vgi8yqcfnyuMTC1TvlC9vOQ8UULa2bpPanUIWzrYLb7en+l7FujEYFm7avqh7cRf+GYAm89r5uxAwcLepEK/pIGtRdCvB4fzPO/SIEklExrhcyIE/p+miB+hOShq7oUvwdUf/AFJy1ZvZE301q9vaiIF+F9HgbfOW6V+AOdq/BkwCIYcp/oTuMnIdErAFJBU3t6q93+46d3yO1Oyrv+ilfF2xnagvRUmuV6nCkPuXNlNDf5YvB9rHK7pE1R2O6y5JUrMCPZbp/YgH7fzBUvUQI01JQYYH2PTrSYRQHigXaJ+EFWEWjbUvnufmrWKvf3UjnQwXn8vmfL1Vq6WdS0IGqRs8skdxQA1GXLc3HIZ6zsNoVrMAWFf1ABWqJCTNU8FFy8pY9IPO5HW7SmhPt2jXZAw0qM8ywcbOeX2+akywDcpurhPiTrGiI1NXmhDxAWxPptInM1iu4tPMDeBUq2jL4h8CTsFgxhrp23rZxd5fCRq+2qR/4+7f69aRgjWYJuCEJ8sDeMNnf7NoHcRVWl5a0bmWn9AvXTrnxgaE3t4bkh7K6DvMV+CWsbB1gvOPSk+BYVX7DWQgX4CDE/XeuqCootg3t+vIcpwtAMfTjK1Nb/UswtIV6HLKGqy0YuxzQUOKD1kQB5V0BF2bIOUOdCKLo3xxZWUwUS27EQccpMjag1oWVZlQgxyv1ks44jc1/HbLPMIinYDSZZgV/4HVR2jDgKqO9KUyGmcPp+M2eug7iFZSTg7jWWgiDFBQhATw1Nfx37yIzcsN4KM2CsNUVT7rRP5ZwlDyUN6zG6otQqMoQvPdarYsoJqdFWCc410RH5NxP2Tz21srOPk7vGzrP3DJbaI8phOtBXwT08bR7Yv3Xk2lxuXkAakz+1QKFTLbHWFrfzLgsa/PVGxr/4LVGX7tHjXADTsc+5yvuqBK0WOfk80UiIQOAYzqb8bfhglSOwsu8FoH07xzAvTvi6DenCXOp7eiidQwexpHw50unBWRmBBpTouRD4w0zWbt1On8+fHNPyrOC8ytdC7qIGmo8N4jZzwmKe1j/V5RSgrWSs6850aynziaTiEljxQ6YLmVqGcweYFNhAJBo04pqzXQLAct/UnMej8xdHhWD1H58VSfliKpL9Q7MTAiOKLnpCgbfCRvijHZIRaJFixp8J56hJwcToW4s34vEk+X1I/10iXKGKRKili5qbMy1jzftKtLBA+U0XlKOmielluKZ+I4o2tDCT4LkxtZiINUujwZ18fDzbWO41Zir7yDiVmV2e2wEBXVqumDqhCyqYpOR4JpkegFa6yLCF4KHahV3EHQNLnTf73z4JO0mROeo2gNzkFtylCkXmdeAz8ZiMkmHe/5c1twTA6wIpD2eBOVNvOGf6ag1Sd/hWDTeT5igaz5d/HxsGOrVp0ah6XdKM5sFMs9lTScR8vxintzUFtMUz0byG8mWjY7vwINnyZh8uRcYKRun7ITAV2n6zYLo6kCPGKzczDoKp4woqarM05QFIhOq9uyJtp0b6chMdEGnAAAAAAAv2sZbx9tbRZyJXbGpQMsrmgDkKBsbCEtG+vBcDSzx9OSaP0YqaLjCPUbyUnph7F8OA49RB3oseO0WDjWdhI4cwvsLPKZtGxYpYs9q/ISjxXPJ4yZ7WXVWBLrsh+YbvYv66HW4npJlWTxTpfZ+hX57NfK3T1WMf7TnjpuRMY5amkn5zkaQSBy/ZWVDx61NpdI4JBnFJTXTVeP6xygnEruScNTa35YRSQEjv6R4vSAz+uSRnyRWCXQD9gLxa6hN+dS+6uEL14dwRQqVcbYPzOLvB6wKUaMHF41P5vNvQAGTqBm76yJjWoXCPObbTuipIkITjTXxiKncMcHzd34smsftyE9Uy2w6fJGRnkGLaf3UVaILm2ZRq7DQ2EfeXBGDRDySb2oIsLHjHe5WkSeokD/AUwvQDpIzcuMEaTl/R1Xh+b1DbXbxLYeMy3i0QAaCVm9Tv/F+xEu2IQNzmULwG4t/K3UQU8V2jnsFlDVg3gV+dLfUubZ0r76e4zfH9kbMZjYHOcOusvHMyrcmCUiuyxlDGDzvVWpoA65s25MSCQT94NjIq+UrqcFEgKIzVJbBSZH2YupIlRKKH3fv5gBbYEdFDzIeVRSVpH4r9GkIx4a6ksZ4Zdoptj52eTHzz2OJC1KFTkv3CvMxO9xDvqFSVZETMbkmMAA52R671oQTMYZvkmt0ppiG1VFTD1RF7SkwYd8kJ3hF0f9QrML+Fn5svoEHNHUPJH2jH63To2FfROyT1/XsgQGhw6r/vUZ8kpP5Lmp+hiPbpN1Om1BME03a9qBX+l2tDZ3Xg3hMLJtp/MeYylc/N1kfFkQD47I2k27MWyZz0RK2UfP8SNPFBw+SBAtdRugsopfcBlQCQ0ufg3OHNVwR4gaYUdVmLUkcVTeJI4lmeVQoIwcAkbe1HkosS1FDKFgnbI3PfIgT4VgJg0aznCpUN0U8tzixeZcDueH9WlF+YI5+zafnfWYuA8M5P163K26O0T+vvNPQaUpqCC9ajrGea9aSzIsvCRxAsaU3Pb0c4yy8eaT/kewFWLQShefHB5PGy95OfX5bOKL4qcLPBQFGXeT4jdSzvRbCaC9sXh9PfQJfBVYP2td7hwqGzmPKjpDrKR4gO83CfFqwIXHldauHncY/jdArF6mSJOScm8vgVry+afrWxvFJfVsNOpaHk0Ag/Ll+LmHdDOwQYPtQB/vJkQWpv0dHm6oqDwzJ4/gmhMgrbcwmNqXNP2pSu2sF603LzCRNvsuJsLw68XJhBsnOMcGpXlQWwEs43OnJRcThdQ3kmJiTtoaE+BBLAVjOL7/2X1yXuIoq7y9+JWBpT3/PSMjf62AuKvHn9viwdlO1hNsgM0b7T2L1Rqf6Fqoh20rSJwiXR8iaamINSq9XojN7p8Rs2PKuIdpbGubbTQOtFKV9WFXYIM8I2ubnpwZP3nEzqf2E87pQH48vcqrTVcFwdRK2bwjunMdFRQyL0jtChnQy6derAlPXthydCq1JpZX5JZlaXO8La/VpZ/iX4/A5InHwP2kGlqu5MQbGUH3lvldiSkKDyAo6Yw+cgtbPPbcZrZzTdvSVjHqC+fs2ooIc4HDW23AfGOjzO9htHQf4zbAZ3vcwTtbXjC76W3nMw+AZunqkrP9m0HgCSTkpb1/oS+z17qUeX0PAYGHxJ24Gg4PWiNguy064aHBDvXM+W3YLECWx3gtYNAmMlk6FL2lH3kjMq4MLYdTCQua83F+j2iii1yX30xnMbIRxU8thELjoLloRANmnjcIMaUTAHjrG40BRZdZUhnD/uY4/HjNgPB9fypfsRFfSw7/x3U/7RMhXr6WACfqfnJP5U9yCEGmtEZrJ4JGfd4DlY0q8UoiI1s0rIPiUXtQDJzabW1T7Ndwjcw5wCmMiL3AUecK4rmd8ZjmuyHdQmifhHzRu0TY55tFTLfXUcvk2oTAxOdgkcNJLEfS5rHlzr7oPu2bvsK9tY/sXVtir7Qa3mFZ/MPSGPuch+XEuRNWFaIbfchx0phdyTsgWZi6mBS9IcqMekghL8CTjs4DWCxNysqqgbefPwNaNXC+4ml4FvkAlOo/gUKZtbZnH2VdAQraYWzFeUvCD4gnAcT0S+XFpT5MxuhcxkOa6i1sBSCY7zxOzebj5tjBFYq7AEYqbqaqrpbrxL7OPVJJoVkj8e+jsvVnC0n4oGhPiT+L/+g4P/Pj7JHwgVaMbYGvZU8niNaw0cW5OXG42KX757cr7UNTJPEWzH6YM5d9a13k7587eRYlJVW+Xz4R8J7l3ZvyWRX3ElgMCtIFu0/UUXGFjVNXUx8gN2HVUG69FXs2WBnn/u/X4qwFJUz+7MuFUg4X2RHBS95i+DAU8bbABJQUIWkEGP5nCc9+mEUo4mevB1VZ/nxzQlV0myZxwxjvUL6MrZZND0JptR8ExNIER2tbxO4yGLZ1MHmjgr8KOllqWONF8dIbAA1ymmy5nGFlHh8ScWE2bVaeekfHVLx1gTv4vtyAhiXWtf3KfFAiBRDBZN8dLBJnLZr+D74TmMmOTDKxN8evtChjwfFzA0nqtnLeYS8XkoakYHhFaBMwyuHdSbTyZRvV2jX1WVstZitacnV+yJl/4P8agyYQnStfXiyhDNS1oQO/7+S46cMKb2c5XIjwIQ/g5mix+TU1QRLc6G9I+5fXbJ/lPaUPLIp9uGK3mcw+W7dE6WtIA7XvEB1pdR4wDxwyDcTClHLmbpKnFWRVaK0r9jOXXKkab9Q3rt8e8fSd09q0CzpfRbfUd2f8MR+Bj3HpIqFcVZyV/V9LlZuz9DYVXIgk+hVWRbksVIs+9Ilq10TsM9zE+AHpmNuYRIpC/v0okPkW2BPyAzKJNWJ8xPpqNR0RHy+ObDyUyfoAQhQXr9TIHp1xSfdXXAQ86DQjD5LZ273Ctxxau0bj2fzhU1og5muTDuf2fA3VPckTqAVffN5qP1izl6S7nxlJ09O694wr+QF6ewPp7SnengJWnpc3XU0VW3UEryszB3UPoJ+Ngtnco375dQm580A/5c3J16lLsxm+DKtO3xfLEB4c5bLGao6owXiC4EmHengH1LxyrpIVKDrMrmSRc9lXW4ugFWlEYqnrmin9bAyCe+vIUuYbz5HrNke1H7syAtbc7xro8a9ufd3YXbf4uJ/uwBQwRCx5Jel58dc0At0QWiHKBfmMCoGReNhqSTdhq0Tmhsp4PuS3HlqaLN9cghsbJfoVDv+KlcMNSpP75C5Tx90qwhIk8ckHKkS/xICzL4K5BUqvKumOnpeYu5VUp4CaFj916GQSEhAGQVz8OHTi6waVXfKZ0dm4poRDw3YawN9rl0rk4DAG95dgUsuMZGcCiIvL8Q7gvuPI/fPCb+GeIjXha6KAPvQ9nXrQjMRqicA9msFfpGU0AQbrKTFcqU6ZrGz3cxLQIkg/jJJYRD4B8W1meZcd/8TpvjsK75XbiCBPsPerIoesFo6OggIGAsrjDtfdULfMoP87X2Hph19PvBYfYQpkb+qHJ8NKmy9u7wWECYxjgmboA5d3aox+UblwLSpD7dFVPgfWPRJHe06K3i8kAfVYtkZa/vHTZsq7ju/Qi4Vd75Y2Q+kz0Mu2MicqtSm6JvubRAhXgbb3U2hEx+dPSUuqSXGzKMEOlFYpcc4SBf5P8B+rD0wspTSOGSUeTTBnbqOvrA8rMB7UB3MOL0n3wcX0NgJTEZmMoThzliTyQpR07ymtr/sX+lEloeqNlxguy3RWQ0bIsxj+Iak8BAu8+tsyxeiVjnX6Bcy7tAjjmwdA4jLbLDEp2bcGaD9n8S1v5ZGpkGh9nRggorrC9+g0Urux/sppQpElmZ3aDFin0ptn60USy3YhWX/YEwKlHn+qQtm5xaBmV3ESddkXV0J0Fd6wpXK2IwMi+AC5LKBBtxiQIneu9iYxpYOdEJ6JkhUQiu2mRN+rQTgm8QSVufzOBhRJLXb+sZ+YLML/P7+d1JKhSlrdAQ1JeEhW9lnJ/dvCpAyP+XMTmruj2rVGwF3Bu62Jve5YRrfxZPx9n5zrgoBym0yZMfYd6YzfmZdE8VlRvGA8RFSVKvkuR/XwWfXkxeyKprb32A4ZkrvhwsHQ+NdLpaGJsY53Gw43+x0IGNyVyutTWG4PcC7y761X/aZc3g+mly0VOqZjKjwTAUZKZ7hMQdMtyCcqBzGLhRH/NAWE37/iUnT72bJ9BnOJhOKIH4La+kpMPghJ/gdxIbMYdxPhh3fGZ6RluBuqG1K3B4LbwTs+h/vbUWCSQ/quT8/A3e7bdwWT6kaMJbmI2ZfSAmXqQ1nyVOtRJni6+K6wA18kQupO+KTwFYFB6wW7WK+jkbKpNtTKxQST8oj6EN0zfnVCcBgYMCDbz676Tb9UvZLlQ1wnW28/+XoRBFeDDmGvHBGpRBPH5y3V4UwCNp1vlX5t1N1sQbdWr23mpnwN+h3Po4BLnbcq4TbeV7Cs+UXPuRMSAHn8bCJ2/GEqYJeCQn0lskGIT8/4jC9SVZ0hw7hp9u3V2nLkq/p+NHWcTAdQAxFmC1uwFgv8JIbGJKCAAAAAAtmMN+XSYdu+QMIUHXT5tYJcjU78Ppen0vw5iJ1BECeu6X+t+ceWLWvOH7Uq8VDtluGOKBhiNZqDtVlzkNgBfGgKQxE5DtA4JcF08EnjobSAOdKr1HwfVJF1pP04xkc5nS0rhu1vjpSjotywWNF1kzTLAgvqqATvkrEigmSBWeP4dsz4WKyFfheR0AzgoM5XYW/+2MCV+Eak/cgMof6xTGOUbvEpTaWiuljdPsmVj5+agxnrw+D21YJlfH+BZajKz5KQciJ4LMTR8P65FjclnuM8lPN+qo2xEND5opSe7hY2TSQUShWF780r0ZPrh9Y5wts/D3MmVZaipFraZkixa2BGjpFcYLCy1/SURkoIF9WU6reGVs21lbngaFzkT2rCUlsf6CuC40h+H4gls/o6h4AlH293LSheaCKUZd2QR4gcY7Lrr37d8xCUfJFMrwK56v7v1NukYD/bmkBov4H9rHrMMT9WFG9XtjVAfrdlmScU2s/yfm1lcV8ti3Rz7vKnyXkhgrpsvqgBjbXWprwP3w61Wg8raaKb86yJvFE6N+21GoP7aE92YlqzFs/ouxdauL/e5nJwkTP9c2e9gYVmhN+pdEzW/YvU+GjItxnqq7SNmGhcmNWtCE8pycbjtBbyIE1gRvqqQY6cHMiwZmq/ptAhqVIvkq/UKyusDZJFbEZDGH4PsDBp4EAB0vtRlk3mt4g2ASvL/gwImyMYG0FwUdH1bL/B/k2ofHdjcSc6l7Idl++41Oj7yxKWaeD8N4EqXgulK4uE86HbghD58oGeFz/TOf9BSx9kK1XuibhQsvErryFgMBw8flLsNZsol7CN//XSBFvbMHtch8o3Qsycsc9GRQ3IVprZ2upUTFXqdNuj+8r2043fOrmAHV65zdyQLYlLUPjZQ4x56fwYWFZILVsUBPkT1tqM7oYbhOt4md4gUy2aCOryBHbvjUMXv9TKmKYUHn1Wl/z/MuX1QRXRB5XJ6s9MfVzOMan8T4wcJauAGysFQ+qbk+ScFRPhaEufOlvaMj7SkgUszZocqCD0WC81KskRgid09NtqGGhK9GeVsQXXBiIRF7Gb+y0xZeK/P2v9IbKQv0YNkgMmGLGV6djNTquJV53TWafT1dD0TIxoCAvthf6TjH81PmQb84XV5D7I2ieszx8P/efnO4D4Gzr7Wg/et+H0oE6ZwMktevsmIzcHIdcsVJplqRVGxH6TN8J7zSo7h25U8umn7MCMmlzr8vC3Z/Hy1nZmvy88sSz0+QzXOsaQFbIqdKkboGN2gtEPzwcYKBOceKAlgfwib1J8dGnY3bTW60jsBE4klVugHSr93mqJ1tIPfuXgD1ohSkM0mIS3dH5is7osKq48wtGKNlIqzsxIqgkV1bhIhv3DEXlOdop735l1dhgcXL4ceSYxMQs4EBE1rUI1hLFFYAq/3wAjh9zyhaC8xPRD0abZCfwA/fjEncaHE1aSy2z7fql5rz/5OzUQvG2fWCw1nCyIJ7qRTV2Hq0Ofa3tzz2z9lxWc3cVZb/vEXw8ReS04InjbyPJCvi79L6j4d3pV0ZUorahzIVFnBwJxwSe1NGlAEblp9msMv+z4Fg/C1VRupT9oG2G69Gn5olC7IMgYT3csxiGLOJXnsnw05tRZlVXnXtDnkSdrXoAL0oqVKnOxeqhGt9HKtZEQme0r4U6CMLnhFhtgJoWl5FYzFpoOR09EElZ1qQiVEDWGwdpUiUIpIBI79zttud8WyNTVKsK1GRvhXYpK76N6CK0VrupPvcWRHTGJe1qnXCnjWk6PfuM025qnbjQxR1Ftca7tAdOkO3G3fFZcLT2zNUiyAj33U7si/xuz4Y2KUjOzXnavMaZQcrz1bGR3mIEFW/u4dRyh+34lCP10c4F1Y8/f6h1ulbf34UwqS+Hih3YP/1e2FKSaoT0coA1V9CNxNmPp/BihFeGVmXWlKnm0pgmVKqpJSelaVhfwkYKjDA1M3BsUdvQb6lFsE1rssvq8LZMFtewu6mNieyJD/CdIB6afpxxy7zRYoknto2u4cidr5FTnf3iTnOJ1+xwxhhh8jINrTzHTOzLVhMWrcTVsCDERP9sES9aiXhU4X5lv0v4PwtAjt3Ai4w7x0SM/sVZeNjvMMlxjtay9lXyVZKzx/3zQqk6y+s+iUfMweCBRcT82gF0fM7l7GDm5+cuYSYKDHDsxs+s0u2RruiyV7liNldiDy0OeAgs234gV9CNL/VgLKv/qZ5MMWqK304hqmKUCZuyR/3mPca0JXwBbNFbUW70ksovStsLbJN/cHmWswy3A4anCsYuLanNkTGhkmK6MtlxhDl6sT5IIlYGxHIsO4LjrwFZsXcqRwviGDJzimNNgeDdMNRo12Xf6Z9Ed0PZMQ/jULky3QxmdPIHF32AL4wzvkUwIhbkTzX2K9JWWD/zf24GfYbf33WwckcszLmQ1ZkyxGFRE/0OowrTTX3/ISkUB3av8gjYFlpHjUYNVlqVKJNl/9toW1e/Iaa15pct3nEAzn/vlp42a/BK86zxZJI+Q+uBsXZMLHCp48DBxYSA26N5Lzi2v+uItyMFZ+CTuoVLGyzmb9tDiSAridtVg4HsyNBHDNj8l3g00laO7vXkU4HEQsbsvblWJD89XqbWwitRZBnzwSajZ27ZIvP1RZNMRrY7oazFv/v0iE9qFzBOUhiFbF5chsyuynTVX/3g+GahQaVvUXZbgO1ALUIbRyF+xTtKqE1DP4nHFMp06/hmxK4ZMhKkdOdseNguqUIWAIcN/pk+oWm1Sizf1hphAtYRFmWdn/R2M1Bn3hUWoOni6eqgU4Fc7GO9xdikAPu6JfzNT0i5ogAkTze3xnE+BrPK9nEbAyMkZP218Pz1KBl8748/MWBDSlg9HdfalUcMAYF1jIKA0YXX9Jlhka0kVIxetrap95pqxPBg9LPCrE1ab3QlJMm/EmYa/hpE9Cs4o16ao542ZGler22tmNxjXr3vkuWumeFyWBxgX8F+dz+38XfEhSrfCOR9i12NnJXRcaZTY+QN9qyuak0PNDDv9hL4Wf0dzOcu6LnJpADd3dmr2gL57BqgcwAw3shg/nl3NpcFjIzGBh19efLikxSRlvNM/cI5bTFSKO2dZr8jBH9DUGJgxc+q0HUtKL9cE5dR+ZKS8qbZv9H38TVm0CqkXHpqgFr/VNeHVADMKqv+HfdFqi5TJ4Doj3pPb1BB/2z/NfWv7ZF65aPURT/BBUyVmH4tXkD/bcQKfYB2DgpmeqHScsPCkZ9LafrhzolBjEKZTS1sB4CbYn575x8ut57kd5chrTI8IxDPlE3HOtl8eiVlBMrZLBhVjvm9joil5eNwmCSNfEXMYdDYGIYmlenWtGR5EhXGn7/h6E6GHaerdaoR6G1VV2foATNIW3SVgvRNaEmMA8ZuyhZtMvGhZXMUqrFM/iZPtYL+hDwpu/NRTY/csI1CXX20NwsQH0mWX2mXwB7CrCQH3VD4nfx+ra/kgq4Zjzn3YG8f8hEfpdn+XFdu9xmq0KyLATJtBzRIf7F/59Z/lI0laPirVxKtn/2s0i2r5PezyKGc1T0NnO8K6hNzC2vad+3LetfwqR4S4u+HNuo/nJUiNXmPtNj4mjIDqGR8Si4LdjzFq2xkuJk+roqrfIG1YQtjHvekammr2yjeaK35KdKKEWd/ARy5AxEpDJ0ejy1GYlYDA93rLSKSn94COVxaL+8EfRjC4ZO0LI/Q+KzdEwO3vUuzRG/AD0fzbAQuYWv9c0fBE4SUIKtCBhBXERJug1qQcRtP2j4/HKN5tpLicHC1p0F11iNb8o9R5q9eckewRavWpOI7YSoJlx3mCTraFOFldFlRBAlxoTlFzdVpkRcfIzJ6y6OcM8/MaJLMzAq8TioyNom7FGtpfBcpkKaRsdMoZj+wXuWc9zWcARSpk7nVvzgUPlybT/8vbMWIy/3+45v9h+aZZH1flo7OmHO4Jm6/mV0fYY+KW4TF3wPCfmGf3UlI972REYdpB25AYyM0VhD9Jz2tzCFT0TmAhLFYNHFW/wCrC32R2HFSgL/HfD7jW6IWh1HsUzgJwubntA+2GzxYfqji1Xn7dwBBWe6xOFRgfv6Lp7iIYPlrHFF/GprIUiawXBUYH6V29VYrK/qgqTnc50/UDP+DNjKzDlWyQNriNxgrxdNyhmXumc+haHsdCaVy504hrEvQ0HqCQE/HTbC1kzsLbG6KEa/g1xGSkSP9Iviuoa1NazEsXIYbwq7UXT2pMtgkX9udLAS1PpM8LSQ7gljndoQNn7Td5NUypOps6yn8P4q9zpy1oOAuKjAU03ddUQtGPvyq7dwaJGz0N6XvoPtDyF7RUF5/eQ4kcPDERJa35bM7fiXPaHwgmhVTHKdWae2ZP747/zPxchzntTTjnJI5u0mnrykvkURYss7vqu2rCN5wjmJmKgfnbh3bPusOMtQvTyi0VuUIlRaXXJsI2kDzYQUH+cuo0vHolJifx6OApPe62/JAfwkEIRYxWsz491vY0JHC3R1FBv3Cve4DQOxtucWJcGdV1hHBzh2ZHSu9398rTfAv+/tU57GbGdmatjSJTB3pQy2JVmIbZjxtmR5nxzhlvStNZ1WKTwBb1vK1OE9Krc8fgIMeRSC6Oh2styWN0kGkEdMoo38FKONmVJP4Q3YfRGPYMErnyKT1MowX0vfczQq9Rq1P/tBhCgjRegwt5rdKfAlU6EcR1ZNv9efNinB+7afPeEJ/+kGfCVq0e69f4TxfSdCrLrTHndPKke5KpWhsHX93wfK7rlcBJz6fYHPSc+T881Kv0p71Bulww7ivdhS7/g53Sw/rR1eoLT+bx1gATtOqGXeRxZfrRkkgccoshPRwaQfbudRqfBXuOIXy4WcuHPNQqgo/YDlGX3cNk5hq8Y9ss97AlKMXig9yEWILFWLTTUMyslOOm4+jVHoF+sK/tPOQRY/1VlPxYHwuUFcKgeAJonl3eoVo5/jukeOqb3SBncwiIiRiBMT752GElVtPV8L5gMmt50SnZdnsyA1kofhp1fx4vV59xWKBs6T29gbfvEMozJYDq5y7rbeTXHefqasS/xiU08/GhRBE4C6UAp8do0MaAXpxRVgj/YcyK14tbCSSrXubfci1vM4a6+Iktr8cX7kgtKk45K0KKk/SFlXTEh6wtFS926z6FL2kumkBPmCQfEDb/lGolMU9sxOh89Ad3MEZ+OLd7uW/zKx+HIIFWN1uvKuUiFeVbqVRkcIvDX9lBKUrwfwqoDDPFmThk5I1ggogK8LSRGX+MA4TjBa+NdtCmDlfiW9OEVIhpw08FCn1l0pvm5p041kM2d4L4h9FrFwtT9m9Ess8yZNJhQ1R1sf8U3Qb7uStfdPCwkYcw/eK5NCotIDLCQzhakJIta6aXo+vR2gRMK7UwhHBYVmVYaBISu/kc3R4AY1qjBHhkrqoYyTfd7SfX2UhX7Rc5jKNgAzf0eRJIEkYymLrIAAAAAGJF8nSKZfl07xkp6wDirH3K2UxUuQcGaVvC199RxbEsMcSf0jtgqDJW2IUKvrxzdm2Zv0XNn4C0+QEdM+ELVuLQ29najKHHE7Sc/S6LWD0J7KK9JJW0Nqk+eVnyDi+4OxyR0qOm9uI3vwt4ngyai1Xed+PLXxkptnNdHwp3zz7gAhO5KqgooJG2gM2+L6Yu6EPs9HzH6HfecnxRl+KtYmtqlfbL7WmFmIV5omKGd3wCEGDKOxLd16V17uameajk1bH6vmbEFz8jsw6o0L7UJdjlOjv7dn/qM8PFb/qwhp2JTP4/bOmF/JPzuL29177ebsEhTO3GlcM8khsS5bMgsyL7xaGphxWEEll7DrFe0Ehu4DjxwCbBWnoibU7hw8vPAE+fX5J759YXCcwAlNXx8RA2KcrK2WRrx4f6K0PwiWcWsyRqWoinB/PvbJenObo9Zrv9RBSivCKc7dj588c6TOeeIc+GDFmQVQqHCF1hJofLtnvz1yn0nByXd2zS1JPFbEjVW0TN9gYEI6t2+3+JDpoD0I5gi2AQNoRl3NGCTDJ1pmQBMmqUSXk+cqFxPgogRgbueYbtlQNl0s+9VQokvU6RGkT/sdpK/plE21GIsGCH4VJg0WqWsYgKFJ+GfQxqflGElc5D4ozuwulW/7ndj9MitnKVpUEkhd7BuNxL0xqBB+C064ROE7x6694rBBZxhYbdXxfwrAp+TrhBGMTC7FQ1BThponwqHvjY+G6akC3gZxxgapuNn4IWEPmDw/vRNbjE/ZlWXDhkyc6hL7qkpjuX2fMFgaI7P/lfGvCZUuRT+rrxPEydhPY6jHcEKLI5gmsBKFveFANWFhe5WpOIGLX/wdity2+T6pwLJ9maAW6J+ixJnauS2qH2jJFwP17KWB7XnNeINqp+MOhObx/DmzlEgr7QFR2skqkWWEl8+DheZKSffJgzVe6kgVemf0UEXgZ9rfEO8xM1NCeem4KfxBiEPJnFGbGINu1Q+WPVFgXSiD7H8NKJsK4oGPe0qpmmWfc9mNSxMIbbaDefADIdXTdKII2hUv7dHn3KyM6LCpQ35HRWdsF5ETf+l8E4HQezVjlvyRfyDP9YoCbLtbzTg+NMC1+2Ld8wW8lFdItLkN+kFGl3+zVUcRCqjQ3UzEbrbufJtTwMbgfGFe+iVtiGzsvhACTNBkcBpnKSvplsk+ui1TNxE3jHcxKjkNRMlJYcsOsXevu/BcVBS6aIAYMEyvjjt8GKJ02n1f8DB6F762HOcWM3iQUGMZkuEJL29BdguNh49t6VPPhzGPrpcs8wd2gtKce9ycxCReoHiQB2X1NuJtwvGBJeNjzOd0iKHqcvzsid+9q+TeGMU4PofoUQ5e7XlyaNqWIFTvLc4k5S9c4bmSdzEsaAjyiynaX69FntTAI8M6+gDyP2VtMKTZ1BH21lRmx1BFHW2vAwrm8cZ8Mcb3MzgaJpYKzzWe2eKt/BorPMbra1EYr9QKfR/D9/yoe3ZSlresfoqp3F9obYV7nyvThPi3q+BalVTef/5y5sJm+qrECd6JQeLRqkW9+zNtJuWp7xFLGWgpn4JobWXSYX+bw6VgTSO2Af+MQwse5Z5Aq8dXFHfdsJe1CP84g/tTJn/NPv0+On4H95v/11F4JoP2Jmpv5CIJVa/ZsJZvu9KpAEY9rzZ+kmO79Kbii8pCjc8itVPqcTIXmgd8dkYl78MNKY2ZEnrUSElmEbpcaXGp7mecHkUggKuWDrZ/myCXuIcg/6MaHox0dQcIvd1OH3VUT59buGs0AU/TriZBTjU37nrM+85nlj2MAqQ9LiSrZiaBHDcst0TJxX+5wj/Q7ZTNmTLZJefSiaz2Ss01tx5PgWKnah9xsZh7ln3vUB8uGyCbQoqn1WZ1+psBBOCb+tA7u0kYiNkGu7jAXeT48NVP8COKANMxldgWd8vNBi4FXizXqaZq7OFn7eDNfJfBG9FWzWgc3taSVc40e0/C88/qSyT2brEYWj/2evqUTn15JX26u8ZZ/o1fSiPJMyNzNT+XfJyyltl0r+a1rYS4tXEaYwL6Wym+2NIHDazvtRZohxouAomhLJAP+kwIs5VhcHeoHFePtZmnN3OxdQMdfLWVFVhqA+ARt7BTC4T+V/wF82Ora3pR5twTvGL2hwPyFaGH1NBp+H5lMZxhe0bCZ5O2CIceO9g9Zq3tS8mOSi6txVwZ9CCK1MNphqrmmGnvnWdpUM9w40E0hDHwYwyBDPZBPj5nujofOwrhiwHM+WJ2/w5YiXhGeHJWfYLlhveaFPuUIbtHxSY+yYIahDKCJxpURABDF3BtITZH0PHn8rrPTa3Xag6CcZqy63EfAoderjBxW9qdDKMWESxoLnb2GlTWX6T8IN6oY8+cYjrMOBa0bztY92itrD73fbiuyAyGuMDObx1arnuZvX2a6xznEiWI104PVWS/+YaCCpCy8cSh+YFCUcAJtBFRuKqxSqKlRqzwMCkhGJmQeTaqyzjONYPgXHeVK3b/1WduSKA1xtyO3AFVLdcOd8j15h3hwSAfFdWS+WcILRGUq9FbElsUxcxtaWqI0cXtBjZC9zKCFvZGL4ZvqaC48OXp/zofiMXrAMqYAN0KXm22QTt26qfFdJSpk+knxHo2pEijXjpn8DjLVQGjF6559+otTkiA+FaSap/UxYWlMbLjGXutNQ5d6/9qJaexvnDQzR890qEPDjlcyiF00UBUft2mjEdPEtcPhZD5iY4QXNSqAsPcy4eO91Taam/eHZxKseFfglXf3973nmNavVVDwFM0KdZeQZUOEuSlt9U/s+1Hxn2ewMg82/Yes3tBrVB2oWDkGJENZRim5YnhVI2m3A/qV1v1C6i6NjuzJADHIaUNN5uATdaQ9gKh7G4Wn07aTyLcsIa8dOtKEE8EuEsJq3lR6Hr2cqiReUEexO5hX92OZhZncgfjHtiYKcip2ZGHuruom0MHIw9zRtEHF/GVGidFWT3ftbCMmjr+vd07t5KxlbZGfg58ZDvp6UmzIVdYjIqYAG2YAjBKD+Ww5huQfSZRV2csXO1Rp60wUGN///cCyE78f65mYg1R6/x2OU98BCM4qMUBfPVH0vpJJOubXaOkC3B9BlJAsZYHfbq4gTQNbeWGQNBmlJciFNlgbKflMKzh+WydA7/FB01azUBm7EhsHXDSNtBcMIsXbtSyQY/gdSpBG8RFFil8uncPx31yfHx12f+0irOdKy1N5d0t5mB+6XbMmNXaCDpcblmXT/wM4uUHScTP9bqABeuY52TdGFWCBr9wfGbwrvZLl6/wT0NUHPRlpb3ZvxKSX27baCxsR4x8PBcN6bJiizvhNtVFxrzdk1jzeBaP7LKX2Uc/FYQE6PQSMiKBeilo6x6RJlVYGg1ASKP7fu+ebRqtoALwDFu7YZ9+jEsOqfn0yQzlKnPxQibEs3cksUydfLVp12QQHR2z1gZsX9o3DfwJrVBCYxVQB1qZ8XgbhVc9kscxBhZJuDEA+2zw10w2gC33fM4RgSOY0kbIP4RjV5VHJ/nVxlzqvk5La/ECnRQ+oYPgvYIvB5pu0X7NUOcwmi3IxKzmcWOAhYXGcxD0F9sUN/+TnzWvmOmeyRCOaJ2v/ZIalR7v/mHaJdW0DTFKpWSL54r0UVKuUARF9X6xmWYK11WeKUS6xxUEmh0d9N9X0U6vN09mLzAGPamWxEWf9nnF8Ef7DNTnaiJKgwsV47yKyvwE4CQ2F6yov6ktJvHL3a6/JsGatj48mMKjLfeAyhHyIXoj20Eq3nxrnxoXUjc8LreXMtamKq4BDggoCeaVQBBiMTlv7Ysd6yEGWbFpsZoSVLU/NJNXOfFmGY9M/6FozWnYfrKKCpOpCadmvvRH9QxWytOFXNMTAKwa6O80p+CB/3Lggablh56/vTtHn0VPUXj1autLmS6d8RWCd6wnkWcnQmLVTPqwiRhcJNyo00UKG+oehYHD5sI9tafqnA1Lt7um9Q9TN5kSoUKIpkLYGb2eg6sLnaDk728tZ6eE+UwYE6r7gt4ZtQfBmlwXUGUSJarQKHGyBqxx4cO7rYoQ0WAnbM3RxbYlBeC6GCENqjNIj20tEuFYMYvLY9mMm2K25hLUKKHSWMUsMHw8N+VfG58v4AF7EBMZ8zaVqkvp7XH1wNcjUAi1S9/cKtLb62R0scAxf9JnO/A/IVZeCdrPjmZ4Ob4o3+EJGE3ogPSBZjH4DHj0OQdU8B0AWSn6gF7qlazQbLtB6KNCTuPUbatU/gThAyAFL2nS391Z030ck6SKaRuX6qsIK5tXhKlnl0Io++oUecxaZTLTc2/qXALwA20MdiyVL8dwljNsz7yPGvA0Zh4b5dtmQWSrsQ0lcYPjIoJ2N6ztxvy5IYT4vkCwlJoS6hos3PaJ/Wgkpjc2rLr7RrsiODt0T0taxEE8QK4yJpnJrBmV6vmipk8Ib6WKacxMgUDw02sWxvFlb9mXgViFNMpaLU+6V8pQtKUWcYz4PCiNkup50IczrB6KHosNQ2P3zMfx49mTgA1tpBkuVyxq3XtKY0w+aStDQPlIHHdOpXUpu6bBDCEHK+0wlq+GyZxYXqevvrVDXAgD8nOdly0DTBDH1+OWYDvTXNlBjqKzAE0G3NNWL+lz6JJm3Jt2CCjmC3uvgO0C9x4owomQWOnhi4+TEACdmrbsqPySCCdum6MSUHgkqZsQhuB0qzXW+BhjjKtuZHAOlVYc6nWm0W4b73+igQjSmTNM0EysP1StfDk/DGZ5SEYy6Qj1J6jrpg0QTC8c/BRZapv08TfCkxD+ChEM9I3VcOckJYEtt4fqi5NjdCvtGVeyuRoAN1QVItwjCRxpsrhBN/MHp4hUjEnUcijohybcJ3o8V7HprjaiCbLIKPJD2Xt2tQFb8Rjn/Q86eG5HRfLhHV/lcatW4XgBFf0dkKhvi0LwES2qrI+tS5kqPqr9B/ypD+5I+kFEWihldjyauK5CazP+zms3G9p+GnZtTTe9BQS7bSmC/a5CUNQtUlWXmjbjiSCiW53kH18HVC/8xW1eiepIk7ZIluCFZPx0GHNT2FhvJ4rHG5Y51M1PPSMhm8/+z6WRNYmWkeYpfvMoufc8lhrXjnRm+bAMRB/7SUxTvE336p0vR47/0A6522uGvKuH1JzIAAAAAu7eUjlKrm6lv4pjDRNydTf+NB9JCcR2roBi3bbFfGrUIGkJhYo515VTLmq45gm89JzIgvymf3eZ+G2X8pHrbp9PmtTq+DpE8r5S5hDNFuDipnbG2R1cNpt41AkeN3k4ViFXqurEK1AX9XVgpj/bHnqNpUrNk66MkIfqlqROZgu5lVEfmeiCXovISxfg6wp3+gLtGIOvAc0IAcNaJuMTQqUgkta3lSvePIc8PyT0AJlGOs3hvRnLjQOBj4Dm6ukofiltNVygW6y42Iq/dXbpyyHVJPY2wpjjtccFsb/tYsKZc4EgZrumkp7OKCu9TQ1LnFq/ltIhJNwX/j/mknhAVYv4aee/zgflpTs/G2jQCEJ8SBWjeX4ZQ//tfYssMuLbPS0h7i5alh98xVpD6i8V0XA9F+AkqNdso8gDM5LDWX1Myyf5RxEQmfi9+zK/zPCmYbR79mxu8Fhk2p3VWiJ3WnMiIgGfEreHZK4o8uYGxmDF888khGphHyp/T2FG08H6ufDidM+oRLm/vDHC0zGLA8njvIc2gdhc3Wc8BEjiMbHckPGUsXQUs5gkR4rZNEwEJPDtjuFZTmCft3DkT/xPgortG3vnUk8QiaWEaoxuXmM/fOFDnm/oBXtcbrblftNP2DHGNnPgknjYbsb+uMtBQ9tZxHQQ8b0faKozGwYTIV3a0J2K4vI8paSn1G3nA7tMmpNt7EVkrIrBqDnWqNVkvibtoWCThllC2SuxvW5Rg9b+jwPI9X2M+IhkwiglzNmZQQYR6jszNwmEM8kz7ZsDYEjguxpt5OPdoSueu/5K5pjcZkWDZTSAwJWeUdzkYWXsXwt0mPwbya/H9MgYkJsmmJKUCGjTHtONpOEh5TMVFHLuvGED361tWH1tIudvmVMKFZLB4aMJNy8XXEbw6va3vWe7TI7p7zgMwSzWRkdSU+GTryvvPomyrnqlVdluIM3AesDfFfjamhB66nu0K/lwSse5urfxhOwc9O6kkuKVseP5F5s45pFwnctUrV4gqLs2fPAx4QrPOiiHjr/oYlc/sQjWWJfCSgZ9GhPUeSzcvGDYDTywkoMx0C/Ytqn1CJlnAnk9q+mXU+JZO3brx53MtutDRDzji0YKNn19KBX7vo+XoJRYJFoUY9X6sA+Ph/DYe8ZHfMz26hRzEGF6zFaQG/fPW8iUfPlq1Xyv6qKCxorZXojMOkfJICOc1H0mCWD1VhUC7/SqU9/XBoild3tYyNurv3/MB/VPg1AzRF75U10sgn6r6iZZ+gauHeR+wB93mvI222hNyChcgL9MaSLRyq3RvzcS12XBCGXwlrpFInHLqu/so/ZggnWDBAKdrvCJ8WCpL0rHIa3LgmAkEskRRsJGsEWdyEwbss1m62zQAW8OYlt85RvCQDFw/K9kAtE0yGJ9hXV3UzxxwSW70idqpndG9pgauSFv/TBYbcvSCeWmgGjDkoEVzrOavGXugtgt1dXJUh+KwRMtTszTH4pf5b/NZ0MOYm4gwigxdSUkx8oA1Zy7ZBarwHVORQPwBhQQIIK8HJp/aNe1oOM6EA3uMJn5hbPhYNah1bpCgg5sLrLyjMGH75HXh8tk6fNaWV313imxQc72kEK7Qgz1RxHwDM5KBmEaB2GcvYIAtEOItIsHpttu03AQqk00tdYWk+4sj3DhyPqLpXluno4chG9SjDP+ZOopMOwxtUw2tEej56GSSVFFhcQEOmotS/SlbOWlxBpaPluqZVNVYej2/walt3NMtGNNa0yE5WbVUWvHEpKJJdp8v3corfJ89xj+Mi54AhiLSTkIhbc3acIGLIFZ7yHdLrArXpRd7CXBaWRMkAEP7QSNWTCYU5E8wuYy6gC5+LXtCZBhK0CrK4ROuKnH4Z515ZgL1xte0X3h24sRXvfkGdjrQB+PLaR98Ud5OVUzGcOXsuYaNe8NWxoj676qRfJd8a9pdP34DCxJZL4k5vOB2FknRI6mhJ0p82qeiSZA9vlWtlEagNIkjCrYltbdD/3bHaLidiMes7cxO1e6lBx+EFreNkmBjPcOIgIUQ17SaXfh7KIcgecbNSiIkZr8J+3YhyhdI6ufVN9AFiKAIoSOMlle+IEsk/Oy9g054jMfZ2W1xQ/ts9koEtp7dcYdvE0LlX+MAhoSgyFCb6IWmDixyQLCfTGmxUjX/Qru6TZm+kRzEc+pahvCUJ5v4NEaOav5KFy248EoTiepX1M/+cACKQzmBdMF6ZXT3dnv9FOpuNQ+LuGeCZWN3ijcoQAQjAHFF9Psl92kJ6fDq7m00XFczntl/TZ8WMHQ6y3IaNW/G7kyHrwRtGBRY2szuCSLNuinQFJdQ5WOUNm0VhGKI9dz1sZXe+7UvzxOp27RPdgtiqyxYUTMh1isIvzI2QxuskjGOKA8YnwOx61Sf1Chb2pIY+245P1APQtavZuWfFhybZxPwBsJghNYoPlCh1O4MqVNx9KLAAkQhR6m0huh+haHaIktyzrA4WhiQeqBuoE9mZ3LKsPahGiPcEV0zvPGo43CrPwFyKyF0pVV8nVn+pDxKhZP9+AG4uKhVVJPEdkBJHSlhpWvWGIGXZIXn+RI1H9QhiSnQOocrG6Qgm7FCC7IMQokI/xoWT5UNaRgptMrx5gf+LiRLeC/evgRyMO8aN1gJoBHv6mf6xSaGsaCfyqvUYOcrt3FV25mJ8BarWtYMzUhqmgdcMWvYHCQRwyqOmtuypa/pc46JuA83Fo3Ym/0t+D3mFAZeYix/8faPtVr2uPFMJUv79CqdPOZxEdBblYI3aWQC9iB3/3Qfw1darAzewV6nIM6kPTY5uUbzGHLKmlRaaE25jPZ9JyJz9AwzoZr69R54+26Qn95L9914TCNJmw2mFTxR0RCEdPXLp0XJAzP3t+9lArCuc7+FUxNuxyPCf/2w3eg+t4ii4d9bWgb6mTPDGJ9WmWGP4YH8ndUZrkl9rJ39fwkhT8Vs1++/lVmol/RwK1bzD4I8CsD4PfQelj6DZqc1RS901Xw8XZPF77vwk0YQlB+YlSuhLXf2viebJ+EjxpMBT6I1X0Lf8mjBSxGIIBWI3OUAetolFo9lVBCUZSnBmNeyXa6pnqiuaj4f9C3xRDs0NE/wgaFmFq8eG0KlGZxOAAD9zHuMWpOSB6D2ShWM3VtECa2MqNrB/Eh3n8fRBf8Y/aZIWZlubFTk1uqP5o2I11sK1txJt7On7FhKMvMGWjsMswiyjcVJCsqjD5uX3XWLpEaqjWf7S3rsXkXANhWG8p3iya6K+W7yCfvMG/xpC24XkvAXLFszCyc0lfdeNrP44ZCHedsnQ0JNXfZ+1HxMhpyfboWddcyVWJIJFzpr4fV93SsSNAfQmvOj/lgLuDaabsolTj0yo2gbSqFUEj8sgWSaICzlN7FoyVGDamqT+c/sGoINBTzewAQmOKIHhZrtcD+pi6TpGB3oRPjEJvcrsfJyx7LJsUxj4c4YzRxy1BMTt7G4yzVc1mFes46oXjZpilF0a+MKP1M8ck/PgIqYK3wUNNcZ3uAXsuLAT3Zk6bbo3jC7izPGaheI3vgf9AxbD1sxXsoeYU27n7oelYiQnv6k+YuVTOCQ9RL/MoiEsKsg8fZ1dJc7l4lOxkuo0m6Bb7seYp0WyVTrMxAqc6+e3XgO1Ua7Jjlj92+TfldHuHEaLIq02m7yOoipfwgVjPA2XNoBenMTHKf6qE6hYDwj+d7LQMmbQUqpvIInOQWiUxP1gg91O5AKA1MJxkc+d1szguG7aV1gW8w2uQFBpNNxyA4upLHvKrM9DzoSN+jtqrkyedEgBcLn1Xf7D7Qy5ecc3ZKE1Wv93vX8cia8u+UXFeK9u9JRQaJewxYoXtF/zXdW+EjWGovbeg3N0719sm5b4I5uqkZYjSsUgm/jEP1mqeu3GpBN6WAEBslUV+lRXixec9ZxdRlJofMs1DNJvfGPIVf85HpoJnRG+QgE3pezK+t+mbo4z/jTsguFvJJlJ93vauKrGfSUleoqp0zxO9Ek0+IPzl1ydxn3oyXx9ZMpZWI6b0TIdn11vsF+jCoEhu6IVE6TYtbuKU6eeL8gHNPNtohcjZeLuNm0RGy6yUAgbbCvVAVCXPLeoEWHnS2I2X+I4iOsqYJsrj3H0pCHDUG5mspgcEU+fjBHXiFkIYiBJru5/BUuW/t58v1UYjO37OFWV1jgSG+P4DmeTPjTqAj4HPYIpOOsQNCBAsFkOECqhLYTZSXVkK0gXWbuHd+yufxNhdIst/gGQZnu4wvz6YdPWIZDsR1lCDrr44EtN1/nMqUOwUquuXaR0oq3Fk3ldgN0OQHVB+kV/YRxYxG2kNQeGtHrvunAzDA0NGPTTusRrts2a3wWvkQPiE6bA1pvQtSWDFJpe/f1x9XwH5AR89EsGyVGBbryFEA1B3RDrKGHXuiTgjdCBrYWNHjFtBDXFrR8GA0kLBj5n3OEA6nYwyRefuYGj6nICcuOeIb+r2lSwb1Cl4AF0vsq1NFEKWhqJmFfUHjgAAAAAB89emZU80fGpLyxyWPQgruIhSEmPA5IhKN+v4ThbvmvtqJ2wXaHoz17Rk0Wmw4owINauWji4MxUTCNjD3/8RhziR2ybdUHJDHnd244IP9tLlIuR5PabyvBIHjntj0uHxjnmo3Y5+gWVzdPd7T225mPee5sl8cAX2vz/XAfTqBxmAeldcWmzCoFW0viQ4oYpm4QrJt3/LAyJNfMfeYNBVnoMtZ7gsTWtvW1a6Fs+zB/hzWoPoU/NTOCsLnDVR2xDjBw+vMNFJ1mfWBYCzOiJxGCQ+zJL7z0Ldl1QB3a4Pr8g13AbNytUKqLjZ1Dj4x0f2DP3xtiPls0wsqm4WCIlpu3UlqnznfLcQomTC8foHmx4BM0hXJgyhUgDQeM51DVo+gAv0lEks7ub6l0QGVN9x8NohC4vexQBSbkwFGxoMPFBx0THxi90Ldh6/yiTU8C+rgbCn/hdmeavoAvF/MoOqXPfraDHryez800y/5K0lP40M7O3GJtFYC0VZzx9vUh/UGp4cPMZUBzbFUVnhSLRlMnOR8PnJJs+Ns2NgBPzo+U5a0O5km06Ks5GzIDj0VEuFRHCDY3umMiXERsHlfuGzT4+c+7GxTvtN9D71BndKoq5H18UVone657LBz8BYME0ezRLEuiBMq4u9luVC3DFSLiaTNpOC1AO1WksiPtmj7ukR2LvzbCHDKLtqwMP5vz6u6KZoTcYydGydvs5jd+DOYQr0KC2ugb49eYPFcks4Cpbt/kRoOCYbe6NArQJhDi/73X93SgSxsX/d+r9BHbaZ7LY71bb7SFcBA6H+B47dE3HIpsdX9AtSH5+wxcvUBPI9/6OJ3xs6R9g6DqCxezRDXiWaflaK0Y6TyCkDMNodotooHiMDIxJSStkY8ZkGul65fbLkd8FL1iOJ9YnoyXJwiVslb3b6+ZEDEtsss/sarcspQD6pPaFO1Yhptu4R4oRF18k/S8DjsqaNrmmmEIl7lJpdEaTibBZedrHStdNRlIKKzjm5725zy0FcUhQHTYU+b8B74Vw7TtDABpFbW0daKMX43nFzsyNaLD8LqtBTRkSEzRTuGMmI/bs86G2e6fqOuuB79QW100CAPMBKRZC52Ogo88dJlw2ujXheblK4YDbcVriGtq+1DRC1wpZo4WTCKz+eYNMJe5O19lDKTaUpsO4p41yniprAz5wZPaSAB5vrdpgwAfmX8icX71kWRqY/2R9MnweF9GgVMeOhTqbsU4ExgNrEh/WRYx8piqBUM4A0/1QyNvBrb3AaXiyRhFtVFFlPgPCFYZb2KuLXd8t6iugIbCGBVQsOOES9Ls8oCBpOQK+eWtf3mgLyYKROOTcZo3/S30bkJqcJIOC89nl7bs8IZAFBtnaPxLdWkCHYyR1OFAodPECwN3CBKj+vTwwzNNosA5at0jQB3YP/WOsLcY5pvNZHUfJsUnpGFqEM3sGmuIxmpXjIuR8SVBUJdT49VgSnWNOilL80ozbe3Kv0O514kVA2GfGtAG3CuqB9HW/xDg0OU1P86oTGK/yqag9VfQ64CMYJBd6jiS1VAnaZZvycm59CqCn0Jz4AlvcYacFYEeUeFlWXXTI/o/DZZE0dTl3kIiOZPeE1w8zmWhxPMrSyIGAPFxpvbo3wiZGB7CRChXuAUR+CJ2vwD6q+s1d+LYrD3XS8FyZUZ/wMK9NNPy0ILlhqHJYI+l7atKco/dfkNpDUKeO3MzbiH/9dSM/X/cbu2Mk8xHGWoTplgzQoHFw45qr7lvkSU7xuQ8XyC8XlQ56LjHyG56IxkWNq5b0fXBCJ+dLgKml2daZFnYr8trQi3ISglh2nEaAYYBjUm3ssHIfwloAbBPrvZw4uYctkzO/2cGT70iGO997xpv/MTe9jX61hYGqRCCb29pUIz4c5OVicxeScYLt+Bp3WjgiYuBF171u+uchB5xk7u5red16+5wQcXZpZf3xSe+K1eXY0yZW1Ieq83GtiOOKcH4BP6+mkNToleHtalEOvPBWwPqUnKfhb34XeKiUoC82vFh8IJOpn89ZXzoGz3qm7kgwApTFDhXjcOF5RbPcubjlMwXvmlETamlGn1sYUHPnekGj0dXV8Vk04jjkXlz241mNh1DAls0Kpduqvl82XCAIcySg4ZmX3MK0cdzkTP1GNlBEEx4kBgoONj0fEtHAsE5IMNL1vU7IYdWCjCiXZBGaNl01gv/8DDRQrYNd+QKp4rIwJGidU5LbBEvsKDlKpCFBiURb1MW8aDY+aqIIW33MWrwVKzR8xFv58a7fqc5ag+mVK8bnfJhfr+yXEkqnViKhR8aocIB8o/1ip1MjdC44yWsDT1PZGvuFcf7eS/0np+Kx6gykVBpXS8N+j0LaH1b/kfzaQdcZUjv6v6nUcM/LqyKWLE1yehul9IffS0Nu+ueva0/8jK8z1i4ZMbCAN97yk1QELtJ1sluGelKuglrBW43dcaKCmSv8+Mzppu0JRB5qUjIJeRqLUd4FXbDBMoyaFmxVmdEXxEFmsi0Z7/gKHm1OtbHg2WZzhLDNQBqIyS/0tJ3MwYc05LpmyNCi5ys89ZXWVBPMi7mih7qR33B2czzxWHEHxJnZi8qybLnFUvhTVHkogp5t7Qm22RKfTR9JgbuEaxUzZK0xRz1eees9S6kPUlJv/vO751qMlE5sY/VYNLXlbocoXPSBm76ueLVoGrj8bfiwJUnadgjDBnkqz/RQnpzi0TgwC00t4udeM2eY1OcqAu/wSIVTHS/7xggb6KRv8MPXwDGcBPj9ST2PNH3GVoORSxULqxLlUJ0ipOXR8xYyNg88sNfe3ZMMJ6tAYF2iGbzG34rsB8nkurWdXYUaTHPIClVn6KWD4bQdjDDMvh0V3FBxYBlel5acoVmOrKlUjoNOsjL323E5syH8CF9kxTfR25wCWeoyEbCqFcUZk5oha6ZnaBibLjE25Ivx4PK164oZQIlAgR4EExelm+RNY1JmsY2zbMvldzjOsqF5O3WeyzCU2ef/7VEpMxnQyd9vhu5GFMmZFhoLTP0lM+7xy5InrX7Paxwfi32cfpXB0ZzbW8q9oYfMAPr3SVgMU2jXpucSRwBSlhF7i+DY2a+f6WTeSBoKhE+oXqMWmJ2ToKiqmBFbgOD2HszBREzr/Ai/erF4SnGgxAEDE+kpni99hgTcVSIo0Ss9Dc0VfGjOa7+ehbD2eBuAwlmN17rlTqrAwc6TW+2hXsU7KUA7Lq8q9cnZFyMsH1C4rDghB7FgYDN7NJfMQ7M8KerIz7GMIg78gjXj8xq3DALi3+w3EFYFErqdHAe20psUjg2881r5ZVv7JS5/ip74xjPO52zWNow3enFeVDhowDoddzqz86c/lsz6bau+kap6sd5ssTUgkQXWBs/r5R5QM61NkZPJIM4dHdUXy92BJxmtbeLzA66Ri6yRMOdNkEM2DoTOti8KEFqF0CDR7QzuK6JmzVN/oOFBU6EZgVH7DS85nZE8++Pw4k/jYGEJmIg7qFQVImlRdY9c3xFR51y2kPjGMjjVoxBz6zbWS9VHTMJg/+2nrKR3C7gEZeDU4qOTGZq39FICbpo1s/rRGrGJjig9arPHuKT3jV+X8/e26O12jkoRWAHXd5Vfg7rRzZeLOoNOFzw8JW/kYfTv9vgjBlXMHwHqXD+LyVLLdrXJRPr7SzBa1II/hIjwdkjK+A3My3gWUjvIRY6AW2tzT3hVh8LPJqqbDk86mq+seZFNHKrLahFlultcYQVtV/4ZI4BZRtei/8XVWf17PCulu+wU3+XP5QQdV9E0DNWcPjeLy6X+jgDjch0WeUNZsbxKJD2JLBfEftAnN9YIZijRuC9UYFr1I1uyCMP8hNE9W8eOZuOCoHUZaykOlQ2dpSQ9D6QN1LrItginzoH6c9z1PhOdSd2oENGBcdV2Bxt0aMwp5IY0cVFt066IDyQ/USugNMpR+5XXxr1vx95EMACjmPYjzx6cLnu4Cr1hupf3UQMah6/dA2Xc2+AW7H8IBA7vxZd52GWCn7a0LHrucz1w8WcTrXf3AdqwE9QlXtXdqWfyJfsWW8R7NrYxScIyH1aSFtGpQUKf4b1YU9UZviSkAaqHQEDyb36a2yuNptHViVzKqYfuYd1Z/La9ZQEReaEy9pxxkJ86YhGY0rY6kANms+qDL1YF9lVx7QYFtvGeC9iyneORikPFUKKg9X4ndSEmvcvjRzAIzhcTYnbip9as9qm+bsQhrAukROIjU8LR66aaIDgf7NGk2syaf7vIUzbdmUri5tPO3EX1ZNDPAHe9IWuY22U02ArIyXHDpDfiTri+DQ7o8buFvBoiMMGZBxmnwnlwuZPMv4EhBO6mlGQ11ZZo/auzb+rCZn58m6PkWdhopGtQn5Lf+fgpUzzioHJrMnfT1E72ZwHjTGwpjKAKY2SIwr/PY0z7V+nVDVCDokb+I2CmhHYmg+nHLrX42A8HuTOzYuG8YoIKydC0moL18rEhzcCMNQ9E3qYvvKGjgqN5zrpARpP40/7Oj6dLPWoQiUPKVD2VAYx1hBxBM57tQwuYP7IFQAwtkpUCXMpRvDMXzYBDiSLKc1fI4+Y25cMSwcnEiAs9LYXWsIlOeS9TC7AaQRkOpEizN7svej+82n+rbE0zldwo24Y33YS5jNsoYkdACrZNhfXLQ5X5uHcICAOeBwLv1D1w2D8wYukpCCu0pEMv77ow2S3frjufi+DZ5OwH4+/LZhf6UGtqcOUqUnsV14u4vytlJLVglKJ5qi3iaOZlLJOkHvAF+hi0LpoXWbzEMVzTm7Cj/FAfe7YfteduqHZdsCEZU+K4tP5PeFZd3SV//cxPGL4F9bDtOWbtJlvxuuoeDS9D9uy28ri+8KdJBjiTpdVsUo+gdfoXBup1PkDeAvR37HYN/TGE27MeSPT1q4+G/RWzkEXLGxVaR/pxLJcYdydrUWbgrWngSsLH6Pu1/YbF5NUNAGFLbUi6Du/5Plg6eu9JOLrJdw1LxbgKiCBMhc5/Ab5ylh8ebUcPe/IYVtF3AyHqD5s29w0mqEc+YatpTryDGcYEWhdlaMg9nLhznmJWn3U2C+ZqHBulPdJUWhWalEN2G+JfEPP9VK5st32wN1awB7vw5iDcK80o8NNnMlYnEKkSeoS9ASTlMAqQJlWEs+H3pig/DNl7yGnJ2D80rhDzXFRbmtHMbeiGX5ygQgzgAAAABRuAFC+0r8eRtLVjFirsuLwnsi6wPBogJwGUOjj16YugtsQVNdwlrQ0UhF+OdAZJJmqqmJrWEI7//8uTrJDdQIguLRGF8AaaAYMS61c4KAd1IOy+kEGGTRmQkdbyf7xap9PHDWm5DARgO1Dr6sn+cxd7QxlVotp0M3nvSlVZqwm/n3nqZi0CwCQAyGjqK9+dfZDOoN6FiTl5JC/I4meYecOQ7zrba1DNmhfLZU7k5rKebUCJ0Q8F6omCTLMUT7dkUS5FwiE1vbera8SkeMCJFUyTPJJrWUN4OANnMr+KhRByKV+HUnpWMIqy6isFE3g2eyGAdlx7fV4p8tZtBBsyAdqsvnVFiO5n2pdfID416NB+qZuvwr5OrJdgoXc/GvM5Fv5psxKCS69aEdlGJIX8vPGLUbLwW9nZ4+ZGkQO9972Xqm3nwjGo29SENadjUELfHSLCon+463TYaIPztR1drFVRRrhLuSEouKHxLJkJeZMyGCLdLmZIHS/BGXAwzhMH369qmz6yhLUsU4OVXXaQ4jRv+ipURHXZWyLe7vkcN9rJUe2ETrDAVS2mTRpM0Flyh9M5x/qS5+hd8pISKI9gllAKafwuEc40teLZUMm4srCPTXjZdgTP33Wzk4QY5gzS+/zxSoMuwD04Keute6095u+v5I4X+IcQPy5FAqsU2IgtH8opQZl7vCUn6OHt9ShiAfGZbPzYYp6r6N8Hn6SfT+xMs0WOVXtfLU5vpsUQO6ZrO1og419gbJDSloztXi8k58Gxu0kDNwFAzYNe+kfGceoz8ryK+ttzMz6tCVSl0KmAmoI/UXJQMtzGAvpezB9g1WYRbWfyMlfD8rciknKQrLpC+tA6gUo0Izl8KA7qGv25+I8Kspdb09CoqqsR+afB39mhhmf/O2Hb03u4mVOwquO1hpFLL1Eq9cIQOaQs68d5gch5BprIhvr5hyZTgZmGZ09/AUomnSmBs5mHdzDM3W7vDbPNUH9Px30UW4lI9TBn5m19h54AjJ4KHUgIbCKV4rXr877VOuYXutYHVyG6zOBp45Av67dj+EgggTK5VvMyIVblqU9Qm0C5Sovj5RFu8ZzUpKae9KxY/KYrbE79neo5IdSpFm3sun8RPevi2Nwlt0sSYTmonJVJgY0rI5Ksu3YZiUHSsBLot8Lq2maiWRHXnd2GlAe9ZFCxv8ZdYGCRtYvk8FrNR33T8rNH+Zq9pUrHiQs0bWpiicz+WACLz6n6E05ce379Yc02uFenedpwj/qIk99EpWjtT1F2er9t3McR9DnIFro/21yDHoT1MyN9hqVtM21Rixjmln0KkliLKjHtZM9jmzDICex0+8tMnOlZorB3aiA2NmVmjX4tJZ4sPCdM961DG8EYNUb2ktNDCSRC3Ic+4Ep+JeOd2FGRLJT6CUApkVYfBQd94mSKeeEN98eq7FOOD0vPg3DrvUbiJUMVghLZnRtuITAx2nIiov4LzNVJUKQ3LRk/KAj3NI903qxH0tJtgFHERgvdoSI2/ld5HjJS/sWWJl5WWoUIsaREn0DtNTSJ2THB5s4mSo0DC87GQ99QBRfYmACBoF4/t3wnbBheophD3uckRqOrCGC5xHFt0oXYSdJPBJfZZiTuiqcRdPE4RelroYCibOLZuksjP6bpLq7LNpGPpBRG0o2lMMH4GgcKpgNR3jxRYPKkZQApl7WTjfBJniAo7PgRip9zoUvNhO36LkpcSGgocS/yG5CLG5yZgng36hENN3lc7xlZZjKvgpC+4H3kb6da1Q8MiGVTzzI1CdBT30F5KAkyzEttrQaNPnhky61hrs/KBdgc6wD4PfJoXTuBLE0dkGXKqGsCzPR3B+nwHQmZdTvouWnGz591TbJYKu5p84ZjjB/tS1TeSDj+DrbMFy3g/XeDtzTFFrM4x4vMNA2xQ1i23DbIwUWWCp1IK1wXt9YTGCT1t+a7npp/A+pqjr1e7+HocyYOC9Wsy3TGdDW0QMCkSc9OMbKbY9IutXQkpvbv5P+N4sCjmVHdwyDFIJ6Fs5JS2Ep0uqoTqTLe5LV27bWIi+E7HGA20MUJTDi9261PyuU+Zz/VKhmDUmP+rdhcF50RULfNNHNtWNml3KdJeR+pAiuCrTt2NsSM2V2MJzaawhvh2+4LDgoMaZw2eBPVWdsz4yg1G40xADfHdJfgK8CSqiquZQu23rheUS6QfrfXrdGA2VslnZtUVKFOYV6Rfr/vsRQDqf87e6IzyC0W3Er0GFCIk74dwqnw7KuHePOGksWdWZ6/al+i9jkufHstxhCbo3UQYN48pW+XPwyGxrKFCUFMTt21O5Xe7+AxAoxPrVdpNvwl1+y/fqU+Iw4lkJG0I4vJUq6Ax04hlb3Q3hU+aFMBJTytqJ3EN9E64+IohnkoaRtDpn7+WXyyfL6Rrb9WbaZo0AjiXLPkKvnw9CvxqdyOWM9v62V0IB/2DGSan2CGoLh9uT0Ljy2fWcZ1yNHW7b+ibpDmFzZgMdQ1A2ghJ1wt2gDhI8tw38A8sJ2prDnAdzRT1aBdY5hO4KWeu4EfDWmPjcWhgCCAkbtMoXLudNTEA4TfScP7zP77jffqZQ3eMLuf2Q1C+EHVPGK+jJAT+Lj1Pa/qMSwgkwK9Z9WSoH3kjW/OLYgo/Ytewm5NAKtIkp3pLTnNOpWaz50fT6ECr6nsivLGJZxgGZvgoAog7y/BJzowcKKzayW/ihq1t3VtT+tu6qyglH2tQ9H6MPResuvYiYUPAObwhLBc1psPj7b/AAoh67G/aRYVJ6hTAeYZgMLVIAbg9PVxew7vmHYRx12bOX/miBGKVTGT2vlh9yepZLWM2gdbkd6UAcinhEt1Z7xZE9RKH6fq5GAfA4kSQj/p5KYEi90nnixTBvv0OxM7wQ3uB1VGCdhZm+FcTNsYZFuqH8LYQhC0HgGr5e4/zUmNxcZGWob9+zmTqOwRODOaLgFbW8flOMT6nq9Kp9VyVHXJIbUola7towJZi8AbVZt0EakhRRE0JgpsB1c3KHhVLFZRjIXkN6NvPb1k4E1bGJixnuZnR8nrqGbL2kzlwdetp2u7DWni21mFomhyflzbAUar/v3mVBDATfJHp6mYCyFRMw3wCo7zTmNmgJ0Sxe2h7CY29jR1Xd5GYmccD/BOVjYJcftbM2B++Skj5LTo1m1z/HQAosPHqLJhHMhP8eYcpLiVjODdIY4XMcq+hpGRrFGbdKGojBHDJ1gTTiJJvfXoytKnaQQyH2Pcic0dH/RfVwaA80Z96pRsiQFdWeFy+0oMNULBx+9GH1MePeQHqjJ+IzUl9NxcbZfyqj7Wi420DkqgqcvdFjCuN93VHy06nGklDzyhe21lpMPq6N4CtzS/PlAjXHM4PmMYRd/eqGUi6duqE8S0YYYbwbbtcPUIHrr2d/v8PZuRwVqtQRQkmcW0k+rrh2d+YGaaAYc5wwoyMlYXn4JFKyDoFos9jooE/a8ugQva6xp22YWbqrHRB7SZM2muy1OS+aKniG1mGP5jsRMn7/XDTtiMZtXrgkJQVqs1Choyj+kcW271Qot+fMG1+fZ7M++XYBwPQ2h8OTbO6bv3TadF8WCtVIQvLgS4azwoE2HGKC/kbm5o7bPvf99Y2QLH5oALkIL9+bS5nLq/fzFxNjB+1Ty1U7ERY6dv/IyWiLBHZarOdvCdCsX/xak3A5RJ32kVSI0lLhq5R80Zyhc+n4BLIQnGYAMTSdFbjerqybbtbpAV9jaVzsGfKgAYN8qTa7g9jyVL95s7yaczMU9SKJjDeo5fL1s2ZFUjpRwmWYuVHzUvbwii2V01UlQg1YesvrEJyGSxAviSoWK6kvp45D//jIa0ml5PArFzFr96V8QD8MRYZ9Y+XpoorZOLP7Cmz5sLZUC7stxPz6EMabESIS8IYwGMQKY/jt0Si/uYH9d9bFWx7rrBDYmjDx8/7cO9nrxcN+1w/zIBbp+R5e9R9FJ/R7A5zTPL8Ye94oy8G4jX5MkxNBw/onmpKOrDGze2y9D2XliseRgsfarcWlNTHxm3wI/cjWLdw8FQI0LHX121ruObUvRT/Pmb5RWOjxgsMflvg9HU6nLMKzMrZ2MDylx+MTfVnzMt7g9X3dc6/uBW3opYghrhpuCcLdWpadbHHmPAdoI+WpZAd5rb/WXi+F+Xvlr7XWYnnovoqRy0W+OK4sifdOiWkqiceR3rRovlYhl6keHCxiVaHZ71rGOB7FqDiQ8m+Gvh3VHF6XeVhGXUCXum+wJwpRk0JIk+dUiNwVWJXWo6lj+A24AdHTjX1CsD0NXW57LfhYlBXWXHAxQRV8+Lz+wUgkYJTcTsfQirPqQUzG4M6NS9pwMTh6aVLVI72NGTHSgkZh2KQw8xV0I86BjXZZvcFErKSQmpT8kNV7d6cjTqF+aepLZCUb0+AXCwJjn9evMMuUkXvIfRDQxqsqO6KYbQbwwBrlrqNuL4K4TL/Y5JsXoPpScU6apL8/h0qLAaoPIPzdCq+x/0JB+4qBnT8R/s7h5Uj5/xPJM5o6uj5v763C310JKfPNTgkURv2UhyPN5LlnbPyJdtV7/1XM5Q35vmDXw8/ysDlhA/58t9T9G4FzO5JZ7Z9l2eQ/i23BKyIFpdotGiu+AS58QYyoa6q/WOtPf1B/GMnbNOcdG2pE+8JJRfEDyhcJBkZpyA3M8C5nCFdZRDN1oDa9B88VN2sU02qJZh0l0tL77A4S4ciDhhs1zxo6RttmKpkuJsp53PPIDnOofStJ4j4Oa+NSrAtGqfJotTQpU/jFkbM8XYxyMBP3+bvT0PA6028RIfs6cT33ob26iic7ISWjGJasV1gLBuI8BKuiLfvIEbIP4q+J2BRN4mIHyPfZW1KjNrFDNK2+WOWfNRfWqSvUpkdhbAJDD077928GYyPGT41Xfc3IN9h72aCjGE9vUL/WEAeqovGwZmVpELPQVabcY1x9eurYhBYJgOvbUXmHrSdLHirrKkf/OAuQr0Y26mtf4GEkoqiB4foezfnEvX3vzw0e9KmBw2j7O0GgHJacuHsq8uzswVxXRQDJMBuPA/TAiCJYbfAvJylPex3KZoDTfdrbOFVs37p+0/1T8jI8fMNVTtKi7qDb20MxIIAAAAAobl8zD3gwW+2UbUc73fbpaW/2JJlpFecjK5fKBUJEszfo1LqhtyXzUdsnV0aSC2rlYzOKfM5l1KujyJAVzFiVLn6mLnh2VzD/s90Wy4O0AHAnKkayqHxlDNJLA5qYvu6x3XsbZPxElNCJ/IKHmThOs+HlTOPuPVEZg4GF6yhdMbrueRZ9QPo5wbem2NNVxiya49XU+0zocx9mvbiF0r5WY4f0LA3UXp7tqtLRlEzukiJB/ekv70hYMtQzN4cZP0vu9xELn1ZbJeZV7Pv2Gs+tHdrvyDstcs/3A+1Ny0oXVteuAYtbHf9U2s/QfF49iqJ3ny6SkYJvRr8n28C3UKop3xTQfW8ACuM4bgWJO9leC7mz6TFrf12CjYAZe3O3Z+QnEvXBoYdDr5XYntvosQkA89JpHU5dG0K48VKB5o7MINdNhFHd4r9uE2phe4Va9jLxzC+cwUJJ8oFVuv5uVKgz4eJRijR2Vm4eqG7SAugy4n8fV8xQHIC5CiyYbeGNjfia2rvLFgbBdt2XxBvyMRXA1XPsD/DhgwpWOucQlvUJts4+YeV4lIRKLK5UKotHpUD2q07mmAQ/Tr5uDGJIwlie9pU/+gepN+lKBxJKcYCtwWQX/CGfHDP66Z+md1+INQMQvEGCsKaqbGQYRv15P0ZzeJwZggKGNFiZhTjV+9iuZuAbo6MkiaQw0cIemDRJs3Jq2lNoz+MjMxLIArnjAfW1h91fwrrI2RFEvFF99gw0kudiEi3v76SodiNFNrLe+nuBr+7xNSzP30Z4fR2vApV+R2DucjE2+Fd5BoSFWU4CDYJQ14Gdn0BCbsdUuR3qBHXAankHsZLjV3vg3aq+xDmYO9eujGLJ7BGili2PlHOy1ucf6nxkoBBKddOxZSynAa9wOvI6/kHv4nHyMTQFqGBZfW/SFen7EUvS+J+aajnIsD4c9XsHrwTshC2EWILO4Urse4/f2jT9qtvHDjcSMJYeY3tiiWHkrgmBehiIu1t2XvOYpUQBpAj5tHL8uLwLLVaUpiA2SGtC7+j5kVKHmoJsyP7UjrvpZM/j7uv8WMda8SNegLMInPDTwvyZfGjwOJp65AfRtQj5O49XwEPHnk01eYfmipWlamhEUYo4LhyTyNjZk2fzg1q59Qla0O3i9dwY4BhyNFVw2kBmmv3D3H1GmlcN7RVMXPxCn2zgIm/s/2uxQxO0IOIpqjxKw8QNy8/8vPZ/Mp8mIORtNcOlsAkPGWQA8GyNFa+AyqxNsLVd7Sp2uRJAfy5xpFu+YZQ/QtfTnyyrg374V2rLwSYFSAecloDSerVOnADTNJCdXeKlDsV36CHKJeEZxhCn8MuxTiYkLy386bf1OTWlbEkuvm+ro2BScl/CKlP9ESS7L6Uu+5RIs9fQTnYl0eZlIu3h9g6Wtajohxz852WqcaN25/cjBwF2TU8vMn/hAthEE8uQE8eLTrkcTYOJW1Y+qgHfAkN5jVGbVkpXFU31/5tBWeaBEQWxe4bSfWGwwb9YOdHNqlFfWeJVmgNrfycZAM0ux4XLJOkD78KPvergwWwEOsgw5+D1koVtsYw7wxo9mxy/N7rlmwFitS9WF6VeejZQqVKLTm6lgJZm92YjORoH50p6InOQnLqJ8G7rBkI+IsJsSZ+o3hPqhrYD0NesH/GUtdsD+ZeLB+0UofnIUbHOc7DwG5ugtlv1d6uvp0BoJWieASFSkJ3s33O2HypDIl/jckJSPVx0VsnncN/OsYqSyccKBlSGukiHGRTUdp2AsNfS749UwFYu59oyKIN0RHnrGEYUPGB0a3vH4+Uc/0fpnTFuIf02uUBj3r73fbWlTVdAE4Pi1twZ6lexYyIvLM5F+s8BN2FGhGp/FtuKCW1uk1KNjRZDSUoIJ73Wr1qHGUCpD+LVEjPw3ZMhnlyW6CwlMWRiVyvC6OU0VRA5NM+rzvOon30B8EfI+iwW4FL4QeD6FT45d6LiDqAIo5HNq6ayVLHyluPU7TF1pyU9plWaBJ1hO7b+1jb1NcZc+Flm7tFD9WPJutotPganxBZ6hXEPnyA6Sk7eLkIOVi0j+mQckDlKr9/NJXsnWp43atB5IKHp9N4SUrNSITEypobLgGUiwHowEtxzvsGTHvIWFKXySjgT/AYGW10K+SmaKI3IqW0/ObGMtfVZrQmjknFSCchaZowf5xQzEpa7rjLahBziNgwQ5UMP7VT9B6+PB+bZd3zi6E93YIyLP3zpzfnAaTE3RycS9UH+282ISqCDT4nGipBzNAp+BiEUu+J5VlC27nbUcD13rYXVYUtyc7OxifDe5o91YVtdppqsviFtrXaiQP0ZOODVxjKTV97vtX2YpdlEVQe9o6/m2I3HQaam65IHPlZ5IrmBik03BRvGza79BmOLcTNTc20PVD+yUnCrjz2VFHY6cwb1ngjyYl8v/mlTK06DQouLdRpq3myoazAHCYAf1nvursGo/VqqMb/AHAglOLOPztDSjScVKLBaLm9Hay9wqhKFMVdtUR3aJLGb72OOo/h5LTqMC9E56xdxVU8notKllJlc4HPgXJQ0GV+RMhkVbGwiSAsaHe1PGPYA6BK10pKt/GMINIJuVe5ZojqRCOegf0lELQ9xw57JR5hbQ3i2OU+VyJwrvyzsd/jov+6oiZQQ+llWvUzPw5g2nBPg4LBJpbZz6QjbfywZGEZYZer6uASL1Ow5JwOu6GGEGSrg46Q6tC0VfwmZX+OEOYiTQ/P5XrULKQ03uGjdxXLZB0n8HSSPvAkBmSj18fc5Nc4TC43gvlG5lH0kedqz4WA6896Hfcqmv+hpmL0Mrat3nHhUI8d3wyBztOXgQyXjibfqBtrTIHuiQR/6G6Qa+j/GnXvbFgf7dQQznptQpIZOnwOtlKSO4rQreeSBUqJj8z15mmWXufAx55x7EveGz7f2kudUXfZzAdL7T07sJgyQWCDKQXVSEtMeXPGJOxH8H0K5f1ENlyPpefoUkdyCBS2IbbbzSQcxEopVJmPtghtluu3cwaMNmt4M5sVBZ5CrZVSviiYKlhvNa6qacmh+TjMNmCWk3veFkfKdt3rpsELuxIJf7FCfaq0ryziBQyS1DKmDC1y0gYYb+7KjGELnCkyXMhW+I/XuVn2AKDHEgq/2MnilMnBDYUmlVaA7Llv7rzfAH6S2IVjZbTuj1ZDsFwgyNYoZeRejWyxbJn5lA/bI8Tcokpr5wz7AtXf6AO4zgbZ35O9GMcETiMxhegyCflYgipeWyXTEfSREIiTn5VI/z6OQCzg3wOu7rSqNEPJJ6liqO/DxkpsX5Dg1DcGneuUuSGFpHw0X3NL3jn3Y4ot9AatsZvjBau5vOCvXdSADet7Xl62qNHI7PECpQ3ks0aCWVC+ogvMA7CZu3pd+oLaNCNxgHngWpcKyfX59Nz7dJjIsHyNLoxis36J/+vkTb4dxl3Ye1w5dwckrCKEMUCr2fD8QYDEkTU24aofaWviP4mp0d6BxIWEKp7B+HRRZRd7jSkDtAPOBrSvgbz48H0ygk6WAJI4vfj8beX44mHb6mPuoew8gI9A1KFOEld+gds1RzPfrBGuDX4VFNBXF02AV3ljKXg2jVUlCdnaDwat4MyTj1lByGgKQVgXijCOTXwXBO9n2QyPp+Pcwx+bhTOpIFSCqt9wpIgrgmqX6BUEHGvZTCkCr34cBp1/wgTRGoHmgDL+XsXTvXAIK+ZarjqFYV087bbWU7oL40pAJM/jt1VEt9LG1MJasOyPt5VFl7qae4ceQawFig9Dv0zfw0KprOdeDQ4IAXGV9q4yVVu3jBIrlCSw1Vle+siLkMuOVikOJr7+f4KG81PlyEp0/tDasG2CzU84JQER9WNHSdMiK4yp2CxCBRBu2vOVPL5tD8HdOT6xD2aPwNlkhRJBH/eUBoxm9XU4/WK99YxA3WiFUyRpYSWvYQvw4ts+9rBgHMp4oLYHf8GBabPACE+3Sr/U6jbdLdES/WvHFIrTh9Vn7MyPrqviKJrEGXTEd9RHsr3F94KKI8FuTXPCVBlWjOznlPK8ET/3BzUHj5xrffRor+vq+ZwnLQrtucqLzwAac1epgcO4lbCgIoR3mgYwWtmANtSQdLvEn/lrkKBhVIK1sQ4mw17lwEaolYNu2FvA5BTPbGfEQBn8kwS2DCgpUVjOrRbiSUGeKomuG68U9VEkTKivloPk2VvtF9dJ9AZQnmj9tJXaPAqt+/DJGTwT22aNkQbUhySdkwOpeiq3YsyrgrE+r6xtd2pR8PzHrGGZui5mhoLtIeuu8ojdcZH8nRgWetkuV/KwzqvwWD+eQoV9OiXbpiw7ws2bSMAprJCqEwq2CKo/zRmcfzGu4AdsvJg7dsaUci4azBPcbnQPc7ax/Hrz1keUQT84guFQQ8PSv2mBlOE7nppSb0qEjqWKb+U7Yi9AErFB7C5ZmB3+rnUXf6E+hISGUVGYjrwXvhJ6VgKliUBINkMsvnrCUNMdMJl7Kv5YWI/o55kabuUBsX4GeTmrKX/Rki2JzB5edPkWCFb+GU8eJiMy2AO/V867Jgjvk2wKZ6QaBYJwbwTU5XzNV06mUNLQuUb2kGM+8sceRqh5B/ZQw4tLhHa1SMF+R3YnyUEUG5qxF1HLHVjCkf9iaMBravbuluX/naDvEiRBQPWxOgyXbpCbvkqHwqI4uTXCFw1KhFuIncw6qobNVnKly4WdBmAxNiOsmI+WtujVtPqH6PNsHaNJo3vJ7dFHkGFbKBVWRnGPHw2gH7S9n9AUpWfjuSQFquAEcVOHSVBUPpDHPsH/dVp4vg5vUkILo/p8tYnQgEQtxE8PFVwo1MFAtCpCAGq+9fNvs7wsMV1p5Rc5O4LWHx66EXcyGl1eDOA7g6LTfJyUurlgTN93VvEWSX3Ojs9sjrEJyriqNsmS+mx7pFTZxtCBPSwbTHCqse1N/R9x1PoaDHSgM/zq8C4kH+mG639233EIFXzmq3IAhcUdnDAXdrTVApjfXctleGFEV9xEWr46XqtANEVKeA3aXPw7aO9GxsRz46V6bC2PLom7J2oCLMadS2LdztwHqEiiuczai41DilBHk0w6SMP1f3KFdo/q1rxfrp3UckjZmqPNjtz1oe82uZDhmzZDdIwuC/hxBf2Uai1r0DsVmA+yJuj9XIrd8+LZLTadKLVclPXT33O1cISoLbU/DYOCqqGb9I40ztjFQpjSue63X8nkMkPbUqgg60UvMy8GhawKZ8qXheNTZ9xA35/o1sZDP8YVtJA2g7goaInsOpfH5fDCkmy+lhazt5epfd8I7SAIy0KYWbMuMhgAAAAASBGDsMUydXbZS2qyS2yIROo5qjyLFVNXxygL2QeapUWjYOLfHwIq76Kj8ZIwUsqcPTmJomVjtSaGbp93mNObCLMmkAUP8USgcFJ1zSHUCL2JyWkAy9dtAYUWPufKzrJbNOhnHPwLVcxSJbi2HUW0GGvcxYzjilCt2tKEfBDLJXdGfyI0u+OTPcdRjub3xBwyvkVoeE+CjRduqY/Eiuq1cbt9h6Nmt4wy+gdMl5thT6/ZAC0TphVR4XyylEy1DDHnpbjnUbWj8L9fLeUTeoYxUpDq9MkdieiVOzU9KslCSmQnhtkSCB6aUDGhbsUOrOJ1i95hXJEcJz3fYtjQC+2pKrvhTZ6q8cwBH8VOqQaPBlYzfKWci1e0IDM5G1YOw10TQhKDGFw+PwYwEkyxfQsQlCR9UFUlS+HZZP26Av4iLeHRoqMl9qJ31VQ+boEulo1eA4wHnj8VocFf+AGVY7HElElDBpiIx6zCjaKgtZKCoWGtQ4ZgOkFbmftWjF5RSUGGNhfn2bOvzVWe/kYxfb9GdIdKsWe+HOwY5O7MLYjvLZNeJAP4kxHmndI7+Ar0y5V6B7ia/n1uMQ92MhfvzkAWLY1Aj3YIUNX+2uMjBmYlzkPZau4PPmaSt/3w2CZXaGRgtXWQSBPUeff+vWBOIUzEOUpVe4eQRPrlH3yzJSMP6ex/dov/5tRTETET1LtVCt/PS9GrXs0M3PwVyl7en0ql2n1v8LBlAS2UA/cTF8LGbFNFoGz+9X+G6OcqQo0WsYSfwrYiD4lho+q9hf/ffxR49dZQbcyycax0n4CJNkCUP1WlCs/rBpP7dhv64A3f2V/+8YNX5ClpewahwxlVUztVfbDxoz/t4LJLPHTdiiDLnU40f1IG0UDTLRz03/ebf65bg3TwJQNWCGBScnBGL2jz6k1V5LkV5FRrV8J7mn/xDvxQrVD63EOmurlZW5w6yJ9vQNx6gt+7SqOdRz7HTS2TAcyH2/2dUuEiImnIMwZpK0yDhDtEwVHhsdu7MmFnL/5loFlBinc2du49YFgpwRW5GzbxBELucYIhkhdsOfGjE63qhbYLep52Xb6+AgshuiyozE4zSu18wp/CDTPajibMGsqN4bN6HKcQq7fbBKNp0wpu0LYUkCuRWVUbl/ogtNRMw1KGMIMN7h7ofFcnPkcboDTxmi8FHdDU9M76HbJbywwfl9fy5qlK4X9+BpL+3H/rkh5VGBPFGmOerts/ZY75FmI3F5gyoH8xmLASSDRi7QW0pmdL5Gn5N5lh8z0gUbFcoK+Jrg8qgVeTmNAhl3tmufJKnS8qXtix886AqJgDQv2eFiP31jhf2Sawn+SOmfw3SvqvFKHv+RSiU7tWKA6M6eHdDwG7iQLxf92RypdL3BYqFU0NvBaAc42d6fXaEBxv6+NgU/Ai3XQY0+vcjI5DPkfa1d31sJQD0/jPaGOKih6CvyTUWiLyy3jp/o5JG5J+4ppMZXQQ8vXmMF4lajOPzPLr6EHSbWksusaetpoQ+MNl/5ZrBJLA4gPirOVW6K0mGl0APa4pQ7lQF0MIyGMtjo0I///KnrmiKDOWJkJbYPG33xsZXo4ZLez495pmZUc+PA9dto4NKhhXKNzki593UDxmzqU+gu61uT0dHHajuBA9vppYSmvcmdr96htjpYRPbw5/X8XuL34X3K11nIHhjQEorqSeAhQUr51WW5D+5/4zg5FrdFbUZG0Zzps94QRCpe2hDRQAcaF79LcuHO2lxSOv9dIrAx4I44pkgkjUR+40GrMlwSlt2EdTFnj19yn3g0ugubttAX+H+WPXpDfgUYolRpwGC4igMQNvyPBlaxXYDeWsHl0JnUYjMqTfTmtdxw+R0nTKKBSlIfnUmtLOWffgq4s/cjcFDQbpu8oXN38Tlwrb/mwtOcv3wTBPRai5Db6gsPHoxAEmWCfZxQItD7Wmmw0gXLyLyg2Hu7Yc+x9co8cGOtexHaoxdyJrrW9BMFC0HPmUKeeAIUh5BYY/j3/XBVSkubMGfKJEtXVHGU+hcZ2piRba+fKgai0T5zg/6lL9TGDQATBYToOV213QxGuOmk7YaF2v5z7b1sRhHZaX74sX7PtrmJ8DT5E/MJHs6/dUeJ5j/hHNnfCJM4C2mddot7r6S27AO6uX/EFuNrQjd0yp0h2t85sYbb96r+q3RqgYbsuD6Ka4CTYQlnUe2jnu4j0mCuB/O2Tg34+xY2Lcb9Ocjq2eMcR+5VWoRJHTNnbvoQHVZjmnGnd4NC10zcKlmIxWQy3ZKSIkOAjrV3gR68RVEOljNFGGwMWlWiNgIta24Mo0jWNRF2eedZ45T6aRiTzG5l9vlzQMNtH05f+nDTS5nFluF7K/IliJpGxNApSvHk69hbmWI4enQ/GdGUuxjCyucXCkSXn3ZVF+AuPOeBGVAy88c7JOD048opyAs/rIjzhU5Kh8oY2ghe1PR8cqG2sTkBU3+6czYM4XwpIItEMcIkd0nGypnUid6lwvi0we1IcIJSeUpPDQEQs89n7lGQJR+UOOkgiod5ekNDk2e9h96GwWWshM2Thx0HdGHiuPiz+YVVq2TqQi2s8W3OiovX0+tiKDdEYvYP5l02IgMsICTBqCYqyRd5mtgyYfF8/0ZafnqiKnuuL3WRuYHa7CilAZfjShSW1t3Cp3/Y/Duq2raVi8xYrWh/moU6/H1QZ9ROwUCPt9TSlZeJW3N8nYE8sRU09uXl883dlMA7+Rob2x9xA0Y9ty6O1Exx/jB/4E4q31thL2PQ1ftgJB98K59rFL+5K9BPvWLJ9aLUF2GcoIq3V54CLEf6mhFTLhlvL2yntGEBy1A4SPT2XGm9fzEblvMSZFRtCzulLMz4U8lHfl4zLpqHOloguyQqUEn+uDWh1Sl+BDDXJKnNyW6oL1mpuqqpVjHPcWtFwhpLtUtTF15GLH7/NQ8zF3xBLLamf8zpOgF6NSUbeDX0REzQerbtitrAJY2cMRiK/TjBafXu0o5ppmM/3j1TkI5PIOx1iIg1ourvoXWMVo+9FtXKlBUVe5oX+MRB2gxRmcSTZBv2nLJ5JLmNx1QFPibTFKqFxhWTI9nSD7phCVf+4/dI9aZKGsK+3iiyZQOzR2o01MmZfaW4+8VjJ8XNy2Qx2kXdgVX+4W77w7wvKsz6KUL9kxLHwV8GGhRSwxSAhWXJN0ELxMyL9r7Rkq3pPtIzc4dN8uhewPaDh7ARx30p09mln1rKi7udxgsbVrd3Pr1cfomxCGSFwC4z/U1wpi45bDN9iDBc3O4LQY8eXH6PO91CDgTuZwgYkB69n5cZXuGh8xgEdJ5iWpABnQH279fFnTMysa/lDCdBhXyRRCFscg9W55wBEygq8KZ2squGVBfar+6NXPIJMS+uNpPrSfw6tdON4kNWRXdimQkD/XV0n1dUiJnZoxAg0wZ9JZRTopI/CmrfLp+oce49kD8Cz+i9jkLEnJnr13XhM//Sf/xHfNo3rvAd4d3odxUqx7EbNyFEIInhiNvpQSxToFvWy3lANVa0GmNTp7ko2Y1I9uMnqVK04IImDMTU54ystrnnaYYR2GJEJTi62PlwJnThhpKek4xpmn89ya1R08mPvXi/VWF05o9lZl7UUeIs0DDjGKDYN5LKk/QMC5DzStHaut+qWMVt/kDI32PsKOFTB62NrifEI9Sc6raBmp2nO/CxvkbspaYN/LPpUWZi9JBte6XxrVEdh0CDklshrbwdOqUMPuJ4CzmS1mqbj3yx7ma87jy1W2/K3GRidujOGmaYSh3+oEx+H5qxV9wc0DI+zru/c150I9zeOonJocqY0yJqDYlF0AS+kxww7MspSBWy/5W7zbIrmJZ9cHOZg6Jvlw/Q8Ipk4AwGE90AeIn4YPdY6CrvfogkiUeGrXrDWX6xN/8uzD9BAseofQx0PwKZ5eg7W26MSkwg3aOnP//3MZdga3XDi5Pex7sj96C+hdCU1riVfExdVQwNv/JTXYX/7GtH/bwyPcyJ1BmlKPUfaf7wiSynI+qidZ/MQQlMZ6AncKM41kEC97SZVD2xRgzTAknn3+FdN7c4SqThxJooLEEYX5dJ4zuEtxSAxnrvXcdHLhzEQGLNKFkZ+BIW9+WMoCwZbdie8b9PkGPf1ryN/b0uNIhUNsN+GqbZ0iSSiseg+v6NC5MVBxoId2gwB80IxW6qC9Sr2UqMAYMpmfqScTuo0idW5yBa4XTIDCJqbXd12232PGwYIXZQaKgL2+a+8rJIJkckqrg1NKrwOflJyvBnspo8D2lCCYcglr/ymu/necgQ3SNvBPAZF38yCKzEcBSGgev4fMvA8vF38sgF85JE/wX+fBctIrmAOI+D0y6HBN2fujhPUOvCUGr7lOlkVr0B861hUjPyFSp1W9XOksef3eboOusvhn3y+iKDpGwjpwfWA6qwCszUZw9iKay2PFIGva3F4EgpqtjvCe6JVTfQcQFcVveOVMj0zKQXZOOl6GkC+OVjJo7bT2tjxNaSxbqbArAnEGf3DpxX2c34DQNaZcu4OK+wwZc0hO+UfzOJFTfJMe+EHbO1qgxoqLyhZZ/TxfwXYLMSORksLiCtEbxAui2Ad7rsm3uajY/MTI7XF3Ng8NaJ9CWq1OA025WPe0EKIGpkTxd3TP8x23pgR/Mri3Jw6YBmju5MduVoNDH/tYzsDN3/IieuJ931Mf6sTFxu7ZHWSuLHXm6j6S/OS3haSN2KU7yxBE5bqHI+G32v5EeUJ/IlsliJPPccjj4m76V9x8eGbmgrQexmLuFRX7S/kPlVILcwT+4YEK3yonPVXi2EknM4Lx4IbSu4lybnYKJKPQLK+oe/MJt4Hb4Qiij/gim6yoSJD6sJjU93g+DWTKXmklOieBwqSJ1HB3g9OxBI8fV9Ph129qbS0KvXf3G50E0yoF4vzT16LTCUvy+hx2pL33XuE6UZeKNuKUxNZ8PALJn/kDgpt+oK4UUvuGuwMRI4IfYm2rNIKB3mj0h/gjew6IDMe2riFOxchBpVfq3OpA6gnCQTX9hGHOw5XTS0e0+F5WZCK1a6cKSyDo5YNL9lQvpfpKLn/TAgNgV6aAsN/8EY37et0b4KLvYn8GlvLDTFp61X+J8BCULQNDe041ivokW+/ir64hHbkiRFeg5ZRhGJ6gLhmpDfwCBh4Uq5jsJWCpCKxGYE/Z7Uo5bbFQ3jBXW1/HRVkjAAD78lsej8HSb002MQd6vZ1WWxJKmvEN41eSyM0Ney5+gm8Xqc6Yv4GXkzVlgZSIyRLx5e6kWoGBMnGvP51uLFnL/urzzzcFLFKnKjqOIzZN+ZEFiXpE3cwAAAACMggp5nioPUlVQ0xYXE6jXAXdTVtgQIw7Tfpgx7T1DZiFHUn4dnwlEaq915kUZHHQsiW9LtJwZac1rU+T//4JxULD/WZkskYv1Pgbj/U1AxXZaVoFJJrvqgFaZrqZgoODxmz03OKQGEKI8uoIXiYteOuRkIOsv2mkZgiJq9Pvdja7EneI3mXTfIaWHnyeWicUq8Ef6GAMDOm4tr0D+iFBErkWihdlpBhectsKoj2yPaU8JTqLqCG+80CdP3/uNFEX/MicHcbVIbgnqJ+E85jajNxiqZeidPbdvyt25V328b4j/BO9aU4vnsPv4PLWR4D9eI6SXpeCeWFrpPZH5Uwpt8FD7pSQvXz8M94WWaxce84bPo0NeIpyBot5NtUxiZ0UQu7r0M1eSfxF2aARCC1tO55ACD6EqpSecNK+3qljIEaDFmH9i1uzN+WzSkkwY4GVV0RJHVhJzkUkg8xgK4jJX/+Y/Ns6EG+jodfOWcsxH8vbswDtmT7H0f7Wc1RD2Z458GYVPmBkQ5J+8jR6Zitvn/3ZahgbgR60jdJVKXQ9NzXVoFYq42WQRbnumQxkHK7e/00C3YU6x9xRqejjU0Q9ZZRDdWj3A7D5m9SlBaDRBeBTgOfTBuVX66E9X4zdyJfJ2Eorq2RqqY9PVHPVl5VCUB7/82YKs5Mbj8R8IKErQpdODeYwokDVLaOFa90n8f7ZqMqrtJgNoh1OUcJOUrsxN/6gUBLjHJG4b6GnNOR6RhgmtQpfjVK9nKfklNRvvjqC3SlE6530sP3HwMQf/Bfw6fWq+ba66O1+IB6j5n2B5l/FvUI9XlK7KcqVCfWiZQ8H04YTnu7JJvjwiop+aIvS6dBPWB5MBqoE4b9f/mUA5PLWAUHTe0qnG/ZguLKfZWXcSNFgt0SkBtpPe4R4EPpDvjnB5jhvsbAX7cU2orqi/K2tpzQvwayWGzaP/i/C02PtegKt1TuSx0u+Qz6WVQlrVSZ+NI1Yfk/+FscwUxqhbpBEE0kTK9KEhdRHYHSh3gFw6/rpuUUChWVXaxZZT5KnS/cFjV1HhVe21c1ipKkVYYxwxucwb6E6/liyUmtHfrrfVN8FMtu2YfbtMShJsedpe+M2d8OegoNFfJKXYzOUuHMTH6w0SDuoDeJWMk8SEVLBFL30yEBPgBPojoZm8gJ+du5ndx/qSedgOi4NWIYtfJT8AlS9QnqgphjeUj6FCdUx2bnAfY83ywo8uRLp3TJsUAgJtRwrF3KQzxKf76tP5o128nKmAwczoivstm+MRTLNGmcPlUUb/2NGW2iMvXjBPdGpiUxHkK/PDRECvlKng1CDkxwOBxKsbBmZpuQ9YG0c2rZdjIrxh7vQP0HSsfK1HhjYqPT7z/NTZv/ldazbjtWf4MdbWohjPHYizUJ2eboJZ6AjinGecOPpxnvPlN7Uv/2dNzDFPxidKpWelCe8UWG7wxVVo9bBgNfle0itv9Eg5cO+2e5lgGljV2z8ZcDjHZsqzEF+WGtImiad/+QmQzdBN1Qir4kmYNx6Mk2Kr4X18A+22Sk7v1VLWobzmuN4PHGkQVrUm88msbADnrnujUPQ2rug6X19nBtfnVKJrQglPdT2yqcVudtUFUo/y0iqFUSgju6cwH9B2apNUpUhNozussks5S/9XiE1f5gFwma57kxSPpCvMTP8ZE0vJTLnbUkIeaXxtrC7V5tG7nSffNqY/uD5969fWaEBhoMITv68wPckMGXv+Bo7KKcSlrZ2PFgyi56CpZDmRX3aRk5XSvWeWgsxlbJViK30YRENzRk1n4K5Or13VjTt+Y2bSJW6f/xutT4Bj/duxsBfYR4iVaBjxg34fTgozPugY04tbQ+kHv27Ye6ClBICxo7XOoL4AqAsY8V4T0DMFICp/mtjPW5XoK0KlZLAHmsYZImSzQ2A43tTD/fQ/m+YxWeq1HbX/E4QqvXxruSfPeAgXX2aDOGfEup2c8OVw/4gKQ9tkFq3QgcOhOzf1dANVd2qDOF9U06VK0LUfErGlnYYZCVf3r1oqGdWtiOZKEsFArfil/SqEOm61arZqjruoEKZJ0I+w1grTHs792UUv1GK1hvzuYo1bThBFHtpUN/13tBHD0UvMptco0ET/ZFknGSgE/5z5P+tjzaus3ie/9IAlrdsfmnDNIjj8wCdTOftIlv1HK9f/FlCrM+AkMrJUJ0ajpX0hmqEuYCsMFjzet7f6OCV+aNU+WJ6oG0GextlSKEaGjX+8FQwsNBZNEI1PrH5VhlncyOQs2eF2ftxcUuafOZYwBOjsI2IYvM3Gb/+Vx89nEuy9viIt7kH7yXRmmyniEViPuRNJlTSI5RbHRpXBedCu33RpgUcTaeruv3dbReXaUzabkxAnql6Vgq8rWE0lk7aBeR/eV6+QEvXK1CXoTCYJ0T0FHEMEyMmaev5BQls2fCJ3GiC8gYiw1iVaWo25/yNeFlNPeKaBEd5W/rnO3/5znKR2aIgvy1xzylzXAq6jmCe4JE1fgWn/D5VcRgFbwxV0MH8U8AHEB72TuULzT+XfR6Be5em4bdAxKa1wHji7XMy8Hbnxlo/LdVzhb4pLl9nnZb9M7rZuvnbMFW3p3AuJtUtyo7dQKwRB4e6AvmBYesg4X1D2naWYxar2IIDeLm2JRykWH3hbJlN1Cdb0hf8Ga7rUkuFk4/9clJn+lgsTTos2ujAhVjF6lTX6AuXP5b/9viq8Aoy6sGp6ElUkTn++YbIK9dDUwCsoCEGBkqL5NgHseuSmp7uF/V7AqYQO3nlXxWSD8M3qGVm/3lyAC12QMfaqZpTGXuTjxBWdAt4sMWxI2L4UtfU0llNnWQV+bhq0syPxN428zGsxUUiFI3L9DvG5OIc97jk3Y3j/dbLVF97WGdC51GOV3UB4amz13b36U/L+Wk3njLEaOtrsr5tyhzG0hUnAkYrciI6JMpcwl5zUM5on4cSqPdMX9Em+3iZ+aqomkEQPNdl0fPdWPJuaqEu/dtxasTJ/bLuy+jw1oZGDJiQfh2rgenRpdaGpJEOpX55x1gW7KfBNx8OLi8C9YJWwsMWYCISVdFv/+Jp9Te6e5ntfwj6oD/zbVrg539GJhavH7bN07JEncXHnv9Tpz0QjTAbBlqbulTdODkg+8Q4nlKcP7PgSzvlfow3NQ8YZYmGOdkxqF1sm6cb9fNQkOgE0HulvJ/Gqj/8vFn3778kUYmp+EOP6wMPdKSW7E40OY+LPty2TMTWH3mTQVxKoEMDkaDFyS4afwi7CY9gREXlzYhIOm4wJ/+FXPLSS6kAZSyXxoKQE93qTS5lxMHf2EP9nHNsR4Vj888p4Ri122L8rQkkm/byli9MBqy4lqsDvOPJU09GTZ0NjmKfHq/Kuwrzmwtm6aztA3clF+QEeBIq+c1QStNqXxvavrkON6JAOq0cqTiuA5JJvJluLgmvj5v+PIwya0lc5V/qGDcrtfuWM46C1h+VPvHHAsj3eEl1n6O3vFdG7NYkagXTNzrWgf+am6Gz7zHgNu3oex8C3r/Q1zswf6rpT2iNTBrsbKE0VbLbStRD7/XdR4Np6MMffc8GKpCpgBvXljA8jKPK88ctxco74MSeVZOEjHDPIDLg75AICU8///jIhBt3Hdxd9C1lPFRZOq7oGExNVGc0yQ9a79kYY4VUk8BK12kLYg13BjV5llTCCDIwHblk3usePcJE62tFYv3JJE8VHOOxrktMB/r10koZa0BjiYqRh+1bBOcplOE7XRmX6YbIG7vIfLntkQ6891rhgiZeSM3WmwXfqtHw4ACyMsQsYmPFRbeawMr/XnDY+ncpbGZ8UjfiT6jRy7aDv8XV2h+7g+zmcB0TBLZm9dBO5S90dePg9TwQ0gcRHBZsXHeenaJnOyzPmY0yJiqNZDTdw+UbUDoQwNmSOOVj74fi+nk8n1WQrIKxBmTHstG0so6xnPzbdPSP88XuBfY0leZi2Qd3bSPmkXaPIhx7egbimWWeUAtiWMws4V+54NYQtiAb0iumsDY53gTfkEFY38BJWJtsDm0udQI2oC3Z5lAARhV0iOJTrTVnv+LC/lrnbfeyfLsEYZJNM6XcXpnLpRxy6+rgrvDlBHmro4Qo0aB6vwv1ZCi2GfbRuRcPCgRjDTItCw1H+MRUQKuLfSdfrMIMA98yyWIMo/rgogfmNRr5jJJ4RAek13YWbwdtqqLiz/KUwB+HMLsjqA1Kyn4aTsBx9Dyt+J4A90s+BhfLMAxec+5nKITzthqXKTSeTHfOaY6PV0kCmniyWM+ArlDQo/xKfa+fq84iyxTeXR8Fqk74KaZrZu8czmOeQsv4qnLu07b+lLXEp5GITfmdsnwyBzSfvHgMLaw83QyV8LeBj1PCc1U5GSxdHSaraYZuA24h49/wtUkvWc8S2wUwwbPlodl4QlaQS6yKew/2jZ4Zpg1DmqNt2AKF+QyFTrN8Wimhr6cm0+I425U8DItaX/9WrWJkeLN/70pjmFiyiwHPv1jN3ElzkaC0lDgIrl/2x29OTwWMeNltP4PfVXD6vSklTBwFiz6scO6ncoeosPE/9M9S2B6PBvWnAtgJmwRQvTahg2eeet/KVdXSBYkhTgAwF9ttmN6rQUjXNaxyBVqXu2j1zeWUOT7yO7cvP+QkQxE9IHFiIHkV4SwR3RduDDt1Ej8TLeLBBm+RnnN6xZwJgZKSZI8lz+QfaMYMjl98rP7jAx7EW3KEqhAjxCkWTqPklUzKEdfGhnHqTO+iPWiVu+p1IGAi4xsovAzD7UtIUs4xEu6g71IGkff2pdB56itjdcN/WXNZRh2/h4B/Z+P4/cpJiOAMDnAI2gEKu3y37FnEu9ir0VOVhBm2nv7L/63gaSyeQNdwnFii6a7f0Kf7WMr/usQLDAzIAzCcqsK2KQBNC2ChQqWlRN1WvVc7bth51GaTQDx8F+PpZ5b1SEEYOEFJE5Js7V3niL1hHPuKFJUDTSHy8x89zAWLyqf4ZEN3vmEoll8zdr/WOdN42PeM54Fhvzk8fAqrL5yLeLfqKwPTrN4NMbrEnqcbmWImGG1ujvgtBACEYIqRNADqX7R9sWIXYRusWFstWhVyUiKDGzT2i7xtXcDp+77L7mIFCBDAGLWqiiYCFNx16rFYpRAAAAAAglSvNrIFP/mC1IU8H0rEg+fwYNk18LR7tVNtmNB8R7hnxRGrIF+NM2grX5VouemkkTBjnMxh+7OkZlUtF/rqhgsNzYIgIw8j3RTrR3+4tEEYNt3MVQLunIOsDC3Y81PrtdLLHra3jRgS+10SlrJDCAFkf7dspsgMCJmHlajaWnVcQp1CElJav4wB12yivnRnTTLGCnmq5o63C8DLij/FyCOVPywP5GZf3d9Y16ha2GS05fVZvx6tR7suJiEYqPuWkytI9MwXX4UO1M5fqB5EyBtqsox/q4l3ND4IR+KCAhxN+Bs3n2d+fkGT+WAsNJfWU9LQgdsoT8CgVv9auDNEp7faWQM5W+k4OZ+7ysoP6iRvyh44B0Yau4C8ROjokpmu1UU9Nj3Ojr8UdYwuLnt2S5YqXc5SN+zplklOWHD0Q+38aWjJ9oSYRu1yS+c/GC+9Na2ULMN3KoPKqKOutJ/lCBVE/s4u5eLC0LcBUXHU4yb+Mv/mA3A93neXz3PThOx83sDgClhRqqShBY0GUN9wMFgx06W1dycKMV0zlOG5Rv2AuSXfn2UQlVmz6b2Mat/AfOJOatImuy33kXkF+QdvvffqP1ub6nCEM6zYShYx6tVs4ZDI3cqmyfcgdf5dvEIO/PXcKVPfIp949mAqdvc+eWTMuyJxaN40D0jMNM6gxFJrBjaG5OQKmzDL/pjjrjXjt+ljj0/Qdt2mPLhMKUp3YUO1PqyBwyGm45ggmeFQ3f3hr1CIdKulPFn1XWu2+hVsnzTUGpq3OSU45P70ghZdOshCr7ybtzenr2ZdnWzKiUuWABCcJQsPLeA0jUnoA20YOud9O5VrYs7qBZmWPNLtcWc27j6zxzh6tKch1bCtLvglOZVF/HWDI6sMK6N4dNks4szMse2LTLUfoT7kSFqms7FStFk23Mkne4aSnd+pDaGgoidn1z3bzuB+yp/Wz/mYNd4YgET5H855BMiOAGuOD8EuY0woWnVt49YOoRBpHW/GGfWzE72+SdLsqZImFbfosbUBUeJHt/lhC7yneE/dEuHA1wEhLbngXuSWhcEpkI8EZ7nHs4V7z6z85eJ+7DKu9k6lYcOW/OHV0AI3bALWvfIjPMIrhslKgSFwIZummj7nGxqZ+PMqWhNmaAt1wOjt/UZONtf1Pz+FlAOvTSsV0GIu33SNdqt/3rkW+I9jAHCx7fFV+gzRDHkglGHhmK1F6dtGDAv7liFSQFE652O2rTwjMLTJR/C7GVLQVyIt6TcL2DtNnMArqwMdQW/0/1OHL+GrfG2KlHowvGRXs2sFOR1yNGWtYLE19FTPbTYpebM/pTxxN27wgXlmiDrNijB3lF+W0YwL143SumhN9NUM9VbI3CerCLG1RzKn76aF5A/z62dkTemFfINVnjyktufRNZ3EOQFMsZYQ3lIymLfCCjiFbchO07R7fu55xIxl27Rc9SFAsjjJQI4zP9JYq/ggEtyF2MGCi1/Q4Dskwy/zLUOi8dMJNxBIEDP9mCQaEbozMsXpIkFBxERfR08FtCPNeQYt+UcKiQrblezd309bh3x4KV99aCFrPK3BgW5ZNjgjqVvCdi+Qo+gFCO7MhGQYw72CFr6aut2HbZxaSEy4OIUqSFOwZUf67WD4dr7ILwC7I6joQUDG3SLh+vRE6bXD55tYPvhzd9J/U7W13SjBE0XHmo99zYe11aHl9ZXLOvTtaOQyukTfSGdo129K00hTiK3jPiiD/4odleakUjmStESvx2JP+QENZ9aiken0Lt9dFk+r9rBl7BEtL4Rns/xw3L93yVXRS5Gi7ep+FzgZnwYoE7VR3Ap8fnL6TkDJxqt/Uhl7nFqP7qLka9eF6ySEn0xKmXeANwZWhJF05bTIM1TLP0F/g5dHvEGHVLsuulZ6KBJGL1P/kGDjtq6Ls9oNuqLEgYiRt9lLenI9IfdADkCTMItjV6lTuGK/Z0ti/yWJ8Wfu3deW6jSVBCa7OWuHA8fVnrcBg+9knh5UK00krUzXRg/TWPdbzIzjy5fXb3SPpWjq7PaiWqpCQmlB0/rNslfAUAih+MyVZizBcXubz/u05/BN1jsxbw5ntfn9w4iEp1pxhfnkYm9MekazL/hNdXOxAkAq9+NEq6cr8DiseVJgNmP4FrTfXLVAtiRCvKZqZnqPDCukSwOjwhXZ1FUaXBDJzjFyLPVSUjn7yl2R8ISaDn1eoiADXJ8a1VUDhKlxeIoKaYNryt+7r6QAhHrdaAcEUqxO/s1Bq4Dfo9xyOqq2rtzFZ9Xwxy6zvSXdXxbD4HApRKch7w+9X7MNMojyHC21u6y66lYj4yLHxCi+YyNHm5yu/ZnfL0SSkE23joo7ZL/CVDIZ4a2EyZy46gWokKBWm1/H4DaSKiMleW2RBk9SgbUMeIqatf1vj6TCuM5TG06Fs5nHiP7ZA23uxq2WVocQlx28SVx3qSUpDBWIiT54wRnbq+Ue3A6gq3WZ+sbgtGr8kHAGwLjkwd9I/7HYKs69S2wf3TYB518he00SaSzS511r51eDZOORtQLwn+WQ7fsxmZszyoRJMGtg85Afdou0enm0fFE1iA42aPr1foRNJqR8+CCP9BkQlgwZaAH6k6ACeNnTa3R14bTL04e3Nx+s02pFHHeVCvONxuC1CQ6o2OMhfRKQTfpfNRqSFwtfoBTaqAqYFuvo7dJzlANU+BugnVa9h1JkgChKej6sk48Zb5MmARzYo2Z8GoFLteRMtBuS/ZbrVJBH8ejubyYqyoUaadYJlPNNUd8QhWvoLh0nSm3fvtEasvhYLCnKqpb/ruorumvv6abgDmHNCB7Oqta8DtxDpZBkCTT6nZP4o2AwD7DqmKjhO5So9YvM/XpYVy/q/fof1+kh3WPY1jNswa1JwZmvw+BHpMeUNAYKXOg68+hrQ4x7xc6Id/wU64cT7eGkPwuC298WefsTbEijah7rQBihkVkarN9Vb20ewJQGTdGQ3j0saH5+yjYcUa6B+c0GVTiaxjUurCSAJMfGnLE24N/NwNFDG7eyNlsJdBHcrmKurlQT4HORpXtcaYzvLu1gP6HD9OKAiCYEMUb8uL56O52AyYdL4Zh7t/iK0RcnNO6sUL3oN15cl5IQ5FpLez+/lJbkk6xJdAYc3UsZVifPzho/T2wpyD9Xbkf0JoUFuzNVXDr888J3kKHB4OmqKW27obFzR0LuK1NR8nAJFUvRGgptJ6hXrMhebFC2geo/vaHBWOx32z4umrZpiHfcG9o84cFqea+Y1Lfn946VxLyUQhbQMXtid4TWYtVTQ7fzLBcQeIMYLUSTxC2EpYbzYq8m3iulDzy3AIjF9SI684Gqhqq2w1S14J4RZv8LLSyFItl8Z3bQGSqo3XZbIPGfVfKsa6R8umvvgIgp5YjAtEStDFhPwC19kcWLzLMiMSu0UL9oaxz7IK0mdQv7cpYSG2M92BR+5WbKdQj/k0nX0BTqMU19eOit1gsxdSBJQJr6GwitgTsdQ1mgDfDnwbrpyycZY7OvNp+ZW/Nrax2ungzNOwbjEIC0maj1wU4sF6H3cFrySuxWI3FVvqA9iYoJROKetXpnJ0xdHnWdIGCa3TowcyhKwQAwEcSOWEAVlLhdZ3pPNoWCTtbbUbtjTTZXYlwEgGVnJOFFuLHe1QgLvbxtY/poXqg3TSznYslqVZosAhro8ChJZjY3b/d5dtH8FL0h8vDhIIj4wZzel5P1wEMw2TNPscE+5w37D8l93ZFMVk10JRxhMr5ebr9I4nNGlsuVQWpfDt3L8cYqB1Q3cz0SlBcD9YZ4YCd4fnwtBRWW+/6tvZPXh1vAphdomhnpbf28yJdP/rAeVsNNvZ+HaSOfshsity5CO/sGemIaeHTyu003187ZugQErmdDCeALs06uvCqN+W9UTdMOyQEdBf2tyBrqUnEUyBjDmi0HXSqmzUaDTJYAT/H+7U9/E/QcKrDeDLRH0MIaIW2Bb4sDGrLtW1U+kz0TD9Si/Yn5sHmjrM6O9dMjElXVJdubyCz8S3TGUld2JiQF91VsQ9x0rcs7h1OY4Lf3xWu7ELjRavB04SFqcYAdhR4VkNst5sW158XrkEnzU+WY9GrEt5dBtbNof8+I/gv5ShlGC0/AClpLgYDed5C2dLUpableP6sq5EIU7pizxocTvTucR8fWcoglJKRlCgBHFwWR4h92wzJoSHgB3zk6zmOKHf0D+F4EebVKtCBlk0KMEB49vlDLmGU3YrZ4A8JIYMzp8RuVmPFu7m9ZvNaPia17SaHt8vg8y+zwbWnzBkH2F90/VXvT1dzHAkZwmt0rnILV4X7d9dQEQcRqLLc1thlBCjPwHP27jzZlBF9rainSfQ5FUr55vjJLbLq6P7ffDetmIFygZKfebZw5VD4dHDXaTPU2XamDIZmmIbSZX5IlOxdPjBbW91hoaB1L6bBhvkNGMb74VnOniI9pZu5iUCHIIb57Bi6ej1axMyZG6K4ioNK891rzc0YcjaFGQ811oK8RmEk3nzdLB8wI/tCBbFTnOqi82IlGQJMdJVHn6U7rd1ZgI06Betk0HQdYbEkrZvVQyuEuuQh2bEeBkwwzn8Q2yN1rUq9jgcNCWy/rS9lQLbGNOhbZcG2Uto3LpVxtMVq+2JEnALCAXUJ30QsROart3yddsMK6yGssYEVztMYBDmyQeI2s7KprMHoRzlXFQeq7t1kkqCTE+BqvF3/iNeiYp4AHOMbmRqRFNEYo0SqO51T3CvEt0BR2OIUfB08WChHl/u/fwCMBd0a5JvsR2+VqiZ7t5LBtTbUOorAy014mYGpwCxonlAatp4gYn03aE32O5UxFRYgMw22807Au6fc70RwoCh/rMlQFsyMMgVkmZVCiWPeG8Tp+0Oy1LY0uAkIgZ23Ri7AHkCrBAlIF+O85WAAAAAA3sbobwUHPyusmIYzrLkG2r+gDzjyH0mdgdfW55I7E/fN16cFHruzSwoV4b2UWNkWFaiZnnl3WcQf8caUAA5YBysBx7Yv6A04kMh43JU3avJl9r20aYE0E4OcPC61QRXtv03kVNIvmdKAjd/3AMu2ua4sak2HX/vew/wzendtbq4Da0Z3x7ZxbgVol5IVM38UvSX/XVxca94rpZBuhRa32KV/G1RjCRE3UUBNTo4WivTogaa6basXWHEr0PPQ9uMtH1DP2hFvuvugiR/iSgpMN71wwWMcqwUWKmCCCRW8uGheheCzYfRWxMkqxcBB5jYCQmnJZVZEHcv3AZXej7uH2j2Wx35pnL/Ddeh5/94frZ/yqVnI2ogao98q8tOSAnEHIUlbT/W6LapD+WWHfINkZ4OdWWTC2LpisBrZuUWLcNiv9XsUbI1OLq+XNwfqN9w12YmZ664K0L8U2pM4iWsHtHHIt+K0GaY1DIl+RE/krpgMCn45u2b0JsSTJ7BRyGzCwpPY6ba4Kd0qfXFLStcy6OC/gNS/0oRme+IhlkvgvC3ID3HGj3pby3hmLmGR3Jc16BaMxp3ze0z7yzTAN/UgzkedGH1fO/k/LJFAPQ7Lf8U7B7Bg/ci3vtq+iT/xyAbQteM0zILtWDnOZe4dQQu+yeSW5iHO5/C+agVnFdKzwMmJzxhLvel+SSla7Dhn8uv31h6NQRUGLodHKaQFfcu0EUYy+cQ3GzmZwYgcLhoNZ/CWZoji6iAQjHItlNkK6SJGjftN4hsHs6x2m/c/ccYYgUshl9gqPzhX2/gP9E9zmG/W71n/FhMQSnCbbtJgcPhsozOLbiFW0fun3GtG6QVCBzTHguZUoYqdpgeHbbOK5bRKvLdOhWi3aJaLfiEsVV2D281OD/KwgFkixaucWklzxhaBN1bLEnHlbhbIEcCdnUvGZza9PJN+PW5RtuHZYT6Nj8OhzolU6uLKvsEOGJeOHHs/2FpBwrcS2+yTy0KBwhZTY8pZqc4bA5v3M2cUUo6Er/zwIoiEO+VhhkHlFNXI7L0ImNfMF2OHq3qVikag9Fs3dYdj4mg9v1iE6xjnL4Xmz5HOtlzw7g48mm1VU5tPLV9w1CByQvfEXu3lR/hE6Ws14xYgj+Vm2wKjfFz64H4y3893ydYQ8jdd+O/lR09CsLlBAnAQJFXQe3sn/ePU+Ueg4G+gW/1z1O7/n896Pql1yb0dFKPZL+zlpqhmjtbc56hYaSdq6yWC70F9arUO3Z4+5lnXnAlDDQ8L3i5URiKuO/55VKdyY8r5K3o5jUGmTBlBuUNvH02+bS1K9Zv9UQ1+6u71LC7meVAbBNBGMS4KMPyFnmWMTb3NezJ6/8mw1HQjstwGLkgkbJUgyXY1izKEYHvjVwoSxWo1ECkhq9ALBdZFPZ5DmOnI4NNFLR82ZAeGSsRvDARkPQqC3PxEUz1WfBuWiYnqIxRoRxg8Qkib4InYo+mX/K1/AsoGqKWtKf/+ai6XHjVq/GCZp9QUmTvlCirxoWli1g/TkGywMDjmwbDtLIMZcY5iA5+H9Wpicigkx00FCHwWhkm6LzsSuxB83xQSBEIVhvmwqVPbbBQj15QXthPNKMqGukERbxUpOnhBvUtpLNUgycPd6RecHhuYOv3v1CLpkrtnRB/EFeK6115+0BL5yq+lUBAnXFLRhE+QxrCkwXrI8afqMmGQISx2FfRv8+gh0+L7tYFXqO2MI7jLsMO8qj4Xg9/TfMgZKD5M9tQKWFA1bAc4g+z36SDRMVzOSnahHYI3GO/YB0Jkz64n556Fxif7CQnM+RhR2BhRik0WfJ+nvdvXgmh3z2iO9/BEcAiXu+oQDarFNSgf4mdxmGEQ08iC2g3i2pr1u/JyygKn4XWP35jemRACMTi3JqBWCUq2DMDTIrCOyGczJgEN5AA46TT3oG9mKUey7mTsxFUxjBrnCa0LVIXaojYCWjk3AZ8e9iMdrM+V9qdM7AvSttLlKZB+l6qGHssJYw9PtSjFenSELtKrWGCCaxmO1RmXG8yJPfI027d59uUfho9D2cqkDmlzqh7mpGKh8JZ7pb9zXWOiC2woREsnixcaz9i7hMrcc0UHlS9R1MGFGc8tBzFmFSKVBheGoGPLWA7uHJsI1qbienaY8+g4ehqPFhqR0+btZC5ODMYyExbUOYju4Cu8wyiSLIs/51BhCBsa/bV+k3XeFb6i8r4ChKLR0H2WZyJONBovnyWifHH3+XTag4QiL4ViUrInH2oSfGahFjP8m94WEOgqn3Dyfpis7MBekLkVWs4qpx1P6GQjs5rGaCJF2G4s0RzQEBgoeDClAlSvaVj55BHTqXpqi/IkQWRYfhc755cN6J5mE3whPwSsCHOGmcLR2XpEid+IDGX9j9hesqodk0MyPTT2qFBaZq/lz3PRSuWDFdgncMI0fVw9Yl/myBlyFnqGJh4FD1xiVngKJ34brF5jfEhEJrk76QU7+ZMA2oeP0Ly9eEWA4rCWTGoe//qZTrIIdx3A1xEs3D/s+zrrrovBfhnN5A7GNd/zrPAlc+/ws32rywRItq8sijueSLcTItkAyWXAlORAjTvA0dFIRyAJjvPf18qFapMK4CEHFee3DMivoOxUeEz2XO/TtuuDSvNFDoEC/zZcGsWRbRc+tdPQ5TJbU8bFk8OI2THB0yoLQE6pe0aWCd3ueaY5PujMnRhCoML3q+GGmDS9Ki637VHlYWJyEbzPsGWu0zxzYp0CxEmsWfLCjspe1diIkK3+PEa8guah4aglc8oC3UXhwreU+Fm1ERu54xwwaGXlTcsKTH6qEBNzEyHGxxfhlY4V9+kWA159/o0lpvHVO3d1HKsEVaZcmvqmxeA9QKHQHN5lx52ne4i/RWc9VzlM1oSNLPU08NMWdP7t5JNLVWvITEL72oe1oMmdZ4tbzRzzvMwl6rD5GjWWzC90bwq7UCHMZwWSfLgXWnZXRcDMc78GDoZWGTwUS34AirAzKfllcjp/YvyByKtAgXl5+qT267SFE4EDRjPYWx0vTFaENy908hmbc1P5id5/Kf3pBlx9+xvDWR5+CAifCkLcD25MYN3v8/xxagTlvOGZq3y0eZXNNEmXHTW5p+0q0H2wHZywuwhFq046wOOBxwOTEISBro47jrxXoQ9rCbWTEjOK4yBDk4Np4iMehivbYVgimg1c67v0LJBTw5kjrghq22QDOFV728b6JCLbsXbrUXuJRO3sig+pzcqr8FR8F4T1QY8BecCuneI6iBGXdFKRfjNQmwgZH4NWsjq7rbCws+fG4rVULXdnsW/FpT1pACP57NBAfbJ/vgmC5R47E7Iikk8Jv67av2WtyBiMuacPR9As0043Rc6OnD4Bc9dY8N9/C7zhJQz5P8XxFBBqDT7CCr4fQYN+vlejLcTPJkubM+JyEHQxGg5EAdpCaNSgPeGT6fLCgFJOtdVPJkRYBu68p5mw/HeW/clMpJFVTWP9XAA3y/mjPUP4I34LuCbz43YnMNQvlAHQeZJ/vZsPpc7lLzBnArJoWgif8B5+UT+YYMUG+RBDCfIV3eZivAkt3XISHQNkgobWfAs1fVbt9Gg1APLOfOOnOn11F6o7715jgeak48RiTI2U75T0+QY9WDskcdR0lWbDyiUkYnMjBAj5AEjYEIOQAqCJmbvyGPyeNBVBVkfN+DaQJ1pq1GfwjBT+juxNT2ZbLiuS1yMSzNiTFWNEWACA4TfdkaPaogDmzPHQ8TjAZQy59UA3WTxtdwBwcKqur0LrRpAPdDVYymvuxIQYstG+mlQRgzSrb8mUIL8oRmv+XqPvBiIcmol9TXNKmXv1BGPYAXrF2xhHs7JdVaz19xPZhDksbOV3dNoOLv+htaSKQaACl8W/riBirjDj+MhWhaTG6kUph3CWxyTZ8vh6w08Xqhm+JYSTWBx3hG3jpg5EsTJieWzWYUon+u77JLd9S9J5LIIkDhBaVkP8+JhHu/qBB/pfUq0yADGATFu3TOqYyWmLVrp3NUqAYTty7Zyq8x0+pXedM8IFbYp+K8XRsOSO1A46IzH6exkwD/pcbUh5S/cl2HpAzt8EIMB315O5XG17H4KKnlCDs04wQRZDYo6U+kWGOpbnRY/iWLeVw70/n8ZFVx2ad0A8Rm8lPGAzyfAAPflF9hdmEIxRJ5pYLoN6tZW3A6X1wtBxpRC8l00mCZpCTQ/nTz1jHi6Lg5Q6z0nobGZW7elDo+NzJHQ672PwZ1IA9C1X1lFMh5eBs1Fq0RVJ2xJztRbnZqd46Zoz+7d4jc7x/vb/0WsvPiBqvLxFTdaT4KkzniVvFK0qvMVCpWeZEn+3QkVn76gwAuCG2V8SJg1OvwH/SPRlSESqCFKg7CHMDfY5ld12Ej+wO3VXDG1ZO+2XJXg//NoOE6NkaFFY286eUvHw1ZEjKMyehfhREvn0qJlTD808POiXxegme/fuXnJXWdhQQ/fpifJ7lwmABAQeSs/25StOZb7lxUlYfxWJGdYg86MdZuHNwGhY0OIX7YhrevgXLVWaU1YyhhvEoR6TnddLcv2XCNeiu/Czapgx4KG+/arQLgANjylByfuNWZWEB3ffDeQWpJJ11/7R9pdtmD0mJ88/2CywMQ006d08fqK0Zn8I/g3WC83oqkJ6W5fVc9e6Fc1NiDYwaU9O/PuyyGBNTI5e/JosxFgnYbX9VwDq3siDByaiXL26rnBeucEBen+c5z0W0//KoIHdf+r7227GiP+b5We7Vsay9PFliGJT77JJGQnLrKqxZZ8LVz5dhJO+LVmo0H8QnH9e2AHak2mLjoTBJ2nhRmh82WyeaUgFCCZ0elR1NTSepuOfsLa+TOD2ZVE/63lUPd167WNNA/a3cSHZIsN8ju+Umage+sNfgkDYLtTw4c1/LLrKYv5VQygejFPB8bjlwFaya9qTGlJnNpuBPDv6J0q1KOypCJc/iyrZNSZBmWkcuNwa0BRDT50P5ONazu+7svdpAFFZqv6MC39ihKl1hMj80L0pisxt26wxiRCPrTFKSD3Zr80SUSeOj6SwR/NBKCsOwyVQT8BtHdiMyFPBbwl3bhCckiQMFEl6C7SLLjVcnbxaoH+hL5T+ucw9phN2hpR3YPPoideviPz1pIHnuOoVA9HE+hfaHKQJ91nEGxiwam/MsFkkC7uHreOi3bKaVs5AfQ6qWWZJUmN/U/GeqzEFJyjBuzf3kp1SKOvQtcSLScuJv+V4PmumuNc4TcXXY2xAKq7W13HlRAL9UHC4z82prghAnRcFUJTSaNwAsE/YDimnvK9zSIgxsztcop4NtCA1RwWKSgmA8CzXd7WUdI84zAAAAAHqMMQwxB0HpnQEXwvKqv5vJR+9A15dqvJBqwkAIWHT8exPFQkl74uauF/71OsKl16kujKtEizo40F1CuYTfaMsB6dJxbi56abCNOC64sSWJaAsQemBHVH/4jFTRmLki2G6HAKitjg8QJhm7/PTH3liv9tN744+nJ/fbfgLpnFaF/p9vB2/tScKcnbhFwxPTSd6+xVwYjHNtdWe9cXotFYUAnVm+/zgWTtxfapPB6gJ1BRL09tweGsCw19e+PNTFjoktjqx3br02NgqCJtboxHGR7PSMo/FUNBGKqdo5cZQsRNc/pW9acVolMbv6qOftyjI4SSSZu8tMT8vpxcadytAWBhCvUcH6Jwp/EUkl9CadmyOTn8h4QFmcOok7fx1UVmt+C380P4BD+vR4+Gevvwlz8WvDC3B2D/mNq0w5STdnsGAy7o277rq/w6o2jVTv6Ze6o4F3P53Y66tubaU2CyyvgpQ5o8V6kinQTI9D/gv6xxN/vyjF+bHn3VbVDsbK3ZQVp51MG0yVGwqafjAdR3/f0PNi/NjpzX4KywWjTkxfFfWzrr5t9od/q6Dq/sbx/rbpLXl4vCZVhxNTFjd6h5IFAiDd6TDtNuvZdGFUBgnf4MrzjybCkYi5DU1pezb8eNPuu4OCRCk7E5eHZ8yZ30aaeusO1UC35vBblTDyMAwDqZ2GrBfp4uUL3zU5K3SrKc5382m8zNx3hSqlC1l8ZpZ23PQwNFkqUMJ/EoKn3H7zP0zVneIG06kT1YybnihY5nIOd076zrn7A4nRLe66YURK5vFXAGKpASmhyQrUh3gkGUM+Z6/3Mh9VOa4eYmjTaa+L2LT12+N4pgxNgsz7DS8PKM7RI3+31mo6lnnH9rbwNUSp3xvQBimz9EVKh/+5hBQEWfg/UeIHVW5gfwjW5vtUp3lILDlRSdl6BkN+L0N8Ub1qNQwcHr4ednesKoISD2L6SmeWEYFnOAdTWDy0EE/sffv0xX3Nbpv0UBYlo6kU6f0TDY1N+JBWly9JK6oHWGaVWMoAZaFZppGlfKua8+fcGUbK5kPP2VbDsx4Y840JhQLEtNI2Qf9TXlgAviTjYlfO8bWKQN8f+G2F60PpU1taf5xENdfH0pTo/61Y1kxge+90DNdFJKFsFnm360f/HFTSP9ded6NyPCw6X+PfbxZEHfcFOFkx73df4ydgFnA3aBoavRx/Rp9AIcYz0QjMC7KmrUKZrLGCu1xZsThpOutBdkSc6oSjIx9k8Lq4yGFNSAJdTxu+Od3MvY6yIYuqgX5YAkQtaazMjfUvLVZ2mQiP8LQgD3YxROkstRsYOT82tQihhNSFasoemueOXuW9Q6qTDL66yK/8MUycvZaeMv05oaahzwmJ2058Fx7fw/Jx+loIIaILyXd8yJX/VupiQVYGBwKxwweMLLLj8Zmpup0Cjtvl9oijZrRg32pzpv9EYI3vojbTFQPT8iE4ttVkJdW9BOJNPLLYLW+bUTAMyB4ktNd3mRLIcgv0/Xq1aDjVpL2m25dQBtJYyxF/g3gvNds2avqIt23+hj9kWUJmD++idAD8kZ6lqeoxbCy9I1O0JJUcZebJOhbi4Mbt3A/CYLjUk2fmWOF/7zxZZ89lw4AYRLULP1BNmqSgJ2EDlYXJ13Ny5nCEDWjpVieSAj9Fvtj/peEePBDJ0Z/txwjYoi1hMDKIJY+OI/T06uKeBsjt8JB8wcht6tnX32o3tOoogzDzYlNTG1JkByY7jCFlhbUrZJXCLjc0cC68hYVODd6nR+bGIScjTLwy1SyBWIRxdDbwtLhTzrBgmYHJyWpmYl8IEALL216zP6pwZSIG5FsJhBpvrjEhYhR3qGm9c8PCd4KrBfgFktr41mbY8wCuv9NG94Ge9xLMiK95aOOKUxzg2wonIhDN/qiSBt/7Q8n+AIwxklgv8x8iUTVAQHLMiqVKTSB77hBszp67Qk6ucc5kJ5AiPR/JgOtW6vKOsW45ncojgnKABRyf2okBu2omwuC7O8F1Eefkyzd+jgEWy6u4psMtoLO6uxHUhpFuMJnEUVs1e3AlEnXwtq7uOyd7va5knNAPpDML44iDe9vs+e5MA35b+Op6CfudYlYTkmU7xkDd+vZ95BLVn9gqF65TZNjVQ6H93nMJqinha+i1ueCwfH9goDmkbDRbOEGZJvs7QR21KCwBuVwnZy1D45nf+0+eUao1pWSh7xzAMtPvVhPfxdJdY48kx0ktI49QX4AhWQBbD6JOCLk3gkLgGR5GG0bBJxN+WQWewUojOgXaK8d8GTFwIbzw4lj2ajlbGF7VWkGB0FrehPP4vmnt8SSOMtNXho1lW3s1Ox4OQUeBNKCqEH0TKGOT3epwD59ebLAx817AVmCaYx/9S625jBcsmCk+Q1RCWnD9yl0Ua1lmwjAwimgefuZ1h/ED0qKRB5vvtSwBKjyBqxihjjbJC/m6yGbcGyEiYC0o5GxRTvWUsgnU7ROKIobCQp384S26ABodX0TTEOxvhZ51x21xHSL9BZdafTnMRb+ASUMvKGYmSiJBzf4KXCd/Vfx5nCr+27dW1cR+Yn0dMhKQuJ2/1BwJTdqHqwnvMcMw0IG1Bf6KXQV0x4zBFvJj8sUXNhygWl7NqzhRZ5wrZaE3HWYp/Wa/lm/wncH7s8d65gSUWeZmBRdMV6EfiVcj3RJrJyU4hVUnYLFcVBJWiHv7O46X1ZqPCuU8GYYZc0OgxxBs12WRKqePFqfSYNNVFrzOKueTYenK4+Ytio1Up6+UW6WR8pCm15xwnhQ2TCDAbfnE64YfkYkfZYlcEX4DF08Bbr30XQ44Y2vXzEFVXTl0rnP8jaFD4SyhGKgbtJKiL+TJYpU2qw4c6ccovVLnW93YZY3Wutt8vp+lb3LKGkNhvdlqNZC1o9jtJfHxeb13kS3a1CI0Ucl1wYE1eSoLogHuTZP8IsmEn1XWN9j4nndjhpoeTD+3SjSwMrXqQZS8cezwUG1kMEi45WGfn9NfOYhnAIDTHhoYjZYphFb3I5wbRwkWKr5yp5avHEZsj8e4w5/dddXBEK7SRiG7KmAVcEoG0s556ZlH8IDFLwc/tQ33S9FebU8BYK9jtQsx+eviD0HcNGIBvI5jC2kcixVBoUuFFCczvbQEhfKJYKYfiba9IyqZetBbuwGNLPKOHON3Eciaqe5sRCSKa3dRKqLnqoR7xQAX9W0cZgxfBJ/bk3rBYuezejRUOq10dIBxoZ271v0OoJTo8H/K6vlTwYc1jTMzlqbtrUvEaZb/yCrwToITTaOmZ05KEM6gnfMJMhvPxP4wGPIgtk6iyuOvvN31ELbO6P7lCws80CMHfjgJywFWB6c2Mgk9vf2D3z5E4LL/NY318E6A8JNcF9btMZIHdYl5TR9PkSgkCsFF8na3zZw+BYqQJoonSAt3cR00mTjhSnKCbIMyhTiMD3N5s0JIGYGFN4JKfd6US1lwwAiMPg8cKNLIYXAIsOeLBsHxUWIMIBOqNOZjyM7S918I2wUCSgBpmC7cSClD9dSFML7pgv9Ivn9QT5CYTbxzVXIiOpu7PSwZOqP4F6MMjkkFatzCsP1gIqVgh7tyhHqi5c6MyYdU63FVC9oOlpSMh7W+jMC5eVj9l0n3j7urAhslyqMLWnJDZI+mGthTSyDOuviO8+302Un8eJY/i5BtX7ZG2nNxMSocquR0cNDs6J0foe/wurThntxaS3dB/fXXymL8tnr5nVdmZIVs8zLD3zjqFlKapBLbkcefmH7w14drcPwZDS+SwVvJacYVaiiv9orccACMBjswLVdEF2hwI7bySyhIVGdyHxl/InsvOFntQXIfScuw96Cu24TBUr+LacMudJ2mUltfz1Sw7/j8EDFlxrr2B61hLr52SdjSPsqWLT7lznaZWv6VwPltDZwE3JWIOVcoRQfkE0GFcDA3y1wzJSj15xYrt8OtFPd8wlvXI2LSakgSK1eJwGcPN1r437KNW5k/UQcUtLP4eNUFXoy0yBx3BW/VvVLWhwnYBibVl4HCP2ZWHXdKDI8ZPX3Vo7y+0p63X0T2CTiVqPFs+Wn+pU4m1xnuZH/Aiw4mEExc71LtKrrYuuR0FB6EtYH0UImXvO4PIHB+b0wJoi2kRFOW4PGpWeDsJ2qCZ0vtIUc3U4spUY8uSPQZ65PEiQRcA8inaK1Ga7sYnt8tPWM8ny+7lrSTtap4SuYn5sOOeMDxDjEGmQuGHR294L6f+VDgM/5wKHDqvynFQfqjnvCaeVetEtPmUGfpCN17E6tvoTVaEieMxQuKeRguG6LlypxwYsNEcNQcut3V00RXaguKoqpNol6V1BMl2aOZOrAHLrcmImpsK0Wappm9EvEr85TLRHTDl2ng5ed1+cLfgnV/3Wk/d50I549amLJhBA2YZM/+n+Hqw6/H4TabsOphA6IIm19RJTBXCsNBKZdYq17LvUpEQQTVmCf0xaq19tGeBuHFX0p9Th0TDk47RqOiHvIAB874orDYPHmbtt6nVI8smlqHWz4M85agZwwFEFiJAtIfoaOBWM3rhk69mayqOU/3b1uTJpqyvHjvK98MU2/En7e1flsGFZc7t05BNrFK9fvaT2DasbonCjk5fUTd98l7119gO9SGFbEezySt62nm2uZYZn3KNd/PkZ1iOem3bO9gLW0tapeNX1eo7CuokgOPd2QawEoHwZEhQaQ7NWV3DW9H2VFN6teA8CURzJiOYKkwngDucLiosFjXbHJRHuIHBTyHg3ZtKA1TEghx8AA6YjrcCEyVF4oJ9o263nFuA01hjPpAIAKNqwx45Q4uidP4x0v4jaAxlYZsClxoniiB7lkAEqid3LFfBVG40F81+xmKLlnO0CA1ygNcfi6qoSK3ZOnGhS8Ztq/ZPPClGlWAAAAAC2YnYcUCZ7IkmHI8rDrsKt/USdFZpgLd2wcRo2b7QBmfLPBlMyPrbiSKpJOSBDOuOegFmSTdK/WpBcM4hWeq3IKa+z/yvlLD0va+smQFH29V+XhHjjjg7s7oywwxvA55GaEijaWF497Hgk7la/ChpqPf3rRgFJLcryF6h60HvWViABtUUQxKSBY3V33ujMwcZIbB1mH0b2Yv9KsQeJsXt/TDIUJ8+9DETFhPUORVzxGCrPV6ibtgm4EjeljD/j9UnpqWLiGWGJg7NIdyjU5ejts/eipZWTSw2aYIVMGXUSlWrRGVIqmxxvVekiXfQ0hpVPCV3+URrOwXa8/1Yi7HxfwcwlIxZ6fxfw+27iPZgCP/VD2Vlx9ry+CkWjEV3J9z0Co93JBk9wLLWAFWHRhmeJbE2lKmoaKCwWarUtm64HFp70hMmOGdIKvbeY7osSneTg03wOTrT2IH0MMf9D8NTxPjqWdMM39Glmbw702Uxd0jh/RMqE1DwnNVEJnjUf3ARu8t2Iu6ErAIpbq4r350lVhCDj7fg/ePoFNvxZhnKZmEcuAph68EiZJGTOaHFzZOAUCs7mh22l6KSu6kVbjAl0N+HNTaNoVEdbB2l0bOiRwTYRGO8X7vbRtujbMpO98dU78RKOJbYKzeQ8uKExqqiMJ5HwIPTXEmAciZd+OPYfw7JsOWFXLLnTSChrfc2pBmTY8SqlbjBnMKG3Ss2xnEiBqurpFjC9nCOs68PessHK5muEADzLlRvaBBsXuz3Hkl71ZGevA6opWpNqeD+mnk6pHwx9isqCn4JdTHPYeEcIYoxGjQLwpwBYF2CbrDnFpaH0J/suxJ5sbDO9LzL8Cah+ICtwhuH7gzWnr3n8M7nrayGK+k4+JhPMQUKgioJaGKzdxFe9ExjXsve/jQ//jiZQDVlINCZYxJhxqAaw/dNBoKtsARtjwF/ZZemtJFKebvS5/5p4FUXUyJaLX120cFZjaGPSdqrp+LyuQCpcSfSqgHcA/xeVau+5GuCj/4vfLrmONGocsTAbbQ4QdvvVsM+sqDaescknEH2nItb0IML8ADg/0mDpljvwRDWiyt5Ddq6I15rdQEunnWBodCmMjwuxrW576vNtsPWjPRsi1cxCR9RiJeiHhRV8RrVI+7itHtGlEXjd9G0GxTWx/Gc/ihzh3e25jjyDyiIOjCKkqz7AANLuELAqHE0d0dmE0puGZNZWikEvP0xCdKTwtwCDhHM+l5+YgOzMfXlTky5+F5xApBxpBSeXFB3WkVz0DExR4zE0HYb4yIF2sMzkASx7dR7e34p4KznQEsHi+w8l90AL7Xx0dnVCjMZQm6qHT/kFBn/GsoGQ5MiIR+JKyTZdWlW347Jq9/jk3khDGdeEX7vgum+nCNnWnf2Xinzu+/w/cl+D1BwxXne5BrT/IAaKn3BKDR7mZ53emv1Af2rZDJHsC3uts9Hw2IZuZDNC7ifJiIxu89NHDGTKsU8z6z8h7bfaHvDflRZhawExOkJrzv35XAYa7NwCN3+Dq6xJanUkYCuUgqSKHBUkCFWRU4yEKPQgGSFbiyaqjT9i48333LTxuh/BCR+/MAZ4f0uo7m56H3TDm3eYCAvlvVnpMMx+Sybm6Lm4at492yz31eQBXj3V1wNZMVvx+19gq/sj+uIx87UJUyiocP3NcLmuSYugkuM5zmRMRalyGnH4dUBvfkJAok2the/u4eEhC8LLrt+iY33M029SbeOEYpVPRQC+i9dhGvOwnsgxJifJSkXMToK0fttE2E485xTfJTl5UCr2DaJYYPvqEli5eyOiaPoa0ZCI8/T3gKImlkgtSJEufV9FloCAkMpVsLQ9GOxlVQmctwixGMrlpMzin5ESrsbYBA34ck74xGBeFI2UFpKBNnH6jJfmEZnrJWWIkkhxTFHtO5dbI40MxpBXAobl+jHx95RQ6o1D/gMUO/pOQm581FoUE2LGismRcDpxzWLkWRcgknpNOUOSXfQHDuKwk4AiBo6gs+GoYlzLBkECGLJpb7GXTniw/ulNzjk0CYpvlUhc6UtTEtax0YuhlhwG9A2VI3u9c/JhhdsI/WyxeiNY4mjiiBX2FigC3Hm3bVTY3R34oosq/UB8oJRCcH2ZVJWy6pC3jiPCGj+e4Rv72iHgGjatUaT2jcSUZ6EezVe6dkUaaxFEdPm8ZXXpOgjpWW0Cc36KA7jE/atKojZg9czuOumUm1bmqyOidA9CNw/SYXtbMsWY8tvmWSOI8BOb8lHbppulFIAaf5VNjRZ8Jvc1bDhLb/mOBoPtSpCAYdv0xhm3+HjXNXIdntcRUw6nRJatLKncrQsH2S2f0RqktLQZ2JriincKnAvgdUWIW9PwPjT5cYNaO3jKsfSZdSPbNsTnnaRZsMTILwVUd1k2viybAebkC325Byjcwq5+zkode96MRNwj6BolVrv9vUQLrbTDxHApoSeyH9PucKI5ruBkyGMb2x7JcpPW/BoDkWf5hJULXPPuMQI6bA8XPje9kj88Ku/tKu84mLR54hoXO1nDKfqoKVLHq+lE5dnP8KeQZeuAHVoxfuEwn572jeaADS67CLK2AFEuevIT3BkBansn9Mup451i/3bKQsYaRuzbkRWB8ZXc344yv6/AULwNPnR1vLmETV4C4UktLUjaywwXGigFSMf6989C70Q1JnXuy8OoZ82AdAHLxSv1B/teNUVuUAKBdaYtCxefbuUbka8g6FRirh8MXTlMVyk4fXQxSeTIHiDoy9OnQr64jY+psxPVb29ewCLvJpwFJ9WYnGyPlKB+F+Y5+KX3JwROYQY/MfD7Yt5NbgUdsMgv+fQScMJPjaRaajzqyCgcBkyY++d5lM4dce4WqiNhJPdA5pymEUFCq5u0HA053Sd/F6llhzU6cf01M2i3rp5fHfOtbvqBkbHyDM+9X0WMDhgfnEbkgJERwmS6wnbqITIef/qPaXazkMD0BjtkEgH/Wt3XIUiYnij+zM7YwrFMT+EBo9cA3SSrFHZMRJky3CJAzgDNf3TWWDKNQJcvC1Ii6vd7Xw/gqrHPSyqXuIpgaW7yt5sIdX0n0lGlARuPcbcaH9UoSMOmhFwnBA464nJuakA/89aex7PbKZJwcpk8gAN4zxxOY9awS8smgAfSic/GEl5b6Js0Avh/4XCiqlG4Xp2OblxR6gD2g/1qNI2pgfgPwzimySxlA70PJIuazlbAdrSzDcd2zGqFWmUBR3cNRf9zKDR3njmBdXV1kHLnRv9pFKJ192sT483EVwnGLmAEJ19Z4sGrqUcSSgJ5ZIo8uGh/4aaP5myY4G/sLfLFykR5kWT0JkeEhPoAOc0vs3WWqz8EEDQ2iqNqHSFrO8GW5+aD80OnI0H7zK3PDpoYSV3P0F7qtqJ1ToEVG8mvvZDaDjvioEdIAVzjwswgx7nLOF22zc7G4hvpLuUFNVN9WFXiYiq6PArIWqhZtXLRVeWJwQwQ9WO3t6UN5/T58fg9Uz+jibzaIamMfDmFMka6dGUNMepvgPn6zBZQazvJoK6E36QzzjxZHJ2DeOkyqd9y1i8FSk09hQFND3NF9qzJqLndS4cnZo8FRqdV0wiESclTkgP2TX7Ivc8e37dUmFwpRD/O/5vedrdhNjrkWzRaySz8hw68E19yHTRgxtYWMv7MIe4tcROvftgyv5bCr1lLYGnfT8jPxsOIVNyr88dn4jGqAElhMuawp+ehxiSJ5ns2k2/fE0wJIwTMR8S6hY1uZEHShuLEAysbcmjuQvQS483kQeI5gZNOYt/zwGyRNe9AR1x4fyecw5R6oOdun6mVk5iA2THlGw3AtPxoJzD8ZoX/BUhWZHmsD8YtAk4Q3f/RHh9M+8gisfhNtvBkWliE2KnoPpopV8JqyRGzGVe8E26TGO3DMrRGFYc37KqFWADxymLpc0ExwMc2YM+cicBO8OieR1DvEnI370TCkwuGtCuTv9XcQjO6LaTJnThPLyMcXbG632wWCeKqiIAbZ+bP0bRqMYYCmBH7JbdxMoT7ecTJeR0dnU1yiYOdA93AN8l7qIm/6By18zpyfy44JtDQvDRZO7GwtoX+kFQsRba+lL5AUQVUIYryca+Ztx1HT8hm/ckuskdSlVpMFTlA8YmPez0ufVgwdjwIKS/4+AztSzFA+CZf0LsuFCGd9VlAMw1NN2Wnn70E/l6lkZPo0/Hxr0RlqT6i13k42Yw3muAFdqnwWPqPkfLu/clfPdREWFybgYDasi/VL2e5SXwie+BPWotzzh3gKXXR1AAAAAAB6pP+27YroKpbMtALmijxlEAtp+aoMaXlwKjws4Vzj7q+agkoXeJA1c3iqOIKADXyMKhq1t3ybTd6uc9GxvfBdIqGQ1B/06vsYrLqetIEMdK4g/8ovxL15usW65oiUerQXJPmw1fUHhP2/MAkcvjU58zL8AT5cPUbUMHTroMc9ftV1ZQw64lER5XGf0aHBcMTPbwUdFOmxazpkoScmnVnGzLH83z27HevQ+obRQhNnqMQ11p/G9h2ihSYjo/DKKZlUlBVX71+A7pLa/7ns8aHkbDcOA1get8Wct991a8+ROTC1TKmiInYkCOpQVJmvxyN6z5xVzUdXC8/J464La4TmsxIKoY0umbb1hUBPtQx1hYAWkjn6kRU5CkdlKV6LgTMNXzGOjAnHMu5efunu55H01JGS3BXQnIv28Z+mQTTTPYm354AfqvIM/42PWlMiEwlhgD0iYf+DaN8OYlwGL8fABcYrda/k5OwqUVIOYekQHTJgVuYjUude7iaMWNC718ZmKEiEv3vOEy1a4c6CYe5sNu0342vuE+6B31Fki3uQp7zdu5YhyOSODNHac75iNOwF+eZaewomppfz5YBMQOHAJWrZTa2xOqNKnTdBYvdhd3CvY0QYjvGwEmoPPjzlXDTKe6orSWfAJrcgq3ZEHcGNe7PQxULHhGlx4tXoV+YA7Ddng4tNz14IodDIbZ45CbZstNGS/xt0mnw9+UuKRfQtLFyJnx9ZeodeQVj0Im0bKSEbQ8KEBIMDLCSzca5rJX7st03G+YYeG2cqkYwtCpniLwnksELeELDqmA0P9CzbcBsy39w0/i4Sw/2CjgRLRybwetwoDkin7ikj7i2Ng0+luWUQnZVSI6/wAXiVDjMZkkfsmI7Ca2eUFbbzaH9qRHvsw/PEYiVljQsMRFgUD9KmKOfaZNSE2a+QRa9dmLkaRVh22tIASP2ejwPVF1BqYtCk2kMwAfbbQGHmOK0jUzAZgk8OT8Kla8F2ckn4oj6IZrcTT9U2gNxlAAA4WUGaB3VlUjkeKTC+KpEmBQpy9gDklGWg2o60dxwgvQGTt6yLfnZimqCs2LJFSAP77d+60GSDI2RGyy2V9KdEjrs3HTll9QLAKYVkllLJUvV45ANnQkkTAkOmqkNG65s47D8mFXY+TfX0FkpBavfyIOaIaMhZPC8dsI7e4Sffi8hMoWwFu18uLobyvAhwVEcA73Fbi8R7eSkmEc/3eWXXVdnhEdbwvKxruDzqc6tV0RRkjqjOfwCsoY9cAo+EjAsMjSvvpcJLnfU7crNUlKxtTGQEtYoLZfUmIFYunmeno4cHez2GjIxrU1Nbuz3wiu4e8f9gKYdU9ltZuEHyJEAfz3XUOEfROfnbQNZJ72ufYmPCavycmSJYpLA46ldsFgEJbvKqQcFjgiK9It0F+rLs+amobMh2MG8aByl2vt3zFwjXTq2anR3Dug2XyXEl0X2oGsxhRH2WKJtVaEIehQQuUFu5JcSGyxiuEgOKDErtqH8ueIfhf1UI78G/qQTOBFnTxEYbL4r25y/4mSmKqbw5M3h0slKiirKHHe7nj8Y23PNideHD0Mg2urSlysHnf4UBYU+xE2w/h3D1Nplh5MG33lTFrYjDoBEoJ2UPLlrD472ejpXkEwQMG9EyXDran8h2H0CJ2ajh/Gisthkt3fH0kBHMvYMOsoPL2HhZ8HH9A40EkPyIFc8YqYI20m3uJeQEcOK5TNjhF1kGZ+XwjlywYsyZ8t6lCG4mHM3rjv9mF/lRUbZPlK2QwvxTBex0+4gFMobgHnbmGbhpFkx7ieMPsrvGu8BBDZ4vT8+s4TvR3eC1yNs9foR7cD2cfqUCGgubFNksBJnLfCpO7NKYCdGNSZUdF9AiZ5+lZ9/fn/UxvHHSeEl2zXB750GIZTD4b6CFZBq2t6NGCANUwKlS7+hkQNuZPd0+/rdUsXQq1MRGf7pctX6zkjcHy9gKdTvfCEyyGwBRJXq8ODT0eJR3KMeo3FyLanlKVXDHzuhkUVfeNA8b7hAbqp95nJbX42UoUxaCSeZGpCracWSxdn7rwmTOKiYCv+1MguWhJm/HY/jEDOpiqCWS5Zqv+Fhtwmsxw03MXoXh9KvpzrVmGXdZcXejDJZdn6B6E4e8XPyGpp04N8X9GJ1bXMpppN/nUHiLtt6soLZnYxBF9qwNiQoKcgYk6gvmXo42a91tWS3iqhr8Pk02ce/r8i+2t2wDeTqnvANz7YDXu6i1+grZRcoMtw/pC0/5xRJCZBG/17vlMnYGfn1f49CRFZplhHjfiaJ6Rj79IT9eWvQvWif31kDBlF4Aa5uONjHViFciXQFJTa4asvF3JY3LlyoUZ9nWR4XkfDW8pP5hrsYf+n9NYyktqEbKKNTp9dwjqgls3CBTwZuMT093n3QcwrvQpHiyVeg8AXFfdO2ZFEDVKmhZTLql4qD9qEAJQ6PDmPaLY47bfPLMwrLoLqIl9FKiGJUDiVmt9c6vyL7sddsP8VUZLcm1y+KuMyfZNzXWmhswTkZ8UM6eAI1PjySBv1h7t/8Ijxr3wmOy33q8dg0wPG5r4yctAHo6pxC4YyMJ92o4nUdfJXk8Yc5Ekb4bQX/WYmZKpgEFLsoe0J5XJcYl+F7W/GwpZLz0sgcm1Gi/qXNmoQmAJwjjYvCE2QV9GrAo+joekQqemn/cRC3B4HU44xgXyEOLktu8mdgVTiIsg0Y4hXq7u+qOxkd1CR07U5+YXSYqLvasQ0byWLLgP79yZRGu9ILd7LMICcGSf1wmXAaw7UUMhsbL1lsDQ1Xqvol/v/J7glhta6sr6+v8DMXEVKCuFpcERR+EavBrfRE59KBWeriLiE5Mv8qgNyfCr6QwW4jyZJiOcUCkQBFOsM8UtjRjLp/hcR1ewGTtw3wIYKErNwI6uPTV+QBCyDnJCCbO1sRHd/elo76/x7Kr5cgpC+gsWiU2F3p2VgxBd+JKdxCZWHUZxG0PzGsT3ZFpVKG1u7e4DufFcZ6OaSRzPA9wPthyB9clXyOMegL0NAQc71RHv1jIjKIch+zbRiIScitUcOp0wdb6QyIJoH/QqECFoSOOkktVv+BB5poOVJqgJjqyqbe5sbKEUyKodyAW6twxOfttqyiLsrnG1dPtXbtS+NijKdUNGds+u2efy4fR/Eln7FHqWdk9shVPz9Pw91MmBqx4lcoabNbTVbPh+xRnZ9D1lLDjXUVvtyiiYocufWmsTZb2lWl7+QqBrqlX/MOMOdj2/AU9iZJWxCunNE924YokKwX9kqL6kSr4pk0G71gE8JHk0EljVY4dbdCYMcvk4HXb0sF5Mvry0cP+6BkLELlrRVNriIuuBzPCUzI+SklZdtDfY0X2ZgVpdQ0PmNkkI5TIPhwWPJeLq6yjqMX1tSuqJiTJB1J5j67cGmqHdCPHU/64ZqhMiJoPyMgXxFM/8RKayCLDyJki4/FZAhu6ZxvSGIouMH0JtX2LTrcWj9azLqtFLiOhiIfQhYzJDIQprXZd0SK+3AaEnypLBwlTTaeSnL4JIXbAZR2mevWEE+xpqi/2kh4XRyzcJTVowZdeRVTSi/hLMH+6rmLZVonvgozRBSsJ49oL/kGy2ZBnqefFRSLoUoMJa21tgNbUkx4AlKItIHWBvq0nrWshOR7nqcgR108qG3tRZquBw4V9uYWFpjjX9EVRCqtZHAFtW6IdTvie9f/mDbvCIuUO2Tewhgs22l38Z0/JI0q9RqdXq19SD0JBOUx/BBx6Q/OgwkSdsAAxWZVTZIi9wJRUQnVuc710wCKHjPn+zBuh/YoKrLDG8pquPlkusmIxgQqRLUu4bQMQqBUM4NZ9M5232FaqM/2uXzUf7gD95F7sq8yFGgk4eCShU0M2A7/W2FTOmfRBED1+U6ypN5qE3LD+v1G6K9lF+nG6K/qnvtPf046wzpzkCqxzqm2SbJeH+h6xN+bEUvk4zed9EI+g5SJDdddpJRFR4h99penXfWxiNTO+2NbQoxGqciIbQGZsVrZS9PiT4j9dHoYJxym/FCjsfvyIIEUsaJIuYHaHK2kT2ctUAwWJ0Z/sIEHVgNLAksab2klIjFXxM2K60vXW30mxtxgYW0CaBJDIu4OOvpP/1w390cP/e7AAAAAAAAAAA/5yx+t83ZEJMT9gl4xQeDv0QAEbYbaKoypDoHbqDSQ+tQBLcpEL8B4VMRrQ5sFYcT3xOY7RMDRlX7eg2kq1yjBxnocf9vMMhiJVww8epr/H5WUAL5ojIvdT8d4kbewIDioGGFlP/SUeqyHMINlQBqXhFnneClvbcQvqGSpiHAKs2LG+su0ImM81cN1DgxMXOglAVokMA/rsejQDSBbQe2Aap33Ca1Cn7DkaWy5pRfdYsJqwIkEq7XAIcgIFwjAdbFmNmeDXE/cxjN0XwIC/vf5nqCcobM6JMmKrEyMWe0qCnp0wnpqRTc5xyPMraK+64rcKpILCWcxL0XGLTuTyI3NOl45v3caEpbaYjEHRy5MyojT11RC/fVndL05ckscgij9+0UHChj+p9OUpOLy8q3SwSF12hRXaPzaCSf5BcsvKQ0d5AxRJNP14gJaL8jGKshavpFouiN+0uZhVkADlkroKU2BNk5BrBgyJT8XZ8Ooqy5JGCR9qjD17z2xV81FVFoWH9SUpwkU8szpCOzh6xdkIbalm4ybICZTmZaKQamidO8LS5r1EvZRVPBuzZZ0Pg6DoGYS/ey9L+zCnj7xJQHBSSS3BNBGiicJDiIzvlzNDlpIMBMcb4BhEk+uZbTflOdPr3XAXtKIaHC9o8DLxhgzeXWSXXLcaQVhbZKxS0yvm07kcWMyA5Nok1BC93XempllMt0YQZMyUF3YqOlTMPBz98XtsqiOEXIo6Z3liQcLgCr4NJzuD3dau3AL+aBsDm+fEBH8B8fOshV0foLsFUeh1RvgJXZNLQ3vFX27xRD9oZvJRLFc6TLNyNS1ps281C+uvRe6jimgwoW/zif8kWOI2H4ij96ljNNiiazBY1xjVIpvcQfLtjFT4Oys8EV1HGjChAyRf7Oq+8KplV2VIDZafkZ0QaWJLIKSsSz6mf2WC+348tKZF0e9yFsJbCopfAbsNhkDj0+Jnk4LmJ07i3Fa7z/tQpAS4r0wXeQUsgwTrqSP6G6pmUS5AQZ2+81aQKvMMg0td5/fgqOpCiSSnHXjJdB+H/k3WL/RBOpoSfV8pT8ZywyqbgpdQ/EwT7x/JmazQoOOSe1ivWoeQNyvYVsQmdpmW947Y+ZTSj9GBLpg/sXXuApfSqVp3DrDdwMKyFKAOCdSibeqjV4L1gpExLBIjquqocxiiohvkhD+QjTxpmGkzuK3ZTgxNjAgqpCq2oU2+J9QUJjmAOyjdJ5ZZ88DkG1SK5td5zO7aI2V+loIaarWjYbnPYp5If8Q8gAby8OYHMBsEkXwCiIN0yDk8h9ObFB4urXv1pEr+dFVJibV9ZssWjkfPDt4aCTOOxlVP2i8LFC6f6V+hmRpKfvMpGk9dbCOO4t16Oiu2Mo2QYwLApuRunVjMzs7U/f8LWtYYqrjm9dYXlRDD8xOGbJFa110XIWoJ+Y/+8k3bvlcUDGE3wf6wdLG81ShApr6WYVG18DlFTH9nRBCYacYCb/n8a/1Vq9FK3mnn5RnQDw98Q2fQRfNSx/OaWEbfrXu3DrNMSsHvkKnlXKA+UoDfjp6OqMsZPH+NUWJWZ8W7qqsGzrahVWxBAW1rA5BZfdmadLttG45ba1xjYVgT0CdCNwJypTe7GiZl6BWAhaCdXsX6yip2akis3RRlxRjcFX2l2oVDOnkAkrsbPJ9HTddtgT5fucgoH4+Xs46ymBc7vOomoCpLG0sGxkaWDC5wlfRP93BNln36vMXH4AREe5l2FPVHoCd+wJCvwzvGNs0xTJiAdDIWNsz0dmbRkd2W35bVYsBT0Q78WYB1e9H1Jc0jAXpxekgW33E5Ebsar8u3y5lMuGUwsE0RwgNA975XINoyQXc1m2vZMVmr9Lnj3Daz2jOL5Kj8O+XUp6T9JvwysNMHuBhfp1exClnUpCuwVdMRZlgFxxYRW+92mwQqAcD17GRW84Mo8XU5krmDgXW06aKLlYs2j1S9haP0ppsfKZrQeKbHBgh0Jse6Bm3+b2wHT+KxOZaXBCODiUu7xUl8+YKuG6ObVYQGGLzy9AeAY+EhGAD6TkKawzKP5prvhSyraNYZXsXTGL0/2VYMF1hmq5hzUDzELZVoHvBMzDhs2p+1+oMIotM34qN+o0WbULPwasr1J8UCOM4+gXraAE8k/G3nog7E10X+ZMJT8gV0wFUG3oJfbTiNYZNSW535KZ01l6SHEhN4mHf1rS2GXr4dlEKDjCu/lrMeoBrrXabiu6ur0A2r7HviuU7OD3pL+Iq9/DAaU1Xi6HGyn/TK2UrhfEt9/t7klhIXO95q4r51lOUYS8W+k9Sbbc6Nm0bqx/E64yji0Baj9GOeBowVOXxRZUZlm3+FbvbkVflP8+l/Ca0Nz3E1xeT+0GT0zAKNfPEUdlcSxOnZfobfEeLjDwTpHxgTi39I10lxS6CKaNc70W6UA9NrfZdW3Ju7RXiu8lfIgY3y/8e8UUZYTtd6TCH+K/FCb+B0nKezaGSK9yzW8E/DihlgKG1uM/uBkJ8OQIQFRJ2IX7Ej9lNVC4uo1A7UBPQPu52ACHpHPDPswS8TBSD/L+a3jukv/ZH/DoZN4xbK6caZAYKeWTsRKB7vWusGYICegTwIt64FehYjMLpvZAlW061ksZiGZgm+7+gyTMCA+DOVEj1oAWg0boWxKpW7HwF+Afwxf2Xr1vChWeWgDFSrOCtyHJsn2RONfScDJTZUwSMoJDkqDzWTrDshLJBoUPl1d2ENHMLpc0YLFXV4XegjsuqRRemj8pkrcMOTSgIdAVdv/1+A8rAzvklBcTPe5d7ljiNsvXThhnHrIrsgTww1zo7h+ph19jNFLea6w9kKAvNGAPfqq5mzpaPfayFcksgilG8Rrrqmu0IR9yHlV3iovouhEZufs0Kgc8Pz/Hy8y8Jp+G5N9KKdrmp0epzD2sLd6alEAQ344J0JO9ePSzHj7lMWxmj/EHEkdCxWheRA0kRFnFGR5WtGJ1FaYWdx3u4vvOTLw0XWY0gGHLvJovXc74egEF6OcM1vmfI5IzrNMvigdGDg+DN/4Xkjc9048UVJ6Miln3MxjzKGgNZob96ZbqdgDdy0pOLK0BsRKjZarl7NIbYsIoy35tMVbFOIilQN3xsaVgFcGJjY27guRKFfbvM4RE/z4fxpPSlgAxQXsBVfXMOiiUZmINy4X0pUG7WKJRmYg3LhfSlQbtYolGZiDcuF9KVBu1iiUZmINy4X0pUG7WKJRmYg3LhfSlQbtYolGZiDcuF9KVBu1iiUZmINy4X0pUG7WKJRmYg3LhfSlQbtYolGZiDcuF9KVBu1iiUZmINy4X0pUG7WKJRmYg3LhfSlQbtYolGZiDcuF9KVBu1gkAAAAAAAAENqRfumKQBDHsxg4nxWAXIzMkiofw0pKG7beLSz4nrjGAhdqu8wE+kXcTCq/qgia7QWDKLEzj+hhseA2qDaxiFn1hhFpQOkAC74nMIjXpnzOBIirPzM5BWAUHHeQ+4nHGLGQIE0uuAO93bdXQ8K5wIS8kShB0CzAhsnPa0kbwAqgmQearzp//+EqN2jW412kAYr8oDN3lQFwK2yXL2SNH1TmUm5lJycXd3hcXqyzWwTrNZrYJ1ms1sE6zWa2CdZrNbBOs1mtgnWazWwTrNZrYJ1ms1sE6zWa2CdZrNbBOs1mtgnWawAAAAAAAAAAAAAAAAAAAAAAAAAAAAAAAAAAAAAAAAAAAAAAAAAAAAAAAAAAAAAAAAAAAAAAAAAAAAAAAAAAAAAAAAAAAAAAAAAAAAAAAAAAAAAAAAAAAAAAAAAAAAAAAAAAAAAAAAAAAAAAAAAAAAAAAAAAAAAAAAAAAAAAAAAAAAAAAAAAAAAAAAAAAAAAAAAAAAAAAAAAAAAAAAAAAAAAAAAAAAAAAAAAAAAAAAAAAAAAAAAAAAAAAAAAAAAAAAAAAA" class="product_picture" alt="Louis Vuitton Monogram T-Shirt">\n                                    </div>\n\n                                    \n                                        \n                                    \n                                        \n                                        \n                                            <div class="carousel-item">\n                                                <img src="data:image/png;base64,UklGRla9BwBXRUJQVlA4WAoAAAAgAAAAXwkAXwkASUNDUAwCAAAAAAIMbGNtcwIQAABtbnRyUkdCIFhZWiAH3AABABkAAwApADlhY3NwQVBQTAAAAAAAAAAAAAAAAAAAAAAAAAAAAAAAAAAA9tYAAQAAAADTLWxjbXMAAAAAAAAAAAAAAAAAAAAAAAAAAAAAAAAAAAAAAAAAAAAAAAAAAAAAAAAAAAAAAApkZXNjAAAA/AAAAF5jcHJ0AAABXAAAAAt3dHB0AAABaAAAABRia3B0AAABfAAAABRyWFlaAAABkAAAABRnWFlaAAABpAAAABRiWFlaAAABuAAAABRyVFJDAAABzAAAAEBnVFJDAAABzAAAAEBiVFJDAAABzAAAAEBkZXNjAAAAAAAAAANjMgAAAAAAAAAAAAAAAAAAAAAAAAAAAAAAAAAAAAAAAAAAAAAAAAAAAAAAAAAAAAAAAAAAAAAAAAAAAAAAAAAAAAAAAAAAAAAAAAAAAAAAAAAAAAB0ZXh0AAAAAEZCAABYWVogAAAAAAAA9tYAAQAAAADTLVhZWiAAAAAAAAADFgAAAzMAAAKkWFlaIAAAAAAAAG+iAAA49QAAA5BYWVogAAAAAAAAYpkAALeFAAAY2lhZWiAAAAAAAAAkoAAAD4QAALbPY3VydgAAAAAAAAAaAAAAywHJA2MFkghrC/YQPxVRGzQh8SmQMhg7kkYFUXdd7WtwegWJsZp8rGm/fdPD6TD//1ZQOCAkuwcAMLgYnQEqYAlgCT5VKpFGo6KhoyWYuPBwColpbtffPPu9pPmw/kfztW02Mvwb/ofvx2M8J7OrlWWqdVuqfKfrXt/89/p//G/u3e38RegFwYKAXhD80f2u6IPoufq/+Q9GnzxtBKg/pmec+q1ffYz8M/1/1/Vs6B+cP+H9b/o+7V/78XPfPM59+/0/lV+c3/09hv96/+nrPelT8u/hH5wf3H/b33evyY+F/91/HL+zfIB/QP5z15f+N9S3+Yf5H/7+0l+XHxZ/23/1ft/7Uv/o9gD/8+2j/AOrH8i/dX0S/LP6P/bf539zv8N6O/j/0r+K/vP+X/2390/cT7B/xL/T/0f+p8uPqP9N/0P87/qv/n/nP///9foX+T/eb9H/ef8p/4f8X++33J/rf+d/j/9J/6P856e/K//J/zH+k/+P+b+QX8i/oP+k/uf+W/7v+J+Jj7f/x/6n/eeDruP+u/9H+i/2nuC+0P2H/n/4n/Qftv7tn1f/a/zX+s9qf0z/M/9n/Kf6r9vv//+AX8t/rP/H/v3+l/a//////71/3v/4/3H7/+oF+S/4X/1/3XwBf0n/E//L/S/7D98vpL/tv/R/pv9r+6H/////yD/P/89/6f9D/s/2///////Qb+b/3L/rf47/S/tj/////+AH/4///+5/6/zF/gH/p////d/9fyv/u/////ENv1i9EPUS7d5uTQfmQy8k5J/mwsODdXE5G7dgn8SWHDgIVPC+1PN/UC2yDvN/cqzPoUwDvN/cqzPoUwDvN/cqz0Xg7zf3LL0t4NhDc+hTAO2lKAtzANhDmXiZY3vlJYcODdXE2R0XmWjxFuYBy2XMAY+Ity+O/0pRHiLmdjNWFcf7lWXolWZ9CmAd5v2DvnwKVr9yrM+hTAO839yr9fN/cqzOX3nm/uVZp+5VmfQqQwRbmAcyKrM+hTAGtzAGtzAOZFVd/dln8uA53nm/uVZn0KYB3m/uVXYjqydMR4zfwWv9lLpC81dzKyW9bcgzSQvU6arl9/9PiKCBhyt66L859G1SovWWZGeDvN/cqzPoUwDmT1dp0g7p0g8VBVZn0KY2YW5gHioKrNM4ZSqy9EqzOUaFuYB3m6CHm/Vj6FMBCJ0tM39yrM+hTAO839ymO57kZR/7i51MOdK8DcBqLUDxrZ1HBQnOpDxPpQMu/sJQDTxJCMQCZBfV4E1GJmwLj+wbm+Ec88HeD14n2grwfcCwPVk5EJmxmtCmAcyKrM+hTAPDzIUwDvOnMzVr9yUrT/B3m/ZwKNZ9CmBWluUgC87p0g5kVWZ9CmAd06Qd5Z4OW8Heb+5VmfFM4TE/7LXYmmcMD4L/HBL29rvPHy7nCmFQqbuk9dMmSpRItyS32V2lmfqWpUW8XUo5wYBif6/2uvwHwqQI6puXfWBVrCKICY8j0FT1IWALhyJzjE1Jqtn3HEeIH/uYLkSb0jc9BkSijsyy3PoUwDvN+q+iVZn0NKsEW5gIbymAd64qsz6FMCtLctVaXL5Z/LbpHoKpv7lWZ9CmAd5v7lWZ9CmAd5v7Kpv7lWZ8UqU5RWY8DYgiXfL89hqj5H9EHceTrla7eTqhCdvaJB0qad716Fr36H10xu/EHWH4cayzJiJcskQOm01+xzPN2Ne3BPw1qnUeG2HoKRsxqQeFM9FOwStxC5b04cyhP/FBJKIIRuirZ0XPLhcqJfN6T6pv7lWZ8/lwRbmAhvKYB3m/0Ieb9RsbNaFMA71xVZn0KYB3TpB3lrIz4tXgi2yPEx8/lwRbmAd5v7mDCP8Heb+yRTXzvFLmKUtdymGy6uqXhz773nR2aobp2B2U7dndbe8GERpv7Wwrxy1GI06AySs+Zu+RT6SHF1kkgz+x/DrZ7YsZsK+dIvta85zYJMS0+FFTYo76BadL+2+BL/HJrwsr1Dt0/x6FKrw8CvHMc4qsR6vrGsjgtMO11G6CHm/uVZn0KYB3nTmZq1+5U2rb9CmAd64qsz6FSGCLcwDvN/cqzPoUwDmRVZnz92nMA7zf3Ksz6FMA7zf3Ksz598NYYBOCFktAzJLfqZXbHREhcwUGiH0Jo164eL5baBVNbr07B99fVM95Ptqr4wrRIaVUO9+xNGfz1OX+meF2squnpc+qEkvjpMyKf16ByBVdH8k4p3odWXWbbTiReq70O0nRFxXrc65qIrWZvvLsHjzcO3367XqFunzunn1pcJVmfQpgHeb+5VmfwFpVZn0KkMNTAO86czNWwiKvEuCLcwDmRVZn0KYB3m/uU4rIz6FMA7zf3KsvQVJ0g7zf2Ip6jFxyWf+wtXP7jAhPqJk6cvF+pECOLciXyMCKaAbviQZUPKv5xMJydkB0WNNW+xyVq6d/XHL3+fHvf5Nriny6APDhCImqYSLpfK/ptVzW5NBKvYRH0YNNSFEkVTgTqYLZhbYVKezpkh8CI2UDY+8JdnoffYt+GhJizDbzyaQoyrfvQ8wtXgi3MA7zf3LZVEf4O836sfQpgIbymAeKgqsz6EyT4tXgi3L5aFMA7p0g7zf3Krv7wd5v7JjXlA1oUo+1wX+L1stprFQMPzokmPeaUhMeijIzs9CE6HfjrCXHTiwVLiQ7dCkaDCZSY6EwDI5SP7z0sTxtc/43WEKCMTjK1xk05QJz5HB/mflbVyAdyC21gRJX7wdXdYsb6/85FHuXnpgtI3wpQtbBnX9C9ixM+sdWtXc8sEeNVrWfGMAthMLwtOkOGi4ItzAO839yrNP3Ksz6FMbMLcxswty+rE+Z5v7lWZ9CmAcyKrM+hTAO839ynP9yrM+LV4It0QRUwDvN/Ya+IgwgHt2E2mf92yEloD6wYLG+hE+3M2E3Knk4gyiZkcW2tDj7grgUJ563f+lD9+VG+od4v5btlCYOgKZLcHFVkaoMX0QcQamhLfZXh26vn7WIOLwFithtvTzq0FWPVJtRvZVhTDG4UOf2qpNpxozyoL/qK7BHkMULpRK8RMnfzTJN7CVyNqBiq2K8iZJ0kAWeb+5VmfQpgHeb+5VmfQpgTLn0NKsEW5i02a0KYBy8fBFuYB3m6BFuYB3m/Vj6FMA7zf3Ksz6FMA7zfoICaxXXboUsKDc8fWrlJkLg/X+Prm38txMccyqWUEpo4USiM+cKtRaayxEWvo215F3N/11kbF34Id2NWuWe7zE8inMo3yNZTazvWPNb026TCs9qaa9PuLtz1SbhHIgE8FCo2Jkj2rd/snHa9q55PRLOyrLPD//Pf9Ia1P2VGtLpuwF3c+me55ugh5v7lV39+zC3MA7zf6EOnSDvN/crB79yrM+hS+RfeMiqy9EqzPoUwBrcwDvLPBtDNaFMA5kTia6WBkXH/zTVeDUNF53m/LEnj4mRXr8ihcPVe3vuVyKJh9iqDNxZvtuIHFUDhSPvKwWDr/axiBc7Th1M46HctC3b1XHRMvzBJCZszscgU3+D2Y56Qzun1sGlyxme4Cy589aX+U6lb+mHDIrCkQg1sQITwbBDMpvxECiLPCIXQqmgC2yKqQPCs5V5/scH4Ys30ax78BkLeDnq1KrQ+bwd5v7lWZ9M9zzf3KtD5vFaW5gHeb+66rX7lWZ9CmAd5v1Y+hTAO83QQ839yq8RIskn0KYB3m/QpFybe7Tlas8tEecR1ivWA9dDidAyx3JSKwQx061zHQm6VLI+SmCV/ayxyg+7ZcAmE9LtmY3p16cgrkTYNC6BtThip7qwyt9hcGE+QDJDRtcUB97jhaSviUQvoQ3vA39CH6seBdQ5smDm/3t9rcEmWdm7oIf4YWoMVv/qLjFiDinzI2B1RsBI/iU6y0aUWj2bcr+mRDxOSigXCNzsKlWZ9No55v7lWZ8WrwT1Nzzf3Kwe/cq0Pm8Heb/Qh5ugh5v7lWZ9ClIBbmAd5v1Y+hTAGtzAO839yrM+hSfDwdBsJhIyzApuom6VFPdqmZoNGtNPImOpYbPCLLpU/4s1ZJAPG0+xLyuxEO4/JN9ak53IimfrF1Qfq+fM9Ol3DV5dzR7Mkvtlj0KvCK/wtXZLMpiTHm1nqintZ6Mzx9aTiyHFp/6AB3irvtAhTO10K9tM4lcwzcMTYo4P8PkgchU1gt9sPTYzB+xYAkb/F0KbhxiOYAzWZ3z54VZn0KYtCFwT1Nzzf2VS6+zWhTAO86czNWwiM1a/crB79lU39lU39yrM+LV4ItzAO839yrM5fz3dI+hTAO839yq4im2HnFLiMobZS19s+MR8djTzFTX+AsW3VJj8us/L98dOJ9rLClDsJG4RGrY5S2U3Nd1+IsN52VICDxlIKewtajfw2vk1ig1b4TaEZs+vCg9VfDN/wvHmz3Z0fXCGQklQOeLMzdIGFzEgGQ9zMAiyIt4Mvdl16GOnp9iqa7fEhrWPX1nuB7TNPH1VsPwRbPS6+D/fHHnnIGUNNWCLcwDvXH9WCLcwDvN/cqzPoUwEN5TAQ3lMA7zf3Krv7wMv+K1oIeWsjPoUwDulpm/uVXaCFvIGXneb+yqbjoBGNpJjqmsR+BE0dj9ChFWC38UphECp0qKj/VPKw60GXvVM0OXp5/WAA0ZPk7eLxVcrAlMh88zo9zBkACWdTEYHvEFxc7Fq2L6lTe3FXU+wru6VH3BAr8Yvj4SxCE9hcu2OQE77cwvxlFnnjlX/Sua8EiNlU739zKCNmZd+C8WWfaQmQ76dCHwOQ0+Z0RfuVZn0KkMEW5gHeb+5VmfQpgHedOZmrGHsRn0KYB3m/uVZn0KYB3m/sqm/uVZn0KYB3m/uXFb9WPoUwDvN+hKbHRspzAvKORe8AjEoR+zip2BhP7ne1uHeZW1mFqwkSSOKwBuvtOaEGUFq+Dj7wfF46Et17W/F12kg7TsYeia+e3afEWpUjvIFRX8ifiYFU3O1rRLW3+1dvza/rdgqv2wYRngXomVFXJrbZdCbddlzFQ3iwivdCTG3DnAt8jFK6xIyIaOo2dZteuL/EJ5ayM+hTGzC3MAa3KQC3MA7zf3Kwe/cq0Pm8HeuKrM+hTAO839yrM+hS+WhTAO6dIO83936ve/uVZn0KYByG2puv5bhwZhNhpKlQgfK+2kFgaR2goAab2c0Gstf+xLtXmDMHxhyto6JlMDfqTLmwWuM092VBCQTlALYxun/mPnopldzNnIZLVJvVzUmyBdJa768uj0fnZ1wfYoXp/wzWJUnCEby93bAJTtPSMcgbrgvREArjuRGkyT6FMAbL7nm/uU46cr9yq7+tZEzm4hxOt8szlEEk5RCwDvLWPf3g5ePgjZpuvlmgSRqsz6FMA7paZZ4NoZrQpPXMbWSTPyP3Mt0kbH8TjR89/AbhKbb1RM34Nwd6edo0OlBttO/Ds+MgAtEd4WU6Z667XbOiyVhC0+l9GGL3Nb1SQP30mkJuK/Op2cl8EjlwXp+AzUJb03xEXp2XA7y9mhcG/GJDHVSqxnk5bT1+0Ga0KXyKIIn94O8s60QIc5pBayJ/2W6JoM1i0dOXyxS5955wfSrLwmmS/LQpSALzl4+CLbJPoUwBl53m/uM5spOj17w0cKiKqyA8ORCb/hj9yDSwY1jh2R6AWTcvCFFQ1Bt0oSBazlpT21aKW949FCO3HOKfuN4LmCD5Zhqwqj0RHHmBx4+Kg1/wpMoPZDQtAKq3gvoMfUVBAGVsQ9YMU8gtR45t32jY1xCbGjED5rPvN0EGRXFboIMfL4/DRcBzP0aC88U/l8fBFtkn0z1LbJPn8pnLn0KXy0JknKNC3MAZasWrwQvOXjmf8HMiqzPhyysv4v0zxHovQjRMkAyXsxHPsRI2rjdLIHn79kyDlr4HdE2CrE9flDm+g+yac8ieqPQsD2NW/37+7CtriMOrtIpCDwEGpx5MmwjE0yVTaL0AH9+k9SFZGYW5yDyNQtlrQimMhasz/g7zfqx8WtqFMAZatCldSYYAy1e0qu0GaxS6K6z92nMA7zc5Gx7+uAW5gHLv0qL7xkVsm0g7e0Ufc7zzfokTolWxAsgEnfhSwc6PmoLyuzSlRqeTOmUzKYWBHFz60+eQy08QiXYdS4aAilCv4f6tyZnv9m2Ln7E2DQYzwz6i+PvSvJh8OoAempJN7XWdkTJYrypdPHhLidjaknz8Gb0U+ybwIMRnOwv/s3yD0J9clYDneL3qc839xuvInLeDmPl8fAcYpz4pc/ZSw6lwtOA2QyGCLbJOX3nndmmYaQNYlwRbmAkj4eDlvBy+Q7CuP9kxFVmcI7XgVSGTSLH4dhNZRvVuddghrx80CunwW3rerL+pZfO55lntE8X8o+/vH1rkUl2l7hKdKbpny9g3gYtSyCKL3Z/tz9oAou36PLFuVMxQ2fwST6ZrQ/Gf4QbL3kI2nSKPtcmq6krZERblH8VkHvQ9T2+iiKm/uVCyW8DLUUQsujVrORsjPi1fEAtZKPmtZG1qtRuvmD31Y+hTAO83N5W+/EzehLgi3MA7zf3Ks1EH3at6+RfeeWbCFLZdC4fww4jUhKN6h08tDVgioJropfqmwrKYHoEta7/jR+zRH27IAqvNCOqxZFmKXRUmbhURnhHwZHbolZg7r1Xy2yTrqj8EWdT9koR/6Z5Jtm6t+Euc99C24Z5adzzIrykDf5+aMz5WzH77zp0JqVV2cpK0Zw1VdnKStGZYMhkV7lFkWDP2S+PgNkEY7IZq1+5VmfQpfIohUdwRbmAd0+4gKMCHm/Vz5wdP4koapv1XkfhsQ+QBjhYsI5/t5Whos3JElsQwIgaudb7ivvUyROsBpQFbWOHxeoQgTatC+JjL2N21/IfW948JAwWmSeKt89hbTP8Isb1tpPvj/gzbZd/FQ7wcY0ks/D2xrbWsWpSSN6/nmtNqRpdJduXWrd27C3MAvGtyFMAZaijQy6+iFZUDJm/uU5k4CJDAq4/3G6nC4PLOaRVR3m5y33Ksz4pcjQuUkgDzc839ynCiDFrw3/3G10k9yFqKIVFM0dTG/4rv5k9v4VGcWR6QnMVZESCY4Af16tgB6ct57+CwsKne3WYw9YkVijMYPqstYQvnbUQ02xSF0xVlkxKPGfUIgYXIxsaUI0wAdfh6pyK3Q2WYZFbSCvenELdH3nyOnTpA1uYBy79ONbmNmFuYA1tknL7zpZS5Bd+luA52luUfc7Red5v7lV2c0g8VpbmAd5ueJkpI2kHeb+5Vmcoy2Qr3xcTqPajMYQcQxvCkRSA6T+xw3dtwrXQYw1eaIAVWKQFa+DYtHHqmd1XpMd3gG4Ha/63cXVzcLeBRjdHNlXF9s206csjOi1YKfQVFMcIkZXEY8asYN5bwNbmAd5auFZGzjJif4en8SWG74gbIIoT7s5pBa0SS5gDWJbdE/vB3m5yLrfHPQQ839yrNlwpgHeb+44nQCXazSi+Pa+K2L1uUXiBRCrl40v5rzhYolSZd7dECvHYrCh37PbdH3EOMvvhZivICsOM3/4ZmyOPzc14MHa7oJShaK3aMvmeObcTHyVeME38kkI6tcFGCVZeIf64AvGsOp0N5MTOWBImAd5v7lOJ1vldnM8XAbafm/spuGifLM+hTAO93OEOZ/si+8839ynAl4PB3m/uU4nWFpmOU69kDTuoD4NlsO1ssSrgLqP2empqHTZZh2yb+mcwScI8Ka701MU8zi5+4HtDbOcoBtcmEQPHlQKrWj9Sd+31bwk6wi1amt0FS3ORsjPoUosiZymkZy8/faVW66LTsvRKrs5TfqzwGYNoTg/wMvGtsT+8Heb9QWbIWAeTSwmCv3Ksz6FVq+j/WeFuYAy1Yx83gZ3YfzskQbJwEGppryK54Gg4st2VWECdBYDIdxxwzKYMMSZ0Awv3eIovRehvK8e7Yg0W4FnNB9pYlw1KLImc0dufP3U55/v3KsvEOcppF4l9QQ6WUuQ6WlLTN/cqzPi1ZcMMHNYpnCmAd5v7JfHwRbYofV6nrikC9A4Z4yyPUt6ub413zJ4AC0xDCGBoLrzrB2yDab41rjdw1QahwogxKe45PBgCYMTX3M0nfkU8fG4uXR8Zk5x/sl79KsgZEvkUQSTl955v7Je/pzAGXneWrhPB0Pu0HQjWrPcmT7lWXolWZ9CmB8Vr9yrM5k1LEuCF53m/uVZnxPYR3JI0epHh3cOK1eSpiIMgtp6ZhxD460EGuutP6HBYVZdVe/yCi1jYeoBwG3X8p939xrWR4QoTPlYvHnrSzyHlrHv61q++mT4tXb2Ncr5Z+6lRffbyYoVWmijLn+1a/colmG43XyzPilyNC3MA5b7pBcAtzAGlg0TN/cqzPoUwDvODbeTZLqu0hV4vP0pUhWBIB1LkJHR+R4purq84G+UGqixU0mPP5Br0HYb7qGcg7R7+K+lKM3UQIf7wd5Z4OW/ZhbZHiHOU0x7OS3unKcTreRNoRH9yN64/z/O883+/Tn+5Vd/W+53nTpBy79Ki+8839ynP6sfQpPWPugZZeJK7MtCuHlQdPzPW96giGXdS34KDchqLdWZlv55CvchGs8N5qd3jQ45wcXwQcgBcJRuPHMjPtQOXIdJpVXaDNZwpf5i+jLtHatZyNcJ1oz5QLWRto3UQgqSyd/TlIBbYmgzWhVpDq/3HE2hms/lwRYo6IWrQpgHeb+44nLdkJByh+mPMyLHNBDXYN6k4qJ5YSzmen+BkbbSiXHKhVkT0F7+WnRQU9UuAnQw84pGYZ4EJR8D/uU5/uN1GPrSi+WKXRXWhSiyJnKaRn0JiZ2Y+dOVaosiZymkTNOD/eEdvsKB0g7zdBDzf3Kc9Ai3MA7zfqOcppGfQpRao+2aGrkr5hQHqFG1MiVQe1toAi4qW2J1n4++7EoE2zCUtxWoDOFa/7VPDefM7WGx16wspAuNp40QYC6VVZMd8fd9zzfqOctsqCG73acwBrDqc5ePjLmeBrDtOUgC+tFqKIV+rTI0LcwDl4+CLlf0OdSDyAw/yzPoUwDvN/ZMRU4q4TrRCCqbieqg2ls0pfady5Ov0DOgIqKDxrPT+DTu4nM6eyhr/SDsYEK2uAXA0v6IxAYVzebdfybbdx/H1NDdXJa47zzc5F1vIirFk5WLxmqcTrRj/1imFtkeJmXCYmc2n504njNQgX6wDvNzlvuVZeU9gHeb9R+7nz+X3vej+dbx1ECHOUlbx4wooCWKK+JgUz4iOhN91mT+R5OL3FyOS5Gb5tEp23msvrAR+v7c47oXtIisNwQMWPIU10OxzeJoaGWx3+1tqZLbnOM1X18djP6WIvgb6TZmLD+IJY5O/shWVNPHDATq9FxpFRNN1XmRNLuKqcHwkLdI9BMPqxX/+RRoW5RZEzmeLgi2xM5nilw5Eh7OkBbl++Y+5Tn+43UZnlvB3SykVWnJRBE+7n0KX/Ft6zRfRFkTOUlaIEvnKQqpDe043fXE46EaNPSDxw67E20M5BWlbDvExBDRIbtwLPDR+MMI76RjnYdclxYuQFMlYWpTfxQdSyDiIvjVYom71M7bJnBFIS8VZOWgh9Xs1oUvkUcUwBrDqcZed5v1HPnkcUz/gZeRDq43Xyy9X1ZeIdBmtCmAjs8SaXPvOlk79KtCl8nuseo/cs5SVogiB3Fsy6ONqaZZ/50N3gX37v29NOnv5XEbBWRXCk1Qq9hrFM7YNWZ8/lLhzRRBE0Hj+d55uci8G0M1oUoslHxzgz6scmORN1GZOkZ9Cl8i+8ZE3UQJfRKsz5Jfu4ogiZykrfGhuE23ZPDJ6J+Cyjyn6dkU7gdDM/RNIlL5ezYXShhOZR71iCFm6rcEM5lfM1Wj1moK3OtI9etJpxEZq1+43XxxOtGfVpgHeb+5TirhPBy1wBaoJzVZqLfUJkeJj6ndU39yrM+KZwpRZEzlJg5bwd0snfpxlqKIKrysJJ5oGNiwHQpN9dYsIPr1hcueMnwGKXX/tXFiPc7aW72G9u+nx4LrDmai1s6V3AY1dB9KUHxeGuPJeMeiIJYxoS/Jrn61fzDQHEQ89//4npaBxgBsjvV2/hmU+dDBSLd6LHGjUzGCfnbI65I21v0KBBKR+GLmcVTzLqCqzPi0dB1Ki9EhTAGtzAGtso+O59CYmc0g7LP5beotYBy8fBFuYB3uhZpB2WLRpzvN/cpxOtECX0BzJTsmQ8UKBPuH+m9SkMqFlps1cinuwZqbatEMCRqi67tyM1/hTB4rz7T4iAh99DoOosIVsJZVBh3ltLo+/UmoqWi6+WvjFKnShypXm2ci0izpwry9LWFMCOVTzVgCWnF3LfkXISRzcEyF6dB3lbNN1eQVVtroGs2yGz8UT9aiTw6CUq6XnSD17M+Dj5NQcXNzvkSYLGsB3SjNnqyBD2QgUe3OPea6NzeoCAb6IJR4JHhuHcea6/e3gsaZRV2H2s+hvIjhNRXt5eeQeoGCSMxWosFryM7hPwPfVazPoUwBsvqLV7SrM+hS+RRx52Kpq0KUWSPEOhuFcf7vWJ4zx9rIn94O839y/hSlZGcogiaDNaFMBJIAScmfjFQjMoeX8n1wuBvjuc/a/JcVz7maNZRDf6Lfg3Xjnv3zalDOQir+sN5thuHip5DSRFuXQOGyTpSEP2XyGEsfGW/7Hzf+54FakukRX+11S8qNhTtrrzrlr1ckDxaPqAgw9bxbg0mNHsHH92UoQK+TznLFJGeSCRMTphyZp8u44o8sOTeeD4PWCtOMHp5oN1UPsUjNhL6NFC/bX1+3rsYhf9GU1JnVqNV+MamkhCJRKay/+0Py4LEz1pO+/ZgnUY5n5XZT/2+NgtQ7rFvY09fNcTO40TXVfwpqzFGCoUGJ/ULeOy0pdSPlwShRLNCts8YWAt3GuwUUxNiVVeRe6pgty+ReeCQSPMXkOW8HLv0qKOKXyxau3qLN7f71OcyJxNmVUCLlf0z5p4+CLcwDulpnezJiBFqL7zzf3KszkqlMqezL9HR4z8k9wVQ4yGLiYvlsP5/xY3xEkQeH4ELDPrdPFr8d/dleMVgO69f63GWI5jytmHePZcllz4DpfU2A24bIlQEvl6/qyaHvBkOKjTo4cpZqkzp3BAwc65vQTBc3xD+SmwVXoWddxpumnUpfPabWYalwR+mvMin6CHLKTlss6/d1zeifb4Bq2tL4weN/W/vdlABxHSHm9dJFJEdV4L9hWitxz7b7CZf8L703UAZRnT/9lDXqUfy/SgqyAnF2eGyrdqMPqYFORY68VeZeoXsYW67Kf4wmjIB2lX8rMfppgQMli0vdbe0Zef13pP6olKqyg5FBXZBJZZS5ELPIdOjIohYCabc5F1ohErUhIfu3px55oGBQc6MgHNF955v7mDCP8HdLTN/cqzPoTD51g2pDgulw692M+DwGYOTcXGTKoCYjuMOeWMUsC7QnXisZCxGSv3GMyGRlJkrj/TUvYNC6Zrk98h26n0VrUHSA25G3Z27JgSOdSqx6Go8LE62jWOAHnU6dnVp8wuQZeVF8eK2rb4cWNmGSRVUqaP/JVHCXuX3YbjW+/zpztrsODdKh97cnARcBMPJMLm2sTOHzgnXb7Gn5R+iBjdwg9QDpdY9Wk87nrhJ4kOdySy2ufvzeObR5b9+ueXJ0VUTntPvzpyTt5WF8h6Bw8Q7iR7/vPpDgWEQSPep1vCsUO2KvgSlnYlgSOM5BRhfLtC6ltTe/hhk38O0r/X57CCvB+5BluHRhNpcqce1Vlw+mQyi5JrtCkjtW9RZEzmllaaxS5GXP/9+FMAZas/lwMmx1wNkZ2PnjeiU5/uVZrYtXbpHiY+hTAO6WRDM18Be4tY92p+JzWnAH3ZDoMt0FP659yw3v1cEdYY/lt9XE/7jmxV/L1/voMxC0+mY3Og0Gn94Snt09Go4Vw4+32i5WcQskwtrkZXDXxhUZls4ecAk9Zk2UtZhE7v1DJfvXmJ6MZl4PdwW0ouhz+x8iRpY0wkGe/DTEl6bLzIh4UMx4JxN22zPFn7wX6OHVnTEzzSlHuAUuWqXasYH/KPWMWPEdHGGqW/9SJc553wFyYr1gEl/ySuF85Lf/XP3/sn3HfrEIY6tXNJGLqgeoORo/p4gI+dxxEU4lWuzUNLjKsfgjquAugwEoto0JqOI10kOfUFOECSkskB0LEOMLjZ/NSaEAgS41iCKri7AV3Kro8h8Y46ai99gBw7YOSlxmeVdnM8XBC1Z/KXDmtCYn94MgXn5v7JiK4h6lvYBzHzEVOKuFZGfQpgHlYWScl5+jQtzAOm3D6smVyQvJWMx29N9RzIHx2Z0NKOe6Q4SKLv5Qryb6S9WmLAEeJRvwVzO8eI1cm7f+xRqnDGMzPDATWC1i8xYOk+618onPAbeeiSZuWeE/3hoypZ5kv93gIMPaFMtWeFl5zLGBHIf4V/ho7JAEHl6eciI9SBuHDjC15KlV814inDPE0vsczkbsWMWZxURTbzjOzPV7W5CiAWvZtRoErHA63EeCWOhmtFEadgVu6w+4dV7pPNcxw4BUDNZJ26mLbl/UYmNzOqKr93cQdcn/MOfCnT8HMoj+qLEltEp50uWwoFdn99EtuGwtxrS2jsdMHKuwUoOGW/oGT0Oq60hbWf3o6c6q52DzehEFgHqvX0Ql2nYvRW+TcmJMKabiJjpsnCdERAWvxIZT8ztp/ADpSwbfbqAZLpFEsrUPrO+jXHtr49mlbRb9Nswq9xMa/hfnmphsi/sTd2AHw7QdSoohUfbOKYB3Syd+luCLbJPimlq6rWgiVhZGNy+DnNIPB3m/u7mhLOxKNWG+vlmfP3Twrm3bn+L4YNEAZDAfn9Qt86Aeuy5VvGsbi41MPHsuEoGQikVFtud1j3zDfz4DTh3q+7X0zLILaDHqR++hwm6B+PHAbCKVZcl7fQZicuMFsKbi24X+Tqv0XeuKGUfrgCXRIsfnVscihGJH6WgjN+1UEsrraZIxEBp0nSguaFzmZ6OqZrMfQAiTo7uQKSW9apq65whx2eP3ONll8YG9DnR1iT9krqvW1oWKHWhb72I6XORsOVlJ++PHowHu545eugd+qG4Exf3H/o4+BcAkHKnROr2MGO78/GwvZg5CZLOiks0wPwR3baeiqfrOBcCihf/MXT71VaNI3iTpmm7ciEu/5HE6+OT4HS7pxM5inKqR3o9mIKB1fAjkM5uWb6F0thPecJHHdoByCCADUrR/f2PeLJdn51noV1fETJHkXKQ/GoqY33M36LxqHSnSZNrq/iwZgzLKWbk4G6YOTlnKStECHQZrQpfIogruIUwBlq8BaT8FQgJFokn1O6k5VkT+8Heb+5Vd/eEwFgDPO8q4ZTpCFeclePZ1SsMjR52baVnn2rdHAqFAcQZuV4g39RSlcXfQIexNiY+AzN+h7SdtMbvpos2M8YeHGwc48WhF1MbJ9FW2z4LSwlbIAbeoeNLYcHJW23ngvO46W70HjYeYJanyr2oPYqi66d/Rjk7oXZn0q4RNR0DY3RNgVcBOggE4FOkGVnjIil58GntiuzCkAi7EhlRqi1neMrNUX/WscQC2xIrMaA1XyPTJFQ0amuYLoOf8oRV6A07UtyuqFfJcsFjC8obw/Tvtu/tiG6Toym/+3hyBFHh+9p9mrhgB2QeNSw9oxP22erdJUVNoKJxyLE35+L2yYec19k9ypwAfWJpt21uS886oppLDlM2QVizY4Nvu/JS4tWliLiD91l3T3jzgMZ8ubKa/6C9MWfvWD6vuNnCErP+siYgNaYxI/0RANMH1R9m3hh15KEfWnjJzu+lAd0snfpUUQyBn/B3Syj6pv1HQZrFM5ZMkIKpuct94KZcOa0KYB3ngeX+Dp3tik5N+Sdg9iOT2fcwDjdV9/hgscuqz9LIKCeP8srDCsFJhT+D5HmzU4UqALxNE6SgnEmApYQPQLlM8Dn44o+f5PqTJTOx+giFGR7mCq0TqnLPGhOXJHwb/G6InG/MFIqhQ9QnofIWHe1Yrzswyq4+WLZIdNg2rzftEvBcSykBGrNdyGOMtPCbSR/TxHAx978SlMB0cxDJccv9iUJIj+B+vWxiTu7mtRZamRXn4oIvxiOvQrFv/covBU52PXBowlSaHd6vhMie3pJioRtxglcCxAZ2Z1YAjXs/oGfsRkNQDYhgOvGb6Jv7/zb1Mc85akGWM9ZBhU/ewsLezXgwe0136phZrDEOWra8HPop3Y3niHptXXHHtk5In//Zf9tJNBVZTiMWZ+cPV2cezSljQpa257BSEulIWAM1WH16pihwZPQhEg8eH0T4AzZOVwChONOGmZspB7iS3z2rog8rCyfCG+cSaWYHHFL1lhqIAhujJTUylou94gKSIloueLMXSyeOZ/si+8839kvkBfzkXWjHxmTMBcN94u/psTQZrU7l8fBFuYB3u7PL+7IogVJ4rBSvaVXMQNsZa/3svZs0fCqBH1RhTibDu8kxkbZwu1OspPZdUDvcGk/4+iUx6yIezXsT79dZKnd6/RxOJVhL5r023RV+nkq6hAvPpsAFEp8q+i81lHS96oBDzk+Go52WDTa5C+fG6v57mKgrHYB7EulYfpzgWnQSdc5/pIB/ETGecTKDdN44EVWzebbpPTWyU8lJ8lv6kpPDjmIVVSxST0+bZAL+/7rXMvPF6E8KO8gUXy72grfd++TBB8Pwu6nNY3/49frgTf5FzvnalSx8g0fbe+DzsdPAXoE/kHceYlxta37NP4Bg0aVRdLEDa2IIn959OAuoBqEgggjo9tY/w3Z9/CTRCuc5kVm1FFq9jZz8uxh6TiAuAW4IZnh3H4JTOm2p7tWgW6+jprN/3UXrKtKt/kNlfDJ1ljKQdD7NKsRJKHg8I9lwlYzvIsY/r57o/KwwcgCFsMewfkqZzTfB2WyqCemwPRNxxovz30m6vm4zajnNbwiH5cCK6dt9WihgKeovEOcpK3yzPn7qc5kTdTKRE4pwzRRvs9HQlwQtRRoW5fLQpgHeb+yRp1aFMsQs+yZ4og6SPgo+bSlbSyfdyrZkUn1TPGc52jvdnN3kwP8KkBhTlVBiQomIi1gFV9uAf8T18yaRcCvFV+hx/BplqaFMW6ah2XZRH972mDmszEb3O0fclTIZoopgTr6gNna2wt0LpcNfMX4rGCS6X6ymzKO0oiBZz9Z4GZQA5d8x/lcjDyQlj+98HaFqQ9/7TyiJGZxvMAluNwzDLjMX6zPxMOsm/Ypp4WS7JNiw+be00fKLyrIuOQvwEuYlvxz5qCITCveuz70xCdXl9C7Ud/QO/VFeyYOknFLYDFWGwdmrn4lAOECNlx3TOojMq+WBPr6CaTeSokK8Zp3Fy0TMMA83Tv37Qx1mkwe+iQhTvCeGpfwcKPcXujAjEpCD/rRZORqtX//IeoLrupSfQhUoMGctNHClTseHmmPrMr0d/9uGNj9l3WHFHOBoWyWRuGuGMy6pFy4UslywgbVvRL4EoehLVacBTVmNrMTri+cbDdZU8DuqSzd0sNwzQK5YlFfBhTkH4xBd7RYTfvJMjcbfRCoskgo3BFtiaCIyWgiQBiCbz96I/dpyi1gI/hJQzIB/glienKtYB3m/uN1GZ5a4AePB+vv7IvQ0rzLmor97qlQIjeHYwv4X5+PmXC6ZMlIxjl5P7JkPBuopT7vcE0DQ9JDBSqZnnTN2QedEtRSErY5UbFpOdmtjHgrUbSJMqxhmR3C4U9EYecCzmo3KcJishgXmQDFZnvOYauveLB5/CCarkbvi3SS+N57Sjlg9PdVnJOXbd2JehKpHEd6msLDKPLELXLT9YzYKxpt7+Ft1Huy9zy6lEyOwv11RZk20180SZ802Ri/8z+boxg0cxpUDzxBrshgWhIJP8p8KT5OLsuSGv4xteXORraUaBQv6yp04k3g4cNrreykQ2AD27nGtFF5hcSfDsIP+DQR6oJKtcpQNkb43cP4DlyhL/+HxotWXGDKUUlZUD8X8kNqnF9u+9zrAxR+KdsWrZL/LDiqzmAuPkaQPN6+OIeG9XP30LWQyxULELWimgYAp7Ca8VKhjfBjZCtysdA67znLeJj4tXghasWrwGzLZlsy2aFh2qWdvGWhSiqc7yzrRmeW8HebnIut8tOY6zbB7JGlKXR8VZqL7Y9MNyb+54+Vt04SPWS5S5evufE8zzZSZ07CS0BV+1N/zZULfxf+lC/D1ZwgRXp4O1FasUcYLUWmYmKonmLoSqrMuujh6LzVD+l2hQzAM7gxsCZfQpSn5w58n7vmGt05ilTLvBQWAch9jL8XlrLaqFOyH9+rEXwuPaM/SVHHYFhxBguctDmd0PYl13dAUzTumUqJrIzhh/EmmYPNafZepUgaqDOnQ7p3oYwYpIKidsVGXXvVdSJFSqo818FXTsVRApZRLrgq4iMWW9JB8w3UJKFtjsapKHHjsGH6UfogV1tIukRqrimN06E7/dlGFIEqqXUwKFK/UFoshqHfz4N3Yo1Wga2OsCSXbnCSSH4dwXBDi4zQEDg9HP7yF4U/tMilvSVXOCVegPLYNcM/ZBquvVOXaZ5fJ+OWw83rVC1QQlreKjvxunRPzRkDvTfEM3Hn20qqCsawUqD44NDQnKylq/C30IxY8mwRjdbtxHZZaNZOnxWDxrrpJUUQs8gvIC/nLUCMvwuffuVXfcv8FBzCZBJPoUwDullH1Tf25CjELN4CgkyD6mr0z5XEUVF7lXp0n5cb3Py0qetaxQ0WUNXRkV3hd8ANeyG5c9In4Bk3ZWUDXK06vuL5cWSIcsFxziwmoopPFu9sgf5lHS5LZ4TyPeJI6ep9Q8BFHkRYpUDR71eWxeHmYi0fbOIa0y02Cap8H2mCqwLmqDdD3IuphkoHU/BOg/iRaEcerJoRTddE2XQlS1H+Ch8hEQaR5M6JldZ2QmlK5sREpEmdXkLpqxm8AnFzv28hk3EQKEPQtdGIN+MIUNuYqdIINbJJ7r3h+zzAMP2tfdl6C5P5a4WV2Ue+yuy0iSI8dBeMvJFhvj0w1fDhR1YhMU5VGPD+fcxGfFCPGpXLbAvzIIVY0WtG//zXTPrQRK10sVV4QUyRGIxzO8/x1nultv3pTyn7M5dphwAI0bg1BOp3K/mgu++VExfkYPEO7zsJg1fbrrRCxVJbBe1Az49uhjkrvhPwq09VdbkrV93YsuN3nV9OSvThIYVzZxsKTmqWYm9t+xTcqUJZvMTLmWq6FYIPlG7qMZfvNoO9/TmAcu/hRVctaySfFo0qxau3qLWBWlhicjQtyiySfQpRawDvN/cpxOt8szzlkmocEHNGZi7UiuaFmM6s30jes43tfvnHKjOCna3sb53R0ZDgj1SzJOp9o6zfcH5cTfAwbWELc4AJx1KF9zKR2H+SmscyBTTxIhPLg9SnxZ6+m47DE/EhWSQ4g+u4To3XEJDqNH5Y9gumqEgGYBJN1uwgrNc8eVyq8vCuxJpu4ZU+giqnopgbFcFG6bbJN7rkBdaktkUM+kO17m7ZIV441MAHwZ4NyMyZrvC/LAZ+CNNL4IQSDJ8nLZ/3M8gmew7kttw/v6kFh1mTJrzd5jLCpwqe8AZYbSRrlFGmaqynFeRx4qw0ZvElizAd3AY+QPIEtWDfzuByh7Rg8y3x4nQ4DxiU5wS4u9C801rali+KbOD8LuP4TG0s56k2v5KbJFzeQTTRwuv3/+CIJcI7VDJuWaXg21UqBRBkshy4tlV0Oj82WUzeM8C0hm7W5lKBGK8mm9Z/SL5jdNy1pGKDCmjyCmPig7eqW2j1t2zc5WD0OxQC6apm1QIT2RvFjshtcWcIw6sGp12ghhXWcjZ3CRAFQiiFRZE7J7NaHm6KcKUWsA8meJaVYItzAO83QItzAOozBb1XO7w5YrD/LcdsSWREcBSDOIfWlI4aAOYLsaWxmDL+YzCKq2owF4fE0bpPxVfZg81IyyvP3xhtr4eSieD0BRbfucxARuR0feirtOrYCTA98uXNaCkr1Qn7YHacTc468GgGbXd9lKUoFdP9Y6jv4e/b9Z4DJgHEiQVmrK+QrGZ2W1elZZmVxcDPSIazKy82SCTnUjoVw4+mJdykisXXbdBvN7zlKlJFbkBUiNnZdbvuKmVph6k2JA2nJqsZ9RDykylFPTV/Xog3VtyphUmckBFwCQdTs96XrchLZ2XfPvPIFk1ufTg6spwt/aAin+j7CeXl+cNIhGYHvTeoQhUdkQof3n0kdQztQOJMJFsBa5DtpAFqPElBMrbjYtRx4ke0xcXErd3BelRauXL25G1faFEP6DhTJch5mHRx8B5/tWAO92wqVfEdXnVDTmKAIP92H0jFuxT/5wxbpOktNcQEgBMwARUukHLNLBf/cbqIE583g7y1d2eQ6csSl8tCjbK7J7Jf3gZatClE6tCmAd5v7wSxr87zO9WwEsFeMoVpACgvp8hWgTfCpyIgeg2z3uiBPc6/Tp4bA0UzK7Ew03MFSvujOakFy/rcpHNufcQOURYNe9tsM/3mhXwNWFxtVSmcX7tkaScXecI0Yuqou2y2GZdGUu9H1LCGP2HnxGeJtPp9ZXeLZWEOgwO1lefQJzWYFnSAmAQrOjfZh0i+vp78RZo5FjfPht9mRSFMaH3s+qr9h3XQtKZhGGJhCMSZQT9+zrPzIMtzLn1dAicbLMA0muXx1U+ntzacgQTh+ZJy6kt91adx3/3FpAJSAp/4WHr2hKSCa4LpbIpZ3pualF8vC6zp0yGueNh2zaZ10p8FeHdnT24Nm2rHmG3F13s0rVI97JHzTdI513IkJO0EhwZdGXeDzBSHY2sJmhNfOaqhc+0AtHd/9+WLwk+zT/zXpfM5FQRt0tzE0jwMrBHyqHvK/z61J/g1GL9kZ1P3biRWW7vMTmKOMi1loeHGFaGDpI5qNff+l3xAkernkUz/Ls7krWxsa0Pt2/SYcVlTiNGfdaRTNzzdAi3KPtmgtRaVRfLFsBCFq9pVmcohYB5bknpGeFMbwcnL7ufQplFkNmcfL0udTFXYc6Eu42ikEcdfmWmlnvvEUPbOHUcoBqZkR4s720jy4v0eV/Fffvk5hhTcllX8rnSkrZs3Rjj4syQ98DuZVEskaO8ZJgPWTV7TVql5dw5LB7SoDbeaXFN94MPF7cRLQh/xSqMEJUB0swZUbJWEGfprSDl4Tpw9l0zWKViGkq5hjAXiFxBzfE5Hsp9bwT5o1Yg5wbi4xQrFF73KY/LrEMeP/9NKG1BSvc5twmPVi5nizk3ZvJDov/qcvwvgoXqBwmbhdjXyItFl9s/7AvND9Awu1+36NR+uen7zHfPwaAsZvf9qFPEtn1gZDrsirbyTahTxTZpcV4+Jq77DiyWNdj054BPiVjd0m7X+NMXi4HBll0W4vzcVG8RVJtPb1bfLZytvVT8kSfsub1ls1VjtR1tnEoAW7BWQE/1Dhibtqmgy7ITczv5BsZ2Rc6BOqDppsFp0oOCOtCNFdfv8tYNksjAuUrri75y67hUQH1E5AUeqrCM6AOCMj5G6W6mqvVfgOldTDxS4RlaMg8Z9SyS2gwEzZP7cO8xW5m4x8xd/wE4CkyE8cz9rVIAtRRA3zluyz+XBFtuFm8HNFELAO6Wmb+5VdnKSk/4qsDx/c/l4RC1GUxo543MOLr5r+xdz3zWigfF6hUs3gZPfjI1e6W0PCXuLBQyijXSKv9UFOiPsCVif/H+2HuI5G7U21WKy+QvwqDlQNg8xkHeYepRzjrqPWDOikwntcj7UAO6ZWEgYgx68v71lbBH2A2hzGyfj8h6WkZ8wexF1u2EojRGmrWPABb+glnu5GKNANltoCjNWioEGl+wj/tHGse6H0NOF5zYU4fL5EzkdBbFzk8NTdl7F/mLclUMgAZeUEwSLvUqC1p2Y0xHHjVogfISNzE3q3XEpE1W9viDfiTZmdswIy/EhzDOBBbEtReZbiniNKvVyYL+WNx/gvzu9hRoau2B7ERikYFD2lC2mMxTVlDeIA7LCRTDQ9WOHgw3Pjm77vI9VXk9zOB5Q9iQ76D35nxWbMB8CR9THfqpWIT8r4793hor+7zoxq/NRyo85184r/1wrd6Iemw5tmlf7SZKxNCgPL9lROetHnY32VHilxA/u63uuHp9y89zQ4bq8pTsH9uCabgCpcQMNjNMr7Vqa8mUk3HcS6MwtsT/st0j0Ew+rFZrWSj45Zykxmqs1s/lwRbseAgS4LQLy3qOgiP8He7nB/PBrT+EERAt/FlHzTFuJedQrmLmwuioppnGcRkl5QPQTSpiFvdCk3nmgRXfxksucD/3vFpKVHUsow4b/OVcgG8CAsAa3qmooHa98BjKyMqXfCzn66bm89UZQKFJ0p6rhkl71n6Ll9QSuZ99OkThcnbMyHrVVps76GRZYYRgtrpIHLd44jdpxbOLiN0G7k8Qqph2hl/rl/5eld+2W3GGEcPBMdQLrChkxcJr8EGxiprLBxHcq14nlh1TTEjMXIQHqTyP0QiH2pQf6H0OVMSJNJCRIUKBs269TQTDJ+xCXY5c0ckQ/PAzrfHMNuFq5PEoLkkfhuCai+OzpsgLAowE/O2pGqW8k3TJ2Zfwuwco33RZMV7aqzYWtpnxac+v8IiNJqof3n3aFw4eCeIJf5MgYZUxIsIzZ2hloD4iuUxZuxvxnptGr2QmFwv28L7V/xvZhi78MRQp33QvCli6Q6C5U03VwH60sNBBG4d6Jx0m2F7ucrLXaYdXvKNlXX6addvJ5lmGvrdxq/dgtnTce+X3XytyiYEvxfczNApgNJuoz5EU0NyIXnLuqLrRmeTlnNOgA7zhBochEqzOXn7+vgKTITv053m/UeHxh8kgBNQBKyT+ErTsxuC3wMB1fD75aZiGqtMKO7J9g4AY2EYxigVndJWjDYSYIT8tSJzpjfQjSqOYmhXAY49WYSDEKHyXZmpc2gYqmBN6hI90bzhKrjQ9PV6ohkHcthjhvRF9oclL5ZgqHfzYYzWfjG3hZPw2tjqDmRJTgUlCiLNz/16oMad7dB4dHMwHmqWJ9x+G1v+L3WFK/0ugJ0CqJRBr8VxSXcH5Ys1Eb/uXj4kBvmOYLRBYTNVn0PZwOH7r4dXKGYLD3pP2Mp4ubX+NDf9IfWOggs0SH+1tGgd7QoYUEI4x/deEv8rZKNpPR2BySfI5ja1SrQTo0wUsEX32snySYRByAgI2SgTnjws3o098PMmHhgcDBgzk4abVSohm8V4epDw48Sw3dsPHK7ldz1vspNLzKNBjSgXYTIUzkWfUCx35mmA97m2q0OF7n46PG5mXRGHgk+c3LPoHm9UVw8qjIa5rWwdm6uaHXdJ/jhoK18ibSsEDfzTd9CSRna0Ca+7LuV/k2MBP0Tn/U8dPq/Y1kBJfiGwWxjy3enVWIaaZI07Iou78qUDnIof0/tx7ZJy8/RDIYLiPW68dRCgh0spFTisjPoTE0Ga0KtIdX/fbrx1ECH+8He7nqpdmHEVSHzsvcUb5pcTAseDchObaHgaKNqkClfi8zVD5GIdY0q/NmHQ4CMvOaUFhFRC1kn2R4ghfSSW0z6y6+Ev/BBNs+kPdTjpXfDKC8LS234PtxPiy0WMQ23qdUx6soq1z5lTofLpRyqFWgmug4ujlnbFFtxPXyMtM8AXgrcb7QowpJeed3m4NXGO+u3Phsxw9ffC29GFKVwVnasFrQmKMX6vyCSG9A6oALkdfBcLJsFN1/bFHUpaFS31+3pz6n0vtGBGNVuvrvvOrCLfgRLgp4k7rh1O8Ag3gG5+bSPIE6TZQPlppxsF64FbBgDEVO4h5W24DawkrbX9cpc4UrbIuOKePYUz1EwTTk60yYL8zjSGE4KTmV5XN8/zhKz7DpM4c063ktsrPcSJOYwq3biT5+rrYllv84jDQonGCQpRVwFFXQHQUz1wHK1DzrytwUtq6ps1A/Ss5QsnSzD7JH2JifVscLhxj4J+gazkm5NFYy6Oszp155pa5tKJGy7wov4gd73KvwksAyMch86tq6gN0SlBqtQcgb+OUPLn2s73nOV78h0Ml9hR1Snlyi6rWVUwiQ/3Ze0bXm6FCWc3EV2c0gtawDulpm/uVZn1PVV2cpK0QIdBmtCk8Wb1zE/pbbyDbfWagp2971wRVTP/LZkk6IgA3ziDxIgcGRIeS8UZG/y0R0xqUgOWsAJbNeSmP+Sd5loDJ3znYjCrD+77/tOc8Bh1K0iwVG1Vy9ktgTLjNSUapXZHhTb79WvjEOMuncz7MxniSBBdyWivkAdOHKGVHOJRbswkIQ5tm0gauRl7idBKkw/PkokbmeRG1N19C4jWkJYw0bLZLW/7wfDWYVJTbkiTobITuroXWdfWNh5IJgW4p7mTJHhDmTr0chCvA+PRDSEohK4J1O6SAob7SG7Z+D5ND/7Yfdgv/PGweu3Z5Q3YYjfEc/DLB+nxsbBz6IW0RnUeRdqwdx+hZ+6GNXbvgICvSxLy3/ktKopqT4yTBbAmNrHeqvyQ6jHUxdhhH8Tt/iH8pbzdatQv9h7JfQV74q/nu3qKjVh5uiVZlZqMpA5jGiV6Mq8wG6mBcjwCyaks09nXJdobZIW9hYL0VyUXyrGeLtOY2c7HIo0s24iBE454uIzFDemJ11bck5w/JU3EGd8RKHyhM1WBdUvPurY+A8TGlJWidKT246oNrX0gpBS95AYqdBURzmcUW7zgShITqkE5ZIXYN04n9cAsS4xTkXWiFAhavaN1GP+V33c+hSi1gHeWrhpy5B1uvHXjqIRKsuAslYpk5YBETD97tHXK4wS3fx766Rx9XPKtkTwcn8uvrGljKUOwxq6bYmeUGH19lz09ggeRUyJvWEnj282gOhvRuJbGk+Yw/YeF4nD/T8toEuIO3E8RRM4xFtdkygM5NecYlvnpTJqfZseGMX2oE1ZFu1KmHsA2bFd860T1q4CZAQycllSrfL9KbuBVktCVdmoFP3fvOYA5Z8LdZvxG+XptrEIo8OlZYgMA7LBN4GiiQABwf9TcoMvOZFssKgv2KUGoSsRh1A8KaVRPZkyC3V8akPm7TPrElyzRfp+LeNxGJm1G0NjV3h+DRigZnCU/6tJDbDJ7m6O8EtH2IV/Rfgygv8j5f6Fmc3uP3qKXUE2AxNTPffwiHwizEkjYMwJTUjTTkkKmiDxOFVTzD3liqF0/Dc1Mt03yJ4lUEDEH/mm78TvErr/AdPNPHeHCRWKtqLc6l0qUi1IWmd8tRAZM+X7AYQ63iPvYRfq2/yNDKXbwrFpzGcVrt769+XaJ0vXwXqdP9w704/E83Jv8u3nlspH3VSlbWWOvxe/A5X7zxv/3OXPDwoK7LFMylyLgGbX6uIBb7ZlshUWsD4mRM39ynPORsjOUQRPuWgiP8Cc4fkhpl3zPcrsaZTqaCZpp/kd1AKJZX8eBn5guDyUDCkvdmZTsQA6NcYaqb7aIU0mW4X6/nLlTupT+2rF2qUBt/aneNiHp+OJuhex5rnJTjCIDbxtY329/CM/4I5q+j+REZrOjV0pelYO26v9H34hZbRDD8ukOq0foZdc+FfoGeJ1rg6k+/plut+sS8vlLgf/rcxt5Qn5vp/uNAZvH+02uhRFUUR1cXjcOmahCy+y1LjrHWNrc2PEijVzkAA54HJYmDshfxVsksmunQufe3BKGJHV+tC7My5J8ffJULzpDrwLMEPSDAflbSkzyq4dr6wK1eY593eUmOyWRR2rQ0t+7mHQUVAxoY9OjXcbPma8lYGr82ftFizXghv+x97uuOBKQLJofX5KznGknz2tmiSH0QnQWdNfBMKfQy0h6nwyk8D0+JWTnWdKkVBuGEzA8AAbW7NHFhC3/abmUKnZWWhwW9bZ85RvzF5HJ10wR0PpHYNMkknE3sshGuaGr2T+TwlsiDvJ9+ni3Pqb+u1tE95pmYdsvUEvLbY4m6CMeRrSMPjMzUP7hWh7zYp2azHLi27xoM+zTSjioK8DLxrbE/vB3u7V2RiutCZHolWmFev69zAO6WTx7dEzlM4TrRAh/vApRTbldeuu8WE1irl/n994eavCyWJ5A3yi/Mgg0e6mlpHBAGbNrguEW+aQ83zQPNjsmdiV8G+bHnof6WsNV0IwMXSuEX5WLSUIno76C/b+tT8znPl0Hf6RsP4ufFPS44ycE3uVtl6jvhi1SgNoKuposyZUuOjEaNRBfAvAn/F0K6UsqCn9iEBdN9qjHPVoC6eeCDQnU4t7lT3jGgeN7613MtAkbz9ZY1PT8I6dffQE2F6/wwUyvfEYd7Yw4obX/KvqRFfmlCxfN6aSYogDxRbsB1WOH98lUhhbM8u/8jvWCvzfx2SV5roeF3c+6Z7EE+Lw9ZvWDRNR99sHvnXgfTX3Q7NsPKhph1L/3SCcc3JPcImAaT00rcoAph1dt56XnagWl6d6IuFUNzzDOtIoyOh5bVT2fNiaiyt53GsCKUlhvxD4XZ69uUsVRzuSPWuqtTBfF27Fuf1oTxdkkEzmds4bZpeEgUDI4JP4RmxbmLNsxdiBH9mJqO3Vc4w55KNcZDa//9i8rkcaIYAYTLkSmQU6mVYC39vHGe/bGlxBZtXOZRvWJiAZBgvrSw7d9xj5iR2sEW5fIxXWhS+RRCwBlq0KYB5b5spMnYWduqyJoIj62WDYYPxaoslFuBOekN/eQzY7dS2VEK+AdtQg0h9Q63GtOt6vnbssImfzbMNfdnI6U+P0h1Zv/qY42MiKOsXPbx177to3FXZcJ9bTiHxAOJCJ9bIlmsjk8fCD+OWFeSw1AFBNCi/+B9qhbRL4VX5s4l/Un97fBhVXAN63Gs4jQo853575ERB7TIkANI8mm8+KSbVCFNXilGHojsroU82EpBaGlepXoHpPiq4UXqBvuQ9vEQglCu85vfWZwdi2JEi04MQY647Iice0mX3j9R8CszPnsqufOeQzRxOPTJNPCoNSslegv1waWpi6Fq+tymHqL7nIZbpdp+zfi/BLiYXKtmtdmAfy7mdOFOT8Oc/XPdeQSJfWdSL6HYGaPp23JJ1cZ0QqIiSuCW0mPla1k9aB3QKDG2O2wAZVRN5rZZcT/sY4V4i5k5EYkmcNCOQAFakycbHO6CR/D8YKvTKpxNaQmevwilF+9e251ZcRK87ZVGblGZjRXIkItyP0Q82dBncOj3f12K1N5PXA2S8h+FSSqXUuBkS+Wsuroe2h8tIC2KyAqsSg4D9vXImbnLlgl7+qXZmrX7lV2sE55Z1vHUQiN1GP+WZy88aIsknJPYZ8yeOW7SVooA7JKsbRWa+iok2Jtlrkiq5XU1IYTyOYbWSh9PeB5KFmdXlWbjq+eZCVPxzxhbRfvmbxBAT9nC7MChrNJ9Cb2ecNtDGhJ3pFOvFSRvJd+V9CkqSNPj17co3ohGlDWDFUHHa8eayxb2GfDToY/9w698LbtEB1/PbfjpW7m1JwwVJGr8LyI7iMz5GVB73/htQYujDI/PkPLzlOPBIxJr7Zuq7rQEcuN5+GW88e2YDdjd/bQoF0kPwab6jwtXjsNRSAq0zuKpPs2KX2dx8ldBptfnOLdbsEJGEZYjZaKBv7jGxwdhweTY0xW4ElSw5so1nvlClCJZw0T8o88eLZTJSTmNAyUA3RE/QjqV3rt3Dw8EUqb4DIXXEJ3F6EYZYGre2+eSpmgTukCWrbaGxmlQidq7XLS5GsqWS3+E0dgLNyhn6Xm3a+/v1vgVcDJwEUfuGIRjtU/xEGhak3xDL+dcrr54eCTPEl3XaAxGVYy8QMim9zrHaXbpcuzwrM5V5XT8rwyHkludLSvexMvcO+MM/ONR4SXEl0Wkl44yVHbxL5ilqxaNPWi87zf3KcTp39Wdb5Xf1x0cCIoV3aFKLImczvacvkUQRM5TOLpLZ5x8vvpEMFNrZgyHpii9pQ3rtQ15w9zB/EVzCbxiQCmIRxYW/rrHYfMGnM5ClXOutMKHpwKVUcNK2CV7HSbiMaQJscnqDyVMmV6y6JOSxJSJlZ4Z9xneqeW7X19bG4woAlKFsGw9bdPrC5cmliCAZNOGWq7SbhyS/I7p2c8aSeob6YjFYbHdm+vrenlO6nVGBI0mTO1F3ZBL4FBxtVDkOjSDR68YIxOYaUOrdb2Q4FTuqvD1gq6mKyeoMT4kJpuGlpp/wx7mFVREFR2ahcFvX+xJtb068W8kzuEQnkn2QIcADx61WB2V8WXMmE99mqnCnW6k6St9BXewocoMONAS8rNT/4mDgIU6ky2F5bDya1BLn+twUBKwMDPOcao7KwP6pPCepRWgpv/+eLdp5jD4HnHpqU6qV5k8JtPY6xTIhgR40kHO4QoDsKgKRW2luZo4wL4E0ZJr4Cb9+mMWvop1AZGRclHRy+wJsb/kF7BdCZl35NrEPDHFRACzQ4wU5MY+lw08yPSy+0FbFTr9SCpwSP16an8hUTIi/sZENAOahn9Sk0/dspK3xxPBy8iBmrX7lOJ1ozOzKZwnW+WXmoIeb+yXx8EW5RZEzmkHgoZs66RpHcN52WNbDqjrUFje/dXTtX0TQ6doT6g691epxMWT1IAe7N4h8KBzkcFmD6cetTN/q7VMT1XGtSJq3cv7ZnrWWSVJVp0UkiSk0sQ7H6uKkJ5dEkb67F+W2adNilhPHRbHuBW/SrECVr3M6MEOkQ7TKnPwyDZKry+e+QVQijKH229dTpbApTrO+vTPSQ1N8sQ3Xhihs4K5y+uMtR48t6HMBHD6EIms++4i/2KTBSRf/PrkVsQXGEhKCTEa8COsfhw90Gpjcn6vh8ZuAkCBNGHcGe1EjZgMmANAwFp/WAGVcdrW7LA60CxWb2793jCdv7ePMTnebe+8KrlPVSYj7EoUoRCDtI9fXq1xCgVLxu6920FJdFq4PUSdmdmk2fl8WXsv/lcd9JEt0F+NX0oDFlBYzEJTYsyIbT9kJIAe4MjaQAWr1yHm/69gxEKLxGPGTVVu5IdVEd9On68n22JYvG5xMeU512HS0L+pbdTIli2JIZuV4Wcs9omlyjPIAe3WasMXC6b5SrcYZB61Q1hnOCyXB+Pvp6tI5gdcEfeTyRxN7X0HQwCjAWDqJnkPYJ0uK9DpaqT9Ki/UXTNbNC3L5FEMhbon9a1gHLv6cwDmPl79Od5uctOWnLfYqx5oVPujedtT9oK1CvqxcdMjFgBqUgP92Su0a0X39OLlo5ipjeU3MmfIPwabEqa5EwwJ88axPgoD6J6uzNscRczB88830ev1+5DfaGvNDhuxT+7rOwWtm4Dncm6ff89DlD6Y+VnjJKnUH8lAEcXyLG8L/QZh9I5iddcxsQhiS4QT7Cj1Z+IFVhFIa0fsWrw/GtFGxbA9/uMnSKV23o/uZwLDelfaYe6hlbHERmsBTQ7Up/GJ2Fhqnwa4jahXABJ0PBVZMczCRZmLjBMENndyOxv+9+QH1g5GLrPM2XKlqbjZOK8Cl8AMK5LgwjjMRbOAKU31UeBNfZ32bvEEen4fYVTYGU+xTSqmGyBZMG/oHdsqSEg4IH/c13jDCH6GuEE+oMiKtn0SRSPjh8qh1XNzjETiyCy4Ux8ICmEY/sO5h85SFm/3w1ES7/7W8S73R4UQ8WcrdngTBQKA1gvlpyUk5CL2HxU3tpqy2A6Ncx85AOOQPLGpiSjTlr4KhlVt6iXmViEQg5s/ANliPxFH/yyFbIyD4paeqt1hl9jAvi9aJPBim7IoTJT9xuvaNjqYi9VkT+8DLUYrrFM4UvkX2i87zfqP94O836jnKTBy3gUHUnfsbFOP+UrEM12uB8BDgC/mrEu+VNbDzCb8gWyGEHuCxV6qja7xOVYlRr0EIFmuhdUfYlv3fqo3MIPcW8J12xCgFVmB9OzQ92ggegi9OZD53BGFLye8V9pF3qcQkz5sbjHIOgPfhCEmt1bJHhHpoCTV74HlsU/uig5k2l+22EM8D/+4yOE1wkfG3B7NrDpabTEuaJXR5jzR5gupzXje63Ao8aqf2gNLAo+EwV3SV2o47JMK0za9n5geCwDH2/oIj9Z94JIxGWY8NpFFmhjhr7+O0mG8e4Wb9hR/Rf0hNWe83w6+7RtijhpvN7vbeJerGLmmprnjHsVNxexqORYQoF58ttHJlhacMJdCCVpG58nrKySz4pUQFiK9HaWZOZs1U6KItyavmCHiexMYYjXrnUTLBCrawlkHoGBd8lfShhwhH0sToINqF47eB7ufuOvezESiyO0uiwqk9DuZd8iD9ySZcj1F68CmvriF4eiKvcNJNakjyRIDF5yxT05YEF75IQjEtFsv8xh2bRUvHCMHumokWmYJcm8ehyMyadADp6cWEqE4EbumUXM/YsK4lMD+G4xpROoPar3qviZat839lW1Z9ClF7ZBI8TH0JiaDdk5f1wBeNbYmgiMufQmSfP3UqL7zzf2IxH1uFOOUfpaB+4XzfxsNwKU/JOnjSYJjRqJwgrfLpQUZTDNW5oA2nO3MBdL103eOdEQuOEMyJtrj+q87JzOt/T5A9a3LrQCD8syObMPF+A42NX+DphHh5mArE+zcESGKb3z8yswNKrWmsnqt4l8fOkhQNgBF7qZE78seeFbzSLcFxUpzMyefJITURq5sbrtdpBqoREneMAjMHcxIM8dHH3Xbh5FmGvzFLuzodXwDGjcN+TFZTUqnQYf8V2EaZseMrTjcS6AwBbLDkBqXJNpjsF3QnQHgxeFPQDPhrp+5Ex26CPI6zKjVYcEMmb4RY7Mhf0PQZn6m82+P4RBo9omZIOQCzmkGUEWSpAIuPEIbSGfnFMFCBkCvTWVLgusaoSaODokkuo9wlmaY6D29q7bOFaDpYvjl1BOsn4fGvakIP/zuZqSuqR/MpYr4diYae7CCVsQq38mGsktNuOLfTx8rgaR/Vc+TcJqHbi1z3F/ZnVSRzceaVYTMMFYmk7EAbvjgVMnxRe6mg6qjmDr2u83YSFACOLMfOwHQo3opKtGcSimWN9W60Fa/Qs3LZ22qshTSZIdlHS8sXTNJP+2OFaTOJyo1geBKcM3rbEheWY2xgDL9fW5yN6qzWLVmftaOx9Xgiw95JmUyTl5+iFgDLxl53lnW8dRmeTufQpfvzEl4RHfVXbinDl1ufxeEAlz2GSy4uzT0j0s/BdedgB9J0gkF3uCuVljrKL30E62kiFqP7ggiETJjlVw/Di2Zu0dR2Jh5WG6D0KwxdNByKlKNl2UVs0VGmz+xlLxgD9AkUHrsJvg9mtOt9aaePwX8mOu1Ve3zWFNhtwkYG2eGP9wJhqfmR++FxqFlhji/e23/DZwtsFhVNTqDVHt7yn5FODntCh2ykIJD55/uIG0XH3s4wui31wZg3ytHzxJo6wjqHALKiZRxIgPqeestR1FMH8Nw4c1bpN0lP5kb6ptvTGAg9HEAmCTlcuCD4l+QnCbl9WuXhrTEyKKqvho5Y05I4XyPQh+3J0bMvklhyTZ0Lk4fkWdoSB4ZgvHEG4kmEcaQf3H4DL6r9AuZmZqpt9xJs8/Yv1c4ec/6HDITorOqi6AfF5lAkSZr68VFqJ1DNQ5AEH9KZMaCwtmhNSIW5q88lrWldee5bmlgPaSr4UtExORY0KE9Z/T+ak3qml1Xz7UqprMt973tql5RXsxb8kSQf0ybIOXrFJocSJ8CZ2/jvTMvqce9rX9Sx7ARDjyr636lg1MR2++M5RfqjrDSbF6muWRanDWGu82/7MBs0KJvuZ+/ZS3KONTIO6WTyahTLELVoTE0Ga0KYB3TlWST6FMA7G8ogjT7t33RSnycYAbbMEiGMcjn//gNxcCzGHb29sJXvHNTrU8FuwIvjEHF4xXTjcElrJtjwMUuabCA8eK55XiBc0O3cJoC+/q4ht9uAdZtMPIeqOQOC5E+iUExkOj2B2evOxSfqDLgryWBqbqx8JlaZB1ARAI/EIb3nPT8QGf6gsRCvklKN4yALM1GB153baDf15v/VelLaJe0bUCpiR6JBAagQ/6I6A+PteNDLf5ac3VS2VZGHQiE0D1urbvEueNtHBmuumGLujFNHy4Q9fqNlexXFj2tu/DT34SSkntkL+NJaCFd08bs/cMl5G2LgaugGPqee9LLsltuY2Yz/rTaf1788VOwYxjgt6PC6/fZXw1TdasUCHB3kpJMIHpNv9ZFaZ5YjJlvJ7T5Z3Knt+U5k8ZqhX5S7XNJprToWtGrBQzXZQefR//20Axt+P6Y4AsyE/PmZ1BsjFRIu7Y7RTIMghQS1zo9gXatsppMox7t5bI2XGVdrWeiIFIMGtoJ69FeTH0Y68RRa8/VsTDzRtdj85L8bEkOHWpbt6ExCvLgkJvgtZRf8PUanRU/oWr+QpvjWxKiIll9zzf3Kc/3LZVmsU0tKsz5kFR7ghZQct46FvjkBHC3MAZasUzLV4Ity+QXEPmroYdsIvvbo4zRl2N1opSGtkTVItJaaUJd/UPPERlzhogYOWzsd4E0zpLdIT38bfCshCodQD0yOkuiu3uiSVZ4pSNLQlZks0dVXljUM1j7oesCvja278UsU2NYrbcvEjKzN8lwCT3jddbukrxBNsZwBafZ5+53RGunb0zXObbPzRgj2p5BIJYy9BKhfYKUfl0Bg3LSPENkYxpAIeqxoD7tz3pY4vb06sxGPllehLII9tOTvWzOAbVD7dn547F+CetPql/5um2uLtTf8hNlQn5b/7+08Z8KmO1JlOR26my53VdgF77EztLpMzvbaNc+FMJqusUwVt5ATrjxWDfDMCZT062g1b9GQcJll3Glq45T7Uzep1SAB8dnVpyEaD98k0qN6YnHUa8aPNMMkVkcfr560zAm6RInBSufN1BMJ7YzkeA8Siow3w7gePQguGwpAJuBqI4IQF8HhZqiQQStwC8KMaVmx2FVjM9SVAIv+Ls2kyFJmBzOg4+2/4VP41yMVPgnBXqgTMID5u7Bw1M23ZHuAhsRulT6YcjSaFZgEBU9Qa8mCqCP5LS6vZ5MP2+sPBCP4p4WUlucScKD8IqBG/KC7iOH3V3Hg3bve4bymAcyJxOW75bekrX1IJKsBfuOFI9wWrQpRZRLGyM5faLUUZc7zzf3KZVUUHIE7w+T/HX93fH84AXU8QBcWZR+xZeMEl62srZb6eQuvhd3UFLFAFcVlh42tzg0BM3yFI+XefvCgOhZIWhb1csi0sWpfijrrCcubBaZlGlHK68ij90LO4eEvxEKswVPfuGJmgGLOiwZff3c+yLueald1mWeU0o9K4ZwATK5+EuwkVaTXO61yxs9dCmRiW3UouRTtsM8u+90mkeAnFrqaTxbC1BGkDiNTcAjMzlqk5eIYo2ofGOl5+oTxZXQX0XwUdVl8KR0sjuK28a8o7LK97F+8+fowSBKYpdz3d1oG7OTjN+vxBlPMzm2rtq3hXNcfRv14lQctw6O+A9dYB9rwUC49jTanopi8AV54vpUPrZGKwC22URAD3ZNae3caPfpVqtcRmKDzUIbJjF0vTb0XM8usc9KrBw9733SErusOyWZRxYoefLm5Z8ImMDg+IH2YB4/BI0VR8tTPL1YHj5vSUdx42gaCHvcKDAGKu/tiAbY3BJpgTyfBm11qgbx5YwvaFe20WboSaq9BC/0OKeZCw4F96qv+gGkqAXNrLNMwam36uV0o6tw67a9QTU8InnGXJsoobSTYAQCw6nO836jnNxDieLPVL5FGhYlwQvPKNCZcNx955v1HOUlb5Zn0KWsj08szyR5LKOwXegb1++zfh7Gn2cbnfn+3cqPopToUq2kVk8bIHLy4Oowf5zoggkqfIJBJ6pFWQpyk9XrqO9NLdURybAOEpz7JMKA1gqgNmm3VoFsv/TidlaAItM7COhD4Yr1eg6F6AP3sPnKa7VvT0OpGCz9eRitFlQYBuhYp04W/QXi4GO2TYWCMXdkd71ecyHYXFz7jdRF1HhIyqXG2FZ6wTX8/f2l0q2RmauN06XHmCFOaxUzePEvdysAj5Qh8B31Sd8353lhyncleuM38F9Ga0jKVEJF9YJGmo0SfJC5CG8OVKW1C58miVEOV4grcs0BoFzVqXpmhoDn6tJ+MNSbe80godbhOSvY6xEn7HwqyIXC0PqV0ccPUMXktF0kit3JmNwvFy+f/smqdeL1zWYkz8McBh1cDbjgtvpWyH+9uCYyGtPH0ormLPwrNDjACNvVPIaboeqQ9tOGWxVp3ntIpiEo30SoWfBp62AyWJiCZnera/Q6jEzQyvEq1qLMjzXGUAgLZl7JEURrSnzUm5Z9yOdWguSOfYX6M5RTaQL/7RRdeWaHqU7R0MIo4ZcDIDm/sEiXlf4yyZu4A1yoQIllNxmXzfWwxxoWS79Wse0Ga0Jifd0/ZL5NQpRZE+7oCXOGGOyM+iDk9w80LdadPTxoB9zAO8wbS/w4I7VKbV0FyWFwPTuvD+CApgWJv/zGU+TAaNxq9XG4eR44MLcnYJZZNgFAVlR0B/iKURWzMqU8TUMcQUapLyh/BFcQ6OjdM8MsHyuZR35yfgL0akFqWp8wOPj7WxVTGeL2KDPM5JNl/H/hjE3l9e5heODLi0O/VqKa4V+sXvqCOusZPccxlIR2UTQlL0hK74TQrr/dVDU++iWHbz8uonWb3gZzKBw2UF2AeIrWN53Fqd4aOMdmnwOHH21IUspvt1W8Z8KWZ3/mVOkLwxH0qLzBf9CE8XnONtJOt/Sn5sWb+jHvTpgiPd2hNl4AnuM5eLPuRC+u/FbbRvdcw7GrrkMPzGUoUcUcVcq+vHLhLZCLj9viLwjX/gEosrTxixZ85TamMqrMR7OcqCr9DLPP6TqTLfbP8pG3TSGyifI1a2Vthe9NCXa17uA2DT/b7vdOShxk7mZhFiki2soFZG9IVNf3T8j5e9RWMs9gvqvKYRAfzjb4L53Q/o4GrP/p1+GRbis6RjQyeIWWuz7dcXBqmvXvkXFKaZ7LtK7ZE2e/E+nZvA3I2kkMi4eTJQ+LE7hnDDbB5y/w06TYyf5+D/7/JHNzhY5Qu2SIt2yST9O4Ya4OwtzAGtyj7ZodAW6jICVMhO/pgSLRJPrRqsz5+6lWhS+O9MgiaCGDlnJvcbusvBRNFDvQRA7nnuKVW9+aNpW2FkHS4bXs7gU3D4OUTE5WCgSNuWL3AeS39CWRyGgd9tQ50SPc6deHcWN7WHjlWcJ/TM0lnoJ3DRXCNgVFaUtgIWR9QF0O2dBCbedPVVe6+/lSRxk/2NsNfZ5+8U5hWfaRqCk0fEim8VrLPT0K9/ZgDYWLXnTYv0UTXIIdrzH9wc1n+YhSbDjJ7VCZkCeW5r/wBYQRE6xJqNWJ8nSf074nnH57zbd0sp/CaluXRZhMEPlwXIUqhj+Zf8smftIOAs7Qhrq8QOtY0U8yciuuGwiWjlfGEj9HBkZb8WeCy8ckQDnK1dPhmlq+t6haK2vtxwJAGQi0Gf8uyjw7AQK8NVmKq/oTmu/D2aYpLiNx13BzK6QpIuMw9xE43XPPt/Fd+tvdTzg59YAaZlCwzn+P8yYELi9wrVueIRO02N5g/X9BWQ0c8dDf+66BfLwvKnns1mg2/u8ZnkRJhpPV4Jhkwsfqs4wOzIaHgv5ihyUni3ISCMBVUgLoYHn9GzDOKWE8oGocXzZosjVumjtHoQyTOo23e2kqAhSct+1UFF9ruyx+L2q1CvZ1fs88E8siOQP6tpYoZYUOQTlnb4qoEnCRsGIg839ynE60QgqST+nHqXgNkET7ucvtFp55DTCHnbX9hLjj5iKsu/gO8i60Y3c2Crtz+PZWCcqbOke91eymhJ9nmW+p+klbMDNBVLq8NyjBkjeQTQO8McNzHX0N/OUMWo/JOyDT0fnQ+/K2lWCa0hOEeFb/wikcFRl3Kke/95nR+MOSe+XoAqjxCpKxmd7T1P5OS4MDlCmowqcaowNCJS4UwLsO5HOhz7buMC/Bzd8HYKJxT5vHukJAAGLqLoe/oId59zsbfnFqDuK5GVW80ycLaYoMWx9T0DAa4V44S5s2Vi0YLOlFm3C1xwgLC34FNTmstFpYoOB3KQecva52z1BaFL6pHBXEDyKjfhgwVZE5jfFoHcowgi0ETImnLAfPvQBmablgkrXA3cFcbjFJ4MDL/NQCL0w5if1QevBTD2Un3YD1s1U0ATAZGtdgewQZ/+gPso11voHtnMmJ870bvNqxuRUs+xfLHS9KVH1WAmsvn+hGgjqBk0lxBKXWuAR1ZeKfkbCa2rVXhpfKxd1k1rt+Prf77ujMzl209XOfo4ymKAzTV4rMK1+za8Wk9ovLbfu2mK2lLinm1liT3+CxsXhqNg4I0eyf8tyNwQEop0d+L4dIhXHi5vXxV3c0lXdByiHC5RXawQE80ulwdl6H15uq0GGsXByDoYY3slwl0Ps2SjjiXBC85kWWKVshZ9GrWct952rfac02H+DvNzkVtefh74lwRbrTmmwyWb9Kvf96qPxanYk/qLI5Sp0Mq/X3UDCi+v1yOlq8bo/7ha+nauHQJuUPgFD7ozkJpLUXsZEyelHaaSU1HGqmWB78cR2hV9eaOCg0xxlq4Wteu7EdpMqjEwh40jrDpYwpLgy4gdp4YnvmTNiaieSXPDnP4yPodWbuuJgyj79yLpcFUX6zy2KDSCCtIVO1DzkgKj+IZ5tV9mcnPSvTltEzil3BdLM9tA1amgL7VuIpLWYDNljAN5XBwPHvS6fSjjGfoQ+jsKrdx4cTSfbRDr+8rkiZvXzgWaLeL+e+UEezd+HOPdG9L8/VJt92wriuMbzB1kDqT128vjKpZtSZRur1tsPkrS+xbqmXptxa3cV+Ez5ICpy7yOugt5iHcebP0idWNr+UnM5E69yQ8jrqmNDFJxyURubo8+i/M8Er6tljlFT7WJWNVf0FgxCaLVaTeHUWe2jqmJSudMP0BLZZ+DSg0epq8WROlEegUccRUNonPys2OW/voJIhjhYuGujI6CgdmKcN8hKyI1zVvyRyhcrk6Jy4T8EPu9Ms2mjtJdeLpuo46R0Y47k64dvlqoRH+Blqxau3RPu6A7upV8fVmfQplzXvjwWrQ83RThMTOUmDlvCSSd//gWo9cC8uvqGcV/iCZkC5VLtNmXgHCBo3pG2/jCuhHQ6YHXmtZpHCdFwS5NlUwoy8XmKKOK5aKKVDnP3PKn4/Plk7k85Rm+lacb1itg4S7LqFjwty5ioPEvkcTJ2qpkasiCFpMQ7l8zveWqh1PNWi1ddefls5V8w1ZiBsGE9B4Px91Hxv4Z+UiVqAqWhg2DaF9//bHms59IGC7XjecyYaUXapJMMj0Wlo2yTcZwfNKsAcxF9tw8Drlk47W8MMctUAzqeuEyxUW4kb7WlLOpI6nvQgpS3bf9RKU4W/y7pwISaELohGHLqv92H9WtvGbBlk3G99PraG1AkxF8su2awYxinIpH5rnzAoONnjtxmHlZo1tQX/Q10Q2qM1qfD/RwaICKPJyWkcWI0tXoZ9/ps3c9addp43lka2mZ5r6sQGkyqgAPMY1wYLYxVHfUywtqhewUEyrXPuvnfttyD6yGKAXiRfY8W92ocCx93J0EaWBf4tIdVgvEsEtfaABN11qtjT2ZwAQ+O3I8v3akPCfmiPnXTsw3aKo7LkfDAnOv5RNorsFLxb3+Airgii9HdWZ7E5pC71aFL5GKxIdB4/naHqL/2rWctQQ839kvf05gd/Cm7wel1XMBlaIEx9CrB9EtHZ2LL/m0Wx2PqD7pPu2/+7zERFxtF706DCBu3sWLSYMMrxG1CSG730s/k5FihZCOQoiXH+LhFphlPJ/JwRIho5VtiKexj05tEwXavc4RRc54N7VudUq8hobMkuT6ayAV9bBgKnSZrA5FwFg8naUCsIanyjrj0ACoKNOjFuhE0g7h77imnQ9XdZjr90Z9OWUBB3AfB7MSlSLnhWXBDwPFqEmw3g2S66EulwUCmDU0Fn5YLTajTES+s4oXnQULj0jXkPRQeKOtOdPb9aqYGvAPOwcsAb91S+4q6f8PyFHnS5Rk4jfpZqDpHia8zsRaGKhnhjqgW+YlHIVP7rE413kKR9NPhjwi9OxMMV9vNXEaJNYByPGj/NLRn7pp07nrs2VtpXYx4CwbMgKp20PLERUT/UIXrvuGcodS57jBTL8g7Djr9cphC71pdqTSnwNJzGMtpQqKr6Tr2ur2DIBlhCvI0hCV9GupKXx1smQnYXdef/Zr+7arHboNxmEBY3EdLjyktePydAd0B7oqJeY7X9OUYNlxToDq5M8LdRqaHlyp2HyEzxwSCAcG+pOjIogknKIIwWgLDqca6XZVNRfaLUUaFzOKM8Ec6s0EK0UDmZgC5ryiCR6JVmgIUFiOd1Q9abqxU3LPaFRpdgjrCOU/LwJv0H9XESJB1GxUbKdqKGKPt5EOgoOGcHBAfsd9NUVeP5jaZYtmnK05k0GJVuVVdZQwQqVCOPIKVtc7mMImGSIMoAP7uD6cCCZXN1Z1+HAUdtsAz+79hOccYiEXVp5ZBWIuI5xKkkzyFYnFlewarTOH9vPMZnadSsyVWPQHAR6VPUqiVGkz+oaeB2xn1J64ITyfgWbin0uMsGDHdzPFnzFKguYz8dk3dwPkT1p0Wopn7SVV8a1MkDHdC2xaTSgZBOTbzPrJC6qk0bk3In5xkYVymCcrjzZf7JXVv51ubNK9SxvbdUd7AgzCLU4n3vy7jkkplOWZ0vl7z3nSd63osKUVeTSniy2nWZV2SilbsfzibUsKkXHvJXm8su9kAkHYlsJL7V3l6qPFGO13EWDXi9C7s9vxuVj0Cghtx+Y8EKV/JeB6BoZorJ38mIMJb9s86k7ohHn2OUB6KIdV3DQPxsJB1oqBjO2iTGNSXIpmA9B3gbxo8dy3N+bDUaNPZd9Zp08m9zr7Lv+NF770lbEciBpKXTce3SPEOghe0lbyJsykwHSLxDoPH7IIn94O83QQ83NdceaSJZbtJg2hEfVhXQgzUwiN542Y3ue1UedXHhJFpRLpDnQ1KTmSvtuQBlHrXRPf/0PV/qX3AQoRVw9Rp6GPEh5esagOQgTXZHLM9B/0h1xb5+gPssn6kmMNb/2UOEDjOgFq2C5CoS9yJJPFSvUfm9koDOJ8+9vLzGvCT3LR3uzHpbRD3luhNBpzWPabheFDApb/9dLrJMZi+oYz0qRkwKZtF+YtSlOkeSKMowcPwsnDS1GsOWyqjEgeU0a1NlC4I1NeLrKlDmYyWZVHQbB0lu3JctHy0araVSMESXyfXKAORSc8NSdhztk9307jp8kWlEzbIZZ/K8SD6Ixi3Yvm9O7hVP4jtv8TMgM7YyTrKzCAZcv5hUb/g5xlyW/qhOu25OolMUt81Vm15ggvjrOiS9Ss1sSfhQH2Jyuoa3lhEUAxuVG/FIsmOdAgp7HSpGR6r7alIQRj4JfI0TJ6d43ByWN+JBALP5UrcFK3Pqu6JW+KV0/HXyKGMvYa5H5YLUjDQ/DAWoogiZykwhq6iBMcvP0R1SvkUQSPRG6jM8nL+tapALcosknxawJzVzrRj/jR3+JuLkQcerPxn/r/d0qO3CSlAmcR8yZa3rFR7YkO3LiPeNTmXl8O9jk1J9Rc1u8qHL4RQT54lKRpNfxtTZ0HMzht3bFHYmPVrEWQhmZSMCknrnYJCADPuqGo9Za+yW4fL62fU3guR//G4wTbfpLqsqICqQmoZIo8Plb1JycmNZkBhHI7rBs54I/3TGOJc1lxYsdTqYl0IPvaYLNWRS2nVpmRnntIREyJhL1qt9T9dFYKt3FmU0io1AZQn0NGQc0PjoaOedGvHjfBPtEK2bkWGAatfC4HqlQkW/LW4eK3+Mfl+8bX4HPOeUQOWkci6mXRJCD/rVT6csmSIljLEHP/+3MgbG3E7FQ7VcS/TG8LKUVp9ll0dlcSwCLh4t5iES15+2aV/qD/PF/F1yiolGnHmvhaY6Xlu09RWPmZYZ57iKIKKKccuEwzedlrs9DAoiEe3o0dKxR901+nPwpIkR25EUBadO3/i6D21ZYdlOW5yMLckclhu+a6rhWiVFEEk+hMTOU363950k53m/Uf7wd7oYZrQpgnsZt1GN9ByfZ8B7foeWJ2Re86AtboQIsoVdAePGzlktiWu6DKelTdNFZxRU9c3So1QV0Mk6CeN4UExfjYCCEqg3pF9HL0tRFBJ9ePNyskkDNSrWO4c7JlfeUFBzN8IA3E1tuXv7DmkEtDuProwYMgndxbJQh9HghF+BUFqy4u5fxbH8HameVWphcQiWJKWG8fW4e6ohl8FGVRiaDzavyd+gnse0bt06gf0o97I45qrslcuywxqoLP0uS+F7FaVuWVlk6N8aLKXHK/DYt06N1wUrSyeu+WuPU3mbfKlzholsJQhTWcRZgxN1jMU0aGo9zDkt24DIbwwaQJ2VfVj1GajQEmP7dQqAo4EFw5HQ9NadXmSUvCs6ME8fphHqksMqOos6lBJ6gkBM0s2PwSK76eykp2hpJ9V+TQCV46HwRw3W35Sn0L7ZdXvF8zTdQNexYcquiN21/tLyDopBMeU1hR4pwEH1k2GdYMOWz6D5UFOshOv4NzZTq1yN9Jg3KeO2hG/OYWrQpgHeWVE79PWi1FEMhgNkET+7LFM6eqsvRKc/qx8UFohBL39OtIgDCnLJsXMfahnJkFNqnASmpU/i8spQsdy94HHwHBpttNdt7q1mMVwY4pcKvC86oPFLFOG+K+o7i2ksYku+Y31WQmEIm2S7naolPgmt0LFTBf3Kvw0/WG62X8/FWDL/qqhtbM0cYVwNU7QkCKU87+JKvsYXN03oVI/ZEKe4+owTGdZn21n7q7rBU+VwF692yj7jOzvANdLajpY7wl0p8ea67TDc4SC5Xb0eRMbdYW2mRBJKLRcZlrGv4bI4IDivG7yfu8yvULWp+PMcF/z8AZVhd2buGpC+HquptStT+dxHefmvmUO/MINaN6me1piaDceSczco8Wvcvdq+ZT3dZFuotAGMT3iHQpk092wX/YZjAtKNh/2eQdKryqp6BJZklL/KxfMhdlAQcNnwhTYrFZdngg6Fjrvgih7qA7Pz9WIIPQAwgbFe2xL1E8tm3qlyP2h1t3isLNybOHvPs+MuYDS6h/r9jLMgHDA6JZiYD10oZWdo8B83g7paU6SexgXv09aLUUabf5iKrLxMfFqzOSzlM5QV4GWovvPNzeYA/6BPi7NwTl09BWWxbeOJWMFirCnbqu7LIUr4IqY1Vu/fL/mwzTmnqtuSIwrg3doj3f0WF9eLqIJc7+t//8/U3HlYi2UFL8JN+1KHduWrhurKy1PLzps9BymCeIjJ0ORRJrxmQp3W/TP9oKFfclUZLRkwyKRknihaspgmvWUdCiH8UHRDKFzmF/Tje0ylor4pPx81MRPDFd0n6cWsiBabd+0VKYybwUMXuMUyajlDnTi9bLRaEts6MxlDQQREdT1EpPCj6oDIaCXQy0fQQCkOIiDTrVCGKf+l8JHgPOPUW+ZY+/3ofR2PJl/Bjyef5RBDjzPm4vX236INKuVMBsgyYafQvn1P5zXbZiC+0Jzsb78BijxXum/GLN5sg3ZZq3P/HP9becQ33R8DK7OjIdf7yK2U3gh9fE9+Ni8PW44F/5dsiNPlfp8cAP5HYU+57wpxpgRhfaQUBp8ytHwhD6Ncx6qCGcEEgKozfcDCYgKVr9xxDK3x0nMq+nqJKiiCR6I3UZnlrWST6FWEijQtzLo0yJTpB3SykTJdYbthaSsUUHGidm0cG0NGh4oqGgu5UPvFWx4wWt9K1MRaBC3MZ3yuK37k1T/tZHX1d4qfEzCPk7CBUTihwStHY3GJj5lLS4Dw4GMuiGrQjbQ7sRqQv1Hvb6DA2O/xDcZeA2TrgqF/xyX7aP1GReS9uT+pWtZEjFWFtsIx/qhjUJtWIcgjfDt97tQ6w1x8bg9DKOgVp5H4DLX9ppVaS2tTg49cvy3k70GaYCbWTT0+zjpjPtff37SLdKMG8Y6Ipvg9bux4sY1UOzWBggQpGNb/s5jX1X+KjBuK/lw/8vK8+9PSzDghgA9k9Mj7AyXKv2VfpTxP7wuwsppvy6iNdbYGYCZYqvhRL67hQJnwj+vfjDihwbA7elpILTnaxQiKIQr3jviZUaaJV32aVrHedzskxXIgbJ+X+ArasU5NmL+ZWYoobQlhnedzzXU/7GIPnl9m4ddj7W7RzEPY6UZcUSho5+/WqmrGGqRd0C1VBVZnKIJHolWYfnmZqwdbyOapxPBy3ZFGhbl9ZOyJ/eDvO7MKC+lWhTAOXfnTmczq+igVnh7BME9WUEtxv8nnIdggayqrnniBHgZWPPeIFCdBJiaJeYDMXPtHr5lLdl+xRM7HR0K/83o/QyHda5xVD1Ydt8T6ohqt4ihTujLuuhJdmNaKTcTu1eIr8Qz/s7aRbTy+jqYuexdHia6rQc4gGM/HfixRAvNX7vFq7SKENoAmS5fs4zUZfyG0qeujgHQhjKdpGN7bmoL0iEDZEi4h3633mNPSijnyUBR1nECoh/+d64iVHgcZffXXpyd2HUxSMB2IX92oXfloyVXhR5IfcAbuoe2nA7bgL3IO1gGIr8SRql4Z88LczAaYCUn9MH8tJjNbP81afsYzSd87CfiK3AdirJAt18kgT0qTzoMixfFVgAYkWu/ouESVYWFHM2bpcpqgwJnfaQAa6QSFFR5FilqHUC3+77nm5yLrfqBoohkMELUUQSj5uy0JkoDu7TmAcu/psk+hMOiFfIvvS3zX7nKRLpnohKJK4pHsxd3rFcC4PFsWbynkNz/KUO5l4L0K6fpYjV8/bRmNEqbKxc1fxhZX+AVif98TAdLAudPabZz2BX3tp9u4y7WZXRSxtizfOpLZw3K/imc4DXNXHWGdBGLj/zQRZoSomwmd+wbcsXrt0NBUUaoUNOsin2rqtY1+y0Bux7mRx+DVArhNPgSOxH/8eNLsoo2+vtDya4hzXc9jBDDmIRlaftdG5qfgNmXGIuxOehVodFXIPMh/LhnNfN8E2f524aDHHFqT+nMXMesWtgXO0HkC1YugGiHW3nkoW8A6ya/ecuRD60zsfc95mMgOJDBI78gPV61YqRJOSc3OmxhircMJPcXULajeAalBpQjiFTAozoh9JNIlhcGxtPFvTL+Uf+POCcnBs3O9VLpwIjXDeyNCcRuS+zaaB3oULRKIZ4MGpoh18uvnB/B54TGm6MamXCB11deCh+FxKR+d5v1XygtvAdIvEx/aVZeIc7aGh92huDwcuDELVoVU/+F5jrZoW5nkF36VaEwlSLoO7eqGk/at/lCQ0I/PNK43waGPcTVZnIScD2uV4695VZOhHIFor/lDqFBoO67bPtYAzZuR4rip3iRtGTJlF6yNSTBYb4Pj/NZ/ZxH1PwOoO3A9j38+B5SHLkMfY1UyW1HT+6DOfc7pVKqMjA6wqCzpRxCvToARO+s6EimdAmlbZ10WyUTGTRbgDdR89j3uiaqRDSgderyXeG/vEMfzdjXryFvVIwR9Vy5/PS5umeU1vlrgLY3XR/VWVwfPa607Ia32yCXqMnqrc2PL954SdbEhbQTRqx5FXCFnTABnduKLvROPi5bUJoP9i+Xf1AbwNogoYsRhNzSR0HuVrBrco7YxIPdOyQbO1AraYYQm9fJL/6BdY6xmodTUpIIKDFJz1gVFtr8/1UdcyZ/i8NA9cE3J+Zkla52BNLlMaVu/WoyVnbJcz2yruUo63lR8VgFowfgjuX+z7kwQ9NPoOBYetNyMlZryhpcI/Oduy1rIn+HIebnLULUty+RRoLAbwHfhaU6QcvHwRbcE8sX94O8tXCdaMzycsZ+2KPcwU1FRVy2xt/LACO1synMvOgH1I+rPByywN0fu5XJw3aZtm5RvVDVtW53FsO6dkd+ixr0mIS7/0vFozw6ajJZCwZJkwZOlxAEFg2dXz+COwIUWH6f1UyAdUEVDjO06X0qs8MBQXCrjxlRGP5vyL+EvcWbupdFiUldcdkNFBRkTK0vKa6Cu7TeDqLPxqPr7yBxhfwGtE1hXc3VK0duToLxSZRrHeKihtojpX/m4YKswdTQ6OUHQxAgqVw/Zu5jG9WiM68KYwVlX7aS8ufg4km9hG0k4/KDLlo5a5aXhGtkuKRb0cAKacKklB2Cn5slExObuOqc8Mk2coe0ZoZxUMT61dG17F82G/LLCe9Dpbpfxi0n+SkWOB73OwrL4bKsnOWbUYH8o1jIWyQqjdiBP9m8Oho3FV6CLuWQImw/TGT9ATDYL8HAk8olvqg8zNjz0n2fmcvThuy9NSF3d3fNfTVfZSCggUwgLaOHSe9Slh1OeVr9ynE8HLeDulk7+7r6NCxLb2AkOdIO8s60QiVZoC8Ib26wC3MqrHg8N6S3qU2X1Loo48eIA7BCwPtk5isdOiCbS60Xd/SxJiD6Bbtfx228fFXR1KYlGPjlZBz2x6oiZgWUjUGkGR8JvuiDEoxAzEe7+X0DORKRg8VrHDCkJ3NubDBpNqIfqVIzq5Acibh2Z/8IeELRTTvsjROivwIx6NMi6TLilJ6g9UMjQD5YVsHPMg3ZJkeP2pq7Sqt50SlXELac2jduLwb0oLJbU5h+asnWOBzrc21PRFQv93PvVNcAWgO3gzL+ae/cWg1vafEpZ1j1w7Lw75wNQ3cWxwUSwsX79JqTVoGF7zPV7mUMqcOUL8dKAArzPqRSV02v3VqUOTWCFwLDqBhG5NVJaOziPa10MhO/Qlqr60r9EVJMaJEVobS9bqTpNODyI0ztghOAAe9nxRySv1Q8sWkQJ4Zxec5xmo5HJVEYCTDHxG9IBlUMFc3JZgpDL/eYBkTKy3D/A3QdCIrTGbrOzkqDDqq6ymuXFG7F7H47ZSYzTicnbxDobr9ynE60bufp60Xneb+yXxzP+ExwuuwSPRKrskTQZrQpOQGUaT20bnRN6C2jxx7Ijq613vn3Ag2mlhe/hTruE+ttsOl81XVGFKuSAdX7SpEgb7HZW54aUQcTp56zulhgUaAO0GGIoPksbv1H58Xf44PyqMQYfVsZK4i/R63KWbE37ykvBx/89JPawWU2Sp17kRIY9cZSdUuKPXvVg9glW84olSqbxAALsxIDUCSuSNy0Bh+sAcn95oseY+idGmlUKkcLLIj4BwepCvQWpYFR47JVwAXJCgsHT0JRjkZ+C48/GsMeg1SEwbITFwrPuzDqhVU/jZvL/zfmDeht70I4uYpluLTiQ7KqZmTDnQPIb442xzM8JVJ4utBKxLZyWKF4KQ99D93DX3//eZUZou8+CReni6nJKBBbhHyNWgKKm/6et4c0RiR0nU129S+80WVR3v0NxsqNBA7pw7S8EQjNeyyvq9kK+WKXIgifcwn5nKIJLLfu05R9shYB3lnWiBD/eT6ZEzfqvoJiKrM4dHur+NArn1sXf3dYgZDf9fgTLDUHxA3IgVN8H3CCiU867r0lmebfYURBeYQWltgg1trs6hqKadLhsiHKscsxWaPkE9ZABSOISEiY1YFZk5M65XDv6CZwMJqoNsmSQpfJ40eqF4Hf9Uk4TeOsvR4yfZj/X9JeUNRmC85rNCYfLQuybIPHE+F37HMruVUGoowOSs2Io2bV3VdLQWtN393TmdLcgeE1D6/424cUXGRAOGvTjoLXUkMid2+Gd1Ldhmdn1MoKrFmPtzXOmkdVAOni84eHrKH+rckdVBbwlKo4PqyhOuvLvNNpWcjn+db7nzVsAbd5mQE9eG35urngAg+fpBtZfUJIBtDMHOptOKe6wre5orAmfzKRui+JFgVJg7oxl+LlpzPXXmcpW5jcHAucfLOX9a2KPPGMrt2NHLi5TE0ERks5SVogTMuExM5SYzTdeOozJmAzBzAsAXfpzvN/u9DMIif3g5kVOeghz0zw6quZr2Ldb/nVmspoowYw1zLLJnPLuCVyM8O1MVTYiTYs7DzxqqW1DK76l2XDrVZldDLZs+uO1sgxReeihzR0mL70Tw85FLGwAIakpoL/LnupfF3oQatIsExOV1MHP3QakHKmzgeKxMB1s+ydELiRFcAXypuqGEeNIgRiW4/4VBE992gPbUeW35dOC5knVwY1ZxYlB/iS0qfPMBTANw3S6ASaccLnJQ0OFF0BzDQL3DFA3qIR7f35HDbZeWAabzixLIfJLyenDX20hnd6DKEjUS6/ShzTeTWowTP25vhvpV/TU27DWYhbGvQ3Cj3d/uXDKYmhrk3nDpusmRG7+PMYI70FcJSqCKHvs7qZFWbKv2obJWDm3mCL1Uq9xRVfZSZ9EfqHcMDMV4h0PV73cin5zwOCmOKaiLN5R2NXPlwCUwc/4FfiPBPfyMTCr8SxxgHyIHQhu68diTADNWKXIy53nSyd/Tl8jFYwVJZPHwRYdSrFq8EW5RZJPk3m4Wczvaavc0k+7/prkkvfS2AY8xn/cF42v7LXvQ+XoZB7EzqBNh5YotF0Q9vFdhA8IlM1GAfHytXFlj/0MTVMn6rMC+/E4HQgkaPPMhfPOgXFWFEgJ0zeAy3KEsCd7qo7hejmKABXEiRpg2AvOPfsTPpotr9zqRBnJ1++3NBpeqjyrRF5tr6NaEdJ9hgaXCWSlx3ByVrHY9YWwL7Q3DGL6qWGiNLc4QEfuW4rZWGWkkdNhqg0dFmp+QsKPXYYq98qR86lVfuRAcYDo0PtDqkRuDXvSu4PnhtdleWBFM3oO69jHuZDbPXEJrmWZSbmIwmdwBmGwWiuLXOFGTFU4DBt9jzEp9qCNlt2EJyLTvZBc4pm2HcQmS5OouUISvVF4f2bITx6SsdYSGP5wnMaVhJxGj0WAP/ydAVALaNoqSMoLfIp0UoxJpX3QwxKRtP8fPeY2VozDyytj3UZnk5ZykrRkBKrB1ohGdrAbN9qFhnSykVWZyjLZoW5gHP7dreJj4tGlWLV4Cocp8RLzXd730RVb7zJjn9u+cQEdDa+oXKXziqHcFP3aqAe+4SZYIRiIdwklWmvUYelfp/J63jMg4QOo88kPnN1GsiMEFAyDYUE/8wWDfu60cJT3BOOxdhRpqajyAbYBlRVAFyVui5QDNn6/pBCmpTsO9OtLU/9HBFncAF5my0wP/2v5fu2P+WpNvFmBJg2pSvv68tBybO4hyxmh9JrL0ljr+h7fQg6H1qTuNb6JJ8j+MnpoGwh5s34/vhKqYpVmo2vhyBK7B3SZvkIWeuiNWaKeFUG1bBO862WZPgtOnegVcQmsQQATjXviOhfgN7aKer0Eub9JkpxD+nsUNKyeIt3mrEwZshIrb+bCvWg6WSoUjwfBCrKgtQmMeXaam0s1tCKbD3nzu6CyakXDwed1eukWw4UDjbYHbpV31gCC6+iCJoPN3M8DLUUcUwDmROIZgMrfLNAd5TP+DvN/cpxWRgPJ5pBa1gCUmvm6jFyrcjdCs2Tj6rjTKqG4bV/BuojiIUgFHo9HZ+mB5fYSy/q4CfGJWcGs9ZlyqMCVwuAa+OZRmeN1lv4DuaTZdfYm/3KcDq3kuUnNMK9fFnhtQ0pdw7PiILRLUOz0K+90kLUX++IgoM/aZpoZB+pIkk9A0Or+hmkpH8e+2h3J/Lel+b13Pvgr4j4ZoXGQE65d8iP6obLmHd9D9/QYrsnhk+s2wU47lF4n6dRpXghILJugEhdiwk/T5B2yOz1VwCauAVBYj9i2CZPz7kDexBknFPuTw/7TNFQk187GC8q2o/JKSxh0kZus5/QTrIH9EebP6zw0NqaTYy63I5k0Q3Z/BCATkc/NY5YyV+1PEvEom4pc42F634ClRPs8d8bL3GMUn+mPReHk+7tYHIXJOwzZQJ7XaHmPM/5TVb3DBXpHbB9oOqkGr1FEci9PuL2HSUx+cFA5j/KX9CwcYeRP6hHwJNTijexycs5SYzVWZ8UuRoW5fLTPUWrP3U53m5yNkZ9Cl8iiCJ93QUsOHAgbHNvtVdxllPzQtzEj/Zm37fkTljzz0heBLnZzO1Da1dIGy7n2927AFCyYwem/WyE/CJiAKg1dc4jRlYrF8cKCp5U0ClE6uWf0IOmB9f0V2VILq6JcPtcGSd6VGOTRquUgkEtxTurYal1T6JBMtCuxmHZhaNKvtih7KuqPg4BPuquWlvdAS4A9MD3s+91ElKFUiTOtkUaY9jHPRndQKTR+CuLhGHITiJFdwl47lsSDRqaY1SQFhS6JMD24iYsJcn17T+8/84+5LsqMAwpwekkABzI38enl+5lB0Rk9/yklktjslen+u4x4lIqlpqJEvgAZYJlc7M483ycfuhhamAeq7fUKFHF/mv6bexT2wzdPl04QrHeWoBi+2k0lnYco/cFwjpvUkUpDAiZhy7oQKLGKWr4OSuugYBBNWLwAPs5iTefhQNWQkPFIzeAE84kdBzpDWP3O3hcwRsMg+tZ6DS54O9955uci60bwFVmcogkeJfQg32QBrcvkUZc70PHRBE/vB3m/Ufu59CmAMad3Un8oK4FkKNa1zWP8H/yBOmCEUtFqAzPlE5tI4EzLZhSPSDTvzmo7OEILdjFGPdgmTvvhZR6A2tZtXzZBvLh3bh0WFP2CbV4VI8QhChpCAfQycrmQzjzx4Kd3uQRfhEFJg1Epa1qM+LAKi0TPEAxvXR0CnmrIiaOHGaistH30yXNYqiOzUaEwL+rR77aDfTmeLx3ddA+zE3hiF9SkBNQzgOZvDdXVuIw/uj7KSydHDaBFNrcHSBqf8giGEwjIFp+gjvaFgLoviSG8Gq42JQDfz4bzumqkmzHt5UZXiadA30rTC8Yz//YaB7lV5RYZM9VM4SEzYsCuf23G2oCoT4CEetkulSwrM4Z1yQce7XVtlk6Er5P+Pk/PPl1S3vWyObtuliwn0y1tR9bXMSFHNxtsJdSOM9wOaNm8BfgnRft+oUMGGGJRbmtocQW7JYCAfbklkQLW2smnj/kvooRVmgmqA2agoNF4kRiYL0wie93EV33dnJRqszlGWzLnaLzl5NFM4edbb7v1eUmPSSFMA7y1cJ4OW8HeWipFe71ZZ+vwT392dsD/BBtSjCCsFqWMe8CkxUS+e1afGUxSaPgbHvdhZtIaiX53cOxqTCfQCWmzI6ZhVCZO8AE0gRPRFW3wQASRFGbwcU4MrbaoILGoZluALsAbd//+C2g7v0b0ZuccDgOkU1nY+BqoG2Mtr8JmGsrmoyEP+c9JcExOfOf3A+iljKtH5lcUXxxA+bBQMnZyo/kIFFj43pMMo/yX9eeXMs9RN0jRePyRndODLWKtf3s0SLfvLE+WpnTm3dNWmVdPKX3npzTbDgO0yV7XBgaUm9ky9CPrQ4Ghu0AvQe0JuywImGTylwd2c67X/T+zNJs6nqI6p4WDguNCWZ8uMgGCTKpUeoJiMH/Ti0NM2ei7IGuD+m5yl32/GmKUz6aKoUhuPw7EN9Uvj4CKMkIJ6fVuQFfLSRmcGNrWC+HwcFgo9GNQbMhzc2ZESnozLMrAw2OGrYlw6fUntK/7LLuS8RXLSaRUSdgCmAcvHM/4O836jnM72g6nrS3L5aEwlpB4O8sxTYhzIq0/tOzlJW+WZ9CYbOa2KD8M9pUzcEY0c+M0qgNm7FzJMsRvhyI3HxAM4MxrHR+a/rAQwDUrLu6qatXEFv3crZ22zqMSiFRrGXZgym9v1S/GynpK7unPPZLojVRVhrk/lx2UgkQ1tEj8W234UKwvLtGR4Uk98zDjigybz3En2EPdjODQCeYFOUWhnU3eYsMv01XwDbHQbXGkvIDYuEj1D+GqRLkiYdh7F5wezCZNlUECcf0w1+PqLimuM/2u9kNlrpl4hyki7sBxeG4U425gQnWnaFzfZ3/HObZfqJ13gDzIjMDCdRo/fCu155uamGpxKmaYMGbYtYceyhjaGemDkxo6660hgWrjPTcpRI/BdR6vvCtU5U9uRpdCX8cK5piQhpAFs9g3tt4ISg5yl1uJf/KLnfClGRKxkzC4tVc3iG2qOmOFbnXLqK+1KqFhkuPKWCNvqs8lfM+gqbnLeo/3g7zfqOc3EV39+uZAzmD45aDNaFKLIl/OZFVmcogiaDNZ+7QdSoR9RxRLHwAdHJY3frFcAX94xP+agSyR4pTb09g5Mj2+dNtcp+Fp4Kt8xr+qOjysISvgUI/QiAjFP4YnBPVsBWNh4i1dxFLG9a7s4acSnjO4YK9pQT84dA6obayF/4c5mWpc9Zj3Qjcfc0ocGPw5t/wTwcp+0gC2kDTX1w6SO95ggRY8Rg1A7WGXGE+saVW5i7Snk1jcG9MViQU+dQr4J11daLX/Y3IafcL0Ow4ykw9DPbiOoSbNfT9li3zLLFmdV7J4jN1eR3LMRKgvMxCGqgITRiKec74tmpMwTRndibh3uUc96TXlqgmaeWh5zHvgXORR0mDa78afAN9sAFY2RHvNsJpmmppyvobOtAT296jUj2HbVkL75WuqtOIEbY3SjslqvX/YaiEhsbO7ukgqKO4zc5fKa1SlLdVyB11GstvmvHTUt5jJpPYitGxnz+W3Sj5vB3lnWtSf0mJ8ImxNrh12iqfy+Pgi3MD3gKVrQQXf0JcEW5fIogkeC+Jn8vZ9hV1uojjDvfpI22EaXxhTCorQ6Lq1/Mew8c0tivrN4ftN7ZumPjOgc3/6axRccyfzPtTjJvi5znvvOl12TWjwy78GxxzZKLRJ64jGM1XAFkTt9/wzE5fTW8HlazGVRPTnz50oQyTjv0o12fiAPDS5kVR822gj3cohrnSp2XK6wWrCg7q+yR0mHEjWJKeX067GYAUVI3hb+e8N16YrpALuBzf2ce75mSAnpCoJzmyn4uIUFNbpL9OJf4WvSORGmxHOh326zLMOwbgfTfOJa6FU981yiS4hfc2P5ei2RgVpJXiAuPLrFqs+wDkqIkCHSUciSQ5zq6oHIYAuxSkXdy2fx8d5BJDJq0Gv0jx1wew50gvy6fIHZ+wk/3rqG8/5GWIVcYMOYCCNGOFlkUPL97LdqeG4JwgFV6KbYye16/cx9BMdJhVaTSMLhU6/7lMk+fsD53m/uN1G8BU4r+HLEmScogiaDNaFL5FEET+8DWHU53m/uU4oeIOLFub7Dgxj3FrDxrkAa8RHpfHNBo1ztlgn1WP3hAd8wGykoLuWyILyoJ128WlvTB07sH4whDaJlbH3cSFN2b10Evc7op/DxdsVtED48JjODByZhHXgb3s2bTk4bCmRRDLK5RFFXrSQJbiB2vgfWKY3DgO1ifleGMlnr7UOUWT+ieQvJByA4s4MaCQCnW9EDihfhxv1ZW5+OTWUWBgmdUEBU3J5ZOoNmxhHNALuWhWpC46+8ePZoiDAHRYTR0hB4CHQHBjWE9A/OvHifpQeKm/lcH3mB6JkCpZpO5kFIugJbI2xpDiB3LxW4m3UFilJfQvI7ltTs+LrabkKK9k0RdfMdRCcCzSO0HIOZpSlKNQeOvkeKkdSKHlp6NonhfRre/ObUweYbflrcdy2NU0AlDrO2yVSBG9y02KufAQL5nrnXnYDTMAtm5mwb9fMJ1mTblvVvaG0BMmEQPR9lFM0qX9CYmcpK0QJz5vBy8moUvl7Evf1x4O59SWLdejDXkTluyxS5GhblFq+Wfy4IsSmftULQanPKZQbYAIYIfGL6zIPg9M9degx4XV1/3PhWFfjCMQotlODjCt0Z02uTnKCnop20hFGZNetkf1KgbkpzrnQLUB2CJ09V2OI9S+3a3qBI5w6cyTbqIOwlOWjnWwHmoHEoh/BAAUv8F/QfCg6AKXQucB9W3sjXDczauflio/jEL2WCdbWp/unUlWzpm7iCjLkQWSDb4nWHf5VXJ5u0eHz26NBITpPichFbbNzJJskA7etHxAdOAoH9dQFwHMFmyZBaPjvLh/YwBXe1+RKU6tPjK1Jm1KASsHTZmEjeiihRCJGDWXBC7hLvg4cnC3VsV3jP6pqcW6QY14pgrcy9l6S09fGwPg2QJ2AIFM1GWODD6DUja6shhrAZbrq8c1FT3GQ+cGopLh33674uBXKKJx86aiNy42qv1Wy+vTCgUVVocm/+ReM/m6ZvmUT1nrvCPLYDksuiIywAzUUQRP+zBFh277i7+7r70WxVN+pOApWv2TD5iKrTnFLkaFuYB3lnWiAf8D4D2kDM4IVNIN9jwO/pNR0RN9T56OevK1tnejU2plyD7qmf3T9wTAin+TWvbrK7CuwP55WB+WixHKZPlmyXqLtEHYiB4c5ECdaTratJOqFXRgE6drsub0nEDVMhwtLnLx+6TuiX/KX4P3Hme3Q8lMrILoQznIUbllHZRpfhozs/50s1E0P1i8g18H8kCsJ43lxkkhfj+o/C5VAFDrUhTrV4Vlg6c3jaLmP8t18LyXZafl0fGCPqP/5AXzu93LRpo0AYEVmJ7AxY8HVgd6z5r4C5NX4qVyXdSiToSgV5MmIa+DntJdMfg6Pss84FfKOIMZo7zye4llcfSZwdhjfdYCIazso1MLGZxjrvvk0d84n3KkDKUpzMRRydc2zVD/Z3SqwZXA+lPkzNBtjHGQwiuPtgelNUJOUi6S0HaYItyi1gDL0N5Si2Qt0T+uALnzHqx9CYn94O83OW+5VdqHUqL0R+7Tl+sIryLqMyHhxicxoL3Wty4z5QQ+Nc1EaEgQUXqR4sum8C3W7VnoVACuV/ys5lV80qiFd1hQkD1fy3qSrwwATbTJ5zEvDn8ihwJp5Zn4vpleequ6s34rnKF/xNB128pKpFxqein00XTU4fE0FrUI20AMG6vFNFjXLW3/e8tzYKpGcKR35PkIf3OjzVOXkymU9viVZXy5dXl2RlM3jkfXS6r1aGXGPklzfq2cu9KkC3S1fJhJQfQu1zl+Z6NPorrxrMv5NUZaXMLow5sCLt+Kc3hKOZkDP1d9XOBUQSTZMnOIBXdq8dVK0xXmaxg3AfNgOIf9o3qEKq3PGWgY1v2Ry9wzZFn9wIp9/ekCMLJ4MgaNsapkr+VyARHV+np7kI9q4STT/YgyJnPUT6Fdse5V6Gt5iDA9mm2oArvQNt9Ztq3MA7pyrImhuvqP94GWr2JiBprVaFMAZaijQtyi1fLP3UqKIVIBbmANYdSrP3CneC1d+ZTq4N3bswbEVl0E4AtxrCRQwbMDhMr0A7aYNRcZyp/I+2lnc4MaU2w9lYT6wEfdR+IPF3USoUdH0rlwZX+ZQhh1IoA+mmKOy7GAjIfIm81s5Ivl+JjSCwrycNoV1QWaaWN4doW1JMPngRG3X6QJqKHj5ud2O9eUmGKpeD4T0/cI2cZPDCG66Qxf1OZCL2oM3uiYzkb3qgon/2HKV+pJEx6IR+AcUHBFMRlomvRRA+eKiJheMGjQXlArhJCslq0QlOEBvAAEU9HB1aMdNIIo6qagkcunhIELjrt8PPnrXCb+lEVWAqxEPpgsuHqxKrlDCr7v0N9ahYWlstYS486/DnLzt4NzsgK4AmP6M4YCHMgVsKeksSNb7m4ceEQSb1gTThHYpGQvpAibho6QRWsuoEfFuf2oJ/hh8JtcgKcOKqQ/cqzPoUosihPy8Tnxy/uyKOKXyL7RaiiFgHdLTN/cqy8S+If7wd5v1HOUzgyglpAwryjvXZ3wTDJwZTsdl3bNIWN0l5VVNW1CQvHayURI8EbXOdge9HYPRw+8q/FpgkJ5qEVZ0dJsSx04nUwsHknteeG4Dyxfd7z31l/pr9pEyMZpUFM4NTgZroMcLxYKBUhoyzjrg+FJqEz9d0QDDYsF0XLt9s2V6WL/e1JMQTix8c4al99/mxXcTK5ieAoYnlxHAgpEFEjJs2fm3Ft29wWY/fBqxdhrkiwgOBUPjwnPOYFhQ2YAP53g4oZRV+lyXQ4TtJBYyfkxqmWfkbge1fiZcx0vO4rtafzgLTDdUZRZ/bTpt7TbAvtyVMf4sFToT+v7OMUTD23d4gGqZ2Yzva0UU21+rXrgx6+4jPDVouFl8unuVekgJx9ISi/Db7Gk+0gbpE8KoHtJTwItdtWiePBHwqW6XUF2xcyT9bpdvHEH+y+yfJXb83YUCTfVXyFXft+d78k8DEB8PuVXfdvEQT7s+eSdloIXtJjNN1GZ5OWcppF4h0Ga0KXyKIIn94O836r4hzmdFGYnNzRweJjBih0Ah2hCcBjg38rnJ5+XhSR69F1fWMWepwqskpRy/TiAM/4AI4MtX8X7yNXtEzOxsBTVGttAu89+4pzGemKVi0H5HAod9Z4wrs0j+P3KPqOemPzqNRElMhOPYfCDoJBuJ1F2U2dyQcQlo9Tx6e+jWhXdeu5FJtFeIbTbh136jOFThX154ghYqPo486k1bGYWRm30L3n8f5gZkz2g9GWlieMe76atCvdF4jLlTqFGwtvWG8nf95h5zaQAhEJvB49xIVKAAfczreC3LHLkDo/dzNW7++bad2O2vD4+jhi9X7c7TTnc63cI7mVsaZ/nFD8RzwytZkgouGUVR9xS1uZ9t3Epavg59NySYgiCvo1/lu5wecIor/VVZ6LIScf6YFo4l8BfRiJ1NxFVPQP43Od8UO1lGjiEkGofufiSEHeWeDlrWSPEP9a1RawDmRVZrNWTKGP9OYAy1FEEk+hSiyJ/XALco+2QRNA9QqEO0VbfVg5Fj71+Wu8Ov/yPactHTJALXIQi3bUjVGBMlZlyQKlqUsjxIKB33g1CKQNHF64Irx7KiKpq2lMg9SSiiOtWDFcUWZHJd5fDxUrrSbCCdp+eQEhK8edbUPQI9NUW/Oic6qqAnypGIyfcsWXsH5fvUI8w54Z9nWou5n2/1juM4pmfMRXck9xWt/bnzV1uIsm3faH83LAdljXH4MIrlQ4K+Ak23Iz7b5FG9g4aNeT1Zy0MOadqgHjDEZiJruLlS61aZniYCMafTGsohvVyI/mdMSB+9nFB+TC7Y2yeW2bZv5QMbEIgLNcQX1TrkJyfsB4qj/vqzjcFVvmhVroSfpS14qZBUgV9H0qm6+/VY6GoowZjkOe/7Fg6pmsEuqIuvROVpClHrKqzhz3OvLkv61cnsXK+MJVLc8UBZyrvLVy/w6XxqHcNCuh9ioziTBdeJBRsU5BIMWq6zeQpght18cV/W/sqS1U/mHy+QF/QIsO0Hb1HPNzkbIz5+6lWKZwmJnKTBy3g5j5iKrM5cgTP7Ohxie/0BRgGZUMjW5iwQ9o8SeNYiPu1P9v95ToptREK13XTnaJ3WfJmdhNONT7oW7nnAt6Rlk6pCJhet0FItjSqmPK4v12KYxOOp3PWpru+E/bYH8WIeJPzmBSFs/qIWZrCNDE6xnCkUsEluyEPgm5KBi1huwVJTtvAPSiP6B6kJNIwx8GahniVdIZpBz7Z+WUlH5HYd4TBG3dKvHr8Dx75Ls/uImsiEivJxHM5V9mZcfvNX4upAr+bLJNpJfMzPyDZgNfRewZkrX5GfgfO2CrnrUbAJA0Z7WGLxYFgRvCcSWb3yahFOIZx85kMy3bKfIHqvWEjgj61bH2cB4CAIBKXMp9nCLTS2BjvwKZmmBmaZ5HehvvSsMvmPHCbuFF2mxVZFwOnztJelGDWhmDljGGarNaVL/3Q04Vw/7IELUYrrP3U6aazriTGCkso+uoJuxKrX7Je/pzAR1R9pxrEuA52i87zfqviHOU0i8GWb+6Ol5e+74lI1WzYqDaI2Z9vLdkCg2DXNrAL14by99jAmAl2FV5xxQqN66UmMRRglgPt+lLWgySFPDruSoUlewxIkafbV4a/Kf+slKtlcNcRjhKIvrGltsmbZti4vQ61j7/3pshS4TadF38Jj5rIHPa8vK5RyYBzquxxotGqQDL/o8GI2CB/K1J6bG1tg88ltiKrS4sj9vneV9pGJrgBqowL1Mx31GL/ZUr5pUtdVbhUB4tIe6Ai99x2ncDynmaX82mImbwqz9o0vTVrl9OzUHY5xfECPwWBNIj47FiZRBSxspkNLc9H82Ppl6ycNHpoZJs50jM0Gw6haqNB4tXTLj1S7arK6o0Ny4wPL58xyelvQM73juNc7rqUbZzIACS02lWE7zFlDNfW7Z/ubyFvqGPLRLzlKUpUaPcJoE2bUhbfyHVQ3DnG2WQDTnBatCl8sWjpsTObT8C+OW7ncJDqVe0qy8Q6DNaEw2SJoM1n7qVaFL5YpmUzhTAGSDV5ZsTQuVbPT/iXXnBRc259ru2L+K/e7xkMYfCpxReN/UOU7BqwtGrq5byQEzTHCBFmhQVGgvBQBk8U8W82xEOOWhJS2MQSOuCnT/8+KeGBZuG5+A5EynOkJOPlpbSNwTitPXviNEawzRAQnhqPNKXvccwOdgJkVbFOW9uH8yid33HN58QQTAM6dNB8tnlqyIJS1dIYG52/BCjrqjaEb6Wb60LTivYOt0WR1uAAczMDrfGnteV1uCsvSedZvzBNhbSjds2KrVn1He1IdO8ljHF+18XHVVHr2QmDY7uOj9LEmzl8GFdF9mnK53KfLrw4bKRj9SNY6cXJFUBAHXG6hf2zacc4QABNseMSIj/vxIjccOyzqp5D2axEzAsHGvKP8rV6eZEHTsSfG6cyfquKUUrFn2+s176+FNYz4B2d7hiCLHPo02gT9omTcWnrf0DjHdqURoZK+B0NYjrHwgCiQyFPz9LFt7GytkEUJ92gzzFx+KXI0LcotYB3m/Uc5TSL0RuohEqy8Q6DNaExPuWgiPtZExVOKPAjJMI0wSBs/cYboHcTykJXrVwRhn7HKqgImz8eQuYcE8r6OrPl+yPNX5QjLIfwfCJqmJqoq2XOxYniiWq+FBt4c9cGTSuJwfw9XKuhi1fjKbdwxcMyzIAmYXtcNCnbIMcUyYmloGKaRBBbhQT/xk9aDWWMhX/7n6drJwKC7+7BZnjFc1q5llN57ctMvLnv/rUqYET0IhYXKnLq2Va2wJgs4VdmMZXzADc/mMKj7VsNj58VVRzyBMrXWS3g/kv4LSjToAnnfT2YRxwlcMbXxoZ6odFbyCRpnrEieoaTkqwXTX/J6fSYa2m80g2x8QJik+y/p4xRUe9HLBW2p7NbW+klQiqB4+PN/p8BZ+ADLc1H4kZ04nxpwIgVPyFQK81byRXCWvkki+tC+I34HAyNJfhjxEdkXvnPfOodT7DMSendIlDjSjH0aJN+M8RIu8WC5J7s/lt6iyJ/dkXn7z+K6xS+cGV2cpv1v7jdeROW8DLUUaFtkeIf7wd05X2yCSfQpSEdy2pgQHvnShGtfm5NHhcUPicqYYfOOBdX79aLWx0WUlHn+Oha6Vw7rp8O/eU86GlZnNkZqlS9n65XSchGF2B2y4ArVcDPGmEJCiRYL5hvC3MqNE36UqWSD2jyUH9LYws/XuvyozSY5aDbNuDpjD7Vcb/OrYvjXifL8Zbv7DBLLyBVWUUp15IBqpczz7B3E004CooJONhIHw9eC6/kvn8GO8cjI+sU27BTw/gKo7Xu/LiRQu6QOJWnP1A4+/IOEGOMQw71/DPJSPSMhLSCIIHrMAL15bDDBRo/KeH/R5uDsmdnkSgrSXOVeF286IMwu8oaCw/TBnTXfWOcA8x8peK6bSaUlsOnvODzUweedfBHX7ONL3DUqXqSxktun7+2B5P458HZU9EZPyETvVVD9rkcekIMpAIUmD/yKqoPmu7dsejN9Gvl3iHsqhOdLJ45nJaG6+rH9o3Ubv+Xv7uyQpRawDvN0Cj/7IWAd0snj4DneLx7ewDvLPA7PcBhax75D9ZmOR6UKDjQDPVrDIqpsitTNRVpaDLU+bMhzy7N489QqXPznmR1kk849zN2WiOAFFQYU3VGR2toP8s7dQhvG9H+sOxBxG08j4ttN00kJYKQ/puRd9l2XXjnmnbuOrD/GGRnXi12hyd36/RVfmgRkLXdXergSDM9eJO98w2sH7bzNHbvq6RdTzf7FPrkMfKEjJRKaRPqMhFqZaNFuDqyc7lA9yEBbS7q6HcNju3V+zZY3F5DEak8dhsWUY7EPWBEo1TxDGQ/qvQUEn5jeymq8SYdMr3ZzuYe256/elIihNismH7ZRPsNT/DPYSAFgVigzkamxQ3pcoZ0x4ORiEra2/QerkVPdkFgukX3Olr1uP2OkAvTSWEC6upuAzNHhUB+8k4j10Z6I9DL5kNeZ/QA8dTiWcG+RHZw1MrNgd4F8VIi+igIBlq9pTiv63OXERlgMSD+nO836joMiTHz+W3qQC3L5FGhYlwGzQtzAOY+XnxA7UwF370zNuVw4PC0aySKj6XCoIcDF1ka1xuMyTezN0KaY0eN4kVThH2CbvIDwSt3zmuJHp32s9e6EM3PPJhTs5efgRnjEN0/5Ll8Sm8JrfhxiT+iWhx/kGHn07J391MBRwQDVcTw9uEQ/uL7xnU44Texlc+7d6A5EsgCZSGW22+D9C3JB3ZRdGLY23vG9QeY73wkzRWKt6CXfly+hz2TluW1rscjvAGC3vXkuJUYMqd+0zTGPXUdma8yasFfyzzZplFfU2Q+2n3bCEJb1ixEKXn2wrdeS1vE56GVSSuzqtSkhZW36TDb+rzoPRte8wjdnalXCJkXlQPJi1uTNwjdaUJ5+QzBOZlJQMu+5jEp/rrEBaLTRGBCLf0aJ82ThnEjTXu1sKb1e8KitbqXtUzJHOKk87rReZiwA0IYVmxTR6P05l3l/cEIXs/01gPY4vu59CYmhuvqQT8z4uPL7S2xPukw93abEzlNIz6FL5FEK+WKXI0LcwDmRVZnz92mrqxzZKmlXyX/EMoHtX4vPvhXJkn1CLQndcE+WbYlhg4/MaXnzAtN34XWL15xQAKb3g7Ep6Y+v37hKIg2h8FAFCLoj09cGXVp6L6QLEOpBZHo142cNcVFPJc+60Au50wTC0DfnY/HTspebdhUc8Y9FYjukju4PilzX25izwGx+Kej/A/iyWYyntqA9/cRy8kB87BLgKsjKU1fAbhIoB2E+O5SsF9uI8OOlHr+BNmTP0mMDlllYid0zepMLuxWGpzmfHdnhlUpPEth6TXGgqk5nN+Qi3QvJt3SCoWJOyamkmtzAFmvjIWaA2v1jog842Px5WiXElOA4qsZr1yWVUEYQpWBEYPQJwZCW8MHeBinAUhyEDUhy3jqGcPGprIy74DBXJSmLe2BcG47v6rgM156PfOn/Gj8u3mXP9eb5PgGNSmKyGpEq3ZzTycWuUXaSX1udkfSCbzKyoheKC8LKgmL9NkX0l0V1ilyOKUWSU/cpz/ZMPrpP0qkYbrtBmtCmAcyJxOW8gO+UzhTAGsOpzvODkRIA/pPk1joYO94Yu6P7EMpaqLHbcwp9jqplCqVQd6eYmfcEIBHY34e3elb0yzKIVuNZdcGrH8ypNSUSgNCv3yBr1zIGn0FQU9fwIoQCJNUGtR15Osf66GJ2AEskNdyNXP/FPYvFpU+ZAwVZe5z0EFPXqPMqsbLPaQuTF2AdZeMzrke/vt3YV1Bdm4b5QKEzbpxRZBZU8dG1t7D55XVpP6yaevdtFKZvnYGmmmlt9oApcVZxuTZu8GVEuj40mN8Ehu691uwGmbTlIcww/bkKiXmEl9jRWzO7HT73k3YMB1SfcVqniWsMR9hMuIbOxw5YTp5RJilgQBmhFELbqPvYev/7I7q771PKtRxvdynZWrRhqYg/6elVftVHe9n9cOes/KTbJacA9vCpJ9Mvnxnmz1D0BktmHA/la4amsHiardM9pY2YWHU9aWHU9aWHaEtuihOz0EGRAZgrIJJ9CmAd0tM39kao2QsA7y1cKyM+hSzC9b8gIl0XfiDM2VrY0ocPX0TGaoqSab3bfqjrF++mh9dVWUYTwFgiR/QnS5MoJcrGk8S27T7jqdjHPGnpOwsuwm6iIfMP645UtBDAP4ma8GG8b/W/X2443OVfZ7MXLiBTpr+UPmSwHfv0R0nGwmC/rbYgjRfdnl/EGDE8b7XLbet0L2/beUAcMsKk8I2h4VvyUSfflRUpjnYgo/PM0tNW2TZ6HGK0OdxIBMBO9zC9eYGsIAF2R2qgdBymf3jf/Zvt9rTAMLMDu4iATZtbWmy5Iyp9IpEX+lpX1QEHoifnT/vW9jwj3j+HIVn/GAtesktsmYoHZ4I3ZG6AduQYdI5GbeqjtAAwKbjqXGMnURqw7H3wPkFucjXZe6Z8touP4mPL1dOBFlUf/pd9px3KUU4E7nemW5F6LaU4ng5bsi/ZSw7KxRWJTVdpI31E+qHScWiSfQpfLFMy1eCLDtOYB3lnW+WZ9ClFi5ulND2nCEtklavJgms0IMfxkaiji1RWRDC3kejMZ+UvjrXckDwrht6ZSmWWDHy45/7WPev3LhyaT4mXca3kAjIxVe7satr/+zK/H3jK5zKb9KfmzAzvoo1zGXHoqUb2cd/Lk7ziiMnDvtHRkCeSWgvVE6ioi/Sb4S91f7+Ja3IaRib+e1J0U+TAb/mx2qu3UGu5DKEH2GyX04+xE2rI4wAWYCsehC9gkDWWNnApfLnZ/QCwWmKnjHKqVTW9+jaJObJ7Lfjj/7+RXVA9RXxWDf1SoVS5KmMZx/3x9nKw0MycxCjJE5mB+TFjhXfYhsM0FRX9zNTrUu6FwmVkJ/AMaCSaoy84vQ5LP3UgQL8WWsJYwDAKaNDl4ob6NTQtamz2OKEHBUFn1wa2BkodZiPhfczt0pVG/Vf4GEo4auexDOIUui5A033JKokYc0Vwv2VEesHvgyFiUFpWKbGgSZw6rj8f053lnW8ictayUfNayUfHb1BDphnLWPaCI/wd5Z4OW8HLv0qL7zzc5GyM+hTAGr7JS3B5W7ba+/8+uwKgXONiHjSRrGLcXY6gP/H9MYelQxZ13i39YcgP+rvpoKtQYMfYGTZYYl1IaF/3FmSluUuZkxI5yzuUgYuWsfsjnqJ+O+0prB6RX/uEVxGkVvCbB+lUzMjSYOLQbJ3wcr1MeQxNNDB3nFQdAoIWbMSSt0SM69UiHyJtvt9tCyxZ8xr5JyP5+5wArq5Kyh/HAFTYElKT/wBlYa3BbmNWZFiNwwrZbJ08+eJGEe4A6QJF6Mdr25/CivA7xNZR9vTOhprHE1lnzC6GIZkPW3iwFITDubxND0CGvBCzelx675hHcU+hS6DpRy1U1Rphn5H+uiGyjVQfESnUo1a8bHecc8R68RmcSMx0/AVk+zJ4OXMfBlnPiWL8k4auxOsB3e6suFe1xL348BifT9rav427iamGc5gdMhr00s31cEaI38/9D6biC17uldRCggu/u+55udmXueWdZ6GH9PWi1GKxiU4ng5bwNYlwRbYmc0g8HeWeA6Rn0KUfbKF5x4xy89ScTqK9d+0YpG43+1ifFmHUzvUBHzrUZ1aYxYwy0tJIwicRs7CUxpnBukz4Eo0qdpircwrfw1UYLyJ1Z6h6HwTO6cOboslS3E2gXn3hAIK9j/PLriJ8z33/Bf7v9WgqIDGpf42lHsqC28U7h+JbObQ396F6p5AhEfSyCTq9YEQrAzmlaIiFjINDvzfx3ZLgR1UsSifdjN0s3JDobI8xaqKYAgBkYsmBQDY7gWK5qZOXTy9F+L1vpFS1KYzojNfpqDDP3Lt9s8swpxm0vnvR77+pK1MZHANG96nm0lRxEplnR0yq92O4rTNG2AXRRxEHLY/+aF0mfaudpGWKe+Qqg0Fkov/6oNUTw4l02VrOjrZhB/9FHYOnp2ydGX2BTua18Cz01PivsmaAWsEADB7ws9RnjYlLTNjwiBeUbQF/7ZGrx2QF4WBjCw3RMyPE58ctDdfsqS0zfqxh76vZGCun8xE3XH+ukdCIGn2sz6FKLWAd5ayM+hTAGXneb+5VdnKRg45gFJyWi09x6onTMlVqq0K6mkYFR1xUnGOT2BWeL+QreCUv9WJIcVGYMuhdG1Q9Jv06UBfIMnE9O3EFhDEtKLE2O7gDTJNmNr9nRuFE/wOXXU3G9HjlVynhJ0E75pt2rrsoqb5NQfOie9wZxRUdMf96fihS5GAvcUn4wnmmFtVf0MGJSoowaNCyjB8kd7woLS0WqDSua60j/SslRRoLnYWWmwceUzLyqXRWCZpxbShJt1SAgi5AKPn+HIR7+AcOt0Bh12Re/QobGPN1/SrUcie5ZvyhOvVWhc+HHFbu26/RACfkZXFAGGG3eK+x2F6mOppwngvyxYWLaA2hJySZtcw5xE+37ycifkXl+fatwJjp1u2CtDYkFFzSe61fLtndQwKILd1eiovWLvR4BmmlIAlfeTLEM1VbJOsKaJm9YYBJsbJl0sxkuyezRRBJsoeWdb7FbnIvGacTlrWqLV8tCYmc0dt4mPoUvkUaFuUgC1aFMA7xNtLdpEqsqwbyhT1Nd/bxHZdlHo0z82HbmL8YyVW2CoGv9HabkfkbgkCbDoJsx9HarjuNTdBPez2f7eQ+SRaXH+VlRW9R714jlMtfb+8Tx0kfjYeJPL8S+Z9b+srtDSeA7Q6CRPqGbEiLFdbGu1mJDoVzrKs+UTFl4ugQNCFZ3sWKczodCOmBCTNK+T2lrn93sGG4B6qVmu4VqH8jXdTBTMQrOBjLsPUE1E0OBbV1JvQMuFMk3EhSmCkM4Gn73Mtry+d6JOGPx3X+ccd/CmMrEViE1TOYDKAcWhudQZpYF4WUCpIB80GwzOAyVYPFndo4vXNjnutkFQ4C6JUxGmWI8TOuxs4lrnJLvWxfK7ilvztVN/WgBYfr4m/lNTd3LjFv9JUvMSComOcgQwk5QvtG+DePmeRjYeyvaxGNugVyZUWu5GM6fjh3yg6DLKodTO5TUE7jagjy01/enRv3CN/doN2WtZKPmtZFCfl6CqbnMHMqnnebnLTlvuU4ng5bwMvGtzAO6WlOkHebnIutEBDXw0zkuJNcVmfCGRMo5zqafdXh7ev9tm7k4LtSXnqTomwwn9gbul+0vZuMno3ADSazuBlc0DZpPBovtABJKzjVm/lbeimMcCilZt4I0867yQfK8ssWBIVOUqEVqYDWcvoLMJVqgBfCNTTRABmQ8eyzAeMfnYaDhx5yFqInvkJ5jDsfuWsbsKD39SL00qV+8DDSdSA5YoHZilnVmbObkFg8CaSWynmtxSAme0CRcdAoI9/S1SlYl+EQ6wuGgpdQG9ER5LfJaJ/eDCz7m9GTr5+UESTA/voFVDXKNlI0pgY8jecyYHvmKFdiPzJCQVx0MNWGsG6RO3BrqsHV77yj0LiAHGMnXKE5PC9OcKqkgmppDPiqU3/SOeVC3Mqx6PErzg1eRd7TDiYXvnIPZ8UOELhiNgV13duJQPteGCoMic3wPzeMjXOmejObP4bEsRl5CcEaZrrhyLo2xnqdDeTE0G7LWslHzW+2cTFCfl6I3UZkytEIlWXiY+LV4DZoW9eKXIy53nTlWqLJHE/XaTmPC5mkFPJrk7XP8KmABMFFTD5WM8v0lsEE5sgCwtNm4qszXzEvgBM2PappW2/zYyOR1sNL8fpXAgVzVlUN2W0tvjw/JbasZedV1kJ02UHtMzPN2J/+dDpKtgCyULvYmi/va+ySGwIyx/iJy/hyVDVBHSvWTL5DcFsp8X1w9l4b1M0UyCVvg9ZrsPl3Q41si395TeyEm8oLaAjIwpFNwcOjpmk6GM4cBjLXG26qCJNva9KPBYGzW4LvY5EIE3nnYy5EMvCEWl5rkMa+71ThhmsO94P23fsp/xaeAfsiBKV0V9R+wv6Glg7MerwLuC/D5CBzUeR2D32lMZ0oJUndStj4WoH6hy6ydw5I0OxMOgDUqwcclYSCkBrrO8x+a32AcGQIHlIXmtFv5mEn5ZPY3ik3aItxaKmK4Bdu37Rqxqjhj9J4sFjGV/v7Io4pRZE0N19R0N19V9EcQ79boJbvlLdppGfP5cEW5RZE/vB3lng5bwcvHLdpK3tlhCDhLybD+gG79GdVSghFEdvPLDQsitnlYz5aHfg514TaTLd4D7LetkqpR36Mv5sqZ1cmQ44Z7eAS7iEAHxZKUs9ucmpsAQEw3bHtDLUMelIH6DA4Z9CElABiq6nL+7Rwz2AEZhX9OEpeLD0Y7ZkHX+iJc8MYcxZiO8af5X9hSyUAiF8r6hIG096Mp4rTXtTOOiu9SHb9LZrHYGgpuJq7HJnTJe9ln8YbWb8WE1nMGpVCQe52XuJr/0S/8/81Yap4UxRRkM0ENi8Fx2H1TbMV99GAvij3malN+y5CkAx+E1D3umXTRqWbRoFyll/hn+O7SfOCKhJsGezi2/NoELOaWYwEKDNslLhNsBd4mTTLpTLC46wjw0FWVHnxdChbw66JgVUGyXdfgrXOk2zB/eYK24AFdG9je5468WT3JcBzX5GBPj7SwgdhsBbvC8SSa/siiFgHMirB76jobrOYOVtQs+dotRfedOVaotYBy7+nL5F5++8839xxDnCseCGfg3GCAak5nAp1i3VWD1mPYN3OutOWhSerVhQVzn65uUmdXYv8RLiHSu+bBNKTLb5ISAaLmElBjMF+duT8qijcBGE6UsNz6Z+4b6I04kiYLjvNQhU2QXP0LeDsNiiVmSBIHTLYrjABxA26p3ZmD+EIpI0P81P6VFXPse+FJSFigfd+7AV/kF5xo1ybvuqF/yu+1D8/bnPPyY5W/GPl2zP6I9JL0ceLJtecXiGGPu2FJEHRNvcfRamYhR4oqTH/TEc64ZkNCYocw3X4miZnBPX5fEHcAmN0eE0w+NST2jYnMXyFmkL2fN+JQsuO/c4rMcC1FlHyveGylbdVwGATSZ0iOuZG50n71N64vJVMLJZarrlDTuY7CDX1KQsjTy3gj3mZossZ5mj2sgxouy+TE+UYPIbWcMyQoJ/YRStZUiVw5f9JgXPHyzF2GbP8SEZWVl4mOUQRQn5eIdDdZyNj39cSmANl195+iFgHdLJ36cZaiiFgHLx7dE/vA1iW3sA7yizHhg5uCg1tpCP2oSloCwHtGiUzFm6re/sNyFbky9yQuSRyqd7FGvvXp/rdieTR1200N3s/ohazY4b8G/K12GwAPYsC4oP7tosQTzXYSfjKfJzCRzIJdNkQFQm7YeDkXCJ6sjEUKTrkieQMnPAx1CqMO3sn1ZZK3B/281yEb+RaG491TDIXXa6BILLZFJ+0bNdcEgZxkYv/LibrDWsNuPtE/tI3bjJfR4spDHEq3UoFPI15xj8jC7FWiujObVb5T64YQcIy+yGsC07jzKEXnR6M6EG4BpNxrtx2a52Kdl8rt2RWl8tRcNXuiGZm0fEgxM1jHEWfTALCxNyccJiaXjA8obCoDGIzADIJedTDYU42hnR2guBRYRqtlSMpFyzvE4w+ATiaT0omOapeGwXw/9UKYSrfGK+zfob6BTydp6kxAZC9UVCcO+LvBmzZYbcFisX2V+OpFxB4UCmti+rHMRWV4du+otRfeLv6DqcZfV7IJR2zPFM/2RRBE0Ga0Jif3g5kTict4O6WTv053mI6W1cXia1lmAlo9mmf60o1L5FJsj2muXAa9G/9I1mzhOUUR84SWDVVK262rTR2D1WNzWD0RjEN+8QkAkaS5pm4OSlOACBXD5G+t/cKxJsM8O59AmfBJlOOJH0IGZ3aQ8Oa3/SNslRb3JrabnIhVxTrTTM1IOV5CwlFjN+49bKgawBOKE1YPhuNuyWm0ZsLz28rB9GvUJoqZ7iqJ6NQcfFZR0EqF5+iNa/7uByBFye66ABdNd4d1u1VBjAy+KaxzdvXeOcoCRXSvL1B0Ccb4zkUPrNbMc3NL52M7BfVk0k62+p2lUc0jO0LysSMzBdLtmGSs9GA3/07AngX/qHzmSApT8ON7P1HYPXrtNEQafH/jYY9DKxfvLFkPCOqY7biz03iym+J4GigHY3Nsa75OzOSvNZTFXzcBHG+IOwEiUuuESvFhLVXAhTTAfTP6k0NiS4wZdJ43RnZBRhbJbln5e/pzAOXk1CYoT7tBE17v7wNblFrAO6WUfL4+A2QsA7zc5b7lV33b0FU39q3O63+blTyMPmxZQbWoe0labBwl2LtDT1j/lYrwQx0T913bGQYC4JXzuOJdhAkKHWXWKf232f/d9TyQaQvhTPtQIWnGwBGmUJdNvFMYRxQDyeX4d+IpM38oYJ6m3ufHrhRfq9ZGbjrHlIURUudteyS4W590znnhTfEUeROw/YTb5JpTRSxyfugCPHaNs9zu8Ch/bXPko6kNlWR2kL4pCBQLKG4Ax+oXNeICBGaoY3vbYzdlsaAcr8xW15bP1sFWutF73exL8A8xIanjz65dn/nPTDDkEVwKZSKSsZm36bUSW436NPJrnxjpDfcVwQmh0Hxh9M7RY1jTnH0uq72L37oU4LAGLcWfgqlQHPrN6wiuFklerdrWBfqOxEFiwq4THChF0GkuzN5B/psWZegmTr1dzAvZKBlHHn35GgGEQRXpe4pI+qdglM4pFFPibXgZzGi/ZSw6lXtKcTriVWDxmm6iE48oqphooy2QsA7270j359pYlt0k+hSiyJ/eDulk79Ki+8Qy1rj+1X9RFovY33FguoI39cCo3yiggKS3YblRGpjsuzncS/CW5qULZje6YCSoUGWa9fK0DLeduSoBA2Uj6LTCiGxDSI1iFyJpzkopnbu+bFW2W+knoHjpNUcKJ67FjTNGc0/8E+6NnmW6c6cgdZ16FFbtmsiHuMxh5Dz2k8IoTivuwdoOA5ex0nXnKWdLW6Q+7PE7wTn/xO1OIvtkKgUWVT7MoqmorDp1gHqL8/xx955vL5aURJxy76/jKlT4buy2cEv2YjYzBsI+N36wFwKD3xp9KKtPL7ZecvlIDuSqRCqbeNS7+kc6OlLIknFxDqWJkKW4QFDvdu7aGZ6Z7i8iMuo5bwWsVYilSw6PwiC5BAKuNgVLLsBumwcIjDtj1Zk49ADpcfo4pfIolkrNxd+nq9kEk+LV4XceXh+y+5ZzSDwMiZv7lV33c+hMTOaQeDl36VFGhbWONpzjtnJ1LDgkWxGeB0UT1LZZ2YkiccSvFjAs7NijB8krYzd5jRKeTW0ctYhu5M75jeAPySezG1/EINjgT4yCm229hKfkIpIy9ON+pmUvrhkn/KZy2636aK/s7EeN4UtvkX2Qc4reP2AubZo8LS7S51Xwc4SeTKUC6lNpBu1g5FClMYANzhRxdnkYkM0Fn0XGuz8EGS+nDkTzp/i29oJm80M2E9w3uzYufrwI3UoimJa49mZEvf/tC/P9dx11D5AMLq4rlXGV7LIw556XQd+m+p5Pi/FThVPDShtbZEWJnVlrEIG52sFDwzIFzllI+s5yf4UeQth9FmZSE4SFoJHHHp29/zmOWJ42lFbIrpT69kqgMKFiujP6rErLOHYRXkWi+jR6i+iGQwG5ODA+ovvvF5AdLHc+hSj7ZCwDl45cOaKMud55v7Kk6Qd5Z1vHUQiVXCcQH1qf4ypN4MTo9UEKhFTufLzr+4whCxDVgXwy38HF1OBTFjNdXyZwvHv5qMGGObuXF/n/EY1ux1tQNXPfp3I0cwrl9L8P4csS87+Ib+jd5zXauT0OGZVfleqkiAQ8s7zUVjbKBE4G+u3hoX35hQPixtr+NEev6XbFC6tbVYxC+L+cAvwmKWsQQ+qrK4foOER3TXZYNuM9cJQZDwgciSii++6aB6ZQCnHIKTUeFJDLfofJthPlB2JUIKuxpfC96iWplPeHguU3B1QKH0KXY8/TBbKD1BztwxQcFnGTv8y+PvRhXuo1+zKLFYKmpf1I/tdfvxAD+kTwfxTZYuslUasoPNhtstHc12o6rQwcWUTJDsx/M/6VSzfrtlCryODJ2MYxAQFqfh9oN/A1XuyVe3PAZYoBT91KvaN1GfIe0J6hMo+bsijil8sWjpyj7ZBJPilz0SEyTlGhbmAMtRRCwDvNxYXO6CLnAhZP00qxfEkB068rgTxmW/EecnQEsU/CvDBpDz7W1+WZIrAUREWiX8OHTEwgVyDbL6fPrQ39Dad2BR4whlGY2xZ6mGCVPdwGWylGtAxIAX2ogooOyM2GQ1/Exl2+D4yq54GRqsSo7blFIcU4ExjhOgvJVuOdUHgeZu/OvesM+G2BvBl+WcDYWDucJQ0G9yrc+GrXiOFhfDDLAnzw9xipPSISvyFn1w+FGAjZx5UgK65yDeMnuiMg9sUku754xIHbLZPfr6eaC4rutBKgozWwsO+7bm6AY/VTyagtLllsiaafUIkW6fZ8jFjA3An2ZBnBoMxgL4+GpRZFCfdnNxFdnbQy1rWAd0tM36j/eDvNzkXg5OWghg5rQmJoM1oVYSz92nMA5DJwLcJ0JEYLk+ToentObCvR6DaM179lGzChfU0vms3m6+AbG0Ky/QIKZC5bsbSnxvv+QLuGaVcDSDTmkVkZIdsa8be/OvQKpuvlqr8uLjD8p2MXCDbsmpyRP/sWQRNZj3X3BeCRQ5y7YD9zKs0A4FFVeHZZM6FXwaB2IjhnP6V0xZjOEpP7rhWbZUnkKnMqdKnlUkMl3/xJRpyP3VtruBAPnAjhdAOhbSoGAJLkl9PMhccFN9y+TzOyyTi3a88Pn1U2XPuybUCPP/veE57y71IUwVFk/qkSYmc0g7Io4pRZFCfl6K6rB4OWtawDvLPAZWjH/hgvdIPA1iXBFtknRh9KTH/B3lWk64CgUd2ibyMez+KXW5V+Jkjxbnnti5QyUDNXy65qfXX8oAv/mt7+Lc8J0ChzSKDsXswAGeiyt9tugrJDZ67ylDIdLXZLzt/z3cykjb2PEd/qsfG/DVOThpi6BaaPQpIrrX5oerhLqU6VOgKksfGvf1QF0w8Zi6lHJXlgGecImcBCZE5+Eo3BM+S5/MipEHZqLBGYgrhF4ww6Lrf9O07O+amE+REh/IE5FPYxlwWykeJaQ+uGzWhIWrQpRZFCfl4iCfd9zCdnoJbGjT1pbZHiY+hMjxDoL1l4TrRmeWtawDvN+o4pVoUwDkTBSevbln6m+W9vWd6ufnNkda/sF5+dutNVK+SDXy6KhT0ovggcswdklsB0zhbjG1gqIUmHbUaXoYyEE2/FN7AtQApfTw0uG5FyXsHSWQpKtz398nQYVB4tN8U268jJ6PiqQvYoOP+dt/fEAh2nnydvUsluHbIjFHwa3G9h64yOXyWDyRYUHhBPYdvUKQLNXQjNAn7N0HaNW77toHkPgUvJXYk6yt8aOc+ORL+Mu+IM75dpgi+/9sHJWICR2CD+JfLFo6DqVGK6xS6IrSwFK1oIioJxOW8DW5gDLUX2i1FEET7ufFLkQSTl9otWKXPvPN+lJQKjKreOQLDNTxzb4qiZIZBHQnkYpYCngSWHJTcYarpIIqqe9uvZutLiAF1LGu7iYzIsDVi55ULfvhHijk+yisWsLT9cyy3hu0QerCNOTxsOZFCFr/4FohDGKNTwwLFQEpGVDVo7uJX9Hl0DU7SsTGOfpXKJwOi2UpFT0ej92hU+vSVnm57xrClxBCzMC/4GFOQ2egbr95z33lOe8tJdEbgZGI91dYqimyHHD5I6qzSVCyz24YvshNPD+dxOgKJ7HmrwZOMtsy777tReiFLkQyGA2QyFuidk9kSHawPNxeDa3K7+uAW5RZE0GRIc5o7bxD/eDulpSyePgi3MAZFuWC644hEGyY9c0o3cKeGEjjEaYZ3C4HfdEqiExJYZYmrGWHIC1mVlB1mYbxYk6R0xl6hKLLwqrgHLIPMAhUFYkxjr0OrkKjVN7ZxbYAZKNSEzE+pH5mE5azsNp5ssrrCdAL96huBcFNrfMmvvANeSxF+UoCXZfTJ0d/ij/JQYEdVNlbf60pCRwxUu3610ag8fARLb+mwagp+oePmJ2GlseatOc9+jHH1BUUzTQOUQHsqSXdVrCY/1RXJlibXYfyYEW9L3wSNKXCX+QIYeET8ejdccVj33LOWBImANbmAMuMerNAWoopPc6Wqn8ugAP7/pLkvs7kxy+wRs+RtBfnlUOIAsiWUJFXMHZ5YXaCG+PUtE+h9QNKkantzBhurx3DlJd/VzNbZIT9Jlh/f8UTEeWg/Wby70+zQDW4hZ19biFnX1uJDgAlK/2a8THcStCfb67B4m4uZ5AgKAKtnIscD2vLpJNFmYJwr4Gyn4CQPZUsZFTvv6ZYTS+1g4KTo/Gc/mOEAWTMAAAJAfjrE7pGdP+wcoYfLSff+lBRT12g3hPxICoy/JH1ixMuqfAashCDJ1LizkQl2BXMrQlgK3Fc2vmKoEZoI2M+IJTmX2MHAn/Ms77XYcPA3MhMMGIAkO6gABeW96+vglLq3tVgkv8KD660PeXlmX0DFqlaykNXEwpdW67VmvFtdYB5k7G/vunm+727MOCOM9ba90fX3xrm5NRsJEqBfIydGVYBcwO8JfzcQw4ZpB2gOWODThzI9kSySAqXLUfoWskZ/qXS1cSoCwj9MSmrx1KXB9mMnE898iqZ74lKUtN6ajFxEUr8kZgSZjtY/mRKr2zp8rtuvQOaLPS5EigoPbjn83KKoOvAki0kArtYg/CLwN3icdya4Vyrl9MT7ePHnHLXuH+nXj8XjNuAdXe6afNEM7gwpeuM3BADQYqaEAyMvakRBE2yeQ22F+zavsirWLd9YZdFWboaeZHgEP2X1Wja1O2OpMIVRh2KOJ8dW43wN9tJeoxFvHVSSRIqUVs/jo5H0MDkCsllgIZw9AWPoaRwkxzgvyirDEgUkzLRTKEr5Pju2K1cc97SuwTBxys/TAfXV5aLO+cXzYMR70TMkDTQnE4Jf+0IBXqbk/SZqkN92s6/60ALvuXrcGUmzbDQfvJ5hbifqBZAPEaNaDR8Vvpra4D4JiXiIBsmMny7a4hmPz8Lucv25f4e+Kh8FXyNQLTEUXx0YIiZLv7/gfud0jaX/Loeg8bPjNq6J1eqk9GjZN1LqBOrOcZmuCW9WvKcrnk0nAshJORegB9Ip8QH0YErk9PFTR8KEq+gjTyqJhcCU2n4earoQNz//ABSOScJvz/lWuxTvwjBFuPbQlMXAymKqJV2XPTqVQVAKADNAn4mTowP/8qt4ojNkM7NoIhuJwZEr0JnxIR2qAE5khBQLcZSndB1VvH4g/FzeqGs4CJr+oYuEz8EiP66PqrFGBZ0o0a2lNQ6McXwmwMSClGksuaG6T9u6mSSS0XKs/8sAqzvnr89Jfy7Ic65TYRK0U/BSu8lT1T4+rkVWF5HYijFc3Zwvphb+8dXVwm6PdXq3XlwDlz2oV+TPGEkRZnPO/ceN3DvRBKPLE6CHfHIiWhKipTC9ixcd1nLKAdeozkb/2TfEM9ZqoY1+lldfQtctLxX79mrC3b9S5hSZvlhgFbPP82JuzA6enaMK6BZhc67YzzBE5GQ4cwPdJ+hzvYxfHnpH1KPvkFja5MLHwtJv7ur3WHc65qONZdzT/oGo1ggOwpAXgKStf//HwIdqAbGtIFd5M4+BqnXXkyIRfy1C9ih8k1Kmqe+JoCvTiEfFz7vNNRQiTOCuQDpjIgCE11wWVs023WweL+5ss6jeOyaLZUBP28Ug3liRSRPWt7j8BV1CBz6Ol+J51SAU7q6ms+KIzu98pcp6c29FNEY9YaWw0X0Pl9NmBgzUsdGFimKK+sbZgR97TZBnMHoE/PQ43un9QDkwrcqaCmr5ta5wIi1qxEu7+hzhkp+v+ofLZgNBJbjZrUkNDujPwGXIRIOmTNpZiqZQ064ZmjBUqp3KqSjIVDGasnXTmA3dwDJ/Lt2cbVn8fwAv3TQq25RdEjA4asDHL/Ust7Y9mPQf/jkCasYiffxivD1NfOsDyvvZYTx2MqZmErXLGU/MMlSpwXXzH5JKhfqiONmOWz8AZ9LNsnPu0oBBuIBJILJCER0GMABpZFrKMDHR4skOugQfwHnjAfBpIDrNQw42MEUtkoABXTQKP5kzVfCliJeu+/JsZuPkgZmjksdGKo2HagFmjKWcjiIHWZ/t4tT/lMg9ZBgpY6XCaK7gcEjhepFg2a9HNk/6y3/caYzkzSubZuj4YcVL3/48FHOKZ2TjWmN9gKTKJ2gF7ydjXmpda24kjMwLmKMiOq1EiItnAt0ZzJZbqsKe+OvIMtCnmizRoayk7un27DhWZ7KxOwwgT8jFgAbLLaoWRwcn9W62J3NmBtaU4wPPOwP3TDOwH04H4DSMKwsrwjazyijhDHSEE2ALAFk9ax3D53rAgrjGoWsALiVCj0VWjrp1mKq8hiv2cZc/5bH8/U4TL00vGquB+ibjkuBxSF/Z2mjMpM3/g+FRdd0E7HnxVukPgkJq5c9osmLlynx9KqIr7sdyTKRGazgqpc6paWg4NG2fZg1yiOo8Do/gYePX49jTitIfIIj2wPoEG7+D7BfZOhZOpTdCMymuKpXwhwV7LpB9s9p4CKGv6elCnzsfRMx7yCfWE7/r/fZ0Q2wwpUSRTd28cL4lg9Xs+dDZBXPeaSZ272txr1aE36fGrWZPgsZ5cJMbn994ktFyE0mE78nRgpzE7EI8u7SR/uBf9A4BxsH7MBrVauPeXHNOlkwHvbg1KoeG3NS/wbRY6ECF8bb2vEwCK2vEIabL03KNabm1TqzbuMuTA+/Wqo4NBhyZhMApwaGOpIqr2UG94QUXJh7K9rEhuRUAK3XGmreS39BU+9vOWN0DzPiutrA/FZ+/VPxf6fgX+iaemn2f/2BFjxclLZOOBKsZMsNu53ee6Rj/SR0ON7KrxpqTj02LrEbrbYZkCR5MgoyhoK3YvWtZvgswKR8klIq3fTPiCXojDZYwEs0qCCC9AAAEK6RJPkVBuhw7zhlVJNaHJZU0m/BWIopS8kkJpMaAEuH/RR7hvozXfe4Ob5+PDHt5ouWp5iOTMiNXbqEVTvU9lQZ/5ZSXhHFi71byIa/jpYNPpv/poYVZlHFoRIaRxUSUdSUYDiRw6GPw5zr7YKOeNxULjA4v7IT4+6qCz4X1mfxuKNglbmeg8lUBKjoofxcKmXGfn5HbjNJuby+NfKdzpgu7aC3pa+4IkWCODq5gpsOCOKVLwB/S28dfhozIu2+O6OFPOCeSkyIox2w17xkEejwkNmKV2h2UWoFD68UbEwLnGdYmpy8ytP0873sbQQqIUBvAPl9OHqzhrK10hR0kzf+GBCft/ZSl/HtdtPimBtMlSJ4ppKaAOfpp7Sv0T3jMb7+L4lyD5nsQKAGqXothUuFrLjWrWOcbQf9Tacj+80CDXqYhvYFKsFM3Jew9T3u8E5cB5EWsj2DIfZWdX4qyZyxoL//D7BYDqfc++7PW+sBGWGswlmP619AGxhpQDGzmGOJwxYSeSK+1D5YxjeyOeWryn08qX84AZrr52MQ7N7ypqySehJD94y/DWsQ+orcSegJinWQ31sc5SLT8Lg7fJIi3scNIojop4cvCg/DB+ml6wfU4fI9fejP+0nrgBrALIBgR7AJi1zFPoJPiwVnYJqOplPTaIeelXg6AUErJilMFDLdn7WQbc+BuCnzRjr5b41pRbvBcWspJElYsVUNOcjRzAR6Fs9UqjdL/lnDJkgvdoSQcgPl4yoUtYSsWEqzrjEVKx4nw5lWJHXRJJcMPo9e1X8BUO1aTF0BVlbkQNtFQ3QUzpum6TTc4txOAy5yykTqIC0DjVh856eatIli6Q3BxVTh7iMxyhicABpoXbsohPxBExIi33RGp0YTJFvllTMWdwh9wxbbozk8KCPKhm3FgtyHE5RzwmxAuLNAHYwnc/jUgRQgYNaSxaPxWzYN+O0szu4agHl+Qy8ssas1eOt4wMajKZA9NPVx4D1n0KFl2dIJjST/c22k68EeRlHjanqGfZzzIC92q4AAAASPQIF0hHe8AWm2zB0gSmzpIYvLwNLgYBgK+wGvzSJ/8Am3hMPPsZJzxmqXfy6SwNNBrERQVd5x5elOvfdehzjdlfFyzHwi0Lv2OtPJjj/rrJs4vmMHX8n8rWTboy5PnjxgN5uoACAOU5l8SvqvT2bmlrS5T3sfUZVkMvEBb2gjszeAaPwhAiWBnj8Q+QFrMyhqBCwDQLiorZAXJTb2qzvd46GYSUE0UL+HqSCUvOk6UB5ukEOVLS2Gmfgyy5wy/Nlg14TBv1ZcWiRF7ou9mDU31dQUS/Ep1lm5HO69C5cK3so5Sqo9Pz7fZ5NZQo/gbNqE+J/j3BCoV3XB6Aae47rlwhsg+QLpFNA5/yaqdFLi0SwmchY+UguRV3l2SguLJrxVNsJQxl+6RfzY/K9p8NezQaJCpSrKJxN2/hl7Ma0APRvk8UniZ0oiNEfLQQwqagMXagtA961SwTLczrtEzFEJP2ATSxhUkyMZqLVUXzyuxFKjcAEdAmfO9g3Qwuli6ZVWP5iOD88x/NOCCsfgNORwJCXIK2beufVAC3x7OyvDHYZI48/YYMNWgSBUxvtYAU/ydGDotKwueUJZQXigh9LMZ5KJ3HqgTwCUU3ablNHysKOKVFA2UaoNnPG032cyFhNxMVy5zoCBW8OE9r/raJ3UyIC04qzr0oV/+VT2KtpAsF5/96ApVlJ8OU9JnqZIlW1W2HI3MUy/ErMTT8MRVJ4+loEnhLP+N04/LHLvCoF0HeVOItHCHRcerYJf4rgU6FKnWf/fcH3giC0P5AW5LySbe2UOgP1FLIzk1U8Nyw5y2oEtGLJ9BTB7zYycUpEyJuyqjwbfDvXPThl0jikLbKqSoc1grvPUGVl5YnM+gltxfPDRmfoEoaQracXQfLPW6mK6F4ekKB1+t3HEeA1D9KaoRHnM0QJVfIRuPH6bIk9wqkwjKbehD0e9ZpabXwzJUoB1WqdVx3uduXZIp78dVSMJaaLbdESqqhs3ieH7lShcUkZOv7PzeMTkhOJrerZg9p7xw89FgiAdHqFVjrvxcWAAE1FaVeHehnhVSBvb1DncilaQVnN4xemMHD4cDAAMt3ELr0cIKRk/Wa0/cgndEieiAjSJ/b45sBIsoDxroTsjqrVxIjuq3SxdGrJbaGJLOuTREGvIkyGlgmVpNcoOlnn3IBP9ZiWpeiUVPJeQQLGY3qij7q9uUX3j1VRH4WZVyTpUE8iHl7HFLjuHr7WCBkZ0UBlq4QbnulzEbuJmABcBLMhmo+krBugL0TdyPfyxBCnSWuK1YF5+e3lMtHZtDj1liPfIYxlCwnmq54oR4+FISl03kiCTrN2gl2xI3h+6ikPISuu1E4sayUcN8vCwBFqQpUqZVHKeIYWK/CpkKzLJqfbKns+drZwpbYZGbYG/6aRzZYop3cOjYbcehBaQwvZdB0j9n0cv9icthxxnVPeKMK1zXWaXY0iWdXi5wG9wZmU5+kK+sLFqMVQyC4SUBpawDfv1qcdg8iSw8/r7FdinEWg2hldpgiIWgYp+Ioo+ImldVTflzhJfeZVOAoVxv6g6a0WUPJ1ebypjsipjrCZ3SdzQ7lBWlqaRKdxp+gqAZv0s3sPVhMUBpyNSoy8dQQOmJrkykUip5auXkRyT2wlXMTgYn+2F5vBOpqvw62STCO/5xMi0cTdfdtIqzWGck/J4ERRMScjhKdx3N43vTfeJ25c5lcH9riokArQlxDgdXO/v/NK1sSv7NPmPYBizj/Pll+nG0hHy8mkabqjsAoiqcasUy6a4TOLYbPjb6FHdWA0cZQDCGmUwupfpWNJMYB9x3AFMaPGcfuDbA1zCVkpwlRwYgk8sPA9MFrkp2w5odg95g3q03+QF7jhKaz6dIFvIvX+KsT8gnxqpxkcSj930JUULGkiNWVB6pXgqCt26QCjSoccj5HngdoM+b3tOYcw+I2+QK7+vSKxnWpdQH41B9oJpFwxiM1+1AE0mLh6JaxoeP2so2xpIQHyWsD6IREh5H/DlA/VZA6WNR79a8ZfzyvtzJPOitTkusPg/YTzzHtalUpfkddaad80+v7A/gAa2yfDfG1exqtII3krMDb0eveLAtmnfLZd0o4/TQUaDWQ3G2k0Qh+la41jo+cYScRU9xk2YscbzavlQilBxUGwiqTSHQWuT8hGSm3wXcgolQFV6+RO/LZbhXWr3syjbRcYpPVUjVfkhHs8lE1FmBXeHJUpDqonI6fcqrNd8AAJbh4YpAMjzF5xdWmegpb3IHfRCuEz78CV6FWcCMO/Vv6XGbkQR3q6TVWG5SFndwHrcjOW4nVYnOpnXnCc+GFnXnKNwILTpY4tDJy6D7Q0mvjpiDDk/zB+J/hDEe7N5XCCrhQvqd3edrPAcWia2QDfrkLKZUAnYs+8zU4YQ0Q6mYTrkmxreMmRf59itXHY2oyIT27d51Bm4XgnlfnkIV+kMyxAMgzB2kgg/TZ5OR0z31y3ahpmOP2wrhEDLfqgQDFz4Dgufy4HR5SVQyHL7PRQd2adxXx5Dsx4IMDoc2y2gLRokhUHVqMNCnFJAHG6R/POPSpPzBmYcAEsKSSmrVWtpk7nK7kvKufyG3HrDKefW0TXLz0bv5l+nWZ/AAeLkVhM7f5wo+RxsgOvg1BTiKuRQKF9K41qqdZw4hMsLaYgF8RleewVqYL36sSywE+/YryTR1BrR6tLGG1YSLQIKBn31BE8pscSSPb633wQvE6C7DFdqJWw4YnDaJQkTV/FtGdqzvsRiZWZ9PDyUCw0BfJeFXEdVWIRk2jwZEOQp6D61c7DJfTYRSV+uKP+kBswB2NvD5BFQJXAlmLrcLFYT+GUssMDOhM9pvyRZBw+fauMeepnh1xi/hC7dzF5dFQ5LC+mYAAYrXz0YReKQJJI0q2tlDyQrfh6UUvASKsD7R8hCm+8yaBskBHh4qFjY0umTyS74TIFZTT1+qH3MzVTvasqCHE/TZXzys9seltwR79j+1GsasUNBcWfmjAIg8mxSg4r1u20gTmKW8crbmMLTE/y4Yq6Bc0aNqCiCVcDAoJEeDQSalPMgqQkF9NYCCbjhxH/dBAJXEPcR2ATX0in0Sg+4hDiolBYEV1xSuAtJtQ0asoAILBFdmSqD01Qs04jNE8P9pJGctW78Ukxb3Z20gFFWL7sRYDwuPNKvPhXd9UckOZ71RxwxlwKOUD6pDKzWi+HokaVsGeUOxBHujIj0qtYjCVAurQIj3QZITDYOsads0hQg9qTR9H08G4U9JqGczcq3+3MrWDUodcc6ilbuUA6IBv5hmz2sdm+yjHne6JwqIzyUcPI2sLozW5V7MZSWZCpBVJ/9koXUrnwGxHJ39omkJPmk9oQbZR2x1u5JCHT1AOFgAl+ji8kRFkNg0i6afHnohKLEb9+zrAqXDJPqJkuVFV2xPx7239H+bFcu6FsHZImLk/spQZlVmfrXR4JvTV118I9gpFCHTCcOHATwCcgM8Cq0sWFA6GfqFx8Ae7vQGyAAG66vWckDivzV4p7RvpnAkSeVxEIKrgPOSZ17YJ2PYL18Q5Qcpn/JVNRP8i7d4RL9bQWHm6PGha3A5giyIRYKnKkMm/Hyqy5s5yM2MRli5VXkdFmyehi/wSDyhsTNfv6+9OfL91X/7TyKXr/Ac1ai+lUaDGKb/6/ak904ahaGvDYpnccWe8TPXwTAFMiD/e9MivmLG5jO0pwCBQQrigWXsdxP/Ut9zDsXhFW6ilWeB0mZYKoKjYLFqQx/mkBSCN4KWOONTro3t2nYRn0KYjUTefZ2ngHkcdquMK2ryHhQUplTK9n+/j2IJBWxqKVYopIk4wGdzwFVsxq+MrXhSxpfT1Pss0OCG/+Vf1+gNRv3OzOqPcQzVqXyyL46bHIuJ4dhZBR3nCxdUydT0tCRvkPod9u0RChRv1qiKXoS/Jcix4XldGhpSogOzbjuIJJddNERQs1BVsGnx0u7yqEEJJmq2rAlHK7GUOwB8ZdWY7MdFoIKYzCS/O7y4v6iKQEmrERgnldsIGeYqugUp4/92houoAZ5/Hj8XCw6meF4jCjCMyJcb5VcZiuptNuLpAngMPU/fWX6cdttHRR/5StGSjAlm9Nh7kekqVj3byLQyVlHuzG4uH2AXm5dMqSACjDkd+vzc1UmeumUBgmv6lgX/qhOXvQSuVGdYULd0GZS+oFaQoITBbHPLNGQAvGipdk+YHA86JJyL6kDbJN43A2s5yqmunpKxLnRK6JBB9IC3T2vLFiIFz4Ju/F9CoYQHz9H2T/KMkRKztCTD0KOpdr7YyFXSgjsq490AjDB6VCLumSCrtSUOkpxR3AIJKtdZEFsfTWi1FODo8BVicZlvE0iCzPzlN/F7cB7K/kai32lDDqOYCTmQH30ZSH1OECuchep7fRUhAmKRxKO1lQTiJWDjPBwAjDMN/6VlWfXDZCTio09POWOJlkV2iDsk1L0TWUR7WY6pciuWotWO9dTgsc8ohC7pSf6EiJhSgpnwN9fqjUHFRd1r+B8oce3TWvtAaBMo9Hb8gp6U1jIJp6+o4MmKZ98FnvZDj9zn9cIzMthc0wQoxWH+w1GqCosBIksZLmpp88NNOiE0mYJ3ZuvI3ycD5ggg9HfT/SVMo3B+erZbkV8a/ofzSVw3OWa+LWJFTYoiRjXRmEUzUd1ROYWoFLxvgHS8jsz9JpsS/bLtrqgVt5Wcd4/rBWUYz2H3SXuFmUC9eTsanSo+drdOOACNNwAEI7wcUxv3BoCFMBUKtvA+1EoEsHBxFywASkQjXkr4sgcB0Q5u9amsZjbPEfKahPBs4O1ODFXr2f3Q0rpT/9qm4Xt8AjHkbqDr/SzeYrfA2ShJCqB7JHcx6O2CQy2r26JsNBmkKChs+qLPt9OweUJTSvPRJ9DU8fsUS4VU6Z3q5D9iSEBuiFSQG8SiwYyEe677jSw5QyysVjfy8o72zgWECGC+cJlGspjZ8V5PQKbaZa6xSbEuukelEqghBpfTA6+0gtEn1+ovy283WuAtJ/dVbiXIbidaLzLou6IJmzfRoJDd8RCFsfOGRG1/QTwAQtbrLpEOm8cQ7VNwKBbWPkLepM19s16j8wkWfapur9WACOaI3/KvgmMeYNTuvVmlpoAG1j16MSac8JO2WnYJzQv31BhJ8jRqEZa0gcbe2SmMjMde1HaBVOQ2AkE+58yUHimS5jhbdmNuVA/bCir4S3yL3IfHYwSCW66lN2J0fUjW+4UjPKkh2ROYvo71XFAtbilHxxlurKB4pyKzOXKFl4Op9cOhntOGSigrNuPQgod9N361S3Zp+kwDfYMYhi0rRAN9nLznSfYzoqL7QuObWbruDLjVK0c3qd1EDc+AfGvmAehn7ktB0/3umD121W6qnWP9Oqx3rtl9iN/JFI0Cd2FTYFs5C2PptsG6ol0cVkTiQcTIoKqIN5k+OsFi2dcYvBzjsaznS24C5eCaTheDHqfb2tLu12h0ounnWFbnn/duPokgKih8MKFGfJo5RnvqEgTgZLSZJszctKlqCezlTdw6CjEwiHV0urEqhGNUbggHzewsfYs1zwfq43HFNDXZzhWAbqMko/wi2kOREcBefKEqhDOx+9vhVkwYYfs31YkdjCYtYVlzIeiBOp9rz8Uk81rQW6QPxd4w2KM4JKZksNNPHJYHdmJhKAhujkmRMYcLywxGYlMjb5goNRowg8sDCMXKWsLSyDHudpyLZSeyiJZ9lYur58FBxjpJw3wKRgT3Rq6RBcXAzL4QHgrE5NGcDhsgEHYCzx33owxnA2ujzqE4p7rKY9/oHJTCjqIctCtVkMmTSHJqEWDJ/Wyn3uFtbfMLDgJCj2/fLe2AUUcnEYwUmU2Zm6AN76b9Qe9SFu5TlA4aBOAFbv4H5avTbsgsear9eVNGZ/Cr4zFjv5a0ZutJs1gT8KQDi/kVzvRQFwxpqoAHlpNqeS4LbekeFw8Oq4s+bU6R+AhDEAPKhqqlfity0ejpEccPcvrEFqL5Cfd8aPaQAslwwSOF+KjR3oCs5VEu/8WCPy801aEwGKk5QmFG2kG7poINO1DV495n4qQiDoYFxzmF6iaKIgFdAal3/XNTcePn6e4Pzb/5TPS9AZzYzrOF26bs/UVrEsi60UmWKviwSHrm95YxnoAIN1j2EzfmL/qBigP17w4eYbQ1rWwGMWEwC6d65BMqYgc4r30EPkRVZjiLy8esDWyrqSKBqED8bolcwiRG/2JshurTqF5UKiBQfOBAaezCWPV/0gAGaVcjrbewm4T4xrw3GWRePmhIkSKTqLgw5l9VPam3X1CaZcOH9oiGocFo3wEaTzTvbVs7pXhswVMrLvsLAUbMv7Z8/MGXB+Rn1sLWgDPVAMqIZEaempQqmSC1+joocqiCTTbuwb/atpZyZ/hcg0fnyFlKm8dlGTQGly53HeuhTQULnI07kBgHwMehDHjhDAuSsTxjxwanNk+E2Q/SqYibehrlJR2TNzVdSAS+TTtmNSK940ECrROwIUOVABvJz+LXn3rrguvMniyA8hiO4EJxztzSFIybxODlHM3RrL/ZyZSQUY2UJXmecSchw8+g9HY5efjHT8S4MC3rykBe7z/6NFmzqYH2Jj9KtUGaFRb9wsEcjxzAogv4B0r4J/IalXkSK6RNe1cdKfcQbmVV/pJok0ytFVv2BJQnA5VO+lauJVZEYYku6l28EVsAAUp6EKgFZIYj/VM6eY3tGRxPq5H8tM4Ez0MHxZerrR+R+Oj4jFD3rlhVHgoTEzhIype4+/cIfiV436WfBhS9v/TNBVHZxw2TAX+pg1XYeYr7r6MuGou9Q51oOucFr4Ra8OwfMfCB9F7vqoREXZ11mIOSfJ9CShT1RyT5Hu62RDKKAivE83BURylk7fkVyfSzo5sh9OOAT+zM3HFRtPvIkq7XrOV9fs7YzHeONV6zKQXTVmzCicvsF481DtfeXKcJ6igvA1ecSoWbziKtI7wHvdIIOpSMuyfEWXy7+nxvcB8uc9Q2w5xleVWVfEZPlTaielbjt4kkl/DcZlI9s2UL2olKYeYfF+ktn+ZcUkkmUaIpWT0BrI5CSDxJTq0GPo5KqAn3gya0yfChfyGGJRpF/yBXZ5E3+9Zkywg1r3oXxzIVDGLcHneF9SS38j8+Q4rQiCexy29iwGfUQ8o/BAH9NTrkkGE62hMkg/sTZPbP7RF5kRlevX03F22irrfmr0695cPpGEa5Hmosn4xrRlZZHytIjJHrWxO6Mmwl0Wm0ObMCEPajubFvkJypHVJqXOu4wesD+1/udkNqFfy0mEZVMLkD+Bejsh3QPIK7umz84BeKggFSwoBRTCp0aW7pCp3v/VqUx5NdP0LaPIlHDbDHiERBSqEg55VfwveaO0Chx+T9ptu5QNamV1NXnG9fnNurr9Hjpj6PzJuf6kLdGPXwDiBmlYJzO8dInr9mAf+DADN9y5+wfKs3XEhB2HZNtGHC4jGZ5kgXz6pfYGHm2+7MwAkXjS7pBn1GSTd8p/evNE4R0OwbE2JCP19/3RIdtqyfoDlWCmeqST8ARy/xL/xgqm5nEliX0EU5gONPbjCCPOPaFciYsLo8faJbsObAMbPkpZOWRp6Fmn0DycFs6IBqw3Ify6XoF7g7qCpKOtsPelnRB4cenPENwb27RdIVboMv11K83A6oku++QG5nZnG5gHpeXRnHBDOyxU0m30hbkQ8HD/T7QQzSXwMg8dC1I/gD8Pi/tIVYXDwc8BCe4+rDlCVUHSnHWFlPCPqoBU9+70g+uOQO8g9VW7OKOKqNYM9cIIFLl7lr8hCTzGhMF+w/qvolfAJLe7CLFrVXvQ++noghEZz+KLp0i/Hk8yU33amFD6L/2z8nRpvJbGdNeVdpQ4Hb5AzTQ/O9wFjxeu5oTDrY/161jjdpyXKMvCBhsb80qwIDx0k2S2wZSxhVsjZ7uWCWu53R96M8ZPSWXNYSuHJVx1ewwL+sPuRVh+Q209qL/ZGCOyQqiL8qItZUzVbacfH0guBUUEqEAIxZeJBtueKOACVv7ndlXCn1PCR5VtK25OEV1NcFkmlVOwDWT4O88YliHSIs47tjCeOIrOIt38zhn3ShtoIE2V1hWuCdlYxdD72ezU+aHopGBAlLAZJAc1Rf7rnbOeladQuss8zao2KFiwuioH2sR7bVBD0w+STbmPoWWURvdTFu/vEBDht4q9fCXB3TnFbdQrHZgze+RCQJn6IVIxuQ+h4fta2QswGsaFB8RNi7e23jHj2myazTnj4KJz2rSd7F0NI/hStFZHgtNeXvSGMQKwiMw6vin+bjz/ohycCoMZPFqvURDYRYY+4TfdZBS1dLVhepql5Gi/OTIv2lGJGESMaiPyyabgsGKJ7zD9BSfvCy6XxGIfWQCG5r3U0SA46+qiDhJuMBlmFtXlKKn2W38XO6nz+83vPrkHjF/LgiSjj7ZBdRUYDTvNeXnbL5QEutbW6K/2FjqJukwgNg5lQ/3POF+53pByI/7SDm5lq7I37gq1yVyK7mqm2GbgfuTDruHB8hH9WfuOCzrBaZNDmdomZ8EqpqFm8RKWeSa5r65SsdIso9IAPzT2fv4vGmm2UG4oRtb0k8kRqRj/iydrPCsq9h4v2kqzqNjrIEbOxF1uDujlqAf0ZK1clH9C3tc3TQeGLWuYQeeokyB57C0aCYEEyLkrXqS5JFn6GPp5kGXUNZ5MpWihJ+A47/JTu5YQ+W/zqObJBQidW6K5EtCL2s3N5LZfQWEX4HNIsBWNrXViVMbiKwUOgGB/vBSqVC4Yxw/q9OAy4IkmePWfTNyZLfN1tb1BOCPtbFAGH1VP7DEeB16pmt9Ncu2EDOTIPX66CnYc1ffz7rcTKFKQetRDeYba3AIY3XOil+C/TnpJzujn1BduSZBLrhMzyOqnj9uy2BGsXqxEZnqDWXktWo0PDJyU1TLs5yNStF0o+KbDSMJ+Qi158XHZnyVagS1Rn/WyONyMn/elGE1GNy16f/UdzKlzWvD/2vsiZRtn7drRFdT7YeIDTGo4J6lkjcvE9hh36N/xGMXgSJ9jdjiiKO+YkdVydcF6hdxVk3qfmZIQts36a0qc9c1wccTtBCti7fGKexAkFwSyDhYTTkR6wu9dVPGDIzEDW/QyMsZ+ini8vUu5ztK5xyC4d+5gLDlNyvKymD4dUFtMhq83LttNpNX+jzv4Srby4mUb/Sz8MQE3U/ct5FFh7Iofu5tvhIfh7rLfes3eNbC0EkAacs/AUjX0v1yOq7jcD7X5MAKpWsYipeCGEETH6jkoZoNV4tt5Jp3Ie0TXBq3BfQrDjruAQ2MBdMWKtkC+0KbKKrPJ1lr8iGZjfvlcn8veydtku8gq9uq2oSJK/IEV8E/Z+7zvjzkrudoaZwNOhlS7U+jYtXTgER11OAgwUtRERS8TvKhbje4GZQfnTNmjxE9v6QEBI6i5kYbwCPghjUUDfnIYsxJtXX1VQJLcKgKqSagBMYED2ySH1CfaA2uDTUCb7UAA7nxJETl01MukKawuDEFpx4PRShE5SXmad+qvrK9wcpEaFCftPjNfKzINmRPhy8/dXnGQQj6bhdbbhBnXQpUXvM9Jcts2vase0DGG2ebeLzlh/fGKc37c0nRlhQl//JWEE9poCntBhKnSlPJsMnW3oU1Ow4EuRy3Ipn9iIm6H8EUXxvrMlSdCghFWnrZ3Gba4fZXnL+x1wu9q1DgfrcqUTACLHaCRFDZjw367yjTgHszjszmOySU+kfc4xonxR1K3QDchO6DlKf+jTlpbjl6SvIgZImCo5oO2chhmJ7yRhkiQPXaFtrq6Zn6yUdOfXqE/77WPiFfv+46qOm8NWs6kZC3JwhiceO7VyckNrvtiUudFNlakMrtDzFjYLErMNPbx/mfJZyZMsNSG/6IBgURAVYdatdGU46vqv4ihrWZuXQaIP4OaKpjk8OEQW3Bpm21J/aLIoLxuAtUApK1GEnVB/hhneibR5oYTWp0qi0IXfVIZaC5Jl/0/s0jz5cR5xp2qadFQRqABXOAF98Gqwe9GiwMrIfEqWy05aXqndWE18lllGBengOT0XINUJ2YwTQhA337nBk5Lw94iR9OCcKwAbQRr+8diUwyEeuOxcwvvdCXCul+4mjKRo1mit7ZRftLujKeq6aa1V4wIWrLO1/3Msv2pL4LjI3bNKeJ2w3ELfoQQULdzK+dzKgokqEJGBvNkLxFKvS9APE5dKqnbayE9gjHnmPWdaKTcIem1HoeCm4orETjOP0cI7v9KsTxpHgBn55O/CrYV1zs/6LXWbRm80FbSQLnS9lEnSeZkNcDKIDX+ZWNC0v7CA2AFpEKJZpIICNg4Y05TP+NmIJM+8FBQg5ka84qsHVDraB1eUquL/5iVVfx6MarvHcpJsgztqC2N0+U8/OocRJHqSc7zeBXa52wf7UZypthBLcOPD1u3puBLDIUSFeMEtZlU3fGAflLp3jrWkaulcnyF3hSs9LQyul49Mvz+HRH+nywH5YCh0Gs4c36UKep+2qABTa6rY1yyMmgoRozdUPhI97OwM3aBQKLdx/9MvrvQM/s3UoxhSI7uZ3ZinBy1ChLm8Lgu6BwT/UaJPISN59AGgTKAoOG9+flZA5ahMBg8uIej44HdZHD2JJT8mtGzTGrLYiOafBmXyOWflC0xcRLnefyng753bEXjGJP2bPQAnme9kVcubxsyLEg+b1h4d9iqZsevnoyWFRSiYeT9bufWMSx/x7mpNP040pgOFC4hueTFNykprNvpsnY4Pm4oUyJSp7UzQobF98ndhkrE7rIV378QOyCKUK1l42tXP3jyF5f9X7iDIg4y3LBowIBYGC+nQmUonJAjAIlw6tbMWKgdKbJRTTDxQit0mdnmc0nxqVb6lynYVL2hp8ep3RXC1GXFEbp9H7A6HHZGgSgEQmoZqUtv48rmqT1ljiXJW4/pGIRzKWzm4g3rNMAjVShe8+gNMs1baorFW8bDVkvu/dp71X1PdM7FU5xg6NM2eHFBzhub9jLOUiMfbJZKbQaXgp4WpbT87XpjPxwzOjzGpB4+l9+JHU3coDCk2M5gbELJLEA9PMF6nISOtxUQ7r+IEghwEVhJH7xTobTGFSSrTlTRpJC4Fcqb7CRr6SR0yUCQRdqqqrK0ZqukeRRpuw75PjDEycOx+hX9D8FUSM3BMr2ht5Av52s4/zOHzt7cC4k+6LbQ2JuEoulQZXD2kzKcP1KYujYJAgY77UU82wCqC13Yd04/bTQJrE/DnB3c7veSowffKxb8kE2delT9Go/DSrPzXSY0G9yKL7MlRZUxmgTaV53TUlrLrdf+WqqiFBfJPy8Wg5wWrgyanu8042cyseaerrBiNNPwsoEa/eOoMF0QYFRTmE04PDUOYQzSqhIf2H9mvWuuGK/vz6AoULizxKlMyNvg0AhVa703FHaPkmY77Sg41T09QkKV+h94c2aw4wwmw9zUy8vcZ+rt7tL5atP8owcuD2G3n52gHp2Lzkho79KgjGssK8W/NhmOGLm7fCwBdkjUONWTIdt+GqTbngU9/GPfGdDgJOuRfBkPMfKqV9vsHG6/C1EKuDf0t7pZB8xMjMvW2KI60AjQFJTsqsXu2z4mY23qlI4v4vqgt+M2O8tghYxoi2vNzEl2R2zRB8Xo02s/empXyxBA43pk1pnCKHFZm7l/3YC8tFX0lLpJ5xpjX/9828GGdkDeH4vcjeUbbtHQBEGb4dyYTP9Gmp/lryd9IfFCa2crnxI0t9htjV9JiD2yiR3/i3QJjtJz1qqrYDf16G3EK7l4ouNG2hsQo+Df6t/dcxZsPYM1si/h2XsyjFNdK3/Z9zdGAbTTLTF3J7GZiaSgHW+kdA3/0xd7YkGPklWUPIhO3rpDgjI50O8Y63vTEyyqNslG6GSPxOII9mAIaFdOBGuHUQ+4e1k1QYieio6PPDNPomVoC7L+lMBcSfS1avzRLvc8LeMaoWiSL4aZvXstZkpEq/1XCUpGAEkulqhA1wlvh7uKe38MixHsliusLAIC4ERYh5m6enNemBeVvWRziUpWp0DWqeRhwoDCGe6ju7aUP4MJPNSlg08eVQxWF6veZaRDfL4kgT3aBWi3JkrI6R22rU2DjOl0HMH6YjOvBDFCloQfJghUMYH/ASd+tCv4D9FwuknloMno6sI414QmhPufGXK/73zH7l5/zPNfTwwnhoc+lilrSndibYvRfqXYy0ErAFso5zoV3Gtr5zEK8mw6oeIhoewFiXLvNUlvYu7urxbgrFeRme+adXG2tczpVqpYpMbRvQh+Xg4+2pagvih379slla1UZ0QJjLP/Azfo4eL2P68Rdoz9B3f8T0w5ThUlUjaOneLx+K8BwRhl4BrzuTjpc0EgUJ5umJ9uUAZx5WuZhWBLq/dJdYSWIwt39xJ9TCssuBm+Uih4rkpEdmDenHwr13OFLu18+EvJujSWzC8jmVXXB5CpVZPf801LyHfZxelnupvVNyIyS0ghIztJyOFVyANXczeBC7M+pdeTgZwsaba4rv41uKH/sNLGAAtpEkrLM06ZBvlFl3tQhM61XfQPEzlw//cm7O7W3Ye4tPGpk3Fur4muuiZp71NObpv4+l2mMCQpZwlyEFiYU/U7u4oDZGX4tTUYUQ/hIJuT0wlPUQtKvxsmh24Tkod98CNJtZSxyvJJ3tBlZ4ceNmzXmUGSOrXjxeZFkRWKZj4HT5vqdD47gbE7A99IJPZtXAj5KHBPiSaYRoLWccT7WDs844IVKVphf0+Zj9G88LU6/7N4QgR6BgoTU9BfVHs1xZyUHdTSvntvF5TeN2qqV4v/AkXKioIHmJ7oyCRvHlX11bSiRNDXFEZ9+NLTbVGhRZ5ah3T4t+chlVITJGqictJgZuBpOtR0YPSYtb1GxKpyCAHVMIxcHq9qEQ2ENstI/kmN0QUMnPL6isTAgGxANZzLskAmavbP4xGepxhm72MUsq0nobKpm1ZS7BgJUQtDMo9Z7FyurvZI45ghZAn8RO9/mBKcnJpRkMZP/VZnh4AeuHMlAovwYm4MVlRlc93xShCAZSQAJJtu0c8CK0pqtYTh1ZBWXAEODuZ8Qn5rpu4/Fwse/UDtZGizbZR3pRf4/UEhTG879JCkbEpI7yOdtKC+aBYuTk6mqzTBIoSSdMSn2Y3ApBO10F5iD3ciIQc+2hO+DFemahj3SVKDRG9ywY3JvmwmuN6ytfEk/vsZwFPfvIIIpiALVnoBsipZ1v+9co+WetV9Mt13OzfzaGG/q/J+iAargoAMoHdC53q+0Me0iuPcl2bowipP8jOXV3ZsUQmLpPnnmp6YwPoOEyu9kVGB75EqKbWX8n9V6/+Qru9SgrzOzj/i3ieFbIhhHnC73EYPzN4w9PptdFSmIF3AuqFASaYLqAFyYwob/U1e10BlBRqn7K3P/N4aAsZ5uhScMBcEwj2SM08zCvZh0X2ybU4PCD87XwEe97iP/2RfsXC3SpHXMgqC4Ap6PmBVIRAe0yXhgpA50HGGctYeVE+Vw7iRSDlkYvK+LAPEkXsN7gorBEtI02v1gqLxcDViEWvRDUASpaErtkSQU0BnUurojFr/j8zJua4ZuNyDwlyWO5BnuEKkdp50XUTG3RHFtZvlYlFzNQyuiU1ZEoZKXn59vcc5YtQ89AL3B6NI+aXbaJeqYbfXQRkqTPM7WBL3t3vUI3j+hRcLcfq7de2S1XvoDXeCspIH0B8dxLmIpiZsi55Z6n/QA4OMc9OABAwpr0qb46tQv8g3NpS/P9f5wLVC3ZBRJVPg6QwidMqghWwX2ySyxAIg99I9cYySiqz3n3jnfo81I2j5VNru51YRc4D4/toCHizaLsoB3FfCFYYzZGg5JRiC4MfqWf8FhaUPi3VAoNfSAudqS4ZemCxamAoxHKs/EVD4PlPCnugucOq93Fm85ZaKH/TFkhVmln+ICEtxfs6pzkCRO2/b4ztnrge1VhWQV/Thw8dPuSYXaevaLeoz0PZYvXF+LDEcjEo4PD9IeSR1hpOixR2syFQvFFYo2a80X/sBxJ4b7QcLXbRBllw5e6Doml5p//UhEapOw1Jif/wCYVGIVnDXMvfDvjWrpVTN6Ipux7eJMArOiTxLZ/O09MFukdbzLlRyA0dik1Rq8p+8pBZXzzVy1mSvajaX6khBXRwkRnoQ5I1+6M5lZ+ZZKjt9ZlZPHwyZuDIusEVERRqYYV3Zzzq30eJ7dlRfFf1ag66UFVdpL9edc2qJ9xXyaRQpBkba4Se03wrf6hqMc9eCmlc3cFxwJwRAQbA2JupxN+rj2NIyvHOpMejT7XoSuibRQWHWlWRTqGYforZb54MtdUtqDAmwUqBU+eAMTuyW69DmBISUm4x7CIj761yRAD6zF3qdQcfDOM7NlyhNw2PduYC0ZCsRMShYRmazJNZDIlNAm+2NLP4gKC6NPxMoYeJ1BZULovdljozdqEodJEEScZilKVT5QXxOGyLhl9a4Bgma5ISydCBTgcAu05zyYU3zSJBaZtzAAHFhZe7oUROSMsBtOcRTqH1PlifwDmdHK/09JpKxSA2WuF67F0e6cJknsF79mk61lMnEi6xBLBEQA3x1+qwkTt1sqvUwnAJgK89tQS7YLS9HH0mzugZ+/aLQpyBn/HSnIffJBAF2SEh87YbAgI8SYDUweJK4auddE48YgJ5pyzoYJQwsKGDFHuaqcue2gGT9hqQc4iClV4pwal2O7d/t1pNjEmBGzU1MunRoogzKYlEgnIwdplNpOXfvOiyrEoMX9jZMAO/+oPhBnYQApBzgLcM484OooQZOamaBDQWwscjNaB+UM3qfrNJXW/xSM4PcQtmabBtBqlQV4HiJI93OHiqO/RsWDQJMg6mpHYTFjtavjcGTkH+7izUdkRdgMItefuzaaGMiQLTziyjBR9PCgsaMG5wrY1wYkbZCkKw8GLjfmBcJfSb2uD1SpQTUef7JsTR9I7oDdA2thiCsroFwigG7MwZkCJuqdo74EGrA6hRYXmks2t8DOmFoTzbND0Cs/Vob0nx4uCJU0e8OxiMd7LA1U7HRIJ2kLS/TFidKaPXn5mdfFdN/0mZ2xXDEGyh0FZKaCt+AMZ3NSumbYC1kuyv+Y3dVGcQ5G3h11FU99Rjh/PijN5Z6oydbSt3MdHIYOdLjuTt4p+6k9me39ZE7OgfAo+VtKqhdiq9RyNzvB5BPm/LKYns14b9iGT5NPTuVABKSu+Uwe5x0LDxXDOX3V5xkFoyjZo8Yq2J91mTj25qm5900K2aG3rjpU0I1mnLefcUjwjyqbRkOoMUCdtw+y+DJqpZdC1L+P+rRoc+dap3/o0zy01TQVQ43F7GpgMIvzD4n254PFcKpi6TaCXMVpZ5Rwd5GHnyQkbnEvEVqmrgv0dqcP1I7TXLSCxX5MZ6Nnta129EWnNgXln4f9ZxYlwfXXniZi3Q3zuj/SlogxR9nwuXyDkcLu2pk0ByxgNwj3Kqnu8G8SSByb/ydhfyMAozryFqnyWMWrw2Ui7y81x/qGOS/bWq6X0wCKoNmf1jy5BhedMHYuQ1ajMf+bLDWbQ2c1oa7+gF7y8vO3gapGJ8ofBzY3Oc3UF0meNcoWqI3Hsv4TGIUGuzb+3pLIBdU6M8J+M90sf0CvjKKSYdH8YCB2EPmDa4ABcfXMBNfQ1SVzMFbfaNAHVSbZLtqIkkfiZ8+OeGyI6bjtk5LqXOqsdKET9aRYWY9AL6cq6gfw/GCy4CQHlCs3mJf0XC8+5HdYMZYDREptb60E4D4l5I/Ci1u1MkGs0Gou0EnUFUp/SQbt1dx25TopAWi6EXEyI9Zf+i1lSOb6KuCeIo/JC8dUQcRd+RlCRWT5kwhwcgnaJtSfhZhfiHiUlBOe66t9BotGRZrdnPLQ8U1VPp3TsDafYLwFd99T6bg/PEIKGP1BxkR+USQHe4Yj9TLsYt3G4JYSsO1sRq7xQkacH61yqfh7fhpg7rZglgNK3Fyg/rGFcCmn8ksjWegIhpy3b+xKkbwzLUiU7HZMXHBhC5bWEJrTKuyCLAeeSa4PGmHSzenVEpsTYz7H9iAYRPYpEQGzETlVff69OxroHJDCtgId3l4nguUpyaWxzeXjiQshKvu+5flMySAjcDPRbd1OU8zvpc5flvNH4p0zvM6xpNSUBm4FQwpErxLLXYP6w7rgcbgziXu9CHns4WkM05qa/0EdDQgXHERR/M8ki3mB6E6VFNF3vtwBk9sQolUrejSNJ6NKhLWHLW9/SebSwJ5BxicupJtZ8j/Aah385i+6WSgmHZEYYAeY96T5NRSFlf4t+AZPk18zfw+iNwx+cFKCCCSkhQupBb6J1m6Y7xKzTAqmHziCoV19y02sidhXEBvd7ZwBikeimeniLMXVUkw/nvvBrYlbHE42Foj8CEt6mUiNExQElPwYBCMt7CpYA8ctMGgUvaGHLCZEw+AIzJSNAUKKb4z0Vg4ccNREvH45yVDgCCvGvccrNRmJ7eWMWti5F/IXQiMBB7/Tm+Pwz4wcBLxDM1wCx8WI3eyA/SibuZVWwjh331UGNkpvxFiJf5dHbaeowOoApMJuY2YfE/UoENOiJ9CYKuBGrf640wYqO6pi8VUaqPwbktDXll+fS2rNjSo6jYEJQaV7aO34CsZyZyYKY9Nrr22vTXPrnUSBfAIrX9wPxk+oRWYdKAeIjCK1kEGGGFajsly7HymUrXmHkz6mhu2vNknv3H8uigO5MU9103cBE8F5uNFWdn4gn0P56fH7anVOZx8sZJYgeciiAeAxkAKK/ocl+QWOToyNviT183NGnpea6Q0B+TYQlXX/Ms2b5Am7HUC4Zl1HxolBBm3EnFt7Wy0EJV3297Wgq6FWYmhNjej3PVt2cXkYbV780Zh/T3fLe8ekGayLGiBwDis5lnRjIKEpW4y7FUxh4GstIPth5ZR4GA/Lmtn63b6mOLATIUmaXnL0ZLQq/BWetyWJgrhAn0EgkAbuaRiUXJ8M3rglo+wrCgG1xEysfi0YVLEJpy0CklGzun6BHHBn9NmeIht/QfOFJjfkSnXhLRCA3PkWc7MM4JSFcxpetNEZxoJ8r3YKGKpLYhQO0wussKbQtDH5jlDaFp/ponyEQYyi3wVScLbttPD20zgx3wLHLaRebw2nEjs9450Qud9W9E1Qf9Kvs+FtRLLM/Brbxxj4Pt0EDa8rXXk5T+KFCnoWLSs5EwkpXMQTQNsqq5E9A0KeVgCAsf+IGr3WC/zBZIRLkONjylkmBMl3Ou7Mxh+sh/UFmnXnFIOUjtd4dEdX3x9LbbmzziIGxKotvxEkFnG3CM+NVtBEKJ9I8VQzblOiPqsA9J85HO5BmqWehhIeakwOxL9dBX9O3M57vQNN/V9Mj/NdV0VWydj1/sXbkwgOJR1eDP1GV7+36WazywatXoyxr9DKdYyTpTE1B1eH5mFIntYEPL6CrhubW8lWjkGXWawFlT7HtjX4PKNgj4mnZw+1KsWh7CBx0PxGUKZOnHFSR8or/HMFnla7Tok8D60wT7sB5FzjiWb6wYAkTXT9I2oaUkvG/nVXfBncM6SPUHAZj7TTkBlcK8VPRwlHtKOncLGjh6cGXR1Busog9eynrTr33x9gWNsccGkuEhF/Xhj33WJ4hLLbwQDGLNf83a/sAlfiBen07B9BM6uqevGejmJy7hcRs245nclrv9D0M6ZB3xvUiSDe72JU3m0+CHzj24DxfcA98s3XUtwoxmMI/qQ6uX7S499ecMpGjRsuSzp/FUoPZq/WdR1AfwHEqVWv6CG4bwocO9ui+ZRFS+obZKrXaAAcaw8xd+eNdrcEYW8Nh7NqSjwAFWCz/+e8eC8IH7jN77313W//qt5FwAdWu3BByKKoSwDCFds8Wnr/VC7ZDxnS2fmcsy8ryKOeH1qUq7R/uXYgIPiKQRTDzUK4TsVWDf0SpRrc3fMs+LGDlT6hU8pOc4AizHt0fFyKPPQOSjbSsumIZm9ZalUpvwnOoc7YHKmRXFdqNBDK026w++zlR0xKjLCp1VXBuqYVaNr1x8OEJMoPCLlJdtboU36ADg8L2hlPTgOhzLfgFQ0UIlsI+7D/FEnSyPdQlmp7Qgkky58eKpFRi1sTx0mgD4jaJIFAJ6Kr4dWsHUMtzgx8gKsiWg7tnobiZflxyFxm6d86NMj2kc56HP8pFkCC/aOUIwAivCRfLxZLXVDtDeTrUNDiMTz+wnikOcp0AlCvLLZxS3UvzjObPLHTW/lm9Ok+H9S/mKHJ+WWfFqtvpr1yEbGCmcCbhDJ7SZeltFLunXnNo/KR+WRoXk8JlCjJ3ylesxSzoh5hqfcIt6A3njRzElL/i834PwUWhCWcU6vwH5i3HojfufRXFI7pvDhyE/gkmwZDZe/HufMPZjR6Fu7nJMIr2XLWz37eIAIr6+p0FC3olOVYfQjiP6QwYrYs9DScW2TFI6JwfmCmP+0k/ARLKSiCO0b7ewv8tPNDNqVupollFv+szV8pOzAGayWQCMoug7eTCXEUvzI0god0IDcY5m3MjtGO1GXC2kCEuJ5WuYaCxXxm7oSaxqkyGDbbBpq9LFdgHaQA20BPp8Y2sQRZfzGTU1V1f8D1HOr+DJv+RnjRBw3UF6sUix0I0IDTIlboPTZFCIo578dVLs9plCN32QkttL8wW3vDDZ8ZRzJJoUVW0HyUx7jg2u8trFxRxzQDZ9PvDNIX3LHJfpaUJUlr5FTMsD89+FqzSHGCQiyTQ4qsrVgqNdFkNeZlHE3Avy7QMh/HPTh/YV0EHI72yrGpkr4DHep0hukC/kqhGRRCk2e5cTw2t2fN5c8rnD9QfiFwjYzvkX7R9GbA0IoJxrHRhFc50SVB2zJwoVU4NH+U0uORHsKm6t9En/kshJAGwYvX70w00H104OZaTyhOVT4ZdDoHrTr8nl6pwVGHQG7p4BRYXYthRX5tpi1jd62t8tjkQIF/PTLa/nBcbYhn30hOcEdeAQjm9XCVvVWC/mo7GIZ2uuLgjRJfmRoxtRT/hW0buKPRmui/i9FhQWxMECgAAADCwQTwTegUABeSGfxgcQIc4sAqxSruANAtfHBM4XNqqVeTWh9ccaWg5HIfVflce/HYmNaDBF0XFLM3xlsSfYwatWtyyd85Mi2puCQQ3pgcoYCR6tvDPyidIo/UnjyDo823N7YiDFC/HJ1y1jYGt+qj4PwiFm+k4v0YOpAL8DDg5zUwBkfqYj6cchy4+R9oMi9kzGDURcsgS7/kskK5h2UbaPNe2OXQVurWVwV8crfRf0NW+Aki6QLUOYHY0h72SHCTGElA8oNKpVt9t3uqXxqca3ac0caTArVtEMrmgRS+o1hb0NgsH8LlgXRGlki04mfFH1ARI3rlMSHvv1Tkm0fYtJgEQulKNUsvMi2D1G+Pyny6LUussVv8On4DPGp26Wnkby2l1G9cLli4uoyq0eyDAFjwT7yH+SoHrDEynwBW/7zWvuCQtElci97LgRJOMGW2Bxa/wx0ZQhDhl0sHy0szfvQClfqxDOBIIZzNA7y48seN27OXyEweqPxDXGPQWFSHsBFk5cZTc3EhLmcX5xNiW8ql6S5WvonBZH1nNxe/9bGtaYu9f+RDOMjHffkW+ogBOuUoRufdwQSowaFx+cC3jL97L59N1p7k1D6EmOIchHfm8AxUu73gQsv1erJAznFozjzk1m+JBzmY2+crTuA8MApDb8j2tNMGlelk9UUJGC556EeA77FxP58sV5ti5p4dFlAN6ppal+vui6bLwHdSUXPOHUT485YKrHJrsDiCipf8raMy4b8TEh4Z9pn8zLH5e1X6VAOz0BAo2nvFJCEuvkaTzo5fDNcOtfEoE18HlAnxnPtf/TCdgtyqERflwyGJUHEJtjw5xFcABsbyfn7qVT+Z8UonetuhddRO0NIzsmOkUZWFQYNBHePN9rXqvpqmtkoSnWStVYNWzbsodG3tvLnqlOSqtVsV5Cj4OMk0JGyRlmNWuJQyCmXdYAAuPFDv2V82wS4MN2/eexJuqGiasfKEZDO6rGpLqKoJKgZtOoG8k1SqkZUyfjyloqcn9/LNH4WTaI6kJNoUSBiDn28yoD0Am/AQAzzM8Np3Wg/SOb/gRFCp68RUoVDeztkR5Nsf93BxLTPu0vPTsToXcHl6kRYsYJBJgA1UOxj/pKkuKHc8QQ14Lb8W/4Co8lojGAGQ8AAAEXohIFgfJ4pgAKYTsQMjQOg/TJhhFhOPWVs60+Mrzie9OYDoqNR+Cn1wR9p+vNVEoXTCgL5IawKYhIBPnO9j9Fb97W3IhPlvgQc6H04OsvY8g+133H6lXeicGSMbhOp/Xs/Y+oGegX8xKrXyIv9WxtogrNPy0GQRng7gJfHnG3zTR23nKYYWZUnA48rGSmiBWeBENV2CfW6xiOEPNlXkybGqqyAmjA+1R6dRiSPdR+U9M16L6wJtvafFJZJRFWd3HFu7s/kYCu60u4jPVF8D2+rCaLjdASoLEgHiFIpD6MezTRWxkK43pGLiCkVng7XQSOk4V0S0+ybkOZTua7jdbQgZspR9lvF2I9R3aUePTLfnLRp/XXFRjGOlNvkrk/U9180PJiVW+FuJLOt9azx7SBe89RFfucH1IUDNsjQfKTGCiuzSbHQ9bugchEHRmz2JErnCNAyfriS5H/M+73JSpgqwO5sC3LI6/2RYDwuKkpssmmxQa4o3V86LGTn+IQynxqcDytZCz+5n0ipd1QwsaDOiaPwS3SjAD5WVk9qrtk8ruHjX/t2xFBW7iNGojmvydwOco7RqCrAJpswR6pIqQ1N1oU9UJGK9YIWDfRNeEUIBJC4bmj7ZB2S2m2NTBB8wOfLI7VTNN4Q5EpEeualtU3tE40lz1lV/VEE9lcQUgML0PktPRwoHdfst1RvljZrT7h+AYM1HIJOn7p4S8JUdmEVOeidhRmD6bQdAGfKfGd5resuVip3+Ajy8VZ1ipNfG9GE4yjS3d4tc7JYSas7Dfc7aJfm8+MlmYkzmEO7v2RdvoUGnljPRvuuFVl4i/jp74tHSEqvCAphhy/wfhFQtgQQaE+At+BiQrQD3+Nj6GggbT0l2+Ymnfj+zYPyPjKX/L41qPy5Gs4UrVlgUjSzQMDr6shzAxJwz1gLl6vGOLF233Ge6IFqx046GKfYJYgAMsOj1HQArgzFFmU9OB8jqiigAAANBuX1j6gOQbPvYcrZ3RQJuLiR0Iii1jD1grhlXTTt3GftoHxFHsTEMLNlST/aSNkGkMyToJb4eZcIe0XiWP8ULuRQshdYi0zccDV4ZDzWIJODfgBoRGA58hJn6ig7Ecrm4ru4Todd8yu9LzzUjffSlX4iDSiu5S9Cf9TrO6GFqYKgHHPeTvz+tqiqG8ntE/OAExB7gw9USoOHFOT3reX/x85zYSgYIdUlO349ICtm87bENwF+cdMtoNTKoui7RUXUKMM+rG3H9Qim3E3LPe1XQRzYw1a5BOBoVWJCIcQ50vJTCbXoN+tCGfcQ2EgzdtnkBW65btuz+83J6mVhtDY9R5WcO7seHljxWjowpog7Z0MgHKG3jsQXAxkpgzPX4/PkizqvlRIrxQz2w8x9wWC9lgmpGxayBGP8nFG++5GOvsx3aWVBgwmhKDhHwgGU59ZXAn/vzCvj8IQA7GTGCyWCwwJo0wExkSSQfpxMl1P+RqVwDdKLvTaXGBHQdDWbz4Dn6EKudk5iNlmqz62PAO8KT+Vde9jT9o+2YL27b+Gtza/8spSrixl4EU54LjM3KCLSp/zlLwiiKCd//uKnoX40U1umoHs54u95pyA0ochOsElF9NLSkZV6NKaRAk6TduWpUQ+jp2znbNyQ4VZdXceerE7y9E/Po7ySEo4lPHyBQd95kH37HOi7shaUalaNi2NZxsEye3Dev/HU/1y2J/x58r7UhqgGuVEG8YwWjz2aEHMWV61meiMksLkJDTp75d8PGP0jDxxTCJJDYclkeoNwh6XoV+W++e+FmVwVeBy5SDVl/hn7q9OK6cAjNPFFD8UNabAYWLTdgjDtG7DO4wfcMpOe+IIQORm9jbrNhgFUTVLHn8TuWwnAJyOxilL3RkWtzWH8/xgClh+FbWooO5AAKiYAAAADgyBctAAOXK5AFagHfI6aRAvORpP79b0Ey8KW945WkczSmKThudNGbMwdppOxZHD+vaY/86gYt6CSonorb72eRjUUzGDcom3wlHkyyWZxVBpSH2f+ZxlRR9h52D1iPnYwchP2O4bE49nJFt1ZWf7x30SSRwGcQ6txurSuvSvPCuK1cO2IYpW7BaQePGOM9AuB45Hext+AV8esyv6JPSovn0OI5qvCz7hJ6JwKrf1n2VGPqT0hYOLjKrQAOf65YLagVK5yNrN71jmzqRAEH7BxIjHq3TzVQk8+vOlm1jUSAtHhJiIKbnSkxe+7hg7LE3ztDEUPEcXIDEKEnD07jKu2cBmbOcyH6BiwFUG1lWh1AQCu28Ph7O4X9BHI9yAPM1DfjymWZ/2Px6IdHDT3d6XKj0iYZCON9W3brfVT86SDF0o8FoAzoHbTVk9HzG4P/0GYTOAikaun234l1bde+xOhw5EeU0/GCpdjp343tqBUHp2lsVEZxM0hlgmaXnaTg6DMSYEHUXaZEC2DUNXV0n2f2KlNVMseyqDjJ61RFyEIm6EkQ3SzLtWExyilVuBkiJTeDkdQpa4VO9U90QBc0gt2IuAWBqR1g8ceTDj5wZZ6fhr3yJ3jP35ONffAMq0jrFWhnNUqvf3gOjSRl7milY/nVk/u+j72YUw2D7m/3bGygXcgXJTbRjq8gpRsllirTeGUtIgEDtCu1N84Q2hy442wmwrAaUq1TCfVSaJTa2OG0t5JVjPYPov+HIUZuxcnE8eO41dHyxP9epcihvsnQY9UM69JKdDgJYIcIl3fvTu5fppDutCD8v64LmjUHLT2bHzm18qHDVbRNgoy9fHRj+uRfjOf13vchDv/DNfzHVKCfWVMKPsHzYEwJvwjeHmHzudpj7wZ1NM6WeuWOwUDguhuBGrhq8yOjZ+YKCa+hXgqM43P4B5/0x/Sl/A98KP+APmAACTYAAAAn6jGpjovzl9GL6s8Re3cyzXmi8m0K24uK5OwrMeQw67YeYSbTAhe692YHXQvCEQXg7J1lZY9agLYOyJz6/qO0ZuUAi3kFBjTlyPm+ppBgdVMzs7PUxn/qL6W9e0LT04Cra/tjsMsK/XQ20F/yNieSuDAkrTwUoMrUlwu0igjUl4zaJBanXS28CmOyiGWoIznwKDmTAHtzqEvlE8SzyVDfvi+Uw7YKjLDub/SvjOoBuBPF35nQjHlGZmIsmz7xm7V7FYAtE846zxzyh1bQR2Lx/oYR5nJojn8akd472vZQ4FkdDax45c/fUKBUBynmH2FIIOvb7J/TgY/si8qDPKQsU3BeEBMzpP4LUihSKWsylRmTk/YjxvqducJYR8eSbC5sK9BJMEpxodeHZTd/qL3a2A4PDiDhRXk3kowxbtsGSzikKI6QYJL3gIhqLoPHP6/Z7ENSQxl+2w6Ms6tDTjCN8BGwysNO+AGkJogUx5jpCkS5voqwS0cukQKwPHr34VIGbT0YBEQJ0PDMOmVw5gf40b7kOcPISqyr8R8JaSCxsj3xr+55NYF2fX7NZOxHUh3XXwHZUol2VxADsIgiEFwnACwPRHbt4zP/Xcs0DmCDrW5UAbky/9HRX2hCmKwpadBPY+9sAGt06oD/zBNIXTupNK+3enCqgSGpTqpbTMZJPQRuRL0xCGyrQrqkOE+5BUUhgmDanP+2gPHcvnCE7NjRKyaLJ6N6/OUyfjZVlWjVYHqbiho/ry4SF29LITp9lPRK6z+vpISRhdiMf50WVAOrpjsMrXH2EEF3Kpz/KagVBITzSoZQq2ERqPQKnAcioGJYzdWQnAFn+S+iZM3Sw+1p0aZm8+HM/yioI4FcymyAKVBqMQTfgoPQAAAV+FOpIQgBu+FydaRQAAACY4MeJLm8AlTcJvSTSzkJ+MFarkExxwn/09xDrRcoMQ/uFAcCAeULPfDwONbHqoG6lSSwmj8lxDUp5kL5F7VZj/mgITYtOhjKVlJLVvIJJAGpEv8+xfO+P2Z0IGJxxRvJt74m0tQo7uJJSRjmCyDK3CFNGHDco0pDK7lw8dlkMtRAbhpLLlrveDkF8sbQ0PKaA3hiXSP0J7bl3zyWcM5t69Scm/4PwoI0L7MZUviTh7g3JqcDh3fYIEULxxhKfkS3KMWSIeR4uZtSG3Z3pZ1UueyVvR7IV5JR17WQTa9a/Mh7jillmLTQQqeglpixWSv7HKU2EQSAykCUH40jVo7RQShKAzn2UUMAweb1Y0jFD+qJsgQ4j3C7OHyG+V5utd5KqBIHJgah8GbhBG1sH+R9dNS/noMP0EJyErK3DfwyNmHiOiHSl6OB9snoBmZjHlYaH4KJn/qYfFm8D3P9fLe0+DpIuDp7/dgHb5ejJN7xw/i+7mI7zNt1tCeKGJCs0pMLkYcKKggfZULTRdHEwkoIzpG7Gez5LLhwoQT3EzPhYLMKmmS6UpDdR5N9tCVuMNSKbMKS8x+hv3ih456iGykuLQLqOhJGVwqqci2v3nWGck+x5+m1wMtlw+6y240btKg713+CVTFczVub6mludR7M40OkiIXFLic24uvnOYQQ1nwXWuBQJCryayxzrYq5sQhElQZWKAuZuuXtRrKHM0viyjHSxyYzIDGH7xoMKqUwb4KRg8rUozmg6B0Tq+XnLkHK2agM/upH0xHbb130ORM1iTypIn/NbWuBtkBC3tNdDYUFkltlbpWLIhRFyS5FzNuPKGRg1R//6c9ppP8Mik94WDWjbwJHcWiaHwHLb/CJQX7tnGLb6IMG10xqGlmrWyqQQC3TdfkygDbawArEX2vvAAHRgJd4IBAAF2MioABOMAG1kmw3XbvOO1D9PQ8D9va8ZFUIbaFAlBZEKzAYeWsCykSnqQ8xvQDBeNllva/wXWn1XyUV6+xjvMi+6AJoYFCB6sXNY/CGSAmKWr6Ie79ForkXqo1uGuZy3RC4EhDntcM+CSyvCAFcZzBMr8ot6xUmTNGBiaZkuWLVeMePd7qxWt8sQ5murA4B4RIFwp0dH3ZCQ6cwjz7PvzoJx/Na00zihZSI48ydhETD1SOs8yQymZ/ZTIO7KYP5MYZswY37QsaDj1qN9mZ0iLSlXQq7sC0GbvOc0PL3YNiAPWKFU9WqEfyQDuKuPtnz6VNSdv1ToD9z+WYch0XtqVIaU/5Kyx1cJNdFmZY0TATL47nFtlcYlwLMBoNIVqp+Lfv5etGJaQ7bnHz9wcleelcPGpPPl8vaORWO/vCMsODUET0RJ/fPnmu1mJM1wEqX4cRvJ4KcBR7TNxFXnr03hIOiqXOIYkIf9QEOBeWSnut8U3b+bxXzdktJwlFBs2YSEGwzudorTeWScHuqInM+mlXwrjDGJWUbnuyKWGHkBtWzjUSzII6fi6FcVbT5Tej9Bn2dHAzkuwe/sYTqE/5RSjvu1t1t9pMCPkghKnUj8ROIPzFquSGJ0fcgQxazFdRNMkRDMIddB6blmI6AMuiBBrV39N6ALsWBqocX0FXVasH+Yy+Fr1kZthMhCNPOIodYy2W5eff1fyay1LCDe2oMRwnMRClFiNWzKbBOkI4dmJk6mKxOSLUWCG/4xEGHaLTL1SzBI5/Zu9Is5hJ6LSRlPmFiHqDSlQ7/Xp+jjtuB6v9G6CSVL4UZ7lL0uGCnLTVee99PTy0PK++vgQAAh6Dmw5rStjt+Ag3CpHpRPtDqhW7wAAAACxFOGWEAyE0oeEXPwC36qO8LrqiXqMx4ten82uO5dA1S2P65FyEspjX+ZZrnvVSmdlObYuMXN9hFbrWCHI0hwv11soEFshTGG/n84FYSE5wgTUsTgiF4x5c8cFV17OJVoCowR2NfdtEnf2TAm5g3BFU233kcA7H1jjoIHnI/kls1PrETq973QwTSUBWFRggxQKyP0WrEPiHq8KKqFWyB+BtGaTCnYM5XhuxC1CTI+NfcutM050wkNVK+13hCmUw3UXKUGwJjfoEXhKhZTnhBBrVoPZo0VV3TlGGJTGJJ5NJmOaVug2AzM4r2pcWl85W9aEEj/5ueykMFo5l0EUDrTMrYGUXUgkgq6gdYjgzchFICcIavmai+trrSemcHADu+FvDoMLqqaLOXD4k8eCmNlFkAO3HFgSPAi5hzTeqAC8pbkAZ+p+egbtymA/I0UTMO4TnSzWWYdMoXjRmn3mhTWDxDgjF3S02ej1ZsUpFXpcN8+ua057l4/XFsk38h1MzWsG1ONBgXep8Fkp0bPc63aNtMNE543Z6tqtQFl0LE26c9YAV515xl2QnDBO0yK6GBtjwra0fliDjdTCh2y4GazKyKI6m393z29wblBOACMdpwBU2ZjGpuLXcPVyxAWoJyUE6+bA9ej5KHfw4NckL0Pt+GbZtReAp9eR1noNJNPHJDn5vcBoUGvWlWDgvehfl5vcG3ookrnnVxlbwPSUVRy5V4ENOrMQI6Cf3+EcO5gJitgwOtDAAAM1wkZ3eBfxsASL74ABjWSC8AAPX+OSDHD4+UbkkXXTCjYFWYhDn2YjGZnQyYJDAu75eLi/dsdJugILo71EoMYgRvCHmMH6SIHpKGAQfD+fL9+HG7MiiTSyjIA1rl2XPsZKOb30CbY+VqWPM6EeLWiw4V3BGi1JYCzF0xivLrMsjazmwogAg94EhVE+0pc4GeIV4Ogjs3p7DEYlTHMQXvg/RpCmfAzpmxyOQc2AbzZ1s2P6BvvPa+4QrEddPSStaHAfEx9E3FhUB0Wx3IRqEglc2ktd0VGich2C+LApbvinOLDVGFK5apezS/iu2cdFThv5UDLqJddlETKdw9ygi/UrQ7eTw3g3MvNUiVjs66xamb5tHSIJC6a3iGhuHAVZJ59Jf03XXk7wE1huDk9xH1ICRliJ6B7duTq0+wI8yvgaEfV6vNzA+OQ4HGgw1CWmH4is/yUwshoMUM0lV1H8sxs20srQwYws1pROMxgcsOqJkVOyCHlddodL/hso2GaN0vARBnPy3HiUELXHyI300h3R+V0kb5rD3A8ygxSRRBvAVpRhvB8NqauOIpgta3hH7njpZXJeroQwQ+Gk6XAQSGvtnBkwinHSUAEKL4I/blPs01Tpg+AwvuT8sSCztDvFJ5vPPNKuCdkAmBndbBIBr0uWkWIiS1SVRqd8tRPQLGVQ1VE+ADOnk/wQQoKU6wQ8UAAAAEBeSNod+cAAAAAB8BMoaoB0iwZPBHDpR9XivwvRN95FJ7GQriZinoy0KAjUZJsA8lq29mHzmVvxGUdwc077tQZ20dM3gdCblp5ShEJ8sQvGPYgk8NyiKcShXibmnOTVjk/yvJBsZD5jYRaIfdX7/0oawd6Hl0S3NGZfSgZSrrAKIAQuYJb7XXzWwQY89qkjNY58/iE5Ri8bhjOIIpeGy3OW/LJ3VzXvY2yXsfeflFvUDUe8Qf8U/EzciC8dRVhWb6er3cPhkSJa9+w7Mc5ebdC70UoPn2NWXsO2E63PJGkcNZ69yNqshOokMrn3oSpF6oKIOHiTKHtnNF4Ty6WjmlTTLwBKns6l5QuTeRZaEPIGx6BUqxlyEpWG7SW9dytTjDaJB07h93ccWElfIQbXkOY2RxTl3q5N818j0vRma5RTQNfydHGETwLyVdXY7JQtB/Nbx8bmeVVFdUXqpTtdpKSwIRmnczAFfWWDOxNfLlTPYS8Ft4LUi3XW3c43FHWzLgP/ZY1BNxvviOnc1Iuxbo6wc9v6nj8P+SJv/gyAjYRZA4jsfd4LBxGnQmOoRa6KAEtZqJ21mNlk21Frnjwz+93Gkie9oo2MzWQqd+qOOnhlOXwtcE1IkITOBrtD6VqodcQVO/68ijDbjJLFG2igABau/ePJACvIB8gHgAAbuLc8cZtWHvwG5Ay8cZhkAAAAIBAAn4E6H5TbFarfY9cGhyVvgGqm0g70qoawTkd/k4OQUGzJYTzFPwufscFAFSDDMRnqrKjNh3YYnW4JEgksrTGwdSru6JtqoVufgbqQKVeOBijJSRhiqxMXi2PZy+YxdvVWJHZlKnKZ0iH+GVf5zlNX1pM2op4iPeP8r04u/yWYXRgdUwLDEk8/X66yyRc2iULseWKDoo2D1bicIGxac5g4K7wuIUahGo5SiNmeo0PEG33ZaC/NMhIVBHtM5N17AOGy+6NhgxSa7G5okeuzLnc4PHRyEZ9aEiH0ZLoHlaXwpha9un1JjBtY+YnnKwLTkOtQDUNRD2MPpIhJeLM4dMSZmm0A9IgietgLKrRXE51HXv0xHdAVsMi1gqoc3amM5bE98cK+fLD3ZpC6HyRxNtWNzEPIA9OEz79L5/DnquQsHJtFQKm6EUKF+YvyJYv5+jSdeHpxx00q5NJ8EOgUkELKpDTX0JntTp6/mZaILY5t7UwIA88bt091rjrlRoWxdjPASVU/mBg60EkWcHkZ+ZxUf5PeT47WyT+zG6pMVtT85IjqJJC8MoYKS5UrgqIpflj3wl/+geAAx4bubG6YAAALUwd2AAAAAAAAGe4CVi9pJ7gD+ISrohA4I9qErJuJ0PILv8BI+CPaNKEERn8T0ohcScquSnDauyk17fdcw2DYn4gA/vLanKSxnYdSOjMfCScBkh1BzFn0lPCKHNIn5WDRV//D3pkY48IQfwLXBrLKwhzreMLW7WsR8PmhvyYdDzMWoFgu2Wq+0yizpbOV+Id6fi9t+SEVOuw1z1WkldnPFN21jQV/fQLDRqmt2/VlS7sj3D0tJCavTvh/ZdoeASZzQLcCdVmJ9Rp/dixB+4IHFMfwsl1c7HTVwNd/1EDSZn9XJeP/6T3RfGsuqu9cB/6f6J/L63TulBaVllLOAjIkvsRJLC/wyQPDYQWtRlPoYDMWFrlXc2NtRM9AMqP9NXicuhlQJEGb5p9kPzOmcjm/VH3C9gg4bvXK7NjmiaOFgwEPqasVVX0acpIy5X9Gx3EYCWmAFWkkIADRpgyHgAABmkC4gAABigAC+yFBSQUG5uSN6neBucwayWs11yncIf204e919/UzEqyDEpRsjkM/qUjDGIGqcFgF4+rWeZ3DO8P74E87qg+h4f5/bgHMyQ59ARa9NNfd97VPxMoybL66PPiaEv3hJBrYphWw3HWe0KGL6Wa3tBiDV+j9JjcNgnEYIEzL74pwCSEW4gSXJ+ocguDd9f32107FnFfIcUt9VUDiPbzCFAcugrNbd2lfuMUcQzkhpmpMK/G2atG6blfZNSdIGV7WfNOXWMYwCdhcphcVVAUY7D4gASXVGKzhgj+r8clH5Y9uziCrZ938neDUZfKCPLZTb5hdKbifP2vkZ+hmD9pBeM+nkErN0kALgVkb3F5PHEV6A6sbTT0DnuAhcpgApzKADbsAwEhwJVklBG+AOhZBMqAmhsAAAQZznMtGDDYu+yOBOF4pnctjDUMEUp+zVktTwYMmdHKarUjJbxEm+Md7XjDihDR6CVgM3ABNlXwjGu5ogxrEGHTTK/K80DJxe3uP7lncHqXazvUcUllGS+Hzj+Diwzip0rPXfDJ6HodQH5lbtCvvgyzxm2j4e3MwhUB4WiG1SSwyiApu3J2GSgDFD8hTbhCqLaijZETDg0aoe3fjkLJV2pDG75V5vwh2FrD5XsxBdOO7vG3cXZFHzffg8djjHE2rC91JxJO5R6EuuVvGZP9YVjUXKXfHgo6fX+40d/Swf5Q0qOH02kENcdgA/r7UR3uoG6Cj1Jn1umZNhKTUaKAriruydHrQAFydAAD2AlVAAAAAADx8AAADGb2sxIyU2EBbFilZJDgPsZSCfX/SOtwD8V3uPhTSqeswMrE+Oc2ZKNzzc6Ggke89jNiMG9gG9hAKR9Tp4yhGgVthDsR+Jk+1Nv+mi8oZvEjYF8KJTbC6R5XPicisBorELE0rLg/KCSH9EpLEyed2gZOQtrE5uOG6N6mOgOcR3FjvprpRypc+8TbullQwBsHq8V3YG0nYoSQWYQxj6CDp72wi2EkK0WJ1yFCnA0iq3/SK2JKdqI0aaeTypc/Vb839RHA2jz9znjcIuZSObzh4FYWnIRIbj7LME/ROkYbQRv5bXgN96bxbecBMl/iuvcN9kKP2oe8EUS56wBrb9YAACUggBl9JAAIQABpcSAABs6Ns9UYUAJN4AAAEyLQvEQJiiqfDHJOhp4kohVE9yxgzOamOJbtPOG2CaRRbgoQgAZfdhie8272bUDfo3KJCtaIghsR5NpfJVpJJxgSGvwlACFXugL4tl/PdZK2tY33Jg2S2QJ8mhtN89vkHfgVvToNZWC1xD7qr1foatiFY31QGCjsIANaDypFzOK9HxK4sup8uUvAgHpzF9mjZzBfDURUzh14Bl2dA6f0KUfqu8KSYIe1kpLbHywT9QUnd1EckqTw2v/SjQIPVZKpuur18IHnHeeF8UUcGvpNRYkh/SK8Nq0CbOTPrLVBR141oJUSBafetTXYBSB66kxy89Zdp8w0xxWHwMWf7nyiYCSQ6nYufeJJGZAt0f6yZoZhmGh9t6Jn7xqCjyaFRSXq/aFZY190zlHZjp8vSC6egYurqSdBeAC58IBmmSyAe8AAE0YAXnzpxseLoAAAc/AAS3igAAEhRP2r09eMYGHeGb9lqOIE0Hq8guVG2mZL1L9Pd8BjW2OjvUbEgHr8QeThgB58pMAsfmVVqLlxrl04aD09l+z5D30/COizfx78IZcb8YQU2mlY4y5/UsQBYw7oeXNmAbI2C2cQBlEsD/1nuUC810205esWkNZObKACQnQeKLl5mB3tWIXLpHBvWwMZEdG2A/ds98H/tjUwDYyHxzvB194Wz3Dcx3b1QWrTufXasndsQNshT+lAhvdy4M2QzdWux2qwMa8GtZ+iyDA5MaGONS3P2Ih4ftS0oSIIgNL/M43cXiENB9BUzhl6NKaoWPxsy5DzEbSwOOOw+k191/OdvMIOmas+cGCqObp9uDFp/ploGY6JIFvjeKwezWkLiR3w1wgoNPaYzKCuBX93e6hIUFGA/D/B3ba0lLmhZmO0v+x01/nLwnEzsaTeFBBd1CrpCFI/BdovJqgDI97sOAAAMQBuBAvaTSCdQc0QHRgAff8BLQ4g4AAAMxt8GUr7ym8y79ox7SR3PbqB6OQlNt3NdVnxzo5JqxlTUC/Sr38b7m+CwQmk4VMJahePoB83hNQDspAbZnRmnU+EmFxAvwPl8xPqAV/0Q9IF83t9AewgCamBFJf4hb9lUTURa+aS++4BVOCwB4NPOhd3KuS6ounVxcOfYsH7MIM8N01gnxZQQVTNkKajKLtM5pDhWtVbSMH3UPK7RlHSdvdq3ErnosgWRFipJKQQX6Eft/czora5BZ+bAvehaq3zzbSgnjCqFXdA6s1ND9NSVORjlcepfvq+LnqyoKIaSEyiAf50jEO/rVSjk1Dgi66U+FuIXFY/5XBkpZlOOyGiUOGhzV4QLm2WToSjx3aXpEubH3B2H9mlB0J2XOeeXwdy6AcO7Lpjgzc/2yMqRsYBmwhZ3Yd0EtjiLKUGSbXPgI9n9KeSjyE6kRB4Y/GZhzFqIP7C+OJ/JAndF35byKDkcwgJLfumqe1x3wAO1JJDCntDUoBtBQ+1etVwUzlVtq8y9EA8QAADx9LcLpfgtJpGMC8D/Ktkwr/fADIcBMAKAAPvEFW04IUUAAD1lSwwmlbTseS8QPumB6X6wyMLX0ZYy0Wl333CJNLh8NaRExtcsyxRw9QU6JDUqUOxqkvaDhIMhBYa6DyJ4B9CcIUYDaVnNzxEZEu1IgfVXF7+8xUAZo1zZ9RzOaeLbE1jX0XkrwhiRLl5oboDC95fJJI8D/uD6VZwQPuQOlWbzo0mOHqb8+LAxXNHn9Rp0bBwxyu0xmJYcWZwHpSz6hv/W2ScOBGebbZChyzac43ZlBMJpd0gxvQx/E3SRAQodZ61naAO1L/H+pGrqjrXDJAQ6t8/CysMgg+ZpLSK2v+q1ly4rsQzqyxmjgCUARMERSHyjhadgnfb1Sapg4iOeLfu16U1zGPzjHOcRlOrv8QSzFbS/kY3k75RYjoIa1letUQHdBMWcj4eaJA9e8sRRROWepSxJt8NTux37J8gvAJeYGyYGgdKfNhvPPFZX6qR3BPR4AQ6Z4sAOjXC7VBskBCjlPXYQL/uiGtp9lkUaBjYZyARdd0z5jdjzuxqiXMJn4Arjrr4+vtdyC7BUOpg/AxoE4LMsEiK77u/utA+uLMAFZDv2G8AAAj5GANzUAASjwAg4gdWQd9ASUISqAAAuHK87Gw6xHPqoPAIp+VrOZMLSA3+2LaGXPwQ8+7vLYsOm9bimOdRV3w1LWKA4+PX9PKg7ji7vzfb+Yj/0rg5aRtyUa6301vf4CiJP54EjKHX/NGJXCcD72pSYXjNVcj47uCvZ8zIDMR6P4VqBDU8K+iExGcSKMy7VobpvSqPHNSfNPS5gywSF3e1ia2SDzOGjSq83C9wcBVAa9QfTlT/6xOoG2vqZkzRMPrrlBjZLxixT4wHnUmp0EikvrmqBkiGJWvyRLxo0rH1JL4/TTufok4iSmOio7QXWwdtgVmYh5TAb0cLt8dlb1zjco7OAysXPo+UmZ9bRe89T3sUfNnQPDgLbNAjvQU3ccYL274gpzvneBHPdKZ53Pf8VtbXdCmlOggL61VpzNwFxkaJXXW7/eOM3EpRcp8HAkuELoSnEgGp1bAfkR1MS4Pzii2mHXvxM3hwoMcUraRqb33YMJK4hN+9QLlQV8jafVpnBWRxdyVdpFC76v5IEt4zpNpqvrPz+XywYuuNbLf/i5p0LzGHfhCd3KGJcLv5YcuibZjHvOIM2j0S5335s9IELaIQtCZQyevAUDNjXw4s+aH1NWSyeSAZd1+NmkdHRvMipRMtWxwcOS10zoGk4c+x6jgzuuEBA8IEOjD6mWKF0iGeWNW+HCQS4Lqu9tw9xokOIv1MDXZ4Uakic72ICZNmKVf2aC30Omh42hI9P9odMAYZwfCRS1/Rj1GIm4RR3KoBov/iCwq/iVYAb9jAE4xVAV3AAAAKEAC1awggAE3DSGUrkL2FlBtqAXf7TABYizzMxYPcdnVTjfwfdil+P1gWguSpoEIUGEkDrP4dI4WyYaGubYTAVqUiA+cfZYMqmatQpnn474R7HkT+/wU5n1gEgCvpOKxIVUzRHeNcQ40Rw5ftiuUYh7ai3KxZAL2wWJVRlqSkEcGhX3lY9lQA3rCnUdfn3h633T93RID9Yx75DqpB9sCqfCElL6V61dbfqFg7AJso5f2mmV/ooMoiEbxPgor18RpJ3SgkNoZPib7n9nPttgVDXxhP2KR4LqTmafdOs9lSMbktn+gTaU5oAqLZ7ftUrUSgDe+WJcEy7kBhJht3QU4EAvv2LrioQLZd4WuoKdC1VN8FxTT43DSZt6aacGgtQLSKui2Wp7VxXMBopLVQYIt3BXp3EWToEyvJxUZ3JNHPugtOiWlhYHp9n3Xz7zPXivi/VXdC4MHFUup5yEaQ3Au8MvzpancGAPT6gdhaiEvtT5EueIWszfLaM/4z3PcvwDTMKLgj6gWDf98AAAdXsoAAAGCCShL8AAAA74AFpPdQbxMPXz+EQBFJ9dh3pQk0+AlDHAksyc8bTWA+vXCBM7l3JZw2Ep3YtLvIyJLcj048neNn+L5F5tiADarusejBXMH4ACRhAAAAAAAAB/XDAAAAAVC7DC7RbjlqJK8jMbjr7saZB87RzG4VxkrlMyUtAbKg/lG5zp2nMThdQkQG6Oko3PD/rPITjuXQXu56mSXjDxJlx69os4ltEJ4y9QuiHJud1wNrD2s3z66qx4yScKkxKc/F0uKMvAyVMgchwvyJbZIkJJqtKFtlz70QQ//YNb4qmmQCf0zXLe2GjnpH17fj46de4Hzbj6TCsaG+2nrApyJL6+nXr0ejysYOyJYSnIjdCUkWc6pdzsvfiVFvfplTUdqfGrJFtKS8XCCZ7avaRix3UhCz3o2YMzg1iUJD6DmxnJ6S//+j3P7VDFZrAIp1gg07Jd2j4LCZws8O2NxHFnadW/J7LwQBRTVEDhu59tQ2dnVFVhiKWnaRl5McJLJMXxz+m5uxCoTFJMnH4kDjXsOpe7RggzKlerVbDXzh9Z8gGNLnl0si4BrtFqnSfidWqYINWhV/YItDu6iaaJPOK1VbC4SDjXrHQq0ayHEw/VXTS4Aa9gF9gADDhR+AIF4BOcNpg+4AAAAABgPwQIUZTYxESDAFF7c8rrE5F6kKZbIN8k2+e+ZNIDZDjKaxzv2gBXXQw2AIor0+ZYJhsGxaxhB+zsT7xQNwx/VM/7oAPE+iAC1OzxOP8m/UepPUIe+6Zco/wh1K6cGa83pGZbdNeLqChYwMS3pqR/4izeEGAlakjO/hszqKDiN7haB5JIIxTcduYxytcnuYswq2qkahjf3kazHMRBRkYtBTW4LZyhd4Qek59fVw75Byd+5zjMdSKd1fdy+ZVlwEo3RAcjUSAZeol9iUnmuwI9EUs08CoNaXz0oTdd7f/otc8+zjv8gn22Ct+WCYOpGVP9AP//vgGZEdoiaAZoVSFX3bZ4mizdeE2sFRcHfm+x2VsCCvdA759EfplIV8co7TM7MFaUMeaWQhktRGuggwDdGri9/xwmcuSWbQUgAZGSqHGZ3Bp6ejMagqiA/yNP6Ui0TSaR0dCSDzxxpSIWKKgv/MEwtR2piW60pbHgrTRZbJMtQz96H8XUQ7GzW1bpYaYHxobkjtPUWzKvN7LIguxm/8yyvt0J4QuK2JiQgGxaRpMzI7MxM+EBHIU7EKTYOwOe5BKM950gIL8jo+d9v707D9KRW9pnFMs7m8StroZgDklwYDdc/VOyldLIkXRuv1cOKQaADb2ulC56OKvc4K+k9a6UvH2ZBGiy/RLYXWCf3KNUrKGdniVYMyVjpv3HDMkUt/58ZMdggNVrnTkzSGKULipQdirrRCxaB+KPdf9+nRIF9bERn9L4uBTxp5RRJ9aR/XT3sLdExOSp/lNj+yYx4Tlew8HZECGHgurnogYqGtCXznAXcl88iA+Phi+Ea8a0WM7N0cj3QBKpUUZ0ioB+XpBi/Jt9GahfKGpbLF4h1voLn24mAGrhd5nOROAYDgdVx/Um7DpHmh8e74YZERAy2PfCNRrqPCyMaph2nicgtrtvi+F8GXsl01OPfyu4TcKm3AH8t3bCordo+MZ8pVi8ILTvWp+khJIYiY22mStuIMnxarU43V60NrwjX7neCZy4jKBm2ECELXEZOrUdwOcDB6ZwIAJh0aVQinD+cIIpZ7Rj3ryuSwfjo8lAgE7zCJfCvoe1g2bQPibn6kfoPXXIF2R5AcvJdyc3Cv2gcrG6Qwn54DGP8KmhJHIghkz39PrZ6EVZ6CRdCOHzpZU/Ug0H1OpkcJaWUb/o0HQErxw+9Ii2DjXzAekXtf/TCOtUpFdy4pKGSUqGEoeB+b+Wf3jAttzRgL2XRXUP0IjMpLJ0NbXEmecsYiaN6IGt+KuPptn62+wOMi5imR895OMTO1qC2Iy+c+ov4LTaKCT96m5Q/Edl/oEG57azlGUJ/D5LGKMKfUWk0gcIWgMZz5eHUHWXQSnKi6xjl/v7zCpYbcsOdWnGT7MyWuLgpPyVriOkdLvZeRHqrJkZdlfoRdt5rlxzC+AMuo5rg3KNcAHYYZkOAIDxVI3wAJyAC/eHWDAkAABNKlMn7GgApQnvhH7wvWALqLUBd3idSKdDIP0dxYtQgNM5ghl5a/NXVfctS+GKNy3WonuGG5FiJzgN2OM18Ll0hQH+Dty13pZ3kP6XzvHVYR0+HIHdD/8Rmbj8odur7sCRzmyxqm0K8aUfEF05kaAzRjOQe0/wgTvEVvpLchO3RYodRPiQEYKjsKBmBFo7XrzY4G9BnXoz41fE+2XV75u7sjv7EWo8pb8gNvXmdNAFVs/gtnp9iqtHpWQSjSnqeiGBYkc0Cz4IFAZqBqxCyL9b5rHTVuu4J8xh2h1+03727n6/OzYXnFKwko6YeWnjAs5hRLIvDxvtEoukPV85mpn/VWx5MHqUmZXKIypjw0q7xKw0fDJXh221HfSD+sWZrv/7BC/3EW0rp4tlJBlKhihazav+XB0JyrHL/ahDpwXDRPWqWG1Qso6GMzm/jzw/aqg33ZI0Jx6CG9IPIMYPYsB4DbYJFCzjW4URojdKNZjCYNi9OO7H1S1b9nJ3TWQgpgJB+Yeteg3R18/stVUdWx8DU0qcvs5MHwc8IJg6E/Wu1/K0An056LnbFNMjQmBqhVAalIZcYPZvKYvAD/eLdoFZPwOfXbO1+b4yx8db9P1oQb1vTRUKpFu/S9p8k3LnVblYZ/md0Lt+F3tsqsmcOkmdhK2dbdivtwapd2PBoVQJ24U9CrT6v+JY/LCZbREPZjWeww4V7hYR1iBxztB2uIZUAcush1batFNbApwOPSB5tOF+TcM4xP57xO3kNcfDyDHX1f200OrQvfktJdgl5y+wzOcK9Ev2jaIDFJeeZ5iJhLMlW3uYXnv7LabE4n5/nBpM5TbXbFx4K/FZW1ZVoAPk2gNH94uVtcHBeJxJOHRh/VDZ2I30Rjv0WFUy5r7nuv0pWZwsJDnfmvXBGhOkQ4Cz1/X1uzVn4Yb8XbbFp4mTAKTrONsKywI0Rmo+PlEf7XB0LI+3k0pd91k7rKyzpoXpgS5X6UmeJcCgi2U1OgqwllY9CWtZBGV5ZdS+y+qH8WG5HlBHmFMHZYbGel4kMH4doOltbZ/2jSZ3jaIVU/DdS0qrAFoDErLsgI//fj9CRpQPftReSYkZY0qfCHIG+ccpBXIBthN+PFXS26qv+l8p3SNVBQES6jrOUZgYSaVsy3/SSpKd0mP2rPq3LadiMN96KueZev2KMr1vLOjXIzQriqspkUqpwt2xedoxESFbAP3ySMTuSWkVZm/Y4AyGE6aV+mrsE82QSj3QkgfMMraAm98NlI3W42wLKtSl3OFdsN3Wuvhi2I//Oahy9/xt8Bn27oGf+fzk6wXEMCwbu2wo8AgAo032X8lEWRI5hZqEfX+U1BlJIYLLXtzPZ4wd7ndZ/uX2/tQHoc3w9p2ARhO7PpE6b0PDj9kUMNlBiQ+eT9wbzs2m9Rj+elPisWPbp5UqqMYALB0tvUYHJmzx+pFok1pDSKB14HSVJN8ZwvnDsaR3CVoGtNMIvf7bHyQU3FPdPC1I/b6Nd/DsBRT6ZTmtcjNfmu+t/rJqWU5iSz+9TEsEKnFIzle5GdiuoO8VyXLlfAstKPZL5+XI6/iXg5LKEgEwGzQrFZ9qBIcMgR4BPX3/jOvi7tusbwP1AmbtCF74sjsWLBS1D0Nf0cBBe0P8V31cVwE0CwTLwuxp/Lxgd12NLCaANqV8NawdexWUU1ofQiWOzoXx74IfYm7Tsg8SnzVATqVM3+6DMZ2ovOKEI0y2CRwTsHgk64Kxor9fnlc8JiSguodtV6EFlhemmUmIPq2tnBfGz43L8EbIyt72xgHL6LQFx7j/85MdoeA4nTwBV0cyMu4euT96daEq5vHd7o8aaAVg24G4QqSuhkd8uVnxAGeeM82f/VvSVdW5Rl7QMZZ23JIoTFLfVMBsrWwbJOZU5mnGqt6KtoYCz6z+gnassMO5ioiGzpLXBmqIc3rvfHClEz6w/Xf20U3cWH0rrM5zYx2DjNNvFEgKRtyNOkNtO6ijJW0feXuUW2IPN653+Ze0BFGJLDDvbnmrQ+TGsIIsGwJwyp+0jLBH3JWG+j2q0kOk2aCLWcnePimorSzaqsyUo74exoP79Z/3M8jgpyx0HxsYXWQ/1C2868AZsCe0u7ARC4yptN2V7xQNGPaR/Ewg2bludzI5TFFHhkWWHqABZAaU8vzRZ/b5k8zHrpt71/9zgXPbgDHiJaEOf+modGaoIkBlvXxuP6e40Lbx9tPHW4ovO70yH1W8woQInGgr4ev3o0lAE5llRm4o+pVccjsiHr9plEKId9ZS6gDC2Kc4aFwR4zT/2J3R6d60xxou/QpGWr+0f8fM2rHziY2NVlBQ1/lV4YwAshr5zT1rDNa3wOC4RMDUWwJggSLpOruWpZC9dPK2/Cg2+k9Bz3ws+kyBrRm0fqAZJlf2u1QWYUjGyj3vMl0bKE8HPI6BGkL7Xxq7ARwC4ARhkyTHRH0Gu9x55IHeWoTsgYHWWB1FUpbIVVNewTG7hPUcX5mB34T+v0EonVC1tjBsXupI7IA6cDE+dVPfONixYwKgGbYOE5APY+d8GhZyRdXVuOCRtncFUE7FeUOcL3BpWPnJIbHJChUmxd3elawtkK0WQ3/PKsSNDLrBxoEcL7DAcYghDn5JJSKDKZ50kemZbpD9QWnG2UDqrEdZywk4AWNbElbIMALmSsD6WfBmCfsUYixGZJvP5fMuytS3pQHZLaBKDRi8GlqYAAq4Od9RxvrG/91usni9ReqAXEovku+93JMvCMf+kPCzNH0RPmRS8/YhojA/nWXBz7t+X0VSPW7YRAPijx621LJUAe4AAAABhvG8iJx16FLKF+wimgAAAGxAAAA6lccW7GWnpcaMYO0bmguZ3UgF+CzesELcx8l8IoVX/2K4I7I8nC6ASOZZLKf2pHa/4NbI+/dwHJmAso2LuLgoieGCpS1dHd+2r3o2DMP9cXTA66wE1YloNtwG68YQ2NzGJ5BCNPq+Xn13l9O8Q+34NDt0AbF82HGPZ7mw9sa4sCK3EHI3sfL8BpyGQHZ8Pm6wh2Izoh3cxs3Ij/fRCdHy6mqQ62towggWqPG3Xi4ft0pipH9HvJ/+u0kwn+4hTyFed1kYGidWoMWd8rdZ3bEiTQPfnhOHuNfErkawsHZmTdyXMIYY0B9cThN2NQC6wPuNdyfLlTPwzgZu5Y5ItjRBQLAei7GAViH3tbskpcrPJup6jdcoh4Hy4z3m+VDPXCwbonOjE8c/ql0Bw6gHb/4vLAmrOZdDSni80LemtLvh0bh2N7KwMDNkWnIySb+pPFdRcm7lTpJAyGxxUbfZmVynw2PQdEu4r4bHq01bNsKD6kwNL9dKGSvxmj+IFOhliZZwcwCZ1NaDfbO4V0gVUrfn15HShrO1pLGW2NZIPW7pWuk7C5x5sOZoNrO14ysTvFx2+9G5PdSMZ6QEYkPgQ71zoB5J4sDXUhHu8fx69FQREvhKPNgOAypksOUU8rsu6NICPjDRpbZ8GB+jU25pfrPdq+cw//7O+ZYGz4YtNR1Tha5mCPKWj2trmSVowjCXirMd2mm74mAWTA7RRDyLDcoynpJfuomxzNhfTBQSycHAY7uTyyrqBxIj54CaIJNhKuyHQaJjg+QwgOfxv/XLLYBfxkNZa7TQFSIEqAXW7B+NvuWYq/YipihDgJhTf60yYtSRGN9bljFj8/i3yG18jwFENVilzfmsf7Xd/ynTHQenrdGRlNsHe/uPw/pO6GIn2YYdACVCmgQFEcj7aX1XsBJPwuFgTqAUjSFO2s8SMaktg1hmov6dFOkkcUxJ7L7gAs0q2mQZnQzRdVPCspIJuwomBnJfR6UepAaSgiBzDycQb3qR6vxVlhWIQDxNb0UxokBKwbHFUm2aV0VFV02YgZtSNueJ5E9J2i/uH+rnrlUfQOAq8p4lALyFd+UAgwqN9LYm0jbxj8UrAc1ZFk/6kilBA5fdDA5MIQJ4ubMyfEsYoA1fcBjTvT7IWKK1sy8sjlkpjpmg6HP47x58bIs1lja6qpIdUeVpEKF8hUvVnxJII8makJbs4/aN2jqUiplsLunMCUDOht8aKBCpnTgaWhBBxq4A+eF2ZRldIo4kPx1cXRxespkcupdyaaz3Mgx2CO3syW4xZ7xtLHkRRgmIH5k865mkS36ZrSpYkOM3m0fyGccbGdU3Q08gCfbbVpaeZJY0YfROX/+ELJLATo2vytjTD5A3qcX8BdRjdPO9nsLYPxzPAb7DByHHYJCycDAOfQz885yEIOo5Q1jYflXKJLlQiHwN8YVH8PQeLoe9LPLiDLBIehIfnAdpxuTQ1bY/9din5igl7b1OWovpNCxvG1bH80GndsnP2OMOcY7KMTZzxa5GAG90uZndxfJMxV+mOBeqFUzT8fZUB5ITCIN+17TvyPH+mEkipJL1UVbwhhkgOA+GCqicZHchzMIvjXC9V1lQUjlml0yqPsDKiEEBLU90xeX5MgvmuYPglapSHWUkKrIw1OmZjdrSWAn4865QtNeYM+ZESHjjBjeUrKwhm4fvmn2sRcmVWD95fuIR7m5z/eBvNwlMfnh4EMGx7jh8jznO6VbBhvd/7+Dvafze6wGAEO/2p8wKlShLaHDmVEesQsn1AnLTUMNgRHotnK79OUNakOhzON4GOIdfY23YmkN4Be59JfpZBGHKwF75B/aZgxDQfzxbTZ6UyN/tRXNTiHSQnNu/nbnO/jCVprQHC4yO2vtZH8h0GIqZ7d4/VAeqcctG1LyyxjaKxx0PRRWgdKfZraiJSBJYJkb2KZy0irdSK6LeRBwbgvUsZ6I47J/M8hc6qSu7X0qab1p+4SQbsT/waAte2TBwhwpybx4GqSiGuPDE8gy7sx3X4Qb80jAZaPN+Ags1i4y2VUpu9RBtNa7U6JXNT8i/zqI//EBRULXLjjvLXGcEHOjwXIqYUQOlQgwVLjBdnJiYOMzrifEjpOQS65V2YE4XjWzRXgPT2X8I1AUV99zC7S+0FKOIa9slrjnEoKWqF//aucOMO+3xMOzxyYZENS93YtH3yntohd0k1/IOF1uId6QoGKz+qzPMrv3/VW06gqBCM7YxD1SCceNlj2tNWzUwxELkmZO2JjVG2RKeP4DbRT+GoK4rYPNW8TJG5uYizvzQjlto/QZiy6leDtsxkKc2ojhROwA7tiMhTLGOuUYD468DXKx7sFCGJV4ZBmn2RNfzEkS3RLtKN7AUc79qjvMDsWKUILrq2OfNYmJ1OTJe7Q1J4giKie8WcGoeLW6O9tvMBJe+Jl2Qm3O1AD8yixRDzadc16L2tWwXATFhhSkuLz+MGKV4UUXHJfVcrl2zF/5z6Lj6vjcXja6tZ51INIFOj68uLoIZqjGZp9JMk+sqwfz9c84FrY8KDvWanWQcSSeBeu1H4ufJ9iVugVN3X/YrNXQP9fP7HDJdrNG7TSJLmS2gnATBf/uwF/Ub4f+06i6OLaLUd8Qic+kE176NE0Ni8uQ8suLB5JjPqXgYA0K89u/TxviRDN2cimQTFY5RNcvy6ZalVsJFCY/oJGHdz/othZdQjc/J42DCkICBQdyWtWC2rmFasRpZqxOuFA8LIiZDJItNFPlOi57M3BoflXMKkXCQmwh25vXzxkvVfFqnU20A8BDhNRuclhlQuV/15JzrH5ftZ5tHDV9PPFG6gS7mL/vAFFixz3sRWnQ77dyNuwelnDSeHnXW90xP7whJgMUf3ev6USyW1KDzyNm2Rhrzjer0yZAQNRGuS7sYkK1J2HvRVhsCTjkmEK4t1tCMpRUBVRtOazj0spbbwNJW1gfTYtKGE8jxxbG3SUNlCO8Lr38ZRcGk9My/bZ2nfQ0rNSzSV2ykhd2ckslXN1g5d24P+wFK0De9UDo0uP/M1tN5texKZLInSCYaWUUKPNKzXbOwXOhzyqeH45pvFVnBPd0hKgmbBss10Zs52dBy4Lf+9I61mh8xi3DMoqQX02DvhR4v/MXJeUCmIwXoxJiRNg5723+T+fxAKJVSmywJv7Nd3cnir04EvqMkHlhNsj/hOsOGHaJcyoLqaRx0DPArqoNIXWmSKxwcbK2/pl4XS8XIVxk0huUivDPVxFlpVvIkuplXr6/mSpK76LHh+J3zOSaG8gGk93SHqHN8qFUBCVv+jer4jxP/EUoqCsnegU0u/CenTI7V+iGfUI2GOCinf+EX6uDmJ0PfLtAvYKlZk2VwE0A3EJkzrGJavMZODlB587s/xdA1TwDOWM91NBP9GkM4z+SWUGm+CmfZSEl6v+R0tAhbHyZcg3vOwGbxl+zR7HgUrrUPpG+3nqiRlOb3W7PJ100g7QjeJ0xHVlbN+NZKEAC9v9vYtDAep7tv7L2Py/GPX1rCpeQAukbvAby+4G/or03isqsYkdmff4mIto6YT7i+weI4KKmW/5XOpxPlEiV+NLsrjhxGxSFF9jdADCpL3CJV3Xj2nsfz0KtmW1s3zeeDE2HwEKiygAAHdzmqAiaA/fjfoAAAAElgAB5MzytVIlkWYy0ky6R7SfGgiW3iTVfi5/p43/xbA26ZJrrrYzPD4a7/7AOHiZKttf6FNakTrq4smsBWD+gnhVIG4y+nIyKqIU5Kdc0v3c/kMFo8I4hlykfs2sLXiS+0JgDlRbvtDo+Os0gM20qvmqt7igs1ZdCps26RQfHcluMbE1bXrMFhFnxLTRwa9LZee9K0LhH1rVE141Hhfr2G0CzSYjwlpvfbKNdWg223tuJwVgera8evLUHr+uzD/n1+ZB8ySCARVe9LhA2SvI6ynIjn4F3vyM//v0C/bUO/an5ngI7HxTikhUjpWMAqU93qZaYBS3lIQ9EIxEJ1y09tLb7c9BX7ezgsaxb0hZFjIOV6vB2PMh7sjU1N0/8ysokkVBRd48mJEXwZoS7qPjLeJ3N+xAPW9ZEp/AYEGG7SP9b0Xt8dWm/osYOL4v8CyVZ4Arh/lEA94Ol2VmAlDAXkCFyHnCgsy0aFw6RlSrrOpwEfVDsxLPO0lPvP9UR1dhZj+wOq004vDXbkKyZmus1wpqBKRc9/nE1JJqz0mYguHuoTb/Dzwx94Ap8qlD56Bd+czVid5aHVYLi2+/lO+X+fSTUo5BQjNwmVDa0vH4mHWTs1DVgIQtwBIXob/cILGfFuZ7Lw4A73NObHABP1C49NwO/vKYo3cvlfM4FLkZq1o8kCdTDvyK8pPVcYYtQGDigYU/hh06C4y9xtFeRLc7bpIBjggi1XY9Zu/5D3dy3r/J0LY8RiVkOlEvER1XL/rOyy0vAtMvvbPt2yy28pzww+2gmj7l4tEfO0oTU2+QlybRck53jmPW4siqhtTyWGUO5+ZSCatnLJKdc0U9vqzYEHw2zl2V9Aqv43qSFVJBCqwBhgNO+8ZLKyTpZTpYKySqozFM1eXa3uHVbhLvt/SIz6grGCz2DyWgwzqcfFrUCBKQ6pfqKOEa/59d9olz7e8y6OUinxJ4D/y1PpNr+zkMeu0L0/dP/OgkoPHg2B/tQF1M5Mi/9I7dlAYrRIPSQzsF1GkBmvGCAQco71tDINQlzsLou6k58weNWq95o2kHDWOEiCXgTCZTB2+nV5PFZtLANta0F3nfGevAHyuRbrggrCuRMyBY6HuQHG3i3bWMHEaTTLSwf11EMUmXyPHGbrrToEVBDsGdKlRpFZUGu0TTRyuY6Fav9SRrgwYLMnmK9HLwHvFGCJgMqARBR2dtLVpk9bnLvwVSZoWsBMY2UuPjF1BqPVMfJU/iOpBVkmRhSkeeiyzJyuYkGBG+SYZxkTV5tsvJH94W+ARriZIw3gw0SIkLy15yRqN/7HOB1fpMVyB1SZDdf5y8n57lDUH8einB+r4cBca7RQHM71UQ4uuwxJobL01D5Wy/3JyT8fffGpoIBdgT/aQJ1f1ztKsnSP1sVP7DPou0BUB85yL0KV2IegiKGvxyYdXQPeBeU5gYE8QWCK3qeKyr9HrVBR1oyOmlflOCpA6zQNYxPNOT2BFUuqiCQ4eQ44F4VChRMwf5X+ZLkWJIgmj73yJysO6+mZXGL5HWMCYsEOInxKwblBuDB2FXvosu+kW9xrKdGqDscJ88ffHJXWkL76Xd92c6aFs3Z8f/J0zYOV58HpiWAm8uxETA8MOyrWEQkzmlAKDFhjc/81o2mg87jHXxJU9/g3vPz4lXGialgUZZsI9ldwtlh2MQQOVW3CSFU9I2n1PsJwtr7mtxR8z7MQLtJkhAeKvrynHe8Mz2O/HEREwILVXgN9xKtpkNxHM7bpFddOjTxmgef+k67/vG/tqojNVjPVwN0VVfKbD/8K0vAu2qbpcPR3M+o5Bnnr7sFx8EhqJoGKav56qmoFUuhD/5rFgUv7aUJ0XYBOoLLenevRjifTpCbc+CbH0rnAPyF/EHcQEJAQQ+tmiTHxDEb6ZyJc1ymh1FoSUCu04NdjGyJ0w2HGl3FPZwlNjPtoz3zaVh4RuQmoDV8jIgNCsC1KQwTrCp0jeXhmUWAUQPvuQR4AF9zWjR4qgOED1IfTaKh2FITIGgAys9htlZSRdERX5zj167CWW2kgJNSOSPkMYMoKIcMKnYxM34SYf/U6WxqccGmS1ghlAvvWqbL/LHxFytBqi6LU6HFpG4LnZy6BpBB7Zx3yuz1u8GXaft9HCfcP3qlZda9rZlpAD28zlUDQ3s03Iqtty1hwa3kljN+vANkYi/eNrTq0SRZy1CG0EWVqy0iHNzuPCiwu1yjojj3yRUAsRUBLTK1vJkbzPnEzS5IEM+P1dwZXuTNNAqjoWNmEJXEtX5NZgMrYY9gyETMTxZCLp7x8GKd3VknJPx+DN5drDDZVtt3CW6Ligz8BLxLuq/JOcCdkhZLTJdEhaDM0auDIqG2GhXzBwuavWHLlXZ9/btkH4ntW/rj2l7djdsMqHGPQogbCPew/3x3E/KLm0Qvbt0Z5TExijisbtJwwyriyOI/N+254721c5xeK0UeiKGBajaHsVD+2WIXF1kmpy1tNnFkPeInVBFhyfayqsrShmZHaQSW2uzRcdJNWuFQAeOcrIveC+tHbZZIDIhe2DBlXRVsz8goj5csZPDrUH71GQ90aa3Ha2lkKziSkAdJCk2HdHTd8RObLXIHkmMFy6UHBNUCVrb3yeh116OP/62TByRdKR805URVUAqO+otJZLN3154CNp0EC7IKFzxy9jTp8JmuObTfEEjeRcmrYq6UxBd+B+1MqRgrVRXvVgw7d2TD0u14hycmSQZzUSlwYtWArrv1I2OV9YQLMl3BF4/kdDLJFU2KfhP+jgtSVNqZ3WAPOvyRrC6kbuHGBnrSrahMHJezy+UBjNrjLnN+dkRjgGtKn1PUVX/OtSigGshAM0VJbvtp79+a8y3B5+51vJduzOCpwkqEEmVu8mD64tCrMqTAr4JfDz3cuWyFDW3+Ff24vwJAUIxOuBJZ3yOi8T/C72U38YlPK4xcEY0lykQk4UyPFJoVIdkWywnxjOjxLjm1o1LUNkLGoR2TkNIhWEVwK1Dwxi1Dc2+G5H+UQl429+VP5LEhk9PGaxsPGUNCJ+ZSMv7UQGrSyHFgWv7AAd+WB571+c9bELOPfqVwbRCoy9p0XNcBEL/uhQdutU9TzzEDI0aiyMPprzJghrQ8/FcZa9GxwROTdTofhla2PnHhFFbLwe+OcVc0nxicw2/q9vcwFpY2jrU7DpwiAk2fD76tG2ABU5Y64Yb/yWqzVUuNVDRZBeB1kNRh4HTMa6baiksNPLFgcxHFbUhCENZDHjyUCBFUhwgRfJQEscLOU3BoNt7nanrN2yFwdQ4GzKvfhxUIpRWC11ltpBH7+LmR7/A0qo6nZNXzTQMrCSqWhpHunj9+ZCcrixuSF6BsuCPdyo/jK6OzEDyqdkBOmGfMCSxQ6pXh3HbQSYxUxIK92HeLjqMM5Dw2QwK4TeqjCHVRK76PF4tBhdbXPv59lNyblU3fVLGaHathr8QJHbq72lGQ+09m28K4CuxZ1wxSRSH1vxAnH4uzq2OeBEfBCrYnBuaRdEqajuId+8FBBU5SxNwfjvwxaVysw27xsEXkiyBpmWaHZxGKiAUlAMn4AtXnzgDFSOL4Tv5NGJpVvICZYr/pk2ABgtZ/oN/HnhuWzIYNzWO/Ejsk7b7FOyriwFbPDf2IvDJDJ3tPzudI62/ECYIvbx7oSHAOB9Ymu2c1Xbj6u0ukCNbeqLBwdrUiqjxoL7xko2apXKj3ffSJDjQD8nDzjjBvGbFMVu6ohnoQURX9WnHereuvRe20k3Zrdt5iZWCzz6akrokvc//Ky1oAoh/6B4PaZh5j4AKA1M0yq19jy09aLY2TZXGbM1ANMhDmeK7ATN+2hJPrHgp+RGzyTVkky2G7ZUd+mbfyEHzyhdjwhrgoRCoqu4ZVilC1o26r1+GETLAe66+6Qevgh238OMCQU0XVG48TpQ0ZmymUvUVajW0FW/rWrBTHJd/MfAaPASSSx3R6s5JstEBuc9QGSz7TOoghqEMEFLCCY2XqCAjnVTJ0w11LNcPTyD5i+DBMwhLlo8uNjmtf7VUTbYqXF2NfOa7HxniJZoUP1QpWX7o9V+Cam3PQK4f4oK5y47/WuMEPp/0WUmOLhvcvARfIdRdnMDHlqlU5jRliRzjaq1tTmBPlca63m4kGIzUnCcKiR6MmgavVnjNDExLRfT+WsfIlVKFIyg/RTJVynWYcoK01e+t+NcpxxJJdyAEPVWM2WVFp8PgFl5Y9ypJjPY/G+LSZJc6Bhsxo+pzt7KKmuU94pikyywQQODWKc4Fh1KPgYfmPUNpA3CHC1hphMpS5212K3xPuBJWwrP+zz/2bHbIMEcgoKAuByZ1kkb1RPISsFdA6zZkq0sQheb4tN/Q1scQqxHxgOaz/0ATNouOD/OpS2JTKV/JJ/ebNyOnbr6N2lrXuNKPC+ONwOeMXLjE2O97KVQ8hu3NSPBKvMTsasnTEo5czKtXQ1FibmxAtPNqHYxQ7iblJ/pfHZnSdv733S7v8VU1XlDWy7C4F6ABpdH2JLc8+eKbvXVVxQc7SExX909Q0oDOAAHyW1v46gr8iHJlLnArNbaICGz2XgGSBBxaE5EjPws1/c1iCtC7suJdgQeKNuBl4qTA83NcLa4wR0dNpGhaVpbpL5ewquVoruKDOZ7UV6h9xGH1TPgbs5Q/4J9POhi2NChw/Qzg+Em9llNrTky+wT4qWYMAnowcZRS3cxDl/e/EA0FBFselOqC8ivV8/xQJeYiHD9P6OlMKka+nSMr/pEHlBX3Fy/RVt6eiJ5xRq4Jjr1A0JSxeHp0aUkwasG6EEWKTv9Y8shLAFu8xZr0yYY1xHT4ywvO6vD9q7zxfTiCkpEM/QCcxkdv4JvKZjMathdSf/bOARaoRTbYsvCDrQYXrR8Py8M90iDdsK9Yyt/2fP4LIH0c+cqHdtv/tyFTbXIYY9JZ0a4hEovmJcCJ+oDpXL2HmhK+U5co464RyCjQNBMV9j/7+GjiCeVKB58v4mrUcso4iN9mJ1N5Ar07Y1nhofEcJckBm9NDnu9/H+3PSQyOX2qKku8I5ttg03Ea/C5cBvr1GWIwZjW1X7RAphCgWUiHvQ/uzwJ7mRUldp0bds8FDfOSsOUEkFRW/dHeVyu+tNaLdycUliptW/ZPJ5CvDcTr0mk3O3VHCQSg/nibrydjL1YhYUYIaufrA4Zek/eX5Gm/PKSoD2me2lz9RWLfAU0CjfidGANSTzVvpO6BYdD4LgJ026z5YF7Y3jAGhDnCww5oEn+2cQSACZMfFuL0i75XSoy8O1sOtH9TZJxHBs31vehBnoh5AnI6E34T2DZ1WL2fQzs9k/tMgyxMB3Tj/fHglfgBtoCUKSod8EIeKOcgeljSJu/GpWHxb3iMM7YnWZwCBZ6lV2K2gIXQ/NmsWOikXjeUAlkVqZgRXFXOvoLgPJarY6qs51+8EuAXFvNK5tYvDnHp64fRt9RN64iakrZRmGsKPizo2gdoItW3BLPwM6g1NEZld9L7X4O63rALTy2pEXtb/mzB/x6EJmfZNYKAoTjddSpqf09M8t7BUiQd+2yRaVR7hCXvI9pP2udn7XjGaj/z21wv/K/bMUSZ5FYoQ/VvNZwRnPoyAhMpm3Ce4xPZvLxqv9jfhvtGHtc9scu5/MJQE9hMH7QMbeOWTxXbbl0QX7UsIK/mvOXWijC/bKjWAIC4YoMBTEmsSwlSu/8uu5KAUdLIkPWQyy/Pec7GBe6eEijBOsf4ksjTn2RyLqIYbJSWXd7ZuUTaxugqWdUA21onB9EET0znPTXyTgSMjyiXhApTnzSppI7InN6c0gsC3JGEkgdDcM6efsMbzuXatm3Ig7OfeQ+i76tHltmNJ6sZhDaB99DG5yh6OF5UNjU3T2szpw+GFfBf08ZBYPOKtcW+9xmbMuCAOVKSxdbn4/2FSNQXJB5ZrZImbwRUWI7WfgInKDEhK+ZrzqXqA5oRuTVQY7RX4/vGO4chKQVqScD5rqWFdxfvd/zRRtZ17/3tC2X/6luQ2qbA9yk/hVZU/hxDuK1gtvYJTu2sWEmwofkyxLo0aj4tuldwmMejRo6QLyMnT0aY1Sizucdl6b44En/X1sfsqin2vdvn6Jo2GPTLNs7dWJTX0CPPMLY7iFXhPyKb+XrNAcVdthlubencRKbZjYSew/gn5QOaEtxfVv/ftI0iskY2qTcCPM6ytJTuNAvtJY64xZVEzBN2a8kGXR11Xrd0XvcRyT36QzrGZAF41T0A0z/Z0uibaVYlkLp8j2U0cA2o/HFPQccddFjVNYqT2W6/8dY3vjN+TEwoqPm5YDvjkZlTofqyBQz7Yy6L1RleKQraoWNClcHkkqZkv6cNOBkCWE5Qz3huaXPEap5ouSZ3VoPDcw9oz48xUPxInhPZabF0rK4dDV2S1bolYXC5ahO7lxDZHkad91gpW8+JCDQVeAkPplZdm4nHUgHWwREgWnjCOny8GGkCniHSyTHrKkHGS8mD733r8/8MlejT46nKX7DEcR6lrr/2t0A/RA5efFpyjD2V1xah7QY1wsmvr3lPiGZI06fswj/iRglyB82cpd1+/5w8Kcw1KbjtmUPkKKFmpIO0altceQSIrFaONjawagFWMvp+FgeymivZjwj/I4dp3z6WHv0h4oW+DR+XEoH9eE13rtvHFISF+93RvPZfFj/cRaSKds1oiPgYGhsdeHOBIoFUoHRw4kV5McD9Lgj6P8HfZyVmV+QI3+kVh1I/QBR5/74XMYq6rz4Zfy9AXcRDggiDCIHCnZ/wT3QILN+H0U/g9O+1ZKszU5IxVM0RvrLTbIsQzYzQoLox3xxTzDyT0h8roXY5uJoA0AcIlL2jyYmkxFQM4L4UJljR5N+VvzyBGvBXzQx6YW559YZp8mRMY833mCipqqTbOSEAxS1y9CDG1EBCcT+HBsOboOgrBmpZInNkUT+oyxGutuFaJev/EY9rJH1MZLZW7qbAbuSABaAEc5Z1F0tgt5zz3BjsAORJSBID/ndlOo9cigenkyAmkmY9hPk+NRpgYTgl2QYujuHxVI275zxUTT609Wp5MzXGbKIwmC1HZw6klw64O3TIYv60kY5iPcwJWt/GlFNCb50brwRaCp/mulTtwhZx/PgVmRxZCI5FoKbRqZbH2Jco09TXiEFCQd18Gi8oRZLsb87cHvDm8aq2aSaLtWhzqEBiaA86R4/VYgiEg0kKgBWd7D6TC4zcqz/MNQ0bwsxMIKOPL9FvTZcTLSgOa2RwfURFQfGGw3NQwQ0XMApGLgWYcYGVyeBdlZeFbEOhbnuOlXsUzx7gZhZhej3hSBawZxq17axHz6scVU06ka1byR6RXrpXA7G+H4/X0jjejLxEo7bXI/N+5CVcadVCYMSRUC/qQrWR/qbs4q+1F8RQRKKyclnkAK9RXvF6IKycAjOjr1YONBXxCdr33COyXQ89COa5AxdO+MqApUe6aVIUaOdE4qLKTFGTX9E2x5bcyUN1WMxM1JMXgJfojIO3q0EYUTS+ZM0fdmAtQYwkAek9P2KbHkHjYAA/CAFyEM2A65F0l8hmP9fAAADPYvZAFXPDBrcvVkHEB6V6xWR1DmI472z4RnoYCU1sMZ7bFlZWiTboIP8wl2q2ucO0DfOuMA2c+j3m4UNXyqh1so5gSyK/5m2HgdadyXkE/HhvJx7k0EbizJW0W0nk7Bn1tCRQ5Rd09aW4ICGX9dUBZH2KcUjMJ1P4WIQRp5nC/ZW727mnanj45nTUZV5arRWpkLHw8OOzLjcDtR3Nxe2coqpXgsmuLN2FiKKR8PSbECk6nEgl2PBGqYPIdniVFFuvrOQUqMk1bVwCcYVnzi+nCfbxbm6fxYqIkFgH3XmfKyBsu53e0Td4yhi8Y2FxwxgWDB3ltxcqpUxLRsSnFUtdFf5KVcyW26jIxVCqTELDYs3uC4I+zl+Z7NUoum9CxyCbSge7CxpCa47GFCX8gVF3YZ+/Cvlm4Njl36D4GTgQLM16DIeC7BuxlGMS9hW9maYeCEUtUV0FrGVDMyJxjo0C0oeNGQoJ4U5Ofgjvt8NtrgjChW6/JKnpFGI/s34cUpY5Y+BGOWihp8ZCk8r2R7Rgles4pva0T5mmIOFU40dIbr1iRiqSmnEOmjYmkcZ2agVotTsJZLivUCGh1MZXHsWQUe6/PsPwSr29dkEAFdylS/9u9BiMUUTmpBHuuFBzSmrgC6K1Qf8Rdjyo2ArYkaVNQFAUGGeswv95gqhcxzg437St3eD2v5cZR5qTYKDwwQ67+/6a2HxfNBz+F0T/vkl7vpsfmksjoo7DgyWddaYz2MouwfL6F/A7D/hwBaJpA5RYHiYlpNp3fA03UX9kcLzwrUtxCfkP4zsDPJ1BhKVmt4VrCDZnf0R5BCQ7KrroZAA0j2/MEgbtzvDRd5TM/PCRgH4uT6s+xxvjB4KzS9rdt/dcGrPEVyfu0Mf1ot9XgdFZ5cz4m2OQ7njxjAN26Ttc5YZ1uEpKk5kKUWETxdOBNPtCFBUUhx+JldDj7WmlZd+1NycZGrEE0lvjLNu1I8raKHhRUxD01QY2KPHKCQgkRprwAXseyiZ5PoRFv62FPKFwky1g7ip6GW4rp33hDQ2iUthrxYi85PHJLsRW8t8amJciyiV6V5LAIlJEjMM1FsUYauj7uq4YA+eHRCJuvT4tBHTEP3V0UxIpz51MaIgsRGT8EiELu7JiJps5YhADxnJ+J2Msjw143wadobjyfV2MGLzty4ItsdYAcKksXiNH0xvTcWTp2mKd3mu6W3X2asHlSOatRyc2tXBUSyfxgkhL9zi05zxmEO0ZTeNQn4OOt7kJ6KZM1rKOMadi/UaOjcXU8K0M2wDkqNNki0v+87zA+iry4ttGHbO8hmF/y2NbZIr8baQ7bGablFfLJ8lo5OvUNTjL+PIny7+wj+pDSnLSvJ143K0oYBlxkvoLsnXvUXfsqZ+z9SWZowE/2DOrDUwhZ7H0q5opVIbwlU1yPeyH9/XZESTcwDB3YVFCYUe3lrbB/ygSEipFtaDYCAKNu09c71EoTro7cbdiVEM3df869IyBa4QqlRH2LRvwFqPoUMzJBsytRuJxUpgPmRBbtqWY6yKWnAysny1N2eCYxS7jzYJFtLyyzIUK0X+I9RhPbnP7fPkFPYGgY+BmBi4fVZ5yNDjwMrfZlgSdYsVXbTmRNFuEOUfyOWK6cgoKSS4anzR/2LlTWp4LWagDFmfnhlpBkH6ZA0Xxph9ecsBsMlufRe4kYDmZwc2xyeBKs6zQgReNrVxbXspgFHYJoUMGtWue01sutqRxWW6AxrXgrqrHMFOtVtaDE44sH855VChztimvDV4tZC9YJ4Ifm50WbAv6gi09ach7riq5gcq213HVolK16tkGyw0RoUQG1SltqZtt0AodmjtSFJzIaixwpqvCTvGuRX3dak56HCkgG9GTFpcGzFRlHAi8uCGKVpYcI9LPC+0wvy6CX1HlecSCUnIoHKNiNjG25c3uoYh9xKAUwDjqtbxH5dKUKB8KXyiDESBwlj6PUAAnvWCFGqOCH0I+qN1jVa+1BOkjYWvpdrmZ3kgB6BZsgiS/V3BvG5L2MTBIMhCjgps5ec0GkP+C5iqwiH0MwSn0UFGTbUccivPh+tvUPlGw/SCx0OV2szR+Mjx4bhqgejL4vEu1jRKlDcbNDihjwC2TXxeEyqtmXNMFkXwHUsltcsxUdMCWTrBmACIMFF9/PzKVV3fAdsLlCJ8MG7lM5/3BnW7UvZhRBOjEd2/lh8X/db+Ta+KKD91ZagjF353zmcA0eXarEtyYllJev2wqiElVPugsPkk7QZzqXgq5AXhNaulVLnPu347k+kZUc5QDxHLq1Pyjn3Zu4PIAytrIHowhynZ6gV/rOo9X6IHFNS+I1bSJJfuryipnXpA8dsaGRPRjPHa8vyIXjTuxEFySZ5M7v8aOneV25BZ0OuX40p9eWURHLj6n2xhcIG1opOiPktiwwHqnEzUiCiODgx/vGwNifjD9bSPN08Vzu8lHqcykimic4Whb3GbeJ/DInsaX7oqPQb6i+GS+mfg4+lg1fbYSg0klk2uxrnNYS/0Zm39ZkOc/uV8gims5U0TwuLPtfd1e/yI1ln4IIDDWFh0oBLncPnhkQXNXr8bdIzZPnwDtmE8cVD29ncd910HHR/MT1ULmP+EuZhcuyvw67fGB+ANijz9P8qBpGmLh5bDjAIRewziAZPrvKUBtqnlD5GqSHW2l30WGUxwDc8IifYP0qy82DJL4DfnU0FUyR6abdcGkyphpWkzN3EXYcjjkPRwk7/PiD21eSGXOd6nOsDxI8Wfox3+nj1QwVy91kmQCPKkgrFfcQJX1hT/NRnPqASgvGG5BWAcZ3hWVJ2rdDtLY+/t6lLary+hrvq+Fekf4klfnYUeGdKA1fpvDWq7SicFlaRycbtU2ImlIICW7lm6LFH4jCDPhzjpyx1Z62oeRqBWP/42vdSyQdB33+GZhf8Xr9Jm5398Gxds7HkGNKjT1H5/SRWjQY6w1xwdNTY1yUjD3Nxfa6xwlWJfU84HcEYKpcoHtfiw8UCHg5SppMqXclGBVFkM1NpcIFNnH61aBZSIrtLRiUsUVOGW0HBR79ORuqCeNU1UPNwbDgaVlGQtMG7Ox7SeVZahpHJpbjo8lPFP7Y+GWguBI/L/5hI9DcKpJFu8ftfTQgxT1JNrxt86SyuphFX12Ati2a2eQEbubWVfKwoG3pVggNgcWWdSKKIllTDMaLRUAIio9FFvGD/IdnrSYsiI08ukRJZI1fyX2ASRHSHhbWoi/hlOKXJnxLt9W713z0hjvsYdF+XPIhRHPVKqBkJvhTBundGQMlsXEGJeSrcyzZ6vOE03srP6oJunCr1nBJrTYDNBpUGEHQm15wYiYDt6xU4qgCa6dbI70bGPubaUkboQ7qq51gRdjZyJHg3dJ4wjYl8F4EddjU4LFOpHdtjMV2VSlqjunJa0z0HLxbYA/kfzf3lCWhximGQRaK/MbIln+GzjNagL9/OQ60sFZ15ybIW+d+4Nb/vrVm/seLRaiMXHnrs64k0bTx4aIoZ+88QLZfr81qpPP5DMj7XzSW6ReMXL0rdUcHJDd1pb1v43FnlzTiUAaZRtX0xmTpCe1mdjzmDLCbaphk+FPCGkpVPCvXW8AyrjN/IF73DUeekKinoxqEoKo+5BHb1+sJleFCWT++Fj2mbCT6iJKbHDeRa0ej04QcbFmLk5neWJzWLMAE3FMbpXCvOKIQ3SjN+nk3RZ3ZDFYzsgMXO5iODgsW3foKXOOEgUFSqN4dVvf1eJAQKsZpQYrGKjBz5vKoqHSwoiEsxDa7owOn4v1Gtv/0jCveKzD7FB9FUbup9pxhxSpc+fyNj2Ld/+XmSIJg0ZXfqyT/anBMPDAO/SAgNyPB/MHajMn65Y3DniJJGH/Yz6esLph/n/Im8YY952bcVXm1K6n7bdIUxN1aoycx0Ti30BcDdmDtkdNpVs8h7gTU4ddCkgkRJUW4ZMw5/GXI4KDzNgC5Ybc01+R/w1WwW0IIzPf6ALN9G7rm0xy9VRAQbR3AQsExOAPkdHIBzYIquKCVdDpKGcAAAAyQ+KwELDWk3TlsNjiEC1k390pKc7Qi/Zwp62FmB5aV6Kpo+TIQ4HP3ChQ0Ks8Ov4EqNn3BF7kXb5ocKWGS+Mu03Wcpqfw3LO6Mn1TjoKCbkndryqEhgQymQ2xVZvrR316dqot4wPm3hrA61tQ1OaC5wY/ylM7VEvNIPozHV28meXOTsgGQ0kx7+/4WUT5BJgkFJWh7J0jg3OX/ZLKTGWnaXtfAwedv1TQWfU+ntFcnCFV+RxYaeYfPISexzctAFWAM+YTsYZ3i5tlc/vC+qPVLen4rmLIaMC/Uzt6GmR8AKRiwhUOv7j7NK3K6r9foUeXGcWm1hezV2OILSrGSfZ4wtrnevOMd2Oo+AyO3nEcMx4iHkmlIXmiumzb6BVBqNrk+KbYQo+lungMzrIMJ2LoxHB17mjBBVbgphPEAzw8q3heLEEj0f6a7qsq4zo1o6JMTOmALnRlVS6Q+vusFTJVNQIFObcaXeAl445mHAY8IlwbZQHXuhil9xShNSohYvXN1BaLe+EphRXCOaNgGljWhtWsAoQaCJDLSvbqkMkowRY9VqKB3Qv1hTwtEpQdrO/fQ7yXEosEBd3EtQRVF2/DIEjyOHgA3UvfnWX1k3d8/ZeFZtBE1bozdMdDlxTHRvOkH5pbJqibC5nk2pRt/xqNCxL7NEaVrYBC7wfN9WC4fFRdBVFLBJdZJwEQOAQ1IJzWc0eOSclH66KMtb4B4E1easO6WNzGEN/5rO5txWffTaHK4WyLlLjQ2BZYMlSc6B38bOFPX3E3yWdok5xIwUJ65zdCAMNiBz8sPPCCmGXSUeWF0FlPahktpNz8vrYZj9xcC/G5dV70zlZiYO9wSo6ro81RpDpSYCuGXABI0isbZep0Vf3eyoxpgtnQ78kV09b33GZ7HMn6RipXGjjnymhyVxYi+3cv1m8aX/gQy38wbcFWNhtIgvhZS2aV4Q8/Wxd67t9SjPQbyqo2zJkwDrV4GOogYfcZXdrJghfnVS356T2kdt6+LBJ88i7Q5UX8uopNzTNU7pME7Q+wSrPD7hyK7/ewGDwUCGqiRvFtZwdBXZwhM0AD5cjT2veaURcNynVIbwv0wDs2zjiqcNWXNWFcRCYkYpEuOl/2BOdHmYXVffMr2l6PtEAO4Emt/wBQG5Ej2qzyurmvd4N/KCTix5rRqdldATXSWH4wzAyhY3sIgjpyDdQSDhQgjD/sAJBLukYjzaZkdGt8ho0LBYZpdlJCv1+xdKQ2tAth7q/Kzmvt1mmPevDsXkvfKQ0laoIEUiUt2VFRP12xcmGA2QN00+eelGoK15cqBmeWBHJFnm4FSMM8McM1AAhVT/haAgfm911rt8oBX2EWQlzXr7R8BVqJN6b5rQEMPm3aOM5z5R4KJkzMC6L6GL8LFNfRRHw8c1Rks3nK73eX7yAZytUis1vibTTE8r399g2wZxOn6+xUr45k6EO0mAJjNebC39I6k8K6qzT0/ZWAi8QuudsrmTYlFHlMQ9dLEcI+oPxROvNoddi8TIjxpCjUE090rNvyuqOn+Gbtq0kpAUEoFhlM95MNLSZXoo1Xr4wc9u31fyD5KoM4hvgK3EaqSnrVzUQDgOZgmGxxtcYPbuoN9n4Pf4Vwxk6rr6oNrJzUj6/gG8ok672wkQH65mCIE334uLMku9WxiCb8PJtPZ5PY8VycEZ8Rn8sQ9TATqeQDd/FctOMdMHnTsY/h93l6UiqTd3ebIY99sd6irgSKlq8Xws0tLlvVdW91kxi9XJg7FeiaoJ8ijF0+WoKPCJR7oCsrqjWW1nj30zPVLfwr+r1bevaD2j2ysfqMwC+74TPuG5q1LUx3R/dwaZiB8gzMvbrIHeVqsmkAqYdh2ACWu7CBsEFsvRRG6tPGDY1i9zSla0W+qsozJDtt1Tp6i8WSkPmAqX0Cb5f2jxJzc/71oc3+ZEykG7HVp3pX0eEeOI2bdJI/KV7PXs1DHrkx5/A1/ls/YOWSed4JQzjArAUBl09VTPI6Qxw9ZemdqOx0vt9EsM0ouDYRm9ngvoaklrde6SAdZ7ooi4i+3uDaK1cTt8Pu+4H8555FYVonDVrub9wPIuOb4yi4nICUgfe+Jx8PryDuM0yr/q7Nrgk/yCfxDV56x+g7wwlCGamDtdors15OujvSNL/RYwlo2cBIb8dJUWjmifVfsp+/HDfBGffWY2AH4LIozeLvA9FJZx0e6d/KjR6VfhUsOzETZepjm9nUsYy9tnrKR8xOtJtHxUSmVAjOCNM/QrvAxdWQogbBD0QWU5Ufm3cX/2bXATQYOcv2JycPw2JYyZ3fPtxMa1H0mDypB3/Nk6NgdBVVyvpjvPFeIEICBxCJS+q/K9yQuygSOVWwPwHfyMUA79IdYB+0boKtnJ6CuHxJHASJk87h04Fx28VJujL4sItu3YrUPY5V/p4m0dBlOql7rslqeenAEJ8ervcjavn8Zpyyn/MAdIkz5QNL/pPVYy47fUbw2JvGKIV9E+6AsftyYxwglb+8yGw7nmWn3qkOV0nCkn18ZwvuhcmY+eHjEIaXe7O+tFd0ZxA9fkpMuYGeRHHgJFR4xWJgeZMoUkwpDcbDpOaO6ekhBvVnKOdAVZ9arO3MhTrFn1mVH3uuL7s/hSvKhxXZ5pvOlrxA0Oqv8IR/GO4OWcC4R+hYsr6mLPw2L/KQS5dFTSX63DufKrLyQAH5yHtiqelNaPOYFwtcWLn976gkhNAfIvkbpGSbZY8mYEHN490A2FgAMctXD7ErdP6hi3lhuXVUOz43CKvqjbhaIWdQP/Ar6xgEkwKRnyOzLDvcGGhl7nZfB/6e35+Tf0eZX1vhW+zovwpV5QbHma/t58CfGtdSrGBj3/OndCr6RKy4/ntpIPl1IdKUj7ylnFXh93Bu41+pdJwepWj8QVVtkcBRXJ+vB+Um7xYKSekiAG8GOwiUSnzF1nvemFNW06cIbPrhlPoSRn2uASUQ6YwAkVt51Sn2dfp8DdpGy1CfU+D24LibImuhIPgN5yb9ICklNeY65lI17Z6uG+83Z+s11ZnT31GBv5FWCeXb7urrCC15k3YftSR0n50X5BdUPZrcM0Nxs8yrWMFokZJaXTL8b/DM87RxriSVEwaDj2NPAI5SMXlkXV7d/a2puD2kLfkkA/OdPFwmstHb5FPs2eoryVY1yr75uIYbsSbLa12Z/tNTrlJSGQrqAew/kZ5C+nAftiJ3idotLDVcX0H/zD1tr2botrxp1LYTD/SGqlsA1+DWvLOt8F29/ZUzJmx0RFGw1+/WbZ7Pyy0FbB0pTWhiER8CqgiAA2XjUo/5iN2JDUHKxjFItQWhjnYyrw4PahLt2A6WCbnbsFXQqqwH9lfztPgPPptKf3w7kk7uFzmY3lcxli75r19tzeqwWuRcjI+DEFJfDKqILjknsyKC8zGQUFxGaGnLvwTfm23E83yJ+GyRk7lcBzeSfjevQxbEMov5IvpdGpbvT7nGJ5D+JqKcqOOfZ7RjlfD6/wbCN2vLwU7uoqomP38E8G7TgJluaesGXWaOPcRbJFmCf9FKg//TS1gSuNhUPtjmcLjf4mWcQHFtofI3mLhnBwYXg40ustO5Thw1t9C5Z84B178mQLKh9ZgbJN5J4Zzba4vte0bwYGv7w+/MEF5OQTBgmLbW5M46kQ/djtrauSi8irZsjUmcnDVWDqLuOQQt2+KQ1H7c1d5+Pf95CsUgdt93AJ6s7ou9nwLhlXz5pYUNcxew2VXWFFam+yJiTDUNd8xKvw0qQfxewYNHoQBswmLCT/kQMuaqmRLzaAeUkS8RgfJBHnuz2G2K5OVO0hdBZf9nSfwdVArzYiHP3pDHusXZKZD/w0+tTT4odnqZlt8zfrCjInL3X0DzsgO/EUjd2s04SvwdT+ONx8GWZvm4pBwyho8ZbBUvXUQDcBhvw4Pzs9ZlkSpiK4WV/xpxjveJ5N6bXAC+vTs5FpFDbkFF38ofons9d40kwRakBfF3gxBM3ivzLlcp3oSOHYi5P5HfsZhVJ+WPg9yoCedbayMGjqv9bemTwFMnk7n+KxBQsKhRrmSkP56EnvpuGalKtqf24RJbJ7DtsxPeg9ngxZS4VaU/gXVpHRbtXMMQ3fV80Zx4HTL3WUA3FG+ih3vX6d+HxbgrAsVmzZamkTy/4mcoxHCHoYWjZ2GS71IPQLr0BpNbgwAFWlGfvZ5y4xuJ4KWj4RgTxtcBVrDyEQ4/yC9Q6CoM0KPLzcEsbkNOtgXtOL9chFBCi8VT/0H+BGoCI/h+hVuOJlFKjfc4BbH3PjP0TvtvnmezMPtRmKhQHAE1HZZuhUwhvt98V2+rOlDwyQisZb/cxFfEL4MZBTZXrMqgcZBCCq9Vqgmd4LQtubJWq0jmkH9efWOJ+yopNtA3Hnd6REr0Iv2rpbYp1VkBITQsifDZP7za/CS++V0H4ClG8xOgXpqj4Q7yMmhZY87j4Nfr/SS1wQgyqzWaaKs1Bii/w8uZ4bQj6+DuJVrCrMRJS8EcmGaQBXZSibtfmVjuVwtXYJI4L8RZkLJ+dsOV5vnUZpZmlM+NVwZEKb50Xknj/2/JStPK5ypadEfqllV3y4avCzPizvRr3fKiK1eoKDLG8uQPfth9E06eR00QW364DlAb/r94iRcdmLxQbmYrswlFkXjMX26A76eMkZcCOg8VVUFyBNjRoOsG4dd/DFloCn/punlH3bC78aF/SFSe3vPw+JM9GFyVWhmZnH53IDk1uaybg7/kKMhO5xHJ2DtI16wA6ZvGNYnAaMNGAviWIIB4Z7D6qHcpVt6pD91sRYfnBh8lmJlf/fOxJn3kGypFN03ZeeT2QJkUMj56QQIiNWK6JkBOweReWXGGNaEyx4XFvb3SOgs/AS/FRf1cpQMyHEi59tqbPHbJPluzvar8IYukzBfOAK8ih3E2MydoQCenOFg1Lmw/VhT+Byfd/PSuaIR3Y+JghS2o1tmkVceJq3PqP+KU5Th77Jl1XPo7pYZg/xm/vs8qqMeqsoyOugWsYpoDiuPNNdRdhjtdDRI/gapiv3nvUkRhlYUuXEFI8YAN6tlffasHxIAsJgeVVsxxbD25LKAHM0rS7hsS8w+Maua/BlkiWsb7Cqqp2jRZiV5G4fiwX1Zs0fvFT2/zQONVz8OU/AQojxftRJoSeP2Tkh/+VpDEhJmIHOxAp5w+IQDYJ7f2zNHq1ynwYwj3NhzVUJ0G8+ASQi+IwbZsa5uPMEOGUgKRFSmBbv3IS0eKY+2GnwMqOIiOUIYEe4lRYjAoJ+TH8PqzbOo7F4dkrePA/P6T4cm45bE+Caq3V8MobU1PZrJWJzBM08hZXErdIeM7PxuZb3ADZP7FTqfSvet7R/khAJ+87eg/L01EjNb7uCe0nBnGCXbkgIY3LBRdHedWutNs70HV+xdN58dEfoiGgVHUPrwCB0yk+OZVN9EeaG1k33agq8M7f3xpA+8F2tmiMH3soybn9Ae7uF0SSLqBgmT+O1eyuvFIAgktEjPjcFsBkgvz3z5aryn/3zT/8ZrlX95RdAeTTPh5NlGoA77hGcKo8tILnzYu4H8mxcMQQLohadqSzdmvXSnCYAy4SR4nAszXvXS6VWkAnbBjluOvjWCiJOkTN85a45FUYJ8aTX6JK+DrloTFX3WecZ9UFdcyEYqbbehmXTwAHr6o+Az30qXUBPYAAAT2EcgwAzmqLdDvS4OUp3mnpK1+Ge3y4kq+OqDfkRqN0ByVUfk4nExsLKxB6Wv/qgI41At7LrZlQX5WdWcfRTzXBl4lHbvkKM36DQoyXaIbY3loKwRtWxPuaTrRFwabUwenjLNGZOszqlwIaqIwA03LVsfjxaeYCnpfWuKJinsbsE1DGY/Z/9U5Qser1stEeP+I9XTEgQY6q8yuxVCNzdc1cm0CQoXuFGMqb59W4wlXBCxv185JAAzzrYD96KJPui11/uBf/F3zGEu3khEIO2HXTdrQm/DmsAAl1gAKl6ufc1CsgnKAEZyRQnvHFtECy3xEBUzre+QJ7vA9xutujC7cFNQ72Hu4D+X4O/lPB2uQ67I7k1ZPoDKFbRIyyBn1udPbpx66lp24bDICgDtUpGFTFO3MIx1pSPnvuVUb7g/CvWEYCPxcMJJJK6uIIvL8gbtBKhyqilb9i8RxS4d8JzuMRQskViZ8eD+RkqUfIuLwhtLjQJQBY1hcS4J0p7QWZClL8ea9LUTiU/jSDv6cyHDl0gPq/0JB86YWHyPtsS7Lif+/WFLiqdMvc3QMlIH9XqixjCBCusHPwNDJyFHtMHs3Hkfi959hV38wlGR/dx4cIS6Kmy0WiiVgX9cFXgbmih76aTRzbcdb3p0qLLIErs1oQqlT+nN+AjaBk+b68mcdOWhcJooKyCrfSRa6PqqKqZfLbETtAa1dqoHsaRayABm0jSSdMW2f9l2wxWjq/hUpu7C9uaj/fZfL1kXTRicTE76xeUWReMudA0/qtftKAdQBK7JX2XzOSvlA0Mz9xGUJUZe08nuaYm7HNMG0jdsef7qE4nn9AnTYdAT/ob1vanAxg0sIAUqP401ChSQ/aWrpCzv0COitf42K9DEPfJmb9tjBdSsG5kYU1SXIAzXo46xg5Iju2QL6X9EOtAZVN3IR89M8GW7V5DGFLx+x2lYz3X+kh612BkmiOrq8ZITBoBpudAWvVv+fedWQxyENlg8fEApigXq1yQBWrl2UEQvbhs+735aoplqP15LZ0Rn3QC1txTkpwFWEvHzDb6Q5gSbXyHNpq8d/IBA5hzXsN5Fa1+Xi7bbvK+hKbixRTp9cOKLWpAG0vJFeybnVU7CgWrYhI+VCGVf/n2435sITasdPTPcmOQHTAXpKNdjPPZfxA6olqtva8yCo4IhfKlDQoQPZPQ745MVLHEPJOaSprdBgiJrkIX0Sx88D6ZC2uBoEYJco7u9YCvB/Y4Du2bHLfhQxZBMjyuniDG2MLF/SGj9HBNJbaUVUV7UXfjkxrv96SYN77NyTBLx1N+WGqY3DD0Hnb1O+K+Hm6kf+xFHXKo3Y7Ed4DcGLcjWH+aYn2t+6bnpowU365k7rPZ62f/WC/YFG3RSKtRHYkfF6eOdSdb4RrOomUlepJWldfAi+ekoA1AycTjRK9LfVXkygz8tufxKFfgI4GuacvVmzzwkBT6+R0jgc1XOpr0UDbUBIYwxLSnRtlPD7NOr11jjOWhhYvW7SX0C/SUmLs8C0SsT754Fs8Yatj3qQX/rzPV8fDhGptNJDGwongESz4oVAijkVZyQow+q8km/Z3F5pYepDbkFhXgunsaEkzcnWUy1+5JaVBtEjjhFqWw8apXoJxwFCtn5YTBWax2ejw6ygUjjRsNcy5pAmPlacattjYMaN85kt/ucskWSgoan6ltLBnYDYq4yK+afo++DwpalgDbQkoJ0SMrGg9x+BqEPpmczmtXRxRBL/tzQXYXV0YXlmMJ3qspswNtjA4wDgpezAcFCIBlDNGR1Nam+AxxtDVYAXYkdYnd9A06bZ4xmDeR9PQQZfrQWjvq6wypt6yTwqyxH6PfIUDCS1FVyw3jljz6qxGI0zETKbY6xoDmaTQgCIZyf0XU4tFny4ciGajPoooVAxY5MOLwi464h5jShEhDJMAzg5wDEzLNqyZqL2n7KMmMPy1tOrYx3Wz8nv5RHX6j3z1RfTy3ewFElLig1hYvfKQljtdjlBl3tViSNCI64RoGNda4LL1z3GbjJE43QpVkeegmBYqYRpmCi/Bzh1Ttnh8fRAaelAC7aUwGS6lkzoMuwkJtz+GERxppM5R25ixmzEmVSFhTVtl4dh8R4Gw6E8wkF5BFwnuTaJ0GPwjYYxe7WoXVMbBNuv7zBr5mgyUZJFjOwY8M+O9kbgwsc44gaA9RUjNRwGuF8dI/GpvNkwPBLF8h+NkREZJVu93vj1wvVENkM4/DUuhtXrWMJqNPz6bRktoMJMwwU/lGDZfiscuLvzx5hyMurPBj2Ga0+6Ej+qcjeNv1pUgF/Yr/rWMN1dpH3xjhf8FuCPWUuoBb5g+IPTbfmEM6ow3XO41y5y6a25tisAEGZjknwFbRCxGIwBxpkU05mkGGwli8odRVmOpUkf+cFzBOmLmQNgKjYb4o4Xl80UrlOr0qsOf9nMBY5kDudw9Xc2+eyuvnDNqqMqANrzWrRfjKPUnElk/mnR1YWkREor5MuAYX8dAN50FsCMjcZhGhtRlxTrnyJgV8hk1Z0zVgdj2UIN8ow27jOwSzy7IbLK4S5M998EOolOBcTbmPHaPZeQY2OAyEjwK6TFbP2xx5geLXs2Z4XO9VUBNu5vtj+OGes9JfMy52uKpsw63mdbQRgxv+f4kizgbqzakUYad2KesaLJqqfd1rFpLoXzmBTSeh2fpkl9LbY9gTBnBTOBaOg9gSBr6UYYqWE0W7vZdzrRDL0xaMHJproKYWdg3u9iMNLlT81xUo297nuOCZ8CYn3dUjo4UvAPP9e+iabGfR8qHATnVeEgZ8JVKn/M5V3JSCe1eWAfCSApi8Jl6BLdY8Z/0Jxd4JxYIbXdmR6zzdCsFcA+RuFx2U5TIXDP+T5MSReUCpE0VNFz1MYeqt16we1bnRLt8+tmYJqKEq/9BocrA11P7XqVqcOxmwzMIuzMIpcGhEBA7A47BYFbQPr/XHsf+YMbh647+jdXeXj+myBZFebO3EbVhED4uTVJiTXH1tLwmzW2NyGxw6nL8IaaYFqWHTd7hvCCLWhbP8SZ48vqqb7QcnTIy87F6Uh+sCOZwpHfCl+fBY+Rv0EIhZI0wMQf5/mw0/UrB1jW6tWSFMhv6KwUDIWat9yJLH3b6PDWLd1PmW11Xf04ttFp1xQvO2//1ETxqlLxB0cw8MhkY8N8X5EFfZTFtdtgthmqcUrbHod8YrqmTmYxv7PGpQXpZN7f1EEZUnVWlAbxa+3+SgXiovxsZdZlaBJTlycHxzrlJ3WpYLtcvqttJ2WgwZDwvhPmPFTVn1ByVKJLP6+AdtZq46HuCNVWYtfOnWjcPKFo3OHmyiqXjSiOakbmEMsn3mNLGczeODqUeEIt/prwihesC1WvMkLui4FsOiWQTqhGDoZXk2IRFDcO+u+qHcfZYtG8CFFgUb9epTTMEwRJYvGdQcMWqAUUyTcuLeCuyPS1DbartKTfqLgUw3cjjYa5kNHA1yXqE1oyp9diSQBVLIhSIxPi/Oxudr6OE9uY+c/ryEfo08w2Be2tAddjODAIKYhhTueEYqxFtRYcrH44zxtOhRRSxbgctGaM1d7amIBDBzT81lhCg6jyHNOXOLUpZCe//d1nywnVK47MguEcxbBGPTK8Hb+PG2cKq/Es2aM4cmPSgFoamjsb7Rr7OvQLhT3UzND16/hhMUmzTVABmxct2P4T9m+xpor41OEOXyrrmi1emgOQ0ISbnyVNTtD9lCZyVkL1NN87S68e9SDdbjHF8BYOZ5U7mIUBpwyRhLJboyzk+YUQhv8NoUU02d53dr9eDe5TAPaa+Ycqc8Se4pe7vnyh1D368Pl8DwYLrMYbeMwxSHYOcCx7nyYZUBYKiFEdPlqsR8w/+QFcJey49TqEck+jKPnEoWFUDgWqY9iVhvK4jtneZeQIsTrYE1kiL3Lit4W25rz6NZ0uK0duCezo2oO9RaC6yBLJt+GC9thRZPQ5pc7fTXFlFEZjurwjl2C49smk41DmK4QLGK8vSRxZUU0E4RNRI46Jy41Z2XcaMkrK6SnxQf0P7vukg9E1Ts9Y570GLlrv7siGAo2o47EZh7sb3LCEnujqWUiPfYjAxnr4HSQcinjod++UUnYpVhCohqrmwWw0ganWQqjqHD9FXxvm2ZlssRzRD1OCehrWe3/XdEwv+SN+B60rT53A6AjgpsKQz/jnQXIkBgEXdT71DTI3MGx2LhDkbFvOhNrish2eItfPCkqYoRLnB8hhcwU7yiI1BkW/P846NjJaU3SFhUpMW5+77MjBWF6+YJqFAzcQgN+o1ZG8lnfnbWXmsU6HEk95e3nWs1F5WVDCD46OGVrzj8pBFC0YK2eZCgAbGjVT/P1sh9ihjsY0rlVfhx5ZBHmTAbOZ7b1t9xD50oWBxC58Wre+YDWQFOyEA650UjeKs8Jn0PZd2B8M7c6l6ACZG7ED21UAQ67Ac5WMIt3cDrqQzWjZjm8gecag1obskHQq3rn/HdJ1xJyt+ua/jZlgauIn0XV9iMe19xedZyk4FIcGrER0GbqOqQqUbJLwHcIXDa+jJ/VjlrVRaUIJGlB52teAWoxPgCj7yewRmNmysOFe20dNjP9MeXbaJrD5sMT4opePryvcrhbqLnpoSZ1gllXLCO1urKXqqhHA0ZJ9Byk1cI1tcc4XZZsv/Rip9FR8QXtp67j/oKn+UUVu61MwHQ3eJFFKwDFVo60R0bwbcLlfyKTWCSOCX0Ol3IkDqA8LhaX8AAAK0ACuFkABJMkClABOqAAAea7AAPws3XO1ngvMoNs3J+L5Fa7kA6+F5S1QsFzchznakjnQmwBdRVyXp4EyBACbLd48KJcZhfk+19OvRo3fD8/WS1Ky/k/TBY9ISTatcIujM0VyBqVRt2IZtVGYAWDlArfRGBkGtn9HgyyySiCtFLSsHqRHK3B8l4wLYehP+TOENNNDj0LM7PH4HBbce5BseO4dMePCvIMmFcKwUeJwFtzIXhDx7jdqF3mM8v18AqTQOnumSjvU/Uox3hab2JZBKC9SnZ4aH84Tl485be9KCCNnCyJxLpTKq2byxoWz47Ll3aSHSGaHovD9p3ToUJXE5hoHzT/LPzK5Z23EEDZRBxMXzW0Vx7U6TzKIr4j4aDnUkFSJmWqEQ8yGoe079W+gE3SpyIDNiqv+zWwIQa+cpoIuUhOCCGIhvJDbRbHlDiL24fRyb3AOkc2lPox+LLHk8IpDy/05JpJ5cIlMhH5QDKH3bnCscPhgynuO6B+P3Y2cMhXjze45GjMI/82eAEGPPIpqKqa2lsm7nCNNpsuKqRw6w3XJShagjANDm+XR2EOskxYUp29bMot21l91P1iBPTWltuVAyd0+cj3vCY2+VeqrfGQGH+5+FR16yH3rSNQIaGrfi4hqE/0UyOSZ48idiy5yOU/fZVNsZ66kb9bIsdio83aHXytoXbgcfAg02O8zHS+/ms0YDmkToAKV7L7FXtdAWXGB07/goyJHpYXV9aNIw2rc8ubM7vLPvR1kldppRWyoUPDyq7DFBUAjn7wvSVto/NXKBpX891kGpBOCB/gPNxzCjzDFtw1CfX/WEmtbVZ0gPk77R2c6qeUD3UNc/k+KsBflAZvG6xqyukF6EYvnGd020TQ6S1ArgzmgmXjHamjTcG+IBWYbId882GAFuL/m1kuGCWARNItSzb5AeMGkUGxOCdF1q2LLElsx33RnXEOVOiWAqCplc65RdoRjVrrOaffz8S3554F7qCO86A5zjggMn2RbwChbxUngwSacpzukfDRMSfjDFTB1S6A8tkW2cRLSPQgGU/mclJWjSIGhsOhd6dwfrfYzAMjgk6TbKF+O6TVs3TWkArLnQPoFI6Pyl02hgsuTBSYyr9pJnuUoVwDbFy9VKOkeN9pkW+IECfhedwJzfx3+Xy2YzY6uZW7nIGxaEbEumhlELCfBfO4IhpEjtK5j7Z/sQX50m2gZ+noC9yperiFKVf5lg0nxic9Y7xa70VnfT5yM23pkjX7+d6Q4R06oGwQQp4+OE9cWNVS+gm1F0xecC/Gak7kvrFbBqVoXQZe1NNzah5ny+nIgks4iAcBK3JGV2bJiqkhlbZ2/P2IhmRBjhYZ2WLdn4wSwGzyELcgjwnrEemgOCBNdQabcu4yaEo7ZJW0uMIxJh7EpvJuJxnlVPtjrwWEe1KPED2GMpv7wqLwlgyPP7TeKW2twqTI4DUtxQLz7wU6KKza6bQxHl/9bbCEf5ytmmpGvgUcFkF1AGP8LVsWireNtf++NN1Z6WbOKxgSMl2Vj4VmehKu+vljQM02gWvFahXQg0uEvXTVTjfK1ivnqrYuDIGI2HAGLRlTCtaz8ry22xFLyIzFlgGTNbqfCFenv6vv1OW+MJb1AbbYKQdPJGci78MN0dUB+h2XylD+q6VsrHhDorp+hGYtDAMGi8Ajc/k+3NwowMx4G+cov6Zk8wjYbMvtc8FQXjKA+xz7q0DWCAHVgs5P7EE53TSjwD0IEP2C7SXaVBs9XN5npEySyfAI987DMJyzz64xgoeNrMHgdYp2NMp8xH5QSChT+rt9/+Fv1TGL28BmGlarPJThwHAFHoYa8UqF/BPrPVE/rV3VOudd3nsQrQnw0RqKGWjDQq9mSlwG3U/PBoNhn+lsqxJ6WBmgN0A/DGGQiJmHTpTOrRVAPCL2bd5c0Hb2wEOvDVJuQQA1TMbypZsSxhArgoAUulz/AX+degr5YlsVzNYXW2EydvpNeE6E3ODa6ITQMjMMJS4+BVVv0FQibidJS/RCmeEV7xsv1xzB15PuUKyxSVk/zhP/yuBjvHln/l1tmLbJRsih7vnBHFs36ce7bSfF5Nno61z5yo5iJFoCll2Ak91+yPfseSdZbt1BpfsRtkPA4n486moF5qkaX1H9hSFCTleZtKMH+f9HbkaVKQ++ub8v3Ek+0EKYSrOnR0RMZ97ygAkhi7OH4Z/2yV52vCT/TCsE3ZOd+hn9D0F74ewyVNfOmsYVx6v1M3T/Ovotbs3LiD4sk2aoU+6itm2BDiIcCB2phxLpzZB/fIB5D5cDhZf+Jfw82fT9jXf6lD8h7vRS0k890loPrDvw+dIkMKzpJbsOKxVk31wXb05QtpSiALM4U7yHk9lhIKk/qCEBAxnRCSgtyLL9DUi985qHwb9yBEuxr2Xt/RQg2Ku57RqUzL9bWceRuP/1T9yrVBUhY3zU6mOZFIPRtUEPbBzWRhbZmsFHKJXkENxFrcdP3U16FR8G8AHy53CAxYGgG0AtwyHetR55IvIW+OXGm0XvWCG1havfh7d8ixr1xDYxeQre0+Qbt0sCf1cZJCn6sM2ctk8a8DOAfQ9KYwovKxjAZWs/wkm+rGJvP1tpKdvHaQdXp8X4nWEFquidfA78OnepR8lEcLzshHEDjazTuHuYbR7Q4kze7POaLjNC51kT8emn757uaQySuK6JQq2I9L/nZ8ANxRaIC5L39j1tIuzbYLhbjO3wmhItoXkEdDVfPdC6C2u8X2yhLfJ24IWVLAy/u45SHS0vZuRX4mZ1+5HjsMMM//lgp+VcWOU9lo+jpTgsgi3pRZa7vcPrGnzXu4LZOzLUuD9qT5lBmgYjmDgQnNXIbzEAjVQfKNCX53E/5KZAwYJDCglGPGJCBSYsh4lSTUhB8XGw+UzJSim0n6dl2VJjYVAQ70Uc9kXxF/HZ1hKppC+9SCEpKUh3ZIV0Oy4z8ZoCPIrtsiSw9HtAsZA/j6t5uZT+WbshR5mbj/LUiLxX9Y3M6e+jkUuXs3b4aIKwMdGD2vwbmfUN697bnZB93tgM5sC5VT7I2SJWEE/AmItljh5NIC6AGU7UIbblWpDt/K42XQVI256NxfIYCb/28hY6nIX35R2M05/8fGVmQb2m2GqkmT+3SFkI8is+spcLGKDKAdZHB8+4RJr1x1+HXK8ChYhFgN94Z1L7iuI/LEtyKHTtSjXP2E2VH5+K6aewylrM3eMq985Kpeq+P0lJ3U++6PXvPYsAvFBAE8gBAotU9KaEKAo/BrvWoVwOs16sYqwuhWzxTZ1zTzM6enT9QjaHJUPLqhkQ+tHj/e0duw5CCyD15Uohni2dU1opeYLu/h8YxjZYpL/nyPXSCFOzBp0+jtnTv4NCELPjV8RnjvbEVQgHsqCqKi1yA5Yy/qbJt4tdoVEB3zFftXCQoobD/mDxTIgiIMfvhukHI0QnV/zBZrNem5TRCOiOHtDpgnTMVzc7u332ur9JPq81dq9K2lMkuxEcXIM2q05Lq1kge3E5HlHKdfejhk+UaQAFjZfELOL8emI0lc33kTop3vk93tOhn6ncj8g8b+EXaNfy2aA0HILquGSVy8JjcItCngnM8E9LuhU34sUpWSmzYr5nPorQ0c6Mdb8+qmD0GEF6LYBb1NTOvfDp+ktJRYhpDeQEWraB2QZLrKVGLBcRpcZgU8fGy7c4X7bE2Y3l1he2Ct1aL+w7AwvtiF1prrqfk0Z5atv76TZrT/IxtMK6n0HNNJdo58GFVpE9EZLyqy+LUnUfbKjm1N+JQCYl0h4zjp6dnbUCZ6VzsYteWkcYkDOHifafuwqSGt9RiPn3n4ruucAfIW1uMcQ9glLyGf5GjkzdVz7Te+fbDTMcBpDQa2uc0njOY0UKlNs0s4pCPSNdmmUUcxXfBfmwP9EP9u3KRcj5lcEdL+A5iQeZ5aO5BUTOgNF8o22CTpbpeeOmZ1gGBXi3ZfbNXiNWRBlfc9+iEWnNHZ2evFfDcLD5kfe5jZXymDZGO1Fcf4V8DkizwttPvi4HCrzvYTgTM+OWOQEqAsmJRUbU0+AbHdvy0qW426MROuqqUYegbCqGshN5fRDOH/SzaOx+l5IPmGEvWJr8KYD3KtVKWJSOnJ5hlT40eLSYk875VgJv7nNdH8ciOIMRuo+4M/zQyz9i9Xgg9sMAToL3RHle8ZxqTl5jjaP5twqmHR1ey3XzmPKIqtr/B4Cf2LV81CPi5+Lrfs9llf/TFcOozuZOrpe6PCLv2V6y0r4bYIvfBwdCLHMeuL6ecOHrXRpmVIv/+i4LsV93UldtYxRVM/r5ZW/FnaANOZ63Pbu/wrHlRy02cJVUABi3b1faB12zaHppL3lPe0JOKyzJKbD0RRxyxaXyzFXECLF5zHlZq9vuAa+NUcn+ZKRH6UWwkdX+Tpo9VtYkk6RrV42kk2ytA0/BmCQLuAUiEozttPnjf5g8OrjfvasFUpVUS7z7itl7DfT9zcUIR284IBBuOpPXk2Ny2XFsqKL+1s8sw8MfkgcASVzM4PHCcrZsurGR/urtuRf4f7TL5hInlwUPMNQ3SeaEowCzk6QIYsrU+ypAbOE0mkNjqel2ZdKKrb6IbXT2J6p3lhs+96PnZCvPHZKTPw6/NpYSUlkFKXjX1zgHd/FdpbwnDsmjsUxNfaAaT9fe/NPAwnvmeQJVZBw0hfw//zeIokIMRcMWHsZuSjl5p/9faWG/cWz/JcWb82M6tnI2Op/yc452QP+eVjwfUj3dZ7wav2Ig2SDKfCx1z9OqfZBQim1jKKufhlf97rSzYAT36p5XX5RTyUf7mKcoB7/bvPdh/KpxfXM7Ni7DbDTKYzZ5Z11gOWFRzz3H7hoiwePTbURJ0Sk5gyMPNdPydtjna+bDLa7zFNQe8sFOu3ENdF8laVi+AHUXukqZMwfrmlJryKNmFaSUAzLH7iIRnXU/iMH/iShwIFFJ7YwrDUczuwO9KWhSbz+Eeu8yfUALbmyYJm2fivNqD+Kj1nqCtaJIzfWKRtkVq4I05g7H62Tx6FuKCiW1Bmz6KuUdrpLknRnkeLturmqYqArc25tc4l6VT683cWoppa7hy+639rWvuQLdXf1TParFB6HdDGPAfzFq+8ycrS2rEhV1Xw1Ko5zUScyDjwkoQjjUPZYv0HuCslSssSW27GdZzrqlBfhbPBy5ondA6QxfEYM4pPZCehSXrCF9RYggC1MS1Mro0kl2Nn65UKsOHszfaGtihd8TlpDXkXwwY3PF31rVJVjehIfwd2vOh/SlluJ4BiMB+kh/44h2UcKNAWLzjWk/8U7QnqXCq3PwxVB+shCtxfV3bHgk5SIQJbkL+AXxHIcYUIk1mKKyRlCRhtXunQRFA2pXLNvz+MgzKKqxcSnPmoFqcy5sH+sU78A4AAiXgAAxgwVcryk38vrUnyaUAEBABg3R+3Hw5Q/tFcag9DughVoKBm8n0a8TLIbRwfrKvVGknEl8puM1Q2+E5iXgaoUd5hka8OoTemAO8AjlOD2lGon4vPtFwLimGDVdbsrNygLdjry33X+U93SqzkxP46vVhEhBFk39R4TojKeisW0zTZZ4v51Ww8YnCq9gZrpXPzTybQFFjrmEth3vuRvg2TYKsBDqzZXQJ8a03Jd8SEXkWbMaicolxeQARrG0cgAHVjiqAGROkZAR4L/2WxGNPPJ4rWUUZYPt0VXcjCtNs/2uzrILwPg+ruPd+P0pyAT07en+04GCtIMUk0MBNNX9zTmadX5A6+DPao+9wk9a+HYLMSim+aDfiHiV0vh9eA/SAGDu/m63akPjI4XObw9GbsV2RXDZ8nRYz9PQ1Wa1sMxdSH0pYx5UasHkbPoJxKTv9tzswu4yMVbaPoQ6K0GTtTYbJSHompDbjRGDAm8JfYcBH6n3YZzyux7ueIwbjNOO1hQ/kYPokM/9shr41WXsHzxHFlfrWLtITk4uYYgnwxg3exFJVDT1j9cb39typHrd4acg9FR+9y2utQk9cWjrkVQkDGT5qprUO6T9I7iqKuK7mIefGTAwkesM+O2uaRDRO9om5UTbbEVQxCGN68EXj5DWlS+g+w/IZHapFve885Tm03ku0FugnRKIGpCJv+Ms4fHMjzB7nlkNN3tKX2J8BaUehjzPJdDB6Bc0vfu+NCl2wiktMmvwKhoIVZS+likhSI9OA+MAyXPNHQjycUQeWL1SbjVebnktpQpXbsYz9hQVYazbooBW2UufsD0+ZGNOTUPbdz+QW0yHM4QK6FtGhvLqth0OFhqft2HUiKa4vEN7cMlaaHpP0u3uNW8fvo6UT7eq6GiHSCbkIXdC6sjinn/2jPikgG/kjNmOeuzE/KaHT1PPzCU68dKoW+SSVp1xY4kUxOl15RsNUU5vKK9dGk9YwZiccw96+ixrlDuG6uqYy/RuLAfFdd8BW0ItYhZ3lSOACyYdoYlT+6GEOUgnHaZDpZ8hRJ0kru2rcJesxakUAuT7Ay7uE2V3Vx6koWTwpBIyFD6BIDOGF5IyOuzsi9hzNXvP8u3k1rGLAlkN09hUomo0YhDHauXbwuuTMZ3DZdQgJqvouG3H/sXTqyDFbPrIGNTpujT8NTFnxZnpcenUFI+XU8K0jqpwsW9wCpoNzAl8CKFQizo2gcyZKn/l64N+9sF2Ywt6xBiUfBO5XJD4GemAM2XgXpmszCh1/uQ19fZOs97P9AiZegVfzPIO/7OcYyEyrxwuQRmLtNjXjeS1swIv1R6BtdptCBkWF5z/Umw1T7Ld5jzevyoWxN7bVuH+XMWGIt5CJUjzVfu80WymBcQrVPUPv6jg71/mscddq11x4cAGQ8LV5Vsp1jqwTv+Sf8Y37hZWjSHbYQ/8c1Ri+d8ky03j6Kaq1vm8WHN87A/cJOrjLPwSUPQzMQCKKAD+mHUFYWkyIz/ZgvWYUebd5y4T+/Nfb3maX1PZf6R4CedLU+vN+2zQ1z0jX9QdPapNW1/bymuzvemI8C2vkPsjQmcBSqOl9zpC3WerVO+S5/+nyQG4dCtv9wEZYx5tK/qapo+d50oJ3aR0HUvaJqkXPrfnm/E/tGSQmSiFYOjvPy/nNhGTMDhHyHjn/18MSMZ9R50UFtqo2P5rCgAihYfonwjujDztF8YY9vjVfGG+kOPWtBHXvLBCp7GL2gfR8wQZNoWT2S0QDvwX6CM8Js+cYMtjuVZjou8rb132AfXd0NYASWH61AlEDBm+pZqX0o7ejHUh/kiILDsU39igwfTL9g2ZE9gx9xvpLUGg9jybjDiLPoWA4/8TzQppNO7WLBQxbRQSbN5nFfnlWdU0cCuBBKuTCqgaPmWDDG1ztDHsgLOOISSc9ojXSr+k2ZeXDDaeNbMzetJxfgFmb8hDCbL5gC/zWILHYBg+SLxUiB0k/r5ckaeCmIMaxZsImOmpWI2t1UcDXPLMN4MG2vJyw3VoRQ92mtNICm4JNBEJ+/mPpkAMV+9jVzOVw9vJk68GJWjFhZdt4cDDBgqvbngDD2aZPNd+eeR5QEHEUCKcnrQMJGIx4+i/1ITXW0pm7DxPnGqezyHk/I/t0veFkqsVEJR9hVMnA0IL3odwe2HfhZXEEIa6B3eG8tNFlMfG0QEknUz/NOTyBq4tJFJAgZ3JFdxEc09oU/D05T47h1mwlT1MWZIY2O0jK8SJ7zRn5fNWAMvD2y/0gHKIT3PxRdRYqyT4Qo0yWYNZUgJ8Yiwb4Jl8fLFWzKhv2c9CFIvXa5Qx/Bs+iDQMgOL5xyyNRdqpfAzBJVm1HWkkHHIvIIAUQ0G4JWbUDx0sD1Xo0qjPMmh4yRcH1qFnyyXky7usqtcyJQSJckpEVgwm14/wsegpk3h092EJgORA2vuetWFkFE9TCJWqP1rWG/uT9WQAXdLhWe21Dv4LQZauOVTGgKWJv8As9h7/wh1CQdZFMMCYytVlRBf/ecDIQOJ96BbDxvbhvUE4x1V4OKuRQ865B2JwpBWO1908rT9843caK8tkTENACTlXTY+ipZFfMo96tju3xoO424M+THBXguvmbZC+Rg/43xSz65q881TjMn55lXa8RBmdjn+zDA6qjoqXCsLAw3+JM8OxNQN6YIzNuVQlqcCI/aL1vk0OkJXVZMq3pqLiZYTy1L9ftwLh5mCDBn5kVCNuyRjHlKc3UAViBKQ72XhILGIkRdK0es4zuf0MYT70PnpQtO+poE1CZJWgL3Vv90nBdzjyutMTCZGiH8IX88PPQg7pXQ6qan2IKGxZtYvCQV4bKwrEI5QR6XE1ZX/v5LP+ldbJIuiR0MRUHKHUgOW++8kCE23eXskXu6foslrqUUDaPB4fd58foRbc0gxZtW056Vi51GknY6lztr/crAqbfI44vDqL7mbhRGZK++7KMQzrsnzPWXSp8+v6U5OBWnj7f+qcHSLMju/+v+XgsCDnVRXHs10asdmC95DMOLFVccLKl00BIlG3fYYsv9wUTtn/cbAwyk+pk63YEAAWk6P7rc4QQ5eHHwYjVgG7ZjVxEmSWVMutyVf7bLc/Ul6y1ePxqQQ+GV67UdLMgG+8sMM4tHsiujIVEd3ugXHERkHWmaPKyNiqeQT6cUEwBIw38scDv7+cHmuYar/xx2V+8iFpofqBhuTeUb8H4Z/aTygejeUZ/6MkcuxvHF1fRbFBD5TpYANTSQrFGl3PCZ3wJzr73NxiPkyTSdoR3DP/Qn3NUOISUAGphuHmi+hHGxGfHqWFWceF/USR5TnhDsFybf2PBaXIzzvy939RA8HeEqRmxWLUUv87Dp5bOPlxIXpacnxMp/wANN+MiPTsbroU7JQKl+XiZz/ZwI6djosz2SSVfOW1xrzLGphHQrjJlZNRaGfDF849IKdMNOi++wvD7gYLNfy1bDKP7BDnIuxtThJWJ6mtvZb+tEIG2yPDpbdEdCTVUYtSOsOlMRMQOmwk2VaQUwdEh66aAIcJV1OyfDkUjJNPajN4uX8h0P+Ou02p2Ljap4do4H1QMlTWFSnF2jSnoWSXmrQtfCW93x0JTL/LrcC/J2KGQgYQWEnWBJ7xu61K8HEpq0FPIvuQQgPtmERS9r9uX+OD3os3Yz1aecS51+QWwAkUJt/utgEp1x1nSms7tpaJq6H2WzIqcHmuO8MVn7edTxsYOL3+C+cjBfJf6gqTVxVE7RrV9vjhe0WhWLGKI4GJdOutsJ6eTJAxmFP2npL31NubiDM4M1H0rY+uHAhJ6LxMZUn0cBPE5ixB9jWHee5hu1RcwoLFj6riFONUWdKrJbrNezBo7etQI73ZdFE7tB/Xo9evO739j7XuJ08uTQfahsFKfguxvcxBkUGS19yhPSKnsETdm1ibI9iIGVF4ryY2FrFMFQIz7tkqEOSwftyZFlJFs3iKF2h5BUVrwjiKMsKJEK5z9erwXNc3HmJMftDEkgX28f9Cbq9glBBdGEgZgh24UQAMKAxc7P632uq2uQbJ1qIriMETBcchaQf6Oi6i2RmzP/YAFdGUNodC4U4BdEAruXcQoQsnFzEcjXhKPist9kAEgwMSTn04tDPfO+65wsIsZQ/ABekrLL9OhNw7dfofLaq/EPgqpRICvoo12gOcrZ/f8qrnKewsoz3NdI73csXHIVERxLEeZn1Zx+HumS/QyVMEwW7S/zSD/AKJo0YmD50XR135RpPnL14tsL4MyQyl3WJchzKQyX2+B6CnhIjoDXoA5bnrq6TI2C6hGTQR5sjki7b5dlux+knnEHQoXK20Zoy7r15uxhdBV+YBdz9vTc87VQVQSU5Qi9+kCs1ZlpchynAGpAweQYcvmVpda/ZpST95Ot7r2B2qrzbz0opArv75cOGVhbtfRGS1u7fzKhTu5sOCNpavBqnfxlsd0CzvLqmaYodICmXlIk9vZYltzlkZQ28xGDWkeZjpgeYc6lLowXyR8YbhtM7viiBHiCPzMX2SyVR93r/FtkYRvoETdMN7bYchsG9harcV3piWXrjmJMuqIwslDJt4rq4jC5Kq24CQ455Yko+knvaM20lQF1GYIXN1NpWGRPbJMrklLx5MIqghaqacv67tChlEOTkuUrzOPJ+LZJRNN6932i4Ork0NKFjLSMB+IO/0cX1bAPWsJ8xe0dEdb2AA+FvfE10VpgJGOarJGy6mROmLeKsGCAaF2ACcRukndVS93RTYlyKAaH6rhoy694pDJsk7Cfex5z47EfpUHDZnAqiZZ1I3W7sUOWQaWxR2jxQtvQGiBnJtgFRxReNv5QHo+qOrGe1+GvWo8Ioec9tmTwkRbCHZYxS64seRU/9Bf1ASstwwOedrk3OJBOaABakzsPaAlowZM9k6XKde0Rjc1RqfQ+ICBlE7ypFLN1qr5KiKtI31wVzHv58NTmskm21bSe3Q6Di0gUy9/nny6S85F+R/kULflCtdJdeRAIeZkKhGE/QZ52NcgqHen3hYMSjqkbEoqN9Fu0L5fKi2FO17awAnCJGX47kC9RP0SP+Kd6VkcJronK/FGNu9hq8xoDvfk+Pqk5QK/Qpr3tmerXbIy8QzlCDjZcPBH01BAn14fOuFBe+HByhUH7fC1IFGnivnATjk6gYBYugneWbhgRWJgqrG+MBXqxAth+d7z2PvNiwDK64g9JtmdnJ1p4/qcbUYZhjbMPIeqFKH/5ecax1hrqcEVVAnNIX34FqdWW75p1oTLcwlH3bPkID2PMST0ZZGgctGK5g2JVYRGQqRijKyo0S0M9RN84Hx2O19dAuDVyvIyBaVmvrHREdr54NllVcnSFXN0pWBPvEcbT+pM4RMlG1Gpj3TAED+MsAsq1XTaU8fxBztz57q/fDJ6KDzf1rgICDayMdrLYnZIy90NClghw+7Qn9JSoYYPb6Z/UkovJrpievY23mpv+ua7ySzPTr4Pq+1EwtYvUiZQe/P3/kLD6SKEK3mW0zYWgqt5EJI5WiSyLO+rQvZOXwcPUU5mTk9BqHR5QBvOyAAvwTdXWEIitoOAAQUPIAMlgJH75M+kdl3fzc+yXkgScRWefgskPPxhg2wJbeOV7+yFffrdU3hRBWa2kH4j0SZbPLQ1KAe2ImrvJBICuUiYzupUZrCua93l+i9WpemNvKvBnS1Mtc4QeOe539Ogl3RhPDIDyFTGclaIhi/BvmZyfL71EzPRBJYSIqvCM3ERgvsk+dI1IW/wJ68O9OlC1K5c5RXDGmU6w38l9MGctYH2zUzUOzpar222b+knjhJZ/oPV/GBh9EV1Kcjw/FiepZsHfrlFLW3CHFdlt8EQRaegTKgrajgTdX9zoWp/+MJDfdsH5dqxu0r5oyGrLoKEoEU0L7RoX/bY5gi38BGFb531UludTvnphHJKnCwhFP34th00YayJUf0OyPQoAintOK7iycsMijaphWdeq4/pYtaS5LSgT7Tqnn2qTrLflgxs2vloNh+NCMpzRRqSKSoaO54+vfeICaeG1SlRLZZs9yHO3zzXX526D55hkLEzDSPSao/oyuVkLioruokQ8tVa2+WiNOl/ZRYxMtB1BfdHhoPwOYjHutTCx+NIpuS/zsX6+z1BXZ7T9pxbNda7KZgoRPgAc/YB69bapIqUb048aPkImpmBDxsCxarMxi8t8CeN1kBl2mzARkL5z14LjBjj8LAYhHcvkl+XbcGt9hHBoW3Du6iO2MRD3+nh7VdPaYzSMgSM2poF5Xc/eXvxWk8nf7z99PxaQ7/LYcYuS3v8ltfUjJXeE/ZYgKBsm95XpItcDzRavF3pmZnrSpIys0giP5xSKZgWIoWX5IlZVL3YkLxmOwrUJpBbT0x+CYuo6vMbx37wNG/LVKM8hgFYjhTeEp4w61PoZXyfC8sQb/2W7V4v+jSqk1purriUqhg9Gt6dHXzGL6+pztWEkrjiYIFf42655s+zXrT2FpoCZwYJH3sKOh+ccRfCXOzdO8LTf/jsMgE38+ETguqWc9CrBsROB/K2/gfg53x11itRIfhiinRiDs4Wiupy8xWQRb86+VZt8oGngdubLajn1KWyyx3Jgma6YsbTYUz1qvSdB/AcuXB+VOGFdEq2hBNwMQrCwhzeOTngIm94IF1MSHHt0jWhFxJtO7PyiPemXm00ic5C4NClkJy/+FXWmPbhLrmhuGqjZELnEDzej1nD6Jp4yksy80h3xfsDvLGoeovpkylRi8YJkRsrECfIvnQbnfbKl9OposmOH6d6vXT0FKemcMNwqFVUySOkiSy+piNdIe9gazMYI1ABqKPGxBCcx2t6D5XmsVdncPT7Q8OE2ZAsJNFSef+TMyTNigcuQAj6yjct6zV8XwwFOPDiM1wAG6LR+lQvOHKJSbQzr4kYJkfyUHGotLNw6URVT6Ts1neX1KpISHjvD+IwrgtdnKQX24yFAGA95O1Urdi+Nw4Eonj83CSU7kJ/dZUSLwB4QmGj+fVDojTXDqVN4zyyJZruWLlpSfH5EvtXAqn0PVldny71Fmsr+ubQedcLzfuWwj5M+/TRfhY4gG/Usxm3LB0lEKHFTgrPRzkpPm5XZV6WfMq+besIp3spMvJrUzll7n1rQslKUWsn1CqIdoGw5CinDyphxKvvB5R+VJTXiOHA9bQUOjqKW03xgUtnFYPx8tsAUZWJDKUP4qyAbtyOSyOwz4GNsf8ymvM85c6DwiMBRM7I306tXkm7lCDPbbiD83puV1HNHd0F/7xWhCTMeujTYmhMpNFLg417SikGsbrhsQGi6SYL4V+wKAuns8x6faE0dt6z7J7J3qG6u1h4+MvKMt0WR//5yQPMggaaChH1aow0vE9gT+VF0erENYqjKCnI8OZlV8VJqCRqQWNWuIU4lcFwBc71gIcsZ0QxoZx9+GY/xfrSyVjlyVH74uHyUUCDt2SOyKKOzglLFz8XHczO0ybys82U2yQgHPhDQ9ly42EBrtyZaces23RoGbMN7VdeD5z/ULIKTjsUZjffVeSlQd1vG+UuV5TkmFdl87xLIxR4JxqZjw/gAggaxNBXIP2uf3CKxb0ofWZPZTbGsRukmjv9/+fjKDc0ZsIrpcoKpzVpMhE7MWI04WQeQZsnN42GLRXUUtInIHMM6B3fhO2bC/3ZU4v4QcO5rBaRK0uk8DNEtt10ytw/J0ioYPx9fqP6eeF5eAKthyeUkDgXfXm4j1He9urk6sKH5BpPhSBLvcQ/sUv0L9AG4UcXISNNGgpUrqQ+wZ04lAzDnrahPkC4YDdQz5qclYDRTC3RTm1GfTYaQlyRvjNa+1djRPBXdhlaGyd8tGhSPcx9dwlsvUCL586r+prdHgyopKnTZ183hDdDh6gC/hOa8xKW1N98mYtoCUpT/4xZo6Pe/w0EQc7rbRf7ARRX6BDzoMEYe9xwiyE4O/QyhqRT6psNA7OErKC8d7ER4ROYScr1g0UixSNw8cqk0Nu6QdE5RntjBN64WXx1bwSEr8t9gIDcXYgmvyx82NGtCmRDf0o0Z0hGGMEmmlF2q4K/E7kL1b5PM3ZPb6iw11yykffR9PbxzsXBT/P2ZVGGBuA8H5+ZO3yStCZlQQOv8LnUu6zSeO9J/hIGN6i75aFh3vHur7AKrrgmhXY4xG1R5IBef/7SUK54kdNeBpgTXtY9pceogUTuhKEf9xVOMF8XmuvY002Z/FF34x3T1wE4n8RtZ+pLCXCB3Cis2dAZWZoIBy+4PPFg/E5HGPRpx2hBwuD+iJcZc494a0qMlkAEv45NV5Rm+ZaFjThBdDhIYs9mdz9gTbEQg4qvuEMxmJg4VG5+qJorqkJxAfh0BiXOtbSw58Lne35568L+6EucZuoZ155HCgVKET4FZuPP8SPVAbm3jjbbv8COHPYFxpq9/XdH3BxHxueZMkcMD85WY6ZsjlvzmsozZExOk3eLnBnO1/NKFzoPUsWOp/fOnfCHj/wVMpdNrkXvZdILWxz8JzY6/FUxW6DEPdgkuq85LmffNUbV64+PZyq9a/FIYbuWg7HPdB8BQduScbrSsJH9VkpCDC6/HFQ72eZi6L/Qb+DYqiQv1IKX+HzaOGIHNmlaCOSlqS8WukRiEiy8aRHBLhLWHMXr2XtlD9s/go2HTtCcrFI9uREi+V8E9Y9qu1f+HbFMLTYUsByRa45tJT8uIWHSYTEm58+jEvmQgK7oRqDnJ0M9E2penq3HiXHrMW/nk5PqCHk7cPoKfY9q3VDtgc+RyA7sI4KsQeD8okV7vOsiGCK3vENTLP/OEJZlIgBL1Y71wOqDYfVv7nVYuN7mpIcFd8n+dDCC26g+ppM0Hi48SeVfrc72F0vRxbpZbxKDOffqlIfXS2YHj9KlWnS5/eZNU0X2ajIWTjpZIC0O4W3yXCjxXsmZ3LYZX53ePJSAcgXfOxyC1iH8qxrX6tsfJ1z/XwRm5N8j+Ny+xrISLQBA2eJwMoNLsmRl3W16pBTgOYLgK1fMh0YUYAfASc9PZnt/L6vmSa53eZUb3vfZ2Q2Z2GCY6eTpkIRcuTom4Tqb6hZctVM4HPA2KtqRMEKBKkhah6YxVFLQzQ0WfNaPF6MYZs/pgkjqoFautrRRMzGsHy7yEqAQ4RqzBDdjwP7gNPbITgr35sR2fyzcn9URh1jhgMzYJavaIV5vIv4gnIlj468elD9TRzKxH2X+9Zjt2n3/zw52R52iyg9LIa9NH7ZXfbeTZw5urPtsjEtXrE3w2MUAAvTq7+wYwONABmpgv2+MdJgCamZ+N1oq2tRzJGFeL7/rZclN3pxFTvIz683cyKPGr8UnyTg1ScqC+STJDSVxAilB1x8VseWmRJquoAXi2cJg63Aeycbtqe6OwA6W90LQRiLiX4huLadj+Yau0RLRJwGJXA9cuv52q9SfbeARkcniUG9rCFAk4BJhok/FZnktbjRCH+pt6UPCEWpvpas+M/i++nrPs/xwwbczpUj2g41tCIowj4vLM57HquWYv3yH38KhKjzHnU/Jvt50DYTkl9qJgjmFjP4kprATaQwGTmO/x8NNdJw7C0P+ncbmRuVuhtDTuK3PN0OT+LIW+Z3tizVbEA2EGrOkTXWfz61jEgC8kLLmQ3mx5Tu+urWT1s22Vjz4VJeKQb1lyC6AxLqUASsWhL1Hx6vndh/5N/XwMMyZ35oJDHHSKZiNcd9b97+Kscr3DQITTrO0KXMAqX6Wsr7vqXcqv6q0vZByl7qNF8GS0FMXWu16VJyGvP3OzGDzTnyj8NXotcRuJKBqky474jlm/x1LkEczVAumQwSsiA0JPFa/PlgS9Eui5X+DUO10U1oUYfunszC4P5R751koDOD8l71bzDdhsqdHbEuQNA3hbiDa3zgO0UOqW5WAd/53ws9hJOobrjxiY+DIpi9QzpBQt1dM4eD1rhSvOG7Kkyu6RyUEehrduS7kcAGP0KmQD3mkA2oyTeFUytjmhaV4beoiVoShHgwKjb+o/sj8jkYNhbFC8306b9kkl6lv0eh39ajLXjnv3jUojGv9BY4h6nQNvxEU2HW/PGQFVcxr9nqxyrTby4GeI5ZMiL22cr5PJIK4aGZeqKC7rDIbqNwUCKKzsVYBPgCFSXYwwdIHlMF7ZV+Fghsg0YTBxJMcC7ccJaUV6DpEHDX0adPEaDQfeORqUmCApzJLeDzLSs02pH2nJGzMaHP6+YIuqtulPYTLETaLMTnDu8fYqBCIbBYsQzNx+ganlcvXj0IgCWTFM+U48fpPkRCDr3qg47edMHC4INbTJ0CbUICSiwTDg42EwbeJ4XnzwuuJ+FR1briKF6xI/+iAHuqVI+LMizqxWWXN+5rJNBY6bWid7//4XFFfQt6AUwKiCNBbrhRf/hTdBegAU9/NXWhk2QxVUt7d2YhoYZy5YzY+YWAvmnxulGU4TsgEhLBEBHMkK9qU7mxM6SaY/19ttevG/m3w/ZYL7s1vS/gx2M82/y6qVxY7xIOcN3rHvXGU2xYx1hM/+NGyHBZXj0uWrrbLu8292zPxq5m8FKGUlFo8Aq/Ykh6/jqWxfSlr5ARlCjJqGdXdixuuvkIW7fVoDOunmf4B6lG5huYFtUAPL6ugDrhTj6ExEEbik4N9EVljByfUs0UxisuHbP95M8mzbq/eGHmMXbWCkT8qop2tmcOGb7E4Pn6rHK3vdrf/XpJTj3iZuAGq1ddMN1qR7mjKL176OhzM8a5clvLgdhbQZ1eugGPFos23Todk4sMLlngaFIwTvqDj+77EbcNUgNXhWaryYZraCQR6ntxqHTy+Il8qMdWXPX0pp7NRnxnsf5fbaQiFYccr2VM+hj6nSDWk+lN8KD4smUxgbCIH1TpC3MsFHX7y1t4SLv8w7ttge1/OErq25k61MfbTiSx5K/dkJGdZMbQPzTSFtq3Wi4qlWbw7nPJ36lODLVWTFk54a8to8T+3FOI8bdgXcP4dZ6bSQpGZzdFrdfy0gAd5JEITxgCZ2kZAHHVmqb+xRfZ3EcvWAE+j5uO2drQsTKpz0imealk7cuDcvDsI8qh5U0bwHODelrKSIB9FoWv49vm0qltTCzo7blqQlpOVLFqUIXi+F3fYNi2JiYXSM2ULDy6dGZZ3WLqAiWfHUDRoSQ6vCTl7Dc60Uyp7KUOW/HA2gR90jBVuvTgk8SAXM1QjM8Kp7dP7Uo/XJwqgKloFVpKp9i2SFk9i2yxHuAvnGRgve4rzSq0dVW109DiltH51z0Qco0CFLSMg08ToPA4WTu4qIDpfV3L8SuQBAhEqGP2NY2RG/lkwA1QRCphV20VQWbwmB5Dc+5EXYNnbQEk63ubv8GT1TKoc9zf5JgU3YK14ggOiBW+veNQk04XSfyK9SJY3+Ei2p9XPOMh6yP0rlpdZqUwXQ4hqtgTksc7ugiAElACPqi3znv1TC/YAmkwBA1lVwAJmtADbsh6UN13Mut7L49Clq4kmHAhdFQt2CmfXBHI0A35MVb3AK6ddjrEq2kxfneAFiNenAom1h6tA22SVXYFcrHG5a+w7T67VQRSKTTGhcQcYbA+KyAXVkWylhcUkTyccz8TNeNmV0PHLJvmLlKxMeplhMQCArq4YlzArFzVix9D2rUSx9lWInl9N2ctNGrSVt4cDakwSC3wgjJrtXhzriGzHJzeX1hLbqI9rYyGWC0jNohWm3HxKXHm7Qd1w5dn6bQ7IeozkfFnuW5iyjvq8/wgc3ItX5mtN317UCnpsnj6YgCHzvmW6rQ/6/2TEVSG0kmZ4NisdaOWd8RQjmT8Taqy1OF1XxagxV6stI3yB4Y/BDdTv9xmmGAtUczzmzsoxfhhkIaLo2goOWzf80CAaQnZGliRbHxxnIa6/fYcFGOOkHBRgzEH9VQySJYYzFW0s/TBD+CD1/wcNIA8Z6EVC4N76UeayAv6vg/JGeZT3dmwAMNptQ3UQm2RSWPsLhPVj8Wi4P+WYwMaDJU6jO50PgWge7eetoWeQTGWXo9o5NoEkQAYfr9KshhOpeFYELT1yIFvnROUmNBoHWly5m+fTnYfuECg99LrQwcDmxRd5CimOlYSOzUO1d0XcqZeQqMaUlBeIQ4ljhdeVKYK36U5YgSsU1kUSM4ukhDWA77xUnqcBOu6H97LtA2wlyotPOSh0BCPvlAZExKv0szYOwM5EO8wpEyB0TQpE9H0Q4RHTNMXtbalHa22uHlhFC76cg0ncSvjpH2Wpa7+DWkInpCWcDcdQUVsex3MhgTIBRu36oFsOFD+xpL7ZFh1drEB5USF7qzoFhoFqT91jacFtGxdY3aky6QNqd8zKD/qC6+qy4U5scIt3zwq7gAFjiZoa9AtMBPkVuRmxC/R370l50lHptYedRrrSvG3jPZkhOcpsT5voWLiydPm8ADXtZkmTubeorfo6mcr6fvqCc2euwzH6VpPX+0UpCveYQLBBcuotwx9WBr+R9fjdsQzJXY/D1wdaivOFVLqhbaya+9EPSPUiuqlWj7l1SkA8UAg4NLoJyjJqNBBS+PUwKK5C27q/xn/sJ0TjaFApid2aXeRf8uVq5vWtrlwoXd0NtV0e9OytIspy47UDM3R7wzDNv04PSk2gOusT1EREmv7OE7niBauW1Kc1gs9Xqc9HIlsABM9EahADSsSZ2wJKz/pGkFDxRaU6ea3woTtKKE94Gl6emQwv8qKOywgQf/J++OtmCwUFENlpr1SxWHSeSN2jNZBmggVkd+xflTfOAOjH+uryZ4kIiIg+NzAEY/auXSMZxBlWEk1Ggd13aqSAKJQxU7AelgBV9pWHGhZ/5DbMssfOgopwIPWkjV5JcZp0i+gBFYOJJHZE/FtYIMEOTt8Qh3AxSJtILNzg1CvHcyHadcr9l+v9gG0DT/auMEk5NahmoatyxgHTtHN/OK2AjdlTTAEhN060NCylNHPs1Yb5kYBADbWcmZm+sjIxQHd+hRLOv7uk9b2uC6ST9kZ8upXSNol4ZnFPKwI7g1owzRNwzXRZGejcHQfExJaL4Tppi/TC4jKhpLYawYkdlLmAGY6ij+ymi2YLZb/XjdybwLxc4UBRN4+f2A61mPqfw2SEAo0HSpc1Mcf45w1P69EFRaWiTSQQnph7aKEwb10sVtU2TOKqzaoSZ0KtxQts2PYxFbpkeZGDdLYLK1Qypkp70iH9PPJgQbcWZxJ4ZuDM1mXO0nTLbUKFFsm3o0BIMbNTEJOkdJ0Lezzimvz5rOrUxQxm4jjCXJM+mlZdggDU9YzrdonjCRI07ErFtOI+63lHBXxnlpJtf0VnXaAG342AHk4XRKlV8dIlsVebtCUSOUOTY7AgabKyvUSUCAohq5CgHs2MKONyFUq4Q0ybNurOxXtfPbWfJdRsQY2cPLNMfEj/TCoBSDSosg7iGh33/w7Rq4qRYTShw5YmW5wH/zhz4J4s6o1M1bRg7CNi113eNYoW2gZUxETdh5CAFWUFKt1ID/7bNBvenjW2+ydMaPX5/CWdqD4DGPOjpQ13XuzDb70syc5NZ1mpzGiDKJ7+itrfCRzPZpqLBXaY5WB4cSDKJlZbFHWmBf2IkcH/v8JRT5BYbAVlt5I5GZkyYpxVNRAzQ/YvbVAmwoVsZgspFNqomPeSa9Rkf19PFJ6HgaY4bl+WmCmITjtuxrRX958il5m/1g9xLmERJmCcqnuu09DLF/d3NAeSQbfmOo7rlfotaWsu9OFI7ljfYzNKgVQO3vuQuubq/272gESXQeukMrCzFPGlR7Wx8RJuNhOobnzfFXNFQrChN89vuodNWpzyfchnHB5cipx4zYkndmQ21CsBNDy7qnBxZAI3Dj4bGOcBEcG6Y/f4T1sOdhZncc/kKO8Of3FJ3hc5u9okqVLVeTqySUBCdKd1ieqdx21vC13laK+KNhLujdDxwda/Z5VJxjViF/QAEHa5bvArWhRDC9trmud9ms1tbz8iNkwkmCxkTzZQHef3Ap2wam/1bNe1pQLnEU6+VK0yqLRRpYDnlvxkOVMrngXx7PL8H3roPRm27tlTHb5DrjBefTlzvYFXGTG5014mCyFqeFGPYohMTdQUFhnLjJtzxDaElut1crqgCuw7+DpnfTmrLD5P9OLDpVkiBHP3fyJuTu/8tTO4aKVO/9nO254hK2z7LEiixFj3IcbRpcK4IYTpuoSLPs6Cdv10+CN5hYNjNQ0RvwNsZgrCMboBSwHgM1fC7J3SYRkYSohYNKfm4ReGDM7qeZeEiO+9HEolaaVvBotvIQxeApMT572V9q0icyv+c8QwIPsdx3YfXU+HChkpdtkWcVMaLU6DTAAUYLa2LRw69K8tojzwJIbUP2eUt2yaz06+vSa8WQMcpvP3RfIDE9oZ8Ky0wkKiLDAt1r+kJITXxZEAuXPYDLdu4p9/9TF0NuDANP2pTIqIoDLQ3FtYtR4myMg2pzNHTtR151Quj6mz0wASxamtHHdldP+eVHB63v7dJlNOrOS7YJVDZTVwLUeywB2f0uUUAGji9jP+wMNV7XZvxVGFdVh6Zxw0Pybd/njsvbZo+Ahlq+8KNlS2Z3QRN+P+A896Z1FDzP+FaS6YkSOOoYHwpGZCARjw6+APS0WsetESzBEgHUAz9pIAf81zgwTRmbZf4siIctC+mnrX3rrk9AGCxtmpTZocTkPCu+oSXXwpgjsMdAid5td2ZH5Z3swuJNkkiygOLE5vL90uZGtXEryJiVTVbv4qXJZiF36tTn4AXFVMO28WJryCn5J1rZV96HUr+JU6RQdCIGU6roVgIB1e19wwzbsBPcQzm2vbUmV7hJqmjF5PHkowh/URyYsNgmm559Llnsa+HjblNRiwxUsbN3BFjgwCReJVO18gTqvA8+1nptUz9AHpbMFIMqxb3Sl6wPe9ybvc/f4fa67aVUWemFa5aDTK70g+Jp0ZwPTL4/q/iOSVo1rKUlNxt1Vmtw174fsIPaw0Yn6cDEJiHnsGRTeM3dS0A7J5vtRGWWX5zXo1R+zlDTutElkP+UHnKKWthQxAh1UIAiVuhXGwKE2ZvkbonEp7PyHsZnm7PYRQvEfzD4iqi+f4vvG4JO4KnYo2YXTczaN2jVnsLkzLhsFWTYZcpMT2JGpm44jiU9cGmldAW07Nir2ZN7iTWD/qcPMFX8LJITynKIqtQ1yrV+/aQJikE2Va2zcO8YjLDuXAmm22w94odXU18YFvvwHLF7e45YlXvLIw8K0CaRiAZaksThToR6V0vxuF1j8akvO7+u9qpicRU/b69BcItbB9d/yZhItEk7TJ+5+umKjFXXrGb7yvFTHFgcI9zOmPpVndz3uywUgRKkWSxJxoyT31cfnhxbubFuX+KNw3Lo8XprAmWvYLXMtPYa+EglzsZXmECyw6UePGu7yuGeqdKaxZ/+VLLL4r8Mm6sATQ7allA+XKNfI0gqTC0ZY5VKi2f7xXsisggYmRJ9O9Y+K+2hNr9i6TB7TPXdEYpeuuc4aGiH+Tz/pXHA/xeObcS8jZKYmGb6ERCujz6F549k0MJRJTouFXh4Senm1cdG7c/lAgmzas7IewUES6P4iOrlcuZsAw196RGtP8lmp6pdCcWAoIZ4+qw3D/xCW+ryoGItQfMENTSn8mEVTvKQ7r+Tmi6KpbACOVl/IKjJlAS1+nEgSPwm/nPDeCmLf3ViBwpOtjm+1LcWUTJygtNYCa74jSQ0ABfNM0NbUvqp22MDHQo/ji2sb/xL0nJGcBIbaKtAHdBoBd3PLA5Wxmd4lccZqkQ/6X3D44ehPCKSlcwae/t+qHxVkNKL0jFMROBx6MUqd1OhvwHC5RGF5JM3DvhbkyHS0yTJkn5UTaUNAfUJoCxv6m1q+LcYAZBqy9KS+DrPkvcjbc3EAhajCUVNp4EYLE9g50xoVvk/R+HRwdVWi/t5G1RPHCoGf+KUwmvwN6i+HHtxI+aOKjdWIfamch8afeJaw6PzQfJ0FEAdKRz51Ir+ZUkjrgUI+06BFtCJXKujU3e2fpwk0y1VEHb7VV/w5O7X3QC98jkklV1bjEW7yYUY4PSVUx9paBXcwtK8ZejVK4uYSeUM6FgcCXL+MVwfV8i9j0lF1KbJ1ZdEtn0gww2RW/yr80NZsRamIiuBrnuTsreI/ohxd1lktrtygtuivIBai9nH6qzw9hyvn8lHl8mnIthQhZrqaj0mbV1R7hWpf8dQkGWS9tY6uHmLs+PYnmd8aZBiOoutsrKAPzw/PAif++0pzSwnaHOJRRcy+/VWY3vvG6Ml0y/a+5kTIT2j0nGkUs8kUq8i1n0r2578AdA7XgJn/yEoGTu/Qz2aap2q9+TEa5AB83truGPknDw64GzUUwtZsY0dkZRFSYVkypkFVDs/biW/yT7FQYaFgbRb0ZWGrEtJErIl7o0tI+foa3UnDW+scDyeAPIh37NNCyfjtiocz4IZdq1YT7XyAyTgkGVBK4GBgu5qGs9oYXmLoSWsiiNY/XD9hkThN1FMYXRgegMbbN7Kh5yAWsgmEhpJHBDivp42xhPI15w0lnOiQE8zVmYdtDlxH4gQP4vY5C5i/KfGUQQvBzdE57nIPiupJErktrN55W8QiPQnNTHHK09TiTKc25ZKApErKyHHIgx0hL3bHN4qmBUr/iJtYG54emcWkjkXgdEPTrYgBqnTt73FhIEnRalV1PZSCcMlkEyi/PCTGhOuVU7cIDpWzBUy74yfW49P0SxjQ3L30oTggfVQu+4khG9bUKSH6Oo38mZlDNG6DriIxzUzrxCmGEE3N+kpc89hQzKztNVhZW90fWAiPFyybF7rIEWBUffNBZtDDKr7fYIFqpwoVrLEOyAOPfdiV8PEeMVyDV2S/gqDCZo57xmux2+hrxj/9gShBp5j4KX6tjxO3YhUbTYsp7aBh20o691YLnXnZnE2ZpckJz3XdQbtPcDt18iZpyQQ1y8znnVN+Vf4QR+hxZzk6YVzK3ngxucigdbNcSvmkoG2BJS+xqEU++7RgWIfBPfa+faJo3jmzHmcn8Fq5aywAU+BypM0IAOxi+ABIyWf3hI7RjZXLAAkAAAAeTnviDG0MoICqLTGIGIfvtOkZ27fqGeeeE1hKPQZ2matQymouJ5va9Mt/1aq0h2+3B6i0MfhrUpUbWRkJnllZR6idtNmspcM7EZ8kNmyGHfTkLWk5BKgR5EitsqkvdiHd7vjZazPpn1wdLutetbnpHP4gsEINGR+DVLupDJ2MCijRyWefGTdJNUdExCyLk0liZJGkwFA9qEHlT/IOahEeZw7PpaPoq+r1JNAHDToWa1lfSy00s6GhsJKgI0XiOOTv15uraO48DYl/xNv1yN2sxe5yoVBoGrpNvwAkB7qrglACnpiVe9tJFdPlsUFsbJrAl7zN8+Bfl7X0SVUogRz3VvgWgsUEX1jpH94IWoff5KoE7rI7vHcowl5vjskGB3cXS69EINbYT0dxoXsX8h86ViQYr2p1FZnU438My96cD/eZcKLnmKa+FAPxrrNI1POalUP/wDje3FbmhIYW4wGwxMMCl8+DT0kUgowJfs6ZgnGn6tt/L3YkslNZ5Y5nKjiIGd/q4r3OmSDS5tlbPJiAjuObrhJEBd+HlB4dDOWhHqOOIo5ToARZY7FwAh/La4/zsYm7xmv27wOAqI0uwlCJXyL0eufQXY69bmugd4Re11jz96fyKx8UUy1DRPDS3bQDuuLBGPITO/KaZDipB1nC4IRA1Fe94y0YC9fRS+x8N9SqzLxwtJKWsIMy1/L3mDnzriLoo+dTpklneJ/Ynq8LH1RdLSDRTj6Ow6fK/U3pxcA38y3bcWsJFmdmygfvr01/GTc/hbxyrWojhJ6lxIrUnF/w5h5A8Fen9RgtQiBln1pW9/6v7Ezec321C8RlwUuhDqLP9KPVjWKEXMJot2rEUIh1AMJJnG95V+w7R0ajPYigSy9zTqmPsijiggyYMbzxUopEr++nMhxdvgBJIABZ0OwudHPBxCVpRFxBuT43zTdzS6rdv7L6MdpfaY4TjVm1MTa4ftMfsrAloHdwbKIeFnCS37IBP0AydpvzPIJI5n8cfqoJ9WxsdteCxetAwlZWP9G8O5ICLjHTKrKz7KKm87KHFRnCq0m02eK+YSRvbbQ0/TUDIED5xNq92JAZUEeqXQvPQoWjj05JEf9/Qn1j6hMD8UZhe5RTnA3B8ir/DFpGVqO2llX9SKIYIAh4k47e/Us0zzFTUVXo7aPmXSDEbcxDKV7mVKyE3Jr6f5Akhb+AagBT23S1Tv5bQM6v9ZNmIgbc7k6FqfflBLNabYyvG3BXeAkonrd6iAG+FzipyFXxwHRNG1tgGMh1VwXt0rEZV4LyzoBocxf6z1uuflgvk1lfaLUodYo/h3DnZJn/hS5zN/8l1lJuoMDmsaWyksOxLhCs6VGNCxIvYk02EBr8VK3B/OKpo3zMV0nxzdsZ8qKPFLG1kuJkwJnnspVybCUvpOM2G8HKG9YrHjPLM1J8KIDzBlfwyIHfLJtR6izAnKHoHfvobQdaw0MIK2smvBueeb94daTLXVo5I63Hbp68sbMXNcSmhi1Gx1qyCGfu/ee6k6sRY9ydTlLtHAjFUlXQ3Ka9tnTrCSjvA4iJEvMof9yp1tlp5TYzLj9vu4WxrP3nY3ZlX0IzZLP+0pocZsW0J/+IXTcHOWasD3nU8WRNvgvR2BuZlNe3TKArvP3suewHIEmdAuylkJ3l/uRK3ol/9JUW34H9NkkrZzsV4ry0rIjNA7DwU/jEP1h16kuj3h5GjXCvSbws/n8aYYqZN0WbeAZ9L5YcqEN7YifSGYJsTZhqTvGkMRWW3wtPWf00CewQfPvW02GDCDWMFHsTE/WtpRW2XFhBxiM/7pXxA5FlbcpMZhfgpaTfDj/3h46CKpaK7pdHrfRryaKLRWeIk7Fxf4zbD/8M93iW2sXqA/OeA6U6nfIXDJnvp5UxQ0ahNyMNF55NwFQnf+5wb7ta3kCgoPTI2TJNWhHlQPMHZzOc39vRlMfVJAIp8AGnVZmUatO3BGf5yGaUu1bTR59mm30J0JHFpxDpgXboaRBeVbwMHg4qVAcqosd/EoIc3NvmpfzR0zImpJYZF0eLIB2X+k2u/yK+7DnzMVqYP1XT02tW/z6r+CAoa68ro+ccI0WNQtdEhTAIv7Fkl8FRVhjG6QPeLEqfwJ53f5rE88qiBZh9Rm3H888KkdczJx8WDw9hkvpJEviV1Z3wkoMIZceMip7fy+D+BDgHpscJonlldlhpsSYeqR1hvERQjPXl+3lojXSC7H62oQm2B0/ZD3H0JyUTYaqOd6815agfUL9W7LhDtpDWyteRMmCdQ86fYkXQtOkoC49uvzKkZmSgSFvdQSgohaj8MSxgVQH6SGGKxwTSVgu//d6x2FH08J20A7CiWMwB4BpwT5FfR3ijKuF8rp2M4s5ED12VrpLxAgWuEHsUtNZUREE4QZ4AHToxk95zeeaG7mGDTODEhSgHDyAgwswYEEn5X4Cl8r9Y9M0jFbTL1XILrACxIK4ggArjQqsMJ/2KPRo0BVEXq+MuJpabOaFN/WumWsrbXBZ+SvfnbXPWJ5GMjU0YNH/wW+59ij6KB3s/2Y6XFjb93KYFwqEXimYtFnDH/E7C3SqOpltMUHFLFtymba0FnLJSKdtHDKKnx4VCUiUqIaalqrI09bIoQ33QtZpleSy+xqtAd7NWLki4bCje+XVsyhhzNb5OroMEJovHAGUvLcWaA5Yhd9fNLUUbN1qvNMn33Y6jYmRFObe4mds3WkDLjUnTYgbsgTbHUegQGj8Seb4mz41BxSHxbOT2dlRmzS4tP4sKwcGpwnE7d2nbAcubyTHkWMrUhpEafIcNO6wzYW/Lm67AKI7GD3gWtapBySe1MjcsOLMp7bJRl5Ns70EEXOMyINyqyPhzhIWg0YY26Znq+9CbcfXe+X91YJ/WlgCebRhhJxtK4yLvmoIYpNnJaO0/uGOwDnluIkQawJ5xYGIpiEThQF31eRkPm0GMz6kqZIG5eNqMxI3dkzwRFKvWWt7DpQuLmBKOLuFu5OG21q1b3qgA5Sz7MReg+he1/IWrSFIYh1J9hKpiUduzQOLaCokVxLrg8WziNMVnbDmjx8uOMPeFFk8d7oDkK4+G+AAx6YQBYvqwNG3b0+OEDWSs3iemGtT+K1HcH0c8QQ+ML3IZoEb5EG5g1Tz3PmEHfrFG26kcBVLwPHpZKYSmy3VWy/R3G27B4KSESzxbGkGGH+66RsWTWEvtXXzUn6D+eYGeVmL6nfUcmEqYnawFmarYPq0sngBoOSqmecA31LF9gGk/0LbhY0NUvZA+up29usiFQfS32yTZe8pF6sqzde918gIbrVn782jWbOZfB5g5TO+54FujVSCgWXfgECitiBe2RirytQTvxA24X+G5KtX5Ve73hgZuG5i9Klzhus+w82T4pY+ec6wRoeopH/yppkugHd0m2NumaEG6ApCzArzcgJ52kDae1fMhHCNn4z7nGR3WJQ2hfKL5MF3ZzcwA7pmrSclUsT/B9vCV9F2iwd5zQKAcRp1Q5mza969IYQhgmcJ80lnBdzbeflfyblD5t3MBN4U0cnC03IZl+Qo0mhyDX9sMCK4IMrL39oIbN4AIfDNhX6QYI0B9vGba8l/4eHNY9uNAsPl5Fl2YZzb/ST3g5rOpiyIBmu1Wp5bVJRVUy7T4LTbGBxwSQB4SUX/13IXI1zVITrzqHkU2cB3AkDrqR3Iw64xMlXRbB+dpir066tBCqNZ8Apyd8sw4STHna5dih1rjgUa4hqVgtLPsVbqSJzl6Xr/xhnRsKvatvYcvF3AqqxaD/PLGo1EVCKWM9Mx7vx6X/j+8Ls0fougKxuaEySriEATQvkslySSXJizLf+yoD2IZ8TeZAbP+mxdG0U0uNWCnI7VealVV+hz/25h6C49lMFMdrPl33OBC8tNZ/JbvBsHm+ixC1PaU1Th98kCrn8L7TceXH7l/GH165hcfGJcUni6j720IRyZdswh5mboyfZUs2jtTEIL21Aq2oUCxlUrYZuOCvhI2ndBITh9vzSHkrYg7Ct5FQ6ZpdKX2E1VXNSlHF/Bc4DqChg/P8cFiASf+Bpcfw5ma6nZGwHzg50UYG4TvWLx1HF+bsuszkCyIGOJdpwzJpMYy2vL3r1PaI1fpLdcIsfgGgrZddZjmAdugZ9mKfL3MxBHL63kBTG4Ira5/+OYrtxKSutt2oxcfxAMzy5KeLhl8LMWWgMvQNlUI5zR/EgNgI94cHv8OgclfP1u56tl0x/yKJ7gDMsE7N2m/QdgrcVwqLOuenxbme2QutM9Gpy9eN5hPAmOGwTHVy4OQaoWa5utZDPrxDGC7bSHGaRZgAE0ucTeyjNryPVbFuQ1qHY0G8Qg0xsrmEMaiVnSJo6ayuJHUwyS+FjYnIxcTJuo+BCG5j8D9Uog9XOeHw2NqASMPrv/JtdRSdgzDOa/duj+xCZPvVzX27j6oy/Z2EYc2K7b/ZuL1gpOOaURspemkwv6QqUO7vFEf992a2TzTjrh6zONlfvK+mle9KDFxuUxogsfr4YvZ4EfRJaSOfQQhp8ESnnIUiQr9fQFjaicIy/jNCEq+0gJcsg8Gu9z9WPkmAerm/qDndEvL5ALDvbZubOgq8fVbRTNCX+Z0snqtO0BLXOreRUrPuXrW8ejCeCLtWqwaNHu4vgQhZ97ylbAv2TLnSuC857Jaj8BN93+ZZmGXMXaTrrqKoM5RqfuVvvJP0q3LVWgGSZl46+hWqu6qSgnOWYLESByUnnqsQRZHYy4p7YM/cnrcMzeacByoODs1FCWo7dvbAFiVwmJZ2FuVyhHT+YEbe3LWpvkQ6WzbNd7tIDDX5rSoWwAWc/a+tHC7CbCDJAHO687zEgWDgaApueC9pU/qKddFHsVwS3wVTS+w3kmsyl1ItAgigiQ+QFMbIP15mg94jixAnGVov0H84/m8OZen6D4R2Qtb5KeLJBRlAGuxBl3+Ae7dyEL4wviCkV2DVR6gBbwra4hs3V2JzSg6vaccbcUzqiBsj8w1w+3vBeSmFtR2QIWDcx7lDRC2+J8ndlfXxUxfNqI9bAgrAA0ucdfstw27J2K4ulx6pAUzrxFRdk+Cxk49t0hqcliLy/o8Zm5txVk/96OdoxGTucx1IqVcqB8OE4+dOefu1YOaNz+NYuucBp3oKsk5Hrqv5VL0ZpdAx1tIzz/YEX9ls04aOOgBdgAAAIKieBap0QElOMGLoZIt3RbzmclQ9Dv5swHWGNPHRBWBAokn4uJYdQiXNqrSzGJfaneZQCN2o0K3Unk9JrFNBfsr1TzZ3NdDPYkhnPwseaw5afJEZ25tiQLkqNYXWBcSHCxhovLTSOQe48VeGojCPUk2abRd6cThJmSWzQWs1bdizd0ZGRlxCtWVGSTMI4zVc+qYd4z8DyT+gfd2hsuboFA3QCTA/yxi8TTniVRsJgY21/uYY12Rhq28Y3Txkg1oOnG7nE5W4gYV0zddXjWoLlt99BVlD7e0kGuBMTpjAwcvhsCvFtRxz+D99A6q75XPMkLixANfZ9XXSFIXd5CErd7hRHT8VsEF/k28fVWKhxFXSClS0bhLhkglMT+vP3mCnz0Qk3wBPVrKT8QrJJrjzvFgemkXBiI7uAr3NVn2FYw7QhHYTQlYHWopPFUFiIQixFeULBrZZloUiI+oJLQAtSoAxzd1LrgxOVQeHBMbthdCoSzs/NVpH9IqSmcrYjGzrHepONCCRJGBfCjy9VlgmB0Dn5WVRiW8WfSkt6etjDvDmOCM8K2CjytuLdyBDTiWFrX/LXyAsrGS+Zgb+TQHLkpx8MbOogrQWAgfBWd3Rj5vDFh5iVKOnFH92hDDYl412LD3Tio9/6wsmgSIeuzfF8H4IcI8LhXSSioDyKicdhK0/W7nk6EmTIWuNeWxUGM0qO36wl8dzP6fJfCVw0puQozJY8ojfUGooB0OnWwWgL6BEsdt8q1/xvoX+/vfYcD+im7zkDMkEJNBaxyuIWxJdcvbKywhiV57IJi81KYBrIKnVjPe/nHGPKJTj+gLmr3g8soTTVGOYLQ/ZdnmlO7tCHxV8w6Id4y0ObZefaSXtWFgKDArNjQWfTw/sNd6hwmDrIFfO5JKzNVAk+Zha7SxsOjikUzdMooFnnZpyOY+OZ67Zck2bka7dSClz7Z37XadConT2yE4xCk/eH1lQ6aPUNBO2mpG3IpjHGzMe/sxkb/dpjN9IdxC7fxvFow7TlHP51H9hVOlg4RdvmmU/sCLZsldU5HLEBVzUMer2E9g+LhuKmVDTqeVkQl0jgM8+T+4mDRJYBQacVqTkHbXe6oapcSell8hfqu0i1R+KJ3vf0FWZUPs1QwRbX1yb9GaIhQasmfaMy2dOOWKW5P+egnIDmMSBslE1OuySIFPlzxX9/dWZlJ8RQgSgIsWJSPgDVlofMqSX6I9AlOHCkff4wVYej7auKiQNmi79ArmCMtoq3NYCwlUp448f2T44TFX+ZvgBuWEekdCaNqWLvYzKEsgKj2NhnOT4srY95tJ0vWacNOv1u6Wr3fQnrsPsadj/Fr4+H7JbhdQV/Au7QamI4De8WdrqFB6eAupPtH9Tlv2cWxkeUx1pgjRtVCtYUx0SD3Z9KFBzDvu3Q1s8nwCASyAUQMAFBh12lrtLapgPlsjifZutfAVvwo4SVFw1kSrAlIG3zDyh2regn4zgHJ38gdFovmiUyzNqWmOsO5qP7LKsq/VDA/o+sOhIZAOluLZIgQ7D8gSccXdroKg07z1jfkNXbEmmkhAmVuKDOeaAy8A2CWoqCjNcxOedqSns5Zwz7EDDzc0ixEpT10WKLyqbud5mc0FFJG9ORTdAz5u8WAuRuT2Fr/PjRI+M1AYah/b0cM+6WV6pAwB9ig/Znca1xR2HIF8ZI2gUXXyDPwKpbBJnqbvAZo9JjGW1hILjB3XPEief4faQ9OIFTNXmjfzemtx77Bk24o3jsef9vRedAZc96KbCKVo1KeVB9CoOOSQZb91912AWg45TI2AzcmXpmcUUJhSNssXmNlQ6CBJiX1k/LSTcCVHEMV99xfm0CL67rncOgH1wqM2rUrcZKGHjgSn1zNgZvhteT8P863kDbyOwUw0GKb9jpcr0AruP/aKkszp4E/yHdfWJ/gSPB0LJPsHn5rA2VpFnPSAd2fj/2RIESIPGCegZK+GisG3alIOseUtLpvXiHQt/YrGqkmPtOLHBqbF36NjhPRadQ04WuGSPLARBLnzv15pm7GXBPhzWlCPjusayQq+JVwbEUpZtIzdBul/ns6H9YTwj/lVS+caT5Xfq0dQ8AePC+uzrG0xS8CQSHb9KVr3RfOBgPtUsAkZu4KBbqO7igxvuq/Q9TJ4xJtNpuE3EsoybHxCEov62jVog8bMs5s+4ayLGhvptftEtCd4/OaC8IOPEZW5+Ltbnp5kF/FW+G1NtEoGTsxGwucDJnAFXkaWKAKgqhur2QgFIg/YHZOaqzhp/oG6BYCOE2YzMugHrwInHv0x/9sukSJ6mQmWXPaXRtsUXBz6nt9ufQr4O3qOxC7laF5F0GNgbQjS6CO2OKmSD6nkZfVTU1f66a7gu8dU9n76IglmXWXIyk5ivAKZ9CDBKIdBPXBMmNI3OJRpl2QUfq6Aj2O4V1gXs+QRRNxZz3Yy+iyaNZtIG0v0IwSG2FkaNflCf/YoIJmrzmwFlmdFtJ7JjmxGx5VCLueO1AYF7wgivITS6QjO/xJBRMNNB2yMYx6oosG/Q7oIrLFxfAE3pTOiQntYOZJyEJeCDJM4myyYKP6ocVJZTmuWb7N5mqW4klvyQW7ymJndK2sekKQpDVK3Bf8Tu0QY2lMs/V4A4DJWwLXkKHXTXT0CXB2KLBP/Sj7Mmp+BmV/5mmWsQLoaKdYlzbec8RL+QHeogzbMrSfqx3lvS18aeM9zAFd6oFlYSU+xABZz3UcQxLLWyjkZjsp25ohOKxPAxECSVINNEC24sUPVbOshQSBBTHqLKkkKH6AproqE/bhe1HQG4p6G/J8EACyYhpFLBHbr/qK4v7/sXBc9PnQbdAAoD0dkWWj7aU4fBjjiF97u+UjAYyUs0b58fRQjvQ5uK6QpOIo6BwhdaLQF9HKx7zcZieo6OyxPx7yEzGflAFxAHJ9cwqTNySjxulCCVgzcOyDv/WyVQ1knHe5O/xf+/2jIPucyfMM1NpDnQDQNBeNjqOd9CVM8R6E8iWkjj9lVfUxDGdqa88bZxsMk7U5sKJN7zj5huCi7NdvuJ/LIKFY2pcgnOf+EoHaOmVV3MqYPlBKw20mTE4jtVRBRUglWK1Iuy1r4/prcJugzLMywEPj8VXCWBE1qNUxx3goRiAt5BxPQbvKVzEi61jOEMkPPJgy27H4m+VEIV6QaKvLy1fWfAjlV755vsWFkZfPuI2pcoXWx4HllJVIorrOsCvdHUCHjlAfv6XUw9AhEUwM+n+XxTSI2CWNDmDtRipcyjVJg/ga0DcMKjXeZTDJlI3BQGULkaK5crpBzuwSKx0U2NF521uncA6FBbIhPaLkSpSCpXCkuDvM/KGCaO/Ztp90np4xZFQhxcug20qUreHk+qVUP1KzmKn0B/mq8AT+tcetl60radmCZ8b1lP0uaAsKIGY8ynyQOYY6KUwoQSNimvwn2Bey+5URIzs6yQ8HKaK0sU/Y+ck1tvkQxbBKCu8L0Zof5RunP5Fn9KwRVSgOsqUO+VsDx4AN1P2Q/OGnSdM/ba4Nyx+voIudjz7ZoVx4D7xEiWQxz+xdwWoFWZaF0UMXdEmJXLSF9yqK0gGdceU1ZPx7d7xKBXC8WkjCaQHyS8f09XvQGGqM4aCKARFnwXY8Nj1slmEfBy/NGlRrc/Ev6ip2KGw2D1XdwkrrUtm99oqcDgf5jnhsXd1ZF0SM4Uqx64t3yDMZ9j00MRusVyhTP5nGLAI3kXaaJ4wgd88EwwafaYeXO8Yf2ZtN5kh7OEVO7N6+vEoKxqP0JP982nYj3wfyOaKv9/vypeXiwuD+EEJJfIiDtgYN1N6xBP8quLCMsNVwOguNCJPlFiRwIEcr99FIybK7LkPrIpVTE8C4/slDa29SztLl1507/GDH1GSei+QQmYkuGIXMGDRHOpSfRVIdnVojDTAyYMifNmtea5O/BMjPDkSUFvCcGGW/K+ASPDPsBFjphPnjzYhUD9O0/2jh2TEv+LrO915ioGFhzW0Yt+liThSIRwp3+smC041EFPTTega+5trzz5eYhz6IhX8n/uI/aoxXwzVav1VV1tuduvlgn8ZN3WLUFhWcNMuCLifutPi1GeTAppp4VYSxISdQVY5PYsk7Vokl80doEIY0SvVyYGTtWwJh8iW2QKjQNmvTuhzx92txULvgmKT/+FxVBNeexnILC7rdj2+oCpRFdkqxbpatiSFpB6AdYw704a3i0O9/fDOFvlxxgcj6b3P4SAyeTtq93DZ34JO/gJ6haxnniff8EzIBKIrXZkJ1ofAWMM6HCCO24mJArBwz675Vcp+wDlBiVsx+sM5RtPAmziVJwobPmwW/lAhximVbJpFg+MOyYoHohTqW/vL/ma88Ent4RXqcQepOcGWQtymk9rzOCQi5yLGVuanThemMglgO7+ZGMMLO+ux32crmuE+Q4daqTRgfv9erO+eEvfuNc7F3IRKBE95iaCWCii+Y1FQD+3/aIsLH5X8e0x01Dvg4maOdAXCfcA9tfyIoEqBxjummWCDmCl+YhR92mU2kkUlZzQbk76gRtUrp2A6yT6wxcdB7g+KPyjASQpomkbneyoica1OTYCVwTZpyI+M2IF1fytqppdsvLzCWbF3N7UHrJcjjTfpB7p2H97yrJrEOYAof7cEyPm51HBIE1wJxqwrgOklXaWOnQutQAfxuLl6kd0gdKWLLN1ghbmOTcqNCadfFV5JwBT9O3hWFWEcFsw8OCjCMAh+k95BSOU7UFfzpB+HJIkt0Avwq2DbY2pxF2Sg/5yrYSzjqyPBwTW2dx9G9yTDA0o1wNi5TBWFpA1S30jUPF47rVHONJyvPlXwG1Kg20Sg6CPVSxo9QTApsnTlgqhoJJ6SRHedDH+gisYOJj7nh3GC4pOW0oT7rJVgh6xK9eOLfBjfTHxdj9gvJSrv5TRfcd8R7qJki38cLI322PyP6vewnEh5rNmQ/ZhLtwXafNohrKRE0O4AS9iq19H5ftONdiDJMvRkmXf3aFBTlIi+EVJ0zalx+jZWmp9byXRKynFrvxN7ZTHbiuaUnd7siNW2pQGfrhTJHvwgXnWaHHQ3REXpd8CmAa+4xzxwWOrYEi+sRAGEP5caWEHKIdyGVi8BV7xRPyZ1vdpv9dYvbhyLdeXnX2W1qlIjL7RA5d53bDPVUq1K06pkya3eUHSHFMf/u9+ags2QP94kfzWSw4EHjScu6n0+W4LZChTe3y9PONf68kxiUtMd947oj5JxOnfqfTW/A/DOiOJh1TwbOgpE2QwnvOda2nqr+UxPtcmkiqi8qrB2QVmwpsUM+8LafzBfWYGNnr1rP27YFJHYZB8hrt5DT39ZijGdykXEIj52wjiXPplf9k31DXpkzmwHRCjyEhofJUuewy6i/KHIkIB9/tsCr+FEF5CFUmjbmjdCthyA8IVDej7OMDO0OI7AtRONisJcPBjb21k61qWs6Q3Jc1H4QwzfLmTc/NOhE+ckOLK2UKU/tbzuEjob3fgRSon3NQtivKxDimlepTFNSZSeYAy8zsBYMf7MBZRsaiIwMf0UVuFz5hlMf7cYJPq35D/AxJKUInQNTDDhuxH5GwokCkfEumjxQLpvglwLnceBDySU3EBTMK+ptgCmGjS6VMPwVgw1AGAiw9Sl/mm6vf8GR1vVEfUdf7QkAzKQ3Re3tyx2UFRcTxj1e+S0Yojw/XrbzAj92qTOoeGGrvIAWaEqbI1FXaXjBgfzzAgaulmlyBzinIpkJqAGV5D0Cai/6NDM1TQAAA7HyeDtsJp8TnyKnVgAqeAAB1Aman2hot/DPK+bgnFZ9lYlI2i35BC/ZHZIbhh8UIiCeWl+yoXgiyWl2VdUM/PmmmnrkQw/MJnR1tdu7rHJvM4Br7LawlVJKFN+8uD80XLAKeey4+45WAaFv6+jtEoMr2eN39hJCjBSNdm5Cu34pV6158GP41TBQlveGDWUms1Ia2/zySDlNrGL+Iqd+8hw3tcnPAR/IRS1Nx8brKs2AKr2CBIoMkjQUkyruvceGLUir5mkYZPNVWTb1Q69q8opM1E2PGXMkzDV/h2XNAhlgzSszgI0XbyZWfh0Xdsm6jqrgSulMO4u7lgK1IA7P4SiDkIJ/DCHLRVE6wVmIvLY+kvf7Bn5sj8AtNntR5RTfDZ0QTOflXsNVVXXbcLtLA4fJihQyjquyFE+8QMhjdQoexYATnZhUFerRuvT7usid/o2iqVBTD1gnGimzqrxvUaTG3N7jJY1XdtMp6k7m0ER1DQjF5OC81iVgBmbfPodLoBS5G1BhFgghWUHzokzyC0wB8Wd26265IAbcCAM2R9kQ55eakcFK6eOXzs9ZiXiqpMdwVJxPxBkcxLI8QPdXF7XVHajv+Ow1loAGWD0wy5EM3TmOl9G4ydvpinIlmInIdaOk1iZ9u+Z57CM0eSfcFD3PKjfcAxxmM6bQMKpNsPHAptkWzncksDhZVEGwYds97SFgpm24JpqdvB2DnSfpmEEjnHl7kuMO5InPiLy/oDJqNw9xW5iQYPVMjQwV/9/hyImthUPlle0RTfF59JRwtBMu0IHmB9rIIOJ/8S+ptvCF6lkdCOrm5kjZ2lR1KE8PA4T/1VRjEPmPh3wvYywvk0MkXVNrwlrx4zat7zL0L/LLxpGxg2oz6PPrf1stdj6o9JYTJotAE0t4pBr/UPADdIhqAUj9V7QuCt+t9Qo5ZYzg3BwaNokg5z/tBAHIl04v93o/wvcfYUO9ZmcLx7IbPxmaG7vfG2YHshIPLPtmx2gchM8Fg9ZX9NBU93dZq6mKyGolzFehpigpc/5A/qNh2A/nrfpkWATSumd7ZzIgEYiTZ3YDGGrVV9EfSqR1IrYm9yq9zgO7kYNIhuphloFSgvMz+jA8LkcHYLr4AEhdWatcnrCXxwB/VbTzGRqmRgLQLi0PEf/CTzcvCc6UXnSrf6nK3YzgUmJpaQvcvfDa4oWmv8xSAtpyuCVwzvXmGx4R6IjhnJq7KcGgSi4I9WUBd74rT19ZmOqzzugHpwzhPN5sfEbYdE6+WfPGWtenVrvIzSEpwS6SiD1fV49fLhLoWFSTs2n2c7Wedfuenv9BjgTIHFoIYMRyPFSjmFyr3T/jLbWwAGzzHtOZ4RvUJSjakElAhRGD81UbJ2vu2Bw412Eh8TjST5F9ZUwJoJhXkuZGotAkWZIaG0RDLYl+8DRpmvrbzX0aDivxxZJIf2kqy1R+0QVyDuFD83A5gu4UvGjBq3RESMXOp+ZysJ9/pyLFLgcpdKQKLihMc8skUCUyRJ+M1zaMmXct22vZaAdgNF0ycFL7n8v48wz4R8YO7hfYApVe3WrV7EYzwLHHnoHWLW+3M65WUjkM6B1ElmvF3Q5nH4vB6ID4aCdmiLngTzqF6F5jqKmzlwgGxix2ohpE485tCbJ8bP2OT2hDhOjFotCDHgAdIqsb+WeM1e7Marb/MvPiT/cxR/opNR2cSHajXCCeBMr1mHnHe97nvSvZ4bzxZkHf4TkEztXHDIfBMPVCTluh6aJb/R2kQpRJqmrazTkeSUhxXSofIp/+Cdo0bkdI/Mqt91jSfX5ucG/tgZpVXFQdtM+iNJa89bHGm/IemV1oo2cqrZ54kNENnQcEK6N4yHKpXButIqmfoi/mSciQZB4FEg8yXj1yh4gFdnH2F5l5fnQM/yGFjTdLmXQGoZQi4sxFozrMiNXVv8u7cTdPIG4g3ZuPhXnySwoedyhUrvKaC0J04WpNHdRJ/qLaFrwMiNfw05HgPwz2iPY1zfi8Lb0qDufjRslchC2wgVvCOTj3q2+pFmVVF46X4QqWUs2Dvq/PSZ4UMKCSBi85R7uztMhHYLhEo1mgCRlGDQvjd6IbA+pVwuA7/EqxioJHRbnpPYdtSKWBnXglCSzxWyG/PG6GDgiT0Sn7N94wjWBsvXS0hP+ojcvTgcM2zmZj4UqIE+EFqaEn57rA+uRwY42lUQ/4AyHu98haMhMq+lvt5lV1P6XN1m0PIR5x1YmK+IMrPbbYG2cKqzZjzboUC0M4G3MN+LisGY/ygu9QpP32RkQsvDusJb8NkxOdwwwSjPklffsUYn6x2cGgBNdIoi13RyBMHM/xL549c8nv+6E7rxgbDV8v0NZ8njsoR/o0g2evFCPBe47FfkuKGJEGn5zMYlxvDy6lGZ2NG8RJe1117/cMnBD8363uZ8Y1WOxYsFbz4dw/4xSp1JiabXw+1WpUWF//Cx71cf1Oq2Pjfg5AcJ4ZEqdK8FwjbxApHXX/qJuFztYj5VCM8KLrcIesBYH70IOZTDLhRH+WSEICPcHsbmX5Pq2YyN72EccX9W7TH6Vueks9GLX6F42TXdeiIOz+HY3Dz/FW0Z4au47Cy7EMvC4TlzEVVYb547WIwtrytQF6nLH7eiXY8dhUTbzGEHqJTv21LQAwI9yJscVje4SeR63L/ug+KDQFGKuSnE4aK0SU6W0rfpR+WLfwU1TL+DGj+2sVjVpvf456ocTW9BbkSK3nWiOCIRAi2szIsN7kA4xYBirnGkbqUkvApstl/2re5b6q2vNCcWn6Mma/MLnoNeWjHA2ZGtpJ13fwmKtKMYU/yEv3U1VpZJJHUhoN/Fk3yvxpIYnb4F8g2QnaSlo40a0xMPJYnpi2CtI92IMBw8DqLpFt0q8iK3b03rGEq4TgBuPXxvDUdH9Ik3oJJU1zp2/4wlZDN8eWimF0RYbPpuDhX/VzdFR11xRlAGv3lT+5pZhz9FzRfo6ghzzMle2WcFeYBBN6cOEKT9O+86dsubf/LjIfWSZKkK7Laam2uWeDxCloFkKNN9VI+hAGagvX0oVFomCJPhp4vC/1V2MkxmYfQl8epuXEwAEI3rEWtAKlwB3Uz+WUWDq1+mJMzWvM+ciib0hDTpJZAj7Wv9kozaqJwNGzFG0ThXxaFqSJQBcRRi579dpu4OWSxBh6WSz6Vja8LV26lksWXRc/3tgnLDh1dDW/g8itKFbqtOp0Ggw1H4tOe4ywyWa8wElTEERfIU5aB+WBikduj1VFFPm8PmYhyvDi+9ruwPynizqdDV0Aq58I+41wwxVIt99IqmzZZotATx5DK5ok1NDntnGCkxn2yMYVlrlgFdJ6gUTWKJL9zEzsS27FhsVf4w64s04jbyEJIjt+P5OuOptcOQZXsGUEaCsf+E1VCv7B4dZEqifE1WH5yhWVdXDiFhjcmcm+PVHfhEiX9Ij7o63qBcaEawX9AYG0HhTeS3vfTApTceXdTbZ6VsQ7kUPVSJ0E/Xwt1LWYqlmbi/uHwBIvje7aXu2/DmwES8LM4pqn03J08/jy5SvzOvYUkNyqu7a9hloYrU5NuuUAKnS4vce9sSFHlkgkXYkL6ZIDy3G5y0DUMoDSFZqGe7B97s1yvWIGVXZIgb/AWcui4zpAvRkzI+6rH8aDCvTs6iAgustuF0Oj/Pvs1+FjF9/cHGAYqY9f6iFRJjC9/JSubIS5IOn3WKJVeFcLQfTH2b2R99UTRYZuTdIVJ2/4JcMAvCHpiakDM2ezjQpTgGK84niky0Z1K9lAaB+r9cXA7eWXtRn5DP73WbTW8IZhWJV5bhy2fTQlIBzaqAxe5ItZNTVj/UHj3GW+uX9GsJcy0AyczOLFFVAFGvGhHpHmP2tX1U7YE9YUbo+vl/im1optmkWOS2X88/oG8HxP6dnuxLTLgobPF6gCUXwnS3OH8fi/qFffEseHSIKxbRZXO9TUNuSQL566PjjkozASR3Wf0iLhuXzEv7jrC781IvesVQeXBuYe/dV2h75//77TUu7kwjitF+dbS9roKG7idD7EUr4B34x5w5UfbuO59FpfM8T63VCR0UBQCflj3xjOIWrSxKUn2XKDFQ+Eaow7WjCre/TPa/QSDQEl2uwYfiUfeH/JcwDxQM0Q6X38VSeJ6mli+ScARNLlk/CUYYk63Y98qLAE6DzYt1vD1xMA6xkRIlRMyxp9J6fU2mW/eZN8zGDIWMuwA1TLif6GrYZR53w2x7ByVsjg1/pU1FeYNWxiUTu6XmbAJ6q9j1zcpOoWm4V8Qq6fnDZaDJBa0/wmS/TFRsFp7Y0gYDgLKgp5va7wPnyZ+8ARixcpQZVxwkRlq8UIjPl8HXud9BBOky9gSSCRVW9bMobJlwsRchnA9yfY6vRTnUJEPR7yneDbKCW4pvysVR8+gcvVNR5xqTZWtrRrZ9cXBYw0YP3cj0O7IUzoYQ3Khjh1tkRHDJ1G3Qub1fW5pZfJ+DQPZ1ssgR9HVBA16oezzRP+BVMgtWpP9m1US9PcjfMYOsCsD6nVzvFJMwj9MBTh2aTwISYiD4nLUoqeM/XuvqoG/WGPiQ9iiK0Br8JBDICjsMbeqt5fSxQsPC+028GQwkYV7HbC4pr6E53rRPmyJLgM6j5mlmu2K1RL6MCLiHoxOUT2ivUecq2UVx76z8hhlXU0aUUItnESxniX5eETz9YoS64fHpZX3nH6ViFsGX//SsBQdfhRy3hizJvCUN82teQL5L4qoQ2x9uhBPnTh1CrTMC5WLO+Q1gNNbchSaoeEqnKaBtAPfUkeO0xf49D6MpGUqkLds6DWxvmcH5KSlNxWEbbVeV7JajJqAAfhMuEXP2sSOdmE9Zs4CmP3yNvMRw/2Kt7TOTBlYGAuPXbPTPvUYwCMob+V1dCrcEYSlPhMsK2XPV+962A/qGggExPwxB2FayYAsrCVPBSQ6TdENmHYHDw8LwCBzP0CyEN7YYmgj5R55wgFIutxZvY3nI5xZLhvx5Lyqjt34RaVczow712TPMY9D6zFQiwZqfrG5cAJ0H8o8miuaLKGnL1DivVN4HVY3akQhar/VopPkOlye0CqRoGyTRpd/gvcKWQ3CNlgg7iLdv7/P/3RkMewK2tJ/fCJ8ccPr3tPMi7Cu6+2rluip1BuQZzvt3Dz1XB3vYYp4XORQ0ystmaZGbcwONUE9N9EPCQb9rBMNvvIc2Imy0aaR874TbDCKbMDW7iCwNOhLOydZeiaavjFpmcS9nS2o5n6vPHzx8J1LSZh5l5YQ8utOcgnx4jqxzlBUAPzVPtlnGOevnCjJ2/3abiS3N5U87rgDgc5WLByveXW8+PDAJ6YnBFNQVC9eWTi3LnLtKEf1fEALz8REBwxcw5Kkb65siN3R3RsZoT7vZeNtPkY/6t1yra8nnJo4ZFBwncMOyT3igBzUTAKvMWzNrYLvnYAw38mcvsZzURDG9snfd7YvJx/g8u311dnK16fnJUGawSz0bPpzVKnZUk+2S8fBa3fV6Jv9zq7tn/lblHoQBH+2KY331jFDgkvkGT6aQvFzkG6g27Fiu1hYt8lVG5cK3C6GAHSWhJiXbJ9CskMT2KGps7kDknEmfbaSAnpvKrhapHt5CHgPc4eWxb36qwGx1r2n5LOQL/nWj8ToAXaxQxxiyDQTHcURoiv8+Csq7IF+7o7Aj3YjzrIPYQ3VOQfztaDuf/NOXhLwQZNSVdy53NvB4HxzkdExuv7o6z0lkrTMryHxwmRiUdKgTyNXvYWRkjVZ7fWhGL1qUYXJ3H+74Xv61KEWfBZ7s5Qs/tBVaEcUXnKX3oHhKOTNkzybHjEwPNo8Uq3g9ijQXhhG82/L0PQSq7JI86ra8+onD0Mqfq4FsfcbiBUETn8U9UF/SzEPMrb1tzQF0r0ZJDu3ChkhSOOIuQc/2ccYeY8fE8Y28u7fggIWzjvYH7PnZFEm/j1UAp1wHcyDAD/3M3atTZqecnEPZwOMMshDo8AG0ip9BhNOWjVUJiiGRUFoBURRhy5JzybxUhk5TQlXptiQz6yL28t4b6sHGlhhZf3lM2MgnbBeg2c1vaSl8BxyAKQxEtEUnNCiyN+za6P1a26BAMGUdmlb/dnNBd8HD3Ot8XHvX0M5bMXywlftMaTElxfxf7X3gXNVk+m9G1QUAf6TOPN4viq7xE/ndBXZGix6EyXwTrFI1cTP6kES8igK+b4Gb48RbMCFUG/6Mecw6TwZcrVE2rfq9fRUPbhhnaL+jhivYarrJAo2jqOSnc5AbmoABsTXENlX0s/xmytAAAZ/gAAB/KVNGvH1BSWH4HukKGCQ4ioF3JH+JKGmQZtnzESiVVfelrfDErbQD4egJDkiXYJLCOZlWwZ3Du4W2mYjcTg3rCcRjJSOjUBBO+GG5Agf5D5tvRqmgKAwX+F5bG0kJRxV7avvSo8vj5bTqyP0asbwFVpSNAq15drTe/XU+0Pbi8nN/Adszfr+WC4Sp3AWpEPp1RuKYMVh7w1b1XyVK3JwgON5ZEuS3kZ9CEYPVLpS+ul4wDYYPW7bpxlaX2o5g9u6BhTz0sQA0y3tBEi5GbSyrHEWwe2isZpPGq1IPqtW8LU79tjNEwsP4yL97iKHEb3/C6i+SF8aYolQjgkaZ4iTRQ6lG8awDwROJQvEDyNAiXWb8IwMAxuTLUmxM83dBwxHeBCag5FedRnxojV3otGFSBsB0mEC+N2XVTRG7puZkd+ZGHxyt5tmMHyd9IxpyE9kgvntc+phlQYMxXhvpR/asDFwI5Nlq9kOXfVF0wvjf9rEKTr21sONXQG8F9YTAt3FL2nMI2wwlyntYIDqhgBBajQ3ntvwrqzNJpCLv59yHK2nuZ5vnuDGp8jfLXIbPllbmkD+nKezj74rQug+rOcCCFUD8sEdHvgummMp4iQVQm8XfNrpyC3ZCcktsyAHv62HyS+jfz4FUI+KNhsL7VcM9JVs7w+u1tNIGD/94OWV0+TpvtTx9TWfNYODwjbvGOa8NpKT+vr3cTAixdWOewcVZHKPceY7ve7b4TXFZEa8MCwFCbg5VqhN3M0jjtkPwq8NFR2yoLt1MAwNjaQ8nYuKbUJYzwVhnmwq0tMkzUmQT2f24noRHnu/jNsSXTa2UUicUrpFQdgknImp7uhSsvad8MMYpN5DHCHOcvbV+Z75r7GIaGYCrXzJ0FhgqKI2S2IfucHkV5IPoiuS579n0EymfEhvP1X19zVNdrNsXBY5NFyix3xjSHFUaFcTb3KJad7iaZYkinqB48PDqzGhzi7/yvcjhWekJrdMC1WRtsXrsb6YlJmF6ZzKRo2bhv3E0pqksMWBaXQe6CNYCGVd6Sownhro2RBRfdM+6Vx7KzzU9IqUmiLKdYVFTg0dVn6kvWD5hN51KOohDexMZlfdm8ZxoL4VoHyIB7z5nyaZ3G2Vn+zxXsL6PhnBlUHQmJINf6kclxZauS++Yy88VHxFO+KPI+gSOOsiX4/hAAEhYwopalPgtYM+q0HP5H0P91AlC7dlV4ZLwKQ7C/oHsSYLnQmyh7qlYjWBgzesJa3yZO/cuC+tZTnDfqoOVQGsVb+GkCE8D4qM7duAn44Gh0mUxHZyAi1IVbDIuk9YvLeT1+ajpNTx/c0fzKur97GOBNU5jnm8Byv2fvJdLnwbf3ezXtL2kI5sXTzrEOgMxtTvufkrZ+oBKwb6tUCW6EEJdpJYA3l6oDcU+KtkDCmthXDFD9mmtzekhmH8AOZnIjgOqIzRQV2+YpvgS3iRZIGVoBWIxKkjU4MJ+16YS94t+GPwDqJmc8rtamAy5f61Eg9UpNYsgtWZVm2DLH8o7tmjFFU6xalci32U8LmSwpwQmI+avrXIvQHta8qRvVWzO2bC0s6JuJtDtssrhPRb0Dq6BbQk7QXbfqYZoFZLoMjE7lMqUM28XnGU5uh1Yv2Kf02hd6Z8gX4iuzNJZxPOmn31BGe4+d8rlZ3vcl07fabzy6HHYsjGlLsk3V2AIL+3Ucq0uWVCOQkWHKsXg9cQ49c4uJ5QUGRKzkQwJ8Agnyv6drtKYqH9hBL9ZgNpW+j369IZpuH7Voi/VOxgTBQVvMHnMuSaCkdE9bA3DJpcIDWg165klJisYLATlnj6YaoxupsxM7jZ+7v6PoNKTHtGA+HH57ss8JXkhXXwo9wzQID1RSbkURkw6/EHFgQ9L0adfxjqMoGZRa+NDjoimI71mqzQtbUN8nuuWoyhpl1qwsc/j2kiCOV767I0cQ9/S1t90Meg7LfFJdiayitTNXIFmiScRVnq0vrx0agx9bX4ywlIm6bhcotnPHJfQmLI2CmOAak8r6F7oYYenu0r4IMy/q65zbvEfgB8mM58AknZDIdswTbc0s54ZWPoTv0bGnLLma942ZgQHs4Dfu6prLX9XLzjY/dYOm8ypwmrZRCxEOd8954N6hH3bevReT3S+dFozyLIv6m9hgVCo5xom6zixxDAMoUEftmHJWYkAy+4OASWZCq0woaNraWZ8cqk9fgNsik7IcNg+FxuUdVYDzD7+WseWlBJzheOCzF2FWiFgsgjpUycM9tHg0kfBWYU8qShM/XN5aohPSfbYTFyekW4N0sA0IZX1bUEQqOAh9LYSSEm1Pq8eVhOUHbuhkocEb7Em4lHJZXyXxFG/r0AXH+3it/+DPUFzqTaAeH2o4Q6EIlEUCBFhEJILOCgVf+eAvAtjC2++JAnGWT3R1ZfYGCG0Yy3y3UlWEiC5CaBri0fA4v7IMrLNyzdaSovkBp2FN2MuRfwt3PvQ7JEY2qrMKkLKYU63bqVYlolPR8U9fBpih7/E9daDWPncM9/6yjOrf7JVAwFwzMUZpw1RuQnAy8SgSL5Z1LU9YRBmh57ZGJzo8pvBJpgauG3XsKv1oCgb38Qz4xD7Cbp3IsJoa8czWETxf1KTF8Z6aQKDRBdSfcAQl39tshtOqdP3abNS8XVtlAd5VUgsDNSLbBRTl4D3FeXr4lv2BPCJtFf6HCRNNz1pdSnIaHKb+5ONuPvFqTQJVkMntc5/vuiC+S1di0hZ9THryBBHXOj+Tcw0xUotaD3mTBAqc8aR/x/xZ5A+vbVdjn9/teewq+fOCiDzk3QO+jHoeAKugVzBXLN74rPfLjSuMKqZTCUYQ2tlKdyJTJiud5XLVcugerqfD74IrbsLkq/VC9fJmyZBgpNSCEWitpY08/jVvWY3Me2SLZms0n2wp5IkWz3O9uPMk6iaspBTgzm8tRUx6asn7rRfMlDsKnDAsNvhaVziGrkkFEVeDRbx+H9JEgVvUBnJpMIwq/K0WqWVi1ZCEfe1A3bOBhrWbtkX04B0Byd2csb2wRdb8GqeITa18DiZ/UIoSkQECZvNS6cZbscJ9Odt5MuB3DVJNv8giB9+Bgl64sdLvGXIRvDWSJlPn9Y0j4d4SPfYhDq7viF/ZG7Vv+XCk29C9Absa5Nbp+guwsQTmVF1RfIFa6GTP8GUCqZTSs+dfB9+m2daMp+Lt1faINRbRAGa/M6+p2q84T96r207S25TueHtHS1Xy5lYaCyCKRZQVlmiw3BvI87bEh4+TJ9huK3XfE1nEDA1Q2d78USvfW8mm9N00iqUGgDOcR+gpVN2HH+m8Z14SLcF6rMSlrxqNPar/8Z3sn69CWDLcy9vfa6DvEEnGLwmg68sZMLOU3rzzD/DL8lzOgqrvqgc1b4Yu1tU34zwGHqKuCweP6VX5LTzo/QnfZiOLhI71JbDpmactTWLVJ1Bp6nM8TwZ1Zos6mLbE85QwYeDrdDJQSlDHUqMSlPLToWWkBO3gyloXwVixFYmmij3He+S9RNyBgC40+NYiem9qKtW9Fe+EVHh65eWOgSmFjAPGDd75WwGs8aknrfrEzJWZGuiI1w6wjibQXoUhSLPGN9cKpDOxgE0+otMIAv9365hJ7YuFm7jgOjM7iIhAghQJR/LWiwVuutWOZGXtqxZzvYNWEsvxp0V9Se2V6fzcyaxp/24z9dQOWSNLw826MZcgSvUPhJBoVv9fbZhApeV+Mjnpv4L46bo2YOXtmIdTlQjaYWHopJFtPOiEkBNXFFp8ihbOpRzyKKnQdhQXI47YYO6Z8R47H6KtA0DMqounEyB/1WLrxmNhnUrYXHn0OPDvsPjBdk7SOWEmq8158ro6PYWxDhS1PYKiqXB2Y8Wx6w1aljI9B4tnseqe54mrF88Uib0iyjzfzpiilmIyyfxTAQlb5vzChWMIHB9YyCaWnWs1D0RX3aIKzX6jdhHzgOYMXZhsxz+uCVGpQj6J9FO4d65FfJh1O5f+OxVdzQpDZevVEsMBBN4NNobpanH23m5GMxgXkR0TFZ/tguVXTdLIHkWNyWvE9N59tOQd88ov05XmcvMFrvLdwLGh1gvVxaHeOAXXgc6f0NX/dUo63kdSIdwR4gbr2UW61Y1nRA2jPpnWTg6T5Uj4h1eh9AGecta+UWKPTyUottdvHU2s7IBdNejFFkLq9QsKulN8oa3JcYJAIKMzCFABBtm3X5V47fBlx1C+TTVQ5+albODwg150xCU49WO/1TVLs09/cP0i8W7NL2UdQjD3cFbRpB7Lv65u3NbyaRzW1mLADP5LWP5nZ6VmwXflIQ0YeRydF5Xf9jtHBJ7hDU0Adi4vI5Wh+GF9plMWYs77GRA73ojdYQrMG+Wexq82bapR0WD9SjSA8/dgZO1EmtKBvFlkNnL9TpZ0g/2XKl8zh5mXYG/7sXh3RJb3z6uaGYEaOh4SvyiyCniHLB5/xzPL88+mMO50U11uMB6e37i2GD4eDllkDBQZZg0bZABH78aqVStiL5+cGM4cVqd5bv+2RfcYam82ilRd2djEzP1g+tNvxX7dm7etPjkxMlwFqzAW0p+Bt5rpSykpFaNca8OGbQx84JwuqwYM0NKs6AslcTseBHMGRFIS8xsAQgh/mK6OYHWmADjGRNnhpnPeQMVu4OYg2ahSfpaM7iY8zBxmaj6bUQxxJVUnlVYTwpuo5GOm/T+DK7VVQ0CGby8QrKppthPP7LDVUdGdA61s2aAsRK59CLUeGD+xLowW8lYF4Jyc6q8Xz6Uwml5Ur/Shz2352yXE9ToMzjjEuR3HmnbP3eM6/Xtexo1OT8I3q9qVpXkMrgJPcdzCZGY6Qqb+cn+hUqBhkugSnD+sBm2OypBHlIbUBAmipamQYydBYIgBR8gQ8qj1OzHWEpURE+nQ+HNwGUQhDD1HTyVVOjefOe2Fm9Qi7P/RDjk6Oo2zT3fxY8yOO+ksIXJYu7720DJAnL7uXOVAEfEA7Vx6shb167yk45ahNsFmOyekbOkxC5eg1LVfJKbkzbmm3E452ur0GsOcLtPlsmGYcndPyM2piRBDnsPRi89STkmMQlYrMQ0vQaMmLfA3cExNhsgDBPwZpVR0NCd7hDkKxfSELTefZRbUOX/IPULrkqxRJFyJ49fB+obmCbolGKMXpys5fInYAD3QOV2qcolbkhsnC+X8Uzxxs+6P9E/+5jkqjaTpeJkkSh1O4VgTGMP/Z4lX/CLOmF9ZDw7U/AAYs0NAW2b2B/OPLAMs5Teq117N3iOhf0J5yjQqu+k+cQ8jEa//FpvAWBvOsyjYcA9RBYE9suv8U21BMUeeBeI0DfDs4GLkVx580+tsz08/JXq7aWgXPKklWpzbEQudPBTXGFsV2pnw4qXhIYdTHFk5IvjIaOloPKJaFyiBT2vbR4vXBijayph9AXk0U6mb34cjLuKT23CyfpPY/vwGxeAjfYjjKk9TKg7bJDpj1oUAqYm5kQd+r+zWITnKvUZaBJ7FJTUxhWIP9bci/2dYyGDhbGXLGqfNHp6+aZ+mQ9M9JT+Uq2ybVeCq1G3Hg/RD5+KJ9AqrUpgc4uy77rmV3oBTD4T2/qsLR4GNz3SvglckX1LSYsnL+CtyqZZ6PvTiQvbSosoIK32b5qaQS8mvmm7s5FwJkMBoVj4eOgMUlBuG79FGgfI7vJWXR6bmMv8YQidoU37kqjgcOWIyRqKkBgY+qhxO4y30+irUY1p0kTeOYU8U0eyOw87+z8tEbyvGVrak5wT0nX1jsnr7kgv4XHc7HzuZj4pnioXILIq8/ttuM7UHTxQfZFf/VmgwztbCIo+aZAuCn2Z0n/gpYz+xOqy1fOY5u4yDDwSmDjMLGJgLak+ftP7034x3DdS/nAOlEC0HxPANrMXiC6SREQUGigW9O6+Jwp8e5Ah0X43t/UCK6iOxB2mYvVeTQ+NV5KuOC5x22SCPTjJ1ocV+Z4jzFt6uZrEuLy8U+mf30P8VD2qoxIiL+vMaLQ/SmOgitC7Fh+rMDYT3GnhrWAQlq6JhraADZ+++LCX7r4x39aC1KwJq3y8MbVgVnW6OjrEtaAhNPc8YCS6pJxzIR6qtK8ehldAzLdpHKkJfBmxMjqLTwLSrcbE19cN8r7mIbBd9g4HqBpEqAIJ4DOhJ+PgDRgAAAAAAHt2wVnPiNQrW4MHZ4igx0MlPbqc5NoONE/ZreuB455C1x4tvfoY3Q0m+orUF79KnPoIsA4d0ZAjsWL8ADrp86Lq3rx366TxdYdi5YY6/zSDsM8b106l7MvgmU5PkHHF5t1iAj+GeeabD6cmiwAYm932eoi5pan7lY6Rqo9dQ6VCUkmLc6uQ5ZRXqvZSZTiVcEdODctRqySvBT+pWQVJq3e3vE1FwySOpjai8o/I6sFWz5S75++2i+ieve89r/bwc/T57Bg/l8Opg0bXsfElyw+0Iep0Pamy5FvDpOXzwwDK2zIM0KexfV3p3Y4hPb/UqAlC9eOcB2SN+akyacc4isTHSloQdRynaj0uB92jpPbZcEPM3XH/DgBx/r4U4uUO9oeyEgi/suNrcNTjtWLUpe2SS0G3lPr8LSSWIXaxHi5PYbOXfKaRChv1qut2osqbKGRtnQmwLJlgqYTvPLDju/oZ1UGtiLTuie5fHl6NoeVNWlo9VdE5CAQQViwdVswzP8NzsqH+CDtSoNL8CskfoaFYFB6QmqtWTp4A7DV99DuOiiuKnMIAU2quirdDpKSgKfAIG/hklUhRqUMQTVz58o1DG+p0czyBh3QUiA758u+XmziRSRtin3TuBJVP3B7WI1e8OKcoqBNF4nSfsqRC09DqLZFgsffO2fMH8Lw13ody9O9KSoOCAUrzBkIYINmXwO1rKz3PhcSJ83S+I/UwT3Vy+Uxf44YV/+RdGLJs7+ZiDiI7ZDVbyF8fcEYxhldBZJ6pElNiUN81/m/fR0LhGB391Af7BA97Feolu+Ij5U4kDiLbozlBwaewiAD6x63A6tiMW23STU5S2eA2Y+kXuUxu16tb4ibaH9moU4C5Swoq/BqKSezj8UhgeOf2+Atoz/xhxHaYkTC9XgJOPYKjegBhv/Rj4JelkjH9AxCUnLyLiFELnLBZ0DVcKQN8TtJ/Cl/6/j23hVSwdTzJdNwhjWTLI0fB6DPQ1U+NSToQ3C9eqM3QSKuG7H9erl9uRF5Xz8wg7N5i6Gg5WzHGV3uxXNsEHK5c2NWO0XOVaYALetrQF8Yohd3iaMrsmaIFL+suIgjPy7R2tGb8V3CaOH3+2DjOxHWJZvSAaICiQ33Z9jO17ivNHtr8CNbddBU+ppm/C+1m4jJ2UN1eajg3IUIlg4/SErmzRiHK8w0nZ0q/kkPLZwFluAIASeRLfaD1BZ6FytcpKA5ENEEOKFWGiwKB+WR6qJuEo0YI4pZawbeGJUIp0rkoZWRM+fA1K8Edd2vVelNbhkFwyU13brtB+nCMTDhvVwKUiIjDr0KKBH8/bk9Cd1EuEYL+D444oqz4bWd+p4kaqmoY01QH4uTy7TkXn2S8xAScMRMGMiwaUspdAqFi5o1v2mwkdcPT4Xy4ZeoiyNpzO11sntGQXRVNOVHN6nc4CTdM3W1ZawDTUrE0g6NPMi4JJe5w0bZEFdyLBTK2bNMgkrMPfXs+xCv42cAwXgVnRd/Et6TlVJtylFxbNJP+tTXThZZmOL0ERn1LdjqVauW0nDL/qLzDf3ZHrEDpm7a1Cjbs7glfGVfNl74c/rkawA0yPNZmGTILga2bOkPzrnFaoitrM38T6TG/IfyvEbind22zu6CXO00EwkLYEJ1rzjoNHdq2KRq3Hl3fxdXuk6jCxtwyo+nVFfFDqoWiiq5AFzB09bZG+XtCnxRnIeBriNTvakl+xBwb1060FtVP5Z5Noj0ucJ7iZVeK88zcuveqdSUT1AoSEz0HcTTvRDcApxC/OfYJHMigxro6LL3z4JoLQ1/6PBR1dvLqdt/aDmlPXWDG//RQIamadvEjwdXqGTbTMOHaFMOcfAWWxgc64hTTZBB8vJGhSBCUJosV4ar9GrAZwZSoNJGoYNsIQA7KzRpVuxOFj1KgEyLlEP/9MJvh6Fk/PKpbpNUFZsAAnQ/0Ab3UFm7v2VdeebnVlNhGnRIcJrehPFYJwgJ/RAYxwPHJlyjCQ3mLtynuYU/0L7jR4f136fmhYvycpy/qSLxnY/rPEUpZ8k2iyYYt1tyx6YJA8Fk8VXEgKPtsoGlLRy9oQ0msf7Yzud3fjowICkxNXHcCpaljmoQHEJV5TILC5VcFzYx5TNUeVsyZNXsDHNT5gdZQyqDHn0zmRvfxHn0IqxkhuMhEQPLEPdwlXYJcAHTm+ma9q24DgbwalH8MIGtLiHIjobnhQo7IdBoRTrrB2fee61+BnxeBjT3gFFSZUcK001B7WgbbW+dUH4+IkxjkKW2yZhqgGzNkeK2QJohnD01t5rIN+KucGV+ayOQ0PZdUCNg5546/9nEXfYQPbH//kJjUAALMdoWrO2d30VHudoOqMhfPoaq3v6bnoLli+6zjyvdRtjP+c1r9lOQKr+z+f8e+ZWHkgNUvZBmw1/GeQpyMdwQ98vf4H8j4tRK1dmWoma6hVeFfAA0OlE6xyMGNWmgitPidaR95Suvg4v8gu5776o9fEGs0cxcFIK7Ag15oywYfTpPoc6Fa0/L8oZFRSVPQnyOTffHlrWeS6f+ZtF9FNqdBHWUpeajur/YNxOei9y2uXSGTFW+hzHjKThh2MzSssdwmMe0FNG6q5/OndbJ3hkbvQm0j4wC/YzmCvBs8L2IAYrkWgXXvpHgM+DYU5Eut2n8kL27vtAVFymqXMoiU+hUcRfQILn4YBJtNByIl5Kc/cGYCrgbJ/BZ9ogi/+VKOw+QlWkymSVh8i7yGZxPKb1vc2gaJoOuQf0KXyVTf4hRgQ+hn4+NL3bu8o1FmljfMPtIB+BxbS69wJuSxNHUugxLxFw8ClulwIbc/5+SmmNpZjjY/guTshdaw5FPWxUuOt/NLnNB3coDlWZqvwYnOCtqBuOedtcaJ/iUQYE22cTrsPi/RjNzTDq9L+73NyQDOzjJkC0tbGAwB+z7mbOHO96Vpw+KwNz7VLsB3XZZ1VTVaXcnhvqhQ/yGiynzMCrX6zafyDwTth6tKthZAsYotNo2h5zZ0iDAFO7hxSS93KgCoGOhtyRH/ozizOWupb6/peg8nysxGG2vFkoKZLqNL7AcNj+EE/aF/4gOVCeaNQ6vL6sI//fdIi8h6axs/9i3FjthAjmVaRNbFRSXmWVHjYhQVUWdawP02ppqUhbCKdoSvEoNsiEFVRMiLx7L+lbsiPvz1I3UnNB7HB+RFXdiMqnTw1vVVc/3XxU0HRjQt4/lyWf2ew1taJdlJ2WNwbl0jpWoa7m49cVJJBTk0W6gM5/AR9OpmJKhw18j67CTGtLnDdMwezd73IKbCpUOyGzC6EWNyinisU/lB20UG7DKlKtNW4Izpzx0bJadSg99js9noliNxs/mrRUjTNkEUMr85pCylE7gn2H/qguZvQ3DT8Xr9zvr8N1mDxNIZWHnI8lRXh83zWY9mmqkJMw9o+d+PK0ii1oL6i2OFX8NZ4u5yQS+n5oF+Zwt0520VO5HQXDv439VXeCMP3s3akZ9Lhtx/95BSbVNryerNX6mLWi6fMAMP4I0Kp5KtSkJKm3eBQrgCc1SqJk0v0Uo9eL12uWDGkpRLOn8BY6YrSY+NL661y/7Fxtyeppxg04crZfcXfZGjoVNtYd3KZSZJ9wg1rd8IZTMxY/9A9VUyJ7n9qpCHOC9BYWexUfBwuMvc1YNbIiq7s5IuFp2BM3p5E4DA+Hxxji9NZ7nL+T/j8T0ZibR/Ud3U9aHh9bvJfeo0huYIJF73D6VD9bJ9HM8Xtj+CPAJcol4zQpzN8m56+DcSC6qE0kbkG1PixI39CAyHOSPZRSpoy1PWeuxOqOPPdXPg0mJ8NLCpYIA71vT2fv/qYr4Edx2wdkGcBB6KYwJa0jKXpOMVNexAEjF/enP2JiYB5VRLYAYvqCphJqi8Z+5EAQftJji3a9uuYvoikk1wlmVb1dsEfiyak25OtVebqCXGKIN4+nzpvmL8LNUtX1V2VFMUJL2W3J4mQ6+lkWfKqpm4DcfE2pk7WeHSxS6V5ut6vUmTRl1/awjVHHYSFYcplv7DnJ1kuiHtPP7aTxeWSsoomx1aHcWO7vRZIVhARi9Ev8C55+olWLvUfMB4jH3tG00vysYQwZCNvJsKxZe2cDHJbfTCBrwVjtpluDdE0/SdwnJrGfAWuVkK/qREhs2+zrd7Zk5thZ03nYWlo3tclMVxvWC75qUYQZCRutqATOyeCXo4G0T746LexxNYeplI7Q+zew8Ee95L3dhmHD0u/xlIQ428My3F+ImJogVypPGjV5vQZyhXMiW/icmLO17LOYERfdNavaYam3MfOP+PVWlZ8TGZnFUKtmKqvvbmjAis3NQe/PZhoiH5LJ8YF1g9d/nDN1lTeFPhlhd1BqhmcPvl+IC0ovJoDhebHbmoxPPlwlXPwTzNOmLFZq4X/1pOkEaMGFJjyKwhHUyLaUneI6jYgXPKraRJ4ugT7PGYVdCmEvqCkd1yrUZC5ARY9d3t2/psXoYY5GYFlslkWuaUOXr5rxij03oiQZ/4St1bXuIHVKok+qznSWkPUF5T1srFMHe5aVvLFdx73KuWX2H1jWU94FVz0FekEdvAuaWBgG3wijL5RpPJgInCLQyFRu10ESQ7JHKTZP4UlMhwckWIin39sfPIKKizDK1Raewpmck9/ObVim8SP0yo4UMywdC87sUckd5zVe6gu0D7Y6NCQkdDWjDLjpuMbvpUPc86yZhNkIgz6qzu0o8gh4u9OGtv3ezQ89vkAPC8zYGsfaYYhegGYUHfE+5ho9ULO8x5VsoJNUPrNlIXevtY+ECGTZ/AMQ+BPBg9saOL1IHaqtboOGVSz43BpycazZTcaxpNLHbkkgHE7iqD8UOFzTzOBK+f4m3Wb5taTi85R8y6tyCWaQvSFygCN+PgIcPyUnWer6Jp22MSBVegvgIO358DozIhObYDaI6MO43A1Wq742CGoFxHC0pagkN6PnaekPq9d3rjn2KWviWEQqN4MoOQO15hIToGmEmZLJ+46/NVgSDs6p3GL65RAySqJlOmm5GIwAn8g6+vCoHvAAHr6Pbgs27FTw+3gTRiwgAAAAABv8Z3+4Tgh0+Pl1+bcMI+jaI7GtrTiwJNULDjkSRsiMkTMbDjj90PiFF/awcnQEQWQ1NI1sgQPmjBCrPaMbRGsQfRPDTYEgqciGM+42Jawf9FyZ3xYujlrPhPtNdPdgV+pUPx7m8e0BN4Fof0ztExcjcR4zkYtvf4vudok+/aYABQshq7puMuQzgaM2Z4ivIP6za4qJonJxtFYAZTwxevzbq4zDHtjUQuouONnMMboOlsjmBKgo4uVOmhl4PjtuUP27W/Fh3Y658tb+9+MzFaUGLZKdP6BUKnqN01VKv9ujsCcK+r6gdHJy7XbVeh4o6RrarYHgI00sumE5KNN5aUcjhSC0g7J0WD81zsO07SXn9ZCMz1LpqpogDtr+RDPkX2NLknl273WH7MMBu2qiw07G7u4IY6pME93H4DX6V4He+BG7YpPrAmXr3O1TFH1FApn1bHlzOr9kMLkW2ZM2VVU2Yd8FHx6C/pCm44zxdQRT13nK+hTx7OkwNue1oBl0ON7KXjqLZHaRfrOElohGDxtdKJmyPhcPfVPc+/RNxnSUz9E37qt2LqstvmWUPcX4QeXa984XqpdUD15oMUY1F1wG3ZPJ0M7bA74lRhlIerI0LGNWxftaElddw0P3g612gGAllFyuA9w5JBYgICwzDZOZWRmFcc5MUfpWIJAXqPiRq2r0B6IfHV2cLzx7LQHlL2drd62mQQ6Q8SYbdKMJ3Wydbzt0/GraixfcKk9KGUxJaMRp2uIz+Xaus4/XCXv14kECBRhgBlKYQSk5hn9Es2aXFz4UXng/+Ku4LUbk2LxYlz1Yyh5nU55clk6W0SP+/wce7y+bTgDpOx/vYsd2hvu+1Qif/zGwSl5TJ2ZccozIQILg5WeSSAd6MJ+bSjy63HqcqXy8CVmKt83VFSb/0l4dbMfcWNZz45PZYHMSzbtIvQRatAjst2bc/rio5sPSiaZpm7SwXC+Ljp5j4hFDI7MSIaSn7O5zAWgcjHzB0P6Zv8WBCndzEQwZBJ0TSrEuQ33wisnKrb6RBlg8x/Z7LNhlJoZeIhqJPSp2HPwluQEqnt7+hCZ5FagSpHm6myuLpi2vM1hYcjj0p9/DXFtfoFNsTMGqd52ZKytuY3ibcE0HSEOYWgdQ/t0SDJrRanARGHv8GrbuAsGzxS1sYLQjfjP4qzdmtNh+PPlutcX9q6mu59m31corfnZrr2pz+cuh5fPV8+XkwdeL3Rb0go3y6xkJ0zzlxWs3ZbSDmKQcFRFNYMf3NZ50sJP/tv7QOnCDz046lWcaEoXNBYzW4XcoeN33UvMAV1feT8JH1HExMmerw8oyElrAdHg105Jp5JzZnaUPdSediZT90NhfLH8g6sTX/fmNp/eA6zuOIn1K6p99DAZi9a5/cAUpWQH5vlEkGiQoCa/BkmT3SzckVnouvQkukDBMi2Sx9lPkK69Z9ne57uwsMzFT5ofLmlPi6w+yY4Hjg4BsU/UHbqxzvBdSW4w2ExLiw+OG6vrdgbAhSBSWFkfZ/tiws7+xT1Ebe9luMxyiGLhnvZw1peRvUrbmjSRHErXvtQFhx10OObySJD33ohn+xZ6MsV3L08jLu8budMp1o7CZWHxPJqFf6PzythgCjVbcbCd5syNXkqH6PzRSvHqU56LxELbTJnO0DBmYHxUDbf9p9P9gdvpQvj2/ps7gc18JpQwfswwl1nWpPlBzWHWWudaOn+FlDtGbFD7sRy0c+vNvl3NVkLxd1reBA5zSEDtQM4DKXSs1hO+WiNA2xc9GW0/54OqNAUG3xo0/HQ/qUhFhwosU4zK67loxKG4MHO2JQBA1BXb88iYqDsnJtDsCX1scs+hmxlrfuJlUQRZsa+59RvWY3nhlu52hDx0yQ8yQsu+mDMf154geNB1eaiArMvV9Ha7ODWjPb8RnQTY5JumHRNghzAWlf6AxIbigW3hmbHYnPKO4UmV1tkQ/oivfXsGYTiiMP5Frpouo/t9jipkWxhlSTYNmA2Pzc4NiTbPVITNBNaVu7lcxIs5SBpTRN/HEXc7K7VgFvche3crg+kAauEminv8Ayw1s4FEbgzbom3FEcM5yJen3ZjNb+Zkkdu2FU8pJI2pdZh1917kK83vfmuOSCTCXPA7Q8iuQNWwCCNLxrHg+1FerLbHCvRY8PF5atcHneMzewR8vxj1E/Yhp2QXJeVNc8iAuILFav73RpOGuKBsO3BOOYTLFINBAk1d9fwlkmI0g8Pc4vJxxRK7l6LT9uJQMSSb3tzazemJ9s6M2LKDxKslcFFHeiUhTaRRUyM/G3T1udNrpnOLQCbzd1ZzALbA5BDcjgI6ATvbYrHkn91/w9QQ9eSzmi2qBFVOmsuPrho/03nu+/UlvOGBzpSJQkItyDOj8uHGosd52WKbygyqO8byAwhoImKeNMR0gGcxVIPoT9MZd4oKGq5kU4F2h0NsbXeckpySwqKrx+mIh9YhEeMMHdN/3p+eucWVU7JaBlzmk0B92ZhtPliU83fWq5jBBTRJaxbH5i+q5sga1IYBhpxV991k0RMWN6Z5PiZ8/odzEePdyob9gunXBmYmKSX4oQ9NQhYuzhcTeXCFZqKsFzTn/d7XKBCmvD6+BiDi0CLOHUxkH4Mayh2vGtgqDcdB8l8iK5lsUNPigprp7fQtk+6Hma7SSbGLXSEfUUlDUf7/ITo+besUXDlh78wOO8QNFsiYkdwJwGBL50CeHqjtpAz3s70BlKa7JjhovmldNUQZ+f63IPnW+dttcPWZS6yDdaQldtuwMIrPnuphZ30d+7sx4SN41RtAzB46y8JXrirov9gTGDhsNJIxDRJ0YWgqItyCubBI//Vnysz8WUS66o9cBEHmS5HPU6liGcqJ3RJbbf8E3BOIgoIls+SmLPTdVYPxqQMx2RGiO6WZIoOFkje/sDluVmYXLNuPRH6QHHQR7dTEgjPmkLKZHgjnLla2Soaa4zafMtzGkNoPI1jAHapT5mnJxWqUZT+2pU/RgUDrRY5lnJan/fypcawlAyR0HQ4bX7IRaayWhWtyYckzrih3whYxHns3CDbBrQO1AKpLETfadfjDKqvB5OouqDWc1iTYc/43r1VcRgN4zTItydJvcYxskFU5lEY3f13bLfYJcwidzp63oxhy6Vmskug+ZnqOC3P01rQ9qZCdgbCrkbEV6sdGEFCMdOd6WcV4SkbYNM7aTbpQRSkYmNZwsS79CgGvxcQ3Bzvr9tXNqIv82HMZGhWXyB4HFHfkJWk1Tt+zTQVJANSAKeICHiSBhV0HTm5hNmHw1f1wgHE1XsAZLoGry1lM2WzcrGeUETrhbbr+B9JzYaCSBQ95tXdJTuJMbVpyHOWEbUFIwx4IXtBoAZbCUl+H4GGXXh1gHqUSpc9mIqNqekDl6f2vBPAxCf7YGPDqShnrE/u1QaCWNowKd+mqVo3YTceT327oEVC4uiYmv5HR82qgwiU5g7pw5zcyEfl2q2yMvXAxoGdx6OU4jzH7xSCZkjCMVzsg3R5iX0iHaBTByQsHqS1fopZh419kDvfP7VaG0y6O1JmLbBljzNYoyJeAL9ksRl6TvzgKwE89L3gY68kjit9XD0hmoGc0lBPmpI5KdnJNQRyXdTNSqkcXdlxX4AMSK4L9yffCcUPHlO+I1Tx/B9Y5ifGsNWxmds/XVoq0krOLeIl+01FO7TX7XKnNLpDlnQ1lvMeiEfE3OV75Fi4bJHmSl7H0nZts9euZpovpeoqUGozy8GwIl8Y8OLGbo4W6dP9oyWOFwkaO2qlW4yIf0WZlLCSBJHGVfxpNVZdJU+6jc1NOvxz2tHICDki6mPYRtvkMB7BEj/eL2gebQ+86jJwDf0hxAHvK9qo7+31z1r8llGdlJK+SMQVcZ/uTXHzY3i3CNH9eSDMbP3322QvhxWkOvSCm9J4rvZqdq5ZB5bYw/rapjrl2nvQEqSRH0nrfW8Ais3uJrcws9SggmchcXScSG39S5Qr2hAYekRX7vaYjzE/nTdL1LgtFIQ5k6hFNR+w5QBWcc5BdHl9BukdutiwWufcGVlRlhrKH4Yj62DxqJwX4cLjtISTuzp7xLRJrs95detghwj84QLjxvgktkFb9flVTZLfDjM/4NCnnNmX/7td0TFrS/IBGFEkkA8TmFyIMdsklJ59fNgTIpENlZHVTGR6R9xhxmxawWDr7kwmnq3S+Zm7qwW0qdh5t2qW6hpwQCzfoLRpIBQDs4E4PaWXnWphdjNxvlgAC9R8d4bO/MRJ1ECa7ozLTJ8WB0PSaYbXRdUq2On/DnAKLAN1ReuHo8aRLi7AFLvXIeCk4iu0VPCaJWEVA7tXrYXbrvpZWFmISart6tO1YVkN7d9AzWIvL/Rmdt7mTFxo0ahUxyfdcA0i/W2oGEhTrsZPafKX2dVik4GpF9ArgcS+MKR3Hff3/oZjOceMEN6lgJu8UYKYPltXMec5bRkvvbCGIPqhSfHRf4Wu8BA3nNAmELcCjI/tptg7E1/9RjpOQrtckRYKdfGSb4y2IrvfqnGpC1q09Tel2bcyH1t+2f0inxbzdVd5Kpr92BlFy6vXFa+428m1WI7QIkop54a7ji3/ccbOETv1rhcXbiycqX3CBYqQCSxkFUVw82ZAygqcoJNzWljq0T2TscxpuIbNEfr/2MA9y1NgjuNMjG2gqP27vPw2qgi/F9jBk2XsClK2dAxsBpep2jFLWQ/A5B7u+8NZhZX38sAwI7yvEm+0mI4HLyXjiA9uGWK7Y2PjbZhUEzA4NBeR+xau7XZXy5WtcSHM6U/BtaDTUelL0/TPnhUTH+LPMzpKSvN9rc10HDh3YR5gGsHDsOzBd97r+OulxZAYqMoXxMvS6TA1QZwdHpcbhzUzhMofo79o9JQrUFA/KM3QFATB/zosDKQkGzc0RHggDbmu8ubS7dY+3oWDsk6L3G798tZtr4C8Y5KCZrmtoXUDgkzo2CCDcIJKNYL+hUvzTvmVd8Wa4VaEF67aMZzkqprUGcGKAi7VCR9CrKDdHJOnBMeQaSLfzfoZiS7KtQ/1oCcjrOZFv5sRdOOe73RpEYzImfMBnyCBWvcchJtVPRrP8Y3jHZlmiI0gTWn89YYnyyXgZZfzkRKve7hA8CsbRg7j8hiWyU32Y1lZnL9g4iFit/vk5NEjvXtAhOLY2KU37fdHIix9OZ9iystu6awZT9rk2H8sTKRlqIUgjueCqMR8oCB7ZW+App+oqOi5tgxLpUjZb+mu/uOAYfPW4+7CSAnaCggn4yGk9JfKwFZTOYlqEgwk0jKdVI+63WOwQLqN1Ybl6IOlyEn348oCaA+8tyBRJNEn90r3BBTZe31xvFKHjXcl+//8bF2nnB+07im4Msn9mkprHXxja463iKFKQVuPbswioU+QEusPpYhpj55TPsxLBEtNn7kAD4lKbsb5m2Enj0a7xt15W432VJ2/w8Npn1Lz/v+Bby6IR2siduvayMN86olknZGSipe0r6x6vDKhRc19Pc4+ok/jcNcfXqxczOukm/NcY6hDEZaGnMpB73GgQkIe1pA9daTFPMUYrrhcOjZprZ2VQR3GCXy/70NAvotovxVNJQvPT1QGFgL9pFIcAVTwU4n2x7RGR6CW56r1PWWHvZ5Nsue1ZxtgP35Xkzjpgxz7NFXG+Fj7LUANxAd7olVhpQzXpSds960ybf2r0tUvHM9Nmnn6HrHhQQ4cLKrPoLBoIYGjmWYHQAfNp28oUEHgHTaApGjQQUAAAAAAAAAUZHP2tQtBkugmuu0/6KoI59dG03MxRsENrAgGdt6H8yq5V9Cn4fsgXI9Cknd8b1biQc7Kft06FRasB54cg3YEhWhWD9oqitjOqerDy1fyz+RXLDm62oqqetwLjg1d4tonLibA5Um5jIvAIwoGVL7Fq7vpbDY5pmOk32c7RvEC2ZkeRaDesN7pv0QQ/wcbWPl+Ns4bwfpTI1UW9rZ6zNZbEYjCjFg7iqxM9P671O/TFDLAQT+XIcH2bf8vVHWiJoUYciBDPLud/d2ltIazBHP0U28DVvYL7p22CKrbCRdixtBs9smJZaF4BzeHmSIwmjX1OMy5OUIfw5ya8QBZMsrnCXLoDkq9TMbuJj+w2MsXiuwBx+WHnBWU+OI+/tJjZWCTTnvY1lh9ArWUUOnIQk//MNfiC3KSriaQQJmbNjSQuaCp5sPB9HO7J/Gbeu9bIl+jLrxH6PPKRzF/5QQXJdZyn9i38WY9MGlX4/81fonzkiZI3xtGRRsOmeD3bHuYfzBDy2YGzSe2ir8LbfTuw0M01ZnUHnSAxumi8dxFanms4KPAgAexDZAQ/+BK7o8exId0JbkSVmwvquFzZbI/ZD1L48fSLmcpu48qQspXzxVkSBRgijzuJZ42OSGF4OkIvBcMzBOLefHoFzHLm6JBlR5pcmLhinlwMtkAzcng4eaSyC4fIJhWep9r0bHHGm8rHzJZ3dzxfHQRfiFik/l/HFlqSi2IDhM6cbr/WPvSafIJdCjc+qCw4cVwIY/wCTLpaRglYGsrl1Z+aQK5g3Xgzst8sUfSHWbguCkGKIa9Vja6h2LFW705+mq//XrYaQd6YcaHIGoGym930ZMDQv4tJh8kjwvDvBpVAXh9KQhPL02VSMcY0ZpqKSwYXKH10yihfdcQFsRDUFj0lE+ebcEgHDmdufaJn0Up6eopkbCZ6vzwE80dFEOHHcRQ/6hoeQGhlRIZuLjmbu3MZrY25j4xvq9FT7PF4qbq65BKtFKbunkMR4VGiNic9tkmZY02blnj5g77PS8B1R318ZLZweUN+YdL9egFID8gMvonJSqyx+5Cjut/0i3UwZyxAuGdxkd3e0GOPMEtwdyE3udt0xDMDJzKIpIH2nh6/bpiEUF6SpekFaI2Pb/HOnY05EZ9SQ4+Yva+SMSe8N5M+7coaAnl8jZa2e+PWvNbXmCakdgvgKaAE5PLb8+4c/7XTTgP8HacEgy7f1XAVNGWfihjgAs5JvytLwPbz8CLLfbF4U7ZmrKD2kQQkDRP07nJ/1lH+N2M3h6yMRnf+SgyrLWmNnkBvBusioZBLZoHos7E3KdnlGLIGNaVp9v0MxJONQ+zWiLpEVnP/6IukOHtzbSwBj0oFhQrtRGmLaQFPPNVqkHa2GBnlue5V+hkv/5ijWlpixJS8wV9/hkz3C1y3p2z7GCGLygtJZiQDng9R7JzvZmadchuFRWpB1ZbKG51uOHXsO4oKC4t1jD5OKe3/qlAEg1KsBizUUYJ2+WrJ8qZiqO4Qzaiusu/ktgtly+y2Bj0aqmLVeAFvQkA3SaT75H8kdL7oR48A/+sL1Sfin27abMZRm9qUGljkoP+UtzSrjITM0dY0m+k8CmV87TVBADuckBFw3jf+XJt09Bdy52lj7mFI0fq6F9WKEkLAh85LxV3tm0wbWRGXM5cTdK50EoXK9TiMFa/IkWG1laLTAjZG+UWp/kSuhlfiMuqvCcXSsn2Tg3j4My1MwF0kSd8dSe+pTUFCBXHOpjhta16ymvWKA5Re2Or1OUNl7FBgGoYASOhp/MunsNFJwcoMkt1Df1Nlp5GQJNcWdLWDdZKVpuClXyZYQV1J5B/3O96wccP1qgMX2c/Tg+oAjK79ZuVIlVQsdB/EHewG/UHs+apwjLYETrh5wwcPgA4gmOtL1rb2Bq4ZBdAGRbizDimGLOCdjYP5UK5DYi9nRCTtYSXPHeUo2VlWVWKPY8w65vLEKYl08PrWWWou+kwBqolVhLvf7z7z0+8w9cQXriozLcuLOyrtCMAZP8hfB7nvr5OKr7w8gu14IjMZVzFJO3xtzdrwJzhTSMuOv5+3exzDlNBcvMO2qiKKHUDlMFYc0cANrPIgWMm8M8H1KMO5Dhd/ijJCuqoUaBPIdA8MGpo4hhUwTAxmE+TjVwkJ6O7stObI7M9E6gqVhhbCitXdwrYIfoejx7RIprMJ0O03eQa3mJSnhIEoCM7BjLKSl9YIBLe9og1u2Z2cnSBkpUboRcrbjeY9LY6MwiAvK/SM1b7fBz4RwT7oZYtG1CdVnxghpai2RPIt/ruYF+suIMF3TR5JNRi0ndHiaQkUHLjO2+4BI8QLsQaw2wRCSgH9lws3ROc+fBiqUJLJxiqMueq1PXnvvBLTVBPVHpbsZpHzZH+swnT4Dke/fZiSbN/Wyur10owhNa8qaxKexrYu1D0c6JQ7dCjYyWB254FS7PhdVP0FbB0UHbePkh8L8RlH2u2JCP1lfdBV0+6GXk3dhZ011kSGBmVvGbMgM/1krsLVzNS5jocF9LvXpM1F2KuJoIcHMfA+uMVTgdOSqrGfRDwb9OLg7aqzQgwd0iZm9OjBXl8jMedZTgGIdCz7TRgvRdyLub6Ui7c0368HkkQ3LMYAFTdRJVCGN7S4IOXyV9ZSAPw86r5+7wydBszowhtwpSHACFyuWpJQjUHuql32tpwbfkJHiYmGNdsn7MrECXGIgMWweD2E0wCpr4ZQqsQwq85FA97JbWXzuHheAeb2acKSi9cJM8I0DPocBy/you8uC2cawRKt/eNU7a0gtOxjrKWJFLGtzbXnrk53MgOVhhyNZZhge2WcgBK1pCAtPJo3IgSUhw7S7MVKJFpy1akQCSKZwCUo6rs/ZqNhHs775VwqsITFz11YsgfZ9d4ICj4FFqhBdxSLip460QCFM7sgH02D+O0nMrKnaPufL+8ggrTSqAnwD0nZw2ZH31WvnOblX0f6vPtWmRvbyfzkAvRVuhiQtKBDmYP+1KycIz+k6RMKbfwV8PTCPtZL2innNxjMvVKHpFPBIWnTeFsuTq8BycVEe+Ab3h7Pu28aC9rqE+9thmmvbL0vBLcU1UN5uQMoxlJFNryslM5XwE1wImB+YKlBs0HMJT9ZalGL+uT1movev8qoXi8srEV70tCOQxdQVP7f2daAtOHR/f8i3mDGkh8yqeFMgzHjpZGTSXgI6G6KVNVALR5+dkORcemedNFxW+JPQb4xzfY4LposORoQsjGRqdzMLH/IEcFN92cL1v0OwCzFDK829MJo9qlFEyYBTgvxOKtwzoAjdRg5Wo79lwa91wXKtV0XfY7GakLdD6k/nOiaHXEVx6/ZNNrBnf9fZAgvrZYlnyXbGqylCpKclaM4Yo0I4h5tvtE3eZG5t1bLMWTrRGe2ftNvDXW3UdrULiWHuKtzHUwLRIO9vKc4VRRo6qa29Lxm5pGqJh/m7Jdbj/XxJmp1CARg6v3QPZTYgzOLgrh1NtIx7LFUb7EZlxW2ctfpesgZQMR9yG1MYf+6vNr1QMpp7HeMPzuYxjlwec4L4KOA1NKSqQm9OZYziv1XgBv6Gw4zvES3gMrbRbuo/OZoO6bXHXlMyfCcOjAQnm6tCYgbEJOrGqKuC3wACF5TuQzKlZyFFU3d8f3RGpZWoPnuGgVs9h4uJKrfEZBiwki3lybFc0SJdo+x7j4XO5gXVgQOsq7uk5bBMrWHE7S7uu4+TmFlBccGvSDyt34eVA0N4/bo/BY0FJUoCMBmF1p+wkJr70NkMHaLg9pBGO5mouodZPbnKA/Y0OsB+BgmGehiRmtumHF1MF/pEmmjG3mn5QEK3jTMDC/tMgBsWYM3aNWu4SLjXdexNT6K+LwhVrMZ/8HoZq74PvnJRro23S7nOW6ko9Er4TdZj9lGKu6dX6jCN2x8K5LePReU0yIFZ2Au+5O7TNZCn7AzGibUvE/Mwwm0MyXbpBtbNu7qTOZNoS8oIy02ACvgni5eMfr4efotv8kVAfHw1HYKIq5xB3XndqpiUhyQrI3c0+gUjhY7O75b1kXxFuIX8uFMP2liOY8eGK4B0Hkj+79nt8qJP4R7CJR4tRKDK+TWpJne3PB9K1wIGBsNQUGAR/MbAUE6/e5s6yS9MNv2yvlN2E4ESGNg8ku3qX5mWTsi/cVS1wISlcTfyhPCimFqzPSomyvRDOl/JOOmudsAmrRocaus93q2HjUsKR9uNtce/SNxtBokkGfQcwTYkWIDZybaUCHHy1mklbqsUDIEBnsmyWJlBwZUHL5yL1Fb/gdPzwoy5pKxoYEu6XIM1irfp0JrfEWlsANUj5DLHcvqt4Y6wJkJl8zSNScd4BHJg2bzJpawGrFcMgcsfssrQZliPsUyb88HNOKPgAucgenTiMnif9H/PlqSjrUoVy9nQjOB+JlPSWscJNzl0nErwf7mNRggRshQRZbxhU1mch9MpanaP9w5UOTagv8nwOYOItX69TUHWBXjgJezebJajJCOYo2CDAa+lT7n6Ftsc7zLKqviogLOiyjFwcH7NwATe+b9LYGuDRY9H1c+FgYRN6lO6sEwRh8ma5Z1HLWZexd+344Fk7NCLxrIGMG/lhJg28ui38gURnaWkBRhAfczhkzSWF4K0386v05hpYlZZRZmuGU02//KuExsSeTOdn0Jkt6+z0r3faemr7JMmlvMWHQn7LtJ4wmS6QTHe3Ry/DRfoEzVG8HLEQHX1GpiH8ILEVTsZd3pD+UP4kHjxR71tj46mSABy1LufzBhHQelBKzfK21Ur0j55n1me98MnDUeVyDPnMfnSSWzm7Uhl/c+WwwsnCoFM37c0aqEPswVot4yaJFKx4NZgDwiFHEwOvQq4x3zsIsQTz0nj2EHjiFH9UfmT8U9zjiLCrilKY9wSf9ElupAeKrEEJ78IkRevJkyEL4JMzPhpKynLambzQ06fbPc6p47EPpXOGFF9Dt1fUl4O2UF/Pu5ceaGXqcfkDf7I78wUwOUmwUSnNbm4hqAviPNJ0IC7ywz0NxzKu8PARb8yxUHHC1ZhwTQIR2AxWOwJjFsQ5L/gXUUXlBNWwkcPkxgvbuVu3RK4djMjXD4/ChraLqL7xFOkofY4HkJBPchJVmNQLLXiiS/zc5aer0BcHQz4E6IT3GrmgNeheQksMq731sGPsr2m/SELuCFWlddDzRG3BfKtbU1z0Z/aiGvK8i32dM6XBmht609hUfm1MJBi+T6WfwcvmEI3CnUYSsVxbWC0NAzCnwYhSxy66lPfSCAlaupYy6oT4m5QUaI8K8BVuC3oBcfvcbZnA4qWQ66zS4zCSAYt4znF08CkH0TJk0BnZ1LHgzZkU1NQ1jvdRL7ZJ13V1MMjm01QaYeWTqyJAwjDCyThSL7Mk2qO6Ghi2hve6jGngNsywoLWf7ZjF+wUH63xyYa52ypNx4snFGZEVAf1vkAB2q/OyVGW9+waSEvUTx6b5ElIlzuZHxT8L96cv9yJefvCO10HfoZMyUAp7VP/Sde0rw9TE+Mp8cLA+ACZ7dyLuFbZJFYDoKfJbzUit2FsWTtPRxICtTVaFgSZ9txM5UMN+Vv9sUTAiKSUu+j1anXEj9Gzqhg+4CkqS+BRTgEinKWViBLj6ESez+TFChSX6+YDDFZZOCDnE+TT1g7Ae7TEVqsy1YSwXZ+DyziMF2jHIJXKZbUb57sBRrI203s+RNkw0j1FCOj/o+1ce9zsm1Bp+JWiPBOmmIibbMqu2YnNBTpBtcQgxYuk5ii6yLr+yrUkMjksb/deQeXm/l95isalZcp1DcU30gdakReLBa6S1E68xAnjSOpNWKljl1KzCA1p0T6TJ8k8+GoXHAVrgR6wqYQhnvIzKm7QiZ5L0fO/EOxwQLd4aBZBtXwasA/RuHTchbpNzApFna0fodsL21yDKeDA9lNEkZGaoO6o525QzDPe86u4E07acg9QpOC4UGQvEBHfksOaN4YIAltdlEGeI4xDUjXDCGKWJlIdQ5xn6//x38/1WuscgbC2rlWwGPIYOLUVP1zNi8hUSDh9F7Vq4Ie/PqekfuMnXIBNeepY32/7dpPoLw+nzbkvnZDqjgaCHxCIV1b4rGckTAon1lXRsmoNvvyCKUQ9js19gSlIXcQ7Y2jmhF7vSExCqa5yKnEutkHZyZFzVvGMV2sZJXSgavBHy3bgPb2ko8yN7FwuBwu1F+mD3XaCPrhFHnXnF8HxDVYj/tNUyxYabuqi6inqJ0QRPkoJ7klZQP8nusnblsaDYuvJjljcEo4YOInfycBIGxSFgVKBhpURAdSKfGoruemkpGczMYkMIpOgxgX6CSZ9i7l+1oGD8Y0ZMYQvxKAs7CE1HVc13zoYs/49o363ZkwhZRTcSeBIwPXyHFImofiESuOGoEo/gHQ9V29vdwZLa+EOGJ7bUQFl3nrnezMpGj4CEVIy5G6O+XfSG0LLO71+2G7xcq0pVhekQ0WY0d/RyvY3LBDJ6pZTlRFOU6A4c6mN+lhseXRcHMYSAkmVW8W1m18v9cEnmmmWDXC4FhQBqMNnk7+c+Ug0fgAJN0AAAAAJjnLDhgkSPYZFmMxoCHyitEvUiusZAuQbqJaAmg+3MnaqH2usePDrNPajw+FVaFgTdiPzn5t92SRZFF4dSJCD8lhTL8maddALgzRZYMl7JUDEWvz09L7BuJ96O8+zCHy5TPMMTqiP9R1aD0/Mz/+IHf/KiBpsPyTP82bVaKWNlHAJsXJO1y6ongv0GE0q6xRoHRxow3xVevYy3Gf/wxW0l29mQbtFf/TQLu1UYQ/GKiZp6RNVNx0qHzbyEzke0yCpVdsjenKFiqZ7IjQNYvWYRg0TVAS7MHvKpRCPstvYETjSt2SpPKK3Btf13jMfsULCv8fqM6V/KCppOXbUxZkIc/uykYx2nTMCp1ZlyIY/R23e/g6NnM/ly3oajoaGSpcDFL6SjMKjsNOpBKj6wr6tjqUS1+rxKCzNeGIeiqXE8w1Yj/sIwDozXVyDuz9SvbmSrV2+6pRJXgRQf64pVwybCyR0ZQkRhxFYhNpnEOrlMRbaeE7Pgaar+cZPbeJ2XgMJZ14HVbUsce4Wef/yfXPy5ym0a+LQ2+hJf0zWJQNaWU4Sbw+mtzfSlSwNbnoTQT8uohQQZY7BjqvHz/80t+DeU7DDzN0Z0j0SgKh21aSZB8p/+pjkaYL3jFgnzjIQ56NkK1lVRD+v6TD6ZDotiuahE3ciFX36pWUcwULSy/e2uiiU/7h3ZWXJsw4hNycsXpvyO7apr8wlPH6yr5bnZU6/DRVqlzwdvJs+vkWZM2AF5x6sGqwTqeW2lToY1sRX8H5gdfOevXbBBwdbwoHW9snKfa8EeTriKo/08O0sK7EdW0to7Z3HYPDSGJhSi3B3fk06zB3F+JXL97a7WCoSyCtgHRZe+7biZxXuf5HwQK5OgKI9ikfEgb9UF4fakEIXHxGVZFPxIQ6K335QSTQlIbCwSgc6VmdPcxADG6fPmx7Z5mS24gXIpUNiGwcWpDNiFVUc6yY0gNvSTGMffeLfCLbMnz8Il9e6+OW463Q3cvZ+GgNBXoKZ2To2Wv7GS7G/SN0ZeAuUk6QoxnLBki0SsxzAouNwnJrSP6+udOSqqdBp9K4f5ri0yDpAjGMd+Ds8NUMteTVxJJQK4KR82fKCavgF3pzb7XrAyMIbISvFak1oNzbs7gT3ZVumOiX7Am/NFkCDTCh2zgTGSfzyA/WezwNJGSwg2+iB0KxZmgl6wONLVXIeOh7zuhWKYUjgY4NCCtLDYEcrf37DZnrvicu2RhG5utCqw2ExpnKWUDbZDCj4nHZcMOBNeMcN8wEXiFcZvtSqke/qrwYDZcIHKExIENeX+b5sSwwQ+FeaPi0Ve23xufY7Svw36xb6YVAhhP2m2BPTp+M34nbj/VJ2RTb494ELP/qqu7gpGxRV4cPUWUckPERGaVCy0ITIvGDsu0FDE5qBqkf9Z9pbvMyaKWQxceY7kNPzmRDAO/4NE5o4+4pWhT5OLDgryUJyYMMoVHapto+IQeQmJA15+7b8Sz90IZZu/5geUiCyTdVDLw19k7I229mctsUymB8JfjeIjb1gXXpWpbfOVRXCML0NIUO5HReUJvCH3RI2oaqC+6MA6vvHFGT6XM6s2SifC/hrtxNxh8zzJAfxT0yhvf2u3kBW/7mfvyW2Ow6tKNJ+mEfzmGjXMYVMhXWMsgkR5zxRWhAJyvChnoSpJhel8fis2siPLTgfdOweu82T+6PpLpl0f6yr3Pkjp+PsLpgnz+LaGaIwL0/Vsquv0JO7ZIHl/gMHLi1jD3EpEDb7Xe5Hises+S8a9nHFvLqL1QB0L5bWVtMRCj24P/VhJNkadanNYmr1KIIxZvMcRdh51uMDSiIB/VNWdggcMWt5NuQcWwDLUqfyLoKmCvZMJggYJJWZ7vSRwurNQUouQBpv0uSXg4Ci9hXjaHkdt7lEOw559qTVyXKS8AzZMp7YCYkmnTchP8tIwENbUZ2i3HVTpml00IGNR2ms1yNIrqzcPlS58XVZLoAn4xn2EXC9ycsb6iBiZg5qUi04nFWfxH3/64GkALz0NrJWeCJrpKxlCVaN+h+c5UF2aRGwqEkYu+XUCJbklj+UNuVa7/Txb0feGBU0tDtHAj44jVCg2jHXqAqdwlao95yrJVFvSCW2JBYKcMDnnjiXP9ovOoFT+jC+WrNCtYZOYQQFZkdipTmu+7/rAPnEF8KWU+DeAEhN6y2cZaLQBxdwCQvZivPalx0XUIjcX1xLbEXRDp3zQ64ZlEKZK6xW3XNPYoa7ekJQRBQfAwyQG3XqitcUdcDG2/p6Xe7SXkOcfPNx+p/rK/Je0WbGy8DStiQ0v0uDJxEDmwnEAyOxCSLrOeBqa599LJk5XY8zyGMdur66vfKhI0baKiguPXtvDT/Txm10TtQ1E4q/XzqmPJaJIfv8RFrXm8+9101NSPUlT2Q9Mpa9LrN1G1KSNXea4SUPt+OJx73TjkbOEzK5mGDWUEKuz+bf0zzUvmTX6sNKuLRGXp7VUIgdkRs1XtDTBBU+d+uNx04P0enaRPD2O1iEdvArnUpWI0Vu+z7IBvP36hi8OGfhkfIChuJoDmbwhfBuNx1rooT0MdNEN8Y5aUXjUyG/y69h0KmdajVfDt2URZwamP/QmjizF9m82FnZ+AXVayo1V63n52yXzyEjv3C8op1mSLTKY5ZNdsf0vv/jl205/Yh+Vnm+16xHoh8q5QznuE3vF+cMkhAzF+z3jNgaW+vrUYDQ0gjHxBtxv01wDi8gWZJw7dFcuXbEUisOzqWPL33cjyFE4sp0oPAnCLRWFZFSpS3pMgJCmkGWdjyOJp4ycEsJhwoLX9ANTtvrLIFHpJAWvxMGBK3ypjsZx3w3r58PtlX//Qt3fAbV0p1YV9Kvth1jvlNefWUrSdiQVG9Ihwy7GFUzACAXb/IbyrafaDlJDKjC3jis1p0i+CsSZDiQjCMXEIT33eyMz2phQKy9/CgI3cE9Yx5/o4ouQij3Ors3FbwW60gPREPMg7nD1PBAVW49AHMenUWNJu6SeBE77QFQAXMcQLMNXVsEdFVUFYyPL96tyV58T6BwYAvc1lcs8kc1f9zovTkleMSwpsbl/Onz5AMRDXESAF07nzfRP2NQikHyRi9Dgr62VBqR59J51o9vmLwjOgRtIqQw3AUTNveh72nFG6433f1GD8GXvfs0/Ob2CXEDXgEZpqy1yG7ieH4BW5U53s0DpJLNlQKUFYVydTA8cAj+fNXl0mAtV2lwiTYmwJch9aT/IcRjlU4awncxyVeUD6pUmaMue2E2PuzBd3HScSQJGZyQ4MH0cLa+IXTYRyA7Jxny0OVznPw6r5L+dlK5yeC8rFwloYx9W9GqnCxxrTmqiQpLmTk0zUlSQDfTPv1NnofVJdOnxWoMczwHvI/mtpR4m8hJVAFO5NKlWlr4Egcl7AAK4lKEFDWn7A6vhNr8djtG4CK4tImCR1SfNkYCM0Dl9Di4SEbW0A+8C1frCJNIZYy1t6POzzAQkR96snIkTVwamLZbpANKiEYik+OaYkLotER78+j3L0pJt7hfhjAaDu9BfQiO9TCTWo/awYfDeZwpmzI2z4ymRZ2B8YLGJAxfaLah6A5V/Du5t9TerDuI4R5opqFSKpFfRFLBAZcsD3W6JOvAW4CnPrmcVxpW7VxZNpGm2S4/8aKQvZU95tQ10SFLXUYfEk6QVTZaY8Qev1Gtl8Du4ua93tkzCFaKtnW1BerNHp3JaA7+jhm0GqSaaaVrnTNsIg1fwmjEH/xXgNsLUFmYpEZH926fiFtnBUCaokjPcBOz150dXvLltbie3fmU5JbvHLDtmyuy8o8QawxAVdcWBvzGDN92rVBGvfpfmUgx6PPqXpTxaxx7jaQI6QdRPaHHUqGnD1e6PO7gHh8HP1kjHq4+HyTNLwlClJFXWx4AY/RPHE5aOucn1aoRGfgxpVXtnJaWwcWXyOTSweMwD4bm9NFiWglTDHePyffHIxNKEx21hEJfQL94HU+WC5YAAm9BIg3pwE4LsfdDG+dea/5+2aU7vsAjdaBCeESh/6F9OJzDwWIoCRnqwFCTUvR+m4Gx99+203J9w3GA6z3VnpXAWPAbb08p1m5ycUXHqf/6RMtulcH+axI87xfF4fh1Kd4rrH0+UMbMBJK7r8QZraRHn8G0II11+YpoY1NJZiyPeOxGcwmcet2zsn2By79SeifWW/IVWhJvR0S+NWE1Di1yzeJfZIL+STq6s16vE9Fox0Yf90Nn4bZWoArFFBfbGCldmjDNzFNMGf7o2d6kOTrSKOkUE9rgU/XHLomjUI6R5kRsq+0RLJye2uwi0D8IRI/quSXfL+86hX35Cwi8DSB7tGLAklfDAzOwysNKnvE4RWrKPKWuzaBDTe33ywJ3dzss2ednxt4fVKJ9XkXObzNcADdJZxlYAMN8s4r/cPvQ5HOSULqDOJNV6PuCvnLnpGwgbGrvwzxieeJ+IB61D5E74L1KaK9v5cbMfu0omRXg10QypzYrtw8jIqL+KN+mTKAMimQwKNM1MCQAUwfwa3MYimsWSSs/n6BGVJiALjZkofTFw2JrnySrjta1D+zP1dVF2Wvb3aDQ8awZ5isJLs3vgWvxuTJd6Y5WloWk5zfN03EdjrSNB46N9W0HenFf9QmYTPVnbLiOS4MxzHyQTx6lDUtm4iV8iTHZUJwE7+NOb+y5jJdeG34TncuAKP3Gf8jX5gSWY2o+G6dJwW5epaIDioqzPq8zIWdfo8WZK6CxfvnNPanXHfz0txTmGo5tQOR+PZDyTugCVear6d3f6CD6m4K94B+yXFv1Yt885Dpi7ZV8UwRsD5FQyMolMcrEFJD0DvkFLJLBIHnnuFCWw2SBZP4bdOPXD0h5w214ohqkMBU4VtM+Ix5eneJdYiXylGw3Ai7lMee8RSf36hwRYi/MWyoelCehUMyN+8nIS95+qNKak7GXD6n+gtlWnAgmie5anDWSGupz6XGgIr9W4o13Gpxja4UZiO/UFhaspUoEn7QWwAOSZxTgotGusOzRkUgEzn6wJywsIQ3H/kM3LAz/sEp+YZV0MWbLOwPUeELtMrGvPNZs7jnI/PNqB4v9H9XXsOTkhnwI1MbV/CJyjXhgyV/VlEqznlcLp+TxdrT+S0vP9BgtPe1i2FyEot/55MW96+ppc5oSpLX3iaS+OjGeE6PV7hmqLEiZjTZrKJcT/M4Maydo89M/RsJr38OxEpPFiPSh+wRb9e5TorOP5LBKxZf8klMiPrFSiKL4fiDnx4ka4I00vDqr0U1UGnMyJmoke/kpqmsicwcRf2Rlp+B5AtLjJq1bJ8gcaV+ZxZO0jpKGNXscYa6LeOlQv0RSa60ich2cDfSb+M+WOa5+7zmMFX27sZPWOnN9JMTrLvdeKjVnLJHew+60H6BTR0/J/KaN4Yb3CDOpcrpWFpWw3jDNjJ2+4VWOU4g3n+SoTg9YznrGIfN9DYx0mHmS5upa+nMXf6unNVKZ1dr281Y4mukgaTSxd2kUco0tQNDCJkfjaFViKx9xTzqLf8Ip4T9NkVz7w4XJvlhO26W4fAeQ8G7/0n03x1/z4L72WLlKh7s2AUXGPElHyTHKiGWwRBn56FH9aPwytgSnqjKFv04gNnfMwCtP3hHnM2LbaEKLwZnsDBzHlXJEc3Z1rWUc9Y0C/M3Z6qrEcsiqDq7sFUos3rAXuFGeL6KQ3DYe2+brTfZIIHXqNGt0twkT7fDbdCq95fAQ+tekW3DAMKgcQ3YaZJXD5Ya9WjSEJAAYvC5XgDXAbUoU8xRrMZp1phqJF2vG/awepSI4k98YCrxcLwk66IOIdhmVvemFUu1x8qHNK3dMtvtJPU2NVKm0mme3BxAdQfeYljDUaptIUPqbu7efeZSc6qEb+uQEVSDp01zFPzrEgw2v98sx6eiZ+ERSuFpuk7GNr5izbDhJDD6p0J0UskTIpQNi37O7V8JYgJfm1fAwGPJEx6qy5lElFv3nhqF+tgwOb21+93fW6Qcom2yhuoSpOMa2Vo0lS//PMTiiDaEMynnxToKA9x9LLVVbHEsl2RqPn4Ri01U36oxlLxUJXjwVHHkOR1M8TorNl5kKGBHbf6EAdxXUwfd+cjOIZ5gP4Y7k7LvQdtCohM8zWQXU/WNmTRKxoeWXYE9u7rI0prYM3BBrNFcaN7Ko+je+7KGJTeTDo18X4Q0yl/eZShnQ0W1EfhJJC8SEjI7f8tNXHftfHplcn0ICn7TSL8s1YSryXyLfrbF7OiB84R5zAxQx5D53eUYUiUf9neuxVIgMEjJqKHjZZw/nXrXbuBWYL1Pwp5GhqmbegsVYLH1/vMuPuIo5kVkJt7YYU8vOE2OL/jdm/zGrwtvtp6OioxvZATs7yV0Ei/0YAAAATfAAAAABKwxD4WW0HmBc7BFFd+4HcsnQnb8OIfAvVLQB4xoCc4dtr9hUILDXrBsIX/rNYrWXdCUm9imYSa6RgQLlIB857fUF2yBDCMP9/oSp1ui6JRhhDBjEiIXXWs0qyf2YfoUwAu8Iy3HCX1P4AnKg88p5BNlHRZP9ugMU+a+rX0Tp8EgqSO8kZf5XglSDhpuRWamvij2g+cI5OnIUqiSM91oOmBi+uxc5Du+MVsPCstjQIFytZT/vPk5+n6+BK6mqLQCNJuyghj+9lK1cndP+kN3LDI8ouYOy1xGL9ENaNAqex5qouqxVhiEXVXW8E7z3a/ZoEWWeVE+fcrYrIwj0eLWZ0yOi0xmmF/E7eBWEH/5MlOM/MFu8TF58EnZPHPiOvWodnOmrnTaGi8tdrf3ykd91u+uyZtTLnUu0StEcW7E4+ToLZiI4DPBEznmBuJgxRFjJSGyxNivJMWSv3Mc4G/Q8iGOudvpy0uEYdq63AewfgheWmuRu/uFZEo6pCr+7W9kEn6Xi+Fq9sAdHn9ME7y6sUTQzgCsCkhr6wHEP/kggBaT4INnLn4eUcd6Qthqdg+dWKcrlm0XXgXfdN50zwzO69EPRNFDBtZ7/ZHmJHGtewEwQR+RTcOYtRgZcUVrXNyF8hXzsZK4n4ZX0m2yNnwmg8oh89yF0GixhF1bN4g9uG2xN+JnaVeZtaFU5QbSj/rx0gHXDvsq/kHqbQ+awvXs9fFmiQs3QRTf9ZRjzlpc3OA9hm8yk+dPCSDklxp6785r30ze/IM4A6nY9vniigTXpk7jSR+5uq3Xej4cZmmFAAiG7pRqkZpycnQFYpYVPxJcVBnTOZabGJ0R0p7SWGdyKmYO/tAcRJOutEI2Bm5Z3QZSMH9UU4gQQWz+8YsQOM9rUGupdQOQu0iD0He07JjfwChq/jKrJ9jZrSqejyv7iEvXD1ReiY7RRhpURttm/y63rUR7th6ZT/vnqQxDfunUntpsDy9a5mQDoLyzp+1yNesCQju/fXx1eQeJrMFniNUJKU63bzzYkxQCVpFjg5WwtYd+PGghKvQ2vmCo3wxI+PWL5bzORlHFIHRndsaUwHPfrgLxfc2OVOqn5FkZ5DrW1i5zkGwBRhU/94hryl4S3fvp6QGE/hW1YAEicGuHgev3KXYHtz4abZleFEQwZIohK5Dyzowo2AV4OCBCMtvOuYqBqqiUkgNyGky3oIoVrfvfkUXcwwEabbvfAT79wd3h4jlZLXH4WS9XaFnMReey4sJG2hFLRhlKjOihi5gDy8lPuPcrqFn9e+jkrT6X0easxAAGr6PZf5o7+PqFZs2R3uVDmcofTp4xhO4lfgBd6tzesUjxzaC4dmVlh/dm0QXMDHOOi+pnpR0QFY2PriHgaO17wwdyXti6xWGNJLxTgtWJEARGpd+qaj9UEgUX7JSfAtSxlUBiem+X+moAKeZb8L6DpOOGVdgKghVRoEhSpYrDuchrZl9TNot1GYM53ia9jddtpLmUSpopl8yRoV7K7slK8MvvuBkgKQxYDZFUAxS9V2oFi1LsW0blmkJ8C1PDOAj4dMsP05my4O5N+hGitVFJ+AM7t4E/h53mbO1dP0zYKz2KxsM68zH0JvpzSWMupIXz9UQsxVlSJTCSlytSuSv3z8xwOiIFiEPYPaUFb8lCOh1KZWFl3+2q+cQRHfVRChQf28cflh9GK+WefxqvCiJhHa/3AjCTdJDtUlgGJglvWyZ14exJ4l0kZ/f2wpKUWFKHXVjNPF3Z+HJn6zMHySzS5RO8jjq3bQeLFAQo8xTzt11tuNNrvqlA962zXMmnGH2nbArd/9Tx7qFrj5B1Wyg1QdUqdmIGwvj4nxrAziG/I2e+7ZE3JPBDrSoM5JoQhC2ldpUJfpNIL3FSyz/0X8MCxh6g7mB45qLcDTQYifXPH7lBB9B6b07FhJr/kxymiDwX4bURFFQmd3sCjaF6cvNBuJuDxPYp21GjK2SfdPSE9m95XAZkyUUlw3BYj+tZQ/0iYUkqHXylf9Uhz1NMSygbeAFhuGQWbbwygQWH18Zbi3dMgMmrnGo4j3uDc4VINh7JNO1u1gXZwUf60R5gH++pDQaOJ81jL/onlGgKc+vLBCKTeND/lbhj8xvWVmDcOxXhWzCADY5tQLszMUYQkbjC0yNu4Yemwut2geV1n9toq9vPSJmX3z25OhHoJ72QGtdId1HJGvnFiIOyzoTQlJIoZtOEO6nOC/1eVzC+esv29q2xeN0OMwbY9q8XptIpRa4D48/BC/KR1FZVY4iromcAsTXHTxJj95FDfZ54v9z1MDTyWaZnoKMFjy/7+V/CEY3fAlB8qxiTnULC4G91XRaAXb3ArTYGXgj6SPRH/h4C3Y0ROnDR2qTRprwQjmDmQbo+PfEw+BxaTuHwPfdUJrR3d4seBT/cVerSSdXnuD1DTE1i16lhj6Tg3vKZOZlowdPCq7YV7lNm8C9Wa03TWa3JSKPvubwm1flM6xIJghsOv5HO2Vf/NyD+bD7pjomEnuIaB1oxweNYNJH4yut+4i1jQwY9Wyo8haSXbHmDDNiZ18pnnU2iCzCR0yHQDzM9vuop7ekq2d5nwch3aVSx/ByXHT9UNnw6w+Vb0ud7H0eIwGhD9mv8LzPIVMwYaIC7e/mOxxaM6DlFeWSP97lfgRBhcohSSbW51GVASfbcXsRnFcvGt4mpkDvBYQ6O0GWQAyxGeTEbHlWarjraFB+cAi+Tiq2LyPLz7zzIPbsRnXdslpefehzoPrc5gcxyjpKbkSofeW6yPhX+OOnswu9RnGyZp3aoBCRp+Cb6lUtRo280XGJQ6cVph0RtTZ3sGttG22c6oGEsG6n5Ed92GX/yXxbEAfIj6QQlPEILxLKDoOQ/38PY998/KraOjPr/KDs/TRwU20vIMpLuULSrisn3Ke7xIl83+qYMdnNzKlG6B8WmL4dF4IC/0ERSd3JsrciNQzd7YaFFQTyCSJY0awdcZSkww01vChoFoeejBoS6pMOey98V/IVICrSQowHnVpO/99PCX2ojt/BUQHpZPsTZdZwZsm7wsXjcFaVPb5y2l9uquUIHYONfvAEG0nUFByDDvnDbAhf2Rr+YO6eT1vpJUWTLhbN4iqT6b3hhcJvMWavXiVTiWURBrSos+eDBb5YbU409nUCnwEzyigEkyUF6DB+1forQX6VPvvX+tQTEB2qZefXbcUQE4jLRKvfWRWGjQ9b1Ma2LsM1PGgfxLwIjG841WXJaxmnrtW1Psa8ZnaUH0BojFQ7uKBuaRwdKCCk5aXIt09Kbj+APQ8jv9/RHZA/CPSugUDdRLfAOjA0q2XmIWhzpfpcTxwr7JntW0zRdJdenIrGgU46H1C8KCoRmw7cMIuEciWrhNo34DsB27yYy4YPU8IFyq1sDk6GyWKM2xwJ49OuJDjpD/I72Ate2qoeYiRlmQaQtUH022LfjsCE/AL9WT4EoLUiliYJ4el++5FC5iafYQubJd0+X+W4SGN/FEcljWV/sCPzkjO0zt9aWrcIsgFXYPrawRjIPbsTW2U4laKyArVnDy/24sxyh8aVpYsq11PREfNjI6i6x8pOZZO+QdD2va+CYnWaC7zTiVBZL7EXrtjZDoQnenApEqZehA2ac/zvNY1RQ9J5D6PkT/l4hsCkaYR+GdxdDILXFleqvFWO/U5mJHITXtpN3lD8crJ49JGU7C5N/ZxLAkF4WrK6fTi3jn7xCmWWyi7ppQDPRzkgvD4YCgA2J348/yff8JhYNGfw31UzPkoozQN/kVUfqz21TWcDXpJdCI7xA/HYvN/PlqOqJrzlmH3rrN85t9/53AGjxXHgofL2O5HZwfkJD6ix7YckQA1LrdopOD9Gg1hAwWZdK8xckkuWPKkWvFl+h5/cpPxlRtXpNwBXTfHZEvhd4b0/I/BGNyJDT+EpPI1KC+uC4m9DaChaVVtgUptXvC7EBfwV0eZMF9/ZOyQRWGW1JTIiyWeb+xKiKe4+rVsJHArJ/+5sAtpmM1bXgvwUrcjMEYrqkZ+44KCujGmPUOjk4o9zrRKLeGApYhooFmXHGimuvg1UxW3N3yUbqFE9jzxuYnfuow0prUKg6wUrGYDAhTq+jrTKJ8eesGjrbVFtv4ggU8Rj5XeNEqMIuzE4dVtYyokk7LiQQyQH/fE+3XnuBFth2pI+twBcJZIbmsPxd+wu0OY5K1bxp8Fwq93l8U3NkisNIxny1RVQrD4Gyx/LATO7A+gWD7HLggPekls6fTh9J3TsFEGTNXYwhog2uC4RJqoXO3yJxK9eJ6r/F0VgmbJx+IEPZP8indFsIGTgBN5KVkf9f+clJ+XCd2jfNIvWWhiU9Ba7jA0um9NXjnsx5DCyf3RI63N1DMNTeOkAy0n/Gy1ocNzpWjBjDBe3Lk3JlIkWfKjzyoArUetjlWv4UkTMd6z/yHJywe0tR1DrQUJ1+R+8PSsMdhHgwASEn3VwjI7cbdIO4sHmEY9CMmMiv6qxMbFu4etXle3lQrz16zeRVtZsizIC83na5cNOqZ1NFjdnkiybIorocTQRL6jm7oIk06s69/NWJMAHE5fMkB9xL5uxVPzH/dACKbD5p4xsZbDqem1eMMbm/j6x+I7z4mmh5iTbjiyo1I/2hRYiy0YDusI/ZxpNjY3j0Lo7q29jup4+hKxlxhdRzbumJh0tabm6U06qzmlUwTnXXYMpNHxt9wWS8Tdytu0t5x4MZyr5aaDgruc0QoVNTl40fEZimBcgIIbp27rZpTQeIvT23jAInmXT8JX17unsk7lTslBwgDAVU5ib4YFy+mPGNay5HEn06SEr2NKwp4fS46ntYGMPt5B6XmGbskzKvdhCX7BUf9SJR0zIcunROOFN2dYRmPrPbkmhvxWPWAf1+s01w7d2WN6UNHoseL/IJLtuhKcU7LDb+M/6ZNob5qpGkotDqFWvlVSRqr9rF0a/u7qzNjeSzc9DpSXJMwQb5IbrDe6NVLTS1q8PsY8mA8vH44ajcmx4YUzmjbnulK6l0xblbd7/zDmyL9NOJipkU+7kjnXLNtgE1Wj61NAykNxKVu2Cv1sT4HJ94WObzj8Ooq7vfS1168Ot5hWIttX1jWe6fOFyCqWU3jUz3AIpfcGC9RRvTVTFTru50ORSNqSeW6thPGHI91OAhMAjWlmWI4CulGf8eFcDb/JWLG78jVpEgTziANtyt0ZgVU8IJ2TlqDuWBarMro0KXsAJF3cbrEZEiUjbLhpVutUS4/ehNaWwPZjqu04YcWd6zqETeTow4idH5ev6F/x3f/KrB9/cPPJJMqu7mqHbTe5lV5+QLcVuh3FEt7gj+5zjvO8lX/fb9+9VZxzZlkNVeHkqo1JRJ06K/pthQ4T3HXGaXkku67cEae/zdRbKN7SfNPOie1s54kiS0ck0TB868Mqvstf1czGb0Ct+jNUBTG330MNKBAsa5jXQyfzXhmECIbQGVnoi02V3bTXtQPfwQjSHFNeEFAu0PJuHOXOOZxz65WwfsrO8ma6kylmYNo4OSvxdh4SeoG3qDUr40uTGlpRhKMl0j3XlDyWu3ir/poCMdGET/6tkdFRp0seAOllVkXPea7FeCbN+wSBn5QLYhGfmG6TPKVpgB8FmVKNESh2n+afgIVfhnHaFmPrY8maQ5cGcGsD92H0TSWokWIJhomqPMKSk4D2y5WPoS+uBcOCc6iUVrYzNulO2AalJOBtTw9nu4tH3bIGL/DoBnn0l/8i1s9fikmkVz029ntIFag88fafRTr6p6Bi3BCArEmSozvlfWRNNlHMxO4KocKUpFj4fZ1Lr/5l2RhJIbvVc4J8PT6ZCbMe+ZhiRUiNTbRYQT3bnMKK9Zk7g+4I9zjFn3MNEOODHEf4hDBtE4lI2KNogb9QSOzlDq34rJ1RZCK602L2TPu0o7VPb74p/nQJtnIhDFvqYmj7cnd/Qok30HDV654ugQfbrqHRu+55XQC956dTh4NIDBsmh6RzoSiGcdqxIpoH2q9FGBxQhRmBeQahO3/T69zChlIx6FFuf3u1cOinMLhLOZP3dppDr4a51yatpsCKMOAazEEHgCp5aem6tLsa7GLutTq8Qfp1vqHWgc0cNnBCMljRv2b9Iav78PKwKO7YaQPDgW6mDrtja2EFehxI8t4wP8brI2jx/FnTxo2HL8ncrn/2Gb/sKaxgmRD4ru3D78ZFL+8DldHr4jHWlz3pFunRNkBQeZJy7TYU9HJHldt8QH6VTCBW8GTSdlIQHUKYWrh7091aNwlE92cw151ojd/p8XsTFgpCaMEw+YUAgA1hsHZoZWDbjZTGYrbpYTUmtlfFrpXO9lqpf99WY0aLSqTCDDNLsyDp9SQ27+ntu3MgwAwIiRyCUPkKP05qqyr1aculyjIvi5SMfTecIhyGHqpDYUQzt1bu3pVvP68ITFaIzNayS9yLvwjYuvlaCTl9AQ/ZeskBXU5+Rd/z+DblzJGci9LeKCFHCNav80Llbh8X51ZGUCBSDh8WAM+gG9wK4hkm2iEkFNoXGRb9QTCN7a/J7Hr7YvaxoP/V+KLFUrFq73LsbdVTP3gwlg33M4yAeefPtGdU1IAxQJElyWwigSwKt+QTbr99MVM81UZwXQm+Pbu452eTfPNXDdBwGqyBF0HM/1syANWJFMK/8Tl0W6131pCHlAuJY5LRBGAQdBkh+dAYq1JrgLleQrQsHVkYyPCMGiwa1EYCEvDAysiXg0sGlwAAHRthdiAPakGwJzlxtaKpQUYDucwbwCVuabDfXoPIv+knaM5CIq5twu3lbRWltz4qFIWuhfmIbNciCAamynplm0skr1VY99BgO5+LrJPlcIsxDOWiJX0XgRLsY+AX2pifX5WdIq47BLgD9Pg4J5elfCJOAliSQULgNCGjQVDYygikbVFAUUf4qLPWG6vzbsxSbk0KnNipvhGqNpkTgeE69tVlCMiQtE+Jj8X3+MYEaOUL9VXdGrH75vs7GrpNbIgm74S0C7qG85Wj2clGR+YqKHcWn2wO2jHjWlArz+0JbNkV3XfBs9J6StrK6dU/0nfJA791qWq7vh/X3n8CK7nsAO9kVt65b/8zc0xNJyDl6piGf2yI+p+37HU7Ye+ckqvDZqtst5vn0qpB/su2HPktlDma9HkTIZFyfy+ESWDmNaaKTmeIDpbckqkMdOKkMs3Ku4R30kyef/GbprzwHgs/+fzUA8WIZC37oHRDJguaawdClD3Hn0bK5K36+Hik4Ytu9ZVLVV8n+JXWa0AJrNFTAKOzGKx/69FEN8T2Q2OZc+rFaPCIlhOK+BarRaESSXtIktC5kdfBkpgv/JXTLitahaWSfrutNXRpGr3hc8MiXfJk0an7xjz0kXqq4Ihat0FVs7tGkhUWCxQYsGAgybOb1K3XNvUIqrJWUbEOOe9LrD/+KwGT/AwwXiCoufqwThxY8n+SfKPDQul1seb4XlPeCZ1J8zAtA6OV88s171vNe8Xb73lhvlvjoDhKAZDtEBsbwslns1AlU4dXOzFyaz6/SJBzLIyj1qlG1QIVlOcUEDWfGieoqF+JED7xIWoS7XnHAI5e2ourDIucK/V5Och6MaLy1edy7dEeHBv2TSZD8kvrHs1V08Hd7vXZsBBVbSj2/o84I/ufWlygCxOjJgiad0ri0ZkXA4j41SJhZ94748M8ZBA3nQB3HvLKHetUV+0dCKO5J6b4CwbCjOIq10o9gonsXjucWBURUdFvi+oA8omnFmhRuCmhpA7w7KUbUK8JhDzmcRFb3AvU3sCf58FHYvNkr6HP59UNKSvwtIWIsfJRe1INmswcBV2F9mpnj8Y3YWn7BYgH3YKSxczW0bjcBbLQ7LZiIC/Ca2sHaiMyCq5bqbTNJxyzvZjktKEem3xU3d0jUgs6hrXDxdwolhLroQ9E/uKs+hbvFqfZA1u4nY9bYU3d38C2EXO6ymnYIZqMlzE/+8U8366QJ/3fKOacQ2aY+sRlUDoGDajMmLoesjAzE5K2oitMS7MxaOfxiv93fsnwzjT6hAA/tUxpzRe0NoYfi7HPOmN8laz1C3WPyA8EcvTDR3SgTsNg6990bO3NU38Nr9MyeStRI4rLPnAJfj+lx3rpAvt4blOolgjM3oczsrGTpVqmCmVfWgWMowpqLe4wwn9+BJGzWz6GMHWnkvTlajGFuo4AoyAJVMH5uD8AwGlfkr7MTLpQenp7Bvk01ZE782NEobSIv0MyS3dK7YRMXGVidFJidaO12C2KX20OJgWfu9ESGIJenqUzqpT9Q6PLlysY4qaFODvNcioPpukQJh1wh53kThQbg44vCd9nxOJR8U7QJ6Ra2aYWt7/ORiUaMpAHrcgdfqypX0hG08AO40nVVw44k48FadvMb83kQGQrS5qqenC/xPJgzm+/J6dS5M+xeQIjvEMe2CgDHU/vULzklw/2Cg5mw1Fl4oK05VhCFSxd88e2kWgNDODarrmkURBAj5RibwqIvcHSCgD3QewmzLiuE1Qdm9k50eiuzUpYTsaSXZcY4BrLPyWZd5Gl4v8TGVDlq7mUFCK0yacdp4zmypPjUAu7HKySCYMBcr29DT44JvhOFyik6y2Rb+8275aP4h7ENX/avN3E36/xctn6sE5mZmYmWhszRfxYqe7NTIfokYLByLVrN2pz/fcaftBFTdS9uvI4Zc0neZF8fjtJD7ICIlTf6J0nm3BKZ/tHtMSaYkFccnvfvkSpQk2qQKDjjd6XlxMNU896wZfALksv+fBlZ2laS4etyBpy1KxyHIIXGOLUTrnSV9Jidqo70+tM/oAA9JoJ24BGT5uVQf31IPzfXoNWw7jgF/mtGpTUThjW2NXIagwCt3JBTiIOC2FWvUhUWATAKltnyl30ZWP8cRuLJpT73MWnPTLcZYzzyEd5VRoSZBpbzRR79hzr8Kj768gsz5pXsqS6xc43aT6r4jAWph6rl8fjxCeR0LBBULy2WSLuEyHPJecpdDYttsR/ve5RhO/KgtTK0/TuSj2BXNUhl0po4tDYGxHrKJnvDQZR3o6Igkn/22320KxCG0XwHiJGvy1D4tX4gy9IOfix0ep5RCM3bE7iNALqQc36CK9DqiFWvuBs8NNCRoP4Zvo96Oa3YHqjnaKYDPIPD21Dn1ViMJjIpbFV3iw/Cl0CbtIffU0Ui1sET4HbXfO3uX/EJMmlxl+mt6j0bnXQN80ipYW/1C1YWl7m6wN4GLFw8dRI8H32KzqepMDbTj0Ewh+m3sHEkGhUBo/iffUyFCMd1eFk0q8wzmCVnnjW++IhOEJG3BIhlQ+Vfhq9ut/9HKhOxi+B8z2gx/gP/0ub0Up3xjtMGbmYi6AGJx/CHCX4sqFG9KaVeBeMWbCAv1n+LwNIDtz+HEC9JFeSvJY0axYg3OYZh3GGpcbE6uqKnfGkUWD72dV/Np2pERIaV5Wmo8+xIcOKYg0KJ8Np4wI30ngh9iQrgV2tzat86HtFKRQL3q5kiARtyYwiGqxamvdZA9vsC6Q21f/7jNo92lS85XFwCiln205/9gOYLH1uQBHLo3hOqbefSkqTcDXkyGo4++/Uik5KEj7oYM7DP3L+/TIgc3UMNbb8dvctgOHn8zqomliO6W5bCzovMNgmiUnwzeTRLXfN8DRlx6XfZer48zR+xqaKFmZ/m1giuThSA0FdJLtknuAFCwUkQCZSRHCkLPncQC5WtKIIWJeMmcv6a4XFykys5CN1z4EgMY/+oPUHFSh+/jARq47+otF2cByeveCMULia9wF7NpbHuu86KRtKz9lGHqtV6zlRLdsp1avqSOu/lyeLqMQwFTD5LVLiuIDQqYB6i5qLq7L5LUTasazdqVXPoplSsAbP5r3BujkDAoCSLt0zVxSk+XlcF5EqPlTc8LKNwMYOUsEWx5OFn+KNFTjMl94arLltwpfftXeikLXlJjp8uPd/7E2MV/rhwwmSU9q7pexawVbhQcQjNZixwB5bGtLsuOTaLWC72/o9BwIXsvShw8SS00W3X0nFL1CDcqckFaXU5FXjeg4amThGzLEyKL5Oj8Z3pScWzpfhOeCTRUKgRhfyZXwkzbclaCYfQBN+OqWTlbkiKUnU1BMZyDHEETpmyO8dCNpVuOYKvkylmNM7ZDD08PHKfkY24SJnrwBo0/CvE3ht5hfJu3fER3CQ5MXdUyrmOrBuuigD1em7Ac8RHC8N2rxHkKp4B/y85G8LVJAgJMw8C86rInPDKrPZDkQ8U61Zps7IxTOjpN8DSqOc7WWEBp/aRW9Jeq9zCgBlkyOlLpZBsG5TUehqmyYzo/krjkva3EKKCLuC5+AOXnX5/ZPFKR3hJtzguFJmN0vJN7rN7AQctVLtTcCyn764HH3jc0nBfTrh/f6JFrC+CWs/bZPNQozJ4Cs7bF2wrW5o0IKO45qPF+mOb9Og9ZJGhn8DZRuUOXZ7M938kosP6xWRUT9tUKcpNqyo2wVhKM+sy6Q+q/akRbQq04FMkXt71TsEGOBtdqbpiL2gq8BRHn53ySoN1KB7b88j85N1djEOhmXP6xEcThKMiF9IJD8ZRy/f7IRdmZp0ZFWhKh1Ja7ntMds4scO0EJ0QFsO351kjCsQNpUT4z4CvGWGr4ktrDCqJZQoR2AWavWnz2HdgC2rwP5oKTuddhX+zRRnpu+HaJLXBQzvFAf2fY8n8FBwODjLM+nqiuApvdGYuiqlmbxwIYEZl27cusEfgP+oI3vZaqv30kNHgprY4QPPYFix/5++QE6sKMwshOBr54MSpAKA/fodrnN8MCaOG6OjwiaVZSJxqt38C1JEr0imfLKcEWKsigdtZjEghzFo+c3kT6HcNXDlHd17egcU2hEN3zWHCztf/aFs2SnbGPbQe1B/ThKChO35VLW80WPnX5vzfG18rzFUKN/FN8hXZWBujAVhqNbrvM/THDk78b1qw/w8MHiraDeiFaSUbhpolragZY9BcfiEO8M7m7EnJNl8SRyysGxPaHpo1d6iN7mrwVBxYmbvuISI4B0gO17sKqNwo4WauMJhbhzaGHkJD1/XCKNcP7qSJ6F93cf1PrnIhtboxRCAgMKmbC5yUAyqnoqQd3k8GvGBAIVxDBFSO6XpCRFbFhWg9G6S9UCF9EkTeL+ksi+Wfh9lcGWMHw5Ekz4jMzRVw4fH0MTqeLrFBB4CkKFXBU2Hdkl3nrW8LyEy9rZuC6Hft+9Ts1os8qhBWZolBlZlJIZXJvCouwsSUXPSbt2qcSFEE85mD8on7+vse+cSZ7umOE5LpuNO2fdt9WLJlQNf6RoOJTRkEApuS+xkMhg/G8tmIxPSS3F8dc0rr6dykCKAoTy3PyEHtzpIDthIO2KCskgeOf0EJzJuoOOdfQFI8VokkqTjSUxp1fY3+joVLHFtMJSCmYXxqZo99PV6jxhnTJgSmS1nWKZx8J8G4+ogqvx+dIZlkf6u7CaYMEhZkeJh1+cxI6ML/cYkZgvhKK/rez9k986Nbq+sjwPouDZJMteDE10frQvUSDkrphIkLBQzJAXT4yO7adNds3V70CRqReBMV1Z42CWxJa9Ocjto2mdGRtXDrTCJ5UVKZmdYRViPNTTu2yCHVc7msauDn4gORAtZg3cq0kFr2meMyr0GfFAoLqgNq6bJqgaDesv+FPeAnLefBn3634Fdce4DnlKWpmmh9hYTR6R7LBuQWzhOPSLo+pzsV9zlHpfo7Lcu46AklLLNmG580gkB2MA/xj2llYx+MTfPkq/xbR3GCvoBcSv2ahhpsx6j+lPq+FXgvpGeixfB+Bte48SHoSnWJ+F7RetOEj4qdogV0rHE4sJf+ifHiNB4OA47ntmyWF1WI+S53vXqnzSThKK72JsXuHKuevXu+KxOcGqptSqmOt3eFypBfzKifGjVQ948dhD3SpreOfnzlUYAanRj5fdl0r1OQlAFZSKFoZ7SzlXirCSdJItrSPHjy4CGGhRBS6bbUKeojDqMXZ0hLVyQC7kaouEkJPp8La4f1tTXUZSnArxRHQseiR4OH/zKlxvFfo83ldATpi8McnZ3wzglcij3T/WB8sLsFwJccr60zkAKOhKpEpwWbZVjSjFwMvfsYQsL5g/RQR9DX16lryyGsuzx2cCYP5GrlMIafjLAPAUrahSpXKfnzM2WZC//0ctlRALCDoCHH53HmPm7cxWKQjdBYyf4CaH8jKP7retAwsRElK3+WSYyeU/nGG/MfQHQO/PAWeF358W/Azp3IyPwMQXum1TqhML13or1/wmQp9wUceRaE2vb8uLLBeqSXt7MqQyRfMcyvjSNfhuEd/mX/pRXM8+YNPpftpNibAUGdb78J/qXyruYM9CEbuYcR1qzqHKVyk0lJHsM4tYy+VLSaMONzlQcAHKV4cKhfRjqydAAooHI2lNapeiXje4npqopTey1ZHHUZLorf4mgTlHANquM0RILzBVawjxlgmiaucIZfH80diFU18KCLLlTzoXIGlztcECQjzUAXSzWv2bsahUl/M3Wl9PaFvCldb16w9qiT+ZAU4JYDkn3kEvCAFeiZPmR1XImVIJZPkbXQkp25bGdE+erZVpwU6Ez4Tr2n8P1TGRImHGeA2EJHc6TUJYCBnC3Y0IEtMczvTRp4aK8c7079GsEh8G+nUGMV9a6K+6in2GljOhvRtBQSl6Ba5Qn3wYp1mrpfKvBcmvWigsyi3Xv3MADLFJgIGoyaZcq8CBpLXVeTIF0OLB/DCY92Jfw10gucHVGwCwfye44mFcW8wFPvPj8pnsMAIRodfX8JlvzpiB5896TyH26DP894EARMyVET21USwzqfjxDnHHQd2kwh2Ej3fKXlgcWVxfTYWldWVp9jRTL8/C3/7dtixewGaCKnOzJIixiBoQ2HmQi6bOerxlHAaVI0j17FDu2brXReJr9V/bv4xXWvlk9N09n/osm0LB8835NvG8owj4qJez+ETwP3v7jbKukMsBmhn+eI1h2+h71uflFpOniEPi46NVIHdRLWu0L4wvW1AMZZCECSl3FHQQWCbgh4P7hqK5njZ0nLJvrrppGDp0YbiRzSQqXTx90Jhq028dJH3vXjttIoYMrIiKEJQkkAL4Sw96Ad4zQ4S8NlqluhfXSC0G7SEND4+raqQxjNH9FtVTyBkLwMLoJdwh1ai8pZl5blvufYP5+NdU6XRHjv/Z0A8pxmE5YpmeTr+t0W2GAr5dgO3jiwFFQsV78jVMjY3QDU5LX/v0jb9g/bxBGSJm0xBmnI0zSFkmBHJ28nIEl5kJIiKPhXGgkKkKEbuqQ7KdX6GnPae/Bj/jAVdvW+RNEMItALolYDVxwQBcScQjwW5PURNqv/SgdYyAAULQNYCd4OgABRe4ACWPDUujOe9QjIYXdUjutR3OEwdzNNV7Hn/LBZhYCClGkobRu+xM0HVEfmslyToHLlJ16Cvs8xOXjv5yEwdqVw7X9LWB5utCv5UQugAkVQMCX9ggzNjZzPSxGO1fcFGRhg36b1IqmV8pVG4P+P4NCk9n6OfRTN/99jQ6dr9G5j3iUeZjKMuMFJkFyy5/gpnHwqIkxvqL57aZOBKddjggvNefkeSIbRRiXSa8aRI3Fm+jmKdUUvDmiRO4++V3mJW2x2wdsN3IUpj5HhBeaDpJE7hdoTUvqv+hwGz1/C0icb0EYCFmeq1ws0q3VQqjE1EfUgBg3klQBjxXz0QI5RJRCP2s/bnAFcOuHJ47YLHy1j5Pzq3sK5CFRZ/BGht2Q7uiS0tILu6qR9F1g+jU/xszUrPNn6U9sOH2fy1T97KKEOocxZQxIbbP2hpXhVappLUPNlRmNdoNYi1Vaz2xdZT8cQEF/gH8/9Bo2v3wr/o2FlYqeSxOc9nLLycS8XuvNz+X9VOt1AclGPfQeKtnmKRj7d2tw1IphFsgjLIs569SM+Wwf815+OhPEei/9dbGw93xV3bgHASBeUQWjZzciB5QvGYZ7pZUgWPIfbnGmPDe4EIaBUOyBdA4bHcIn8+J0VRZYnlIPOciBnFx3X0gNvKMU0HbDFc6utaN7FFKxwwz7WpvFkkEoEOxf1Md82oPZ8lgEqyABMCT5HL7bFcHA+i342eFms6dOXhL9oiyLiPptfG4Fl42bxN62u8xbTza3US9PAb0JgdqhUnrzP9aM4itVSowqv4P9eS42bMYYYaiq7nDTvflxgOCPZfLcCOuMaYtyslNOnpkhae6XYukeJ0XpNT03SpJaOgW5shhOod8ywvxxSlOFARll0GuuuiacIeSo/pk+XgruqqRvapKmq7lqzzblseItUNe2agwpMT9jLDYfqJnUaNKg8B17QtDbHzt6JK73bhGCBu2bGz/TpXlSEEJZDopWsfKzAjrGUaQm1P9Pv4mfYLgkFBMAWJbqhcgt/sI9sSoZIKZ7NrSNGU4w472lX2Z7vN9HhxsYuuViyRK+Xq4Fdyn+GJIkUKycpLlfCTp7BLQQuFFvLWILZNSfCyuW+EZqvQLRNHXoxZHdroQmeJWOWCqzA9tA/1h1tjgUfvhBld4piJNx7BEdVSt3BlsOEOnhfaX3hMdQt2BcDerzf9YemLdUgNWoqKcejfjqBtjVMo/0BaxhBfCfxiB1d14w1pei2ECXfisox/pWSa+vHP0euKYwexsZRetataEXPHlAXUizL+AweUpJ0lmwuVk+WuqRWzZia4lQ5Swmxz2zvZgRTH34ZVH1FgLfVtzWfpQRbkMSLmEuj3TzlDb53MCr+SRGBHzkoEqki0OO8GmZDBUYVitgjybfSp9vf7FgBh0mfg8YdygwZrm0jF1xVIP0KrpboPSktMiri+hxgBEpZmSm7fYnKsRflkCTgyN7kMRR9WR5dffB077ur9LV/ckMThcmeiGJ3Xbb4H3+kwhagdi7SCDlRvsooJXIbJ1F8327CD0KCErorD9klvNlaCoF17IgLB4+n4r3usLzkgnfkhNQ9vkDj3EXZNN84msDdbYFj9L0wBZzbP70HOg3LfDie/NUWY6o2uOr432qOBDoR/tZ0Vud0/KmZpucEiGqTo0g5QxfR5AhaTBjTkET7Qj+taIIRXXE3HeSvTx0fnjETFpROPfnu6F0tBd+MXuGXRCaVA+L7Mlj75N2u2LIyA+FvolpTXhh3qCytBl6f6oc581gC0BfNP9xzEOg1a16kLS9yYDyInH+Hg0FUVKUamE7Qns3l/D2gHeDGqeiFAPiFNlIhw8Iwz3mncVXGWwb3L0BePzcQyocdcDHbMh3oICxU0DcvpDNpEItCkDx9gvCiYib7N6IWmBmjweddVYP+rcveVFgQdiQjpzjP4913YNKmjwbHDsxYR5qsaEIxBgp2BCkpzf/Mue2jKoqlYmR/KXy9YqYDRQSOhnabmA+o2/DgV6bPAXberv8lboWF5MKUFTQEnOwcVQChlQ8guH7SayCozj8FhzwSpWHc8C9YlKaZzRRI4i9KFbdPJYWCJVaG4z2EvTZW1tkAiNBHrJFZ3h02IpI35CHGA+WRIpHx0aD+/aXHMWDThoIP3yeY/zl/z7lu0IORw6x8vphAaEnI3lM3qO3CtPmPSOWuPctcxuZc+1zg2/Ml/wOFUbms3g54XqtLtTOgJ47kKPAAz4n3GdJa6TKZglBHgvJbBmtNPZbIAhvF9g1oH4Je1RKWv3eJ/8/+L2kaxfoyOcOr3Diq6q/WpnRbPssjse4mIQ36tF9tXvSe2YL/p4NHTSuPdKvp2dhsSwSG34wuWRNHrWYgsC74jA2RMtgDpQJHrNXCKKWS3iCzLzqaOxhK0VumVYumsoy/Ht9fbh/6jaol9IAM7RZ1jajSM9bC0SnLq37eEKHU3UmPTRjkFldpvfu30uBtv6ZkBVdoCSHPI7+REv9e4+ChQPE/gTlRJynKIbWOCfPGY6IrGKqXwzKbBINDXhqNIk4mQZEeuPEPUNnj9PsqSFarjDeq8YVXarBQ+tEYYIe1IzOd0GkWWHGz7Re29F9ZRK4/Mc+oln1qVqNfcxNVEZQULaCQmK8CnEFklaCEuwuy4bKdq3winbE1frteddLN2RVGErYFv7NRacUiS/raP+3tz39FJ4VJCC9FkXBpxe8CaKaa2/29CALfOcd1zxij0f0NkfR8mnenSN0r/LyJscBUAxcL9zd4/MoV2JQngEiD9RHJSA3/MHJVK8Z8J0W4cC/KM18Df06dGT16j3FBa3roUTz9cCpjpOvu704dNfXEEuLWniJ93R/hzWMjjun2qxJkD/nXIjMCQC+2ja4hCGpzm6W5zAtXEtxNeGV4QO4eAjerFRs5+D8E5E33gSqxLOkv4FJsn54HnHVCdlLIKw+dMVTKSb+qaYqwBw27Fu6Dhqus9X1visB+axhHOf644WOvW3JTJijWGoo4j2FCC5gpttgVgjoDIbsbWwchDVUW7kjRtC2beIKDu8UJQ4SttOV6MMWKj5rWN+GKJmF/enaZHupwp8IPAs5gARMPfkO9GSduUhYiO5FGVNvXjiQmJJfgYBMP3zK/5wTSp1ZxIbi3U0oHkfXOGdQk2KU/SnGWecgSAv2VbvflNreL/0cuTHovabdeLpYlSQvPgO5VN3BjPIuBPuHBPc+f0NGZhyu9UjwGed8hMw4MUrdm5+2JokibUvWdmGvhSwktXK39E4Ku+rDZxFWLWgYcGZUBO7TFi3CCjyvjP0l4ozFMZhcSrk9koFEv42idY+fv2jzWibi+UO1QpwjMH1pSuXm6dJV7xZUKPglNiURJG0wEc7RoxL6bawY9GR+cPjam/wNviuhSpJw8BJhj45WCKCdk+lihH1uJcaDu7PEfKucQeI4nI+Gs9VduGw7eSbyO+FbBG4TyM02uJ2qDdM3U8UsYpTl2mB9PLlKoKjTtkVH63ceQhR4CefZzZjmGlG6MmOop+a7tIlXg4SWhCRxy9fLkIfAhGSr54Ln8/treKdPWUp8wSKkikxFEEhV1JBSktOt8oIR1+B911nE4kHtjFRlx4Q051M8Z1gGmpF03Qa49l4KTWXwWFo8J77leMbMphbhK0f7zcyE1Le0/AmMJ03rN2bKLjBTn3CmCRJ2U0TUx2ophteG+ryeBhvDqfFPwL/A6TRsWCQgzljttJuFrRm57dmyY7dDYP/ZegUKxu0o/oVwhICybVQ0NgW4tmsnOBVGVkYt4jtwcwxkClXYg2etXnTqZZ+p2z5HB8DUKDDJilhj0dC5E6byPV3b13gVjxKLJxaQ9ibxlZGF0ttEMvGEozfsTA5FnEGP/GYOiZGa5Pur3nu/lDLJ8PYQzZEHNCe0BlqcRfZ8r7rrE5H4W1oKkxcF3AOROH+FXZI4I2WtkcaAcPq0NdvDImpS49rAHahshSe7A4P5ZgmqbSOI2HH2rugu7lqEwVO/erUwmARI7XGMFBLlbvPpPgaMb96VPzB8aIs5st86pnUk0OU9YBo1UAvTHclQsiJVWhsGCGkCeaR3i2Fpp0103M4wF/EPLbghkXncIaTWMHGZS8YURsBsAIOrDjMOXzbqk9+GLqs1nNtLEtu9bkM+mGOBvH79eLYo0VAbrFsszdoMrANqm6miQNikQ8K01EfVczOIcsg4S51vPewrM04CVLA91fDbgS+mZWxLyiD77M8srZGPrUIFkvaatCz/Ijsi2n3ZHSXako4XJeGFceHx/+7ZSg3pmUHLzKoMX69NxoGYZwu5Z4rIugQQZNDFNzY3JOWkU8kpNcDcFlkoVTacgbux47066jYSig2D7+OCf3lcv6mu9OceNX2oACv8aBw8zJFsg5VAhQ0ZSnmmO54eg5sCRuVyy2ZdeZnUU3KJDO28IuS+i9WTCZQ82y40XuMnxt3Jr2NVwB6xF3dXw0CJxmTH/+c05ujk3jVnutYQAVDGIPSVuE0byVEzLLaHIFpSLQhUChYiINC/Ajcq/z9Mk69g5u8Xez1qkW+8THAsN+D0FcvcJp68Ng+il3l3b+kAE01mliBz3eA1FkI6JMQzWD1wRjpnFrLDwTOakIBJQiS4vewxUu5pCkSBHXeH0nAxtTUJpSWPrhNIHRVLsz1ksF0/jLFU5fyco+X201xAShOPLrYQ1rqd4odYnfqZk5DQTEMp2Pecy2hb8C1Z1aR6SCYbHQlahm0ebk1/0qQTAp9GhkZS5Y5R9G1ETtxSjklm77aCPPQQIzuaIkVPFm5anHeqBUPbrCwKAJNIreSRGtyXL8dhRDz+1MR8ivXqc8X5mM7tVz+ZE1+b9XWq2IYTWYMUBtCCKS+jsJ2VLdu+u8dFDl5zjupVKAJ53rjGm2rR78ZGGtpk4ET0c09u5ktfqtshlxx0e7Lylu4ausWBH+wxrz7YdD7FaRjOiCUfzmmGoMWxTUt0uuOYEhvudzQxlfVz0/GETR5nVvdUjL03bC+34y46pDHwkzhw9AkDGyYY/9KYiEfun414HuZtt4KSyJYX/5a6ORxu7fRlqb3dcAhHkcTjDm8XM3Lxg4TvcHeTSxZkhFa57v0L/rw9mKCKmOnMtWhOmtP1I0k9Bo4TKwR75a8e+FAZQNiZl4v3cahIy27s/EmLIhr0XCoF3BBzzDwWXSGuROaWf2ItKwy5e+vK+gIVG7tAIbRbQ89BgDGUQydSd9ctsTQWk1BOpiBK2//pKBZ991zbTuQ5E9jWQAJaaA7bbtJH0yDiPWhRP+f3wSz6guRrhIU5j/0nMcovAjVvACLJIHyJmfwqJTLqRoq8x/3BycoUpE5Ghx8o7JdmxldGUO8Tz6uUlxhXEIvjST1qseV6Rma9obtudtVrbIcRkLhdsCZQRmfCdAof3yTd7R+yyanRiMy+taw953p/drb0kkzzNleOiHOWHwL91tLRbAJUDGJ02Bcy1Qv5zQL+C0j+xOWqaIiVSbsKYiDiT9x7obqOcXvzspGHFqeVoPgqx41xQm22YtxtVRh1W4GDAW5Qq/RWMOBEsZXi6gexsS4RHw0i51Kv3yh3QMdB5kiX+MeYvF7GBTO+JbWvcWZxUPfQUNsLVphGC96b3lVSpNCLPaZLF19OfriTwAGhucM+0rzWbN9gt9i6BSRvmbU30XsIanF6eqO6fmzvamjiBEi5X4knlSLSUzr75IPIi+ogEvl7kYZTmHfJ3F6/SKjW8WUvpms4TQ4Q37MavYnmEXdWKFCBj6gr3VywvORpsmSzYixvbNlOd3q4TCG739/ZLFbSLvtrkV482nNI2jdb8rfxX1QGEsFnhYbaVsMk7V+vz+mSoeHpDVp7AvQ7e1i4ikKlXfmjFcvQizRcxDnDz3/4NtnxqPFUbVmhUkgaq977NqsWZFZ1fDn50DClQnDiF6Opm7oeH3NVU23zsQ1U3GBz0+Ij3rHnDr3i4IgrkUbKPdhkl1gAWzS/ca/ddCazhY6qdjxo7ReTD9nmq7HhIlZ614Ar+3dqULCAb04LlgIC5z3V+HinJt5JzXmkwaswTgqwApAAl2bU9Gx68Lx6jb9Ibw/MF1xmX7ZckkMYegHoBT4k4xWvOe0UH25KzXNOQ/CV0NRt9m4QoBZnGDlZYgYqPW4AxUiF0J1qEyO8Hmp05M3dlgZ+/jU3GsuRnjXMas4S0sSz6LiCCog2TqdJDhM2JNQAJ7Sp3lFoW/0aZgiZvTi0WuhAdDso9GVhEtRoulo6gSX72hmpCcEDb+cjHnnV8Re+tXtUfspg+huHCyuL5XzsUJm8Jcysyd6evulo4Mx1H0gCDaRXCbCvIlsOL+NnpBYwUmBIqJmfqFn2X0jhjSD+smsSzogq/TNoA90i7QzvqbmLyQJQ8PZQxAdy0GI1Cz0WCY8Yb9ZmZfPnxmnAuKEcdrY+KntA9SS0ZZPVvJqwspx1ZARAlsLFbl6CfCpe4CQ2dXePdwRULXnF3la8zaqp5DV6vmaT3f2rVMvgs69dwsOZhNXfHP4TGnMoDeq3nRxcItsRAZoHUu0MxTk45Oaa3I/NNRcItSEVUC914TIT9vJ+Qux5+gqVTROuVePjILUq+BPOtex/NdIyVqFjcTmuYM1hPFD949K550t1xYj+jRMDcoFiTX8/TGSVfaKVBcVdpU9D1CW+jxslTejEES2PmvGMI9G7o4iedbgLyUosZxHTkPKCe4nT874x/UQfq/IKP/qZZSX5UHD0oNGNrowFMwBkxt5lAv8bbjbMqO3MBdINfdxEF3jJPicXhhtAav32S2P05KWjcCbnnstlkbM0HFtSe8KEPhdkBbaA/vYGHoSww23/sC+v6wZCzm3AJqzmMafADlSwYLOegbP2+DNrBGb6h9qVNkcb5YO9FMz+UIa0ELzRnCcGC0RrH7i2kTeS2y3MTVD2+6zGoBi//L7H4Afbc3gZrtRT+uN6xjhEqkRTJuCB4o+1KF2AfCRYERPWYIF/9LyyUY230PMyHAGB0a3KZYvOamyjdxgy1f/9dzV1tquIN2IvzgkNIJsW/F+khI5hCf1BqDwRGQzMsc+CqV1aNDB0t8000d03ivenibWg35tBXw2ggwOSBmTYo3e/KbAgnn3POsFSVK9X8sv2TbKjdBMQqtXwD2CcYC2J/ClGEt6tyCz3A1V6zuKA+G8IUZl8mcdmL8pVBHTsbiccaN/oiXxCp0gOh1UDlBZCoN4HsR98tIEIEmdBvABFgAWhgmlAAAMljrwsNr0JpsNg9mvlMIRUYJ3idsNJi3rEeFQlRiF9CcnbKNsJgqZn8HKlI+qQoT/whj6zSk8kUayipPDHgVdTdx41hwXXYjz8dEZ+Opa5YxluLcfoXn9MxJytD9eraOY/188yHjzdJI4jpBSxOeHU4zGWhO9GDSepgmcguxER+/rH0DkPcxV1bMkpep4XzfuqT3+ImkNj2+sgZOiAVI7JYGQx2F7P4yxFqYSpJJmFuc/T8k5oSr61OTMoQuS0Za07CnEiqAuGYc2Y6P/0400f/MxpUnPEWfUxUCva+HQy4E5qjuzLjCgwS4azgFey+Nc3mS98T7r18YgwmjuffBij0qtQAf787I+279gpC85lqSZ0/Md5Dm0ftcduT+ArWcPbyo4k2b2qfFbqamAWhgnsYzRlOhwLh9674UJc+IP69MdcIBca/pQGSlZ9Xx0weBxfY2ge4e0EdVQt081prSl8DqIyyYUHxskikReOyr6pDDncHJqCxb6RuTX2Si6RsrRiK1y1xnvxrXvOVg/wH7W+bZvI1P92tm64xML8tWg6Ab5g4mU4io1XAnm1h+OqaoytYHLouJ9uJTo0ccnp9dk6g29IcNG71wjT/wvuDRRNCnheT4kii8FDTm6BNgPFLhCe1NxMxtUDbM9gkg0ugL6bzfZwemguA6iW+oajNhdg5v1wUB91NVlmia/JQb2WMIcjEVxTsjpaPUZ+9P1z3CGjWKhb+SVBYWrVkld85RYmv01xTLnNPUwWBeV1nfTSm19i2gqAuKWkkImEb6qn7KFBbOn9i12jwIAjMZoSoBAgXtOwxMEEi8f9t1P/X/lRFZie6DH0pdCrIegcNKyUjdG/9NWHug+dDsoP2RrtJDLaXRrUWHUPZDIqGzjk3mPs5acTVaDD6BEeP4oPBjL5b4ZcMzovERB2j0BMyodaUQ1OLwq2+SfKKWusOXcbt6hztbSvKWS08vGINsLgjYc9OC/TPZELL2axh09R33VtbzmQ+Hbn+jHBCMhAmj3p2skLfUWrw5709eGixHRzwDGNk3S1EBf6iSfMaZyB31rTjQjt3sGB/+f4XS/ZIOG79N6/sGuc2I4ttq0heAy32gduWCrGSEszeiLVnFY1OLrkd52E41tcKqkFo7d4gT/E+3RDjPBXTX+JKPsrWWC0xG6yWf5fs5QCXNkT0XXuaNxlPpKba+MRUYzxpMmg3hxQA2wlsggeGxpqiRQnZWiL6JX5G902bv0inLp2+JD7B3a16RG3t94+fzCtf+Ls4xmmYmD+WsNMYJ/Y0Y4FrIkPVIbmDq99MXvfwApclt2igh/q0wpkppFJevN++38k/kV5zK7UHm766KSab72Dws0tKA2DnIJjJC61pS8IFAh1bVemTTqzSxPV16tcfyRz8ZmKscqe8KFiFOXBBMEKTXPEtT88fbecs5Q385QKqH1MT4/TZn3OXUHZP8VqRhipku16XvTKnc5s4LKqdw/E/0tnAgVWAg5VcepGQdAmSnpAuM7Gpy9K9XVF5Qf9orPAt9Spi39bjySh3dhKIen2jiAq7tAFaJO5Rr8tKYzDQl6J2/HvMabYqTxDy1RLAsm/actPSh9jxO1VNGyJ/N0/nrHatSMUUvsKfEJ+zulZPQXwPell3e01KsfXa96JIePxB7v1KbEYIBYWOidm4aqqpfb8z6lcQc1s8CZ2JX5AhFJRa+9hr7C8H4yKbDUMI7zadyfMWHSi0Q1DSCk2I8tQT0pRUKAKguzvsUsWIgPcFu4/q6Z/eXFd8RXAvBLj++DJM/PkIQMpxTiWcpZeOF6ndofYU7FXuyQY6kO2aroptwNMx1K+wwLOGKNdQqX2DTkpS4GPp9AmH1irL/e1U5mePDUfJeVVcaFf4MTPXI+xWnmNKVjxl1saiUJKgeFuaSAPIKo/RctfwuPVKb511j/LLYb2U0pVmRPhfyB6xg1UMMQ6Bo0/0Ep9Q4ceilQg5Iy+F9h2dqoExlS6RddbHJdBRnUW/in/VlEBN79xLc67lC5T5/ZNx/wV30vrbTaMw0/zbLad5eqbeaK4ZT+AYMVCQe/V8+40QycwgSfI4ArZ1dy/vxX+OTNZgsX2NnP6xmOoeBf3oqVtgL/8vB/StDC3tcQ/lIP7+T08xycgIIvrkqWCJkPI2aOwPHf058rlFEywvBvZAACSlrTjX6+WGpoSF83b+mOAYQ3RZMA83SPnplCa/BczajlOOzcEztOYRKGY6WBmKCLtTdFxhoFvjhiin+IyLDtOTOxTozyyuw8JyvT09tz+LGw0RK6nboQIT2bRl5czPiVEHDNBt+auOqAlMecH3nPOzbiq7a2LQ4gwrLbbnjw1H38Ql9bphNWpgUpB3hFaCKpVjlk6E7+z4pX2QpoSGMaEH7BsH2GSD96K9OYkIuwGk2h4RaV+yGC+4pBpln1nlMiSGuJWn5E1sp0Z2iUkWe/jN9OEWDaqsEPtA1t8Bv2MOgDEUGyS6tJomRG3eKh/UJRJr5uCiz/zVP/1tEd+JNKA5z7iMlGXAlAxISqqiILigv2wtfslomZ/5eZj6dsO9UZEo0SFjmD1ETTJKlIKIwCGDS1kdRbPqfXDdw/1LTWFe7YO0sx0aNTY8VpoxoJHYDuA7U/fiToHbkjOnNhJ/CXeKPY5m55lxmQsICddwDeYhimLOxYUkvb29vEyNVtC6ue88BUJEJG0xSS9Kse5dhcZHbNNgYOT9cKEJeZenp98yJ8n/qFPnBAYyMh+8jy7wr581APp+I6mIOZmVdSAygLVivObkydPZBDPY78fVLcjupiLYo1qJrcZWNJMG4TDHf0nxnWpSMbAMYam9yuUSTnLtxGzjwWCEuA5VGTFpTAT2N7lGst10I+w2e04FR6oQpLjqkSBdQtvZhMwLQdRtrjoreL9CUAse59lbXeOR/sjL5cHB2JJ62g8vso7xWOUPaVqHUBFp/lTEytXJ9u/2tkW35rGjKhBezodkwmrTc7qdZ61UQc7YiurP9wuzn/R/nEdq8rF8IEXKg6axWyP9VXauEOVApwrn25LbnU1H//asiff9V3bIthOaNUp33q6eg7LleICHq43y+hZ7nrSN1d4NxMFUsbp69aaDXj8Edd21Wi1hicca4bG3H5eLOLnZqPUphKlic+09sBPzKQQ7RwzQadvmtpY9rtFbxWKbVGV7XnpIXP0eGwRWLg2Kz/mEgH1gPtc2La2/4psSepw1I/ocqoZ2LV6Wd4fu2Z4GQNFyJc+MqKvVjz/R4n3vIu7UHFsg4mavrVZO+vUwWwOpuR8ZGY7CEdYVWiRUlKX7ofgwZdYq1mKzTrBR2vDPmbCcM1Uvpxb8u3mjQ2A6KXEa60iRmHqewgC63fr85fgT+tfi0Tu/1EwaKnoqfh9O+tfhXra+ZsuG33grIMvQgUoviySQtLQNjvsD9cOMsRfpIsZE9bxCPjMO0j/O/Qw+CZt1L9iJ2XfugyxI4AUtFl3idUXeNbbL0dLGCsoYXk7yFWfu/P0DiZp+Q2aX3nVdVq5b18b/kZgecthIL0c1ovRrlq1BaMrskIgaNOj60Gu+9mlXPjxHdwv+lRAejM9JsvSpP3o1u55OkikHN23gq7NVcF9n+bUo6YEiKeNJ3eJ0JWbmJkZQN6sfDvSHS5QyH9GkJmChH7gWBdgxnQGhALqQtu4Xg1gwFcsm0T2F9D3KrrGW2VSUtuQd3/XIh+T9MG905WUvjLSw4w3xEvHJG3U/WzWJgSgjRnsLL76D/iqmfsf7wgLsc4Goz2G/pxMbVdhJd3ovU00Ylbe83/qkWfiVE9YsMOCQrAg3hwHigvtkwN5kFxdM3tnwr+MQxrYS7yJPQnZEgBtYfRK3raxXatXMFjj5F/c4vRq3SS+Z58qMqkjVnMB/IkDubgjCgwkktwRspAaIDx5jof9BSC/sk9oYIZyPgfB1M3by3zjCb8J2wrpQ6TfB30gJwk81TIgdcJT7O7sfV9KKBifSfwKWKR1gU5I4oj+pQD5ciVcyoqkvKlLV5Wv+FUpxL4zj9T9FoQh4r/u5uvBTaNw0UhaQVP1NfepciDt1BjcQJxbXd7jC0QNZhPN8DVpQ0M2Q6PYMfiB5eT2MsXKVrvoH8mdVvtE86QkwuH0FAKFsyLxRL70yDJY5s/Fo4fP+3xj+oWcNfnI3Nn6WMzBl/ZZW1kcax83Rc7pFg+AMYYKNc4dcwFGAaBdapTmftKqfMs4RFOZ+IPBrthGjTL0Fn1g8NQVgSJlzRA23Pt05RHXvdGpK+LV3OvyxhyvsNxZmpnHDPyOs/w8x3nrTufPcihu9FE0vJEba99uuSn52mkVzwYEJa9FXvJ0rYrB1Ar3ak4sWe75y2zotyhN3dbXfHObcGxXuTsoxph7vBsr3kWWcsZlRdlDbrrvauNVWFW7yu61ggnUfiKb2hlVjKndaM5RFfjkWHxf4rGVYiju/H8Xy6usYF+htcJ1DYkbXHs6T8BkN6fPshOUXCuflE2xH9PkU6UqCb3+LA5ilK0UKNNIY/itG6SwG6Eh/y7u155zIube0nb4lFTNeXzTXGTz1t0eVsQfqr61uf2BmfD316Z9R7QOOCakn3ugilNeFMU7+dcGlavOil1xJ2neqqPiHd5EVUIBeLbBEQDdxKjxJR1R15UKiEL2CPjRzRSrW+9TUETrDURiZ6Wz2cPg9btW6EilTZj6NHAzcd3EPvJfcUZkTjKftHuO2s6Uh0biPbr22xksDDelMh4jm+H0GYfSzTT5wNShU1xP6wiI4KiD1Ar1NKZt8Cd67uhfdn8bqIY6Lft43Jr4uroTPwcW9J2jka4GDj98asdQohPJikCguhIHEXAcRs73esByNBcdkQ0JuY+OlqURhLTC8iwf1fo4HDfP9wHl5/HdHHIa0IS52kY6BDWWjTW9yQDXYvZ0b8PLT55ygg46xHeMP/FgwppFnCUuJAPZ/LIORWqTS69PKgt27z6NQU+HtEGgfG3F973u+1thSy2WUPNIwMYKlH80eUaRa+NMnES1NJyymuKfiZKwmya7IaEYK7qY6LuHB+V+mCpQ/OwiYL3e47Xin61LnjzE8v+M8bRwDEINhbUXnh+bp0f7U5FUK5bhomx/83V1fGiAE1NxWLWezCHHfCby+vPqUthNFKBEI6KW99SUPXSw0GISE5/9qsjzxH2Aa30LNofubH52luNxjDoK0lLDff7IqHredkziy66dKfCFlmIR+QwzJ1EyfSWX4BLDiZ+1SLXp5sFtzPPyByZp0G9jBwePE7W5VSXMmV9duoVn5PpQ9tossjAOaJFXN9ixbYOv9lGX87SFoHPhM9pQZ0CGxYQMesirZqbQZj4UBhY99ePVZEemjkuUKrRHbRXegykboFTXUpk7yDA2w5r9P3Gu/V9Y1+vNNAg1fXIr1JUh+KLQbM5eA+DwrSMabHWpLtA3E1Q69IPmuCyWv0obOtxWSTDc+ZI8yPYYiu05QA/k8FpbhuGUh17I+9NIrRdWGYxw76jqs07tGf7ce3hist5rsKhaGkgMREewMl06NyExxPR88eEIT7kz7VrFw8UWPGJ+prOG+zl6fp/xUOFXN3n9aoX4sJNy2kGPHHkljGnEgob+Gw4nMW44IOwwJFxmHEAkT212omCwOyJ8lLreSbW7CmxXIUHDla/q6z+x9XK0aULOehLmKmt3PR78ruuhVW3I0JMeEhmHcg+/Hz1s8MSDhSe7u10iwHpV6nVTunHe7+MSV/wgAOtiiMZtAztNeOnh+N7JBNLVEc3KXTFJTua+Xhq8/t9yyyPrNTXyqP2WYSYVZ3tUJoHPl5yMxFvyOBtv8nUp7j5urQ/UTWdzcb7PnaoUO2sL8iYH9qiCWlPn1fxNfujNbTBPeJmMXLLfGtf27qsnVcLII1DHHpEe9kR+3GK0Yx0rkJf0qhbVNwPz/AgzopWwHAHWfIw7Hor7shcehg3D8ym1lPZ7WsMIJ+ije7TBbk4k/tIrMBoOWyYreDWO3/N/sQIic3vlU+lHJyS+bJIetC/H55FxkNLHbmNOnGZE5YSqaCRCABH27vZsPZsAkeHIHPMQ3GVMhskWxY7urCpi3Uyv/sO5HC4pFi4cBmQh5LVGSx2tYMZiog9H70K1JQ0nzpNvZUFi/HLnF40joqkJu7IISgrX2Y5tb/6x2BhyCOwU5++r+JXOAUtNlRaEkhsSGoEgdlWXQSsArUAEFajc/Xlu2WaXBq80g7xsESFHLvB3i07OkLxgA4VescUaLG/x6B2NHvr8QM92vWDDhOKNLcpQx0TQe9pgSlawoprmahqcZyDTdv6P/azvryto042iXI+cnYvdzpsgPY0hoUVZTY7P1NDFSO/72r7epRwtx06p1J0UPZsPR+FSguDmg2lx+vJn4MI8MAGzZN1Ji9hn9YEhTY1CdQSOz03euiqrEVUIU34DBl02X+pWCNki7oT1GQ9JU/1t8tA1YoAB6N3GhsjMxHK8TZ38MtqsCtvzCoHGVAXYqGE8p6p6ycK2NRNzGClibQsyO9TDzwcqxM7n0jPpambaNkdVEliCQe67kHNcZ7SoAldjDZ4t31C8wAZxO5IaMtAllarTANWaWtHqgbyiQd6kTra1AwB8+ACZiOPieETaKK4BZkwwfxXisggkjsnN53J1dIrCHewC02cJq7LbPHk4D281r10KVQQgTzbDhUt8sCesUoY8gle5VLsaKW4dQchQcTfIeaZIjXyultWyRE7QJPiOebyKEEmdZIJ6XngLBNE8NoEByCej4OaMTUm4gWpjOs54cq8+YFrfJr9OPlSnzIxgCWbQDJNW17Da/ZrHhN3OMOxrfnmMr+VIbdJL8DcVK7oC04qM1UlNGisKJFaZF91IRtg96gCVyL2NcmYFuFamRLtV/cO0v/EIcKqy1QTEuDLKgB3eh0T+I6ED2Fv9p9U3ZucGF6mzE2KKBtzDw4tOPQlMozvbdpFMfgv152oPEOF8KIqXdNgUCPtn79tbp1RjjrXsDLPy8qa4REywFdFdKVQu2C/7Ajrc9gPCzZLM7OT5WNPkQYTi7pWLQ/PSA3KohefscEg0mDMBM/E+tLU7c1FmFPUOxlCJ14yvzyY9C2odJ6dkqzSZLR9W+PRHvfwywH2L9ljcZuWiKuD+qJkmrjj3Ved2noOTR0Jjv9DBvWCI/M0LkO19OCyM7gx02Eu0uEc6AJTSzoGnlJ7DcBxu74ciWbbxYp9j0LhmyfikKM8gtERlWbIX6YSCLzAa5s2pgV+TgUtzfYgMDDZKT+dNpjCe34p/OywTf9P8LLQVSm0jlXLYIqQO7KTA5rdMPiXGgZ+i415RcLQ8LGTZCUV123tyuDA2zfgTdK3w84scKOtn1r2BWjpwtTrOrDgv4KBUkEMuVxz9XRX/aVfyOS2BlGYcvXNTTNSVP7T6+NVfSkDmrUyKR7ekSnq8bYy6yhkKqwkYX+J0Y3iLHJS8cIRGaUqZzCrV+CO/NfZEW9i/484JDk8S2zLrJtY3wLL2hYdL/hxkOgExz4Zn/AbpCH2ROEQUylxk+/L5TkjiXO6XUcBoKkqVqe6sYMixNJQ8N3IwtTwXhDE0cCPdZ+3WAcsprtuQFkVp6G1sCLljpwuycVoJCtgdD5xuQ0T0VAIM6sK7KjMz0P39c6zDCOhYoTwrRl2OK/RUMbp3wOC36oN2u/yjOFvXESi4p6CUoY8me8pVDLsAXi/08Udk6ezPGLb3TgkRNpMBfyyZ0VpmgkB35p4m8Swv1wEqg+4q66yk8euXF77Wz69qd7V2uTvqxCr3TX8MiTY5jwVUnJ88ZOPpBzUd4NCI97qJV5V4n7r+ru58ceS0EAqjVoS53d7YE+rhOcK+JEGUeb2jmQYNxYanOTr2lTj/DUzhfc480c5Y2thBLzH1DYuGzgit+e7Yzp2IWMEr90jvM/A7J1jrb8O4pLsMm1qrVbT5fCSH7ZqiR9316rigBF9vk9iRUdKGtEAgjWWml+GCBKcrroJ5d+V2+Mt7Rnl9AxPNCbwk6kqMPSapAIcnFh6jfwZQYkU076OieA5Bw+3V8qpwkmqFyuyae/7p3pg20U0MRxc4iIi91Ajd9fY/NqJhjFoVVhExokZZi0z4uiftIPplG3TvR2o04QWUz+7myoWmswqUDA3cGfWKEoR54a2dWucanE363SMjS6WmILdyj6lWfYKMGJv8R1TEePxQaHr9ZNwnSx9Us2tBKc8R853hn6JuCv3pAJYwcUHUAawr+OU0bR2HFj6sCSfRmQsoJJFIZgBP98ddBc2sNnM8IgxzhYmqVr9Fd08STNeHNKaw4xt5asAche8nVgjCxj0HNNtvuEkRhQeABnepeGedsxEmE0oX9lwLwoE9tnQCzmPtDnwKxRwRqaGVAFZXMukS+xDzNc1ExmGLQDys60LCRgVBbVxGoc/Djb+Sy2aekcxU+qu9W0O6UqBsOXgXTcS80/7jMdFUHnnCJbmySNODH5ngC7ZdEoV6a5to4l+YbtejpHSDS/4hhKNCkSA4jRnz27u4J0TsrcrQ0Sjog0yCjbgbiVHOXHP/2oEcIKaRXunl5TjEUgcRKQs9q+geCv7hKQXgsfxKzYwb3ZWTj9kzN8KyMXougGPeOxIqxxQyDOWJfZH/+wd2EvzbDJE2/uNjl/E9BUHegWJb8q7TX6UHR3w3kJ+bvN0+L0LirtXbJx2vEsNwQbSk4twTgoXDgsnuLHaQb0TuT9XgKTAlXugDbiwK0KdwnotFxxXQMBMfkS/Jdc+4dHO0AyEck4QVgeNsXFn4Ojn3qpwdJ5o1Ww++nD37ZQzDyn6sL0IDI53lXK7JGLld6je50DsGwGrP5s1GQDmQrv7+e699bz3F9mt5E0gG5J/gnbOI6TqA2brJtmPKzKjMQx6KThBv58iKf6TvztEWsRsl7kWIUjCkWiD7zu0JmmA5wNkCpKU0+Mb6WctpbSk9VjOxutJGQS0FGbSJygHEIQYJmduxf6qLglMPAMNU548vZiLJF9KE9UhWgSjjjIV6uJLIik/gTWJAk7/VfXBo8BayrbDEXiaczA5zXD9iCA10new5P72yTClOnkPVk0etnJKGp5qRoexDi5yVct1QdjZXLUgd7xQmUOTyw9WI9awWOq6O745RoMnWgqrk0+QYM+56ArVscP6eNJpxmeJ88ZNJXBBKrkaFh3SazhUkwEHt0Il9FNM99YEAh7FeMmsb9lMvThtLTciCTkLbcsX2t98F6c/vwWT+GYGibD3edGHASYuvFHB9iO4D1FNlCZhk5sOg9lPTwiryuQR9KSExAjGHyRjmw0C47dxDfKwxnj32VYHtYN8sM57gJAkyi70AYNC+cWwf7hpCgYguCtrH8/oGKSHy4Gt1n7HTF155t8rZilvuUaBj+hdDsC/sR1bIvx/AvMmzwqZjImA1Z8X0z6CQRvN4Gl/0rjB35Qps5VGG8i8lUywfJ0pnvrTQP7eGGtjFgwhHGN51VgK7utc59faLXGwZTm0zd209u87d3vu2jK35OrB3gBNrQCbQOryjftC0cUfvEaU5SXHujk0eNj/LyPuen1eUQ7TGKa7eHe1lAmNUN1KXCKqyFxvoiWYoULd8YvsOPHrNYVsCAXEkfQe+8Ifpt9PSrg8r2+271QU/P7hF6tNH16CQgclJWxwRCpFYFnl0u6r5sCVcZKnxwYzuI8l/zBhKjR/O4IeWoqy6RKenWT6+zifINeS0TNzcGW/Ft+N4dfG4PdGMNn3gng8zLDLM6YxFMWB+PDD7mFeAiY1fCNPfjEIA0yr1N6eA2QUKdcOhE8BjyYfsC8is/Lkw6T0jHeJmYzNYlg2JG9wwtl9IW02EJvIJafN/qglEeUz6mVas0XcxeZRVvwWg4wvj3kSqO9WYLNMBILrxmcpbhJ3ELy6aLs3YL9QW+3eQivs5FFwYQbiGIKfU55596bEQRN9bxvxa42NCO+1r+Xa8h6/xFspUppqGjchAP3o8gCguoYOf5Qdm9ySzgORIEw2DklWGKb8KUspl1p1C7uK+ixi06a9OEz6qPELKLGJpE0pz1WlJAmFBOdGJ1RvBrIDr0ZqGivkfo73oliajYd8G1/CooQOrbQuSBbyPDijNJIloVVLZ+FEwHjeMS+66hcHXz3NOcJol5u3mkEXwGBdg3zF46xD4yxUb+Om4UcY6tZ7mdmY9gI1Cn30008lqwcdHqJeU3RsXZFBmt16eriAZ2JJ5JxoMU/JglHgj8+5+O/DWa35gyuLooDAXLMmnNG4R+Q0HMLu/qR50PvNzbgAS4BrAoVjicE1LGn4idh9RLyUAnIr1z/HWMq9ogSvj+oDu281q8wzgSr2ehHb3HBX7QoT+obmfFf+hE0ir/3x08PzYx+Mfaqzs7qmdxsVRyCuqkYx9wGcXN1pTSMEXk3xpT0Ln+WkvqBlupUzAN+8gOXZaWg20QH5mCkFAwMR26DVFs9n2dAJcpd9rHaTsvzdhyuf1oIngL9SL1amSBHC3pt1Oq+uzqmTnD3uPC2yr91RLi8Y8UZFAlE0jlPV9Eij2IwY8ly3T4S4dPs6SQKfKGJfpfNMCMB2MSQN54sRmL+wQDgTIOyFmYXL8+JukBJi89HsQBkEqVXYeoBkvjBe7d8vcqjie+ij0Uc3py1ghZuTToh3WjTO8iYk40ABpbeU98mbhE+VCgDWTZz71HB9EKwIwkZGtLWG1xB56poYzGAK4P2JLEi9LwxS1KdxplS/tScUlljBjRi7B+CYu93q7i+ckBt6NXBR4cZzm7ZPjbc64IBBM3tHV3RR7hQuN7aYlWiCwE/zY6/dMURo7Eoh8rRmNJsiZ1SPObkahEvzvXDaI7Td3281VS08JklPX6eFRCivw2YK/FbY+gd2g2Ku0A8x1UkGeNfUPDOX9XO71it8KTYQy4qGYcO5cSSVjYVJvXu9pmyQTpm+x/kMSfe9Tw7RsIbXJnBc9K9UBVgM4HLfCArQEXW+aJPio5xnLHu9goGrffbWienl0rZeJ7jRzd6DkxyQm8B554euigWn3vfpsf8xBe3/w9SBfviCcmQVPuPn8CGLKMmjXqsS2QEdvIIFXIxOrpsEZaFtVV+Ja3Kp+J4PY4PtNWlnW6PW4RPrglEjotcrfUKpObatyHO5j0lOuwrBAifH9qKB1kxW14SIPY1n2fFGqPLkCcqRtQPGk2f34yg1lGx1GTeb0iqtzLHdcduybM/4A1M8/ElAa2ZEJEqtJBzTM4P0SkIVqWkeN7Xd2sF800NAcVxCL+AG404vyEjM2DDhjzzfgK9zaEMChsm+C1n52dxZE+ro2axLzNSpx8p01BnoZF9OqbuGsAaQbHXN5fAEXclueOqWtEHIxwQaGmbxSyTMEzD1qUbMpGkI2ns1qYw48hqNfUiyWe3uIitUOuY79ZAWzebW5df0S4RgCOYCflfgFhyKMOqgtDpP1uFqRSMvg67/kcE026GeBQtTYhZJbGtKlYXynwVPL624oMPao8QDDiYqGHw4ohtFDzOHFyAgcf8ualBxYNNeCJV2GKBBsEtMGI03Y3mHmb+VWSDpDi0UTJlUju8E9ph7vhSO0dtHKcB+IPV/yk8SPJ8kxsvGSFkwVRcs6EgMUwONKm+xxn2efjqPcsLIzv19QhJwVPfk1lbltk9R8NX8OMne2jPvGiarUKEK4wsYfXXcJqvIX0uKgZnVcvFkW2aXuXneOEj2/bzr09tfKY4/KDiLDFPXiEfTRBanZbFufC0oOj4EccAV2I4TSDodZpp5zqIBS2QOXdiWzrO8XImVj9qmTwee/2AVD6RxjsSx3Ocp7Kj/tzMwNx5QdWqCdzqqdx6QUqEEnH3K27jORZYqe8+WvMOMJ8on/AfSFkZOLfyo8v4GF9XnN/xYDTw65xYOlbyS99DUaWTZ3LHvFjQoeSW6YDdoh3ddJ3ryxXECuU8AGUjJ0Nn5DJqVtVfH1zZbTCXkdsps0QNEa1syuC+7gb++TcNiZWojz5z/z4CAx+6m0FEXU0ckRqkYLf6ytzD2XPFZIwIZAoKwKbfGEkgOlKAqb3zd6jVRJ4gfOuJRamhFwV0UT70lRl1GrllPsDvfoAndSCoDjNZHPFEiVTKinHRJJ/sr6HHW+/dzwsx3F3lStPrkO3jp2Za+IXRXc2Rgl1EqjjvpXHVkx+ZBFZvZLbKxaqecnLPLaaiJ4cwnfmFc7n8wjeuuhQRHSNc+YQNnWK/DTIXyBMuJ/ALYzpSEakFzq7frXVgUyFTjqkgYg3kjTb1Oh7fB9UZlCKBGxJ2GVlinIBhA703G2aQhyQCmyLAmDU7uvBhpMedx4DLad3qfh0ThDyau69op/X+P783vKoWeNDG+IGBy+4Wxl1rl+IDkAjmwo77MnXLKrZYJ1LFP6WCf54nlMq8eEtnrVUEGIKyKXMsMqjci82H+GitNBCdVxzYH6ea/EHcaqPaybPbGjU11J7x3ZNq4WdsyizXAXKgcM4NvQsXGvIkwUw43+TjCCsk2i0zsZsaLEY5zicBX/sXSN69Ji5aWq8wPq0v5nLV4tUTI0PRDVIrk6bfsKUZAGK83m5mr/7ABymU1/ShUXm9JOhiJBLsex02kI+Xpf7zm/KoopmxljgLKL4Kx/KyBCeb/6wCYemtp3Mq0ranfz7qNUr4NG58qwectfKgDyLeRWCZARmFZoVz12y/q5+0dyInXC4FVAukWDVy9Xsd/xwsahWLgkEyN2esS/+CsZxRZ/a03isr/rbcK/ddoEAPMastEtmH0HH9DHrfUGWn+1AN87nU5JYgHm2WS1hVGJeIsJe42JeMSCHEV3CbxCBLWSYNkEBDdhTlM8c/nFg78eepvYFTTLm6ctnXQNe+0GqBwiTSc0DiJ3Zjd7REE6/2IWUMU7E2FpZm3aFYle6iZCKfieogeDdc5A3DikBZmFpfltIlgv6wjQxk0inzSPuM2MAHf7BwPmIRWiFAAIINZ/jriGOgrSO4o02NwRiGfI6O9tXAWn41mBG+wQb8UffyMRnAOYDaeyQde70wv29cn0Htp+cnkSaGrGSFUo7ABm15OgSGrVPIeqAu/xaTRNtEWm1YdbVKgvSYVlN+ncYKPJqt9ASPD5qWCKO/K0zG5f6bNf5tYkCqSAw3MoCWpri7AB2I2PMA/lPrBNgOCxuxIz8Wthta94BDV6Lkirvz4o1UHakbW47y7sqtpXGabHZBGmS+b4KhiCnw6RDAyjV7C8byrsq17PElXzol5a64xNorOb5Cl1xUMSg/BV/XU5FwC5Q8xGYUe2NwLyqLTExbKjrmGe+55GYLF7joxiR4AxqRcGL3FrUaM3yFP+FlV0qFaYyJoQiLX8YNkv27AcTPxYfryzerV5h6lNIOATpyARGRVmLe2qXT8BCJCKF5rr7Nw6gl6dJvfs43rsreZUF4nLBv4Tcv5yEMw40UPAZObCVllhq0sj7NZJWDlxAD9VBI7Nt34a6gHgTjXnbSw+n0mBiWQ+j9hiawTxUr73WE4C8/Ud4c41ssXu4VVSyKQ+SUSwBJDsuTXgkzsDHReRl9q5/EvX38XIB5AZ8KyNzqGEVdmo5Gn6jfLrUEVk0kO2p+R4LotfO/mgoRSsNuYiaW1ePGSvnXqXfbSO45AclVTityMg3shbzVzrE6Yjk3OmAs/Z35A+ezpiqzOk6xNYBOU/c84Uxml0kHMcRQOGNjfEitQSS6SoBom8mdylslZ+5w8KUA2z+bE1gEWDPERIK+dsU5TOVRTV4Ol6Cieo/Jjwncuk5i1YnUBoBrfGXD9ut3P+1FvPZEz6Y4Q/nWaO0hKxtO5sVUPS3pD36aJCdTL2DxGxEOwX7gs5jUDsvV78gtXur1ruGGvI8tLdKH3lDj7d+ZwlzDqNNCU5p1Dw2QJTdZr5CNryBYFJawZhKX1qwv2QJmzeRX6JCVYeh7n6gC2s2Lxv1uracwbbYZXf3irDnkUQka3yEJs+2B5pA14I5xhCPmlmcaqqXMPBuuQauVAK4SQ3HuszVbjSffoPhzJ8zNulfFxY8M4TD6FktgFRJf2gIopyJVB6hZbeBDCZd//Yk0Ww61qmUcnNTp5BUwuSCiVcBFT8Jz4HRw8wLsZ8SMdLE/efQ6XP56tycIzq1W2BZhSvJkPLwwM87MaJttaD54+srsFl3kEduUuQYUYSZZkpB07KNR1tOcHWj3wqtUGlX1hS9vLGQi2ZI0Tz2Gq0njqo0mtSpQ9/4biR5VzDgWhOQmpG2le0Wy0JcpUOdMjROWf80u3PJMDW3UQkO2CcZO78jsrVhYa77jPpCcLmDDGpXO/jpLl5qLzpotfT7B5GRay1O93hEvVQBgLuc9UA/KjOa2YYcp3sK4ZhkcPNTbs2Y6l+jKckh1ZQELeQOZb+aOk9bB6tL/keMP/d4HkEQ/j7/y0OS6ExWQgIExnlBbaoXukGDoPqtT1P+1GS1sGyLWFRG4ZU6qI78rEiPW2UPB+OFv2ffvPBhDfnjHohRhcPknTl2kYIO6GD8LbM4Ybyc9Z2uXmRgNSH9m2KzUgkSRNvWN9s04j7KZ08Ee/mlU1pQfA4oOe4bnTUez774PspSgvznJ4WxFrNqxqZG0/RGedy93854lzcN0LUNdFy9S361OpnJiGS3J1enIlNZmIvgibP2UhCh8HLp34b6L3hAgpdTfiYfZFI5fEqnZv73tbPOYxY+LVLDg3pdPz2nIU2GsOfYYjNkuXP7G0o9Q1a7hiedxYj+Z38q5FjItzTD0kEZcXdBvYnHbFL1NgeRKN4UxcxA1adrogynsppuCMXoZz82e4tOjF/Vs4S/VY/ir4CWq3DjpNgzg6eiG12GUqqfC8Ca0EN4nm0ogGX/Hdg9dwbzWtKw7hD0MQeTKNVVIJddDCDnYeWR1TNnnU+6GK13YiRcxnN4JhRWf/Hihcb4RgGfcwI3SWX/30JG6ECUq2Q3Qh6td+rVKHCo6i2XtsLrT6IUgGD+SlRssEDWlpnkII5/QEp9EeZoxLnj6LcVSJJYsBFcNckoNFGkAZ/gqOKIu87uqGkPQaSYyiZLwKSEJcduDDeyZHZ4IPb00nq2+00pSOu5gqW6CcaSacCJDzgfQQAyvp8TIxL/qCyIspyBZv0PapEpFn+fqu20CgZjtHxhTy+IsK8dAARhwat1yeRsfzMl0q7cpaiXDZaaxNPcT3zMJpSrsJimOYkesHvGlbVqpukyf8y9OfM3k1Mk+x9eQrl6QM773dgqCLYTV3lsRJMEvkT2a3tAY9jZKdL0SfrqbWf5WxwXmRt+1QjQsz4wuHSwXWv2hNPInQt6qfrvuKKI4tPRePMQX0CReZ/bgsB/Vl8thJI5QRT8DPkh9/loN/QEvnnI6mRizdnFs6bCiNUNjLwOYYSyzK9YqS8h+m7SEtldwvLncuNJi0EEejjq+EXYzMYzimdTUz/xpxMzRi9SzIYxDESkFpDb9clTVmFtod83Gf9Z0ov3ThHWtgPYJ9IIKtS1aMl3f6U0UxEZI3NaIFwl1oz15BHW0yFfhtNRDhoznJphFU7dMKqJBHgdd5Ac6t+nqcAZnG/OZi+0Nbwvdw+gtlIRYGTzxsWOxF1iX518UoPtKgmuncez3UDtbGO8baH0vzzJNHLBTNu43U4FxwH4dPCKafWQbXGGKGpCo18I6UVnMeM+VrH2F9fx8fQC7WAnN78rRhiVlRjmAK9xmL8Sed76QSNJvspWUGRlgihRwl6M01r3kpRoe9HE3qsisHGyTgNRorh6gy7rNMDAQbFqwWNWKgksOCXmnZbyBSJ61/osWekucOCdIU6cF46aPT2I9xn2tzR1Sn4n8g2RuHOLciSOKgDrps/qk2X/G0hqryAbOdS8a4BtvARPCnb5++QOvDIuBBknGKWxsiMw1VGKHuPR9qdjmqLMUiuokwLtPHRzN2RZ1U6vU2MbiGJKhLlfprgjERaM5iKaRT1tB5ogX8IgvB3xOluAddeCa2HIq9nCd3zzbs6Sv1P+X7oSJDaQwPcfJSPcN+QO3A806HKZP2xWnzoNEl3yjbYawR4IHeY3HtqekXUTP5KQq/dh9zr9vGQDP8Zkxuu7i5XV99xhft8ZQwlX4OpFdZBoYLqSbU6nGmAe80/2lrTz4Kzx/h1XvMVhExP41NOB3XE7xFdo8mPPHLFLsta+Qs5R2FLi7Nav1eYjWgVjkrbloLujTMNZJhlaER9/I40wutNk/tWOn1liOeLf6NFVLydQbeEfNW4gM86FOnf95y+X9jb4kXDdXUw7VrZOr047dRm8LI7wp2q6Efrmz43HDglbyAQ0HNmJbdu5Up4zBzHa4YOX36+hd6b9W5vKYxoWeJfvGUdNj+mdBhtiypdrc+o47dRbKL3whyksmPYfAqpHQXoD792nKwkBnr80Z42GfoCxwYEYg+e9ChKxLkC+d90KyswOzsTtOm8TVWAqJZaRrCVv7RwRLzXlEQ+ZEd9w8AJO/xa0vI2Ys9XUqFU8ss1zECLBjhQ/uqML8XyPmhW8/iWDyCrJcwUeD01Bme+HK7pLZYFm1StB39sUb5xJPYfbRHHwnm8Z/2iTTghlJ7O53IFiQjTzq6ufTI7KNOabWHkMiywP/1X6z4d3UQIbBYsldTkNiZOFlWYSPOI5RgcRfugRjTP23NPrCdMMtQwZQVUV5+0kpQrsdo1Zw0d0T/sPKRz5RInWjPyHObiiFaZr+Ghair/XQ/xx3YnCHQZo+RI+fSQNVG34CMgVrBEIluRQ+nA1SMD4GBosi41jTqpZkVbuZQz9ueTYhPpqCZih6mM+Wvy5bjiPb3VbUR/aC87pF/lGBXEGXrdqAhU65RMv6to058fzGiUV84VwmO9zD9dOZ2cKUKk+7+wjbHrjRb6bFo5ZfCQscoEo3b74J4AH3fE2pt/5aF/b3ex5RUkeSHjtR2CBcngCzFaiCeR8C4sZ3PI5YGQlWOpDnLbTmLw2PwayXp8AvOWgm3vMzIXFGRmKEgvioIhLNQUWxRRWDPydgUjL1xCXAcVmyC6Hz9OhxigVhD1TWI/ObgDY6+sWFcktZuRKErWyjDhDhgCh0oUNJLSuXTA/u+c1VX3pYJBoDv74IRL2hdD9Kh9LQ/xnPnt7gcoVale9625CmgxB+FPTujoCFalbsT3KX4wxV4nDd1IZwW+eaAE5s8LthUdM5U2N8Vl2T5txK5uOuCJSrnJPGWtvT/vXzyBTRqyDd/u7UyBGi6KcGHSxnimxizJqY82myUDVydpeL4rhdYUm6oSvWOmOnyVzD41RBrTeD5ZbH1KCnHZQ53uW7wtrKr8DYmsg3y0OZVZ1nmVKD34FU+j/JaZvLKRWWUhuj39PsaKfdioRcf/M04M8AvGq2U6xCZOs55VtCCnqwO1XsiMtQxBWqI5I5bypHX+PyiRAQcbttf350E0dune1xlQitgGRtnvUl5HplbmtwQ0XxCGnGhXpXseX4vMSh+QtlzWLea0xA28HqaC70hUNhmaafPBX0s5BreQXNEthEpe2y17IWHKxEaIdM9rKgq0Hdr8kSJ87E4SYD/pk4DXrap+MgKj+xq1ZoUSMTRNc+Cqm9a9BmvGzSQqhdw5VIrfmEjzl0bgnipFBkBA+9tX07rVONuqoPOUDXilYdRrxiT2/LwPjlgsbOmz9DZZwI9oaZU0dSgB107ptBNW3ZKeqEHTsZacw7HcfD7aGk9I/chljJglDQlhwmGLByzkfRGchjV4P8OpLeXafOFAYEusFALhUx48g9VknTmNo1ZhettG5m7K0bf2o7kPCutBhud39eQtjdZ2FTjGoNa/J0HYqENwKvcY3MTNW5NysPk5D5QQmut6uj9R/1ufithcaOX+WUSFCNcdoKHTA9OqrbZLuV8dwf6T2hkUrnmKa8bylOYxfFvcxXatrBKxKihGC5TvzX+eFK4r7lUgebmuTAeKIq0i6uXZxwifyidJP0TIDV9tnbG/Qe1pkQd0iazTM41DBDIWrpQcdS93ZRzwdPaPC7NJ0wzZz9rk8bgFqNNIcskQjECSoVid1IFuXI3nj/abjcfHFfWNuhXgzPKsKawbRnOOWreSc/BEsbAejPt2syTljK2Jz/X4vc7Xxus6ljCsJHj+WPDhAjnY9WwJ9XTSHGHSdKT3dM+VHjk4RUr5zj1unMx7piPLJCsAkjG0zOdYWDIfvgjXorFEytcnMY7B6gH7BYY5db+N4vEr6n9a1n3cDqNbpy/CJ8RQRZb3M681BP6wAmyd4Bj1qo1/mLm4CVaSVTEIDkZJkpfXGl1Uyx0RPq4ZacnG4Imyo6ddAtERTJ50yBiquAJQPFSDUEg9gOxd9ixWTd1UdEp4DTR4E2mFoyYkZgZvTieUCTYyghvMTqTFyPXrmVV9EuDj5TKE6WbzB0VoV8m0LPtkQCCo4tW6Tj24NGqWkAFZSLywGNjZrQrMpREmOUd7FzTbZV+znfnB8GuBz7OPpgmeKV6BD8v9hnVySpSDLQQ0qgFs/ydbLDzh3Ar+eOs4qqhbZXSwn9qfVMJU68VceWh3yZB2WUPHw3D1yBtXkL6bBaNw2DAMCzd06MHBPdLAR+EkRAWxz20+12OQ2SfxvECiDN22fzWbI+lvqNQH9Ku9RKXj1iOXFT1iU0eC5b8OkfnHmA7F+RmP64fPpXIukwhU3RK/c7Np70JtREux9vr/pPqtIhwS4zPhZSE1Qpx5MxyFE3OfeWAePcT0hVd8eZzzisc3i1amb/tKZtqrrz2+FXLlOh2AYA72ZAalb2/MiRPCSACWO3NgtBfHW0o3AD72V2E9vVP4lROEvbB79zm8AdKuQqOFHpncYYFoVs9wPwUKsqWlqJxUoO2JAEfh4x5vcSb3ELR2GGABt0UDLSUDU/DA7eUY3YGgdd3OxWeyJOCmqcjvCFTUAbUH6D60vzjPiP6Or89CYaGcSRfioOVEcptSqLG34ZwWza6Hkg2XBQ4ZislXBN+edmSOjcPLgV14oQu9m/WmyUEKvsV6h68C/sGvWM+FDSyazXwDCqpE1dEnWTAxz2mqCCfv47Erl2NjWL/iTCALhlCgggNPF5F1f1tzuw8kOhr44wJqtpmC4R8a/z0WmE2xDLzSkxiSeLA+8sGdUxnBPmnKLSzhSyqjIJA0s1W9m6/x1jzqu+29LeNYiw70cSQZ71TrbFXk5XDWStG6/0mKS4zhErIhDf+8YdzxLEgAhLuCs0CP/Wn+44l2+wNSIZJmBmKsltfHGSTkvTDvPBYachEgXU6610sCXb1TyxGXcNwZxpOwXtpgv5CMo6mD8v3c+t7RF/6tCoJbvA4hfEluGGf7PxYWATHgUby7sT1hOc2g+XnkURxS1FkSUEDhtGEua5Hq4FSXAY9VZowVUHeUdg+8Ms1w7a3HAtw+KfR7c5zZ0ZipOaSGmIHugMninN99Y2UzuUxlAjhf+huJeiOJ59aM164jc9uhKojVTRUnxsQEHk4LGDLf033Iw8k+CQJbLUkR2+IJMAlmLn1UOaFNbPm0FiKWwHvbZeth5LO1wkXtEmyfGC7vY5Oh0Zl/n8npshG4t/0ckSts6hXjz0YsJHXogZcSBgOO9nfLExEaDS+rpp+2jnA+G4jsmcxT/wtDvtFl1FwjUYC6gSoPi5H8r5Rh1M4WtkRiB5DN8F+iOemQuKe48aXZuGM/CFhQjFqilHFl8ECdcmETVg7MJpyy23Ol5XSjzxVplfmjVjMFMnj8ZOSEi06uwV/KM3fzPvtvhDe8EyONKIUW2s+xff4jttXK6vn/rdBHzgqvBL4RrG9Uap/OGaM54eajuBmDxeTNuxMRHIC4SeX/J+c2RJ/kjyFLfFA1Ra1wBAv3KCpi9mK3ysmVF2KE6mVTgem8EctR43yyhtgm0sstNd042/oeuGbpErxP0HTIKctLCu7/c3rbSnmqomEzzgJL3ntOWblAsPe8eFZ7aYQ1yynvHl5GYPheJbPjjNRqhfwCboc2IAtvA0cDd1niOEjyp6DziQrZVFbws5A0i+YQnhoyc61yXmPDw0dC0vSZH64Np3N9vsbceBy7ipqTGCAItqi20cLpAOndsH1hHzKjfWlYwjgAAIeAAI6zyJY/E0AFozhsweeWVow7rfMrRI/ppWtXAPVyf9Jwv335JE5C1QuWHJzCz0n13/Mr6bi8s9tdp0E+z/xRecsUwZNlrfaqCJtbYRxy7BF4JvFAd//X9x2jpejzs/VTC+MduRhBBCySoXQPl5cpIoSPwjZdTJ01corivP0zlr4GnZgX6xOUmxdcidMEApEDgKIVRxBJkYl+13mOAf0RMFPNoV9fkjIFFG+bDrm5clHA3328L8OgwyvW51PMF07FInkL5+mZ7bvHUfTg2OBdk//VTfOdX0Z4SKEdbW08gwebPIhwKgIEG07a3XbcN0y9COwCedRH9fmeTUv+JRh3jv4GCJVhDmeEMnKUBtXxzksz/FAiaPizgg2LMyZ0pyV7FJp7GURlUHdr27Qv0gXWMdgVrp5un7R59w9NzLT563nCjl9dKjCt++UkjsfcG/uVWTaztlSn8Hoa9Esf4W2dXFjwREpOouYG9NnV+b6vaLWQMkvTuCkJwEuyPC+zN5GGfkmmOAEhBiIZVWMjLhOYlSGZdaZiDMhDYNGKCyRk/Y19kYbx7Hl4tQIxCozPKnzN77vCYkJYMoPrxhllaIX4UEDPou6MtVXxisefr+yN1eBCSZglF/bmZ/K0takWR+TnD1IIjxfpNRT1v0iIbzzhhD4dQUQ2quIY5I7eFdWb1M0RDqBXg1FQ+cK/gG4hmQDvnVy+ijJFfRrg+o+vUKgSDV31z7Pp3AlRuY15RJJuKS6vYFCP5qbUn86wNBNN4a22p/0vvnBHpIRR3nCA7lVhkaAG0CccAXYZ8yqYZhLP8sVV2sdGT5Fs9h5V8P21u9DFsiOeJbACCyHQWcJrD2jU3vnk9tuyDDJKBwf+0qU8TOXMlc0QfWgJmZsrCwzMIRut1HazT5yY48uhJRC1Ry162kEHnAl19cZGk6Cn9STjZoHFbA8BBUrS2yd7X0vCmCLNOxO2gywhT2K9Diu5A5H+RlJSAvDd71okEtMTdHRdv2TZBltgMO/UIMgwis6XwlmPtxNybplAbAg6JFn1Wperuj5YbdCRUL4MePf5R97OsmERVJtCZOcdOUWetnOcPu4Fz9BunNQXchiAipYIso+WvVZJbu5NAe4qJVU/f1arJ6Msa/lnr1M+nLFOdjLdMZh1HQDS1+zPJGeJoZqbGqkjPBNYhfbpzqSPEIb/mEivWHGgaHiLLqNlNeumiFD06dfcpvBkdfyBzq+JzrlBVpI+HTttIMPVFGcCL4BiUUVJwQX0lCwmtVOmuygq2WkEaqEyeeq/Zwx1XKi5Ciu7vD/zVgXJrECGc/aJFRL1EP5vQ9bUxnORnC7Q4eZkZwZgpXsamifg4CJG9da6Jdd7bhEKYDQhcYugvToG4hQspejkk1jg4pIJTnQOdQR6hidxv+ZcuQBrCR47PgOEZmc+6pj9l/S7Pa61Y7aeMdbbE7mNE59Xj7JYOJeWls/3iYfKmQTsHN5nteZIxB8dxnTX92VxKU3XaDov/CI3yXmBmnIKmec03Z+Dn0J2M90fMaisolBC32zcZFi9nXtXWI7KLHl7AQxSPuEN3Ny77dwygNm9uzh8AgV2t2eTv8YEB/mh1uKmmCM8V3EVO5FRmT9SV+bBcOsvU1dr+m7kCfG2caWGpSUyTBkpMxF3aKQb6ubCFSDSXsYn6aHFd5dYVSwnM62ZRjr2+6n8Glq9nEfkGTOwR3WDpbsb7EVumwkE6I714q09TLZRB0ko3RZ3Wik1zjAXr89cCJvcw+v8nrmyAWE5xBzbvf30zYY8028eSzetcgsvsQIay/umpXel5WhahGlXmbRzEzCHCI5H8rJSs7fvzPzz0GvtvCx3arjNvtKkgquUmENcbG3zT1n4l/DtMLclkUUN3pNSNu5lvpV8uKrUHyf254nc0MZRjKF/9mt1JZGXpbrv0D6qn55mNqZjgLHmtz+aVzYDRd/ENEYKlLde8IiZb0d28P5KvHebH8a+8TIO37F6As7rGRNn9QQq5Ani9kHtMGwXvc3NaUc3cRAoP5ka6jkj9mn0Ehy11BNshFTj/pnyVomdCF7wOgw07ionaO1y1SM6PGMkXAJUt/7OhNcUjit+f/Wb56NToHtF67u/p/WDRvTkXAaUl3BhmHcn285Wb6Sr5iIehf/x/POBP9jpxjMFiNrVsLvRNLC7FRZQtA9+56p+kNVgcpLNJPWNZl8/abOLBeDFTCZA//X92iU4h/ChSggT4sPokv0qab27ljLeceJhtnuoVWqnxdvCerr3pYHkvqAH2JNDAgx44v2udx3gwi8b8b/jYiQJgE0e51Y6HeJ6HbJkbZyKGhjWbAGLzSn0+Z3+Y3M7+GkibubEq7kIusb3ZbucrRF16+0ZAK5cdqG7t7G9oRMzfPRJXJxidzjypKYM0091NlPv0SxvGRozJtlHPIPUxm31QiMO9HP9h71+OnMDjfXo0XBfxW0pkP+CA++oArXjFHsv8utwURImFkpm1byR73rhCWLeDTkaqx2XzxE28XgqMYTyNcHaH42XsIU1A27IGUqvvWbOPM5jV84pdcfwYj1fVN45kulcQ+fIB1fLKyvF1+dSYLYuvEBDI+iSQ5SQkC9ALBuTAeCCZ60TVDw7G/V++qBcR1XTHH5bxRIuvxeNBBsgR5GoqNrTkTV9WysuCCl6WqjzNTT8tYAHvbV/u3ARWcLPOLz4ajGbMYm1GbAG0Lr34auYCO5iFxaDjLJgViEVQOoy4Wyjk5SHHPRQ5NacK6ASBj1epQNvNLmo4U4iylkz7xzKU29S4xaHbJLzGCc2FMFMeff77fLtX4Vy81qVcYRf4z96prxTisjgpTpHDeT+KdiKy3DA4CXNb+hS3XKhcRrY3Q6G9Mo833MvRlkbRkr3OdDd2+vTBvW164FsXRL444Jqz/yv2DOEaB3V4/9tjD8SaLXEM1fsQxMfJVRV49AMwp359yKPS3ZIRTmtG+iG05fw6+1+ONd6PM0oW9vrkKsee5q7eSTwnV51kRo3Z7diIGJ8LCKdwRcQEP5cXpAxlSZgTlIUvTj+F0kfOs66Pn6cRRBSBeW7kpwL2ezUqx6NTB/eUrveinKjmfyd31XycL1t7XpaRkuBzSvIC1tjz0g1J64yOUTMBKrX1DnBpXdAPwA++84Q/lIMak1TZs4DKvzuud0iALclEqncDVVD+yD6ozZ60LhZQLVD2rXctRQOAwdnnVHAxLB3NXkZIILdOha5LxoSQmF8aws24PqVDyNdtlRteagRBDZVErDczrqM3yFdp+ezES6kekPFMK0Bvhq8Ke0qsheJOv2DqLOVmBqaGbAJMrRXnuCAQfM6YyVMfeHmT/Zp8pthd9lrCkbwGqGb/kM6/cnocQinpX/Und9YtjWbg43424REp9g7+c81zmk3E+SkB6Sz2kUKxo7NCpUrq1/W6SKLbDiZwpWBVXu24Wx7lS7KD51jUpgb4vF4xuO9JO5iSkVJvJEQi7VZBJkYM6ebuhwKBEU21FEIwk/xdLDKyTMPUSWk54TA9wl/W/cU6dYm9h6BPQpXmCbpWKaT9A2s2bCNL1B1Bte0K+wLOvkhYdTyO9eYUVUw+AZs7M9OClFGYoVFyDfRK68ndhyUDUeFoFE7p5OaJmxIMSQkOSRmss5NfQszXjKynp7AopFsyZMvlipeChuO3savPmFw/eyefCibA/UzFMLNaGFq4OmJgXA87sIWXDd0mgl+1d4yFYievF9MCGNfBjU77KzytPXhkxynF+OGxCFGOLwvZFkIAkB0KWZDIJ58U2E9cSC55MKqtVNNKDZx7fvfesa6PTzpbwozVqrI4+S5fcZl5X6/QX+/QkPnBnnL1A7bqlU7rZwj9k7smlfTlRdfiq3XCxhIO5fkUSpV8fTIY7kWp29j7cER9IYW9vBEZ4v4Q6E/DNATlN4nbI6i4Dt/30xkG8883yfeU8HUbyIZwcYcJZwtq20Qj4qpXYFCuLApyLL+EsV1tU1KP1pqnrM0bmw4uy89HV01udTvdKym3CF5dGF1SXzC7j8rmOKt6ha6HYkU7Hmdt4XDFDRKfJN2jWdu2wLVpauWaE1mi3AglkvNJhMJrI8NifM/bCQA+EAo6d/kVbnUxeFU3IpjvzPqR4Tp9jObwT2h3D2IF/ARP9Kv2MWi8rWh1BxqP2ODFG04PuGCqxh+KhO/LGt3TMFVKRUialmkpn3DRov3Vg0+ZywOlplXsQbpIUSoCR3c2lSTLQl6J/uzNHG/mGCTAwYcF0xYJCOibytvXAYBZWZi//x6bXpy4JMRgHtaOLLbwMTNEDFlCnzq4CYqL7gAdGXydSiQKWH6d8MJXaPKOcfxn0K8y773JFbu1AGoSbYlwYySYExVsFpVUb1P+qheFX5edGFPFRrREuAo1bBeGNqxz1CcMSYSgc8WilBo9ZOPfs0qE42LzCMCiZI4rSva87cJ40WOiIfya+EgybJ62iwyKqJyr8X0uRxuub3m6S74dxwQv7QkpuIU/BH3hxAIG+RaU8eqvOLesBRtWf6BOWeGM3H3EfD9lx6YoyS75r6TuA6vkI++15FjQZvilQgxnPlemzcLRIxt3Xa7Po2mbZvh8zKh/gSUtPdX5ljkcplgcvzx5mLx5xF0nidsBMSnJe2gO3VnNldcmCpP/YILDq9ZCKjIEhCT8kt2SIBVJGvOkLYo3ghAkL45FmlQPKbagUC7r/j0sq2/OEebryZMCSmTJZnIXDRs04vipwEgqB9+6BCqaTJEkxueprzdr+ZAfBMznjYIO0rER59CeT+EMhP/AKXP0NNV0b9aVE4yWpkavYPQ4ogsUz5do64QSeOk95HLD8IeNa0CEgZNJ4Y+7dWP2sbaVVj58X6xFisZ6WOAGX4P44HPzWNNjAs31mpjx/ha4AK+tYcMDUi6TN2JXycCED5UyZd6LrJqjYrIRHmBJyDfOr2DA5cHFyApCM//xio+CkskC4IbnYAEdt5inRO2/DUbc4KfpDmkXZwjjBzwfPvJqUu9Xnn4NSFPu5C8jKedeDZvM6QBLb6fmMpEFmLneWOsZ1d5F3mxb8esIDvONUTHF424SkY49Y16Am/XavnJhtyMNEkKD1vghs+wFcHIyEItcP4SUVjryTD07a7BVURkCJmCO7fkREWrdCQP0BGwgSlF1mRJz9w5/3aFtbgEwPr3D1Fm5rgahfQAiDZtu8LPjZBvECjtCgJSPTDRyigvNz2q+aGds02w2XPu5Uht8F3uvb1HoRfBdYmqtPdZC64tnRUtSdjmmqrvolbhMytFHhnbdMDvdmvaj6yg5lotv4+7gvUhw+EbFuqbU5WrxGt6L7GT90ZC8pM24Q7XDBzobFID468abqiiq62qm41K4oA63bPObPfIWkJTInA/aNCIFJcrTxfAt4FdKMxX0p9J5KFs/c3y3SHOxAP2irw4ieP0fxHJP9QEhLGZ52B8a4fJhSTIC0GB2cTHC+38qdshT3jytpW4aFZeteZBwllQvOEq8tTUhhdluMuPVG4lJDqmIoCxnibc+4R/2Zz1QR/ym1OFzAGHdJAcovmY/IzcbUQEkj4bQVGsPlvYsg4pL8SWciQl9eoRE6pnyGRAxBNI47jgiC8iXNgJs3vBQPD4KOAkjiwJ8inVrjuWY+flGjsHw2cEL5eMIajZYgAsuk/NniWaVGUPF2vqTZvZcMswc+w4rWKUT5fOgDpVHjWTwtQQK+XIW6NsJyt4OUUOgECRkzrNZFIZMNmhDJdQvD2eqBudjqHIFQmdC1oERb6/zKg1eYRjscY1N7lZ5kE+E6K21R6kEZy2zTPJm0iRftpWS4Y4Mo9/aJlXpopb5hXLSuMhyF70ybLDdk7PaB65oKiStxH3FlBNxgEPPczmm1r3b1VqcdLUf1c3DDEGIDM6Mzd1h9WNbJi9wn4TJitXlXbDpPOPv0kvW6VfQ1M4mvOsf0A4FAoA06mlEPgusZ1DCgy09TV53jQcKNUg/ThkQ5XNsoDVD4qkp14ICYy4dcthqHdPRgSGVRBGk+wPe0Cwgk/gYY0QZFoT/La+dOr8jikyHwv3JpcfTuzBuPg3XNQ8jm1WbBhvd9w9wxzcXNMASYUMCBe96O95EAJC7jXO0DqKQiQ/LA6crVokEhyJ7czRGLGJBofHf0/NXb6Q4+FupiFSimYO89wGfdXYJ1LGw0cH6wkIWfVz65lSROziB36hpjVaAUwXaiSqkrapjKfkuaJeB4hZrDJkoUhBsYoRBZl5fNmtBs4hrD9Ct09hG2BPncaR+YGBsqAGlmIo21k3cULQb8WwHTmMS0fctE9iF+3c7E4cSWzHFy9bS3v0B+w/1h3Dylk3tf9JlBndX82QLHB+gtOCxvJr3FCAL5rX69SgOyRggUwEEPH57h3dSxmYyvayHpwyuy28omrderqveIQRyRyL0Ekyu33m8FaHo1s3dg2KIbMertzN3gtM+BedVTwcn4xM0fgShjbxHpqb3ARoImJJL7wRqu92FjyjlSWzAhpPlJb0DABBMv+AqbAX15apStT7NvhC/4z1arqD+sphevlrO+qj70GkBByI1rjFh1TJHwmTMCCgUqMiRj2vb0whkAuLUFoCfSBZni1Ryt/JaoB2fzCP5RrPcbpvvwUvq7ypLVy/FZdKdJ2cluJ9MO1OqRUhxcLt/cR/hpzCMum4bh8ZBeQCFBCB9JQzQkxxy1SgzE8Iqa1CZ9sd8VKoX1wtYxxMkIe5HHDFf7jKuwMGzx5YpFZ2iA2757CUCgrK4+fGE/nWEsybD8jhOno1dB7hb2k3nIq/rdpxCNi7yON4Ro+JNhNyOe1HQRbh4CPKUVMg/0PhAXiECoSidObrIZJlm1CDatODI+fh83qQXOJIHnVbC9pLj9LHGq99N1jO6+4T6IxbYEbdYhhPKJIOEzbKBw6IKbUn69vp+6f0Z5cS7JJOdhs7JBYwPvstg7n/oj012DDS2Yoec5HG9IE5324p0YI1e67rOI0RlQRUfjEpBB1HBqkt5UQbzqeyoZQOfpClJt7d4l5To8LkgR18hbL6cUcBFkXQUaxojuy9T4nuyQRY/fPtXK63SONBN/VcXXKFukHkCBHiHs79LL4ozwYK231AOQmwUFa20unUPyOD2WTSsYxd60XqG+ZXZzi2ajBr5rxyDOZ7mAZS5a2J5NLqfcDrxgcAAAggagAncDxHLuUKK9HIk/o5yEZQCKfwrXI2tqWSy8EgVdOp03bdSBGMQFQcRDpSReCB3SGaGPR01NtvN8CNJVI5k69/B3WsoiK8Y4+3l9Z5B2gcgTkXim1Wa43fmYpuWbmIxfCFzEpcy41XYV68wAJlGuWoRqnUw43T+j+GldLrUtxQWcsDREbQezpes4VpnzlSiLih0CrrVtaPsQdwDblukZQPhVJGS+dbh8i2keiRr8LS52pGzVqV157EhqlmJswNG8jQ6UUi3oHePr3VoP+bCH1BzdHF8mj69s9OmLR8ljwZt1S1WiTYGTLtDjQ+RTMo0Uk3CNiVeh3nKX6SWQ0SjfnDsuRd71PxNCckUiLBhGMp4dngs7ZXFN/UOXKG0y0tm7RZeZCPbYAe8XN2qXk56zY/hRbcZ3tzN8NJxJfQePDtXqBidiPL2QL0tHB1ndOtRzQmuRzaHtoCR6uC9G93TPNGPBdHg/1TUDk89kQUNBTkwxOPUpHH3sTn7W4eFIbOk+18QmSSiCKl3IErwGUKnbkOKp6CHOe8BM5KEhlYpGIxkIQaKtoVUB/efvPzlNIPr4qEIWO4LX1zvH2iGS8IUkK6WmoQsQ0+P6YQ1KgY5lHfewJR4GIHX1Sc8Blty+8iLhBh5zwMrQHkAfuZJlZl7YZzW8yhKqB3OkHN6FRRjkLRR5a2qzP0A6Uny1SB6EThczvltDBabg72a+kEJKfENJa+QF84DR3eRZu36ioEhD400RkxvdryaQPGDD1HJ129XTcfU2CQpH85TchX6VAdVdP0sZGzduajU364SPMfSX7HCROlZou5yR68Pmr9h/ku1RF3qAp8XeR7jMlG5hA9gg+yfWCYVswjOLXXIyemx40xp7uXleVh8YNfuvgf7kSsfCGJAkyGGlwKiFDvE8Xjn95/Je49p3U+LhZ1ViHDtQYu/YvgPyWzlS3JYDIy9nN6OLEfKsALI2wurfhm2tkeyV5ZhyIOqTf9ReIMQ2+gHRtjInjBGmtrMxTpphEblsfnFYk2FttPO3go4vS2qtzdvsZeHvctoQUlCbAf2tpLohCOFehgn8eoAq7UyIQ3gfKres7K3UDLCcMDWtRcwMZylvr0ixyRqAttIKFtdx15dWayrx0MdEKkUesXe7G7zRCZ4DIQaHXkQPlcsgzFkoIDNatv72UFFxJrq7OfUsYjQ5pT4sTYdd36zspIx5PqKloABg2O8L9jKwVdCAkBwQ1ym2wk9pjbVk4+b6oERDi49vTWT5A1IaD4OszhjSj+vSfdwlz/BjZIjhQ32sNPyCuvIOqiPAkuA/q1A6m6BrEYnh7NExcLsFGrNkoMmSAq21iWIq5zXqf9oovxtnfK3eraK3+NDmGv0J3Zn+4Jgm27spFV/WzvGvnHPt8kBybT/f2e/lckd03bj8n8e9Y2H5BHdrmdAioya4b15/uZs7rTOrkX1CuP8Mz8zHp4vuOQPk7WRaF81pKXCB1ef4n2JIbF345fIcKmpIJmNglnRA7RAIHlkPG4QNFisXRGXBXyLw3e2Rchnkrxwfz9PehcoYrG8SVoyvNMrmKEwMOKZXeUtUiSjbE2+yiITK38ZeOKNiyS4DJ2rw0WhUMQMELc/al4do6EIuHlOLJdGK1009Mls4Q2UP6fNfEzW7PWBPAhmgAnEgPDwDjhuw/Xi9GYukz/zPVBdkfw10lAK0mWf8KTo/efqU75ujM0+hCbTg78Rz0cLjKQuqAVX76/uZjdgJWChAOcZeDBX0/vxWQZyDokw/w5kD0QbJPGOItAuT0yhCu1Yynde+27+kfr80rbBLFKhI7qPswLz7J8CFJT862pvaH+ktKa9q0I4+ZA5ZD5q2cs0Rq6wGOsTMmHDUBl5CwUV2HLMXPELmIOwQD6C8yjU3zvoM+CBBcdJ8t7QNDOt2TFfNjHNQl+N1wuktP1bjL46zPrj+N6Ake1p83xjY4IpCUJxgyBflmYb22oCMZuqj0r4N08fgr0RwcweViBDMHI5BCk1ToS8+wIWsUmr/SGi3z6T0THbm0nB5SF9RIMMFUJEc1peMyZ9VFCNFQ7wpBNCrTtQ/ITKy9ka/FHP5salwWqOOh6LWpArwPoHUod2gix0AMLG4P5P2elihXKWL7RPpRkL/TlzzIOQyUanApJp0c/Lmh1ZCGV7MEjs061+wYXjtRarT2hH9aJ7KJyTOkFzaoSAQNvOLh9/XwBtZKftPHyCNyhw/tV4Xds7jjUBFgySKtyhH/KWOT7H61cTNJBNDhHDkJRtDLMSrX3iDCPaR8/de0uRkjsKBQauSg2IMkcBeD6S+R/WWL3zzhwWub8KBgzsEywKtNPK4T4FAzj0HchKOJWTvfUVjA1bIxNBI6d8FPOm9+xdYKxRW6Q82DrVusdiCSfysj5UWa21iAdlPtoaxvnNqmTZfgI+gvG2pqwKuVVmDzz4m4whJh4VqMFf90zT4tgaXLsOBj2av9AjUe4eHNfoj2SSWcfwEpmIrB6PZtTMD10m3bzdAzdnKMBQtbKo7aMuArocEOoXPN/nP0In2VdS1RAQeKHsqNZy3s2Is9IXjh9BtDof+K5GgJ2lxq3U+Rg2BaPoRen1DFjQQTOCGHimFnTgWlQhFNyD67eavHsGqEfPlqYnMzPuT+f4oU32qwdaSVjn6KHi0FeKxNsUIV2hxg807JQZSd+r39j0LA071ts9C/VQtS4KXr0YXtqVOVIFBnrvtbJJOmYJjBnDiqpgoXXLRWB/6eBaDrrTMdZVVBf+ErjOYf+WYgwGnrcP8x/lsA5Pgu5AakfCvv/MryEZH19kFS8eiIwzxAD03z6WjvXkkJMYrr68i1GFmeuTGdljlIJ7QuRqEGukG9qYMXRPpSrsgAZWyFzhmGFXicW85kCSNWW8OXmKapBNEUMWMDCCa2liwQM5XKiE8yL25O5ETpZAveiUTTf8Mu/2rZtNZ4TLr1PAJ9KDJFjyI4NKlNc16SGQZhiHu1Yfd/GBXpxPnmW5Yp25Vj7YciYwGURCIOT8yfr7OocJ9WEdCYPZn4VqARrNb0xBDtWHu3SW6llSxTNfO/cLDPLIGO2G9f25x6ZsrzbSymfFVWhKxDI9Vmbz8po1zpOvI4WVLVIcOmW6lkWt0JdWBkRazhLTXYs/jcQOOQgf/JxndKWfbVsFs/nzO+NlsHzmtV2ui+gnYsKJL7URrb1RJ5AxQ+NRE7tTX1/Xs0oEMKRykaeu9YvhpR4SQAHcFzck3ZulnEcMKZJsqWypPYxSx1Eu44bCEGuNoGhKOEF2bb/7i+txlgdaVnKTwa0i3gPYTRz26AA1lPaSQ8fFVtqjf+fziPEkDWjCi0x+VHJ32z+W8ejg30RemuudQOq5uNuG3JKdpapn3pWJoVmhg52pDzCaSU3Cloqyyz6RUkwf+JWSwHXqbJlAEYBaEd1NTEsCALXY/8eqsaVuKIZqLokE4s1if9T/cKcsGz9BxUOLhTuz2u+xzPZCUP0pmXfhRSQxiIs8MmERL0ZVR3TECKtF3FU9xkqMBA3MtMWNQe+pI+HMM6MZZuI2w721R2fwmjafCcEHqUPpfOo6MNB3nYbPmTMfjyOIjUMqlw9CrsZ39TwN9aGOuD0pZLJfHyg8yKL/0a+qcLsI5nmdaMU+JGpT36nDNNpbBnF/n0m1eAjfwNvZAopva8YKyqcEai7d3YoQyis+tBLXCqcF3WNx/PPmXYrQomGXrEu002sultdYeadUzozASsATr9RXpVvFR7jAJTCDOppNj8f0+YPjG7VIMhEQ4+02K2OtTv3HJ5fW7kJ9c9ltrE/4gAsoMbax4iY83nSuqostI00dlThwQiyWtYYKuZRrCdIjjkSiz8UFXsTX0fpIEQY7g1e+QFojXPyuz5y7yNV04Y8Q4o54huNeQxcqBLwl37UMc++6STuvNIA1WfKLwPuRcWb9SbNtqeN26I4MdnTFznK1rMVc48TejkdNyK+SggJU6lTYzO7uEthBaIAR1Kvagk0M7NM9yn5EoV0nfcGo0yNtSOp9kXb01Wzk7JY3W1wfXW8kDK7WJ9HFTg40xsWwAWy5EqpItwBueJRDWtoC7fzR8V0RBYyCql3iKtEuUzsfjpx0ztpP7I+bCE8fLFXrMTDkFRX2EUY1f570eaq5y+FGwQdmnBj9of1QpKtxQQ3hRfPo/lzVRWq88l3hooph+fv0+b1ej47L/4tRqSTLPghwxQ1lNksiePZ/a2YG0Ek4xwy4P58lpLPtr5pRXx4+U80a7GFrFoZ1Ol6P2IkECNad3aHF9u8gRf4ie4q4BGVaFYLOd3vNgnN3hRSds45o8U2t3WbEKeluc9Rz8CzY3Lbf1l/bCt9/oZFRqfzxiYUUZ8S7naa+GViGGGRk2+UWA4ErYsnGVVrWtxv7jZRkOWzrTzd0Orj2FcsmY/shx+Y/9fEHpZHNodp2L806TTWpnITq9S9w9GzQWPSG5KzRbu5A1zuO5q5x5Xw2Ao7tSzcmx96K4OSPEpvfYHIqVpQDsY2UJGSTMAqryVeO70I45bN9P0q/6ewhvp6DQ/36QdpbVO0Am9CnurC4tdzsys5lVPwr2QPI7nbhO/NJiqnyQthRjyK1R7phawk1u3dgTppVN23lsCHpavL2/iZBn/vLT8dnpkJ+QYOSYClC27s5l2EiMUwgP8kwMw66eAkfEkf3W0rguLYL8kv6iCEusbDimAY+yOrg/hWg1JXtNYwB78YFJ6n5219a/m4MrcoLGjTeCyrBMioGFU43R3PUbS5nyCSWLSaFvd2+NyhAqIxWvMQ7zcT1MPvQSV8x05dRoY/38ISA4Lj0PZnII9yA4BRBkh5bZSln3mg+yypFIwKM2NNU7GwdvmQBi6yHvV1swpqdgpCB0yRN+RDYNb69s/Pow34QdTAXat5AQfNrzQqH+O6KhLTX5Sn+6J3iL0qBRLZP78NpuG8cqBN95LF8XxnqZdbLAMmcIuyOhIWjjwH34Rtv3LMMRb7LHp+gwzS4NpV586O4+/JwtBbdAYUVls41+Unod1p5zosM5+w5eMlOqV+AANbsvSLORjRMDHYqgpJa4UxitHk4fnwheMIotysvQXCWiqfH7Ld8lw74Ubfye2d2usbVlot9cLJos9ZH2jGR6c2MIkpVnhJVYSGLEZlyKcfisgV7BNS+es9goP1n+U8F6ol20G9TfGa7P0iat2oJ88iAXEqN/55OH74/ywenG4kVHkJk10Tqrg3IaLp2p+7uFn4V67VIXWj6g++X/+gfucmlCzjw2h5i4Cd+ljs9mx2cXYfQNz5xYIBm3K3R9yApgZRiwX9LL1XfmLohqAoE0EQnzR6/p6ZouGtT8xdLV4rtC911CBvFpAcdsgoPd79UbA8fDyAKZ7JPwmgA/FQECabIS9aFR6Y3gt3w57odCCJ/UQq6Lwo3YZH++Xwferko6L0Ud7YYlu3TcxN/Q9dYC/jVhn/U+5vjo2ZeCuQ2vlUEf21tFFQUsvfxgB5n30kRb+24f7lbvK8bRPxy96vaJ3TEQtnxEelK9YmGKw96VeMTAkHAg6TimO/CltLlnEMysxkRdFQNVVvrL8UJYRwuE4pAG0ZYiPSIacpsK1GifdTDlNuqXSnnUJgJpqsjF1RI1UQNFG85LnDh0mQnbANrWVWR72BpeoMAh+dRdjhfEJoIm2Ngc5xKKkSE1Xa4OKXcXkkTGI9FB3NX3FaFmEhnNsUtzFF/kXP63Er4nN3TgmlC0YRJI3SU20VcVOc6BjoO5VqRy6J8QnOAVjPMiBhDj9J8vTltUkFe587d3rBaWypD2xnXjFO85BgNC2tt8CM6lO9rBat4HYXQjZoCrrLz/HOQq8TafR9zoP8be5HyoLeAcOCNrd2NU8c6HYi0wiwYfPriO5ZktDGR8AXDhKJJtcf7U1QriTmX3Og1/DIvkicUtHOFdCsMle4Uix8rZObK/zESMBGcqgy67UxNBIhINxW6PZJxIat6uDnk5FvgIhY5SSnikMbrVS1i6ITuTnwXYWMU3o+JZ8W1LAE5VpsOwvpstoplGNrH3XJvGQl0OPVxS3Z/ycqMEux+bWU96mClcqntmy/mEbRxc/NiV8S+ghNSoVUW+lYbV3q9gtAqa03c1cmSJSo4o/a/m8V1SJIneCbvHV3eDnCmqGPGHyF49yUOD4XhbpYcpx9jrjle/BlN1m/G3sjf8RHXz4WpWV801gPg+MG8+XwCqTc3g4TOxBJHeiXWyjFdU2hRgG1v2HlQgfdD3rXthFl5HYLVmu4hxhiWWMDcAAAe4CL8B1QBOKKogxzc0lFPCfR2GCUK3kUoneusMPQ6u415ySvt5WTG2YcYXmHX8Z/YD7+YpEC+gHdGuarDIL4BEG6AErTYUVcRbrFmtRh6fKPVNfAa/LkSSPvOHFXoFh+jtqGJvD5YvLF8pAuRqqPd0udEPBoyhpyb/XyycvQs4YVGRyKu+3OzUK7bTwvMtoL3+nuyrBVZxeUDYlFg0rka1oUqBuzu9h5P5gOAqQ0EDCMu3VRPRQd84v6c1tduxXyFZGhheQ+8jeBD7tusJGG25KcTUz4w1hbm+JnnWNUtDdCTuSfnNEXe/VL0l9Ooxds5RZYs5tBPHHYe20K4rzKotx+AgGvjuR4PsKlnWIwGBAXa4nFoCfT1jdbDdlwOjDx2eUP4yarnsILnVaPDicd1mvtkEiO1bv5Dx6YC5KG0aC6PLsDZnRxWpjf+igxRJrzAZDbRylN/cgLjam+x5x2NZX4b2rwOSfrvKIBaFL5lcneacgv66QXFNh2PTa8gysqlx6XlDDaxcYxKQ6B8AlMtv9iIzJ1FNme5PRMb//0HOP4POT3enY8Cq0s+XKlCK4ogeifsFb3UjSpNQSic1gGXakD5yyTovQCVuQ2vqAdfP4TQ5G3eBdfY52KHR4M26zlpx5ImPAMh4ti0S6QIRfAnPRmBzz+FdBNfgwJUuwQexIWPL5tkHqkaqVQY1xJJVdNvdegx2Xc+c9D2C77lRs04XfKEL97d1U0RrPCA01w5FJfK3XdUPtYad49udf9X2xXs505nmLehsth5Fv9BmuFRufA+VbX73khK1vetG/F9Pt/d5hr7QZeHZQkAiddP9D7C86CrOyq9DlRMwR3G2yDlsN87o+5L5EVxUjfGt0xez6z46ST2t0CJiX+SxhNBAea7qS+RTuFdtA6LnPUCb3AtEN19cjrOUhQNME/PjtSEHjPTcuPFLZOBNnZciHd+XgFZGdPQttSykz8QqCp6ZXHZxVlfjwvhZTr5iGrvjobINgxryD+LppcomEJUb57+RU+xf1vsJVlfywU+i+WO/590wVU+sys37EZu32QaI3e8y/9lst9ORraDah5lta26+koJ132P7YES8q143dy0LxtE7R5jhQCybVmJETKOkkIaperpic9D3GMhw0iQNztYP5EJh3ectmwiq9JGOnei8Wa2E6cKgW+rG0c/ym9LML7OBLCp3+z7HPri4bwoogsfLsdGcrlg9i3vwAoYHVIGaph/g47fkkCoP6XO0KMCP45g/oLO6i0ECERqfdaAAiBaXMLvNFU4a1aXwvKf0xFfiaG9Es0h4C+AQ6VCWxuEau0xgLt1nkPEwIG+Q/ynd7qFZ/82W6h9pq79kG3mlUwYaSsCG7JLJqCgZBoTG4t5yTuwGmp3mpDLdlcJtyqhFeTEkTQgt4H0hJx+S9EROf4V0+9UgthYPTT0EEbXT11jLroq2mWGyPtDzVtAhL+IelNG3eQJL50H0BbR4NyMIf+UzvlAETv14Wk/plqHwJ9MNc1pK80RYgEIpbk9XrSe1n1FplGG3fWE6qACAh3ZtTu4L5HNEJYKJQ7hkt6tD3DuJOcP9H/7ZnUkzSM8ZtmFMdUmT/srgw5aEhVMOGgwyDPUZou7TxVwYpi5lk3Jf9aJmh/4FTK/ciP0+Q0bPF+UgpA1y/u79ovbm6rLIcuBR0kb6F+f3kTwCLp0Cb1Rr+pUz7DY/WRkFbIY+1iCWUGu+qWSVcOcJI8J/5UsVwotyt2YgT7K0tmQ0tYVZrf3IjQWvCqQBGQIuQ45Qj4+TGJ8n35s+qvH3oNMgqs4FrO2t4C50ygEGJsE3Mzf9ZQrkMgF6SqVif45pmKn+75B65qKWcqKT7VB4kA3A8VNagvp0jbU5//2fXiSIVJ0OqED8uiauavYQ+2zeH/JCv2yn5O7lgRpY6PpA3NOljK89HFPqtLvQLVupuzHD69ROfvXrNiKk/veXK+dB5KSOjrqFH/jfOGLCvYVnAHuntk60PBK87VceHPHlfGM2S2khINxIAkdBvzUWrFrtHOYgchVpP3kOI5MtxT+JxfkkgHx+4p+oyb9PA+gQmVnYNlrSLcNA41dVSTZmiMR6D9KZv3lrv4sOsrBgUbNxdTJb3H11ZRW5S32NB904aFCn8CSIZX0mRseszdab6aJfLxMI1TgWTKJyu8h2u7Lx66ISzGQGZ3RoWPktdoXYvr9XH3ofaUODGByUKfPP1O+M/oftr96WXwp04lMKyn77qqwPq1dCT+iK92CLZOajS7Y2u3Ifi84iSYRBr7QguKay18kkaoA1iK/t4sEv8pfEiTpCSIc73qWj3ZDBplex855bjZTe+0SP+8ax7tQh2B18kZq1fmfQxeLAGEraUjRvtgVf7ITk0WYjlXT/s+fglJU3sHN9YcVPXLG+w9MdOXXXaD7qrJbLZwhXkFxPkLVtXoz8XzziqahigUS45ICPt4+Nh8XiYYGneLRWauvGt+8uyKwKIcbhb9qHWmLRiABAUa3tWo6zMTrDK9l1z8vL0yEgZIvpoxjU4wbK+djjaCAZZ51DDpDD9shK5Z2NYqQEIvaIzGU2L1C0tZLFXQNeEc46PmksOwMHuR7yI1H0rjIMUjh8mpYuNKKu7YqOSAXhmD7LZzFXkKBV2SPSqHgCjaFPRvjCTPqzOue4VlfRnxy4fBCYHYbyxkV/tRGok6DAdorjM05C5g74SPutEN8cfqBJmQntmfAH22mw16K5LOvLGHEwklt+XPUzQP+JA9uVe2EKf/aSxxCxCb8cdl6JIXEP2BYAUhuj72xSz+Eg0k8+uqdUjT6itGpYlvOGK8s73ooyML2c5C/vip2FAGzU2fTu3ouvN2Gy013l00fMFMhQQhX05aRh+Z/vKTWnnadQor9HgY4SmVSRbs5tQ8Kapf0W0g6WeC55wGl5tluraHg+Vhw2Fc8xV7wmfNNCH+OtPNwtLWg1HSNyCQQVUhAei2BBeL+tzAQV5B0WQE6vYu9+Dwc8mx3QDyRpSK8KyZlmbOJy25/ecwmG0uacsa1eLGYuAAqZH0d+Ta1dO4l8h3Xxuuh/MfOwFXXvEhCiaWYGpUd7nvxhe1IOiyuV7M1VVC8et6mn+KYN5v4SW1vDWe8CivT3m9Kv/ov4Rru0Iv4Hl6p487nCccdALXEZ9ko7qwNoNkjPgENJEPknYgSH/UrvEUZbTVK7H1A9/XU823OjoHcbPBT5n83a8lRSXOEUMR/WDN8xnRarytnAF0T0k0U21+pRhQEqSuJmlL/PGAOriiR7zlxy7oKFQprMeUQfzKBwUq8LgBkaMiKJh78oYsAqw1XFaJrAJDlUCvK2Y/UrYQBwA4iftiSMPs5yDhABiptINF/gtIgoANymZP/O0ftPalI8xr6L8Ov3n4jEvVplx9JzYhaH9TreBq9SdH+Z4hIyLDH8lyw0h67mQSi66KBLvLzTzaGffCNlI/pWZGGdaFHJCjxIVow2egJQPmdD8lI/GlqnZJqvseuGXhgNHpDcnj/9gAGapUsSWJo0VWDpzpo+uPzBhJUPUlmKp7H/fF+g/QLK6AMZQmboPQ2gojbJwGcHu6rj3BiIWjGeZnBzTpMqqf+IDOQj2+s30DMPuczZdcEJeW1wXf/eO0iRDG7/HH4lDleNzwCFZxKTSr1U+dVYFNCOfVfIvCP5bYPai3ZHBaJqhcuOwtvrELtVEzNq910WKRFLrmNXdrj4ican5EUVVugt2vFdn7HH8zarfmf0NsSpajWzb/MTXyWkIAYkzf0RDYPTMA4LLH9/GOL2BRzKMEOLP2tGkVz/V8rwksJ0QPlBb7QONxlBQu81XF3fiJYF0YMG+nPjf2cawThNXBmxgS9lDREKYlVbu2j2AGOMU/39g/i8TfNRPC6Fc3AceY86ec/NfKALJDBHxttfA0OX72/TyftHI9FwK5M/Y++yYawE+z42tvRo8rb0SqjqtrqLiJcmtdtkt+AgSbB3JzYiFvC0HnbjKRpq59m8V8Vasn0tIpTbaRIvGmSZQyRUfkT0gUyko9LxGz91yYtx/+NC+8x7XhQAF6mYlFXvH3VnSAyTL/PWVZFiyKp+/xVTtmqVs+WqyFr3jNST4NcXlQAg959T/4i4DDghOMkSGKkiLalJf2tX96hoerPw8i9nnUhr/wT5TUkpvPtuuqBKdLXwPrbOfQvJyUtyS46djc+z6cdblhoMnOwLOY0V75lY5G1eyjAJWwML+3h4Twcd7tk8We9vCqlXPMZixWSu6xofrQ51kF6nBeIyUF+t70D05r5bPYyNTjRs+3d/wCZ+PuN2UBMuToUt0/vjMRbAMPvHihmTOaJQeCjMi+a5IyDcpmG383yzUv0nJbhHQ5Wr/tFbJmVEVlpKq6ZHe429wPLkYc07X05KkutuPU6lUkozSatyfCBiFCfo2eehA1tBJW7+cmtuWy26jKUYgXWmUglGRn134x0E7jRTV0QGAeOqqqP0yPDqBTBROhz3wdAbr25Nh6RAkp9pRrMzBOGfnATgBh6l7Stcm9J4tqa7yLBdJWuQyuDdHZneHm0mDt7i0GyBblhyGn1esjLoFOmA7/2ErnE+Zfmvp7i4QCW0NpxWPj16JSAztgU/kkzyyxOt3UWogsbjLpfDSJTFjxBE6gyaZ0srYja6UTzYObmDgPB0thZE0lF0gtdpnTTSH5Ms2NH+lQU5H2+Yx2krcwSbTW34ujv+xLWm1PZLlRMw5tcD3OdjXoYq0qT1PKMV6CQdogYZPmbJDyGLWQfLrC7jT+/5IMO78Zk7XBzDUPg0QAPLPi73OFKqKyDIdDm6EmHWbgxUheWU14P+kuaxYw+6PANLfsrAHCcqnqjS3/I9xJGYdzmtD7azlVcww8tQO3KfJFjUOVk3107TWDOcXUucYVwi/MjSSQUK8x2+GznNNa5sBXEVJFjNVCByoj6hN3OydqB5Z5Ngu1os1p5YsclavU0LM7tlW5tMFTh3Zhof/BhhBrkG0xH3VOTk1KcS1JRLR+I2XLTdSmURUIOBb5kRJq+7J1zK4dx8IqjwHNcSfBOkDl2JzX9Ip+py5Lb11vSeWptm8lQ20Z2Fp7o3qLRQ4qk8B5YDAayc60KwkB3WIw4sTyulpL56Ti//pYCVJ7xPMXXSrezdd49iBQU3ijBdVu0A22sM/N4qpZ3yZuKHLK069R2Fc5dVmeLI2C9tgHNsk53IXPwhtiMkXucVJe8TLNN0twWYNNORREveKGF/Wzm3/EhOe9PHxyI4A+Th5NZogZgMUyJS45XR1pNKA/yoqVgJpVR4cX2/kcM5BTQn9pDOozLoaCyVaP6UmndJIlkN5C0KKp91vOYMT+dz+OKs8UE+0q+ELNNIUDfafhNOJRq72/FjxFGDERXb2Uzz0iBz4MrHgd5AvO/6MR15OyS7a18bN2VkbX90lNM6oD2Xd3iJ3A/MngYHXnQOzh4o1J8tULLiQBipsJAA3nF2gFjUoPMFiTjz/1atsktcb9YsDgMuQCuA3dGtuf7/PgWt1h7JEQg0TE4Gp4x1AQUl5XhBDXeKwqowofeLI4++Yj9QH24rozZWzuXuxZiveBp2+m6UUdDWKSuj9bkDVBDsJB/+ZRyjB4hBsywSrG5bBiT2hd8N8Vw+I5c5Nl4vEXg0aXnzMGslusgvUtNF9nsEZfZ1Qd4i9TxCutv+jBdgaiaOW5EYH9FFvXJKqXKr7E7rzb+vcoEadFzR8dxLEilKZaSyaIjHK4RazslpkHa2JUAT3+rsFh+iRQbu2bLS4hLAXigwH9Dcka8HhW3tNVNAZp1+7NtnS28vPQKZYUSB760aF229lgSs67426jNYlkWERaU/cFLu3VKDPXn3g+tidRMI2DVRIR8FCog9kf8aA6DlEZvIwCU0HDeBcbVIAxeTsGFQfzblTXV2yH9FWveKgaV6eEW1bdyzAl7sd1UE+uprZDDqa7vHbDHW/x8sCHjxnC7w2DzUPppxxTzLoy2hQrv2g5ctkiO4rMr4i8Jz734bOFJwfsVj/vdxYQiInc/k7OPhsfXKMmVEBNgzD36FFJb71OXNIHEqvgjIXb4VlaHKgAAAB8FMNt2AAAAAAANWuA71o8w6t7IChyILHEMI2QYs6L8QkIoly6q1BpUsZNt908hSJjcOOHm68cV6r9PbouAZUG+PEiOQ4JubrZ8X1von040XVlIkJeVo1ULzoAfBqIpdE5Oltf5PAZuYj8BojR7bDKXvFbyS2KYMTBhYibq5PM7zvKEQoaofPAJJkLnUsnFHevPX8f3ma4FMC+m4rCR1M6CDUjFYvPGTUuFU1DPj9V+lb/PaGHzt3iugr1ZEnYZ0JCLd9PRS2I/ZbxZsNWKKVg5fksCPNOtCfXSZXaFuLLvfS1qT+Sqgo/aM78xFru28aDSRtUy7kUTWOpMnciDKNNZr3cM2bJbLRuBC3Gte+E55pppWy/ZuBj60GR+JIMiC46gv3NPat+9khGct321bh73pKssbTCerodbNP02gO/Zfd17ss9VDettE7aNWrYHKFm93jA7CfDKYDO/wZ/FWqVNd9977S9scDgFUHVtipH/sYd0uDPoINjEhaOLDe+m3BCqAIOfvPFU6UsUk7VLQ0VhzdIkTb8CCCfFFHplu7JSAy/5LZYi7w9kezbTMu7H5wEqXQPkkxVWDEZCJTDHgsq3n8PNkS2ESDmb7oDcWGmi5fUkC02uUw4fgcfBQlCTRy2k7pNWrhpY5wUtIzgYpn21NwK206367iaNgXdieqJMBhLsABOLacy8R+dmmPRnbiK98PYl7+5omHy5siZ3jJtGiMikx8c5P/lNmntUZPikitzsma/0btgJJmirHtW3IfifPLD4/keGL8w5TgDc05HTOzl9oHKM55z4MGN2H16PQR7i+1xdOaOUtO8pAXWuzZn0dPhZDE1Uq5JtnC9puNtmYHgdynjtETtAnKLJzLUFF4OU3/GYyoZ0WT1iG1jiS8bKdN0wGTYQwL4EA5LMtrsD07j7sk9qr4e5uhmH0cjPG/n8iezSs5GFMrOgF/sD+Rxv6sJT6JmI8CohFDetb8gW2oM6ecQVpO46BCruxur4CX829f6hjgziGUrb5PLZsKt0mfeVPxWowljLDVMxtQc20/ZGgMF2ZdPDg5dsgJBzZt0++2R6cW7/gRx+5+SZ+UpA2K7smU1LGgi8BvZZVWITan3O0WB2TJpg0rZwfSG1ND7g+ac+X/+pNRKL7wtrvOy90ZbtmxiTYZoXFJVF3dcTnf44Goh8HawV4WFetkYGl9WsAnO9Sn5dNJlPsttaxpHaGzOgsuwtGW3s7VfY52Fnry/JVwuRZcMkzOstwopdURdHBLxLJLUTtVvFef0+JvpsbE2Ao0zQNVjVFDxrmr53FIQpz9LFxrGZrU2sMiR1jYkb60vUobyHKwmChC0+xonBW/NdM4gPbNKH2ahBeInCMnsXmdu/pYRZLfP9ejPP21p4pmmngSdA8e/GGGyP3/Vwgu313CZn0cUtxVK2/eSJHJFMXWxeFROueFrR5bz+pl+3iOz5UBesDV2CAA7z385vssBA//kGKsrt2rnNaus0JGNRCaRjTrE+G+N8bY1lty65behqy9SavHiPsq79dUjOpezbbJrNHHlJ+59ckr1ForH+so8nyMYjeTH9djrc1QTDfarxU4W5vhdKHs3s9XvNXntlDwwxDBwRAdY7/fbIHKjnW5uFkOTbX4X/Q/oYYY89mDuTRKJn65c7dFk0bL9HgTX8MKbuZ/PgZ2sfJBSs+wGEe2qPtZXsUXK1AIzKFSrT5clMtJWneP25t2efGLujPV5clU4IsheYNWKHrOavafNfzivx83lp1hY5cG4COdmWPI8bY2Zj3B4kRFoev/Bxu0ECi1fbrNIA2NdlriB8wmARs8dYP7CxwsNNiP/QkvGUcIBMzksNCMe95VP/nbY1JAp1lvz/b1BsOCIxDCqU+dncLVCedIocFd88CVKUge65hZ0VVXcK7QhCIU9iD/k7tPrQL1/NmNv/apG5nBWYyd2gGVxqTwS+6MgkAOQOeUUbA98b/Py7Dmt16t0hFmcBPQIFMo4grUMMCXhPcP6KrSQShIAD9KdyoJogy++eaJAE39svZNt2GEJ5ZUNQQrZCcCv907ZXMtfpcQaNgdFZxIJFsoBPc0/uTqN7T9jL/5fP/FG9INZSYUixEakSrem1mozw7KQgbnFsqQUl9W/nY/jgB2y9p0sdmq1OjWWbSMLYdPHdYLRwS09BgdvUGxi4XOUw0cfr6I/iT+exvvntrrp4kK6W4/vTCHpPIKb1RURsDH3Ssh29kcB5fvOT382qRYokutFI0rEE+GxpWgx1GVTU57HuE/CSmSSCSrIMXY6weuSKFTW2Azt+9WqWWgtSpDLFpDWuon4NozP5B4Urg/drIsXsIXDRs/ZJAFw+aEe0bQ31ugBUcHAO+Ne+piHaM1OMewkXAfhkB5YFrESOf2W5AMEj2RGqO+LphYRRIdLGca7+nkeXiIeZtkik12oc3Wzm7G1EZpuWCawxtejNbHmHU7+69vcLUglR0nCUfBVhI6qw58E28WJt3x6iTMSNSDaAUt+Pj8hxU7oQfb+J3latNzqbIBoHnIrMvCBFtBgJwq1Qr4t0pr3hrmiFFSEwWHBMgp57GLa+ge7b1q8aCYCjRLRptzVCTNb87QfgYBQq3kNZ5iDLtGsQpBW/9Gu3vjYgekNBjzd0jvBNoQbykV1uBYsehVL2tIn/e+wm8SEdn6G9L9++OYjRRRLluqKiu0I85YHDlTJIr+lomMfPBzafDZmMPdSHajwPPIJhA44fr4LejPMv1HkcHgf0d+fJ/8u070/hBcy8FLSR81740KmXgczP7SBnmP6qfME95JxeFhBLuV/dFKxR6i2qdGF2m1/O3YKNFzIdpj9j4WfTizsMDRZI07jBs1/jno/q+QFjsemdNGOqGnZYcgafV2l4XNbB8U8mHR160he8pBdPA2jrCVg1wAI0z/51whPqELb8Z6L8Sz7n4hdMTUYNyThwSStrBQ/ZwjTjq2Eq9uSqIuC0ZfSNxm29nCtmq4oEOM7hb1WVZ0jWi64YZGPlcaoTnQHHSeFyS6rqezrk1Y/pIB+6uvPJR7zArdXNOOUWwJxkDC3XSnb0Cp/fGAJdYLUl9nl44sorufvpK7n16QfN/h5R04CXajcYKcFesj9id0Wp2tsqTg8rBX4N++DsfNIpuR5ASwwNirJ6sEXVxefqv8b8GVPtD3jUkhp4TqN68414QCtImKD4mNt3+F1B56AWmDJ1T5EfoZbvAudJzOe4ck8l+5q3DBFUDzvGLgXBb1S87IEYPjaH2ySE7GeZ6/tN4hRUIf/zXvBaXV+ny9T2jiLBoUly+KkOUqFMZ0oaAfIZaYO8yPiKV1AWPDygel/qfonRgqOFCf1IuE+zGX1PvvEValpP4SmfRVFFrE8YxZoDVQNvUNUcfyLg2wKys/4eYj34kpkO6pnXbctT5sl+KazTA+rZyWvAHlwU+RryKRYOlaQnidoL4G8y1YAxXTM27PQJ5e3FJxlM++P/a35mngSUaqZR3W0SApdgTepDugmSS1cketVNW7uh0L6Wpqw5agj4y4ErvelRHM/fKuzRp+Np6vhxnPfDaclZrVhqXWRZPGrYAt3LPvHHy5soQqA7xUWJw0fQO48h3uwX3c0je72OhyYiYR44OKYyyZSMJK/lGXkFfaf6jJINhm63HsF05qb/8uhn/L8ekW+YeRrPYzAA30ofuodekC7QFJb+xoICa6K1a7uLkZm/D3iCUPSMozE/tbZL4xAmK7sO6FplS4e4AYUWAmL63a/TcReMTzYxoBpZa+4xqiNHbbiecrAbPN34jsFky532Vk9NzXuHE41iuorpOcTC1WnuWx78OPibrHMl1fa5kZ8WNasMZ3a4xIXND9jD+CuBtL6uLJnYS5FHUupplQpU+Wk+QWYBSZKM30y92ErCle1YEiBguznJcRFWLE8OZiis5e0QCWpftkArVkPfbiQObgsPmPBG6cC9BexfxwFYe/QWtLxH9Z8QMhSBluZvq/mn+fyxApl5TTtWk/4utE1bY3bFgptIRe2mYWHSjvdT0bj7a71CR7byxbHpyy7iYUCrC29SFdT+N6QAGb0fvgVZPYp1hUKFAH5yxa5YJv3qcIs9cJ0tWFxn/sTuttGhDsQTVAIH1nJPDFvGX1RaUxKLa1MiiCsuwDXvv/11V3aGbDt+hRrnC3A0o0m3Tl3OFAEw/PPHmP+13gJ4ID9OGmbzMTeStby/uAsNA85jhlK6RNaT7FeQc4LH/R8iNJ3y6h302K4CAeTl5AQ8a+M+8SbHKRCNZz6ZOu6A7I6cShGKptQMupCDn/otS3CcvFOoDCX6hCANhm/qSFyjsuCgarKWLW72WNPhpz7WqukIR8qvcr/XG/vDDmv5wnJCvrbt7sR3D1iQ9Nws7X5rkp3sR1ZNkzwworFkNMUaYzEBFn7Y1r28VAsliWG5kEiPSl49jVMe7dsKzXsQscDbPcBoJSA9oowvJ87puKoGiOEyXjEV8yKixTdIwv0t41K60UBrvSDQWC+0I6ETJabubXfVeZ/FDJlYALwz4qG2N+fQvFlp9LYwqf2Le0nyD8QYcH7p16+A9TXCiFsUPQzoTk2KBFesYZvGcX9C62Cu56mGvtvn2CmuxjtB4c+ag0ybAefQJt1HMmAQ3JdbdyE4Khdw1FjMltmP1MWOZOdliRLIRGfsCM0GJfjnSGbatG/nvluzeq7AqX/tzyDc1tcTJtjh5SPyi6f/DOnebNKyJnP38Bz/LEh82FwYQP/0sU7S9tldtT6jX21lkyTOjrW5MUazmeLZTdGWe7lP8q60GsAiCRHOvfU7K7YeiCw/WuDx+jdHtHkLeIpKaEJfW2i8ioY9DxQPRyNT3vSGzwvr2y7pjGjeYL31S3CwTxAgnE+JwDUaWqFgTSA1umKbp/dXn1UeVhBn7K76cb7xUAPGU5TTurk5mUm8y07fiuM73ewId7DeiUcScQQSOqkRvVJOEk/t5FuQdpp1jXdKOfHk/6P3EgnLdGJMaedLMJsfBvD6CyCUmsU2MVNV2x4o8GBxXp1C9qV0YqLxu+8LpSYpFvtGU/BhKwIxoWG4UhoYO74gHIHOL7a1TvbuVELlqxFSTCa1He9evntVDDkTY71xnEhDDk06l4XmLMSJPnuqaQ+fG88YXxeFryHl+fMDQagnSNnkkQfSfzbLY/gCLakweHWM4lu1Bp5zGLZKa4zN6FXO61LJt+AuW+qdjPe0q0XjdZPde1n4sJsKQsvgd+2FXs5AfDKNzChw+6/k+llXlpRovjbTJAOBDj8Sd45RBLKkgkSZp7nWAE3n2kXuG/KgXAjSIFetA+v/38qoDoQCgd3otf/3wUW93rwkiR4K5zDZS+XB7ueCwdXQRSUT4ekB4K5x9X7FMW3QiFcoJsv3BfZhYzTFIrD7L7rCYYrYwOil97MMLHS5wD6PVlxnth91Lf/+IpBTl+oP/t4gPyRlptwIaMi3eQiggMjgrl4neD5l105NcpKKc91lWGdkwK6a1PIaleN4OxgOPLGB+FtgKrbwjbHBXon12fQnoa9MSNQdnLWIRwYGiWagNbf8jEEXmnMIZPrNVzsM0bTp7z7Sw58jPHnSBhPw/j1UTW2pGEZsMgDXY9M6UKc1U8eviroo3DCThPJYIzONrlRW2ReHLQoBz9HZqLB2K5GiZKZYJ+JN1FHaDkYNAXBDQVCai+U1GWEcqqRqeIxoJJOXUQ743xRW503bRgRrIxlvd/65iq5qgeV/uD9dThdyIMumw+UigtdJAm6Yjt/rk95pRTD2jU2ZuihqclfAg7CJMMfBlY1ouQpQEEC6AcwFVj0J1SPZzZEgzyGh9TrShKZ7zisRM8IBNDPwOTmKDrTAbD57o+OyufcIZulje2asW28dw9A8d7Eb5QlD8hMMc47VNq7ahzPB2sIGJos+vftoCyoKcqrMX6c902kJ7HivzePDnpMve6e9xv9dT81v0Rv1Xg04100FlM840CxwFfz4/sg55qTKE1nAknPT+cSFjvrkM/tRTufinAbgwzRH/W8U2co/eXxCSvZTRkEa3jd1AtK7Iq9+lK3yvVOPt33cK2MjNvguI8Bf8FYIIOJut98TZKc5KX73JRKNBLKbV6Tljf4XqAPuK4J+BpRqssQVU/rMwkB3j4i465sa1vT7jwvHuzFcHUF6T8V2ApHQxYnYCsub5Q7VWJ8lq3D7/t36qyd8Q7TsPK1yIfBxpxNRDuySFaTIgeU1R2hof96e0g0JZMNmXwFKSxGcE+d9nS8DO7/S0ELRbMQLiKhES87Il5hjtpd83Aq0hNXpkId/T66VSDnAXohmPTDsGXVXm3RXlOKrbOZy+QMhv5YKSiGYHkN+YaiZJNVOdoSjhIOujZvZvMdL3zhuHODiRzdoHCbZipLi5NuRk0HXm0NKniepzaSQ8hOgBsmpKsMh2fYMWkEGJ9NcXAOrCU50N7P2GkEZIPYazVRvqDo20O2j2tOGuQTmheuirvj0nDxhGdui8mOImF6LdcyBRqYH6+IWiGxja3seSBpOHy7/pHq6V3IA64Vzmzpq9jQAWHUAZ9svDhV2EYUWfh6I8Sq/q0NA+kEU5CN0/fFvk1kcNpHNst1ulABfTghpBOOzWmDMb3K9XVL/Qowou241AP8tfd1Y6gbxkHTgaD4+VSsDwwkGBidMrYb1vThvtPkm6TUX59eWSGAdpujtRMZl110mapLYbTAVwXu5Rhu1yNrN51rl12y9dEMdyfcSZEuVdiLbjKSVF5RcLEUbq0B47aHPbZhiqkC140hJAFpAbDcEJADgYilAkI/3sevT/DARx/rWjBOaagWjU4GVGtR70IM6QNvY90uUPB5/lbnqQG7u7AiHnzEBUSsbAAZzwDPL4BpSUYAAfQnWWDjH3GBsrYn1MdPBCfoRh4lCt1HVYHs+17kiGDqWe1XkYgtK0oF3lpNT7Wu51A+ZEjJeWhzfE5l8rQIyUWhi2nklc+KlC7J3M28rzxFJuYkNn2xIhEf5lapz+po5pZHBUiy1wjqWiXeGDPqGwcs4iuRYN4Hsr2SYwoFeckPuu3T0k4EVxwJRQVTNmlKNLTxjY8hmY8RDSyScN3lqSDgWVIBznFRLq6psodBf0NED8NgeOgE240sOAOI/XbpW8tY4V75pvtwwt4DVp/UwWBbWYLhlu7ONtdX1GHTU2+SJiXfdCEqVbDO+W8k96JJZcZBrgegjMtOVcYwaxY4UX28pL0P7tMWPYRbRVGmFST4Fe0Qvk/eXulfjrKd/AfElhctLINoFZE4F+W6F7m5q1dZ5w2QiikfY7aTGmDsVOz4r/m7ct5ogN+yf7FTcSlC5yJZpqtDLu59BiV8BJmd144hlGrAZyXRBfuZd/iBWEL30dihuUbu3B5NkaLhEdR5t+R6MdD7FZ/TEY3sG8LyqO2+GPlhdSscQowiIehrEeJawPCrC+tWtBTKZCTZ8NL2cPl4oWZ8q/sHI8umTZJWTV+PgkV0L/fce/ynmfLQlUoW+FIqOcGUsb4g9Pv4uwTEN7yoO4IB7cdOkkEjbDuaTL58eUBrCCJQ4MlHilaYPUuly4LvKPqfN3uBaeHPc8ZGrDrLn4gXk4Y6GjvVtBgGqzN7m4GI/NpAw6UPS7TBA6phcDcYUYs7lGZHrvmk8tcTpNbBjM88RM21boFoAg7Pg4WsiUdFmuK67URdVKXBELw4ZWe0jCMUbE81yqJTN5ZYfVsIhHRVKIFszaHDRc3B5IWvqEPcjF6mqXav0igBDo0rTHb100n8EJfjVKNxPPvPlk37NIVwYk53pNCMR9FxXioGFcKijAn3fRE/mai0y9WQ28ldLluV4Qui6dLRo2E5Vaql31DOVOmKMVT5CJFfyO2BmcN7SWWKCtSiM2+ktj73QGiYcOKaMy+87rSDo7MfnCSITtu3msNPz2LJ0edJTj5Qxg+l5gyS4V5DBQHpMkXoxszmyBrFcWIZYVYCbhDpYSACu9qk/Ty0u1Pu7q0CVVHg4t+l75vHs5gxjrvN9SxUeSqcVQGQKN4LLWaCv4uPsw2yynCElIAVPZq8Is8UZORvUE3Mvb2hdz3mZGJHn83x2QVSgDVtOt3OLZT40zkIr7KTUdSVJZUJmuaNuoF07/ni2E9xgs3Pw08WTDK57PEfsNOgteLZE8PchKA19ORanUE0Bvtj4+snC7sh9FBjQ5LDj8xGYyQVtKJ6QFEsgjQ1molobbHrnVoD/l2XR26RDRewepSSpaFGdSZ/lk3zpA3XoSWilGV6q5mdcktDO2DJzee82gpfI30zZCjARyjU3hyiuiOt7x8WW6N/TwNX/54p62usZ1qb1KqFkaLmyksOIZWqd++QUnL+6EsAjtqFjqNP1/EEXLLVp5W20FCVQWK39YtdjixkgL6+ajpZtRvgaWdm543EY8PswXsg939+tRsM08yciKSS/r4iueMTYxx+XMPla+bxAHbP0cUpcVn1QXYNRqzd3ls8lyDU8nhFS8ylwpxvoWSCH9fwAR/UZgHlCzZsG4X2/uLREhYSVYxqi3EP/wev6fUjYmuFhVQ8drrGaNo+yRTFg5YQCO3fo4KnlOtdiRqxy9wx0r3e+y6dDOa8adN08aqR1Y+cQV8yFknifAXjgvFa4pY/hi9w/yLuxKCGvbNXxnb5CX5A3ds4TApgJlnrAwSkgKF5LswhnmJrFlzIVBfMT6YvXpfNmJOM7qCsONmv2ETGKZ66ywEE18yPkEWNGJGsYNswLLG+cU9Kq7DYUmRJduMmgK0ciQdA2zbE5/HTVc24blCN7UCO10/ki/II/rj2C/u0OiS/xTqfq6wI7Tx3MwlTTTAYwUpHI+Nci4ilEoJQ5Omy0XbPc4qBBSGDjWV6KWSpFtT6w45xtqS5EzG2hSurPV9/lhGOhSxx0Q4PhkslLK+LI0GPDfdL7JnUyT2bfSitRNNT5PtizscsqmYehK52wvWE+HBpCS2b/pGogj8PuUi3UaA+K02MVsds/KNj+GNNBloFpdG8ucEF6hLVbhDt0l3iCnloqbpUP4nxrZK5VXKJPwLIWOlszorGOB/+Mw/vkCuKOlUxs1SDX6rNjcIL9/jJUqnWEJ6/oGgo4WN/6wtoNnfSVUJgCZF3kMgoWBCp31mwp3iuSSuBNP1qeKlRuHlpRogzULn/2iD0J19H01MAUuLjwLhn5bMAeDtGNzPKxIKp+22+ZNpaNOKoMFA+JdezBJYAM/UBmYRUpWd5lThG3iAoaW5TNZA8tW9v7lzP19l0Cupaait+Zq2nAqzlE/kykclwnc9PJKfACqtEbbLQRUSCyjUHyUCfDaux8s/bdS+Tn5jdQmu81dI3IO2Cbe8Jv4sxp45RqFlHb4H3UvrHccJE7lV2oIl2rk6kjI5Am9urEs4Kz28Rk6HkSySn6atK77YlM4a9r9eQw/ePb73fEuYKI2OxtBixFvxeAKd1KHcrYVlgVaF1h+bsOfIKuHqaTD8DxWjAcioPqhWW87G5vecvGDC1X0gxrSDy78N7obHs5nY4zn/TMABl8nP61Zx92ov5f32fehDnmtFaN8otrilz5ByOWjinwExssEt/rsBmmUlqmFK3kxdDX8OLk9z8G08ctxcm/kymwtrKiq8RfoThpke7yqSDhab7PDfb/0qOGh3uvPu4j/kQ59p3y9IuxbC90kmlPCZmeaRK3/jVPajpL/UfeZwuOtg15b45s+suGt8dnv1L4eVinCPi4OP+pH0+zOS7wGb54gu+xpPi873hLKyyQ3fgd/JPdw+3BoB0YTj1LRg5li1RKaNKIxOtUDkFq1R3Apl2MoNDJeKdDk5vMWwTrojcnpgtOAktYJ8FtLKRM3scQRLL+CPB0eTNWaBKEvPhDNZI3lbRvWAguEZj8n0ZFHQ0JcrZySit8deRkNXXSPyDlkVbkyh/nTY4FavzFwQTrXjtXoHI6DB6m6UE/DkuK2BzUvt7bJfhWBv2BxrTasNd9bMAkhHlwKvPMOz+F0iTuxchAnFBnEHyMu2cuGXrSxiIcb3Z/kM7EHt3J5rSkTiR6CizfRe9Z2umxtJPVljyTH9YSAmrH2ZEuZAFxAn4y9NWSKg0gm0SQE0zNq08R2otSr9jfV97cgA8jzL4phFiVLBCXSWyoJpZP96rVn/ylcxten0ytkdtvv6ykRWz0ADcdoQF6au4m3OJBTcY+jUTnTFKUVup4wmvGgpuB/8IhkE3AMJ2CQpYSpEVJrdF4yzeyV6pzsEqoRcwbmCQZyP3ZJn+00x5+paHPdQj/fMOtgR/Jl4pE8c7HLSQ3xesysv3grPfclKdHLWN6xR5D6SLUKtbWH2gsCqXZdQzXr0D5kBam0OFBO1cV2oAnw0EK4GFEfb5RLTEC5EqqbH0vFKFuf/0WnVDdUR/VkFRXlrn1r/8ky5H6lNiW7spUQ8eKK7JyqHnTcV+7/GCyNICFCRoI9ic4LexxTLWeQYGn2619qbjU/FiQVKgWq7Tg9u7jccpotuJy2I3K3Rgry00XdKeBMXU8SQJ2q3PZ5HLAOfCr+zCbBKFWRzmN/Qp0WrNlQ7/llhRG7uXQ+7j5gXtRfKlCqqLuss+mbl4aSoq0wOEKkPkpQRUImoIl2e5N6miU6vmT5Rau8BYQq98IRNi1NczIsVtTmmgnnpeE0eSRMLF3kprQPVECrQd1huHEFKouoTT1uicCoulRCGvt1fu83IaZTTtmSgVS2lZM76tDmJhYY050oSJ2xpGsRTPdOMTzcwuC/DYHqG6d1qFBgE5WValWjkINQDsJsmsM3wtsRcDqqlV8FPYUdJuVwMgrEkZxM6rCvbKROwhZB1NCIcYCihjm9ARhLza2GPnjYTWY0sRtH9gXqdJDfTDo6DRz5h+c+3ZIrJlLqTFtNb0GWOX1ys7uTl55v7CUp5HkJK0yk2ViYcfNPprGSXXqcX96DbcCsw9eDO/FaqFn84uCQCqQfisv769TjO7Pq03FP7OMCh4niQ0NBeSlHJX844ge00gEU5VLrDc3XIpEcajqocia4T41NbRm4LW8iFcpHhJnR1G5p0Bd+gM74L2erBm+7H2QI/ekel465hXaWKdfiSR0KmPnj/AwIUeuvfM3AldJWztex8Mi2DqDpg7Xxz5Gd0aWRd09Fzf+YdkGMyBNK/CzbxSxhM8lIyKrh36Ub4l/j9pAviWXprq9PeXhAGTMRPaPJyP/KHIzcHdc0q02z1EhST9jiNY5IJpG0izosV5SBdQW78nTIowUFYGQOkEiWVvHMq/uvM7MAH9S8xhvBKZ7VHC08xu+dsL5FukK9ed7mONeYTh+j3d5z+0L/bIZs2fkqSrPHunw/2SxKoPp0iUFCkVkRXzrT3v7w7HkTJ4eUE1GuivPflCubmB5NSchlSAl4hfQrz3VT+ckzNhPbfCk7TvvGnq3yEGTE5gQQmSxlKJI8CmWmai6VO6KhVo/MNlPmfXnsoiWUhyADf6l734jwyHaCHhEq7fLtuYkv93wEOcY2i1Bq65EmITMxAXGPa8MxMyXyQ/5ES2IaAEJkTiV+ZQDOucLD1LJuvKb3ZyJPOrCj9ziSfwvlBZSsqTJizk1VLlL825h24A2PTQic0iUHIONWgvwqT043rqJQ0hsFoKPct3zinTDYeDh2uJH2EhedrnHbGUh5KHh9ZgxgJlNe69OzSVDST/Ve5iwG8YYuQQOXRsoC3DHqSdMAlddW5v/goSb7/okya7WjqR4dghKD3Z/IyDCGgwLXWTT0iY0Aa+9K8SvfZaKH61pVAAVcN8kMYNO+KcluMMxPhc07hjBwDek63FJ0fcihyroK23Oy50E9dz7R99mkwf//PObd3OAvnjVdVBpeg9k+cfMpMztEFtIEtSV4mLvKyzh+qaeI2Tdj0OCLFxGnpKXYrQegKfsOq+VbTZjxB7HB0FUM1nRwGWkmnS7NTTb6xgMYENNw1s3rwz4dutS8P0+lV5rpbZhTskU4oI9xmdCVnJ1Eafl1n5WHmFLI0d6IgZwB2wXoUhBYWksnZoqfuGKKrsbD32CIAD+uNi9R/d6Zv5zHRAz8DSHQOjS5MCejqO+an5PX7A1MjIoW12z76s1+GYHxmtIJ1h8PeAWupmIRTANE2zbnNczPp/yOL72mFzUcn9BHquWiVLjq7CZcUKsjkQkY95dms8z7PzXJcLMDJ+83Rg14klg2qHUVaRhiUql9+eFset0u0QbdQClj6pv8Vb6s5SxPvp0nDhEVC4o9yVb0GgwdvLjkb8OlISK/GtH2H0JP0am4wwa6ZuNm3f2sOXKJNGb2h9X7tqGYecIDBCCQDERQ3daZ1H1mHW2qWdCqBj325HGWBsVkb217dzHCHZERjpstmuN1Y1MRf5Jmr1aq5zAsJ8A6qBuW3xw+dqQdDnC9/wNtjklNTC6Dido0Qy9TI3E8EkvQqAjQGL91DHGQXuTBxRbnIA1j438l6U5VuAN/gp4olRr5NvWUleC+Y2820Ya1hSHXkhIZJLbdlmS7kFOe3poaJrIYKRVluEN11H45OsYeVwDKoF+DNDXGSf91YGjlvOYoaDl/HpZ2bJQFZ01vRmr9y4rmF83stp5pGBUGPciinO7LDXLQlHuxo8upWi7DYXUPiYbTyFGJhgsC/WOizVcEkfPzNj81mMaMyHMAtzNrCfVSERDJIh3Yo94Rje3ApvVPEHaLjxy3HBe/+nqhdbHmv12WfylfZiVPe2aGyivHXT1tW38LvlKaSqSyidVATmIGLZ3O36my8LT5XC8p9BBjqrLYm95hCr0geRLem2GeYko7S6llrsgg+RqfC4nsauysrH+qmdAtaOFeL76lwQ0+ezPjRgh+MG1o11PkLqHw4Dy0Sw6gOjlYxA1I0k0y9godArWnp9kvPN6bV3+FLXu+pFHCbV7Ziq/8l6FB+oMxWNG3MeRZsdXFqxh8IB+zxHGx9/nfbTk+TodBNj+O0QljBYC3Ke78sOrOIe6a7v0LAN3tpct8g5c/pHBWs0zehhRY6ETW6osxnPS4G+O77hemtFiDpauVWql4cUv/TFIjw7k8rtlUg/aC2whj0QNaY7LzgcpKedkl7A27eg6ZtmvkJp8dLxXJ8EAwP/38/04azhZBFulwbt+lVvmtBVGf5bQ4ClmJur1yxIOfXu64CrcQsjprbAu7kWXYXQWYSP5PVPeXd9qpGNRBe+Cx76KWWxeVXZAoF62VhL4uaREBzCqcpLcQ59KrGPu8eRjZjyJxorLbQrXPCOM74tK/wFdl7IGRFCM8GFD4cCV/weGSViJRcW7HXw0l3Xg7D7pX5ELCSgT4jQT9f1qtCpdYnR0I0PXJfJUrRKPaaJNzJh0EJyEtmO+hn53/9dr65JAmkTLXTKhxwOaVyXQA4eVufdLU3Wxi8027M/mNlkGKD5W7aCBU6BKPvRKySbuC20DZgJqJzJo7NUBtgdsktQOvFywCVAWXEsiIxfE31HSeKCjqkAZnUAChCb9Mfk8ZKmyl0r40ythiHqPTCJRVqTtSfgYI8XOqxX6wH0NUMf69cO0Gj7c+Ru1V7XKhoN40Ue9gcP02JkMXCoR7IYn7hzC09a9lu2bi/y28LuJPdPxYsypbf/7x53NKqa3uwLSR68kooStaufKwelaEW1/pTN4zdGj8uvl64KG5/tskGpzYw/cbXzQiN5kXS+BbKaxrhxp6FUEQBedf/Edw37Rb/MsdLNyP1auEXAJMpSJZoq8YiLlTvrWPOSMWnXLT+5kQWR1V0a7Fy//8UygKobyjIIFBx30ICwUYVMqx+kxobdEUZa5ycKDzguWUglwDuZ+BLBaTXN7639P5kNi8ybEpYOndtlxXWB/0m55cdvx7y7Wv0EmzXoaVuRzbCFNMNY//VJ/rhX+hUp/Njc2Zq35WwyboPzzxxmPI+2n+X780pmfMacrqM9nCmm9p7v613fOin4JHoGM9Caj3rQT/3DQDVCzodjm63j820GrUSucSS2J47Rk9q3uAfkMcalE25+/2+cJDEObFnq3Ah239cXLXgJV2sKy2+Qn9tM/Kms+kCGFA6pH7rYc0PjSeKCl/2UmIXAzuWt8DD23AULaL9Fkyzh5u3qyXY/3OjFpMU1TpaSnh4imoTuKDFT0fNlxiR6TvGAFwoshtKwjkE9NdFVUSqe5vR1vqEoxK8+DD8Vt8+vPklfWeCVM+FtopIBk6fPLwgub9h2s9bRzfWNSIb+t2LGKUjOdBnTnFEPMs8eXJekNtwtFPAEK/gAACq0AAuoAWUFJUSKV7r4RVOBo/broh14Abtyt/QHGqAAwWHYWIY1J7q+GkVpQygAxTchnjzgkR75dcyuMM2EBT7fNiQRp3Lpjqt8Bizw6rC4yKjZIW2FlgIhE2ceLWjDhD1l8iRWRUgfyKuRKQES/Y3DPdMv8Q3ok9ACRIPlfoe45u5Ah110ckSDkD2uTLPX04LPwUD87Cb8bky9ex3+JBQs6TrZAWNXhIB+n1Q1SeECAYwll/U0Axcy6f5b5hReaccqpiQaVFCiVF/o/6N8plnRDLDNRp6eJkDIO8Kw7rXlrHe+2YGGWv/lSOYVaSWeITlliETiUTM7w19fogfUrS3HSiVr5aJiyFSjP3JehL0ICSxS7s/WanAbOeK2M2mTIC67GOe3DWEkHINCtgUwCW80hhXv65QiY0qtkOAK+BLuJrmBsTHp+ooV6Sn4JbKC2In/7GXvoYMVggGn7Q6/DcrkT9vXVEARmZiUfdlWCeMISwKRRFLKgDO+B7qEkmMDCcmBuEls3b5vMX/sXxvA0+yxRoshHUxXlmTRgxWh2UcvtzYQApPnqLI2XaOfdJh5tYDPTum7BhePxKZSChaPVazWP73+xURsHcqt7Nexj3AtlYJeWBRyGZnQchmoD5TOFsRaSYfhmRWNz17obAt0KDit3L/UEHhs4L1HS97OSrirM9bWRLWSkXqW6T2vxUBqdEna2RhqLEYqtk2AtMR11CsjVzxlb/oYM0VoaZwXYeTWeJG99qq5yFt0ZMkNAZlfqMJsvfGXiwznbYeTSe1Et8ylLHxbBqoQjn/CuFnbn64c7UkuTEyi95bFxOPm+09ClvYImY0F1tf4jYdjgAsMU9MHYs3SA79MnAXL82aeNs8IX0zYiTCagvqdBeQfEOBvUnlDTacqQM397wiMW3xzDEUP1O/VUub1QEpuVCkjJR1M4uqq2YAK/zKbkROke2uPR8TGEmrOJSJ1/DWerE555l2259qylt1Et583i+GlJ8QU9PpHhuO17xIW3OPiWacsOpAGa+P/B/hCCgCX/XphRRynecwEmSX3IF7eTtxt2TUa9dOlle8R80YRxTq3kHlg11kaMvsChJjVfTX5DDhSZKLwb538SCw+Wj4VzCJ1w5mXIc7/lR/IMT7u0d+UvKbznailZlvBDcPeYWpNeoSvFe+KT2/7Ij+yGX5E4xVKptYMZc7iooCwrSVVbbvn2Rgxicft+QqhTL0VWPIZbkw0zBJxosVoB0/qgA/dDbDrmnmYq2Dn3/4nAc+rYdVRDPoF1Jurfe7Px2zU9lpzEvMbspd/cHWuVgmF4J2Cpd/D+3ZZSMENRAe97gh2P9WdRsAphq7shQulcUCXTXgzHH6q9mMnE1O7V3hNBhnA6ZJ5AeGDwzgrLsx9h2XOTNsH+0MQB1brVxXdvMaoeaFW8bwyuRtFvkJE40DBl1xlwVYJvbeelm8MJQLEEnCVEUa3CJN7jEmmcuIn3SrXThMD7qcP2e7/0Z5XEyvWkDKYAtd17S4Zphv52OesnIub6/Sjrg6ynIF+oc5mjA4X1GO65BcVlhyAP74kUZmI69xu5/APFN4HHjQRAHZbf4z4RiP5r7vO6DMo/+RRlPKN1gaiTW9gKFwAhpo3TpIXxmS5qpuMPjdiqz0g4xMdSQrint1ZRRjLAc+VsmJenkZQSPhoHI+lG2lnjD9hQoSHkIBDfNJi2qEef50UoYxYi3EwkPpaWNZOEnv5vAqEuz+U+ow/w89rQ1eeLhQDrWJ71uT85Sw/0wnk77csOItMHT6NHVcXhf9eDodofUSKrYnWT27EGFFpUlBtZkv5swTAkQGwPs5CkF1DdhHSxzQ+sSQZkQ1C+Rj2O4BFjULz+fBCfpFNjimypnNuSYaPxdi2FSn9vSiOT685eexqUtxolR6ADDRo9LOCMVgEiWD2R6HyUXkaxQNvhTgI4PW42G3cXBQz1vIQI8gdRbvlinBJuV0E9c1p8vDIVPdC4Sf8pJ2X5MnPzc2Cj4bniNaKbZ1QZhseU55fN9YI8yOuosQGrvk989pzNrlKa/G7MUyHwF1jkwNQmhKgD88LRxIjHHCKzuztsSO6NSOgUyifpFX0RxywUBxjoaQYHlc/Jc5Qg72FhCESw879qXcW5c6sVge3fVpX9x9/gyWfQWJhAObXS9ii5ddTxUEmNuin9lxbYhReORlvgR5qrvy0CmuUId2N2+528i5YdQzi8Lj+j9yct+97jjGhfjdUAO8z6Zwqmrxt3MaJUnyiPB0tmJ6am6SbAXoGV90xtrsze96XtusqIHUA5ZdJ+1ExuR+qqVjbgGfyhFFPjricZMP7gDU9CN6Hrv+vx4EuFm0iUxkDmc4/YMDA2nm1bPLGWLlpIEHJvwnGxsHTxh0Xy2FmHy/Nk8+STsoxlfcWmCQHcuhJUjDkvaW15/Qt24TgP50y0C0pHBz9l6KwAbKDhn6gsAVP6VuCOpIcjuLPuH6EX7ZCTmlvcPIySOM1Tny8dJ55U+RTe5YE7Py8aRjfD+5W249zdwkYq7dpEzOU/Mgm93tMsfYmqUIJbxiKOvtHDf2S23VozoLLY/LEAJ6RDt87F7Cp0PEJbZQAbDJUXGP0pP9rPZGWFq1USqfnUt4eo38GJHULXnER87vgAc6148qujRTuY1b6HvSml+siYpduevmRGO5g7e5WYc5AYuq6+PbxT30o5Qn38dVovknEizJ4ZC1TBBpAPFckk02DEmCbO4NlKiCz/ny8SpLA/9qRCjS8y1BqUJivkK4ZlZeUuaHPznhxPonnPR9f9A7ku1jXqB1wGwutOLV8MMy2H3eG6RNDp+SoWafFgSW5MNJ7iIFeOmks6Q31/F2ibanp0X5sNxfHGoNb/r4l7rW2+OTKDD+VrqgtVlCEBGQrlZmfkkM4hkK1D75Oy1ib88+vVB9Eo56xoD6+r1jtKn+AfldnhqYSUJ1z1noonMQGbziR4MgqLGmvZa6Wn7qngPIGEsobQo32z70g7GgAETe94p4uhoQba6/xMzJs0r4SNrbMQljOtAxwCM9YOBob5mKCxCiPRguxMEQ4K/RrmN2eLQj1A4Q2UdPwUmRG3MTdv8SETQTqZdbGlJWXLIy2PPaaltIbZX+N6nvwuuI6JYvlGkPYSQNBmA6TGe6lvkM3X/Ok5Bln95emg3SlitADkWa+I3Zb/DeAB261s4GAjdu5RPX4BNirfVqxfhEv93pme8yeD9uIJw8Ox8iGrUf4zI/6eV9sxOyilyemSA2Gg1ficc5ykISqdzBcoVRTWpWMn1EbbPJtuReEnE98VEe1SpvT7Y9aeqF5VwpeJSQZym/bZs/yQlA1SJpVapWI6SDoKQrYZTAUc0jA7Qa8qBOjjQ79NUJxa0DIcTqVLHh7aeeKGN91cFXzfewPZRUrwK4EkJBVJVBZizZwBpV72CxBVYPWDKkWEpxXD2G/jwNXV7VjAyhVq4skaC2hQF479Rd5GTV0Jt1yAMne39T2Ik9NN/HVbm1EFrHo2OIhjtTbSuXR0MGKiqIMqrSFxABeFayyjjLvF9L2gsjiq2Wh/W7NYAdwe6lhx0NdzzBqByG7KW1r/YYZysvwlijW1j6f+x0CuwNhdMDyzGaFU/jFrjfuidirjavHm8w4nDNFXYkXwZrgCFIS4aVBdOs43fb/REftobt7yl+1YGmayTi4Wiiw5vH1noCKyGFxDGMDhnbppTYhnKZfBui2ohuwncRGk9t/Jl7Eoo/C/xZ5DQTdWL3Zwvcn/U2sBUmvnHRsl+JthQToUaU0rSsQUh7dGj7bIAslI+wL+6iZVYR7kDpr8vKYiRSkjW3ccYZROkTF6z9muDJvDpgslgEDdaP3Vk/8IskhnDFmRdZZIjjcyLhjTs72/1u1hTRhTyEXPoeJx4exMB+3SSJhu0RrTNDsRlLLYtiVxf0R6x6xSa0zabjRSjOTr0dLxmTz7HFHDeAgHyLQ61Ce7NBdwcChYu9jb3t5O4Z0cEHLe7/XNS2awbPhl1xrFQtZY6Z2SEwsLJlhlrmQBg3zhXqtRdU/eBhjRzUfkPvzgrkjq346xE2Kl+d6TxT3Lk7b1pyULzFP7dhtB2KnJqGryE+0oFyj6LlVg+LpV0h0LrnMuJSEZjTIydXEYRquBgiJCVJTtOSN2gnu3hA28cRFPQXoV+zPU0Py824KfUtpyXy91ZYmgTq4/IGA1vo7PZssB2irVyPIT/aP3c8SqK3HyY5i4uxywKUVfqLJyzWdlthOwH9Jr3YPvHqoz0IdtSzt2Wgqj99SPcBzFxH5TLQZ7nKcIA2By3i8+M8AYkQ7tddijLHygf+Jo5uBpG4MNN3gHkyPMEeush3MWeMH3YPVf6e/HxOV+f+Gnq+J7ojwMQ8BfJAacmgk4DCQN4F44oaH9WqeoYioCzQW79kUEJZPPQruAp7P3TQyy6m1J+le1vDECgxe/MPNxTHUywd+sGKdt1csDvpTZyIlM782XtnAp/96x2i+7iALEFkxNdAoXRk0iQeRuKl8xWGI97ceAG6EUhCP3+7QAyOLX1Iz8a+9b7XoodLjlNwYmsMw7alvYLpMKmetUp53Su0XEEqYx7P2PRAM5xanhMZxl0Jzjbc/+oTZnI3WIk0VNFgFC82Jki7TPNUHkhdejS0WfoBC6cytxti6FC88HPE9kOjN16+P8GeojuJv4EqfszbKqa0qoz3o7CrPjLXIlFpF4YekogDKjy2kh2XczLAE74jeaPyoP+/St+m8bDbmgpmquxeTAUNZhB/b6prFS+6OiiyvZVh1FZy9E4r1EeA19Yhx8tR/GPQQFI+lolw/TAduyeozR6FOCTpwDCVjdR+jqjzlhi4mXNG8DijOHtvnNFfhkYPVdfoesP6mYGdm+16dmElkcfdc5gIMRpIHoev9ekPkeFcljSNtn+oY5rZi4dmicYeSX/MGdfY9SQq8fXHNIEbOaE6DOTCFIeOaahIUeHp8YL3n/YN/DvWwIRbaqQL62FaQ9E0qgk5Ketc29s7GPmlxpqNBzRGIQMNV5o5gjlxkS5WfS/ANPnQy1ouacZv8CyTHmwJ5rBVRKuMLuk1z6v1mXIDIlnZ2ap+cYy+ZBTyZvKRJn4ONKRc2mTUyXBhVkuZM5LZYkqjCM3NXH4jFixk20Ap5L+CBQF0fvkrbOcmY7cqLHLwLiexe2UVjfQEsnsDivv0e4/CnMnwm4jspO/0xEWww1ivJsRwI0Nro1wS8p9Rw3LIHkJeeYwR5oDEURhI2AUkec5kN03vsFVGMqPdYam7KrEnkjI97U4Xs5SeCG/jedzL9yFJvICOQaGCh0rb8o3NzYeOuDAlfxNDMTdqt+6ygPDZshTB4fqGd74d5vO151sJVhx78FLOgBIMaW4MHZJbQv3CtqoTwDHuRqzSoS29UOiDvTcw12tBNZfSKIbSVoKz4oWxm5iDUAwh88BJykWAGP8pGZkurEp2WJ3ncy+8oh7lDHlgOgRECY27jcLZuPjEn9cdY1fxZX285JUm5nvCKalyIl9y+aFkepAuiEpFmQ+N94QhvUtmGXtauosfyx92/FxDUNRzjkEspy+n8W8nN5SGSnDhk9/H18vRJNXPx66XTne5Q/tks+bdVHaVJWihHNTOqBpZVcV12xt9rk8Xf75HXsOuVEn4CuGdwAAzh+CHSyA4dFup8gU1ucL38RN58+J1uVz8i7R3y1Ec2XmlCsS/pjgM70li4ifs18r8j1nFbzXIGxKfaw0z80qDWSr4+a71yI+G2mkdzL5afjJH/poTsS3yCa2U3ggqxzYuLcRVL/6vouy2saXJtGydBdEdAmF8NufCCRuaGQVRq3Ot9tm2TXPF0LBkq/Vk/8UrxFF0wQqetsXalEW4y3NBg0rvA8vYJQizdsnOztKaVvL0/2S4pq7888pD5m7UBh35yzXmSiKPXtDX/ltzlawESpn2kh3HWgqKKUohTXePuiT1q0C2xVNq83XhJrIRzUjpsXZx26+1qZ9KLOwgNk1eX92vWk4AAUvfZsY6EaTmlQmJEAawGX9b1Xm+WCWcc4gJsPV5K0aV9vJyvOWag73oxNVDXq4YcN6mYBA82POQReFN1wpVFNX2bBrubryU7g66n///BlcHMyAT+q+cBMBt4SDf7qwpddAOuBFEKXx+NOPDP3CGKPBRpJf5KalpbuPRl28Cvw3ze3fF/ygRUX5WKe+o1GqMcGmGgAJsRxheaCtgjlRfyeuMBTHKd8Qu3TFw2QYMy0/x2yC2YmspqoL4GDrDG6rtPSFk4hTsmD0oJk1ItD+3V3F6BeFYWFE8duCEPOLrE4qt/f4ev5T7/CCeVv/hqWVQH7hp2+E707VzZjaB1Mxu+SpY6vRHrm8bQ0aMLb+1ul3HN7EtlH+g9jgJBbkl5gVjsk/gQaEktnTh2lNqRUpetYcBPXp/DJwqS1xeo3EJ0YIPrgfVZ3cjEti62kataXU5PV1WzG4pp3Y2TKDHxbWxRzca7C76UpAfTfKVv/XJNTuBVWykCOYYyVxheDWOuXFOyTDdhmknqkyUMR0pnx50pOEeTngn7Q9lx3j1UFY1bV08FwQC2y1xOfKMZBwmPMNMAtfWCR6rxqKNhyXyVZfSm4pSATxylaLcJ1Adn+4olFFs6VyAAABzUR7Eo/ev/ARjAAv9Zq8wB/Dh6pl2bhJGd8GdqmIM6bSyRu3KgKFl8dopni+ZlX/dO0PlFIQguCUGk9t/pvnwVb1HIRxPUOgupwdo/AHcX7oe4CnsMskk9PZ32DVYTGGq9ZFHFJN47+c1SbQhpjYCmE9emLOkfD5ip2fM+k6fC9NiGv+8BUQACQ6FxjnsyoDnAcwIpnVPbi0uo8Qc3bAhF1M94IgjgzJgJxmR9rndRYaeduzK31aV16rcmoB6mG/eobkzplYZQzlLzgUxJjZMcqeeZK2W/fekxC5xBqGTPNSubOv6W7Qd7IRTjV+4IdBfarEPjwaAQnzSTFRSFjsgY2JTMPd03p3HNDkWZNcOfUF+s3mJXAdE/Or7BWWLLkGzA4rlXyJOUuw4QCMFuCMR1e5KT/O7eRfsDGWhiWtRxfnXJ1t6xoUkotz8eWxxJybCuQKyCEnQiNd5yVllJpgDNQL4iGg76DPXd2bScbO7aNnzUCa9YRILyKqNvuYUC0GpFWncwJwrdH7wn35hS1vfhTEszrCzXygsSmXIWuZRVi/xp1n6fdQHcaqfSMBQS//x3uqNRmo2+aWhtxozAURVBMVmTUoaGvEC6taSWWhQO67pIQBP7P2f0KE42/njoJ5IbB3arTNwpOxDdwjaA7QVpnbw76sgk8NmJPCo2/MRCWEmpEmpfiDhNUyAId7U+z8gp08VVFz+i7eTQP46xywhP6idVLmngVoJH0XLKjDStHt/U0v/P4ecm6Yr7vNEKCWBkxaiV6EgYDyj3qcR9gdos1HF7TTOG05CFWasg35+d5DOPTpRWakxDVygp0EAwI7g98bN4tT1ZwXBIUMAFx3OfIzStsbTULxyTv7LFRZNMjcW7zbs/BiWaXeSwERIWNdTtaTVXT80y8n/0JGc2IczmPWCR/QGq9u5Oz+XxAy8hAVvH6NBSsRlzoyTortR2veVMWBvmNXBHdPWLjRFjIDb6MWSfHTCjECyYtTepGQcL3WRRBqQETImmYb3FvJqMQEDUu6DNVNETtnsNQrpHZgjbYMlh8Xi7sy17ocf1uofUgVbq4I8N1zs0x34D0OTF0Z0fhnqZw0wEo0P9kR3RcBbcj++7t4PzCmss1HtK2N8hKkcHg4DOcNYywcPXsYQtimeKS/37XFQ8MYrLC0zoae3tHGVtFtXKAYrPDSn6Fp5r8SDDo0CEWqhW9B3BchggfI+SBs9GyebYCVRSMQtbys4iAvCldoaqbRTBKkszXen0opzk3Ox5tIZsJ4JQd8dGzc4nN1Clc+BT+l5KqFe4eFBR2jWliN4NfmKcQBf4f7ocuJI4+OTvMp2p0i/roVEaG+oh7+6skrULfmlGXMOekeSIDiD8hb9uyTdo73xzw9PH7h0S1PLRWbvwmt1HB06er+0ur7uRtChSTugaXgaVKKrr6iwrk3OpvzGou+q4hZ1WfytOnlvK8zq31oJ7FETqLoKe4UneetdoApjhuhcxcrJcj9G5dVPHJc1tU54cbNxSjeADfOZrHdosjRsGJwK+8LFDx7GCyz5XGzTFNoQZM/icTRS9XLoOLS/DFfbum21NwTLA8OIpa+tKMdjM4vm75sjnnAVjWVL31g5Y49+F67zR3U2X43NLUetr0JYEfqHUOBuO4n9KnOb0DwDXyU+qmDLVZxthuL9WmW2VEeDF/qhx8d05fakAchkEiunx6FONaxmLQeDRFYHrlr7SaVf3auDl4FEzUyIS9cU0JXVchnu9d+9o3tYQOPdtP+MTeMeouRboRxLDR/cN2pptkd1Gs+YQddNpTEecOVLZIhmtyWcaShnY7cTUV3wD0JlBhiEiT2gVclluzCmEuLb+Q+x4QRrLjcjfHsm7GEK6Fp/QlOikrUkfoyP8YmLH48HUCbsO1xH/e4jf9g7w6M/v292zdXhGG/iXn6GkhYkT5HlF3UYM5B4UT6Xqr8ngaWlK8keDlCwhtuS+BPBCsA3VlPELKdGSrgqmzqoQv1TaqK/1uaTf7odP7kWSpsYEiPIiOBPYgdz2OSZZiWWuF/zdS3hdin9fQO1iDr8ITDtuQOh5JZmW3Mjles9SecT+7aeERAvQ/rSNm5L+u7wRcW27nqjgQBjoWYGxP905L8mDtu8NkAGfy/1eBHqXs6wdCSSK6OMV6H48PS98Mb8L+Aonz0Hvvdnwt3OQc84K36LMFJ2fyvLTwPfZRjVDaV+4IbpYUPSEzt4jduo3iRhBD0YPReC3Yn+P57JO80kuBITNbjyH2iPEa24EgNf/sTE66/k6x4yKp+8tRpyq+p/dHTfLgBEmuhNG/wunsQO2UTPy0+7yNdoiAYj9qZ9kw6DHiv2MBdoWywp9XnOpqi8eW9kO+3/TU9qE8/FaUrFADWQiVRcsTaaXj2uOjcOQgkHOm14kCLumDEnVdqbqGi5xLqdh6eUD2jbtZ7gMO8eNJ7Tv5nmoIRtfZ9KYE35VMiUKLrJVDlYbDqfx4uNaunyZFU+pyzNayZh9Pq6CJRU/VpI2kghhNMEk3NEV/Xk2fab69fPMDHXQtaPGRxgiFP2brif3maJZhh91SjvOgbK1ORmgE0UNZ5nOO1hz72raTpWkA7Hcpg3DEh8jtwZ60gLq8NmUtq6m22QHgmeRL7BnwixeuYy1F76SF51aq4gF9Xv39F0B8mbv6b6nbRYqbafLcnDE6yHo5s6r7QcEqMpd0mFz46QoKckbU8RJz/fqOPC9warL1rK2bS7/gCzIPwcPcbvxiB+ww0xScUIzXCiDP1tMZWrwhuNF2hHbvPiNHSxvWFOgM2tUpfoxuhBS6n6pc40G/MF9B2Ip4VOebQ6Qd29MhUDPDe+mLlVeS9IuR6iH9UhINWkYvLNqtXEwwUtdUMHwMZOHyvGuQ8nB0xpery8pLTFhLjL+QBEgb8c44XnpdVKDSVa3kc6Vrd43SWAlNXKLMYiU4kS5W9NTaj/DAPij6r+KCV3LIUH9GsNQxXNYZl7634/vLmLf+wRnXUUeyOfPDwgWv0JNdKap+jiPiYGBht/RhCxkffRyKZ3Siw7x6A9MHwXNdqe4EED6wD7pFKq4fmtHdUO63r39ApmJhHSuGBzMGaJYR3emQvxyH6zoZ6cQfxm0JPKlrdS8gU1UyiMWQ0ae0WrmfBu4T0m/YWXSN1BrTrjqa5L3fmsuxDM5ojozSvy31ZRMQFJJMFc9B/jn84L8U6ak1CPsB+PftNg2d8p2vVbswN349eBslMWPLBLzmkPDDiJlIODMwju6A9AzXumtuol5XZTr2dd6K8mJW5XJ/fUXZeAsupYZrfX007h+ySwFxcieXembH3C4ySkRr6mMhMiXm8IHejxtQNuRZjMC3ReDAz3H5hGVDIpaexeMhIbjsMMHsBd1PpGObqu5Slp0PlLXToOp0wStvg4y5jmiAY7yVMthRzBRFwxgL3nx9Ng/kgGaDWLBJ+plPaWhZVJn2FAap2I0/jCevAYmWvzoZNdEHFgX7dlQ98lZgxyzsRtjlJqqXSnsp2o96d6s2Ff1mM2E1T+CJP+g14R30jw7plq+59gZwPW84tYz9DKrdOFpJ07pSSb9Nxpf2j+jhlsjR5mWUi9IA3j3ZLdJuHPDrGg11rC466R+/7CS2PdqtlPbRv1OZdc1BGU9beWOKqinRitYr/omCSxgHGw+xdEpibKTSb7UMpeOz3Kab7+0zbqr7l1v/8Ot9ueLWdcWhopCVTcMsDa+dXvMuN72SxmQd2DGozTCZIS6ZU5TZOiTW8ohYa/PAPJkbHTsOFNlLhAs74HpkAIMplL0B98gXh9SO2kmmt5BvJsW9Ag/DB1kcNPcupKDMCxkMxNBt0O41W5jBiG93lUaquZA8ImDhSLkYRbpJQLfojwrG52LGowL5mMZqZuo4GcX82M5WiBaTN41FSulOdQIAT/Jyu8jrDdaVqo6R//s/fPAsZsK713Up18+4xFy4NLHu9rd+jYsxXzSgbxD9uf6FwTJd84r/4Ri2qVQf8uDn403dCLFik+xazyyJ/lTS9OZnq1BW4PTLNFlav3eJnsTB1C9IlKgSEY+YeR03awpzljQaTZfuHTIZEOSi1n7j5AM6NEabRXibmn60JhVPz2YCLJ+cA+hz2PAQH+L66ldDyoqIK3t/IuGZOFC9GPYW8xFscm6SODWvTNHoUFYGNZ8RfnsFVsfyq4DIPOx7g2FkzKuGQ5vrsVEL4omGnDuj3GJVLqEJQSt9268nmXdsm21yCpEG9s0AlBNz731PagYGifdAvXqrMswzGmyHRNsO304/vtT0qBWOiJYMvzI2MaAiNgQWpJQHZ7A4QKg/1jb3yZUILTFmOrZrm7/W1e+byNjssevXPUAQs7WIpJ3Ko/1Y0kksbVbiQckZHw/nZNm5muqRTtsxQhN9SPx/KEeTeHxnT1grsVG0rEZq6d1uFdb/KswRE2EfQh/DxhP8yg3jmca9PlGhOFkCI/6t2jxWp9RFlJZppND+Bm6D2FoGGCLL5VcYm5OKw2JqP6X6ktktvDFV9IDjxYsRAPZ1I5MWcvZHG1zBJFmcr0EvE/RxIHkkDL8E55U4X54mtaR+4bQg0EDexLWfW1xv3hENKN/qquUbnrlsi2SDrMN3r3O8kwZY5G6k4rwPBT0xCgx1WpnrZDXCMsUOWB3iz+0kUeoBl3MEGkqh8iBFdE4NWG31VutdgdmoZ3HKTAhAdvBdYnSCegqzAeFTZ+khy7/+dmq1WykU5rRpZHTgQsx9dQJsSSrr7XsqL5JRuXbPUPdK/BoYOs6KdIAh7Z8g7l3QnmJFVJVNx1qhMH5K2yzs1F4MYuOQoczAunDvjPaIkOeR4fYgIVNimcweFDP7SFYwCuRf1kNRPHKXaRhrnm47yo/1F14r8zG3Ngfp++Bx6nD+YVjzQauv3a67SroM2O7+ijRuGC18Waj+/i2xvVDjehCcKTmPwBO2US7FyVEUDGu4Tkd+J8KlNiJaDLdSMw7tlPou8zMhh9/TMg4YTxn0Wp9HG+UlRaTtGGtDTL/FxzunoYVcP8AnSjGWk5ONaZrlM/qiWm/MyC+lrqrxm/vSAvkWKUgsgIW2Z5tVUierO0Pe1Rwk1g6MzuIWAMwMhVQrLses0I/DsFQD2AqlO0iEdlZrAcswRWt9eBnzBbNB8CwXQ2A2kxyHhmudkWJRCB7RsoOsh2GMMUGJjstuu28cGPjSr/G2hUGJylbIa+Vb6de0yXN4+eFm275xM7ZO/NIGkMHyVlXEuLh4GYL4kVpMrsnuBnEmNeYLeGDbpHwl0wB6dwEmsL+loizKiPdIyOZTWZJhwSrcPItQmwYPVH63OPt5qoN8p2SXf1PebzMdye6GPThs13pVsq9YBiJW6RGPdwjC+ykDYsGEFG2aQ/txwbPoc2DRYENB0FPmS3TrL6BWtUOpYbCgvw/mvLes1DsFdli+c1dxQ+yxkbgHaYlaqi0/KT+LK3QJ/w2ve3Ir+A493JP6eebeup4R+0ETe66J2fZcc/73gqjo1SMfbq+T+U8fJsYCGRmgj+FFnQcsbszhs/sAXcOWM0FxmomxHNWesGKE/y7GyAqHEz7eh9rlrm5k5Ojc9VOLhZvngmjcovFL4Z2c4q+1wFeIywngJxx9++0n+MV/M/EF1WWqeF7Ss2zt4x80P1+/98issUd7pCnNe2rfmb+PPBmkwkaKWknPcmUzx3HQBkSqqdZ7WF3XFH3oRorEikduh2QFFnQa0hPqEdgM90R/dd7eR3Z1HjkScr9Pkhs3+kPKJyW10SzpQ/T1UXipSX4+jYnPesiGcsKZKmZ2enLBCjQGK+xaINpQ8DDWhQ3IQG4P0Z42kKK57V+om6vL4vTtS3ParkY+ZyvA2egLDXPZS+ivXZdOcTH1HFG4l7NqcFWfvQ47lUxps/93920Uxx6GVn4g6Ooomtms5+/Tnx86+KcyrBF+lbtOSBylushrW1Wm2zUyDxv9j6EtaXWGoNoA+UU1bdLGTDEd3IfgPZNYwvXct8wIzNDB1FWjdwV10sufqIheihMsLxYhuSTABqVcK0P0fAjLrBW45QvpC866T5QRfFej1Lu1URe/QqcjZbjODBsCo0GgifFVSE99/sT0U5d9ob7go52xs+KbjFvznqfiIEBXzBQBPYMWhpnd5LvRfpx5hqTB23+rLFgO2IocZYOUD0v8BlDSJ/OCAas51Qc97Kn/8QhAUhcOBKFqhGJo8ADPVJ3JNIYaohgqwlzdozIJvb47tQoQ+O+FPxPjrm0UufFSipcnSymgC6iPTV9IkSNChBJ5CUvkMKgCmd57yWsIPx/0G0yoGgL+xfdPQw7oBRT4Nl9dSAExodvfhn5DnV/kjXQsQtUkloYxe7cZzZ/3WR3GkRUaOl2gBuK1aXx7Eq8H1L+H2jPFu+GlpVeCeJ9orsv21y1a6HiUWZu2t5UKm/ig/MEwfUV/Wlf7DmJxcYngETJAAMnWgCJgAb9IDJAiGACZ52d8jEoxkkxbDfqkM6hImKcVv81+0R8BWfTvq+J2vb3WvAGmW5SCw+3O86xihtg+EtWQEpROEzIph5pmgX8NqfZ8+5VQ3XORM9WCFuhXgn5uD5fSqsXfaUQwf5ajfsvBLiK0HqzsrOJnNwjCtcg5lM3cri9H4+CsIP2p4AIdHTywuAZbKpw+3PdyOuz23JUn9LQN46wxGCz+E38tNotdAFRBhXDaNWHsf6cxMyyxIr3cTUb83aDXJfrZaNz2UKIltE7pqnzWMz+Uv9Be+82Ci6Nc3RQS7e7QQbyQUxv+cuW2fbUiXLLcu10y/iqT1Oj59iQhgY9YlUP1yrMJeECmu5Muet/6NSj1OptpZA4HiRwav6LA0kLm/UfmAxGaJzH77D4Ll2m/s3HNiMT+fE6HpGeT0rRi4ZJrqOS2H+hqBa9uBNvmtF08703gAyAtfOil/Vjo79dmMlgdS6rczySxRoMR2Vfz3E/LoebUsyUZPGs/NWfSPKi0//FZ7jSi3KVCRT+79RUpGiff10lFGWDPxAIGxNEQdNulH+Qn31B0D9WJxkXgnBcff9wsp7imD6bgGlyjYMkMpeSb6mj8jf6lIvzh3KxE8Xq/UjyAaRX+OhsJVZHzJMUY6oNMswFY+craP2FXDcLtLy5gEIliExmgUJlsXT+XUbYJOPpUkJt6VfQZQcQScHmoQrjh4bPQGQhhcAmpyhFmR7TYMWwV3qoN/i0U9upifPYFgC4ycpH1kM34WcFiqnRgXF08MbqL1JRLFn4YTgsxeKxuwNna2q5pWOn/40Tc10FKJXUCNlr5ZkH1KUXVtFdmBn+pEK0xjERgmdPSj2Ed2zl0D/jdYLjzOJUfnxFqes2eORhfj2u/Dsqa+6NtYOE5r5cb32YNz052SKYRJrtC8Q/BnR9OsQUTM6tDBxXb5bIQ1bE5ZFgCDGI0mp74E2YcJo/zkJ8ZOeb/qGGnndaSA/QaNv+3lkssiNsWphAmzZQN+fY1wrnZyHOnO4vrtBN/nicY6QZ0g/NIi4kHO0RJe+2wQ0zcKRDys1rGZETzeDLO3wXgFHfOAQ/gw6Q8f4Zzq3qpEZb82rJkUQTVi+ATbvgmCjDDzz2s1m/e8T7/tIQBLLNGqRfz6R2Enqg8rVzaNb9SsW6TJbei8Fu9I8a5kAoS0SMSBlOimvF3MYwQsFJ9UtXdx9Fka3nOSkRYPMTufuEQ8KvSgHGjhtHbGrGWkadkXcEWTijro/78aAb/I0Aofm2znheyElBhznZZX2BOEQ24rbXjpVP+RTiiTgq31qyDQnTXu6oQLXNSN1TieF5ih4DMfVpUXCDai2vL4YFSNjCJfvMkUyh2RVMs9LYFMaSOFGnTzBG1jKBsV5r/RU3pQlYN3pCR77soBoHNRGBUOiYJmXId8NOKcbMeJdDrDJ4p4ThT4Uas8gJaCCyphombg4jfUVhXxW52oMy6SAwAoagJrAto6iftd8GG0LAFAV5kcfKcXIz0PLtQNxR2S9d02Ir6DlWmJ4uAA4+c+giuNg+U1yHEurCV8ky/f+1UZGaeohyWIs51FUh3sPoHCc9h2BbHrhAIMsZeq3oOnRXIXAqB87q4yYgtUrNYkqe6AdHi0CFUCWyGXWXLXkzrlMV79cDaiC0oI5H/5oR9WEFHBqLuQ8ehN5T/9urXx98Nh6fxnVppfoQwg6vm4rAlkQ5EMlhcrEU5J/SpPVP7fxKe/cpYHH2mMLMx7bfydNaoeoH+IpVGab4MhJNFEEpRaXE/u+OzGUv22BA8vYOnK2WNxokpeuaawZoDyAxAoMqGUthFGGrrFyikNl2xnpGB4vCaDz28lTOTvzqt6QNiXB98Gqv2ed6JUolO+l/keFEFmtuiH8OiyL0nmbCkHvu97DGG9klnqeNFVR6Ik7bBV6H4VjTmBvqh1kVXBD0bTsO/cq4hFt3yFelfS6iNzs4ECUYUcRGeMgI5rbLSV4O6ZO6HNR+dnGNc3NtbFWKorM7D6EofSV/r6BeCFPDowZM+cDN/ocVEpw7MyNyllawnf8k977xuM+FAKjc+7dC93TJyJ5pU6aM22gc27HEraQMgA2j44fnUNanyjRu/r8widhPnQgmQHRNYJNoizClLsHD7iusMgF4GnTwQXVw/4GrxUY8JbHukLvzhLdmHiQP34pnCT8MqG96OkHCUjFtneV2eqkRAZPRDAbM8u6jTZyzIWceRAFJbCcULEOCaSfKEyzxGw8uF/ECflS/jTPuIqr6UB32qJruhadmH29eLXK6C6n0XbDVzYSMFqR/mSofRhwCXRnKSVLD+km2v36LHK/G024AjiRGEyKWNVpnFDg2il6iRQTAmd1zAyVeg+wI45ycs6jxIFw6hDU5LvzIemGJKyneS6oDmgpvgSHRuyKrqPKbkuUgkBf6AKUdo0ha96ZpSsXsGQ6QBxC4Acq8MAJ/8Q3STNQpC2UlmbAVkaUS2WvDC6C8sW88Vm9NJPovH4tGOzNihARjEh/HiLkyOlzox6Kkoi+Eo5xKE/EsIAoJrUgAkDxKz73WuKWK6svd+I5PvhiQpjIOzy0ApvyhH9kFlmVePlr006Wc5J1he01aNp47/L6utzwYlmyxfAOybfs7XTdksW5eO79wFZM9+VVwgksxNYslKruHkf/uom5gkRMWw+QnEeAwpGlGlJmE+toG2vAE5McYCXWGpdgG7sdf0gGE7hkGokBFR9KTuJPv5BFXannkVYbmokxuT6zsPY3IPj712aR+Ywj4acEH3akcBGKG//xmKeHJI92ICh3pBiBJClU1tcuIit1//W3XtdxB8rhG2lc/rvu7RjYclzxahvngS+GQ9V5KDaLpUIcDKVNeJtK4mXU2D1gkvry8EfVoSUSnwDGXgSquujAfmJarRDmrqWOw4DVxjxPZF9S9Q/d73EX/8q2HKfz0kXa8AvsSHR1xGPBo2DD+WdJrRALor61xVDZZ+1jtpaqZ6YFOu5XM4Tr2UOEiLn+kQqMvvScQpC2MtTAdXm34l4ParHlgVOQUR1kZUPUVWHe5sKoUDF2WAyT16OiN0jcO7NsjwRJJ9qQTkIZPoedaAxNnSGFsV4aIFpXw6nO63M4bHM+Evr6VtZU2FnS82huvSK0EhrSVIKTYV3OctCVOcA9VgK9G9OUmzH8nsf2ckCxu0s9eP6APNnr04ssHT3I+NAmnfCzf1U+Hn8zrvEJGAc6MK4Ji8ELnt+y2h65Qf9FELcIr4Mtgl0mVGwAgHKfjxiRdBKHdvdn2xo0pcqPkLpWr1ZBTyc4JauLqFEoF/l6BoBYzwLPkj+ui/bDQ2/ccwLIWXs6wFWyDBWfgrWtKn/GtjBaUHDyEYTe//mWP5wRcSu4Ah0aJYGUTOrXEo3HIH5z6O/bSyhr59Ccyfk61Enscw4UuxL+Y1ki0HlFx3esIr4s/2Wm1VaAI43lBzGIM90iHJ/w9zOAhRUQPl4AEY/I18U6DS70DJmt2JMH50GHtzk5UchURZym58R0ZtwnWw8r2aG5Bx3EVLRKI47sFCoGM5TTO0aLS7ohiHGHczY9RKF3LhodIPlCPZFQtK2yZ1UMdQ7Fl7ggnlT5/I9WyBDHcRLOhvVKHcf4udhCSuSS1HqRK5U9YRLoOkUCbGi8yta0ElTzr0zMtpdwX+zCUIdAGAU1GAQLG8dd3DUnVwCMvMuA5tWuPiTGU0xU7Z7emMxce9h70ld4zgKy6T2qcySY2ljqWv5jbuBqaIz+okqu+PuQhtL+P0R5J385Ca1gXu5dHXj6oyrUTnRASLuj4+gsNV3k0lrem0OyEW59jWj/Syntm33s4YlsVIVrjA3EB5FQS7JekLlLcpqqlHvkGKb0LbwgoBlsLPs0SVvhgmJRCeJphnqxQXEtrY9g8gCT0yZq3S5NYNwPb2xtPL1uRIh9FKo6A6SShn7B87Rj+lF0NnzK1EtEbkv5LHcd+4BGrEnyTVNHSS3x670iysw3I4hzkU6JlGQTtUfW3Xcs7e/TIVlJfANsg+5sI6az2Kl+lCS0JyHvSmqfscfrYKtAULSz9Cal2LA8P0m6oXVACH0vYYPEsRg33a74C4Irj003H76McsY3+8+Zl0cnSG6ZAkVpPbxj9XjYdNLGOL8ubiaiHK1ToWRvXcBLO7CKO4fXbIhWgWi5orX6c6hD7GHB29RqUp2y1Yj0GAy1rDqmpvDwNTRxZ7uDjbVPyFaIuFzluDtrLPWVqTtZT72rhMXdgxa4Fch6jfK8FOoVoZmvfHssB1t/2AOPJPjB2deI+FOnuV0Yp6ZCALINfk5n3kWskm3Q2UaxUkD8U5gC6rBjCSWSW2M30ygZGUHNd9g2lbYX3WGtcSd0bgdMlaP3ZyM9uFZUNuzfZIyrb1HdH/KTakANfWJSiXKv6aKXDUNUuXapX0gAR21xw1vL211GBwbrZJMMVMQ0bwdE5DZqWlvzdehHn65HTx9da06LtCmiW3ssEO8Jtveht5O9nkO5uMwbMff6iDoYqoQ4/kHVf8em1UVOdbF2KbAQG30UmppHC3fJ+ihPI+a5qpfak9l/q3VpTw7/kQ5TKE2eZXhJMajg0MgWu9O5m5hwLh1rkrZkElfQ3jgncE2uhdb+sm8nrBCw0jf+Ljg82o//GtfKKZYEZxdaIkBV4U4edXma78YRSrNvWdFcujeDOLFkgG4Qt9iuRLLArmL2ooDloFlzMA7Bk1PtNbG9ZxrNHlK6rJ4V/39+8yWqj2t3Z1a5g78zhvdLPXSE/JsLEkoiUswpcwuzZw7fX4zTtSLKO0Fa0nkuonPMDKTMRA2sWu6t7321wu6aZvv34A546u0Rtyaxm2T0iOtHDBfDx2NIE27PMxb8bbPWmM67dmzzNJ2u1vYvJSIBhfxQd3fkZHAEyCIXz6ryffIEEPVHlbiGnlBcWCI23LhwIrRBdhN7vvZzlCnJfjhrXue4Z2Yuta2qy1t77RW8B8/7VwVqbRTdegMW995uReBnNevHb0qgQ55uzjtjwONPmRzATadzPU0f+KeNIPFpk/2tfBSdw0AItr27k7M5njlATotih2d2FpTKsyYVeZ9GkVeZ/mDq7Q7WaLkXLjtuJ38Dk1iWka2oGKINpdgGWU6uEeiNb5+TNrg1d1a2Au7KgNOFu/nAVwSbj8GFnMe0UjVwOjl6ulF53SoWYbcDbADk5RyfixTAuowweFuqTymde/F+UY6P+dyJ2VlprBzzPEoByd/xbodN6KKBQNZksJRmaHRrb5f52VRdp4O20jWU8ron33e/PDoZ70qxFiTbhIH+OFVErhKYOm3RlpHgf0s76Rv1rC9stLKhZu7RyHFYpjaUVmbgK79UcA5uLyKzjyQsUQyF8+/7C3+f1EjyrjfKsrF9O7Tekf3AVINrC2NIgi7N0PsUGUz2Ck9GzN5GIxnFxrddfo+Z0UDy6Lc8KTov6VG3UuIcEVc1A+OHiM5+lvT6dt6isIdYafjlWDYdTHZqDU2HGD6/q8KxohJn1rFf9GhXIQ4brwNdteEtH3FnTbUNUhCNOPGwveJSQMBrOFHLsFHO698/zHSesjlDkfwvkaq5/+Fy3rqvNpbZQ4l3VI82c2xR0CPGxrI8pp8rZ/wC3tu5L07jwYFpPOUgFtjfrve5kdEZm8ckrpEbSb2gFw04i0cchkvGpRhFniyLvfph2S5F/qAKtJWLWhOg0UHfH3XQiXCn48rz6xEMUrkV7blBX8/s8cALxLM/N+iin3V/gctZCaTHSMUya4+PceQ2ifdBlOVsmX0xGLBuu1fPPnRO55KgHKF1y4NJbcgMbZD/BWp8CsXwturbl8byRjmuDWlDaQB9irP+DK952YYZfB5fJ4PQCV4eJKSuitmRmfY31kPwvXyHCXsN9Y/mTRnt+va/8PsKR1z2NGMf2GVVtkg5hQ8rWWZQQn4ZJIH8GR3mkgvCYUb+RJy5OIOjaG4wmMUPsaF4NpfUmk3cI8PohVXiE4KVlqEIGAtX5clCGyeu+fyYrqvmpKq6jXQuKrLL+ZNkhvoBLHWRBL39cYtUEDhEqOkZMMM+juCYZBqhdwfkPVIqkZLm5l8QghNNVO2Q8WSpuVhlCn9oy6w0dZZErVm3X7SNT0H4Y2oiQ8j5IAqHt+WFaJDg51x3kHMJqS3SHQWO9j1Y5zu9DEN6kP4tjpSRVAzxbjOdNeoRPEFDl/ip4IapZAFrilW5c3aSKv2yqJ5FJNWmgQANZR9Od3Jpz3HYF16oMgWhA5+8VU1ZE6Zw+x7/q6phxiPTm5RHX1P+wwHaOfoLKPB/4rjHc8OFT160EkfacGDZSOpjYuBiYLoPIrOKmCxdr++6jHrr8f3BYiFbjUNlcfXEkZN7w+fnl4PHBDjRADsAapC9EuobU1fhvmkZYBlCOQQsqpPtJKLINuFrc/nRmX/GKegeQnD9mTHs9mlJ8ViiXywBA3/DBdpGCn3U9oKy2W75t9vhdY4KdQcNaCTsiknc9KuK/GG/+SolixQT7oUdipUiI/XEAGQIaj/U/VUp5fZPfwyWKDBWe/+9NJMq9lI5I5JGhMmtyPakUqfBluyoKHHu69OqDF8DmSg9Uq5YbFT0+krG3VaLIrTX15aS1Ie08NzoSzmYQ7e2tzzX6WT1qxjZOb7gC8Sxf12R8BwNApTE2vclXsTN1/XlQFQEnJXfx2fyq15h96QuCq5Z++HKpE3xWxI4MTU8jIl9FgwelfyBlrac7qaDpBNaWLJ1gieEMSIcEiz+EoWt5dAV9UkMobplRHA5MWAqEhhLqoj5lduGv0fI1aoYEK8jCsVIBzxJMpPGzHKYwBwQencox/tgwBT8NC84wAwI0bdqD//FBMvm/C2dMS2Xmk2yKNIkzr+FRC3lhYQQD65LjPvnwSClR72eES1jIwlJW9VgHBIBTxGVMQueIQJSLvOQp3gZ19NvSvkXaQnUFUEU6J/D9eqoKOOsrS12RgaPnIuhgzozEptYhi61RuPXHdt2xlxAZjNR1thqWLWsdrGdspApXONhvwWr+AHJ5J4odJOwgVP5783Zc1Ck9n3HspHqw28A/ewejYQFNqrniA0EAyBUR7ESEd83O2qI6XH7+okP7rwj26a++W55R4oteNN7OxNc8Tf9RGyvBRjPBYHWh1W8cWLY2Bup/O/BW27eKiDyB67XP4b6cn2SQJWYCiAOw31Hl0XJSbWv9Y7FKIUctxXnJzEj2sN+JObar8/eIvfGITmE/YfHfzI1tQxuBCUDG/SvfdySIQi1KD8jHp+6wBXiE1H3s6aejyBYxROxxf88DlQqdgm+vfTh5+t4W9/M7bTSAysMJh5SN6ij7yoCeFI/TRszuWOXbV7sb6fc0YIL0Ku/UOk7DCd6d2uDYQxWD+25MbpV+rSZWuF6dsSUBBdVCbAAAAAABy0VwABDzPGboJYmuEO7NJr9QTA34A1FkN59/UMdobHEMzsCBwkToPLTddRZURXyk/uH8zLkRTnI6iHof75NxSih2VlAte5YcMFPfe19Vx43p5iLhaCebnrolHY9efDPn/zcBDX4rUjjbcTNBqx8u1qcJtRrrAyWMuO9ecBWE2WDqSzHxd8JN/ZyuXdIBgYs5gaudgXSsExsg+gwJuyraBfsRrlmmyWIFhIuj4Q/OTEdOiOjeZT22z2WCTNTV1GrNb9/xIyijzZesppgkSacMcBHLIh7CQFTy4HL+itGg/is3DyOCnKz3iNxgiVhgb6sNeRkvMxQgszoTePDSDOGS27ScrJjpAUh82BIZ8z6PsxL1vom63UpLOM0de9taX20XSiyL5mtdz7Y9x9RWLJoPNLChhSlWmiopif003PZ84iuFZmzG2o+AsUzS1vm1NJPPdXp098+U1OyWsZEvBiI1dKZ46HQ2s2XhOKxbV5P5qbgOYIONEAf8//1oGvuuM51hYfAIiq8h1/ixoO80wYgwZQzph9OYynHsQPTS0Q9ws1UPRzblt77fAqRmsqf66PON/++xmsn0V5WrB42Sd2wUENgfUUg/kr5qqGhMP2bXPv73fEWF0X7dLDJ+Wloqv5ZfAvOaZhQfIRv6PuUhFmTn1qfGjAofGDAVQS59VzovS8ZbAtaQmnYh1UrEgzw+SuiWt/ZPQYx/EQeKAHrINa3Kfy8XV043aODd//DsATcTxN+3jm0Rqxx5ojypKhg22fkD35ApdsrVX4PNKWO3jhzOB2WqYfr4gfJb4CB0G8EAF+Gtv6An98O5RTDlDLyGn/YbYB7DD8V86VWJvgrgKKwepy7ghMbZOmTEdHdsSFDtLaNpHspcqgdrvMXsPAzywnE7PcFv3ba8Z2g0O/oVnASOSW+OZ8YwSdbNh/CYUyHtlVchnDjT3mOxGm9M6iaSmF4rKgg7kmHp04ZCVtHn8tKsaahYpdOAtTqJ26M112ye1CO8Lz5ri2BSHPZwd0pqsvgRVbtDcXiZopTVUsYZmdU+WnSOUumc/svFtqCIitCXWCdcdFAzLJrRWSXXsJNEodP8sMQlPRhRHGTC1axU4QqSB/HiXHovHQ4qTPx04UqFZj2D/NJQ66NGJgSjMSahGbdJ9EeBDitziebad5evsNrP/KJG/uyLfHSxGeiwDttXQ7yzhQ24pfL1MRFqVfc3ckskyE4b3ThYRXPtPTM8STjpTn1b9nw5JEkwavYv1hVEFlmZI5traKKiWbGp0SRsWcVAX0k6wCdGdPeOCH/APibpdB1e984JVyJGYIssW55UrzAoSoyhGCtLAHJxKiCjd/x1DiFZVmXazGiOV5LxzMr6BwpROG61vIXTr0wB5ECE2M+NV3PFPbIwAXFQW1RsCsheG/T2aiirapcRKm609wX6dHuaHS9BnGEFo9ZBWyfBxkaq8uT4DO7gtuAC+zBKvniTqrDpJguucskFkBTFD33b74Q0dPCzEAOOKMlFMVIXG1GKaKtYgu5poF6OtNLyToTRbEiWu8rmOp7zGSXk3H0aBh7Yk/hP5BFSifhMfpK143FkrPxq6QKoex9Yhq5RjlQKT/KqCKfSQPcSgsmsC0Ig8D2WUMfJN2o63Ja8Mjq8lWGwm7vauNQg4In9Ip6ROQZ1KkQpoXFp8WBL4aEcDfyYHcknMwrMz6TukC+gs4q7NIucvjNeLjWBGsSksbiujDy2OxjGgSYiUS/YhfgzV1SzzTSl7yqb3Z+TKUu22sZcOHEp/Y/nKKPyrbe158qZ/xVCpB1NAhmxz9grI1QRABe+5hVSMxT+JgJNkSUiNhdzIz/ajLfMapFc1VYhLffyAekLAPt6z+5ByokZDrGf3DiOUSGdCvY3SFXC57dRo3j86fNK3J/XIdg4kDTJoPXM1hf9M5wAXpDuXwlAzlbxuUt6u5Jes5YUETYkcqsUeK8vL0Z+rehYM9jP1zTGCnfNpEO+z+A7wClebEcG/C+oHQmQy/u4+dIMTz2fvfkX03CsWd2vYbddaYQwzTlywt46nf7ehKBsM6oQLDTbrchEO1HRf0nxXof2OtnjdjH2QlYHs7ev1XA1PCONmwdeIPzEdEaceHl2Vpk9sthwYkX/8yqie6s2KcBl9Sq24n5F4ZR7V5N32+qXD5TT/3et43xF3sQN76IT8u/l17kYglDSVmec06K0kpFjuW2woG8y/CDoudQCS6rjKWjwn0y2zVIjHhH/rIvA25kRNtxQgafsLnU7Ksy2+PVRGD4fWdIAPNBNBSl+dpOqmFASXd7iOX6TVd0o9gqU56MX3nhl9smSKKF1NdgFqPqc2KSrrAAbdVqChL/9qTp5eAByMHn3YBFTQfYG3paFGZqu5pbick2jaFQtEQ5xfIWaLcAbi2uushoOYPvJ0XG/fCgvitYzu+UcQWaKQtHxk4FUy1Y1oVeUK/nOF+mplJU07Z6u71Tp0Wm0ohd8EuOdFzLodxrU+wGOeASvFNTXDyOu4jR6p/NWV7j3ruX8sjil2DhMQz0DyVtS8HEi4eey5tTthVmYt9XLs5904cjZN8Qp7o5ZCe5R5IsU50ag/FSJx24ZHnNNIE+intYocAKoQZ3dt0X0VebeTnKq7nr/f+Br9h48mK2B/TjNk8hdDgUbXM6Zb5gpIvq+avCVyN1c8r92OCHLiC0KWbSvDxsjYhqWrNYiMP5lQDsWE5fFryHB9Y7/udlOkqsv/RhlMbKVDa1bzU1dFziqYLCHInKoYsgsY2arEXj2EiPpvf0uvjnF755LZxM0SMwtKHogj31fMqxt+DjE1qR1Nfp2yUG9XAbLO9dxnDcdXTp6FfIu8GfwFRt0KBDYOfmK+Aid9r4F6McJwv+huL/aj8VY5LS0SxkluCP1E+QcDb1God+p9UTVb+CWxmVQ19Bth3wx+iiZWNOQHMiet70MGwV3kWI1xZ2ban5IfcMJG6aqBEbR7XZy/kQK90s2Gd9xxrxodAfKDnk5HsS2NmK1gvLmk7va+xwmRzJoNyCyW57Yak0SbxPKvQFB/I7XVu7KHCJfPAGg6XHuk7lnYRvmjaCaB2Sj5WWSzYd//MTdbMJLCIrUt4OFpHFyvogjUNE5o2PfVfqOSxiZGIDa0KNukQqs5UhQqgvXKXj1hVd/CdjKKzK4YFuAo4HK5LUzMynZDAYgKDTLC45AZFtBWO8wkSCXRHiR3wA6ONegVq3a6O+7wcdGWneOcaBgAx3EIF65Y4zV+HcNNboR4q9urJ3wwvLNn9AYJu/UpPrZk7iKCKNEGUWVf3OAQFiHUz4I3XZ3g60qYzFah/Z98tF/D5C+/EU2+6r6H+Dk6Tc4k9g/Eao4aGuM5ijkeqbUXlSw1cdkAen9mWqi4iaF0LoZbwlSyEavUEQf7KjIIXh5F22OV0ZIBpke6og+Us2JlMouNP6b2x0yYlYHx8doxvzIreG3VrzRvaiNEsQQatsETfqLtFGKahHExliW5XRGrEKGP4quNd/7lsGXCn7/kzSwp29gUFz1BmevPhr7Pl64rE8SkoSCBOnCBJ0GTMLKgrzjlLucj+q+PnYc6ErEUqLzHFMwpQNuyKo4EGKy7WLhoP1XHbWQIl7I50OLthV462DzxvO14axCv8ldXUOOca90FU8pGX8wjTEn6lh5r4uKS4klsL2ZyR2GPMIfFdQpPCCyAYP+X8wm81VLwkF3eZU5vKk+USptcHynpV6sU6mJ9hrOEVGLtEcS8f8PH/iw1nnIMVGR2krRxH7ND3UmJYoZL8wtk1ndA+9vU5fM4ae0nso7a97G6vd0/bjzCg9UEdFh/aFj2nG76qhlhMUKG1yha4F5uGmuG5OzwIEK5MHXByyzdhEqfGIOnMFc9NDOKepHwNeMNmzXUSWXA4Uq6cndsUMnd3iAG5rg7Mzvkl3/ffbERjAXm9KMZqHtYzET4kIn0yY1vv9HBg5l5YxjFm+fOC/vKxJGGsSWKv/LW3Idjyw1My6zDBYMzSZjVImrHgNksTf6T9W9bN91RgLF5Vf7/0DRTIU/1UiKIreEcpAF1XHPSwwuLfzf+0HrT3WyPqyH1fZGKyIlFVs2IWQQwiES94kRSDuOuxFv1cPBuuonlCIqnwGaYRvRVQWjvOi7Y7dyclaVeCFOKdhY37IyT1stXOphYxcjZOVwidBU792TODeq6NTXnPl2ZbYfKpYvqDZV8TECUQ+UvswmZ01dRFbsKISxJLvwCNPZx+T1MkfIdwnd4TOfHV5qwxuP9/q7mzcDN+1n+vnczQBgOWPDT0R+T/eXF8UavCrVWlYrnot1/YzP7bT9uPV3fcxCF7Q2reDMBSwOQnBdIU3PUuItKIdRIkRJ7eugxygMWNHWH7aY6vze6om48VG3cXBSG2XNKeMs+1W8bJW8Xg7Gr8F9R+AdLijcPwbx2ZJZxTZum/WYFUEV20mlI6sY1rzc4HbAFPj/9AdqvrXRMhonohR4CvgD/7JnL94CS6xnx9jNsluKvE2TGqi/mmdSVKxF1U8jOd2vdw5tBwQkigz7CICxSQ9004W6seNztVXxJdZNPx3MOwwi+GnzoJaiVxcJjWnPgfrDvufmn9wPwST52FsSsHxiNTXfHWDMY/pGhtaPZK0Z5fd3mMLxJrg6yh/BzegIKbmu5ysxosXQCzsfU37wXu8AbZOi8jpvzaMYQSvTyHf1n8BOqkxEFP5YJBUiBDmrmi28eLvP+U+j467cjPwMScjMC9CcGqx7L/qrKmpbiTS/iEL4KTn5e5TBgYBXmTwVfbVSp52Hp8Hu96triJnXAcNWkQroOs4qBKzlmGjDdFRJ9AfBGmYhy3kVm/PBnBgmNjaSQotUo+iluaDr1rum18qdUDZrijkTM2oTJBqii6dTphW0oV7XtWWhVteniSAbbIYQnBIn3dT3NO+EduOxvjOia0xtH+owx+YL0P00yKEDrl/hHzurM2RrcRswrRCr4xujpLdQwa9I88XoZuFEW4tglqtTVzZUB1TdZcYNK4irEKd257NLvpSBNteLdsfuNKP8UYjez0qhWYGU+CR1WO2rKafjQNB4T4/bFV4QCt0RIpG/TJS62E1WgJEHJ0rjn8w/sdqZDiOPq1PoIdla4uuFjF5NVphLzB5WmSSDNXg3zAxvgxMtKkKgvexWUBuKDO3O1fRGlFmCJp4P9ghg/flDdeqxrL65OgHGJdg6VDvfkm1fSutDNYyDX9OYFU7b2OlaYIEghr/OPCBUBLftmzOR1pQHfZwTXoFhw+lJk12fLvbq8DYOmJHQcfSgQEMmZhIvgl4pSSpmxn0eEP7THutRIXTH4O/NDec2Q8e5sdWCXVUqEr95hsqSImhZzg4xGSpmWxXfj7vW63UeXzsEU2+tne+kFXzVmMwchySSb5Ha/M9yO8VRuucIDP/KSB9a3+IExfokVlyG4pb/87F7JD8sxGEVFIMdWpCS9UbTUkAX4r71vSy4u8GudKJofEqscUPMhqBUwInutHMRI7Hm18EHl5cOCvyNyGKPHyCceKzyOQoWPeACrLX88ra68iHDqDFRY2zm3AOaOf4xfdjo4oWYDtBjHag9aC9NA50IBP3djYpP2zCNPChTJKSIWyJC3/7G0I5+236ujEDAPEedX+pz1gW67uwRGLgOmG3AuZjmy+THyrRQ4jQdM1QiWmcH6FPU3KgGpAC93kNcy1X6TLCrfZ5siPhPj7YahtxsP6F9+vOZEqfWH35GE0SpzD3qhFdVBv6AE78UeDI7IKvR9eLymWuJxKSc8qg6Bvrup0JVaqaGHHgaC3m7dRpKoLAfUhJiTbWi8hdi0bakU9Sots0J7iAiasaFFQG0Vz0BT+ObWf08+oaAO2j/FS/LcqapTw2BB+F8IVi+7Ksk8SX+nk04ISJwe0FY/+G3ORJWVABpu0CeYZ9trgp0mLWYWeLGbsQnxRYq+ZnA3pUtFfVif1qCIfNArVwZUw5Pq8cU89M9sie4RbIM7JAVTeQpz5ILRLiTprO9L2ihId6R25JJpVyQwtFab+uwvzwGHjaM1vNAvuh+q5074RrtX7FW+fzyU3MyCfk1Q+dOfoMJFC75JBRfYDZeK1uSKJct9JmY5qta6s5/Z//otDlhKppDMUXXSQTb7glDF70+JPHUl3BJADlMUxglBEH17DXbj3e5iR7UbHa6STmyGODjPK0EgejdNxP/cvIaD37zo9vHRQ6L9bV4i1HY19vsBRoWOXiwt4kTqF3OQN4eLVzydfPs6DNnEqyyR/swz96T9p+FbbX6BAMOGgKKPdULGybdCk1Z5OifJTvVb7Z3K301ksAm9Xrf60ff4e+um/rKBWvCp3+B2EAMryvAkxzvC0xkOZQxPoblu71kNQPKkS/Gqbk9cSDc9BYmEXH+ZEv0YueVTy1iHVPY+1iKvcZ4pRDoJeU3UdlLVK6jHSLMSN8y4iaH2mRdecSLZPFVgoET/bSXm0rliWpAkmfcbkKaApw9EcMBJyGZanpwC3Rtn2ZipIgMPPcahJ7iCl/wjKzIR+PtLVSHmH8X66OA5eoLTQskDgH/73P63HgtxHntACGP4sHCkRAoJDPbIxFNApSacNZvRI+8UMrcPts+MItU9hWSkQMg5T4oK3nu26HsVxT+NWcRxIXNTtuvSdDJMDsqwzf6UL+HQYE0JK8p/Kpva5IysT1m2ugwDSR6XdLsDytbizD6HPdBndClPhXtpreEgNa7hVKCvat2CFa+NjanQBoWpwaixFQcFpT2uWmC5QmL/5HPVgPUXniQm0DVNHzmtVu7CU2HxrATHpK2fT5JAO8TRIcI/HGPM0AdYDsgzOl14x6ZpbYX1RmJ8UzDbyzvpDa/sjyLflKxEeqwR2Q1rZZfmbPsyUa7Q2BC0vbmuJwTyOl2ukPHUQ3fxn7z3JTXnqQn5bMBOOagYT7teKk8aQrdHUQfOn4SWlxqqg/uTVsCdASms+w2zmBLuqFXISBDKv4yn+/dnZU3p+JVSbIYVWewG4tsyJwH/PIQwpx4/3pqSFFUX0sogSRJA7lD2Mb5KZ6ms+4J4bCDY38ys8I9eTeuniAwFE5wmbqyOouU0x6HxQQBrnKj4UQgZRC6XrJ5L6TukIPYKfWbzUFnpLkOGPbP1pvjgsxo8ilE63ZkKsPHzyPoIwn5YmGWpMEqx3EOWjpeXyK6+P63wMX//FFzNtTFV02gJG2T4szUw7qYOTg8Tqo48s8zFAAAA1eeQBLAUYALgp4fBjU8c2qi1SW/SFEb35xO1Lm+UQ+Y3bfQ9FvQTOIZHvivvjRFiBLnR6YKq92g8ijsDs9NodDjcY2BlphAl1NUKgD6ziQneIIZtlosgd7Qk5vLyZMkoWrasV3W2zJGmCVz/i0MD2vBNRYyCFp1XGbTB7zLqZURn89H7IEh/ixfWB7PaD2edpr3xfenvRP51u2dYD8GXWhpscwap6mF/RZO0bRktUnSEPPwYqdmP7o3PuDd02YqmTCxObsiTbEi+kcgD37qq/MFsujHjQ2CFzODmyl50eia1SFKznIUPvjrhmU0zfqBZJhqN9NuWyFQ+KVFMYjt1EdQVgmSkW8mILaiYSVwSLN2ikgBjMwN6BvLoa8Y5ZAQ3AD9MZIOcF3OVpkVb1G1WVP1SwP96EaEABCa3xI9eBrmWUpyV/nOaxwX1XtYxuQaUyKdHDYk+37mv5hiyqwvPeErYFkXa31Q4PN9ipuhsgKQlPgcyOO8rk2KDxtw8pT/WS0Za1pnTwMFVpsrUsxYIttVf6JbilyLZB/JyfUsIZxB4+CU9aaetKT4T8bEv4Lg5U8s6umrPEgT+3MBmP7sU97WwOl9vRYH80lw5VABY5Oo0hx//P60kr5CDe72TFBYPRQjg+JC+Xm8e72ysmRxWrXuq9PlXnx4RSg2JHnOoSaIqfoTNYUK6NNnVhB+OZw0DAx1YpRC06ycaeKPSGVrBHJFLkQe/6ux+H9waD9AxjGWmDOe4LIqnRs65Rb7FZjgIi+9CHF10hpERRffgr4PW42PDqplxBtsHSJCFJhASC6txYHjJc+8y3fphwtrzkymuSTdczT3Uq1MunMKWpwq0M7SBrS9UIUCmdmfJCSt/u9aoDo9vzW1bvzeqZAmes2Z7fYVWiyrUYofxPoEsFASyKjoDwatJW65Okghmm23GTOO+hH5UMqxjvefCC+71Kq2MaKN2LOqLNLn09YypCSPsnxOy3arxJgXseuh34wXlofeF2g7BaD50BkOLJFN8O/uh8KA1FRkwEWjZPrN9by95qa6Xlo75uuDwBEjH67ircP7Z6k2U1FYkeJozEKXs5Aeg2Jxghx7G87O7xOOVvWTY1b9pDKX2LxDz5wiICShNiRbSTsgy3dmDl9CFc3sZ8DkIFlnknO4jP5ZYNaIXKRfWILsZoKQJajqx+h19hgn7QMBcDwpTYdGVqea578B60hsJ56vpnG8NP8n3tPwUMCiCyNsDZG7idQgBrgYj8aT01WFXJh2DHgJ1YtufCCUhA5ApEJ+TN6/4mnZOFccoA/UycNV1fIHq7gngF/G/9QiLycT+L9Q67xqIqI/pX8tpr8vbWv4wK2qtXBgIjk1NobhT5Y3myI9HHCneT062i/m7fO1IOM+fgVXM6SfAqVyXkBNwuVP0bs4CSLBBhn/3/hAD+n1JvmFcbBlB6ZF4lhN0nJLQK7FbuCblsYsmMSd3DFkPJYcBgor0sZjt3Tm3W+pY5oRxEVmeq8feByLaae3P9WT7mLRlI/1tTxQxiPm+yyo2y3Rtf9Sx2WtdK5REf6G22XpeTCa0wrxR3hmFYqbkUs3NvLt4blw671IhZN/Q0vi5tB+2kpF5sP3kaM2Q1AFyRMNa8KHLXE0UR4UWUXtAtHRQIF0M3BwRJjB4CY4Qm//esdpMFEe7satDTda6h1j3Jm3SyeIgz5E8G8ZmEBVcp7LVJ7SBM0Hu3Aj7mtAgjxXZEUiPU93iCNGFfB4nqTxKG1NV4bllsHxeNLObzhWfH9bK1UBXuY4uQoHL+AI09Yb6RgTuEL5Gw7X5OpMZ8HUutnI87+6GJi9jxm46DHEPSzXwxIp5Yz3HaCAWBUejgQLRGzflQfbb1MfULsNNlFXUcnUaI+FjNy7qPtakgq0jVU34rwIDrLrDf0lOW1DyvuSIQjIAOWXYETj7qCj5i45WtOzBdXZdL4zA/pVN3k618PUjPCerq2HrbsrulmtAfVyIifBDMhPeR+htPIv8OFok6s9wiPiwxmCRa7qPDDX38RZsIwzpc1N/a7tWz5FHO/HhBCRs6tf1yNeM1GZC+kC7UbHEaUKPwQGpb6lvCzMx2UumtKfx3HP2ZeBM5n9rXUDeRqO1U+l6wCNxZ8CpA5GC33bEmSZS2N2b16cGxwO4Z3lVm5G5kY5LXFDuWBJTw78rLD2td71UhlUD6fizg1ABPgAcns5pUdzXVK5NxolQd60vI6sl1EFKPpzK3mLuaEi4zPXU3O0CPx7SjI6j3F3C4u78tZQuTWyLs0/oC7F90csNXF9l2IO2mXNM/pgkb4uoJEkjt4zy6/cPtmUxuuDFZXM3ZM734Id81kYcK1q1QDfD7eScJbD6iHBFltQJgegPNOzkmU+u7nqjmYHwn1c86cTP34wyNNnpW3vgHvCATB3COuIz8hXP+d4lwbYmnSkdSdLRINT9QjL/iB+e5z/zt5ghdGAu2CL7Ya2lr/e0TxuyTFg1xx6qN0rEa93nve1JcRq/XNujGaTmgt6Bx3fjlgjzz3uK6GYBDLrM5ac4P03JfMoxc3NJbWdvrj56dp1LY/DrygYHkZ6w3bgQqEBnF5r2YvfVBck2WG6AB5JepRJoYzwxpmsj9DPCkgi8otTd6OQGD/osoTHYQQPECDO9MaOJtAaWxb/9WfOxhL8cAfbyO3Y7ZNhZzDLi4PoZtsSksCsXRROiwAgB8UuZvWDzbJfPryMfie38HrnCdVquy1faUOS2GS0U8KKHZfjx3Tvzdnr6nX47hFFXcdIr7rHfWRdSyk6KZgaJHwgvFooUip/tQWfjrCHGPBFGjBnDjCKJy63CnPpjMG1pkuIcBxxpStmPpOAl41vzQfmm8Ug+5ob4Iftxf762w7CQPG5/Mxc+03ot13veDEYEEXYR0BYMbTrGS94OyN1ARSzs+NueUVnQrYPlY3nQ6iX9Ev+3zF6+/Qnp/whPUrAbcY2DEcxbKInzDSKgs+Pg+Idtzdo5EuoAfB93CqykvWX+ZUy9c+m+/x8AeJ0mP1Ju23uP0I+Z9yxVBzZLYbm71I6rAsIp9daqf2HYFyFFI7ai8FyhhhrXv0OOtBGGTfVaw5+B49nLFeV9ZtjygkFql9DqHqMTq8AbiK+CmqzkDpKsADwgLAUXz9SuaEi6sAMep0IOxdYCQ4/ArXeuIYdKFSoVQLPjHAJPgK/NJkM7kcTDh1g8jBvKe36cIWDgeZiUUVCXqVidbgbMTQ/Cyf96W3ClFHL9UuC3kzFl4PkT8UhbT/xyRSikD4hOM3C3rWYYRYCdFPVBUre1JJr32PFzyi0VTvWIDwGR+D4loxof1a9osYyHDGuLbKaC90j6yype0h16TOWCxUM3TvMtj8N5ClUrZrNE0CXLf+mdVpg2slXaEnAvSiLzASsl05UB3zZR00a52zzXGId+ycmE7UBqhYhcjQY6NnsG2scsGznzcCNdYUgJAlJv84bKr0jLP6GGqke643HAF9pxV+pnMltmnNdjrEEhDimEbRMCKzwKQiuuU71pXvaeTAcXkd8+wfnzJQuTlm1kdAAlhHYNGaa1OCLNc3S6lYgN5RrpD2MlK3FkDoqd+Sf0JQtBNGXww3qOfAb4fJz36REI7hCAg0mPS7eRmFtVSntwayYGv9OFxncGObLSyaf5oDikth/hlgMs0PzsabWidOB/ak7Q0u9+cnVD9Z7wLWP+4da6PbfLWTm9oU9CAYch7UmXGVgEnXBMcMDn3pDM/a2zy6+EPUtJd/c3H8ujprCC8uYh3eHk+vhxdyJWAv4F0bRkN9EhUhrek9R90jwe10Q5CB+3ofhQhwHSOJvyVNBnA/2qeP/PDN3H8jksYG+wBPwZUC25bGVTsA3gOm7nCW0WyMTHpk1cVWqrwHLwvktFZz3JVPySNAYNrLM6RX0S4CCUAkJ3VIuClRse6j8ukR9/mwCKfwcLwtBhp3LnHVzG9fQyhF+1qaA27qQfcusFF0S0G8Oqn4o71sLnBSqkdDnHnsrGCCL9QXfMcqrN2m4iGBGJoyLixvb4213fWMP+0smiVMw3+p5UT/pT9B9x20R1UIdOcNOntX8zwWYNSPi0UjsIzd+h0Xzwi8MatDmAcLj8+E1/8SD016ItH3jniv6qpol/2pQLjf6pUJlBDDsbUaq1L3MfaJwzuSiRvmt0QOrODm+1OHlOqFVfewXQtqSMiGncKn6ci1g12l+OPCUvr40ANQC5vmrc4d7FqCAmjxwPkb0GoFzind+zBkBIPzT7AwAPPTaLsCZCvaXpCxEgLy4e1wJgdw4YTZezQciD2fSvHLLWsuXOnAhhjieBveGMCYh3RwB8erf0He2vjmVf1oODEVKXv6vI2ErBmnXZJDiJvs+r7CT2wa+wNSCJ5r+MqKc3iVb7LUxrF8wHJSy835lK07N7vJwKIAYBtavPlWcYIaB6htHejTDcvH9bLSP3rbN6Nq4HnCeZ2GXZraZYT+3RjnIGctnDMTJuj+jQFaUIBQi6zZ3iRwYGj97ELWdw0nZSiSOWQTtfsvdVIg6q3nMaPVqnRVY94UhGV6HYbC/7x3/du3xjjxTjxL0yoyq/AfjCvkkJGNc3MHh/hofX3Yli2tIopS7udHRiaE9Xnq050L6q9mtrwjnUn/xrc7kEUgc4A5z8fiJRq16w8LRUa/cKZ/d6C5eYcFpBDQ+XXzgDMPt4pCKRR4uHIPT2wTkmDG1A9mttdr1G8luP1Or2P0nBJbK2YbNxKgpB4yu/u5/2KxHSVJUqxjixvigos5ZzBax+GAKw5jWHI2lvIBpdM4qJ2ou/N8fTAnu6pum/yLXYl0VW6uSdhwnU9bdztFTvMiZ6d601NjAk9EdaJE+3qYYIpaVIWX1wFig07Chz2ojpgo2tdL6gDMeZ3D6+AswfW5fOaPinZX1w67E3uSSogMssqytzqfNE0HSw7jWBjefPnZuoKovBBwR33hvfW/Id0jOKLqYKPCv6Y/Vnn/YFZpxbs97WtZkLGD9NfRVFcAxhX6WlHPKjqdA+snDS2AqtC9KiEqDYG5zKWpbqWq702zDHChE55eu4XrX9uuFVPXWsN9jtQw9cqTMER3erC4uNxGP3xjAKgmwxxdySmQTwsPh/9R9afhef2BOL31lL9PI15XK6KnYS55pWXxnOF/QFUmuvvPG3V7k7TbF7fVcFoAj809BbdcuCokG2yRXb8qt5dbXLtjzLNZ6n9Sel77D5rkYPUaBrOuRbSImR35z1CxxL93/DaRllfS0AwFl3JGNDA7U87b/niCuqAx71xYeWCvIgBpbx7SSHPHQBL1kVnLfyykwqHS5JO5dJQ8mpSrbcvz66bnDbTBKf4pUH8OKtnlCpDwOBd213fpxnwt44devzqnwnBL7j7I+aMDOJ7rLpTYla3DZXG7KjOC45YW8l5V77JYl3hewLH5Moc1fweWHvmWxqqq3OuGwvl8PB1YgAwgaY0yWe4Pi5g5Qsg6OrzqftSXy2hlV3VfpKaKrGhlqbYB84XfVJ+2LgZd7ljcnGEiLrHsAkgWLE0Y4J4IOT9oqhMhZUWCKZQ+99Dp9Zs8XMXSmotxN10h6La/jtBMdvGuYtx1EB+uyTitRGQFkQAwJ4F2jBuVIjPTRtfch9Lfnhu1G1hYn4OzhSQFdwbTM9nFsI3RGIP60bDn9qHAoly1GdOP5GojYxfD/GUhe++uBmmdS4eSLe0L6VTUpjJYj+ntCFLFIXhwyGsbqwwVDAqISdSM85eTKA/9iRjKOMn+HqfIvuq8hfqDj1ZvP3cKGU9UeTOw1I0eYNrT6oQMHSosi814hKT/Lfq93m+MXgGFxz+6eumhiEjwcK/YL3H+IB9DCIgLME/s227IYt9VlIf/rRxXZch8rcQODCv4rJPGbFmVXI44W/j9UlSPbkWXAp3Gkrl5nC5PcWMx97+lDbDPXF4Z9lc6HbeBgys8ezwWYrgqMaRVk5aFrUOIEEwHLBoy1BgXyEVDRDiwFXwa7fr3ebccPIT4p+wUhXdRhQnvJFbx5h7FI10sfgPHYhL3Ep6Tf8T7xxEFijf+4YIgLoUR1nyaHKqrzuM8k9Y+11ofxAKJaYdkTlOZZxiCFtkUvL4l2FyckaZNdgOz5jDSfz+AsPwTNHqeClaZDb5qfEfH4LcgvOdZUTNVy8Yr+MleOakwVu3jhjO+4mot7bU2R13OXmaVKKMlyThbtPyDRob2Kt5nXC5i4tvriwwJ7rsjOZCHh69RBnOXDdgG9feNGDKzk+eWu38tbJkZldOkEJEKSezub87bXSK4Mf3vEJBPLeIVYQAmLLE5LXZ263SdbAl6sNe3Ey0FIaecia9c3x/6wwyfvKs4sGBH6nT2xtFkfyP2kVX3/WXIi3sFan+fH86iHudKjOBVvhcFRXEIEqKctNqdg2E+q2mbk9h+csYXTd1Yfj6cFlYAmc988XWAtz48+d8X6AFbxYPEIpMYagW4bRd9Nmdfx+l+l9R1igyBdFQz3N0KJHiDsLMvXtHU8sgmnw9HAB36bazvfA3qDMQJdalPtkQUJLWJc3a03EIOfCzAKQZ39nPuK94GYWFtqu161DUgaDnEH13kt+BhqsuyVEFF+DbrBixBL8cpyMdC4Bz/6DAMWB//vncgJqX+ZFHg+UB6PXLaXlcsIsmVEvL8s/YkPdV/JxW+zTzNSWQGbD79K4S1KVvRS6bqVXGTNWizKhfjNlez7gy8W40eTQt87preS92esPYeKmyWMdpk/eEEI/2p3Qepw0PsJ9gnMPfu0m2QjcnVslObx43j+k8k+NxgLeK4Z95quJkPz5J/hkIMiakFImK/qnJkOkGb6kRBtCv5H5M/L2NATJuoi/c6TNFx3Vxe3UEvT5lKLoPOamo5fNrWPui3CAuEen36B8FnNZHBRqeVZtu8dKACyJhDN1QkBXYCvrIq6EVA9QxxOWzq7GoSzBmc3/TVgyxf68itWNzGQC8nsVzCtnD89cwrtierJResBV/O/tZeATYJlq5GWahd+iwS9Yhr8jR20R2jJA00iG8zYIHhtOMOl6xuCagtrKAAMkAAAAAAADhgAPZpAM2QNxheRDCN7Qqk5wSaG0MIUnNEVUCHvpp4vwbDmvnIcgHREFVmK/98WkCbylQrz3bKha3Lxyvulw9yXFQsyS/S9R9FOfeygHWTBnFQY1ZZoI/q7yYnrcobQ16oQPoBNAvSlMhqsnqxAajylrhipBFGwQMoPV+IXEbA++MZtLuBCSg+05w7Qr5d0PUtoE+boPzoFd3/sTnsXSVvR4zCiBtpg1unuu+myEsTZR/GG2Tee2avSHuO+4glibbiJWD9uRIDrg0xfM+/h8S1cQ7PU+c+67+nW9Kz7Z0YrmZhyicgqLWNzdatoOolrLtbAt1/WX8J8TebJUQ441yh9mtn9yktJ6eJCmzLeiDEDpXIQdJXcsZ2VoZ4zr7ofRfJ/ura7DVBP5OB0Rie5izQbzPNYHbqhJfOx1OGddJyW3RgMsJf1Bi4TIkmp8s7yBKjFulyCgLcOCYovLjtOc3cSl+BY20eSY+SmH1tiK5OTZSY9dclB11EDyInB+5aT6XwPKR4e9PeXDvLrjuHuawzEuV9keD8uMMUfQ+TxZKyaj6HO/jspkV8immVEztXEtg0BV3/1Fc7973p7kTJ+4uV6ZmSQdOheE1KK7GGQaFjoBBnsm9rk9fqVWxOhbNVENr/44B3T9OjipiwXmQADxdaNihFYYL/Voejga6flxBj5N6HIyoItQkkBbdG4ejnJxUTMl1efHMFDPz6qHrERlfUZkV5BIH5BZGefk6BHY3MwgBhO6snOeQv1C+/a5SBdxxKW+P0tofMso7z8kQL2mkYWQ7uXEYo+oQmGksR/Dw4h0oPM/UtP5n3sqKNJDm+l78w1C0+AwGGSgTMORPlL92AB9JF0flnv5CaYdTRzA6frPbOTaaEOBDmLaJDR+Bb7hYEHfB9jN9kpxIkVl7oLPLUrhdUG1EOmYHAIu/3gMRIECR7uWz1ZuvFnmdJEMYRFfmq+rB98jEy6h39uU3+ug/HLaeHyqpiL8qVd7cGVYFdI/qCorRwUV+kKPJulatVUULVpYX7osq3An1he9PgAWOHx29YH11xFKSHg1WtQeWxJqsXpX941xz38XsbDipDohV+kVxyHYlHETy/HCOc1VfSi7egvFvLfv48BrnpigGmUH1xtlyvzqDrDDENDndd7xkaVK57xBBlb0v8NN9yRUilWjKWTQDQy2Sck2qFi53RioCpP8+AvLkfDanSuS6OC6HC+XfruLjJf/ahF4kap8Nupv20RGC9bYXFo3XgKtsQjeIrolgjiFB92qZ5Q61ntB+7NzMpn38qJHP14mliW8rUnS8Hnr/labeETDd2v4w5migG4K+EhVSxhrQp9CTpTStfQSw0tZdAAVOrkfSe65WabRL0D77vhp6YZClVMB1f0cU9AybfPy0OgCJg32iPadt3YriunwP07kU7+EHy4qxpmBqLb+c0wUlHQRv/LBu4PI6otg7iA4KnahYqEcTIbjyIctqJ79fuyq/L2n0ImY79P2nwkCoWu0INNuyit7SdHFsh2/2CFiJYLuQJ1cmvaWtUYPEI7601ngFXPFv3umcQRiq/5CY9O/jwnQb2ZC794igXTTHK803mLC9Afdfu6zoXS7cYATw2ksri/6ahx0qasEJXiJN50c6L2/lroSTecDkDdsi8+1Gzcw4An2/pT9I9eRW463D/IQSaKHDGRfd2ROHiiqHnmheiprjqnKEZbFDbvbmkRFdgrXCacec0vYwmFKyeE3LbhKRMT/dKS3AdglCmRkAsy3Cqbfx0ptY1vRhEyUCNfBTI8RhpEBV7FR/LFzx/DM3vi7dF3dI/C/pfeqlci1OHseMRu3JlLBvbHYtd8nxGu8blxXVf0/H9k9gibqMAftwonr6la8olQYuwYOP9nmabz30WGFYW4G1NzeHdRnyhq8riTsC0gllq/cK8SI3wCd95Zxkwql3pSMjLMf4iGHwJTJj8oXaX1onzcXP8dbkgZxQejO0Q7bLkxdVWmBG6nouh9D0VBxW2yiIXcvphbo+HeWnYjyuw/ixUaTi49TBw86S1uyzrjCarTX7ZHBjT2ixcq8/n2Z79duwqnAyTyVoM97GQBsQ20iFJhfuFgNAUeDqpkFUDnIEcgaSzDM+lj8Chs2Y/wuduHx3kXp/HVupWAOwGnW+YlpTdbIk6qVSZKlfLJAaflMxYw4W2X+PehA9km9KfdIrH2/qmFIX/uNFH6hAkFHSeZZXvxn03RjPfs1Y78GGcO3RtopGumiVFO/Zs6fQdCQEdtLJ6lAdnM+NTypJSjOSU30jkNpUuvDKBTHzjsE3DdmOoTwQFz5mZh+4wE+hhqd/ns8Db6nVEsexGFgHojDIMtTzMnkmySpd42fU157btS3et6aQS9PVgjm98OUkRwCSC3XxX9GDA2TMHlH8HXhJHhYiWg+ederQa6bqI++mgiq1dJcfhhwih3K00zDw6MozfIyjLdzAV3kT7lcKt/wN0o2I3lHIeXLmYcdPfmsaWqW8DcmWTCus7diavd+62lwpAjl39QpfsfDcqPdbuMLxeF/FFIl3MYwWbrPDf/YYg6vu0KoaZ1IOYF0UXVTlixx2EBYC16pY2bOGchJlx6uT7oU3BL4PEZQQfpe41ewwGlYgZuxk/cMpSHwdsMT+GrEN03b+PPHBNWO+xlPuIOjd69PcyCNcPEkbNTBAsTDAsocOpnsBn5+W1o3SxUa8pV3NWdgK1KYrrmwh4M+5N+HSqTs8dG24GNdD1tczkMrQwxu5I4dIXRluNQMFLXDgccncJqnHK8pv7IG05V0UibY12PAgNQ5/GTUtdUY9/YicNR2hDjyIU/+esZM770q1+bgI12uFS9MuHg7zVsCiyekb8EO03xSRT+PcsYgmeN8XNoio8q1XRk2WrJU3jIeB/Fv08Lhh5dx61Gyz9j80jkoR33ht30moQ5UJynoGXTSgatwbIMRjc5Qqfxino0kJ1JCAmxUt3s/fjttP6Twmrz1F/c1cXQ3QKznZ2uGWqUzPF73LbiVMM093R5kLOofcRzu06X9tyBD6cuO5LTwOe+j1hvep+FRSvmGKGdS4iiFY49eJUDL2Bc8PHIXEoby+1tkgha9JGvSf82P6hD/87v0vPdFOFJ3op9ViJqhBRJS6itZ9tAcGQvLQezSTKOz1LAqe0bFZllX7IvdPd+YDWcU98JB4qpC38pEAciwchxe51sKBlbjCrmHsgC231+PMYZ38o4tzThJxNvVq7zkiCV3gjCLUjiMbabgxNJS5HrlcVCaE4qlDrlP6JbZswj/rJcgAfaqzXjFIFWepn5vlq8RaInQ+5ai/SSGLTtFD1vaaPX1FH8URRxGSLsdv1nVqJGwl+C+Vzh6MCjHTgsr8JCHhyzoUidj9kQkS5tI6hyyEOqjc5zT70mIcerqzzBZwTTx+akoDwL2pDuUWfh+NkKOemVvcK8ct8Ey6kWCTiFis2PfqzO4iuj5CkmB7Pq51kEbk2/uGgx/vjAVHtJHubfygTFY8rMizMVSeLD9THemXcc3zZD8T60C/Hynqtnp8GkETs9c9+KrAE3bQiRJvxRKNizgt4Wr59+TTodqQa2vPBAjkH97N+13C3drFCdcT32o1t2iqSoG5UTM0XrACQZH9y2cqHxmBMki1Kme6UHfHY6VMsLO0tZYUL+7zBafOTHS22IPrpbqXqmzMqI10LuspHt1T+8q4iiz1kwoBYCD1D0Xtew7zfFs5nFFskQztZTVHQiL/iS7gXGFte3/2EzneECYE8wdHwFd0slpBoj60Mi/4qZEINGFYwVQEnzXbmthtXMPKdnBsD4hk2JdDQjTq+FtKBFcaeZ5txpiS6qyVrtcNMv/nO6by5GjB5pgsNiZCrFPvqaAjZq5yTzqsYg+yQLWzyQ9TTewT5vEJ6LLzNnUbFqM4btl+RZ2t1k0LqrNiNmCeruBnKXzMaRVS3kri+cDAoDqN3ejiXv3oAG6NQOX3vIZUbY5vppeGvSJHUnh5OboZyqmTRfkDZvsHw9pew/Rr21aRakhEW35mhZKLQE4y6Kve/aAJzvKSkSjoAb59bSQxTg3K84st8RdDUtUedJ4gBuGHqM4KW35+vyDWkEcQpbONpYBBDMsKRySI9RfwyHBndJJG2//Cq15qOT/wMWUyU84veERz6i2Fz3QlGe51FEy0hnlTko5o+qHRIaVLG0P+yXwdYWgI1hHRGF5u/EMYKqNQhZLrrP/tIMyqArz8mLfWkvUokML2P7BidtOFFuNsK7sDRI1vR6QFTIBIxPqYu+6sYfWWYMCZ07fofEO2Uauf7dNekqhyIKwoa7s/vecU1TpMsywgrFuH3hkFHb336tqbaeP4Sz0/8VpR2F61+og7A7BMT9qjb+Wh9B83Iz+/wPE3sK93S4ZrYjjFfV0NQjA+ECxdSVWa9r1WEgo5bkN5L0wBDnW8YTki6mAHHYrvOZPAoyhsq7JSOgNfedF4rAz6aJwN6MawfVy4M+rI3501YW59mm6QqAz5d5w8/5usVvem84YSOUM8/T+fWoDVaqjbZYEY/1pbtbCYORfMPlievmANdb7h60fndvhXlJdN74szXha6wvGFg+2n61ah4C/19k2otEWct3LCAvPPWBWeWiogkTylKzsh0swrEDG+reuLAsxD87hWUhavqu/L5fyB7IuzTe64j1FmH1qTcUm2fcPNauZp27BZayv9Z2RvY8eC9lb2RDpKqCR5k6/3cRzBs7/Dz13nSMAU84pnx6OewVJ1gqy1cQWXVzQrTqJIzZP9R2e8N4PgzOs6bpbte3vzraFdEuc6iDZAS/oek6ezCCNcI/DqdBCdjtA8PvTQoVIMPZofNBv3R+9C5KiFuRZsGdpyrOe13VGim2ofafABzieLcpmNTqWB4Ftyywt7NDOqhf7Tgvqmf0sYt2v7nLLKNC50E6IN6QeruhwKnYjZSt4bhKPaSCdEyxFUQQ6NWfhJzHUuMbRTPjMKzDYcCJ+e1gG0yjpt1TMU/N3yVM1XWCIqR07s3rYzYJR9XHbIdk8emqduLshZU90VrPozegHf43kkqRnUCpIHh5Uy464kxuZF1t+KeHTyojLD3fR7ZltS7tqubctm0cqA/tN0FJzNS/FOvtnmeWDNoosOxL5EiupZU2fhtl7fIYIsiXjQIv9uawzaZn7ErdSCW2KhsohyFfssxELZ77Jum4vqOc0ZqoCLUmy8ZcB+VYJrvcbk4tYhlUpCtqVr83iSUK8v5/DEKcmFHlyf4eWTSeoxD9vPVRyXTv38GAFh9d1oXt32ynuVwiSw45eGcC3FE9/zmOTb07ze+YQAXzH0WAouX2UvdZeGmJqe6hfPj60/tvx+4LdS9v9PcFjA1BSaR3+XF9sHy497H4/bcd0WUztD0YHfPofiEG0yaJxhAl/iKA1+H2aYipzfutPsguCa/uQTYJy3Ostybl9LUVHhHp6bnrkFaO8/mnfnfxrGrrGyj8gfwpfXzuwPUg8WNeeskGXTF5Rw+ZqpbuxtJUUi3ZaiHb6ZmDYEOifyKlcmt3zqBXbjzrTowU8+lbkBCtk0n+OSS+9JNXzkRKBbkJYI9fQxkkWZCYnOywUgFokPlr/b+eXJ1d3AceGk6PK4q+AZZA6YDak9NOR/U6tJG84pEGno1YNgN4ZL8mlAgdWwWV8B8OumdF7nEG5F5er+bYpUAHNmGm4iHgnnoX63EqxUzLNO3EzPIlBu53KSeIlIj3RnQgwTqLNZAg37bW+aeyN1Z4yMdNJK8wrJ0iQ/jgOeB6ZDOVbbcgJvPArQvmsnLymyO0EzQB1BMb9+AOpUQ/xGC1vEHv0MqGPFM6ZrCRLkVBy3ne3Q7J3Mac6JMERoy96bZFLk0CSO/td24Qk7H+C0Z6cqfg6BvNYqDsaN4tcx2bxy+o33p4IzybkxZOaW7uZvGENIm6yBg+a1SWqdFlrpt8Ktp3G9ApyUSOKyLxsA2CYuXNio4FVAm91baM2twnYHi8oO0eTOtaDv8sPN5RtPk9UtTzAN2jGLo6+MQQcaRgYk//LbrPdFxfH00aPLDF7qy7uPYdQKlquo5D7FAI6iwikJ8m0y+/O1N4gs8J2/PqEsUe3hJuE8C40aWqkTTBJFHWhJM6a35SyLVK9DV9zDIvPogQOScOI4Fdag8FhcOWBYj7KcR9Xz9P+trQ/UF6lOlTqWwUHOUqLYIPq811EwJBjDwfD/Bl8ZPpGsImi2e0X68zrWOs3opb7D12snjhK1AEkGcvButlUnCdVg/pVGXCDTRS7hP2dRMl0IPXbTihM9lhTemnTQRd+pP5h7Rj2gd8IxwA0dfcmhUiL0eUgX/qmlJGWpp/tfMBnnhlJubbDbmfnlG1Iqxn6mw34DJgMEeNbpB5eLkpVcrWfkOOXbMwP4YVdu8/VlQ2glWmOz3D1G4hagRWZ0YHsopmGjgIA4iWHXp0vPtH+L+adJdzK4Sdwj3XaIS6mZhFOm3ZbZFeKtpRJGMkbrzUSEVS+BnB/bH04Ut19bQ9Xm8Og7HJN45oRr8Hi4w8jRcom/tRlNado9XC67ldeT0BF3p41dA1NKisUC+2qNi3pQRwwKODLEp9pcwkxaPqglYR8R4EZ5BDAYbpjT9chkFNE+YfUuu/azgmltvUj61apITOjNdJdykxls7pRI3GCyH2uD3wq16pMZTBZwOpr3QydKj+aAxHitSOPgYdZsxammmxoPEcKNjvqhY0mYJiOVRB3y6Ew1DRFdHNB9B5liwqqi9wEV+B+YFJ2ETwDpNE0GTLenPjkHFYSSooT4JU1ZHx2u7jT7Y+OR2VzrUNLZphk2sKgiE6by0dLg+xfL6SdaYojbRlUwLMaywSwund6ANXsjy/cLyv0G+QW0y0EkYRAvGvpBm7cyt2KUWZwtzd1usMyxgpeB1YJ7ooAp9xrAM/q5QRkUuqHq55/Ja+EVcFebuCR1hBO531dpmDMQQTa1ghyQH47EudhWMCOcHuXFHj0+9BNZ2hBSCVZjB1O38xS/j/2otlha6gxjb/6OhDHyTrayiLCx8ZEt7ScvIVPTMkrM3GZnTdPntODjjpaNI97OucDgOCXOJeV1Kmy+lQUisFXdk2N8XArwTWxGThrJ/LX8Gq10vs4A2W/NfirWvF55KtRxy/4TJpyjQcH0sjjdQIUpgQihcF+jsVeCPtKskDlOeHEhyXYBN2mpWEsmV3KPD3xCfqEUrqd4DtnfG3gq5KkGdy9TyPhMsUSuZAF48I+cgtL8eff1YYMe/Xco57GBFQw1ZtY7HCi52w3YyDeFQN2i4NJHFuUAIEG4KjMVlpX2+/c9vhUuFEqtzM4N1ve7amSJqbET9F8NE1V/TO2cb9QG5N0PWzuux+CsOzKXBe7v2QACEgAAAAcNAAAAIvQQrVeJu+m6IZOsLWAvSN9MveiO81PKMXv8Z8OpF+3e9kptWiLUD6cppYknl3scd2FK11KaEWVR9rGTMc7ZKWzUgCBwdIVfw1p0UkuBuK+BFyXdeYHZzgnZsvGKuiG/U9uMOc+PmwbXe08JnJJl2vwT9s6uKaJ7BDLxdlCpErZGkwNmP9fPL6rxR2ZxAMP2VR5G+K6KAXoJY4Sx0+SnE/Crdr9ilr27HAfyjtw1/CwKfZJlmC9FpUIpkY8hq8QmjUSYXqDnYE7kCL513jCxidcZmnKOHoAyi70Z+8EC+H7ft+hwBHTtc5GYvKTV5hQD64L37mned0tQJFc9B4UuzYGlLn9JTNrpwUY8RS5fhMkf4mG0JrIl1newsswugsRjml36RORZR29UdRuXILfgp+EvUipSsm8EBKKkFR/UZd+aFGTXq7ErqcSTB2YLg2qPcQGNPUQElm18EIi2lNWTFqtufTMWvmIqwUoE+jQXS8JUPfBtw7VEVSsWYea5A2OVeuNqtcy/QLFOVr7x36DRPh2Fs6LV9mV+HheoGOeEprQWvqHHHrXF8/Qnd9L73K8SbwVZeOQEkuVUFMf5l7PDcgwueLzV8WyrjcRoqTJZrXg3y1tU0UnmYf+prUjqpA906Yo0N1lbwe7kTnLFHJUFihmDHnHASReH5qRQ0nJAsKrbOoee4qgnG+4jBi2otTFN+u+lkRlF5pw/jEJQ8jb2LWcyRydaWZGcLkTJncJj2/+ViMBZFv7Er4bhAh2mNACDlgsMkyYkXwggDUR6l+o9+SKFL1S+h9lxcNUTeeAK8BcKcxpUTLqZRNXixo0UmqVTo11qde3QBXzGi0SHpPMfD8bbgeTGrUsr/JioNCXzY+XSvrWvyVXKIldu7G3WNd6x0G3ltgmdy+Djzo4und1pikg8rJS8LUTm5LTMw+4hIpjz40r0RKvQm2rtqL/I/d6I+YAdS9F8Gg6ALPCBYspmoiwsUQ7gtxDyr274sOzaTI4O73unpNjCVkCDMq7iIUmgcE8MO8mAceH4IcItHt108FVdCrNeduhrb1VotInUWs9N6kOCKZiTf4YSgRNwsvb0kqZf4DxuH4wmbzxHn0R3bDOu+1fgvwI7bj8R5jdfIgeOVkHH84c7ugtoFvRDphYehe/n+6Soojm5p70UxDoiEs+pK7BfA4efwbjygVMcUT89qbfU6MSrxuauQvrYcGIFYyg7T1YhAQ7iQRr54SokS4+sxRF+RAMh72gkOxw5BVAchin3dUbDvG2xEcKeb1afcrXYNiMMwyR6pAg54pSmqxUmRW/92kAmsVh1HIWAJmktiUTy9cwGDxbuU/wshveSYniZ/ZruYVc75hB3yW5YZtzqEPgvm8yE+bIbBPGQnpc3bPQcKTzjU7EJInKUsV9gSCbNgne2JGhdjreuHzJuOOolfgyc2nCh8+ys/lvzMG6M/Y50tNpLG6uDdmxejTS2ZQSb7GtUAj7Z5JCvC1CAgJrV/BnxkK9pUMzvP0qohXslSfnp9O4OTPd7VT7pL08/hWSrlrOX47PJ8+67fMdtLPS9MoJXDkhseWbJzCLg10oKww3/G1idhE4SNQHODtJBm4cbPkBJKRicsXhm1g2PZPohfb0/8nE11POXNXuePBsGi35L+bdGNu3gNhH8XYX+VKqCnyetKW7v/AGW2G9FisAhJxHpSO3jnVWIL3zixeDgY8sNHGYDI6+COoUDe6Xp3WbvZnFpU6sOvnYtF4G2ZM/zJJ3MYAl7SuTLMOkllm1hvBLMpsNqRP47uvI3NLGNVRdM/aItwfegYsQlkttyaSh2bZSmTFe/pZ6QbP8Ba4XrbrY+qNQktPRbeXcQi8tcoaJN50lagAQI8CBjrw/RoKEUmdJCZ5vsIDkaDbSncHS6BiUnw5pbguqS1rpQJWhue10+TQ9qnon1FihEk0anCe4n6Tg8SAlkTiV3AWGLtGtqMjDk+SFgVNk2jJ20D4tDFPRYOhJNPBLEKMT8WMwjy2Vzs5R/4QHyneMYB0jG75O6BllnIn+k9h8yWtoagF6aSOtm7kdA2bmqv8dDBs7axeNrxaMALeWJB58V9uRTHIzR49fA7j8lx9F2sBVxfwp6pheqrsBi13FqWnn/07eZqF/XQKrtZR7nKzBkEBd0GCYi9aegFSkWYfCFrwJUgh1ImHfQptKEl5+xtXxAowYN5pJy2LNLXHWV/385oD8z5wfATUgKeNyZO+zMW7culdUjifb8hAoe81nXTpNQSqu+x0i+z/5DFKI0QxqRLX273iASK/c5tREp+PGcVZZiW0r/8Khaa2SCcwUTlhKfkuOQexviznqEi1eJ2eQNT0UBWZB+05e2PtqBhuNTVYt9OHQ1Q9IkFr/TE9e7JFG/bp200EB+sbDieCktAWnGjuPW/nwkuBRSJJUxmcBclRFnZBfeJ2uP0K1xtqWCRi41uJ2CSUYTyCJtjIgF47jX/Rf7kYZUtZTqSVcg17Oc1gdwWVY2XCn0qzUaKPtWvBqUtVo00nkOSEarATKPAtVkl1Qd/kVydOEDAuB07lgQGx7Ncier4ZhJ6ad8LU3knLWISqjHDVaRAupFNe4vRXuaUfNhh4Br801IBgllxjuz+3d18ONMZkcB5veuS3EGJ14Y47RpXjCccmk03gi4PIaIRpG64qcWpvq+Vjr6wViFBJ4Ov5d5vzbZtqRZ2mRD02UDg1lLllawparKIlQikjROaVtwmF5boDAQBYPJWp3GMORhpjwQoBvJk9k6RJ9VtUPhnq28XVKWBnnDTkWDkOnq+BuA3TGnb2DbJXTpf9al9P9ZJoeWx7m9G3I0Vp9uzWqb/Je/fgh4X8nbQoWln5h4EKs8hNWVnS9H2TTYVvIr+jl/IuTWyrcenr27dEmvRMbMlZbf/WMDtPtVVrSB1ylcNArfCtBsLTvXcHwgecLUMP3NHJOWINzZ4kqZ739Qy39aeJZRqaPrdyFChEpf6vP6bbkHZrzRQ20cYhjbhevR4qQ6hwrWKQk9uoHBYN7j91aG2MOYPn7PtF7XJ28dyQJHd5jHRvQkOHZwRoWtXSb8M/K64GddW1YnUbgFF2JS9aq9/qXr9bn7j3rc/ThmXIrNyg+poQKJNPxZ/8+KHm9mC8Jr1EnKf7g25OY2ifM5gXq9FLWHxczMtetMwFRrXXknLVAuf/gJ1qQQxyCrEM+yvDdMSSRUQjSEbmD0NYizO6CvSHfVlko0OJC//+cmNqqC7Cl/nBWwreI2NDgpoDxr4og+Eph6Ob7UrUD2l9BU7/xjarsASMaP/QB52il2W/RAgFl8ZwZIc8lPSmNa3EIiSq1Kk11eHuo246g2l3JUDPzgTsYQUVjvzvB8rOxs5q9alqWoeRmr5Uw5C5rC5jqI8m/JZKvBJfeZwQM0JRvuHuTMobNTbJ13cVxsVvxz0QSZO/dby24QCUHy8RVUdotP7GZ6C6pIkgcx9neSgnaO6uSKgul8pQyGa+216GjfmXHmAu1Sn9+EgkDV1rQmnxQHvZZNwgbAMaEwnDAmo1Dr6jN9pCRxVl7H1kKs/tqPp5mwEclo8myqzI4PBZKxLnJaGPGq47u46w8+yEHiPu7mK/4ZBETcww390CU5/flBbeJI9aalHd/pZBDEZsMfjWe7Mo/r0Rffb0McF3hDcCYZKTsswOcyEkH/sbTxNdQyGc/viCSiXU4bjrI+V8IpwQWoHumYgctPR0vmlqx6Pha9/ak8uE9C30jQpS4bB/JHSvL2qLgaYgR3sMEL5TMWAgy4Rk+WETM9AXRt5zIF9DbyaDW3HwCoB/9M7AHUu6RVc/725xEOKGx3AV7V8D6bxF/Ee6rAnxBUVDv7g1rUEZrHaKpgJO8SrolUgIAhbhaiFve+OLxycnWExSONIaK/MvqHXks9JMYC562A/NPrOTnS7D/mLBGTi/UnpDNi7m7hUc/VlB/mXwReHE9SZ0r0HuKLuf4DXXYQkw2F/dGf//ftKYueQrzWYs7mkOkci3XDicTpfrGXFMcpbFJMasKpRDbUTqnGvNkk+XS4uE+47rl0F/rUSlhzyYhK8mlH196+bz6JYzYTTAC0hnK9jH7Q6Kq4nm0ZemR9n+Crq2Q0ic3L2P7Wv0T5Xs98cON1d4tgyHDvlR+tV5dJ1ttjKkYCWPs6u6Ae4/+eB+F+lV0XvHrsU/1vShMpc32rGtclCwWAVdLEHxeIS0pB9aaGiS7pRtlSqt4b9ccbOPRjZDLq5YPa5My10vmxlDgdMux7tqvkJDbwpfR4Y0Vs5qOOpnO+lwMcnfoFEeqgTxlT7QbWPTWzfkpxCxcl58oKvx9sVDmmFG9zLgH88I4dwzz7QQMZ+scJYRtemxDu/BYkoErM4GHOSqIxK6TvdpKxnT+vn/pVq0uEYRR4SYx6IdXMK0h9lcB/nX5NZF41tWtypOpAwQEH8jcF0Irm66QTtKNBI65bZyOTJL0OP3IqAKrSr467n6svI89ZCljG68KsrYI+Flui2HGFMWTDKMfn+d1W4xt5rmhOUFmG+4vYtchFAI/6Tn1mLVFky2I69EAoOUf3hB8mX36ER+O2IzgOqPcibiC5W+ci81jMCNlOTSAwNJVoatoMXPz72JIrt5V8P/uiotcszUyZL0Z3MWT6aUkvBvcxzRcuIiZXlfQcwCmJdkIXc3AtVtPKmPVmKEJJvJvx/dShIGKU6b+QD5U2qM33uBmiel4+xdtP098u7ty19DcJWXWiu5Uy4xE2hGHk5PgOw625F+xfUXn06W7zysKhBklEfMuZeHEauNw7B/gOOmam4t+55AvXgWtYWWNJAIKqJWXPVKkSywetQOsiP+glvhdN4Y9R/BmULc0xTVZZaRm6olOtOnBYUREymY6jzF52sEQKHIAwSsq+XhALhV8DLT/7zuoYfd8Wrp2+gX4DuQM2lEOaQ1ynT6w9R1Q7OTQR1s8/0vnkayggfalO2MARhqKeEWbNf5M5lFBwo34bIFOvjEU2K/BsGsc6zHl0qypvnflc1PitLBXZ8eqQ2vfI+IiUWmvMnuHFnb/2J21+OK17C5xNed7eDItEKcvFNZp951HgIdtqQnClfO0XPsp5VEKoti/rjN0LAvbAcgvIfmHxMB72l/m+KBmMYsxgTS/wxEtLlG8PGBBWErAxmTLZf0rkgHXxCAdqPF77qRiZtwk2P0Zpl1dDyjxDJyaY53NtvnZZVsndI9MutBQ71PJBxn+JBOpTex+OHXkgZlRAs4SlDK/3+qRGtJy3sVUBWglHQMFgOEW/f94gjxn8/Osui36AF/WfyeD5U24VsFnuybhzeih3/bybImOQgrYGtGKnyuOF0wKkF9fwgdEARKJ5eWC3TczWbQJcSA8T/2wHmB9MVxGb+MSLIXFTsF/MtwmKyC4quMjMPAoGrVkmdS5BHDLfHpag4+f+zqhgSKPMq01jm4p2GoHJ3W+6hpOt6N1K2XBH4sY7DTaOuK97Hfs+A42TMfk38ylN/fRpoKX6gVJo0nSCNkNIYaFvx2fR+V+HXA5yqoI4FM4m9h0+uNhucsV7TP52V6tsEtnmzupPofmT3OM5ESzLmVeLZu06Koyv9T9F1Wt7pW5rAybRZ2Fta8Q/H05095fPEpgNO/wlsh62M/VDzbz5v9DZTbLAWtR8+skimkp/PzTEEfC7sAp7koEjvqyNe2r/xt97h3o5Q2Ljo5cljpWC4pEtFlKg+OJBSengZi7PGyZZ7c2L421pUyiQWc4UFQ5tzygod9C0NsxE7dw5a1w0VWBr6asxSIv/q/ljYSUeGDLaheb7mrHntkKE74qcg3ZhyzzB5BFjENyAQ1jo+f4xy000K2ukeWaBPoTLGd5mPQBFOqbOOc642SGtS56ZfB+spU6y5xNXjVvA9R0RJOwBuv0AWJqT6sD9UUDbnUly04nJgH2UIoBXP2xzxopj5Vxl8M1fKzY/6Vd1RcQqfjaKT/4UTlfBXre3S+njZWydIUpNZe39qfsa5T914jfKWS07vM0slIYckCr+OEgzHLiKNHpkEeXUrRfD8BPQRzvbZioua3ikLpiaJUQDW2qkTDJsQKQgnYOECCZzTT8Yjk3usM1UE54/3mtLo1XMe5eo9GD1MVq0RHfB5Nz8rlU57uH+zvamNAaVUuhucL0nqHM5kw+uVEFTY6o2S6lasaVmXHHt6AOl0vD+v0wERdnYroPuQDxeZAuz2gGlrFIcqZQFcgliVD9TfHGOaaEZU/WN8pxxWLWtjkAE9mnDbmj+l6XyMuWVaUnThi+nUZfHGrlwO9Ouz72ZxD5t9yqHX3IPB0WSicrErdItwAVQCedy5jTjhrZ44Dg2vmBskNVaeRivuAJ0hR/A7qc+FfJvX5J3FU01vm079qx+GuA3kAiF7YjnHFE+6HX7Rt3U0007E13otcWGWblIkySkxIMa/ra8Uf2/b56L/TCg9tg8LDXg/NMrEfZ/JIiIJu2oDosgtrnpMfeZYCKfiKc0TPCpqSO7mnIxNtFseGHqF0ECXpAbUBYPCjhsP1mFr9h7v7SjUL/hA01tYNSCWoi1nIcOVN6Xd2KtZExN4+o1HlcmS6xMn3Qppg7CG3zRN2czoMh8Aj22VdIGCsc5i4/tB2c2UhF+p83HeoOnMkBW2JiLS6FBKdEWoBhdJ3xGAdtzmjS/lpM8stusyN6I1RU45C6EVvZnkpZ3FvWT/yQNaLcm9dZZ/D+V85MS/2gvB/lo4O/S/48EIj9mnd8vA6MtbXFfjmh5MWqk9/1gyHFyb3i2Rmv6NDy3sL5eXA4e0RKeA0UglcG04fp0qYF7c6Ejcn9IUQu0EycVtXKd8Y4D8vRQqr6GnlsW9zCq14t4Grzxp+2T9SSlrwSEKI0uk90OXNQLWfEJoTsX7mGhLAWZxAYs4OL1f9qBcu2VcMf0uEi364rSW3vLT3J+QeHnqFn4Twh6h1skivSceI0dSPQZBylz0L06cSJMYHWCQDMSh4yQRykWfg7UZMLW+XQaDpAzy+MvhwVxBRPRd89og3taHWZFRm8M5MMruPtcoN+C7zswW/l3Vf8e+1Oh6Wq6nWhOuEJ5bbNPL+8eZsYfH1EgqhqRU3NbdFesAXllEyH5XiJBo8HhejPnOdeTaJZKnnP6jpm8BJlVnBMV8Pkg914iJo3Qaw6w81zhBXKr7zPlSHgmymlcKw0kQ19HHPoEYOkIWgwu3xvXzH1lQh6TcLmhx3swa+XBI9LSV7beXMdYn8y8RalCtrZcpDV4cAHEy4NDcBYGdOWVpmlTK3MiBqT6IPX7d0D51nCzm+bcU5U3Xx7d2zmcQjvXbkhujtDy1J/jaqBvOwwWphEDf3IHnXx5I3x2erBTFdfRyRIAecByNRtoKhnPM2WgBR68y+YA+OJbwcoWpuXzZFqOHQFwncTBSBNCcJhqkk/1mqv53qP1PK50LF+5PBj6yXV9eK/t7QX7lNctx1veYjrZyEwU34F8izZ1DFbaD+QzBCO+p8mekQoENhx8pxu7g/yt/ceUMKnprZivPQjgfh6MvmczGXakwuXLdGdhCUXj/81wT9XwoqaBrmz74eRHR7pyr4RjqkWJCp4gFoZRoxEE/Sj/0SQSgXTmYE+q6Kl8NYK/RqADP2IBDFOIEn+ymU8tqzGYy/Km6zrdPaGGUni9H8eBZXJtHyzRpQgNx1dpxOH13QqaE2AyO3DscoLvy5bLxquA09Qh4gWz0+O2BdKjZXgOBDwzlG0AafAoEFql8XUGkajlK7jjdGTYWtau5lwJLcffKCU+NTmXFIADpyMFUHu5+uvpySe8washJGImzoygTS5W39R9lrWvtOL/Glwb1k0OWYYhyp7GxeRPR2QvzB0cTsX55hOjkrcxfcS5nw7XowVsPyIu4Lk1L3Dd/fHYM/Q8vhV4AAAAAASYhAAA4/AABF5IvVtTigThrD9fHwNpxu0g/ZZ1agiBAXcUpBJl/kPFAtlHlQ7bjhPoLbMpc2PDhqfHMv45Ql1RwLRN8n/VFJR/c0JV5R8Q+ykI5vG3dD9fwOJLCnc77oguwCM86QNkmKBmId4uANioXuagozbH18agGNUeXMiLCTfXFJmKcJcY7fNJNvI9M7XPl7EgqBfN+n5uIcIor6vccx5S7uGuM0451ZqUWcDtFA6lXu/3kAqr1dJguF5c8B4cA3JJA01rAedIn/SyDndB/1N/JdgjViIRf2dyLLgzoPmzgs9nFb3aiZrkKyz11R6VjjNtknVKxH+ZDxemdeUys5CqJDjMOg2u2JmMS0V4YtBXoqbAnwpp74SV1fHFp6CE6+l6b/9QTQRQUOGAaxbKZawryMrHt8uT0BdaT/MhINwGy5p625QmIMkylZZ6b6QP7XrLkqhJDpftAS5Z4doYtMXihKO5gixgUTUoXBQ2Xi3M22HUWt7+X+m8DAkWawjv9jiD8/lwvWiNwknrrQfD8+cmFpdtSmemCu1YTxsstYuGakQ9qcDsjLcT65vRinT0bhIW7tAw0AahXJlMLH7jKpWdfv8fu3jsyfxc0S4Y0t4+bfXnjA2oTFjMMrOq9neFTajkGYd2fnA22AhULzqE/gEoWUZm+z1B1Kpmpmdhh6V53gxQTQLwihXvgjxZe1JvOvl1YNGlR31+FewTta8AOygniMeIowo1QDq4DkBCm/9yxdWoSo1bs/B8szzm+mPy9MpvJ5DBmwGGQWvXngCrbqpy6s/KCN1Mr6i0Gx4H14gE2vOmJZkIlTNB+jdt3vCPoq1P9lxtQ7P9cmaeTLUIwdMMUYffJcq+LSt4kTnprzKj/PZuUr3QBbeG6a/TlyhMlj9DuFPn5Cs3iQJfzqgW/NjShr3zo9Bhdr/AYFhRgc9FnQu32441d8OSnzD4xpEtXTMRR/DdsSoeGEpEVF8Glyn8Xmq0ZwqccVXIbPDPtw+zyyhZMwzfgAEqjlgkx6PqU/VwPH5Rd+LPPu/JyTw013EFztF2j9WyNLPUYvMtNuUmZypE+1wJOzwjmJDYePei+wbeds9cpq++17i3vqjaNDZyO+v3ivq2j4mJFvw9mb8F5EZ9/Ko7NjFsnKpzE8i4IO9dVHxcRGMiRGOAtZlsv3/OsO+i43+HdcHf2VraRVzUj/ycsilwdMqAX0mvsLJwWWb7E22w6RqhfLFycdMbXTD3cdx3enAQJzi7CfCbIVlxwouZ+SZlUAxLG0vuXqIBvD38gNrReJ40OK2CWWMo47Y5b9hsa5T1Dmk/oT8alIy/XuzhlJXj4Bmv81FZUw1lKInlQWDtOjPkv4LHh7/xCIsnL+wbpmO+SMUXVBUfNL/3IR6+gmmW8e1F/Um101gkGUxUrLHZrxLMZwCKzlPfyBxmadu9x7kgR+0jmMi430I1E8lXCekp0rXR7VRubmorJqdI0PasJHCt5rQ+pgNZA3u30PcLgY9XHZBjiRsd61lN7f1l6vQZS78LtjiXhjjOz8RT73j4MEi9QzCSg6SEukgUUADX98bEsG3LF2xcWw5r+83WugwJN7jSErkQg/YTLbrz54PF0aYKfi1eyYVSZgIlbojpc+zHrrF3GE+1V/93mMdKAYQ6cp5vRJuinyh3O1otrltvXetIlYU9zJlr//cvxwv9XtvVnm1QDsQPf8zXJ3njiEY1hpSnT2/kECkeCfZFFIZJ59ZtAgIuTsI2WFyBapEqpiEH+pkvXVIRTVHGBUg5u4AFWGL83XXI1kv0YUO91tmr6BJc3lP4wmG3+NPR3/1MAflmmCiCw17zZF2cppNf//Dx6S6uHu1Bx9KDylteXphuch9GVy4hpvcWF/r6vRRfXYa6nEMxWfIPiDRZvPDTfgDYpyEylYwEtwCZg5133FoQ6PRHUe1Tmi8gRLUY9OamcbHD3fECtD8GiKG0pLKa0Xvd0edAo6dIiT64gGHACkss8VIboiIAlmqdBwzgjkT88+lZpIZYuaeCQ6saeu+Y2Ub/rfnlnpDhfyfgRzuW77F9iJ+yplHKWN3QJVv/IVoYv5DyYY1xY+JLDYB/gyX38OxMvlt+Y7Gr7RePyoHCZpOBf7CFliD3kEmEo0pE2Y2WC32O4zRQ8FKKA9Kk6fZOcCKrrrWmVEe4RjhJWOfEO6Q6slN8b0/uLkm1pparRYR6Kh9rEFplv4fZFXIKG5VF4VNdwB3R4P/XcInS58Uj7dyU0+MUj9nl6hjSye7ztV3pjF+jZeekaP+ciF6lSYdoiVuB8AgPHyceKVNErZwODYMoJQqAPqWmz4OcSIeBetO/7HcqBPbjpae1cav+BNauIrFkJv/dU484Pi+iE/Z+Lj7m0t5UWXJ9HFRhglzam1cnl0pUQE/kcVP40NIWe6ovOl310D7Vp5wD51PIz/aAHdBWCm0dF3lJTjF1vzIwrt1NUtfNjoYnqKcGzXwCWALXmezLbqTztCFg78HCxVae1b4mkvwJVakFkPZdbpet4EWG95rsPfnX/xmGq3moRe+z1n9WS95cz57pgJbFoHz1CxrWHlrxhfOtb5alqhhrhIPp6IgwscIszI33DklLpwAL+6clI5v017uqaHDHyOFnqiIvOCHZxUzjkJGHBajLKwNxqyegltjaiCHzvEG/X+97zgLW+Clsmld2csIpL3OkBX4E8KVdYZWrd6IcFf0g5oPHQPeG50eEXlF7lA8HJIWZAZlPvBJ41mXnHmXSBJ5+E18f3taMPC4FzXfWVkZLidxa69ubbEEbc2uR7zm4qu68GMM7cpEC6Uk5L5YvXtC/tC1NAGlG2JClC5T0UvvA+5ggvqSESALvASyfM1Pcj9mXaLXPDewRFbUtLRz2+ufCFJFDdWWfYzV3/aThY2G+40g7uv6FroIq/uzeVBXLjP5QBGuaq17WfLOrzc8rkQxDbJ3qjQf4ENO2q++SwgcsiRAb3J7DfPAB5kGxeCPxlKqObUWwzZMmssCYlBrgSsWpvzDg5S8F7Au96Biaf9h+Txj6rty88cegsNpbod4clVuTrYN3m9z/eirBJrbCJheLJJJvLMULVoKtlvty/QWhX6PbWRrb/YDJOYsY0gGV+JLcRaz3gVSihDssT7s/lMXz89ttb//Nb5LNM+0qjCAT8OMPSUstclZcEfvUIyHFM//x1QzF1x6iMeoOeBDmWf99t+OSnCrdvjdVWpxucaW12LJk4ukssPKGjoTddAy21vjVcte1EoYJNLR2G+rmW8+wYtUb0emr7OtM/Jw+G2hIppMBr1v7dylmA/FETR3aueaMWQ/df4HK+KsIjkYV5bfe83xjQsF4SNsJ+qnikxjTZQIoLZiZJ2dx+u+SY3YuJhhgVbvEtnLjiXNpMFIpJwJXntdMxk46wNmCb1LGUwpx2wZg62qJ4G9RdCkmnbFpP97RUo2LrjGvER3piNlZsUMLHvDDXoo9olYrnfMCKN4Y7I5jai7CqJ5twFAO2s8wQi7jI2mgymleeRVT4DZPZuIeW2dZ3xCtYXoFmjCNop1en2N5muI3WOf3qfaUu7N+/QN7w439zQ7GGA9/PZudBigZxdTcZJd5fyyEhoxasKkSdR2Y/hlm1O9pxXPUkR0LtD+YSFW6qFOzQiDB6cjZJeXwjQlKTUxD1cdgu6x1exfwtOW7hCN8Q6SPYaHejBsriomPhAfs47q2KG48d/B8DkWRPoADItdwqQ+H1bp2XwwomrLBCe48fSQ1eWAeFnnP2eFSPtr1zGyvQ5yHo/mpjIo/MAdFjq8bSG8y7fxMSzATWuY7LV9TspvqQM5NNUDRxkSZkAs8lJQZshBpQfYmyKby7yhHpb8DWzika14vq9iDrzCKQCKp1XImV64ESQOtoogDH+z90zPDuXLFYcf8tHxFVrTlrzBurDjAJ/JUtZh2pZOrVR90w8heNaA9MxgjEFz6FO9wUHSAXTFG8RuKniFr8buf6lz1HmEo43BEVsoNOyNc67s0k6XjfWnbG/lD6yjhq6Bbxwifpldq3+yOML3/XxM2gd/tuTvyR72BtUefbl/ly7sLI4rrYH4YLUsHmNy3Qtc7TSyYAc/rGpiIbq2pAdaecC/Zu0AlLBQCK+dSqTgvB+kvAtGycst/Uk39jVokVUWEOz7ULxlbKltZXXcvkhtXc9fEAet8ADHgY6Y9eRZawK4CUov4fs0Z4KddyAgjr9vl9ZGCHPFxp+c52AFq9Vkg3T5jqHg6M0Q7bk+tghkVXh3mQpvByjPeJQqixrDFn9ZQ28whLgsupLyADt/Om1Oyeehm2O2rnCdrfr6RvE3IlyT1jdNo3dQNrb5I6og2ZKOycWeP4SZ9ND8uYLCUgy90S8RVcz3wMuIJE73vKCyiwBl4z2B+3wCA4xYxQK3JHICh/QcMVwOdMKl/l2SRZ8sc51/bYWLAM3WDV8oCCWehvtKV/X43ti3NS9cfFSAnN4QqmSVdJGG8ISj3Iy7Jy+/wrloVC+QzAi6MMhk/Kz/IJDA7d2+ESDc4FfGBw+ICUldfRXW+CARQu/D/ycaWmLXND8tK0F2JDf/4rOFJICib63KuRk1i1sUaFCANLPyGKArAMi1GWOzJS+bxpK29Qmc79jo13q6WYlnf4SjnwydS4dCIROAj3ILyrARVy324S83uKy6uLM2O7cGsJKj5DO9bkYMaGyV4iMZKuJ6jaPZnNiQ5nbWJPKE6Yxo1Pd3xDfeTvub6cLK/i2EHDS6OkcijDdKu0+z/aLPzEXFtYRMEHiNhayPoN/cBGpuX4lKbdw49/9W7cMK7wlcVY7tkVmEiUMovBZwPXeToCTwju3Ou8bgSZpMbvpnjab13rZE1TImh3k1mg8U1g5b3EH07b2TctXGQ9UeZn9OFBAfXJw4SZmnPCWuOneSqSP42WONqckgdV6Qv3yELrbv5iL/KMTuswCiHIOKSJQdzvBq8HsCNONz1ngdn7iM+81JHY3FR9i9vT/WZv1Y9rXgNMVQWgIdC7pGSdc60IcsgaQpipEhVbY95a5iaIUeRIDDok2kaWL9ONGJY6f4YSdYFTe9r+/tNyVJum4iZsJdQ8IKGuOmEkyo/XbvAAGgfgv1mqnJVhfg1025e88bFjjhM9zXufEAOrDyF+F4lGxGavXjK2cc4ArHp4LmpEUOpYvoX64Gy5kWuOZpvefspGnpTr2Zy81qj4e8ZUm583ZEO5/g4vAAlkF3aPUwYSfuwDBIPORyftzx534deIpx87A298VRDStZ4cApIyF99yJdQYUytz58XaVo9BuMPmvLGxt/BE8nS6AWoFP3Vtlhk8wG/uJqFHFe6xNNMq/pYjKjEj4d+/X+Iywuv+lyZuPmlKMXkbxgZoTLd9ChtQyTdVYnHhRkFBVcwlm84CLQy3wrooxMI+f0V/hDKzYuZEim0nAil5dP8VC32Q0JVieeRprEWn+3zRLoyd4oMMyITXi+GVKL7Iv7xCQWqxgF/hlNUCJYxt5g7hg8g4KFKub+Q9Oc8c52EN++c7K9lGKzFYeVmzo/a36qZptTGzL3C8cuVzXZEuZJmLmVoRlnk2+AdlfsfhKUopPtQpM9+NJsCB+LXEMjgkRtjjQoNuROx1G54NxrUF6m8LX90nH1Tett54KmwWPOhqRQNcf58z+lL54EXTVbBel82pEsmwJLczPoRdsdIm5nrcoVCIqh9OPH48vVpd+NL4vTu1CSmTOMNMfo+VpvwEAJV9vK5KDAYAC6u1zOKTaosRnn0NfhhggGgHRAaiL0ZXmJQQgzX+lbJPC0l/Xj5YwP6wp0KwhjBg5ptMbwsms4R8yWYJydjfapxe0bH0jcZOA0J+L+ypQ6aMKyuK5GEXaVCMN14dZcPv7vgI3CeEBgLgulQfPFsx4REQgLnq6r+mt3xxOtkzNbYtY5Vbw/nCPNYao4PmGkBGiNveHf6TGeVgVrgm3DyvY3pBazq/6dsEbLGU+4V61iDpjadkIHU02NbETd9d0tubLuR7VZU3npp73r6KfQOseld8J28zQOoRtSikU0OjAznNH8g6I6/P6L1sr4/UYuuN1ApIgtRyoQCFR9BpJ1Ol70iqlnCqjzmJcu8QQsyI4QiIzaB1k8ad+je1Ic36f176LyYFhoMx+waEZQ6tw6P48w24xqSvTEo2YqDEXFWsnTPkV6vQO+TrD3oousMLkJ/nPTCvBIhcmH8dwnbAxxZca/0iUBvaEZdhUUQ7vXg0KrNyl5AusLb1vydAxwVk4+tGsDP1jqjil/qnm5RweIpPOdkdxyfcrQysCNqUHn8biygKlbDmLFYC8zqafwYUnL4ueVRxvONfJwb8sjMmoL5Su8bFAHuIRsSrgQ4SOeoyptu2vEL9BmpV7u7h/3PcjSRqeZYxZNHkfbggBvdfrDqcZx4StXt9chy+WKuTeogrkGZviF+iDPnq2Uc9yWag7oY2siE9UHrlbBb9EOy1jDE7OrUSLl0zNTAI1l7E8EUiAcJ2cUoMWMGkuglAQ4ZfZggGFkhRy1oyvzn2UupxYB7MMwIp89RsXGQvZ+q2LFVkTx+6aOGUUwOhAgztUsWAAEDjHIsFtQRZOJcs46hAXEOs/aEuL5153ByNz90HSDqZDYq8WoYWZM/iZfcUt/qRL+garUmZbH5/2i7FS24rE7BVXKtSMx03rOJWnEyD/K42ae98kyjG0OmnKHB8qHDJzx3HtAP1X1PVAX50lrM/GGGGHgPwxkKzJhFfhDuKnPnaxUceDXaQSjlsrp7LnpSGonrhSVW/HAgUQ7Sz55ENg/CcLcQEx/2frKeXo/LpIOBVMtMc5feuCbRY1twVePQt8/Vjstmbww9WFbN7fLSwwcZJuF+Fh2n/xDF08CheDbYkPNeuIVaRk9HN0u8CMbW/fCICI4U622UgDrr8BZY5gwClncw/2F5fhFdUHp2G2ME+GhHtIlmMu4BmYtLBBHzW2CSXRgM4/vONV0RcR2mq9OJZgfnMKgLdc9xF9unlm3Qoqxt7KQ4B0KrtJ2ijHRbzHACDokZc293zvPx920Bwt5+ZGWmpt6xqJaQECIllPff6/76O6uS2b4bmNiCafGa5EWDCNTtuA72YOtzLthsSycnDdicL3gt9GgloQ7OnXkBHzMPYmMUOaZXZOzjgaLGaRC8Z6TiD3Jph8lyiNcsj82+lmdvEZStkiYSMVuxPzt5aOGKZlZTyA8lQ70ZNbxasQzIq3sFGL5JPa1wEFo2r33GWxOjeQaDTEf+lz12mMU9Gf1E/A6pkkkhO7OHulJkP8HnD3v3eW0w45Mg45u0H9svpCQnoazpeiec6appt1IQm5ybidU+k7aGBEjzLJ0wcGinkmEw/9+gd844lwOWDxEBg/TGTe6Y77I+mUYIJqBmXwmdLEFp4v5wdm9NxM1QkOSwloKB7MB3i9GVNg0qq1UqRDpaa76xTcESlBuBwoN9um8j3+4JxRT3tohmpXa+GFwTdDAmv26oypqArrm0kHpS3gKd08SA4vA0Yn9d2lmmURDO0PAHToC3QiTiBN3wiImNT2JhP0Tk3zA4nRpIKMw/YtkY0TungACdSBpAAqgAAAAAKf6quMnvQymt0SnVcIIfAVSbTMJxgBseex18wxxfSQopcwxC/tIRleZ/8vdLEaBPdBxhyI3xQ3m8VeQAlahIfW80bMu7MH2W45wJpRYl70Xq8LrMllyaqzORRkv4m+8oAQVzpdYgxZ9mP/TZSLk956opeM5SJ7nRHIf1vJuIrDAy6w1b5UeQIdp1B1bVhMGp3JeEyNAV/ngiu1WmtgzFgcbgg7nDWvxrt+s23pJhkh+ZQAKTq1Zybp3O+h5Nm3jGpeNEWhiZ6rb385mU1dGQb8+UQtVNdT7zX2G5bVKelfue0aGpxWnMLmgp5vJb3qf4QaUrtmqASLUDqTZJzkGZzT8PmzllAqUQHO+OueUD55YhbjVqor58IxiJThueIz5IAFydy2s0HmUHFIqJLmb5GvUgZXpnboJMcersOxgVrnA6xmpYC4aDk9Eu/voi2gzOEeU+d/lryOIAlTWZtbYjXw9vOGCoeX/bmzBJNLLIVgNJdhz0XCDPPyCQca8mIivh9iuHitSy2vlPpoPn6m3YNWxPpBpTeM6lz4Woky31FAe3D5zmxWky8b1WHyyhXWz+9q/H0+9rc1sRyiU4PLL2VkO/gnPhMBw/pR8CI+ZJnSEagPtgBGAMsiBqpcywozOqNwzmOF9xGUEs8/EIiPehp2XHxDopkRM+8VieTcWKS9mKTPUfH8N4J24bLIPGNF6I48Vd2KW3WlfRpLGr7d3LBCEVewXpjZLA9gydvsUvGve83+HeYEbKT24GtdNDa4n2evnCwdzVKpExsykdEBkCbudPHP1dzRg/b2fQ76Q44KOO4XcG9Lk30/b9yn24YMKLoZUjaZWBKPd+FgaHDAcxwz8KYs9S+E5RjKlhltIPRq8xRMnFpN8wnNDoNaJHnqbhdkxh5Z1ABL2XsPUTGi0vs2RuGRWwELQldt/bb1GXXV8WSzCm3T8iy0QclCQqVOhPgZCE4X4XxHlWq4dFR0zPfN0B+Ye8EMFpV2GQvpMYGi9uZbMTE08Kt+qgbeDz1Wgp6Qmm7Aa4a2yIhlqIjR423LJz1Zklg7Lnc1lfNK8XZzd09Sg189KwCJ8hu1eokrl85h+XrCsU3zlPx52nvQA25IiDSPGVNaneMEqaeYHNh3f30k0bgLvb0MsJIdDWLfZTGKeVSLKp8nwpTSWCbNF+NFHGMZyJy2b429GaPrqNqUUFR7MdbfAhj27J7bn9BdoLawrNr1B661pFNwqyy54wHGD37r0qDaEL1moAJcBN6QJr8tBQfNZDotk+LLy4uhcf/mjQnOXZ+mUAfnhcm7/tdqOSopJ5kU7Ywf7rrBjdfLADs5xrY8m61iNX2PjbgrepZg2dk7OZFFZMrgz+uZfXsqbNhmD8m/F6hW3G9h13Dy21tHKSiqAxS/79M4vauP1+Yynu1QaMuhK6NIFfg8C0jO03mlcfcBCXLuo1m02ertdZ2OVPLyaqrO/diUOBkcg3gvukc1ukA3v1bJxRotXZ33aXT+kca4lEYabj0CbJ/IJf6FWyq2I9aZIgfJ+fH7B5wQsIgwaF2Cmz1Twlwte3KBrjK8kzoLWn/+ZaPls2AXCpD/Yd0WDowko4KYBMuaIyszqwhK3FlJirWTSDMQnQ8Sx1nD8VNC2z3K9lQN5C5hH5IW5fTpMikkZwSygvDXaQfA7pCl9VW3n/PeVrn/wc61WQRFhE/J01qKVSDnnJtsmYmofOMosNySb+fjidl0JmjbQylDcL3iK8bT6AQOL9p1moNh9c12iQqrxy08hWg3puw+K1/FeRXqAQ757TXv+j2YOWcnLQemHqT2J/nDQN16O9ARpeosg52jRF/6sTJLbQYLXYgwokH/rt1Tf6p6PM1nSnC6KIBKvlkk70asST/DR0QMyp9mcAOny067ZpZxhtl9rpcnTlXiB/+lmu1FK5EkiNJ9C93vDa3URosCmQ7wZKuX+2/9cY8dL1sLKay7Tl8zxAWfKWBBL5qM00zhUn3ClRCPrLzNGZ+fnIWjCj++vVJXqCLds7ghsz6Of8sufq9SPCAWrlKjyFBIMHnR1iYv+O23u/qqtsdcTfKDkKKPQNJuNqdfmZKoVkp9/ORPfB6CToEcJztSx/lBqP4ZyCQyO2SPfmBl20tPNoNsmhcG7gyBWtZjOg3t3KrDfB/JbKbKbi2C7glw0z+Cp+ERrYx3VV32lIiZ68XFeK2kJ41ZtkZDsB/Sr2gExZfERziZlqACZMABsPKwaThSzPbysia/rj4aqkxM785fWJyUm2gmVUIdOTIUGhbwfVNuFWsuJcgjeVu6XwATLs6GJwJ+rnjKfkeOi9QK7oP6s7bRBwh3CIibIYsM9Z0+3B9Mq2qFHy/+8FLlBkIphfbclMX16v/ng6BkvPz/opXdlFS7Asa1iXUJXq+ABdGafxjBmOgU+To7isKJGCLz2ZzCQmF82Pvuafez4Hem1li3ORXHfKzPbblsTLqNmHj+YodxYfKPuz1wt1IodGe3UNwB67TcNr6LHxzuBp5r9+rBlsc5jXwZM87/uaZwkbgBLroMTMeK/85ImcD7N5pW/zUfRVVRrJY0R/rjM91MdI96/9x+Y6ADKVnpfn2G9CZGpbkVl8vvGQ6k9A/1N2492cTOOzm0e2HlxPFRpOo/k2scfApAaue9saM7Ly+Z9T68pmoRbKJoueZfhKhE+QCfA6Mr+5h6m9NY/MNY9OgjCz3YzodMRNyyOGw1SkHrv6bKDEzKcoU7AmBLNTI47FjKtWijnA1bnc9r7bhnRHjgfHlazc3uHU0vLnUZhxwS35m0YPT/I2x5/xQQ1na0ewOikGrT4aL5KGyqYAd8EEJIh4R2vhkyoA5/nPWFxXrBoY8n8gF3CUYMqMgo/3khEM0yiaILxwIqEmRp5QJ6ypYTOq+CkLDwPrM/OrDdbh0UunMBy2FZJ2s93bIO/EVRSFB072AZPx9+d7UuCXYzIRKoxmf4Ln21sWi7n0kl9KdXmofu40pTwSIPmxLHWk5kXTGURgnCB4U7kmgU30kKoMgj0U6Id7xf2BdhZyBOii9Py3a6HNQ3pleeoy74bQ/F9UalPEJKjyTB6aNStGlMO+st0rIc7rWZLTCP06Nz0cRPrBFDHFU2NuOZMHDucpAo1Xfwfz/LjJfqBvwHGQUQnM3y3oe35NlS3kUx67u1cevnfez4yuConKLWmHiBYjq5BOF/Aa1+K3jsKI8ab9CnhS07VBe8s0iAjeZbZfiv0XvSrzeBrckjI04xYBUZAuRtZg873oH+UvVrazTYsUNBRyk958XL2RcdlyhRZdpnkE7RxkcYFFHP8Ydmt5uv3FJ/m6VrA1k7HVw7/Yw19EDOKntCY2ZUwbZwpBHYso7acXSNOR7da/SWYcfHYLzeKD/mEHiCdXDKlwzsGf/zKgCWN1zTMu9cFbnguqg07Br/XSPSAQn/JjUHslc1JPutkHHKSZUbzwOb3DJ9O//2xlJN49i85JjImiurSQ6dawRzxnVkjCcWw1vw3B5wp/OFbTBaxCtO48OKjfomK4C2nleJ6K9vWM3SdaShncEtmuM9U+zq9h3hT2dea9Zd+a2j+AHN40VmsrSIt7OkXRuo+VsTq23HydDu8wwKSq5hxZ66gp62cigWpmcRb08km4DNHZFBaZiafU1otkNdCusuHN3ZA8s2nhMLwZcvJ7wHQgkvCzl5t2FuagqSj4Tmcey3u4nKYTV10cKbLKxNHXYVqXPWVrVfCvTuXFDPGLrVJG91c0L3KlpQz3Nc7OJNm5COYTM0nxKVU1fwikSJtIgjerws/R3N647fPWFNVh9TDQawoK6g0LtZHZXdzmp6yZwDCbmyTN9LgfcP+ZiApBKoz6f2NVjCjw8rrodVRTXTafj8+i1EkibC/UExTIw4N5ULDhhxfMP7hLdwIHRL37uNR60O8z41/VrPKmFkoT+1sFJ6np5CIMCQvSuP+CkJh9wAXbO3EkORl9qlp1eNgWoOqtIGiyUCRQc/FjCgts5KvDUjVSYISNwiQyttTrxSCyoGWRYITRGeLuNaYCylwUkYJNC3csn93CsHfyAs3d/I3aq4jhmmH/w50EERlYwlCAHk3fyxV0gZz2uyIurpn67mIz8toH9XYtQTJHJxFHo7nf3EU4KP5v+wkgaKvnE6ZsvtXSFua8+1dExiPKZ1AIo3KUdPdl+0NpwMVV09GqCETeORcMRppnAiyXmGdH3uC8ie5BUYJrQWTMFF4ygvfCmgIBSPuU2RljTtjD9fh3p7hdK5W54cZzKxqpG5cscXSdfemMvuBcVDg5r913endP7tsw2bUAp5gah8uneXUWeVLaecFeDSS0frP9fawTCbdKTHRCZlCUfl+qX05qgYRh6sR9dMlmGNCI772Q6TlTzIrlpc2bA7jCJ1srtRsCa58Imv25gmIQ0egrrjcOX6Sg5s6QlKbnj0HetPcii+syo79hLA+xOgoU1AeXlp/6Il+NsZxAE7+b4Q6j7iIouC1VRThiT3jML2kpNCy3tFY/MHlSNk9WKLACmxaWf3YuYPKOvLUVmf7ISMtdpwZ1dAG0iy5VZybT1np0JaMr0ooWrPaT8OZLS63qJX9/CgkLyPvifRf0bMEYmim0KQhZmOO4EE4N6EO+3HV6BZNgp880WZQxsn9bMM3LbgkrJtig/hJ8HWOO8bEi+SghTZMcZcASvpSfehOGYeup7x9dbIWgeGHmA12FG7Idr55lS/a8n3VcVYFHsSeU9FMezSSUVNadzA/5UiQJzY3OzEL0vPRdCHyH7aVi0PqoxKW/H7fHAwM9ny9s10CGY2/Zekage4Ox0P7QGzKRJW+2mrQ6AjVSa9zCVqU9KyFxh0fA8FhqNEAk07aNvdgGTbFSmSIiKTlzv2sqxjx9NH0xZPP0VvxnXxFWpHtlwhU+96JLqN6gb3GlXvmaRN/wYCnNZTE0d1WWlEaEdxFUu3CV68/CzDeJZ6J/xOyz8jdNeqTPFw6fqt/Z1ANodHfTKcsfBjr5lSXfIunGnUkdSIEssJFN8YqA+spiCNylLsdMlQtT7jbFmiFSTs1Mwwe0/vUXihdaoUGS+fXGP80glQlcI8bQWGljHJaNaRB8UHTt1SdbwqqiHMUmnj+FiYbZokumIOxcnnJlZOpbzLniEU1dnTmzvgrYzR95ey9K3WjW7ZOUZkQwRTerLp9316lDLs50h0Q1L9Aei1RzLfZskyUFuiMiuI/r36cck9ZIad8j36mJMtEtFThh2Pm2wiT+2uC7KmZZLY+E6kjfAQqJGfHNpEmT641TYycG477WOPeh3xEGXJVN0YC3qJ6nsxOCtghUwCdClCVhxwmc8gGRnnNCPTnAAFGuMhSyU87+TnQ+DbmH9zJWuUXFcw8a6UQVmW7++mfufC8INQzF7mTl5nTYtjK8Vunl/v5yHBt5HCM/WB6gA3wm+7a+fHmQJiaFs0XXyszm4jah421lDBC4dqYqT8ucggiiMC4+O9ysZez2+OAXjxP4RmlP+ANg0kzSWHrRzS1NzcIYkQ9b2nkAme31J93TH5++whqcm5umNgpsU5mPwtLmEh6yNSLwF/D1+3f2NVIJoQHqx1zEDt7ZRa7xi26MOSQNqEJMJeh3TGoBInfMeYqHLwLZWUWxlDvYHLjK8cr/aGojp9ooHFZnAj1w2HLbOUqTxXiNai1qpY/yL6SMtEiLvDLgOdZxYlUQL+/AoNmC7OLF68PsP5jxvD1uWuO4tyFQ/QtqLlvo2X+8BI4J9Wa3PofCjv13BzFMuFuc6hJ5ckiTJDv8RnVYBCA0HgEmNdBaozR864WdAgRhqOV9abjOLBEA7BIKwOq3u+pwURV6mrTxJFaO1fGC4DPhKTtaiPESQz/YdZMUJVNj9smJEmX7jU8IptCtQ+nuX76K5/7i3rFrW3ek6ahxtzQbjjZXuXMpZSPIB2CtNSs5d4g/jG0pK61aWzEtYl2OygQgacBCMHDFGRYxgtC/s3Wb2OBmLrOsWIKzfMkl6fGvamWg+sZiYISg96ISQF8LF0btqerYz/SeGcnYR7hdekbRAVgfoCBiVZOycQh5MHC3QHziCBXsr35BIJIegRYhXsbz2bLY4LJ8Ja6UoyPb4OZa6kw7omwBh3ozfNubakkhi5Y8OF/zN48r/fssRq9HE4fUDVh4BUtEGTIF0ux86vKmVqOEA8MNpHqBa/FReIk27Jh82yvIYTDK1sBDZG6IDAa6YJy9XzL7P4LcpwWcjMCTfigcw/0PGbDZnaBdvut26oznh5oYuoHJFmaoK9rjeJ7WzgJGbFC4oEXA6LTIg3iJgkuyl6QX+KucSFLnz8JwMjA8azRuatkHcLIULu/gluPmh1gJ2ErJsK7qw4/F96h9sjW+BlevpPvDsFGmYlAScnK4csL2Zj1m33HDrj5yb4Gg04gutSFfuiFAoFF+T7lMK4WaiatX1XARKmKOSWbBFymqB2fMmn2szTZuTL/HYDg+/KafNW71PI9klJ5VXNh4YxPxCHuHzwb3zNC1c22wL9GGuoxuFaRoD4ffSK6ANavZR3dMZeadoGkj6LRmCH+eWzkyHzxlY41Hn8FRI2p8mUA6BkHb8RfBpPXqT9XYzIQjlBybGQ20wWp6GWwog8hoXUuqJO6edZ0rWX7XV5ZnDpay83lyLBnvn4ldbXl54lsZVIoZARomWZhnR1Oi4Lftil5UvUijH1wE/Sy17UOuxAxrtDSagQGWzN4bc9/GJnjuxL+vAtLnCdXLHzyFOMxgPQPs3IKm/N5RA/9feD0BKpaw33VY/Qvu7QByByUMqInytiua3K7jl+JqiU0m4hu7+4l0kiX+HLZBscOkwR5DEZ7mzY63c4SIj+3geOmU9zh04+/QFNwpR+IbAFLu70aSxz96ST4n9pQ5Zuh2Uq/GEjSk5IRs+8i/Dn459cHaQl+rdITsWuA5QoPYSXGevAVjMxSUY9nX8m6S1/PIzOd86Rwdq95BM/zEZBUUGFp9Voz79CYlJBCklVtRL6C+8H7dJ6SNnsXOpQBsuXUmUeMoon/qMhLBznpV0GxYKdRN00kZb23mxRDW/9eOcBgeESlIS7vv82z1GBbTvNoiomVYvU194FzHNsk6UeWE0jV2wDpOrtlu8Lx1vomdoUa2rGJwU5q9hOIRMgNnMIEkojH4f3yV0USJip1Tc86XUsx4uZHke0/H0s+Hqod7hClDwFc/JVWHwZkkV0AEADIzcngFbCx9g8VWQBwGe8AE08AHggLPkxkO/eT+7+BHQ4JIKzfleVAA+Xajh7D7VUZEzwY5ZMVBgDa8MzbOKOMbRRUe9LURpwch5hU8sZPosMp4l4+BdmVP5eYzTRw4Mezs+++Dv80/+PzG8TwElYEfvrmzO08guPMv8JPbzdOac2kY1GKldH/a1+gtAlvgToHEBDpND+YKtItHJ6s+9Zsqt3J+Tb2zVv/pjI2JR0OicNvPWfxQ2b7yu4uh2U95b80mzNIEUjurcIQB8I0qZGPjgCbWtTkCw+u4iXc5k/+/yP+mRR3nq1cK0A7+QTLLFkqpq9D8FUf4d/OhgxmdtziDRFsq/wxwb2TKUTAsII6OKwskfAKeK+o9lS5VpyObW6sxD0HR2Ga0j+XsAQz/XoLJP3+FExSQHD4BqHFumtuYHmGPUa97+nZqpeuetZyzY8AdNA/fFnznRhiW1NflcvkUPuzaJYn35JcNA0fkJiCCJbwLPuxhAK8BlkgmHFX9TsG4encf5qTo249BW/xW6cX8OKDgMQAyqRgxzDTeGv8YIqDbu+6EyxPMUVYo7SkF6SPFr4xdA7uboB544h/PZyNOgzFJaS/ozp/JIv0YuqETp6nRv0Ui4QeOaW5muRDksMdWkOE7GEbNp4gBOodHYAEeTWMuy0pJHn3+fVNgCUHXlx4fPludwCCdQ+4NoSVqHxuuCigDnu/guW+bPPFaTqkYqgsdK0uMUrb27CCzaFveeVx+Aw6gT2+OaII3S6REZZcnhFSdb0zDxhon4IsNT6lWWdiuPwT+8JlJ7ThSVT5ET19kOBMqCF73wmYgeZSvBojz65gCndrjrN0xHUh4KNGQ9CsDtqKbWfp+TgEJFfHut7E3rztZDl5rzb7YiByGl6HxNgiOV7go7MBGybE4JhYHQSKzYLDRWMf26CXC5j2AaYzKFj2QHu969RlIfsJ6K/eJB5AcRjCv/G95Ww940UzjU1Rks/6UEoxC9kSImhpS0fsdXUZlHEdCMGTzK9te5+t8h5IzlYYxT4XswHKZFYqesG5k/yurNDz84Sw7Z3WOYncbi4L76fFAZwJj5iEGkojclsqoEg79OgJy5fSwy7K4IYjh6Xvcn+viuVORT/Z4obAvWNreOVMidOqgE08OfWx/P4fY2UmABXmuHAOw1OnBxsanfGtrg44Lo537jPDXRPCIsQBa4hlRJ8jhsGpeorxESjPrSHNiWhI3/CGdukZ/bnn1jUQmm8u2QBAZD5d27i4KjBvm8Pi3ETZVZAYJ7Gpzjbc0MfWrE26qy9KxjrpMDeB3C0wuwatUcKFuPxakXhZ2NiwZ9pt4olAttr3+Fp55zHxKDpSLNMzDXlI1J6cUvUGdBg+cSEMsrHHf5KJzTcUWwY/Vw8pBViK1sZvFrJ02TPijdqhfmHUzHN3+ybOfgCTcVd3RlD5vsQLKo0+NK3IrgK2YsiumWzBwMR8SLcFL3qPrPFJAQmRottnogSlddFp/BzzW/OMIslOvjTPBfzbAi6+Io9J+ghmQoX3+F7vm8gvWyRhj1C/w3Bpe8dTC1oRLO4Vk4wxYXM3eNuKVQoLmtpuzwBcc8QAHEYW75ICfXZMNURNLh3iyIUyWj4thHpYNx/ew4t5p53L+yU2612ez2sr7o5M6dq4efesrg9tEJBKtnS8GGoudHNegzW8zqCL0TdMzeJ2HokXRczz86WN+92Q5lcGE+zMUwZK24f5iFzVPtcgOXqaYGbwszAV9gA3Yg/LpQLCm7hF/1fxZzVygSnndipX+qURntIY1okkiDJ3yvHenZj8s48XhXB6VceDN4lOsu4d/wIHDOgWnw462WdWiJ5jyyFMxhE0+CQJIplYEPWqLnDL9myVMtw7DttInzNIZAuJg/HPFVhIN60d/feFVPOupzzsMe4B/2hA8YeOKrq2dPWARDknsKxmo4Yn33uC0VFDUix0fzur5szvGaKqSF8RvBgIekipyU8sv4jx6Lm/RsMR5ZkUqu/FXXr/MSFjdT3OSdPqKMT+c+XMMlUo2KALZAC8av1Kqz55/iJhhUvfIlsZGYrAYI2t5AtN+aY72VV6rexGC4wFSdiSHF7+V7jIjowVZ+9Kh+lxKHeNm53d9HAJoJCBySuYXVHPRQIT7mJc5CVjIg2pqccuknKhUBpX0MmvnoJ/jeKcI/cpLXOjAR+9xF/I4HIb4xHS2LA6QJBLdUdxjDU3ldmtjt5U5lDho3kiiTQCfbHfc5Uos5MLCqETCdXB5Vko/zvCAC/IkAEFxq+PJmoExJYAGjGfDjH0ybOnF9taGy4ETS1flah8iv4QGR0w9JVrghV2mhxJ/k11zqJhu2wBMoqRqdn166DTs1xFejdTR2HkuG2TYpFeOdNsY81ajZxxz//yH6KzP6EPNHaDOLBn0jf+aFshJHN4LDPt9AyW5HpzThOSVkoRMYc2IWEuxunfB+wPKUbo9uXJKbjHaxYDc0WlBwihnalZm4maWtl80I8DSO/X6yuQWZq6J9TgQbB5PUQuzmrTUm6vjJt73L8HwBPH6/5MeK2K7OiYhvu7XTHs13METgs9vwgj7xUTNv+2Y2DfgYCbb3VSF/AlW7bEjcx1c6cjk92U7HZ6t13FrYMG117JU5SnMVZw/tNd9907vpYzN1SIV9lygD/HX5xS5pcPrKbyAN5TjvfpPkHkUZiE9vHZpzTO0kKsvLSVZPXaUa3d4cRtf1ts/TT/Cfqlc7U4Wzmq2isqfT/1ETBfqDV14wh3FP6lTwGruzumZ5zQiupvXyCEMPIBcP79AFuJBKloySHXajztRknyiqekr62B2CDrEsCqwSOQvTGSOt+brrPOB1nOdAPTirynuCNOlywar+DD+WALbiPG1zGAWuleWav5NpcLs4G1v5b3xnQLowA4M3jIr9eitmj0ROj0gk0dHLBvoLlTr4u2NuIHT/erE3A0KAXd11fsCuSiYG1GiLfjIg9Thsr4qavWeDJ7oPGOw3/QfMqEJ5WdBIkIFjuur0gnZV0IR8/8dj2xCtquWSimlmYMr2mzA42B3iYp2pGhQSSKFAJfFT8wvDhztvvkB1p2NXMpBK5tROKBmX186d48f40ppro0IKOAbqEHsRtWkDUAcr48LtgUKrj54fqhUKLdkVr2UIstif2TKdRKi2qaNUlUpiDsU5KpKSKZvyH/gaLE7XR0HPtJR7VNxX42sRxy/kQ//KZQ7Suh5C7XVAzJTkWXunmMzUb2imxzTw6O9XJWfaF2MgfaBje0j95iBlfQCLxwJXzDYWf8VgVpUFUatd/l2xJu+gcaxPH3NAIMnBwYNSdGnQNYNf1bWhU75BBw6t9d8X9U0TWB30AByuUdpRGRWd1GD7Ij7bfp+LUCryE6uO4Q7EczmJT2MJxk4vZjeqHa8w+qzWXizLUx4jA63xdhtWLkViVco/bRCohYsn2WctYsJ8qZpEgBkgzoG9KNDrIbQO3wTJDHU/PJVeVJt3aA+hl/C9knAUS8Ps4kYuKCSu/KxaTEHP02PEDWY9RawS28qLjp4mkj4xrj76yDcO4k6jG+h5V+2iqP4NEqZrPIeYZ//M0CVTftd6e88Bg1INtlyoJUDukggAq8y+RFadi3djiKOBrbrRMs8PdJdAxbzGV0BIIyo1J7wLwSWYI0uzZ9e3pTLAvQ/M8m7pEJGRenMbZD2zp9EV33F4KUZbA6XM/RNE+B1GbRcAhbDtlerjBfRfHc9686Q2Lb2xHrjKuAiLEV9AWZyRBwJtHWZNEx/xYFQ3x0oKMhDs76Q3d9Jt4Q+r+r1fl+rs+jHWrnsb8SguYyekstOEGwp6Q9WhdapnxK3bwiYVGPThpg9fVM+VNLfrfRoagSN4IFdZbWWQvsj/RGXAzYiE4CYiiyUImxA/dnTkKyut+mxyskDSlvk2qIQMjl6bN/PEKSkHmmigrajZLHUFeC3i+eZFGriYJO/wbSKM8iC3T1sK8OF4E4O5SV70XxuAY6FhevIhwhPbSGdhHyPTh4BNcy82SwN/BfZt1hLeWCsLZgRf56d+3y4tjgkGJSmyDFjnr95OdR4xekF+Y6X/xbn15H8ZUHmaeh7MDfr30SKoczXKqoYJReUsVgqwoLZYUsi69M7uR2+5g6STCwRtdNPH7pkzchWnoplHWXDWr5f9Tuf6dvWarEkXUEr/JzafB5IHNB/ZbUyCM/OMkcSHv9xIYdotMvlIEsTluVkczb5pVUwLXcOmtKW3Xccl8sF7Oppel6JpZ2keNcA0SdJwrxV5oV1vP5eOhKN6d4qQTmmy6TDZqrb/PfhiumCJHqG/89tru1pGp77cAb+Giixe45AcjwiHkfHbJyZvX7AMZNDLIeTRGmEtk4nFTZmiDSfBUdLuR0hxrpiCf1J78T8ab+bkchNUMeZegWH93NJkXLr2/Lg7S/F/tyyr6eXa2pIqfyA4FyW6jQGAGjfhsHq3Wg4MYfFSXXlgotrOfqkB4ZnnZkYP0Y+Pf5+8qTdw1ayfHyAVTxKI6q54y87odifdcxCLE44y14mwkIQXg9TKw2MR2yDNbMvOGd74C69uxF5WGcyQYht1akoRRXLZoxS5Rbw9gjGXgzBsxF+UkZtwE47CY8ZUGFvQsMvMqJ2oCtfsdXu9LAb+D811tmSM1I5t02MCb5Xz50agWMYOxa8macI/tB8uNIyqu5DS/8k/knbYhaO+RCD2RSQZ7+X58MysPhU+4+aecnJrXSAdCeEcZPep3m4sRNlaTXzgezmQ4g7yCqmak5ZDJDYYS06E45WOgkY2lg00vLxhYu0CDcZ3LsNUnbnC6kZzTd+b+H7OUu+516G4Ib5PLsTKo3vBY2aAbL6JVqs1aGjqmKCl1x1Lt6/beOJm6lcQMPUtB35K24L5i3fKxF4nM4VzMnuCXyjT5it6neUP8nhP7z1yo+6sdB/HgoKe0o1v1oCXYEEJjPPsCia42UwLRtsZl5WzfTs5cGtd609NBevgOx3WkDJyZxRLxzLoQmnqhdpMCptmSpsop+qdQLpp+d5tTJ9wCPn8AXborrZA5B3zgSkHvfMw9+ZyhEZY2x1frq63bi8ot3K7bNLLyjSgudWuhBq6bvelxgmFnbbUMrV6HmYH7jBl43XbYnomrzYjYTYwkexw3v8tT6UwbUaWRPMWTyhTrz3rl0it/RAxFH5u8WBDvQGxPaBWXWlcfTvtnZ1CP5snlHgLv7A2hQw61TS7D0l8ZHSG/MYI8aCYsY/9Rv8/G5Q+bMC3N4PXs409VLnpAZv3FQf1hgtYjUJQIYo9qJu91ehygNeQjVQ6v0qKROyD8xW5TJut3CdT4JeKKJirPoSSZYyqAxRTPFtbzz29IstvfNilds5WLuIi39+3lrplMY9IWNd3Zcvab4fmgFydrBGaiGRH9cGZbashan2itwHiuzRRcejsRIzTsNTysnUVC9lavXCyFNqMtkvOasz11PQz1tvm6puJzXwcGjjnCjRYClDlZWdUhN30xo5he0Yqk+fIeOye/1ogwDQQZVdvLaOdTgLCEKZN4U6OetsqaS87Yd7knif/7GmuSkWKxUjGISs2kiAICcKB7YS80q8X9seo3G5cx4HDgZm9e/WsNlIN5gGdH26i7zMIoq+6emiC2IvTPjN/AbynxYv3usCmWmOqfWctVDKWg9stg2mkYBsLZvxTK8+osQ/vrnUzsqjwY6qISf992LEmVGidW/7yNdql0gWpqRtDITnSQ38079/5a+lq0HoUXeuIcAfpN/H2B7MtcsJr+RkBWE0NtNEWZT5KgphIPw877xCnp8c6eKKryrtcXLB870SR6ciDbfsZann1lAD9RyA6G6zGCRRBrmYCsMrJv20xeYJIsLoFNJUGgluOjachib5umrfV957S9EJGmJV0uZyHdLY6zDkn1IMs/gjdbFCNUwiJreQV3XIus0emXwxRGL+vT+PzbAizB8JpxqFiv2eoRfvFj21/dSabhCI82G4Pxx7w10Vjx3AgKeyr8jaupos/ONNALvMUydlYnxa+4NxrEJd8bvPipY0Q28IgGkrSeFcUGQx207rNNK0tCH5fSzLWmQfTsRRkhWoiu/zb+43n4+hdcktVa2cDExA6i8zHhxARqVD+haNC2vy8eKRpxx7LnZhN63m9gF/SVGMYRxFTKnBVqcwskLo9gCq6wC1pRxfdPwJQNS28gfEXxEeAVPKDvKE58JszK2MOgGbAUGNEZkMzDiT8F8du6rjXbb+WqvdL3NMaerS//6JHK5Ex9Pgy8FZl+bHJLZlB7aMcS//YaS3U4zLkPqntPia6fSUHwPJakyAEZ95H3pKdQXPdt4lEfFJSvkAbHwvAV/PKqcR+0cxLS7GVSTCa7dMe19wWq4vpCyn62uNibiPKMA7sMsNNC8+x5sRfFTE5jeWPysRHFg8JQrfqYSjedxNgZMvP2/gwDNWMj9CelLSzl3tvoxcHFK2xtg8LT4SV3E/aASSVwsX67ixQvOauyZlZXZ2KIOVUJWZ8wefr5B9VHUoliOh9XPhFYSZxImLzgVexUewsWk/W6TLqZslLYawtKTY9r7a9Qv6YqBuxBY3FrakIC0oApd5RrL/DUg3V6rP57uuXwqIPu1JPvTgeq3IMgoasIjQrZr+o//ljwNDNN5IixF8UHNAwKBiZ8+YcxH0fF8NaOi8RBdPRqMv5GJNE5av583qIaI7r45IuQlIH+0avJ3Vv02AnqB7G8JQ/plWB2dXYFAtBpQV4aG7SiUnq43Hy4H5Y+ZTJ0+rE79g6ETfdGSm57U/t5lJvhGP9D3s1Njk3IAsW6qBb+4s/FgulXNk3IdstZHkPvy2qFDKsWvK4BjKSfkZK64MjzQdCVlSJcCVbciiv+t511wF07uVGn71fLyzTpnrjcWLNiNHJzc1FNf0fL/EtTOk2YU7vfdA4O0DOKGH2J2q6qyve/NUN1WyP2ENKxwVHD61F2HzJ4Unu/fMP3bd6h4rlKr+OwYHcbyE0gv9C3roEU2q70SlXfuyw53hM6S/30Pg14Sr9HbQVvYC5X/cYe9VYFS6vasm6PGVR7/h2YA/AyVpqJOclAq++eABFU5MCNUaaVBnJtmYBX0KLKzXZVReQHcEb5vlkuX+cNlq1E0cW90RZnOenYOAIw3PQqtqHImdaRNB86KjpKZvwX+8XXbn9j2t0doS+H3dipOzV9zI7fOL8Px58InHiS4CxQcuj+cW/MQ8q11cJl6fJR910+HEtw+0A0BzT22vTmitGCkHQ1o0y8zdfTuU9NK7AYR2WC8FR25dFE96QK2hCkPehntgpiRz7PGt6SuOUrrVjO5gearbCXwr2oro5kKO7wv2VSXhPI6XpARgi4ZfuVHURjCi9RgV+xU0M4ZTBew/A6WdkzF4ACsO45oJ2WatSazqOfrlLcgDmKcwYGbNmX9axNOH3w5m/DC4frhhtQmxEbsxvyeApaOHpOAnY+hVel2/GqVqGPLKYKVin6dwAS8nwDiweAFamZGYAmVQcAAAIwX1rGRDGUnabIL1xbwyOPVuizvH8bJIBwqyKY36GhjUFFggoVfnEZKNhFpkyciLqS/Fv7jdiaOqRiU2gzr9uLd4G3c5w/CwPDYdggVeM9mv9m33tW8xNmmOVQ2dOnMZWNC5ubZE51KyzbBmwqMlKhTrPzdO7MSKXuCFinlPe7ei5xtExbsi3mU3hRiRmXeTlPTBSbnESgi57jItMomN8XTicSnsNqMUXXS1KMnP+vE5Vnwvm6Bb3MRH9724c9GW3PAiNf6rUreMJG86fT3ylGjhfI/ZQOeyTu8GypPSbc4Jxe1uc4c3qFGDqFAnf0c8zNJzAezKSl7o4jknFGNVqZoxVfV1h+vekO4e7abW1ktikW3C3xrM9Az3MQ7pLMkmrwArJOkPD0gGwVi34JLrG94Tr7aYPG3Bg4Ew5FZAB6BdJwtidQFZspWHQ9Fhh/nCWBB9vb/xf25GoFqGCW9eooXFJfn4gpRiHB5BV8P0TQnM/yad39ef4sZoVXgdjdjtZrofvOir0LPeZuvpmujoC+eGejO0HOWzzZGfQBhVrEm+HpGTyFOB7Z/oe3SWmoyjE+rtDOFbEa2wWMAi4mVGo7ltkw4XyEzl50BlESRT7y2FlMX0N/lvJngihKpPUTjvfmbvgAgRwd68m0sOmhJsBPfwsefKZYt5PMNedG2cwastqVgNS1cVJQQj2go1Ij8lxVEDm6KLFMeQK7/aZZxHeuSfBF7f/m0nHSMx8x2xY2xDwQB1xBliclKoMPUNiYpOULBb/1ecL6r+Zx7HEKwkS/PP22/maAiJOKwFFI631uFqJ9rSyJbFpRtcoqxvTrBGgaXV+XqmC91Hx5YxudBIx/LdRmaqdKsRlW5WWvmJhw4fdx4nkZwuW9kE9IQ3kBCpeolKphWsIil3ANbENDOEwovMcZjW2w+UHghMNQNj+DiI02HQQMo8pKjBZo9iVSW91I1nvZ73YZROpAImU5DngP9+cQL8XgSyCyVOC0EPA/aZVM4o1dHa+SGLezvfR+usCZefQhxmVHK68BMydmMbWRjHUQ6oTwk0rAajq5cOSQey5pIZRkXxihwbL/4z2evmWqkVzcpupRjDUXeOVT9SIJ0PSbHIyRrncYuVug9PvH+9eYO5f8bMy8CamwWXIqvLbGy5bwXEuJEh5BwAbzaHf/KM5G+YJnPmaRd5BSd+y8p8VdJFIK0Mxd3j01y4zabPgpW11CnaB7lkkPK/p9RG6ea6+yOJhuei5q/wteYgDxmGgYnDdVrNjUjHlZqpqZq5N0d77lIHgzVAO+liwTatbDRL08ADLMLss9vYnKylj8cj8CvWRRlru4ywlYm9nUcgkRQHkM0m88VmS+iG7qASDui7x+HYENX3u20slaR9CqvZWxBB3Gk4U43mbt2xa+Uy3fQdU/GSbfbpEj3//eeMMmAIFeamFXv6XSHdJf3Qghxkm5Choeu5IT0sF+lW3Go0ajXc+OJvsviAuxG5wGQ6uOuWsyk5Hn8ujzJC/s+NNIreAlYSTd7EQWvvsK8uAC3sJ5r/LUkLeiDSl24tOMeQpbFYOG6qLkxWeDQ22igqeOFXmcv6EAjQ9zYyvhJqZrHCT8bt0LnEldHdhGhFHiS1UJ7Pa0cMbFcTeFTmGsrBYgSPL8pO9jTIHDNK6sZoF6Ay+p+EVDPLhl9kMiV7Xflp9vgT9tuqCBA+iEfp5rfyXtR0gtAXXkiDICTaQ9F4WMyCfLi0zt7Gx3bpU7XZZ9skzGfsrZavooAi2qZEb2KsCw1ZlNGvipZ/ZdOI22DlZsj6Oub+ZV5o9pNIn66CFcz0cB3J01IiyKxrb5tYTj+eUse2fxAFouWGo4RdSbI16uNu+Uf2bN/H4UI5l11CIte8NegZUoghKF8D71awX+sDNYTnlhqQMhWJSKEyx1AU7mVhPJAPttFXzRdPg+XYq6oAuMlyhZeZxgD9WIrs8lcn9IPqkEb828EuAxjIbNg8yiKHk8dnitndLB3c57v0XbuOdqxfgqMf4LMjhX8dllf3V5KVeP3EtNk6FnNdxRlYs+O02MrzQKJzmlqxDKrFDx2z+335lEhToFReMvKmNKXtOPY/jgbWRIIKeRukwLf5F9l9B7gGgKWvVZmJxi0iEbtZB4t1bXCfQaHlVx46e2g0kOzsK0EIXotPyDArOTBYTS5w71kx+8KmRhONn6zdB8LSpoWbVt5ZdJyqeXLfHqrDXMU9AiioTIyJJMS7JSa5SiVyIgH6Bh7FKe0cqTDJHmOEJ+cT73+OwMe2CR8PW8NiLnaWKYiKDid9godHOFzv37ehKrR0WuLHp4QdFuttOjF9kOa108ve77GlzSQDHgx2V1fVDZn3Z5hLLSScLaooGHLizuZADdC8obr4QtRiXZOHOKGLLOVqtXKgQFBs5TMjsCwB4rOwjxiwQ+N7TppqM1tApVPa/6lrSwWupMOb/qtwtCGwzAIvYDCXGvBtCyCg0iaCcwsStvhBY3lydwkmFeNgeTjpBSIRWplKWvZ0iNf6veyEzFZGGayp15M/7NJfJwbNBYKb+KP2jo8mWppZwRrn+ksmXwM1dYzpkCioTh39ozom9fAwmDtZjysk811+5jufMQEMT5E+IA7WDG7zKQUSaMi7I6mt/rEdR4iVeO05bbGc5q+rp74uA9VBvT83khvvkLOg+zrQWMKv6gMwSCO3GZgZwfKXkg075J4MXXpNoTriO9axbVpD0Cg7hWs+G2eE/oH12B/B/3e5rwYMBMqnwdnm2IexgTkLbb5GU768cYUXRtEaQh1wek4eY77c9BdETlYourvUwks8Xc01MGyNyRadwHmkOPC4ZXQAINhhTW5Te8x+Rb1NNWN42VWViOsJqT0i7Ul7kde313MpFBUrS84ME/4Het666z+40sFbXPVvTu+5ItpJdln769W4LKbavL4MZ6FEHBrFiiXJJ9WKTNAf5dv2B4rf1sjycrSNsY+e6KPM3v1wgslf0s/LNVYDAg0Xg1SqIZM76n3oAfxAUVBbCNRC7ErYXJR5uHCk7TzF/b5EMhiJ8M0dC/02ZbG9NiDfJFHPJfzcLhrpLxE8Fqvmy/ScHdzKQOd0oJcAhdUzl8/8ACI5AAOBjkQomIGF/CjG5WrNpUyCdmQQANyoFcXpRRzdPsVW3tNFV2fEQv6ksRY9BSVd23dfZQeK5InARkIFXq59S/xse1ec7FlWif3IctEUyjBs3GiYYkeUQKZdMmnacKdlT7qSWXqvG5iIRSAOg00DpVIdUS7K3cI4IlXUUhbihj//LNWUi/AevYP8aznSfPy69Ficphc/RWQUwvUN/I9SSe3xu5IV6TBomY6NF+xK/82QiFezDPwwjq3Z0ZmwdUnVLsD5j5QZmOKx26dAb6rO8G/J2H+Kcv/rOhnfiPdWq3iQXKjGythFqqidk1SnDkqCgGtEI7ECUT6TatwIK8luxP+46j0BsXEJvi6IxHpvMJZGktLCi5aeZoq8ysTjAZszwp0CYnAPAiXNJCyDqhwJYQ8J6ElOu2HZX+0SLfoUcc+5qPn5pUXHW53is7vkFY2ukA2egWw+L9T68Yn18tfeoAllmX32RUbWjvgmo6JXeu1Wqp9lmWi3nfNKRJ7Bv5DjmVwd3yF0IaFavfKZfq9Tv+Jcaz+xeRMr0LhZbFnWJ0CJZy2iT2Kca526QgcikVyK1T8NTuevrC3g7/Dm0m83YSIjLajJK6xQFYJTe0mZ/tWyUXSUmHIjjKAzZzOvZtUEFjSVqMkIyJLNh/fDVV+hjYtzUMrcVm81YmP+7VblDh+NFVuRTIvFRegWDl3BivZGtYKjCgrhkDHeJPT9rzBV1A/Ey0J1EVFYVoYIQ2RnSs8juNuPBXgMC1BaHSl98puX8zifdKdS6RyPZBaiZsQsy1rkvG7QV9DNCdlioGs55+CkgOOSPtXVLnTG464ljqG6RbJNsA1UTYHs1ymaJENJ5muyae90G9SAj8uh/0idhlwjLzVEYMfkUWa46YU6wyC5JX0P+jBfbJ/FENuTmB3bg3V27S3/M9Or3+MFyJZ6IPiFejmk81eMyrDe61DH+wH4lL+wN8DR5R9m7NxyE0SjIa7jGaYsF9d4uylkrFiCFO0gtx/CVEw0TuNkFZm/Z0qf1nQgWFJSZ96gBcgnUb2TFT+8tsx5ZtbaxGsRU6xuqu7/LHbMay6VKJSvqCduLXYw+hC+K4ahIO+DLqXvQKVnpz4lMgxrG/J6lwb+8dBwEzhm9cvw622XzUY0U1kS9bjMNr1uK7U8QBJrN1rTQqP0UjXOO6/v02nJcPAFz5zUfkxteE4EZKa7D3cgLvxs9TLIbdUAuxQG+czGj6GquzC4a3K8Uia70a7Cp5KSGtYjdlCN5/cvqXU3bNjpw/ZBVjAN2RQEIxiMN52oObg2MqxpH7TgBanguirzBX05DJoCWFjZw7nUzjIUcbgsAD5Q6Cbrh8jr6FGy9NLPrIeAtcIbKEGaQhRUdQ9D3j2gd1aNOdh18BU4dNc0nVtJ+dwwneg/jynT8nZrcUYIuNs0UIlRGK8nuJpmV0O5Kjk665TWULzCMGKEk/PTGVX1r48mF/3rc3w2KrKJHx8H1q6mzEHzgGy8tT02+7TBZghc7cJCPUmfRY87sw2AmGDFVJrMoEBe5NLTZQJq/0K4hla52PaMrC3dKbZnBF/tI8CCadLyuoaGzlD/Q81bgu88cFEYt0OO4lcmi2zBk5EafIPLHlNHB7tB7bsj8D/3GMbZseQKAMYRt4ANVZLnjVQ/kAXpXhupfaL8JG4dPzUxmIOoaj44kLPMChu3W1Yty6KI+o5mRt4mBGZ0eQQsIzaGOWL06ja772z2ZpLqszMWHFVV6n/9No6rB6vFFViQnwM5f+2EVaS93Dxnt4/JQGUrveL2HKge0/74Zi4f6ukZN7z0YIfBQw309hqg8f4hD6TZSJV1K9M+Ies4SajwRG+C+BcgQ0MqhtLWGpFQ9fo1Suoq/6mPKRi0shc/mWWZ83k3KdBXtDqg00nvvEZWt+skYAk9dEQOjXCnCFtlnacO+oEn+BI3PR3gvsZnJwAfIE7kWXGZgxp386KMWHUwBWdLo+3IDlSIFd9YCz7CxveTd72+cZbYp1XipXUG4uklw7U9cEDUqraMC5BG6FH9l0IOuKVkrXwL6ZTYj5sz6BnMkeLRHWeM2HcvGav9RxRHsdpOc+sK7tIGR0qx1rzIrMp4ju90uyAZ7IFeXqfVJWXxsHUFt/AkYIbPmdaRwmKinGu6ICTQpEtzXLm0zsz8yH24VnF05xrN+6GTPz4f6QgUcg4bwH0r9apsQ2iO5LaRxWqRAYX8skRmxBrB9zqGV0xnWKUA0HSGyZgtrze6qO+Wc5aAKjSauzWQfI7ExDlkzEWuX+bbpPlu7ltXEJJrKPzFpHymQVOLusCdCcKGMK/LMBGF2uIDcMqmmrdcVm1psjIW6noNQMmXJ4tTmrY5NSkxcBl7lMgqdGi3EHMQTY39E13/ASzeaY6CKFho6A7MIDjZNkFKtb4P1x1nwDMtxyrVUgi8wkYNSEA+BQKlakc0P/sobWsWUeqQnKtbkBhl+7mTN/urSI8E1dnDzfrLaZn3Np7TUlaXy+AbUWStzz2UlD1In7bJWvHnabsXIw5wMFF7udL9KuuCT00PriE0euqlpTwa17Bj7geUuK8dQoT4j/BxA6ZDR7VtkeJQFPVJWvY8/AWAsVxF1vjQWe7hO1ZUG3GFgSuD3JuUbSMVBbCTt/8llxfDGSRHCZE7+aZMwxUig2PHEZzeDpF/dzbshrlW0amKEgU8Kvt0+ChkuknlaYp+qmqmCVh/TzrBXX4I8dWcIVLTLnmfTQt6iO3wA/N4itz+FMx0c9mYZMmfdxlJPwC1S+tn7crh3B6Tr340uiTMpKYngUwzyLsr95Uzl01vcu52eyu19oKkdnzFhK7jQqGzibhrQvMYQNPZ1Lm9oHvoothryiif+HTEMTvekKXTRwvH2E0mrmaXpRNLaFi/GQ9uw/Xm08KFNh7ulz9TJ0AL58gvmePdL6ksCs3Ig1hO7a9IpwijopnfJ1bk5gsQk+P4qTl/WWTCxiWkJwNXuFeVAIOCcWqA2RoZjevGeO5Gta08p54Nslfx3RDa9Z0leDv6Qbx79llPTlgYORd10uyez6Y+1lJar5btkWIm9hKBuSYVqVDceBeBjgJngK9/rNkjqQoOrP95ZCpsikHZzq8vEuONilnxqcTM9C0PXYDAhzTZZLvHbrCffJq7S5k4jcOBzm1OkWr0wxm6jndeK4MxwqYb8yTNAf+1LJULtDgXF1LXmwdmCHjzQ4qe9DXlrL1tS7O1Kvc1Nt2DnRW3Q1RbM1G0r47iIxkxTzmtFI9CVjZtt3pAcVgrjCuqv4b7Y4kLSge7JKvw1kC5U4iKHW+3I2Z547Fk4k3+gXB31tUl2uohd2yTk7md2LvwOzvkrWZh3kD6iE8DFBQhWucHNPSL9jzBcQqpfWtxuk7oU6kMSU6781pucXvufWtPIdw+7yv+Fi2czO646lZSzTLro8wqb+O1dPaAXXrAtXRPm9GrcsFVjUyeGywYoywARK1UmrLokehsfAjRTre3yngcEFDAh2dzg90Cdh5+sHeXCzWgDXgTXSuIZoAVhpqeNwsIV9Ixdr20IqhiUmbIN+DDzGqNxUJVRA1vr8GLex+awGY0WqhZe3czmiyNnwEIV+FbSaTm2nU6Ifym3puu+9xG4hUIiUGdFD4M8Itx43/t0NEaDW5JFMx7LogaGbp8+T4IYytmrQwffZ+vI4dyacB5HfDar267PWdzVzZrgJayQqvQ7DfWKbR8ax1j3/DEOQ/btPHhQoljEQTRlGu1Hxu9I5WakevE9yvOmnAE9y+ANsTKaforx5Q4y6VCRPv1pufHOQY8ZYbD1sVLp104nwIVKcNMguqzjPdi4viuFxsMnAQlpsWGPG5fVChJjkEhB74tYHY8bbdOar/lsoCZzJh3tHsUH08wklgEHJHIOA6qvUScGdxxBaZ9wPbrSaEnWkWwKE3DAUU7gZFsUUuCJ6lFEWjmuDANJ67uZ2e/K5qGuFaEEQ06ilyUZ1bfC0p37IWZX2aVVU/uiXszgdp58I8DBGqj0/98YUAUKKfdkhh7bjlaF7JABpS7vdgDSD4O80mo9z8BI8vDQhDh168G/idT4Gt0lCegpVNluoavscaNqg2axwm1Kp2anAexl+61r5YAsAxhFsNHT6wWpzs00XbaOooXuCqBAzp3QOd2wW5dK6SrxZtTwrdtlPf/KhJfs00iID1ZHg+E8YF6Ys/6yuxat348YatCusB3SQObt1Te3O02BGm/OYc6s1GsQF2gfkp3LyAU0aeJslVcvB1oOmP1tkh6eOcILNaeCaSMUknXL9ti4B8wtLotGJV9IOsmD1LheCEFHAGM2grmEAKcfPl0ZbAAAFkYBxRPAq+mKqZ1REnXwC5obrHMb+HyKb78X84vsVjIdFx9pqFy5txvLs59Jwy2C4WXcyrCucFOaX2s6OFQWdsPcAZ0ySrKkF0bXXerGkQwRMEQGFBQ6FomEwxz/ily22BnMZkhqRnHjWHqrUNNSiishjRYM/LGeDVkPnXNM94M6vk+ByQEpTXOaZA2fSDtciFA5BfXTi5C9x3n3/JHq91BWk6IiLmZqBVemzvavmvgWmDFpK+mfIewsHM0ZhgFWS7CtjBrOXXVN3XgqGj/REnPL6gcQ9uZ2u7xfSfhyrf9MEH5ulP90R8vFek7TnR/PRSpvSuX/VS7/Q3zbzPxZIZolX0u5JZ/3XHiNAgAs6H6Cp3eOy8FvCe0Uo/LpjqX0gyal8bB48uyhqKByI/OtWz2b0IkXrbo97yt/zQS4aIq9HO9Y0NIiXvAlaJzaGNfks1M/O+k0BWvgr0R+WRnKuHkJzXKpcePOOqz8eVzBcjiw+8842MD3LYqVf1IszM9RjiM4cClhfc6U3W+43sY08rhy94Ji93HAbsMPcmDvwljQwnXMuP63wZ4GLyuxxnG/oPtuFCnVX+3vMlVfKD72X/bxkuDs14B8WEbxfcfvz870D7Xuk6cQJ35HXqq8XtdBtAlOhHw953dRs0scZULpO76n/IopzPMVhLBWXxK2GUMCoMEljPVk+NcLnOBgEDwacMXV0cLU4ZyHt/Q1BCh6kpEBPISTljH7FGibzcDewPh+CIZuOQHN8R0SERhVrC531gKMC5rhRFH4j1Yn+YaKNe1wSWCQJhSuCRphKLvcI61OQzSbKCcVgoNd+a1L5YndUDwupnEPdCjCMoNnBFt9V0WFJToyulyBrNi/iMrcSfuELNktojyGGG1kO2GlX+cCLAC4QCC6yMHGtI6JdvieHZdAc4U1zenPB6VE/NTa5Synp7WSlKMmwDGMFdZ4DIDgOwrjZBrU7Fa85pafgWZnW+mG50r57d7Wk/yCp5k3/aYUzcrR+Rb97eMGvxsUpMDKQrh5G7VKfA6W/29pQDtOxKNeImxRfvpeksh6RmeYfJfo3twx6H/s8TMU9qwKNza8JJg3u0QVtCmbBMSn1kl6huT4Em/glP4PtCzBwc5hb24g+d8JfBewHjzFZX5Cql9VNNJVtEPghuuCDQbdVJ1dtvYPTaRG1XWQ+Xpt4+0As81Y/pXT+QLPSowKzskm5EnF/hBlI56YtZsYSaShwK6Iy93jaBwm0eru1lQXCwSnmPxkgRPoTnGxC+GnvQBZQv4+zbKj089Y47zEoEfYCXqtzA3xyHobJ8x/cIzx1CPTe4qvmklzBd58H32W8tJtzYxbr0YE1nNO2al+Y/KeR1tIGoBRmMt/LdDeQ8gLzaQezasFlcBtY0inxrBBqYI8qpErkEDvNvvJfT3MCPFbp7dsAHM5Xt0sld0x/lkJJ8ofPCI+tL4bgDQIhy5MJbhSfT7z196XKo+j60xPlChB5c4Aq/xdV0bhIki1YtuVWIs1tsHXu0j0n0fLfzFi5oPcy9mfTshXUVa7ogmPSRKHV/UC8jeo9OnymkUK9p+6xbzvoSglGYTcfDUQdGO4jecsZB9TWL8sZdVR02VsfjtMQJUdi2Pj6N+rlzEvBw+ZovyhVc+fgAaqaAULKAUfvsFgH38mxC4GAaes/n1XXtkU/6fqltWKA6SA/DIgnXrvJe1cTTFjH5VKgoPe7iu4v+nZ1R0E25XDPgdMkOy6BeuDFkMdvuq/wNH+tm80itXoKf8iV3TdO+l9X8qLRpkK62oMJ/yFLVPQjrVmlfGzKbcl4M8rFPPlZ4pB5eLSqY/LaseL/ZpdiF8rIocXJqgnLXMwh1cJqVqnSBhnfmf+m+4N0CFSsHJphYWEzp64P3x4RHfE5837Zt/+MNTxLSb3BU9pppAUBTOeAaKaPTDsu1Iv+XgwbG6RRN2CHJy6qTcj8OhZDT1/ZhQoBNuC+qcSMp/KxJ5NmVR/O+jtNe8yh1IAuUGkrdGqu0HPrsTCZb9O78Wqm6gnpKfUREtNGVzkNYBhh1H29dMDyvxM/MmyciPKPhWoO62AfV8srL3IH5mC/pZOALi7A45etfw975mf1T9BqGczPariI3gwNDnXx3NOEL1s63NydzVKntAEE97MJIlxqA9hz2HpQN8x9RKkC+XX3QMM0JSHzLZAHyOCp/5CojO4WZB7N64FDQ3c/W0cVDOhryXx41vrrXvRaKgc7PZEugYB9/CLL6+Rrgb2o+hQ8DcOS6vhMGs/0N3aYtG7K5aMt4Qr7UVNb2Teet9mSv/TNCyCJ1VVg8sx27Y2zQz0NCDJI+6lYnfXOYLga1C5rw9mpOW1y1W5Sk7wQG0FCPXEq2ediPYWx/MR+LMIyrICDcVvWrIrgeLF4sn2urvsMqDo5ZvNKacvlDIcwWhjSydVIkq0JYsG16r1SX9ogY6z03utErTlVHlRBuZa6CwRra+B1uhaXZlEKt+G/idmOlC9qYSp4HsnrA8+y68fI/F1b1Q6xaM9YdMw8xcDYPclZZ5u+mjKZ+jq8Ox8JyPR0U1OY4tC1yBGkSID1DZzHOZQoqijyU2Uh/hhqDgS3aelYtTCirAt6bJ/L9/pggYt7rVJatJjHcotM3uZAQiuo3BZ+u++fQtIXyuCPpxq3ym+JHMR8s3jTyqMr7wj5RoqqxcUhPCtbIMuXQ76b0Id1Nqs10ZjnD91XMN5GCyf4o8XO0SSsdXzO6aH3hdMBaa0Se4w5GslkyEI5xAbbhHirfwDaTxor/GPQVnSeq+qstRDtqzItaKhfscVGsC6y6864rOR58mMIjtMhdCHEVMbEKZl+eaALf5v05M0kdizL5hbIuerRrO0ygibDNOAtAgnfKeGBcj+aMD7B9VUkvCZp/4U1BEndKt+/rgD6hYWpOO3AVdNWYouxnHNWwL3nEqQBrTWbd96lPbbcaLPtJy4/0JZE5Dm5RHp2hcqX+bwezL7L/ZO/gQClksRCi8nAlhL1cLr8BlPmyjphIgtBYTK7MiybasVOKMjQVwCNd9R4+8apXB0N31IZYppkO0s5CqyDxDPo6ufIVNycPb4XsVSJhcrxMsKup+mYneRB2fwjmLUNeXr5BOSD0Erz4hjpiUY87xH4BE3uHu1qCMYSxIz7dipM81/HedJt9S+x8VZFhDtkCpQi8XN9VJjJBYc7xMzAgTvBMAyebodCdyGJT8rNK9ZNb+MIZI20H/reL8G6iWqEvKQLLvt5ps42rFcTCCo4OcwfoPiok2hgIxuh76ftJbqVfl3mT03mYsT5qFCsj8DG4n5LbW9t2DinUw8H/EqtJdX1OYv1PzTYwn4HdfXdgW+5PuNG1wpM6DEJIf4D97LVr4FPbnQQAJhnO1PPABAX1pHJyPSGfh5MAQgCA15kNFxW4dKnVm1QHI77giBvZTBzae1TKQMYMxDQ1BYhw8CPVUGpzyAl4AmKnJmVr0FKVsYG3zk3MJC1WiO6sQj81FrrZnBmv9abp8dAUqST44FvxlItd5AwIOyOXy6pnoVHFv0yQJuZM8X80RNDi8bBsjumeDYVxh0RjBydYAZwc5bp2fsJxnOJ2sTBx3GwG4sNkOvGWlt8x6C+1q6PUciWldLn/o70g3wL+yWVVotT8YUMyGPysX7+aSchp4leXKpeimNo2SnjyasrM/b26F1/H3sytuLYAqKKBhkSfk7LkSHh9GCR0UDj8vSbiJSZRKVEzT9i2a690iFh0UaQzCBCahmkOFFLd+rsmyWe7zgpR4AulZ1qD5XG51WtAp/JFFVw3NDVZeXERu7PMZLW7YIda9J9r2NZl0Iub+9DOQ7DsfOAuzXh8C0L6p2bjm2xEPZ6IDibVQqNDMgK80THuqVahTKrigcZt9s+5uPhg7EaDLQIbJvCHjKNETfFCsL3FngKi87TI15K2Kc4nlNzXPzLoeYnI0FRL1aBLrsuzpFaqmk7x62bVDJwJUa5KaUpCjoVHbMkdfank7YbENsz0iOOztO+r+XTZvdYY2Df8A7w0Y2QMuOtmgfoOteck3LKXJIvTc9BUvhIFzeB4XtO9BV0xl7Qms2Vu+PshYjmaaFmDdxjxrooDi6NE8I/1ZZWanryUNCkN32v3EODqVALv3Qna28F0xqUeC19nZ/gIY/YHigBkevyKcWnGKvNSf/pI0/7Zt0IRBC+8qyeGikkvXsWxD31XdQM7skwOW0pCxhNz/HOP473DjaiCcpdyFlnkeSFjYPgzRCht8HB96OFuN/UIutaZs2FuNL5t3K+QfKZqh2mBfxevSKap+pPiH12/EH8dCw7bmMwL7ed1mCdsqEHpm6Oy+ygLAtWSNpd1CsvchEWXBBYNytuXkL7Z1/jpo/H/4bDBsLQTmlPYszBFgAGJXvnEinN9yEHgBkJpRpXX5a7fI4Bp4JGhslrYNz9H/42oJgf6r+kHqYEgfm1UPDjL8T3PBV3V/2j1LgCtgyvdVjvT5CcWFuEcMvaCcntsO4N5FC/vSgh+HsRZnO2j1QNE75txlsD4RmL2IFepmv4NTl/pwjEPkaXxm7EbkBNKoqTQVN09VviqvEEmKKoExtpieLuRUIq18ftvIiK+NFc+PCX1+fDgyZYE6Uku4+SNxpAT5OGkdUHcj+z4ggxR+fB/pnHm0HGninuztnq0XHzMFVF5HFjOFqwMR3RViZOgxg3NDUgF1vBbpLy7WfwbBESv3p5x912lsgh7ooaTXY7gfyKXHm6/sdmLkfpLyeVIGi28l0eL4OwyHFw06+6okf5NiTtiCL+nN8aqduX+V9aA7AdFzEfGLiWvAfFF0gu0WUNOXL9L/7uAt2v1ZrrwWrSXotw2pMectcUSrGRtCnU4qpdsj1CX59qHv0iUdLUQOo8H0o0S8rH0wZKyrwXAiugs3oIQ1lUDqnLLNeJn33ONf0UzetUIfXuUXw9ln+5tE7DKN/OKsxQZcYR6s+2KdSgTsx9oc9Rn+WgBc3lB1VaMLmYHT8JLYMwxrHPQQ7E8tEGxu5XEa9i/+Fc5d5iMwLlB1VtMC8qrRC9G+N6tS1HZn7zLtWLx8uUALQzTntYkXqjYoIBGpjz1FraCq5zE0mNRQOld4RcYpo5Ek+3+eI5oXacvracECrEoLhiVr2K03CIIZJJquyw2auYa3btAv6yegZnNej5Fwaw1OgMOu3ZYUfLVuNUu77ev9qe89p3qbAdIKXKphayHswi5haCoNZQ8dQVpgwnEioIl9COguLLchjWrL2VKF/hSgYDhx66kW9uknej8TfSWMzpED+iFCz2KH6MifXj5EXS1Cs2zr8Z0ADuHbrBQOJlYXmsMqcSE2DUMzDszfuB4uCoWgISkqef/oBCtElbxjbPGvY0JprYIaoAuZ3dqUV7cVK3+8VuQz+GkLcs8JQkilw56KL0Ue875iO4Jtotn1TwDro+Roexheeeh9EmbFsATMSS/7gs6tAo+wJCTLG8kiCtIgo6LgypokjvZREivzn5Z1n+GEgDskyJvhRybqJVqAQEvJEW6+dg3vd7r0Dcihno9R4bYh6rme6tmLJA1l1U6xrNPJ5I3wBXvbRuFWg+n+fbGCq3tuVA8qJmxaONFmUIMtE99hWDSSlFIj0E/zupFKMNRtMiDpLj4+gB+5g9rEDq0l0Ut3SGt/RCaIhNI9T0ZlDub0sX+eWB8XbG79BkKtZLop672IbdN6QbN+FUb5sD+4R3e4ByTbhV5KhO04G36IcZ5ZxpuanaMG/qUvHVNu9OoOA8RQrP36yDWhjP84H8r4OzUeiczkHz86Vf3QI+UyvH0y3UqfcF94QSkhQTGsxr3d0Gdmm1qvMTisGp2CIlW7gnoDErBlXOE+Q+byVdaJuHtIRzun5eLBhQACim8wGf6fvVfUt0DT56biG1pNtsezX4t0ike5IlSi8qVIwsO4yt6CwTkxpIkObwE//V3fWl+S6ZCMvYJCq1qwETqW+/HPHmHB3iI+/X2grDPPUHRVPAv0NhdhNxh+9pCeD+ss52qzJK6Orae95dPwSkPyXEHAlZeu5y/owQJZgWJ0ibDddWQIdWKJHBKwO0vSdOfF0jUXtsM/mIuhlWUQbLwPh0pxqn5qv0Pa19MkKTNHM7K7vnYb5nVEwFif6r/R3Z5YqSIhKCVbXdNi7Jozy4/DZ1YjgZMq+8kU7Z3PlpwbhxTL43lSrECh8abewC+1m8O8uQWsLMiPB+uGEIOf7GIYXY0CiPCvfNi982hOplPEd5HIXhEiPfeP4wcrlxWWGjLUsArUDIMx6eU4Cy9pghw6oGKyFeF9rwKmtIgTqtQeHX8EbK2tGMYLjzlZH6OBSr1ukiGGobJhEgd7FZJIyVTI3GqhNWLmxVXTPfxUmjWlS+p27wn/uonbgJBwujRgkzSWIZIKqAdUXj1EA/Ruvut13HPSec0dKd0ermsitf6fPgswX8I8VXBpmYC607aRjrjZT1SqBWmsAdydb2bxN4uVgKovfOJmidHX5DtGHxkoU5L3loYIEBR5tBHeQoFDi4qvl2UTAoSjCn3noANay1IwggF/6zgH7Xg7PfoMVpDgyy5jIoD5mzIkNftQYWcSQ/ZvTRfs/ybO2oER+EgNGxrF4+srk4DOEienRUrLCeUo2ahSwbcn3S7VXEhsoQ2YcaotLuJw5w7a5fKO++tyfTNAOjfobU/FRKqAUA44/oXasJ1IZuWtzAQQ/Rmv4ADXgR88AAMCc/kRkAAAAk+7rUO9++H2uezzE0Astcpi8oxPZXninrtDag+Cf0HzX5/zyMN/xdGM5NteQ9Bj0jq9GWlevfH3FDOdMdsbl8pADINMzylKYyBVerK7svgTSIapjRW4+Bm74XvB+mbFJmeH4Jmf8JOv6cPTufxDaX07axoK/0dzfceslYM/3ZiILmpTOKFpP8KOj5GtaSZsjvFlTqqek2UOVJZXUtVDSOdLhkoLiI78m+4DKCew1nHXcPtANn+PANKhuRZeGO0RJbD4mXaIeGlT8nrDeCKbUg0hZtSdby0pSfq7Qv7/BEMUFqwh++nS3rygfphySNjtJ68oC8CUiKC/OSxO94sE9SXd3Q9Myk+I95D5q1tlrQ5KL/okbCT+rssqoc98lFL5rVQL4Z3IU0cFB3k7VYxAcY0U0YIVzCBWIry8qYj6SSzj3dU/XEqiU+sAhL5HWAEQ2m6HpKSGecaJIc/8Iuu4yQdFq6q/+X25Rqo+w3JBXKdtx5xiNlGUNvAIov+lUbjIbSzPEA+JembbYL48pCvqTYE8p/zGxnshtW74aSeGzlymBAE+MD5XPSp9XnnrSWlNhCaDWNv+b9iOk9ZJ2IIVieANhMY5/aFqyJoB+PlY+tQZhrPGdFPtDvQWKyZ18FLKDinqnZcLdONNpMkTjULKwF726nwOswbZlPPYdAo6tIQ6FE8iWDC8PdmCIdg8/2zOZ/iF26cPwjjGOy8RAV9YgdfkqGr6oUxzZxVVlBEz5GAVkB+5VVORo1eBOTHgzgAxhLZwpFKYf6dak9AH7sJELRo7xanGjV7nk0Xmh6ULESd7X2swIhDdiKK6nz4bVsiKUgK2nyVyhi+9AUcodsuOZxjkZaYTsqYYsYJen4V2w3E3ti3Ojd8WQwjvbIKrnAXw88Nt5Yk0eVr91SZjeyOn02mOBiFHPu0BO+UssO9MWUTB42KCSTa3buxnBUaa8Ym9JcVJ64EqjBe7EIxXeV2KbWL7q5bPt1K0KIsmRETexDYsEX2yVZ5p98svOWiXkd7K8E17rcI0H9amVZIQT6uKL6V52EjsojsYk135T5R6lK8rxG+ANZjv1GLgJtKFo7V0119ONBMepzXv1xA0cub4LHdptB+oPjztdfoEnn5ojJlJxSN+n1pvi7aSjF5Y+FcPWIUPOFQdDVSdTzan0ZvzBCwA5EQ5GtykLwWoqV4cyVZYsegSN7YqfqBvWkIXw847oXkRmS6jOH0ZzG/gQgUHLot/u2ENq4OU43kashzaW9knXgmjgaSUvZntofjnIIwwrQ3i5SkOLnnAlzX4qlnwJ/X9S9imHKj07alfn8QKKRXedN62/uMpyWOpjcP5Pnvx513Wy6+29OFW3d1pF0Q6ixi3xlfGw5s4fYmh39esvm/Ob3YtlAg5epF8JpIkC9Ri02omiyF7GaL4VZIO7tjP77M+rrkweNduzJ/KrvVY4iN/BpIpIzb4vGYydv0v99SoePZyDYAL3gxFhJbzjygS4VNmXB1JmqemVXDlPTzlAMHNncF3FN7XqvBOc+Nl0qIi49YZ6M5yTFZtnHjmJgZjuAMEb2S+gamzb1bNfEgubWHzC0Ty2h7Y3JJz+eeVDH5NRJ+GnpP9Ez8vyh+N7lD0FUF4Ci+PXN87HA7ny61eW0lIc3GDmFWRB3VUCDcC3/fJnBBTRQVL1yHV+hngEbQ/ELUm9lFpAQpovqUFItb1rDBD+xPFaVczi5qL3L3T4Ia8iRklJ4cquwpVAvasKGR8byXkUfVul6Rf3pUuh9OOFlGzm5jSF9VJROAzneezyaMWgaEYNj3YftZ5ONeVTdZdLU73/iJXX4wKjNMs3oYy5qq9dF4pPuXmMOm1W7fO1ED6D6mkD4YvibkpKNw8w6KyzxvL1KhDJBjNRaRLNkzPbqJXsCX3nkriusVtdkNHx0s94Fg1L0r595V2oizeg6P9YwZMheOHhR+mmHlty/Fw06iABRfjt5prEkomJ5uSOLXfoigcpbZLAfojekgrpv8Aybzx3fLQCsBhEgzvFggcH+/wt7MpA2W8QotEnwmo/tn3+znLwpUlQSWXUY6xOsMMxdL4WeAyCXl2T/00a+PO6wnA0DiDxj5/Qj06eys2yYKP+u8w1+Ue4NdEY7jn39SO7hTFMhdvdEWezFfZ7F7Hv1pGYkj8svioO+pCu/h/7oukfID+9Lv8sgAIV24TyB4yj77oJ3HMkXq5LrNPnIVlwWEnClyR9/iX95QEOet+tyJhswbLoQylDFqDP+M4q55iACX5PoEa3yPC0R8gXsqYlNklhkskDyqBXAkfbgIyfKOF+B7GrHqaKLWVZz1F0KZUVsFcL753e5f+2hz+P+d5BNwgijNNMVF5PzfFGOQMf8O3LTcASZ064PbQBtfqyDqhaDINgu9hMalXO9vuc2pF5rBNAVY0cqgrlmTHt0U9CrDR0yo+y1DNeIy1otpq1PvSh+9+AnjtcieOZLyaFc9jEqATGCnMQJKvFYh2oNN05+XleneTernaJibUgBqLEMzERd+H12RYaEjSqcL8dbKZzLpzv5QeEJy8p9F9XBZ7XxTTZTDmpVAJDx55nh9/GIqZJcW8XPpO08kFk7WQf947QOKWo3W4n8hub+63suB4aey9qMpAAiXIFCO1se9M93gX214cW/GBl59+xwJYnWqG5VU3u5W4uG9wXpVAt0DN98NDpSlpedkElzppnuOpNAd9WVxiIYiptzGVWTYctAQZM9dywVZ0tMVqs9b7H/2lrzWDULybCtEr4Aop/LFbQw4HhD1NrdxT00AK1iABiwTsnntKXYIVJjtTtzVnA0Oqvgi2JrKFIYAwup10XwsLhOzKV+Svr4K+dGdO39IiZIG/ppzDwt13+3TsN+HKW/p8Yme28AIlF7W8XYFui1qv97jDqDFqhsySaA6qPTvn+Z+1Z1rgzQGa44qHaEtnGvhExirndE8XP60UV3UpGYLEl825CM3Okx6AG2lfS8yRsNtAs06Vm64PAFKxpa6tl8uiDsNX9GjK1u5jZTLtvn2XSOvFI3cp2i97JVScYLRB3EO7jOd6JwcIFMpz0lZpwNeXdc8FlfyEURNOt5ZczFSF2wrrfA4pkriSDONgHZSMUDHVcMl+W9DRSlk6Om6t0xIWNuwxOI/K3JBN5abT3apl73TfHpNBjz17ZHIhQbF/H6kvTwq0ra/pKN6SphqYKKwqvemS1r29sDF+KiJ0c/xKj1xwYTW/PSwNuftiQQyfQPt4DKNMKRjhP4NDUIx4Wa0uSZQEvs5Z4bi0wC4lnPtoJvc1jCzZfd1jtXGt6I1GNJ5VJcKDYIQze+p/VJFEEHuAOuua4h8vr3MqzOgWWbV2OD3O2qpw78uJ96haTWGavh56jkowT+kp99FZvnmA14c/Lj3Y1Mvx8K5liIPtUAUK2nM7iA7k2k5Ni9KILuf1DUihGuPpgeRPxUr/aOqU7/ofGBfiGCSQJ1xhiOwZwBB3fvVpUTi4LRlFwlq/rzuxyP+2BA9ARbBQbo502rEFzjSYo88rRYpl+Tfg83pj4nj08BvujdfWwivzbcjr4/P7MdgO5+Fn4jtnwTsoD23M+bIhy7UcsrIU/3+JdRgVFCOGcDlG1AHNJI2CbVfXMLhzxpGWMnEKI17jnO6LLEmbmHB9tRIoOcmPT2tNqRqkwUv7aP3q40iMz5+630qfpMChq1A1fYeGz4k+N1CT1d8UK5GeBl8oXsfPPursmr9VL4rBsG6L1M0p99kfDqKMhuTQFbFsGOCGB8YojdHTlrcxIyhOaByv0wSOKaX2ZnZQkG5NMl16GgRa4c1TH4mY0gLYZsPRpO4xoOplYOWXqNxLrhgJ4b1RE9gU7n1RMHLLSDMKpOhNbxYUz0z/LBrtVE8Q0fcHmG7FX6Ei3N7wMTdgsuK8AYuYmpG6Wn07hBCOOrDD862CGuSpgsbU6GCThrMpUea7aZW6qpoOD+NPHcxkHHQF1//WYDZRw2CRL7gno0EpHGz/i32jxxrS8MnXllaV7lNDXPohcAdfBOVe0KjI3vCs2X8AmKFVM4rj+iqffFNN89/q+vZdfjdVLGDG//gMFDSfipRzcdWorLGzw76aWmRfOQ6Lh4eo5qkqWSx+Dn0Vy0yMS4kIq9ci79c6+1O+3SykZ00wlJMPNjlgiyLZ8CAg6bBet2r5DaNxDD6ItylZRg9vxDP0TFd5hlrCdPxhrr+U5YpT+59QRw0grkqjsP+M8oXDDjrMCDa8M951ppn++3xPz6buBy5t1SGoYmD50Ie8+PQuTgPpmu2rzWuUQUtP8EuzvSfckX+OHMJK6LR41/EI0JfHYlPfQ3ohN1BTz5/lOB5zJsV2Wfd21jlvIHGjb7eKEIR62YZbFwZsWeV6iOSizYugrlhU1diXh36VYJvGFb/iJcUCOgxwhYzKsHacBZ+rW2jMRos10TZnglkt0JL0CExhbEGX4LANOW5wdI/gaaVrqXC3npWrWMJxRvC0DQkJq56jdf3vSAnrZzXazX+pG6OvsLE13ynBceSCfB4rf8/+qnN0rd97eyghLANW4y7DyktLH6JceXR8tygKihxMUSars2mgqikRFOkacR+ZAuSx2nEdqzXfn+2qujkqKhG8H6LWlBXenpkNZ2h8xSBDmu+jDZevw/NP+idOh03JlGJDco7kvhWqG6F3EMhxfnDM9R6vX1bKv2XUMUuPRpRMOlKpRK4xk6BMp86dzYDJiH7S7NPWZAdmGJReZNpJYySg+6+DF5uYtRIhT3oG655ka0MoA8KUR9N64GfjSUcy2J73uDZ4FsJbkDMaGuKXEeBoCdKcUEBdefjoGLpcYMR//accPEhNBykpYsQwqDu7gsArUubCJXDbQyxh54yBryTIZ//42y6pnts1PES6leNT2hn3OGjDhQiV/RLnAwhxAT2LRbcLI1QfqP+VHnn4usRlVKVJ8XvCbr49vD9087OHU0/rH4hnt4V7O6H48K3zBPTjJbMJ20708lnZXNu662z/b7izT9kRz8SdjDEnTPMf3dC4kA/gojV3+HtaFUACPfyML48u042Tp5w16i2NCqfdFu6GD1+3Y/L+TS03rW6mow7T8eOgmv+pmu5Lnh5vFtPEC4CzVxaYmaNWHVX99/XQ0DgSsiEiRHBDXD2bVz8hY+R51M8POhdg3HFKKpihJD4mXg0GhOnoCouNVpzz7f5YY1YUDaKdvJ1WPKr/SWzDoANzsVqc2meIvu/xnkK56n/QBQ80V13vlcN99ZB0Zk2gjGLV6xrE27Og4cWvoFxy5jCVQR5VKWgIOXLzXtvhZsOzO6NKh/3jkZClilNvxxX/hs1+y0RBBIneNjzd5Aft7eWsGt5hB+PwBJqyAdeIuobM5kZI09F3D0fyz3rK3KODvqPuyJmmBXun938W2M8iwFGXcuIfQz1pxD1gOFntzudeEG2FmVOPttwln5dNIVK+b3ZBTm3k4Pn20jRsKlRw7QgcaPtsHUcQqv+y1Yp/cyz9ONx2sa4ZdbhhqwOQhNbXxjEDB6JjnG+eZ1464xfA6zVm+p+BFd4AtG+VQ+IWaCN5LKplLLH3ASfXqEl87F2auz/xNM953y3a2wvr3oSE6FcMtK03i8lXms/J+3n3RMUj/spOIGA2/yP1zzdjbmxCzeIqisPCqpG0YpovzVF2I7m9K5faqPEegH+SlsaumxIaFPIUEnBVQo+cEAUHW0rXwNBtuli31/kd+WbeAnzodzlUGBxSJTQemjmWbzAiHv/Zv+8SI/LDBMUGzIq4lY9vR2j9Eobs7Z/9SogCczh8a49AwBy2Xj3348aDjiJqyjmQ/sQv1O+Ff45Z2fSBR/JQfe1+HvVnsMRD6YY32M5eILZU1tySMdCkzfeG1xbDAhc0jQ8Riju+U0+PDtgWNuCR0hc1twbzSITGaMeGKjcf4eg5rgeRbsU7pgP9by/Fi6REOJj7WzW3YVBmnSwPapplGQ2Q1Vf0/r+ygsNXyKHrNZ0vnOjlujXHe6ac1rqzpzWO9C1elcAYRGJDiNkcvAwHgoJt3/xtnfMie9s3nTlT0YTjrYxTWlTMJp4KBzZazmnyFee/OKvbPYO8nttsI5I/AmJPvPqlJq/t/vjZ0w/mXAT333zDOyvqiYixWE7HPemiJ+c9vY6KheEkmEWfsKtxNmxjAPc2VX35Zv1R35qT6GayTqPM64xASvUE15rYqOqoiAYddga2Yg3DICC5SwBCb5gLWKH2Jv/daoiH/W3+PAMjkkPok4vBhleVGhgStDXfDkQ7fgHEZuc6UGRjJqd/Ash2lgtN/T+yAU3PnEFSYjYI6PuvoHN89CVUMMKNCsusiti5k2cSKH4XKS+bxnTA3rhvKV8DwsdyVjE/whndLiE5MGCer41PCgRok9sD0nPcP9PjCmcDlk1th2pIlkxu9RddRSKK9s+QcdKswdm7JWS+R5WAHaKeHNnOYvPanplYzyLQQ9TTwKRloL2rvKTFzibA0ZMxbVTatqFt2+H1ImYzZMbDzMpruLh5e9WCYRxtdonmW2B9JbTY2yJvOBXMt35z1Dq9vAdcvkLK5ys8oPM+ev4NJMyb10T1wvFgdR+pu+Q7dr6wkERs62CLQ4rpmHewPLWL+df8GGzDJxY3pBtBiwaqSaJlGgXjhk/YqDFOuH4lmUHwSUf7qpU1nqy3oEPtjV/zrhMMuBjnjU/xujMeIjg5pwvF21YPtofpvHNkHZ+zWvDq9md8H4JbyeIaVuNuhany+tGgBQqxNfqx7Q5P2sT/eaxwIVNG/VZyrpWmVz/g0FRS9qmEzzC+FmJwM6PyuRQsbkj2/o7F3sDEruatOuXxh3WyUR9FYWlG2y7E2yAOXc6DdQDq6fm3/4J+MiBP8SMwRb0DLAxbzz3VVnrDQ4k8yRw1NovNrMdfWtaTZv75noCGgQ2F5zHox+QY4mPs4EuFzo1n15P0mSMjuDdwDkquJ8rJCgBs9BcaAsVR7kBI2AtjA74AAAArjADxhHemuUhMI50OAEfJdv/MFAOhdNSkgeoxrod1BnMNkeOQ9FEjaZQ/SZ5jZAm5OMxtbEBC5L78PxS86Z0oEz5b0/8+wgqELeHwMFciSqzDVmE/NgJdZdVlKOGLOTJUY71S2g2/RB4rwOPhLpI5/bQ//Gwttv7osHObWLA9KMzwIZqLj1SydzF8s5eXEYfuS+SF/tyhxKpZggtSxojAsw2b/Dj5ZG1wN55cmnkyuEuKDzfK/bTASEoRCmgdkxIdBCwDre2MMDuyFT+EwFuFgwi1VId5/w1tIGykaPWUoIEm0DyErJIy4uGpK8G91+OavKDPmZDkTItstDUvSvIhlhfzTacdJhTQVel8s7MTZVBE0Jp1ZZKcO9JUb+16qTMqPKncr+5QRvv7jWLa5YxyCiB0pgcYvxsyk3fFxRKSEZQoV32fcLN28ZMcyiUgNFfks2GHyDDsQ8nEB+pw/zgWvEt8fbf6H2vghcK1hVxWxK2DzniJdKo2NWB7YZNYTjxY/SpmSbXDp0E1oxbKXukWKzLHRNOp4M5k4c4nyK1lFwFgUMct3V5nn5QTUZDXCZXT5+ANJ/M/PT3UQ6Aqp0cCI4TUyOmvI2JfgIIottWKoo4d+DxxM6ophnvxG6VD5OiPzto9KOPsn14AOtJbTHCRtqSYjroQ8E8d5HspMOv4NZ2BDPmtWTCc0ftROAjoees+S70OjMtuXftk6GRRAxMruwdTfrRDGwyisBtsU/S/GOHVpW7eruc0aANk1GQ4Wt9uuuPUnQ0WuqDQhK24BtCK3XKwL1rvnc83LI0BubxNvtCgfgkwE6QEFvfqVPL5cFEl4f5uC2Su69lkupz5uXLqEH6oCaMgdikU60K89ol2QFQUPTbjGtsIVTkDhtrxh3om6/YpQ7SOBarUw1CbzglKexJADD9TYyNvp6hgomfuwUMYxDjHI8If+sY0i/trnJyafi3/NQJc/AbwaxSRUr3TFYu0/s/P829Dq6O6dsierPI2oNOL1HufYpwYxpGiXnZcAIDyDkNXLLJ1qg786zxQzomaadOYYpcGOargprdTzQRYKWTXOn6ZrGfyK8S+JuUv7oOcqj64fEMOK0jhsDB3FVDVR5oMG2wiUidEZ4bHvrwTViB+v7Pf4CmUsyOprAvLP2KB2vyyRx/b4pAjzzBIGbsDiH/eEpf9jeXtnN4ZYVBzasMzA3mn2i/c9FcGwwt3sayQEmnyX5GiXZRCyUXQPC+uCb06VvC8Gx8Gqvx5foXKUR0+aACUN0/7Y5IrRQVJKMZDZvurbGu1XngCXspaXLQgj5zYWJXsv/QjqiXFcM5Y0QO9fK0tsV9ew/Okhih7L5DO5KFCui401LheCs8to0aBCIswrvSCvPIKCKvHmfKVrCFPLCYFaSMCbRpP8/F/PUI10sLVj+bQZEZ7dEymHDnGPWMTWIMBuXg2YROcZgI4GG9/aTlxVpB31JpvaYG6AmUn4es3ppeveBkfVt6cCAUTtjQGHOXIEALoeNi6vj3nBNqmEPBq10q2OKCpTNKhpF6iNVbfJcycfHtNZ4kU5oDX9qvztayaFYOzNR+X74WBt1+kd6tEr0+P0iwVhu8DTBUTDhJMQoOdzrjWQa3vgflW3r9kyS63lsBogcDWCTZ1387lj8KabMucDu1ttpWk8muvIfpG8+huzuehf7oU19xHnIFe65ph8ETX+Fgvtm34yxxdzAtF7sf+x8gRRzMN3DPrTF81rgVlT5zhapPgF9adhC4zuWe/URswkSh/U6YrCvvGEl22w1f9mTSy6ef+0uINF2Qjwhxz92W/o2swwcYRp8smLu/K2/nSMLs/BcWHtXVudf1kWAnVZhRGdJIwSm81jx3B+l/yJ2HwYPKQ8N158QDZDhOhuqvSJ8UnYSS5Sn9Q28mhKWaA2mTDXBelALtOLI9I35Jl4t+Yub2PTer0gqFEOU2+++UL3oA1fnewgcowFPOEA3UOEfgs1uISPXyD8Xvs2dX5d82TjsS97VesOUEi7N5OmBv4jHWXZsilSTdt5UCYwOzH3VxsA9MQsA5Dh7Y4wuv7mCq0Q62xXLJjp1QdOBy8nNxHYsFFuNebBSl+lKDWcUJVv3Bd+LsFpxhkkalvHMfJhDsLApqzxROgWfAZRAW9iRlM8Aq7SnFV805Fna5w2Jq7QKWaSCcvPR61+wFJjNb9QmIi6kH8QHzhZj13KgSP2VlZBvtlnsBXkKKUTh9ngGOg5M3qXLlWbEudnnU6qBPEUbHhewKg4t3pPUih29y+sKPG9sRoKz+LVGnlDM8E/2MHi3Y7yLVF/79Xs5WQp2P26XtFjObK6emmV1p/gC1Pq3+b+V2wju3ZY3h4otwXU9Sv2TFI64Y9rtxcSoO5VgNQP6aLym3K1ZvrJEwVIEZMl/6aRneBEGCq/BFs1IF0RnWeDMeKYw46VGLKAwhXU3jBKiMx4/wMIBC8BoDPkNn1e1OhsjkMZWVrjb40853nMjDyvLaS2QyEjVJSrNpE3V+8rrJPoKcSsue6OMnSckogODQmIxwJt0DPxsTMNMz/74WpS40nJKZgaeVA1RskCBx31H/V/A6eUdvdt+5ibzIy2ByJ1MU41kLnQPik5qPF7GbMWZYScxiFfI4sU3iiaaKDE6BdekHsbeb7HE7YS+OgVeL80A0Rxoj0t5L+1wMXfMtT0BDfEJJqYNxsjRJdNqDkK1ITBZzNclDcqPMGcGm57PNpTV9FdJ+igamrJnvTOmUro5rjWkk29/2xAeGy8NJzqq3uoIVlTlhDSH+rLsFJYYouCwxgBNt/1dLgyow9lgz909fV62bPcQSSbsdlbwnk+aEUFDenL6BBkq39kwUplp334PDVMnLA8hhbj2qy0NI4EAqPwChwDg+aYeKqvywW1efQzquS9O3fdANEPHe9bCl8d8NqSExvNjUcAFav3VpiH1174tHJ/Tm7xvl7nUb9bgjHb0bzdDOLfq4oXcXBeFU8DLlfevckJ8LNVqC8ZcGcoHR5HjBnzrpCKA10VtTo3sKK4Hj9qRltAyRsxAQkX78rMe0POyvobWott5AUR/PYKttBjopkY3vXJwfRusF2u/+Etk9qMwLOVK51vM9FrK+h0wwxAWYu/t8ErZZLD6kX5nvzDp6cgg2xKKsGO63zQ7erw7FLcEgdKMmXonsNTOW5x6yqUNSXUhI7Spj/2irHm4i6JC83o5Jjtx3aahNqtxWXrejUlgxDU//okKQ9HIez70vGKI1ncnmzx/8VjHyUw+NsrbmQLciv0eafxSI9Na67AtwlwNspqvabWpv+IH74zdT3Egfe6CNR67ZlP99UVCgL/RiyL1gRwEigCfrMgO34Zr/yujhpPFr7fmTwWoyxh9NOa/U2IYxyvRpkIzMzVJww0yLxYX0rFzZhwr29O2Dgo48T/LyOgZu8W1py1nyiUsdNDCVCt9TpqPY9JQDmhJVhUFMQO5Cchp9kA721pcYUmRFsiZJcrTmQ3NGqW8qGXaIHgkDVpXUdE42fLAeKyMl1UVpfrW877emfNICTVF6XHGXtn15TnZceycBII7miQ1//Ln8SePTUww5Q55G4DYuDJRAtA7jnEATD+ftrzgtHAiYlhAFBDwAF9paHKGoXCDKnxcTTyPSo64+zAuU9e6IZnhpqTIkrTfdmYj4a2EF+LBBFtzsdkqpmgdptkBWupq9U2CIBkH2SYU9y7pVqD4cxSW+UgX6C3gePlK0ApwZCT4SWbNyOBnKN6nnw6rtyY8v26oLqTHSVhLn8+0P8HQl6pmPmo4LeIOhAJLkzawpT/bc9D9YM2hgJ3O7SbpWC8YcloyyH3TQ+sPCtosrT+ZPHlUHC2Ob8A6Wwe4uudqPNI4MDajIZ3b46qYjGZZ1gzTUryv5gf/Zk62e/nyZ7bnn/X6McdSEkwVvCQDLsQdjbscZrzH8sLtRLL27KOwggUasKNpL1RuKW1cEAuZuwTp3tDbKrdcHTe4lyerMR4pVuSemq1RBcaVLIatYPl3P1LshqDwjV7gZXEBGA8nhlG7ZQDbiFt7uUMkqwhTxtoLJJ0l9sJLyrU1htW3syz4tZohKUSbzdAudIPdVI6LJioUROJZA65RtHYXj5Klo4Slr8djkkbN9wsYTCPwjVRZM5Go8+dsXVvKGpt9uZ4UNgLIjJcEcA6zV1aazCecvF41CquPAUx8XWUTV1JzmPpqC2JFaQaV2ah/1iH+araynkdnzebVYnO3CZ0nlT5UCzWbHR4TBoOqG2LWNUGlC8Ap/2/ZNEz1S9j+1DumpEnTS1ayxzE3bJ4GzMkuMb6/nkxQShdx3b3LviAJwgroiA1wMB0DMlt20xLWO+4nWz8WYrtjisAk0zITKq74VEqphU1XV6xrSgZbWWYhbDMcwNWVHO1Kt+IAoPkOghRSnoM4/kiixgyVHLfhyG00xkRCMxGRcMms2GOHTXrAImyQO7jdHySJi5x4A/V6ZbHBv0+TOjun2X/17x12IXuN2XtGMh7fwqfbtYiXD5l+gnO7iukbOZQUGQj1YwH1xSkvz6QYnNFoNyc0KRzbPX+anaTicJ98efeo4hCpluwviXWvZsK5CU9DsYzAvBOlLwG2ChsuyVcYSay9pNKWfY5syXGJxlFxFrhZHIX9eYxiHK4TWM0EvKrj1Bp98cvzlFLphmEUtoUn4WJyamYKrTtBxEYK6jLqKCkeXpA4AOQrwURhsOfu9La+HWV0A3WjXlxKl5kwBSonft0wvYBHTW1nly0bVQNElVHGac6bFVccQejGf4IKZCdULvqS8S3/0e7f5PO91vkGXnMc4TdQyZET35SLCUUxYzEzE0OfVrLH5mUpsApTXAjmfJOwfbBDwbgW5FTP4adTm3gOhGuYoXElfW3qfhW077UlE35FqSR42OWrvyFnxFsPDWj7mgPiEQWO2sRorgxcBIpu+LAVNuxLJjslD6pxHGyNYLNtdFeXjrw83qvsOEKGIEaGroxZZcYzzMhq+Kzb5x5gPK2RxUG7abumOEjuqOtfDQHcdzlnsPiU3/xV4JexZxcIUcSPkBmON6aQmbTGEB+2Ur/Zo6217C4QkSfqMX8fVS6yfFFvdA7htEruWDfZuuVfXsqwGzVwGbqehOXdmZ9IrJdoR/vdZOu9nWhPSDivy+AQqk5FhHIiVrOsJe+8R4Yk1A+bAvrlgswqfdOsaATgsPwWGae7jfndf+7zRZeSwEZDz9+sW8gNRUClQe+RgBSnQegAFIL9KOR2rE6GAeqrqDNHqWdfwtvnkx/7wFeze6bzWxJekRP3p+55F4W9qFtRe6qx7GUoSkPiOI9GhTzqaSb34rAiOeM5VEZx67TqcKiLGqiOreP/kvtwfabPpf05Ze63olBBsOfNccV8j4EMi6HmPAmpEox4u+HOdBDdPLXYW5Sc+KjJmODbnz4MONZN3iZzk0J3Tm8WBAz0bD3dWAx6aXaSTqZJmu2x/ZDl6uyTrv8ZmvyN9UARNy6Zn0QGcr3kGXNz/6B4zMPzpjmGigs+4yPVPYLjF6hFIJQkwjyrmPikz6J8uKJORUcTPLfFrTSTLFnJQxIuLY08Xs/NRnxZyZIXkUreEyKe9EwvCMZh49ztmsV4PstTCuBcElxANB9RdosOtwMbKDJdSdz7oDcsIdNCeDeucjgIQqDQi1IVIYSIM61RodzXBGBhWH3AdDR0Oo3T4oqvWR2ZA1qkTaE+HyUqCGwlRqsHbLy9y5H9G6azUGoQAD96b9PCNDkVD7/ykSijN+haXWvKRSUdhb6Askb2tVQmu8LhJvIu4qvD7p/sRBE/00x/og9/fIVxWbDHwhn8fNdSZQWsS1eImWIj7pwHP9RI53QFMTDmFN3nzcZZlczrEoRPpDaCwJLxfji99iRb7YN2NplHk2VsVoNPJCQREEvewOOz9roruUPvJvHSRcuYf0bk68MjeMFhy7vuxZA/t8MnWX83k+DJVOfwy0myNC/JMhFa62dWTE9njBmjkV10z8z7zYKzfGySwLjJDC2khCEezFeZ2WoVdaZXEScG/5edrAZEqXXne1Tg5vO9lmosWLsGIYCt4FxR8FloOREI5RuoC+y6D/eoIZjxRWZeVeSOvs5XgC5PA4YPkVBKEdekjU1KIjzacYN4u2XH0E/r5R2m+lI8BKh5LXJDJWIS22OCEoPN6dQApNTnVaP5qDgWPdD6RzfjSiuUjH10qssRL5GR3/aTUNXARMeTiWfRw9UoM8Gq2fYNo0LgfzqDsPXlW0aYnW3KoF6kTtyGUh+m/JrrU1pS9J1WLE0RY7Le/GU5+4rBsox3rSJK8K/mXA2aJSLTr6R70wa1PNT44zt6RKF8McVBFugLbmeQ4E1lid14eMjRe/vCAQKflwo1qjAoGmedrP5HvisftKGWfapfPU43SXpDMfSKm5pcen4mw3ZsjWx8o1RYWhWSgZznmqXZqLyfBeYdvBg4KsV78MJSyvJiiZaBs7ifDAnFt9MJS7pCsXcPGuvoxpRfXZm/89DhFIl9uUg7MNO5+iLHTCpz35zBR+ROuOP6okDXM3BSSir1EBnw29YEl85fMKroeKjS++4rcj3PduqNAJ9bgQo3skleR7XZimFsnvsK2Zzi6qyzOSWhQ//LDe+MnRVsmfibSCs2QLdlNbd82nJdqYt8Yvc00Uaf7Cl1m2Jkh1P9TuJPHLsVjAahuiIl60PlIEtUwyi/tE7XMaFW9DF3x3PCmW9seGKm/1gUQwPbvA6xIIpr3YVfC1UvyWba1vzX+FyCBYMHoXw/t+79om0d8rSxhhMfHcgiw/Z7x+XDRwOL7uCROXeExAl1hMMTlMbCmgShgb2ho9UR1Oq9fgJ1NYGclAGC8ACKgaeXvOAW2yaPOZZgxfxXWM2oLToWlo6bj3Ybd5RYdwoH89YWJz+c+va4X1+uryUGxURtRhs+fN3B1ieOWxbzBk0CpPwFYYze2BygQ+VBb5NXBppGnrceeIMIBwhoXjdYGcKcCcPGjP5hz3vmMs0reUO5eau+Gw5eaEZfwXn+25oBjIq5GGcmAu5LVoTaLg+0XeEC1jtfLVr10wU8JI9LEap/Hk73N7RQdyIXq/NZb5cbHeMLzO1jv7U32XpmNm/afrJ4GP7mauJeu2Ns++99sR56FOAea2s+Y5LP6hoZyHk8+P25V1saAPIuMct0oWpIlGbvzBhFj/seNYjWErUqw6h/twYouf1Qz1PnErnbRKW/hUiMUkzoXPY4QVlpYXy3+xu7WNBXGp1Jy+RwUL0I1Htls5qKTjt3s5CRO67Qs5OUl9FSpBbjoBPgQSBWMesg2kUQd4DPgnXFpiYcWzJAjtrbRYSo1oGPpLrQnT+mom/gfeJMOil2I9FGA2rLS+NEgMP4ZxHUGoUkSp9V/I/Q3gmhDRjvRXp+PFwq24TzKBvTJgROqWZ46ZITAoD4n1gaoHgVnzZ0P1JhTv1l3w+lu+w4zczUayJfeyZCFkVPatEp2zk5r1NGxU1jU0jOymNreV/99TmkuG8buWR0KMh8E3tREwYToXB02YUCSJGjO8MIDo1T3EzMozKkuqRk2f5f1v8pIMkK31H1DSHl1mr46ZEE8TD5c1mKK64eQpXZrxJmLdIhYq3++/69W9/xlPAW0AmM6F0nbFTkE+ZTGJSI2J2SkwLgLuLB95vEvdgnXjajn2eSP3atAYfPeTjGLI/2lZ5KAE2iIZeZS/3Q9TjgxX1mtqQlt3umRXv6WCDUylHmHaEEJZrSZ++LVdUMD/ANLko1zBmMs1fOd53OJUM2Z+KiBrZU9GqvcTYR2xLCit8MEZgvCshCC36CGAdZ6AhAhG2PURRCHxbhKcVAa2GY7WQJDA2HWEZSu/iZncmb7/1aWfd0/dcl14go0s+i2Vf5iEq4M9sfYywX4J9wgVjdAMxbLOOnP1i/3+D9Vz0WDpnkjCMsbtkIEF607iPwI1LU+/FlVA0wc3T/ijDUxyK0+0wD1Q65i8P1I4EbqrskSTsALS3BifbPJzkwSe4kPl8Zt4Uh7Z/FdUBCg1CUqqGHNPr/xkSECF01swQrBXzETTuphEZ0W9snloKVVkMAeMjd3htmQLCiTjwmPNSu1vJ59+oP51rL80WyYvcdkRNc/s82kaVfEtGdhiYg9wXgpkqTOhTPT2/AB6dHlQMxGigInWk/9vC4hNNhsfLHsGV8m3MwiZOshZb2IJ+nSS09fnKflCotLB6pvZ03lzcGG+Z2MFw9zSViJOz6QYO1qM39Tx6lAls1D6QuVUpVEvqdjV6GtxEHFJmw7abL0DimnikdujKCpgS10hbPPXtGVuzJMsph6AXQ0YjWyPeMU6eP2xudGa/fLnPOoAWnZdjW9Qqa3nYkZsuTdivqukzhyrOyr5hy/d20oAopKr3FK3qT5SLSjLNKHIE5agtdrePqBkvzofrLZ9zeXA+uGbJydOIx3oyXoY56vMCuUtnyl+yMoNphfU5hmUPWe4rtj4qLAhwpf7JYx7nT6HVeCbSaHv06m42K5140tDRWblw6zt/obiAd3bw0D4wH2sNicfEXbb6dK4q0DfjvLX6prxyqyeYaK4gsoMIuXiehuB+Ros3P7QqZWvSzcyauYQWYaDtemkPOVyfiOV1qKXkRyaukQcwjw1IZuc2gmLkNtC6QumZueaOGBCGavyT6faxUmfbYjtZf1QgOQ1GQItib0Rwa4PIQt6nVaiX0UaLgLcYV2ol7cZh2BjhHkvc4uK40adwNZQMLT2RzsEEF+G7fqnKSnlDlIv13OrVkcnXTCIZIJG6IZOoIK8Y7XZeAgdwwXbb9mH8bpSMxtAvguT0LDGKGr19Ai8TQlG6pjI8FYoPY16mKTyPLORaUjLBrGJlh6AfN04OnsWFhhweJfvhk5qSjGGhriRbiVjxsp1SZQuAJGqex39vvq8PPS1yfky+r3AYGwHLUwHkSwLmI9ttXkF3UN9NW/dllbyLOBNTN5rkSTuSpvHKqZVLF5KlvA0Z3sTJhjx5ArBiYN3xLKpAThfH+8OSVJveBmd6zoDmoIzA66SBN60zZpc4NntbxFF2yEAHozhl70FGmZMYeUJMXt07UyCbZBojrbCCWZVamF0Lu3oHabVPw/QuNbqSL80gW7IN89ct748JVOTY2/BDinrihx2ON5rDBZkJVMT0LFS52nQn+fjLgQ+8T1fi6JzlJCWrhbHE0V63QZrJ7poclVc5G9AjQKaWNtcW6cwgewMuD6m9et7uJmrCStcGhj1PvaH6TGAyeXd1Aoc024O4zkYuFjkuDJQGM/WnL8N6y+pKGfmW+fiA28V6BEHgUpieYWJ6Dlz6+4lXoU/sAvNtsSV5UUDxITPYDM4Scmy7DhlLpxoQ+0BY1L22F9Jv6HTWOjjVVE9/HFXomxSwipKuUcx9ygv2VHpZUAKdpQcda8MSi8pbjlVsN4G7b7PPDd7iG4/NKPQYhmOflj3Hwqs1VFepszs8Rzi9aISnasfAGXIqn0HkaFLIerbQmgKGHWV4tB6WeBZUxePpXCmJrl0c8q8JLXkZ943mb0n3Ieftc5vRXU/ufaVRN09rmFugIr5CvCXhNlVAAdk0BH8lTnFCHaqMrF11JDKCVYHRM6WdNrX5VKlA67JlBf1p4jVjwqiIM2OuJejOVBbqe2WIybYQKbj8zGhTKZPxtp7SZaDYzj1ntnqv7UvYtGQKFD4YH9Fo5pODUwonwDEMmaRN3RR86lGKWB8tDKjmITrh2+x6nwMrewQBmHm7t1VVHYFUYixDTpxQl5+dd0w/NnLvPqMRxFtIvaRnpmrVGBEY8xAPUBFrZDVgYVPwdGy9jRZsAXMkctxRfFbYVkAKQrAlfBSJ4AsuExaydkWMaN06DZtGra1JDRgRek+XLfsbWYD3jfSnbNBgvvy9StR2jXFtNai47gl/PhEKgY8rR0HTUHBg0BB/d7jUALJcku6zMiL+m9/yrX/oa6+yiLGO8I4/sEeg94X7sf1MVprAaB1JvXT1Cwx1PjFntWoSjqDeoXQH+VeBarK2gpU5lO8hb4gtwj6lL230oYHIumhjlYk9EMhUCEzRMAcd6I5YehMTcu0BPW6sajsL2el27m7tAdd2w0vtUlzhJAl4YgjjQ2hIqgRqzKEvI91/nXs4Ko0rZfXS+0xXLk0+T2YEDBZTaICkK7UhFVYUo2NYaK5HV8xglCwlXbJK0eIUD+mXbWeiou2yCRYiWWJwDWryMsMFw9pLBCfbbXEA03oxa/ab6p/yYv5QglI7RKol4jhTOhD4gIe7TLpYiEiwd0UFNkiY9Yhz5T/hWtDRAtZb37XG0+J4cTZB3xYxFmyeARmSqyPvOyod2rzJMyXqXjD0zig8UAB2/C2hWxNRz5+0mOlhWN5dyyeiFOTykSvDVXjy8zOeX7P0WHrBcQjOyyTznK5CZL+1zdGhz+6Rcsl4pHsyOWZlIR6553H0GARAhoyiMK4Vcq7WShvWM4lNcapjBt0r+uGZstCdhOOGjKSBqV71+LWIaeiKqX7y0O3AdPH/uJt8vnkDIlxDO8F3vgl8SAdbsvWIcA2cT1CcWvM7E8dbf4zD63z4Oj1tJEPimESoMBDp6GqkhnOgGnQHHgq5h88NdM4eJ6UVn7Yo6Jw/tqCGqrtNOcplc+VNg3zNLnfws2wu1prFLCCdtpY7PC6HVzzGdjnqGY/4MmqbEB5T84glrP3BSNdhqVlvkwlAYxk7NDScMM3saekCviYtCIKLreuX8pYY20EeCnCcOxmHypnc5JHTZE71FM4oSqTabmwbIUXu1r5C7hGCjTYoeNqjaVpqmxmXG9+fJiIcthCmgRICt1GrIqF2cJ+P/9ozsHH26u5KIevm3pVXNx7e6+w8ukPBiKL6GazpKmKQeAxYwnGsACG2uyhe0gLAlaLQDoiRKhJgNdn3ZzfuNDOdaW6E9wNbcZm8UQTvdXiACI81viP8T8p0O9Z2Jwp1eWq/FN93SHx4OgLsVBSQEkrwXDkvHhxH7Cl0b+gWatVbGYJxXkpYGP3zSeh/HG3yiXzXplU5PTQczwz8+1PPprHFEvGC9AZiSF9IAbhhqTzL6KF9i76yjEbOB0CZYbrrmKvnw/rMjju3AkwqbKfCmZotH368hBOPINUNhNxYbx2T5gvr4BSjD9eKWFpR3uvNk09rgULeUtjnTVQOKlwnBZkNaREFHE3OY1boIc6JXS9GCbaWP/F1+OVuUz5UceraLukkOnEiroBVQrhcTQpDa92zh3R5aXPrVFiloeXpmLkxA+/ecJfV+VeTtJ7Cpy5u250D/F0xkRjvQkDuDMasupvJV6lZlAN6fO4nRSQ5gHnzgAO4utuhcX5bZU4KAzdG9MW1tnCMWJZsT5Gk7OwhuvRZQh7L+sLGdD5KDjkSzE1AGIDykKY6GBam6IzKeOS80hy7NTVC2BoLIsMK2DFgPfr9qZ24eAPgP956NUgtQvOHJP1rCrryOyyhDQQmsc3V1xwucMNllvn9by0c4DsG+NQXEK/4omw0G/qqLLlebX4oqh9j5Int2DABktOxKpf5svB/QmKydZKYWI3TJDuMJsz9uxGjxxhMkgQJYKCtpcTZbRtCcQguGKO+zRzmtJ15f+mFS+uUu4ifWE0RDlBPyI9uG1a5DNiSs6osfht5z3ivMZ++Lw4HSx1W80wsf3jCJG5oM5uGPHNwHKjccnFTq6a9qpX5co5BaVMml9n9Z9qJwJGfhdPTnTq1TPc4lhAns4e7ONDsAo2MMqcBnqDJhmq+9XG2x39wpJskvVj5sS1hQ3V9mD/BtjbVzYpa2ziyohbv8RevOKAb9YTtF4CZnH2vTkqroDoF+GuFMl9r0kRlrXiMSyduF/Hx4N9+v4am3wSwJ4dKBQ4LiYxy2SdmhVQvV/TifR8LwXk4e6Cv/OldLXjd/jg6a6rStO11t7jWywOmqDs8fcXJZe4vAut7wzqOiLr3a8J4V6R4R+uLDame5cGdivVdHnEJTO32FE4cqYzBMhO8E9lc0GsSlUf2dPucBk5XqJx/2rRqXS1k9tqql+NT05AteYp1Gp/dsvJ3zpEmEBbUwX5kZKQvDzkSUCjOyFk19ZL5QuEJmizIykOnfsOPOvttcdNOzVVExEf0ynMR7XAP8RbjH+LL7DE7iyTyHcExr4FqwczvHIjWhBDr/lqfTWg3LwY9sQlUCWNfxQDmHTQ3uVjQP6nhbNPPi6+v5NOtPR7ALK3kOAg4Wf0fcLs/hr9D4Wf6DlouqeVfytx/ZLTv232F9RvhvUx8sirG+qJDEqSrfVsKBOzebxIMfjM+GHUkeu0NB+fbJcFKq/r0IPE35HPZyRwJbPUWWT8qUAmO7zhWkkgKguzzbtUBNCar98vDNf9c9RMIuTjv2p98BhgyE5jNA0djN0xcSSTJPjTydzZ3p0AAMfR5+jAKPEWBUdgfe6FRXsvsnB3D5bGAVZ2UBGc7cnG/3dWiVi+6UWvMj3+hiCPh1s8kOJ5gJRbQ3EDtVaCKTEgXd6TcPxY10BJJn2wouRLcPKsPu77i/qDBDFLRQAJ74ClR5XJFH5QSwWrhfE78T0jPWiT/V7DEFRFQDXAKy1LqNBrb9pdVKIvMAyOrWoj90yl8Xe4PPyUQRKy5NtJJAZVteul3qjB64+E8zwMdJKMEzdmT5S2ap4xfpZ/YlEoLf84VdgF8ALZ2SVwKp10+1i9/7mpAJS/9zWq9FGU1oCiSO79Nh/vhgmuwA3rjgO0OtERTLbYlRY2PefOIvysY84g1TPW3lvdWWkPqZI2gbDldwcYnQHVfVUv7cB6UFfOv+MxXHPA9nw6LXW+5txLaCLskeoPJId7AL053iXommFREKU5cuJZiD/5NflB0qoKxZJk2ckvVSuGQa+orNTpRYB3U1shDJkEGxsTRoKk5v+e9lc11yrDMqOxejipoEM/EyuzEKaXB4EC2viOyKHOYnTLz6av/nDo9dfFHnACADf58evND5mySChkdB/lguouNlXZP2o7hwfWYR6hHYSr9mzGvISKJQjY3MZodPvI5kZCE+5MOB47pwEJx7yqgcsUzvR8KBZVKnd0+r7SM23cA08ftSVQiUHco+eXIbHip3HPlltYUtcVZt4e5yqcIDlOrc26RLcd62P4MDWH+m1kaZGMreNmVWtlzUCNBt17W58zp4a+3xjsA0QORDV2SnHuBiEZMAOq0Apo7fM3+yEj5pQ17svFVPxqrCX4/PQypSrhgmOdBCaPR8+1KzESrBUZ/uppcA1HeSvNOGqoAjAndPj6exBxdbdeH65vPpGlKP7hmEK5w9JwwP07xyWqBA1zX3V6Boq9k0HYlmSsShfRW9IawzI2diysc3H9mvSlMj7JKvHVUgaLU/YW971mCcBuq7PLZYGQus7nDUEKSm82XR1oEf+lbsXS/vNnEdFa+lVfgQ6vzw2eCY21EovZMoP0SDFHCl+UIg5dyvv9Gb11GNze7LwRTQi7x4PX6NKVz34PcVn0C8j44BKJ+Y5ENK3MG3kiwAo82sKkFLg5s5uWPaJBoq4wB2uRgBCQ/0UykCRhLpcIVAcOIK1RSCrRTgXs9zAAhl/y3x3UodtOi+elkkXRH2Vi+orkYOJcFZdpufISPLXYgRZLphi8rigqmM6/kfY/aDSHlXj50m2KgJ42eYragabgDhw8JDYZD+oFnOlCRAubW8y6HHZMaCxU7b976hhrulc98mD0DbdiNghdHcAvNklnlcBePRM/Xlo4oR1FkN5Hi1rpygZIXKfzEXKxE69oIDPWAXw9tAi7hFZsMSSE8InXEZnvB6b2UHSFntriObXzft3cis7CMVM2kh/+yqm+nvdhkke/wtDQd0zUwaxJOR2MTcMe6oF7UaDy+RXmik9sV5eh35a8GHcTqlbEHHq/1qaolIiqHrb3AGKRJae1ATqoD4KNGGtVnIFODd6iqJr5PCKI6yeBVZS0IZzKyK8OdRlsbzkv0jjtlVIg23W6s+aDeX/v/IlPF+0gQSmxVf1R6leBxh/jfsHFOKvjNg81DTlL/5k7Me0N2J4oyXbbZqaV3jMLpFZ0jNCG8WGGiiMEpi3Nee01yP583HmkPVs3Cxg8YzEyPnEa6S8m7Db0rFMGfiWa6Cz1Zeokg6xXmFH+wVhu8wdn8yvn+VJrIl1xqBHxxIhAFCwbOHxcjRCAQiumo/2paLyxsWH0TfDiCrQ6gdHokkrhrS8/S7RpXkib16jmdvjQRE5HwoGIVuy4lMgUs1KeDSDzj3fGgV/MVMoLSsrwGUXPcVMBDlsS45Xyc/CgpbyykCe6XslrpuzBYmTKEKWS4m1XMTx7DHoEKWDemuHQ0MDIlwU44VKnqP1PEUHO7sLvo+IrGNFx+WXi+riArH1aCJmCVw4OEAxxcHgpcxeFs8m8jH7YoXrs54269hTM7zS33ixCpXOB6EsSXI3Mb7y/f5me1AplmIjylWvaJuVF81oaxXKG9Hg0P7Gz2X0SjKX3JbWKLXWYxex6zrJjXUmLzEUfuj9o2LGwNxb8+vNtnFWUH1w2R07j+05KaSLBGeliu8oD5+ArrSaEY8xxTLaEkmqcu+krewsV1yqmIXfzFFjV0kNe1ZYkA3kyo9i65tkwDOahWXzdMTM3IZDQUMvfQNYvBHJNQWCL+/uAKZ5SfSjG4sN9vcUMvPLQrsLul2SsfBaR5cDC2ua4jBtebVFxrVnocrdamYE97hMwsBCl1iTLesOWygdCI4FYoBiRaEOEuIkXoamTn28vrKER73LGmxxB6FJfD5gazlCi0YQuwmDq+CsYWNQp3AZyh6l9rRd3F58DrU8zPj3bZby9u8I6AyDUfwzu7B4n3r2utGsXnI8Z7vZE7JF/AOzJk7IMhJJTPyITAdbZI8gMXXQqu+t7iadGJNmnp26UmucTaktkdY0919VYgNGJCxP7ZZcGq4uC0sANAqnN4e/mCvk0jBqVEMg1TAgwVnKrIkl3cl30OTH4EJUqbeZUgg3h6ZkEZUjBq4v6iwgtPPV8jjLug+MvFL5zHXx1RNImbiMwgdhUvb7BxzieAfh4gYdN4ZC184MigJ1GQuQej+VVAsVdoXI1oRUmirkOnfLOF6yO39dKEJ8y6GlznnofjU1Wx+J5WEk/oI2jK6o30c3HjrMumwplX+mMV/d6e1TouD5fnVDaY6LzH+Z3YGBYWe4nE7klhirREj0EYdUH+h4m/gsdFu+TNl8rvEGB4HTE4GJ/D5s8g+kzGz4FFsiAtaE2c27VP76s/oV0zQ0oVfA9Ph9YqwiwN4yavxc6JemEWue8sf6gB491y3psK3WEWEz/30Vhe0lSVCVgqynvZ8Sc8+4jhfNY1TMiWrJMLvgH5YgX038qk8g8jvTs9YTUOTHjffJhj5JeC6Lnz+fC13g3KAWFh0GmYjIxkysMMZCbqalyEU7p4MJ5a8+OdOpdfF6UyH0Ykpo4z6muCS0FH0dFaFtgIXBTufBaSToXOewjXHYKI6Fq7b30jAMp08kThDD9IqkFT9bu/RukPf+81i7J2CUvtKNTCKwhmBgZ3WN+yyegEYS7D0lKJqJ5Ef9cbe37JC9KO98E4ScktSUmofDAfNToLvENmtU8WUXZuc9DH8wyREhMMEGGJ02JNxBLuCSDJZoPPWQKlAlMAfCc8uIHo66EWkn8UNG3HRU2eUA4fj8VJPmpJGL46jer3M44uh1tKTNrixdE8Te8jByTo7cWiG47vCv3uCiOGvk5MoRgIalw0dyFnqLiMuV3rP47a8r7smDffpaH6Uk6kwGhLzKQEB4Ohrl7n2NsBtny3Y1a3e/IQ60lmoiYdtR2p9jb3/FsvkuW6eo0foZJ+QgMQbAD601O09ZvZGU3i/yvO9n0vYa/eEDmDZCDdCB1clevafP65qASygGi4KGfP34/yRELroQKtnYRDHKJQ/QRHs9Yu5fJcNW1Vxlcm8xWJDxJ4H/irPY+da1qA9ZaCB/b2QNQK0NlmBqIHIhAZTotlIzoQ1qJV86hoh/BFl+OV3V893uv55vUM+M+gyON7YfxK3cUGfASAGLH+h54/s3FyOC997SQPQzju+y+B/qspiq54dC8rtSVsAocEZX56d6TCJiaBiyr71bk3jTGwAAjumLaerA+HMUKCoaEAD8ftpop578U4NRJE4qQv4xLoylRFGZ8pHnU9iHRktGruIGNlyEby4afSbPQCqnt1MVv576GHTRnHcQH/WCM10bE8lSAe8fi3bEVaWgARzGcsARrd82ZJVs83xbDEUX+86+WMqo7H6t07fUe557SZcItF3bOHakA7VqkfwvxklFwZE2fzwNn3cWbB8bgxr1bj0oPt8em1B+iulyCJnh01uGgUHT0I6oTngFu+8nEHX7iD9VQDD0Da3bEvrfL551OVBPRm1sau56F32CjaZApIzJuFdnOW078NmeoXSXxgehll39eWVnOmMU/Y+hJ5lYeI6+hT6WZGBdsjvP+STRM/CCaQ2sevtloJVhEXz5sr6PKxovrjyGqQ7n8oWqvtGypsNpCoMoljIINjn4gim/4Y2tKYJDaEmw6NFBk9tFo+niylq/b5Vgnl/ByD/cWiw9DtWt6Wb4a4Fgh0nJ2peg+fUtwUn0oR5BUhVk4dq80WnHP1dDMJjpuwiEHC1rbphM4KE23twiTSv2NvPsY+5/RbqHTcMTTBYwnSthHau4DTAnk1yWmRgZ2fucgzc/NKEo/v5tkln0OqS168/0QKeHPu8OhEOxX7Oan8AMJXTgzBpzmEMmJNZGDsCbJesMNzuc6UEm/RBp0iVQo7GIImw7Q2OqKQlJ1A1ASvWi8Yz3CvxSdANo3aKSYq6DKSlYETuuWr0IUaxuX6/7jDh8nJ2avUlxcciirdMJDgP1I66CMNUtWJ9D3aKy+7FAL1crFAOZTglxb8dqHHDQ4nRbo13yUjmyp4uo37UXpj4m4gexTOGmXNuvT2DmZNBJiX6PRnTUcdUg9EW01g7DsWSwObd1YsnKXW++GLKx75EnS+eknkmRDHvWLmK/PfhcechznH7z4y4ajK/+ZJ0LzpPIuqdNqRlleyztJv/qL5Nxu/KMm8G5mK5bmRt1s9IF+FrxnoZj37Fce1czrobrQI/tVDnNLTiF/LtBIKcrvf1NxLYg0525poVY0FUqudpEKfF2l/aFo9WapGHWY6UXcmIKbLxNEN6YtyEeVEINE3o930tfgeL3KQKUcv8jQ1zq0mX7lKDVfvDomodilgLTIygUe43pSmqupGDuMzs5CYlUk3h+S6Jxq1eZehFzjNs3vCEb4Fj3iXwkp4BBp/t57JVTLPojwRJrPFjIzV+LTFeE3NmwuHZEfv3wb/xv+p9+3Ir3ITxDTZoUJBlvj/gGv0yjo+O1FKxnYkkWM6k/MC3MNpYCdSKJWqmSknDhMkoiIt/y1B0zzbE6opFZ0R7vu1/6T3itwNPmcgW6SELyUCuRU5YIYHXogNasV4HdMO4F8T5q6r9KwmdjgAni3fLm+jATq1KdX+eIkCtBvxWMFxJRAM1dno31U8ZBWdK6+bnC4256Vepmxn3hlQqNXgcarRhcyAEfD5J1ESQVsn4H7FvhHLqOhvDleFFYMaxlVKceiHreuAvXsKBGWVZejxXYuZVTLxF+XQ+IeB7bE+Dc2vKSUQi+xD8DJIV0aSCv8/fGEoC7Tt0nzyf05FBbZbvIGBUvX+TVsAnTGGjNBFx5nbTyGzc+qF9fTQtMu8moDFJv0hA3L9JdDc3EK0HpcUlmpzFsf5/9XbdJx6d1r0rZorKsko/hhj5snrOmtNapRaUjKcs/sdQiwL9Xsc7IAjOVPtZUDiFJeLMRr2bdidk3mBNSnBkBVAfceE1pI99IaWPZgKRBkJAI9YCA8Xcw01Kai1dQhrPPtAHoQyVLw5ji9tjYAOdjVfAhWnkrSOyRvfrfZI1ks7mKvIcFpi/BvkBOsQhKebDI7CdIWfABNPaKxbxB/VqhJyPmXkGnhvMx5vkk+VC7rTmxkxT+lzzcdUBRtdYk5/jtBHQL/3MX5wcdUPUtJGFfDwnlWSzQ/DJVl4guKgwEAXXAvg9FlvdObZPBZRU6RVP3mNyN4roiehB5AQC4ta9Sxubr2lfEkfs6KvV67ojj6Sq7rLNX9S9t45BA6oZg2z0KY1sIpnBkC1e6OGeCljd9fq3oZL20iLI0T4lsuPpetweCdpgqQ5ygGfJb/Zi4t4x0pk1BhI69OpSax98xFd+cXjk1fVrJQhJyCeXIRaDVpHgvWH6wgu7timoQcvBjgEgNxydTututgtYgbddS8AYzmX3mN7xR6VcKOZJMHPtcjyrEfNhwlNaybY7+zClZC4kVItyrPq8AfShOBxjogdEv62gt/lpdNvu4L3X5+mF9WYBxLgPfX22EmY4LRNKxo6BxgOccJjKlH69g20w7waqO1TtlJfx5HUBc9p80ajncN4fY9VrgPP/nkbRbApO6yzGOh5GfMaXegymktXsoMG8AyvN5mY5sbSEOvmwqlWPgJEkm5y0UwfIb6mIjdEWVjaplYbnIEJ87Bb05/CIoEbqaB3XrrP5Ume/zk3mc6xD3JBQzfeumB0PLND6oCARwxBskBUFHL+Dh/WyJSFaoYjt+mUWA8zXsxCOqoW+gZ5ZJgizVxwSzap5D4HZtW1UMPLppNt1kmZgwSEAq+f91yv+XgKalcmMgfW29cJ9+xjL13Y8s8xyL7QEvd/JhcSNbdKYozz+f2pcNsSe5uiQ2CVRFjEEg9mtSeCLpDNfVQx9zXRRSY994DbHPaLkFbJRS8qCgvxgaXKr7bYWgqLKvapLK/LOiSrnN2ADwI2BGuK8pEw2PfAUe6mjbknJisfDa1lj9zsUwTaREN5Zdbf8LxMEGwacEbNTcAvMIfwa4h+eqb4EHGZDF7MRt+kn0LIyR7rE3X+NRZNDvflgGbaGWPY0B57PeFJumiSiwJ274tuct/8KxPjVsQy2gPBPtqyO5J9jgnC0T98GasEFJVJjg36MhH8QhZk5I0EeijDby2Nz/eQV3JREPdoh1LrZjyCZ6Yqk9Gk2F74sImIQ0nErymLqeaggqbUe7+0Wn/vPYvKuUdC7hNt04AAm3rH75gtvgAAEJhhJ51QVxgrTIm3BFUn8y6fYVDozX5gjQvtqGtav5ppMIJhQNbqfs2VHndDfJ6c258Bacs3e0HRDlIw4CP2mgwuaTVaARP48AdgGmH6UMvPIlJ/s4nYpE9Xixf4K/EchI8Qs/o0JITgEsw0ji/f9OKlilr/zlaoDj59QIf0flcP0SfRsTgpAcwbTNY1yobU/6l/qPZ6YNjcr9DtOXIgNsJUs28OENK8UK6W1EAPUQXRN+OjoQ0nnC/yRczusbbwydSnKeCudjYTZjumTSoloOldMFEaEmD9Uyz3eEiYM/f6eGOVj6WBamHp+LxEdEs8gdLj3ptj21sHPKq3BzILBXZTv2DvAbJ/0KSZFY6goSxVItHEPB9f0dxA45clMgsKR4SF5JBPCVrixfqkjLUVSah3xft9gtW8zbCC/PMJVdsQ+HpfovqONBd410xnsUrcc/mVtT4Y+HyeGF4edyF+UTHMkYGZl4Q1oYcU3w9NjjCMxp0S/MUTMCc/D9mEFDKr4EgHQYBbyPDrk0/y0yCsncg047xRpjPXhH5RQI5GI8hmL6CSgSiYA6ZS/0X9HQ0SXHB8WYWm7TL2RlpPJpAPnN3iRmF3vRwqy4puXurAgJCxson6Xnvpe9RYVytOMcEE4XDkny8Kyk0JO18u87YMshAr0csVF9JTA1VmO49urN9Ml+rEwH9sff4BNFC5MNP8Om7rBfuqWgITVPApuP8m5INUIGaK2/O9nbD1TqKO7NbRjzSk9eKCypYJUqGpUBjy06S8Zi58wImZu//xqAiy9c9g7RjHXTminxscb39QDpF+KYtmZoWAG7/9u86c53+QtUv6+G/IPC/kis6yhEOF00G11aQVBdMlA4D0Vhl9bW//rrmy1RVwagmUqRyKJZgGa+CWWtz9mzzwQaMh89nhK3Fami4K1c5EHJTNk7SYKLFXBggETmGsuMQG4jeHqELHV/UpCsOQFrmMLjMkK/HzXjagQwQCqKfViNrb9eEYczoXYv+L7hE1sJQtikDHdEo4jk38PuzyEwfyrKbHZa9A6m1dCcAQdsrNKm4znkF3e25l1YjeyahsFA+aIJwQUCupCWiZaIUIWoyDr5YRV1VoDBkVVpY3aEzjPgmyFivo26ra6w2/v459EXLxEAFZHj3UhIuVr0XtGX0phGrMaAp7xAU9bk1kRlPcZXiLVMyzRGh9nT9tf3nxlWKPZdUiI1UesgFLVW7vSBgUPUCu4kjmVD5SSp8PQFaW75vLgxxqmTJ4YB2tAYgQRb8emaqGI6JYJE08e5o06dKTop/h3OgC5yR2t1uLk87q6Shsi6CcukcHzstFYxh1cy3Z30Va7NDP39MVtPj6cRBVbG930q5lXLB8pVNT6kvSmrQBJyI8kWHUWgb9XfcB/RMg8uuucg3eNADFjJLmA8T/91aE13c3xP2fausKTFaSJaSR4Z0maUv5EUUKetzSrpCG5tSCOj6DP7x36hg6BBoZnH/C8VlwOTmgvBG7gyTr/nAhFFTWuLGXh3rhNABMAm6Mi77Sr8/EvdQpKhFc/2YJ8ukTngsfd3PWTPuYTP9dFkLrcjIwpWWFJfHJnnKQBbHaS8FHNr7HU+WBkUGZHckvLbLU2SWou12BIjU0aEGiXG06lb1VIX+HX1HkXnAVMOFuuxY4kngZl8kujhmnMsyNgU1BC5ImKREJGWC1aJda6zF5kF+IeNe2ACbHFDHeIE1/fHqaIuQeZqgtWFjPvrHilsjNquVQZdu1P1ymgA0YR9QJ8hCc7gZ0S9fTjD/g1i9aCRV3WW9a/gSIYxluAlQ+2/cm0KicwXXFl/CCjW3310+T6ifbtoQRdUOb7yASC1FxZ9Kg6IGFmlf8Qz3JVDYQkBEoJ7sa22NkX+QMNr90ABSOcTt27ltinmNSg+R0f1aeCZX2fTDIm55ZuYtMz46wYynA5uKoJ/ksglUO/9vq8RV5j9YOPBApkde2TfofQBOey9mVr3I2mRcOkTAJraA2t9BeNr0OMdcx+wrkc4IOETzFf+b5H2STGjieQ7ICJdMrFXScbriQYPkBlS+pFyUuKy4fxPRUWQ77EssbjAznnuq1FULQnlB6qVoUyLPZga8ig36O7Hc4inkUPGo1oWYKOImzjtrH66Awb3XK95CYAVx08fH/vCIwns1ASMj62uRIvFAu6t6jBBUTIEBaZR3GyL2jlVsJ4XOMpbazTaD3RNviv1tSXG6uoAHis6QRzB564P0yL2KAhVapi35wxAts72uaIiueXYqfALJCb36LW0w+QRt4EcNKkLzNRdnWuZa7F3dsfEcEOXTxTFhBZbkZ3WgR9rsKY3W9H8Cuc+nQNjwNldJUi1Wfox9Titcp/cpxQsUm424VNXXd7OBr1XVIZ6A9hZMYc0RwXtPTX/MvlntD3Fw5EPUZhjeSgP1BGqqCChiR+F2CMdU7SbIXzO911qv8nToEpU4fw2g5H7359cvD8SWGogAqs4qRrM1Lwn3ZDuJhNVBSvh3U0O2x1G3rRE7Oe1uW/cuuYoeAZCDctayWpBHaS1/xiqECaiDzxec+l3+ZhdA/vDFpPLeowmkHnUQQywHojoqUr6IC29IGlc+WW3gbWAbu54o5eh/B5kWa8BxpEgx9/lcyoK+AHYSwyZ62nsug44hYDYJePYzGN2US75fHBrEUdiafreN48gRSzQR3MVzOPBKIE3w0RwwEIvdG0ZP4I3WBf5aWbL55TUfRb4eqkaJEVPgSqAHnpRW5sCyJYCG+qOkXvY+v/IWsGhrVYwLBdvmirAD0y3RIU/Ftv1G3mPHx6gfpalmHdjBpfwCdzYbykaKNX2DpfSXGjQJhZuGg5kI2bf7mlpRh4kXsrEDSmZMFycqzmsyqtB+T5JrYkasgWX7V1FTDcsoi4qqTno2dqSNhxxS/vSBsQ1eyDw/VdOEnZjFc5u6oNdAFjUA7U0R4j9l6fLZtmHq/yh+shIQKsub9XIqaXKLjRSICkK/m9KMnAqF4ySnz498VvrtL9azbtFXMzey3nKEFIeWrHYafcXxTzRylSxrWnWwMvNc+2mhgMssvCMlziyRvPFiXqMKvY3qgb1ipwx7F05cJHEd7jDAuvGXGSR5jAmch+ged3+E0oczBdsYYHni98tLNwfA98XDBUNw04R1p+2ZS4SVHBsW8PCchx3cRLxnMZ+0bTGEhcMpDeIHWH+5Qn73KMqqE0Gyg2tjB7rhfoz5zMXxTejfmYdFgQPyBh8gVMn5u75TalpbZGxWWwKMX39zuHazFwn2Qjmu1kyLtulK3lQo3faIbxm6Q7VhRWFUfR90q0HrQsHuybrQRs5HXvQevBKWXoboMwfdth8omnPGGQGgJahv9JA/c5ntJCQ3g41VddYFN+WbNGdEgxyTPojzVNsiZnWg5s1c5e0HHfOLPXO7ne3ZkU6DF9L8yZKpUJkdVqz3sA7U9xq/z73kxqLyWzafuO14CRVFHPVkrEZCy/S8v8lD9oTDTuRuUSY5jJ21peknKOJ68nhBN3hNI3zZXtkeeW2iBPAEr9T2F+mUrYIUhxxIvKqfNQzlEWac4Fa91eu6lOAv2KzO/mbQiIhn4y2FVBN8A7XxnozUFv2s0zWH96W/OY7qsOpyvQ/1DXKRbC7KSBwDS18cflMjg5l/QLjP4tzbiGcMDV3889R/4MLIYB/V8R96qCFo+wS1UTjoAbNXaYj9mdVXF4cqHnDnWYRC2Lt4aUUa/mRz9yKfQhXsmdjhtUIqjWP8CuQliLDB8j0tuEeyaYBOh5EpAr+I0DrPz83UmRbxHIosQzeYi6wR4snBkPIye+kzqkMbmPc0d5kOF69I/AcqPuBN3oLwOvFzAWyEtUB1/yp/1e8JDQt9AjWPljwvTEs0h+RmxszGOB9LFZ1jbwoBZ43igz90cA96XGWnsuSHhgsub/ueLIZ5yFlQzVgjqUQhjqcCbSmwrIn70b8xKH/UTNM5CSclTp4wjcx62hDaaFKPmjdM9f+cb5fwY8Lc+nuBvNCTbe9dW6mFwXe7rl0AoPNPWd3aJMdZMlj5cxlzVLmLhvhTWd8l8dW/cZOt6n6KnG/Vi9mB/dO7B1hg0y4HbEVBzD0kPUgKdCxr5pb1cdutnWABC1IywRk2KWVQHn3uN06qO1ScV6AEM0cwCGVRAR3teOLHfSaja74qUcFSpmOPh3E4qst6vGrBcwhZkYKqTRyJhccYL2grfW2flolNmT+mh3WEfAldJYv1b7ziRQeoqJFC+4HUqYlNxioGkYetx3tA72GBhHrO0q2B6a0OexrH348Ldkfyg72/CtAiNOEqvGFpUoz5mkzgTc4qa7oZcMvq3nyvWjQlpjeoXjbgUbCKtQVNMu6rOrAercG+8JdOF/0vHkK9I3l0Tu5FDk6R/1jtL+ZaCwxTX7NE+64jxBVoO43i/BcuvPmMa2cupfezumcEYAYNwgREaU7doCeUejXk+Z59l6Pxu0Jgxmjr2tWLQ5o7XyqJmTvUkzscPFQjmM18Pzb7DNaOQu3/b9BDAEuORKDfO+Xu3NhFSx8oZZzhMt5Ddce57z58Sy5rK9V23U/RgNp5FFR6dXnBhoBSJmIpQciknms0eiU4Hucxvyqs4ID0mcaKlSRMf71fU5noyNbn4qdnaH23khncDQiIMhwaef7kJtb68Aja5WSskkKa9YUKbIyDoo9jWhYknHSChkSG7VgGgFrTPNQdjQLgWxHTqt92aGMdbhna4V61YfTSYaWoz3wkAofnAjiI8wUdV7nqIgncHZBo7kbI11LogPO/dIwL46xioOUSKvsRVr34Jdit3xLBczKKSe0D58igrEEK4p8ANBSxE9WOUJ4gcYmOJWT0oQ8D4WxFKY+ggUmzEa+mG65xf+TddXUmWib3A4QCQRBFsfv7oBcX+xom0p3CeTMSVw0uutb31PiOpy2q/SPBRKBz/jQc/AA0ekB4o/wFR8XH2IAAP/4ZA8GoaaQxX0C5BIRmUGkHES+XrANHcCFlWOSVyuZOvBb0r7103qaSP9KR9NOsaAI+Cz72COSHiXvBAS/irdVBykIc70qbOd9G2exggZ3C4pWcD0JRKcUXkV6X4RN4arnOUvU/EiLuSYhWarZ+IrkuP9XrL47UMzu76rW/1jQhNCOM1zf0u0DX3SCTE9NYpa0ygGKs/XAX+PuAQmKwZvzl2i6RKpymmHA6tUeTRIwsIrM0NLTXWT2u7FILSvT8L4EQ7hmTwMwozhN5tPl+qSMIAGdAwXpY4hYLR1lzhUFmQPAw1w4yFBWX9zT4hegwlEMxvaHQmGcHYo9nQ210q16eCQuWO/3vNrYX9xegjsQWANMFHRFrhoSS9kPgCYf69o9AAqX/7W8NDkJ0qXifYgNksaABtDqfO4tVC2MF7++NsB2W9bByxqq/KX5m6LyGHFbI515I8soFj3IUxLUog6+Hxm+2HwvMQVdS2JadGXh4q7fttdmPaiKuDyGz1QyiEIOc0TF6G43rLWXiYBGwB0GUYv24hioL9PSSeALWUc0Z5EJHfYUCkReyMzTQtHzBFLv6b+xC/vUuXuzHQjMmOSMcCgD/j+979TUqDsz91Oqvg1Qs9Br6EV8EwYEyotfhaZABHZ8E7hKYbifySX6Fie52afhqpbVUPd/h3rTkxzQ5Z9yBwxZywg/Paic3fxqjo2ib+jVKBlgU5nnWY8cFCev8KtzfkSKrd4hqlGjB/LnrlbdT/MeO06BQxWGtwwORKvxBNaRZO3fMOsBgIazbRXtz1Y2PkUxDK2duWKoEqXA5inhKSMbnYZRgGG8Qn8ViFRz8FxGpsP7tVzuH3u8cT2Hr/tbqSOkDNSaGgGDl5LZEf3oqE+7LJB4Yhf4S9jXz5SkvhC7J/R0SNPZWVnxdO0ut7FbbtRfXiziQfdrxZVlWh7zqdFWUnNfjIHfJoe519HakYakH6yF0FUkWhb4pQQTapT2J/RDxF5pSMXmH6fU6RyyTRBsGbUz2zryty2lfcWHPOPhnSPyl5zv8/Ss3Fwkuno11g4NKyBE30/L5o/cZBVeRNnqo7zmPb4qNWykrD7RD7wGnk8DfHx2YjUMdKewZj0c7RiCVEYBtYWsTPnQO5LGLTGSXPMwZ5VlxsYAafULhwHiUFAuaxyTH/NwOBoBSdCjmuv7idAZnjsc5dUlsisxmz0VNsNkqRz4iqYChLgbKV1FwAHRiIrYYmkfAybii1818wIv38mkRfH0FY3pvwpSXd0baqBO0vzcvXeLnMLGcSKibzxrC8JIBfQW1/CxifgafM9o266A4wZ2jTmIcyLBquTEk+2EKYyD4CTCrbgablySkPCaCzo3ZbuXIAnhRqzfC4fBggUGEnWe08uuaHodz7rulD8g07qE4wfGCmqGo8/4D377aZunn8SdulLF3bWDkfVTyA4CIW0oQBhIIkNrwYKglZeWd6aOliu4/1cnOrryLFll/8z249Kbl6GPr4VR1Yu0SbSeuRgPRTJ/19bXpj+25e2zSw3dDZJTqFSzOufujhVAHflFD1BhbvUSaoLOon3itglfhMOQaZokPownSoNkLylUuxBbEbrHLMDBZYznqEVruyRqL6/ZkQoN1isU0bOZyQ55VxSUy2nqlJFuIVp7uXIYvMYJDuieUN+MipEqSgWfoP6zCGbmkBPI3kR2h96x600vrAU0M5FPEurKPRcgEjI6H9HNfcEZQsOSCuK0iksJbEp6hhMdIky3v8SRh5+QX3MovyLWo5FJ1uwHrrG/e5dEsnPCQGyEyHDSGlfhdtP6Yc/1P9f5RbPZuD9caZdkkBF/Fm9n5vXogz6hmwoE9goNt/Md2xc9Ie2JUjTHatVb5dpRgqm7A+AY4LiKUijkdcbHFQjRdLDTKzmQVWBBtTkZcjA+TZT9lvQji4IpDOLnoiXISmk0N8pDfUnvJ8yuc4QNaFD5f9UqjclsgFqy5fCJccdU65fGdOG9ILMgd9rUuxFieKKsUnVa5XBEGlmM/Wbd5zo9hXDokxaArH7UidaWMgkThjGdT3MNZeyN1SxMa79cATZrtW1kMpuo+b9LF9/+WOAC4aI2JXKalKmv6de7iIxuDh0Q4xucdYn6oEbHTfymJ2OBhl8YOaN/K1l/0ushkwX2MQuh9C4lua5L3KG3owC+ukKVPYshgTwNvdu6PeOZ0tht1S+gFP+MihGHZXXsshTHY1rNaK8vamlzet7uugX7jP5WZi38AH/3BJMhvBNVv2sXU4F9iRLS+BpgQJg4J+YH3cb3JuyeK0FwdyD6P6Mn2KIvUsZlSHn6Wk9/XcXXsHHEMO2s6/VRmptokhtT8ic4vMbGXPLRIRTg+CYEyenDnxTlqAwPcsZJs/A9Xd94GIhUkoQoJ/FpiZtcdnDjK0MiVlRz59DsIZDU35FxuxMmuWVnq9aVs5gkkvB4E5E9Sh4fCRoYLd7sK37T67d5ag9ApgbNfvs0FHAhOwy7YICF3s+260or746Iiv9R1KFzgTWv6i8jay6oMf+iyQ+eUkqyj7gWgmtyvVWbBIP4OxCUeHp2So7/iKdu7J7ehGWoFYC2mfAz/stMzPtYBpfkL1Yd4lgqUM2XXRS3mCiQvfZ4bC7kkhjJkINHih3isH3UDBCdNXpnS1cuhfaURKRGinyoy+U+u3+EwXopmENGnvxH75SFcMdpA/L2nw9mh+JB3XMQTCzNzjpcBqY1KRey4ZCjcJ6r9gk2nWQzkqMKCHKR4Td+EhhbJwgI8ggf6aUqphDrMuDe60JqrPOo2aTf56lFPcuubVco4WgPm4Aqkk7V2qSPHeoJBr6lRS0W0OrlRSTsnXg5MgzkWdS84DjclJVQjGdby522Dt9A8UJKM+LbY4vSK7nx/zIx3CUhT9fO+bhYAh5ygWwD+ANirXpYvLjtlB/gInxoGoFwsbTWFAqKH6/oOEg8bmg/FDBXdRMDbunAfUDzJhD/UdvMURVEg1cQwuc0WjPAPuuUNN7zlubWG0h3CQPYLzU4GKndErW6HemsZPWlvOx5LIf3DqtM8gJwHWaY36mZHsNnfB1qgvhvX4cMGNuLHQcoM6wXcKVpgCx6ROJEDkhe2PotH1mmv2r3SD7IEuYYZuwNyusMogV5JnoRWc5A76oA/UIjYbuVMTKHGmu7Aj+rKTWmhEXC4SVwUmP8gZzCcRFkxxBZpPXngRz3ftaUJ/e8JKAhak9B7+hr1tj/fBLMpN1X9IsUB0WHOkvkjmUjL3Hu/1Ze8Gj3wI/yzwZzEoYM7Zt8IU9J95ADlf14+EP5uGbs33qmaA6LW6F/oSeuYCLIZSng7Lxk3K2ceicGlVSiNZ+B0dkQVE/VocJDu04dWPQ9OZvlCBLwZT0NzmKwWWmsBi+4kV8bP0cJbP91IbNRiUmphk1XOEcpF/ppyWAwTc1sT+hLnJRP+9UqT3ivEnSK45sWPeSaI5KgenFX68dPgaqYz0zOBddHNOWP1ZWeIfiSQ+biIn5fx8NsCTiGalcns1VRSRpdOqi0KEyS0dxTUloJiU33TTJL9ELx6hm7+9XjSAzz727/eCk+/QRuTpBacV4It73U/PqGsqvEQJ1TuNicPITUtQEQkVQyPBjVwci3/FoCgw1n6AkDl9qXKczVq4VN+aMoCJfz1pYzNiGLzpHG8r1k203pVzHv83m2zUMOhfQxPtygGfgl29ruEIVxxv2pwy80/x+QGjWLT3m8TZ00GlafvWFTGxFodwYLDKOg2SGMo5PjgnWwm+ImhQ05GyM71cbFUlAFC9Waxqs7Pr3tsO7/l7zUsos9chA1P6JSbtPsVByh5NIFkl0mSw6GseXm/q1UrDQTv1+Afcf8b64ba+sf08Ng4nJlPesA1MzEsqaTxGySSQZvUtsKueSJKQiT7XGEfQQK24ENEf7kn+ngdgWoVUrsuq61MYUe4gEhvgCxk9nsbELkJqBD4ND1g/yaLg00+4/kpjQlkM1qkY2mEbvyqwhiKmzAC8H3iO11ftQ03u/ZK3koqETeyAo/yMn8hICuy9cTohf60tZuMP6im7xuRjgvGeTzzrIbF1r84Y0f0KCPwZVhUC4dD7sltBeFjVMOFSFqNW4Elx/hTvZH6JbQzDe9RtGORNAkH74q8XwfnQqhoYIBGMdf7mdO6IYvw9KACjKbnC4xaGx/7CI2YTZKPV1qB4M9xH6efdwABxK7zqbkQKK+ubEdQVRkojIFGGUjjt8jlMrfOaAsq1bgiD53bFKHK/nTdJW2KePWMW78T4BT8ryNe0ewMkrxhXWUIxVIp9xKlGenvkjdjj2rECJ2TOKMzFSvlLIpPB9Qx3zxUmuis8vdGDTHofhe+axtFghOa05ZHS5A+1LO/uvzDzHZL/O8Li5XgFbxcOXxWcW82eeVtAzWsPn2+HwvSjWgWssyacoL707VHQZAYNegdGQJow8ARTk99FST0xB0Fpbku6mG8Ciey36Hc2IvWbM13RZ2lM/yo74G5uwaf29gH7McFqs6TJhwwebAUiZbQ5r45SXIWvaQOpoIbz7LKvI/EwPOG6iPlBbiC6nH4kdH/h1294JEnKxgkpyUgjqoAv7q7lKzOf90vI3cNtqSKEqO+l9ahnpfUB3cYKen9ThSVOw7e9bdonIqibGBEcfItEJg1nNRpJxySULo6gDBVRRjlyRudJA37qIKMNBaX9KFlgZ1hL87Utt6/ZWxKa5BOZl/kjNugVKAln2ara7i1xHk8tcwTCXjDtyI/3fmmG/1n8i81OBng32RUcdb4E8kWiygGTNogJFKTaIgtXXDqN+h3D4qxlydG0pk6MXuWA1FTeRW0fKK2Y8N9I+FpphVmFUTkqa2FILuh2gIGIhu0VE5bqLfT5/kch85NJXjCCkDQI71/dHvMgJEjH/GasPlc0loUME/ZaW7+EPaZiQIQYe+SgWt5+mfdnerUdIq++dqLvFHY4JY6w7Z7YnGGHIX8Ts2cezTu/9QiW0JfUc0v+A63Riwl5O7HyFuuAWp9/NU69Mvd/Rn0LOEw69BM/YxRaY/uSdhMmJMqLs9Eph59x+1yjlZH9uda0vmISXfWyz/bqBJ+QeSqTb7rRNX/+rRJxH0zGyx6Pgo12WY6dyRKmFN5fk2GVpD8DfUEV8ZyQwozBLMQr+Qxjr3u9LWPtW7m7E2mEiW1qOsePeqlYLoc0bRk984lsFeo8jW1P9MZbSu6dsuJoZ1vJNHJfgzigkDoxdopq/eZn/7JYALZgxN8Z/4o0X/9ZvuwudxnYcYBs2txE08lOaPolSpCiD1fPBr+sODLIrQkkLep3lSqFLHvJtzs53dKxmovDh1/iova2jGELgY489oCuqzWjyR8iq2fA7CRHQGj00/KC++wYniUONdT0LFtTuNGJJa6eqOjSJGzM1kg2TlCo89zickveeaE20AKraHm2DhV3k66H+hHqKhtjLNXjU9EMt9UV9TolWxQG5GRemiy3m9ZQ4HKRPnt4E7ewbVM14tKG8Yrf0GlVHafjcli3aGivZD4gwN32Q8cLaheByCtoVAAAAG+ACGokEp2dQY1zkmBejV4AIYcqL6GYx2dOhdl3r3IWM6Ben5n6HXxqlzK9BYMaWLMPjpswI45CNOVk01fYV/7LpUCKzDTi8E8jLfPQL72KV7uPxkiD1FIOe12yzJIDZOLYyd0+587zD9wLKFkeh0A8BHBi42CnhYlZ9QVIODw9Rin9U/rSW5nF2cKjRmCPVbb3DOBRr8gxAlQB0qAA4F6eGSHqITtM4tUNYy18NpWM4yc90QiLahGZ/yka3eR3vASqBgScLBtamLh3QemQYVYMG9C7/BCCQQPfR7d3HLhnB+wWwwyWpSul6+1ZoojJYUGe582i/3HIWpoFpZeQ/qArHQod4KoZt143ri4O+OeLHhEI6GBswBMmZhs2d1K8UAIfL72qfkoxevDNukZjFkQeXD+KKXUW0B7Gm1giNamtwXDKQnsK9Y5aDztKTcSyK0FPPg+R109+GTYcqxqf/EuoIRwjyJUQz3aagJhnN91ovNm4728VuSV+gf2ZiwtD7ecg/x//ApUFFf9zXlzPu09PI4eIK0lHzwSKNRyrIMrGD3pE9dE/BSZf+Umj5rMVeQkWnq0NaINsyfDhqaEKG4BCcWKVUE7s+d1fu3lHBzY6KHxNNlTjWkaPWuHXYrKClGY9QVJ0bXDrIfJXxsZDJ0e7Ch5eUqTZXmMkG/FsJ+RsMwf/bxxkYcVMDZvZanXEFOg9QftcVfpVRiWSUAIK0gPY0Iv49+ygv4dZa6r1TkDHcEbslRdbpwvOEpT5Jyu/taEkvkrJSAcmtTnlmlrOBTGC3lAicJ+2GQ2IiUfZdWTA8KWX4Z02Zf6DRGl7gt/pk6nEQrehit7PkGY0sstxXquPEwY9BMnNpyLrQrlsKxR3xyLFg8gil57YXRzF8KhkTj07Eva5I3RuiBSnurISfLPbcb7gbTIzx24F90NaEQ6rjvB7pJaQyAwpG8wnENW5UcwGhn/F41ka9PiWB4zLwvmXhLzfFs3UWGXsDEBopmMk1Cv7Ak1Ltd1Ha3Ih2O0jq4Ec2ga4IpFLhMTd6FB0UPSCzVlCjBHRZaxyKFq8TWWjlQKOYLoO7MIrdjCxnGT8QcPu0PtKXT6+u2WHST/fYoMW1nbsLZXb7RbJdlbIfP1nMFiWtbMLQvlCN34y86i8e8asFmxCf5swxh5ZwZlgjzeqh8xw4E+q+8RcS5wIv4TQ6FBGp/1W2fDUHgAqWfMelsUbDvhKU9N0qjOL0YDWkkzZQcBLpuOPydXa7BUA+VXNDfcGL7p7ytuPzvdi8AbY3cfzVzaHVJ9vd95vlzG3cpK/SLAigK4wfNG/rKNJftopiN1M4IDvLyD8ZL0k3esCZf5AtT/DTbHjKMLX25jvXhfghKyaCiRH5iSfUNTXeih1rzZ5m6s/691jCaXAQ7gQScRXE97x+mHhH8WckS6IsDjKUPwOjK95bizZ2k+7xEMDrQYko49FSZWqRkxl3NtJheDP8sxHdJGIr6oKWq/D5yqN0+24Fe+tPM2DsVVWgEVAgUNESIaOXJre/zuU18kIDEG5x51XjSMS40zqz6kLJO4su6Bt+MmZwmCw/P7p6HoBOVVcEw9ZJ4oO2wnUG+J0gO9YwBb3JCVAheMwCBBBP18ZT/cb3aXBwhTRiEx7Eha0h8u1UhWxg+JPletgrPSdVz2QrGDQBYwKkfIb2aHTApCiYa41iqO3p4egPxj8Nax93g+cU/qTPEpeHZWO7+qPYdOx+br4PRCeBwdBeDptHvNle0oI6GPNwyEZVSllBocDS5Y3J9OYnip0o7llJCWbhmB53Y8IKLg+KFduuGQYHdUBdMXM1rbq+n+PcqObjdxc1nGvB7yXXdpevOfamM00+oMzuBuucRaT1izIZTpkDHayQrgWI5ip0+bok8Ogf67oDjCxMQ+FQpCkOk++u+MroQVxq9q5XL4lWiErvM7U8RNiV8pokkZ3OM4F1dCcMVNVELzqRpt83yb0SIE1WnF0JYQkd/8+RhJFvhiDw098m/wxII4iAPDMp6e83wl98mu2GWYZtLRTsc5yapd48h+SXEnOmwD953XuomCggczUgAxqsebPwrhH7wG7cuPE0UHM7Jo2AS/47TfTFxCD84GZX1VF65V0WDeLymcKNpn81LIPldmxLOJmrvIzvVDQKNftbaPiXbn67xQ2XgJ2I3vtJ2fa/4GF1JQOPde+8IfXyrRJ3ZXquLVJGdLsRoapYM06fQWrXQqpyH5iCrlYNAUbZ51TzGGLVZK/1lraW08zbNSw2Z/TF9I42tL+MHhoZ9/eMRq6rjSGgg7qKregv9n/vAo5SHPg4MBycd4XRVqWUufxg30pOQWzAkD/+uue62PN5j/4KzjDj6dL0G5hufqqNqZzn/3nuzYCxt4e8CX9KXpnLyLNG37L3aJPKaQEduSZX+WQKHXtKJGTZBaKFdLrSG63in4YR9YG06Afd2vWxXzVY/C2uyHhL3ZbH2znYA2OGNr8enXjSKf4U/lcm7UqFsGSfWOEYg9iKJhowTwHpftgid+CgGniTCz3WcSAstTc4Y78XsI454g+elQPxokkOngX8ZnnpSkOe6Bl7fUYmlP5rtCeeHeFyD5UoilKrnWZqw+t3ipvGKwsxmzyPXWKC15NTSGIu6c7upl5StqDC/usgQJWEukV7QhakcIemT7wkvlvHnSgdTVesrrquHunO8qedyvD4I8M3wCJjfVsk8Kp7Wn9ZL2AFMeSCDlHm99wea6hOuaScC8TDeVW2Bh9xU+MYUnBnXhzS5YL+Ul4ijeihiyOE2RGGxHS9pgOE+OJ+6gcIFKHa2X5VMuvOpVXa0dX9sW1VNCpMbIZVwXwEpXJZXP+J44iKVui5fnZ4rtDKFLKkWJzR37QlqyH7PIhdwc07jz+4ey1tl91Yc1bU9mPBnpBUNSByv4uWerqDBJBwTzvYxaRQZCEI77+5IKfJ6bRRImizAMnKN0oOLu84SuwHIyxqHIWmG4F7+LL+YIbn+xvZ/n+RmgP39cKRK0WbUrnSRcUsKD3E0hNUoEae+xhTyp7BUP+y0kfXdE0R0OI7tY58Ce+FrO6zWGe1UCOJNwDXaVLeQpAa66zeLws5798eydmz2JCUkZ/lRKrhhtPl8eqYy6KmBofRPW7kE/GZaNCdT0Pfqo6SDzjR6bRG+CUZMJFDhIAAXS38Eqv6dV0x6P/04FKRRLm8rKvXfUfYZOKLSRCvfnPfHDXqVXnjMl9BoC2v0t3ArQEqPaMh9n/D2BUpVUWZbLvoKfyHl+C0HwcssA8utE2bLt6Vxhvh0Y3N2Ww9C3xwP6WW/dq0oD/+jP99nVd/MFMkkqS2V3cm+Tf50ayEocIfzvpfe19qUj+0Cw2b7XAAlox5D+ZCsvrkFe4E0JPnSfBr0HefINI6KnGHPGhTQmrMwE6BTYHF+e84e+z5R+V797e1Oya9tgRm1UNo7O6SU73R94J4yO37GsL4LUOEZexJIL8thdUyIJXzjBZpnU91AizyZT9Dp237eC8RiA9J8HiuHQUEEZrCxzh5p8oJi+rSNIXj12jgQvnzGg9gH1L+k5LN3+L7CzPgrAfFJ1iydc/UahqixvA1THP0Hp+TJzXjiLfkES72huPEGwHsFAeUYfdTU2QSKwmDEKzdcj+B03lYApXlKgFx7CRw9hhr1lGLLFRBYv67xNQ70tq2Un5hcwLsT0bVb/EoulF41ekNUpFEK2oQvBEdY3U8/WaytR9FHroaZ4g8SV53f6+ou/7sYbMzleVcEbvA5fTWM+bURs/jl2Nl1ToTA9viQievCbkNVrx6B86Z+JhmMeEYrZqY/OEz3k2sTqS8uS/Fdasd3ct9z6i+QIU2FqgeWd2TSMKdb+7++/hKluLWGGKTEg2SiCDgDaxQW0N0HKrmbZFt2Bbluw5Is5xZ7A6RSHwPx1tExhFcLdDvvNVNxDgY4KMk++xRgLIX5zfwq2RfyHtj/hq7SmmGTR9g7ZIn4mXDcmaW2bw140YOarJHlGHXm2oNI7HhNjBi7P3a8mX7a17TTTIEVQMObJJm2cKeB25X4KEPGiUu1Psn9Nn15RmFmSNGbp60N8zn6z3AQwjFyPpkWeIobjpyv6qhAFIda/yONbqm5RLGq5azUhaiakwWPJSnrXFfaqau70CqOCAXyN8bgxvTTpcfYLCJDRHAsoAHED63wLsdspcDkk7ttb1kLBhu5xgCdvIhw4RLogsjqljyRupbUAcDwZlwm9xRru53hCXrgTt8A3+qJpIj/LXLGut5Dqz3AqgR7FWYihhSbztj1ukJatlnyq5N7p/gNdnsslIDW9jazwlr2G2IPogH97+gVv8p0hJed/dz21zV+5trnDj4F6F//x0X5zvNQdHukMLCNRBbfaW3uK324vG8M6UnbotM//kEbSpRxmz/jgjrU/O6gsZFjCkXkOsPII1Eajn4El1aFRCHpUQwJj3gHRxWtrpQVisaNdDbB1iPYTKALueAuheyLP45xcIUt0rVbaMq7XQ4EpGxtbvxLFNI1De8RJ+ryNlBp06zfva1bsrK6hsxkibV46Tp6kZUpaUFz1SDhsx0hBdPRySObJye7+5Xx7vRC9LsiknzVuWZSyb/xwhd9CuOjknwKFQU00w/etBU2hnDhrc0xILvRMgY0Bt8gXeSPK/DC2AoR9sJj8Pklc+GfdrLlZttGeIsjeWoSdo1rTdkEoWbMDlxphAC1w8UeHSF02GKK8Gzp+Qt0TZH9Vni+urgUhPtX6shIL6L87v/7cUxggNVWN+zDJBr/kP2BLYHhBvg91W0NMlFVqIZ6ZYGcS2jP0+AY3TcG5924QoY0BhUPqRqOsj+PF95dNsxC/40kjziVGf8jGd3fhmsT4XOyNj0OaPUd5o09zZuSz/saXxzT1P9ET8vuL7xgXkwjh7QtmZkYMnQsc+NEXjCwTiYyj+TS/F9tDkYJO3pZGV1eUTI1GFgaprryNQPg0bzj63vX5Cd51rthTnsQykmK9FviSsIaBkiZc1W9POhz8AR5SEHAwMt/ljSeXY8KqRaWcQz+inhHtY6aHgHFte6DeBvvMAmesWH97IDcqDoblM2pwlK8fwDaryRKa6QPgsTWwiR/Rqi630CjSjGdqFDdEO6E0UA6tDtGRw3sUH/X4wpaUec/vPtyCxGQXWkRR76jqIvFlzcJVq9r4qaSV1h53MCQFgh0oAuWU4n4xjAIMpygFAAFsuKgJ1Q84gAAJjBO+lIADVnnZdUwcTxFjl43jlfYbUxX7CYK6TC6AtUEqOG02OwcpRIAuFSoOULWiGuBFcsvIr79ecj6laIwuyBXNX9ZmdB+epUwgceX7yBhcCLIqVKA/Tpe54IFxJ26JcWf9hSubJ/31TCeJvLMuc2XatqilNYN8qerhSRAWUD8O6EwVKCEyS9YXpYPSpmt82w4JpkgPE4w/dnLaUdcVtEDzAyRqK91+ds8HkZ4/2uDdtCAjrbZNY9/x2PW6r8mx709fSyQG80eZB+Q3VXedsre/XZT6JzM0G2xKERc/0DPVq/bUcmTbyTI/oCP5PlXmobOkVvjotjJa8h84KnFQLmQcpkqT3MbdA/71SkdBLqMPNfGdiOilY3tqxrB0w0XJSDBu0VnzpBd0RnI7WBAueqvzGpD9P9XHKUcF2nEjEmR6PeQBYn9t4laopUos7sJFcrWA73gKeRBzybdcVfdIsOCxfRsVIT6egIMnlRL2iZDGrXrJv064BzORTmOD5HEH4omPAiwgweHuxjqg7I7T1KLwZnjfO5RtyS/lapyjn1Q8JKw9XFiOm0CABb9kGkpfIgkCJ8enH42Tg6rbbffqngDidqF/V5d1iZtz1j03DhENQ2TC+stqY8clsR/Im2QP5S1uwr9ceHZbKBA1U2/gNhVBUXMU7kzVBVkBRo6HM2ZzRzzGtFoaU2t6EoDzuJvhDMFkaCvQ+Xuvphbj/tg3y/si3XRyTzq/iZd1VBxSfWCiS3ISNBv25DsWXb69vRKy8egLyvF3Y2+u4arpZT2ru1sS3l9NSf/sEmU4JCDEn8x5A+Wmkw7R8Gi11Ius3dXkV1psiM6VRcERXYvENrQQrBlr67or+GSa2l3Ynoky6emhxPu18BF4k6pCV1sBXCcz15VFpuBnyYrqVRnRoiZspMu0EiI9azcx84DC6dYX4PwaEUYwc7Y7EynOEZ0BvVZd5ZqlMitUVwBHCSM0llG6SIcQcBL8xHXLeRk4ZQ8sTiYD/9Bh4vHowItdDriL5YWWjfPJOv6nE4zoUTaCS4E36XePW03IrLbKHLvyEFq6y7ljTycVkqRxeiy4SWV5UIAeTuyFKzYIPiYcg+UlWTYaSMFl7WuP7FlQ82kqQ91JO+qjA3TLq3JN71oWZerPVVdUCWl1r4Ke3wbjAq0BS5Sfti1V1JYZnS5yUAnHIiHW4XltKyzuu985Lh0Mw9nJlYJE95i/dn1fesbCWSPcak5v3smvgfVGvUho0OgFoP+rKMbvId9J9shMpwCjjuJjNz0Pj/kwiHx4TMkbC5hdDWx98qCopijy3dyxdr+d98KX2I8Pq1BRIuYU4SBgkE1gpGmxNe3veSpJw4YFiypfCFpK6B1+QyvMbAUCzJ2nFJ73Ey1KTEEZhPRFbPN00TvyTXoaItHkorK7QKDtDra3lQa56qCHouxb5pcWwEm/6YMCDjRL9R7zoFxzsEjAVe/csAJNKoKPRrmKDMe39tBxD8ifUk5ApsvMZNhxwmQ/O/E76CTIgjGOuuBKILoilfp+MCFx5dtvtIGRGCNK6wwI/wMK0D6N193iIrRcU5onrhFjsnOFDcQnlCWnuYn8npFkNSmQJ7CXhQgSrsl9sxSpS7+jioUStFXKTWZcWD9a1Ye0kKE0NF0sycFGvOyuA5ZE6hohUViNyfOHJCQua1No0txH5gl2hgxCNTb93PxG97MlCVbSYfsqhCYuqttZiHiAQy1NVdpapQd9HNbsEhEs/8g4HCUkNY7mqpE9do5Wzrs0JiDGESm0mtZjAIKb7okLFssctneEwWobju2zMXRMTaCnq+3rcGpmpfXz7rkAix/5lo0iPBTkBd+ey6RPTCiOhpmmuSqj+NlY9OM1e4Ek0P29rZr+aN0gHZPv/0VwjsB8cZObu4E9dqxTv2KR5hzZachJ0gtImpnbXrJ/5l3zzZ6P92/nuaBywn2KVvG4eU7veDBRVAFHr8gy8+90uMSKQstGcjqIw343FRCIIZajUh97ItnZr814DJPbjXg5VaAbOu3adBxq0A6P1lFuk4AH95PcRNU3WwdT89InCu1fMllRDaaEjgVtsnmcIXlhlk8PzYzv247B4sdg2JR8u7riG7pi7fZKZjiWYd90ix+BHb7XiijDDxX1M3hpcg9E0QvE7yy1sVuTe8JSt/OrgA3S+AV5/1ORgKfyknwWLCgkvCW3HilLQxzgRd5LO+LMlqzBftNm2L+7XgQv/lj1SFGZIq0ixGWblvkDwG1tMShCyj+uZgglG6pej4e3F0EM+9vUGnLUbZ4084b1A/wsj4cIeqdUFFYF9Fo0zefaxB4QABZUtxztjfhv9KevnxqHnTLM+bhiQLC/40chzliNPvLGtDVEL9fQfYcAuh1uOgnHfkuQz9lC0JcTUMMn5fezGAVrw9KHwDVFilvNHDIy0BO3AVmJOiMgTlGnuErDQ2oQmi7kJuLPrgN2uqOhblOnMZlZzFS9TVCHyjTG0H+XDhS3s9zqX4R4qoEIKb3lul4eizFK4tCHutr0eU+yKv+HR5H+mr9WXuYHlGsUvMZps/bdFhNiedUlDTm7gljkGJJOlqmCUfMloQdTenI3CBDvdNS5qI2A3uw/ekXLv4xQKj2dOGW53uy738qyLfp/Pfly57hkVgNjYr/3sYW7MrlWxRi4NT7+PDS8TnhIHHbBY+b/KK7IWRjfbk/5sXxX+16O5Hlzgts5r3EZ1oLV7DWi4qPj20lcJ2vJP2Ptpr+dMBJIjtnuqQwQXez3ygAAvHKsIns4YtA6l7Tj+WlcgC0bjF5GNTkFhpPXT2zpcaFkm6pRD8Fo5YkSPFtkWlakI67rzjJo6ONYU/TmEp9UjHaO9HTx48WBGStMjxeNY4EM5qgE2qoiv70Jp7jCBroxHIX4UhRIc3ql8AQmn3XUYSqnnMncUCrWQf9JwxfFZbI+O83hYsl7T8dbZpKla50SOMHUJv3qz2oQvickF2vBC5krgdbgJMUP7E68JffWwYlvfPuV552n+6sdnLscadpg1KUzEiwClukLaRzBq9osSnk5l9pFsrHuzgjdIthq8YfIFOiK9vgL5BjigbPykfIxn0LomzME7lCFSr3gn7Z9FIIpMGm24op5cjqBjtKu/F+rMQUK15Lkzkkni8Qf1HnSQqs95o7H6ZSI2nkeCsa2F6d/ubssZy7Fkikval2q/qxtuyCo7geOZxi4s9rCcRGe5ZILSRtqFQoShSeUkoKIVwjdD0xuv9AYagyqC9VGjhHZrtB3+FHnq/6U4jXeyz/n7359q7ZZwcmYDLgBcIuV311k/i1pQKo0q+3ulKLi+QnZlSPx0PREBg8SPm1mlLmXV2uf5m5AQqM0VahKGugCfgqyfilpAhTrTf9jL7wZvdPpeEC4fkDLSd2weRWUiFD0UKYxYrxMTyp49Ax1ClhmRNAWvWKCy2C8w811PxANJuND4IiXVIfwN4DtBpKDH8QBn9l5xrHcM5k6HhfdBVwhXvzKIps/3dvknQw9DXhGUPEWAx5GfS87vQ/nxDicbW1uetgYycfJtb5IrOKk8jhOHM2H2+DtXoTzCwMKHpB6KUio4gbMXTFULs6mRjQnpjATgGB+tfJbIDpZxVqFYaTSHA5ODgcSgo15HJf4OTDKTh1VZNrPGoiQSjPkPUN9R73xYoZbRkhvhn9or/G9Cps2V25I5l+qqtKSo3g+mE2vH2IwLKPIafkT6tHrntxW5E7V/nxXLowG6O552lEfu4UjZqKxLMzr7BgPJGhcQKP4DP/I7BsRb6eBfOiJFWRc10t7RUadz91Zup0NSyKEG5RRto3nruE8+auEF9KoNYQYXA2ltMve4JWdSXXHLofj9be1/Jm37dLaNlBnzuwON1H7qvEjBrGZyJMT5VIxFgf6YS0+8tGA4cHxXdpqUVJln2JUJhN+ZZi4RZXTHftQiexMVxHAS9YZ5z6yiZC3XbKbJGfUHLUM/t9QTN0BGmZgj4kJgNnLS5Pl3NywDZnpfR5ELjJgXvYJ41mxlhkACf4G/Bdrf8sUH44WkgexpbqsmhtoT1sFRfJKM99Dcwd8pCoA/JXQmrw6nJ9w7S92tapLT7+iKL3DOawReULocKNhDBlkXZ+ZgpUJ4nPrxJh2KpVKsIA+MY6iw9mosXfEEG6Dbilcr17uJWyrdXF0AvRbIy/0BQj/qfEpJgypcbYbW0spXkBmuj75tk3gxIam+2AN4AOMWcVjKJ6Tvo0OcmZ7Tmtt4mPNqkkuTPyl8Ybx5g3XH91K4XtnP1IxvOLL4hQq5JZDqASI9l7gnwgbRRcMRoTzA9ri+j89yoS0SlkjTp9A7ac/qOsY/9Ko5o5VQEoeGOltwwc3Ffwfe26qe9Z8TtbR4ZxFAG1431I/fzEeTFLXi1MdXyhKCVJa4FjgrMp/J2vx9uzX1eDk+iNJmuiBqsyictsFaTc0OUznyqcP3tC/GRZ7eFwhpmvkubbYX47oVa/PyW/EZ8Z0nVFI1r4wF/iRgdwMnNDrwmQfTXHnoaPBeSn4SJAyzyllwaKCNc+P2liqDDLDBG9leyZr6V5SOPq51fWLB4cjwMY4n3D7pIMJuAPXQl0gAlJSy77A9GvEjUPLB5B0WOjImpJAqxGX522r7W4iSsjs7tXzWQ8x4mYWgBT4p3l9foEThKXz5CY4vs/QrVvnn4veK3p9t/ndK3egJc+rPU91ykfOlgN6kFHf2oPW9El1QeyGNBVqmp1w6u513BBptTNoVc8oLghe6rAO4xL1YRBgDhQ998Vck5BWlktVph+2DXizlvRlnE4Me8esvgRBuCcmpTB8odwgdia7zm5DROBQcUkhdwbvbwu8IXSoqE2wUyp2jRsZwau2KV+Hd0NdYzU4ZO4lTM9cOkWBStzPpp7fAa6+Q70OVoidkFH+ojdNv4KoBHs3NCkWHDLHH0afqFeWDkgYFDS98S82rmUnTyhU6cWRJrwhz07/VPJ/vG4gw9BmSv8sQkZ0JIDFaV2jobx34mindaGlpNANjnDRoRZ+jGFfGG/S5wipYHTxgHuKwwE1HY8gk3R3kwgwEKGB7/Xh0Ut9lTeHonsvlsLv70sjhcmKDOjMvIgYGgKhq3R/EoXeG17BvNUBQ2z2EYYMNl2MbsOCMZYhWNhk33PCzOF8zBkknGgAd1xFzwDc1ADHeChAEU1IAc65zQyxyiB6rEgx0rsLPt4hi7HrRgu3Pfi8xjyAReoIrlxpaI4VnH/UantDjBf/UWn4NJ6K105VCyyTbmt2d6ZkCbrnZmNY6MBdJaON7Dcuu74czax1f/57LgBpxMvE83IOHeMoRDRIyOjsWrYH6k5UreG0ZhwcXZyRUu2wsJLv2AyjuHnCixov1ShwE21dDEwYYxVnCPx0T2lMKwPXhXe7Tt0ymyDROpl/XcmblF9/k/ymTJAAfkml2GTkMVYk1PS4AmdUXfYL7GvFRbcMCNzcNURzc1wDQrMmMaXEMGNr1Ilz43oNBsc8peu0Tw+vrGefjL94CchGdPfEpTfGzRfC68l9bK9GnIOAwLQSr4yt5LVKwKmyMxToF9Gg4+xqmeGdHPB/mh2J3UctePANgNxrYxCttsad21a6ezDCwm3fcbfLXQWbbgrlUv+8bHKrrRJXt5sjfI2YfPyMhqN9gWMxdRRM/+VvkrSO4dwPudoqZPdTuwJZC/oQbxsVH+nwgE/ublin5hbc4mvWIHQO0cGTmWqm/zxOta0IFH9fifZI8z8P9/+y44aFfyvF67gDRgrIAcON8Ql2ltNAFlXdkMvcrOcD20/QiwQk7rOvczV9+13UATH2IJryPw676nZzOxrIbAxhsRGk2ddw+n49jxIIqEAuO1bwIMPn8TvRa3/T6Q/ID5mDQRFrBHuYwc2m/iXbXWfTK6Z9R0gGQhNn3h7nc0haccQMHE2E/LEE6fhzxEkomTs8JkRetR0im0mJdtIWfdViUqoaUQ8KWimWA6QeoakKTdliTLDUa2IA4rJT0Yiaos22EvqQMdJlEyBxHUOpIF4QFrRSXOQHayOPyj/fguKWE5+bGOvOjJpH13jG2/3IGHcyhcZNL0Jn3mVAXn44z7v7PL7yEl0zgLkBg91DZ42P9+UMWKye/EBV5Mvb+UYM/ZaIYvKN/UGnG6c0hWgQ8o7d+ttxlx/wVGm6kjNV1gqE2U97GFwSniIAKqTFT8pFnPB0v01HotQltk14SWqjUrKSepcE6+XHok5UWr+YKo60k5pNSkmByiIQrkc7AJ/03PIXPpLfmLBiGfUHA1PLk5VlYk8QKhTtPsdxY+AOHvnKpox3yO2P7oFJHYubSeB3MML6uRrGiNp0MM6ZqAzSiCSwEmzRs60qoiFmguiwGtD30wRSu41L1jLkRXzDJzJzzl0ySz+CV5u1zbdvVv0+mIYJKWcQZZMrbEuy5OpVN9nYuYGA1rebK1TW8R5dwVXAMEoTrp1RnqwbSn2AwvzFQEzO9eZfAG455fYXrmCNSw+pOpsB+nwi6tcR8Y/Z0oZ/fbyUxJoLtpLvbIzVpNtxcnXgCfoHlS3GQ8sTR22YACgPCFI1sryFqiiSAZt+Vf10FxRqHLZ2LY6FutlWq1+eqh0Ylq/B51b9l5pld1F1oO1r/X0nEM09G5w90kd/bCiEaSxV2sBGF7nM5791QEcDv1e21qHFiW7MzRh6bcrCtRVJRer0vpP3onKBkjVwiYaoJYDwQJX8RcSGeEMbdj4MKvcFmnpL0aKQ1WbaPykut6JiWcGpzVMRRKSRcWIElIzcz/2xElx+PUyFcYcl6TfRzTIHQ0/LsOAORJKifOxm+3fpp0QTOZDZF1526UTRd7rkhyVrQ7DGuG93jXjb9kgy3zIM5Iu6THhY+2uv2hGZ/acAfYKD/kbMY4JP/qhadia1Rzn+yQP5sdjxlEZeVwSUxnd/zAJjIe+5I5m9ieZsIn05q/4G7VV2MMvbqzhs1r25ZJ4zsPTjV17uPepXTagIDoT9fZH9vYgHDp+3k3VlYgTwKT7mz2eU435NQTDikx6kq8GSfQsedT7TN41cD5b3StBkzaKHKKDbBuUBisPA852D5e1xrdp8/VvHB2U2PU8zJNMwHNNgGkXhpLkpH0uMro4J5gvQ0FIUA+zKdO9SbvODfvs3tZ3yNT3MP+kFUgZdu9RuIcLNwvK07nRbD4ftElEcUQnUBW0gLTVRFenjIal7NcrRwDcJliXS0kC1MIobx5YDw8Dq6/ejcXCn8pWvNwK0jZUgoCHbg+PF9kFDBwXMToc2vwy9qRvQGX+OetvJYE2nV7fHCy9dAkOOa2DNlf4/i7QmVQF3SbUV2fpK/Ewaz1C3hXxbhOtjc5u6M6OrsbJ9pD8UU54LC4009KkwnCe070wXVPn90gHcoZhwWNOWZEgwJk2t+wU9aQTMHn38c95v4OwRXRtGBxh+uY/dwupWvKSXoVz+/bSXJe6SO/LSQK7iz9F2z3mk62gs68f7Vdq1BrQklZmv3MHOg+q/p3OcVRlN3ehrVors5qS3KLGOugHp2xtAuUlC1WSXxI1N2KpFu/0JD5h9h+u0BTdGQGDIGrNNGPVe0b6/2YP2kRZJ/BO13fy1127hQbhSYN70uEPQsoNHTvVBQvfmf3oYu7SbTCyN/EGQ2oFfvGxihbz7fDHdxdgpRWJFxTVtfdFRHknZyeZUcGlJ9RDhntDypHBjHccCVq+bWqGCQ0PeXeb2oewnNvjOrVsSOL+aYC0gIzpF9qW8MlNczNWzegogL4eRT7p0fcL5PcwYIc7EEUZ+8dR12b8UcDqvnHj7seQdNYzzeg6gayxWDkx/tMBU1znWKSiEIgJf3vLaS4yryXdCBDyAqtnVwTAmeZwitk+BOSS11gkJHSiqbWp5tQYqCPbsBuNGrhw71YHz8Xt9YcVtcl2WKGxcGXxl94WE/8yGw92uskMJZMt5uQFw1ehVLXWhI2ABy9BlYrd/BP1aLGKCV7Aw3MQ73pZLMosStAszubvTDnFGt9wzzjRV9XX8wZvk+//pWy9FJu+MBPpQNnZ3xk4lzVAB+vVY1XooadUaatnGa1g8CAc2wknrJfFrpRvtscu7SG30q0TuePcwOFC2vnWJKFdwZgp579f9SJQQ3S5m7yV+MgmUzP2Qh5KO7lEYSEKaBbQRESCMOhCljoVyda5HZcKFGb5fQK8X77fr5IywNblyS897+jUQckd4epJJ3o6tKaHpQ3POkwysm3qLb1MgU/MAxc1FoAIUMBoWEQmvRhDZp+dMQj0lI9GnzCSPbiIeY3XNLhdRfimsehyloz7TR44Cxh2FmOtEqUX8EwFxv0T0FPXZDVZn1rB95Yja6ASRiDbU9g/0waiNw5WzEMIBKCIE9SLMF0LUjzvG9sJx9L7DZNLXtfC1deoKv8fEEGj+WWLiaf9BPST21eqN0kc6HNGHR2YmG4MJBYAJfP1wgsC+l3GqmbkkEywib5yermds0IvGtYaRXi1ziuo2u91z8bJH+HejITL3MSWRF2Lqv5jqJlHXdKthipeuigkblhMfx/aMwOCXH1Q6O3zUzVh2nX9CflrgrNuo9wfUDjnmrJBSuwBaHaVm62lQCF+EprENE0hlHkjm7JBsy7VfoBMMpktT3D56LsvakuIomBH5zV9MXq31egAVWaGPZ4n38J7YP60ep3ZeRFxu5rjzfW93T2D2qlemkkp9Y57xMfhFRIfr3ejDHW5xGT1DQutd146Dz2s2Cd2UeKUmlcY8xGONwBD41HoZmMzMm7IjFS64FTXTcSQvFozzwc9xYZ4Mf2hUXlUKgI9bCloMmT9slVv20CecLQXvirqRjFfuvO5XZ+AfGgt0bLWPLo7WSM+l6XrJlIypD4uBmpEyWbJET0ryLj4Upva5iit4Mu29r5HmD16HpSSEzXHF9UScNBOJXa5q7l6mq5OLKBbwZyXbxVzqK1ptJtXJKxlaWbp4DPjFzlGtpXaEiyH8fz0895+shHyBdinUA7pv4fA2OcQ4pID6uucBy4Wi+qtpQ0OfElmm3hEg8VSImKSF4Eef57iGkyIFIV4vaUqC4okE8WTFm49/MXJwBFaoWw8Mw9E5X1Unm5e5a5OpE45BolloFLl338zYdIbcbzmlv8L8U5IN1Bnvzx6k1shmb216dHCRrD7pNfub2tcvmZwEx51wPgz1glXt+6+gR+NsgyxA7qMEq+DUhMPvf8W62jmLYXrTL69UrlCH8fRVVgUixmjYPoEY9Jup+VsAWu2Qt/ZnMMJEZ5W48yFSWRQpWH0IRDxrk2hqpNAhx6c0nHgMfPSB0HrH3PGwjeEjNVZU1+SUv9Sfj4rHpI6y/1wxPMT6meqm2kXBsYu5/YYNSmarzIDxMmvoEzxYUVoFSzXK271x+PHYmwELAhSzAP7qrqvb3vWOEEfR/sPa/0m8eaEfligHiKbPbPO+M8cdZJvKZjkHI2eNsxugjSC8hctF8w9ApnGEpgnOKAUhdfu+U/dewd9T+gFPP+NT8UqZjBntH+jN/TZiwBh5lQOmDfxnKiAs/Fb2rlry6oMupIjrD4GkfyNy4XX6pah2R19g3xhfDh/oTBtmdsr4qLJnNpBL8hW+7uHa0IBB+9Pzmptb+9f/bgjfjwzQv9Qh53pW9xAFZM1vbMldDv8megB1LsvuXrzJekXM7ArbVDDow2oLZRUKyAJ2RahiDws9YbuNZAfN3zHHiv9XcWrS59R00jdbG1wNVdwwCw71u6bOxjtfsDFmeDVuhiFnBlTZvu7zX+cTyI3FWE4kPnqjAz77Ucnaf5hb7Q8rTSpES3rfdDKW8b1q15kmB5IZ3kYap55K2jPrfiGN5sSnb8qFVmwjiaa7ByNsy5xevUEXq6wgjCsTowwlRO+BCCfYWi4MmhPYQUjBkwVK+bL8Cs0Kj4Mo/1j6N1zFLNSkIad0NShhA/NBrqqt7RYAWSe2Q2BcZqSPRjWdlelK3OKrVHmWmRTRNNMJy586V9ToPWtZYuO6zWod+feNd0Tiy/XYrE1EaNjTMrFqEJEsL+jzmId89VEp3UcoAGkNkWxtY3zggGt+J18IqAmsokHDOntVfUCE61BFMuU4MEnvl7ZM1aj5fob/+fNefAMsSmFNgf5+nUBKy2Hqro+FWyNaO4jrhaps/iy5hZb4ptIlDZYw/GMnHA1ZSUYVLrTYN6t43OOQECl8n5qU2R020PGlkeKOXrwPdCaCom0E3/gLSBsaO4Zcho8plF22zHs4uZXEPlGILZradO3+MS2iLzNIAIlMa/2TkJM9VkfyO8LpURzgWybVhxskk+vYZ10s6P4olpgEVkUPXrMrnJw2+SQxR94JFXkj3PrtcXwh+ZFcKnBdZEk8rkm6Djn01+0QYbyAAK9jABEwAAIN4AAABltjCJMCflO59HEe7PlqGJaoHUzGziTSJVbnMnz4NFFEQKBrV2MV2DYRQxX7V+dlpnFe28HjsupxXrnPY/XqUFSmw01DX+4PDIquKH1FXSrj0X3h90Kh2yrXsZ/2wn0wuP3nXVXEhVme2FIFUDYiRuw+11phv1i+/p8B2+Zc4uwtFLGx9X8EsFRbG1H0tLhKoiqFSmK5W3mcA9Q9+etz+4vYgMjEY+iu2kdB9JL7C0vDE2DsFlYNk/0uMnB7V7iXSBYq4ncVS5cRAIRCiXaIMbsAK1x0yJ50l1SACvfq9j68SA3oH4fOQLbbvotxQuRuYsve2J5rHHs6B6Pkh6OlBgAG3qABSWN/27mt9R95+Dx/BbIuIjZ8v1DM+mwsZ1mpPOr1A7EDZbysF+Db/POmJVe8VYfOxmK5arqM0o9mwyHeVT9NGP7lBrYkAU3MoK8rp2ZiVW31fvOJo1UJrLS1TRIf4bNQVa53POWHgNAjjmBVWRhdaLU4LZ27TExuB8d6FbuTPaHuNxSY41o0e2+Edp/ASRREDM4dzEv9FGS9BGbg380RisMsW3VYbwC6NMzqFPD8z7AB4iEVzbTi8EE+di86f5iWofZwQNTLw6uC4A4H+Uv1GzkxlaR0YOBpl5Bg6ehBCphBpuaUu7E65kYBpHHZRqqhL7K4NSPOOqXrVPch2WFarn/qjbBbApRL2ncbM1YsrWUttzLBYRXvPzAo5fKV1oMjmpM2iLUXeolM0Oatzz1RyMGCf1fXu5rirm8ysTiLdbti1Ws7PElwUlUR/3Uv1HRJ/oVYIxnCEsSKUw8X0NKfkkfwxt0nLuUElDDmi/+Hi66lCjdAGhxe1aXnHR+MWStGbLuNI7WHaY/T+Zg0/Pe3WGIynydUxOjWuGqB5+PEzNRsh0JogSiQMx21lKcnrIAmHTEzgwjjpXFLPR0QFvmh/R0arxUV7p53C+7fS3Odt2Xf6tfefx9hLLTvqJRCGKkcqg5O9OVqkhfhFofyEi4R15n7o9a/SOOmN9B0bBLwk63GczRO5gD9TJJLsnziq/DFADfjeetbG2rhP2Ndw8MPMRXMVS1jKrLdyN4xft20hdc4JPtDRvXyoigw/oTFMKUT+y9xnaHtigDEd7y3nGAVbIhYFabI8eFZzuiBMGXBKw4MEJQAh6/zM/QdNzN41Bbr9xnT02HZU3uMfqZ0LJ8yFCBa2Vx4Na5a3w53+0i28SevBF/9ZcCbB/FwZhr6OG8Ili1AaCX5bvo4Czxt8VvFx8JbCGp4bVtqq9u1OAxDrSgyqOrSMrEqSXsjSscG1SMF8tZVUqy/5u1zQHjtaLGKSx2KAVXJwvmZxJPB+/h0+pq+leAmFheaHHgMGKr3wdoUI4VrvpLipDiTXJdYFoeGMoBtWPoBEc8rzji4amftyZhOZ2K+D3oXbv94axjnLnjlpMQiRRLgkY5fVh2xAgSyepprYSGSzrMOEa58urOxOWgdPtr0/aWHwlIHAUGWGMc3wo62cQ9FdkxoXzOGCfINbbmceQretPWZSVFFPjqbFSv5nBTULOUbT0X/rxApA4gaX5SuNYGdj/2mCcJ2C32Ad6JwJRAZlnSBm9hzqyM4/qsD4jHOSAEi2KbKuLWy4R+blnC21G51dnINr+FYaOFfj1wJlwXPxgJD+9udyUWxZzML7GZ8yIcw2HGdi1nnKFvl4Q+f4amyGxS6YBaGMK7fOo3VYqb4vOmyVBqm6s4Yys3W4kczGUE2n4RN9RJ6XraM1D7+XjZF3UvljaNCuPUtfH30/LC/9yaTKpaq1+8J34pUA5rDigZAmSUEHna4Tee9V68nsqCpnEt0gcw9RiwiV74weYohjPJpX2jJ9eNOJl68nOdPGyOx8qKWl/FD22iqUMHBFeQHbJOMSNEsDS/cGlI0PZG6woT3L84z6NJQuLt22XvBMHI7nuk9Gd9/RQFMTnCCTV0tKU2VsgpxtmtPD4/96Hl54q7w95p0kSxjgRguQIcImZmExn2gmLWoLPzqaUC4OXwv7VoQixJtEn944B/RpwxHG/IBhahNRKLVXYRfjIJ+LkMt7T6Wm9fFR3O4qEoaRHK9ByESN7aXSUxbBbqLaBJDcX1MMEMs9QYSiRQWiwq6KLsgKgjwZWkqGXih5wxhzwrVlETpVFy6NRmUzRPc3e8DTs/oyPR0x8PuXujAdSB6kKK8rfBdJ+IgFVtge7oJqAXje4d+EUD1xuvL2VqgFFjC0Bdt/VfyN4XcmPet5QwLuN84emEGHgw5MzySup+maXrz9PUAqg32OWwo7kmVWPAv1yva1VsWocayS/opXuyWGyKnoR3rZW3Q6l80BST/MMwfG81aq9Xp0tm2kA6sfnd2xWSK5B+Ezuwpcd0/Yreq92iCVz3agHJ3bf2TqJnW/01OU9Kwu/9MNKuaK/Jc+ZE2mo4DNolNfhqfVhwbD4TavZs6pWBG7JRIcLKbhbk9S7BF7uJhXJwOWmstbzcx6Xu9cHT6O/zJYIL4MA8NRBYGEG50vyWteuRt8V7d8ZZjE2oJPBTlbkA7W+4TcjQzKIsvbNGeOQLZd+Jf6aQ/RcBPr3PIaoNKvMibEx5ZfLMyz8xvWnssuvPYbNk1kOZraYiRVZss3ERD8YfGZdzpyBatVlFsbdLxaOl4IZik41UZz9k3KnsKWOfy5oBUfmwI8xy+aPyKL1lrm8rb8URGWGOJzIXHwKaXPhWsiBR++vkHKmszVUojkTzSvgrmcnaJf+BxpNuwfyobK2sfxO5q52NTqUJy26eI/QB63tmFp5IAnyeBpnDi788puZDsKUz5YQUpZ9w5rYDj3NkwoD6EbfUxzkpDFVGiABO9AF1vl3u3hjOc6miWPHkNFvOtMzAFGqV+Nb7HeS0xrqt/Z1DAkpTriJk71firgbuhnwPdW1egcwtKVBuKUNnpy7ZxZbD3VER+z7fupSzzfR6prU7DgolXzzJs6Wm2qHVqVGQAFD8L2nZiN4YOLSaymiul8nmXJFGjVbKO9erQcH3rOeLx/dh/WZSeoHFqBKIfHx2wOC1Xgb3ipbPkHk9qB0fTQo5BmvCbYiqUul3h4zV2KV4usJ62HOk02hXTpkeIcE+4/0fV8hmIzLf5yqg/by9Z7nGWRtmhogO331xHMnyj4rWivG82setnMkubapkcVOmqdp2PdDB9S4E0k2AEymy7aEtt5VUQde8ftpg/9H9nx+gMCvyU9gTqH0N1TaFvo1DUoj27jC2NWN6Rnbi8V47eNH6NrcwA2mXF8QrFCMRvG5bmb/+76rxenJ5RSapxAvlELpXNhDB8chXwmCcM5X41w1W5ibghiNaJgD1F+M9CjvYXb6vCAucf50y8kfO5VxwJVdwKHkZvZjYvh16anBJOaBfIJFIQZuH7bArmxfbiX6sRAy2VsUhL6N9Sk9Q3lwtM0LHDO5YZX1iwrkv7m56QFQ7pysvMLknx9MAragKQ0VRYYQ/o1RO6t9b+XvllJarqDA17PkM+FOPydfRdIA84Zu350OaQPTNcPhZWs3O8A5RCngYsdnneWZSCoTn83cqKsAUu0qM59Fu5odabVzbIn5b8CkxH2b/IfH1fVySA0KQfyVijIuVNUjy40NgGd850F5whQ+tsk9SzNgc7vEbGuQXoesaMvRyNTU8ThEk9GmRiRqmQg3h2cJmwYcQnU4N65djbC8dAqQA8gTs5lVyFp9syqQOJ+2GXbVsOSGFiFphbL063OE9wjtTazP4ZuRAB02QlbDQZRfKino4PoQuvTyYv/4Iki1eAjdnmWo/cptiO6SWf1IEe3c9o8yBdjh3tS/iFc9SnRMrAEfNtdM0cL3GVaYAex2Y9NexrseP9fGPH0bh7vMIoIWH6/US25RiW335/uAxstnR9LFg+m1F6M+4H1gcKX+DfU6Eu9WOXAkUg0KpDx5ViesEs5hyJFL+KxIkRQyx/+kouixZzcOuBzqxvGPz78rynD39tPJul2J5OW6XgU+aaD+vR7piQ00TWrO1IOQuNnUGQySFm7b+ECuK2Pfj111FxYuz4MquR4eq6hh80y3pnwtpi3oLIQB4fkR0GYFkodrtv0Rpc0KkiCiORswDYxtowEooaF8fvcaUHCPM9YQITxwgLDvnmdZh6JVkpDGUb5LL7YWnJ6Vp8NviF1fPxZ47zZ2kGP3mAGyCNuyrIsJiEDF67I43704Em9U86QrxWmuF6cYtAD49siexn30F9FtBhm3NeBDmdsj7nBOzEPbO42bchJb0CSrm63TAj/xligUzYjZlsP+H1MJxckmPTXFOev+wkA+fWibVtQ0aWfiDn02GJc8dIy2YzYUZ6QUYkTrzJ9/pwaavlQwqOnqiSm/AxWPgg+HjxWEhEX0X4B91CM55AfaYUTaC0kokLeaLPaXu1jBOmAO9mdEmzqNlNXce6Tt+KzmvChPa6M0PBUugjdggqVMEB3B72wbJmxRe9+IIUOIDLTEBxBbZVzjrzjbyKM32X4JlMSDd8zs4w8vHKW4Xte1GNk/aaw/D8GS6LqNeQ9d7Ccs3CmyrP+ECvu9JyyDU7YdxJJhSCVtjJ0KKlv+tJzmdxLcAwTO7ZjkxmakyiKnpRACDeBubVvXysOsbmAXLcTR71kmm6CUANZ6Sd93HEUGBLFNo0JgGAlrCzu7iJaqMi/jH0my4gWRgVdwQN0v8wNZs95q3+gFGTA99+BwinIEodt6GLoKRU8ZiUOP3Z/PzY5a/TOOzQvCkdpEoZLTUj7/9ma9xAj/uemyllRhr5jY0U1AyD1N4HX7EP9TigO/uGQdiUpO9l3a1Gd+ytcnY0i5Sr5j7jM8Jp6Mt4PYVPEQbDrjsz73kdTDjLeKl0iJfqlCn/7IxVAumhvYjmovtKVdUcCx8YcAG0zEXlUgWyiKK0YDU/Ox3NsWmgPJQrJbDP3GjVOVvnXGMRn4ZylYg6in58VdJXWtSEQ2Ru6OWNNQ5+OZGySkX9wf8UoPnrIQKtqXNhrt+sgH+9/1QSncp9cKKQliS14w16otdFejMOBbEatmd0EcPxiP4gxKB/oNrUVyKY+M3DdGHvpeVFI39YlWhRmsN3tA9gI+4M6c4MJ2pEeJq7t9XJOt+K2V0C6k7JRBo2JssUrIsOYekLrXefe+iz6qNmkW90TDrEtDL2liMzdC7cGCpWFA0FdqRdJmXAxGWo2BLUQUceWevLjpNDYfabNCKAhXteHH7GPyYGrqY0Zw3MSImOURu0GcJ/ELvLxd4apjrX3XG+j7CBkvvFBX5cKkWbrgdHa8QEsVWWdOaECgNhKhOgmL1GcHsg3QucBjDl4CXB4XhqKqZWmCGpW6Q3STumIlbEy2WE6DbE99naN6Iv6JN+BBwznHz5BBH78TWA0r/sUXKmzAOQAUwsgAAABLJ+SgAAAAAAl8HzhBDZWmgM1Ps8w7Y9o3Pe27gn7FZlCKeUNVnarKkzJ0k//pQIPkBBl0MBG9tMCVGKz2VXzf54/F2aV6TtOb4iS9Cgz5pPJsk5CkZyleRFmFgjRXmPOoTCS80atB7gAtHUiWnfGeGde1ugTaoBgH51WKY8fl3dsCK7KQjcgieygDyWCKsRaa/mcsXU9YPbPSE6sWIrdBEu0jktEc1JrNI37MOSFMgDYbrO2H5C+0NvO3RkcnsJrfXIzbm7P8jINws4e5bSYmldygC8mX2GdPtpiqDUF39ddOicUYJXlWd2vYmvsVVyrMLhOvf3GSVrFW/jzezyEYB5ACt4o84V9HB/+Kof/DRrVZeK1O+ugpzJ/5RFxyQ3qsbvVy5vVcUTMHng76FhNQCgf9ijpIYuE2KVqnytre7An1txFd8yb29ja2DFs30JrKs2dIceFFNG8BwMaf7LeAHCtHb0/4YRcqY4361dnr08QHGzLCVTInxfSfMkyBg2zIVlVl9WqJDx3WXCQibhkt+rUnHiJWSTeBSuIUXUspDs9bknLY6OHPldNS6xq8EEyrzdCtdDXnA1N50p6S5Ih2zkqN5NFH7+3K0UnYwr9U0/V8ayWsPGaI39yrg7XyLRDztVLp/XL1lMWeHcX5Ea4wQRwVavWK4WNtfu8GYCsRVY/IKwKkucclH2BcLJ8YasLesV1P3uq8b0FW+Ac1YgAxw6gqP3Y6TJbIVeXNpGHOTyMeVZPGGF9ojr2RX4ktiij8iqUatGRAaJt7tRYopD3rS78ob84M9mABfP/P3OlbUusSwln7HecO+S4uOheM/3StSFrCTkEsxe+tQp4RnOEKCaXiR+QNBfHL09tKESHo6/TQQ/TVQ5SmTRY370ySYWvzOd9KvhQ09XYuSCRVjpOZ2VMQBY2nlm7Nnvj0rb5rBJEddqA2zAyMfR0qVe1kBpGIPN5QU0WJzQ7qiDYxANLL4SWzo77mH108jm+K7oGO8BAnxFjnqSRU7m9sC+zgll+F7K5TZ37RDw6Zq2IFl0Z+/OpVYXQZ0sO3xINXzfCZVNf1rYUr0SIXKW9rLHp7mOqYWTlgRHjK35+lgK5jbuPKBDMqOD9RngShMncci814kYEFlnWgJn2RC/k7+B3U7wiZXyuDzQIkIhsLXCmfLr1qnToKGwkuSFjYA9ebJkOAYgil2mSTRpBSlxa+G12IyUwoHXMgM7Qn7GcVPSpZ5bEWd8MUU40EAVOiGTfAmVPSHPPeVCUobiOOfG0Lh9TvrpaOBwvB84Pwewkue6nKNMEV7e5U/NHeBBqaitnrWMlbm0zpjFVkR6+XuFR4JgAQWqm9b0bn9Kv/tG5WRAQRTUPOgH2t4dNhzTpaz0RqZLgZTWwjZbJc9wRKmJneGoUs37uQAf3YscP8a+JSUYRdRojv8VqJPzuufhl6YFgiyWgUIemz/zm2dK7PR3zBHzRqU3E+8ll60HXRPTAdTGOwiWNlUkaER34uN+7w4PRgv4SwifTUaH7yTr5ytmmh2DvHaPAk/uVINxm3iUhL1l2w9HtVxOMQuHBlbPLrrGcAK9zhpDPFoSCWI8dGyJFihDG6KqOL6bc5m6il5c1c7Vwq7BVwxQPLnLaCTBdI1ZkrgRHqj6b3elBIl4M++OwWJJSN5O5wF4UcmKi8RfemQfJkIsIJ0PLcYw1AldAmFDMWCS93SEd2sKCNCMK7EWUhF8j/S9Xzz/g+/YW1i6Vrk4wy6ly9XeJ0kg9CtuFeNZRhm+f5d75iQZjDCvw77Nz+wanOAhxZHfU+nX4YE/ErkqhXMjpFhgIUkIc+CIr1mE1oeBGqPkH4FSb+D6zWEzuiaSAu+TuVrLTEpXs2PeMHXrqkMT4u+oRMOUZ0bqryYyi4ATpo3/66yRV1swdahlCvz73MpkU5Fv6xhfUcTfq62qzJ3O97cSMvQktxA4G8640F0FQQETHDvltYXT4BZvw8W9Tz2EeVzH1K0fOmYmlrhDedcM52e4wZz8vatDRheJmH9bTdJ8++4MIXZLcVbDwl7mCKC+eUBSAwMVmWhD5RPk0y5qYero4BJW+rgE61t3UyFm96Hr2ZZL3mJvJGUyNjZysqQK0RAdB7oXN+GVPhBFQXO7I8ORzLREret+0ww+uTPFluoa25yAYzxi/gB8cvQg5ozGI2RFdz4BATAxDuNwK4b78C2Td4tPzvYnH0PI3OsiZWIDdOkLXm3FrTF6cyicjxWh+5aX7eAnoxnr5BPIV7gLBVm2J0IOQ3uRc5cfKhAc4cFE6DFCYI+3Kyty2Byy2NjUxEnOPwXD50UmD9xPoow4ee9UHPPmfQovJUOyocUefMXyOvqsX7wLBtGWYigcMON99xiOq437KffHe/QMi9cmRUZebPVCod0GxZdJxxRVg2auVyfQD5pKpR/774HP/aRy9ci5UMN2QmcVz9IOfVWcyJC8K5uoAcwetHcWDdGif93q7klGDM8azVMsA3LoW38t2yNP1s5JhJ7tLwUOfHTPKJs9DjRqTYPKw3fNQNyRSqQORo+l0qacVKic1JUJqmbE2kKa3/laYAtt2Ry+B4MbO28arTGyT3uCNjckGWP/gUtYNqF3h9w7LU7Brr3Q/jJGN7jKV0Iokh/PLZu8HDk+OijRZ6nf7JEix3GZmIryT91OtEHhtLHXkbFgSZJ/sYAXQYWNNYVWMWTkNUTMfVFm+ywOyrLDHptv1V+R2SBUnY0Hg1897W7OQaVMQiW1UuWuE4v+QOklU35svecuZrsAPZg6cBghakJyNi5JU3Bnf0Ovngy5U4r3tgsCixg6DBWq3UHyJf5o7/kydRjMlEIwc7mxdWPoS4zKb7HetsJmHhutCAdnBJ25wDvrYEkhXfDzH+e18SqXxwG9lyEET5gcEd6+nORvziitLkBz0nMlt2O2lefKGGNOIeDee64YGJniBeBaiE52n+gaLiQ/TqqnOYpdYJHzgvxX5j0x01Oi+9ThLQkUT1QCDrCvWM4zfr+l3jyXyiYeitFKnE6mLATttk0MLReG4V/UifZ7M8y+BmSrklxti8DxhqeE8YtlhiznYSGRYVilkmjA58+sJIR8niynL6oTh6refTRwFDeiTyIeCPvnKaAsgjZEyHmFz6ZduA2YiMj2c4Blw8J5nt/FyLeuk5vZ8lOT9BAeKSov2QaY7AYBtehsYXsjg0ct3AvrImTZmZj9mV+218o2qRKkBU1VRsMSWVC4/EWu59kyLDlHppItN8hsOwEfmqXjaI+3d/RcNdpmgqB2DSE9tAfdaucPxSbUqsLMZeow61lejD3/PrkdRIhOC1VmKcZ3OiTxydou/nItezLW8cggaCmTdbgD+rNGiZKGq0ArsFSznD7onu4IDOU+v0pc18+wWou4YjwGz99LTPXPvsLRER9rsqgoLoNpCWfFpnE6ikO5KHTBOwRqRC5pwyon53oOIcTpEbGtRynUv92e+itG4cOi/Utck1+DG3EEB3zHmbk1PIT5ibmB6nxlpNm+EPlfK8iecEDGPLn+rEbILsVvkAkCku0Q6nkVh+E9XN7pYvMTXKWiKTX4rBcyuQ0FIRY0MC7BUKnxmYiRnmS8LVjJUXGf1FgZXM1iXThQbVxkafc0reFO5AaLk+IuDUw5yzQ+K5lzOSFv8HYI4EYfRjT/panek8+d22uipWHOyo8Vy4/fl11ZlmgqRLt2eytcc94lEXO8Tm/z4vSXcQJWdMaSGtSd7LngzXHIWl1CFaJ6b2cX3yf3Pnqkh4jVBDiDeHGUSTU9AWIbQJMNxab417wbP8T8jTsq4dYMb9TDWVBWb8YHKbzWFLwx1/ZuBGapES4Kd7lDgmNP5c6Mnm8T+lhn6hSDKf1lvBoGqDTDWfY13g10CsOF7tpvLGKRPgjvgWXaMGiil8L49EhwFdxINnBWvEKjtfj5Q0pNUd/a8gyk5nrcPpINfKMhsIdSM3b6Dqdh023CVn8R680Oc9/eaCa5glD9wmen8shJQUCHDYzRBY3nMeo7G/Ciha8pRHxD9DW0ZuB+wtETLqH/gHRYUWfn5WOnkIXgbwZvqO4fZTG5S0v1I+qI/c40IB1BTRFnc0X8wQhrFxRRl8JErRY5tSELDjhCoxikZiKBDpJtDlxxhU3HsvLcWXsF0OzaVyW4e93Qd+p13/TSScat1e1s3V1jaxW63cArD/MIOveVBje1yWHFxqoD2SyHX2kjhqUI/sphTtKRwv02a75UE7B/wCGBKqDFB91xuPFLyp6u1N8gHzSBE3WLZOmLup87M1BfK/Z4w59Dg25uIBeZjsseSzqG9VVpt6ZMRBJPn2sdnsam9MIUdGbpUzPPXS6/brLNs0L9T8uLlw9UDirAuetlxeh+JsVMBpzMlS8Dpz9zCnUPyK+b2Ue58Gn79EMnmDUefSv87AT6wW8t+7dSPntaqfVZ8itHmZgeKZ8wMIx3q6bF4oL4tzFcbF8iuxhX0/nH0OmbFOrf932DJeU1DP7QPCE9puoIvaa3DGk+jW0cecZHjiNPg7uqeXn3ylUgKNVCNcSrGmTd7zbkNeLoubwxQCkOq9TqeEQPf2s0IbS3wofFfAvmG5uw3JBvJHAn47egzfPcWVG8rLvj19bHI282uR4DwgP5Sqf9fnojkSVxh32X7fqyJa6QTcDmdK5CNdqnL+5DZWzR8b6NzFbL+7hOzZ6lyARnKYWUrTGQjwpXwB5Eta+q05Wk/W/IQjyJLJSOmxufGr8sHnkb7gULKeeIpe46XWh+f8XKh5KjFqM9H5RmZJhqErJ1idViLahp51fkgLu/VxXiHn6dazDlOtLh0vBMqOG3d+N8/KNrrlsKVqXxnMwBCarNk5PpXKaRI9PMwXgjtB+CgadlABWnaxpNXqIpN5CEcgu7rQTsLh080nt59QBWmeh3oHRjEFERF9tJlT1dqmCR10y/5EiwR+crAKN2uMjtPnzZLT5maHmqPhHWzpqisC5e0/UEpDwI/NeC2kwE8xTBfgAADVSAC7kbD5ZO0AlO7w66/NVo0J6R6G6o5q0+ZweFEhiqAqb0B2aV4YeTjv8aSh+V/h9PqDFfXhKlJHgeplPcIGTLZtYpC3z8lPQESkIQli7Ys49rOtjVhTN96hfezSUrqulSNq+V4ClavAx6yWc4qBp17YtzAopBYCUQ6MIazUAeIj2wNRfYIPARGJYn12UxAZyA4db74eIHwiB178ZGg6zWLSPo69809sVRtz0zHBxkyHCIiEVvXXT4NjJ/kv+VRBkski9EQapgjq6buxZlLgpsJI5j+obiG9J0yhRCiXJsWM2zoeZiitOCzFT1I+GobOfDD961UbaY0MAKqb8InmjWu31tS8VDjWrOWUhjJ7y+Nxf+jmjZidywITCsTIOnNwtTGgHoVK3PQcW073Guoz+Nuk2b35HLk2jfbGcuiEypVf0I0S/VKxAphm4NPpBOeYsT3wnQA3ks4mYTlvWjUGOd2rlQ+a1ibrMVqJV8lmzm+2gejClaEM3GByZIhQaJtLKhZTDenmtKvQLBzB3zHfnYvTbS5qW9S8XRqHHpG19M+H8T8Q5cuiH49OHSQfMM/VPLAZD9lXVMfycdMGXrol1i3POBOXxQJbLNu5LPgJf6I5QVc2b0LNCRvbXJXTaFUK3BJWV/X8fm5/1yVg1+t4qSzUizCf92gHUw9PFX0McfYxKf/PdEJlsWvlaCbEVumff1vdq3gMPYUpFHMlvFKxQl48FQ4QN8ZXWW7aa7gS5D1W1vmw8V44jPTa0FTdwNGGlR2pDIMUjqEneKHh6RM8iEgkeuhF3EyuQ21vm8UW/2gaSNT+Vj2ywGne0witA0m+sZMfdEkwcq/1ZO6orwGsvTb7islOgeMC9YzcS+d/Y5xy+yxpl+UOjjz9KSqc1iX61b5miUEDsNDjW5vgEaN1NFR+LLoKaWWgZi9dTZ8N7RGa1Yj1387NEnLZP8OJpTYtNoVn4zFNz1+hO+8xEmnDbOJcMVRzmtalTBVz+BINla1dWMaa+jICmR0SlVinBb0sI1iwhv/HDvOOFWeY1d5B+VNlQ6Z1ziryB3CjEijM6DHv5FUk3rj0zwq/LCXzrojWhkxL12E6PcuQPX/fF/jxgKK4d0QTKTDwiJwshOGJrnZjt/HR7AJUR7WxKl3/+C1Xdv3tzsxmV0x/as/AAyOUDIYuqv24jChTznmcOhoZ7c4CZXTu6ghEjnNoMb1y/NhPef5rURus8i/aVf2rAhl43MgfSsChFbUYhRdDF+ousPS8wUQHXcA0FjqPufF6i+J4qU/PNYvXLsROFtwxXcMH8MZTjTH30MjP++VEM7uBteGzBhyjGhoIqAip7F9F+Av7FlcTbMo/8Jclf7frVRwlnSijVaN40QVHPkOE1uIPBU9M8aOlUG/SEGesLS8QKaN4aBN9m73rcCRnCarepUNiznD4GvKVmQAmPCKELayXUgH9AmFC4ez3nyyC5KidIhNmlMs0hEa4GLrP+UUVa2JiO5iBrlzkbk8GOlPZZIl/IQT1EFrNyC8XWZHsl+K7poiwE8dSH3PdY5+xWQjNqJGSLkibBOTht20wIIkB0R56PBk6LtJOLh65wXgLyN9M+XJt9TySa6ptG9g93dtKX5kE9xbX5bMYpTUfdzIR38apBbgL1nE1+/K3MDTv+oy+BZ05mFa/eaoCcA2mLWZiNyXEQjZt4i5pmXDDbY8/49x9gH/sVm/mpWaA6d09LBPDv/8VKN5q6Ovz8iUX+aqJk2xoEr8hh3stjddgdy1DO01P6tDlE/sapLYVnUJEOdxb6oxOJzZgE+MugRp7fCmlFHttqgPJsDmprEWD94CpYPfnmVhpK/GLt5BANP1PONEiefoDfD0ywy/aXaPOrO3WNcQb6NS14tZ4KEVIKR2hTL3a8M9WAMazsgZXPaNipJjOf59HzfAQYs2WI5GkGgZp1lP1CjwExsHC6cEYsrzkSf0l2ByXr52FnTJNO3mLbZOycF2ZTQz+t8+YTSB1YbTBq4BATS7os1zIOnavvkKUkuFfY6D5LuCqiT5Ywck4GJfqjk/FKCwjpLEihJDCHOO1fvPHKcCU5vP5X9lC4SZGuPsoDvGWs1Ad18LzKtt8aV5jc6I1g3c0d6HPELUvBcS3WZilD7ILeWYk6Ie/fW8bmhs6tuJF6VYS8VVMJuJTHju3GnaBqCSHGNlm0AcT/mI0WfQUpNjAETeN+tKNTU1zMVXKd+8OIT5RWst46Ykadfi536qRJ/DZV22E/aNZl0gO/xLx5rXn7xjkBFDskL1i0zb0LYSsyc1LdWSKtRgvVmNk4VtdPvh5B5SozUconKwm/FqQDyyh8PF95P2uGdSRNiUQxyWdDua+Y8jixXHyl3FVVmrs89kiRX5CeHfUwW3haoBTSe79ZTE+GRDUXkx4jbluoOuiCxjaiv91IDhhz19lshO5kYuufLkyncPa6Kcz+NVfxs4cbv7zo2JmEn52Jm4rXod+lb4sr9UUaTMEHDXuM+SkVYV0fWZ3ml6SiKaxl/fB1Cdue/9x0GExfTfa1qGxmt9yRx5pbOyXDFtLKWud8mFpDxCH0idqjazdASaXfhNCzxFcwfVQMeLU0xnApKIubG5nzpbr8MNg6161jtTPDlniclZHgH6XGQOCNK8nPgz4UsPQ18x8iJfB91EPUtJmomFtPajXsmQYoaQTtfRBldY583oq4fNg6o02WhsP0cQ3wgwrCvy/nhymRV5TaKIh31IYon04LMMp7nF0AHs4MXRraGIXsmaj+HERFP1ZbZMYB6Zxqsozzp1U0hbLTNdQb3dZTglfZJeYiARubgslfnX8HTVxcJjI2TRUdPblt62/vf44XwOLp2lMFr7ZfWw10ZgVmbPaEeiD7IVnf2mk55hwHkmi4a0wjE5rl9KmG5AnAiM3fci9wi7smzCPGaxbsTjtATtkTI7aoBoyOEjbI5beMDNRJd0AXLVM8UQv0O8MLIYVo/BlNA78DsgBE9lBFJBV+1o463U5zhJYGnA2ynsBSKzTgMS7EHIOTXfczrVkx6A0IyyZSgCuhO31IY2YUUmHelTIQApVHR4YzIOCiF3DwiYEE9ScQp3TGsvo2Whd9e7BBnSpzNqMrbbnpNL+U8sixeUcx5Xg15OQ/5G4kSsQ32JppgfdiQMHQXUGcZytXhfmcoMFIJPvrAIj91J4drObEUnNJkZLgozsvgffzS7JJzS6Z14gvMFEYxrtl9wVloaJLfTW/QQT0CumqVqUZbSEHFHZytGLLrLtwOY5lFB3zrbKkpXOjMgTxflasQqsjUswFCRXeUiecwgEVuLD5yvM8SeTG8pDEqI2WXIFwooTL0LEPUgD1VFacvU5aBGoCSlIOEGvJ1wMYSV1l+jXsBUnFGxK4TFjLWb3tI+XAVZCsKO/bir4EI+t49r2XJ+LJ8+V9KaTYKAlBNXTvvptunNKkCPVDYy8/6I94rCYAAnI370T3FzSFKtkHlzg+gonYz/kppsrPmFQtGRcOJLv6QwIofaWwDr4th7y8ZY43iWvoipmllGWcjBOfIBv3pneRguW6/GSmdJG2Vi5QAKlcenRWkrdtoS0PcKcHp0s/3UbRya5xqH4FfZ1iNssX/nGZoE6Rc0ZuQHc2QJClZCk3FAPiYIqwZ+savXtMbHTfOrxDixQl16GE5fGKRVqip1JYTafUAP1AL28HVsluzaW0hx/B/WdPiHOtwdnri4OlCPDXnE3tePq8XOm5tI+uhKSFNAkHwuKhQE76G+5ZhK2NcI3I+s+40XIZWvygov8K0WJ1wWY6/MDJhgQEhuh8RJwAJ44EHaQ7nmAmblmcv1311NkAQ4MV4PU1gJBxK3yTYGtsRmq8NhnQaZXy/UpXLK/QCvOblTjN8J6JTGDknV49fCMFOOcd2RVbgWY8VBzlrr8OBOy5LiAMC5WwdynJZz1tGfFL5GXM71fh8i8Ll1qIIEggoU8khQag3a1NU6Ep+lDRD3Al4I7SlW6gU+hkgR5qdy5jmObxFhcc2p39QfVvADzV4DsOsKWYtnlmTRnuRpVuhVdQQIEwZ523h5UURXrf1UkrmKzDb3e8MGdPvw/DHIV09AvWEXdt1bipe8DQrv6O25OF5ITnCTp6Hv4nxzVz3DKR2o8xKflPyvTfTgSEDa5p8+1jFzoCSD6amxieGhlsxffudpeljxFqi2mgiqBt3SfVQn0rEx707OCwhMy4iLRWEMXY79n31ZHayDWJSS0qDutankWiv2ZQQe+hbeviMOjmqpXY2Sj1exZUGUSUWBYmkzft7WuVx0DF6v5SYsgCldFlxASEVtTJwQG15yVQah503U8VY7OT8RZS1CuygzDUD86HNoF3Sc+XqaGC77ww1H/kWjI9XICMhcAfRHY9GQh0ynRtPbQyDO+D2hdyOqavMy2hzDvlOSDFG8mBSXp1ogQI+NXGVizToW7tkl6XX+k7smFxB7Uw5bMn9akZYfGsJV6VunqiFO8iKEDvO9NJNYXADsPeNPdNMOvHGT49iC+PYESeixp0rBHwK+XBJYtLB+Ncf1EOHPUIKZkT3fevrK6Ed/Jw0Tx1Ct2DyOREO3K8/3/9Qt0HhqLsAnKzEhWuFNf9boOL9t7jvCNxo6opfafiwnD3Zk4IHGcUBxenBeZBoF758BV9+O2efXzWNWB98XCIJJSWXtQFvY1gjNHLWYb8X/ICX3Pbhif1ERfowmCV9YkPh+ksTVa60jpBvelHhuhJJRcV22v2kjXCXEduCZxNtZ6Xa7OizRgxyt0ZtpcpZwtgrJ4ZY5xOnlyIQ8YZWhGWD4kgPi3FFDTjHJtefYNm7jcE17SPId9MU8Wi2FpcDKrZ2ohdOScn/6Ms1sKGqTgCworA3LgXhuXLxJPmFy21vLKCEimsfWLjstB6XJy7mkBKYRSlzobbWJG1/JAUEiZgGRDl8gL/XgBGjSOyC6gyQA4AYOvwAzoJmu9ZZanRum/ewhZ6JfwJz92IuyZOIfwbR2hZeZgaTcLm9n9qdn6VXeixzce47WzktJs/Zqgja+ROkZhRjf7/S9fISernJjHzUQbph8tQNc133lat568C1NTfasv0hqdr3NHR2/zR5f6whCXaw3GzXaBEyBIYwW0Z+Nj100T1PHWHaiIpbhUF3AYJUSfd6JOD7aikzSmL1NMJo4xeqH0gRcRf1KAV6NF5fY26+cvpAYq+DXX84M8wlOWVJOBbpIgFZYzJggfDsyNoBP8rEKbEVJ0zveJnYsl88blYlZ0H2gc/ZrycjWyPFF5HmAlqEEb4LokXbzLkKDtDuhEP4D9ILYVA5VlUXm42ctIx+8cTbthvery1c3PtIMITUWtGsG3fkjjflo0ybSzZqNSChNQcfAQtn2fmcdOJPFTy/hU78FgkLOJpiuXeMf6NjYQoVNezkr1xQ48q+DDwwApvHDwhH46i9TLaqjYKYP8kYJJGzLXCvnve+jjsds5sPEfWP4rFjV+4sUGo0SQ1CFWq031kINuyxVdY1lFKP6rjGbC39ZZqLlu8vPrSgGXafmyywSJnLBB4O9KG8j+TWvomFf6XY0K68rx42mHgMH55jDqZslKAoeMALXYkeMdpQXCev+YS6xV5tgQO6OZ8sRqRbttmBzyntji/pmtV7/XvvHpcO/1M4/G8srZyR6T+ERgMf7IXGIsFeZf1t9ouo0WYk7/xk1uyTF3L4gw774VZCRINJc0pUSJe2hy1NIMwJJd5PBmSzuKXLW2YAO28O+Miq7GucfOAg+TjGzSsmF8UQkZAbDoivRkL9nA7+j+HB15hAG9uNnYQAYOK7mzymETsXJR2WPuUhTnnlTYrhq6zi7KNHi65P1EZDVbXbkuKX9p6lpGU80Xtau0Mb9ueG0G85U5Tb81184D2Ka4VCD8FdRSpvsh1jx5hR1qShN6fPV77t00l1lPGCjzZD4sNh5USAR4qCDQ2sBJhMGLANb7ETd1BwRQSncWvd560LduSHVd6+gyJbG0ofYvF5H7wW+E3grsPHuTB8rdxF7W93vrfo3beEKiOzN274QcJCmcgulr8YYeJMgF6JkGFGx4Ny6jzcWZa3+1gOetDNM1JInZTRyJZqm+YfL41Fi9/X8uJCZE61BRoJS1WxwBJFOC0qK8BaD2yemcoYHWotbgDY1YMZi/lj0xTO5yUBDq9aQF304Y0OXAoCSXEnKR1zY7Q5VuSXfh3/wUWV9AfQgTFIi7mwjOpMrC2VPdDgm5v0HDp1cIRxeExYWV/l3gviq9UCw7iXc+A/ZTHJvBTUJFo6hiAyf32O/3B2NJOD/2L7ibs/D9KZJxCB5KBoDG9HFhdgAZaJJ0o5V1db1IcBWSBGprlljjDeo8XjCHfOSgLrINqp7JmoRFE2E4UKr4NvEgvre3a3XgGvOsIc+mEID1KqugIHHeFHaKSJK/FoEQffEBdZxNo3gsS7IHN84uv/Dr4oDcLv/xmRWkgo09apxpBlnkd8zemVTVBOqyheb2dlnWXgswqoZhadVwdJOObansj8/P69Rk2+aeZL1vLlAT2qdPV71hh6+55rhUuZOpTAUcZXHxkCMe9b76Fo1YV4zlycLqp3y0QRan/rCNuopJK5uTOT+wSnBoiu6ZK7SM16DpzBtNf3V7y//5HfiWdTpS2cfPwnQgQGDRtDCh02cgbQXjSGEzVPSjDyAJ5P+CeR/7Qs3j3OVMcvLf/3L627CkV1wvtcA6V6FHMggwpvn9ro8shwYpvbVwIgJZNi5deuGVQNpTj96bQsYJHUEk0INZgPV1Hy9rV0I2zEP1Or+aWFtd0Wuu3InMSNsldNbhZvGj9bHFbRjPSmk5BLh/czoqgM15cDM8gBVaWaZeMHvWuEOHdDcOupR2/YFWvt4QXhI0aafMoOqQPLZdKyZjf4WBWFgxOXGBhvqjKgzOtcGLMvLNH1ukiUicfWyn4Cm5EAfhAbVJonALEdeYNTXw5COk9DN/BeVNpygxYasn8lWwWcQhmKaxI8+z+uU7RdqACrDfT2akbU9TVSIN0wPm2F+wei0pd5cSxr+0EwUa2ucpidfRbsTkSRRk9SkE4SmbJ0u6og1Krz/g/HM+NpnkfWe4FZ9rNyZd7T/HI+7Mumv7ICZLHfYoguSytwocEZYUp50RaCdTWotf2bF8PEeihQZCXtFCCVs8dq7TNy9yD9jKj4UVEXJ2YHtki24VLObs+5Y05OQCE00q3t7yj5DGhb92FDDyajL6ldymllqJcJkPwGKPW/HkDNGhpR6+raQiEB7zdaxEi4o77UVDy9qRMwj36mC4bI+AdrETzVvwXkGHhfR7oidFfgfWaTgkNugOS0jVGDncbvpCJKAIRUv8NL03TfSpQdgw4fXl2GKYpSzHNzutlChDdO1JwcXIlqblzUdcrooCI8t0PhmQk1OhZbFyzBaeUP4v2lIErB2OVGAJr/eQuNHJrSY6Op7RPI+GXbAI1/9yvlE8UZxilI7DTJgHCY9hrFcoto5sPrwkOeir4dPYaJsUApt85cu0UogkjnJ6IQkzm9ikHNrj3JKAOEAd9E/lOeQARlb0n/7bnkMkVIn/dIICuRuGB3u8luVoDRTRCnEjTQu1m5nrrZuYAdETogUbcCzMXKfDuQZMSWlm2EEpCZH3tYemnvGH2MwKCrOXvPuCqSkHnyxfN+fRHAZPwg1oUG2E74+pTyk3Wm90eWu+nmhamzUOW1xAUi3YUyq+NEuexvH83cgRtyrMOorZZyOyRGFAOD23wh7lvVqo85a+BZjgu48MM62z2KY20nwMVve+7/0QX3Ax6TuNf0ITRyVRxblMyTKTXl55BDQN6SnlPqrUTYwI2/4z7Q20MgtBLOP5Qap7Kdw8YeEz/Y5TdwUxRjXc7Qe5hQwxa4vuoJKIWUnyVueTwiQ/rCCvNyWodPM9Ywi9lpLViXJ/QQTQ2067GrObnB5e//biSo0TGFPpmlhk8ckpBmPa4SmyiJGJYCRQT2QVN/hAehqCa0DDkAJVfqtcCJ9VSOJpmWSwa32oCbRYmkqTP+aj6gAYneG3eJNgjQPZadmw/tj8FXFcbq8+JaC52FPNO9cxaKIfouCakoQF1tYj7HLRD814bQs8B1TAkC45SCiRfyDc6u9z699J10L539mP/mQcoQKVga95o45glPCHYXt5pRFJMqdXUAzhtUfm0FsPeVLgbRKz4kINa6oGpn+kY16JLAcXU18I99FxNuArTmlW/iIpHr12awypfM6Es5sWloQRg20DuTgv8nVXSZCHfFHEVg72Jehtc5jqPrjbs6fK7o7Ueb/4tzisQ8F72psLrrIORDV8shFJIWTb7YlQYrJOaH9EuWR5m8jRiY+3xv1OeMDWPUrb8tbkiTXhHWZq8q/WcFfvlONgdAXx/9n5L/h/3xgJ54mEIDzJ4ciwVYPWjlQbe2s6Yy8ZVd0azy3BOXxixUomRw82nAnNaiU8aXgFw2aK65tCpxd2PEfWW9DXYl+iTad+48tnAXEJqoyrPRDiEFpk5dDG96WIoybebWqDxqdVbcrZqqUlWZdsbCs0zBSwT5A/Gk18ue2muVQJocBBr/NreZrWWRC+sMoElrKShN7SuvT2FuvF+enaJYCGOpeiThEp8SL8khvJbDdldNRvblfg4fBJOULxlhVhl9fUHb1bNvV0qNdtq55N+07keF8Xcs/R9bwlf/1OggcWk4wPCw0l6qY2CTird5lA7WVfBUO7DJUAaUdGUxlRwaABBQF/e8LpEE9aaK/clybDuztvXbmJeefEFvsckS7FC6X6rwtAXghx0HgXXYCA98HK83PmkPdSIvwWgxZm4JHWU94aV5uEyfKgU7osKzNsRO/KdMb04xBS6NjVKnjr58Sk28zSg9u/uTP0TJluUIjRabEOfhkLfySWvQmmFYqm/afi2B+nECJM/1pOF3CyUTiGcHkIxKpb0ZzXHQRwjpQnG+zh1mZ5F7Y66XgQzsUz5HtaV+F578v0bxmJXQXhObkL0cWN9PiZ8adeDpeRopH1p7gsxqOm/wBUbAieb4X6UCw1o1StPCRwLr+OnI5HZnRokyMyuUnRXQdzaJ8P7x+1wCzBJ3i0aVY1sgLwYPw8Lq8wZYwwiI2fPpXuXCY56z+BEODccQS6jYKb2CIxS9bWwDpURYWxNBWfh6aV88kHUrp/tFofUdS2jFee3vwtbublkjuih6jU/atWsgot7k9ju49lET8w4nb7OcZ/xkhLr12dvo8nmbrRcxAB8hdTxADElNCCNUoJAWEBQNk5i5I4+X67fti4HuShWeGbT3PKvNI3fDaI1ADqQQ2/mdUQmu1UCoVlQCcV86D4sIJ98Qks7vDHdKKEMjYkNA+z9D0Clmimtb76wXKIvGXaPrZvBOR8q4gLWgvs9h2My72OVTZogVJe4e+M6WyQ1TAQ6R6fvxh/UX2GVfv9iDLintk+NfxwR9LFLOXc+HkjMyzyw8bCpoH+NWZ/mDc7Jlq335rGkLLP0HCQBwmTuCdXeHUqsr6CPEGtrq4q5tYN7axFTxuRJ/zI9kTMMjwIvvQ9DterMNvWa6cvFbT7Ule3PQL9yXk0LC+GmhuvjY4cKHmQyBTB6QI237bE3+A+uk3vArj6TB4lXb8K1Je3cvaHv4cDurCEm3qhG4fpVhQzxuHoGWGa6uF634WpgqJxNiNFZltka1wa84xe70/Kcm6pdm2c3ot72ks1vVPnSM84WhOVpLJMyg4P1dPRaeM8foWjOL+VmUKOPy8zNT+oxSkuxAD5ToTnSoMaGsiKTZMaQAACr3oghaOKgAJdxWsg1eqR8MRfJiu5u/6F/T4jgcPIkyKDsnQH3PeAbm0pmSp6iR2BlikQMSjSp9ygI3AYNTnw64d8pCcsBVJykVFMkoI2Ei/EU6+UiCg+766hu0Yr5dxUyyGwCCEtv14Vko5dMSGZEOjSyD4rfUb9PTBdV4dlM7eIFTpT1v34X20w3mr34D7ytu8WlzA2N3iefxJec7tFsLCchmnM0z97CGZt7TnE8oHcudETs0I+TVZAjwxPq4UBQmy4m6QCvFZvq7hM00+th91V0d9jKhQAR0aOh/n5l+WrqwzMFv5GZ7CkgeiWy3YF/2uzAUmUBHNDYQCOXuDheSmpT4jx+K3rbwIpg/pB3YTawj7Et7ik7e4e/ZAiSyhzbqZrQ3rAPfMTCokY0MYQipCygJdZA+9N3i2FeSjYAqHYTF4tUOfzAcFN4ztfhcEszySFgQKMrfNskR2TJsalRjgZdlie6DgUmA9eqxSKigBZ3Z/LSvqcy480ED1lFBa5wLp0pFc4SHgKq7TTRU4EjjuPiLgC4RkEvTkANcsWtJhvVQCwoPeir0sNOqQKau48pkO3yqm6q163o6xoleUuek8EBi9lUY051u2BrKFVVsjHmH5VVoWBjMuW4PheVbhBtfaxXU4Q4xffh9UxTKS6+p0MCB+qxDkPjXR0fFyOLkFGcA/WAIvQAAMwSUK0wAAO/004LgRLbgRMmHmt/U3Al4uKJo/sub3uYTPZsJc/1m0HgdpNtIcEBUZ/L+P7Ildb/KrYAc5aO+BsSdx8llbbF1gEDF0kNUss7wYeHB4B+o2717ak9mrp4eJ5LG7/MsDBIJwHpU0YwijTkr9JdlaIXnf8GMulGPmZ41mQ6cdNfTTubkA6M38vl5v4PfGG28tD5JWnXV1+WEVGuyvGRSMH7XqYudrvoM7j4Od5044D0cJAVF1B6dwQ+ICjEZvIvJ7ESD5x8Egopc4JfHG9GSJtFDhzp1VcbU9zS3irHbkF+i+ANEtU9rshgnBXaQ0GA0v1NLjAhw75b9Z71xL9vaA5VunYF4wgzjW6oHJxpCwqJWdhIvuOXdfhjCkRiZJbi+bvlvuH0BVRiAiocaw5RveiB141p6u8rB1HU5DZcLkpBXqFrg8KEKcABnWqM1M4oDgklFchSS4vIYBcvZWRwAZlasGwfOJqEL9shwTF74AHoGYZDnJM3E3WuDYnghn+Wp0IFUNQYBDRkTVvNgJPPi2gVmXXZauFKpKQoNkTom6cWliNEP389VoTIKxwcqL1FY7PRsvqlmWF61Dcfv6vXeSo6/j/fPZQHIbJg9MFJ20/QungtU2dXaE2wDhYokgdZoPe0ciiYs+ENgUTAkV75fG9TZI8w3LyId9p0ar1qR6wCWDylQ9ltgcQTs7h4SJN0KIi/V8tSLHFqSg9tXxQcTldZ58na7WLfAow0bYp08Ecta+hxNRUmtVmyDl77TkyU6p8HDfOxwbcX0maMI+puTdvqXtqECSskv0GIosCbymw5Ie3269vXkMsQ6KfGa99DWDlREVtgrBVlXyYiBle8WS0UAWWIOKqYjroeYWOThQZRRRLZxV0E89rKZmbydq31Y93MG8I9CcvqgU5toSwNaSmjItFGvjwK/4F/K3MWNQvv/iJ72FrBBuWKk5XTB6nt28nuy+OwRCgXhgaO+OblCltU6Ir7cfCHwd1uqU8p9hKud2czN4CUK/89Bw2/zsg8tt4tTglPs6xiq0KLfgZVXTgLuHMBsPMYeMChbeVW2OKcdCeedFdQFlskt6GtuALyTBy3xIybT++2c6Iggw6O+gpzFgznkymMRstI5bTfXjnaORHFudz9Q49kjIr9fx9W91Zmn2peGQeQlhtUIDX9cIXwlNI+sZAyFyIhTfkz80JHmbfduE8WWLYScV/Qw1/ivmm2OCPoEQNDFUcQXvMudREM4JXdtR/Z+xS6ma1+Ha33Qp4oJyVltoh4V6/ce1p744FTjdIwMg4LjKqcmubgbFAyn05dAPvh1WuW0F1mMrHVOdbET2vPEe5U94Rg+N+UcnHv33o9NoWjxqRJa2brH3DRRg/5IAKnKC4G5g2fNsjjrlfFW0TCs1YluAi1yDoPd+E2uTzIW43o1re/lECgRPjITzNc6YgMUxePCP+Ui1SK3IvcUnQD+xlbCEcupPZ0ywJhSs1MFwlo/GmNS2TwvePacmWbrtw5nxshG00j9XHKxhe2M5SsnDPQPY9bvXgPmfazmHsS3GCfvggHY1nCL3DeJmU0R7upvP/OD/RPM5abT3m0wIAHYfqaiyJsnDpMJhury4HdI8dspD1DovOxQK/WuBkIodOz3gkRHA9NkyTWbj6fM/RTiXBZZ22uC81uT0exEK4IOtk0lcj+zEOSU5FRq6YQPPtyNJBgtkOBbaO53Tpi8gTJtvU2X2pLluEZWPyUatO50/pcX9qs1rcPEv6PZ/5DAVT6V/uvSXFyT88HsWFeLwWEP8KVfvwLhtzQS3al9U9XtLxp3OWUnhir4Zv84SwHmdV1zqYdSOxlEsR1ISP0NEpbo+VhpYBBqLgpAgg4UzEJK4735q6hJEQusf2vcQayuvuOZUXHSGwc9yFOB9X34kW1r/h+QdTSCyWyJJZXUsxIFAbiSbAEGfz28y0qsxCr+ZjH0bHB8ku4px2lFj8wqQPQmAad1QfIgEJERgoryD9V0U5TaXQypCnFGzjm3jZbfFXkkoGSchx3a0p/cvAsRNDfFkWzNUOkDE++mQ4hypUx2F/BkpLJjbC3oB6KSuePQZHEZPEaQ6pf6gWgU+YEYZHFw7gZgs31DrbitKx12ZnWuSMiMWPZChKRuXvAPIC6d1bQZ+A19t8fFkztv9ofsDU3N6WKZ1/qB7gCaNi4o7mENUmtXWM+FAGJycizyZFFut18uvXteWiDCE/uXGlSEiJqw4KJgmF8dtlKdgXvVU18+GNCV1Mzz1NsBfrfu18murkGWnHoQz7rqHxblZNQyIvBvvzrEu09exGMQBnscDZOPsPq3k6uvoIubIwJDc5ElSMY0x88t2oxefLLS5pnNbtLGQox8oLcVlqRL202CswgCpmc2udjYdVDVnbWRPZ6qv86G+8guqiS3TTD633PlYwuh/u0qH+J5NMd5WhfrTnYDd/SmqBawy7k7pGRgL0wOUN+kbObNOhr4nxE/lTUZn9GB4dizXTAZETKdJzYFW88PFLeYg3N90Auuyjfeg6J5Uh/MV3xkXsKnR8xEcxVEsF7j5neZwnWAJ+tsHZZgId2ZGXsWtMAjtSro+HA0TQPzh1AImSdz6mo9EwlcGLidH8ZnaFwEmvTEPPr/PcZXScNjOBkDlQ9/2FgwUFmolF97+F8imABlwMkRpdko7y1H+Ig6iMxn382tLK6CF3UI7MewaIAicLBifhlGOctIg6Dvt8BMaVdqC/SCJFMm93x4hB9YalPXBvgzy2JfI1tWMTJX4sKKajItAmP9EAnQKScxnOKuwVJGHmT2E6YiWtOz/RfdlqZksmNxRrxCp8Mec21Nbcxzjlx79Lo12u2+qV5KjyT3ObwhbrtUmk4HKtsJ7/ljl2KaG0+bQE66s4v//Ajp5ghjwa6/X8RKtfgt1CJoxQY21Y4gUiv2U1vEctCLw7IZEM/cMDiFCEdjmNYkLOopzg2DczzKNY5A+aWLFEBK7bFt3moELiH64pphdOJItSq2gPpXlXmY4qjx6cE66T3v8eXiN0SrfsCr8gl4NkTJGw8pk5xBeGUA2JWYiwPXuOUySD1Fq4YEHeUDDYI1e97sXcmCMkEUOaoECwCcxHYgQIxmkzzW5lao4Dw0X/Wn7r6YahiXv5fNk5Uzkj8sDvrJPCFtcxkxHSzpEtS8HxttAfYpY8N14tjRumTMD9+2wRXciEDQ2TAX9nvoOjSPschNUaZ0Mv/ssgU+X3wHFLlcQRJFFhwdU4jyI2smR/5Nl6x6V8dYQ7cEzl8+p9AkXXgv3GosaDTgBrAl2E6iT2jsaFhPNM+xmiMUgFBbVDEjOGvgpcEiNwbnXH66oK7vMaYkRBX/GPGvmu5Ak2RXWl23/8jsfhy78y37eX0eJtk4T/eIz6VLvaY2Ks1YhtewDxSgztnP/EvTI3+SFJcH7/Y0Ct6wxC8Cv8ruSR/JebE4zr/zplFXy/vpDBV4BO+HjsOg4IROMPrGTAsNeIobfNeISCH89+a737yKH46Q7W9QXP7pyAVVA8OCGcHHotvK5eJDO05UI3xWjfb+1xcmzWT/6oQHro9p3h69EUM/IM93bXmSjPxFTB7EJFwxNemLiOHmJpCzFTmiE6CRGjMKDh2133tYoZZWJtwEGeYr3TsPw8ZhM+VK2Bk69p05ctGIc0wQQfCUPdJysNo7/NDdkWO+OTjSN9Rmvrq17/LSMQ3e7SvOlXdLvzVzyxOhF97kj3x2A8AopdT9TPy+Nv7cWM6aA8Dp5j0fIFppofR2oRGLmSe8KcHw1vpkYdH6mNgipzZsZsqXBWmTEmP/QlaouM9HrQ/wYYLcloM31JVjMqGqZZPave2QnMQmizlmZBVNFYdbAzaavb84ZUyvItEr1Y4JzZj6nM137+4G17ToA+79ZKe6SoBkM2AatZ5wqXXqRqHnP5CTckoi7Gvw4BR2IbE4wFJwg3bsLND3R1IlRe0NzfeJ0luK1fhJegZikmyQCD+Zb9/q7owBHB1jR6db0SjLBbSskjwHgB5rbD7hSx7jiD28wxgsi1607NZP5/XedQPCz6sCB3p7eGiXQ+HkarryGhRzdfDvy6259AWmFNDRyoweR7lAKIOLMXT18/OC8U38G3z/Bwb6Q3PuW1UKHwmjhbOD3WfAKtvupCUoz1Qk1CR+I1wwRiLGZJpLUch4b14VtXPeJwLx5BLzquzSxZk6VP6tJ8x8FZ5H7YPn22Rb1vpV5xTXLb0JNOArxZktl1b6/91pk70MFsCsZarNiKmKEpA40P64cKMbl+6tp2Oo9rPueLJ80FiXb79UDGpqfrOGf4kkkBI0qds/8zYzCFqVRi6PDIFCJUryP45wWNDMie5XeC4A/dNZBYQYmV+6mw1h60++2F6doKFp8jw4wfAIp6ooESQSA93S8D674DiADB1XpsqAAna1KW1ONkx/ezyvaaHJDA2qHHZhzFGwGS/9ASnz2RLLL1WnUr78cBYyHPC4/Jm0rebZMu6GUw63nLf67obyHOovKHuluB+127+geFoO9lY3+adnRx0GfO67WOjg6S69XFnZ5mMI+KL/3l7TpOA6oxanM1e8jVRuQiR3sgyH296Tjd355PiUtStvZA3mfQGa5nTrpbENEXZ5HG0XOde1OafWHBkI+yNa1RVBfExjltrKstCeNmweZ1h9eovyYn79Itv1L+fgCURugHGtH5ynoCHaVN9R4wEyEXmwGjqHvawjZvNHp4fJfU74Cyd76jUFBbDyZpH+YWlwv4bP9s67/ZyDziQ1NtJN8gKLY40Ow8b1duvCmcFASBaboviwraIzW0Q7OElrLpcL6omV2+f5lJmkG9EgwucgLE+J8rQi483MHi4AVGUp3mZ+fPNf9HqjMseGFWkNA8MfLVXCVyBUTpdBmkp6Oooh7VlvaiaTFd4y2iv33ewKYGbvs39oxC337We331NLwxLhT5vcXi5yhLV7KTFOl7HqoU+UPNT2MUveBguBAQRRqdFeSvH7uWGhMqzDqMp3CnV1865F0cdw0lYfDpcYpslJkwjRI3sPScQDkSCosEbJ9EP0kyZ+Y+YtQLVLWkMGK1qBEA0x5fHWj8Zyxs9CnotrEOmJYZYJDMDk01+13Ksk4yXABoR7Z+zQSeVAAAUC5AAI56k+BEwC1kAAAAOSku5TaFuvR7gyP1BwJAIpbkU6uhVjwhCVWv9tkp+JiNaLoPfpCv+FbHo1QuL87GrDzuj8UvIkBEoKOdOwtPrqHENJSYSSTlpp74bt7xbEIdLA46EdSGEPclNg48i4z5iAmdYsmmsSW05Jc2yVcMLodJFPbs/RVZKTHN+CkBS3SHKr7rlR+mdY4Y0M7DhDhLo7obDCoadiPE/BPtLb5noenr8e/pfBY5xDWCEeCmRab4OxfjfC6gVO4woQ52M3r95yASAL+n/xSiMtybLSqN3L5Z4XTdMZTbttmAwu6ocf5IcvwExzpC7/tzAsWKaSvWFjQNh+11YbGD7QsBJpkiprz7leSk24ZGbVPn5jHM43pCUupf7GS99sqy8UCm0+NEV4jG/HSQzryOZyZ1m2GO/hy6I6gPeeJLhd8Gk8BEotjIOIRnJVc5rM1mi3ybOsqtFHtGuUll/8RJTsqTnShVS7qPI3k1u8tFh8p+HJJDDEtkDwHvGLCVhGC1S2v6EuI6Ok5+p6X8whgxRJ1LFU9CSuoryzCB22WOoqDVFqHN7kzLgJu8ydWFjyNpkX7wGRbMGhMVH2skKB2eIjmCCjoaM3uJu0HOQR4LvbmIZ2aVtNyayjykM7AsgxUJIUiicUcoshiQhsAb0SNNnTspokAoFYC3N+zgHTMySOO3Via05bEvZVaNuWp0xXsrF8nTlkYHckgThZAW6qMwGf1MhM2u5lRm+kt/1WNGw//7mOGCgjj3k1T163UpM2vxw77JOfBU0E9mXl1eORhT6dHSHVLsqUWW25wB7vLs9KmdzROwYWmtz55menI7PI/+z+rdR6do1GOLvbrhYkiKFGqnumFG2140+jlJln3o8LPnqJBwMTdWRjeMiy3OTyt9wLZTIVNKT62VpFKOXC9CPbgjHhkRlYFPqtkNL6EX9WpDbbgNnL/AjUJLag15q+NnO+trNm+iqKivT6C6aoaPg9AJ14c3PJaBWvDwpzXlo4/asgCEQXyA1EzLXMvZj0n/ENxRIqaSrnzt8TGoNpKzF+2teYPZPx+xOT7qa4eF8MVK8kt8YKcrCxBYYFTVu0QwSX32Jg7ovmDqq52JhVL6TFvKMnCbtR+L9PwN4C8APOuO3EH6kZnXG/ppyoKR7v+knu63sV/Nhgmgulon7fXMNkkE+PQwXHtWwa+MvP/XCo9LNrA0GV7clG2qjb1VSJLeCZpTghrNPH3wLD8vfi1ZFXdCgMDETVYzogIm+JQoPoC3tR6R6Tp86aOxkNctoq84ZrDEhOSVU2SGPXi1cRCgbxElZoLsxxTkun1Q6OTFrVD41tdflr+p1KSyclPLkMyrlkoT17KSqNGZdLaygNQd3+CWcZW7uxbCz6+tlFJI6SWAq6u6w/TVtrin0p1n3M6oPngZYMW7WiAL0XcsxlLsBhG81I78uMfANFrV8XZw4eUFPZZPq89en3z+G7MW3mCQktjdqBVrx49sRv3UU78Z0AXIdknobGwbSQsmlvCLCvpv61xEoe9NCqP9NR3GjhjJ1iBGO4VYMwn/FOVjZfXSHfZ2cGO03t8UlQ8ktyc9lepvX2HITtD25k7xGhR5RhpE5T9d3H//LbGZ85GbD9Fg3OTnB7eaGEhcogq52HV0/SNO/14C0HxFqg4sxVzPQKUGz5CrygOdmfk2PqgPZQFZskrC7HBAOO2TAY+riuk+ADC3ibTGXR9zSVnNltuwMeRV0alMPR/Aom8MKMu2gbQ5KTLZMlbRIbzi2cJBXOhCwTxB2aauhffu8f+rssuKvW2UTQltMXY6vJEEID9Kr8vvt3RYUS4lsff4BgjHnHp095YlU/lDw+ErMtVYrb63aRxTltC1dT/olnLf+phcfemnEtxE4MZs5GSiQfL6LQpMbVZMzxgxEZVWmJFeKW7SI8i3PTCtYzW2kxeeUA4ogw14EuCaaEN/c/Rg7S8R14W7cFtAWq0dIiSgu/XHFUIAQxK3r0xO+35XgNCS2D2Fjl6xVsjH+z67qZ10xwcm0HZGzN39gHOGWRnO8r33OI8Qc9i88IWfFpvRbVsEeK3VdqqjYPEEIdYyiNwzFRmZUEBVrJhacycSqndf5o/Da+BcIPDSyQ15YkQfAvucGth2ygRbt68FiVRTKmjNTbz9Sj98/HMe7d8FoBeoqEst3nnoPnNwOuihpsmbXqhgi+P5/gxVhp6jdSlZEPvgaH5ZO5LdLuXOInHIszoWrb0Suy1y5+HWDq8TZ+F/ApaXwWFlJCN6BpK7xvGuYUz4yh6f9lwnXqkmVITKWxeFYijTCpVeikAtg2Rs803+wI/R77mIhXD0/Tn5nAy6DfDQXiuXr/LLg3DQ///xR7et+3ERdWwR6TFrzHkHV7foXHgDguPOCAtOP87u9Sfu05RZjjZDc3wi+NMyDo5cd+rNeABYNmSk+m9F1aS0a0m7MBwMMDzob8evRkqo5bE3FAsIWvCaqy+wtivYZJ1PYBi2sTqXWJjKdEf7wnKsK/UIJBANzcAowJAkJMxz0yKulwptmRaZe8+iNQ8fMU8iT4TcGbH6gMa9P4S9XDublfozdb4abtKRR2mydnYue7V7kD7hU7xcdPMFSvezEQ/Y29CdY0RgcfjWdmNWLrTntdT/0hn44zoaq45fJ0jchzoKPxvrstRe57R7haVOlPPoehRNRuf6QGFKcEuyywTvvEds3GeAXkFz8sUlYdAWpb+2uFgk7Ro3hpDTkGyuQE/gTOkPUlAgCiRyn+5+8wVQOxxP+wLQkryLAAxcI2INuGHrTw8ecA5xvZXiViVAvEI6yXGvy0niQ7am6Z3f77193Y7i8DI+A03B893HQfGHkA30ik/Qf7cIMozSfaN3vYoiHZ8j/TMLFiQji4eLb4qheXpw1zTt4F/ZUFiQ+WhdAGZ7kmk9Z+6n269TlRtsa7X/p8PeV5n23DYWWTqZCd9TPGEATIYrBSBFZf35wRX5hKK6PnIN+EPZnhyGi6Xfm9WRh4iWH/pkur3xC/wbRI5UjQkfM8GC8qZzv3yrJsA+UusZZw0J7h3NrmIQIGyax9YRbvSYXtZB3tbOlG77Zz7G5f8WV0bVl4Lh7XwlQ/QOVsAGsM3mJloV0909XvyzqwAl4Ee2dCQLA7Vku3nx/aQep4hmIdzn40O+wmM3SiTsvYEZa6SuG9m+a4cEP2TXhpCSPjcQLdExjr4dhxYIuYk7ffc+S9cyE3KWb5GExjJNXMluzstFKmwR1GbamjoJpf6OPifkicFROxNuuLsl4bL/Ziu/rBURc0kjYe/H8GZSINKCz0UR0Wqh84NLkjx7s9fTfxoRN52J7gOEtQI9AcYcK7Wb6nS045FEt+nQYf6ICYVJV34mreqjr38CUEEVPZj6hQqzg4A/O/v0h7n6a9L6SHqH6OYx9umV1V2BE+cD92WOLyBzLj9zyHT21MxJVuPef0ESl4q6II/9VYfV+dou/6/y2OwvACJ8JP9fWXk5KmDy9dBfCo05Ph4fVL7WOxoBJr5/F5HDnR71EQmtgE3P9lCeCEUU7yjxPDf0ZnQkRRAxydQzcSSv4dwqYHwUxgeVUf0qyI9oPdXP8hyjHz6Kk3VSiwLRQJ5hgB3lgAbFJZxvTpLGEK3Slw2lYktrke4z8Fytyj9n0zbWKaBKyhA3BbbUJ7R/ip6uf74aPifLKl+Vd5cb48Go0YBnWEl51EVLNBzEWei4RxrTks8pH11GU/F7XbeHNjPig5ZUWYhKOLYAxfSuUMXCX5APoyGooiqMBx+zXbgEMCSWdCMHfuRMe70T0QpaG5nMwsOkdsD8B27qNldDwKRcCEsqhDM6yDeLSZlkIOMXEmfT1yPFcOBFY4/vyhygVBSUSBQ57P5ZFc96E8qKD1E7UeshvFYOZCnYN3RAwAVN4rfd/jVfBjOte2dIRv6idqV6DdgHIEVkCFzG6uvVzOyjAx+rEXWhKCPWexJmGTU3wam1vYMDLapGxBfBG+8JvsvDne6H8gnZTeN1VFyn6grQtoTngE+qJm56E50kwoxy7bxjQBdB4frjnFAYv+udzCDu6FNt4HN5vF9ZIP0tUUq/qyYmtnh/Bnt1y/fwCDEBllBl23mff6NlFEFUyHqeCUcWJ9Yv3P4NfeVY2ET+QZUhbCUJDUJGDQvwuzayDK6rgIDJCmz3Gv7v9yyRVN7w0wg0XZyLHp+PvgtPbIMIZwQ6Jd5BsCyb92gCH6Sp18jd9Gl3hqVBhDJwyZqv+9cn+prMd/dLjRk/6OoUgCCSWPn9U8BJ2xeZQdkw9gEJNTI/oQUhxQTS88JolY6V/1vVFj+7O2I11JlgSMLpWn3AtzfjC7Ez/fpTxVX+JM47mNfDBJQxLXlTsK9qSjpNlFcAnKY2Ao3D1DSd8frjpTPgFEbcYRF7g4Tw4mgElM1eWJqzLFnwl3qd/Ew8kSReu4DIRuT6NHbfAxeS2IzGoZcHkWs0VRO+hdp+uiRAQNRp3ONsv5Hojv+CrCqzCqPo9IOlLL3Xhbm0EwqYwfm8Q5zaBjLHpWq8RswfsEfQx0T6glPDFkQQLW49ynw2XXg+tDJArwX7Gh67SRpy4A/8Cgm7MyunjR/Y6Dln+Z3tUN6xCkhm6JKEBnv1+ARc8Lg1F18EbzwAJ9iHXNCe+VJqBkv0VKDjRZrUR0qJdkTYNgLYkRNCX/TKoqAUTqGNyi2Mhc1IV84OFK/mTJhTjgTlkK2HV5Zrd4DQ1lJgi7YK4n5aflvLK1dFkjmmSNJwDQrEK0Kslt/yB+NhoFASetibPOCF4fNFsr3/Zu8H2uJE52/DqpZV5rsF+sV8K1V1DY8p9wWxb/AGfxo/Kyu5JjWFwUbEZ+aCj3ZqBtO0OosTFOj7sVUkfPA7r5rEfdXivVFERHt8g2dfaRF2iF3qxbk7w4mW3Amy3WIgK+UxX1eXLuUeDWT19YhSqqyRtcA/nPNDHi2XXden4amTjyZjtWBl2/aDdMSpr0OCBzFqiu7U3jrAM9FP2RjwUVcKCpPMr4z3CpSmBMUFvBtas2mBtCntPqBMRgcO+tDK3+9tid4o+o4y6ZrEZb3zGnyZYZTcSKV3ShIH+4DbvXFx8BIYNBp+UGvr5tqlaOw7egRXkKL4cwzZDDGbE9FnPcHRK56/GD6ucbYNEqxFr6I5ysuuG4VHNFb/SBWl/TAQMU2zVepOBrZqivfeJqGZ1VwysZkMZ4mrjDTEPSVnWaLXsmcGsH8zHaCt+NJOgMy5aupTi0Zz9oiG76teC0QAcgQazkwNYEHnkH1ei74SGUAEAHr7Ts8wlQ9XZguzb3jF5VxG9J1HnSzqQt9yJOSJNwIZ4AU9+cK3CJW6klG+UNMCsaeFNIspA8v07kmchgcxPnqT9TSrrTSzjvBC7QjY3pnIqq8utpwJJHtwPYhSBEZh1yIiDh9ZtZ8aB8cxpZi0VJvQXJ5GYSh/T2ybsDsZGmt2DQu7vFMvUvFgOn8MIO3X08K3G9uui5Bh2y8gOCWzEwdvFKlaJvl2p/UQLsQLZrlJqDSm+hUlriY2hwOY1FDCEqcFut8j1dpSbHhDdfdKcO6uv/ozPk/JXXp/TbkijO44hOnu56VJ6WsgrDSoVCIOtR5tWDyGcqlxL+mV2x4PL+8x9hkRsJwWGKu20m2STfEVjeoR4w5ylDw/yk53ZR//r/JVTqCfYnDYVFH42zUMRtaob/a7nJU9J29CKW5nfcw84/FB6Qcfvz1UZfYknWYfCW1J5BE9sZYqFnWvk3guwdnD7to5XCAGljDagPxkL0dUvob1cKD0HAgtAO0F2MQhCNsSTdVcscWgDXknfA7T2v3w+NAdNJRSEaovviMpCZ3GB5m8gypYsDuIq2TYxm+u8FU6hi9a/7q9Dt3fLom4/rydFlCu4X4HcqGwGQ8+eVoBjD4DV4mU9W1029LWoKWpi0IdPCg8t0RmBXv0LOsrqum/U6XnGK1T13KaQKXEljKAbFQYxRhckPEolYei8s0MYQkSboN3sEfYYpS4yv8bCwKgUAXWLEsFlDCJuzYOFK4Mstp7rrVU0CzBkZXzQWDGRchA+IcCCuTUzUxCSnenzQgaHjdmr9RVHoXegygff4Z8PcglTWWtkf1JSeGLuoAHUR0tPyk/iu68AnO3RIY64IWTRUlzEOBksMR3nLgagmp4OrSEb/kbvsb+wqfCOw7Q29QudDnT9B4aiq2XqQmHNl9SiO+KO1VESMphVv/YcrqEwjzXEcq4GVk8TMMX8N9X6EjzUSUbwX2OKxLGelGZ5OfmswjHZbsHUVoKhnes1Y4uDgsOwkY4D1lnB2WtsVs+p24S5QvAWL3OneaZhHBHuUR35XoknIOMxUXaz20eQjaPRjd5kGt4GRta7doAAitFFFYMW/khxIqzMQNksSAqVVoXMuphHKUbtJlOCs2bcPlzAjqxpfvdOhA+PLQRE3aXOoO+qW4+iKUWggvTuANRacywrFr/8hdBbrQgnLCliwhwGKeZdjM/JH1NC/cPent15QpkC5Qy+03JmZ+PAl9Lx8aU4FZAoz+OmF6xsEsORsYHxowUGiuOOIXz7jYEwgps9Wz7kAd1/gvNNIudx/WOJb1oM+9VF04f9rBAU55SuH1eTFQbYuc338VXljQ+iPNgZNjIILZzfR4hzG/f6JDP2H8ube0DZSkbVYhvFfGViVa9fWZ83MbbvXegTLvsT3SxiPjr+ZRWrKT/Xf2c85IG32KJXrkljlArkM97rhUWkwRTK/2sYpXH4Ds1f9hYdj+WrsNgY+HT2zpamrBy5sFb6lxPyWvdDOATuOpmIwGvJhbML2qeVO1qM/cIY6scVbi6UCf8quKOrguQVJ86clwQMrUZbv1zf+vbCaPwhG9ubAZhvQ//VM8TKy8Hh77MJnj/Hs+x3eaoNrWlfXb32fGEztmTjkGk7PO+YDI0A/4qqwyQhf4zXLu/94JH4f9fCZ79iP+GKd5eZBGwr9V16oRRFLgAvf87m7Kp/hMt05zD5RGBTzLyPYH1TpiawnMphf8WRzcmbVVLNeTbHjqNkgVrcBZfwjbgsmsNhoFvsOOyX0cLrCdTloAKoLVgGfwYVETkNJUsorCMF+08oaf74uwNv/ltjDpxAiF66ihgC45NNnpvv9NG10pKOyfTGZJOf6WB4/GHbu3HRCf5d9b8lPdpvMl3TocxIKbn+Sg6zAtMIQ5qQLyoKGx46bnK9F2t5D0+I9r693q3gW5n4IpP19l6Iz5tNboi+8WP3y+MpfXd/F4a2+QpZeGl4WGd1TaQhze1y9ThTpVP4K7B1+3GRujm07vaLRwsnq/8CzBjwElG10laUBkOWKUOKCYWC/+s4StDNRxj6eWh71Dcv07gaURVQX8l0VEYr1nQp3o2bA0P9lDhJpTvnZFEzbBvTUnxA2TvVvKZcVxLK44iQJhUR8KhY8Y945Dmb85tWkNPwaRDgebtG7IZ28T8/9RFc1pfadaAr/GzpIeqzdS+OuONvOlJTGzsh2LhqlTRZRYznw7WSmLfTTw+gy7MP8TNsOx4j2d4E/gg8yPbEXQhinVVX9AH0tkt78Ku0ykXOEuLq0Y7SQOT3hR54kFImHhXMcwOBk9rx4RfEKdD7wF+q/oMs2myKoDyLCbhZh1J5yGo1vl9CfpjvN2JO3XDKJGetYYTR818wGgDk6vnOd6PHlY64pmI2nKzRf+ACVOHuoVN+KayUbF3UYwnYeEWrPA+lO3R3kuylaQq2QBC0P1InKTQVxH/JPIAJBmtndB2ULHgMboqq03U9x73TR+75Pz2yijYS2Hjda8X+FQzzIkZjH0zkInQl9ExVtKiEVJSVcf44DcqwEhnTWWquBx6pBpaxk+N3VfIPWSmhqEDlId7EnwB0v+psN6HOoNBaLjON8bUey0VoFjB1HR122xgVXoCuH9IM8GZq+JFCM0z4gSVsCdUB5EL66A95JTTKuoTLKUsAvuwDrnROt3wyMjrHzHs5qjOLKiPrsXeHrgNPO8a9ucWWrmK4IvRDtN/mIyHsjjqztYbz+rk2wtRnroleg5exc62/f/qdsizKhe/ZSbKIfB6K7pC36SXUja7Rbi1RobXH6GidTTQ4ACuofprju1raR8Isv7XckoU4nB/eyKMSCcuHVUHAR7h57pKCL0Z/d17ng0j2ouFS0tyueL/791m8mKhF0HdcIXD8w9En/LB4wzFv5bskNQfBf38Zj4UXN7XotdJ1t0S1IyUzGADN1iavKXEaIHhzQN2aUcIZ9Yc7iH3febdsiNT/43n4BYy3Pe0+JA3lhJpScdEPOLnkbRBy9IKGxLsWKmYdDMt1sGGsL0FyB8uRjA8FuRDYxSi+5RjLhAs2QXHYroDZETW+yelY5y6RACX0mwXhH7EPl1VarHY494N6MbmGJfmtDk4ekl2VS2yOlYL6DXCxQozkfdpMUPoQWm/VQiIL/lKyvCtnWa5LBUYrrI5ippqWLTptqZjEd1iu+1WAb8261cm4F4gAwt+WV2AtkZF889xPZC7OZ0V5pn6AoB4m9jkE+N1j6MwiUl3Z4cwFckG23anbzLgkJqCXpPxvSJxT8VlB3vjDruG0DO5Z+5DUZ9hMfiXCfFPgGu3JqSRnfqGRVYej4stxqf0rPuzozbfFJn8rL+lutK/dgxkBSP8EUE9IDRvavdtMLdDDgoq8eh3CSGhZpV/rDMS+Z7o9QBO4FexmKu/QRtjqwq840fryQ0Mt++nmwxiuei1Pwud8XEY2Qm11x5y5OXmJfVTtlUDbXdmdXZPPaZaT3w+0t5OlaWyUi0XJLelmgD/LBrB3ZdTQKaNwlqljSFdPaDvCbutdS1UtAdmxK8uD6+zUKYnG+rkoiQ5Bd1M+McCagiVELUJfQBqO5LN63EJGxMK/EQP6eDFRVrzEqzGE0Lsiz32pSZ2oSqHUsuDPs0mI6WypE7/gMZvzFvmjl55qCS0CQw61AJKwUZBLrc51Ssy4EI9wMcrPUk4VSaZBs/ZjQAtDfWWT49qpGH9TMPsIEroLdgCQTJZOJ9vgBAPDyU6vybT5OLgVBfP7ti0dQGkTMA7g9xcGoVXujIsZHrTrTWyh/NagVfQTMWz5ynh7NIatOJm0hxueJzaQBB43YprMFv7WNfxFv2tWMOanfE/9ysuAO67EIwLz/5KEg+A1+5x6OJjo96MGGQ7w9OLke8St3v3ZLjiFMg9KX3oXPkjloMALqxiPW324xwp7I9nrAI5rRYiUpZhu1Ri4vBBOWh4oj3UAwLxybRqn9STCk49oj9Dq7/huFDT+eRFllylcm6EMhkoydwWmftvIRGcBCzvV1zfI+oCQ8OAIzS6L6dx893cpxAgwLhnA09+nMJxKDlSYD1YeBh+C1cpVWyhUA8yNwVDqAvXK+fjXF8gJUt+lN2edui1FoNWUaS0Mqz5nesTaQ9PQSVNzUm0VqaJ+W7CRekLICAzxgEB+1axpMwAAy/gAAwBFlLfAAAAIxp00roqvMcP0zDzWEe87SegCHkFn6yDzmVGy8D1vSzgO+ypqFAEr7Zl99njzxy0AB739tSH21FeBIxKM+NBHJZonODMb/9SnmY2zTMrndwlkzyC9bb+UY2jm6XJpuTTHbklehX++vx5yXgQDvfHGK5lEioa6k2LGrbCq4dFTH4YGGcTDdaxiVFGZrUK+fShwKAJCpqu+xmcxPnrthAkNMShPEr0tk35CgTEqwxld7H+/11xjIp/3MXYqflSLKqUcbcM7tdJ6hVAksS1O/UX7nryjhCB/KfJBT7wG5ve2j+l/0S655HqUdRBzW2zVBrSCe3KPxxm+z4LQHAf14V8BqtWOoopGC620+gLCnVtEYJaxHoi13xZMSnnDZbOQ8xOuv4+s7Ljq3Hf4Iux3C/UdbcrKjUQKscxwfx3I1gXKQFHobQ/a881aPf8ZZWz6BNh6UkBOjuARycknPEgDgly4Qh9cnBMfTezsu7wW2CZ00D9BSnSUeo7HHpl+dXdBUHBE0sdoYtnCHCcXfa6ut+LC8Vdqz03qm2PofHbE87i7uvEa4z2C/S2xABZb9Sewr1J/ZIefBUTjjFGd+3BQMvondr6Sqp59IPC7JQyAc08oof3IYlkI8opC5QeuXhkWX0LpvFM8TwRTENZotTd4y6Mdvf4MjK+/BXIa5tHvzxfN9ROI/5kHmIw6b6IB4qk9nfrgJW1rTrkmZnwOCEB3rj/5HPJ9AnjUXQv9fEFqcJUZJAWtiTc1edVbYd5EOk9R783RhP+UJA7jy/UccnS6VOw3ITSEiU41+kMQjThzTxyddgRu3oRQ9MasblD6kNltcaGQ6dKhbgQp16D5JDD3+yUgoku20zHp+OrjFuu/FMPiH1gyXT+IBT4vj+FY1yLrKM7ZFOECUoeVCgNdekvd6cgwRlYCe0zjNnemLW9PwILssvctJtqPg68RYPNdI/Y+uNV2sc6MpjWAVqHtPC3I2bIXVNmMbGLrP+cW3HazJJc0knh/3vvGFJVl/NvVNlHINU/yDiveQIjBh0pcd1xINCiKuQIg2tnY9OiPfqIJtEHarNgWOoSwWP1LvAMLPNtD6MJ/Ger5dzElIkPJQGrHZZP2KXSmSowhUk4d4+Ifhtlxw6z6ssw4iF/jRYyH+mUEGqSX1JQN/9jbPCV+Eq3AJpUccNM+gtnq7WHq10XJbwVRuCHff4yzFwn0waSu60Qb15e2EiHYN/khildhx06ZOdBT+WkXIWSK8oQ+sk0dLCBpYYtBvPqV7iEphaUj15vYsSJZFksKKX0NYnCFhrIDZUBA6EJn4yvV9toXkSeZ8iOGdUhHOenxVLNG4muiFAF/WzpgwZz9BgYsO0U8dPz6/ouKWjuxAbv4O7Pw3rpiRB9I8YmXfxHZEI0/1asZl+fXUYDjKEJUlQFdYFhT7eBEkZ0OY6hDiOxsTTofY0Y2iuhLHLaSpvPsO/SJLsXH6SdPHoz8PPGPIqJ0bn815JsJamvIzB/p8hLDLmr+2V5LM/E9NvYQnn1/gZeu2f2nxFQCNm1n+O9vm3k59X6z8xtXYdLiLHTX7VpSPbl0K54hxoY93frzW7sNrOkXu6FjuKFEaRf9OKtr2Q5jC3DIim46MXAtNyD1olHFX2z+QtNiWbSWFLj37lALw7I6/q9eF7sIhmKqAWyu++uYkv9I2utZ8nzIAx5v49Zakhzlhnmlkkh403Vcm6xuO2sl/neB+B4ZpRG4Vrzy9QqX6W840WEeQ5uXVGMI2/SjcSDGIBvGrAIIR9lHafg2C/OIGNUdx5UJVwWa1E48llkmDQMyMAl3n6hERoiS58jcnApRuJ0QxKQg4I3UdSlOJZDvhUTGbKlhmW8fYTRXpA8AyX/uL9JSAwKf0tCoWB/nOLOoLgZk9gvUp/CtjBCDIs9sGVwC3bpe962vQFmr6JTMveQdVmtF28JxcwQDxTtcO4SNBA3+32gF1HpbGyRP+y6fz5kiSim5LdhppZvLND1hXF5cXCW/9IsbS4iKLL/m8uynLDG7Vn4cjpq944LJRFW6Zm30VuvOjuMheKDDEYWZY0HH1JlD6T6fFs+lFH444O4SVWNT4Ynt1U7UR4g5j3xRZXua3tXWfsiNiyrj8rmUgktOXyrktzS6h0gSNEDQ6Sg11Bs3HPRlp6AqzcpYWfq/nGk4+BHPbSHsX3SqS4J5yb71NDLyazlO/S6w7eMEk4908PYTRNj+03J1iCKVOzftSQBisLpSPnrVFQFCOM8zrniVok8smudviLO4CMJdgSCvUQOLw59BYDdjAA//bNsJlHr44UhNCRVLfk55hXfWFSrn63aE0gHPX0OR2Jk1LKRlT+n15c3nRutsKXw0sFoNGhnI8G8cfKizgH2t+ei5QkfpfyHNoPR8hGJsIghdU2f7CY+3pVbxlR5uyt/Pdq6mLBptH7WSfPXJaB90VyRqBWlTZwJHXe/41UWs2paeF/z2GRlFNYX3wm2mnsqq0VEA1Rz6t4ZyszYlDRVYzIwIefbx1y/vixIZlxpiaBHcFo0wjA9RBmg4TsiAmsbEdXFg5oTqc1FEFA5sLvfsiQfsm6xljAv1PvmS1SMiYndHn2guewcWD4vtDIVRSyMG4ReZOfoxbIds+7FH7YPvAL6Qm8gmryRUjaTL1b//5DMaq4xtpH+8FgmBMZpI2zmYCQ0kNOEc3Lfj+sK4NyPkmWKrMcUdLdfRtcA+uD8/i05nx12Kgsv665gwgPwQt9YbAP+5YyO/i4vRMbMShDXp2EPdb0mAS4TQ/WcNWy4jF9QhODpphjnrGqSWxofffT1U8FNyPBHX+aqKIWxa/6RmClHJ2KaCUaH1pMp3OJDhMZrIW3bTCYZ2huIK7bcNbYVio8ZSR5fn015it8upLqxGCO4PGmLgqKzCO6laBJeRZOuWrcAm3sVHtx7cKS7rI4OAN18oUA5WgtB7XkMOcxaxw7HAvvjmzdNDI5hByPGCvjTfdPP8i9IToHeOHup9joqL9m724gXs4tmT35v2eXOIwSDMTlvmU1E5Rp+mTcbZUBrasz42HEDgly6+fpbMgapPqjUZm4hRMAhfhN9op+7cBJaV/Ll8Odls5q+W4Cw6Zr4LWtuz9Hu1o75dHDUkwMPbVXMH5yksZjPuu7lCIscvDAwq4zNv5K9zXNFtbx1wQov8BinNWpcRLLhKffA/zjDMn37lgxK27hgQ0u0sbfEGJtzOWqVqBDfEE0tnNu3j0I3uPKSMNL5RG/HAUifv2RagOfGQeyycIO1eQkczyuH4wqHfTuuNX2N5KV6sqjCMcywKxmqwMwGBr/Szw1CC0pydkpdNm6XQuGS7satEXi9e3Uj/QSWy6M7SRDipIAYFwR5Yq2nZPtWUTUaU4q0UFp4dmoNbMsuPp6Uy+xSxcx1+x2PnO6nSfnT9ChqteUtStKRvabWsCJZnBzvS4nMJIQdFUZKS2nYZ80H8spnTxxXJCtb/HnAlVP2bU1pc99APaD6eYQSoqw4iYdR2EoVrZEhiX8ONOZgZbeirdpNKGasnosQkdPz2kMtxkG8sKrwxXzlrawI7hvwWiej71accf92+7V3x6vBTtRyH0XJtSLJeuUqFhqhscDaidSzPXlhg2x/lHkUhsBnTC1/Si6d0wznwyYhYon2DP+ievbI7d9ADsDf9j5LNwB/5rt9d4ExZwQDtzMxOcXpZ3auoAdMzmMRySfS5iEABO7ap6cSJffNoz1PVpjAcQ2+ImIA22mKvnZLdrYfjDEMsVwFZdcdkk/EjTFJUPpRutG7dt6Jp4w56E8LRA+LDYKuf7L1nlmMN7Tvf2odV8RFPW+Q9jo7A36jSVIBZwjThIhSKmbERhH3AiY0fWz73YsOWE0QRD/hA2aN4ry/C7242WVx0UNoZ3W9XWCQtFtRDOXnSHj+3yzsO5xggSrlk85S/EWjmYf7MD9j6fwoeHTi8Aei58GwPFI/ANy/XPCBspCPe/zyFXYU4XO+ne3ZlAn5g+u43Z64DjVbdk787oINOO7/+6jhxLtlbXUXEDjg3vcMLZASVbhWXoKomWOkQV0XSAyz7YkZEjDuE89WnvtBcBkQQXe39sqiDMpdOO+b5KOI9iz6hSGlFjQIB8rdmD5PnieyUIt5cLnGkkAap5Niz2uGGNg+bb/GkyZh/9yTBVQz2PTZkMcT3NCJzRn0R/yeBgrsaYgBi+zRgsLtWjJRi9oXdi8MJrBqA7SL+dWuHyWFS1MrKmd6akjzMeLEAn1y7mNhcxFxwjXs30mKkAyrWFyk3xA2M2V9BiymlI4cB9JgvSQ54JMkmIfVycK61NEkMX0jZ0frCpqEIM6VVYhy65iy5hGNn+yUnbLkgiFgvoYHGXBanORXrVxOxlPwxz9VAgZo2IIFl7+E2ntLnsJs52D875c3Ds4sVKNYmXtaakrhqtgIMK/1cVzx54zO1d250C9MSSCvFHN3MRIwRLQv5VmId39T7Zv9ID5NBL5e94AbUpz2jIk8LE8wHsrRsZXWyDNPHexJQS9yWQVarFmiLlxudZvxVNGLYN1rJjN+lL5Vyo+ooGlMA9ZJyklPsNePz8ST0A7JT+P0rM+mow6+AiDUxFDp8Q1jkZsYbxjx+BYlZSPOSSsn+K2JWFJzGiAp8ZGe/2hlmia5XIpYvUIwgC3KIYXziVC2GJwj++D7YKROxT8qsOh6OIFH/NqgQdW5SYGrSb9SeK7G2LcyYs4F0v68v+uAe3VtFjgA0bD8qRd0MwyCnM3idiMemkNiHgTPTd/+CdQ2ztgy37yiyz6Fxlrwp2gTN5pbXtldDVj/tx7WA9pWFqPBsDUtN6qeGcB5JHFxTgkHYQT2TUvzpLFunWy0Jb43oHHcaOUTr3wEXNEbBYDYTj9d9EclOYqzlIXD/mCADVvl57mLyvX6XsRbS+A3X4+W+ji+L0EMAaUeQoTmWYkUXA6l+RyWzwcIahQH6Qry/oBnvy+15JBK3nWbEqgILHO1ICDqP0DCk1ZxZ3j2efLES1ypQYvSY0ieYcNjHAAAAEl99ADU1A+a4wAlVDPYAANMSGNnC6jPC5yDzuxTrNLXXD4nM3Bsk8uAioxDeaD8gr3CfeCzuJjYXgkmcBr9G0H4vVp7ZKerhnFr7KFWpO1h8n/ZI+x6LfxG1dxMG5nFWvnLo/qOf+B6rDyVp+TDPbsQ234sIaf9f6Gpb327dBUm8C1M2zopznQf/XcaT6p0Tdu5Zi2EPhEY7G7hV0QciGNl0hfAyqVyj+SWD/GJQIrvRgeYPR8ItAgEav+N99zEIOhchXeZm7V17qBWXIALZAzsS1VR8pRKH59qGe9MmU6vdjXPU4qxqdGkophU1ZXNHQMv2q0cHmHza9Z0jf9OfElcgJC2PeaQVYA5N6mpo0UplAEfbOM1QUgyOuzP1PzDxENnVPjGjMAaGAOJL/6jA6795VIZmKyxXUcQglM0WTIFRx0l/KKMAmf6dwk2HialBJG5XMXoVdJ/bNEHyWna7oxbb7f4UH5ymZECXYA0Yx0rXCsBPK5zENdPmD52Wr8e3e6fCPWql0mTSpdnPiay50KvJWvUrfcr6R7yrymI99jmeedaPtrBnsB9Sy1YbMYdYAzjzsl+sKOVIOzpNbfC7zFz6g0jK8mRCjpI/yvQMxT12UU5l99lmBVTf4IhTXGa2iSnzN8PBcEYGkRa5HNQLGA2PYdDv87zDBUsnm7Yj85mzC0TMelBd/eXTIAHLKu//YnbnlgW6LCbV0bRAZ9zLeqVPUemf0zZI2Aidt7z1vmU7J6PYKWLIAMtlizRjl332Of+sEd7fTvBiHsJ4Br9vkrz/G1lpgKftogoowC5+J76Z+0Y458vXbH0CJTj1XtZnSZ2GevIPsIjS3D+s9rFaWcE9ZVYsdeOoKQyRAIxVXTX6QSzPqPlxnHb/l1tFQHaDw6YYH9pdkyyIIxyPybDqO2FgU4Dw77umuN44i4UBBdHOmOkXGfsC7P+e7l7+YeyanGewqxTae2RXf8f3rodklq4f1yCfea5VDl5eT/KXYLTWbuY3ORRpkYRdqNAhO6/tvgWBBNNTsC9O8rIl+U3ghICGpkc6iU6XCPDLGS2seS1UnJhIDAgttqZLFvFAO81W78+I0/AlHx1EZHWwJXDWgJGWLMuf7hC6nDHMEylz2ZzjXHXiStwZG89BBqsG54PBqvpwLfiNPuYPdzUFbbuOjCS2Cg500XU+u1B+42+aFWZ8UFdAgu276vSSv35rbc3uNaNQMKJIe1A3Dq8WcT8McsQB7wllXBPr2ZkbqjeHhZZm83eCtCrAW9o553AulpBuiyi5naA7NBxiZj1NGl0sQwc7lNfk3MYJD79OYqm+uw88uCcAuEtadwNUadrTqM5rFZyW0haHItbCorhLXMapOjE3/Zfh34dfAQj8HQ6gku/OFgOuSsQUOEQtbTLsL0Whwmn4hVqoD0ZYTCX0ICXPl+kogm6AWQBgkC2C1ncdzjGiS+vjoX4EX+LS1PdYJoK9h2hKO9SZP5js03OEY4vl7oq/3GNxYeyHacEmokWLTl6OQiPxDBEVJVpadlflZvdwARYHcdKLGQFsq7IXFa+JQzRtHdR2gRVcaHG52FiL08oRBmFHjSkTH3EcrN3bmh1ae72mPTOzvChv2Wz71h2l+HzSZg4zDz40U9wkH9JClpjUTv40gMQdCmKCQ8FfULKdmxR0nkkchQ5jrdGSbIRvNuiP7LnEwp+650s1sR9lRw5QlBEiXBdk3ONIBITjipMOF+v9LF3Dc7P8hET92PzXew8150bQVue1ZxFGrtD1W5pceLZ8NPGYi2mYJIPCpX/suJawtZPx97Q/ZC21lIMhRL1Th90LU1LN3rgBAmnBJCY86UWUCGPQplE1uYYvs0k1jIW7CtUCNwbUpWqWr4KslBCQlBu1/K2xTckjvkdYgBMa3yByDqUGGGXvf5YDqbYozsl8YUms81Hfi3T1UzvLUAtvipr6KlSUBY5MlwrV760thhLOu90Hm9nPGRBZwy4ZzMIcysOvu3qBSEiYqEr6WieWEP9+L4dOpU8k8JV7KPOzV9qhcYwn9HrMLm9d1DXChcwgUNHH7t2M/gzJujG3YSjNoL6DKiW66ZTRWKeH9DfxtlUOUD1xAdK9Dhf4/vZur7gA18lDwjwVHweawf8KBtMytcmRNpoGwoNq2u0Zynk3cbqoTHmXruTrw997+APKUbrTHaXfG+nXjmGaccOFx1ZEIPaSkYUc8IVEtney0z7AF19fWAs2W4Cfv0BLFIPvNzO5wK5uVD7Ki4cJ1Zkc2w/XXJfmKF52yxGCzqE/hGCJNAunj1pLK90UngE0FxzL+QX5JWzsoBWHI/JnlkmYS1qRUXZL4MO4OjtKN/aszzCRIPE7NYuKKFh1JoZYx2+MMHSERjgAK0+wf8CB/RYPHzukERc0uGf9cX+eKFBkkPpEzyRVMijy1Zf3xT36ng0xRoczIbH1Km38oAadGQXqWYQ1rLkK/KbgY3gx8HaYMf37Tx0MTjHxeNFBTqdFS9DLkZ2eJjEbIljJlfe+6TY0u9DGF00yK3Ty7jy6rnRRRWRHCGFST2RrknZQ4tXhY8TbC1ONcVjL9KZ/hzU76ZocwHrupfddfGLEiFPX2D3DM0ABJQvzqKtVtPG87Je+5Qpt4///PE6PKsV/kDTKYwN0sCktJWKkuiPPwL2gGKL/PTv+mxcGwraPhyu4JyAO5NBoDJIevQsHErva+e5OXmfL/TlWBYnXgYpN4c+UQH1LF4uOms/2hhI9K52WvbyaUb92H4cLUUm4gJSF7u8g2t2XNcKfRHaUZO+W9ZFAvvs3IIXDPJT5JOBrfZ0lRzXV6zBRbV5JC/BX3iud+9zLc1To8+x8VjXgdcBUdiN4MARPzf1ep5Tdfn3ouMjw4nmmNS3uxyA1TDZT9xxOWYqXx2Wy91GFexmz85r4B9919J0fVcNM3zTLRHiVPtReAkt7mJjzQ6LUE/m94N1MgVTDDkLdPEl7yGZI4Y1ahlmdn4UNtP+hkNu7Z+idMdIP2/7fcKJUvKUqGEvkKoio+ccrVBsQ0cTyYS1FUtFWNBp024Go9UesfRKkAdxLPrKHNzYGGgsCjpr6ddRImmU71bR1z18fEr6ALuPuGD7/R4u4q3bh1d7IFe0/EnE7K001WUSRqCygWXMJylgIhpLB0kBB/XgOnwgVd7TGvwiiku0ZMBHNHa1lypXGyUwpaR5Cfj224zbzExftFDxLoY0zgDVHcZ/yjzLEFUMB0hLwicY7+lLCCGtAwjMN5kIOwnAqqGSmJA9sPnDDh0KxfuB/aDZWKmJbdokKu6fA5wNaO2Ps6go77gA+6r5GI2r7ZpSXr6edk22PieDjN6gCHcHbZkGci+4E01uwEGHCl5r1YTlzw0bvpZcxOWwcEb/culWqM+EoVpJNISTcRUtRI+4NSjk3YHY/pUcieCIwCk88eHGViz+jdJ0SNhow7ppuRlve40ieaKIFsOfAC7qncBhbN9z01V0xvJw5fikt4pHDgRcR4Xp9EBzrDPp52StF0rn7DV+WYiJjuHaCTwobgi5cht/JcGLjD3yj6ZQWj7Qaqu1tN+oIasqDOsAm/YhN+fH+ssrrWzcOhvlBuYz6KPEs0YO4c4NI0vbxMa8MHVoTblCYgEbbiHWu+WDXzBcaTfhSX6lpBS1XJfOuxaskE+mDNOwLU/IJwrBJ1E2XxdRmJu6WDNWnDE46sjEw49pJBFHFC5kQ9A/LOy+ct3dWVALiG+GqmtE/B92DLaGzI2VWXxXaXW3FEvfmMLc8SUe8xeHna7VTfsPhDJqdPyiaPs/8tAK+DvUr9lHKp/jzov6WrTLidaJWkPxRFVPgAFS2a5RnvLs807pVryHV45fNs/cfepLu6akc53BcYDCkY5BYMJH/CkUGU8yveJFcdy9p30XPJuBkRCxyr9yXCK2QARdLXBxerFBPOxepybCPC8DcpGmMB0oqLOKrIaVCjJTE8Kiee9LEutClN8hpKfoqHizYHXbOQbSIH9S0LmIUw6HNfNdvhiHvvArmFOwAYWIQEOb7R7dEf5w+yWA6lHhk/NiM0n2mlSNI/8TW3V5KU9jgLwhqwcbOpiu8bQGX4t3zrbjMi9YMCLU/8U3cbVv0dbMFFuC/gnmZ4zBYhDtZxyq5I6bYtccoWregPReyKpofCYGosPBDPR9xtpRQb3G0TbQpSr2dkVfvDz9Nu9SoL9PR2/GVdMmzcfCZsP3LCw4QxeMAxDsL4mpjFJTG4rcNW0Q10uLV8ReMa7I/UTdtp+1jBkTws3HOFOlAtERbCLU+jgNLwVuCWwYC0yeM561cs9LY8M3lHiJwzaZPk1B4g+ZoA4qxV1aqsVOA68i3hvc3ZXkMstNyFhSnnDt5/sq+Q56c76Cizn29OUB0dGAJZqRnAK0KroHEk6oV52RRWpD9cQM2it26ne0bTbtwBDl9Mu0Al/quuHP948xG9v4QGD/VqGBT4U7SKeNY/LmnSWUnyrSHLheCWfgpx0HWuzIvr/Z+9FBsNMekXoLh+EVDFEJn+4N4sRUQX3NXtzE8crXsotTHcFpvyG/+wi8FCNEMHEkpYMLLYLxQa9BRVPKRhQHO2nmGWKwGYAarc8TbyJA76354tDe48mbjPqxrN7una/5Lk36pyVWzPa0ZPP32M7YOYMgMMhnVHxJDaxKbv6QEqUkJA2NJA6woZColAJ0ZTsYQQIQOYDhfUdA8w+114LrjyxMuQiZo6fE9htC7mQp425lQcNxQmbAF7JQW38lFTw4O/KqWVZaWFR7ySHn0KT4F+cY1+E7UH6btHC1eog3KqGbEtAtWkEJ93gBOaPxy0r21PzhkaxQpQPe0ekLGbBOkOwCH1Jt2Dv9J++sg5zIM2c63S0P1Sh9kQ5tKAgw86OoHTippIAcqXnfYRtQxQ7Vih1QYoDfWEcxvc5B883wpElNyovQgoEFwVoOjHgbx7BUQfdLJZPg1cqsNR6T2S99NEomKFLgkppyLPyGNSC6zBTXoU49pcDn4GtfwlAfZrkqvhQmfd5yTyGp5I2XjA33vm5Z7jpZzledYR/FFo3JpuG67+L95SEGp+G9ncg9RBZiVXKGjFedznstqhlFDB2CcjWWPMww2taA8+GC2cOIqy6qu0Ej0eI0IEtEeriVHb02B4T57emZkE5Z/N9iGVQj7GLtd6jjJdSJIZHfOO33c6uhgy8vBwgqNErAPfReNK5BtHVWXZssFALArAB3wBFzwAhAQ0gAFrI+4roKfKnul7kmVpO/kAVpcVzzDY/0gRVWPXyINKl10zHk+Tt2phDcOKm0Q0+tfhKJND4SpY0W648V5tzatDLUFGSGY20aSGrWKZpJTbtyXd8f7OVDomYlesYbyWpE+tYXZSVLwx4VZppll/k+yytdA4vFRE63MQmaCuJv7/Fd41ItqwQcUPY3EROixWMyfU44zhgzesvW7J3YlOGujL2xz1rXW2Dz7Tpykbceh4zW109MfHyZy8BoArKq/XTC6RDkgVtXKa+MGpSpb0xSzU1Ju4upxpPZ5yyW15U4VlSe1ohESv2E4mB/Kiy8Nlr2QZl+2XQacLU+6oOCpK/j28HLKP4EwO4Sqoe9aT1CWe3AmPEfytZRb0kxmAo2Dx8iumPGpMZNjDxBtZmgv6sowqgjkrovyTjihDEPgWUY+Z8blNBdv6dVrSLLXvwQLXjBOo6OaHuvd9nIlKwdB0QNoVqKDur40uGSP4mw6lC5yobWnk+hbHetjcBwqHdX06IAc9pgfGLX4NMXbq21qCQA7gmcW3akkUH/BTFXjR3BbdnPBxfJ69tZuhVJaR+0N0eeD/GmQ5yCUS+TVIPXZvUcyxcT9PjgpaoGQ1qVYF//jhct8OjOfJrKTMbf0WZKJGuLxKFx3CIR9QC+LhZHvVUVuSXw76WGn0nSk5TUW616sperdj6sk2QFa0+S6QRnWa8CCNJk4ZkqvvYuTw1cuIvZOYdFEsNxW/mT72WKcnhe0ArwxeTVX3DxneD0eblOzBxAkYMFNrGjaD0Fh12AcgwLUgar8pN0dbqxhfW5SGIoLrTZj0HCmtfSL/h706eRrXOgteJD3zU/du0A/QxdD8tP9q+ELSxyaNRVdvW0tzg5fG2Gz1N860J71y/Ug1oicIY7R9dG5imJU3gWSmNnLUldKbb8SvoRql7N2ob9Il2lKDrigvkkVOyUYzZ6/PqIJrSzpkoJHTcWAwb54Vsei1wORA6DC69kS/QhEbWTH5d9Yg/jQA5ZcXzLvgZDOtvsweE7m7bKsEVWognDaqNifHIhTdVXB+fxCcP3zvQy/dP+T4/IIk18VmikD+FR2+CnHjE7l918+BUBf3TttXdg3mgkV8LcpPNzx5wnaUK+EZ71Z++3OIyTx75efJxLab1dV+E20UksoMO8TBCT6d+fe2yvmGCDcn/CsmBnZTAzko9fy6HrchljlKmoExuK/uA4iR/VBK0tM3TlBO8LbpC2FdKuRyTE2iYg/YUYAQosbvn80wcJ4lFgzGjPx3PV1Z8+VOFfJc0S+Hpv93aDWDODwmEQx2eEwE3jgQAk+7UvE9jaDJx09d/9PvV0rtlbnIbI8n1iWiWrL3XhHrJUId19QEqbia8txayG7EaCmdJXXS95m6GDE8gtFoqZ4rBjby8AA1K9LioT1yYSGqzjuwU0K9jZxwEX/WCJIaz22L8OiuytDjZ+Azf2TbTKO0wk3sulzbf3gkvW9CoHsBZBSflGg3qKe8yMBV2rt3iDcijOkMrPTG3XzEVK8bHl3loHAoI87LT0zYUJqkvvgf3VruxgooKU+OS9ehC+PvVu7MPooeC/tMrq6WobLaSzxZdMNClIsOzoH4GsGa2J6yHAOnMsSehZZnoKoyO66+ROfZH1fSRfCzSHkClZ1Bu40WcEHeG6dS/dMeisfF3t4lipW8XBhG1jB9KiA93ZsByKcltcp/l61at+bzMc44IznaBrzATOMMfFHOWjtMlfix7qrcVQDFKuD3AzrSP3zinp5rhArZ8urWrNmiwz1Yrc5j6INNNbmz8D3C7Rb1DGmj+QX3p8lrcCLIUUvOgrVuczYx8yWHQToUuyEnI+WmXN5hlvqrJb6bhADGN2PLTe8yZC33XvkG9PcQ0g+NNjftfcGJN+NTJjNvDbrhzfjYqT65fSyZoGIXoqwyRarlCqCqKNK0yRwcgGg/+sg1Amft4QdqAlCA+gXJuOqD7L1GvPOGhO+SJghenlZyVO+7Hwcjl7eAD9oLv+KuJXV1hjGrRYHOen1SQRYECF122giMUDxf5LrD+9KSx5Et8AcX3F6tN1AJ/bIb0827VrG60g5TfiRiSzKtXKaMXJKsbbUWhirCo35PLWoQwdhy2bkNXD7efB0Z2HFQcpX5uaU8xQzWclfLeyzL2QwEFatTKH5Q7uZvslwIbX5oTVObR+t12kqOAvE3PdEQlcIxkutWp+dvRuXI+L54CqA9wr7I0zcY5ZNKz9MJdSHfFQx2lrg0+1DTC8hJXHI6DlCMeG7rWIzXYo3zZ6nBiidthvdPXYaJfGJn2hhaFdcGO5SxxIZ+fzPDs8YcwlnDHHlFxzAZq2k+AqDS3sdD025/rNzTiCjdYaVj/zdP4L4vA8VddJcBPXJdtyby2SPaePwxywIy0wLHWyHGGpCnA0OtmcS0UNx/iZZcHkhtEFVWlzfWsr6ZOvXqpwtqPY5AhiBbgMSiAyvzAXRc48jpvP/T3iayKwZrFY6O8qdGApmAcXSY2AK1+4SjhXkN+zrr0ns78IR8VstcjJydy4QftpQpiMt8KGcVONniS3QCfauVOivfK9H/91d9o84AXDV7AvM2GBKq9E2LCkTCBLHbV/LlwCIOOKIKJvC20orcnDElWtWG2oxRYVNRrKRifTZXT2iBWyY7kpNSJw70jnXIdP/iESKYIg83wk9P+o33nC5EipBvu0A5NkT3YtbvGgj8VYMIUE1YJCVaLdubmV8t6sq2TpUClVHS7FfOuts7Y9L+h6+n/Y3tmjGQ/6wqnNUyfWHEyOHLuSWmnNcVu0l4mB1MtJfZoYE6vTuoQA2M+NqSxYPy9SQmVG66VwPU1DW6eEB6IluEKAJZmRQwpR71sqz60URmi1a92rvR0im06J+lwd9Ou/ZZz3yLJB2vcQlFTcD4NUQuoW9NXj3Shv+41DK2H+UpB0zEZU5tZJxZRn7Z5D3PDFpj7k+6mD72f4igur7FRP0+59wYbMi2X85IIcax26eS+U1bmF80SNpgz89MsK8cDo0np+jIQPJVhKOEfC98kAK6nQ9x1RO5ISSjvck44ymWKXA3fPbUL5J2uxW5aFRgJ9OwjdR/OvRIs4EfPjZdlLGC18JA9XtPTMXcVR0VibAqVbEi6bZwEfOE28U8XsaseHkqxlBgnOG4GvduoAbS48jBAf1aF89iihb6eCchsJFyHV9WpaeV31Mab+Ak6CHKRullWHp3LuwhfuARPBIQA0wT44EP9dhzwUwD9rJs2bbu8smHp30Uf7sk1wsKiDXnojHmYTnjH9CAyJj1EX+JAYymQTca+heGtrdr76pfAbucS99ObagqztEZzU+oKENBZFj7OtBnh9T2Bm7ldCy4z8xteIXMAtiUellELXRK0H45/kBfeK27sgX1QvM+3n3/DQyqe8zgERZCqbSmjskQdgBYdqrvfKZ4Z4sD+5TdcbSVtOCq96tBp5UG/nNiCcK/+J/iaIzguZ5RDsGA5RVr6fyKQGUhw6zlGMoGiMfbbzlg3Bt+lp3yF56ryqy32GfIB8VxGgrhdLX/o0fVDpADRqwIlEnSwZda9S9eJkM1rUB7Ug1m4ltCjEAJa0N2dpE4T83xwFTe4a0JRGpgF/rgLcjb6ZCpaxsphgZaeZmBnp+cuzvMprDw2oUXtfiVCx1VRiqiTk1qLbXEth7PfUL3YOdkJJBJeUQVXqrOV2bR2sd0wk0tAvYp1IKSejLN0TF/DXMWB6LIUF21TOKaN9kJJ4VnbKWIZq4MQNymm5SXSgtnlPJTuCwGxxrduoeFHXR5bM5tenYQxRbrkD2Wk99vyw8MoLifHv6qQhQka5/VQ3nqfKNRtt/04jPkPIIYS3EW7u6CwE1EjraFp2UO57wlSsIy1Sxdr+f1mWxJZax5ue5nmDbxBRHRyhWdzbN7HVSd2s8qHpUUpo90gkcqFUf1G6rKqZm3dSGxsIWVK46G02oTNksOVEunrn+K9LRCmlghpyHRUdN3kOoOkH0pl5ec1zOdd+6L/wilSNn8uFzp0lZ1W88q+JC3M+siTtdNoqFv9UhdkyPSK8Z6wGjtSWKUIK2SBBzOc6OCVa5ONkYgoBz9tih90ITRlW5jicBVo7iFdubl3y6G9I0cdJ8wVFXfr0vTjLrc4+5uk5BuAJ6CgvUCfpPFV8xtRxpi7DMUFS0d7Xy2ZbnLYK9xOb3lIyyc1FX3+vBCZ9cWE6ZNPUUIla0orxr7hY7AZpEayh1xuz1DivwFEanyHYbBDGn7Ws4a9L5yA30JZtZ0XRzWBBdQu5k8B6KfQTxWKaYk5/IdWoE19bTpe00BIR7Drug8Sqz4EJrCttHRCN+KsyMsiWuGH/kQUwz8Hkcx2N9OeNGR5J1JaCR2LbwnB8/274QMKhFJw/9/qXtptlOu2ok5kLng2D7p1U7Y5Mc2lmqhDexgf5kKwZO4exnkF2H+7zCGrX0DA60uQF9UoJQMS4UWX3uoQSgdAUi/RrJrX5Rjl61HgHOr8vuh/BzFSUEwkgU4V7EpiBe8ThR6/inndeywn6TL2BbM5ZotK6e0XTm6sL1DvURZl6JYFHtsbxxsraAMT0NFVf5wMO/cOyQUfNDO7zhUxcEErHr+o/iZ6CRyMLcfTodyE3NFn/Jqv8/65h+8+u1zOWhrzWvD0SyUBz98Dlm8VZEXqw0g7lDxNIT5kx0DOcgJAsLdg0Q/AIcAAAP+dH4AADSBNBR0DBEq8AaR/dAThk4GQ0F4PSMp5sDrWPFMBljUNwrB7+uR42GMjswLr78FOJ3gIEvN8uqeIU4XpeFKlP63dZBR8Ynow7FYamI8ObH/4EoCM62H5fOjX9bM7Ig+lO2LNC53RzWOJwxbJzmV/AwsgS3f/AbIpa46fizFAFDNDtWTpJ1wr6961WzmrhGnVC0+7GqucVL/74BmscIlXg3hxljhczgyxixlGIK0N191KqjAhJiJeXRme2xkbJgrqEHVb9kMbU/ngyOo5k9vI2IXr/uT3E+nffipICJTMg739I/BJdAWJKZ8W5Qy8po31sNiJoQlQysNuWvFBIgG+xVqvPau/Yj00iWFDO2qrp7owMzXQxNwhYJ8wyjntyNfxiOnpFlNWHLx8X3H0cSPUIlF4LI9csjSvvcgj1aTRGw6ZsRWo3Dhru96o0n/274hfmce/pDpfUTIp8AmJiGtYunCD1PMqKomJbVy/R/9mk5hNsCOvze9nL/8KG9+AEWBfQkI5K2J2uZJj4bfGCYctjsrYywse6VWXKa+zkUgG73tFbGTe+T2b2lcPUUGJFqca0R2xtGyz42/yGHt3Sua6NRSqOQpH/dWH7QeB3+qeQJ5FDZ3KKyK/LUCZuc3LnIEJZStlhI66RFfrxDjOAsuQGftWiZcZF2B/+L+9rba/ba2iHvvqZZ1kbCM/2F+dMZ9ef0brqtD3C6ooyeLrlHmmHgCwDHxwmLMteqnmGS06AZIplXZOuXDEICY9LXF9pg3G5HTA15IXbmNMcKDFgcC3sipPjIWwdMQf6eM3OL91uU1JKdL1ACigRWJrmh+fNQ+7ul3PYhWx+17eXBD19x7E0/DA2Q+PqpW3868wy3L61TD0X5qWbLVi9gb4NfpdQgzLZJZ0VFkkyYs4O8/Tko1f2JEIl00IRtSKl/sEKY2aQMzKwMQJNcIq2K9BSiyA7Ujz3XM5RtdfSR45B4zRGBvPdTbI5eOr8F68O9cBRdscV6Ff3tveQ59v+Y88F+tF8NO8dd/u6mmWWLIxtgjFoTom/HeKctSjT4fzCe9dn1mBdnjP1XdLeob2CSQQMrg17Iv2u6ImT0cmWDIRLQ4JUjreQGdRdYOHNY9EWk0WJv7SHxhuw+2R3wfTfu2YWYB6oClOG+OtmH7ZOrl1RA3I1tEAABcVRmWNpYPdNwOzi/JnzSRLz5MmJNTPHNUOHZBmU5jDTI+IOQ+wPe3MGXNl81xUS5RGbg2xwXNBlSVXGYjoALvx2RAcbNnNdR8tMRszG0aQ98Lnc09fZzQMveFeFZmgt/FvmJ9P6EbFjyq/8GhBj17DDn8fQJUri6SxonSchgwbC5ea12UYPp9sdycBZwA9IE6FGu9pRuWLLrN5sAYrObwsZfTN8o9SjuXhEbUzl7HGVBpPRWlvjR3MfDOKumCOsvzUwfHRV7CcPINw1qayfWQFEeVlV3iQJccqXLwfLONeZn5+yINQwag5ZrwvALpy3KoiDAgLeWBzeuPmzuCiqulByYcCKKUgQYqfCF8RUuuXyC4X2F+KpkEGbjZgCCmC8FARy5CsKhy2wHRp/iS5K7VygAwr+rzNOYhKi2BqwHg1296npqe++D2O0xerfXdGEU4ta6Fra6vk/tDf044JlDFV2CcXr7aO/2UOXEIGCvXNuD0/lnZmEmuDPLmUp+VX2u37Y3qvmnaKG87KR+wqoW5yWOvH/Qq/hSApS+OP6itNUKy51su7H3hC5GZu8uYP5422RNQm02i0RzkKdpCeuGxKoxjqdCsCJZPF95H4NGEi6NEbkyrIwMFrZI5zXCWh7evwjF9rHW3jY+wkFNIIkoMALBIT616qtjvvg45tq4+FVhSiIISQmUt7eN9iz566qGgbL2Nd6sG+YCy1vZ2q8Ta9A0OmD096AUfWnH0ji1kPlJ/9/yTcSnFnQLnBB67/aGAjBlyR680qWwBvnGxiZ/UIwkDYD8z4Az/sJ6OzC1vA81C7OVP85Mzecyra7ynAJRyw3WLg1kdmFyS8laRgMPeHKaM4estwyjOkrKT+saP/2De/8uqItfRy9/6j62DZnNtnKfy+xGI1TBVK+S2hwlP/KAR6WeALmiGF2QBd4PfT6/epMPDS+X7/NpCSCjHgPFItGwQ/d0O5b0zuKnk6K4eh62991pJXXyZy95IvNoZ+TwewWv2sxKuc/2gBgUg1rCkGJg4yR0MzIgntrmP8X9Gylct0YsfrxxvtKeDPrLCR6pYmO72mM34tHKTSP/vOw0xBY8kxCXNnw4SvKtEq2xwVzkMArI6EvzDPL+9EzOqHDd7Zh/czxXzt/Da9tGIzJ7drQTd27LVit+jsTVMa6UuvU2hWVJclc9rgeX4Bk/Lzl3AaidGBPWsnpObyqQnWuvZLXlsLcRW+GscXwcagPGL5Cgx23bI2P4z6zOdNjdtlHn36b+NzrzO3cJHzIS1RYCfC6gqpUwQdlJp256MKEmeI4vvy0/lT+64xjFiHcUy7vgAPcxrKW/f4sUUILk3xOc/uhxYWrG00u4dso/R6cOwf6XaUlmIf7jXbYy12jgVQw1lTbzkxnIWjpxcNhIVKpuJlW5BduumY/0jgV9mXrf6hwG4mIL+r+RR5JYAVJP1eKNAglMlPhxEND5ydaXPdTplblA+7bohN9iiiOXyNgmnKtYBxL2mnmeLa0yZJO3D34YmVxXzw2Q+8lLIq2kunEAdd37QNblg+Wz1D8oMYdMCVEUIzJYSe2MjQ1JnSWZvC7MUrDlgkuuCxuze/Ht1KPr/MD0oeC9XXpIPafCp2nmbXMbx8iNV6Re45kCJfx3iNTS4IsQ39afj9+zgizUHNQixR+jjr6x/oa4eF4uZ3UvuJMSu5lYZl0Vc7Ouuk8xm3mIgDwEDVwRoIfNhUQLtCAlfJmCnz9biOUiNP7Yncsre4V5R8oswCCbja4adlfh5ywN75AdwMf4ywv/E0jGzcxAQq3ITQsSaCfnzbX2FvjrJRpAzFG3xwk72ViqTrwRUGzynDPIHlt5T+yP+NH1MxM0rnNTSJKk74vmWmOdH4lYs52Lx/v/IMKW4dMP6QCvhWHGDdnk+PlR+5/mXQ/yNt5zdoHayslyGCLx6487tOOXEALZjVUs3K86w+SrUnlBDOaxkRkxunUbIBdXEoFcOVo27tg150UFjPe7zJ8KWbJUd0BrIz9b/+jqXkj/brUmtMwlisckD/aFJhQ7mpfx1xEPMC5ZwNkR2sVt2wnmOiYJB2YP5HHP2XziDF9oTruwMXchAtTlFdieI+bI6zgfQI9WT9oq+jjyR4y71gDAIgEe5YbMP830BL+m5LZQMw3c5sTzvW29DoCbk7428a8hvJHuOLtZ59iTBiyTQxXsegOkC4xUib1A4A5A1vr6UpR0idlsGMOXRa8ySzuBL4WI04tSyrAGILq/0+ecvtNOjWjmhtC+gS+er8c6xC6a2O9yPp2AMriNMkpMEz2gpinf3zKEhu8HNA0f5J03whLiTv6/Jc8dJtZz2JWsCmXCwHi4TqdTLxYYTz2lIRyTBJUpfebvKjo/8rTwHI6/S00NcfyXU98h19jfBLBeIigF06QQOMXupY3dj+eBYt0DJwqTwRmg3x3O43eUkQ0mBcAFt+cx7JVB3PBDLBCxN65zz9uSHMsvHyWTgtHoRRL8L5WDik3226Vb/Z7LmvgG/UGNq10SnX4Y0gZl3UjvjIlNiX2HuuKihHQ5y0Xf2q9UZbAr2NJXgYd3LX4d/j+JA2UBgm/ObYlIpNfivsaAWZXYcsizf8N2h/bTVKsXHBVJmPCeonlw6+XmN01yc+4d8Hn2avSt8ljZ/DxIkhk8joTasMEwZHtfZAyUHyQ0zCLw6d+60eHvwuD0DzR2mZC7LPp4ewhnxyvTzLJ0v+yH544JVj2SUN2c45Vd7Y8AvfV45GCt27Ky5hBDYpV46xpd27YvKVbaS7VjNw+STDaJcERIlGdap64g1hxmFPbLodUYkMFJeOQn4BK65TFX94z3+fNZn/lyw32fYr/UPm+UaZJL6YsIbqa/gA8Ky/5j4k9XTSh7pE9O7UPF9wNk+VKmbxWxwpLp/vBNyA/LYUID4452xD2Ua2fhKIrgQJco3AFuqCxr4PmWc5TsvQz1xs4TRhnmI8rSX/3R0Bp79vuVsJc4mGoFjPMNMIZupK0iTpJa6XZBU9VOtvbgn4VkHhjaS4FIe6rJmnjsUd4SaPdmOiWV40UeCMl5sKxlCgCHakWILPHBvMNQNqZ5UHZesFGL5yqwn2Pc3eyxFhsV8BK6tDshQko2LCjmoPqBzaieXQO8sseTcAMpPoFHaTtDWt/PlvT5WK2b+hwbamum6NjlClYdqU6HzoAobVCRidiSVtRtBkU5XRokIpiIk8fGFGjP+xh48++m7RVfl93/ZEFHmBW1fGw/jtnUcLd4QnydPtizf/g5r/YiLG7OvZrvZpjTwl/QemQqve7ykCyxlZNSZl4tdlPZ0rsAotxrrx3c5JTtwP3Gi6qlKAiR7E4dVCE88tAZn80PRE8YuCmNihlcwcJzWUZHw/EtCyt8w5ZLbZkzWWqXUjnDkG4niIQm+i/uU8xp4cCAdQPAPpO9mkMAzxwQKzKHMUJ0B5L9kxxtdv89anTMb9fvXkD6EO2ui9PrRphCvtURbVrCckOJ4Wa1zudfrjuIQ7wko0GtBK0Y8xCBRMCRAl69EWEGoa0318FuKW6NqkidLpf5C6a4Af8k03vi0LJd9Rh8hxSPTXQ1/vWqgR1uiuLDilxd7kL9hLBzZYP/3VkMeemCfeUgUo4RooQZWdR84tuT5SV4l1sbb8YWTSL9ETj69S8ThR3sIgVX6yW5tlTyHIHIbPpbVQBfhmfwNN1KtiZi/jC5jHliussOVi9Jn30VHMFuoLqZ4ZsuT9483zwLfFIxcs3xjCsuUw0zuP5oOdicj8nCfHQnlIogwLEza2PuQ5CJnF0MTeReOKSN3mUdWH35BAj9+gciXVa+1vwxcZL/+4B9NPwplyqcr5hnI7z6y40uSjyEOYr75eJ8RIfXuPW1XRQkb2viq+h2+vYCVCUud1vmDi7EvDSuX6bFKxR7aJQW2U2z0zmzf6AYwxyM/OE7wp3vUkWuBrSH4AAABE9BaDygT+DKyiAIrwAAAGenNvwNixScfNsZuYgDLATC+sahII38TILTAo/bZY3uvX+O7cZi7rdPcdyLyfDxGrBbv2OnXngoTcU0nJEhPeV+0y2FzUXe/VCOPWroGX4bnqwZjg4IBSWn5wVpkbLtcfNOk8iHMZTrUBFk4cXUrx/Ay0fKmSVc8wP61fEU3bIYCstrBVWquZt2y3cK/d+odh2Hlzhsz00DiWDQ7kviiqOeqmB10ptI1DBzyDN672Rh58K1krYmRLRaRk9gr2WYtdUhZkh3RnKXg731LtoIlMvkaWCXLs7aPsvYlVm21QH6xqeDNNFaEXjDcSfR0W29VvM5tpCtVl8r/V/N+Ne0vw1bwFN3I24FnJdwm7R730tJpG1rF2y2G1A0spiLKRB9svjfnNFc1b9DiI97AJJIaINFenH8YB0+x5Nrw6or7KsCWz5W1gEOI9PH3uSjNI4pMqwVmja73dUx+QfhbhppMX1ZGKfeVdZJNDLKGuv3efH0c/pJKxIGElDu6U6YF1LLrgiD0MRWK1Q5R2G3cX0smm7E93XupYLawYaQSbV+TYTLtYcR/axxnElgdrEMfmulh4UtLqAQuD6JbJOgjzUYS+0AXP7LOU8W06QrMBmG6lTn63MXm1eK7JCDJslkCT3zHXD/3hRwMqxcnqzXdoIh+7DfaxPFAqdSk/DeqfyochHB29+nTmT5gXD3sIDX1+6u7dpPh/lE71+pA+8UWPmZSv2eh9zwm0nB1AKoqARu/ANzy6wfNjDIlP3MFJubywuoE6dtNuqkG+Es3mTH7ue6uaJs9b57MPitNa5YZebaMUWo2SHzsfMGBmjd66ePKBX+qcPvXdf0D5ojThP6R/tlWFl1/HagxgmebGrKy0RRkPdRbecO8skKFEOd8Jd/sXL1oAtUyx19/3L/ODiu+PYXBIEOpZR38LSjiFAYcz6EgpFmUkCbWbcYnEQGpiZ9UpeBGEgsRqa5n8HEJn5R/S3HS595cX1N+Ozaoo3jstOcTRxgW9kOGxx+Y5FhQfEPZWQGzsliBtXCDMuVD7bM5Z3tPV/C2m28KhTm1vgOsz2qbJQpCRC6VWWCSS3+jWz8eyiAFeV4i4PalTtWT8DzHCokwLFJ0VPt60ymHRlDK3fnf56Oh7BERnEKuq4ESRtwZCnfuQfRuPCZiFJM2Gq51ah98B8DxsDDtvrciDUFxiHr/QFJupJAWsmHGj1syp6nDiHZkQIp5ynt2/nxho6sHVyEbyn18/aWMext/pgMGMw+jJ+GDUwKP2BQiWZ2XHwRkT4H4N/pb3/05qbfd/QbKwmZfS8Z5WIFZETNJlTioCjHydSJ8ijGORiwqCRBBtf97Odv92JqYWJ53LWyW6yd7Y1IFY3h+vpJ96CKfp9ZyaH5Jg5+1gOyxaJ6C6DSU57pb4XGU55g4eg4O2r5Ao82bpEQi+rEO6aU1xqmvFdJZGAzIo5sn3SxucbeyCVEIW/I5eVVtHrnIy2CExusp52XkDl0tW8pzaopGH2OG7A38ZVoL4r7kl4fYwScChQuzPSB0WlQIab67HUhKpN48Yx3FVryUdRZSqHPmELkmMo5/uvEdpzWRKKF/FeSyNvcqS/Usxd1msxUC4jX5VZsuaFRh5IqELq3f5sdG+r2orGSTK5Ek4G8hlIuqsj2LrLVM08UTCunscLdfqjfrkavl9dajGQyUCeXKc5LOlYEGzSWN33WmNu4GzwebUCD7zWlpmHq06g3Yebj16W6G8wkD3FSuLXUXcfMY/1BFO/nn4evHk3ZgZ1cinxYsaSPA2f9UanfQKDLT7C/w5rYqTHkeehviiUjlwTqgNNBTK65K2u2qlKetkq1wY6NdkZvXf1gIhwpsSB2oo7htT0xf16r4XH1gTPe5f1iztbkh9k9NvIy1QtEwRIe9zuf6TBT72T+DGvzKx3pq7LKWTRhFkfFA6+HP0iPMiYg4lN3T0LMFB1hbvDQBhUXedT/3irBtFwTfKizq/XOEooUaY/z0ANu4m53ICdngeY2CQeiVa/a+BNsgW98jlEl800CYKgl2JoA2gg44YePWm4O4IzzWoxwiZR1s06MtQKWJpyIFBcCyAkL7c811+2EOw3HTL5OlyGOj0gs4iOXDPszzhT0/50+fI6wVHGzrMXOqk7ETiK8WwpHllrhtbImtFEJhyOgD3eApOJHnTly4cGP2jwy9DFWmA9+NjtidU4ypMe8se09mnl5rZFDQzqukljIO5sV6rSIU3D7B7Pwl/Nu2Dq4sj6KvSuOWo/63IYreRCc1CVWs7bqKL/x0TLbfC8bBSxovKREfnFFUyAEyoyE3VpvcIt5yLX22hSoO9yTIt7R9F0RJWJ+m8FhgZGCAy9NLrCiqolNL+A+GS7Klu9tHW5KmvqbsfdwoLbKrnlDxWUGOn+x9YT+9Xcy8UDD1UrV0nUldDQCtqjcBj7Sz5DHbwrvs4coTJVIkGkU6i1id3RvsCfyurhJhiFD8AOlyZMQWi/mBp6ifpI2EpgvnY/zXRvUwZs93YbbowTDuFIpK+wYC9nLJootsboWzXUWiEu9D2UYtaWvdzDOuVJsMdP39W+wUCPhiu7kQJW77cdfqnsQxMezAKQsVxpPL4iqT+ptCeUuYOU0oj2WqXgYq518mE6cRGnmDKvZNy5o6qTTTa78edimfwZyZph4xaEymtq8SqtbOGLbQRhdLzYE99K9iLDqGWBeHIfNct/Hxqfzwlp/TTORQ7frOcBPdW9gELk7eg8+D1g7U1NCmfSXcD39SXFxsge0O3iij1uxTjkfWeih3kDTM4ecQVVYI6+o7t0spX5GHl4cjjGSqCKSUmIBwP5kfSUkMTAreChKkAtcrE1RbFgqPmRwvdy/XkWNRu+erkg/o5ufrY0QrQrjZ3ertQCsOBtl5B9dUCtwtqSAItWCh7IrHXF0xsZEptSwQW6fcw4DRt068drb7V/CRIlzHJ6mbu25QxIZsWC4MD46HnEavMlTtcEVfLtOMAgqYuXaj6WaJoPozWVXvryda+DsRECogAYWxdSWNMxWQiwn/t0pSDJi8Cv/zkA719W4i7gPRLvIN3JI7vCS4GZIebhIAI/8wxfJFifUuVJ/BKIEefZ0FdWFwwIqYGX3WUv36UaYc6QwzhWryv06PKHTLKutQsOQcGNPJEqbXtPT+dlmwmjgaaIh0Q5P0VonPuLfi+Z3sJUIEXHYabit67vOCkZKB9gwCu1K/NeAQNv0eHwLqc+LtYSjCP2dHJ4ejJx4jusifW4brQpBrGrim4EDMIxD9AiZ2EisgijeX973eiqJJ8y6aNpTofixuVcTyloqAZyYi/8nXdxalACggUQkcqypSf9TmMQcPXj9OrBJIbQ9GbHd2rNsapn1StbTxVoS7DpfiheoNhns+WogBvO8Y0d15ksw8mOHuz318o6mItLj58av7dEMNeYr7y0VPPR+a8MuTRBUKUdaoNidlMSfHMlZfNIXVH3cJwxUbjhSjU09ZanN2cMOgqgpfRgOkpmJS0wuwgE7h95SfKDeaLzix7KY+xGjjrmJeWzQrhVZpSHtLXhIA/LXj0jyH8ATeAHhI9LPYIdN53fPCaZ6TH1R4LcpmcZwznWBiSAmy2Yb71FaqqfiRmC2EPDm6MLtDffW60XFlekK4FihPGTRzyN5kKzaZ7CRzIq7np+7NyW+6f4VFGJ+NfRD+JAbbb9ihdFk5DIN8zJa67Ux8VDlyhzyJLvsSBH2zl/uJmdmPtp2mnZkxDcFxHsIF5Ws2E/WjhP+zM+G+Zz5yQ/VBrdDslQ5upUiTYrHokXGwZVjmBJENvd3oOr/Gp/RBGAcm8tigceopUho+mnVOoSCDMyyZjPsAD24K4ey3ezp9XUlZjIF9nAhUDwH7h93rwHQSj0krTXLHaKOCiDCnqA/9oQr0mstXLkET2yV9fI2/0n9rl32DbpFZYn6HARhsr9L/a38PmiVfAqWdeAxo9Am9nbyLLFpcqrW+kjl9w5H9IjMj0bMae7X4JH6WxbQ0WBYhK7ST7OD1/y0Kd+igbhhApjNOGUte48kiAxTO1L+nF5xnnHtYYscs6/vL4ndMChcri+UuJvqBd9ouPUK4eDhZYB30/fNfTcDkCUMN8pYj4cIRpM3f/husbmRlXJsc5xHKqAzHr98ROLLDYK8LAnMizte7PI+4jbLEEfH81IEEsPSGsycxmXg9oNilr8vp09OH0wm8un4yJea2YEA9qrnvgPXaUbSmpG73hQE7vF+D+tsVXq1wWy+VrTvytf1lZ+IpJPVCk4lU40btiZRTyPnj53arMVLrlSzbL7yKWGA91s+yogJDkd6OdXlGwF6ZHpybjbQMLpO2SGTBdewIK69lBOQOyMX2WMrnC++qWbFxh7HI9p13g18/H2vyPoYMLh6K3jOV3xZJQk4iKn7zDlbY/LsnG5V3P81i5y1XG4JQ8eFGbVcdhh4FMKcDXS1i4beasgroWKmyHKbij/1WOs8gNVW/he3OYah4vFuhiNCFTYxzWeRktgijzRjLGt5jkKre7XmmFSPEHnUX4hpyPUUC6kMHnZNQYQoPpZ0T3TOrjYqf0oBaY57yJ7vanpaQ6dvm4dQPMKMc/+05YmUt8z5l7Pr7iFTC80N7EMsBZl241lkOvQIp3NaD6F9wS4xTKoTu+dhBOMElFxnwOmJqAXUQD6JRtDzyBnuD0dRhtVYgWhm0hYMptGpbfL5p1810AswS0OiJ2XK0AcC11LYMpWv5IvoSsi/VXF2eDhTjCBjpAea/XVH8xi9QVzRBiwB0YTZJkyaaEADbFS1BioXtJIsCTlirWsMeraV+w9LGAJFzgoOqq5l31fLsasjDybafTFloa9P7NQXG3ZkjkC/MLpKl/FkRHI/N4VAzDBZWwUWT2mfeljPwPrzcfRuhXwK4WHElJCr4TyewPvKrYCWWXm0lHFwTFePjWYwnxMHn40M30VU8JgcqXjXdeaE3NjU03Zk7T+iKlhSd/4TKM+/FVrFPA2EwxxghL+Jyo2KBM7NwBUeRzKsabuYhNBkwxChSiTJWUsxnz5Zj/EyeD0+v7qUWLCvo2iY3+GJEtiP0Akm3MdCppzgGlXJ5N2zTeNw6ZsQpwjt8CHDplUWbdhPlqOyn8R4vmqpvlp2hTq21bJqoOV26RCVD1htHvUryOJD0Pt/jaSH6QpuzcFx/RlpseM4AHnr8THmIGc5Dqt8AIqPhD902BPD8WTLXdJW2sqNuXF3UmwoiowWwQq5HrwshlNHQL+cOkpjZDXNhG5J7VRGbNnnLsK0mP5RuJWCoStnid/FQMbMPjqMpP6jsg93ioTYFuwYqIQ6W8WEDyX3VbqBIFYo6Uu3QtydT4qeMeu3MVTwapAQyNj9JHBTQWCG3y3WAT1AOm4lsjasx6qblaRlaM+DcLISKvgjy0dEQwPB6LAjH+YzS0WNEYAAADXiruDD1PI0AEBXpzwAD3AA8D0dvZUu2Y7Uq0d1KWWOCFdoAVsjGSxLpJENt22oEC4ha97GJv02RYqShWmDv0r8EH/789Iirtu3S6Msgy/gOYVWfdTrjFWyEwjUPGFpRSaoiBB+auan7PRlVL/V/xfZFIzpdWy39/+hSzlZQH+QpE3Gbw2xRHvoBMATeuKPRmmkX7dvttinkqLKlBLo+RtvWtxBoSgpZattlF6sU6W4BCqssNJ4jIMqA+WdotJEd+pTwl77wCP9HSdmaluaXt7vs+TZJ931aWw20/DjBfwb0cR+Tk8az2Isn/KHhB3rrll0e66can/WVv1yV0YNlHuAcjwj2iYUpEWziLm6Ly6EcABdglTDy6SG4ictwZ5uoo3cvynxaZ/tw5BV+Xjsjk6Dxmx6DMWYRn4P/tf4tTweCL2+UQwzQFyOP3a8w6//mtLReh4LFQUvqu3VfeZ2I8dATYUNKAQQ/mXzkQlzN6AEhhv92Jf6c060cSWdq1QU2j/jaO2J0V+ZbbJGfUYpYsdLHE8JVO8rpwSO/0dj/ONXHPtLRBZsccR3hi8sdQEhT+iAZA8DXSf6Qtnob+WrgmtXbEFue4Tquwuu1Tu0qfByzBYBlL3S+cGbGACxhoBgRDfeTeOxgwRhdfJZgkpJyZJplUJQ+pWlPhzpFmhQ+6WaGcGhkWNCCYDB2EodOwNp+3TDJ5AF5C0Z9J9PzCJbUA9u9+w2asugK/c/R6G+d7wdKpGkiP2RhDqfqb0DoqeHM615SQdw6F2+VG00uf/M1ESaczE5bTl9PBj4LoQcRSjmVN0X5+ICeooi+A8xC1NGmbDnONZ5UgtvEq0PTCBO/kYhWJ+6CuaNWgiljSaXgJ6Qa0nmjZVf6pVWwdivK9s5FT2e1nLqD9R2/AFwLkItYcQHT6g5v1S56rYqb7JtkN2iXP8PTl87/cQwRokaahtuahsN2aZKeGmTT39RVQs0VCIPvnvoKZz2B/ZXPBiTc9gJ5PMshgpgpugLJkClvKR5tmRrK8bO3e3wCY96bOuJRkzVIFMFWzCGPLilawThmgaDcV6aBNnI6rg86Jy8GJJVEFnUFyaS9uuDSVvKjOZ7RaYWCUNFoUQ6/y2gifWbY5cWdwWF396CwYrrEuMyISxkVyXXO23DYD5tXTawzksyGLk8JAYdhamOnpw8x601On9PDCVO8x4pjHxXHhg0wpCNVUBEiosJ+M5UtU5Tugr2ENinKFC9ppBX9oz85lj+6EtxOLUC7nUNGVvLuQELKshy2RfW+RP8+6YFYxLk1c4RlpXG0KV3vbsO00eFG4Y3hMZHPbMHM6zic19n1H4IXFV3qxFZyCgv29Z+SR+/5ldrj4jsFrr5fXzSeg3nFf8v2z5XjHTZzXDgj6a0EtwC65hI2ok0OVTQW2nm6aFPnVTsZHS9C3SpFFDEh7Qr01vQUmwJ9fcs8F8/D0zzX5Uk3TTaUOev1GHvUsiFahmEWzoIY4KYt9k7avZCz6+i2hxOzBTiuRWs2lCe17o1CcXFKy2Q9Iy9aJoFnuG1mkquXN5oEB81U3sUTj2WqZOhdH+HkHf3/xnFgEohOWmlrw7kuJ7fLLqnGN0moBYuCPy7zaGoezFe3qXoNdE1dcZE/Z0xjTD565njlIsoqCSEroi7PV2BI6eSRbXii7l0RnB6GUDOe73zzOiWUHF2q0GV4E+VB4qWK1g+aQCrluUAzKlsVWcwSoekVAh94MzvKyJowNdpA5dIxxeB1HyHLHvccwURn+wtk3dls/W4n7HFqUCKuVXpx7IGE/pzIWtDKzJYx7TB5JVJj/lw8abgE9SompiaaR1uHHof/FW7EZKyNxYKdluGJN3CfPDuPpvrvyQvBiekGW5ZAHR9CGEmRqBzi+tyP4XuCpj0JRPBQBhdBx2j7A3zytg78E15afjxkWQuVmKh+u28bq2Pr8cvbSOTmSE/wdde8WFq3t+VNegbxw5wsA+eyIbtIGp2Qn7P6sk1WPRZs0umNT4x1vH3kaCTY7kWPfjvad8ob9CX4PQs/8XJ29aNFxdB00+iu22I+nEtyAuBLfZk/rMmt+cMAEPFE1t/1EaILRrjKRe+pMuhm6N5jbNRI0mDw8heJ4tve1QwxPdAe6oltsIWb5M+IjXrGx7i5wAMQVU2d/d/cMIW6m439c48JM5lBQpFVhJPVfDbDeonghf6ixuz3sNG5D3j6gHJUAVnUHSs+RaMkREdoJC5JbAHyMjmUqQM+7s7jEYQ5Fs/MhvhleP48X/DvUek6JaFPxFxr5JlWv3kAT/ZLvBVcnNTnDcLenfC2GuwbzeP5AR0ovNQqK9Eg31IZo6UI9TjryzleozZ2V04OMRPiEJ5hspBYKDJN5O/6Uge3Zkej1zYah4iNfr02SvzYvAHgEjgmGV69CqK172MTqK2GaUlA3uP3n2skYRwtbCH4ZgQoe+JeOKtPERUUoF3su8myleXGXedM/on5+qHozXUZaUIz53OZhM0kyPF2b3Kcben97dBu/1+bEEDQcoDxRBO85ogDXyVp3hibjTBb8Ft3PwGtLR/NdtT8SoJZWKY4kSQ+NPid339ZupUGhqBo57vCQYzDIE5R1yhXu+Y/8rizsPEHqADbeBRbNyTHzHaeITv/Qq4b+9UCsrPZDEkJ5OGSz7wvGOW3MBaxW3gv3tdrc8CVkJ8xIPNrDTu6/jGQWNk/3lkGOUCRBcll9RoAMQrlMDE/bhQs3+EUix/w4c/mqkY8DNKiHuM1JOEq4K8szsjgAWZ1ZjHai5qh97Ouezsuwzqp9pIsfGxan9l7RQuWRXGLwQPcB/urxnMXowmmiRDxDyU67g5VWEf2SMGSKHrsjZexkxnsbkbNbaceuxwLv/ywrQqIWdVlMWUVCMnHCi3/wyTip0feFoXkZGz84/Oylwqz9t2XVwpfTQt10xgIMLYQIRXrbPlY8Y6QvCNVKw/DBswifsIKNvtWXWdsWt6m0x/drVaXjcicsJKQEzEHr7iSArsXCHIZpKK3KhRGf7b13RXuc69l7ss2ewi0sMXtWjCnysKLc2moutILPRh/GhF91eBLIRBXW4NYArplTkHXanFQxYWY8Efy77z3WxU7FWkMkGQQtpQck06f0eVgx65D5uI6CBAMnqn/CxNylAWlwtWwVQQMuBMyBqMLGm61Le3n2CNpFkpXZLAOQEFn1TYUboVd3u2nyiuXotOO25DXo/kqmtafxz+630vDTSRtvQRk24Gl7eWO4ehRer6GIBoRBTAvCJi1NpXZU1z8v7dEy48fkkTn4UaW+LkhT2pwSbzS/+rgvbOWud41/i0vdZNwzNrERAGLq5xdwr5kZitW3g2sr92ESPaax0ZQPIWyW8AYrNlVvwS5RAC8y2zHRRDEA+0RQBKCyxcP6AHmjSDxYzxYVSsh/jtiRCceKDrHAXSHKGJ0a1HOGHz3an3g4l3gUMQXReZk6zBl0vjurP+JVU6C/AxR2qicYylKIdRBmettEeYNttDxbd+SkgZArNkFL8gPohmkCJf9T/SXAqv0a9iepZEG9kOYc2AFYcqhMfDNu1QF0MTrCXoNKbQ3aVZSDz5RkDs+UvGBnJ1gbrSfRcpbUYXz0Qrr9FTnPnqK679lMx358pgUkRI1Yc68N0B9/Z0in3qU0353QT8Zvb6aAPO1l3ulZrVM4600s2ULlfC+PF/1+fEYB8wvyHfgg5Aovr+A9yjEo0NxPkFPrra+wGY7YZR+G4WZUKawdM6euHvi3fni/UryxXHO7kB4cT5HPFjwnB4R2oSG1lh0hCrKOtnJScVD9T4Y/cZeloCPrJvd2woRqRN643RpXBdH9/WeUVWaCynA7/v2rH30PHT/xkMegNAe7dEzqlb5ncbLc8PZTMmYxtsK0NoRsMceCNFRiBdTAc+FqxtrzgA2+3RTkwhgbp01IMOm3sp66z472M3dv/P9NOSYXssdanHyaJFglzwqoKEianCCsL5hlKC32ilHz1s7TbFW5JY0CmnJAYz+4t+e4PXJwJk5XYvmriKWGgsZsU5GcJj+DD+VoPWVy/GsiMX5MzrofiCeTEygdSe0KNjAT2f/g3SsTtV4JtXMsLRx1hqxiMe4OUa+kLvoee6O4r7js0WYMWaeg1DFQLb2SGEBgo3mWtfOWKXooXKLUmjzST4yiN1ECdBw7KcYabnCFKk2+u7c1tvzlI2Y2qDZv+0Me8ROfrOAQyeB/2FEEBJiO6mP6Zehb2LUCpxgm/zcXPfnDzbNWJb4atC5yJjQGQBCjyjYsVWXZlwpcgbQUTXMbLeTjfDzaFn6LQ8zbUM6P/8dLpgzg8ypQzzYlTTBZuPrV2XhYlHP63mZmK8vwz9xql/lCCqpmkCyXtmQj5Qxr3e0h+mb3gt7shF+Bpo6MWLhlTJlLkP5YDLuW1CUO5zi48cWFB0pa7cyVtLGpwg3tPTdl94bBNoaVEOtc6GYX6ySkr/ENzVJdHEzgxhQXo3NnZYkrf/VP4wRs/GurBjLKruBnO72OhS6zsiQDInT7/fqDGMMlYiZDdWkUBrskqTP+k3K6PCuNyUyrdbuhKe7CO7eWbuDALowukHTqIisbm9Oj2hEDSY42BCjU9FyCOcq26p9qE35KTsdWNXJ7tw3nX0dYWSi0i/BTExJZgzWkvngqMJuMpnFVUXc5EAFjgamdZId0UsKo1D/pAqM9Uu+/5dfXwI5q+28LHIZZWOJE2RV0Hbcf6pr8MaO7QF2rFZZW6qk398yTLW6+Yu/hjKYSZJRDrspNtiwPlugt8X8+Yj1stDQjlace6xgmiwD+E2jAk5Phier8xzN2dUd0nkVVLeqhaHomgDfXnLXJtU4ReZJMJL8JpnmKxYBnhQbC+Y3ATGUqrOSwOi4D2dVyTn0iiogQwQ/LObjYyv1QJYYLK8U5ltl2iJti664wXbg1hANyP5E8HPw9FiGmREKT8UwvBIY9WMW2PdADmp7VwVAh3Bcqa5tFalpArNFh1UcVAev2YHXpDremK0YjWAVfre55O/7SmhWmsZSy/wGnk/TTMtIAUD+8mH7Nyfe09rWmD5qxKX3gHuU3UAWk/BY3wxMB0wMAUiL3wt9ZiQJnr2XMcVUwD+FsfgCB97eUY6GhkKY6hhjns8OYCM6Uj/R5o8chgsgkUPk1CbOUdn4z19Bq8I2lsIykSFhmebCffV79YUZ/ZiCSCCKlGIw8LpMoBXmNiRGPM65gUe+7cPmgTJVWBW6KhunC3F1hqckvWxpTSQXe6t36QRWiib7r32XJzZtb1DqsM9jk9C+/4Df8Sx98ztlCyNo/dwE4FXGxlbD0VaLOUSmxpwnCTDiPMvTfQ0iFmtaBLS1ODSIVqC+Aonh244rjy0I4rcf/aqwDVJc8KN0ItSE+ozKP7AAMeQvAK3vubR1xDQlNFvE4QCNFLK1R49aq2wfUmQl96kst5B4kOYLvSsAeF84hPd2N8as12MQReZWA6fVQsxD2MiE8qMVO7UoJONtqUgyAFB4mRyDAPe2BEe0r/7LVptIyIZZK4ATz0ZQfmDvcxMASZOp8fT/OUAOWeQO0k014yvaT3eUWkLX8wjwnMAzPdcyIY1tRD5qV9fGZ7LRUSYI9ZKA1ymNSOH2Tek1cIGyGmDXH9OXrkdj8gl9qpEi1r2XWu4Y4f82T2D2RWDKRZ09KvD0vZ9GIj4/oQ5Hv6vAAHzs3kKSnE8B0zXFLS8Jq5PDUnJVIbBJT1sO5twxiqDZZx3pSolsqMc+yAUO9tnTmobWhWpjuh8lTOlSgKW5KpCbkAwghOaukQ4PIV7+oP9IfHu7Igx1yjo7MYckI/v9linvM0PQj/3WUcJX1jxeEwLuSknQ9Si2rFUCMkfuL2TS19VF+XyW7SzPoU2rRnDBVTREJRbSiJIOuRw8fY8Qu4SC7BQgKbyUuSzyFu5o5Y5nJ7n6Abr8d6xFYE9tC/79gh835vU7XnBfDZkk/782LMNnwBiZ+VvjZWrjccgCtFLJsbxM5x9i1blxDstxNaAB+5PpL34hW7NkItmvP5YiMb7kYNEaldzINqJSYN6M1l9IjyuRVjQAzfREa9+EXCIaI8LOagr5ZVhPupegiXe248GIyl71AN9ydA4x4b/91hRIoVbkd+gDXCLZhAUtGzVLcOFuxWPy7PLUAlvMVAb/OTAE+ZYr7dPoOIJAkEKA9lcL969jfbbTCBDVtK+acKBGcR5E4TyIDB7g8xBRZACiMVNbJeWHElOM/fllVLnpgstV4hAhJKa124E5InfVSwHbsYJaZYwDRyaHPpkaC3zmNmTuuKwLl9obaUTLaZL3FXQ1caUlJT7pKWbRgOdkUlJJYYbSBEYtyPON3AbefDESmCaVCW9AxTKxFDTysSD2Y9M4W3sYoVSKFcZTS1J0UKQeoAIubu5iOvZQZweaxLiWEiQwDHFC/k5mCy36wvnUDtqMlE9eZ1tWqsRW+emos2Bgkyf23r0RS0lLzuWufAJr/0WalZTRTao41N5BnDKyU4wwENeApavtO43kPeh2qEd1aidmL8SzkSWoxzIhZ+mBL+AkL8J1Ckd3A4aWafypsAbyqNDIDtDzEkpjftci2/OTyQUMqhLmeF5fzwnnKxkd+lFLuzKSH32Ly547iYwvwaR+pO8oRYMZduMymnOhE+8vpYAT/6tfDjmefxi2kIlAU6X9LUsP68D2hETvwbi46UqMRbQx5PNEMHB4qjCFg+plUnrWMNWeeNcKXfTz6dMk84LuCwnNyk5RAFF2rb3SHH78xn2KhUNP97BWVpv6E/FeeleBEXNCZBbUjyyKcQSmGB0ch4tAnb/ffq5/hluJVXDoDqRrEoI0ImpWlVuOC5V4Cb6THpPNBrp49dU9MJMCsC7yCQIppUDkhhee+z07pGRVDm9jQ4BePdsEpH7XwrWMU5VZwTv3z8b9szSArNHhz1HAL/lbYRrTAnIof7cpcFNJwx021pq7AbTpZVUYLvTIWuifo3weZhCCvpn7Kts3MlyyjsOQKg2Dm3s8NQPimJv+9R2verbkp+/QhlV23adzUdoG2JHCncLVOHsI93LgSYR/9woy6GklkiiknWEaiWgQpGuMmlqzezXPIf6x4okJoEqcEFYBXsqj7A3AuZkYs8jHaQQy06YsDibtYjanrhdRZpX2Q8B4RXGoVMrLmGWC8u8PkUsL2dr5qhkn8g1kSUja/MqULVt/OdPFo6UdEHpkxJ0oyh3vkSy20oxYa6sErBv9MYhHQTCV8KRBa6hEO9ssyVItL+QYqAMRTg1b8KmePuW0+entQBAB3kJZceOBbLqrZcF0czvEK0lo9l0ytAdYe9YWRZ6KxTOKRFIeqWQsoI3PAXcHBwEjYlwKLHsu2/s86qHCDQhbc/+ujZ/aRkQeIIXzZKuMWvlCqs50Mt2xuJ74zZG355ukrjcyrTnebuDH4nppKCSBT05erO72XPbxjBiFmRPke1okmXkL/6fbkeXAKPWeqax19vhN2OSu3pK1HrDPtECkfEXfMXCeVBtiGJrwi+Yf4RHcnqCHPZXnzKWgO0IFQ6Al+JG/06LrT0MF2yYypUr3WlZV/d7DFs7IVfXY6f57jDNzLhnUXXWdhHmgz02PMwulErNkePd06YRGU37B3y81SvREMAkxDQUS25Lkt/9Xu3nfdRJSfXsU8B5Yy+1zl9CtK58Yt0okRBIVx++THWS/HDuviPmHA4jFLkbcCbPceKJv2Vqo2tiwvuYLDBJVjzW+4fx0Hmo+/UgzFJ5fICeze7+koP1u6vISXdw+MRc8ZTbBh+OFttJzR1Tnefgc/nTGW1IwSRqC4urWS1ARMgJhVdl6wJZcMUqWT5Nl7ka77fZ7EsFv4Z93OD3DAQyF1k2e02KPnPuz2gVYmtl686UgUZoZbwqk49G1hipjWZ64cAUZ+fpqd1ItJNmeqTrNXtpqAhU8bcyymVYHccsVAX0ebUKwlj87ZXwJLJmKgQt6fW611tWWuFq/7SsUC7pPbTGi/FMNIqG6UOdrNhQITurBbMrx5FMTl01FiMLZbjEaapxrSIJdfarBERGBGoxKQMHLTD7QfhtIjarGZruhJoJcZQi2TYOW0xcLuEOA5d98gnwXczVC801MjwG69P+aTn1rCjI0OmvHRh7OumBOmD5AdgghjvAM56liNrnCHJ3367cVh2ZDyrh/Uy8kNCe86RDXTXmKTtlN2rp1PP7vBaqIKGoPhAg6DC4KP4/09/nEhKSKiv9ECTuKiLu0EG8c/t3oXBPKqx+T7SBC10PnXTDENSVeB8ALv7iJ1XndIqxYyFixMAz7lLM2uInlt6wLmdgz6q5xDG+rj99kSDrBh7yRYJSiCVfNnxO3OZsjSNiVkqU4O4PbqpQNkRscqJDOkPpph5nv95bAEQSCvz8KMLJcWF5Ho7AWNKDdC25X/z70hAUk0lnlIlvzjpgkoh9xyNu+Ger5nNV8WkBBTfLvtQUc9Ufn5zB14+9ESrPEQdBpTynBQ7HMKsTMjW2Jmt6v0tE9buNzUicZ3OEJ8QLrCTWy2xhUBkhJ8CxFbq/KwC6SpHiVDgwnU+R07mrIfiT8iqygObR4oETsX1aX8sXxapEwZk1McFwt6s1QrSfjbo7IL/PnbS0V31q5Aym1GZ3c3dYg3ad/gC7UCYTYKJRZgg0hoZCUBBgaops1vM/CucG0bW61OtkPICfjgHf0mP8+2PPEuYsIPadXETP2C9Cnc+IGDh2+H1jrkjeKdA9bONZB3nIgkT7h1lV8O6jFMqxFoaXQzvosmF6PTjxKri6r1AGiptCTt6nELhp5mn++Fuw6HI6Ks8ZrDpJvNmCfUaoxRp5cWl4tQdTkMyzbLSgi5W31TdqtxiQKvXOHyy8fp8Ri5K00rO5x/txMUJ9pBXUnu/pRqTDm+omDwR02PSck4WCWB5BMO0l2b+7oB5oXLF+L5KJRVJ4uotdg7vZoyEgFrAKuC9YoaGevz0GnCxQtz+qkJ9hiA75fZmQhqXNETMMf6B+jakRpQ+RLALC+eXp8dKeuRMLkGkXqOOSTHtQ8HcNorKvxENNboRoW0IbxVGUOsg3URqII4zVNJfCjlFPkka93NDsjuXhtuhAETquIb6MJCP9G+AnE9fpHWmhMc8ownK+eMYrzX2dJ1/+SP8XNYABlpDUAfwhCQNkeAxoNIqipYm1zTDtnpT2kwceg1MPY+ca2vbbpj88/uAXvzRawt0pUx1/20kzCccCswjkZMuJzd0BHyfcyZNrdJeEcvymb6emaZ+P+RXmANiXm7BshpePwoDpEJU0ZxDykUpj8vMhU2NCE2gqVDQP2IhJCNBpHcKsAg7Ph97qBJ6kyqI5Xz4Oj+bZzTmIgJ/KkuBgAAL3H0iRFkdWFaliye1H+KeWkLsQSOPMKVscSlNnJykvyh7omR9kbqm7NdZ8VwHjT6BqvkViYbh9Z23/WYQxkS48zJNwlRyN/DTa6CxuJ1kSkUIMqiQ7HIpjzny0K49GOWFn4lT8dIiIviWNqdo58XXb4j4xnjOQJ1BCos2Vb01sDtRdYYef8XKbkrdBFr9sB6gvyBtFnrt3Yr494tGvrfZQ+hrL9PDvmVsCilLUMsGJa1AdI2quTW1XIKLWSahsw267BbfPb7czvMZC9ENiH/pSGiHp1UVlDxLllxCZKSBi9W7uoBIDbpsWXRPvCKPEDAldigZd5a0Y/5OHH58ReBwdWXYqeS96oJOB5RDN7XIAm2vjPISFl7NcaQ26mzvo/9LeDpVGbVSwXUlfSkaIU4Zs+mPv4vxYLUDGswow9QHaPfHecExXOYu1ZGMPcfXmj1QadyxVbmL1mUfeMkkma4jxJjve1o5BKARKKW9zmzqDdhe93oWk7AuLYVSeh/dFjoKwn7EoDLJUEcNQrEpmL5HLKqJWOQzxOnhCBQAC0KRHcJoMG7++wcIOr7UxSbVXT5r7wrydQ91Mn5SCUaRdjvnhnP9hMPiBVxO9VT0otYRQuzd1dkz6maYyOWAr1BMGup4jkc+i6B8iUWM+vW2h0ePyzzwv4Q1SUMUiP/xx5PQnEE7h+YCRAelpjAO67HAAyG4BCrx54Cw4aoDUMrvkSdt5fjU6/5ds8GytKRDpIAzJfRi9je/vpxVpfGJ36BmT2F/4SbyOsyyMGaBHnK+8ArOkdhCkbFrL8QP/P9saqGtxm9BKfMnuwvDAAh4Bp4HpeuHjgABKKCceAABSjUSYpsMtZCE4BGE1cbwsE/bFGvEe6lEEOy93Gyztqxhu1c6D6cTUwlRGod2+OMnLtxmS+vUCSP+srofA4RajTglJcMkBbe7aM/8QrV3k3ORsmNnn1ReEKxhzGNtfNS10ddGAsQXjaEQhhcGtjkuIIQilZ3rBHXSUUHltVFADCu9uXQjKIim4VE+9cdVAlJ2VYPHPsI5gRDYfbLFnzwJv+eIfMebXsMfU2D6H1drHbcJkYSfP1fENO8iaGNEK5EreEj78+dF5OWa9WtJWTDKARHy/scmZwPBJGXgMN9D25LE+cv+L6VWbuZi46Bb360wnRPvaO0xvOmkdDn26bv3Cd/P9zxa2pNgdIPrkSeLAvH6GH7jt7cpNtEaAxl68KdctlvMaq0IWEgeEXxkj8tpTXfL/XT/yA5sPV3Op+hsmQvue78JdUOjEOl/lSAxr2wGUrLqe/ZhfDqc9ClrzfztkBig50SkPg4d+nZ4/Owf6xgK1disLInBstN28kVe3lpPPXyWUHi8pel98OhGL8pkJVAvWJtzqThv7Z8gfL4AtGeuv9avvcDe/PNL9PfSwFYT005VPuIdqkurSM/nDz3fTYufYfeaSEs805C3sl9p/oR4M2spS7xpZ/mpQ/eCZKCsBURme4ZHPjUSec4/uBl1qVty/FDPTP62KYIVuujKWhz0Sa3vP/AD+fzVntKM1zlb6jF4nqFa+GSo/xccUiGoN8iDhmFpqMEBv8Lyj9PiADlfx+g1VgxlB6N7zHSGKuoXXbyfl8Nm00Z5p2okqKePwoeCKgx+5nm4XKTi65xn+7iI6p/DN9he375olNo44caFAz5l+pqNegDpTPS9jq0AeDcNseQBfcBcedQ4W5GI6AoYkkuDMmKNoyuiLQmWpdhoHv9nxm1wjXpGvZYEA8s8TvnMGlByV7jKyabs0fdqx8Gt3NMmV2FbW9emfv8XRLJ1c0GGELjBBNjW/XeOGAaShnw7DztL9Ymq9oVnq9jV3IPE/lLHY43DNcX3Z+MxsH96yMyicRyyROrKY0YRbcAKEiS+edVPeKMWyLrO3DB/urYadMOrJ+RR3/UxjpsAbHKbaFedVO+JZo56uSXpTg5FVJDhBAIpPEqjqcpKAdHrmiMxPEqE/S+DcJ6cW64GLahm5+4mDOjGSppYaj6IpBPL0SuwJZmqJKFxJ6ojqSm7DZSenyO0xyK/s7alnKCstpf6vNJ81fEUJt6yPyvQz0Gxw/VuelcZWc4iqpgRUBOUyZh7PeZ1IG6D8os6fotkKdRpOnBQXOuE16NvyEjW++3zAfTIRNhFRlr/jkGeXMIP8wefU1o3SpWQFgGXf5Bm6dTKXgCgq7itWpn6l0wLGmM8vz/YgGFkhRR+uhsedmOs26fEEVNORkecj960zD3xbRwo6HtYQ9QdWnjn2HGmTgyG98LOLzxRmr8V1PPVX/gud7HFwkOkW6PG/TyKtp1oKCusycLGxld3YgY4zT+mJjNU+DqdtTEYmu/BuasMhY6CaQ+8gnVu6+n5g7rKEv4LUiv+RiQwFNim1qzOLJ609HoulMW8s/nY/ZF8QPC6zSP4YaaLfN0/90XX0iE+8Y9Bk1Sl0W5UgYsXA4tlvI5/pWf9Hw7OIykveW68tK41CZcN75ZEss/iwByslh4L1Eo2PfbFSfZzrmPp6HiXXxILMp64h1INNtURURDX5QiLlh4oJd/J6rFvOX3dXWsHRWbO6/mfOHmtWfgFfKhfuIaXZyIeNH9MdOvFkhpEUEkpDw1WTLUU8h5Ti+Hy3rUI4wTvgzlelvN0I77uC8ZTlZ61vfdWjL4n0ZtyNg4FmqhZSDAZ+AXshARVAx9Q6+ky/0dF5ajeHiTXiRgSRSJW4xAEM0vUQS1/Vf7lLXih1L1oq8g2blO5i6wlGt3ajWS1V8aTA9hBgnchN0/pOiId2disGqXDMH3U2/hlaQ+gkzBAwN+Cul2pJWuV+Q43WZ1BtV0c59p9c9qIlahjQEx6qjXukuvprwRpZeA63sNuyLfROZ5Yb3yeOfRplb+t6f2bQFfPXJ2YtmJQ8lS3q+QudWfCezSKxgYATU9FgqOZ/mVOLTMc2VfKsmXaLmfzeZdYX0CRgi1jxen2TdF167CQO450UXbSAiH+FZCGPdjpnT369ZLYM5+mojcZLT2EPluU5lmcn79ihXC9VlR63kprk23S1Cq+jdj9+bvAwKd4POyhXRZZt9V0T0SCkcTqQzcZuqKFo59zzV8Jc6506KF69ufPaFCRzOq1yNd4ZeYsqHhMYPOkCyW/+XwqyqFx+4Pt+heznBazswmeUcHrqZHWKxlf/g42gXXZJQVsy4qTR6p1BzP+yZI0SPkvYOj4iaqOQxvU/E6KAGmc2yBLET0VU0Jw02LKg1N4lu/cKizO/DsvWbFWDmTxNXTUy4ccrqrhCndY8Yz2xm6s/bF70yZpTzkarOSuPaPdW/TS3sXzELJFBAb5MOIphXS6N5glR7Ga38G8qHurjmRHK8ID8xUvlosoT8zNL4rPK1kB1XPQgS5yG+W9Id0yrz3OEA79W5Mval9KPoSb9j+rVLnFj6lncyJuZuaCUhr6uYd/CoZP8Dffq9b5fhc0Q2/q61ECiQBOGNL20d23a7lR1AXgeTHSwanNVQc3Gx95f0n4/hpOG6ycl6b280wgU8F38EjXO0FlnPgxc6CCOLpxsaWj4moBOX4aSOkYkHw3u17ckZLIx08rUZvzGuO0XQo5rAUD5y+ydzETOEolzvr7qka1eR9/ZRM07bvp5NH9hZW/IOhH8PXvxgSWAFZbQeKPwMvTPhGJMt9v5hUceSy33n9+1T2uSehFE0Tr95ZG4H1eGfyBnHFWhKj78H6eMQ7pHkt9rlU2K7N7MVLxQL9BMGdaHfDFcJmSoy2TqnBM3T1ec35XFNXyoh8IlUOTiqUK8wnqi58p9uiNCHOxopxdiuEkNCxv8L8jPZFU6Hud6lQ8Q4/wqa431AlN6qPev/92UJzUZpx9X13Uebv4nmqG07C2h5Na7o4setYxU6a6bfEqJOvQSsY862r8oAFe+obIsxW4oIkB1kDxVFv9E2Zn4nsuSbD5/x/MvNc8VqyFAKqnRM2OAAD5POTQKRq/S6uiNxm2ID1xn5422eMyIe8FcRPzbFOEegnf+SxA9j7dE3uD6rgD+biGNgu7gpss551EWsIFHFG0E/tJ/+f/aYy8LNskfaOcgpasfHwbHKL/wyIK4R0f+Z4ipYs0o8ZA+IuFD9h2kP7gpywCOy6cqwzQlPc6j2pQOlSk0Oy31crM4YSzawtz7icgQhQ2dx8HS19kmGmNNfFQhvD+yh/Qfgrpu8nSCaoacczg+7rRbfG3x3wGW1u5sciSu83D0EiE9Z1EtolsW7bQCkxKEgno3AyWf3l6qbQJEAIjgIQA30x34teHmI88x8/ufPSO+JVDV7ugZ2z+0fOFQOt6aEF+oSSFJR+uGkpiEBqpg1Cvxk6lNzDhUgDGVoOCAAR4X5kyPLmnh21S+w6bvwNzh1SHaa4Wj9fdzMj3GoFEEd1iMnpX5cUXwzrO+1Yvc5ofnLC0XwbI3gZ1WFFc3uKDSicb10nGFQYNYcUoH686T1XPy7jhIIZ5AFYWzFM6meK8ctELTFpgQ1NI0uhIh8MAo7XHswWiXd4OkIAiGG/tnoYad8RKXJLE+yVCrPRXkpHTyjEfmCVf4Hf3hFMUNux96SElSDQwj37prCi8t5uFwjyykMlUpq1ESXw+/tFpyp4fbKEl0OwCxWrgOsVQPoD9MMWd4hkDwghaihbDJbVIOKykWMqh/YBePptyDx+L8itwV4aa6XasKKGCzAu05EcpTe4eZiPg7J5pKWgJ17x0dChUTtm84XO/6Mp9YP5sA94V7NyzOuyJ+cz9j089qE6YL1K8RuF1p98KDQKzJgNO+ZdCKewvCvyZwPDg+zgTHa6IGJTbs73lG4UFApLUU3qyh9uQTF1QGQcU14/NaspD26gCe0i3aiziVy4miCQ0qdLy/74eSylz6xUP+vZIpQaQo4iwYq8Qh3IcXRu07ovtOshcJt5iwUNJuiBlYx8OTEa44wLmM6VTW5g005sgJ2oFOLAPrWx/SNY8Z2+4eDuPvCKLybNCUxkV2TSk+L9DPg4jz1psYPAYnKCzWjxCxh7TXSjTYmBoTsio/9OKolvejEy+mAoA1Z6/29qYu0GBo6EmrtxAjTkRxDS+axzY6vKdnMPAeQMZIjJMiRq5actRjslj5BCky18sihU6cFPAWrq4byUQ0OP4+o3J06WQWbrf/LgWmb//9t6iDunf4qYEwI7hTh5xZe+c+EXGDwFaYJRnNqyyqAtwK9NiRyQXnOXnpfsp55dsr9zNg9q7qoH6EZWvySVMlsu1kZ4R97P27jyOGbOECwVWRwUweXHOOU7yaZ+LGMVpof3qm3xtkx+j5z/JIRN90uR0Krb84HZlaXRtcbD81JR8NhgJSyv3BJMgCEBP8KZf8HVygrowav07tXZqYe5jpJZHM+i5H1MWm4OYjq9ipxUVpdso+IlmgHc+HXvQCz3/PNFbYOJqLpQHhkQEsmqX0uLBzlvDHME+QCSMJR83+wpwjRC/kBIbPOyyWZjWzfmEoTUk1+mREfgQpKvPJreB/BhOvPVw/dwksDa4FS1/BQ+zgvFg2TtEdu6AiScG7SicqaRWqcAoZkKA1kuOm1yOVgMAPRLRUJHJns86tCYrJTZMNEZpoWepTMIZYsvqseNk48aIQMr3I+U3PsEx7mwjzpVg52V2ngxWLme7k0f4xxyN+plpenv0h8OgU0L4zEzHaVHOgu79akO4ryetJLLQC7zc8bDRkNeJbzR4MNK1mOMPdCDR8gCeLpggHBdo/fWiZxqyPO7lrKQh0wNPC1BCFTJwY6rfScAJNlKxeUfQ5YRYO0BlBQ6+UamazqzJrcf5/PSTghqAghQq6ji+5qMTEKoB5Vy1D3yr2ctcy1WP6fIjluE9YRpLbrf74GhNSUYkrcm803hdP2nhWKHOd67sqxJNREwHWZ/KevJB7qcSuS+hI8cyDqHGVQsXfe/6mGnJ/uD6x8nUAqRO3wh4pQ/fbyX0KHlEEJOMYoh7HMvAeyhN46STdlydi1JJMjsyMdDWqysWfgZAAAPn60gDqgAAAA6AAAE6YvI2PtyrlA1M1slHU7tXKkb/6+4r16+NRK7TJrACtBv5LL4qk6m5SpE8MegQIFx2C5D6d31ehYKN1OJy++Bdm5wtp0LqDtxmg6jZXCzKW7NEKWkHVDgrYY3qY9ey3SOBK1OEJgDKgqo/qbaBkOY9qZI7Dffes2lTvydDcSf4ouQ+env8VTg4YlttLwhwNGn7c6n5q3z78FOZ7OEB5JEm0WDDkZtJjmxtwWqfqqJdvfSuyR4doc4c01ETH7b1RSGdIg4MJz2CygULuZMyNk+iUj5iSm3ciybLmH+81leZvwrdelGH6o2867SpU/4VfUoZZYZxt238Kn66GkpH+D9/ixDkJwliEUCVNub/e1EgVLSonwxWT4M/JHKkZajJ9Fgmi+F4ApUlslTFEXkb24hwzLa+SH3YZ+9pAEiiV6mNjSNicUY22sFLgB0MCwGRcPKCRirT5V08gxpY91lZ9o5L6H6d9znem/abQc2SSYULq5Dq6AGBDq9Sjo4bBj7iQsSL3zTRR9EvnYXtp07CKX2zEFf9rpXOHOp2OtaMShP84ZLntyXkOKSgNZo+KdfjuDU2DgICnFfx7JXwXEgHxZpM+5qVHGQoecNr24yPYjT2ekvpK+k+5adLEYwV4jyA/ZeI3O6vE3heNpU94Rb+YAw0fMtjAalAV+CcS1uPn5tYqzDRa18Wd/0vEF/ScHqnYmr/tHV5QAVg8S8tcCuuTuD5EFAYiqIxFvTXwrRJyRCcUZSPT6fX/y86Px/aP8ssxloWAYH+O6/40r7/AsBctGVdntU280gFibGjJ0RCb1APq/hu6lOHavRXvGcQHFi2uKur9Z+PLVIzYOGF0TvsGbZzVRKUl7KXFoS56boNzDJEXBUSp43PUqIcgj2aJ0/REygUv0bd9jUTi2JCi5v3wahMFpsbPLxgNEkZp0XEN/AyRtxkdtxsZJbPjSEWxnNYdVFsTaZiuoZ+1KfjGr6IT5eLnFQlA9tQ8qP4rcoGuLlWSQqzhrDZKjJlX/9IE3kMLflYVJrl78ruFdf6C4VbJrFKmN5+dTHtF6UMsoojeVz9grPUzJstuug5uLYrzvINlgYbx4hDiZYf7Hl2jxt1B12K4IS+KIXkLh/yRdVjx56YECIateLh9WrT3/aFxSjkVlwChVcp9MMX4IJhuBPSmhQdyGMeV6Qz0ZqWrXPgsJvl7bc/V7PJ9jzYdVQYrOSgHsFaeQDOzTDm7Ba+4CAV9CBizV8puFLPuOt94n55KwixYgmTaAcFG0eMA0QlDotfyoLMYLi8gJPdaUYvGE4NwFrsY9rcaxVjDad7gKxnUQAzIYKqeQsSVEo5a3fKlfhmueGd9gZcFUym2FsfZVRQd0xLEcyBuz+VLgA97kzfai2y0qUSb5diOrI/dZY7NtXm9FFPhnIkmD27dIXVRY6v1Ta9x4EFoLvlrjP1cioS5IhS1UUCP5Ey+1InadLJS3rRRu8MmvDpc2JSJhEQPyHReeOBhgLS011+UXSGi/WhegltnbNSQR+1H5Moy3TAu+7UM555hCBctx+7TN4wJL6pgyBh+F9wrz9rhCFULCl5CUByIo7CL25nxQpjt4WCwths4Jyafr1Eyn42qSP9EPIqgm1X4iYfQCBRabYHAHyCMBGWusRaGm7MNiR7Gud56nU/RQtGxdbeGJ/S3fwm5EcLFrUYjNTA/8o95jM2prBebo3AmNRFUExNDW0a55JyffqQJVdpgvZ7TvJJM4JsJPYt3VYRQ0KFDZeleJG4QknsGtC0kCcCtYRW4Ug7Qg25FV/75XlDsoLN8u9Tpx+XdbiYx8BhR6OOv3GhtjsxGNYNKu4Hx+cfLPX3/m2CsT/wWhkunuiOEmRmdtlspjcj0OLeKSRP/yoNvHdovZyohy/xl8DQU2nTHFDvgX9BNhDJNOBq9DAbKyDD7xrCh+RPKGhwKfcPvvksjMDPb9VHJUwYfldivJlsPX7dP+uBVg9mShZM0i7MEkeMRqUGD7ZRo82mzL4yOLm9c4s2XIu9nwJALhs6zJAGxKCGrmNylUvWxGdFuBZlShsf3kJ1x2rTrNaFffvCdl5PsJSr+SgmDPC9sFumBWq0pDMXK1hqV+3aGATNxeDqw+uixxkKVE6lygEdyJlO89bIdObyfrO1FKsvhfcyP7U7VGDuGg4dtnLovgSrGlliPEzOTjZdiFLE/F4v0WNb+mXh5j00MQg9AJ/xhIJEFMkehfPTg7UENVx+mFYWZZYAhQy3BOYbSfnzm9cJYRJVO/UHphqW1xL1D2GpMBAAYBYrkUITbKtjsoRK23/YQwLCEWsNGP4SOnQMUYPl05tHdoLBc+zOaj3m+0tFDkb36XTCEl0kcd+3yiqXpuMfe5wKEQf7ufJuTS0pByMzu3dWuTimZ6NcC5ItUtBhD2YoAnl8Fs98yZ92rN2fhOPRnWjzE+A48LkNBswJy0LG0d7lEFIAGnq+aTHl0sICs2Om2IDSIm8rBlFKhzIA/JLyIBGQPGeQs8yvluLnp7sXfuJyUvarikwI27RehrfzV+E54AM7U03euBqgbSgASdQHRJrKFDkW85BMfJfHOxNSReAh1XbhdJ2vmn8Rj/1vahXL5Fpc7svY4W1vP4580MIkzxMoNIeEItZxvohl44oJz57iR04Ob0TOjGZQ+e/aK4B/FUShjXv/T8AkXf+1KDv9c7Bem4S+B1NaoTR+NIKf3NxRG7mVBWNAMkW5K+KefgTHzGRWnQgLJ2YGR3xkgt5zsEcHrJKLzaW7P/MsxFSKVF7o6f3Q3MExpHa/JbQ46Bcy+ZDUJrbmqABicDxvXtaA8QYV1SrTl9e5jK0pdnSTcutZ+sSMR1eqj8Xstqwxa8XhoqSmUadJ9hHduDVh42Oowhbtv3n5IRBMvxEXiIDmvFwoGfi1EOV74HS8CilDuqFb2O+s/vaImCAfk9uY13YoB6Oap1slafJAeavCPvhD1X9n2b4XKuoVNwRdqb/+YMY9DeaFK7pFpKCiV739+/4bnHhd5oYt7bLZOdJ0GxjYz7YC7PgzIlO3XDCrK6n07ih+R3UBEfddzQ4Os/y2/YmC/bihegXvfNQGwQ4z2oaAGsrpWiRgRA7iegTNLuLokKjsnADPB5LIZZIfTGqWS5mucbpEjc2AZINIx4iR7jLT6u4f48W3uzSf0QuNncIZRkaqq/o0CLq5/woFImNeB9prfh1zKRdbJ+BWlYL73infrcyB9+AbCkIuXFdRQBNi/+zpVJ1Vc07gkTKEr7rx98Rzt/O0Q/LjeLXtjC2o/NsJy2QCURD1jcmch30RM5BwnT4JLSxX7si4RrJj0eL4FLOXxBOteom5hN9eVlTRKAu8TdxYl2eYwk6629Ya6ObCJRaa+hCV9rG8qxcS8J1e6LBa9j/mqCz9Sa2d4o7Fyl5gghd+a8vV7wiPmRntZqbfUCEAJ2jZvWPS2Oih8tULczTJ4a5DAt8hRW3MN4nohZRXjSAjD7ScO7aofkooTqExjNBObXSOZaHAXxLCgIMx+wR1ZdySPBdiCE8DKojucC1TJuXVVOM9FknQc0bTJjPAKZwBhtECz8ODE5NywmNI18iRH8y1xJOik0tmtgH9l1yrGsDjAR3Mv/WCQWr4/dWYyP4tlNQQyWZPe60g/xrcmjvbtd2oTDS4cpckzWsFT49oOVs0HE16z5ppBEJTot+Tce6lZbFT1wu57Rc2Msb8H8A43UGJcOk51+jZB+nOpz/sSzGWfDbsxoXBFqdwXgqBlxVTGqfGBrgoBooGDFuIm0G3W0MUlOrpRRTVqG6yOAHW0hHZqNB6QM8LC/aaWQ+0neYIgtSKfGrhepaw+uwMa78C2dijkKgZXSKeyJiGzU2IDC5YKhCcUBTZRmw93mlvRut0/vSzIzz5McN9oNFdSYuSyZkxOnGjw9voSgxHw+tpEXKgyvyXYkmc5U0TeYksYiTGubE1w+HTLoRV9WT4XJvwMc0M2MBAnqqz1HK336uTD5omstobgD6tQkmWlGqkd6x6PsNEk8j0+iyHClAvsrI8Ep5U5sgqO1gESZoopeIt/DweIZ84vcGXb+Jj1lwTZWVZ5OspIhV/FIxt5FM6ssrXZZf1/II0U4g5+BiknTHa7CQ6OqXFXRPrxkltbDUB+WYRUSFzKKVCr3UljhXWpqDSfvszUTpiBxaj6rJ+V3IWPq10Re1BSbfsfbmS99ct3xM0Cj7SN07Sr1fhocB+fe+iT9fFHkWDREAsAmMtNG4fIrWM6HatBEZoQjwnZRfPdroM4ZGV/3MWt+q+sL59CeNPfvnL2Z56i2bDEm4OYgN8INyPqlVf4zCiyK1UtKsaJvrxTJG2MixoptZcplw86YvCWedAawJOwGZS5mn8h0q1OPl+z4AxrIMd74XrnDC6IuKPB7PBtOBcdkdmoOHPGNwnFRARR96IOl5xBpAwDtB8lmT+eG9stv5ttZ7a71SyEUVsPRwfhMsjlXGtS5UwdkMw5FXgicDJXEIU84srUuIOkQx7DALPJjHtvL3Ri0RuNz2Mk/d/z4IzGcdRTZtj/cv9Zcq3xq1SjkrijjRu9Swdoutmw0jtHMhM9kxJfIbgNfAnHzpAlpbgb1TF4U1hm36mtRHpJSeV0SdIEqRoj/RvXggPSq3IdFFV9NSiz+ICK+a+PExMO4kZUUnf3w45nVSlDRHJeyKRGqE312UYaZAzZ7deccQw85ItcvZdvMrRXR4aZO3eX9a5D4xcSNGGg6sYIW2SaCDrUyapKCLdqhhQiEcbriVXpHbPe/HIJY4hQjsxA+/gS0V/3sqZSYx7YvGD8+l375+5wzqusxy8UhA1gVZVjKRCMYSqsZp2RYRpeaXrilakHBF9s/CT3Ro4J+jEE5450iYbcH//HJkksln/+r+dZ/E8xnxcWI5P7eUBr+nJqDLhTOmFudq2RrpimWdDtdTad4ZqRL8A7iT3+8C+dvO/NEYX740uDwuTpUCseJT7bRxI5WHKVQ8K5VfAXSxQ+LMiIUS/fIhpIYIy1OGDTKmABA7HqoAAAAAAAZIAU/4xtAENJ82JUVOQ90ECuAtNGYn6Bp6pE+3n6Y0t3ihS+QVVUSThGzawaQ2Ta1QY+mw/dMtH821a1dBMlcsZkiIcwlTNTGvAH8O4GlMzMShWTp9mESkk5MY0yAfSD3ZKtndcG2JItGvd3hnOgOJnt4d2L1K/+jDv57zULS3E/zUxqBO3FELK+6pqX1larnlbUjQAGktDJwuSAH5b3SA9q+ale66xcmu54hPNMQ9ieEm7mjKdTh796m93BNQ1OGoTH1fyBJTdWK6RiFu5+QiwkX69wYqRYpJelknWrTAnfB7vw3XgGZCXOggpvBAuP/snjRIJbNKsuDAScLC63RARkTejaW/JP6BeveiFZqLYde6UNDb46KRGsDnVwZ/gnAUAnvDMH1j5B4XvTQIGE3savSbLPE2xZXohnWUzVPfXVUUzOHMxaV1pIe6yYgqEzeP/7Fv5XUCrFxXLjRfMNOQVU5YiyDGPYV5TxPuitLDMZj8vyZmhHkYMgIpqmLfMpdXAU2+ZD3A/5h3csfUTYFJdtruO9CTsqs9iGCADo3TW1uxn2UdmhrxP9vwkoer3iWKPgDmi5559nq8wqoVmE69tJqZFs++/LB8Ncc99fc0BWHKMsOUCTc1CKdapRG2m2ln6N7iRtRjR8nVdG3kRu3ln9/GHrmK+XkcDrf4G3ZMblSdU2vYh7xYjN8sjCycWLajTaUzkRZja0ewwItGVwH/w9U0x2zjOP/n5e8eQM3JZ6ZFX3maROvo5yXIFdL3wwRGOecRqny0qKfGU0VcpgBdXfgUqvNYkbrjbF1l5d5LfysDzS8ervLaML82+LAVkK86EMioftkmY82zZOeMqAeCvGCJZ1sjHIPbHnehAx1y7izWOWL8nUz/cgD8GUW5toEOWjvC5Gq0lysQkmBok5YSV9AL1Edm/P6KYHFrqjzvZco7tc4Wtm+/m7akMLpI4GIJOeSZ8hr7SnQm8/K/nAy9iheaGjJvOeuEjmfAupYrogQGgtvc4BNV0ckxl5ywFR0GtOvbJstEIW81eJCZC0mSkXizr+G2iDfrZrnV/i0KaV7Hau8XRptyC8EcrWlUcpC9GTEMF31c94StG4HkyjO/MX0dfiLYHryptein82HpjWD/zgPA5RKHYkYGSD+9T8A9kg5ou7KJe6P6J7ThqGrOdBBkV3IjQLntyubHpbmAKItVsiOhcziQoz0x4YoMPZzDZyKhOszVed1pQXC5ibGG9qY+E4OlQnfnq+saF5Zxb4PNgN6d2VAoXcvn4To8MgAwzDk9ykC3yDA+nwmQ84V5OE67yCs7DEVbhohssjySQfpIUsl0cMCkoqHDnLPxdtE2aTUg9sqS3ak+oJtx3Z7QTKck7kPLBGxLgksXlBjxqnAAopn1EXg1Fjxp2aTTynNxTQbYaWZusquF9Oio8DpuBlzzHlS7wamLFuKRN0UtOtOlgwax+zjzmT+0IGFU4nyGDvs4HuHehoyp9oBJUhQbrsngq0IakH6WipqieS3y5eAib5NmsmmcfMg0djNBJd1iCnBbxM3ZG33e0T/+ZQNyo+LxPoEuEvsy7pmYHhWKSGi8/IXnYOeoGEkMOf/RJ33WdsDicuSaAy0Vk2pxi5Qs8TeqtxdxEGlVYCtS8z9jldP+n+4WSWNRXHDT8LFK+IlOSir3vX4HZz9Txk+yGMSXzA6a/gC/Au0UNqiZwQUBv2T2ZTq5Oguko+1P80hhaiSl1kcR4zGfBZJ2EUNzhmZhLCPmfgSniwxItSxxunoy/UKW1XjJFnm6fznHMOhoWtSwx3OJ+KJgWuw1zPTr/aiOEBArOuzXWZOmYTIYkTSGCiJDB/sRPeSkNglwXuGqK8rS/jKLW5BB0P5ATIuZi9JKS0nmSzmpTKaixPLmBlOTVftOJdxJHm1Ebpf+vqKuIw18iF2xfRQiPN1PJpOejF5lYjfSpjsS7g/Ng4jrd6ivu5fk4ZCwfe/vkLQ+SLFOKMkCT67aktUypZoEdvovH8Q0yhfhj3u+mnShuustOaYVMkAXqml0KQaWfXNIEGUTKek/Y+MdujDHjapa1rhYXI2g/TVMnvWcp7HRp086m7KGBbZUjkkovYi27fGpJtFSPMYkfx7qrjh/HRZe7fbre+/rBQFdTeVLKkVrs82C5Bvu5ob0YRkxs+1oYquLmtl9ep6uRf/1KeNl4z8yGM7a8R/ircIw+3Qj/h46BF8KQG8Jc8741gEW5qmUFvAvJee2dGCzOU7RaVkdGDgcMy2OB4EOU42zCbvhkt1rGh0x4BX2ExULoqBOEkkz4cl+Mli1eoxdM42FBTSi2b2WRWtp/IsBcnErgR21UZ4p+H2lQ38lVnGfL94tieE7WzNDXaJLCCqo2EwKFM/SefXawCeL0D0X5q5DZWDNVLKKWo2WPyh0B/o4+bxlB6FvN8MqwR2LiS1U4rKPoZlbHqh0os8pabeVt0bFQzqeMCX3rMx9LhqFlpDQGGvypZohgDNa99T/m50SbrbBpcHoTzB3Ntu1Hxu5/YcwvRDoR1vw8Rcu8TKIC1F7+2fKj4KaumrufB9oo6E8N9XdAEP8NG09ptb54iOkWlKVl1dCHQqsKjnk6eauNJF0GlvK0G9YilA/wRhjIjtanZXHXNVoNzl7VcDS4tFJNEaUVeuhC09xsshDY8GRlOIno1JoUNpR0uYuo+zQl6TCykB/P4pk73bCXeQzYoJYe2POIcC9jbCAFOJEMn5pPUWsH6bI0mtFPTRyLWmKMEJNnGcJ68T7Szv+CM0I46sEYEK9ajrjyQ2MrV1JNmIyaH6hd4MIpXu0LeTDlH95IVLcyRPCYOHnlZbWQLMsXxlgdoyaiK/YeXV2YxYhgLftVK7OZCvqAOP+cWTPiRIrq2lflCFGT4Y2hDUL4EvXHT33VDV6B+SAMvGzfbgkgVVtBXT1lmQCjCoqfHPbJUDAgdMqw445T53Tp0zHXls5pfHKl5YriSXqAfbgprUoeY1dXJjtzSUHP3+fT1BYqJ6Pjh+R05TEGln2jQyFeHGbO+MhRsaDEJqOmzL3Lv926x9wzKpHl99/AACqcw6sjwm38wpdDDtsiKY32U3npTvHojaYGum3cL3+D3+tvdMBKAgax/f7Z8RV+o5AQZtGyVy3cbdidCCAAs8j++tDQnn5USjTic8joTWZmeUPx9QGxlmDBr9+CAjtiwFNhK0116CL5hXNZmam7LaOBAFgfPtzwVLyDlq2/Fdui9+CpY8XlCJ3Q+If2Rmwto8y/ijD7qgPb4bNdytK8E7ncSO4sgjBsylDgVHL1kccBlyMp40ZxTo02s45Fwx/XhA1ajdLYuZKqr0a4/05jIHd0gm7tDrN4qT6VRpTGY0LTChthsxKbVikFZURcvBVo9f4Hd36vr5ZMYyIdJcxie/BXnI611wSTUMR/lP1SehhTHkdhLGQIAI4HKRmA6kiKEDsVQyASzMIK+5JqzisfKIo44P2AQRuQZSQYSbHsKZ6KEde1bpQOJjE96EO7kr4Jmy9uf1sAu4y0kloo+4JrnTWqOdLujQwNqch/Zjw+LCKp1TAiqCFzX7sSvHedlRV3EJg7dXQqGm2HcyQEl+8hkNLSEd0AePzPHUVIaQFzbmlfLqKMcCq+GDzsSMKIjJmt/VaZoxwMM3cx+udjjLUf3Ko5+h9Ej+08M5CaZVuNy987vldB9aUCXwg0dO0NAxHgDQnJYoNqDlDoHgrOqNMrs9zfV6l3wp3/GkwVWR4YVWBrxoJucd1e3IdOk4Rm45ccL+fnwyqytMjoYUsgj4LtHWRtXpV8UdbD9gGRiUM4qwnhyJGUWv1vP453tqxXgKcgvR3Zmf83H5b/W94Hn/ASx1EjHlHORvvW6TwgyDvl4YJBC1OH5SAp/1nqsEyapbQ8x+xeb8JvEJEx0jJKIjagTCQNTWBDFBnools7WvXLpcEApH/gnkMq1DdD4N4pNQZoxW/fPOOYzbWvxfKk+kqY3PzBrWT40N4XPXL8rTuTC/Q0L4UJ42HPCgZVBZVmXeni/fRZAu72bK/koSOxfXzMxDaxg60A1HPqUbFVV6HBb81+s5yLoNAyVNfWctOq2iuwR4l/CbPfDl7ZV2wCdnaFCKjAw5B5Cfjh4w+jRa5p0bPvf4MSYzN694qIoBzgMYAQLzv8lVBindrpfHwTyGMTAq8XvnsXQB5g7qHNgoX7zVo3++KDOssAMOWdNdRg5slVNnIkLJX6iGIxMAEfzv1tmTu+q29h0j6TdxObEde1nAriV0Fdh+GK68IieRtclrFEQPoDo5j9X2m+oPhb/6cSS4IFIDSucJK9eY0yhRqQNV2h9huZDeDEpu3DM5/xs9D+3HxKQoJS3DyGS+1NQhC2NV8WKGOlR22cHi9ShnLPfd2PKQzZNmhqKGK91idEuWlIzgbz7rxYjjTDOixQqOHrmnl9EtP83lDC5N461YgmX+4BlCaNmX34EIC9NUuAJHwmnzx84rINzuQKFpBBJ6/ljVFjwW0ovM80SOwloop6V6WBh5ssXVROYP0B5yQctteZVDFzfBhqahobzzIuOBMEBbyuEj3c2aTP+IsRYoMS+J1CcF9UD9XH1n7xgWddFBCO6EX0Kg8AAAAAJLwAkXYAFDsL3VAAPA8PbXZJATJZ1knMfS3BJvKe6jR15jn4ebyaJIqnYU8R9uLGo7erXwH6YV7NAv/PVGfJz+IMg2DIWEk+gxeh6SE0jBOWP34K5F6iMaXhRONJqFV4UNybNN8wg53jkc3yoU8xUNmajGSHKlbK4rd7Pkp+XgaXBjwrDQhVg2H4FWyaUulKK/fGjZt9Q5Dx2TO9ZfpI5REEkSlus0FGvIAodLEvutlrIBzkvxH6N/b0wm+ptnvgQghMi71b+y6uSsL8ZlAbVSjbYJHQ/FmBSxAkOuDd7vxzvh3MwMp9ET4mNedkSczBI35BRZp1M8+BwtO3l0HavOg2uuEFXM+44DygvA7I3GjNLy7V6Up5b4WsKg+BKEHw0N3BGoYMCw3la1w6Ex93z67/A/9t8QgoETVBh5eesi34ZMR5P64BEKbj3GYUxlCYIEPSFE7YKSGgzpL4V6HYqau2A6Os2E9v9vKmLOSCjVk/UZMh6UmjzD6OFDMNqOI/6HpsazD9+xPzU8s/YhjltZBOiT63eU/QBcrfEB6YmAwrwgUYqX5EKmAnq5WFm2aBqe7yx8/lS6en3hpxx2IKq599UwKWG1rZ4L9pFtRsN0CJxSqWlmumhgd9Nk8SQ3y7EEtFqTJSm82IWwj2LLd+5G9xLWsq8OApRLumWgNO5ojUAxb/n7GFuU4H1Tg5hqCDExoj1+N/Fasy11WGEY5zG9wISBTrDmWVjQgS/8eCChysXkj+kCnfRqJNy9PzVYHAWcPp/Bl/TOHKH/YLyGqIPfNkBxD/39CED+C5SlOxfuQa/OGLmelJTL/2G1li7WreK+kPyOb6Yv9O88aTkfRZP5i1de9PErxYVhFxQYMx7YAeInKZFS3dKtsxoiMzb+YVB+EOSRFTLmfCt1ZCjU5ZepCoevWTw/K4qxvWsGD1VfKCioE0/spm/r1sO4pMa2ucWTSZbgwQlcCP6FLtVcwqHncl9lxhGfpT9ZJnZeJ93hL7S1udwq3HeYw4ieChl/vZbLejgFkWkQxvQ+km82u5jxEoqgLIsFImL3Z/hhRj0+PTO3TUd/L4IUGhmnPj+TnF54ZSsH+cpGDCiyZ7G5dyfz/252HF9/kb4PgkrbA03TIDsC2bZ/ILE9Wtp7LE9lR/+9/pUeo475z3VTsGu4xIB9RoDn3L37s2fmgjhahs8BJD+qn8muAkuThNmcEwCqT2NMk125vdT/7T/MiqVnf0BuTQ1OmhE1d4twXg2snMWCSivj2YIaZzW2hVTGXSdQSAEIg6twJMTzJ1KZXG8AOutCrSD0ZZRHV1GcRHq0tT8MyjBwFk1wyS2Mxy4127cLMPSacrOmTj8HZMQ569AH4QZTkH4TcXohVGi7Y67LMxBmPMQa2BCayzvZeGTLdnzH0L3V7kmykdMb22MpjAHzqCm2ih/eHZdbQoSTQqmL30keHP2KNs7SOUc2Emm7tDXhSYnchtMS73KRWGA1MgK2KGXW4rN5JmKuA49jtW7N9aHA3m+vqh+hYd08WIW0bQL+ujlyCAnPJmYm5JmYlsp/K0cjCts8eObes2kKl6SrPukLvjDL54i8cC5lZyc0mdUZPKlYt7Xd1aH02EMNVYVmoVqLxXVrotZu7ZWJNK2dyYRvGUYrKLhPx2nfZhN6PueJwmhSCD0U1y1AcSvg5FkZuFAP9mn0zc0vm0LCVQTXf3r8Sj+q1pZYOOZcqlUZxy1123pBHP+GxKzW6yEaZDQChwwz2MRrh9mj7iMxPIYxgTDVTSrA+jB0hRU7VsflcVfGdni2jGAbzC0sqGc9p+9IsXxZ4uFKhlGs2Hrglw1qGrkTHreSMGLQRAajChIyxkdSoCUsg0ImiYUn3ahyXBiq0lfj292TZ9u3CWjAszB6m2gCbpGyVT+s/fijP5C7+Pa7W6Y0dYYGeeBXE76muRvXHwivKpDYOEiPsMsAOd0ACeiJGaly8MfZb4VgshypjTv9x8v1b7yfHiTgN2XMcOKKZkNobt9izPKG0ONJK5IpQa3lefys1/+HxgwzHSrIwe6/xjAxM+I9oGYUAsH6zQoEfc1xYerig54LzQs/QFZPWxoRqyQoXjmZMGM2YqmnxtGcmDZI2fsIeHcZyLOeRd4Qv5n57IadK1KRErEJe2BOc7hacyWh/GcRPEwduZIwehkL8xn3Goc77O1Pec2NO3CX3mcYExdxaVF+bwV+8DgJSNozBy/CEUe5FFWdMRlf2kaAwpk6ySDgFS+KVQHlkpubX62e4WmSyPA/5RYqNqz3gXLgbO3SdqnDLtnLH1nh543umBHrJ5YJpcFNsyvfLPbCzAI0GoOuRLwpzyq9D1wDShA1uYzfoaDWo0QWVXYUgB5JmWT/5lj6DRmbdkVnAeiP3rb224tKNIsroAgRtd7xDS4TRnUH089lCk/+d3/6YcOzCzaUVngYzFWuSjrOrdBVCScDaPHLUo/Zg6LlAPFoBDHNuS0APXYRiYK5DS2QHV8ZsB/xQEGu5HYe/xlu/RfAZ8Hl9KJfrl7h3LolYcE6R0qCOMSsAsdL/Ph3kxEXHDFY3AshTp5LAwOqKzoZgqV2IXgFuqGxBKkPWBLsIlttkh5so+ZJaM/oa4JwQORDuoqOiCIJ3PHKgyo37oaAnk/eZzX4MST8wwdu2xmkyduDNrZRHIDLSppPGK3mhOrNkr/Wy1ehEF4N51BcoXGH82FpXa3BeXaxQMncrxLGzBBZ2uzvu61w5wiS1zzQaBlt2EqmwqugypKSUtepmIw/44A/ON0LEFG9PrOBSLklt/p/FsOzBHyAfkDUK7e7YkQ5YNICDqRhTlzBmYsizVVRJ/4E/LfaEC03fQ4X427ge8CA3JT2YMEvqT4FtZ91XUv/bJUzWX2ll2Tf6wdH39wZBXJn1411E4wws3hMxrpOjjaKRqm3rUzFNGPutg1qqHGkbH68v9QEKyjd50UrBBowBaChaNxTJvlQDbXnRLF1zW8z4N39gCqj4l8zqeemQ4A6k7EPvPqmmCBxDneWto9vjeCqrbbLTqH9vMbRRbH/MoB8t55CkD9AMyuUsAJ5mFhpyL0L7OaBK411QEpur6bBiBtQE1kAislmv/jLkB20aYMziad/hM7o+dGHMc/6Y2ZbygC+1hMmfJXnifo0zsCTn4Q6oVgJt1Kki3k6+eTu1XsUYSqHSTzFuBBcdayZHhoSmNm+P3akXI2biAWsa4jATxykKB3a6H4TWsETmjWkooqd1oanS3Qehj7Au2bP4VAf43gEIf8wN0Uo8qXKjsljDp+d9Eahbx6nuKcsT54tbKpnxvc7fUUl0ziWZnoZMKRkQ6BAtfxIBlxIRHsoINnpzHvfJj45/wnQrcRTCUpCQC2vgrSer1IyC584CBJlnLv5+EO3/AsuwFqw5UNEGJZPYzWLSvFzwGS6v0BwgYZpyQtVfYzzMvd1Mls2pXF4CPg7B077CE/izcOREieJ1x+59erFKikZo8zZpyWYLA2lTm9UF2jKskGF+jk4eqRe/tSRgAyZHaKHqmnlW8LVEdJkmgBmLtx0SYt7FWqt7mLcLq1N2tRNw9B9nxKecJieh71OA7Sk4oO/qyQrjWApLK3GhbznE1dA3V7Vbp8Xn74c9UPYHhTXBEVtY34pulbjtyByZdJ4DYhshq+C+4GJnxcAeMcs/pSIZpWGGBij6usbj0zpjwGQTaIYillFTPnohl67uJqan6IhL/Nx5jS/P/Zm94tm7jL8QklZ7XNYvgOZhUfVa94XKtbuXTGDpgI8+BmwJm2WxsMwAmypvhOSQ/gRmHPutytPQkF/THJNFsLkNz4hpb7CIx/baChJI2HluINPjXo7QcCIvd727VG7hYCqWlBdDqNn1FVumnAxOh6ey02u8qpZtAEHOuJlhVtu8I8jgfMsmwI01b9ioDQQkY/9qyu8H9P7lAU96YJ0DJaTlzlghxTQbzWQ5HJcS10ndu1kx6Rx4wLOLAmKePYlPO8xvfvkEi54xxrwCqFPOYWddd05lalY6ihMfGToYrEXmtUKZLyOjqu7tftHfC3MDidHRF8Gtt767Ohoa1VysGTwPCEZDDlxq3aAckgDlbAsNaSfUgiydFgGPzkXeAWc3MQ+WDIjkyLmCEYJt4gHBY7lLmwK1mnxJGKBQlaosk/Qf3yyVjVS25fQMonvLsaOYGgWw9Mf1v8JLE3jJZrkrM1pi9Zg9GUtl1WN6XhvPZUL3IBsVCIx18lo23Ygab3vDvNZKg3AwJLirlGzDq/RU5lEIyWYRHV0ByHruRQeGCKE6+Bzbs7q1Rv/goxMKiGn18RK4RSNKaS42D/7TSZ87lgzkMGlbUn32rJT8DEP+OUh5GcZ4a5mgDKBD6Nmc+S+y6cnT7fyGM1vdgOusjLfF8va4AwrnGpQCE2+sqkIpT1LHN27BsE1O36LniA3lxjiAmEAE1U6jy8XTCLVWJmZha2aL787q8OQoSw5kb8rhaQc/2wY+xI5OvBH5LPgchlBuNxH9+s3M4A9wQuuyG1/IOsb1e9E7eOn5A/MzpK7nJzfBz+5KLSuuCztMh6AyZOd9A5JLnpo6KK6CygyJAI6TXvJdVjX3TkZcwKNGVgGktnyCeviKKzZg2XRrQq2JE3qyl60fZLKau8L145CPAY8oEgkIeitJK74F8ydulth4XDquckmGCsC0de/paxVzkHwlcRSSD/WkXiZHiMUfyza3cUSVIyUkimfYGB3MDglssIIhnnP6UxLhg7jPXln8CL9TQEYxFKkq78bKUOLpCmqnqM2+fvX+xk21Z81Q/M5LzymJhEK5TioapSZ+96HHZDGQJizGukT6I3vlZtx8WypHgnV8x0qNHe+hi9iYFpcNcsTu3XP4ciE9jAAszagu0QlDAm9Zgn/4AAAAAAAAAHzYoS03MvaCgWzgRVOdMfDABtMUhQ5ui7WIhehZpaYuYzSUgHOeylWpclPAwiSdrZ9TRWhTN09NvdKRqwocbYP8t93UwV420eGd0H2WV6Ku++gWH2YwpofKuwYZDe673bJxePh4Ijb6PvFWkYxEhIuZOd5QSW/m3vfsmMEr/EtyQwpHhcAGLtN/len4QSUg76BcDZ7sT+xNCLxB5wUgu/WQmrQY9gyDGDjbtpNHFMZGczrw2xJsyqGT9dc6kaS3weomsEYAAFzUYSFt92DaN95qUjPpJepBDtMsJmZzzZkp7u+SuPB4tFkto2vxgtiovvimVtuUcTZCTHqU34kXRnUS56IpU/7JMQsaQgWDblWXmzIRTT4Qypd8UyFlILZ+3T9wV7GIfcuY9uu8QEog90T+kKB51glPrTCEvpaYHjL6qpSAf5niJd4OScuIQL+jOoGABXxdoX3mr94XxZnPeX/R8UOsp19sUGmjafsyhTdIFPOoIpFqGT5sW1/ocTC889lSGG0AATv48Rdg2orBC4qRwP6hEZa2LcL45M3TK63ESHe81dZZPf1C9ixLW1yFDK6cc1Jt5WKdO6s9Ab++QTf5EiWimAMOB9UzzvDotBsKTRQwjUoGt1HWFsADLJ6I1o3XNPI8kcqFNDWu5ob0/YR6mOLH91fiflaUzwtkdEXfKFWNkVGq+r+2HQvQPSIaPRkGI22TAcVCHV4PtG5HG3Pcgg9Y2e5CqRlFlVx5OI4tDGimzjQymFNcSE4JUdaPyz2ZmQ8+TeseVTz2cnzYMBRKUrgZ+wFiBpkd/bpvzgj1vgH2KjQv+PNGUuunmZNdrIwLA27pqEZe3kyWRNMl73x0+9CJlgcN1ouFsmA3AH6+zreSl/Nf6j2PKCfXbAMYfc5PjOT4F9agL2EPZp0X8DtsUXt5QTEJXqMctCxGrAQHgl2UKYhx5b/SBIsCrI5UP9Qfmgllgu9paUUb5EtCZxteXzwvayFFsM2TYFJruzPRc8pT75QiGdhAuk3tjT8IyV97hqUiPdiV0xxc75rRS8eeFQ2b9RuFxJCNWE2yUPbwvOkKxG9rVsY/c2VPvr4nZddrPrAWf1K4zVqYYjhYCOv9D+LIrQP38we9ZUDSUt2u1gMxeDbLQJj7c8YoRoK+VM+gMVVQiyPKz+KDMje/4w3P026X+F1vcRJ/n4nXkSfqUladOWp4U8ZEUIP9+NSjwdan3QeJ4kQB2dkiaFXDJcmvw4BpGB2I4Lo0Es2hF87MxytYR08oZsVi1H/b8d2R1WOVZo7XXPfTBJWqf5oKySzpBEGpQ6AhU7gNCpVzztd9+eNLwA7sTLDsDVHe3aa6rNxSoPWOe0GqMn7nH55gGUNw6KYXkYLueN5W3LMsC4OlFEC0l2+zcTY+P2X/qVVcmG4wZz33pHzdU0XHko1wIPDGW2he/QjQqaefU55+rRlTyHpU+ellHtwkO31R+Nz/A+mmMwIINwZfAJR2rGUtDEE0QePh2S+ged/yxqjH7Q820Cgz2QVq5KfUa/8sYc87tGUkzWSzGDDodjdyyPFGOAvOs0PszvZ/t/Xohh0su9ZzIA25T2t103TxL30P4beybkeztzztojhfOm9BcPw871Xy7dQVPOK42jff95m9XjuAKKlyQaE9jXycPdV5FMVM0Bu2kpvHcB7Omfp8h/sRff5p8vrJV0W4ET53p2mRVKqfZ/sqcOCPGoSrUX9Gxn+Gd7QXap1uNBxusvM766fx6GcXQI1s6MBx9zcQ8gwt1FLmHQ56gOwRyvFJEQCBg16MzJbC1wmzxJs6NE6W/0WSMs5bLy+qOjJkEHJXcYZyghJkgFmqNYWnIDXEQNg6MqR3ePQjD9gUY5zeiEooJi4kjn3icWuLu2xQqNq0FwD81S5ccjgRBjC/6mXdmWG3L1sDPPp+s0Xf4SP1auEazHSwiouCJQ+4lmKbr37aQUjJMYKg+VcZBwDcjYeZqAiHE8/Dz8cbi5NiT4LXEzlUfP6/Erg9i9XxRaOPEIRbS/iSNgq732ztKWBWpf3qcYj+yBNaXAcb3DUqUAE7lFvU3nXsrHiDMymfkpbKOe2kuB+d7fg7fPejiV9qJtMUylB5b/ea/bhyWgvA/p7igsDtGD/9KDVGgLEh9iIgU9Mprlw8+8vvZen17ak4/rgX1liq+hBgkr7VVF62L0lgxgIqIMW6QmfOkQqPpI14AArY/0hTBsVml+SMxTDz3BIVkFNwCDi+FKlnTmTIREi8Zu00btD+QRSwjm/4/mpE3O9SneBjz4GVyUoqTcUyBt454M/0XjRPQ/K88IGOFAV356pSk2YE2/Pn1PhhmrtHfkEuHalQUnck7fd+gRZHJURytM4CMJdQnvPNGEcmLfVvcCaQFzt1HLypaSWiVHjSl/M/gt0dh6zHl/RwcEuz4wBecO4vkzUyqhGfGiFaQuxlCi3V145t06TkaW4hPChlSsKssNnv+PHsuTnQzE7mO2XldUahLKGt7yA4RHMzIsYM3ljbk9kJoBe5LHvQIudgPK/s3Y1tnelT+5beheVYSCGIwrwjAdxWexw5BtmmdSuRwtLE3MTFwP+B8JZ1hvQAtD9OVhdQDovVkhM+rH2N9SaBjhf/zhX3QzHM56AOGRis7GFljz+YyckUm/OYthNCCiB8IlX7fleMqZUp8tmzHC55s6hO8BDAaePLlXJjrvj0T7b+/GRIcQhU4NPhsT9R5S3irwib7WTERirwFtgYMG0zwJ7t1F4HPdImqj8TnurlrelsH3/b2TN/QbQg1QTEbEu7TrAUcx55W81hf6751PpajvdDWvhqv25qCuZ/cLJgaJX/u1cYWsRSsnGC9KxRRe1QSJdev4O+/mUt8V0QeM3fD4gX7B92m4ES/b0sVIM5NECoGLSn99dG9IhuBn8efBjMQvbmhW+k2xdufGDuWaheM/y85gD03B2ntKe7muvroJzBp5L68iMd9tLXLT1fxlLE9HDB0UkVRve/KfUW3zEX5ZmQUPPruRr4CG72ZTcooTNjwTdlJUnOUhsurFSJoAkU7VF3qr+PTXtVgySdx/Q7cxEaJTV2H/JTZQxEWAXEv+95LbzUJaarDGfyqeEo4/SAlvWtQZnD/3NtVCM+nN+lJx9lVwMO7g2/v0/vN/CpB4XNVNOYV366E+fY78YMxm1QQkFPByFbQMBkKkrxOIvzdN3FxZOFf9tn8iTJAYIKdSHsJ1sojbTbxx2aF9RYHerpIIBMyXuKypVwuOrJqc1Qh1N1JdwfkZeXnnjwX8XRvJ26in5PzpEKOUbyrLWsGTTn572Kz5bMV7yhDLwUvBQg9LcRGpO2/G0i2iQ8yknWm+kQfvcJKhmCEiqrkzY0XmDsqMQJaB45P1HTJ+xEFvX0fA6gAzkG37ufD1RP47x0dnYtrpsAcy4xnRce4baQ7NNH6PMbiKHRB4zP8jhhJc5JO+qxYdgK81pCCQUxOly2EufmGLqMS/1NTaGgvaokxLjYM8CBV2DWmYHaHIcvtFmbwi/LZyUIlIf2Aw/AFM+w04qFgFSRPWUCzvhDanf9JsuqptFEDMzTU9oD1m4D6tKgzmakL1qHlQjwI5GRpSKy1gbsV7M2CypTtorRwk9VufxEHsyJqPBMnYFLPQM2s6XFdr8mOWsCVimV1cpGKhGHgTMzkSX17yGW0HKyUoIovWyxfHySG6kGa1ego5CnphdLMNoHnZI5i1QwNeA0IpGn8RC/UsiJw/aHB7Q7Z7+39Xvc3/r+ZYnuF6aR8c+0b1dmmgUpt5LZu3vNDPtDUAswHpv9LkPTdRZeUPTUucFnynUESZIFLXYX1fmX0nGnG6BYzcmOUDBaiomEn0KTK/3pZlop95kFAjqSGYa/9ofy3o8pWiIPGoxCE2L3+rGnl3npTKGNcIc8m4gzU+30UwW79sQ7OHy4Wlu5GRLTES3pTkHCixihoxhNDYUOivG/yIHrpAvZGejHDKopEAG1x0nz6lmJUl0QLJMiTmEvwsGZYm/ZYeDlgwSL7CbWCjrshgCjh9kOxYFDn/zOB6c3uwjravySvJYF3r6XwMyGEkFs6YUvj0fKaozzBUHzPtEzcXy6rkxqEVYwMHMeQEjFFW6QcbIdhHoa9XxeN/3kMcoPdGPtXnWKiE/3qxmEseoq8BmdzKgkF2hkcx3C4t7kq2MB2YBUd7yqKY5euRY2gg2ZZhnxipSg2wkfxlmDlInf/oT6wGpakfIZKWQdbqmr0WXE2iyGTFP81Y3QIdx1l7qGD5hXeXEWTdu0CU1digLRZPRzYkAlQ1sVW31IBQGIG2nD3F/xR+P09GNQnjG9fG7lc19xyVYsHKzy0aG4Gw6barcSw1SumQs0A2oYaHgLd2eJoqZ6rMaHF/ynv/YfQY3jS2OytBUOAt6NWJSX3qGYtHQcpiWouuq4088VCblGZ3v7S9dGHszE8dqJf9qibMzN/iUrnGMuJVHN8PkOzQQcT2zdjqeLxLYd/KWoM8mwXPMpGKMpl6khejIvZhlChH09vi3bfZAz3ouedsbG6pmqiK7ZsVGhx+c41213IFlc0p/3mC3IGhKyTrgXBq3TaiKpaL569vuC28S/BbqNCWjdaWmUynNoXa53xEEECdtPb+rejP1UzaKbvzEVXkuJ2MHim+Wel94IwnI54G30bO67ldenZ2BQ9PA0p6V1jiLYzL9Yp3C0cIU7KOYuKs0RabeC6HsbBWuV2iQjb6xKIaRZm2XXx0pM3jkm3aONbsJrvqk44lcfqSuFThlK04bTgCnyseYlwCiJl2DEKB/QaA/MDe+8+8hSUtWWF9mg4ensX7FfSMnkuCi5awLKfgvAJvj9cRXAt4LGGIjHHnOgam9oDc0FpCBHVfsJ7q4gTznhyNVIIl1jHP3Y7xHWilaR1PbfCnEMWpfZdNQ8w0+3ttIQ/V3QeAp5AQZCxbis/L3Zo45StvXEZVld6DDjF0hd6lvSsud/VUp1NlKQSQUbgbZ2SRev7g75QeH8vSh3jaH7G0gJ6VqVMs3DkedndMMGRn16x2SSaBkR67psp13Ya5p1kdJHgPtja3HASZvI99BFoMj09Ztlr/D5mPk9U1oOwUCUQ6hI2iG7xtER7twHdVr+N+naHjHaymMn9sVadMOlbd+krsFUtMD53elrSyzaoz0WDRXG0lCvohfZMeQxbkysJSsBDsn7gM4jNlwNjoBDg/YcybJCjm1Xy/scK9NzGycP3c6n0I7U0qJw9QIcVuQOZ5CBm1N1dQzic17bL6gD8ERAAA1+AAC3kAAAAVGAVnADgtpgKiLTWiYlb08uHeUkatroGD7S2zGU88IPZZUTzPGvZEa7nONGpKN3emjcyBvtGAZJEZf48EVjmgutQiWbDdNrcIp6Oxlv9m0QXEYIfdZ8cmc6XnjJzXAjohcO2+6uUdMu/hNyPJ/Yidvsq8/lYnfkk6fk8oVpis93gxgAptddzb/yntZ5E72SfLPp7vpQjruvxkG9grI3CrmoaQWg9nf04hVS0tlNfVEG8+TRkxPDrxX4aOlcHaR01qBwGDxNNdxJV/+jef4dk52fySTQyRX51ZtDbqhdt4LcDu606OwX0R9pHy92FoVOU+dnaWKYvKiyLtCwQ8T5cbU53jse+5DG99wE2eLnTBk7ooF5tJgYmaYEmawFRnQSeaixUUvTL2tH80xuwvR6lVjaPHktZf1tTQQNU6BvIN8t30VshHnu0ZSIrBuoWNpVNOT1zCuJdCo9RoXsObMOrejL7egQw2/1EHN1LDwYBw0Z3qEhTzLPQ58ETqk5TyfLH0jBena5LMnbYjGJw3PEwj1eM0Mso+O0DTc3J5GBxN1vAdhB3/LVckoy8fNfGRkp4DPqpaiyJ69yGOYUbyFxzqbl2YU/3LiNgNKPEVBA+Vn4HAcplgb+ff3otllCpnnIbwOvzY0fXOukJ6n8HtDV9E9e51sjPBOK+sVBYm96JUiipoFR2zxoDgnyO1epG/jrgI3JN4b2+Qia4amBmux2iKGYTSQmdE63BItCxm1zG9gI2A6LkNz5HVnLpdG77xj1V470W5neLgXWtWtsp1MZ0rgyqi+h/On9L67lsXpmeexmOELlE1VXKsg1CNv1RQLo69wibQFOZbu5IDEymxQeenUZbfXSAcBPt5ILsKbcgc51ivAqhXAqVxNoJh9DxnPk52Mx/TayL1TI3YoBMv6/mVCAaOMKp6kdMaIY2D++aPBqyUCW0JlB4SWpiihZdMYvsUFOpfP9c/hympiSvztOuvQoP2idICYhpfhx5VpfW5oOxB8yG+k/TZe/WkZhExkcz9jw/kT8SQrIxt3MCALfo+uytFa5SuwMcq9IVxH5bbbebWp+uTItGl7M0qvKWqO+Cn5fl2fbT/ngQAsIz6gxIvp+JzIOp4pfqDtvsnk/gKZHE3LNlFz6AnH31VzzK+sQ/V8rWNrnFTSyNNdUeubz/n0otSi6gOJh+hWcAsrSmIPZoYyrzOHslGRNhTj1F6HwBdcaT6Db6Lxtw3V72w7Xlq+8TBB7ycIONj2NCOSmwOs+9sy3n6kpraH/2Am4xBUWwU35CVIrTmCppHa/5ITydYrblf2HPxz73D6xJmeO4CmVxwBcVN0IPDdCMWE5FflxEi/+BCIwhZdIXYvw5RhE7uY016iQZRjWLeZUUse6q4k9QwlydITC+WLumHkMLXc3BtqYDCJf9r0HpQ3uY8q4qGiQoDT71RKqeg8eaSJpej+SQdwtPw3tX+Cg9PhtpkMu356KPiBJOdK4uz46oIln15IB39s2ozwMkleflgR1tBuIiy5+qOPr+nFzoe4XgQ9OTbsi0W57GOMAhGMCAh0LKyJopgMftw76Y/6qfoApCrCKFJ/nFi3tA+8YSgvpHHCvM+EFqPBnnyAmkJ/FvYXNt05I0gH2+AkwpgnGEIkOavT8hKWTG3GlEs/aV9tfhrmEawgYOg2Td7nUICzBNI1TFrah7PqCvyK+REioEhboMd+yGby4Ec9LrCil5iatQvzcxhPUfImUqB5BPf77o3x/8i9et3XesF2SOupd9QRMpE7tW3XWzNMZrKhk5LIJMeskrN0O9F2zpK2EEtaTwtZ/PtmHdoeNxCGBdU1jk+hFtWRmew5Uf52RVrN7CpZfmVrFMeJ8wCRmii5hg2tbScjb/a/LvoPjcNGgJGXGumws1a5P7vAeRdJuRZ62+SUmBgFHZJx0me9WYXL9mHsSc1s3AtRa3D2e778+hSAqYeR/ZnsM+7YvEBu+OmhiKYXuo1GrGtBHcXkoUDBkC8sj4YRquvEarNl2l2+TumchjqMAzH1oKyb4nKLUyPrYvQNUyX0ePVUhCMTVSfXRLcVnuFmnICR6fBiAhd9O61n7QDMqMyN9iFzusov2Lx7H1NftgnJPXqztvPhQm5e6RUX2Mh27S7ql5QQYUyp6VkEX3gL+86JF1x7bPG+Kr2qQsJ7JzofFQdoL+YkmRr65xedrstQhfqqy25IBJ9ZoOybUbnyz1w+5MWqEjwIK6zdIfLVo9WACNzhUBP19uf/BeiqOj+xCyBHC5JR6m3WJLycjN6PwoPFU2aXeXPH0pqXu41Dc/H5zV4sg6luMqGkzGbnspFeDhzVIQtny9Q8bp1lA9BTFoxO/j7ljJcTbRjeFCSwD2XpYAOKXeg5yXJ0eVtEWJqUbG6AreKAQ2kus2DSfIos//yE5FtuX1KfuVGH1sSDNLFH691vTZK2ydJwmQa5A/8m4wLfBNYQE4LrpN4/pOebTGi/wnhj1b5fWfvQ3eCrVHVdUWlNZjZ7e1M6t3q/6mPnwfOfcVRvjOOQAmsg704vUxJQSCumjXzqo81jW7KOW06DPoEjceF/1x97hkgH5KpdwR/wmqwusHPqnAlJsoKRfzHsDJkdVo8CgPjZrvYP/EP1zL00OTLeJlQfULqOTYYPyJgCcupQv7CE0xcuySYyz+dzAakp3vvopgNWGgr7hK8FxJ1mBjcFdk9Km8I8W0ClShxUQmlFsZJLwOR+FuEUumQkOszqtNMG/LU+OU6I3ClbHETfJPe+lOpAVGYhKTjzVwvq4eOghC01WhvVpK/H+0dJRK/NWQBfX9ylR3d39P44TPgrudp5EYXj4jsBxEN2Jvw1GfZKvN0x72Bnhoah+NFpvX/d2lPt82ARNMhun2AalGxfYPUNRlf2udhqPWMg2y58QGmiU9ZIFG0afc3KrUgki8oaF8cVYTtd7ec1NGGluHq/MO/zaZm2J//pLkDzn60T0mI/sbE276MoU4TZydOAqfFknbvdX4Mlz8epVAoTxDwd/iBEeOMXbwLoDQq+B4pPsz2H2nBFvZms7Vvl9EmOqc+0ec+9TjJFH97oMAiW/8+RdONa8D4LLzLBZSnlLMFqfd58XWSai6AuLxn+l8vd/ZhzMBPSmIQ9QG6g4ENdsDb0J/yeFaz46HsWX5Q0BC3L8/5sah3p8Q1Nrwko7Pm/vqav8IUL0LznWiY5EzfCWVDMUGIsXk0RoDiqsOrclJOnQ6Oe5oFqHlHgk04l0V87Upks+kicKaCIb2P7EiFMpyqNZYEEVji6W27ZoePLs/XhNySS/q4BD8qmw633qwVu+4OsFrDelTMuyjy3cdoj7OAUfxM1btZ5cN+/8ZD97goYGDqznAJ+AF0IL86JSUAkuXj+5JlHFwl/jei0f9PkV2kfgJ8Sg00irIjiR5UmnXn9pq+E8fw5Yf1FVtt2NStfcMPyLTqwS0jOGfatNqqRl7rAdFSIiQGAxhF+pYWbvCspbkK+AfDfJwAI+HQw938SWG0e8GCXFMZry9P2DXB5WteFtVbVw2PEo7uoqquPp0zJ+fuYgLqq0ltzP/J2GoDL8TTjXZ2ogMmu90zFBe5CtdmNJ3P3ula39Va7FUxwBSmb4gQofXthaBhF+gnV/scyFY8NaRYYQL3VJmxJ/2uXFa98pcSnJW42dfMvyagHH55qR21RGsxS9JsJ4rMZ7lf7fjvspBbveH0o/jNvlyZzv/IDXssfkyeEptEkV8XluJ1E3v/XHlr5UJxW98uaDXl0+vzVQf8qPbEQeFKFp6IJOa3p3mKqudV9lpKOSmidL/kqa7grgOWrOWWUtfw1x6A+N+7l/yIxkJxavrc2u0wbRa79dcJrKtfFhzVYr4xswuQezas6EZLgvcE9qLd1xy6DMbxzApqyJWAEAzF7PWoU+fF1f8W8nuP/G0NypBC9Mb1vxHzyvsE5WeQ1DPCs/X9BVhOeLVqBZsIWeRK01geDEBtm+wkTqKq6i3mqSZLfrsOI+cqXkMtpoK61620lFtbESb5EMKa9nMm4kjzPSqelJaI8Z7cka/wz0TaUPL97wlGWARtqLjhMdFxZQwItuTSBEVdqHI6Zh7qTfeUOInWJwfWWCuOSj7Kjh6rUfnGxNEs1uqC8SCuYyLNDYnMSHBqIrj9eJ80Zz0wiIgkbyQ3lORXd9xEUAgzTGpB9NeqXNArCo68/hLxubceAXkI5nZBMFhTnZvX6D/Ht7POyKGP2VWXwNbJ70xOP9th4Wl5XyXF6KOfLf/vO6hvT24pYJywQqdWZ6kq5x0gRVHDtayRlz7D5YkIGRlOFOFNeyWVmu0ZQOWBH+Z51eU9TpJ6gmHyY2bYnJsBYZXAXwB/sV/VOYpQfPz6qSl3XL4fKanahFi7SqetBuDDN8gJclCasORvStSp1EA+/qTaTnFk2R5kydaaZrR4ehtticx0tURJgJawE+Uzj2SmVbye6SM3X5Bf3blLhADgQl3plewezB70Pt/xBdvyi+gvHmRdTq7eQbTREIrhXgTx+XHvHCYCllrD+q7qdjwAMuvHf81IrpBNbnPr0o37VWKLPQA9FL0jTDO+F6ABbyAJpdxDsgBay9wLwAAAGLem5ZRtb6d523BUwJxEZfQSwUIOtmK/vg2s67naZ6RV4kLKjfT7ybUxnkRFKmUFDgDBhdeyQUTK6dCmSGKX0zV20XXDKIBp0GDqZywQvlLx1yVMsKKUoM8w1SRgw1SB9wDJ3LNt3x05HzWz+Aa7tylLK6b280mqPfniANNwOg1FIpmgjoI5RIDB2VNEUB/MbsDfbZlvSM41DElm7R2X+P8EBH9bhi2q+plNKNsF37eighm+Mxb0A1jwAEMqy2CY3W/l/4VSQ8mzF4JP73fLwulzXhetzVrJ/JoRGTiiEGp/Dp4170pl3GNFIvXAKz5x59QVjEBs4c9b/e494domQ9oW4ICYQarE4ctYw1iVdxvTI+FWqRDe9bTFcSqw/xw9RsmamLqBjpV/7fyMGnUcXzFJJb98RQqAba+VRPrAwqgMOfWwEdKRt+/rIpCZVUvtrzhBH/eKJk5EZfP+UuRHAKLib1IY0/vtjiRIB/QaRKWFARhKiPDMIBsGKFdsMqlAQhRgXxMHWRNRt7l24+ikBSMe8nUbo2eHKfYfwrtkd20vg9QfFqGkV4/UJe40FeLxzucg66GrODPmM8emrGR3NfV2r9hvuwc94RWal8QoJAK0f+88MVFReSUDePALG5qvBaaa2E9fiQ9X4+FaLZ0TuQefwJKuPc1bvQPKgGRDxKl6RJMjSBgXvrXDuA6vE3PTq4o4MrcUBKRvS1pAZ7n/LKhln3NFw0QUEQiJkgicK25xYSo3eZQ3epwVQtLXEQrf4c5boUr+zEVjuQz+bJO644pSyJRmrD1bZmoVCs5daacdvB0FpfUcoiKTs2frUGbeu1vTmTQoh5PFovVjVq0WGdgKCG3CNPTDn8EqV3XfIm081bi5tRayLebwfMeqBGwMmpOAnC+hUnHwKOx13YLGxyGOT8yWQYKpbvT/TKmviClNYuHWxJgJZvuoYpebZDo0H/F6s7yKFk8GIMC+//Kb1Cj01NnpgtNTmwdbHBhPrkheNHEcNs6CR629X8oXx170EIR4GLM2FZSNhDXwO88Tg7x3R4DaucwaiE2f4OgpZUuUomzu8F+g11lZWfG2Gus0fQlGvSi5DRcBet+Ys8AWcxCJ9KNxWZDIDPjoDh16FOWRRDUzaPqFzYl6r7d565SQRE8a8BotXb0A8uslZKJ9eNSavTt6mE3xK37WBH4azM3fSs4am4s69+VDfcoAb9J7bmr2ER/XczZxOVUSG+8gQAzvQ8jCg7WhEn5Uu+r1Jj8JEubKwjoRZFRf0SyHuGffo3asoNDs/v9+EEUAxgXI7ygm7ZRDntreozn8ZGOubvrKJZKG6vSRJEVqjTUwFACAn5DfSyVwmYePI/0l2VsC8FND61UjDTZVM8/AeNBI+ml77yvrN4xefnds/HSOccZNi7lqRk9tu64uZhx1rJ9B9TyxisfguJIa4eB2mNs6PBeBAl0vTlW1W7jsY4jD+YaYC7MZmSCvpmNCr6GbpPxWhCgqLWiK+Kq6KUWWuqpTPCOpSpoufpOO2sY7Ok5Csgb42iB5AU49mBCspBdiJu4PHCrfkCP2vV/zNDntLHpqIyrT/tQuCwXmL1MQ81ULuQR56yS+1vAcKEhrsJhMwWD0PZfQuWXUvqo8O8G8JmHMoRF9CJI2X4keID/j14t7/8F4AWdSfRkNATXMF7R+RPQl6prWMBQQHBgxO/C7EDZZs+0hm6dkX2xMlpBj8EF5cefgcLSHOuGFBiNQp7N2E2/KRxVuLdNX1/DADtnlVcTZwge9bL/HsD0ZkWT22L8uWQzIVLB/GxWFKhdRLdBNxCDf+NG06KX+WshwNkcJGBsYY9aiXNMkZggEN4y7graBm4zUU6+Z4ux8AoflnW7rIC/I6VzsDKiDEbg+E4oRmJnXMcgLF0lv+pHKUbMGSmBTIxVoLAn9YLC5aEpTp56wW6aA9p80t8MMsh7IrbIpHDNQITm9kpQDwbBWQtBg2Oiuf0b61TSJAhq7+TMeoJGNUnWnqfOo2mak5ATT5kQh8eZuL+EZyNrbXsMp6pciCnAytt9hJ+vsMMmqI98OvCojgoCqtBQ9oxr0TVRg215ed9VvPNA/QkZED3TCFGsLKdFBAXibZIV6NuQjqLLDV3avDzIBuImU+g/x/327yEFj+s4BszfpRSCF6J8N4CfpVep5iAXz78V1DNj+5bGUFH/JEOnYGyYuCnOVzGFoJPhaH0BbqFMO8slORpICjOsgcxGJBlZui/YO0HAouMMqnG+Awvc3aP3XNGdFB6rdMOuh3h93S9gwvhSAAhRs8qd9y+4ZboH99/lGZBLijIuzZLhxKHgqOJW+F7WVYJ1HN1eN+Tk7nwSP7ZyBJ5z0jDQROGq9Qq2r50osuddktGSSQCOrUs+w1eKnHtoT38t3ckmzPChdhrIdS9G/YBSGC1mbWxQhQ0gYETSckGM2Sqw0GOipUiolUF7/BleyI3nN408Dr3EYYD2+BU9bir1Curg9cUpQMa5VXSJtqfnRyGFHCypUUpR0/QMudiXURCxtHulX7UDDtS1y4B4P7mpnO/YgGX37LSmlwrxdgqNezRCyBeFFjbK/I5y4DQwZtS2SoCsCSUNjrfRVWF6iAQXKLdoVW2e/3NLbnvvlRNUkexa/y4sUPTr+nxDDH5rBEGDzmN7DipCxPYNOOz9DZv9udB7vpI7WT6J4IQLP9HTZ0OXSqoXcJCMPZHR9LUAskGAsw4iA0izLZcCIR43e03DrHHcOtZCJPn/dMrKja9sIxXHrzXIi89miUPoVKvVlYX7sulfId3w72RqpHaore75I3+tllndt425pEj9GF7hHAnGMKvedxvHv4ohZZm4NZV09+PnI0n8fo7h3TKYz3XhZGSuO2hGNzA4MZ81J0iEmN1nL4QkM4HRowgQmwe8ZPM/YtJat3Uud3H1HNOCM/FGkxWVjANqGZTFLSU8qRmTkYmW1mpzFD+GIxMNPIpVaPFmqzc/LxzzPduXMDM0pcLoAJyMRPo18hgkVDGjojo/1ekaGkfZH1huCfijALek8E9tk79Mzh9bwbFZ1b9Ginm32FTW/9xWz5sNj/Gm8hD27st/9UL3EzofGDeVAiKpiAq83m2Fh92WfwkNx0zqapYhKpaffH2eT7oh4RuqGgTaLf77C1FGCarIRWrKokIuC0wwsALMbz0Lv5JgGjxZzwkHyVx/uLjuqD2s2ofVouIJReJn4QK73F737V/SKGh/vMMxSsDS5H1ZuRCOqN6Lnd/QxVPNI2lrRTrvvdJj0gQThJ7pRO2Q9hLbIe2hOeXunM96HexgSa3hYIB7ex1ij5v5DPNRKtQc4Bwim+uiNnCSb2+5RrXXOtmw0o8SmvbdtyhrY9bwr/yW49XunR1Ib5GKqL/ep35Bbi5iHLFRxWg/iIoZOfE/d2kZdfUL5l9BUuI2fA84o89vWxITKRA44iqIx0c0I3vmOfKRqpMRGPhPrNE6ptkE5zvHjwJYU8v0qgFpqq/lz9mTt31BUro4QoR3Pr2yVSZdsrL89hYp85/4Y8dlngavpqnd/yojXti4fUZ+f87EOuXyOgtgxOlVzh9SjV9d/be5DbkHzsaPxOrHIPRrdqpc0/J2/XRDSrrSHhtlehxohl2C+etRk8MJHNhaz30L57SvTnB2XNYZAP0hilzSya7J8dRc2oAEKzYDulY0mkJPcQjzE75+nYlRM8Ay6PqgdUkeSKBL0BMQyglF5z3H5u8my6EKbH6FcAXfP+f/Kmz+Z6GF0cxEgWcXJUc0Fc0RLp5I45BPuHCnHQ/SoqurvWiOIXQRPa29wnasJ66JUGM/eeqyqFKAOcdhusmv95kNlIzs/HE4VCvLm5bNx5UiCbuu8NxPUZWnMnIz2QHYT1z0IaW/297TWfJFoGAHy9BZT8YiS8Yo3lkYPnUDGOntJfM0/s9ea3lsG940Ouf4asg1vROuh+nyM8HUnk8eF2p64Q2eGx3mjTB6FUWfwPif9kMXileoquaAKqXEkwWo5wtcAOSQgUD9gQI5tPdMWSFhHoKuN2XMWpN1aYhRC71fi4/JVTNWIn136otb4JCzpUK+LUGra2MI8pfnFAI2U/uMDCLpmRd/pen5YP6t10ZVs04o6Pow6dEvwfzv5DpcKmTvSe9xOBDE7o9WQSVeO6Ad1Xpw5Szhh87l9eFMrI7tdaXrUdH1YZkQTKwsFzVf216X7lb3jzWpqeKuwHIa+kMvEPuEOYjz11hrU4/pTskOwkxAKrpZ6zMglv9eGnaxUmcP328uicNJ6fibW8vjae6Rz8cX6GGbpY50R/gM4h2gIAQO86H3BREQnaM9LbTjub2TksP2uml1+RcZ8W01B1OtUDzg3VswAAAAYAYDn/TsyWBgAAAAAE+pns3abYybVFL4bcgsG7hEQPtHMJlN6jXZY4M57HAjVK9w0imXfpCpMLj5Ri/L08A0k4GJLet5aXAnPAfglX6yzn7Kw8ek2Bj3KEcvcnwWTGsXrxKJ6rAN5JT0pJ4ke+/yR8e8MzoCg0S5TvBS8UBi7OFoPHqC7zX21P6nwJlWRRHsB3oM8Ty8k1t28vBaAY6TLRnQH3VhlgtkB824HCZ1Cc0x9OBjp2Wt2uv/IX3u/69nZGR75NYUW5T/2jdEqhs33O/eqJBI+VtpvLfbdllkjW+6DRcIZ+ZGhEzPVFJJMDBm3dz0539U/fb3NPeEc93/tcJZY4Gq1y2m+QW9eDGOJh7DttLfDA6FLaE4kit3JOvjFbzOcct0GwlNBY90rdiXbPNhNTVJeEj/Bn6ZZv5ImJUu5DqAujCdVjYYf5EDp59KLvWR1NPSJiO321VgcZKTLn1Hx5rTr6VKQV/84jdtWmmXk2yDxvjMZB+LBlY0vtEUEjXjHk1jrFtHo8KRiiep6KSP5+ThGI8/vLPJjb7sb9vUA2OCA/gWM3lKXx8Pbsdojp9NvRs32g1wS42fYyUC9iavx8Qy1xZH9yJDfuguTziC8D9b/QCQ61cig0Ovhwa48SQYck3mKkkpKk2UF1JW+IqBsA6E68fVV1xjfKAmDDG6rG3Kxa6sYSHuXEBAdJ2SgVDv49FpqqCYnv95+cKRutXbL7iPh1uR0T0F/kvCwbkFIqinrC8urJQqFamI1EhtQvfw0XdW98LHovbDeIuEHSLKWsIMddHER9rLEqbkHxOyEInX8RNQAnbXU0AoI5/H61mL16ofBNAWUwD1n6cNh+0NP12HStKFk1t9HH3v2oHmbdLxlZqi0ZRNkqNgIIV7dZ5qQcysyeOOW2cKRXjeK0BVAgy3fjTlldfoNv/RZ+b0RooQmXxojrs9QpB2dpvluFNX1bYPauJ5Zm5XbhiASHtcNnp2/J05VZv5hVQXKa4ZQ8uYqB53VnQEPdB4q0sJvmO0/Mo7HZG1CAKP5pXyqzl75+anpY6oNAoRFrH3JkkuhD9+Xe/TWPzHoGKf7QZEZR1abwxhHrmUggk92STKg/c9wqYTPtIwskgR5jsbHp5m9LCEs7KdtJUenm09/JD7cgw+U08WGky80jX05gPWNs0qtbSDeZIiWkA1KqMhvfcZyVrHJl1kBhHOqer2oDGkDgixijUEkLiwQsYbEejBxHWrsaXhKRpfkVp/+XN0pzkXBEUVWmZ0E54NOFJrNS2BedTAZthYIGPgFXwEVPquIw4z8kLPZcmBqsKmOWvZ8txF5ghrLWmE8LXtXvoZSEpsSxVJ5B7/tFOJ5Yr6SI9HKfFqI8jdQS25GRjRnlrxolWGFh0yIReT1ZZTG025b1N54US+eTKmYb0r/kJ5FkinRejZ0xb2zwRQZ75wzGf9YQbGN36H25ceX8+RO5Hhz/wxB4+U8VQPCv0FjweNAz1HExwfnYuOMK7bUeQdB0U6LkV3r2ItCYuaQcoXmHOvTpmPh3yIm7F2e/clPRLEkCfgMM3OD+rqOlC2KwsbnphQjY9x8Yh5kti7x50yrxuR49hr2Wyo3kh15swzf68BUwVBTXCIUOI/8kDuyelnWFnwdbQonNod3TjfZVdkCBDJhUTCahGoKQXTTgb11VpGJquWaChWrOuz0dtuNqUl2i+EJLGFsAuP77fGax8NLbIRePYmPuVLcUbUjg1TB9Exrf9kmMP76JJnQ/0G14Z208pV88Kh3YlCyYpSqu5iHu32BNiozN8l4Fc1cHjRwoQH4soAkjgHx57oOcO6DnqTnumaww3LmbXjkq1+C7ehcCAzSPYRDce/JJTPCRo0lAVDO6/ZtvaxLw9MyaWWv8ApJiaIQRJM/AS7qdTIhHJXNB0yuk3ngVzReGsLJ3Cyz0YLNS1oBCgoWwQwkqiXeoPw+DqHv5SgvuKPcamqLVPVfUB9KFnEPSW60or7riPR859ghxrRBgqgVZQOeffNu/F6jJUHN1MitFiomRLtms57NGuiPIZei+aKv0O2AdeB8RaVVlQflCXlOlEbNJKHUOh1UDgZMAGKsqsHP8+89v6xQo2kIHe2K6ryaehQYSwHitq9PHgHqq1R6RW61Lkb05p2a05oEEh8gz5/htLpJonDhigXgzVkgyc9xnznSoxEV3brIvGDzrUxW2EZrsvwfFjHrUfOWdZeDCdnL5aMUDy5Lku6mbXYzYXqenjB9cmZs1iFcGJM5iCbzGwrzFCNp9A81YZWs8ov7/kxeM2oR1NqGtk+JqeKjkPUx3Rq6GVfEHsYo4v/3maLv/C0R2neq0mIw5YKVQ/pQ+p2cnKVhMn1rErzM5kZ2pXl8ymOQwiQPddpHa5HglmpJDrizj46mJn+fMPvKoCy1g3FnwJZTmhm0LS3z0D0HwBElWfuWU8Bacy6bW2N1oKRMAOqGgums5nufzfKbPDUq2KhlQedzdMukLAy3pYKq/kgSQTnE0UOXAIgSYq1Poe8oWKdoBIssv+nnWXR//kzQymCRGCI3D57+YXvBqFN15VmmMo0HNhYquro///9fgSdZIUpwKMyEgb7rsN1mrm5B3UvT7cItUZhrgJ0a2hM2HfXNh5QKa9PpUZa3qpBsIfXRgb4je4LJOsI7hnXTD5FJZeW+70pBpdgCPlnja5ehC6qFC25lV8LuP/eafnzbma6dy4zfMw5uJATb4jTWt6PGsR1btouAcGJ5YbEIXCDqgV+2qMWmRS3uK7Ktt67ekOkg7Kfr25YcfkN0rZH6+tZPs/pGDkW0VHeaam3gGvVrdn2nnYReTMGEOd23OkhLJp9pBufCR7mPhmZyH52MmIEuDUtE0zm9pTnjd+qGIHfjihgN+Ud3oQe/FAGmZ0JTrF3rh2P53nNBSn+X5tRTp1qiw5XHhbSO085ej7mPosvTGl03CS1m1q0bx2WH1Pc3Xukw35TN02GLnMDRFbC/i1uDGHzw4cFXoV6DBNWs/3JUkd/LLGZse0c9za60iJmqhaMEKlWPGeK7KabstlJjCLCrrSw/BGGe0m4yCf8gKXFC3p0jCOppoggGuRKMuxKMg4zMovGN0Ab05OXLUXAX4Boj5kFFWnRe8c1MH4N8cVW4TrZS9ojQAWpVoevMfVxszayEWIaklSgh881Li6PIIXe04PbqB5WxGUFTdyZUTUQxPaN9is674YZtG4VKvTnKvgjDaDvYzBGgLnTMI728/da2aFISkYP8VTrrq+ZISHXqLsp2WlUAmL2vwQvk1tpQhab1ORjto/rZbRyhIuaHS3bIde4nkeLkSyU4KKeXSF20aNfWIrDG+2olBxPtnmROKfsAprD4fI2VjANKS9cQEJj9nYtMiN9SDneWdEOcQwceNCUz4BNfylhlCHEj+EvZMZVfC8ZbdDLYqzDJ6WpcWrN6sTgHlcohkkik7iZGAceNg0DrKmtk6CAQWaApkEJivWbTIloAVjLmILH8qAm8F3ge/T1KBA9CuSPPDRumryhXgW6ki+ZEU2JLRWTrUrZ5qBhvBhPBHGVexKlyuB3JCOpc0CBuO0a8+lTkcYsU0siuIl9JDlpthFuXx4fQEpOolXorO/JamJzBUHd/I+yPD8B37VC6qVt2eSutio+X7cAI+7YKXyoDFNrju0ajgGdnduVA98Sru/257Dk6Gz0nm4VW/W4+XwqgDWwJAFzaZgQ37WJsqWQ9QaIj8rp1wlbsOvBTZ6Mdc6YKi/U8S/K+am/aIp2Bdaqw9KJyb17uOeIWyAUaz01hBWByAHMqJ1H8z8svWt9APgDDRks8HQ49LBso9XRq19v48aW6huU772BNivGSsgV2QNhCrin6HL3BVqfTZk4P0npZwlux4uAwQXq3Kk67fikfFAPrAqYbW8KmnxN9cKbe4dusH0obqGp9EQC4UriqspKbK4DO+bGH8ntOIjtp8BX3IlMGKE/C/l2TRKXMdHdb1LC3UWzYbFi90sRY45S289cfLtWwOKVMRtLLE7+3SMrMPiZhwrnx8SKKikg0CUCSCcCdqfgM8EOEU0HYLF26ZdMos4tHhaQioZyyQ2vDctTfIRtUAynUprK6XjBrvUF9XUt95reSDx4tG4vPItP3MMqblJzbqR2aBTQd9/eGd+E5O2g50dO8d0aDQbylAIo90BGUEj3nztV1aB9c6ZaimRxhcmBJRCKwO7fl/jgHpqUw1is4GL+KioX5ut1azCO8XZrux+CqpX+pRJ0dlx8peV5b/A81OztMG1XuK95n3lf6vtxm9tH9w2qg+rfuH5Rzcyn1LVDNCixNybCkMkcaEYGZCJL3GLOrGkFh/HAcQIU7ypfH5Ipkymyhh9eqf6UZriVtEvaptwbYeZmfX7ux2WB9VHLS5tNMc05bekpWUwMqA1QI+Ri1e8aXp0Edz1Jy0Lryjz+PsKJ6nTS0Ex5RIurOP0EwI8vH3cfNGvSr95HymQoV6coCpffUnw0UXFzefnAj1aRB3sGSvA0mr6hfOFSaMprKLPMdfhYIYsPaNLPtChKMEpP2b/V7RMzzguwl0cUVWlzSnVMimfRljd09d1cpMVbli+4NELIhrBE8EYzy6ZbLsNKKgQzipMpMa3qcRCdK2OlWPPVrIW6/q5Epqc6ezzozXSClT9pdDMImhTnir7Xr3SoyYYYlrSVwsA0Y9RMUjHbjjQIaBCqJWUnanhlp9+J8pdcKSF5XSAoj4tKaTbdrcBzxbXn+l6ZHyP/93iJIG48jS/nZR2C5++HDB+HvjsqgQ0vLKUquLgB7g/tyEPnb7wS3GFGHzNIRWqsW+YZP/uvhiEoLJsfSFINcj09sbsYgnGh9sTJzh0COCONG+X5yrfnOAQOcxDXvDnBPf2IMjwFK2Q02zQkTqHwLjO09cu2m21PXyLRsnCACsz5R7HOkOdg0y4PV2wMSE5ZNO2XutpfqMstS491nqiPe+yzq2mTUUJ0t31PkHpPYAAAAn+VAAAAAAElgAAE4lfOD4/CIuYoFfNQgHLiyJ5XEoHrGlY5Xz6JybP89pqrdGMMXX4UCXCsq79hw64EDwXKwaUtrCd/rjcWko1CPsukJmjFJGg8TPg0tv2vNw2Zslkj1iHYh0S86025XF0qsjvP1/sr2PDB8ldK7410QfYlzYxUtDdYX0q93VztpsxyHu752FK5a8gyTjE8/rhLI960KlIXFso/8j+E4hxzVeiPIlg2/Qw3GKtUjxTy81mf9wRVEr6Iqozojux94q/ATXOnKnkUgQQeTaxg4L480NngsHevLO4gGh+rePaG0hFJur5Z0FgyjEg8dl/xBUFfgNE2rHcp4nmIRivZcfkkjocs73Ewh/L8mCNUnt4DzWCT3agxliGQSMLa19oB3nZd3wBkCexsXVZER/dQ0OzRZwGli9+niMQzB8ZoGGF6Y3oRFPqX+PnU6BI5uxLt6XjBD5r0OWBuM3HouCodOis9Oq/MaeaPa4saoAvtRVH/XzaWb+lr2Ef+XobvboHWGFe2XnlH3hq4OUerr3zu9q4OEC0nC0/XS6OlBpVH9wlsjOTiGaUbAMZ5YwTJg5GiCdngYLzQVLlCYot+bKi9uzMJi7046Ba7VoXS5WDzw3BzDbLwh/8doGMkZ7uGgu2M/aPKK+6MCry6Eytu2inh78N4e+RIB/qaZeieHPss/Wiq1zmVr2hCI2HOB7pWr0JTSugvoOaObouaADlTqmI4dzfdOVePzhZX0rTsrlnmEMeHeEFAVZb64wEWtc6QMYm6yzlZWM14zGwZcF7DxAqaPCwsJnQcQXm4AJZGg3FjZUAmYXQ1pQzGC8/qnTh5A62RVBBF7gun8RVp3+yWZho2xfz8sk41ND4oMlV7685bvvCEz1ZshT7lqJQT+ox7XdSpL3UJ9Ub4Oe8SJ7LfpbWxHNnP56XPocRV/T470gSONDI1GpNWxDYAhU/7ND83LhzZFSDPGykdjIOm1bhBlDi9KpI7t2lv96ih1Rrqj8QrZKuGVtSby4xfDOZLQyR5uE1bGRM8psMtY6TUqf8vS58h3cdUzrSQlQuA/Oac3ir6NXh8WyQDSbcXoJ7CNnYPHJddJ35iRzuwq3u1woIOAD3u/SRu+kj9ByJxZ308JsVb3lwMeROpBhsd52dUvHoKjVGe+3XT4JsJhqwbSJxWp9YsTBzA5ACFOfYN1J6d4KrcSSAKShbguD6TczD0l+XOhfNFx246GATVUnXjB+0u4GHV/SvrrFB41niiCzvKOM4ojFqodco4vqZn/L4mJunkVhsBvxqToLV1VQ4ADpQgFXZzRqLUP+8oErM7sAAC42A7GQIFJLJJ2llGJIJI3EvKfI0eXddtPpqx3iWqSctmULoxAweThmPl29yrk53ElkcUHFHcz78b2pp+GEd27VL4FAJAoa9pD6DRlKesaR1zafGqVQrMWoHZMofzga47ftSKQBo+NLFfY6iPe4RlXcLh3GW6zK1GOsWjLW2XRg6JPRXA2VoDv4044BAUntFNbt3AAAB4OMMzoK/6p4G8i6gAStqCMu5AuLPYMplMYLSFjT7QIshNqYv6ZgoFb13tkUVS93S67cuXFDoqMhi7lcRhA+i/I2wSswRab48cvyBOy2ccj5dqEnO+pdFViM4N7GHl3VgRwsrGfdAl6VHLwd9Xd+Dl8r0lRL0gSfGpJwwb9Sfzo///4H0IqjMhhCorvislekga5PNX9IqUyskEh94+rG7buxCFSUkl9nm4CSm9K/cIkYVcMv+YoF0kiuqdfzCpIe+OFqTdTs3ThwccO3DdThloMwSqZ5s9ADfqn9z3V4ecZBxkmM1ZAJJh/pOVhEG/mMfzEPKkJGblrk2JpP+Zj+6jAEjsQJdGsnXOTDMyZwKZNnKpZu4VL8n34RYgvZU2JB+cPFQTr/2Goxk6JYMfl1/5w1B5ls4BpiUC2r9K3VPMT6mbmFesKYnlf961gntVBsQ10tl9ZDcmyBBlmD49xwM1/hegbaQzQgE0IVGcIwUlhD4lde02dhdhOcgAuRpLTnJVYxNhbqeB5Xcf1dWExCMGzQ/V3QfuReBi+uGTzkJtVVjViMdTkqQRLPcQeQ9owpI3nNaT8Tw/CeumAB2g51mlrgFP4Xh+AFl5tEwFJ9fy1Arv3ze6yLHCp3gVn4w5sMg9zedSbsE5+J6tbQ2aW+cpavq1x7dCcWyuKKglI7WExStPIcGCvzggJfDnU0jR9+5lc6gAEeqlkfmfBAAG76t2v4d3r+b3l921sojiOq16TFTFDvmCSeSCXHxB8dz7bUE2vtvaHqoX24ZdZDasn77fE4m7SE1AgB9/Ge5JWe1lanNnA4vjnaRoBN2jdgIA63y+IENccY2DOgnDphNEUyLhzUi6rT+mYR9CNnZJfhCIzxZuKPuV+9Cf3TTiRu3lpajr0qNF/9t9gmsl5/QrnOFXHWBGr3cbMbzgQd6/UZB86F4vYgLw4YSqwfRx5kogAJzrH++YDBMiGAp1BGmdSY8ybvk5UTsSVljX5KwtJVjb4NDODwfWikd+Mo6BingbdnVzEqtS9EaPRWs8KAlXXcFM3ZkfaSKPK7EGfZjdvL9xd9kZONznAefR3oU+GqsqHPETyAfjADQgFw6DNoMRDKW8ijW0R6tsiNc9a57PygMbHkHTR6qlso/GzCDw9M/YgauZxM3jq8V9EzU5AZZ4gHj2Ea2VSSiUNtXxGccCFWC/k//4IKUNYV06fD5cXEQQr7/uhdUWHA4C9M1Z3jl3tPIFxJ5obquECrvpXXdRlrJptq91/D5C4vQngxulRZ4ZyNjo3Tqig/qAKpIvlxTxJYM75SRO+YZo9iqFyCj+Avp2TRmwJs+5IlVFzXD2qN3Mb9nGD1HFkL287tHliePZVzqEcR+Qk5kO5RBBukBiZMOxnOFtbLKN1xranc8RnV9vvjrnqEPLQTJupW1DxZcwWi28bcPRslRuix79BOxO3fJocqaKkp987gU6ATq9lC5M+IWWEvnOH2Q25BUJR73HflrQyfV9EqPb6a2hh+rEo/4e0O7bPcpHz1Z85/Y/K962sh7a/rHMYZKrQxEoCIKoh5LQiDVkx4GVU7wspDBPLcmL5s8v/8+fRR4DtceMc1aeyn5DwXS/uwv5wxx3fAtEHFIO0EuGwn8ZHhUVEPezbyTqOoBNWuqFsCHi/aKBp8NNiJErNGiVmEC91m4OOu7qFCfAW5WY/6OoSI+ikz23C4hp7mKG3cFtLXhM7w/yApHIFvbxA3OdTpKpRt47CN49HPa0vPopzrMwDGCCSQeK8vMIgsV0l+Z0mg86R+6qgp+ZM5Ogkxl3Wv/M3rmPI6K2PyvKxEZz6YT0txYARrUlUEPqk9nxryzS40VZNq96vknqFCzGd2qjuHzVw5z7dlkOoNOmU7n65a1EhG8sEtkhelWuAYM07R7D9CDj1LY9edSVxFSVGCG9hm34hcWpnH738WuU+L3sK0y76nzBb1mU50EvdqnuNF8yzbIsp3Bhdl+Ejjb96kr3t3Oh0aIgJdqyE3mADH+QoZdDSt7undYgtJ/VQHNnpnh2ZfzCUR91MFSjdUHpEUyrQ81008yCAQAeD5STRJKpar9TaPNxDnRC44yfaoSUPRKu2Ssk7vwI0wNQg1o7G2nk+9UHoOXILlE+hLfMYyoE1XNKi4YDaEX58HHcPgZOgZPmtckypPoC9hxdR8+9+DUkwtxs2NLgzyfFQqvwD3PVY+cP+NsLgeuJ4KkYG6VVNB5Gl36wstCNx/BC3MTXEji9fqKe8l/KS9Rs2olr3ulbPcgLLF/UVjXLlAKLonVFVnhHbBMN5fFhK5eBWAKmfjk1lmwXFTmbHbDd5pFyAIq50HFr/kzLjED78+XUHq+7lnPdpwJM5D/VUXOdPhrMuf113Of9rMztWkH1irjep2xzz8QOZGLmIVYQT+b13RLlCOzsA6PyoBACYgnSb/XVjXtaoBLgMFrhDTjuR/OoQGjWEf+oFrkM9K04BR5ZjPwjHna/uG8mdMBTKwhuMujsLcJXpygl1lbkdHYkZ2OQhQNDD4cGH1us3K83nrr9X/SQQqJWagvvsO+628D5a2zVntsviD1RjSsH7VGMcDYAtZIbSespPCnCLnRYJ5LfukPqMxCKxuhWVBTGkKTf1vZXQWquuEE3EOH8ab89ERoi/l9bONmBb4IT4XnrfDx9g4Bi17S/scg9Ev7w0cQ9NHFOilg2e9neaQz5H4VMu5yqnnJ2p+KBMzlOzfchJ/rRD1A8w1fw+FQ4yzoDLSLDL5uR8tx/ZKecuV2PVTVH4Uhd1R5flhmTzkPMNsu1KnsHtCVauE3Bk7IOZQLiqQ6tK44ns84YD0MZIwqG2n/MRA4dZgIUb2IWG/aoQlxvutWRHwEmxgDxWPCvwAof6AEDgHtBnmz/ddl6/sdQVNUWeQEn33As9UOlfXsKb70MH8qjRjz8MGWGmwThYtgDHs+VE+sE/9KiltJkioEYpKt6blZ6pXTip04Qr5aORLn/T0qVX4Z2D17Ok9ZOCbSO8U+8QzH7XgocyV9wHkmLC/41mezIns/KyEe7cdN8MiNb0FK/dMSsogwcb8H7uRRdka/bsn6u11V9/56Hx6QTsHM8BZni3Eo+uIKc430Rm3EVshdaSyl2tfMlBE5FAmxBh1YPvhNcmsT8rn7ckq5/Mes6yrzoaJy8h4Ay0f5PAgpqUsWs8Hy+4fMSfF9OBUPdEzgbHJwuoEvKFzxKeJxHFpEcGICJ1ZCDIlLjM5i9MukJ5Sn+b1M1Vl1aojPaQH1K4pppUdF0JLLW/Gbvpa4V6g3VvQgTz2qw4lSgwUzMqo/Bfc2XuUf/UOkghTWzKbaXR7HtAmaAbAq9I/IWBRGPLVfqA0BaO7+hoKkGDNxqk9oXo7w1Jse5JatILXwJmyEDBLJpGBhgFWJqUdMjuuBBUGZe5NV6I9G/VxhqlT4whCYOh7lBy4POdM4qK9v20TO9pOmWSVSnpBI+PvOa0rS4ogw/N7w6QmzEitXfkocUd36yZojOtQACE7shL2E4JyrE2I4FKDj1usTXCeOtwfnF4+YWpnSXMMZB5bX2eZUykDh1STxuSAcJAOgzOdFXl2PTdjAqkg4QVOC/isyh4AgiD6A067fHArldwQiE6VS2L4onJ3TWne8u4eoPdCyxm17CXiUT6U2SB8OFw/cnpvlQxeEFhr0W1YZQGwEnSn3s/Z5d8IoHwiYMk4VQFc/HKQtmjxaAVX1NH9tYIGIivLN2nw4XiGG2NWScKAic1xVu9C9Ow0U7D2pcfwHDhtHGGM2yQrxVf4DzY9I8HFEV1oTZbyZLnjaWpOmt+job6SWtSmbtsnqZ09CqkZAEpVmfEig2Uv1h26DX4tjtGVppJJ+nkyTrRUcPOyiMOoZOihr1lfMz9KkpQAAbAAAAESXnwAHVAAAAAqu1m8A7YnIwyVHOAkau2hvsMrEif+FpK0nezhupkrbaodkEdNo7PczFgcYzZCQ6tObfYgQmX62s1GfA4tCktJaDgB74mLIRl/NOJfQ2KihGKDZ29U8vyzkySLncVXxCcBb+jQb1Mf+jAnqEftXo1Taz4SDfSG3JokUg7HOh4SFLvFYF9q/U3KLn84i03zP+LrHXwgw4sfg9vHQjNFWUOZCCwXE17aI0Ybm1L2Qktq57d8pOe9q5mZgzJW8U22pR7cKiUt3JpfZDWpFjdLUh/arq+6eUmzUsAww16nHlO8Z2iGJU0lay0DdBjgH3ArW5+ntGEVpddTVanoCLEkUf4+5c7W0H7wSp5KrpQG7hXBLyBSaXUdvxoUHjlrHTKmfpSRxunE1A4RXcVWJUrRKXRW/C2ogy9swgG7d9w0Q4pSkvV8oDz1uJjGyEnn9nR9xrvosxTFRNzHNvqI4PJYKMQVKH+vOnyp4rU9Jg98IVHyyR9Bk4Vc3/UAgFcJ6PwAvks2/337fr2lCDCghT+4ktQuCrc11SmAYFrNUAe9m81XZYR0QoDpXVn+7tir2ZVPPs6pkhzY5lOY1ul4mTnvsv9iyG1l29euJwtjWSklNxf1P1Dr9jrUlOFV+EvVlJRwG05xZxBjhn8fY+qj81nd0zhnr7t2dKLm7yEkDN0XnvqNYV+9zjhy5NldFedMikwc7KMMYjDcwNZCF3ALA3pN+Z6aAAH++57ihitRJUdNRPf/MdbUN7Al2Y0lvKpI42ugz9gT/LO+Pd2UJbbW96EYX7jio2Js8W9uVECJdPcRR723BSAfotk4/9Z599sUUYC6mizUA3CAqg3W4BFQp/eSfWAwtOCz4JgWSYfjSX9SVp7IJ27IowkpddxU0UZpMlkL3eu7ZRJsxozJw1xJ/U1GUVuW90SnvQbU1priyDuAc8S8OMV7G1qVLIK+ki9elyLZwUaM9/dLzJY4fMlPi0dgl8wvkodRX2FBrzfb8xI78Yp0BfnTKNOdwkdLcUjppTc8lI/fLQJg6Y7CENmvMUxQNDBLtB8Kc92z+RQwNMLIfN9UrJTkU1h/JgW3Tq7nCPoHkahz6y7ib7nV/D5J2Fyj5HX3oFyDjTAvae+RIcscQ5phQDELvuhLb85vC1iDvN8erjhtfz8CfsZKxZtXzP0Q0R9xhDnBsoseW7iTPDoEnhkKCW9KOdMAh2auTqXue3K/aJISALe8MgfYVfpow7EdeqpjMNr2H+eWkUSwTyn+xIbyFla6YJu3OX46lt8QRURf+c5ph5Pj8TAqgbjbGnl8v4hrKAkXQ4SzYfhXcsK9lGHZtGPsAGqnj5wG2/1jRqOGXh0rBKwEuopAi6Y+ohvQuBfjjUOfKsMIY7GIaZDRtkAc4FufVc9JhRF1isXYxiJnZ8eJaKQjmzBxMNplUhPw1C4zAyoE1Ygnf/KHFewMHQ0PEA5gXpWWU3uA9+ng2I1TPeRVxDjl1WPXLPV/Sl9sEjQ2NcIu2scK4ZKXgFqMOXPLVrVChHUcMSLNk0aOOCpGBs1QuWvhXJ+phmJMgBmyL6zgtdOBn/7o5oX88OU0XNBqLSCg53XiZpkdwyRPsiDL6+PB/Ao/ddGl2D9flCz8o2xmvwm0MSubUuKt2v/KqjuWVKzm0nXCRKusyX4+5ZH4jmBz9JLLdkYVvExzcoB4ljLCSwlBPJ/xb9DVr91nRIh6go2yW8NcDf4aIcpejiX0uVaJ1IDm0gMxtuxKeruaJI83ITLMj6Nf896La6V4nhO8nO0BJaDShdTtSvD4pWCy4SKLug7S4VsBefr05SB4/Ken9RnZfKSbF/oZ/vAu3qRAsyCZJJQCV3N2dunv5pWZEAFINCAIlnanX0GYk4FnCXaqnDvY1UJ4PqXuUq0cHKboOKbDZWclRcNJyCJyaJRdK5rJ4aX4s49heDwEbUjU7KsA/PWlYGtYjZL9Mq2svFVKh7edAZhPnS3vtXn9kH05BS89ioko3CSEm45N14uBA4uEvQk94GckZEHoZU3G3r9aYONXeCItsKR8Kl04yKFq4blZKma/BBz5mh5FfekZzzuVp86KTcKcKEDJEYYMh9Wzihmnoeu6EiR+FgOVys7ZEVUM15asTbV2cdKj2FIHqQYXMnAR1hbeJYTzoU/Z+G7HJSVrLUIKvP/XdEqsVTuVJ/KgyjmtoCry/63R7ofM56YyFIwY/syU7pDZhwwRM1dVurZ06LdWedrTy3o1iUOiNVP4hJwHLdy5xnZI0sVw/ZQR5W/l9tWIxs0b0khuSGdm71OvSTlftWXJxHQ8MLYB7Nz0N8HBNOAb5lHk3WDt7G8TiG+rLHXC0/9eQXeQpt3RMQBKEtO9ZLSdJYgzs52lbLnS9dRgxX0OrvhJH/fpRpmNvoyX8fugGNBCWp+RzKy79MLqux/dVj+RN7tzlSmWfmKbA5aJgKtmVgxunQz7lWtZ0JKc/sX7iFC2cE9aiCnc4lkqY/ZrkyXTN8dG/J8izBqvt0HM8zei3z6WuK7JyZouxT29xXFojXSIrnTFVaGHIti+nBsf2tzofSpXM3cowvrBhiZcgMiqp6IkzoZr1loASifPINpOLLFokUbHKfBFtBWBOOXgW0t3jXKL/78516tBZ4MY/A9ZXq9KIiSzem3JHumOnEq0wsB51NJO5amz2pi66J2Q7br7VZ4JQcWArtaSlW753It1Tm6Qg80G9uoMQVB5jn4miVy05q4C7ZcVgrsvsg3ydyMeJnfSItVK9ZjQPE2SRqSpl7TlAC1FHvHYEAmtz+CmSHgiJOfjNL1pCcJ80cJGYd8b/omN5EMe2B3sWWt67RTH5QA2UQPobPK0OOJ81sPZNdBry378nnHyNEh36TQ2hCUObTh8W2rhXsy2Mv701dqpaESJjt4/e99z9IzBAXlMrpSg1KfmGFuuhT1mmVg6o5qp6n2r6xBC7wknTJLiTxd/pCbSjeDHjymNlcFg9YpVQZJe/OTRJGfSa95aW282aleLvbOU3wZalQyTb/MfR/E4ZVKq6C2nhB7BOi149gwJTZxj4nLQyQGNVt2D4SCLNPSnMh8OzRqSMpodXEUGrPPpOtC15GLiQ0wkRaOOr+qg0jCUqaV/W6ArvbCPorvPEpnvBg/O5IukIOxxABginZPp1E1OsWn7RM1cbOICl2hwsvzELtgt3yBnBfuIc4JGgWT03BxyqRmVa/fUmtu5oaEcQnuaAlpW1wS22Jcd4/xus8ojedObgDIkSCJ1njIo5855IHPD4rZ2Epz4Gok/O9xsJzye4DJ3JwNfzIV+/hdooq8tbRFZH0bqzlTrYjeQ5sQnLmPssGTOSofzFk/OV2wDgezTwIukDR5uc010/VSiLxEgH6gqY2EsaQiiPvljBUUtYhdaHzhWPfFFj/+ftgyn8i9gP/RKbKxRZHa0pcSoc5TD0c+mgSBrYRl1R7fSSdb4HpJrrArSIE6Ktiqcop3+Jmp3M6PpE882k7sz+CQoaC/s/LE1Mgyi9jdnRscku1E+FjwafMJtKqClZZ4+JPlFMcAxPmtHvy3ISLcCvGtiyzOnIMy71IQIVvelOVWnLwZIVEzsNX4n+/pD/C+D6DsZYAcgLMw3ZR5CYvmZ6xr2at+PqfCjSdm1/UHbFeeWNUi0jrf3/4mK8Sc1QYRrv473ymxBbeCH3fREDon9ZS6a5GsabFoUlRA+78vFnhcef+yZa8UThs7Wcu46q1+2k6rUcfVvIpHH2XrWzS8JuEa/MIYdGqXyk30eKWQpTqVX4iC/ScW1GpOpqn48z0Zr4Nls0HN+BC0uQMGduZ+yMAL30k4n2xr1taUCruvP5u9fy+hafVU9AE4ctwtGDkthKAnmFBNBVpos7f2HSgUFXHeWNe7YZxdCQ990gAgd8oSPR7TJOf6xWa3D76iOU7eVpoPyklyhjq34Lu4fp6EwfuGWVV1iMP51mjO51Wkz2fbBV4JYb8jiJk5TdRoqKTy6GMv1WGDMAEeXy4UesGvI0Cx+AwCU3nSpwIEZYpR+rcPz4cxZwbekqWkssvAxZjT3bCYMAAnKT8HAqJ2SF7YDXhaUN/+Litnt1VlcMH60VH5bniB2YWmrxiJMrR/2HkKYFd3LtLlQwkFBJKoIGuqfoNHSPw6XEStLAvQKFM00GRgn7w/4TA1/mPXaGXHixsDCUa4nxt6nd6zkkF6soMOk4cDFjaKQOowx4Dw/UxRQvlh8cbukG/Ab2XVsBs5Lj4WPpGWbuttYOy5eSn+yKnkcA1Ccf45+m07zB+ghXJo2qdzLNflaFWu7k5tUh0J7S6hohPaKc27KSHq7dm+/CHyT2szGbZ3LQ1Vh/ADt6dfprpwEDsgGcYCwMcgDuroawB7jshbxBUWIYO1Y0fv2JadBQ7AaKgohqmnhHo0/s5kJOP0pEHmXV5EYxtYkIUVK+nPitqyB0JHKGgbuyL5Z++G9519Ot0Cd4mlP/qXoyf2fTkIVHQTx7bTcHYVhyCZ4cqZA2LAV2qB9j7nWK3cK937682yc8I1iWGnYA+Du+nOGnZmuSJ4h4HRedbYyUZKETrFSwtYJiM3Ue+LZZOpAEr0fuKLz9qEdlIGRY4J5bp1Qi6sUPYN9CJr7fnvvp1uO/wMZg8FsGleIMz4f/FTt4px9DSM+xK0Uc00j5jk5AstGUeaMzol/zScTs33rzgmiuvP00BLIaRRGRsWqMzXqa8pua3j9BjyIzNSgZx67yon3slg3pgLDjvMz8LxTDFlckFMPcEOsXXHgJDfnM/WvJS0byNi5KJMiZxHN6MyAsYCvgZ5gLoD3zJZOuQ0z3hL8/KCFFVWUdJs0NI6JeAm6Z3Poy+7Dv9bcoqgAAAk4TwbIuQIVgQjaD5ILR1f6/HnGqqnF8muOVk9BFNBfCkmIykM0VWd5UunHBJU03/avvBhvzYzNHK1Rv4tf1AbsC1UloQjQ9R5r5Ob30RFvyLHm8r1/p709YXQSxn/GNjj59iBeICUWBdrn7baF0CtSG3Te67oi1eFFGpy85z0S9hglxE206GqqyUHNTPsh2ehI0heI0xZjdg9ZbWyTO4E1m0NeBYlUujgNXvvW+9YZbnUzHDa8Pl8fl96xDp85QkoyBPHAEa9c6oYznRyiqwdwgf2JjfAQYCeMqvx3RzXXuHcv5oarPTqU4bBG+03KH5g2Llhv9uOtILbP5efbEv29k1wTvJQq2IapwcXEk8C4Gpn+iuvnso+0SgWiC++dM4ThbgoIqoZpiv3CFEo7HWBlnq+u0Nwe84iXJwOpCFD+9cX8XBehMEiXXBWxQg8o724/VZgcD+NYFdf7UuMAsYdJNktOPxBV0sTU6lml7iYPzGosniR/IQVPZsBVgzdU2+YMvoPFk33dJYIf9kfTdLPmTBlXuPr5OSQIr98FHk2rO3D7H4Fx0Rg8MvYuMgPe87RRfoxpNW3guL+hlWT5FAZyLw7AHwTWGDQOXv2SjiSTpH6BCcUKLCtqrvVUZg4c05vc+CJUFi2hvms5Mjz5uPKr9/TuvVTm0mWDHFiv1O232SLu3eHamSaYzDLPe2M+ZGFFvYtATEU5rik3E8LKQTwxdLX2r663pTzK4jwJ5Jo8vIalkNC2dmJlL5H6TDyen8QPbsc5z6Nq07bR9iUtdd1GyeGautkj5op49M69NXg/nrB7eCinjBZHHwm31WhlslJ/pFMXw75b6eKRNYgYFQJHq64jg+E3uVhAZ+uug/qWtHd4mE83pREOVYq1V9nqohGWPvbVImQO0MqCb4JgQzzNaJr5PGyUk+KIu4CqAZ5sOxLMcRY0sAo5fQz5KLd3jrwxPODKqktJ+EZz3g6FayK23J6Nzo0DdROk7KLPb7HS0YTxyy0NSjo8sXiBc+6k4zKlVMktXVlcXiYmNITQjbNkKkAo5JN/7BGoue7IAMO+V9JN1vaHzoo5TdmY8cuHBxP19mPBc4odZTWrut7yPzp0iMcDCuhD9jDB2351VRk2oKJQASLd4X+lmOU4tqBzrns0zUqHVeTKM7XHrLg963vuHSzaOGK8XQh934678NC+ozyWQBDv8quro22OQdiCwkQ9PaAVzLUgmKjqFLgxEdNWj+PmJRKOquYEVFqRYUaaynlHiebPtU4JRlHK4Ay/H0CBZ6tpqxm8e3w8E3EKQwaZmIM2Ebz4HcBWY0Wkreuqzg87YiGyYwOfUYOWVd1pJsNYDlp+xbXijbJ4t6OAIpN+308GqIhtHhXeglTYFiE1l6UGdW0p1KQkqw4MyigcCbXhSZ68LtUk1YvQcjNyuvbbjOiH4VlPJ8xJE2xyYewo8WEBmmFLhjjgk66EOp9os2ZZTfLrvJeHZegeAZ6k2v0PpZRGIA3T+bVd0kRPrOrYxKHnrW5SJhPj9nfAYzAZevDSTnn5KBUCqFvELZmXHAslwsqWVkeORVv889T722lrSmkgL1gRHtbXnUIYnnlNNuYJ01HbyXk9tIuHH3DZ2HxAWTNqleApAQneEJevAnyHFB2cxNOhEySh+JSf9Q6tbUeGUaip+w2gMqRM4gU840fufV3KhO+e2tqm8AC9d1yelkuKEvdFcAxo+PmQlDSlRAdTTbV30lqrsBeC+V17np3ZB9VMKyq5sC8qbhxpd9yxljNQUPkkt93Ylme1Qi2WRMnJlMOI/kJTwGp1IYz8nIHNe163STDLXniTKaYLcCsMfrbdSC9Dx+S8fZPZJxeVvPu7vJjwq+8GFBomMU9X7QQCBh3I4qAaPDS73Fjxr8Z0m74uZCvyLT+LebJKdasNFWOLESSisUi/pQID5e8B9QCAIVvrYtg2Jy56DHEAKpB7dKKy0XSjOkJ8w0sfwTqQ2uoNNi42LDXjZRU23naVOP7Nnq5HfGFWjL1sFHScaB06DqidkXTWLuf6z8ZubPyxQes2nPr5YB0Gc+tubF7QmxL9F0MnXBZjoKeOy5oWzZisd5dLT2s7j8AWsvxMS2kSV2uVQ1ogEm+AreIz5xVzLTnwisIEfh4OMuSn5t7iktjw/0XhzK+BYv3wOoCTyexRobNcn6Lm2Te22sZOhITc1xM1cVlufGMU/VBoWVTeQbsXFrIUN33SfyLCQOUua5A+RBlRPb9nse7v5daUtiYS7byYztTDsVuZzZIWfXCNrkwws3183lpkI88vlt9eUZyMvhSrkn7x0Ae29WSFBsNumB7QFTe+ZbcOTbtH9lGkvHULPGYEwYIadDYi6Jr70/SF8ayZsR9scjSnEHRsBEJnj3SlPHTimd0+zDoz3uBRvz+xdLUHdKdMmU0e2LZa+V5FqVcW+vVPPW83ixHzSnrX1UmuPxvWiCdCzPGTtRTD8j8h+rLO/CAx4O7+p0qIQfJsB7Lfy6Kd23wfPIsONZ67UXeFOcQ1JCwMUwDoQE+eDfZxq4js9MGA6dI/8r0XZNjk5sHXjqAu6w+k3p4DSW+IMvy7JQdGxmi7JhyL5p/898Rykm+kmHeOUbZqjf+2iMp9LHU32ME3K1VWDZ873l3UtDHzaadgisoiV87DX0FxrJk/H0G0qO03Dj/FyxSY8kXxGIbPuNSeA0mm8SKXMza1TUVy9+20Eclm1MCpESQx7+qzhbbaueGSulJcBmtJ5zi/bIFeYxmHvriJ5v1OBO2eU0Pb7Dw46vBepbHlHyD+3WEzJmEDa1XCNYfcddAoXXdme3M/aFf1XW2UyV4BrBUzvLdxgEbR5hgiEysDLr5/nx5DmH6/NknBNzWVevwont1y5n9KXEg0LNzNGdZbHLh9hHf4uHmBhp6zIsEe5v0ndZGooLephcIA5/ttxeI06Qv0jaLwfVya2mDx3wU/2b4XyI3wO7FL5dpFCXKxHhEH9ZiaKYEdNyczH6cEQiHkx2GHW/N7/ZJadnQKc9bz9ic1ZZl1x/QA3huj+8kw+UCJu1X/km1rvC8j42IJU/9d3Z72zzGhoZg7SKmg06g4U0mQdRudjmz6MZSKwHd0qYIT1Jm35OzCXwGNOyOZ4+NeAHLIGN8A5mADyTUU+yBZyszZ+xF+17XzgUoQRq+RBEqHZeHmZxmhO2G8GhVJ859h9Hy48T4Ev8a5q+HzFOyVEJM5/2uO4zyPoEg5fsTgwOJIBDNaa/XqmzSSmm1vvR7qCqVUOyhWXWRmLMgDmOS19uYY5J3dDZPAv5UudGg8aFLIq2z931nnvQDeTidQYn/HARAeu6Z8yy3ZP0OLgVumvvmqNWA1TozNFO9Yc+2fXdEuICsmVNYDpPg23Jj4L+0cUYrzda/rf+SPgGr0SEuuTVlNZUk7Zl2Mb7fBYpQGhxaDS3F1oYLwHqEDfhDBQibYeAmL5ADbjz26qAOANv14a5rYCcyccpo0v4QM7SlIx/nOU5XF0+El/DYf6NJA5qZN8OzNvAGowB9U/fmFCZM3maeKpUUey5jp0K1/GyQ+VA5Ab0LaEIK7ubeUN8lwlKne+UbuG5M+FEDrLsKn38CeUt/m7owLsaHKLO31mkhamGup8de2PABU3/b5vX6BaTYSYxHCaZs6SmIpPHA0NPxaNyMjWhVJG11JjpEodUtFEuR0OuMvYIKusc8UlvAaFS7M99dMU2TSTY6oDckAk4N2n+blseZ4nPyLyYYawC2KoSoET/VwR0GoTtGQMw4s57/wRkzkQBT75OdE95qwAc2M6+jC9PY1yXCJUXftHNSpN+Nol727jnSzR2SlDVROHqw5q9UJBI8SnZdhfhec7MntyZ2+3IEtf4Kv9mQzdCH0KnV9h97FvSc2uFMfKtbKjgFohS+WCvw6ysTZJtCY3VNK9jqfShE3WHHwGlt/CQNaZ+RE53mPWTVdVznVcx6SKv68T1vLLisvCI5opr50TxqOf2oucxl67L2UWyUIOUBogDh47+pKuvsqPqBZhTnPeX45A0amZYKhby/RZAR4r73bIpSyfE64SE8VmVkMKo4EY1h8mfxH25yKiIz7V52dQzj/+ro/tfriSoAmtr7UgfhSbmCmBg2BtaGN9XAeuYOjrNVkEYCmtfZ4htdJYgVN7P9ADkCewHYZnPFRgGeqlrXZSwVeODmv3OsnWKOBzqr8caqzxARX2c8rDeXpqnb+/tmZV6YQKeLvVfHc0fqyGA+ZeQg3QY623d6tw7njUseOy72dhL42nx2M8Hc7ZJt3/jOpp9yTRQ8b1+5sRthfW1dNiepnHxUMr+NMjzScB4vo0Axkob3R24hqlh8XuSmPN7HI4wpJuP4VyLNGkHOPt6vRR3EQrod1PEYCbb4X7EW7VWu5xbyNXqsPOXqWUJjA9HLAgkE473SQTG3k5jMwyYeXC5HlDtOGiFEL2TxQ/skONBFfkoj3H7RfzrX3ojr/LPVw/tSrFKPj9dwIpEDMXnO1m06qd7hOvJN8LGZG45mhwXXCJy2WTOmyPP0HrRdNxk1SJYP4mc/iHLG1NtATxdUZEIa4yPmIg6pf6ocxpUulUviibB9htRAoUvunHcVWvDVjp3yEr5maKkr3MnPNhwpYm9xsgKoliKs5Q2nlmhOxwovi6OgdQMp+Ha0KK4qBF2cqJiOBuFow0zekl3s5qs+F8FWRXyPqgjZF8Kb1P+7dYlLd2AXaviDT5GroB7dCrSvaWsDD1qGaBceSVeiaAOvRoJAOmUQtbgYRKi/QhUZgzrkO1Zm5xMzw2buE9iHGv3VbAJZCOZjDzAFtdk6T9Pxi2cHGFDLQtBtG6LZ8whWswCPUg11O9xZsNTHeAsODXQIHE6QKJ7iwQ40TblRXfGC8cCY8EjM16+cXLDozFUHeMgC+EVtyI/RagAAAAAAAHLaZVZnQio7t0DG26l0AcjOieamIgqfPsBX348AueC+jy+AJv/ypWPkVskJQijdoM/ejZNylF7znkse9idP+6uXZoeBGtikBnog7/hT7wEH3KGSF14WY3VZq10o5LHuyeX2sBv94oqGttBdwSEeHr1C3kSIS9LnHMKZkXsbUaTmX7mLbutibk2xC7ZcXLLLSN7CRnE0P5ZCTfu/xVN2J4An8frEvTQVzrAq9BIZBClSRCuO7S1K0A5FKs/AFbEHFKclvmu58vGhTBaLuj+8EEmt2AFGVOzBV+CwgL49PFnBen8T9j478Ryff+c2JPjUwBh9Rd5bfsZyJo/oahMx7pGV5ApnKEMR7RQVJHIpXyIa0IlVW49yAU0my8LBZe1vO/m1HOb1zj0eyJ6dVWFG8lGyktyxYEbgSDnVOWkxi9wXUkmm7ud+GjEvk6+QcbVdWx4Tv3n7qUGPBF08LQA+CTZnRBnL7HMZGJP7aB/jck8KwrBslBh0jU/CM8GE6ugZK3Ro+Uhrzyy0t5A4AF4c71oPOoWdFV36lIruWJyISniLyOUGDPHXiRgG+8CDNQbC8PVNYCANa6Ucsmve86JnDuNMYgtv0JnlOGjf27N2yUBxftXRruXZfzPW9cig/BzptwmKro9pqxfLHoGnXBm59+qJF79p+iEdISwaE/SK0B4x/BQ8Yfoh6vkAGHlkOXyt5tAPrc+iXLuTxI5j4PqM1BAThjutYR9gUFX6YxOPyASyXDLZMtmkCkFqacMT4CUbrW23RZQ6AmMQl1feJ508khwZjS0G3BFv6ieIk5sqe10P2QUN6BkDDERXJ9D+ese4wK8YvMtnohrVF87u3v6brl3J+3cxKzROQH2Dx73zn0ZSyPDbxd4CV4RvEPIYtnMZgdTMjMOldyjDcBKrSvd/03Oot83PgFclXGwAb2BKvrkADz0t/oMSRmhdVFWYqJs7QfAOea257JqRWJvkBc82S6BjK/WQH2MgqWLNEHrWb73HK3xtmmWne0qIPzTAWu7BR8Vm4iFfandAOd24vCZV5HpxJmz+PvV5bllFVxwdhpIZTyQICPdPM++jj9Fi0iMILfCDhXFW3Mh4C+Hq3XDKrck72cI5Y+rc0cRxGsEd0US/SlAvo9S9i1pZ6jXstJXwLRa9SDigidNp5baovaAMtLc4m1dfNOCL1cW1iT/HxBrdWnsnev/g8YVMJLAFCzEFBTZi2pa35M1axqTVM9LvrcpYA3SESkhUaRBM81cR4z2XEOcGe9iZrOG0KXJl68HE+Q+nzIEuCxStEJx/swUP/uqbYYXIwgGo1pfo5/wQ477DAdNfMhehwwFkrpP4fRwnqZdzzuRpuo5Y3lAS2D6ou/UE6eQnSckloqK8BuMzI+sMYQ9Eqzaz6Bzzv7fa7mbaXpahCNwM+8+Jn/+HYdnf9bp48BXoTPf2BRso3gP4SY8Uhz9C+IbVYZ2RN7ciIriMbnAjfTWLIP4ckeXPQGGeJXicIZlpxwUZPFuIbCssIJDqyPJIReeKdDXbl8tfJKAetBj5pfn7HcIwsZJ6bJjKmRnt2LSLsmiQPWChR23lkNp7tU9Wft8GrlX8kLOMHyK6Eoj6lxn6j3Xli+LrGw3zHEKGIaSHbCs+u7Nsvq2Q5muPtYMhQJhZ7CQ7ultJ6jEnHHYyD0Q7s2+YzwlWslSgUu7WHYWt2/SvD3R7ch4Cbp1/IS0OFX46UGvmfM2OiBErjHa4iOWtXzXL1KEnMXi6G8CEqckLGy6vihlA+BpKISLu33q+6JuI2CI1TUxxEJLP5Sb/iSi8ifEa8nFgUUNJAJSEGFhBb5XbZsEN9suIUpCiPVid65DTZu8Yc1qj7sM/1HTvCn99ZC4TWrJ/YMgdOtaG6vYuFU6OzvzYzF6CPU8bqKqfnpv6KysXrmQ4tQaaTWVdWj0Sto7GwitoxIWHJ047buc0+zfvpOtvhq5UHi8MItDF1oCFVkVvUw1cuHaIS4PWEGRIfv54/7I0+fzaqPgsrXBulzcOWzjM0dEBBRdeGOKedOkfUfqcQj1tzSzxI+fyMcTAXJ0QYTVgVE576wfakR9TTLOZRE31FrdHt2Dn85Y17hJM4DUgxcz+/IliUKzSpZi5e0Cz6XSmgADsBHAX5WBdTvgoI6srao+q3PIk6WpsM3g7WtCiPWRt1ANzczjx0wuGa0P/Ppct7fuBItW/oN3lK5HyJ7i3EOdX+O5tnRsywoHd5VRGm57tE885lqX8OZFBYltRVqv7L9fx1m6JgyNap1gjEtKtU2wzjaEjU4jRDPVhOBZIxrPEFPzYAMCuKmYXvpCJf7tIxOD135B4jBX+etPccue2DkZLmfaZIQiz961zEiWwewSJO5dCze1R4VynjP9oUr6qpi2XNlaVBpNbuECPLPULsX0rPE6R1nc2LkBd+g9m7/SoBj1uoqlzdWB0DZg7wqvNauA4/gs99Qds2FfNTKJB27o5bsQ4OZa7lQRz40qVpguyBylWRT4u7LDTfzO7qggp0O+bxYY/EpTYEEQgFdxLcH0VfPWXDQB0E2mu9HAi2uUg0ZaT7TKdX7+ZPG3j4GMZX3ccmKe34ENxNF/uivFfbrRv1f/E7lC7tjaMJiFv9xjsLS9OIX/5IdRA5/2p7w4Vdq0OX3XqlnjJStH9hQjr4fJG+NUbVopK6MKR/CVCuuDMCozPTK3KEXktht1+7jhtPhby0MrdrJ4zuM7uSlvySkV7XeJlJa3awqvQyECpn6v3BpZDIKDoNTt3YMzec025H9HhdlHPUBGiVgyXgV8h9/cTScbRbRMe015ViV/zXtDETOfFoxxt36049/nXxa8aQPvh/2ATgg1V4CUC3mjIa4oMT5OyNsTZ2VbRpZkmFORYbPgYvZm5yKrRBAQfeuiYeZCRWfVtPbNwseDxWHQws+NlXlmD/8MopnmJ7CVyS7n7kHqHPjxMmeLo7wkNV4Q+f8wvueupc9w0hCW7s5+ArwLhNsP8TpgeuOvNFVJpnfJHBMCbqjmrif+FZzh88NdHlFPRgUpB5vxKPBzLHuCrSFxLKOWhzypzBGLqdbjhUWYuQkGt6Yj4GcJoOAu2EMh5ID7G9qc1ifnTjA0icFH1nal+IuTCse1vbQ13NnpDGsIfIK21e1sknEfQvUbTIq3ZPHM9fz/lc/M/++BBQ4wnJUwhkWA5YAn7zfxadtOt7JE/8dQXIQK6kiomKR2PVh1gtz9OQg0v8EfCWM/zBhuxyu7glNeAMjV1C35fPPSS2Y4zbUyo1XIT2Whewmr5iiqY6OODJus97hTnxwDMUUJW92lMC9Zcg1jrLxek+SA/ViLGYZznuXl0zzYBKReUrNaGQCnXhSbe087CKKt3LuMEzcVUhyft/wI28yybGDFGmxmCXtfdcZzVV4Jb9ErZ81Rt96Drun2XWzf3uImYCcCSWHyVFKhv9Qoif9JjpdMpT5M7+BAq0ybbal5D+rSoKgOgtD8d7MX8nbndhKpeD8RD0T04U+m+h781NPJrOjwIKYQf1qUL5Y8+934DsTGh7lC1WKzI7pc6x7NvUXibeTMzeJqSyTYbLDQTW6unDUCYRIHta7dhoJpSucZjeEPuHAteYvyDI4aqBgkX/Ht7T4XFzFYtRc8D066I6dcgKwdHTnhuhZNTJqfqH7syHUWlW/pIVPt3YjBH3d1K46yO1xgENKaLQSbZ6ayVpvtCcwJDl9W963kG6wNYhPEhBYDB2n1QwVreB5QW1jaRpfR2ITylyWH0TGHORle1MTwWK9W4fFP5tEujtOSQsXbkRyIrmEFtX/EgxdA3w1+fJxSkHFQ+gfwofnKsaNOxoxtxP2iDAvd4Gsc40FQwsoE/0fneOuWV2AmznQ9+3lFEdnRqWyD/0TIGQolM2TeuffkCSD3e/GzuQTsF/dl2fVac0UqwY2kZUu1m2O3GeLEh3LLIbhi6xkfhuC8upEmYG9F8Efcwydd9AUktgUkivIayJu09zuJXBuw0N2LBOGXs5C/hMfTaMg1eCVMicP7xtsuDuSRmRwKVnGwq84g/lLYHOCKRXAHS1kUokEUN5538IuWRf1wUZlis/iYnvFNG2clyjQsd2gT8xVIwKc1t2d6ROJqG0izAhL7AotYybghG+wA5BVNOeC9/dloiCyJbteyYUl1p3xdXn06kasDxHq1TscgaCb7rsW21788Bar+rzJXQhyxF3wwtcuadR0cXhpa9wkxP05bj51T6OlnohcMkeloAqR5NyIprK0q/eERKnb7D2O23Xd4H/5EYTzdczhUVRSAZhK+QeRVZSADvtvg4g039S3HpLVJoS4t1sg3y5pqmAk70r5S8RoEAmu5NJ+zXWG+6NBPaF9JHFVT0gCrRh+I9nXVshTtSP0nKjwRrMdLAyE8rUZ4SJVXQ9il73huAiHfuWtUG9gtP6/IZVOUlFXHHDRQ5CinaF/SjCXgXx30aar6M58u3TxAyok9AavHmgdZYGW0ww8CJAFIIpKW+6uWgmkHkGpeivmqoDECrV6zvRy46juqgEh4vSICyJGmkwfAsKOdilVIpSgMYQalxpbdxPTleUGVeFn1kS09VNP5sMgiJ8C5fb2JGoi7rYf4Bm5bHywRMCOMAZwoIsGFmTunMwvuzhWGnDAo714emFyaDFDwKJTANedNLASGQfcfScU5xqu6lmPLNflkLtaXjcio8fHTaJOpOpTAPlY80C4r5ZXywBmDX53cb8KjinYghc/BeNi2niwho3j7Jl5ka5D4BlXvk5M82TZUPrAAq/2YZQcKlRjK36oTq7pPl9FIKxAxQflKYnN2jnlSsBN7jzNurjlm833qLF7fEASvks2AdFnXp67eZpcdSahiOV85mMuE7IgtNV8ykMgmWsyC36GV5qP8OUpf3KLX5Gp8AKg0YAY1ZVcwdNVW64O32D5MugDHuFk4ea/HKFxcxfBq9bhJzKeDMHJRNdHymYVn5F1qNrf/TvE1qaTBkqhnREE5TtPhIV1dHUIWp1OYWLxCzVP2mAPOL/x0kR2UBMIV5AOIs0u4THur2JY+5ke4VtDS7v3d/5dovF7hFlOt4oK7FAdqpkrNFJrl5d23bzARCTqM6tPBrz06uN2kt4W4cGuS9D+r9v/amArNJXcawSzZHHp64+ywqjjeBHn4S90mii4bnmvnRXDGQWVc4h+5FATLG3KqwhZHFcwXSZcSLtZ3N3X3R0HLJCpqlYLqlaPppPyXrrYfPSdsxPa9PKSxB4x59YtvLJaoXvtzRorXuaVx11ti4dujF6Cnvckj36Ojr435OkZ7knEEnO8AQVs8BStNgSgkr9TnIazXxpA+q2Slrr/HwK1mwAAEjCAHnXJj3wAAAAFspCciQhgcNADQqGh3zDj4vBJqS7MK247qgKQ7h7L3PPOr3PkXgIIx7Ub0OdK8qe6AxnqrBtxcONwWE2hx9vjpF+HLJE0tDQL3Nfk/CorUCn1MmtF1ZRemj1/G/Fm+dUQ2F2Ly0ehg5j0GrOiCm5adnV1yPSvikKVLDfEVcQY43l4LNA/tv4JqUZWpAZkVpd2hF0W2lbz5XKthAepLxPD2j9tDJa/np2ef6v9wpIjrSRJXTdHoLDxjPxn92ltE9WCAFJ5vMqOratD2H3sydyw+RLWfelXcJ3apujNJDbkAXludyOOPTI77e/GknwZmuUt6fduWnX0h5BWuc76NWEFcB6+XRVNAzr/BO5z5MaG0ezBnj3zn0s3xI8n+n6pY7urVhDX6+KEfuKp7Mn3Kb56Z6GyqROEhpWvTHxOXsfnEEDHJCXBcW9kqmioPso59nKUw7VZOmIgBqaQTzF7Dma5iFHQ7QvmkWwwZ1s/SpHNkC2jfE9hYgxA3fawapboUxWXDLhNh2AE/h53pxlgJaj0FGZcwFQfrmVub3xwM+qtZIgHVcrn5l37K7F1WgOlzf0lW4U2A9bcaRH22aUh2/h3r2yWZYrzOWSEJ6RNN2CtFMdBONPkz4SSjMYDtsb8xVGS46mfcBabWtpi4aJp7IQRljWEG3V6qFb4gtlihWXv7OxRLDdVyjh9ZnzZywRpfGSSktewkcYkl6NLRXnz5vBwcTDbEpxUYO+IMK/VNWz60WPyrPgvZb58pDJu3MfHWFQr7QdYy360l6ripL2zX91z+dz5DgCbZ7Ngc/jY+G4KUiCkh8R0Xz7EpGozO5WAfGAN24hghgpwoTnfgZQQpFLU3Wff2Yd86eUFDjBKGyX6oYk1Jus3Tz6d2ukcs3ZhDoxxrXnjeytLh1nNYy5MDc0KV3vfeXd9wp0fR5hWz39Bv0PQVlv5ONVtOlQz99jCIfbDvflp2XkCzI1yQzv5m5LQjcafETS+GgolfpcfS72bwgK+qaiQq7NNtX0MRpfQAHHMbMBwFkLr2hlRjDEp8wIwCmatxE0KVkc0s6GFNRnxJ5mFYZTjdmetndSJy6qcCeEVReqAf00L2hymVLJF3kw8GEBImOEnZSHDSupWyfgbv0tjffZOgkKHKesuVfUiMs0C+Fm9CL37MEhWX0P9ZS3BrjJW4cCUzK+QevtGxfwkZ0inJQSoFyehBjb8sjAsbsyJwo4wRKueIhQwq1mrpXrcp2E6c9645ZvuFVl7vOV8sWgLe5eLWrLdPfX5YmbfEIbHqbw+u6b760CIrveVceK8HsRNs81MOqLvecrUSz8hXXCM3zwMDQFskUyQuyu726ZS0Qi89hZc6jhh1lUZt5SIivg2AQcWx5jVvf3a++SWTyhxC8/FyIxtRqAM4+dx2g/Z59LBoawHKKbhg9lPXflIzMnK8NFPhMnX1eRhZv4BSQndGk3e3VrYaGSQdM3r1As1AS1+Mm7+Buw10rib2U9DEDfUs1ift6RP26tKUM/W7UeCqD+UbiT8I1hl4KCSHM4ieNFyDFQpKpVfbHwUYYI8NaqRQe4NcilvQGykQlk0AtZpY0AJ2aWv/lQdrdZJAF9BVSxgiDmfAZw/p1ddOlmoVmMPKvTrBdxq1MzgUnX6yq8dUcFJHmlJ6DhlmUhNgZewuD3A0r64/C3pQhEX+HpeeWmuPhu7PfJ436yZd/0Xl3cUKVgW629U0+MNAxhGkSQCS0IkaZogjBuHzVcmDZv3DCCChyzUcJMouujWlsisiJMdDmgc+6nGiURvbFluXeunvOCSNI3nhhQgmDrdLr+KSndPkST6sbgW6MRshU9Ss4wQS//Be/nK3gceBUXo0mtRu0qEP5A8EbNXN9xNCikU5SnXMsDkFGMph0tftF0TbJESxCfjIoFW4JMieYVhRTiK+dIAx9jhtMK2BPwOsb2uvc5PUituf/P7Z4ZUvrQYMapTYxhul8r/pInEYAp+/g1UZNVVFiQim8csE/byJWyz/V8Rk55ot+GcEqxoC4t6PRgWdlvbj6cZOor4u4d8evD4VZDrO2x48OepJCVk+VR5lgnzX7huN6JFgVo6wrTh3edzG211dPMC7i1u9yPMiXhj20BOPD+ZvAqr3jGZLMcxLTlWG2bL9330TXMeSsAeBe6Gzw/azvlmfT1in++jP1w5fLfOeE1+/xrpl/AypPL4xkpwPbBvGM9TifyqeAPTUWXExgvtZ/eiNnyuUs3/P9Dl5/+RzwLGCKs4g81OyZMsYBOEf5NyfDrDIrj2azkpPwMHliQGanWUOMczWYMkb4kksmdkxy74uU1EoyIqEKUAOp6qcVYnIg7pHeAjK5AEgGqtcyFxBEGf6f4ovM36IEA7V8oeT2T6vY54hhNbflSc1FSXynfyq0niK48qyPVSeTOxoqTF5w72AQV7rTj9N8umfz//msfTvj3ajVtwdcCJHX+AIwBvbuXAvhf2bZ3qAz1ZNiUlOFEG+efqyk9Ua5vcY61qN5xAkZseigULs8To8O5klfWRv74B9pu6VOJHIl45fdjAl6/M7FOfKldJ7Mudv1Mx501XtvP7YlSvFEyA4jz6raWOk70n44qI8a9boG7pSS4XUP0OPxcnerhHpr4WXkKFVq3/9LL5GnLPL2GgDqe5cuJ2OWh1pvwdEpwS6GXdgJaJJcZ6HORpvT0+YEmd2/MdwvhHsAO0W+aMU9Dp5/w6Hc3Kjwt0xKDYKMxf4lMAMzZNPHkIviTL9S9FbA1KPtFkdE3pOBaAyMdU9vxv2SFjIw7TeCovpsYcN2EJsMCiWFuOE5ZquF/+IocwHl0ZtyTC1bRhGHTspdiTYnG36LbtyBV9B3fnbpu21q5EoGbK7QGyg3BKsgl5BVBu3vyVHTSOFnuhZMedgDVCzk/kYCBHzu5eTfA9hxX7IR0PiZa8t4cZpJ+qKHJqe0miomw45ncqbh21d/eGIZmnH2537tFP4EgCXMGIbmWTBhh3KOwiy/6Y2IMd4nbKm2HwgSUhoXRbloExldhUJ1PleBY3DiAJ61k8MvGycgOXfXzCC3QaCWnUYVm1/6WBXpUK4JsJzr7A/jsTpKibuyNql/QkIseWDnM4JSVNFDdNHZdbkusy0Kv9naWQr6t2cAqYDMh83kR/9uO7Tv/gdoxVemtgdlP0QN8T+pbbA+cAnqKSLw8MieChXLrfyh7vhtFbxVwcHQuk4nuv1DuYcPfrYMBDzgCbgil82PxQU0frmBL1hLb9WctSCQ5pi8EyXwSv+got1OZWGsLakikgBvjp96f6H6Az8DTbRSiJNVu4KNQ1WCelmZCcAQG96HAe1/8fr2E81m1XyOBaiaWiXsF/rdJlS/k59OoxHOpXUErpDIaJrWWfS1dWsF0ZYoF4edYymdNjOb4Z8r+/iKkLPoAcATRodLRWz2faRwaCdWkGh/aDwIFrCzfYowlD7asrnf51rR3I2e4XIyWlVI8ozyHha91PEmmy4csWp1IRNC06sfzIgaLcFVGSwKDuArZp42XeOCXWS7qATn2N+0GKrpHfDImZqR3j/klkZicAaH+7lkLQyuxPVJQKQknBg/JuQSQkPMZl/uOJyDSoTGhMALuSXfq0lHPJUpveYz419ty1lESDFmDpeetChYjGqvvbRXdjLUDIfkfb4zBE8ulFheSVpSqIuSV2lPm+c4xmDUlt3qGwMXm2n6faRelTRVgQX7cWDY99JUofg4fOPjX7uLKNyB7q3rICaAi0zUFpGewO4OZozWMsliMoemR7aWbHUxYU4mbRdjxz4nksZMUaC1fn3UoZw0coNSb3AuRgjI/i8CBNLyZCzpesYduOeYkZuOgc8ilCobtrS8gzVsvcjKrSNFeKgA6Yf6QRe9YiXv5XAvAG2OIk2J+uYkj2EWk+LkR8RisxgtTCRehK2N7o8Xk2xvD+4ifcZtgLUbHqGasVlsPZ+TUN1MGrRooI4d8L+64e/f1EaaDgYWUkEx3kR6VOQlFOGraUwU8jEDq1u2QzzB6Wnip74vYl3OlW7g5d73zoKjeKBXOAy3RQtcZQqhzVvVLb5ZR/ep8Rf4w3JzbXpfeksKlqOk3xtcRGf3fGaWlEGJwIc4X/rPMNmR3rkvxWoShrrn9cDutG81zm6hyXLlOi95jKAlxJ3XIuN0QHCjLiVNtZh9S+GhRv/2GxlBb9zEmyzF+0t58xAdF58advnS+kVrEOwoZnxCovATSMN9pd4m0HuJx/vJESjUO/tuUGFj5D434OzTqQ2KbxjGWyur5uEfvbskfamMKSFnJ736YvMW7EmXICmDr3ZzUxt9BVkbhyWcWbq9WJRjdbwRH55CrgqVNsHhk9aHlROW9RwMHYGZz4mvSwhe56RD2JLC82cqx9x0RcvtS4DmdJOzMSjkHRUDDsBjNVXZeU8kLoFOzwTaaDBUKp3FiUkmKqVj+qqmH3/NiQ/7iwk9hKZABua/Ip0ElN8F4ZaZaqtKda3CJUdbpEnCeaOaIe9mDMIZl9VHU8spAFhWuzL8rl4Kl68Jjw4gmAPZjPoNpms5YZhi95lVVOlMmnFL/u9A2NalBfCe98Xt3uBs8WrwCyK44h4dCCbu4Tgov7uoRNCFoFqT2Be0fIbhFDZQ19dK5b0BWw3MdX8pj1hU4guyIX1X+/Cgb0U2zGzuQDv/XErs8DDLLGzVFnIjYA5ssEp9zRJDfdsKHQBBoEwkQahrakAiKVlP/MMGALgZvszdIebgT2V6Uj6fM/OTno1+eMfc2xf01GhF17PNpcNo/nnUzC3wbHoFcey/sa+uMkzenhnUYaCrjUXYaVgT0RzamixBoZ9Q8352yzBlL2eMpqtgxO3RBX4V3Cvn3PqjM38CkN5R+F4QUdR4eAB5jqiRCCwuhcL7nxYREsegYrj0M6r50QGWDppsEfnZJP37oHxpRoFVj51T/fg7nuTrs+/02nos0mR+KB/gFXQ84LhpPMmd+sSSjKHqQ0NCOGqRPDaD+rYSmSb1Vxrx/9DkbJFUKkDIxBXz7IIJjA6idrGmwbSQm1IWQgctJ07FI18DeEKcebGt529OICEIrMzeiwXV/xU9sQYA8xLbkwQlavFdB9qahRqgKQ50yoxC1TSBsBCmo+C9mAg3SkZPsf68w8AAAAAAAAHJFpwEms66M4nGVDuR/C+K2stKna9rIJODM3itmtFFDk7oi3mKyKVS3JNLyS5u2z30FaiN7nzGv/9dn0lumPokvKb4jmfzJD3PJKbn9hMx01GB7WKCaA5Puy5W0IeXNQ+L58zx13PuRHc9fBQs2DF2SINeeVD/2ji4rHVRRu2LpBJNZ1mHFwwT16GmGOR/dpCX5KHmSiarBiJ1ajFpCleY5u6CcyLx+qA2Fug2FlV2rRMz2OsWRdRGxBszzqy1Q/aHOVJDKX0jA6vAOoIHCVHj4DPv50nOt7+3WvexQvDyVWJJ6qVBlEADCpsBsDmAeVHVKFPVC+digpdkgyJ66+Bbe06io6HzqRXfTllDlhj9/b/JNM0ZapqfWAR62hkC1cCQDnUTOnPVua69hDXdYmOpjgyDWI+FVcH3GW2PTJu42ap1eoPKwo85C2Bzekhn4uLRdVKxsuCMNpUNNSazoOzXF2PQvUEE9vdTBmLKznzQbH/CiDS+0jW12TD2r+iap7m13P36Mgkr9UMWb56i+VOmqj9jWCN3Xg6kisj3F4DLN1xi8CKamO/YVIqRXVhcO7s/Nvh62/fvtdDHKl4s8j/3Q9f+2r60vthZ+URveU5cAzsZP8vdQaVKCo1KWcZ5yZ3TwgQ3Qb8uN6FYWOxZQylbMNdnLfkSllFvj19h8xiJB8E8O67HRwwW9eEjUTL9Otfgdsnm+U0RZ58C/UkfKCkbTg2318VCaM3Zil5pBA36jbIMC/il3EHJjB44iLk93/umhd8Bj5zW2X7x9WgFTSZJEe/sjTJOLzUWUJajALZpNSimZKX++rALQKqtnpBKO5e9kzsIDWXWSOSrVqBW3rjjYVlMKmNsMdQmy/OjPTWNza0RUaZwxMfwXuJ916e6u9THHkuhHzhUifYvfSnB66zOdY1UkfkTI2Xj/WdJSbJY45DYKkZ6fE0ztgLbp1Qi75shT/+MBAskFqunP7i+B7yzAOo6J06DIyefxNcIM9oOO42e7tJ0St3Xu8CRq/HJdOLjSdHKM9S+VK7mPGYWvT4dM6CKLRrFzdOzP3xcQ5Q7On7dOpjASlRag0rdEonY83G8LEohQaPek2JsqRXhT+1bQnAhkNTTwK3CAvEqkN/Rch+NsXt0CbdvP+svAvUJ7wuFHtUfvROj5OrweYjt2wZ5+QDXr0yaxSyafM4++qOVNWEs+fodSnIrmKoyeXPJ2qIcjopPCEqJaoCN9oeIEwbepz1pdrbWnVsJxIvapuhRWNYKiV3A56pdzYRr+TN5MbJZ3e9ppVN877qR2zVD60CVgTnE7C7njK30tXlqmdVwdxhDnwO/rzG0rnnad4MTrbRKd5v1971a2D14I3eC5c0oielrVyJRXkT+9U7r1bKKGtJ4dE3eEMw3AiV7l3kZ8ZTFGo967Zcz9DdkNRGgds6js8hJ4ECuJFnste1aYKROz9ro7190gGsWAuoy5wjZKUzCHL2Jud6KO/hrJxkbyBeqM8A6py59GSmsneGSin6uhV9fa4aaII0Cbkf5uzmuF7X9GdyF/onrLCVnqWFJgxA65PebhFN5mEM2Rawj+E6DZyto4R7vz3YHzjxAGJkyEQlE8yxt9VfbNzUFoZmqzFi/QK16ZCd9s6yt2dNceNX2VKtFD6OYTCU22Hz86sSdYotqCUOoz3ayxHU92cKXoZzbK2WEA4nxNMm22sCQUre8aHn+IIKs/FF4yogd2MamMX4qt7wuz5b0smMc9+KFUr9kwN8RuHbsX3X04JgYH/qUB/VonLF9VsGbQwOIuuRmyUxYyCeYkLzWP7hIjSPhL5fgEi99fd7if19DKZQgjVKJCT3u/RffbAy0SxX99KiHp/By2U5bdzbAChVaKeBSJ8HxvY3sk3/F3cLP86vRuCMIV5/Gr+to3/jETIB4xETQ4TKCbJEg3E1AFlmrD6Assx6MKx+TqZmee2Ygj3k80T7g6cWl1WyBcqdh/dEVmSRbYSCm/zJwuSbPt4ExUgPqc4eAQqHHcvjZXtteJ0+TsZhpPlpPsV7ibSpNpuKZkZTvcb21NLvunDwExWTldiOpNPi0NNVcoOd7k52CmqNkbeZWKDAdvGj8FxO/d7PEcnxD8Mi5PUumnUH595t7e+UV/P8OLZCFMcRvtlsWvLcnyGQ90svlzGh8kR9Ts7msmPenK6dt+JXVpGOiMeSfNtXqjqfLAWbJ06n2InsEv/nmATTE+/xmyhJB245zLS8mmi19HNjKtdWUS1uiFOXP5aPUuCJQ3QHgREsyh1fEDUopzNiDJtxCnaiF7JRfMf3DLTts9HOZVXkSCZZXaP8gqFKvvtFn9S0hwA4k7TJ+wjeAGLJ+CVaZNcrrhKwHF6tL7jRtqbEyzEERKrwzmgbD7IfRtzyd3PzMMR+3T8svJeAJ4AVdeOalYJbPlJBQkMUTQtNeTyA0Fd7LiPDrPSCzaJz8fK4OM3XB2ARziSli0e8hmPidYANO+qJoKnCVdmz11OLT4ZzqBkKGjl+8iYpODxAFhzvsLl9Mp6YIpt2R+imiJa3nTzk2etKHrnqefEjK5d6wtS+WSdxwgEnYLPI80Hx+jIM8ybe73t9iJHA10HigxdtXCNsjQ5IPzfapsJK4XytnvZ+8aZwPLfIgTqK8O+eJ9l5sRER7aXhW0gu7l6R7hy2flvghtMSlC+WINpa1SVmm7SEhxrtFHbOStUZA+jf/w2ePBWhjB3r015pE3IMQnqJZMj6qMZQ/1Fc4nReytm0NW5P4lgJ0A0ZHxzy4RtRfVU0uQOmBaBrZ4oLEW6jttBCjZJhoBvEPwAalAy3gpIBtsDiYl3NMaAUgnLoNeoYrePhIgtCl451P799ISeySEVGONhjbY/hK4UBRnFN/Bz4+u9cK+RY2I6nXT0Nfs36QEDSbLGL5YWw7fIH7vYZiTMYgBkeU3umX4sKLhVBhnycaskjfdHF8CZ13oEqR/Fkhdb9w9ExQh/1jnZSCYfZWsrr/wySFdvuvHtijeOXYptpKIJd10rn73wDo5o2HA3+RTRpsjlWRwByr/5wv2s6EUyBNx7pNDJ5wlx7uSJ4FwHGdX6QFq65/tzTK29etRjDI/rYdaYiDrshfvqI4mpDwIDdk63BuasC6QQGKyAMNeSJYEP9v3dw/xeGzvy1dAtC4sneXbUAuEo1tqBRTVZo5AjZXCNtuYERX+4xu72HvAeff0QdBOX7LF3+hQKoqdkm1tNzD6ovMZyqCPGD2+WyPU+Tnzuh0SrK4iWdlozvUZoYoIpvy6WYHzSyX66OO1etsmFAscXtC/2b7lWzyQKsVD2ThfKs2ATgQTRLA56ldxUf9Y5t0yPQz70ndydqtkThXPVRZkljeOB53M/UjqEitF/Y7UULzdwZMpxKEVGg3H0Ul+GX0CCHOxktabQwpcB0PBX1ich2sTouEy/YVDDtyl2WkFYLQzyw/iGyH+zi4RjhUAPPL3/98Z0narbjP1j44TelMnlon+o9eSZYHBDjFxnc/89BDn7LtZzvWOD0uAw6klD/C/rVRVQ2lyd+EevCOphWONI2BPdvs8Kn0mPGUKqkAHxOBPjNAwX1yUh/JxZ9nHCNEu6ylIppFRexDjPfYukGIdeysmlNSNbIVHHA3kkqigk8ttRet3KgZyQeZJXdaMslP6nLU7fBnOE88qtvyK6J8WXC8tFQHk7wG/x4WGjDnVxSKgrxDYwWXbqfH3nHJTZheYW36wzuS7yAyQ/SmIvPrnNQOXrHlllgHgmcNYAkRaobuR/GIClfVvWmAuhEidIh3stAnmVnXqj85hMjeNGpY8P2wBSzYCBXxVDJ0ggeeLOBP0R8IJSmPJEDQ7qs7qiYNDHX6eKRiBpyI8hd36Ifs16+8tVD0Kvp4kDWTzz4RcxWqxBN3hqZNO+BYatSko4pW/CTyIvbG3q3V/+rwwLtn98nYFh5I8V/YGziDWjTjkY8Egrg6VEoP5whJlx60Ysa4+IXOxo66R2XPoqV03dR/E8oXvqXs7hzT8DAEBffbJdUgXdoPk2Zc8fnGvwkYpyvbnHQF1paiZhobIxzNGP1U0LigfElOgWBBembSTAH2Hj4EyJUlmLmNmHsaZD4WKmTGRbf8B8hJ0SBLL1PS3HoKpWtdK2NtG9U3FkUei+njRA8FlALqlbJb7D6KgG7zgxMgzHQdH3DcwbHQMUf1GZ7mxih1MaZFvICv0qHbBROdUz0En0/lZKqfFu84YGP+2ZkQrzTcut3zwP++Lj12r9p4Qu16FPjtfUf09uQ5vSa/1tbLhNmmzGv13CwCRiVz0eoBY20n30tAQeGsWdOTKw8KG6PpQcFZqtCz97gOYbM+URRHYDC8x2EULw06gaawh5O/K67ICBKUVQR1xNdqePPKw4CqPd5VtfkFcPy7TltfGXSbepP9YxibeyMzR04OFJSwVuRRfZIaQOKc1bJHJm0vg4uvZENSnsPGqfi6S5vQAz3+cpTgvj8BIf0wYPAP7JtvAwMOI5vyhCEbttAggTfLneyTY5K7jI09nYR+kqnrrVDzc6Yn+IEXTEByEXj1HhcsRFoekyP1mmOlInL1moNdgqozNMfe3RZHMDv5pMrs5wKAsi8A25IQ05T6+ullmp/w3w89R27GZdasxre6pAbuQlRJrvpRLmiAmdFBnihqY78Q9CBhjtjp94i5YpOSpN5OPef0Z+dZ+9707Ku1hv/jTierbM0G1QO3jS0vuvi7hRMkhgnIi4nXZM011+CjSgSpZsXCuhvRgthdMsABHr3UQIk2CSiYBwZrKX/eXvjzb6tCJU1W1zZPhQ6z+w728fLz+GqXPf6rrWvTdr5fu+zaDLfvrfnZvBjhR/L5z88LST7JNV6NYH/LI4mgoC+pEYd8B7ilywzyWTptQvl9Qz6Z67Y4GFrHmKMHC1kRB8/49s80vUtiZCAHFC5iLhAlyFfBfcM9dWlb2QXeqZqu4e+RGotx7wTONhB/L1uJgpjDR2G4OPMbXKXSL2weqdFrGsyBzfTU71QIJ0R0yW2ZlHWwDY51s5AAl0Qp+OX+Pzzet0C7Gdr7mrPJbCryoDrDFRbD4zsIoesqUdHgxl0cX0D62Wg7u50nq3jvRxFUZ29AipZjGctGOuUK7PC5YL3n1LMQ+nvW11hiQaypNgr+4AC6MABO5ShgBpFgGDcYAAYViVuXAXyU2Kr2Qpwz16BwEdFuFy1YI5VSeG00go36HSCHnvNmR/yGPsrLxKZiC312ZIkyqOuYot/jx82ciqFNJXjO4QIOXi5y2Iv1Spodu4ZA8op14JVyMl7nLCzUyyV54xn7Ya3n0HIVLAkDBkD66owYVdkEDs4uaiYj+ssFo4r8zgMU8MjRlJKZQD9Sxd6nnmw8A1pvyBdZBF8Img1XDGzh0N44EGpX9DdzTwt9SDOLbcVniZoL39sxxh9iimZL3GhPErzzQiQJQditW00Q9jlSwJLuQzCjJilmlYPEouOTRNEvIFSFR1sDeiKBkmbvvzV8e+FtB0vjvjuOe+OIGVUxOYG/Nf3zMa2BomkdmLbzN/uanhdhtJwoHB51ZveoUB+7Vfm3CgEfJfgcYR3zAQMdXisCTWcH9AcPZVcJ3f2wv+Ni+yglY9rD7XRnGq4UG0SN3E/Z+KjnW/Tv7CBQOGRm83FJZrHvJWkswemIrVRRO5aEwVq7ZbwvJjwxCIQQ0bImAb0IMTxDiUFLVp3z3ebcJ5MESrR25HWifQ2zYokfMdoa/h1Lu1yQQY2fD1/GT8Sw5sa0R/8Bpbqc1QVwPEmfohXGpqqjkXz6ROoUnF9c0U2JRuai6/gGVIWMjU32w+NbdCOWqljUZYFP3Nr9ga77mbM1hSNdYUJiyjyAxyMnankW9qlWis8aRS4oqc9yPML9R59auiLA4VPpoyL0X8BD54pUvDqIUxWZb/12qiUPGKb20ZxvJubs+pCWN38nOUxIYXElXf13gqg/NVaX5BOKBEAu80ZlGEQR31AeeV5kpo5AhhUUtf/vAC+prVX8gIU5Tqp/rMsL++pjg6havy6fPnW5OYamcAL0fnG/Zxr8jmmBHu8tNHgx6w7ZeoeRg/6/TFIQYx+2kOQFzou3PuqxeiYzQMQO8ZFILaxSH79c79pgB8sGCxcpZNBLtoaV2pZBJdwkGDLNcQgTEQM9aGPUQBEruGGV20BMbZl0tq1SsCUWSCVXnl9ZarTWT21pkbOHmxeiAPXTpME+8UnC5pMV5xX6SCFVCNSxY5TdDmH4WZhcWUHjCNvBeDlFoJ7lnjjDNJwcE0a2O+ifsdfot7PBuOoWGBpQ57LCg59WuqCb1QuGz3McXZPWMU3D0FkClAH9grJSDD8mcCBlP+y4oCrdgmbW7QjD+H27dpFElvTaQYvKlSPjONkXDzO0mkUDN2+cSzhaV4jJJkLNfs8djGxjk+6oBrP7wMnpV8H3XeBbw2h++Ez7K53Ei3MCjXPGqsjk/JllG4L0L+cRwzm6rjHwlVGwRX6uv/Pd1+dyGmsgmBkw0pWJnus4Kf/pKSpbqNBjvn0KJTNE7X5ec2tn1FQBpJSuMKsciuIteURBateikmmMigFOIThtYfnJWRQj23cvYScw8fRJ6kd3OfYixaB1+grtKY5WHw4Gv80ddkGE1N8TvREWthxk4QFGOlfcWWaNreLMkeiJqPLMOQD56oPLEtJRzqoJ+cJv0Ry1P4g0VRkIZJ3wedNpfAGN69kGSfe1nPbTuxfKvEFaHMKHiDVG2eHybP+mdhcdN6/FORi2qqT900n4t6/zqzv8Qw9E2Qu6ZN1Z6a9Yk2kVdkrCD55Vnbi4WNlnZ4/k2z5eZ0c5MMA1kB+4L+U9W0M3ENif6/L7jOB4DIrmgOYnjEKvghZwOhn4EZLnwBCvoWqwGJY530ueyz0Tts+oqXEJQjjnnlBr78/U0L+N2XUv/DceaxltOtHQYPfHLfKkjrwrCrmFKYjtc8wgMrKhD6W9vZ5c3zHCLqQC4Ms6n45ZbyaZM3mOqxsWva1JxOs35P+lWze9SxCSlj1YHdwPMUXs8UCQbhOPbxqQ288a7RlDTmdV4l/obqG/fwROlH2irCDJEpSaJ3X1xAxNDXv1ucEwBpIRcqUpr8O3e5/6Uq8PCWWT/5aggfbp6UnK1iBEar4elZ+unvz5gpvtqMISKNYBcF0KQh1N1A8RjYaaX3JQzM+akJfbS9yo7NCy9g4EMkaQJCSrGOal1YjS5prpxWEWBwa81Slmjd2L7fbOU5859AhQbV7+yg8asNK6SkBxqXW5WhpudTJlnaj6iwHTFXICwl+l/p+wqa6iuTDBA0SuyJU3VfehyVZqd0ZJMay/9c4BdqRwJQr1hr+axbGTGvrIxaexZRgi5X5wJ2w3rxsE0I0ENRj959T2cRKmUn5Lq5ihZ49B76KLyrmCEPQsceNQwyzD6Ad2+fYlvM4VK39u65TvEx+JLqqNWPbhOV6zaGMuv4+VJ2arYKwTL8FMICF/cNnPOWln4+iVzzlO1iDj2qaOWVMb84ba5/zlA9nDr9QXiBeHAE9SrLcQsNkpR2RN9XRbfaI2uFA71CUK5yczeUr7rWXayj8ym5teOCgNBJ2cZnVJ9MrQQC5Csfr8K3+1HpDFOQvZgpbcfmaGdbda2Fpi/h/TYtZHNWAKVzC3YzN+azLsD/WkE8XcJ3OQPIxXGYIobuavokoMizxAxjIv1gdrs1XvkNkdxqXdVBF0pIWj29ytMQL7HZuuncM93u9W0lnfZ7ycW9yc5j5Z3kKiLRT2aF7QqGfdZCk2Bm3JtqZEgyo5ud1FACD6crq4juWTckth1JH6Va/p4fyMRYACvkiZqKoaZPU3vCgH1aRM9Xa5d9L2r71uPd5lvlvQ7Kc8axmcbTM9IL44rZ+ew/OJ5Rs8ERJsC5wsvdebEQ7UnrzSmq8+MY1SdIYx5lf0ED5mv1XVq/ZTMAoOoOgRgHEXW7Eqokwn2sD7a2essN6EWXBtYKH8YA3BYulgsTKlzA9ECSGJkB974TY9wHoSMddpYsfa6aDm07bDL8e9v25ESzv7phYA81C1uvBK2Zk19vlNxSeGxNk0hma7DD5Vw3J920WjZJKiEX4DKSPjmsZ37jfzGQ4yhGrd2HhZ/CL7I+gxntNU6IevnzXxYgfzNYFuVjn2q4dJMoSYIxNStG5/J4Dl0faGdEy96yTM1HgV/VVZ8/HmuxqGKjWFKXIinBmBRlcqG5OobDLUbOe+aNoOrdaHsty9/jf+S6OzBajAz00SJcG96DCBP2V1WmUCN5dZkl4vVhTaAccSWIjZGmcv5CLkIWOH9IASyOSIMPu6nnFHsbm2+xo4mOCUNlWlRDeL75QB51fBCD7caKJ6D/WCb0RzeADEZXNeP583Tiv8ASC0VLSx4iYF4lKMTF+6EP2xihnvWGz5pq19c2z3nQrb32iO02zLfCIRMp9cUr3HjUROUm77JZhbplcplYPY7ddiT8DizrXJpT/NPtQpqMkjECa2yaGugMupGVRIA0AWQGgkfUEC8XfvFD5mqKlwARrEhZK7st7vcKHPcUAx8Lift3z2O6Vn/H1CldWgbgbQ99Pfmn0YwXK09DJzXVbQAHvyh9lsxkuwd6VLoYhRh8/clH3JaVHE4S0lhASBhr3BO+lOeEyMIHoKid/BG7nK0KDiKOeIrBWXxCMEpaGQBHEAvxs7FpcJTUDzirL7coiJIPU6QMGGnne9F7ArSPVbI6PlRadtVEF2IuLqnAR7XkbcCuv/ZzMkcAZYxH5oWJK0LtprlNYg9sERuNa3Tl29lw5uyKgw9fNZsuQV3bWsD8H3e0dmoWRGZhtyM56WTDYVuELPkTlWV0Y/i/iyhbkYjGvIBTQgRHFDWS0K4Wk6eJ9tOlBKnIQBAcn+9APg5I2Yt0Z4vTtpM+VQtkBaZgz0IZNHaXUhP3oewJChRr4IAuLML2kjeMT48sHIJwLDa9Y5rzYeAjI/LnDPFUmy3OE+zGjL2rIhOsMwkI/ZgiI1F9u/x+MuClTcviXnhUip33FlcRIWl7tDWSQC5sjupkeYuRe8q+jXhJ7VLAucWYyqwcNn1rdh71cUzZFsDvLYy38RVibKkvw6bAemC1pBXnWs88YfsQgLaaL91VN3jhDSyeFVoqlhgBAomz+Sws5Yw0Su1CLc8hr66biZVyR7nXgQwPPbFp3XJwCJbyyC5Jm3udkobJnP6i90ss+RtN3LK+OjbYuJIwhSLrwQOR3lEaN26M3RW925lz84zBVmm4rsAEnVddmcKzDdha+xrjGPP9/ZmIxy5zPdKXN2CfITJgkw7I3vNWs/3Yuz7pUrAXQwYNQR0LBumBN1jSiYGgOMjJu8x5OFDpENG+c4/+KNRtfE8QfsUfWM5NrsC6DfppavTQgSWuyjcSJG4Prtv+e6skwmqwzWVyWDzU1QL450EtvmxX/2m1jmVdS2UNozEqumoBCphlxmiC/nmPD/s2k+AdiCsGirJOvVv3DyHIsqzsmou2UWp0bEby1rvWfs9pQdc2hMDRJelR+eG57XMfmIEUGevCK46ShIkqkzlQ/E5LtXEJO4dOcDgce0BcahaZOvBRPKZKPuZvCX2uMg3vnM2YDxesn1dcd8e/CcpAxIfYszm4xtHZPcoR0QYsduR0ZvdimXRXjVNpx+iONZbf3cEyUSagv/j3ZMVCBs35kRe5nMUAqJJ/zGFqOv7RKH8d9RLQ9RzCGmMOhPH7ziSuexZxP/52eKwT5zk1d3vgpWgek/OBplh/P+vSgwcDU7V7CjwaKyPd8B7o6J7dTGruv346ZyEb7EidAIo7owkf0GStvpSvGhzaTICZZeOacApf0G1OT5ri9XUnQGcR6YOKf7VuKFVKNK/9jcd6pxb1jqb+JFul6VAbPrdtEcVO6R9oLq7wsbBkuqdAARPy/EygbcDC6goedx8XIqtd08k9CU+UGMrk/HjbkfD6DOW7CNmM8gx7QjrpvYFLkglGBJrn7rgHljSIZWIujAevGVp18ew/ky1MBwz0FevdkIw+t8EANfe2RDotAVcbwgjd9mpUGNPkud5iA3aqMzRLqGNemlL4D6wd4lEG5WlaA0sajd97f8tMX0akMkAtFuX5eRjmW1ubaz2nmSzJ2HMfBEa4uocIbF3N4rV+dUWoVcTMmmJgl3DDphruTXxcy9YsD0NlKanmlVVWGrHbVZQta0sE+iQOnzQFROmoC/VpSM393rlUmy0z6ZnqD8Dj+yGHICSTxgPUKFIMyR+/F2/7Dtz5X6jusKOSqm3HutzWfDdo4SEXZAj6r0+N4SVk3S5c6o5cJVM692jLX5ZT6SW/Y9cwJGH3zQq5YzSWILKLaN7KqBnk+ZZGEFY6CnaAcbHRcI5dXoZ1YEerDwgvO1Pc3Yk0ivoawvcTYAJWK+f1zvPknUUFReDZLr2ztN4NRbaJpRKoT8sXgdWAj9U/eS3Yf2NKe/qKipNk/FP2Vnv+dp5h61majj5pkj4R17BCYVqeVEIdn0ZwXQ5cA9wjQfK2amzXVrlDWhtmwBsvyd+jt9vx9Ec3B5fjpb+tVGW6ze5uNPtNYZW6cdQBMvBUgZlUTw3j/keUP1U3ZTKoQGL+v9uKyv2lCy50BSm6uWaFHcccrDRBySGOMknXFIwmFUGV4HWp1AeDpsvDAAAAAAALP4ArYAtegMKbiu9pNyOXXh+KCPMAO4rXqWeHAmblWGAry8tZ7n3MEA6pImdDpmciETO9J1oDKK6hpVTRi9AO0BRtNt6Atsor6nO8bJAiYCSoiqRqrGf0686PpyHZgVSgBDDpm+h2+MaXlOwSbxB7z0gVD8woGphGaBWC6qoHwHGtDW2DhGYz+HfsN7JRB6EoYouAfyjgo0fL0Xt6Ejy+6plsV+UB4lpbnJb99voPUC3Fxn4h2t9QuRlhmdDfUY2rIFhZACRYUTycOQYp316YtpiU9AEgtDrXgUGXjatKff3RVUYZQuAuRSN8y/5Moue6FS71AaJeBgc19SgfBdY6A20Bpe2ngk21XhkJNzXm+RwnfhX/PfDDdNV5sVgOD1ZkyxmPIjp6rtf6Eq99WTNjRQRmQCPvNQYup8LFAvMweiV5U+Xh4lC1j9Qii9BAFBZs+t9AAzwhuB73yjPqd03jzLQQyr97H0j0Mqlx4lMTHDF5vr9biL1j8bmG2Ci9a0zXik62G0/PLhjVQcT2DW/2TsyktyNolb/pfke8wBfpDpOzGpNNf6s5WjuDIt8LiMDqWbZObnRtaJbde41tHu8kRnyA2E6+VXLTZg6aKIgmqUOwivt4bOJXIx96YClR+IHtisnCT6mXzMsCywcxhx0BSXTJJwHkFouZxAwJ4GLTfw2HKrXc8p6vPaWH0qRR/V3nYaCWRJM05TwHcLEdwGsccVlvRw4bQu9a/bKH+9ghJDYimLKyhlzHk9sDy2FpZgiRBgl2ddQ1OJ2VSAIrsm6Mzfa0fDe4CuSLyMIQ7ItWqoPMlHN3ZOO/TZ27o+o8/sKfRqDYThlIrA+W68a97QJUT34LCG6UPQLs4DjKQPbjLuIBBGnxpzGEKELS6LdB/a32c7NILNMBcPNTKbiwYXtRfSRHgspuXbx87dgCz6qRKzB8rd/8s4Sn64G7HsvAp0HjhRV6DBCWV0dVCXqxHEL8hY6gk9cU8McQOhu9vIG9k/2pk9a67Mo9u/HP2amyQt0XyckdaD5iGAmjxOoFTfGis2lQ9QZ/7VFl5d/1dzOon4STGHZt9JBqaNk5ynvO3mw3VNPiO8RI2AV6tTRcRFTdAPLII0E7GXUjvtjFjMbu5MNZumDCdNndy88O8B8WSTG4PueJot0ZtA/qwNukdHefMbx88BeM9bZf5w6BfUk1AIn/vbIwUbYLx/owmW05b92hhEu2mwCSNX9lZuju3IPzgOTTgzdFT45AtrIlmbY3b7Uh8xW4EZRNvTA4N4ZRoOWv1/tU2E4g4o6Gpg+gtul2xO+uKBIFSY8BRyIvzWtCCg5IdmYXb3hW2QMQtU3A1mIkWX6JtOJNbnAp8wPoH+agkRQH6vef/dGqYbuGj+uIYigFQ2EIRxj8DMALmJcZwfoXEA3r3ZtDUYeco3Cclk08kqdLo17S+mixQzR8Dq88FycdqixupR5VPRWJnbeBZ1f6YY0dV9ZCpQpCVjK9wuT7wZwHjAisJnw0FayGp80F80xNwbJse2Ka3J1xv2FOgfI+p57uP8F3ytgN4jyeWpD+M21KWaM9Vhfh3ZeRaRsYvNz1jtMf4GeD4gfDriMIo9ILjluUklJWuBq/N1Q/eVI+GQApzBFgXkrgD8gwJekGuKVPfffMHE1GSlwgqvleJfrxrCMqiSdhnCPpCBawJ6yJD94d48xeBuBxeGXaYW8XTrlwMNZUyM0NId3enLy2ngRUgq7ynvxm3iJaaGEtpw+hPVZ2jJuM4NBiH8Hf9IVEn4g/oAhmGQn7fdESXB0zRTWKnsLP0Sn9rCLm1GqqkxJaCmt+LbXyUB3lKSwLMiwRxvUQQ4VGj4c/8vZnmszZwnEumqIX/MxOL7fGpqxk24xWCI6WwkeMWC6aaNc7d1Pf5vBSXhN+ZkEDNI2dY1J/s1F7AqITCaL9Q9hGxzE5E8frttoRv/cY3Nql4IhhsVjAMZcg7jq8tf6QPrR+fImvzjFvKSVu2CIWEOiWCUlBE9TpkodXsU/20ssuVs5G79dBPl1YUAUZNsb7TrTeT6T2I32F6rK24AfXxQ+RASM3jYtMyq10wUdwccZDMR+Oc2eJLZ9+AnCcnjc7vQtC6J5x6HFdH/m3F91Jj6e405vIVok0W1jaigepbBbc9KF5g5hyBq4ERMhru0mZWOjxrGnghKRyADtOkaTl0VnbnVZYsK9jFe3lBgv9YJ8Z/ykdcEzLGODOioksYygzN1i0Y4kPh6bfRDOY7ctij2uZphmbD7xWrfpIfnouUKgwJwL0RlXjl2cm6lCsaRLbLwmAPAh/OVz/TZqjBXEELp2olnzMRvcFiVQHGppkG//aVTjERfy4VXZpyuSCY+14+7gXiQT1mGFAACizqaZm0ho42cc5Q3Ww7EBL8Q1XpNh4e1AhqcVK8wslfLQLgRgFaGpRWKyEDVEZjNxjItDNGkQl0UJa0WziaW5MEZrIo6rsmfjLVJ06U5FvvLlrEo1jsvRMMrmzMsCTASgu/kk7IyLKs7TwQd+4aMDbHzkDqp3oNbez790eZyHPlRrJaD7n4t7p57dkl98Z32jbrtV8qnuff0ufWzMP0bzF/evH5z4po1Jy/M9mp1D9fyDAun+jEgybOfbTAqygnLfwTf+J5F6HoZelUCr9EmBbxuSrD9VzMijArx/unJrw8vaL4BgJmOKaouNF/xva5ckxEtggux5WdUehFqIZ+me8vk/XixrODjG0UeBCYodpZid9RsH3fr9dA3seUcBWPxafMAqWxELOjGMOjzrZGUfzVPjP5j2iMfFwXS9mve5h6DJfG4ocZAv2o4wzvHc3gmhPXbe05WeG/SfcURMG+FHqXv9XGly+vkjaJbXSlWFxy+hvvjnM7GoyvuNBj27zG8PzU8kDiG/5+RjAnmlAE+J6o0VfaQ22uAdo3sz6E/i47eOo7pA20fICAbEyColy0rN4yvoMALlV0WnF3ANTsnQhABGkRWkUmaUnledk7ej6ogdYdsGG4Xrs19jh3Wpikoauz/WBJ7XX2MxtSQSSANHi6y0ldnOa0ey9V7obc4vd79qaISEWJ/8OiNl6N0/nqSu1bVIY3UGCJWhqiaRHqdc7zji6JDpt1OuFT6G0lDfC6rlHmEA9Ech226Vs7tCfPVTqMW6Ho4izi8xveFYMkHj4iv0fFaWOZF97005XfEHPJbzA1O9wnUXtaV+ShTtdnTFGtALpmmeZe0L92i5eyIAQfrbCZtHmMdW2HX5a9QrpWVChokhdzbF6v38Fs0I7XfJocBzd0iOk/Js7Ea/hK5Vw4EsisBMxEwvjtO0nC0uiUCaUSOz/WHxgOXJzHdD5ASTrUdLWLzFXwE47rURh3hsPm62m7ZCiBBJAaDRsrtGMw1E6ivu5TFZHlj71VJ1sUvlRQfD4T+gZuc/51e4fCy14GsCmz9hBethL/q9IiUVdlt81agaOLNrX5leMZxypSEUNRkOrHC/Kkmr9YXInA2E5w84JDixTqbK/pDdiDO/ZBmCIWX0BGTdxYPi5RbYRt8f2SyR2YocCc/Cib+ByNuT+mVEaYkEN0jJ4t0SJZFuH+kaby57yinpOehqa9xn6pqigo/FO5utQUT5nn9zbgYItM4IEkAe6qg8R6zALwYUEeBJKyKTU7sDYiwZgRsNmHBoLis2xuPpWBnPq2/YrpT50uhaS+frDHeIBvKGHZ4u4SGwrEL5wVUpyo4PeVAof/aIdWZnxJVoa4obarnZWYu5Dwtpw/yF5+tKHuXSaMnW70IBXEpWgMMW/J/0LXm1jvYNTAEZwt1ZNPSUuYnw/zlj62vkqzXJn/ptjzd4KrTz9RAriksfsAyaY4rcLTQ0MIqqljHg6leCxfqz3NeOKwWBItDr7OR7Hd4BM/g4VPhiV8Kk0t+Cqp0zjBHJuK7ztoN86BlAKopP4rjlAvyaSQhm25CqRZIvt0ngOZizeYOPIK3UF9I3f3cpRyDW3i3J9Dwm9tC6l4qVb411YnI5gykTPyMNyESQpN7W6EYA1KSdvlbOjz8lu8C+TSKJIbZxrvtPlRLEC9wqh+Qvpc0EgypT3bndMUEXdVdvw8fgxYZrcF4hWJo0xYmXSos4iQVRQS6nPfgG45rpvpu5HM54bJJM72iuq2P66xbJ3LhzVKIiFj/7rFMFaOGlje0FzgSreFAlfGVjl7VDjFRqNDJdajKN/D/cmmkVCFc+0UTnUQCeHJHGF8BkDVb9I+rJY0e4Q/0vY0AWJrTghSXS2ailLZYH87Jb6t8iivNFHXgCNjRGe4mlW4Ug02Yr/LNsPrRj4e0jWHejN8BDqabqUDCBp67gxhALXDdZN8TVbIUm+q4yXpQcWmIy9hit6GqOKtkEgRLtkEqqlBEZJVpqA7y4guTdzZEXGq3hVY5EW2j95SoAH7rxSVDXS801+5uuRNbeWbP/k+qyJ68YzwTJCQ7tC2VW1mhMGhUrD3aM0UJWvsJphJuoGCt6lnOhWrgR0e97wV2GdQ0sSZ3GQszPh7iIa7GlqE11mJgXruzrsw8LISkTBc1Szb/pIjKRYDmO4j8bckLtYVeQa66XCoZXautjeA5zsgP3b7wFKWxJJTTUG3asfpi8KwXglKMlk0Njh7OtxCdEQSnOKZhqItAAKSrZd6Ic2COcNV9QauLcIMMjjS+OzWY9dt7gamaT4hgQA2QMiqvOnr14W78EzIQigTnLqB9l3t6raovaVNhU5i3zLsc3tGAIaBGIju/sOFgJNH+mJpNeA77ljD1ecqzs/czf/uNGSrdZKmF5erE6qXEKDQZKeVK47mXll6f5JLxVkjD0vbA9zzDIB7Ax4MzIGJAcOmiJQTHUN5msL56ctUTEjqIVKvYVREeabFWhPh6NsynsgO000DCT4sw0o4wkSDC8qckvtzx86J3YEFP7pqX32Aw1Kyvw3ZKwFUdApDygnL+vJUlSJYC+nNTgIuiL47TayH6Rp5CF5zlKCfhc3BHsc3ZHr8aOdI7mVNlfDU6KEBDEQFbEGN9hLOr8gB5DHNI2rO80/qx3bVXQ0lDB11gtumaYXSO8nZzK0FhJ1O54yLUqJCCKSbtVCRJFL4L0+Zx10wTNomHXnpqhBZv+CIcDjKA/O/k1ewE2s2ErfNOYcBd1Jziuao6ZtU/TPtD4EelbQ2sCVsDMBp68E9+22jm+OOXsUWOvxfT9XxBeEbzC1iMdEjsORtiEDxbClWouq1TV9/2k2wGCyatS6AxuYq5LfMnxRmlXmRllIdWYzQKs9qA0oPFrQ1KPIk0YDu4MKJsJ66Y4zVkR6CQcKwCrvP6ioFJYO7ojPYMiVtwlXrPP9Yj8mAq38afr+bzgqfizf9U8oS4iDr/nkfl+Pv9scbAeYC/l0AAAAMv4AdxEAAHVQAATDAAACcfSdQBe599/Pj/ic9Dd6/r4Hb8YFtAoAPmq4ze6XgJAo+fET9kpSidWjtmbuMT1kJ81HTexCZeUIxHEcHZYaNp11PknKlaP3DVctBSd5sdtIg9z4uqFVeFlNnGolHQnKH2CXLzy8hs9Socs2/hMb3XEvEge9ui4Gb7WgCAHv7WYR/jLeKoP4WNsY7ILze3ZyHKFm56a6Skc7dF6r1xD82bSrVPzGdlexbodGtXp9tcuQqKITiv4IsXbZYirqCDhVfOg73l3a6UTdww9jRLOt4Pnq+7Ts4L3mnmQxmWMkcF7uxEy5jyomA7qaNGrOgqQhHiSRqLrb/HmIPCXbzFkashonGDr3BYx9TYK3VuIX+NVLxfsUrINJLNvcdIcmw/IgeCi99HzlxF/Ns9KjUOBq63ilw/TZ/iNF1cgPWciTqia9lT8Oz7CyrciBjLI1JFl4N87HZkpBmmCRdnHmCAZKrBefDkKPAgL6WiptA1T4jWH3DWFvc5YpGJSdaRjOqG0Q0Gd0PK9zq7T8ul3IiFiFLOV/X3HFMQlBgJlBUoiBSezD5hVkUH8S4AkfjEuuxt04QqL+GYGz4LqvY0mN72fySJsQSi+VVBGzXTaaNNgLPnwucPeNhlNSuyQcoT9hJy6G1gLCfz4CkiIsCm3ygpCNErj2HqR7HXZzQqhsKVV0fATBnnkGMFZG8aEtBhIL9cAQGqPa/FvXxvntWFutqUGBhpYwwtq2zfyRP9laOJ8RFYlE6tlUWv5J8uJ1yayS9Pjmg5El94mNmir+jhOWPfokWOKnQy5pekm29zuqdVpAIS4B5EVs9DUIUi8gNxW9rO1m+7I9rmMtpPNZ8iIu8QSp2C2kWt7aO4QRHpOKaTcI+DCpfsiINapxIgeaN/jmrVfjZdqcdmzQPohvHpFo+2y76YttSsadu4cVQKmZTE3CbUap5qUjCbrX2w5+4Iy6zxc6Hz0dYFwIHTAwWdxF7TQmZHYNsv1Foxa3yM602i2D5pXZW1GwFWyIG0jE0qcztEGsEkqZQzq2HUpM1LPQJkjuBqJo9y5QRnqwe88lvHnxqS/twf/3/X7xm899JO48+KPs37Sb3mp+Di/XM6FZm0YBWGOXtlDFh0kmBoU3HRq22vMEEZoMweEzUgrtzhEtJL2Ac9N0akleVOJQah6SaxpmqD/1L+w98wRvp/rw9qlOh3bdHqvSuLtcynY4vp6LqDaB0uL5t6QxxnenGMWZ7i4NV7y/QK7F5uVt6xFuP5u09h6fsoshfnTBpifggryRq4ptP4iUX6bLHuifsbG6Y9ALcsF0/qsgvs7+RSTEd6TXF5NrMzdcEj5tP3Wjf4qYbejiulAmcnLWRwNOGefTR/AK3fbPWNxks1f3LOFirWWiDvreO767NBXrNWgHZ0xNtQbCk2UZBup4GOG0NwQOaqlkd9QQalYYg+lwSsH22LKuizbzOdiRzJbgTeh+7vqw78IO29mgav10g0EYIhKxQxtzvBP9Kn8LlYozNyE5xtH8c8kYBMhaG+wrvYfmpoASFdBQ34JZ82aNVjUQVWfBgNlQqjYIPeIqAgBGj8eRXdyJFoczoQAns22uhc2ltkDW4KmbPYEqnEtQTyy3koQ6+MycWpjIbMee4EEHCAsF5iR7H2AEkTjxDCLkCZgvsLrRGrMp1/Xw1iUn6iDYBAKsubS26QwOJQGdN5BFyupIPP/oldLRQ49duK1wIcyk1805/DSYOEBDGZwgnSBY4qgzFhbPyDkcaC9T67W1SVGUbVembsonuZw6iEuGclR9/lNqaDYv1p1JFHVfOtH2a1+NiDlB864NRlExiXY7aFtRT61ouPRjO8bRWr/Bqwx8pQu4cHQStdG2BkOblnS3y0yjHw2c6lQiNpyHgjyIgcoDkj5q9l+FctbKTLjzBrnwycaPXBQXuZ+/p0HzfmIuH1YoxtTjmzenN8+oU47f2z6N8d+ax6r0SMQ+FrDfc5J1sc6uNr0PY2/JdKyw7A9gvE6PiVHaeUiukOpxXBCCQZS24bNin6PZqELwv3N6mN+XScChXeoYiOMr8FInzja1cNVBo3dtQF3k0mO2zvQ193h463Pf3dXdplZw1YUWWdyVxDEX1rF3oMlVxGTj2vb2p1muI7IawHLmpM81KExbZIJrmlbw4ycwe+0LnjIr8ohaRMPuPMT5A/YvvnMrP0VgmIbU2djP44QXtNk6urApw5cohIZvXHZ/f8wu/q1XC5obzUvfmK0sGLWWGxVKabvYZzTVTgNHFfamAEl+uofDTn9vteBZKaS4LgqUKb/JnaCNw0p35tq/8DaWMCXUhydCOwSTcKv1Q4xCtcPyMaEmd9f3N3cAwKtmMoOJBVRThHZXOJIrIExTW1U1v5wj5/E1fGjt3Gs37BXKlNRS6HZqv6JsJ55PvFeCZkglRcCV7+1f1rnEgLjgYSHLlXhIRObZ2WkAfzdRszz3yI33T7vNK28c1yDrcv1qnIG5qx95EMj7YFUMMqGLmkW1PUT06ldvKjCM6/JL7sQctzIkmb9h4M5BhVY+/K96i7guw2VNYgYqGAF++TvNn88E/dkdyFuOdYYudsRWPohoMx11mC5PuNbY/gDzWbm0MzvT/srS6x/xeaPSESxeZEMEHarLYyQoR/CF/6XDSAe2WUUurrimijen/DIsGevPd0+15mT0N5fGo7d58qCBTD8rEb/fYnFSbKi1pZDZW9aBlbK/hIr4Y9nj1peHQCoiPivykAIUlVV3JFhrLEr9JdERv6w5IO/zTyfBZIB+9hOTW1JAxugpRlluFfj7s5oex50CARA+jKrDXGpVD6yliFNYmioh4exe7IQaUJL31V3wOese8Y2MZdOji5wKi2oyhCOhZnDt1E7sjX2N/nW5nqKEpjgcGBFLNI7Cfz7AzDJrz5IJHspO/kkx967Cfu85YUnuVf4kVrhdFyAErylcnVyVVj7gAKGzgh6EXP3Nj8uX2CM7fuIGwY8UE8fj3oJ1nYI36HrcPbf+wocPWeRe9ctNm1eQwmm4LP0VdbanelHPCSlvysrmAcEKmXgmVJ7JUi+aHgoYy3esPEb66sFmhTjyhd4/V3aqOLe4ef+YCQGp96pPui2tC/co0QD5PApyHkCMoqqfgaljNvkVUV804KJs6rfL3PtJePB6RlWMIgfJlWgwRwFUHVkDnlmoPd1u1o1XnmKF8f4UJNfgtda3LYRwjcnyGd7AyDqLFYggK2lc7OzL1WhNQAUyZ2HH6sG+mhZSo6FkdN9qbYWHzT6aB9muDC9RXyvvwt8oQtfFBxQqNfvGVzOKWWXTYJYH6Csa8FXw6ftDVLSf0Amo46BzhH3VQFuGhzat8m9FqvNN2wZdxOoaNhrjcdM145LmPN6fgZ73mQ2Hs/q0wWOL7WCtUme1GvH4FTfyjl3ttdidI/vxkeWbmUcOzNNUiOuTi9aMG6X6rOqYFEpakLVT3MJLH8NdCTKBM0wz/QPf0o7XrhSQqHBDnlNksIUBQd7Sxe7WSc5pOnCq8U8DW5CPLEdTmxJxv78hZU8dhNDGHN3ZCyB3T8tLDaMAoFwLNtS8dpvRTaTKsnwOhYrNCWmIepoUxxveE5arr1vFhm939tY7UqkFD/jubhLVk1zBk2lYuUWlbsUwXCYvhj9s/vlJ0hqLf51wq2cTqXUafu26GQ7Wg9ZR8txeqz33OsS6Ghb/vbSPrGRQr4MVziYCJ/uMTFtU/ub5WdxXqVhPhOzXchNzuxBsFxzVtu5CpnrkQDFAKf/XzZypWHioYiexCi5oQ4HxMsFKiQ9YPojFGZshtyXswIjVXRFjPNjtEhbrqDu/WiqE7zqQKVkQtunCosexbr6NjHOCZlOVej09b7sPU1v0JmiA0qZjpoWU0SRADe/Jq/+RBBFTQ46zTQPKhxYj7Ux4+CtrESCBQzDjr+tydS1hqjH3IUer8uCiqEjXC55wSMRaMtwXDIoTrtzw1CLLomvVsbFayyQzFipM7vICtHDzxjDTp0/8R9pH7bH+aDY/WCJ0mSufY8V6jYWc2ztrNjJkqwxaTTmB/N9H7rxlJnGrjR+TWPlZWxg6I95MO/rjJ1Dwc7psyZ642Q5QqzYfnTrmuaLHn1EnyhdRkZgP1AEIzkDizgqXqnvdraf2OHOoeMRvOPK8gr20i+b6PY3XO2OZyWv4YeG2btcglwi7VE+IqT7yl1Z3cNydvr6luqkpSEuthmOyePcPNtPD/tQbzJpLiShRHRIS3TyY62Yae1ItljD1nKZF/V0BYN/B4nQwoULn4dQGL+30CbeOkcO8bwSYnh8IwXY7HQ77It8HdaCHnJwG/9H9+aXYR7ZEoFvMttxVgX5/oMYj3uYM4G/lZb1SlsMQGTG5J9q7WbIIU7O5ScPvw+oYQxQRTnPq19hK8zzc78vWb2g6jtWp7A2tPoIJRBeumY+QXWS2AavYsPvbVWGcMuBpto9z6+dXWDfryFmYXikvOuz2pzlgnPoQU2NnbNAMbuHVDM+/x1zECrE2ODziI/fF/yXV9Ee3NZiGBPPSR54JT/Ne/ubavuK+LR6QecEoEFRZAF298JOelCoqq0CtEJoQGFUdRShLuHpltATiAT3ENEQ/mpG+8gs83osCPdGBaHEVEZZeBvml8gvnFqlkvKyzUXl1+4qSGJxBOs03g5XThzQ4J8iyt00xv7765S7/MaayVoPlxzD2SkfVUSDrL8cpfsQBRhx7m2Zflp32YyDCJVManA6o6Rzj2c7Jk2rkmIRsY2bcs1THVYN1zdPJ/GYAUsuX4dpqQ5e2HLOkKrJWZ8sE1lT1IdWl17Vw4q4V1IAAAAEigDtwuoAABxF8BlPAuJI0utQtsLbCdcz5OnK8CEEXV0hOiD+f6SIWdzrZQ1+Vs06pvrtMXK0rHd4CEwu5kPk4LT25h71UaooNa5NAkl5ErW2dNQkrWUZGB10c/H5By9FX8/C3Qb7EWW8dJKfbRfItGMKQI1bpyfSc7HAeAEHzHQtvzZZLMd4O9otuWfqvPPyaUdWWokfCeS90KnuRjK5IWL8d2BPRb51JDbvKbz1jnh9VleoJq0KNuiZXqocAlsbUD3dVav9QfgUiv15QiyIZWn+nCS3KDXgCpCkoy1IduLVzhoaTNijXD/wsWF5lmyC4TZNFXCsboDPUyB4y4Mg5398GT0zLfZpDwEp8Dsop9bDB/YeAlPIrU13A4C1Ic5UtfFf7LmVsSBW4Q715zpBBx1ubmAMqgYbIe87qTpyw1pWfk7u+IARcn9FsN9IbTFEqjYMKy+3CmvIivReTfXNpJuRRbLLzdrwzkMd88E+A3J+zYYx5dGMZQWlQBAOIUGmRD688a6Jw61y20tag3RWltUSWOixiFjdIkY3GhKAvq28fq9A4MpcX0BE4CDKaUK8/1IV3MV3FDkIGeXKecPqniZtn5jtq5zrQeJxko+3mUp5642Y+ILy4FDonh+lmr4n6m3QVkqXAUBMCrLlz0CJHPWdEt7eGxTb5Qg5RWXkWH/0dQ9e9G8uIMUgnK8r0VjSjb4iNGaC7AiZG+RPwMPgcZ8kW2yN8bRyge5LfmumeBYqXsuiJgTeyV1IqovZGjo9coMSh5tEhDRLoke/++rZf6xjKQGF9+nPvjYV/5AzwRQczIen6t0FhSwJmbz4DVbvIHwVtYXIX5ew4ezsGwhiwHQ4WBZpuIIe1rERRaTObq97St1URX4Dw0ngRL0+8X492SZgtOHEpW86Wryp3HBf6n5+mmIvL4UcFJt3XUbK9cquCT01lBEdexYvr8BvWshjxnIStNQc8yz9VWOm4pCyop0uoJsQlW4Jvk1v7w5TrT+TlapKiMOPZSbXv7D4QX+PMn/lFm76wsjXtuYeTG3znSi1oP83lkrJq4ZsXuPxZOWTb3H1wFL4+z7eaeUzF4EP/jyB7yaWsXZOJHtQkqDNycwFvbBv3c2xd0MhiYoyE5kXaY7LrHE/MhroUVRZpRtaL2Wq868MfmP/3o6g4w4RUHj79a70NqMAElRaUmzpMRkN+/V7nyxyTYisbHoazdMV1Brq+inmK6qNFGcYJ0VFbIC+4I/dRG/sAvT2Kp+7V+Qr2bZdvDt5FsjKe5LPQeBVnPeBDcQyCvdWUTOX9DwSs0VWRDmITe1PnLsLYOI1+ptGwxcIGYP/qUNaeZ6LUxAfwFmQqlYifVQ9DLusdOxe2o6hsxCzCwYagfzXSUb7tcRmLXx4HVzLgiwdr4MDMrda7XRwc1XkgBTL68jY4C3T3cHR84VgYmuNeM0wq+/2bFh8QGCm6tjW21F/j/d6kOGYUTkUZXTPyvNR2KcdSTcgpmcr/HfJ9NA9IWffq3gZEjcjUCT51B5dNzbnEfl+bbfjrZv2sjNWvOT7TZkRgc6glPCgMC6R0bRRij1GZxXck70vtiqDb3QKRX8ej+wNgiCXvSrMjhaMdvkAaYZHtSbsxw45a5gTP4/LRmJm535cjFn7aFCwUIEbM1pFE/vcNWqwr4bpnoUprPV76X5ZR/LjJ4X2ivRHEIKKMangWetXVt1u/DKEr/T8LOCGT4Ka29ya/vRCwz65aEUAiCX6DbQ5WokSmx4pxEZ+9UUHCq3mZESmHjPZTBmYAtEnTheO5qAD1es/aGL+XA8rjlcjeYBtzcvmNjxPxOlUoRSVpZwsyNCs8qFfS9SqYVsdGj2ngmy3v+H8Cgp3+OUhBid4C8iW8Ky84F5WX/rXwFPOQmiDa2WUFnka+WwCf2rg+xzu/0hU2aJgJWnAdpPIfdTj+t05qbF2rWCA7KFSzu3f7SOGFB8sm0m2bnIGUPrLsJV0YfclbJiBJ+wnsgezq0sg9IabYmwSecxg2wL3N6pJnktYSSQz0jG1AycpvfnCb9PvyaxWktHb9+KNVbc0ktZPjQ12SBemMUd5OZc5mfKuLyFg3k6P5ACS3oNXgcQi6N2fGhes7NvLmdUzLtpfQpL5SHzz2wzEFXvj4sCy0MD/WW8hzJ30PHOH6hUFCbY29VC7MdV71pBc3GffYrk4xNqNir6LaGd3oXe1JEBZ2stUPvAoGOwMRennMBIXeMYm8wlSbKCt5CYHsEQdpUgMimQHfXA+v0oUos50GRto9b6Asvp1oO6u5310bfkWAV2Ciq2Mx2gYkxZfzw1E3aeH9eU5WxJ6D9CirH4OKs62HCdttLO/KiFUlc2gAJYahJe0rMX5mA1fu4KC3ei1o9U3SLvh/xZMn/kQ/kAvggZvMOM7Sa6N+aoT4klgnLbTuA+B+w6+jhWvoVVEabvBcdfQgfiEcBHdHUsV1E+4BzlLzyn5spoo6XNqPYJud0PQ5JrUiy4jaV/DT8wE9U248fTGnEAmjWG8Y4Er9iQ7I3VAOG+XDepmoaiEWHG+3/jL+Mq2stICat+RUTX8dcJl4mUzInFA1hYu66n3Chx4A/xoJsH4gAIr5NPpAoTFLyFFRsDSh8N0v3E5srHMxpXuP1DdBQ1KunVtbO+16HG5Te6tZ2WCGpt2ovW8vgb8EYSKT+Y1cPjDPiXos/UgUosB9ClYBtUS/jkr889UCqfX14GMCfiyuOEIQ7lXEdvEn3q5HmepZLCp+7vg9bFGEjkPGONm3/SNQS2U66gpco0QbF7SI1alnpUGEbPg2ePMk/Z2q3CZXF3QVyYgcr3mxEfl4M4+Eb+B0FU79Tj+0fEb28txudwvdmqSZTGPNptkCAvjSujss/Ag9ISn3dhhL/ZbYEjKLyeQRayXwneRj+yuS+a7r6ewus2KcP5wnls3C7ZzrSN5r1hz0pbeaZ8v2kSpY8UFNJblgq1Wk9/rVhRA9M6Pn/tkvI6A9WPjkzpN4d/BoA03VGmheeNMPMLD4UzHTjckQN5NUOgtE1h2jA2ShHo7oYcssB5bkR0NoTg1cUSBHSqwlcQYl2MiOmDBrk7OXURylU2TlmWw4EA/N+Mn1PnJAyMtsMcN/i/1h4K71Gygp0siFpOFzy3rAaNMootR2hGp/zqR3pRrFyy8Rl1imxNyIQvthMmN/6qqJnlRofVV+6IBQVYaChc6mG/D6rAuKVMzKIeBs+MyF+QWlmjM2r7s9C8oW+UXRHxeeffrh/pGj+dOfI2SIYYD3PBlBwbdBr+tmp6vsGO7EJ49peE+MfZA9NZkKjPNY7janU/G1TAx6AaKL8bfhYdgtM7KWJLD8po+CzHa9WX9i9zPSCzoemiOANx4A7tIfQB+hoZ46ljc+VSQLY3yiJin94XwpSioHEBdav7oOFMqixCBrWt9vDo0iIrtlAIwe4SDZt4jTgyjRFGte9Y3iEXaSXHYPDsZ7AOovsrNaaaGAvqg5IpWaTuSSg1ZDnftPgJCVAUAiR6PocqIz+PrWv6+LBcfFWIg0FgiS/YGW9GueOko75kJ0+Pg6ftmreINRC5aePxemoBzqWct4jXtU1HY7QpPfS3IRNG3Q8VkmH86CROmiadDs7fGA1neSiIZZQDvY+zVnVzwBXdOzDYO/xEKf0jvzawTxlSwgo+J0oSW6wuwh4G5cSgyNjwO/bd4GfNctY6vJnypGr8zzVlnhlTi4fWL5W27sDlaLq+uVwJy8/6WinWqnDRYRqp/WV1G3MV1z/cRtNb+SOHhlXzUOgzVkd5UhpNmendCFLgkkGezUy8xyPc1IFZms9ICpueRang1fwmjWUWD/4fVY4XDGh1VpfejmRo2Im0WBpIvfwFPP1hV/zOMU68evvoEcouTsV1NyDfE7C8Zbd9yBrd28v8r/kxgfeyWYtenee7TJ+04Ns9nFAJDVwTxpxT/NvtBHESQJ0orcVdV1vu8FFMTDub+yyKUEoo6ez/Nd1HHl1LqfusHRaxPu9txpBgWUCP7xL8iZLZObl5AXACFW9vZsOdE4sjOxMdsQxIEvq0OkvO/vG6p5gkWwzmRlCaUEh/NGdBwcOOqSDTf4L4G7smXwGRb5ElUgN5r5qvNGltoZxeApW9iLC7HH7SPGvG9t2DqEzTrcvQHyo3md8YaACsQ0wSAMBJMUBHhVTjo8xhO7yZSYcNWnUentmOES7DNAd4AVOHhL+0ByMvTLaUHz7jzB/z8ppGOMjsG7okf08ftxUm4NE8stG+05zZmqJ8sK0klFcPMCUpW1CAHz9eT8HI8246eyfqdHkOE4pDlLd8Yp0uNjLFLV4EFECPWBq7uCnfPFjRK8gmLFUgXD+J4Icze9gvL5J7FHqkv6u+tbZ1Y0ksd30jOGKfbsJ0CbAmgheZcnuxBXmfk5o5xvf8n+cRbbqvgxYQ5utLjZavra0e7jbFdYrL19vsuWf4z/2tdoq/0QMK3cfBq/IgFaZJOlEHvmIxCu39CADzH9BnYAF6RVMs99BCNIVVhXpHsxXDNSH3YC3O11e9YhreUVgnqKaYaQQ845F62FKseOF72dmX5gzx2TduEWrS1X3bpf9G7UMGL8Xy3clX4GJ8wfugeOrbwgZ45R4PqiUbF9XfypGboIWWQ11coQl9GUU3RKW3R0NInLXqg02NiYZgj+SQ+F3187JcX98k3Zyn8lt2msC5dzOvqgGQu30wX4x88XOKRfb6L8RV/OZbb6h6jMFYB0oNsVXHGVH9ot2SH1Rq3dRJ3slGv9B20NVZxPyeP2tsqw6EWEDmztv1GgmtuGZqif3/MNEYlkwWmKvGl7Nt/J1RfMAyQI1i2Etisp/YPKgEygC/TbY7EK1YWK9CH1yjq2R1RJqmpcSFtrm+Y4RwCxFOr+UH55juFWDk79wXzgaQg0I8xN5mjKut+0s+O1Pttaff0jZ7mF+6vlX/UbqffXdrTY1cvfJkuQsURi5qlKNqUoC0q33qY+7ntVJQMlfym+N0nDsBCYsx8fLQ+IK7taZbfYQK+tiz3AYBZJhsAxgHQSL9I9466C3/8APRAVhTDk1AzHB2lNuSU740vzJPbjJF1+NqpWhRtYf78LpCc7Vp4Nw2RNK0ltA1PwN+JDZdKlSD+teotHXEIa1KO0kTdB/6SsM16Ztssxxjnbq2ZBIAL6AmycIbPzva2BUlm/yKwJoGdYr5G1MduMHsr8JBU8DTcOuaxdhANU17c+BuUp4C19pxCsn6KKzib0MgeDvFhWB2gZ9RTH5bEbUHcDUzDH4AAAgn+KswAAJdgu6GQACiaQcFIH8oQZGSvjQkwZnxgAnHzqy2+yPKPHFZPFyTKg5XHEb9EjZWup1heP7PNoVU5lvoiEJUPhvVM4F57zWc86BvctRSmUPedmWfUGY45+zdO8w7gLpL1NwHTUVJqx+aR6/KTscZfFkMvwbsZOXrTCKhaLKypYM/8NI4rB6IEZ04jbqY6+S6ZYwuhtD/dEDj+uDc7Ssk4F56+abuBc8s4PvqJTWnj67tMGjmVFlmvRnhduRhLnfXkA5v8/ZlKk5q+b2isKSw6k8AxrZgACoeBqoGFUyzwzxNItUEo3vJ/zciE6LYM+d0SVpiudRda6YsVXnrMAwGB7dFcrofISn3GV7b/qrSAB4/gR6z3RXA2PmUUe1t9d3Cx6RrmUIuJh4vaIRo/R644hT0c3i4/9DsZytX7YKML4HXnQI5TQUyb9oRyjFyggvC7lLbgJXoP0D85V2KAbW382C4wfHVHEF+1EqUsoZun0fes6fhNoGnwjNQJl+UgTkjUdNtw5K6KScJrxLO74VCg/GQQh8QkcaURiMvfVFlr+nsnTTf4o1fDtsW5dQ93aWehi8fpY/BlhRIDSR6MK+JJ6Zf9wQ8DgSSSO5CCCMQP39K2WC5MOtC76WMDDP2OJNpND54CYSFDCN5L0JZb0N4gQbsTLl8MqzzmgH0X0f7EbOZmHaC9AETh/9/qIkdwMdEncF+ucYVrVwlo4uUi7hBsWD07gkJgQNNbB6FqHBRIgy9u1TXE5Vqsv3CdKJyz3miSXDxc/FwYcT4ZWK17eYpOTokctSPGtNsCbp+wZqMRRhuQe0i9Wt+LP7BvCq/kCfrVl4ofNMJ2trbzAKvFirKwSRknRg90wOd0pKp/DF1jfGzQ6UQ9HSTi/4+hE4gVPj5LtYMTpajmA335iaaRyCP2/31c1Wlwrkn39yyKbFXnxAQRe/LgeR6xO5wd7x0TuOvvoyO7ay0IpffX4RroLyf+tM1f6yujDzSXNc2ZWZ+yWCLqRz9cMxHKJPsfnLfrjmp9KvMJV/mmeUQ+GR34PutZPjWHI13K9EaVdwRQhOvna07o0vllnIlKcZlHNpGmLC6Iexfw2m+znTuxxx1KVcIA2Kfon6Z8PyYrlm8SCIUiFIBrf1pP4TadzCNy8CkOPDcTYAVrqTSgTBPzDpTVre0Fxa++/Zxuuqdof13KyY6aF8ywznDhC/KHD11N+dUDXgQmWusUDqJRjBm7rV5X6Bb/UYWeJtCyq47gpftln+WfKrQUeYErswgRhQKD57rz37FxsWCO1FMLYZO97jgM7cpwMNhwmA/l8o7aml3DiEbISQJVCsnFpSbvC9ZCcfgEWw7UwjiEftanZ3d2V11/0H3c5qBg5E77FfmFOAo90ZzOiJMnvPS/waCHLm7dP+1ksuxAZtEU5lZQlhSLLBZS2WB+kb79D3yM5f9goWkagVoClbHk5KomGvx7pHZ3E2x+/EOjy9kRS7A31JgQQmv1iOB6NzYxtWyo+ACYoBKjLsyJiCXncqzdJlHxlFyxC3TeT63Jw25F/SXsvtyFTwqk9BXPil/gDgXVzZ70DM81p4S8BjKPvok1eAtHCcHDH4T4XBVO+bvTkmi3AaiL8nvy3bNPG5SUVEGi5V10WdM7i9kn5WdFKZlFiJC9z/vRRyQYjVr1uNvhrQTJ+UEe28+JLsxFsQ12NUc5T3i3DAp/A5YN+RGKAAa3sdgwndm6lU1iXTLIM7E3F0hCQgWD9F/z6zGzMl9/yRLPgnl/wDEb1gXZIM396ORoIelKpXffRh84SAVvuLfJWuf3BTK1aV6GtfTiHzUZZU4wwpuUdN1ZUgMQ6zdtq5765X7QVDVjA86naKQ9TxVI0EdDwOgktLUMUIHqWQJcNSAqresz4ffBT0usl4+I5ZdkXwq6+667RfFR2PblJrtb8e+rsFymk9M1UHHSe93s15twDqmLaZSOL47mjB+/N0W4eSZToKtvz7/qCgsk0nojIBXT/jTyFPHRjGIgfJM0TCvwrg3cJJIgLvueYkaJbnTSMwDCISO3z27jS1mKWP624IrotWo+/YdbawjXPMhHtDRnrl7djhLq4Gsa64uzAAfOTgRG3TPqMQvZ/zNLOpbqsp5y7xDlcGCscQpRm5K9EsZZOuuMOysHZJBOhKfl0Kk17C5P2/uHbZCitMYtz71/J9YBqaH6zyxsZddTv5/DRtoXgLePOgcZHuYlNjRzxWWZpKCxg7mWvVsHUZObPlpoj65tQpW0iHYFP3oCcbA5ZJSxrfmek2w7jd+TBZSkz44lAGXsBqDL1s6hfbnGONuOjgpeoee7apdwXoHNcJWKZBchn0MGSKMJpbqoXBrpRx91Sz17WHEQCA6Q1j5MwOvlE/miVHYzVZqeJf3RywS68RqGBDh4SqhlueljG0Jpzd1brIQSR4/s2c/4q7ITlogPQIuPi4oU4wW3NnLQj6IvYXQ++3sMMJ2iMCJYqcb3qNKTUnxq5sHfKaetETibe9h0oo6nDiO/d9AVxFh3Iw1p5LAAYAm2isgNW2kY8afS3eWIR+yGvBMuckew1axPQo/AIhJKudkLcCuWiTE7IGV0COrtBK+5F243qrMFisrxRQRRtIMjZHfxpKp2uDEt+ihEYT9MsYajToCTDA3fTQRY9u183iNA0CIANTT/YRJkbSO2IikJZjEZ+0JQ5n+hd/AAP6eGq6rEvOzwVrnVqzStm9sirjsDOBiNVFGjH4Gw7E4wd+v9RzWLuEO5DN/w4nxkavqjhX3Uk5HcPBwCAKUa4BaaLD7IRd7BuL4pZOzeGQDJ6p0IvKfjIS+S159hAL8fHkO5poN13mrr/4Wyqx5f/BFSZoS6Nz3/2JX6N+tx00pXyM3HNlsq+DuS/Mbb0vgUZEbL60npvVTm/j/aIhmOhJbIx9WEBKtIaOrWXqGj5b6K0qKDAcZNd7QR4z2V79nLB+e4qEsYR5QYhN6n3jvtNz2DEnbFevGC46FU3OT2MmoU9xlO1Acd7O1dwCdRbnxp1bZxqPusmnSsBnjXoGU5WWQ8oB03oHW3cXy+n7SNEsd3XKx/jgOZpO9bBMzlQTnOOGu1hksgJKHnwiED8bQLgNxlYN/qFzMO6nf07ajBdvpGfQfe03jPdVO6TEqtWyYTY0Lr+R7THfPsvzBcbewcqOmEHD+7GyTWhLWS7GyXPoisYmnyFbDf5ot9lp9NJhGWDEVTqaeDYK7bfKPgirgcKmfe1y3hegnGOUisQw2M3KTwm/9+xjfQPXcD+BOU1hOoD53cxOZy5T8rN6KVSy1XVULnL3Nzs5yoOLoeXecri1urc3iMxfuC9WlJEjNiG5jfrZY41dINqSLe5KnMolmIzcg/3q/Opglvvqp16ctrhjU/OSomKKWALKR5+oG2W/G8yTg1WAOnxVpz0uCPnkgoIVHp9chl4506f3fnGgAiCRbS/TZlYUiFtjWrW9/xvNMuXd2xmuu8MoDi/WJ2ccCRkAtcaW3y2eigjsoonytmt9rLoB2knf4cB+KB3tabEf2GDmd9Yd9+hCdSCsubnCBWMAsvqqwa9xWTWVB4MyoeY+MkXdYHTpufQD5LZ3wpyd6LY19mbwZ7Z8vIqv7RezRU/GKxDVrKLV7CbB5Yvdyzdvkg38aUUrAwRPj+wDxwdd0+/SB5/lyrb9z2yUOhYCIsvMCKe3MLiwywtyckX5Gnff0gyta/JBsrlDJY+SE//I6zl3KFZJXNRLIWuS1SsukMhj99capAX7wxmxTbWj0U81TD2tr1NtpSoJdm5s4E/WJ/c1T21AfkvZ3gUGQo7H4yDSf4u76svy5GKcTD9ea2QLG39dZ9Vkofrz5MajNEChis2MtsvF06xkrg0O7mWnha+T/EEVzgg6yDR9GeBMM+THZOzCKJYqwQz6++Ruwyj7eo2rpVn5dmt+2g/dWPbidSfQd/Z+2azsw/eW6iJIAmoZk+TFGfiHbv451Mb2ujh5k0ihXBUEA1kYHgQ4b8sXpkwRdZxbGAAO9edZF/KwS7Kyp8C3a+6aMMTRof7Vorli/wyu82S2HufxYbPbyBngDCNqCo5snFPm37VlTGofS93q/KJffXR4eY8/0FJjyCL9C9RGorvczq4s85NuRFoNPOBpJJ0dH/4brBmy+yYUQO99649Zk/sVjird3e4hwevaddEV26SMqFaas2C+PvOnluzBOXRwRlVA7ZkHcafilq9Ng0kgSxVvtYXMuC9vFRwAsVTBwB3cIWckZ3wNjllvGE64UI5kqF6AnCLbydTClh+wXO6BDQmtH1OXPL9ZyPJMB4AlvqcFdtRv9tW6g+f1+iP5qNmwsg8HTV8CmmB+jAY5K4mV6pvVwezeTKN0ORypp0ZIYAE6fnP1qmj7WwoXJTYvPRu6JAXkXTP/wcOcXyuZaU/Z0HicHqVT1357UnNtdMHYmWi8JZghaRQ+3Pp4Xrldwn/mpeiZ2o4FlcGX7TssPjF9YnU1J+2/tdBOMwwabFbILJr1N96d8UZ/U2vnyGPj33XjdkcLIf0xV49lClTJ3zmKJ8v6nbfw7vxG8TaG5AOKjb1s8soJxL0rGp1Fz4wuqmhFmjRF8cXmQ+RbGqcOPkfJqkTPwXxYseTqNPLg0Ff1bYE9iIHY28M/fpNhQSTAL8UqEsV3LrtAYumBWduMWYLPVae8JMJ0G07HUYUFbR5aSgLtutHqRnDwZr43FEikJbcDaVcbctUeC7gwbub6rTKJT6O2TlR1JQ2U6n4Iy1OZMrDc9WoWUIAyJP39OG8lxsGWM6bEKL+h7FxruFQulPRsfAJvdYADGyFhIjBDgIUlOoU/KNU/pXclQjbPK0kM30gdC0Tf6y+3Pm2EemW0fTdGMKVr17GpzM4glT4me2xb0Gc+3R1xWwMoEDbDZxoqthUWkd5OlZ4b2SJw3/E+iIHzfmvn7qSxrX8uQ+i3NHLnjS7EVQTUbUoH7Howkvj7BR8iw94/UTbNjKyiOjhmPPqwiM73VSgEbCEGcweztChcQWXrHHvGGQuh0M2YZ1zGaHVARrf8lus6Dcva09t21643FPS46t+ukA5QcLtdOPBTds5/+1/5EWGGZBYxBicsZNjQRCcfuDAE35hbo/rwmyTJBOlpcKJJoznPP7wGqX/gnmEox+TaTWBK9jvJi6bBk/MdUJG3r2mOcB2wWVDM8u9CzkZ/s9cpj59M9W40KOcPpCaWqJQWX80oJix3IauBEmj/YoEXyWWlge/narwki/a3zD3704VQLLMjRFi1jj+0ppcqJicyLIuUYao17jh2TY6+SeVK+6BcMVNyDzdbGsBVnUxtfwrv9wiHo8wFmqR0hDGW4D/eoKIcONopWvbh3GRS8hZ2E++Wm4ucfnmVxfLOxKvR9OWlSYxGbLRQtwFYtVIG0e/ti+ZuOSx6MNT+86Csfyha90nKLPVptLRJRv2vDjkH4y/pN6XyfgEXxnyE7xhPzyhx0xx46ul0eAxjLy49lmtIC4PRLfjYna0AlLj7wRlDSCurP5R5THWuUGrbhSE31O6MWpD4YKXySp2sKOAAAd2Pajofi0V4k3gAAMaAsAG9QAD/xqzu8ZXitwneAPIVyAlDtLAILOairEVe9oxb4HwqCGmTOCkUQyUCozJVV8zLD9dEKlo0BODdm09l50fWMuodr4swWhBR/v3cjad1/QUJYGWBSzyc9smjCiFbBnBtjyNWigndDfH8zvfxfWqe4mcDvQ2obvfSAIPwccCaPtRpYAX9dPkFp5HYo0oBDZAQEywU/VMhtgV+Pbx5jla5yybT0xrvHsI4iXiCFq3euZpZLzcZJwu7opBpfPQr6yzgBiydvCzp0QiDlmXf5AlOWtKDVe7CUugIiElePN11kKcHRBN7lH4z3v0nPccyzok57g0WBVOl3jt0sJN/pfh9lJEJO70IIHAAxHG31iQrDnZkhqdsC6VkOwwhjlGNfz/9r5jluzXsvq1OWh0SKy5h4kIYOTEylKqthLelNycWTGqjOr5e0yJmYDUo2EXxvxQqla5Kt9ulsjYr2wZLbLzCd18AHa287IBJ4baZ5aL07u8vaJZfN7cSePaFgH3nsFxXTDwJcAsI4A+Q/Ahw5tPTf1JOKCRwOGZgppEyjtLN8MmebJlPAqjSDA7gsBkctqbYzp4J+IrE09vfZ6I5SZujSSMksd5MHmIG/BTrQPBRlrC/s+qM6Gpyeipi9usrhhEN+41FFJCw31jWQEmmgd+Z2i4JKgCmWHwGh1lr92TWE1EMfOSHqIs5AbVQnR2Ls7jSc8QHL8fzhze7omsXhCobZsGCxZ3Gio+l7+F1qTbc3uMrZnppMPSP8Ihgq27U5zsgC1Yo0ZlKIi4uAEl8xuRiHD/+SWQcPxZFQe6EGTvOTNMe/hg61h2tytW2gr+LDLxRM1YONMcm3GtRt7bEtRaaj/evmzOYBgyCwr7wd8jgZ8zgNkElJhYKhmDGOKQDCCBwl5EU+hd6BI7zvGSfmeHphVjuafqMKuRKPZLcnyHdt5NpM0UtNH97lNSHb9LhuqU6pv4FvfFNcJF2QmV5xVUjoxlDI59LiewrdysK8sQyT2drWVdn5TjxHyMbBe04IFkhHjmZCi/dnrcAbZWEKnP58lPvGn4zELpZH1OWu1jtQdviY4SInzzCyIsl1r25om/kplSHKXvbbm8Tr2XENJJJ/+pGekUtz5wB2WY5ZUTQ7W72F0bpoBM1ZQYVoXNtnJLBtZ9y43xU14J94cecES2w3XS3ga+2rXZPKTOZqEMzaNNaYuqJ8mI/hP4F8fkrkDK6TdJcas+MXRpIC4RZj3leKPqT6OiblQU1pmUl9fAKm5GImIpxt3CyYG7j5fP9QJcG4pDAi3KY0lh+Gq9rXEgeRWwRnKlBwIVqXVZtE8f8qu1uAQsyMdaaEnrNW7UWsuyo3ZfCTxsastWi/Vp8BqoqWXWuM3wrzdGIvJBK3OLS4ew7UCKkb7V6eO8U+fyoHFjK9DEdWo0qSOPA7IaaVNNmAyKEaMa1hvAkKGP4SdL6+lIrNahFGYPOX8AtaT6AJJ04z/JB0+D3p8KEvhuP6ePcXOD7unFVkfJMSLf9+/9IjAMCJ7h3+bKRAHQZxwPJyAIxHcnpGDGsIrzy0ogwp+pKHJ8YtSAJPh1TtB96XuPmKrYt1xpP/Z6SltYsXU8pUIMn6mR63OtJmJpJ7T67FB4roVi2JazeKQcF/U5kRbwubhPsMm2yr1HSB24K67JE++RzM5zV5lIqu2mHe093JGH/lc2SRi/roViQCJqDJyHpk/6bLpoRPztYgSMJx/GXNmGN7QccKmztQ8AV9WOLx6NVQigiAi2Q9Yn7JADnowbA84OX/cd19PSFl9lzZIVnt1fbfr/Bf9VgsH0gT+esL+jZC2knhW0usbJXH8ReHNl1/jiUMDd21VHn9F3l7olStj53jWDrmybhlHJOnpJIb9npve0BBQB8bVM3MHqlz5X20aZojySOF0fN/tUbwcHKlwjk8ydt4VHMw4Z3bY8TWPEQ/NeVCeFXpDzAHhNSIiXv73q7j96tl2SSZZyH7t/0um+T+IfnoZPjNVnEI0a9BL8Y78mpcB8cT57SjnOUC71Nt5WMUW74di6kpe/UZzoyQodZznmmM9LOPy0qGLvt95DCoHOlAECeRCbyGboRBQ/4JYORUH73HtTASolntoyzbfpwLObduWHM1LB3Y5lGajXoDbKAFjrEAwlehyTov0KlU5mQnSYA2lijUfX6UCSw1zRDStHwznxCISHp/grQ2V6sIaLkJmN8JlA7WAGI+cjOv6OfaD4MjuKIXeS61AlWOc3KeMy7c9Oc39KOmD2cYTgxAk3bSJUeoyycFoo3K23q7gu5AVsB4agg7e5tHllJLvwxSlLVpAPx/5UtM/cArGXWi0cRcV+LyXyApzC5Bd3o/4vTdB+URzsxkjiOVmPv0H/i/++YpSjiXafnjdFvsBBpKDOx2lOaT/ab2hgEOsGmmIZAsIXXIuRXMkdFWkKJCPWN3bsVsfo8e2DTcSTpF59XZCVXR/HF2jDT6JSOR1gKtMQlapKgGOryXGRMU9q5Q+MQTve35JtaNYWRP3p4rjH0CEfpNVftVWSvo5/0REp1lOPmT4JiVRhL685JukKB6dvzYj0f7F8TLtvjtAjMnnhRVhHF2jTsdZqKltcSK1dPrB3IppheMGUB63vK4A3cSvzKPntEi5WnvSaxMACdW+rryKalGrYKHMmJD3fbKqj+XgrllWeoyidhPlHnfTHt/a9KM+b2HgIBquWlzeZKfv5uNBa+ZrZVY2CyFPszmpLFYWub6FY/JCy85wOqKgZxlLDOL5jrFxj3RJglDgiEj1ubPm5MM4B6TXVCb5Yr7egsju8VRkcz7aCbyWIMbeD6LVkRr/ngJozlRLmZIUG6SVysCrDND8+uaBeg1aTH9OB6GHGnzrVauGGLRCEZOLQYzit06gH3GVzsBx/z9sh5J/cq/LAuWH0q+cO+v+BLZ1W449zNgKM9lUj5y6JGn9ilznfY/9Q8FzzMWxxWLbwt/OZC4NziW9tVyff2pfILiBv4hNTi32q9GNcW193VtqmCez8n8pikZ509IXYG3YHudjcwIrzeHGmiwHwmbYekIUyvCaQxUpBFzf1CjEQhsLty3v3IOENtPBkqDw5uS3g9sJ7FVsnP+3THOwNOpdm5Cx08gi0TM2E5KNefLCXoFwUTkIl6Xw2bBNzQUQmSprSa3aM9TQXSDRkcum03XSkhRWOA14tgeGNYluIBoXg3w0qnz6CM+zMRgPkEqwjeTP+wUcdiatCn2JzXFqu8q4c9cJUGGDjvNGdY/SpldU1iZaiO/DePbCE+zBhA6vgni+apcBO7p0nyQTNL0AMCrminPjDaqHcvXftkwMnjbHTRhJSUZRwCRTRjYB+9dATbF3Ifzya0Ig59kG/6hafeuF2JxfAaaoOmwUgNoWkwn6ZjmvkG3hJMa+3zmIP3ugG+7K7av+zZCGUiVUz3JOyWXxgyS8/uJXPsGjFFX8V1iz1ma7yDqFsf6ZQjmT45x3yAtTo4GsiycTHFBSKPuMRtnosjjTjX1FlxyX2EmkFb3oiIYS2DU86ijjpcbPsca8N/oYJFV7S08iiqJ043hUCyitcJBm12M8HJxIKW262RwaQXT8OxHko8T8pB2PR42FQ5e1zGHCg46/RffugBlBbObyCXHNFWPBfa/obr1miLqXmxLNzVNT40nHhAmHdAU33x6iO9maeXWk9u8/jBWuHz28HXQkWZePm4B1Yi0cUaO3V1h5WAu3EtRSHpWzwZSLWHSvp/NczVV9BT+d/hRDWDbQMd64U1q/860RP9sYUtMCSAaNpARi6HFNhRyk/hDlI18ofnl9ndoaplNeTCXYhL6bT24zk1xxZzwZaRb+etFSxr0xxwNB77JILSU9iWXsO+LvU7Jl6I1pk6kOJJnwCjTvpmYsW1uV8EI1GIzg842/U0/9Igi3qEKj/aWoo38uH3cs9gO2KPXhwL1p0cToGqsNneSlorMG0U/6ZC+i6QFHqAMtBVQXXXLcYw7EhXPL55w3dERd8q0L3i7atfEvXZ2ORatvuir4Xdmj+ZltsvQh8SVyNMArtdaJxDdUe/UMPi6y6q/w68S7WijhU26ZpNCMUaPes99kEVgHNNzPR4+sH7SsIu2/o0fE04Ptq81tugVAr3i5KDmBjqz3zFP6P/VcqHx4xXkv5b+AcFJmVdk/QO6BN4hs+hKFm569UoHALhqModVYiMvGOZJ9mDxz1Rfpw/Pp6OzluZM90uerv3RTkWGta8Xb/zEn8yra7dp3fPGgTxXsHJgU2X243W3yYdx7VNNAo9UEErxk4pIW9etm9ZnO0HLllE8ZKxplXSu9J4mYsRdiWDfcD2DmXVFVpAuqApHByMtBpNynygU0yTnUA+jD5XrE+sLTpdyp2mZxMfwoYusJPCIkJiDRctQ0TaTHPvmqxypyRcfgq8fB7GVhwHIP63CA725WWrvwSViC6oXs+vrsDOJ2tOH1hqWIdfij9hsoGRxdvTAt5kfR6vXJXhabLvpA5ulSLXTHjeiJfYorgcocX8xmezUjIbB2sTZxl4tjVI6wNBIpafbTNyocTM8krBizsvjVu7fPjqPms6v6HcbGjMqFIQfbh3bHjfcP7mgJdW1uDPE2TmHWf/pIQCHESycyFY+5W8+M2KOW/Lhr5zmMvU7Wm8QKezavimR0a9puE2oKDTKkz0prYtNETU5DMOz8Zl5FWyk95mnYexZkxUOR7g47ODS5quEXg0YksFpTZnadB1yEapwmHANUcirTfl2zRyz/py1vevHXUSUmoHu5e7CnteejSm2Y8Lvg7qXQ/y00FTTfyNWB/uhH/O01qosGxUXHVviDYsiWEjRriQpYT3Nu+TW2AUh7YPX/ubxRwQbulYf7zEyew4b4IGeVu2uUEns/EgsLqt/EOFTFKQu1d5CHTjFORLKFjfh8iSJH5ARuqTMx1ElgAAWdo54xFz79gAA9wAAL+AE1igCo2T8Rot8VcWwOWcrOZpCdzYOtfMDKZG2yFOyXJ2c2q2UiQzJdQBrSdHFenJdHd+MMLoUMoDVTsjKiMwAcPXYOfdS9Hzku7rKOZOkL+MWpsrISWdZyX7ZrxzJ5sUdF0LqOiqF1YC2BGL8NoJF/8ytYz+4YL+iqcJaxYodiPwoSOV0BLv68cqOq9SsvBY+MTObUF6Wt6d5XIwklwwv1XnKqlfPntlUyjAI7Jfk9o9S4omnGiQn7mN8Tri6WRNlrhCDy7TWSktPd/GZ1KpWZ7GjJY9vMFIs+2XN4vhd8BdpWKHRRp7lZg/yiNRbmV/N0j5e6d8s4xI0vv8LZziK0FA33sY9s8nIPkKPULMTjO7mDNIbxHSIiDjL1p8hvyEVJJIfh3trTHuz6rWQ9G034vAusEpWak+vejsYlkFHzrFl4uXl4Z+yHR+QfwQ7k1oy3S7P8egwGcMUxF0v/s5Rcd0DhEPtDirpyAO9zg5n1eMK5zVHG9f7FXv1U6Zcyi6st8BNl/kwc2UmunFMcdMFRUsqO2Q5x31rRS69Cy6pvkSYtOzGkot1rvjz9bVF44Su2++1ZiX7T9xA8pvBvfr4oUqxfW/Tv22Gl0AaxQGYqzJF/h4mG06W5rwgsCbrNnyS4F9X9dz+N8TtQoIn7y4nR5prdQDUF6a/k3nWqvKXFUDhR55RZhiGynGJ6uuI5QaLxMC6kb9JEsqTP6tX2u4+augOXgY1G8XTFuruNxlv5pCy/DKwnw+z+buvI/wIB3NmwuUNzuH5RV9bF7tFV1/P2KIk6r3tzdvMyNKHvNhTY2KYGd8z+NMgDFZvvg+SrMAUumFrDl2YjSYSVgFjCt4OcQ+i3+Cit9X7EcaiylWiW0Sj4nPS2fd6rHc1ditP9b7itGwnqzWEgqmQ0/S5GWopPVNPGh+Krw6gzY6V9p7mJXFmh3q3cW+2vPvQ0VnJGQovEjW6Oo+6yjmNd1KV1jyS6OTZGCSsl8P43u+RtVj0vNJKFmEeJ7F3REioEanHPQM4TuqWXUL6BBYDWyaN3uSBAMYXZdtzpXmidzNghq7+wOZJKXbrQ4uoj10H7GQGMq0lQvQdaJ1BhzdY4uiormFRxzyiebUtBU16U6p9RYJQURUv9foGCV8iKeyeoOltheSDZYss0W5OmTZ0E5pQGwlidG4JKC+MEq2jo7LAjiSsix02LSvXVila/IXWM5fi7nDZCm/rjbiys8R/dAg75NUIcOkieeB3ublJRN6mYCBtIcJ3un+nuZRf2fB5cHDilgifg4RdZc/aI6PEN77JroKNMU97EJ2b2iVUKNQoGZxs5b06L2znYby5uMTJE0dAEacW6s6n7u99/mJvO2Lu0Mf44wuUQAJgNGct2skfWqYE1O/j96RjWbIlvGRyKdpU7uIUrCUpLzZ7aChi2idybkcPopnmBnkhNmgdfRcJrZj7vemKxc+skzf43zTNJr56oxMLXbG/tTSYQ1EkTL3N98XsowP+PUvIV2Jhxq21Pppot0rSiuxo/qrTraDmEbHDk5TmjV3bhd2nymi29W5egNjwmO6B6/iuU2Fx6Dfx4E/dD+tsIqxV9Xc2OEsTcRqie3ae5MQzNgb42w8TqBal2t5x5pDYP65+6sbkEUi0WJaz3rxHOxfzCTBt0iSJOAxC+l80F16prH3qRNwRIK9m9GBwof7BpuwupYfVA49cJOh0Mwcq2tBISEOUcZwuww3d5xmNTF6oDye9bE7m7HLw3EZO3GUafFn0ocrrS2CNC6iUqW+d/FS2DZ4L9yB29mAAcdbed4jhobbmcJ1/a0Nj39ZFf9xFHdhtqyo3KTaQ27c2WFOfBu3yahm7H+K8OYzLPzorCKMiODeJJFXE1Q21o/GDNXPUP/4MwwCzNpKh44brVMkNRo6iF5qKpmX1KAceZYTGD9eqe6BYzaTKrwzUwYuVCdcjMuzzpEcj00+d0Pl1wJySRMkPkaACnj3bXm6BrNP554pQ22c3czrdcKgXEzZGiB5BXT3MytTawipDcjR7F3qiPkTl8uzN+7QOgsbAIp4sDTIx/iGNEs3QAuZwzwAnsMkGzUIJk6CXKkq9ic7+kDfQ/mIkk1jnXx8AhpvzmZI4P0ZuX/0WTwih3xConFDepXqgyXo6E1tLTbpK5lV8T/9zbVZU3liKuAAnflhzxp54lzvBp68H/Sucq99/OhfyRLcY2/2Eto/X4T4D6ELjA0MczItIVyYHrh+v8pxLtNoqF+eLymXGCbs7gxz2MmeAD8/SOAF1rS/9BaOyvcyJoIEziG3n1cm2bpeWsvSv0sK0gN3cypquChQDxpKJLhK9pftsHmsprwiM0eqgMvJ6CQAej+6+8zZM43xWVa/1Ej2MHvr6zUdL4wnltXdgjMQxNF/qwhwmS2XIPadfAPPX89qDJPFdCXy1Gfp/3/fPvbOLl6LSI/LEhEQvarkPymE8iiy6wXlN+EHmB8ia3g+9NpOgjx8SFxpPZd4pCG7By6LXkI49mDQU89ni7XRikKJfAr8Fhhrk3vpQrnBDIlyGIRLbJrPUzRqSsMnSmu4EbYTVE0vJ3ktFCHUVgKyrSE2TvCI5y1x4T7GjzKZpnPG+mczsHKhYWAzAJvtFVYu2jMeVovUqePo/IihY5hDpFW2qzsBtGHI7LxI8nuKMnp/q1Ytr19JSeIDmmGr74O7+mMxRq82m0vjreth7Ytaorfd74NniRqs8P0nAHosNqN36LOqsuddwC15eTn4VAiW4YFMDTqvTO24r0HFXXj8L3CnNCz0WyhDyiImDryLC+cCx3iR3VojTb6RUj9IagB9DF98Jk34l5aICXMH6Snz501oARhgJD91vG7A5lird1VSdJzYvv1uXKAbd2GB5/GLxdsGiVuCbfnEsVZTgUpP77a6XU/cZckLDzNTEkOcm1uymoAtTsBZoQLVpIp53lOrQmFBLWq9mPQYh6IDN5aEoST1RIk2s9MaovKjD67zd7Y40fnUi62rQe/iP6Ve6dURazpubeCKQIjQ0RFmfH+oTWCdYIe1kXoiIVVDV/GTQFi9Kg5lDG09z0sNDMOW5es0WQwtzmEEb8QHtFeQ2eTJySf/ExS/92QIpYjGaaj4BH+CY0WzFDX9QIEx59rXhId6mI6lLe8kgzm5OMd/xYUsyHU5VeyNv7weg8L3xucmsmODFJlj8Q7+jYnGhi3Gosnefqu7St23fjcmWK0wL9gLOfHB4DlCJTrDK2jcT/cJLP73hBpFwSJab71O/t3l4uFyJGKkPcvl3aJW1y8fqF0k9Ffv7y9c0xrvgOkyA3rU25hLmyOFmtRTyaH2ibX1hW44kBNk0uWFm8Rb5sqG366Q5+2sPz4fx558q03/tmR711gRPbwmcPWX8+nf/xNqooJH6T4Xa+o01A02gTukJnFZfyy4jT3HOvgGIv+RlA1+3SUmDbv+XiMBY3rcXi8P722T3wUPuhwsTk3lztyRjglz2cvgrEjuLkdbNaDObSofAEyGfq5qKvEXivfRVF0km9znd46P4wbcdYc3PrTueMiQHa1v9FzrLN7p7K2cUxzE3+bd6H4DAvl/FW8VjVNtDKrOMGkIpvkbD+SXnwN5EruTwdfSEQvTUX41urHruscdmfydDcgfNEvV1HTnytsPcMX/C8a6EMhdX4lGXSG+Q83bPkAHyfteGyf0KdjZemnAsPqSr6z37IN7sUQA8gr1OMNzW8Urj2gT740EvnZZce82+ygMHyoAHS9rPK2n1WVrlpk+WqkD8Xu2VYtF8U6USADDfB0rk6cZEKFsDdjhVgmRACHn5UPaSmo3kGwKgZHvXVrYWO9pS1f7g7kMd3hliHF3OHRZO7Nt7S+7axnzaNpxj+qXku7E2zH9x+CwGSn5oz3566ujxeg7t5ZTxnvTujKn0iN9Ml95Z/2Z0aTRScnyqOFvmWq96meC2OhJkcs2OGwpCrJOtbM2wB33hMK1R/Rw0FX5AFpuAKvRKCjZvGJjDoaAl+feSbqBmBC5zVJqy4gTCpvNJGYA4XfB8Z4hRZyAFPbYiSfxTAItIfG/lVeHs06QWZzy+lsU4XuDspmkcTlcmxhJE5A9eop3lYH4GpqrIgKasqB8lOOgMJuChI6ziU3fX1JiMjqt4+Pk6Uv1XquL+EQMrnqSz06TYtQnRPdGDS3MsrHmFbE/98t6vfY44ILzI96oRF7tz6dA1J3D5K/9CZrkbfrsZevbFcmodiDtiPO90nLB9j+rD1QVbHmLhajQqmvr8Hj7X7W+JVrDkA1qsCxtL4zi1SFrOeOUMvxdvMZNqDKwXuhmpYZ1VondCOwaCK1u84R8+i/N3OxfHoo5Z1j8mXI+n26CX6qTLqO8WG4tZRwiNy2jcCKW0qtxvL9tJ/iLBrk0DVw3ekdNx/2ExsNCNaju1GRInWosL/TRvMAKZZvvxAvW5e5LUMSx43iEwZV9OC6Tg4hPoj9qnvlAjWBAtJaVS3d+HKfs1vETIXzEDUFjrH+SPJJWtZsUEHsXX7/vewFALJ5UWor5OMU//pGb7CHH0WaGCnYFqd3sRb6n8cnUQCjxIELysXbQRG0n7rEOVwGw9lHbVohHrTESGBhecBRZMtmCHxCoEHBeY2WfLTZgwGgIfOHF0l9M+8pwQXMW0KtBBwltVpZ2g5QAE0h8xElgGWuoAADhoTOaNKKvliGswAG5KQDBa1nl1VnLlFWw0XxZXXLt5TgmSOE96XNJSLAy9xB5WnRNV2DrOYzyjk7nX4h+JsBnVaMEfDfBegZx5o4GDADOeuxBxGaH+c/XkC0VnADBVixqsPZW5LOlDUbBqC7vsn1P3uADCaDnLk6E4M37+75edzr+d5b3EZt9Mam4DEwlYi7eDPXs9GmsL9/laElaecd5go/clMCjLhvbcLZDrdqpWQnH/by/7qajoQTHQWnv6YSFajC3xRO/oqEx8ACM6rQPAK6wnhn42jgKtM1ukxcmaUSg+BzEX80wQboylc5By063jmub9Krqoc8wIK1izzijvFNyPZ1zIOkI4YqDjwcBU8v9mnSMEgFVTMqO07nRO06c77r2zEstvarB3zVELYMgBI3LjySN9NlSzbZ9oWqVzfU4djB507aGfMXk427hnuUBOJSI//pPERH/tBNDu0FRC251kfvLgihx9ZEPeqjPpTpdheOPtuZKxAPBwgfh8JEf3mvapkEap/Bmq4gF1Ad5UcoOJxsTGmkP6Jg4vzZeVRxslCS5hZ0FBGdvW6Y/SadAuqO+jIgKxG+0CYPpUH1A6iZJEE3O3ypyP/MNP0Gszuq42esGbYnifdRGVe3nQ3vclrUXJmO3yazzrNYwd48Z4YShlhE4gCM8WgS3NuiQ1REdOnQeQmZeHhBY0Pmx2p/7lASFzZ4UHg8Bbn2wPkRB4UrS2mvwQJAAh2kj6glbOwLlduBqEzMIcblE56oAAr2NN/NbqIbm7d7YnjUi977TtSD7TNLtO6lwPAj3pb0nIkBWzN2Ce3nod8aaBT7gza2qI4e9ZkvLDXOziCg5YIMo7oqEeFYWVDYZR4yErOLR9WYVyaHbkzwRMtW5Wxy3tfi3hipI8nG7GrWFNgOtAgNLTbS1crHVv1J2w1lVeygqQk7ePkm35ZwzpmF93nsY1QprXm+d2BhLvzrvm182PZdvt17Oc0MDxy6e63ChzRIgnDvMCOMS1+rIUkeyvMRERt6AwbPBLhxC1BoYroTir3ZrmuKOyIBD3eEfJrYKa94JuOuIXlehRF35CAD0A3zYr0Pyry6vh/njJP9io4oVsXpqtCikKA2D9Mbp3aSHkaJLdPm7PbeLAYsyv8NpIYhFSuV6x2lnuho29+Gbk+wIuaywtACJ5l/mFiuN+0wPCv4Rpshq1WpF/R+5LtNoRLlxGCXz2I2iIg9gYjKvdpr6rM+PWL4d/cJicTdIs0ldP6utyAtmUfQNU4kt/D9N/FfxwBRyjj7yqYB8fdikog5mgmQrhmTBA9Y4Ok9WB+65AY1GQR1FKUrdtBFtb22DbBHna1mjbvzphm4kdy/3WXYx3Z7pnOE+QPNsvUG3rwNf5N+M++ZMYVgKyTgn5Q1enYdFblTkqUjyhf4lvRUzliWP9eIUbXAfsiHA66xCq6pBW3zwUfAfi93uKD/1sUcPxyY6XRflWqewt6y3/ubTxdxMQChfi9yph41ie02emjWoAvxSPqgyKE63YPBV558br0SrAa+qzX/erYmH0j2l8JVrt0fMLgzcWBIwnYwiUy/gfqFRTF4hncy07bitrhHH0KHcERxkhHVJh6YhgvyueHRU5/y9q00Ufn0qv2uThT+ajLXYMlASGFGJ9esKwujY0cbNFhuY8qoqzOoOSvLXp+PGF8yNCtDTATLQ7s3Gw7543+rLmVXevKAr5n3Tv98RE+16DEcBHySytyevdDLpWuKDgvDrRxt0jriWTLs3enP5tjie+CREJed0mTVp/N9eNI1a9sVfv9BsgVdk5AbN+KSU4nnMcwa/wiqTT1xHzG5Bzrw3dgOEyWBD7mjrliS6XdehS6vIYgIC/nNs2skYE6tErWiKAxqmdYv7aMrNNg6rxpb8IrJcmVCSdKMbSs00sYdstsLE91m5Psmmwzr4taJd2o+yQL8LWaM9bNDyqZNeyg/Ma0ZWYUyesONu5dU1DlgyvsweWepupGKYPH8LhUgZEDuiqT2lgvVzBFPahj5yeMD5e/K1cqVi4JpIiiP8Sshs8lK7gw1Kpicrwlr4YrFbqJ9lo2INOgs/vTooSo5lluEt39x1jKWgL/hE07RN7sTs+stcgd9wCcpmMo4Sx1XAWCd/4pYu8HKor+HHsXlEPmRwjd+rE0y3gjOiLbhhDSiuJlBPzuxWO8UN7x+GgPznQJm6n7aCt9PDBANIT8PIAzYGg/wKPO+t+jqC1tqvrCtrb5Qn2Q9LQyFghl4UYG5qorQ/qH/g7JqnO6beDOk/2+NBeiHiS6N0ukV/cJDHZxbpeEH02cq1TEiJK8Y9U+79ZKsLRDH8HfOvcddYJA1Nj6HxK6u55jywfCyCAsVQJ+owbJpDXJlVggB6D/0CHmiORjGFS8ir+81pagZzITf4+0lDklRrnELh/MFfqIAii94XmGF+d1k1SJD62emZnv7sUOF+ZyTzOlCM3nFsVAMDPdMyljzs74/dme3vtmpEliGYaf5G+mokJpz7+mDL8mzvLFEmLEaQZs6rXHh/xG8FFVviCepmpyKwZQ7M4wT92i/9X8VYd+jE/GnsHkG4PfBOy71Bsnm5/h3yAL5udX3sGTKHH54YXR3M0fnoUFH/PFL3DdC5Jbw3avmu/l2cWgNmvnM5okT0GvaCAXb4RGzGWZs6pL6wRnIpM71e/eJEzMk/i9SDUrprmM0KGsW64qk0/+zTny9kpefSVfyJBWsXzmT67T9CTc90qaX6E8VTAdNmWYrH5h4ST+nm4TmK4atfOo78a2x+/o9u4c8aQnIBvf6w4hrG1wzkX7lXVoPa5lafnm3nOx8iCBKV3bKOpXQ//Gb9KPYbRKSPgdmGt9YCn2FITVhYI+cZVBH8YwdmIL1ChlOVKqXHAx0xawcFXE8PiOmTV8TX2/aUK2eG5IuZ5ZuNawo5O4it+GMY16g+IcJLVU1xqUC++tEOQyrbKEEY87WJNjLyJVBsLdVMXsNtlpEJDg8ge7MeaEvxi9U/vM713hfBjemlTUOyIpuRtOtTRAu+rV2IGMtl+jvQ1W6SM0Rei960IJs8uRDXCHFjtu6xyDhmMtT9/SudEXadvz+7HsgHndqgRgkcLNNpB4aIa8G48smA59tndlOztuGy9bzdaXV8n95FpGq07JQYs1roDgiO/x3aLYMpPsF+SuozeqOPMrTbiMRLcXGGHKWKgi7MP+xGf3u4L/iICOSGFdTcJjQW+EaSRxxa9XgspjYHFiZO3XTeyvuRoHI9TVFwZudz9fI2fBwzWB07wN93j6wwfrNJ07GQznxt53JJQgIYJg0PreK7buI5Hm6yGL8n/Uc1u+TsxEPfHhHoMxwmFzyYAM1+4KDgNXKqlpOOuxdnBnGcfH64gANJj3ME7I24CQK1fB7ZDNYid7GOaARMxXtTPkcZxa9MJpuJ2dcNSOX+CSR0/dXL5qrB7GQEjNkZzbKkgtem9cHEW3wilU8PE5kuty7mARm5zK9LP16w0itWzuwbSzKfF2ibuclJ9w4uMB9KIqD2AtbZ77DL2rqRedbioux1ZkvmbLDeSdxYsPsetYzX0zKbRVA1SHRj82mKBJ5jy17kLSjg+IRKVC3sB9U4fQF9sZdfRJH5L2pjvk5s0nh9UaJgGNBsMIdK/UtHU9P0iKp9kRJMok4kXBhzFm40kvvrzHCzzFp09Ep7ah9Rb5vfMzYTV1krpVeUgjjexu15SiOIoluNWiBj2y3fxZSde7UKSL1DAJtBtWbiEJJCCZYjfcJ/Q4f3kPAmViitV+uVwrGvGMryP8SUCpBQSU2H0iJRrRSons1fSzPDhIt20c0fpz7jKpREn6ZpAkj7dXMvGVmaCwBa+dwWIcPSu6045ZHZePpHr14ovOyPyyMECNWKIUyDmmv5cXQKyy62lwHbPNyApHLNAkwcXTqlmDh6MjSOlfSh5Dy65IypHXC75VA7jWJcnXuvGd8jYK+VPpGDeaSDVAzsClqNdJfoGgHHqjvzNxRfENMe8jqdQng6LYTrQDPuJ+tWAsHntbRUUrMsWBkiu3+mnTrSrg03CQES+gIFOeJIs/puDWpgq57ugu97prWeg8Mcefl0sKnct46A+l9GPCgV4X6p/El9OHDmO7AOjYRNdbZlpCm907aUhTx41lXSutp9X1URhSnd845pC4I8WNc3ZQxZESVyiYBISuZHz8j+W9F8rHi2QvMcei/cMiBG9JpKN86ssmwgpDkzlhWZZ8I6W9Uz70PZBR6m3K4l4AJSIBMQenVAhDAsz656ZXiyZsfdInuXHv1k0vS2yF5UQUYjIvRdwiZoTTY7WWRlm8L9WRL43mmEAcnabUMQ8zH1P7ZFjkD/QJRpCzWJm39rufKPgEIhwuJNHL/xe8hKmoUbcoPxXwVHtWQx+c0R5yL/KNnHv0fP4JJUvKLcjpcpLFVf+jHEovyX3WbqE8g4z1KDX7xDDJQTxsw5C41r+zll/mh/qD+YIHs6flncU4ktmhldRdUqUTwzpmyNqqI4rwyYEBqCJguU1x0jzkzvyzl+n4uYcdTEA8bDKeeMdSMKk31Osbz5u2OnNkwG5eejTUvAAbs9lLGPVZVksTPYQrogSfJIuzfqxuAqGn9EUxRiJmNlgKlkc17upHlTtInGYtlTjNcFiqxSmMv+bKYfJwdt2/7KRK9T7064DDzSkwAEpL5efZ2QgW+QmXE6rBO3DJSe1q2il5kgT83mNHNYO0PtY8tOTsAbs3S8oiBe8wNaODyFQ+Xsj4Dv8CQqM+p4vh7ouBEM0fD3ZCVKhxf9JI7YYjzQic3siJ2q28zVd1lcojaAgXn/amtH4tRgQCCXrVBRSMJgLtc4JRLlWdbubt01m71BOVpRHU7/ouptthVxqZXkxMUx/TIRJpEljVQ3SR/3InkFoh3LWMeZ7TCGdG9GtIPVKj7YW8jTEtfslk9tVugOI8AX4te064Iprov/yUvamiNk88T40H3wP9QgDJrm1VLe+cNaKc5U+mmOVEy5IeHp312DAsuZWDoOy1YF3iJBm0ta5GHndj7GbRJswHiOR83/G85gmhw04Pij6zoY5iSiHio1jqvcGMLsdERNO1coOtyIVmFMOZpJOtubXW4fQeHQM6Zq+8Mt266HiEnJ721ObvnkIQFInEfPAABcvIAAAAAAd8ABC0O3M/jmvUCFUuEZQf1GGd1/syiIpctAg9f9laXxNRARUr/tRApR5l01WzWceAh4qhltHd9vtdNfRi9sfJqBwljIr9Oab/mOr5F8dlEMqv/86iGOi13ul9nmuFsSCmukbl+EpfAKG7jyLS2NdVQ3N2g+TW/pLOY+ifLhbS+3F/bIe1lPzXp34YHMis01HY8es8kqgJ8zjTsVTemH/IbCTVifu8V07INcqF9ZwdIMLNms/G6IhgkY9kI0SvHACaV/mqYbNFWZgaRIxS0XBGSmomvc9kECTypeD8U+I4qFO30nHcgOcjAyPfJyNKxSLgXGUEI2svOKeKFJH/eNX8BvHKe0k1vGDyv1w6v7jEPPivWYiF/4WorvgIHyf7GFV1+CUHzZucLzDv868Otc5wHjDiyhFGzGi202Fa2Sjh+jMV3u2FLZEPkvN0J70zVNsbRUF5TKGd+e/W2Flu/lNR9FHLDWM/BLu5l7tei6YWIxStFhekTmSVSuO+kkS4Oc84mjjGXwM/AXmTHuDlPaInVAuZyMhxj/q0twzp8yjdc0gYSa69R/7hJ8W6H70DMsBlIJIQlqgr1yTbJnAU9GvbTxgFfQ4hKjFs8D4/oSmzE2AEC/H3cjdPnaVGBa0LGEsJTMieST/tMdqOl06B0LZuEeKyfRPekVeKW98431DxIu5nbtFjVQ1Gna1BVET3KYXJSKm5aB0HjvBGeNBVBvjoyhBsg3tDmn5NjqiRquaSDS+j/vJKrdMRN7BrCvo5NwNjx4yNR1SYPb8hd2GuLkNuXJCXjf4R/43Z70iU7K41teRNceGPpp3fsZCPhtMbQhD9HK7uexcsU56lzHaJBKN4EsNGFQaMqFoRlFVe2hupYwh7HR+mDNTS9xxQAgeKtaoPQCpy4GnzGb63OBAOA6kslZZTrK3p12Zg1ZR2fZL2SkdZN9qvNV0lgPS52GagnhFtJWIOAYIjZA9wsL5HkZFyoia5W0LN+7YeM1RLcHTsU7guydmk6eEW2l0Keh607JvkxwZmLUuFo5Pn0jQbDsTgbgAKm4xL4MtT9wwYOjNYeLFUgFk3eyeRJkGsIavR8bumUpChsGmS4zrcqN6uVjBsRhDsZPkouMIzRMI5nI5VWIsF+4XQUYzkKNkDJDwUJecKnl0i7vwqODGSNnIwOq8uCgsN42xc4UnZFs2FODobguSUkB6uZp8gth8basttL/dNUC48b7D3kYkyCBLnnnsvpck1QS7lf4U68TLqMF2HT1cXGb+Jr7L+D+rtw9bxIG/ernwciZp7pdZtoDU6c5webrHBj+pGWfXpOFxdmJMeKOB4ZLA2RNStPo3sXn7wVQ4njYNwoGUOWvi8HavV3zrNzdXAMXi+ZweruASGW0tyfKT29P1d9MBatN2ogW8KUiv1Jsyn+U9z9DXqAZlQZNhkgn5g/gLxoSB72/wH9IE3kToDo43HZ4Fm2UqBgf4vo1ucpPWIZ4azdJZ26wuhGHdn+VqNrYjmPYTviDKitjH5OKZReHSZPodqMUsBjETVhAGEeg7JgD9n1/fgfEc1gh2vuHFmWwPOVLuKFEzSXxq0C0w+wcblzPV//yRcrMZ7ilk8MpMPuTdBtR75Oh7wrThrwjLJ2WEg/3C2hClaHCeYrrXlzeRaevhSP/Jq4E91wyqSBamrwMQiAzjTpVpKfWUNko5DY0GmWK/5NxzrqjHmUHfZWDfJ9iMmrvB2s6PP3kXudukGKMTlVgVbsc/VqaOTeFDybrV/ce+hPwA5odZOkV+e7og/sf2ar1unz9YKCIchZf8qm1fiq/avrDbY8fA+urQ9Ky1wpPgx/wnHZkz7WXVGlmO2OTxUoN3J8SUMtwKzAJDb0RJdh4RRrsNpU+MnYJg/VCt3JyuZiJr8jhiWIsqV9Nxk/+ZMexnVVTz/xlzwDYnXut+GQoca6XjF1vJtdkywFrpR5NGLz4LwTWK//yG4ciOkJ4I3ELBjod8onkhZp8QYVHnlJ2T3PQ1E4yR4yqrkXBJNrt9qWaq4v65v1QzeIdvAW+HxYQzlH04XCfVYpQu+GrkUDTjupBXIOaxb1Cey6JeAotPjxg6uMtzYRx7qpQ70k1NkjSngP2X5X2KIBVLG76QXgEby4YFQLdoUF7T7Uo99vQBKbXFTFrvBz/ORtheS6gJEuVE6xhjMGej2MqDvTX2inORUBZmaHSnz/LbA0vbKqaGveMCpf12odU3n1LcHaetWXOYlUpiCWf12RiNC5F1k60oeRmNIi+3z+9eRPalL0ifkNzsCdkoxqsg8vFvn/T+tL92hbE/cHlfn0dXbswo68yNu/lZvcHfgxulZBgmNm59Dnah9akbNP/BFkoyNkl3qgZVLN73YzI0oC6p+DxKE2/kuNkWwp1zMevZj/ViFsHWERX8YSU0EDtbmjNbwZ/nYB73Gq6Wr4sYtTw+7U3/syM6jwSxr5MdYJlMMJ75NzRN/Y06VJkkr5sZjygBnwREZ3UKXT/7c3uZxrv6nddET530RFIPa5Nf/v6jp26oqdvtwAdTAxkfBi9um2dDpVAzpLUtrEMYCT9Wber2XyxaX/nRg8V9wwE1jDQmZkascsGXeoJ427PZUpIFhmt+BOUT0YaM8eDmul4aOfSkPWS1pngx2uTfjhPC4wbEIVswqtdRWds3iWrcN/km+vwYL5An896iqYAKy42k0D7bLpVQZ2k9niVbpq3zUqCh4DKwYVlbB9nznMoT+eRq2J2Np5EHfPq3/VRddImuHn108NcakI9H669N25LaCzNSUHT2E4DSmPz/pNQkf2cyCbAjRGHD1GtpiIhJXjpauqDyc/tJmHnMJGAphaBu4Tx2fEsq1SnrjNj6XuGTLj2+0BbRe3xepXg+zRAJdwpZIF8UbguEo/IUw6L5hQFNSjda1jRBHInEPJAf/2hl6uCNE7N8xafdE492wrmcts1RKqSCTwV7NXW/o2FsxVgiwcsybW6/8YedTnbyRQWXrQWNfKwqBTC+Oflp0XoCVJbmauhiAHReIJZYxp7nYoI290mE3DtKXLPgCU14HwWU3+DvzVEOglevDpK4yx7bEzAV8IdlrwjqeAO4zwLjGoNBmts+eSFLnpHM/G4RCdTieflL0WBEGnYmDI9MO9zOGDd0zIxFnGVn1WlyQwCAhkhKMeLOzd8bt1Zf0YMrEPxMXiXeCLvBMTkPg8aZBH5nt2AU7B9tuZHobBmQEppHTY8gXlCw+DXMcLP6MMHkm9Jxgm8W/mooK2bwTf8SYnz56BH/qO1RlEifkSsSB8X4yWmhp3KRYg4GymRpTDDCb2g1oK4yhOyEyz9P0wIE4KZfx7yh7knwzoic9+9R8kefDe17mslsNvGDnMzkPcfnceFqC6Wsu0Gr9y7Gd0C3QCmNCI8I1oYeRck4sU6koupmIgI10n5bq9Q0qXepyxSjKLEhEFkaRUum3V0eozMh/1fDEPgxhOaSpjMp4EuLpm6ssdwogEkUDMdngPpA5LJ3gUfCg5JWRh67MxA000MqK2UyDjrK8IjuCOrpwZoYaWzAaYhmPiDI8F4ZVG6hmrkVToc3AnnBoJLQT/uX+Bp3h5wgBMJRg637PDhYAl4Zy4bDrUuHl4+qMSNBWLSUZ9rp1QM16dPqsLvzc27eCC6M4pJsSwfWtT0GZlt+RHv2woy4lQb9TrboyjzLOQE2NvkSC8Tf91h2HbDAAOyOim4BcdXKNaP28r+ryt+enNbD1kIPt8rza4ep9DtACFGRCw3Q7lmnOtbFz+OXEHQEnHf1f8M1zLdeqaLWV1lrOewGPfVQpvJwRjpbPoFUAVP3Spg9k9JZ33qSmPgVgtDPwnrMAI9pYnmD1sYhB2RL3VBezM5mSxuHeSgRfaKBoaMeQRRAr8jPOEWsaldFUZVtbq0yNeH7Qaenb3TuNk3vTDnyPQL8tZCysc6hk9Idm1SrdBVxPVghCcssaiPV+KD8UeBZkDdMPkV7rndEPNcoe5kBRAw+9HPJz4cIVbpk/nrRLzt86wWTCxztMwqgoNsStcYNPm+HFPtQ25bB7n3DHTPH+1FCQkQqzEmjqVWPL9VpAnXshuwWuAmXNmSCg8UDPlKOGNhLnQ5SM+wfw7n3USMpJaE09ZDuvR88gQLZDhQHxaLj0vpUubs5V9fD6FLlSp1BWxrlOCarhIPBTiNmyaC8+R3bcjwPkGgY1NXv/LS+Fkq/APuaFhvd83B5baaeDoQ9C0L4Hq0ptpTvr0WZv36810Rv+XnlGwBh5XzbTqstujpL02dy5yYAA46N3Sm45U5btOFzHYba+MxA1n19P8VlPtIMydHqHUyFVUO6EWRDDGwn50UffhIGvx+DzCGU5LqqGa+6imrK82TSiUUv1InsqkpMHT+i+o5SjiXyc2EsPHKSavyR9vp1vzCuMxCN3WEe9oQ+gNeGykiT1nOfhIEfz+psE3iGhat6w8nn1AG32rTVg1H8XR//0Q37/enQuGbVaapOcogVEiQEI5K4mw9RCPfvQ6GKpv/SXrLcZEsM13H4LJZaj8VSWpCOx7Jke2Ho+rGchVXAu4SsuyaVLRvy1CXA7cA5yk4A5aEJMrKOTojHVCHg1wJgCyoh7jZQTKoMmycMQadITOf94kTsN/EdVyYo1uIpqK+WrOx/tyrZzgzV9TSu1RhR+mIweKCFfb20ISpDRC8J06/MeF8l1YHqEELyV+aXkpbGitJNw3HSCGDs8ojMviSM1Abk2WV6gr5Il76Cw0RNIYKnmxhDW0GpqokBp9H+0mukLb/kVpj0SfQKIIdMCBZvwcuP+EqMO5wEPEBxsvofMnQ7xBM5LvgxSmby1Ypy7kwAPjz+zQzeF5tI272WUqs3218mISj0mKZdTBChI7kVBMc7nJwOE2Ig7/NtoepQej7nQcfnbde0Q25ba2kHOE9YixUK/u/uwyRj6DBqtWiPDEcJeF3uKdhs+zM2EYTY0uqwi17OAestBl9mLXCXHGkUk84Fz6SIuEN/SBw1/kn31hi1gbvpPijBFh4Ii1YFo/lsvUwGUD4YMPdYi6uW/OMpXNDLWDB3fR6aVMBEffPSZ/NnAG9YeNQocFeojT5ewDQ6PrapruFlDI1QFMCVRzTdPhrJr9B771ET9yMQbgQ1FnghkOjuOfpURA/JwWiOyPCBZTVIiIC/Er+Vq8w/T49Uy6KV1vb2/ol5T2dlExOozAXsgxtNNRRNMZvs9uY1JrJ4EqjD8HHFUO9NEQvT6Mo2cHhOu/rhYn79kl+Gx3mgDuDB+eLIfwP3ZbuzEgVpKqSHDMYsqGV63qNXRmm1+frRN7r8aksTJgS+cYKrJt7lkQW05xXa7RZ6OVpST1m1/qANv4flahwdXCii2JnjBKNvE4/1mR90dKXe3XSACSnNh4IZBZ8t6N3u5bvBHiLXY+Fc3LLdsO3UHH6oHM1ceS3uL0okEIDYGI4iRKxEjzySzScRHuskXtnHt1pgM8kqkh/yMzlyqpmENDJmzyg+4x2wNss4OEf36cfqvjhfIESnNuyVpXsv/nWlgXUJtFbWCzG20mYm5rVK9Khi08q0FT7uH+/AAAApPgAAQsArwd1ActAAAAAI24OWq8Yu+jeWna9JLYJL0kefjQyKGBnx83VvcmSd1jf6VdZKMCzFOgrkWFI6y2QlP8KjjdkoqFoI7RlURbppJyd/2p8qMVFm9VeJW82bQrGFoCzVUrcVPQxjU5qMyaZs5LDJT4K197rh5hTHa4mr11blAYyxlQoAftzHZcrElPFEREayH3vZHHkJHe2jx+XDW7RlGV6stlzHWdRymTE//edxs4b7gFYtq1MCGkImByBPfCgnPDvafVRo+jQfd+cwkd/ITiokeRY+hGT5m7nkhKvujgjNneCoxFMvfVXrGxOM2wQcRDRKudbGprmoO/1LI0BSX6RmpvQ+O/76iA7WgIFFwieTTzJjyMtW/cveeggJpv4oB0bHqkrWnJYpuIJylb24gXWtAfD6khsYbJZ9ygKfi2donXrZYh3wCpY03xDYT6kHA1fMIrjySbq66W4G9AlyxVBl3BHQj7SceWC59/VPyFEd6Jh8jMp4vGATroA+/EN72fmTAxc5pULTg0sMRiwyMcJ83PPbSVkvMgz8rzVrRstuXEV65OMfv8QyE/HrYbVyFeAi9BjqYQlZOMxPFD/ygG93HZif7v6yX9jBW8MC/scyWfSUptMXjmn4S9nCawu4SP1xeF0NoK08e2nlGJMI7fbGiBu+KabcRD3iESgxdIZV70exJrbciBRosT7u9jOLQ09uDZefWwvyJjLC+vCLN7XFcfEjDyF5Z5KkolUBm3OKcorfp1Q4aZRWTfFbtTY/5FsOkXD2R80NHIeLVjcMry9IsfMR3zO1dAhXOzKpsIBX6zNYcRXUxrSrx8Mux1LX9HFHG+hUL/WJmu1ZucTqH2LSRjoMeUrkB9UBlvilMpoPWjCi15EdL3MRskcMN5vxnoDHbfJ5jYf7z8VTS9BXB6wVStZdZ7nfv88bq2o/Cm4QqCFeVCnZu18NhSH52cD22eiMRQ/RHZjs3kvaSxp2SZgyQMKPvY2x2Wbhm93fh+DMSzoSr5cI64YduE2O1O2bAveVQVbdfoduIgIlIWUW7JZ+NuYVF4N+INifVbVG2k8FalDErtXqUoecoOWjjf/EBzWr56rg8M+BdSw04jPQUqlLvSNUfTqHPfOqWEJ4K4CUd6gv78i6Yzcx5OEILda8/FaHqlYk7nL6vv96LvYSlADgHqxc0rk5b+sDo42+tGYxtB33nVVhhy+HaA7is5r1eNsraJMQs3s0rwJlLbj1CLuFfcGjA4PZ4tWYAXA9Vb7LWooJ20xQiYPmzF8LHXDus2rzkiNa3NNyw0jj1mlUWD3V/Rh9Zm89aAbgahaM//0fsjDrJvum/mztQolf1cjN1LUbDKdCuLdTZZM4b4rxEc2UdUYNM8PR5C/ES6LujD/V2cOdgHWDzdRjD635Zng4ZSKJnFnJvHkftBHe/grMO5y0PSXgSEoiZZiwxciFoOuYpjAe7zoJXu9CDj7opSua3Lcy2Xi3XxJ+ONRo+vPcX9h5AKEr5grJxW44UbCjZibx4ZZIoLyyKquCZPlIfAcYNI2u5kfSz3faUYOMHXwW/FVV/kMhgbDTkWjQ6xEI0mtybsNcuq1J/sMhJZA7hA4ztJ0820zSfOQ6b31Uy7yh1GxqIDZBpyfK/tXsAygfk79IVkHZCqIXt5L85k/O6JY7iL2RxRSBOdgit8banpbGrtjDXNKpbtoyxcZV+7aXw7BgOAayCrqK3l91oRvlC483RwvZk/VluISnMYjaLCYyvqQ2CsO4iRjwNAfQoVNFRyN6fK+SnmBkB7b/HwKK15VRWO70dVBWudt2o1OYtPcvT8+v7wu+P5dBInP6oGW8tpo10dSsNhB/f4RcZ1MuWZvqOKmLHS5yzGO8uFvtGxLOGpAQswb9ioJwpCIkydGSy3wKtabpc86Squ29GNpm1M8AJNYMSsXDZAQSnJaPWDTSyBiSV+wGUL0i2oY1ivpFBaH1nj9/7oQCSmNZowBly/tB8SPapZrlJH3ZBkDKTzpYGNJYOzzbpkj59i/AT7dN/T9fcCrUTnJdnAAZMzuI2bkWBi1snpTIo0MZUPKewyJ5thxiAta83JXnWwTg+E49GTj41/yw6AWWGMcPOzcUF46t/Y1cafsAaUEfnDDQdPcGVwNlh5eP374XsA69fiswx12J4hgIDh3GHNQQxpI27YjrBDhBv4HMhSGim+rleUgkeTNXKit7MScMxa9LdSQ1RVGc7Q5Kfr9Q1WFjs/yGocgDKomnQ2Ky38b2TizLrDkdsJ+2LoydXg2qFC20NslHp8m1PNLhTPJJKjamTXbivWS2aeoazvMmJP3ti+ztGUgQ7eVbdxs0i9lr89ABAqsN4mIsmQ4s20RYbpX1iEBU/O7vH6UR73iNllf02OfF2IlpkKy5vaLbsmuqeeczsszY9QWPp4h9luiD/wmT/ZlQNjCf6/K9QfG0GDO2wsDO4T4H0/2hE2KyemMUmTuyFapGgHp6B86YDr9rrfjVPTC/fNuDsHcz0NfIRzWpqrjZ7nUPbJS7wGxr4NOUEMqOnlQ/YMAhREP43E3jD8f7itsDxH6xM6tX3JgMy+bIwleeuT8XWDLk6e+vgPrHkcDCK75jpS/DOtKFsHmm1AxqsBRKF66H71SQDWPDrxItzTXDvwcZKxQ83cDDZsRDuOARjX2GvoNxJF+ar6KEq7lLIigy/0mNUZLp75yGF0EzefmNwnTEGjYFBRBKg79dYK8TEk6n4RfvVB1RPAxNiO1k6MpwGMGzZ5BO30yay4fvlONrVEulRX1nbb2MmmEcebFd0r0lvkqTL8JlIUvLWDBljyGlOIEmciU4ktQT3Qzlq2YGqvmtlxAsGhIK5A8I7571xqmThTXBgqv5K/TM/LWC8fwfSVjHJYKDCIXHtvijQvpR3u7bDRkKf/ZYVge5UrzN8bSHDucmwq7RO3Kd60MYZytIxmDC9q9JYnC+YiLIBw99PLrq1HYOqdjUCIngr0khrxSxW+4xwT393wnSoU8fpPK7/p45S/CjXrn9O5jfYsAOV/3C7+RJoJOF5LqSrwYZoNKPIi8ZE2zH/j/WtKx60JSqJbxsJNGswTtuP6+PCZ6ULKhr0BJx2vekkgm6bRM5FSIym20CmLypyzaZY02gV3L0sdElL4swJybzjyuUd8JAqSOfrrfl5YX/B2j/q6sU2t+hEc/DN5xGNo0peLGIZh0aUUs46LOfd2oRvFWoPYVi0ZsNfEekHX815Z/Z3FeGXVBOSl6juVMkkyza8a35mn1U441X2bAOzsoGFtgwX+fMM6z8ePEkvNni9iW++19j37FFckNyRXPWywXB5Rtn1IQFG9xGmhz9nzXvC+llQCNFmSf2Y2GzALg3/uGWzJOm7ZATzBbkzCbU2kO9zvkSTPmKMrBU3Fuwq6QiJMqdBXbYN/j6LtnyVXmmUVSmgAlBNr5afx2RJbD7uY9JLSqld2FNEIQf2XWzCg6dvZbeUHP/v+N01CpPPcQjE6scr30NieLAuHWUWuIHtC7aejHypoH8JFi8dq4oVbbDdEQpfu9X0dbVm9IwOoPnriZG/K6xc9XEkMHlK83zCFgFKtejGIeAr0sAfSUALSa8i7VvkgREWBbRTUX2Wu1y2Pet5iRS0ukpxDz7462r2oLjOkd75HOXfWIn2JXvAF12b4e/HEe5IQj395vc8x/sqmdQ9OUtFKbGSSBMNv55ctqnolwgmcnmIP8gqqN61Ekkv7hV2VaZjQ/DX41axkMSULzg4k9VZFjQc4XyK6oihabz27vXO3XHgL9btN3kELracywpKw3nh3d29nfpSPTHGb3rX0Z/MvSTtbOUo72bZbFewl8HA2mJHwre0sdBTKzIQ6dtL0A5l7ZNOvR8Dg6dW1SKguBiwOjLhwcOs3B/639FtkKefHNPW9KaKMU5wvfmzwLbRL5PGDnDwXeZQfKgFcC4R0BS0Y9rqQXUwCVxyu09+gMfJ6ycNAJfnD3sJu/brmTkrlWwuA9woJnvyy3rCiB5szhST71yb11GBVr+eh4VHX7//T/55WnuEDgR28Fk+J1J+cTFWJDlqwj2uF1HzSk2eES5JafwliulbT4Kc8FMYM0ouj029reOKKHtjNzQIBo5xSW4DciXrrwq7Az0H8KOKgOg8ofl2nprr3TcBOT2n4ax1NTuimBnAofrEKeBzWC6L9DPAMshs3iiYIRN4PjfIScj3amvvgp+1xToLj8kzvxPUxxo1yLhZt8UTmj3eYkqiyhd2sJChaMNMgq3RsgAes780OADLjamMtSSuP/GvEG0kbnAGUxTC9LpucHrmD7pAa7mVD/8MVaia/S6t0+oMrLL8vnIygBIIPa1h6d9nPWwnpOTNcbF/s//U+J2zbBGasR0HPOO5hH0GBuslgE4LmGqmTUw5BU710/Y+Vd+3itcUiUiy1tfsGVnZaJDhF7xMypsdhEYzsNcdJQJyR1upOz5yFT+69yMWpFlkwWm5+MmaHub87R9awR4gS9yXyaF3odLOmThJfgmEbxCtiSR+T7PoSzQYWxLoWlf6hEN0ldm5CZoHipTb0JsuVaKwpVC1P9ukv9SecU1lGD0xwzEZJXabP/nGcJjornKoE1OCZTkmPfHmiMU+sFN9jS8sRfnCE3xesC/b+osxUekzoeghY6xLS1+gFHIQ1LDqwzAlnp3VP1zsJDRUA/1eCgX65gHCbogoKvVK3+k1hqNOHJMio7ZFYg58eRoSYqivqpF3NUD5s3EU0lMXCLRdEZ2P6HuU3G6RNFkfJBN3h/H/jBhArqPnSp0oSDCnjpCNmmBHaPx4KrYZYH7VXVSDGLH3136dsZ7WZ+mDW3+e6Fwe61gRAV7NIDDyxYHNia2oODxYB/siWq2Gq0tPlzX6c68jq/Y29zldYVrP0oPEiFoGzr/8Wd7vEYB+I9PraYPNeTpJNXkdVPt6fYdG5HFevKOTm31KBhhl/jZ/aw5QB4QNjOqyIlORcTP5TDXQXwkZ6Bx/clQEZrQjzG/PFTuOk8myUc/Jj/YmiH9+izrfILL46LuYTBw+PBOUKhgaAd886nTjJnvPjRFm0YD+01pcWK967TgN1koH1snRDyqgAMB4OAUkUUSEIbAAABdGQnoMJjYkwYMAANRomw8pCV/iQj2MEm7EFu3wA0m+rMeCv/6qVG8Mz6v/W0hguFgcEB/i0+3htdxHAj3ma35sZpvYKAVm2JmMRB5SQWs09uk+p0O2yRHL+TVpLWY0ccN0/HyVZVUWlV+wzIbe9DMmR1NkgRIjpwf0hJw3CMZKa0zuTlOtHQu0/kLELXUYEZo9KuNLticXIdTkhB4xt1PHGkPi+Dx1uDHnmiShWJ4Atm1zxfCK7IMHrVPsWIMtECvWmNrWdynk3PSGtyYAtj2809tM7CysgCfOTBMUZ7Fx2Xfy1WlU5F9F+snnDvEeJo7SQuyuuJASe1sjcCjkkkB6gHLsT+3rTteeYp3T8mCMlOf2srbZZbIEnj7B3S++mwZxEhCtkl9EJb4nr1Z3nnthmqtkj0/EoWr9amJ9JMwyAV36z9sM2FNgIQ8eSbM2sCeqRo39M+QXj6kjkKf9wjC/aH4dR6K+lZIVhAO8pDpGORzC9qrxFa1Ld5e9ll7sFTXuJ0XjN1LDa0SSCQpoqhW1+jM9SH2Zj8GLkGIs4/7VjShrh2eLu0NOzHSda/BJS1donw0H+vb9ypmKMHz9Um/dWqKLDbj0ady0ES7QL3mh+urG9TN58X/yCuVYX53R5c0btn82ylKTIf3LHoHL0HvcBvGOqMzvwi5Hf5oPMNt7dQhqyCGC0133GggQSxLnOzmx2HonJK1cgvEELYq3ZkHr8EV1Ww6/K/LJ9fN2CLtistXtdychBi/k2y1qQ1snqx7kagBGrqFkU703jI1dCl2rUpZcLs9N6BTdO7vsl5nYuj/NJAvktOxiYQO8dc7M1A8dyIB2ah6Xx+NyAEWayFlszp43F3PkOms4ZZ7emqHCSmn5LaonsMIo8+BkzGxhpH8ewsJdGs3o8Tolcc6ZER5Fg1JyJ4YFVjl30LsVcphS5zdiMbUazjVL6GYiAdtPgP05U8NFt7ii1DdBmeOSobMS+ILl/JqzlfOUT1q+jjkFUTA6Vj5A3IOckbeCRqIAMZnYG52I1jLuP3eWIPLdoUSCDa1qpQ6y9lFrQkwVA25DblQTycwl//Su7Fm/uYNI+0504/R7F7hqBdW6dwCR5qNVNie5XA7ahimdWcZq9BBVkKEPbcZNSrfGcIIe9f4Kn96nu012JvQWrxvtZW15l6lpaYhBwclCEP3sqesYdTcQW6cu/m/z8c4uryKXLN44fUgJU0W1JuK5thKcEbbhCfPcsvKSaH5FF2SDvM0E7JGJefrMa9ph+p85PzMTYNXo7ODn0J2yfmZxryCoh9zdTe6DRAysEYNyfFTUc25P0ud+858sSKb51xmlaJps3O0UFJutTqcYJnFlLVfTuY+pHygn+e8Toi1UXj5GnjlpRTk6J7JIz9M0N4+6bB3243LSzobQP013fhYMnKLUNr4buvHZPqlxMAgNMuO8iE6CXWFBod6QNo3WVvxTjpM45dU7t81UffJO64aXZEKG/AVnqhf7Vy39k8l8ZkJxOzh5d0PbAj84d1sY1FNSjK9meH8qfu6iI/hPwSmnsREDCi3XV5qU3353ST+Nm420pGwYiPCQpyrakWvEaVLEXb9PaconF2NanQYYERuhHFkR/PcMjzzlLveZvrnHS3Sw+AkvUK1Dz6SGtPtqNdyR99TUrXQjBM7Spy2GgIqYR3NYcCnMcKuU2vzyPa/wguyk5zp1xB4YFbrlKK1o7f6DzPhlQ2RFG4OW+1YFnu8c3r4It6ocQtAow5DRTZZ2SempXpLC8896+v38TrSS+aE7TR9PweDyy5a1CBivwJLP8N1GFnKb5h98xzvH7zSJaf4Muqlwia0/DP/A4TQHrf4F0AZaN9rxntcDP7P9tdObJodo3RS4C/HwZKNqW1hRohJUng8onZ9oOp7X/361uGwGl6WSHssWzyc8Dc5Rs46lvRkXxDyIHVWywsYccRTnMJkdEpLosGRIyBsw/bMTgd08lnjxsBNlW9Fs0D3dmoElZ1EPS8+udzlKBbmbGYaN2fspioHfGOcj/qYWfZi2O41gZkZo8AYxiSovK2w+bLKRsyHPfDeHBFc8MlEPc0rC6d9S+U3ncbSTx/fTC7UxPR3UFyzX/pW/IVBYWfUsIWZzl0x1nSbLo3jFbDU3HcoFl41kK9xcWt5KpLYGSBKwdrsiqNtugKWk31B5lX8a6qYC70FfWJeDWJ/Ccc+NKtC/E3duAwBebpkRRlki25QcHb7jQesuSu+HtoRMGcB0sIv0tLjhCFkZ62sTIxkotmKj3hinn+Mr/aPKFMR0ZPmVU1s40KVadUkhuC6HubfO9cSof2BfwI9sMyT6cSAAq2Di8r8Hv/z0Tdc2pEkDn98jJYqdQmkCg3RFuAYvEShq2vN79Vn//j+as+Iz0oXVL68yxgrkohQ1ZNVMfm+NKLauZqocZFODuVSFZwdu6miRC9Z+jpa68UV/dc1MqtoJy7J9VizY1M0vOROf05VvtuRO+/LE3W0khFuu5afCPIYp8APZScmtH3zBmAXpijS2IhVR8xMjsXV6zJJSJa04SxYJU0PS+5FrBvP/gnVwrpgxxhYrBUBd/8WrugqUkpf4MSG3HGp1CJqc3bcbq5b4WMZcPJnC2hzD09VPxHaACo744sfKYIzxDNmEfLv6XzrdYV1BBAroUn+gnSQAsRmv59wbnzR/cK8NrkWK5d1jrtZXixZz7rNjDxMyh9Buf2a19j/pBWbhSIPR2SCN7c8ZE5kg9YNplmQfIT3QrLEGbvHTFT63AMFtssprVJMX+7O1gMTYaes5BAQRLTSB6kljCt9A08edPwZWTprm0Ze0fVnseWxwvQ4QIX3zuv9DtPqvsXKSK/x+Il8a0EgkVsH8LqX5xeGrQLzjMptZsKbNkpERxtQ/LKWw/4xihfJy8Fdh/l8IP+Pt4aZPOhzFY5EqLh+loxBOmGVbuMADOJ/sIrOa5f7SLA2Oz/e3m4kW598kHegNw4TrCr68/E9gAb76E1HxMgkk5SU5hyul2MdRgGR+/wgnt3+4KeHHrBRAESf+h6FWekAI0d6vcAzPMtwtH7+FWGUN1pRfw1ZPdFj+ERWV1ErvEJiIsoeXzYj3UTyvUYcj38uuRI7AMbb97gbjOnS4nQ9SZ6sr+4Lloz/tAZRxqA5fjVSINDDAG2p4I4/dmNLw46hwNxJxfNo2g7R8DOlQyTwGmSC4jWRGrF9NYI6G5YLdZig9ihuwAI0v7koeoq2V9BovmKkHMhnJNYy8Exvm179pbmWPw02IOI/+YVuBk6T8QgJhtdKE4GqWVH5YozQQ2S0tqP6VWPglh3sRApgzPIvbamVlo+5padFfDeJVkD0X60yyAvg9a0tgSLDYOtNR31eTXF2XJxRFpuVFDzqWGlX2oCR8+ATwooXXUOW8CiXifr1D6eAEGyxXpZ1UXDT4MLjUKZzKUqy2x0+P5FMmVXBDKbEqWTWBdhO7WoikxJ8B9FnFQO8C6vfxU+SogBzcNytNWOxPR9KjziFUxMfTpjWL8JsSmgEff9gZblVEXaLlzBzy2VSPjjk1bIeHcVasK/ZefwsTWuabd0xjgz0lHhnoeKgL/ZwXPHF20zDzyY87NOkCeUXxzWpLZ4GKgN3MLTaRISsPntJ+i4KDcLNvCaI6wjHw+52j9oaajqqHwnHO0qBgjZs1OQhpbVDI5octwMouXAK23ux3VBC2/bPxMoC0rzge2npz2r9mLZsAvw+cZK1fu7jqKanf7N8gvhm8eoYakZ0WoXvAUvBoZgOiBlHNfx36elXdD89NJy8zfSAZKV0zxgy5vmK0a0EbXRVBnk/fl86Y+RJGdyF7iVX0le8ewd7tF6uFBsbb5tGrfMUZ5Ecn46/rILuMZP1qHjo/rEzKwTVjYB+Uz1W552Ome6jNfraI0LcosIN9kGQILWZm2/zFGeDK/ZMkwT/uhkjSzBVVldrajfWkT1QK7wqRQu2ZApmEFJpqVGmpKKWXWgXpW4b+AJIJSRQK5ObkhyHR9tOPUd8hCIoIJ3S/zpw3EJRe2WKK6IEDoGjDGY285CBTRKFycp0LhUV34COmyKFGWQt2P4zKvsj5bgYPMepfNC1GLQWntVZe0BrZHq0GZ99xneQxhByqc5ZogoUiwNOJTpSwccs7HHrZrjGLboTFVrvGxCUhPe39qmmGgfbPy7Cidoojcnl5Aj+pMvPs8uYfQD4p6SkedThLycTuhFMDzoqQqIxrrtV1Qyk58L0s9sCJ24vf3ZbzWa+z65BVhN8uKtjiSt2BXZTBAsEAvChaENnJKqVdJ452Xa9VSJ8h59JjPcyl5VBxVb5r8Utwkeab4yxKLWgKiNQW+jNeoogMrOycMQFh8XKE+5/GglWmYN5TdpsVx2ILzqwopn26x9SLaaZn8VHLenDH3gl4GjW2TwospyBg03PujC5mMhRwHKYCUd54fUiFoihsEC60sYD6Yhljc2webIZL2K6zOjM+M/fykCPDbT44Pwb2Fw6+KveT0BMA2XrWgW/HswxXyNJtA0rK7OqNJz5YUe17uYItkIxTtzYzPxKCMCwKSdkmJox+vdRrEnPgP0F7MRDbM/LlWzNrqb3u/cmPKj++Na2xhbNULlYCu7zBt7RJhOP67htxSrQ/1Eu7xR/Ru1fe1UsMs93iewDm7fK9Xh2hDpfX9751lW7Nm0xP2apbwexX7r2uMC00D/bysqsaEsgiQUo7GPFbBTePt2MWNEJ9D9+MzNwMc0VLBB0xXjKmTWetTRbjdXgLlNhxb2hzxO8zP8hcW0mqp052pZbsL5Cm/+PEiwSkJRDJaofxTNuuMRsDCeJbcgdvLDSxhRFPNDb/fX74zeV9Rn54tWiu7UX5MvtCutAZzCNZHCMMH88rgMpAAAFZTMCzwpk2Z2MDjoU8LMwMA4MgkAJlGLtGFNPNwfPRooWgmQPy2VOO5PIYeV1f1DbK0Lck/aoeqiYIwcj0CwSN/wbsXvzNm9yr5Y3z1OAX5cxsRpZSIeRV1t1cYYhKFn9TywCqIDxd/DYBEj6faUXJaJA8q5xUh/lHGmiqvDi8RcweJlgCF/NqI6M4u4eWF3IwXSnG06AEa+l4sfKFrvinXgt5UBcaB+6sxSn0jY11bh14FhQAGm8grdVtmiUm57gfDaWbN//YlKSN0a1WmBaSwJ/aF/exL3IX6Tlrr9NfRgTrnu6axMunZSbIcbA6VvbhHle4YfxUpyinhB/Ptv6f+ulcwbtwF729+ZihdxilZIPIe7z5f9SSCymqT7PvD0uaY9MBtg3aRDX0CTHcsWzBgCkQBfx0aBe67c5tZ3UOo2yMwIwZcGsfIbsQMVkRTqujCj+gLqM87v7o+ECV8P2RqB/2g2eNc5m47UBj60sUu2NqOYb8fO+oBy49GnoKqALmGsS8gZY2TgF8sCyJFIrumm/yt2uyNrebJCL5a5m72vWh2kIPPczTM9wFhfFxU6tEKBw3cx6J/hPXNH0GqORbDN1YmIfW/h6lJlP2tc3FuUhLQvAKZsRYVttag8tYVjzlFSKAHZ9obYhH9I094GvV6i5V59iOeT8gqCOt53zbBIP/aogS5dR5aALwdYcfH8prhCPg7j3afiOGFZJ9ncIXSOl1aPKQd2K4KjdTL2uyzGhCtK7F4mw8mmuNDPilMrrUaPj1fLAozAj0BoNzHMCX2W7egDiJ1Va98WC3nrgwm+Cd43F2L1mJn1K8cmaYtrOjynzOG9AM8pddMfBKZUd6LxBCX8caUlYpQyQQnoV6SBiPZfr0iezbxvUy8tzbfGAV+nPZiQ/UGkPEDDI4LMH+TM5NqzlEW8zfKKk6Az5Zg+zGk3cJ1Pf8l9z+63taykA0LQiv8qpbGm3lQ5n9NAJjeV2rHCLg7OoW9yXDwgPePX1h6OkGoxq3SCUTR5KANNUhdGreRPTozMaSsYS6J+oyJpnasVVra4tNq8FJd2h2O1x28QyDSRTthNK6U1JXYGfsgboE9YmuSVQ5dz3h0xJNJK8ZwZVv2INIH0TQMsG93/m2Q7wMuXYBYW+64jVPg4VOXdS8sMbNXomLVdmukZoj1Q7ZA1MFMJE6Uwlem6mp2FzZsm3HYjLDUxxwnTHQkClyLTKXgAj3H98XKOIPkcCZ0nDXI94QmZqMueo/XGimtrYvdA4WiMTx72qny1iEIG2FOJYXwLPiMnzTL7IZ6HD4dIDmRlnT+0QuOb8FyGhPmFaXpJY8IzbKgNq8feHzV+2M8ileMWwNiU+QGRYh79TLUrP6IDDbWr92+MpCr6c+9knBVJ3tEeiOjnqnqeNGOhK1m5/A7WE55gTpFKQn/1NuuibO6eDh/hFDkKLD06XTgNr1jv0jYx9qoV1NefKQAvkkFK9qQn9Gr4YKmvxVnR0lDzNt+BlvuWVj9kWyEL5fgRuoUt/u3qz4TunFFPGJutOm2KyDudVWunv3IZq6410jPmCe7GUBVdz58TGCWhNIsTae4St8DQnE71KrEuikocrF4Ec8Qm4vtpQe9dRmgsXFYDchhtAqz9D6abYNm1rAV7AumJ4QQ0Oa14o4rJSxlXMVcb9GU/J+QQ2lmU64ZrYVT4289sIz9otHpyB1Z0QMmQ3Y780TofFGtdPLfyBp+SxaRBRI23zxmR0AIcbWakvOU/V2WPjOwxORosty8H3TjlLELJqVG4NripSCliq9q6qdHU6bvRvAhqbXcWyWpUbNHMMwl1sAGpXKoyUIFF56gWfsZigl1t1b4SawbQhqACBeevStA/NzcTxLmZMZPOAs6llX2yq2pCaTHBTjKmaDxsALlhuaLhUUGDHNpur8oSYo2LyAx9HqzZ77RgtOEUeiSdIX0dwhb7st+0RJmK7sXIJfApvQNcWvt3ZPx/V+RcROPDPIWojOFLCSq99VclpWr/rk1eOCeixEKAwEFon8HmfXv0azuOEi5dEDq42t/vTUhrNKuJ7bURCZddfDGhRZVT/8DHv+qH625xJYQy3yH9i+9NPJ2/XmCtbkqaNucLofBpudjDJLCUnrnseSXpIw7X7CbkHIwArilsoU0pSpc5uXBwNiCxza4A9ej9zMuETXR4t3+tiG1w2nzRYSwSModzsmclB9NP5mSyQyBMwEQVTkUA67qEJp+zGRxMDVrbd0e6S8nbm0TZNS2AL771i1u8Y6htd44ZJKwOKUmGiAaSXdSJ5xeAZND1DZ9WkzP221DREQKrmUnkPiaL/D/MIsGFvaX9uSn5ebwX0GBEypapzdUcmmLcEi2AI8rYgNLkJN0ohmZWAf3vxKwtV+n+Vb595IGFXuAGcKGqdw6yx23kFAbru+EX24VcbGIHSZMDxLZJUpd9t7Tl+iGTEukiGa6nBoLTMPtAAW03fO5nHnfqOjje9l3yvWNLbk+lxHvT6qloipKhMM+WTFTzpuuvHYchFT46TZdx+tn0rCS6nPoyhofRyRee69zZDBkoP9g63vUzsfVOO04APScPxiH16rQoI1adx1NzPaXPR8rBKxCdbOX9F3T+9oHUQVSkoTdTT3YA/H1+F9lfdjEvimkNpfjFN9GxR3jihvz40m6/C/XR8cWLi0xLWGFTVw0U2bUo1m5bYMLk4nuxX6xaKJhsR7Ykm1hMOAIZ2nlbbsu5pKVGR398xO1mnnmrZCzvtp1QpPFsZrgXxn8Vpl20BwzLzAAINdoYSrAsnu2WEuybW2rn5dwJJd8XNxs5xTacBv0Z9SGDwQxrgoJwGh/TZWF5WMfUogMtEQzOiQ3aF012E793lWcuTltAtns7kgtNxkVLZG9cEN9hHu+GpDV3HoCY5R2/ymxi4rtkV5eHGKm1E3rvtCdL/+bOS7AJ0PtYtKvBqIt1S7u3mjPuL1hdvouK1Mh0VtsUwKazUnyrBntGniaQp58D8EsjGa0rN6cqUon0OZaz533F0FxjMZMyUv1IikD+aOy/f/4gxTNUhIq3spyx6NyLImzvLfDIeRYoa2+rToVqpIYcVJ4dN9WtbXVCpfjqh5GCmzvaV1D15rkzCUejYIgrs6bz8qcoe3DANSJfQ+TVpQFgKfjK4L9qNFg3NBR2ov2xnKR1/ksc5uEvgtRYp4RRB5wGr2RXb6w/u1MG0WMjQXxcvkOS5IWiacF7o2JMZbK92fm5lQX6EP9Z6R4AiL3LmFQcZ1H0quAPyJPLDnSqD/Xt2YoW7wYy0mQ4RVUmowTwZQPBlzOCCTZb+dX7bzwgbYKCVS7GhSbqqnjbPD3duA03nKL46ZsVbf3c2yTkNIASx2DQ89RnIJ/VPBUXj03ZNOfRw20aXvZxt7GItnHmI+a98uZk55gEXLpMLN24q4LOIUWx4h2vaNwZ5IRHf8ZZ9nsdmplbaz3KeKWAMR36nkTDNXw0jCaGuo4lVpEKzOYL9dQ5PugjnyaPOkUdXLbx/V88vqLbDQeCSfDnWqNCympFFLjTwfB+9aADR0CJ9hoWgMN6ZtMlC+L5m5FZXIyi6CEH2J6r1K89W+tOCgCapoXKWOUvY6xM2c6OJtYpQ8V4LXvsS6P77Qq80oHwo/IHDEP+xNzLVHvkNBlqCsRVnU8mLQLk2jqj9EZ/LkihF7zQDP5EZ81Vx41T3SkGwglGx0XsB8YZPmr/Go8RT+xCW+iiL+87VF4yCl3uMIcY60hYyZaTTT8wWFE4iJqNOj3BNnh4MaF4A7LEvllv4I2ViGzYjj0xTECBHMTB+1/vPvExt8iqLhvzZw6C7UCmavJe3OdD4hDTrzUBt/yxcwBgH9k3xr1Ky+QyU1PB0q0guLy8Y2BuK+Zn+axaVycyLYP8v/XremFIUT2ma/vjWmDIiQ/y/YIn6DTd8tKyx9MfKn0KTD0LL8FL0KrZQuYVvFrFkgJWX/jMXgl4MJGUm4Bso7q0lwZGHcu8niIsWcMjEWOS0JvRvTQvemL7sAWmK+7lr+S5nJj01TRjr5DXKm0zLdT9aJzuvPzAQcqzQHZB2rSFv8Oqu/4kz8wnmnfYIq/LnB1uaAbFayMA6V8KDxmALqLFdbirvaCeqxiwUHJXScLGMRIjf3Qv3pb7bDkYjgFaCClKaWUbZc3X01kHk3NRQgA/VHOxeAXsA4u6uPK9hcCw7P6w19l1kuM972gC+PsnqSgmMGaYhZ39MwJAvQoSB3XMsk39HUV82ureXQP0PRXlB3QGaJtajGFokmgojiYjVlBCbByTYxNRDyAGQlYQaeg9G/0mtKYOFRn23fFCsQgLjMvtla68vBBUatsnc6mYDEm+lxko6ZQDHdHJ20gb4qxqsEr9EJnKWoHpBLZpMQSD5nvo7yFVmcreMITmIG0sxn3a8DdjxG0ZHJsuzcZNZu0wWcnW1ihd3deYvjl7l/8ONSSsHA+x7wSMuJHPJQifnNNQJ14pnnkUaV3CZ6nGJ4PTPJddXVKYOnjA7ESSu6PqLlzdTsClQ2lCpDnSBYh7YI+N47b9G6HznJoe/fJnLYEdImBBoEW9/WshuHICT2FOYqGg0HWKwpXyO9KBXFWYUZyhVlI+d+qqStKhn2XWR53s7X92Dop+cvVBXqp9WbSwKp2247bN3PIpzbsJm4rlAcXBqOHVUfVDgW9PJIW0oyn+fH4KBb4vChblM1OJnASKwiUuVKMhAc85KQpTk7oSV/Q6tzJxLNIIiaKtwB6Y46NiOJDvUlrlSaM5ToUTWsfvtBOguRcyyISCBsJFfpXDIcnYmR4Cd59KlaTol1vPMm7LRBggCHQ5F5cw33z/gNpQsoliuWundHfhJ9MC4/3+gV3x0HJEUeOni5N8Hfv+5XlWxdO6RA6jA/oRGCqNb+Q+hj8FUPNkUv4EBX3CzwXTm61Lz+FSrlqupdYIlY/QTIbiSB6pVmWuOM2cWENVOFB6H6CSfxHzs6qM4mRqnn6cmFAJuMyhU0+p5HMpuETEbZ9hNRKPDlqLHLNsJJgyMB6G09THMB9mOgxe2HgP5L9ujTbHZcfbbpXE+ZTheFe5n3QGOcz7K5V3nN56+5FlmxUm+NXiCe5xRfNV0eMFk1izL9PDOfUT+uy89hBQ/zWv44u3T0iZVIVLRyxRzBdBbvurNI4ghGx1NXlgQNmcq93af/hfcOleL/jDurvEyIPts+WnmH7pDuc6+C0HR0GfldJZH0R1Dk6Fx8Qq9ZD3bIxABNplSuKkrSVPEZCGYSzaaJvM+I6kqRHl0G3NQdyIknF5yplocPJ58RrOvxgn5tMmczWS+hLNjMZn+X8JvwX2N3nWeXvXQj6zUllE1fmPZASsh9PyBb/clLRyvdz5UnTRonok59eqB9q0oDZoSg0/K9Q+ESz4AOA04auKTvfWVPzfIdzuRs/bD0Nmp3zc6aQVY0cVZVsiFmUmboLqAABMAcAACUYAAAGHr80SzBmVuJspJUh0VKtYVXEn4G01reamLTm0TO9d0kO0o4Jx7GO3ihF2LR9qdaCUd0obYyNt4hB5uZ5s4kl9jUFDCYkWX1uU2rtLjyJ2vR6rz3/KafMPAAmh9MKAXtCR8Y2lhbqX3M7q3gC+jH4yVkNTimo0Kdeti/JwbKC+2PDhL3fW+RxrIjrCGXVfH+RdAD0xTEXT2tWF7oo44Yw/a4kIFg7Wnp5q9AjdraebSSVuHiR1wosvONOISFJVibEGKYOK9UDCX1lvAmiPRv2jAGQp72Oh/o2BNfwpcWLAyWsESg/DSyxuY6TXHUezdUUZL+uCAazNc4+VLtD1upfXbWL0zevNVsGL6CYSrC2EWkRqs0bSkSxcI2vJtcs9dIpp1GCPxm1lxO3bP1mQR3jwYUzGS3asR+0dX0wDnOxeM5WLjc2oXuR8rwZUeyvc8w2KrI9a1qyF3O3U2alACuOBv48yd7eyjnRP7cUJhItT9+AqGP9rQKFqkY2nBaZaDR8BJt5caQ5EhOu10i5cY2FG9qdo15niKU1BE46Yhx2EAKd8fKcoLfTqFbpdF3tCeM542RpgHhwlnh/G2lRn2XOL/Ai5fDvlWCLEQvVMpXypGB4fN0DXbFWepQNudXZ1B1B6bND1foHUV4ts2+e6URmJXwvyC+MN7xz7264aAj1S8EOCpAdio6RznOhX363KOlhNiBOZHeD0ipzXezEuevUmRpd2pEvYd+OkHoMDUAegeO8oTAwSrLRPV0ynXulFhAEHCgamBvHbKntztmwbflv0VkDZ9yjSZJmP/iA1HXmjNZmehKlTSEWrSY8/Ep9VQ4LwfJ8kxSZrnb+AWDvFy0RlvBXUrKNSHCSlP/nKw57lcb5VPizsttoU7vEvIK/lvtkv5iyqUG63UmVbjPRJ+EkoHzjoYB/YLelw49G6ZZAkLUmXarkBcNcui78MyU+nLZhdLIkAWGoaPJBifIvoLMrDvM0o/xDmwHiV6q6LgBa9fypMF8BWnohybpIwanCIaesIYiTDaA3SXvYupy9/Jo+6ooTYmkfiQf46t/ULaLmxoUyfTldJhnHK9Vngqoho8GpjhPaWNyEHGQzPo0RxO4q6WSrQcJCEKIFV4MvPjEMdcpDyJY+UAzTgCJNWw2e5BrcgfDgHMaxwvc8VjsSLKjEYPC+0g+9+4EVCKe1o0fds+OT7GG+v99ghr9ixAauqxzK7gY+62G3xp5EqdGgZsOPwEvNp/NSSApvweimyPYXAN8ZBvktmb6hm4W0jfROfueSiMzYGGNOsZtSszqFN2ndpQqbXtZu3h7CUVAVdExa2GC7Z+mS3Ei2/U0bJWxnqzubE9FMkeBrRbpnQN5OsO4Q/08+EB+I//+bppfmW9kCyOTGb3GAhYgmpWvY8EuexkB6T/jSbx6ZDeLF2EVTnVYqqYdSRmH2XXBfgNcxHaVWTGThQPFng/Z2ebu5KDSa4JVkEj4sCUiaBkWsCnI5tBHfkKCgt3rDpMt8Va04rbrabW3BMMSk5xzhQGGHTCddKSmDeDycLOvS+1h7+VGpDGBJiEjVKQ+XKvYaUoOq4wbl9FG3qMmWEs/ONtjBjt+aSvyvgK907vXw1ZIY0/0g29eTXYgXDAdaABvlhWUk2TXTdO9n+tLOff6VdZSO8Ad9DyKev/RT8i/fDNqYb61+of6b8Lmwy7f924DzaRG5CRjyhVcb/C1PENQvVyfD1PYy39qMMJsd/nUHx8gPtBF3zxmznkLHXAuQWEMcTp//gfmq0tVJm02dqFzxLVyR1cpU/rAyWZq91QAcDpPpezrchrZ5pOgKDSi6m1MFJ3fOHAyH7e8snZC8wEBVIWaB2QK0ojIQGUWUgc4ATX+QlGpuLAT6vB4uIld9nTTojlemqgV8EibOJWISB0Jw1Oqds8BIOFlLCdM/aiJmYLrBpHt8meWBokHTgBaXFrVSOxN0ZOEH+21dpwwVTZMlTNQpINR58FUHzBLHQdGWt8yMOHCyi7hZLrd4VMdxot5wdb0rYtyifLYqIAVyim/+ULqKTQQ5Xr7u2Lc5gbbCAkG3xmb6P2InP9UxSTP45CBvx0Zmbi3OtX/R95RvRnFd44Masq9VoQXaSLVdiWMntmvDMvVIx0Gy3L1b1Yxn8ZEsXwYF0RvVv0/C+Phk9S1O8WtgOcuw+y9tvb757HMRHNDGVCqcl8q1TOGO8yI+abncp8bCdXBE9Z3P1X/3whE7EKcVJFQhK1akKJ4ZU74SmQj6lvIDHCGVEAzR/lUVPqc7edSqtx65KjTUYEbQ4l6VUJKn33tLZ7g7XbxSQiH/Gq2dDfT3Xnx2gb76z/eoT8GjpSnVtsQ8dxeKqTGQQRBMANMdmiIdH4IQtGvfozglBN//jQnbGmPQRPZIrnUmkK7dIas1/NFr2WM0tJZ696FVA7mmm7/xTp4f43ZJvikE6le0EZwL8qFOlKebKSMT2PuGeE6SIUozjxdV6ta52ewpwgeU+Jzhk0LuTw1Cjqo8xW8+29whpcFsx41wuLL/UgH3gcmfdTrflcFUlPx9XdLjQwgjCTfOYC3dT6mRQABHWOaJKmESt7RmmDD9CDWikU7yyxMrpNt5WB/714kaWCzhti3uWawzS3yhux+/HL1uB6mSB8NRlC90h6blOhteISK5TteB0jwNO1PfT5ff65vA86e33zjG+yUrQyQianhkfq2Pe4hqIBE7sNhK+IldTFlx8Y0C9TaOBcMvQR2po8neOIniyCNFMKZgthKb+ahsa3W7nM+PJ0xuFrcl5cHaJ3Z/lCs5IpvcJPj8gTkhBU+RR9wNB62tg6dlw18lFzhcXYNTpKFSpbPetn018I5tGOZ+u5Kj1+99/QsPf98AJxhpmWBF1JM+i2R+Qy3X/Se54gwPGoa4uCiAGUbsBdq3Xdi4S6OahXNUGClNainaywGAdroSM+j9SwUxY0nieaXd81HRNdnm7Zn6XjLgjFiTlkmigcq7SOx5ME1L+Mw8dE3gz29J0rnrkIqvhNjJSZ66hc2jgCbK4e8luO/oc5wbOcUCfkDNNeGT3l41YCElBHqYwY/cL3DObwJD1i6VTyzlcgm7pr6ZgJebC0sOHsutRAYdTy/X0X+IJgIie6uPC9zV4JyCrEXqJy8bVKo4tiiEwq91GTWp2T1x6M+jq1PZx8ohJir7mPvbUSRZPiEpHFKlbXpnjHMQknuexSx3Z2XSdIeVtnqF3rzrJD2TeC2l7svpf4inJVmK65F4AkT1jvvL+EA+/fIkgDeZAtfNKNhKPgrl7MafR85QZqeksXFKlBUslnqkf1YqS0nfewIKNQtkX8l7D9ve1erkr/yI5OxB4tw3CiFNvSAsgFKfv5ouiFpioM/A5A4MtbHqfYp4yYTpBPWfb5f1AXn92UmMMJ0pAVSiU4aj4ibCkadUNTHaXP/ty2M0Dx4na2eTpxWh8MMcuhDLP6WH7bskYmkk8FJV6mpuDjQ5Gi2+Notuh0zv9GNnLm2IucYJiFPFUJiAPX2Evvj/rG2JL+FaAU6mSOQbZLS5qJvpPF2wEqgtlBpPU7gZy+olkJxGiP2qVuPWrCPcH1PIxB0qo/26akONNUSIbmbXhkOmjt6UTwjO/r5M3tfFPI7QmHY852ARabi1byrzqYMpD5Rvr2I/uJZpRpxT3wa41jSkKq91qHTZ+5yEz1bZOMi9+UetUKvmZMxEiuVLnYVk36DtfT/GiF2L6JLE/d851ybN20fUi0/oTEoEYlEJDkjD/7vbHngWRZAizoNI0mcUxoSw+DXwG+tRqqaBnxkEqejjiAKctmpZO8+pF08aG+mMK8cGm/pp7t+MelObO7UTRwJdsGCXsaGMM9w2vKkMj3FVcHMERGakTyK6+nYJ9Ho21OsI2I2MW/DiS3/t501MaV4PgmniNBqv3ZoTczRermU/YIfJOL+iW6sP8X8I4Aid1RBmXMc9F5f6gLsg8cCQseEwLPXRI4uHNxqr+KewipHgM+g+E0JsOScnz7mKnXFyf334BEpshD2+XEtZo4K5cbWEbNDMQfFwIk0aFakJH0Qc/Qu+9WV/UGSuY4CdlbZJAEN4qhjWKZG1ZewNSVEI1gZ7VpEhGFA2ft9/rZ7xsbMCsn2D+Rg2aW5OY/9lh9qe425b3DbJzHa2sW5nn8s3W08NBZzMQbPXYLQ3LdJULyB+jCvGZFiMN3qYVcWg8G7cOrOrhdcRSrfF8g+hnDSXH8HnuLlnyBQX1TdJ3qAkufHrPZLnEjkAa1VAZHW2PDWEfBFLks/4axef/70fZOeRsIldqMZZNG7EEKl3Eb+bgC+YRQDNcIT2MYlNLzFKULOeu6Owksm+KG2pT31hsnuKsmZ0N0QrZnK02pHV94Q8GG7Csmz9Gpgk+8nv8AkbwNvw9MJS4AlMAxHY/rJn622vaOsl0//tlXQVKfDkrcBI+KdoN24+WUZDecj4gsFhvu867ik8R5232PweayerRy3BY3jJim8OIzBZIhhxTyBt/DoovWueNJFtaTZM+uiOTkqWHS51/Mwc+CeEHxS8cu9H96VIpjmbXjciwjJhC7m+EWW5hN/bE9t75KC7bT4whnj85jJdHnju51aX47TEtxr0YpTHZq6SP53XjYpKtN7m+Cnrz6zFN7qaI/8Rz6GH0i7QGSRMAHKCNBpCB5NbfvUwGke1T8zL/cZ+MUY4GdyAfmjVwOK2OVMInDpMRnX9sdOIQKnCWRSJIpQ1CxrWQWOcEcnQojZZlkYJioWXKoF3W4D/DKh/SHXHPcaOovn0u0qEXsHVq0ATCZg9e1119DjQVO4fksDHbK/vKirV7yRG1cpcqcvZKyMZpkmhVdICZl28PFpAsZNQZApBGvvY9Kkk/f1K572pVPp2J8tNWwfogsTP2quj/Jk/L1Tt6bHzOeU3kg5ao6gwp2uD2JYngGDtF34DyHWzvXqFHO+wtW2OJsj+PTMV/X1AyDALaVILM+H21B7/Kky3DGXDfIGItqNQIkPi+Z+SeP2yww0cf2h5q2txV4iZIm5tFdf63/hzLze4wm4URyxKCXhG4PS3jIAGaUU/Ze71hrbEJAT1hrMlx6nXzJDVyQQW2duaXzjpxtQvpmktoq43A7SUyPui/IQJjiK8RSlDwMGEZcyOYwmo6vItKOUaWv5IhbvS5k2WtZqGn+STFQ7DOb97IDOuLC3sC51YDrhSWp3/cmhnpsrpbqb6MooKkXPG3RxY1nQV4gPgSUpxalVPVpQ8sa3U6183FKXVqiHJN9dU8IuBr1q7cLpwIwmmg24i1n5Q2CvUTn3U7BzdlAMsK0wDawLlfAMfWjCQAUkB6enyIyRercxZmuipQ/Q/+gJFopZDVXaKAYcjrJzAkiIjlKztS9hCBc+TjcEXRoWc4g9kvrnep85PkiTUaGhsd89/WUdPy6yqnnAgBOn4/Kd4i8T+WE5/o4IKhdiRHYqn4YsVq7sW0dkIbrNFrv7sc023r/cnr82upXSfY6ukAGBOGnpEKvAPNDTxBiw7bvGJjeChPATkjbFqI98Io+DNjWg8fg/Y8ZdgiogtnhuUsCe7OblmhTQeFO8BsSuG43SERYO0o58dfwHtNXOER8t8CnCaFXt/S5JHvgdyJY5NmpsP52tMZS1ina3pPiqfISNKhM+YDOw0wM2Y5DyA0XBFWmliTFEYQe85w86Kp+3slt+3UKVjcbvQZxyewe99fEaKD9wXV8aICrRwa7LQgWIszpiviUMm/xT6YxN3GnH1bm5t0LUQRacRnlVAH+AQv0WEDejGsKA8+GSEVKpc9WF57ASzuaaD3PQYyE/NSd5RKGR34+PbYjiylDVIkxLtP4jFdEevzjZEz02jUcQdkWBjRmJSSsBeYakMB8VK4NYHNmmJEYoOTvRBCRFoPqVvEyafoZquEKDirIRY6yy2fxpG1i0CcgW8Vu4K6UslPf415/wGnocrvYKudZqxSie6rNRwDme1AFK724teXDbnojQWz9OTSyoMHFmJdZIzVttbldrGDqx6/nmuyatZHqfCkWJ9LErKrKmgwUYJp9Sk7/2psQrXBV+NmzBS21HqJo0eaDlzVNmsUz0UT9wqeprza3jk76AsW/iDhPP9cCt6oCqG+5fB60U1Latb9SOjJWfm2d/ez+WLEPQIWqgeswaDk7nQKkeHhAzsVupiRgR7xi0nuoOLL0VzNefy4e6nUtCRBOrsOEqtatX8ooQRoEm3lC3oQDxTxYhgIICbrK264x/cIV9p+YTD/r4d8PY8ucwg3G9erUJTrLVTU2ryCBVjyMC3ryv7YpPFZXtZZPPdA7ekXOiMP0wpPxNxHpfux5gW4DSiDej9TXnhP99mquhQPgUAp1HXTip+Xrf7Ef8Zu2w6iD+C32yjkj3QHM8VFj1WCaT6oZRh5F8ceyZJqXROxXinmrlGUczeQDB38F9AlcBJLZNOzDiS1IJtmDFmamlA5wCH+TqiOMW1c27PQjvn6a88MTMi6abygiHuWpv4dfPO7UZ6xipUtwnQ4LKSoXmxmiw6uu2WXdAEIkRbGhfQs+lwYWOWkXA2Qa3nhQT1iN7on638YhgV5fdhyh6HV2UFoHmd1+iXa/0FRVLPOZ3QNzbgx2gQVX4+Oo1OqTZtDVlfX0Pqat9XPXjK6DLwM+079Iwv3pVUhalG1qyiK+EEzup1LSZZL16ErbwAI3LV9cTYJayswbQFerG1KXO5c/1fTO9Qre8ZczN+JTQ3pUdluFsk/LlCMt+Q0eP4pNlM7lWopAEXRpKBjKubqT//PQnSbJ1xJIuNz56aV1v0fpHpiuiYdwW+LTrwU+RK6eFX1+JaLAdYyBhuXUoUI+67GUSiwjU+6ZXu7Ka0YBSa1moX9lr893GDZsT5GYaQbqaNd06so9joMCzDpaVyCpV1UrbUM63iM/3bbuT4v1tQNWoPbPjLN/HAn6qymdwYgVlLzQOXn6zWlxTORqOI4Mbrz9QuQGYHb0aHxwvc/dqRh85HtES3aOmqoEYqPtHYnAcEof8Rb8szwELfRlM+iFQEcsYfcgpKHmmydHAdErw3aKFTpfYBz0t1pF98ymAdSb0tbr2tWh6q/9Cg3KtyBcFQtUI1b7s9u5e98aBQhNQ2gGaVL1lOo4lhLFN8cTZUJL18abYFwnSDAUPhTTEyly1ARleJxOscrXUTXJiVg1xPX/nltfeGIfHcrl96xrTkHTRoNeudckiznxZhsOAzhKFRQgd2++SCIRe2y3aFwHQn+RqjPhooBPBA+JcBhGMSFE+Ddtc+/OFIWYGLaNdLH7GQ+bc6EdWvRnpasUVSt+e/vDZnVinpc3ncXUCS1wH5X1AnFbkvxUWzODY+giBXNIhp1ra955UpJjXmNrpL/TZ4pLIc03hrNwz28zBGlp073yjX61w4JKRrbUgHAZpnP4s3cBmjnKppdrOpKgArPyW2qDLZc3lytgtfI+RLJx7ZS7sa1uEAqt02k+OlxkfXfGAh2Y7aK7dMzjbIOWY9FmLee4pKseDpZKV9g7yR+F3nW3SZKFhgT9dTqUwCnJBdXMKXFH7+BPs4R21cWbRhdaOmmtCONCFo6kPrlTT46QQkp7Bj7kR2oJvCexN6j872nrdwl/8+SckVOwNrNpVqDV1/dxnUzql4W2vr2HerAZIA3x4ISHmWX1gC52eyt/WpW3DXlS3oqIyaLrCCIjIcWjhZk/7Jejf/MH5V9ZGj1SNqjTSmeBwFwb8jSG9AmnaeWP9DdFdVZI/E0yCQZAET1LyOA/jcNX+NdH/mz9ES5iiIVcYzXJHL0b9id27TKXNVJcmvEMvgdJPUfhPUtpX5RyYEt+aYkOALMlUx2+fCjj2UMfPITLxatOTLpAnRZg1VRYM1SkSzIpQK7YI9ZqAkKNYB0oHL5fiJC7iugswBB8JUbqy3tqzsmenv2yDmvy4cXvZhviV3g/vMsJStcSQxEdvEyhu4tDshacxvvSpFr/HB4JEnlPMwOkUauPa1f/RFb/8iVpBbNy6V3Vjqwgp84R0xQKxxMttbF3qVGb5lZRoS8OWBb5EFdZl8IUDFkBWTSxYIib6TLjd+xkHZ/4Pn72Ox78M+nkDn4cKFig+ARANVtwh37qglgdcu+92CL4eHRjFVQxqso33fPbtV+dQFyEWij0Vn2WF5X478TqwnOdAjr7Dh8RMSg0w8gA8/jUB4EXAoUd0mTpZL4R9KY2GgAi8N2H2ZHIwgEbbivrNVWHNxKXRGZ6IPQMdO8vVTXvx1pErChi3xn8V1mFxnCTthzEpFYyUuPnftl1nlJ2ut4M5gfdOQebJieu3T4ibU4/GSAc4tX2OFPSMcBLTWoxvmSFqsK4E+3exv1dM+oKVUpyJYH4PiJZBSAJwmcJsVhoKtrWeKn0LRR/1G9uUs6mUulijzEJWWfQ4ihgKl/luRL6OoQbsXXbbTDd9cl7S7ljvn2ox7uZjaqrpUUoO8r+Nf9wP+KyjI48LJihlWofS0N/Hqt1fLDqNLYJAUkRnTc+oafFlAfavu0pZ5Jy6rR2JmjB38DywY6XIoko8XLwGsXm/HgeICu/F6i3N18Bma6hGRqhlLxketU90IJnrlZ/+tFBAiq0RNYe5tEFhmLo+M81Sf29XYTzlOquttXYLhkmJgbDDzSqEzo6yG6NjpfqEKtz6WqiVJA0XAWodpEm4p6fT6c5FV0R3F8CiXEVpcvTAaGrwhB34XuPo5aBO2LKSm14x4AiOUS4g26m6zTtGW9iEQDFVvdBO2eA0iZBf8SgJlVQHwQSQwzs06r0emlGwnN3yh/pj9n3F491UycdXQvorM+GhAqza0XFtJctHlOykdOGg0D+3eNqXPOMerg4wTZwcD9MlXR5YZuA0YaHfbLfOgOotRGBpQAAZmfU+WJmgy4I2QbsPyThegJbLKjPE4EnQX7LJ/ZlFg0e6fNsQppwfK7JbzBe+KbljQ8V+yarhmvJ5Qo2mF5Xc/91bJow3dwtzletCrrFWwvPmPc1DVHzx0gos59SqLwukiv8S7qceDqFAEn+g2S8d7b9sW78HUXlUkjmcvaHNzG7lKT/9soGLcH4M+1aPGCO2coHcITpgsrzVcjKUQp0EcHQ+zPdx+yzJJDnpHQ0+AnHanbTRLzZD7BtA6av0UmvO1ReZ7vtjth7qmzypCjhIJ6FemaOfJJLr4an3eCIO43GqjuMPTr88E07sg/SUFQxL3SqUmCFwM47NhJ802xbheuZKfL9T7xA0BKthuD5vc4EwajwHEI/KlA8Af5FgxTN6oCpMz0x1VZXrhjY/RZQ9qzBh+NxaV+GtUIPn8pG4+56A4ADSZ/edh6xs7/40AiWKrcG5esitQcTkfVunofwdoqiF9Ig1cwlsPL1nSl7nTBHhN5HaumAg2OmDx3WbVnJAaKGwUbUWpA/UwUC+5wM240IrThk2asfamjp2ScUMx39ACKBAVGNhKowNwNs1b4OuPNazkxVlaarjPH/DRlFQGggNeczeDT9FrLNsw/L85tXgkzKmeq7UN7Nj53LEpTbLYD+8IMiYDKbxzYL3jQGmrVs4jJHu7hCL4T6jOl/D+xvg+lMJBjo3/2a5r3fUBCl2Uk7hW/6hledbVR9WY2KsSgJ8QQ6bCTEMqiCeB0kOa1FNWYd8ZjwPmpYHY093r3jtlz4BPYPsOEKTlIXfz9JoSn6J1d9eSNiNzfhHUo+QVkFQon0RyMRSxtEeflBpojMWfWjiOhBepq6Z0TECV8H1uegZsYWgT2X3xcvwLE7WeOE1RXKwjukH1pgS6Cwg6Rn9DZr7lgUYXekOHDfaDTkQRcBdQ/2hjuoenlRf6wUfqrT1bEU+U4ZUXcvmUuwVHvTYGJlk15+6ppDBxs+9RHaP7g/8wTgUBmqgEDvCoKyNqOHb3adOXmrJBt+MhigMSwUNjFAun+DpzCWEvJZfnm01+x3uHxTjBNRFzZ8jXTORjm+LAB8Z0ynVHEkvvFtd4PtUUDIhcdfty/RikIaj9XLCmS2LVNUcF8ksU5SFmzdWEu1NsXuRjMLOKz8cDl2DpWu7mL0hrPreRUbb/3WnyDPDHId6ytOrV4DWymXWqazRMDeWO7KMaPRg8eHjlM1fWfe/Fpt9Q4VZa9LIMSle43OBAaqBy+TijFuOCmNWM81zPzxGEo+ktdh1wx5cqtaozc4D7Gk5qDXfFQZJYuvPD78ZhXRhK7rOAjSdEZziHkCT8RvrhpcENeUt1/230jcCOxU2IrFkj+ikj/jOC4Vk4GRvXCt6KpeV/imVbKkKUgrQVhkdGvTBs4ddmUkWBDymMK6LCHztdVkPN8QIFKFOKT7U2PBb0Va0d/2Ev6MUHypU6YHHPIYGd3qnztDHJ2HjM9A8k67cJNk9U3L9LUq6hJQaq8/IYdxuDkySEcPIpcuo2b+QjM8jE/egRpf9fVfpK0cv9fxHWOxY9lRD5xokkS1zaxqH56rwzuRhqCYCCpqow2S2TY+rMfzxUWRrbDyeOyI5VuPn0v9POo9pPTEfFGdvww7DipYNdncsiyUK0YBkQunVbcmr/GSio7KVLn6YOnYLqeSR2c4mmfeckFa808n5iui/0CbOlcLUqjuQfaqWkG4NeTlQ3IdKi5GijZtc2oHF+U5L6pXaQAp3nCQJTdrh9cVWLOUvGrXJxLslfWguoQI4ohYyuA/Wz11tQkLzelv5/leOXAGzDLUTmInh0LLWtayovhdrnLOMkwGlGT/qCj+toPa6Zx2Qot2fr+0N/CvIOQ5g/KCEoNIecmpDVZIn3LeEIAAAAAGA66uV2w0W+cAAAAAAASAFAuGBXPD6CIPYSlHBbMI86dHsHvwnxJjOh+OGkedlBu5cFjC9UbkX4s89X9enVa81kfjy5PZCKGt3AGhnIsw9kioFmpqDZotDtIToc/IvTzkRyt3MtimXQg9vYx2hKxW8QQAyHEvsBt9gpGPjgnpQvw6Tkgr5duelU02E5XhCHZQZErl2FTEO6rPMvmt+BHaN6GXvxSCyLztoejpFaG5I2/WlXxtO6zO35I+kCrcCwb95YJm7eI/uVG20qllNpqRFOYHOQNqXN0CZR4YW+PnGWDBaAXGXBaqoyWBZu0lK6LjSJZa80CNaScFWAdF+2c7/gokAIiZJgophtEicDX5IpZ57Bg9b7rkJrI1Xdz8jXLQ6wgNXAV+PkHqhdEeYv5s7azBW0qeR09q5Oq4GU4CDXQ+/epF1pUbT3sdQSCMqc0aZo5nBnbRYSewXNoE7qr+22hQwq5snLHCeCrn7Vfp20zSXF8hKwTffUeY4+J22VxcBX/NRmDFzeuPWBYfHvOOyjL5ea5lI9/JHGaFVq4kOTepYq6KaWDfjIZeVL8W/W23Pc6Pr6jVfcXdvR48tl68EW+gihKyxRWAnXfaIBn+aKbJtX2qJX1Apvk2x0cqmhyG2TPVhGh10lTNYffD8Refu0Iik5U0NYdgPJ5zjhDMMg/Gq4BwtruaqZenQUPQA4L+3lzoJbvGpenWC+Fe2/wKYMyxuRhzJJHRUD2T56AWudqxKdaqyY5C0GEEGlwvjkHzjfDh7mQ5rVn6QKF7DrkkGSR3zZverpv2fgP7Thxy0w5jFcO9irfv8myNoUKjfk6xdzwtwsv5mj/2DhlyxrmEscG4FbRNSfub0aB109wG6h23BNFHTF+JS7UjhJ9EEVk097LW0kuHHJa1r9L+5Tk9fVqU4x4y0QDsLw1IlKbr+8TF7NXAeRJPKvhGkeRBFGEnRd682UzjlguAjIVy+yI48uZkk0OACjYQAqu1JGeHkkx6vtcn2CHpxp/ELPnTm3+k4o5dMt5RUKjgMm5+4rGUcRtVYpGsTyDAhWY2EocqsOngyswyL1Mmx5CPegZFP0DHY/rrFzGwYIXSqvzm3jlXIkkqqBaqounl9u98JQ2SE0oZMZCVa/CizZdjJiG2HRdDwE+/lKv/JtNCWYMyLjknrVIfU9A/l0wL4ltGWW+yZ36QD1zA3vkOdg3UA8M0E9qUuhOngMs82CPNGGdVgK9dJfB6ExUC1+9wMwbSYcmYltg19XvKaxNsQllzomMbgr8ifRRDGDFA/nCIMV2Qlg0JXhNKMzxTrtfc2SVGagb+Fi/RWb+R/68EXsvrV4jMS11P8EDoq0zcIVn6a78EFpOI4lKvy9FFxi+b1bE5Co6KXGtkmKyOfR6FbykrMAWXUO/rQ5lU5fd8BZsfoOrboad8xPP4fJUT5NWSCagUHoxpxjKxpNh+VhzaTkcbiIIbenv4nh9oZMElf4/ryR9GVh6W1wLljKk1wq27YPl4IYiyCCNj4W5PIXfdmysHFgewP/jnp3DnVPVKidbdPlg9ooOctJqozgEvKnGFhEbyhZ8pSgOPn/+rjhVUh5T0zSaFKUeKPWIckkHqmNJBeaEeNJ5DlfdJdhlrKa1gngtI5zuORz4+Gaz3X2+SRRzDdIESIlVJyE5bWAmbh967Pbwg8/gFkZOipQe+fqsXVZvit0gm0tYA6pXvl9B+zAgB1bjzWlORDENDm3O4BXkD6AHBEWFeBcSe2K2Cl+5L2VMjdjjJrdoy/7VqS5k6jQk60ps8DJCjb1nviMU731eGuw4hwchmwkoQUR7AnjZb8+80hxg5YnKHlu5MaQmuNFhY95rjUk8ujew0mHNU5VQ2NmeZKU/6us+9M0aj5fc0MUeaG7G5dKIleyup7hdk6Zz3Klh2TQcq6tNur2e518Pzi7sgYA+DFYbE3uNdiLXnfTQbgWqcDYA1dALOGmDD6atnC+ym4j0rs9oLHUv4YFXty/fJRWJ+MD9vRaTxdmV+x57sbes8lXwfUSL0zI7GNacvTjXKMFBHw6Gdv4El9x1o+GQCUPrcq08DrclCeAWxUAcVqhWF4jfL7oEXpcY6Eu/PuWmnVzLmh/Bf9Kt0+3zC15nndUNALkjDqBQ93aMP3iod2/soCYRudxy3AWb1n4pTfwsoc7TykLN/a3sHsNQXuSthqcpRr1VmwWuXLq9+BHFVrNkTmq6DQh0m+QAzCmrm5X20zQuMhZJB6RwevgfTsqHRqdyebwrNEt8eVlXRPPGK8Quqg23Bdu0QnG1TCvNUS7npZmbvuZMREn3/9XWRNDNvlRvfeI9dhetjfy7fpdUNopqrDxP/ibLJc06LuwmR7M6m4Y8Jzt3C+yw4Ub/2cJpoYqNWoVau6ygA5u3Pedtr8kGwsrZElpu/8HluM44sW9hGwaA0BzAtG/NbV9ftTCdKo76IO2fDF1yOELNBpPbBumbGa0TepMXmLWN3gSaWvFV+oii9+BPVjs/A/XEGQ9U5zMLFWoM/SRbJM/ha26nJG+dGthlC61DK/ma2OC7GqqGwP7+n3nbcYN7HaTvDJ7ZTUQMm6kkdlAdHt6UtDWZm7WXkHEGytl0y0BZIPdwlTU3sz4JCgaZd0pYNT0buhm2opOa8M9maZKrBfMI+pxFGyeOyR0qEWU/rqyRtGPke6LdhnihEVmQDcvX/V+1W8HbkNC3qCfsnjWsihVqsY27L34A/bmSeD0EPa4VYwQPH4XVKTCF0Zz4VPBuOWljL24zZWnHpgg8IYNH4GkV6iE2Yoeotycdi5YSXdRUsGnR91y3NZSGD8sdexZOnwVBo/wj9yEjN7h6WGys7WnRMQGsa7AOyVtcRz/RRz25dkat+zN8yq4fZd5/JHT2DZjrR0w7CBULVrnBd/i2NO8HgL2mFHcEU6pkPnJR2COZ3tSLSoO/cBS7n6Tc2YiLFnq6llaaP7OheH9okj95FVBPWBzmTz6khy2lOSDhUCKY5O1rM08XhkRcDUdiPvs41SpkohmGt4GcyvKNM4uximEDZYm6A/sy2AOHxBV+MF8KuY8MZDgcoQUHqe/5gx+FM50X88L6LDvJpbh2Z629A64RqqbtbyANCLe4dlcQ56UOULj/0xzJsQJRtPmwqEC3DehSbKTYY6JRNZTczHJ01K2Ymc6Vs76dRr9c3nYq+kAmingAxHgIrkSKp8GmiCB5om7t5WPcWVDadKij0Pzt7YnSsrJ10JQXPKCCbpQi4Y/VOqKsajBv48SVupZjheJ25NWesS6uL6V1RdrDao5LFfX14bwsUiJI4Bf604chi9FXhsAM7ctW4rh0TJq6cAz47QKg4NzObHb3OSKzcw61ObGXrD0K9gGZDlGJ0+8Met9bbSqImQ24JBFk83Myb9qEmPGtUtk93yZxXZi6BTfwzw53QgBQlkj07132OexSEy1wHnZnFA9pAMirHoD+LuSXJoe8z8/hkrPFU6FszwvTl2FmP0LYP7/qC/IjtC8QcaxAya1kCMfpe2W9B4lvZN5ZTI0qaqww1NuSXpek/koS3NnzERgS2QmcrPD1u/tHFUifoLTYBUn4hdl9se/Vh0L/kqca5eKkwwmWkwGQpqHBLplgUixqv2eXNWUiYB9q3XfdKxVWONe0pWsufGXJJuIlJ6TWWJpRaxDZrKIXlq1fSSYWO11yfq2OF7UdQzvSvFA1BtQBsU+ktGpVfsCdBHU+6Zt+hKPissLpEsq8zotdFGGng/CBAOcwuTL6bOoI/As5mbo09SQAoN/sQtPd4C6U4eIsp0oL63ncGUSIWJiV/JngDhowDmyBfp1ZiG2VV5/djbpF6/+znWE9h+DANH518mkZccSZ9xXv01XpqQU2ORB/3w6MRSowgCTfYQAhiI5gtJs14T4QMdzjE11oPXVtgzzumirzXj6IfCJnLg/KfrOehJueK8ckI0QHVf5R9bwNbjnSAhH0nVB6ow1kUq98S/VPExf4y5QMho8udurYKH/vsuR6mMqWOwTW0ZVCo56sQDQH/GQ5mzA9CYl1lBgRwYexh7kaLV+mI7If8iFZYAYYvRop+8lpsoqZxC/ukr5HEZXYamfvDHDyABBJ1rnCPdQyy51Fvrq/CPZ9vWrF+sdum4XrIzNHp8ps+mRoySmpDNJxFZFbFbObaDnDSv/1I4o1ZBlTmiItHTkSziefpOKDOxImIr5fuqq9LeOgGcZmP+z7hhjvkXahQgevEch/DlJGO7bSY7ZL/VD2SuwL65z5XmTDHgwx7u2yznKGZajqxzK2rvP+XmJc+yFFLagy+xCMNzDfxw4HcL0ScbmmMmnBnmsmhqfjPQsZ+PfBRBgPkxgKgsDuMKltee4WSxp65+sM0bVxcF0htSPpuaHH9sZhmXeu74r/+kFMl6LOJqoQcfHNH8maFq02XRr+20BLf7HBUVHQgh3iJtKH3zrbungYkJ8FqIHnewR+HjIlhxCXQlBHc8YG3nUpW1ozbxaYak/ev4OhSvPCSR39bZaiGj0oTPFQEoo2apMkE+pu7NYzPSsaieS5FdGBISD/ML48BFxqTQUkJCuawYil3m4OCCdowQRihoKaTlYVtCLb085azUGZgAbpwc+0yLV8STFKaqiGVn0Np13cV93TY09KEX4s07bTI0DuQWaBhxJwb2V7gu61qOU9jUVreYqBS0DQEEbjMscpsIdapotFD2wZ2HzL3aa1KjUvkfu2IIWhl2c3GwSxrIlURQehcO0L2DZAMNyK7Q/KgoPoURj601tkjqg0nEvVPmIQRu7sRuTmeeiBMawdgdCsBtRg8flgCXXg7wwMyZaGX6DwcHYu+JUaCNIqTwCO/H7cKVJHGI7qPZH0Imz1tIcFZKxhRtkQRBYFC9LKXY98+zqmeZPdt1GoBYJVCyULaznhZCB+pKc7KpxN53ixin378hdvJvs2NAPhONJ/Me3tlrqfmpmprXnU9L2J/FF3PUCHdx4GspvtyBRb1fhYiB63JI/xeVAmrSIrSmxb1p2dD2T/6M7VQTP2+UVFWRJgPTKEFa0q2oyrEcwqdEjECJ20/jrTvJ11dLdaL4qaUNyPHUHW4tB3HAmI9BkQ5q1miVu1oc6G48Vk9nFndz+OpN/En1YJ6+23b6R0Ryuu6lcUwaMisLhCROPfeMcZd/gGIKLln4cJzbaiugkzfzW78jcKc7EJeFLocvX3RijuKO5gYhwfQs3zOLhwy1YiC3vngafJhvlwA6i7ms9Cx0rzce/l8Y5TKJN8XTWLxPLe3XukaoLEXhm5QiACUhlpAAExyWCSOpksACtgAv5w7FfJ3UVYE3H7AdcnC8AVG9IvRaJv4gsmKXjk9qKa1lPe02FcLJbz9ox5MwkUYKn2SHL4VrTToIgq9P234AWQfd9UAh8bD5Pcnp3l3jhHvG92qoEUj0KKeVQEdeVvOoL0sLzrdKT2dpRpsF4k3RcFF4l0pbvj6a5MRQ4DYjENdQF6aFuRyoagenY+7Ww4xriAp/S9tjfAsAcOsDWWGxC43zhLU4J1e/IxaZwfdgdVQi5Tw9iuB5It4TF4qzC5o++GG8cfNhoCdVRSFjyDoi3ZVkHLA7xnnIrf9rb/7Y+MrBwmZesUV6nBM0KpYsi3sKFbFUp/KeMLvsMFYcYcqVF79bWx4TCWIWZGPQjrPpYt6YWdwZ/SFlthYf6kqrf2nC/S7I9WkPLDC86BvRqbPGTd/eOOrbWv6cia+l6vYsbKGq3mEBbTFmfNOoIsYPV/f8YY+Dma9L8uHYYbz8VXnYSuzBH85JpR5IZRISZT2USPXW2uqo/+a7ESQMBCxa80N8pmWTfVVPqt9ys9llEi3mzCDlR8ERCxE8F9cwsodJrgszrZl57aLTHwUX5TWHg25N+qDt9+j+S0eBdW9htjw3Yeu9pwhGt86i8bPmF2JN710XrfuFIutJCQ86etZsocY+xgt6np/1cuig/iOeq1HmSoZkyx2NyDuSNkxwPB5Xbc3W+u5tkwHRHd9JzXKsH9q2C9HtdveG8rdCBCExCWrNQurAH8RXpAjZ89WmVrKbbISahXhO/78A5ewTZT/KlsTeylUCP+RM4MtBtP9LuEn67TC0c6CZ30c1Y0AHRYDc0I/8yW2OA0SUuZVcmO52KGLdqCjeRRLFnHsZREf3xd36A2W5Br0XhVTgRgayhaV1GKN0koQVKoPTnijHvhAmBKTCRL68/6A65hpax7XYpPhLhsdW6z+GJte8BOlk1gnIK8Mms48m8xHLjgryYnjfH15sISxhEBiKn2zXJiRKPZXLbRmab7ojXhrhv9FHQtDey+VczXKYLRdTURLsQi8rEWij6xGxfC2zmoX5U6LUDG7ARMUSlUCF1/rhULOdkEThxJrIFYtcTO9yPsIRGkUL5YclF0dsFq2tglD2kx2ZuRHqeEevcOxqSvumR2xj1j4pEkSBOJqQ7rcjb7V/6Z7PwKlcmnlUwyOkx9IRgRVHlfhboyu+zoAmm8CQqx3ZMQSftFeUu80TCSNHHParn9T/mnBDHu/8/q5t+5NEjaC9flCUV7OZrFo13115tm9uNUJzyag5tkPig08CDeKFVpw2fOYYzKo8VNCnE5cyvc84zL3hjFnflZMH52F0XtXRk8PF8/2MGDcvqMUYaq/5kD1Z8NpjlWPPqZBXZ33s/3t2ciNiTV3103WpJv2YmbKQUuODZjorluF9qi5ZqUiSmQffYZywGBiF98SF04lYNfG+tNx597GYsxykJgqJhvlOU9Y1SgJVao+twzChloFhkGLLYbJ/aHdwsOk3+EWtH4k6Wa2l+DIl0H1Rp3KP3joLscRt51MQKrTlAC+9vQ36+jO1htbiSAG79O1VUiwktTEV6f7abqWTo+JgKEwNFa5x7ix7JL9yKK6TZZtwttukj1L6JpFsd63fWhDYyZMJm9m9rm/COq0AnhRzOv+EjvA4CUy4VxSLxJ2K30O5DAxAcD1PEmDq1psQtuT+Isd/TIUil++ijpWzVf6hY1LvybvLbdSxlgXnOW/XM/Gy/fiYVu26hRLAYqSuSAwA5MNF5PiPS755hF9a1F8QGdUfqpN0Y7K+L5ygzAEVUc2Z4U22L/+Kz/bsgVaO0dWQOMxYdrarTbcUyeydXn5iCDEkZFOshTszvHaVMCWrj3JSkpUnIaolO8xextg6L64xOyDS3K0WcEPzIQG9Soh9FrdJnP9t+egpufYJAaiv5A9HVq/RJXvN3kVq+EdbOPdJ0mAkNO1FciLLi2dD6Ie1z67aDK44Vjc9Iz/anspGUZ4rmgBJEQSLYWny/TrHUvL0PHb7EYxcU1OKT1Z1YK1JFCQga08LO8tFoFfstQFQJen+27pkIFJTBoS5CWPLfAF5RlpLaHe0C1HisthUDlSjzmd1MKLv2Y15VUzP+AK4yaTM50mkVLkY0My+rYG+fwOwzoKCo/5EmrAXrhaQAoTWAiQpEhqIRCIk9vPs0sGkgUeF/TZsONIM4VHQuIg6fv+aMi4z3TYz1siWJELCvtJ5G/iMYw7I6pD9aUr4oW4Ura3UGRdU4bwa6qcGbqZ9gIDi548qwVdm2unhL2OIa6u7BB1GAFNnT1BcgtHLqjxylhd2dym3q1G6tXXCn1t+jFgFN0ZwvIvUS2LiViSG+kgiijD+bqot/c929WwLvmGW5+uZ5xvEw/Nk+HFxLi/TVrRIsWkHAo43p+amXAMES8NS6YTrf1mJduP2gccpGraVHrcXpcH+uh2vvjmLcXVxyTCGqR892gilpvbWesorES6gjefuoGsb8NjFSBJvEWfdHMjyQPXp+mNWrXQ5iUsAbI+NsnyZUa/rsC+zgpM+fESyM4I2GZrz/IQVucn0rED/5ish1itemG0/t/7keO6ZY2GznU0Bkg1HO3rddH/6xwZSW9hG5xgYn0+YwAp3VIhc6YqLZxTVErbqY9y4Gk2XSetANhj6acRX9HWQcnluXfWmazJEZdVTgcWay1rF5/+V6pWQ68hL4abqAoSJVSBobtrbagXgALuusFDJDRdypDFN8eHoTF2WlW9T4zYpwqIu3ffohZTrPt6t6r8IdhxCb1woaGx13+xABV4pe8yXCgXrLNbEkT0hAQheP7IuZnEtxZ+RCjq9N1nZg77++gfYGggLAubaIKH7nQtpiao3AKAdkyudnf6iYOwniZCRBhStbldB+0vidykAs2TLetZTvHw9BXtoQ7V92r1R8rx6ZAhhwJZbIhJ+Nw22RWs8If1U+wte8q8229EblyyY8G51jhmUYHCTdyvHsqP+4oNbUidarO24YRyIAA8troxAXeG3bQQC3QiQ4MLHCLL9Y8aVvDt7nFs68dl3Al7+4MH+DjsxNaHoJUVVRPwTrLcsnwxQf9Uz/iYcIH01j4THu7yIbwM3tZRcyxCWtwOPVVOROcfZlRnBlQTEdeG9uI/+6CWjjXki5U53YI06GC+u+XSqatX3HGoTcOSep90tUJql71ruq8me2Ls6spGQeh3HOK4HTBlq/+0+bB9sv/hqcSthSz3hP4SSllqK0aFe9NZEnolw5jRB1Ty5Ee6sNNEurc4pGkugYOEYP57iUjF2UjkwgpEbgzqSk3CoYEFnOMSiXAhGGg4P0UrYz4nIlmq8rFMfamvn1/FMa8WC9SgouSZUPxvCdx33zwlzhL7QVXgSHRZj2rzdyOeauHvyeiRBEh5RKXfcLivlnLR254jVvagH3LL7p9X6UIRbfNfDAzU1E20SirpSuCirt8UH0xPP+p7nf1GyUV1UFU/Ob/CjiAvKRETcSq1IWJaUVNGTyj5bvBxaHN3+BGYKAiMoRVtgzA3XR9KvHkdXaLROk2ATy0nCD9hmEAPhM9cWpYwOS8C2pB/abIvoj7bf3eQrjQcyq6+hv7098l0AqMo3EMtbNi0dpcvithxXt0ChLs1EwFI+jdazldSROho15qdysuSyxc2ZpUapPvSPrucDQXBi28I9aYWl2W1d5AMFBt1gafcUEk1XkYhYga43KnWvpXNNLRoH384W8fgUPZnaNTlmb4Dip69ZK2IEf+WWnuniBjsktB/+JLOMJUP+wXoOuI+qM9Ohm41OHtj6oEIecqSKVbjnVQSubemm5u6bV8RrQ47U3W0+IOX+sKQyhmFVd3Ta0oO7aR/k4sPam6q3GP46irn0LMQFBheyIC7OW7VMcbd/LsaSs224yjch29LHDnyy/YKLje+WTtvcc4KYv1J6FWGSRDUXTIATFPuCxoBJFpw5uR+b0IEazV6qlkq5SYnQLAgqJH7TdDy++lX/cZfrO4T9vFJjptGobSMhQ3usdUNOCOSuHXENVEo79CVNA3TA7Kl4zGC0tvwG3JT1UhCweDi82hlYYo5aRvhRNj2OQXsZM3CpcKkC183m+HVKA5mOLlPnIgVTZEPJphQCmAGDY7Jd25lLcKHOQQbJCJi7dlcIvKkTtUkuPZM9HntnXl5EcPmMNCIu6K5nQQXeUsDX6pW8m8dkDGqMndbqzjb4Uojr6JRsacRRZnRL/eGkgkIASDeB0I/mQaniitejh0rHakTlkoOfSXu6xI+ZTSbwgIAPkrmNqW982TI7kAQgqJxX3PSqUEg+fxjLs6NFATgOo0uygwrJmsh6YL8/r/Z2c5YHFTI1fHZhkHf8hM9jJAV2tTfLwdMnMkvMYMUdJFmUS0p4P+dNjLrgPyINzJLTgVXCRR0uQew7WnJAa95TKWBvIDs4xqPmBCbEdWRgfFnmB9LeQBVWkGPnaok/byBYIe8skp7y+rAJTTT2fjqGi37yNl5U0j5of0V3NZEWgIh8rH2oQIaTJ38OcXEFbTqVstlXqFnUPcBqbghjVQqKw+eD5drVICZZP9jHZiS9Cx2Sco+BJFcbpPTR7vsyee/b8TArIf/JKj84SInHE123B07+wj3BpxEU/gMexlsGXlEU9gY1X8SkHYL7IzWPU3AuOxFRMMfX/AAnUw4OEbyIXLEsFb3TiFzsdWq+NlJqngQpzWP5WGJL2CgeEZiwJVqO03n+p2XyTUtX8Q+VDeWee0w70QY8A+xpPaQU0b9WxtbQXxd5xL6ZBbn/HJTo6BSQVPBRX5cpNQOGpVrWuEOVIP4zgOYJCoZdHc4tUqnpaa5UPubHSPanqH7+Yrx2dt27pM9GYrWX4+MLQUkHDbOKyWe2Ka+yTq5xLz/9yv2cLTUioBo5eC0I3p7yz+2155bjnN8D2kxFOBVm4S21k58HGYg2GFfdvCKBjMQmRLvvn2+FA2nwJDrUDr+MPeO1jqXB14prS/MzHm6ENGiFjC+mUeQ41m4QfU52EfyM2i03h6VTKPGcOcbDsxOsNyeBLN9rS+wXyPSP5rNzMaUT3+FPPtn30gFK/iAiLxfc91Vtw8yMFczz+EV6vDdXK1gRSfprKtt7vXfqIytf+i8Yw1xbt4Dfrt/nX6SYj3u1nmL3Mi37tYjEqHmFMbtWxijVU/dXDxEQwPCph5FGtTyCLoMeVUN/LiiGCAnlV42zzfFzcjeRRA7IiKI1k2Zn79SmdJfNXxB9vAUyLwPhxSwduzhp76nA75AHU1JrYZH4owbAxI3NAiEi9NPuZO8TJTyDYtVouMgsPuWfF+LTE4ByRAOch+6xikibSjLIioSCOOsivuNJs56oSo/F39gvo8fhHnNiq7g4Xm+s0IGjqvcWbFIsRjdhHaDJ8R1w4u+vAAABDyDfOke4wIAcVrCNYAWnwGAegDvpASUbpIPZTIstfGZWUpDYIGYTJkqbFpyaT/6PTCSl3XRYPH6bxWlrG2fXRqjZUFkYONYFMDKw2u54OfqIfnNLMKJr1SRPFvSZpP3FoCS3dQaToFYezoXEo7Yn/Rif6yuuy+V4bYvKaEbR86r9E4iPo7VOr/IRFd3xZZF0yGSKK5KXclwOZ0GdpRbhbwHkTVy1ZBAmRdy6AMKBLAlQoYfeuSYvpGsa0nZz5KO12P5PPMpzXLgp0XKE12tBDwwiPpK6an/1RlFkv1oOKxlm5tLxR2nLuUtRUdcjTaH8QHuWRBxHnuyiL5NGu+IfIJglk8YNYRiyZItwWNDitT667Sr5PXFoqLHZg/7Mdrn5MbemRft+oprBrkz6BmWqF6hl8UpNEHECO6ePoCeSrRBF1GtFyz10fWcYdgwcTbJ2LX14GiNkfhUfiEuhkGcPKIitnAPHfDzRIeLAkRT0zA8BVcbydDZv3Lsf9n9qZYISgZEb2MCkge6MqEmVmzsmM6gPN17OiuKdK3/8nIj4MGoC1ZjeqsBTBknFkhzcUFgVaSfpJBM4jRXszOYGdBHfx9eTJ9IyejxAOcS3ATvt6AwVU3YWsL/yGPxifgUNn1DYpiSWAzpEl/ya3gLvkwR670QgtOiW2jSdfX/FQ+HJ2wPsaFLT/XAZUeqP1B8ufJPR0odW9oI2T3n4MOvGW5iT/VgDVcmDe+qqPXRLZJtFrVeTQYF3bgpolVJ8qa9Qk2QdSWwdyZfZ15588xfzJrO9Jg/fUGFfKB4eaYnVOaTZDb63rzYqxVKkRKbOQ/mf9Txshu/oSGANYwWnNal91EUc8yjuEhQ1h3LNIYtpT+GVNJWIQETEODC5V6rvLsdl48arX2sRqa+6fccMB8IfMehvQJLmg1qmUJQDgqE4KWvZKeFzKzesicVTUgnojus+VEHvqp2AhLzCTiazpxFBy50x9LOsvCZ0T2zF6TTmDj3Ayk8uL73FF98CvsO3j9eM/y6t5ikctXgQp0w8gMMwXd6xXos9vBSjX/rkQKsdcPzIEXOX5zG7SW0oE8/uGxDuuGyHzJmAehnAK+6CfiDbVrrgF6NVA/j4kI0qZoBuTZA/2RU52paVOWeEKpJQh9fSqb+C5v4ff40mixDGW+Ew3vEbdwkaHbJa3tukYayg7DIUG1LL7G39xvncwMJSIoCNJuEEOfBgTMJd5kATtpx2dd/zZZvNjJYfAD10PT/KsukciF0PecqZVG69eEnm04HylyGI2QGNdRJC/8awxwES+NUY7e1zu0iRYCDldnzlVqIDF31a4Lqe6cICuPUYJ/L0sZZBC40ILgM9VCeNDGhMXqvSBA5c0oQFe39BAjHvXxtUzMYchdauAlko8rB6GoSkesnvqVBaBPj1kOXnTOAv6X5A2+76jBFl6vrRkdTKCOMOZFkF+v5NuCEGhF1FKXuLZ8cIDLwHq1LmvzLWnRwj3xX7be6q+uhTTQqUmQt2rGVdBYcytuHSM3UmPXcePVSKWwAuiI4LcO3kRSBu6g1trq92Du88VLKk4I9+O0MV5R6EnABn2QYga+jx5gnnv8YQRLHeQh2DoZ4Xru018kMiEiB9tCbe7XFIuQvfIQTyQErj4l3X/9tv4mIy43i55IwInlT0XfwawZ6X8mVPtcAFq4mg0Go3HIvIcH9ca+YXMGRh74p4rOuNe1/PpBuK5BncWf3uhMar3LasvB/voyU6KytVl+sgdaF41dVWbGGD508kj2PVA6Ji7KC59vCLGvghIaeSmWcQbMZAC6+NYgeCLuXtvg8cKmGCpLnMXMr5zfOyxYEtsgYpZ5U9YYLDW7iq5mw2a2B+ACUq37XEMeVHpMKJNhIw6KbD7BBIjz1k0syIxtvFpnngsjqkliLoKgDUbXv6IQt31N+BSuVOXMDuOIYxiwrW2YMkUbzAnNnnXKWa3G564qYfbVq8YMp8FB6v18b/2mAy4D8lJoI08+7w0bZDE8A/+b4soCaoBgoKk65P8f1qXDsUq9szL5TrXNI0CnLBU+K6/gqkca/QFloRd3l32xAtzKF8M7UOTxfBtjFRwhrRIgOPqfVHZ5lDmOHnr052F9Ws01XU8TqvzCOZkv6fw9WUsH3qcxmaTeF4NGOdG26Op6uJekkrBthyothdmhrmBak/Bgjz06V0LZXGOlFETodQ1CbCQWTCJ4B024kBcJXeS8+8E9edUEB6bpIvF02FemMGQMb8CiYJJyEcWMENrnfqbCqhu3PmCza6SkrhZuQsku0IKN/FiwnfcLaEJZGBsHUcL8aZa818mtNG/Mx0l7TmBmH2n7YqGEWqBrWwBKMXHIdMFEtAoxkmrTUS9V6gOXv7kDeyMmDG3NSU/Y+0ffi2Kse8R1GCK6TVS6ikP3f5dP8vF4BJGzGSdc8iklZXZs3sU2kOCMtuXunfse+kzblGDysaK0ZlfVvRxM4rHvldqs0SD15TK1E9El5vkIHR59JwsK4RD65p01BdljQrAJ6+u+XScbm9DbS8icPyCAh1OGpJ+jECNe7abKK3s0v9vb5ax+0mnGwpuMoOtfAAZbWAhphqb//pFRykbf8Je3iRpM/gzKl4Kl8MRsdOA1f8hnym09km/qFjGGTM5xLviD61YWrDH7OFCj7kdnLG805Z6NwI53lmRktM6jxBS8ujpoOi90fr5yoVJDEj3Zc9swsz9hOwyXgbbIHeIRHsQ4A1asg6vcO9R7R/toDO0nTaa9Gqbgw79fg4saoxDwHq4qGIIlRIqx6/MliTs6snTC6GqB6wOL98rAa/ccOBsMeRIPBJEAREV6e+WlWSTQMB5QLooCVQhvE2FQNwF9T+YK/7u9doqqLWLZNocwY1OT3PJaQqDhd0ztbdIfKcDaWQFTZYHhCciXKkARuR/5iglPs9oP2RWZR524QXo6ci+op4o+3bBjSuH5vajhVd7n71oLVEjX14eSpn3l/sIq5R6xd3JSmHHtKMyuI4SANS8Qcw9ZuSfZnmGbL8r1zd/j8s7Y/lzFI17tUtDl2J8RxY/CLbWUlC8nUIxRPv9PFKcW+VUiR9+q62XGbXSQXoWfaU3gg2tugFvvqaVMkUtrkh13EDPTxVQ35xVB1pb9VepAS2QxkWEWf66+DEMg4dz/1PkU70ZSjvc99+gNqrBThXOgyv3xbB07V7IcVntH2WkbTjwKbrcDnO1mNkWghECkK1RVysxlwE6+oXrknzaWQOLQaWJlG+B8TIlBVH9Za78TIquPXcMhrlDlWHZw6Ocsqpb2buv7j/BhRiWW6/olu9fkzw/IdHS1NV0CzU6+Gm9hKb2qsGB08gO7jt3ruqjB3OXdo7E+Zo29uRTT1wJqUEY5//V9D7HKJgjmjJ0I1ZnMRn7UxfiaFpCFpjHjTAlxY5FWze3WAa08Vcdfi+uWl1lDKvhyqTyiYlNbISS3+U2x5K1PuD7Tvw59NT7R+j69KvHD9SRnA0L4JSTEmADGzOGB6lh1J2vrXShhlnoS1LI33UBL8X6iUDJjy/Yp3cAvyrS6M8FUyr0G1bK21kwL8WujNo1ELEuOUFdxjsYxTiu9EzCAEmku4YfjEEN0XF8pNA7AWobs70qWpaCUBbdQ4p4UzfluV6KmafUi2U7y1xF33em8ItwLKp1ke73jSaPkNkutpAbnFGlXAZW6jk3p7Nk0auT6X20C7rhidESeioOmN3ugZPVz0gu47Tr97yALHbDNUcHul2mJ76NuAy3OehioBTvpC3qL4sf2eCEipOza9MGX4lp6rVkhDOuoKyTOOPVqv88LS+t13rM3zVDGqddRdCPw/i4egPgU4BPnE7GjPqYCwPkf1QOBNsFljOJfz+kE0Yx7m+hVrHRbvS/ED05rrhHZ0r8fqw+2hLlhDe1vrKYftHQesSK0sp6uyv/nL07i0ODS0QsSVwPwwtOTH8A5a00euNmpOAerGVNKfbTk+jQNn7PbWNOq+hvVlfmeIZfX+3xwimClMfBDPdnZc5T0MzmHU7vgzPP9+EJaA+xr3MfYPqHCiZjtctaGEBJ84u5Gai8vaXdwQlg14Kwv5Yz/QPM4HhmNij9UAOqZwI81w0zGAQGGnXEr5x4dobmdCGXOGmybTqBM0ZerOi6Nhy6FqcjUOIljhZZEvgQJF/YmPLwiBMgbOojPmNSOWxdEIr+siOyl54hdEvGcBSKjmjF5OQ6wCPSrIcVPlb4FhgQDbTU6HTE51LtZV5Tgx+wn7pUWOi4WLrADsdWJR6Cr2sc0qaPv6/lnfS1hqJUVt1Sq+FTriNzyHUaqMUny6TCwbAIYEAZJ3tw2mLr22EBnmM1k3v6WmHIXlG3uBFYzlryCgb8qjJEgcECSBOkxSCTucmkiWNRlDlSkOgRCiZI4wNMbcLPbu7JSm2GdKWYrxpPe+2BcSIai54XEvjS5Mpe5PZHy4NtktHrs5lN1yLYxac7L1eC5QtpRL4olYMi4CkDbN+6ieWIuDU9jODpGpMCADBCvGtpzR9/3LEkNHrJKQot+C0zJhceDzPJfst5y55rUgXLKaDAQ9p3IqNbKxjKZaeZV+FweZsfrB53JdrBHaHTd3sb3ejlFy5crF7P6toZYyTqxzsJhmV7knsaqt9D1Wk+/ccBUiFo1FVHDIfZ+oFplfkM89MeCDyII+ZqqjLKLfJ8Y6avLplkZpXdCjS6IgEc41jktsXac0C8FB7LWh2PzpTVoH1pxEm1UrYhJ96GfQHEGZshjWA4FV4sU+htECNpArjIzNFnPpP5i677RMS8gHjkMmrfWGYkHfFww/Mqhg73ycZFTv4oFT0gKjvM9VBKp9NWbo6MEhH9wAF5iyfQLjqyYJod5x7svdCWaGGc8/9z0husuWhXw7FAmGlpxm4ggXvOTTP1pay6gx+FAZ1blVlIHNExrKTB0N7RX7xeikmbZwNnpAL5scaOJg07EAgh8zleu3SfiDzEoNDeb7Isk3//CVU/ZOjFAGqYxTeJfVUg2lxzUOkfVrD+/YG1W3zKlX71UHpi/NNA4PUJtYjeJKoOWa8znPwafQiXQwiy1edlDz4F1AHuigYvhLl6Ov6ej95hkYeAlxQ7iS9WNDB/gTmHC2IwBQrpgODdsH2l7G3+5MKz5ZSGx7QuOZVQKi2Vmt+487Cc45RXePxuovvTTmBXMxwm6Ti0tI5RCQHYowsfwB2CAwsAAA74AALuAMQgABGuNdfcQg3ZYP/KyDTf89fqlApcrW+byN4LCsmuwv1VeUGND127M3ZxE4XNdhmNr2JBnTSYBZFjPsb546/XcdWggE5ZtUOw0B9FXjl68ADqDTBRPFBm2Xyyhl4zVta+vA4HnDX2qmLW1GZViXUEbboALXjVB4MaFRDtyilwSU3ks9Hp5mc4FkithQk1xUhPE2gI/QiD1pCp4FqDXUVm+PixD7Qqta/jn+dG2SavujhgEtxbUmc7UrOrqYgoMG9cPBfS2kEbsElkduCyiDS7bkWdpzWSRneb2lwxo+cAWVpaLJAO5yNq7hV8rJtNZH+YMs2EmXOLBdoVfChLdsaht1oCDuT0fX05PX/+T1to0z0v/RIv4SZJs0mgZVkIAp4Fe9JveXe629pwJLh1F3PuGYn5n2F/z40pLZWaYcKeGYVjcoCbl26m3ldNEBwltBrSwwqq8RAzFHtICgkYcj4orMkqIHKIZepmK1NVqV7JbI4p+eQIT2vj1bSrhu6EJRM78KOefzJdqi1NPaK4NHkKf/1Miz6vR6nAlmOextiagaYFMZsLGwAUuqgnYeChZSSQLMLGTbsI8vYapXvW/BalX1jqCjebwy0N7Fta+W+mktvcegvEsJBiKuIWgPH0cBGDe2+/HfSH9hFTrPXutjEdxofBwKa/ysUgTBnlnF1i29CX5grQbozBr16ipYF+jv/6SQ1EdEWGHBZeYmhBtxM6diVCUm2okRy+3Y7IwUSXZaeSLdyL26A7AT+MbkCqFMoDB9JjX3v1Sh2Y/GdRIIFad9eJBJNKyEHh8zvBp/630zkHZRXfvAmNmy7FxN9t6GjW484PA789IdEh30HZ/qR/e9XZtbl4vE/T4bbJ0zw61LKjh5BGI6sCP4V0uhorMCNKaBvLZXBazI73hx7AvlTF6B+r588e0nNmHNgb/fQrU2SmXJ0ypVm5ZDQPjAX4GCLI78Xx0WOWQwm3CBKDSCBG4krxFEpi3+Q1Uddt4K34knEPYbibqs9cMiqeckKRL2ShDAuxR1yw/rkO1Av7045l0cXqrEz+XhfOUyf/GZWz7lLgK050GlJU/Iw+D7kKedc7ndKgjZMGSwsCZseLgnYhcqJF+iDJGeGXptSYo0HoSpniSqGfkm4moeXpIZQZh4IFaz0SaGTrwLTsn0vfj2WuupKU5TgCunSNyVT9ttQ7jEbd/5ScJ8fiQM7b6WBFIXk+R2mfWAIneW8g1A6Gwtp+EeceTiknPvK6+dRfun+YRZMeYzaStY+cRzmo9KoAnQmkL7cdFzqlnJcPgxzqHW9yG78tAOQd0QJ97kF48VeeRR+uYsJNtSN1WfKr8XlvQNVyHQRDBAqEEAmqTDYBF+AgrKe3Y7KEuyN9SLgfUzPwhVwS87+7P5vOVptz5XUTz54cXKUCcSc88TCWz4Fs1SdFTASJFW95/WvXxcs4Hx4GHzbsI+jfoNkHFAO2LgkpnTIG/J82kpAbvT+AAYI70CHVSicpzGPXaqhf2nJTDu7Dz/mP/v4/ojeW3KTQkgylx6OCl5ZzFeIxDVTnGRs2o0NSR3o1ovhQOmSlYoSGZy5NCo3aFXRXCjTTx0DjydMFfIJbadPoKQue2sWQap8Ex8+bimWl8RFnfvXnvKM7ASWEYi0QGpwF6spincJfFZRwYxibxaKaHFXJ5c9qyANKL4ueAta2YjGRhG1QuYW389Sf2fjR4ynihv5WJB+nfRnciGJZz8ih5VLFu5MYMqIdS8Vrx7N4RcmJFCNUMDfdyePpFnjWQ9t5VaWhbYKncfHC/ZKNxcxlRHJ1sYRLThjgCQY0DfEB/AJntp6vC+/RVrKJf2wT/cLdd4MRokU4ymXPTb2hQzkq9THstP6vaI6vZgyroZSifm029s2DkfFkQ2n6KD2rjj2Bajpiud93X/DOcUUg1OFMgwzcH2xxf0LgLMut1BeIBvkoO+7FIYcgmACARM5zw1mUJ9JhaY+NT9hqgeXoQSzINi8zhiGKVsQD3RIPyIZt3SrY8MiiBjsbfsRYpHfdY0rB2P7xCYm/HE/bo5DeE1+s6ONHViyRCbzlJKsCXdNXJm6wobVcqd3XJP4CaFhi9G2nYAFTSYqfn9u5W/jSKBaYl3Yrn+H71eoT3eocdDWJCLbfUsgj6icnSmhsHYfPzvVjCkmNvSquN1nAfGgAfiirbz7zwkLasFLZnidIvWAaDBFLZegaNm1unAJ7o+iMFBVdnlDeHqvaU4j7vLs61wQnwyuk1UlASySpQgDtWv1iuzlMcPUiMPRDWAFnGeJxF60c755oV9y4/Z98nA/IaQhiO3f7ygwILqGoeT+0atB4dtf/aywwXnZHykr+AoTc+bicZmI1NDZwINFfceqTgGfsinxkuzrSB6fwXS1FaxOrJ0T9ABilQwxZX+aPmnmKjUu0B51J2pkzCERCzfFoxVaH/Rqfn3bOHMMHeTy1KUNj4A4pHAChRo0YaU0fksTvA5PMOm+4KSfdePh1ie+BgYGcg/QMMdH2y6F1m3JabMbhguFtuQmRDCITCaXAkxOWy2sg3LBGVv7QmHDDSESxSHTxWFg0BF3M3GnXrqRmnUIuvewxTVJNwhNXl2f1bjLDA/kavDxLrUgwycb5ZCmOpjdQS8ESr8VBVGDKHr4JPR4GFW+B6qMgbwapiCXKIfSeoU0BjamwW4pGgJ/Un4xOb/mlHQtHAqMNb/w7JeMnwOJHWFlt8ropErVaOMTXukuSoGnH6diGn5rMwk/JgziiEDpKAkcVVFBbbDy3DszscG/IZKrK+KCK84OY2uNnZq1+kMPZESQZPfpT77FF/7+UXCtsa2aLM9YhAMi9Ms2MOyOyOE6rT4r8CbPFDL1xgji0eGI7q0a+FR3rJwlCQ1b8WgB+HrpGyKbCMECI47P5vQEMU0/rI6NS/R4YJJRpxuP5/OE4WqdEwSrPqFJLhP1xYJfA3M33TP+KNKTxUJh2AxjqHeThDUa0Nmebsy04pq5n3QXwxjJ66qb3MpjNjTbilxwVytRzXo1+IhTR2hLV1uY8x9qVRxpLbvo9fApvgo/+nCTqpaATh/hE7YY/IYqJ1gxLwfqp8EGFiWiRfuw4h7FXCZ9AXVgABC5B+wZh9uMydt3XJxplscAylaqYLtzJpjnsqP1IDQfIx5n/xtVBttmYaxkSuzShxt+L5LX7zxx5lpOkD7wuypx3+doZNqDJXUXIVuhzVNUMwWtjErwrmUUKfUT7v/bheBvueUFZZAT22rC1MdF1SHtziyd9JnED5HXB76qXJodEppSVSa0IjScI4eOJX2WPi23zpHnB/1rL3QccUy0+NSMLblsseAdfdxt61nwuCLff3FMjQCFNsQMI5dc2YUAhgTzACbGB2IlW4+k+5vKJVIXJXe+1EudoOpOHu+JrLJ2cuCSFdycYJ3ArbrkMn0AdNed2oHVev/FCkc0MsvHLSk6mysPYvkQk8E964cozb2Ee/j3ExCGaL/THwa44lp+mm07Y+6HmlN3jbBnek0kTtyQUKaUus9c5fsukaPCZgUXWPRcTbkxKwttbkF8SrwCKdPLM3X5yFVQH1mayqQFH64mZv3Old3YIEzI4uQC8J3VnoS5o8RHnuVr07+CsLA5YtOV7DFog3do4FvCrU3qrEpiJVku4xyFjWqaNzrSveYBiWdfVUkUTg1Es7ak0tVl1gA1Bpzn+ZfHmboVhcn1oB+RFQpjutcbqSFuM+oEiWjmljPXU/capP06aOVOXt4CW23Hq/PeJI+8JzmDGLa0hI3a/Vqyq+0MqGbAQUMmLEr+/p7ZXzZPVHh2SThpQvUfpuysT17cpDTk1OusWyztzufBmw6W/V3kyD/iLRqaY9l87w1PmZRUHr77+Le6gfNjZe8SXd3vKjgYnlxEq4nILxSx5CJx4N6hZGPZz9Gc3i85B9VdhSiqKoy/dcZ56b0JKabXmVwuKu6jKqRvHyk7a998kzJU3j9ecD4genoE4YqDjxt/Plyd1vBiKd0itGt71tt/kFRYFjmifDr79MGc0ND0W/4JTB3W0wyHw3h9bXYObSx7Rj+QI/9MaEILdZM8CgO4NShaHlRmKavbVHwYVUXzja1XJCuL/jJipcyxfo9KmQhHbHT8Dh5NYfg8GYmSxPSv/E/s/L3tx0E92dHldZrtglV6MTM3LsVW+Cm6VvQIlLalCn3K2Aq1UHyuZwQh+P++42WWHmch5alsv5iHC1Kk1zXXa6PeiP31gq1H9wJXkPep3LJUurxRjjPmgAt9OUwDk6DGsvLXK9/hNLWJ/0SnKfWwMt7YYrIuruLjRYZNNRVTOWGvi0Yw3mBo6hbUrjD6PWI0ouBwfEEpLMo2V8igPL7tOk0Eno95Gdyrb2xwi0wMSTxD1uFXCIJoIRftO9F2dC50wUhGRUDfJxWI12TyLdrFBpzqbmZGmInZsz/QJbaLxVXmCppyJ2Wb/0njjQ+OynYheJLvVPd4UieieWhcKxdhNoBOxyI55Bv25vI7buqLFHsutuVp7Mcoy8J3IKzMhgJIuLyTrPw0M8oAlZd0U0JTAaESr4syxYJnVaAZInhHLFosJRI2Q+tU3ub6QCKx1+ega2tY19hYTC63UBtCxNClwc0BnYG10dgcmBJdAxK4BdANyNYsYBWQpRaOTS+2whUrgPjtwiQWdlVPtEUm9d5qr213HCI/BsSFfQLaWLxkvmW80GZMi7RVZJKVe36GVA3ra86bkCUgaDHgxjDKYjKIOpREYX85AspKV7iryIU2fZIMVXkcDsm4wotxr6p27W29mYa10aod0R2tDpkLHa0/0e3cANduqeX0X0SezZWIrg5PR8RBVIcThW6c24Cj2Ro3PYU+994gg0a6EmaaNLLoCBIaJHZEf63BRknrNo93izxsX7z7vJ/wLqX0fZ0CvKNRXPz3K3UPreHHglorQe/UT7adR1vsyp6MIohA/frE+fcw+LKZH6tMRfwbe8rOiCbEoR0B5oNZzVn4qV07IJVChpVj/3Mqv6MukjS2OcQpuJAe2jOYc0EDyiZXqRFosFHZxJN/jYTllc4YHh9/mqwGVUABQtAAASXN06+wAAAG1QBGOff6S2O0cxprk9/PF81+T0CtGB7AfftEOGFqRrGgSXnyS34x2DreInIN9bSqOEqdlSqNUUIrYCFhCvJvc4PEOt43EnP4POTfC9cdKvA+wjZZaSrxzM2UXA1y44oTlhfZVyLNecSjnaEQoz/SmJ+oETwY0UuECcuISegpYP54lcIpjaK2rq9Kgy4wXi0jjyQT4e54orz2/sCC4EFSXtQhPJR7aNGATPlz+JzyuzSZ79rxXGRlcLgpow9se73KRDCwx6xqAF76tv6yWkIEw49OyZpqk9GvKHB9l8SmoWCzaXRvQwiLEkEO1a7uPDkyZyLw3h4pdT0HCVzokgWSkqpPqdkoCbvMXsh6tI9AfBKC/iz/NLpSxjb0B4+g+HJLK68FCA8bYubzmS+ikf5MV0zXdFMDlxNqVnrIGLTlxUuhLNvFgye4moKfFfQpX24ISHivXZOdNOaj6q+bu1/yQ2qr9x/yb5tkLteGmcJksxOf+X/MK0U+VbtZF67rZ8bvI1RKW1t1yKLTJMnbPmyoNYXeErEB0yN1KS7t9CiPNKzbTGsQbszF/aASDO9zFyNUSTNkqGRCtPW7mZhLKgVX1PQHJfIWOeI1lJ/jsfrfOz9EFZ9tbN1vEmpSyUwj1iY8II4aZqx6y6Pud4y2RX3JH0tPSqG+Zx437qvjTlOhEpzliPXPztdej0SMc8zuNMlIMnlE61r/rgbKR7rXHwBzFTGpFrOclwpc5dVtP9FIB37isuIQU61PSw6vOhN74HCHyXWGeGbwrjB3rZea9m46vPEoKSTu75Gparh0yjFPoweecofCywJtAeuLAmlJnNGFTgn11igmAinU+FnMCZpInAIsPOy1SlOFFwejoNTX7f9XfTGs2kcdh3MyqqbL+TzCUuxcglE1RUIqp7jvVOnNvgto54KfI6BMlLgxple7192zgQnMAeJ9KvQFAPLeOniszuhJ/1vw1QePGfsKIB/gjb2Hg3KLEAG221/6tG+N1dit8//oXQJOKoVmwrB4gw7Osb9O8bJHTLN2pqy8B9lTNjaVUEqdLUlpc4r9PYcnuAAkxMWgij4NhOGoGsLUHwnNer+Cj2e1iEzsrAqvPTcSpbDPPaNL6tBvaWj24h9gBwdnOrLK1O6u1f0O5VruszIYSqs8jpc1CoK4GjXE8KKbKqumNsgQSRJC7eNFX3Dxo/GVpBFDI8TaB5cYYZ2NL/mPpGBkNaWbN3GP3xk8phsOC9YrUGvRqiYiTEsjXg+q4sCDys7OP8rxX5Sp6L6DrIVg3RVnD4wQfBqTehWrOBpeiJgWriWoEsBOUJ2/krRnRq2bkz9Sj2wdsz5HQcLeNLUWG7EBD33wyGWN/1bl/Cbz+mK78bhVSLpVu7Enw2RZzPhuIi+RsbzjNyXbc5S7R98qlD1mAfm4fTWMktDV/XWAN3l7oRx232bM2CbUpGy5MdQUh9GhfdRIAeuBSpKNwTaHf2Ujx+4Y0Fq31K76dafZL9YVDLfYcJNjC3zeqphlCegKPB6f+Ie7smJ/CJj29OhIaRq2llNIDvTwzVMmTHEa+7K6rYb5R42FiAK2eIOr+jTg2z2JGXHGiN9OnQIr3htGcPFnI2aT9mcigZqg7MnuMhJ5s3pEhco2JTG9Z8YyNtSYjVt3viziA9OZqYifM0kPROG9Edx4yVK4lq4NzaPyXvh9LmvJK5A+3Ldu+4/ZvQJymXiErQnUEoYBiaDBEJG3R5pitVWRvAXoV4JxgutEal62bzzEbqDBM1eCrDAlNEbbtp9FHRPOWeQx7gN1yzCx6G+EwE9Ru7QctqQD9kv5CGaSIQ4eTSZb0QXKiko+NYjS9WpKKxcg3rSRcYNyLgO7rMaig4VgyTlWUcRFfGJaizsDLfxAXYbLMk2O90VEu9vgDW2lITJPzLsJ21cnLDc7dQjUIqxfMGGwJasU1RPN6OxEAOZWHWPLfNA5yXugs/ILwuQdrov9UtFQjWBjmZtub5RIYea1i0T/4jkpd/uUw+m49rNwtxeRcy2XNyXIUGtGy75O1MNzMcQYuemq1L7OXIUd/SpoNTH1cJjeP8ANG8X9TeqYkOxD2jy7tW9riPxh18wVA5A71J/Wv0jYjZiB+E7Vxs0jU9lg+GMUNf2Z7zw/UMJF3YLslCFA4aO4howEuZmScnUXGnUiP4olmKYNpk020gjH8U1gwT5sHOEghM5pppj7+Dnj8A+JuKgG7tMxZMcz3azm6MmdWPnGC+B1xCFlHR3LvldiL2QhXyWevTI4nfwwd1/y2Ujbo63nBxJRh1ECvCSNzwKW+QUwICdE6XpwXRb85QmpYlGrgaStBy2Ok3hYvlRDDUwgyzj/wMs9RZlisPTVm2YhtTMWqC6+Mvou0EsXWwiLhEYxDbEwgWtiN2vCG7YqjiP6GkfjFKPj3Fp5rbTbRIaZI1QF4Aa2ZmpeG5Sc6GwFqoahK1iZW0H7wOck0vuh7REzZEAcH6QNyecMEvKQbDRpd0+5sddVRdgL2EUKlhHbjlZCBiOrFj1D6Vh9rQXt+Cu7ikCucEtc4cuYHMpBcFFY4X5rzlOD7LXmhIPXrSSeHtkSSutqGtJqnym5cUNRQdvn9woF0yzPIAvnUMcrU3D3+Ug7jsBeQ0jasFv/UohrfbtFjuDpLGAirNmhfXTKZn+Sp6YVHlco1+B1Z7JLm3jzia0+yBAP7G6UR+Vf/z3h8yXTAQuc/32e6IN5EmoV3VAv5e8CBUeOcMlvKkLaMcLdMCoSPYku46dJs1yIaS40nf6lx+mwnESl/cWw1FJEzQ6x8Wr4tlZ/pasyMvHZuw6D/Iom7/rSSTHaqYSVhGKmP9sBJ8KiXRmxorN3sRmdedFxgrO8XJ2wvYkbILbjOL4Nim7akRPMyYcb2BoV1q0XPI9Qt9D2TrmLdBkVcoDvQS1GeTZGvxp0H2d6bfWzpONi162LHt9atVqmB/JdU8OglP/tBTS3/XBs+bbqrTY7rMDkidHJogJro9V810D8vaL/lDrIDIBW9cNBi9AMcEjyD+iPRuQm02Y7AIHh0FqS6I/eC0KBQz5JwwuiFmGPgdy0ZosBDoZO854RP06njOh2MNNNZig6B9mS85kEmN5Z5FWDk8g9gVTL4bhdeJc5/5SMW2WcXfL+Wtt/F7X7wrv2mMzrifQz0FyrG3kXKbO6RLPQRMpoOffB0jCqZahPMSIxYTj1gt9K2dstnfSrYba0aERuJMzlJvXB5WJxaCwGisZXLLD+Tf98EYLhl3Endn8XqIKJBTCnRm1wNkWsstnAr0uOe7qhDHSFm1R+mQYStNA8uY5t4I4AD/0PgHVvXtjsM1seyKvNJsp+1DOwtJX2XhKU67eY5fSwMw3PmV1Et2fBMoexA3uGaYUto7wAraWji3awL40IXPnw0Jv0+2guOeuSk5WjUBQoYSUpcpBAhXCDWN96i8tYupZBbfMIB9MhTOJ0Pm0MivZFVrWRf7rhCLUeDGIpXQBjtrNvuOyGDpFMjDe7BP648BHvEQ6gw4+9wBJ0rC/CKRrGQpHNOdKIPaFbkmrmXBYV3AQUjPk3E8eg6GxewJtXKVkl0yC91N8ul2QoCo9F1aPlXhMW/S9HKm+tsMXnTQk8/84xbvu9q29Nc+A6oBo96yuMCYX//f2cn7NH4tIh3Lpjgl25Xi8D9t/IXcCkSZStNBdpKzbo5MvKlzAqFQCEUwm0W5PmaXZzijYs5jp9QaunM1nMeHRDs4VOqPAxRgloM3LYxQBeZ3qU8dMNiSi2su1vCxYgnqAQ4UBrIqsD1Sdutz6BCeFw+dkv2v2l7v8ZIyk4FueoxOsoZ4Xt0CN8op9o8kFGxI+C+CcuWm6TnX7OfGkaTW8Uwkcu82cjLnVLX/LmGP/1qQq+47PRMWviFRXcTG6bulX5Xw4z3MfpYdPlE+OsXJdmtrDOTjC67FBpYRJLK5T99kQjt3AystIYIZdMPOWtt1fYiXb0Lm/PRxtEnMxuCr7BmKohKnz/Cr1qpFgJwOkIZlqJQV9ISxPaJXcROxUNMg+9zVt9EsCr+Bqda3cBG2Y4oSXvib//nCdr49+etW0sg9lWbpDf48Dr/ZyvgdcmVjHNafHLI0aMMGmEngGXrvAz/HFmMwCg+AHKPTmVcYO0N48ZDlF175GIbTI+e8+9zG1+XTU0bCvuSo8yGuNSzMagEU2tTyRAkfYCpGcLBQFEY/+K0357UNf5VJSUhZ20J513B4x6r5jgjQMaqxO4jBm/kfmXMJ4RKhGvr5jlh/qIwNcJpoh3G2WGhPLdjPE3Pq7E0ac5ZvRXQoCt3JsZziuDzYdFcz+J31mm1uzoaWqvP1l3sscHJxBsSQ0EU/XHD6dg2c+CkjURkbQnyolX1+FOc5zNu2xvHkL2k46IxB9hbI6snhHlaW3Oy+fEFM1fzWdqEApm9roYvIY2N/hGh7jQTl4yj/jxpiyDMIS3kVg3/K71vWRCh/bAOqEWVecQuH1ajagFC9uZ1SkPATjjpxyXigPCkS3xm0wb0sY7A878A0FOO5dYrDkc5OLiC5DP0Bc8P2pJpDz9B/L5qtfI4mHQsUB1Jx+rSEykykFCstJzCEvSLGAFBKoNFk+wfxnYaM34kxpHv1wqVCvUw0EB28xIqjr9/L/OGd9+TniofWoTliq+gvWd/k1im1wyPbLyeMxgCS8JpgdQ7LiC3aJZUlJcXi802Ea5g5wiJz0sYOnaDkiIHb7lVabqXpt/VJAAA42AAAisAAHTAAAABtPNNtGqn3hP9+8wB8V1gOo6KvO1/oSRjlLoy98pDhTHOnexiZTrcczgloNuwlGRuzlodBpxeGk+jqdtwH9YO7K2S87tIfyJXZne3jhxOyR+cEPjh7I4Oz2atu/IuIh4gmmXpa7O3o4hrDFef4wAxUrBVtCsRraWFHBYcMt8ojuZ1C5gqLIkMdvnqQ2O7zq1i0RHx7dRwVLvbvEHRZNIVfpMjs8ntJb1K3RRZ8G/OaZLormECrUO7HDGPLV8UEmA8YlHpAMIuqnPp9RNubeRYry88hXmKgq1HBqwQDvYcLm45bf9zBTLzw2sZcnvzsA7sg1HJkavXc3Jr6duQrVX5b8X8WMFbg5Jjg3kZvRCloeG+0V3CscCxNOJPj5eCqg7gfRfDvyXK3K30hp7YyWOBFnQ7BZZ0JkSblRgyUcr8L6Pqy/9v7pCRy9lKBKklxDoauI0daBReaXYTiEUNPTsTKPB4rEV+IUQDYuhcwD68g+PLwe5orguyWmm0xG5O2i+DUx9vo0bop63/m015ppoCFwhPcxo4O/MkmI2VRwP+49olo2hnpLaZ3CxOB0yLRBlmp0YxBBJY0X4GIUa5RgDdFQL1P/22YCmlWKmlivUWHaM5cvJGbnzAXCRxiPgDkne4OdAyIlGiGnnRe5jRYfVdQPwi6V14zdodmDlcDNW4fGwUNFRy+3+L0M3u2atf2v8Yg4HrNL1l+hrOAz8PUQoKFU3xkYJ6VHMkiI20xx02nZ+lex+l45z5duoXKAo3I4QTjBRVMZ6PeXgarM5v/Dv1tFgIqUyxNCsYNV7OAHGCjL5ICpbsdhIEvL2W7qaQVlbZ8zHiImg5sY8z8raRtbi7YO7igbaOdDORq/YcRt592PEUrEQDRU6/GCl+q+GJIw/0eHwW/KmTsfcew6j1RJUCTOr5jTUy38JjY4vP/1X+1+AHO11DP59JNantQzqzhEclCDwtMdcVv/5xNkNaAz57h3jynnkUkeO/hB+ytzQMKudByHBp1+8MQ+SGKDFq7lVa0sTJxpqI0mOZ6Zi6+f+lF059WTHEVYfeTnm5QjrRrEUkbjKOVBGt9Z80aNVA86IDMmYRCUB1ZO2LLRIlZXOtJneSRSKrRBWMf9jUZJRq8HmzuoD8uAizV/cj3pM54EHRRgxCq3+Uejqj07ThW25fHivJBeFTu3qF7hLew0+dsb2XJFz8wf+Oe450jIAoS/j5PEYDDrndemxnROUuZyN7rGqbke0uypGktcDmb98D+ob4mLccOUSA26En3ArVCnhtc1dgNH9ahPiUmRovuRbObHzW1S1k81raLE6qmscJHsMQwXivuk1irtt/n2PIhOfmTpXgeS1DF4gvoseUCLizXEulCqHuWF9EG7PwmjF14LGskVAHcJemG20crz+kJ3tHewnpDu4R1weV9GQClbL+skEa/viTporgDgv5THVI0OWFkl+XrpZd+cFeWD6hAgZQwPAT7xawUoq/lMd07Hh6sQjZz9oSKwW1irhompKPEnaDPnLzofPSZu8wa2ucPDzyuC9FJf6hZzuv0QSBEoo+NqXqUuFsjHT4YP7oBpBk0nO91iP12rE5krQUrzkTquk9ERFU+elD/9/fX7Kk1M5xMX3aFE2RLWNa2x9GK4x4J/2EV2xz1x8KeRlDcWELx+3dntVzUgfxXUHIt9wyJR3v/hJf/V2pm86oGlABNdFCY0fC+NHpuwWC1IJmXu629Udtt+Gycbn4rs9fdUg31KGzt6nV3oz55J034w249j+Keb/I/yv2JB6FvZJhuiWm6ZSl+KhuMm5Paf8NN1c4B77j26JmwldhVxILS7M4UP+HYo6XKhiQnranScPOatGUM57G6MTnboLRjRaiOhYnrnGtFcVUbZAWhPK8rmOtdlL7QhtaR4cRTHOPmPDdBUboBpFKzy+g2oc0BxAevmVeINr8QCl4JHoU65Ld9hUqpyDhbPrTapScHWRH6nby/8FGVarPpyWgx7juNTt/o+eq8ooPDR0sd2EfUs9UuuGBCcAVf7LGKSrTAu74VBmnTw9acH/FxCkACzbzMb0iY+/f5QTFz+bM0cr9yg+HkQRpy8kI3eMUeaXWMJ/uyxSDY6qeiNYHksYM0DPg+dh4WXx/IyNL9FLCXBpzVHTBKWoNlyNEAvzaLw/3vXkgt08+FDn+P9FjR0MM2F75QQGw+wc9VxkklL0Q2WxYCxdWbwo1czp8C/tdaZOGKL3G9pgr7xprrZgB5r02NeJXDuXgGE9Ho7DN720PsV+jvbmogpIDWXOS6bXULma0LReuNXxzlpc1a4MwUorWxi0riFoK+8nToRd/ecbScmlw9a5dEd0se9TLkRrZiAdlbW0rvU/L69QvywtPmC2IN3nuNaJhnC+VRoy1g9mjLeaPTNzRfQsWhG7HmdRNAM7xtLXcplWDrTSJ1y6+ZuV1EM7iecO3L1Zn69vTkKTuj0fqo1dliNOALuHihsaEHuvpqCv0b+Z8C0tpLIT0qiRLILC41ZjZeDqD/d2y12WzGDIwo992Zi51bMkTrN7UqIBu0kAhsX80SenS7JdBChlsaKZqHwUdRp6O1yLYM/g2I0QrzpdF2WOnmZ8Zt+5AQl5xGD4kSvutsj0LDMf6wKYHXg1P6sKdJHjTQG0T732hxOl26eqsl00yUSNjdlHC/SH6zMD3LnUzStGJ8wx7p/lHW1C56KOV8BLXLWOe1tgkK+ZJ3wA3N3sXF1VSXLQO2pjH1Cl0gBcuh7+d2zD59qXIfZSAqNK0o094mqkFoh5C0QV52mT/2LuuI7Y7/qDpn7nkyov+4qBl7WBQVWQksnhvzKwPGy503Fu+xjVIMi/cziwz2f4UMhSgf7mejKL8UnzC4skMsqIe3TtFtppNn5XJIt3QSBwunH6e8xgKpBP4qacNj6QdxdLd2UJCENwjAVlJUwo5ebsJQhObf65a7zKbHrP1lnvqeteoElCZxf1AP0oeJeC7/Ow6wR17uneATlPpiCjM1FanxMIq96pDxYkCFt43aywIvchCWKKjjn36F98yzASmoJkvU+glcM6rdJmBpSlrrDz5WnLOfD+wlqv48G7Td0Tmga4o6D4nTWTuy0nnQOqDOP7pXtG+C9hlWQkWy8SRfLAuvv7aPSCOfH5Zpo9DGo38CMUUbAglGPpj+LYjXCuJhzI0lDeCK2lsrhXptr2eL0TdQkfvleO/+rmf8Kgndpg6Zsl/pyPXsVX09u2wUv3xizgLYTQ9ynaU18M1PE/dsujG30b1+Fq9iZ1DZCLmWjrH5PbvTJg0ZRdLA2IFU68jpfLUGi+lCSEghDYd8/bS0PQn6i3amGYVThIpgsfGKa3+Yt7Ifezz3e2Cj3PTiPARMhMzx46lznuuXCPsVyZpW4EDDxqN4wOQz/oTNoeElLDHKgXBYlV0Q7VpoC8FL+gzmsHTHeGyE3N3IC6LQe3OO7Svb0h/3JkMSsj/g+kszdTGKvGjenBX9RUUfnJIsgXgS4Gd1s+CS7op62g+FSwHLxcmWck3wmHabZoauqhPHzyLRLvCBfxW1DODxckuMU1INBxmLdHleQAvohU/q0r01xSiBGsBk9AIxVf8KpA0FuCWF9hLxYEWyTkXcgHSkB5DB0uD8EDsIiDlKcSuoCe2hlp6GG4qg0ZdyNPuI/w0sBdvgidy6f2zL2NKfqKiHUIDq6AuPo42WbZFJVrtPXz1tyVel5pgr9dZ/+tUYDxldl/G0v31mBlaRiZoD5jGZ0Mnswo1SBN10mhrE3dvKfosZcNSqnREhN6PSvXJ4D6vcwBTHMyBsNA3cqtYHmBUlH4Im2m5ZzZcuJkIM1Bh4h6isbnVFuswMsG6VXscZHo6rgDjEBe9/RK+6qMzlSLXgwJ1tqWUBgh+kIe9LEfobqBToDoyfMY3wb+nAazW1/8sDAAI1wvN8BKPfLmetzbppYeC3skZWKJDJhKp8U7VtAA94aUPKSGEqT/X0gu9aVE0AAABMwGPD2nMjtaqxgATWlSCRAAAasAE4hpVzuSQICXTxXqn/PfBpMBLSbCDqTkDIFcc23ZWyWWwMPO9rNW/+mKi/9tkGo8OgYmAvxk0mwD7jXyrPRaNctOXS7ROdZeuFX4CztR3xgKAWQDLBpwjBqAyEs6VQMfdkL46WeMjrC5sYGoceSweE/vUZs76YOiixqGvnF9UW8Tk0Al7BSG/fX30U4e0hulfjDcfEHiTxV4tQIIjuFj5kRRR7FuHAFrRnvyTkQqMOdzW+JMSyR42wqI+K6cSNQcy9bW3+QyO+pucocNuxLwWTF8kW2jmYAD9OKz/CavDbrkzndat4D3nnOotGVYPWMau8s/f/LXEW0OWo//JlO180KuVyCBc9LfA+QcaedO3gXtSAdz4jIcMyNti2F8h4aYbrLpwiJ+rdjs0JNDPzZqiHqdsB60sm19oRBKv/JU5S1MyBKvzDTogwJAZKWJ5HDaskITHjYe92GSrqt8i1yJwGnEGkfPzivzblEMqolrigkFRRR1NNzHxxihLs7Se65nUnJA4dP8LoMrMDWF/YNqBkbYH9sEJSnCzxvwVMhUN0RTstrpYoTzmmmyZAWh/QIExHuTRM4mQur3dsHsA+54lM/p3nsujrbu7Ao7CwpJ2bWUxdtP/TjZy9g6zo/hIKVC6JehV49nfOj8QzNg2uwWlteDVFWCu6a27j1j43LbTOFvJVd819NbjM5G+Rbixiyv95+wdrZSYw0tE7Gnu6RYGGZ2/PjdYQ9u++5hH+Jl23NbUSNVSQOMeXvZ8OrpsGB/tA9RQALW03cVRvXk3cbBQ08ngukSVJAyj1VjU2XTZ9y7NkSxd9B8Y0xBLoQDEMY7XCiIueTOoMe5BOxwyzFEv2/S/M8VM5Q9ElvF2j4oY+za0Dj+Y/BxxYzmaRP1NlO/b+S1SNxkj+U190WQknhxarvHboRrgrffBM+dPSQ4Bs3d+Jiu2C7YeSOXvr6cLpPysWNNso+/GENPl5vPW9yUVmxg++NO+6FjIh/bT20VzqnLIK9E9mm46w2R08ubea/iK3EYtl/ExX/+ZDdkPj1JZtaXkMsPeqBgdLpC1LbZWd1vNdb5Swbx83JHPEIt+Z4cRkAQP9LJzeoBIJhJboqa0IdqNJC5YnH1fkpqubmUPCcbDns/e9KDotLVsayC27x2AvXIfNEqG24chRLpNH9DGqBdmLw23QkCNHA3Kt9leP0oPGFOmp6FVMkDgHM53aKml9VP4XsF4fPA7Y6KtBgXC8rDvlOK/y/ppKmM33sC39BDVHs7gtvcAP7nAGksV3R9dCi5AtOJDSaTD/QJWv0pIjF42j0LwMysM8zzGv405J3GR+yXcbGXPX5O7/h1Eqtmb7tOL74oXz7H50Mo8ml0Fgx00if2anAXeUVqGuc0VC+mHobWFoFyv5HydowvekHN5S4N+n8PMXa4HOrRGoesAZ92zCOPnQYV4575m9pRNX8kGbDZ83D/IK+8i9MitZQ1+n4uXcvdP5s9ZqRu0WK3Z/eWpYUxA3893aECVndBrPXwVgaTTeMQKuRBo3uzq/oERGWrAjKNuIh/f2/juokANJ/sRbO39kpQnfYl+Oah1lqkyz5kaf0Z1korQq7UWbsl7ykPffzGXq5I+cul75JbAuooVpR2EdXMEuAKpo+rbaYxnwNmEpLPzFPWNOSr7OTDQecK+r8EjYmGUa1r1NnlJc0y8LuibzN3yoKNg1xJpWnyQ9zHRS38wAiz6o32Ed+16KRkkm6GZ7qmdgkT9j/ZsiwEi6S8uPl9Gj82tYUtcYtNjgYM4RwOZ7iI7oAg6Pbw++HPOKWGE4MwcmFy+ZgcnlF/JIl1IgnKNfJ94SdcuZg1APIJC1o8GoEf+9O918h+U2kgdFA3VZOWxDdmfoc/d5sQvpIzyIO1PAiVy5BCeyZq71gHZ+C+ZN4wc7b03PpOJC4UNz8FUxF2bgeuaoGCcj4AznjsK9LOT3SDiujcygAZ23Bk3PG88sFvXxfJoj/h8MGqhoH/swMRf7egeeZVZUo+sOS6NSLB27Z5Wub5WcW4Uy4QV5ce+Qi52XmbBJdnYmm7ikrLBMGqgv5IYlAtimXdr7X2QO9y2HhtKFaObRvJHGfOb1tsN4KeIEott7tvbzcE8GbKbfSVGZGZioF3NUF1yAbpLc/b/BQ9RAd6OtMIxBIy4O/Hpw76cm9bI/bgQ1WfN6Jp+bBRpuVxcHIKnUdhSEd75m8p5OFqBbGhdEeQmBYAxaYQk21re8ZEllqMWuc/TRdJQ+8s4+GY1V7JZA0a0qrT9yqcKtigpM+ay6hsuzihc/vVLzhbM8Z6PLKZJJ9wjswPktIRnfLiFjGifTNtnCW37AS0NRfy9ed0PYKvdUWewoMonjE0qG1PL9EMhclzVr9+YT4PXJnfHKTT0/gN7bMEP0hJ63H0DMn4WybX7PjmWn8cRZ3qT9sNjcU3KHiwaD725XacjBJ20WleRX97jUuA6x5+5mXs32vpqOujjpW3Jaw/yIczWq81WuRm8ag3wBspoK8GLMa5eTRkgljofhVbvKwP9T+L0mdEAuxe09/cdQQrSblVDmm3rhI65taaT4dDUVraMolTXbQr+l4FvzF0/bdit2EFOzIA9alpdjN59lZp5EKsfWj7D9cuVaciN8juqkSX51KTnctn8Kqx8Ln6a8PhzB8QTDXpnDlR3sYotMvXcYKLZCHza9EyJI1yQYJzra4T7VV3duwTz0s4/BKrElU9ENzp9JCJ9x0UbVikbp9dwAEDobeqJtleTRuAvFrWs6/1QzF3yQvtj3JSg1jdVrCicfUYIRDhiLC3riD1ahqjLmcXplOxcW5gPPX8raXFNAqof0Tsf+58/JNN9A+qpuRd1yYkD0mi0QfO4lorCrIb97R+CsUscOjglM3zr/6WX7TK3puvTGUuw4XFSUYhvchbvR4yOmGiy9AJA1ODBks7CTcpVRwOllt8WpJmZqKSHUC1aRHmhAiJbQz7ABRwTgDahlfPHI8DpUgWMxirJasYsPwhrr9SdmDdTeecXH9OBi3u+GHgE3plCJXUhU4d7npA7/T+iJSoj4XPRxxtFXMkEzgwrRrDwCwSycJlUBbeavCg2gxeCqNYPWuRDZgGfmeEANjYNWmlRqdVVT2cKMjaZ2p0yhkr+4WuyJ+YK+ywf9qEGtd3+OXGw95MkLHWtYB1ZU7DyNzY/StwV2eWfRZC6oyJzlw3MRI7Q7CXfN6+xe+WRWTIdvvelpjnoNZa9kF1rhIhrMs8UFJZ3/Qmno611UNhYPr1qavg2h32iJUNSKIno8+Qxr2FzCCTcRrw3Di69PuuNVw9W3gIqeRneTKFxmb0e26iMvFrIFAqi+YtaaZ2oOy60kae98Kwo+/PkTLIclX4a4RDRT/WaKxEtp3vV7T8kxPWgwRIO74dlY04tLv1co2UtMYh9KIWsM9c9PjuBjWQ07/nRFfwHvt6QwedYYi2ZlSRIlySGcMWExBsS+PZcokN0xfaQG8IhRZlVtYNPqTDi7oTyC/vqarvrTq6NR/MYrkIiobQjtzhvVcBq1Z34lcVqhq1QBcjccjKc2teB23ACOHD6JWgPut4HQGQ/THtaHXPa5Ic0T95WTM5CTFzpKBUYJF6hBA/V/FblNLyeQ0U4ZFmr2Fckq0U2FSkYJJPNiJam4+wWvgGQJH15gteVI2RWv3Z3VFKDOOPjBl9htXpjdXjAi9jSikL2hRbVPaw4xcDYFYfolEjv+0w3WzKcEvQtkpJY8Iv8Rk8sBMh4zeha7PwIXV0OSajsPn1tm03T6zbDxC8p5UD4+/mTZ07ZJxZ/qhuRQc/kYIAAqRMwt8Bc5oAAIzGAB8EcoTBhHq6Z+OIL5pdp6D2gZky69AQe0arTxZxlSdZkBvF3VJZ8/fxFRZT9x4HtlfCOq3Jah8ZyerA3AN3mKOL8UYGTZUPMoI5hDw0CI2VIUsOfbkFsgdFkHzyqVPm8AMkfEIIv02/HZcjkPyjP4/qbN6Ng6RiKWfLvo+9M9NQqGAiaxGVu0u2+VIpqtebqMu7ROkEeEfPbHQbZ3IIyXz9iBTN0LZQNr/iJz9rlzwkuoiKDjpNOP31fSbBt1wS0KxeDSFSJv3Jis+QpMKbhPq9Fa0eYYEF0YXPxqjOpjsxtqM4uSlO+10CU5qC+/tgUQW7445f91wvsPwj5oQ1P6esR33KdQOS2RxKKfnvuKx7B+eozyA324dwrQnV/kOWxULHBeLJm0n9t01ZMJ/VoYKOqQGFRvQc721IzNHylMAGgRWMiBIyEX96uh0xK9oEOLqVRh/xFkiobmp89SM50LmBx1U5UcM6uWZKJ8Zt4aCkvHsL35E47qtOwXi9vuUHo6b0NouPEOnrpKZCfruPpA2rKehp20i/oPN/jLZdypydotzwx5afUZ7mA/Fmi4iFHq+a5yL48QHQqWX3Z+qmkff0vsnkDmnCwkE2PjRzyc3QVV24oKCZiLA29DjQK7nrSd9rYOgof0FIoDjsLb1mlXk7BTeMV7eEgLBSYhXW5ZKgxnMoVek2cwq5bj8CjeaGb/4jaWWvw6d7rIfO16PgtlxYOUwTUiUmoMFJBuFhv88Lf5VbGR6c2rsPBgllILhY/QFp1SMzg2mwCMn/Ha3ylQ+MfTqP4ccpUVZ2XrooBBF7JCXMKGfzmH82WVc7rp2LZEcjarJEWpzh+kPqwtPEZ+4Q+S81ZvmLSpAoSeKBFkJtLnrt2cUXbKycUayA8Qv5iFtVeBi4MvijXigc767iT3PTy6kFt27QDm8PRf/cM9uYJAGn/kenN5AggYSTnAYsMyWQODuWcrP0VfrtUWn6Kcwp1Rkai58lA1hSEWt29lsARPNA80GgzACrwA46gttnQcfBgwxb+Di2RGAuD4C4alCsHQdWbQoqNsZe2AkD94+VFu8UaZpmWzLl0MCWCJpzWIdQv2IkcLElw4mlNR4Qyw+ZZ3AHiJwPnm3PUHzGHuFM8WJar+hgBg49rgPY45zhwrdDSNL2Ux6SAVJEZKBEF9I2+XGklQPxaxmZVC7XQ2PvI07U8116gF1eb/1PZZHqRFkDRTxy0Rd5j95xtiVb9pS0s4+yZQRCw566Qe4WzU2P4JGgWNoMlBz+3G4Ek0wCWnu0hPA06YF7cvlYDbSbHys8Ym4gRO68nmppbI1E73NPKla3RIapSKED4ZWX1caZEIQX9ky2XC0cxTV4mx72JymzhTsXmZi1RQGjwJtTzfiNj6XqZq8ibJaX4n6K1giV0Er/dF/w6zPWVD4WzA+Clg3nAAYRueBBBaOBmiBdPWCEMIcd7qSqSAEfDi71karDlQZmQGlwEDo8x4EmPbuQCaWtXRJ2jBL2bhYUlU+HxH4pCWcExMhOjCagWuiWNX/Vi2efMAppk+g0bKMxH4Bn+v8syod8UCXdCiBW7J6W4v9ERQSaMv7nLCum96m9ho8PI44AKUTKl2miFeDJivFL9GHI0sb17Fq8yPqYCd/gwDaOxhl0dc90GoAl3iJzOeKizcU568URI1SLQu5SdWU57hABuoLb+dA2S9XYr8bcMpjdfQ27x55IUlYVmNMwXGKiU1ihHxKtgbbyVONwszIqMsolKHVp7m/+j2hFz5S895A06eWqx2NCwHTxoepO/zzFfKWeM9t1889UBuBxjI/Pp++CVZD+SrOKbiz36rghv/dAfEZ3zPTwZW3ZF6T564VJpP9zmShCOXv+Tcvmtrby1usW8+C9FZ08ohKMr0A+vT88g6KV4cqsh+5+X2FAnDvNJblFaDL73KGjGTlB3kyNOAB/ZTib9827fNna/r1Iar6tjO+VTPu0JdDeHnkd9w79PQZ87Z2PfSQUW1PyxxsxKKRPvG/yXhuJa4kiHLJf0dQmwLIL+EWQymMkNyGhyd3L16FcNtivPyt7csq6F9sXJS31km930ktpzuPWWcG2EOl5Vt03we7JhxAYpVJDkqOPCCY0hjRcIWnu1lDBZxbxSeCQDsU7wON32XZgMIVpMYLSOIuXSPvuzKESWew9XDEeaHZiGdQTLp0/fgreHHfKXFwb0tum7KflCbXBCdENDoyFPmQqRpxAwgvqRTfYOnlyCtOVbMIz0yVIMUC6xm2juJt20d2D4/HlGga0pcYSxHtfXBMm+VrSYCwLwMsuMLB+vN72EBBGaMZ/EhyzZS2huUyh1Uy4j6jGZEqnxw9/jCTRGFor5xKt1TOzrfXodGmcQTYCz83Fbqku6OC5SemE3c0jA3r2h9x6/YB8yNTOorsd+G4chPPNhbg0+edRb/myEaTqOjtffGfNlK+of2Mj+T0bKAMPv8guNUY3WGM6iNwrk17KwOGO8rWNwbtoDbgF2uC7xyT8Y3dOGNykaT8RqnXab3BvxW2PAWR4hvSk34kA/6sracUe0Uy7RN/IcllVOYfnlNyaGbsdjWlkbOuGeasn5XCGP3ox9iQaLU3AomvDZYJxOG36QZsz+c5y9Gv6VgHCk5g2oLbxhAn9lus970BW01IIuBWq7sqRx0Ye1yS/TwrCSYumRAoFYO2hfXrX9u7q/N7wi7MWWV9UvFXnn9KF01+fKng7hkursEkgYNImnqfAQUDElWchREXAcQO3dU1/wzFY5onTYNwGwI8kGIwz3UYRNV6pl4rmdZWzc/M4vXHKqt3fAHDlBAHN8mdO9vLIuxKKu750rZN9OLHYAaSUa0mNtMWAA3juUdyQYb96JU7E+KsxRCaHpg7fmLPcOHp55HZDBoE0rur8b02GqLHs8CLfwi2UIKp6jlLQkvop1QptWT45SavRHbu8XUyWFvs0+3ZawYb6ypFG+q1xTD0Do872n/VfE+AUpDvdfjHs2Rl+uBJFGkIdyFAsqPrcPOSAbS/fxQ6LjYPW/xU+6+1/gmFoovEnz9fVkpErBs3jKHocSh1CEV346l8rIGetf+2x5pOxxo6oJx9u6w5MJLwJ59zBdY0M+tShKZtKGKtODIvzY2Z++mkeHyqUQSYP0vZqmY+MwPubB6NTcQM9qSQg4Ey/EbEtvkWzScC/ec3w2WhzHyypAQ40Wn0YteXJG3EnK7SHuIozGcU9pk69+x3MExEyuXpB8+y3XtIK+3XTK8Ta/ev+MYXjXDnVIqcfI7xQrSQTy5LuyWXgFBre7TpZVTBCH5+qD8XXBt0k8CgbN/5xUmiImwrACvhunvvjdVH+dwNqtCzp1HUERAQDD718gE3Rcp4p6ky+MBkGQeNDRFJNGnDmR7CxypdFJCQ/Y1Ez3y/ONTfRWHG7F6CWNALzcax5uWBb1c5gMxmhN+5uXV2AN5Rnd10pCE+MIA5bmy1C+SBdZL0WoilKXF17Fp0uPsjZEytzNTYWLaLI1mxD2nRSb2edWJ2I4EKF/qreEr01pKu0JB/nCp86mfPUELMCZJivk8/ysOo+YRbm7P8Y62c9NBiDJFw/Q1qAnUsfF2a/+EDV6t8sdhuCvCfy4IZWcCvKRAWIDmlNKlNFKkwyCCAHEATxvAABrQz4kgAAefiS8ZMAAAAAAAG+mdDRH2RM8SaVYgz+UjyonWm4JRFvTGCUffGvnuQ9DkV7jQn4mde4m8UCtdWIANywYgzfkeZQZQ1ATsbG96wYNCUgnPBB0Db+K9uqhq7XVK0iW/Lzp3OaJpwCniHiJeWaeP0Mapyc5pRa+mt2fACaarCAJIZbKMDBNyC6FB28h44USIos057Ds+zjoYewQcgotQdR5KkNc6WavO4zPgP3v2RePV+52EoMQSLHtQ/OqJv/RD4XjBP7iq2qGrTIKBoz78grV914Bd+VC+/v0Pr2VYhGNTuMyqP1X9f1b4/0TQRPNffxRC9Z6IRq6IjjGDhK70feOFjy7CJWWl6Zp7UlwNq0jwmzTFoOeuYp1D/hrshj/XtqcZa4xZ1mh+FbQJqJ01Y8xmVxGeweeE5vE0I2lNUajOJESVcDogygwkAHA2MRBbUZhF/BKO0sLBppuJNJTvTztl2W3h3HtU0ojDTeo80iIHcsAE7306BGs1WZayMmYp4nChxo+M5/SeHMUbGDSowQYIZsSsDUIOYV8qjY/4plv9t3dNkd5eAk3mHWtqFhFbpsjsQADpiLQ6gloIJCRYfAecqRIXP/VpM60HQIJB2VGTNbbLHlxfwAqBRYdYKW4IR9MoBmm7+9wfj642b3yneMOP4qq8QXDoSRGNt8oE3SZ5fcDOwCgDWV5KDLkdOVVZ1YyHfi1bxtYDqMDYyUkhxGr5GstXKVGwCiWwqeTpOd1kvl1ieABIIJ0+IvoPplDskgEvPNZvDQ7GiN89XFNg6zPQj7Spg46X0jLq8ukdsitsmHXir6zvezb79JEHl42SPrKD52zJxTCV5wCGxQhhol771kGjFaorrbO2dRaHzoBE9Y7f0Ytt0lzBgYac8NCT2R13iP1wh7bjPvxKogiSRidnf5Viw1hzYNosI3V56I4s4fpsuaIC+fnOA1RtbfaU+uxnCCy+dw4UUTuzjt/zCTpc/yL92w+x//yWVulck9Hf7KSGOMGnnf/Mpxn5I+wqL1Z8EnAXu15hebeK1zEmbhmhCbxT/QEh2RzYllieTAbGWjeSEUhoSLsyuQtiuPZxnb+Uwx8eHPMcjd0pNy2lYhN2fvoRMNtsRFnQ9eZD8F49+vHDqqFLBL5wW+Yo4gNnHvByYZ4hFJQENbcGmwlCSq+6CrN1U13RZN5awaCQhi9rX3Irdtcem/MQ5asd5rr1ezu03wp/16CiU8jleeRWxXfori8cEX7QUhBjaD+pZtY3QzzYKhwtvKX1AAND+0C9ElARKSM4u8pRcyQzb5ORq/6w8+vIf0MSY2Vsw6Nh3Jd102D3UhL6+6a8j7bN7FlcCYafv3ie2LDhTP1Tsk+8sWq2kdDVWukg6RsqX/7FEytRon0hHj7187gplPhpQTWMfaeXwUJpu4YVm+qrI8JUuxbcBdrmthuhc4zHQV26CBQFav0KEDLIS6tzzgyIZCyI/UFDsvrv9bxFlMUCQBt7eOVoTv4Rg6kVX/Tso7J5UfvnaGe1OAfnHtQ0BgQgFOZpk70887DErhx1kky23pA9nZI/gY3hWUhKvIhI0MPF9xYpOQO6Js/VBU2QeF5obyXGMcn4ismJJoqp2NasudG9uGhT5AtErLYqBaqs4vyHs5drj1Rt50HX7qy7rOz4bMBVwTktxltHmMJAvt5MiBM+YlaWsfp1FcYdvvZEZNAZNCU/9EI1+J3YoJxGNoIFDHCau0AyNjblXGgKksSWuZfjWk6BjBO8irA0L0YiFsqhjH4/svNQ03N6sPJsHimvtUe9Cl3wFbGoFsZze0ts3e+vIn9ub9erbsuXY+BP5gG2Ye/BSJWlQmFusl/Zd1UDyXOFn5mj4CTw8SCmfd4b2wUlJOcWADzZbs8glwViw8BPyWe2rtjGwIMEUDKhYIW8eVXFuBoYksRhdpG+gU7Ih3AllFBakl7ZJQc8IrkbudBY7xoAzyFae5LcCNNDhqAa4nMoUdRMeNHSWGc7sLpVoDX1lyXUbS2v/HmlKOq2VP0sAV2Qvx4ve5TzHgZ4T1yWgyv4410FwLVpP8BWt4ADRCR88IXnI4qaWuX5y8vGUBD7XzbDz4vXWShfBN5m3VFnHfR5Yvp1TR4li0DrNHLnGSC6n+gE7uYFGxu3F+CBxmMliRoTOI9g8qtC7nk5WHGB1ICOaeVvOUFfvRZm3rb0mlqpp5J5NVoz3Bwl91q4B6wCHIB6TViIFwREipL2lTQiumImHC1XxQAC+HlfZelpUa3ahaw5sMZhJwtgoK9ngnlhQJ/SwQ8KgTAEPwzLbPs/1zIxjDufA5rcr1r9sSJEXUZKXQG2mkxVrM53eS/AAABHvB1MAFMr8AP4gACdtoWgBnXLhGpyOKYAeTWRY0yhcxZGCoPhpxQEt0AGKnliWiP3iha4tNLBwSEFFinkXovSsYGt2bx432thV15lPk4noZMuRyXPITVG+pqkCI4PiMyIvCPVjIBz9l/Apblp0wgz+/0vOlvYWqfGnAqTcX9CctwIFfFJcy24sJ5hFYZJd7r/g3vN7aCIZT8dK861DcxZXo9v2xCa9F42gfFPL4509s8tX/U9b4NTHUooyOe6goGTFskY6EUNLiQQAvn7UW0C28g5MA3jDEl9iDy1UCrkAYD9QcHDK9JBib86jUQeSbalFWc0M+L/ImFcoShRKZKJY1s37J7py3H2BRj1wM+PYLbuxW969WZ4DEKNRkP6lOcINHF2RbwJzKvoRF841AWTz7fRxWRcNvilLcRuZlwRZdIweb/rSBQARqeUfkHX0UEscWqWZd9hE3QCtQFxjydt4H51/kFzRL71vFAVoF1N2jaEayWEeVCwIGx1gkyoBtHOAlCmKKredoPcUx+0lAJSLc3lx4I83+a8gZXxFa0NF+BNDuypWGwH0gZQ2KcPMEKyqOVzML37FifedwqkhIu9AsKLsjRhQzWPG4hzNkUif5d0rUbEUBP4FU9jNcEGsAaPcqqNqDN5t4o97bvOSp70rEeVaPhpv+PkjLYjg4AVceAP2S+DraAlFMGuQqM0AU9FIOBtCvkfuhEmt3g+XeVlpSk57ql7V1OMhGzMVqeQuXARUJG7ogYLRGpmi7OvblPEpS0u+Bfp+ierZgJ6dsD9cofIZl/S43eZ3XLYKrVxXOVMwrQY0DVO5J8Lwm6WaeOR3VZIbGNClTuQP3hoCPnEkWTXCmrNNduEZqJao8brWuaz5e9KPA3NQAHB6kcPgABLwINNADqg1R+IATlXUXfHuzuGPCWgKOJYp60B0MSxNtUu+w9yU3L3mLr+sCOPHVtOBE3XPL6uml6X8UwW2clun9llA+diAgsEONPb1jfojSvRTWibPrVzaF5zWHHrW6kIPWmUip4kgAD7UKRgIbnipLhxDpeXkK8nLk73sOcjERFwAl5A4d/7lFWm7RLsCHd9/9CzcKmzLJ9sd5+asCAzR9zBfBvDuwuW5R3PxPOB3bfZa2l+oRivMuMr2coKOFM2OpGrOihyFRXgeF6YwiROrKTPzQ1NnoFoZ83swe44w18tBEvyCIrUQM3iTnspx1NvmmlyrnHdfiiZUwxb2VcfflmOihEauaWf3OIlSTqW5AvJJ5zLenfrUYQ67cJOcr/xFgxCRCN6Vb88v+A9gr/2CSQB180P6o5rhPKHdiUU+RgTXTVKj1nqmqwlI+85rLz+nW1a1l0XI6C5BoJEqSATETFlwxYFiFVfaLRVbMkwZxb15YYZG02hyIz3sgooGc3gMKVh4g/j129VZCMdlnPIdg1ZxG2zJEzho/lLm6EcgMKfAl8vCHrA2dse611GAr59sTpLZWQGRnA3pcyOmUCGKVuHmhPS8LVk4Bnzjjs/RU1cG2NFFiPbmB/yhwwytwnuXWkMTysYxGFNJVZzF6iy6PWcBfr/y08SHfn1zazjUZWDwypIwdPcuMHUz66vFd9T/nKJqZ0Z0HfUzuE8F27qFG4L69HsaSen8xQoE4OhSlGjH2I+jSPdWUc2ViVenizAnPUgPwcLrjTiuUJOUFWVaWewZGwznb4eFsxyjXMTsk9scwSxmXkzWJyGtPwZ4Opbgy5tGPaaUpW9rzQcsLIJCnAAAAXSS1AHVmvbmNKY/leAW8BLsAGZVtlL6Je4QTKG4+UXDC8pCweVT8DLsXL4x8VS941QPFF3+gFB7FZOHptCFrHAat3HlSGYbFOy59+Jqz0vmGV56cQkBVpJhuH4LG+TgPGvEji/GLvaOtjuVdN0342+O0PSStyx4i6YBtJ1h6WMVYF3yI5ftC+17KHRyDtvkV1nXyMCvgW66QvcbeRn/EqJu4Lx+z4HJoLBBtRxjDXcqpmNZr94kwb6sQrrcknbPH/VrQql9PyAFlKBg7YXR3QPW4iNK4zvKkuZdUaCk+pVZVgOWhCPlEvqL7YokOL5H9mG1uoMJbMUfOxoln2EWtRT9XXi9j5b0+GgagwUzZKdjrh/IJH9tg8SQM4wYgDeJGrAjmf1StlPUuZ+U+zVHqfwKtpdfDdL9zfBtoeiEOilFjUCMyu4dQc9L2EUlUFwuHrmrgH0wBAIgNHLcFJk7n5fPVR5Ci0BTeFX98REfGjE4B/P71kOIguPXYOGbp+Zlg4pi1hTkVIjvAW8iRTbJmGfpVq9EqJ+GO6XvLoTD5B8QNJ+Srk8yFsgXAO2mTkkM3hS+ZghOxnueKbaKezLW5a92B2RNn+ptSq/MY0k18lWnOEKNNSclJLDLxo1MakzDIUlLqTuV0P41sg6fnjBaLt13b+t94iNbgxrLNT0eYL0GymyaGuH0wWUdxCcgoUG5uj94AowxJI5nRYZ3R2gFtDOHZki6D5Tqp58omiKyVkHK+eksGc3AwdQRfiEEQG1piKuvpXPDdVDElulWXWE3PHnuEE300ddrR9XExXZaeoG9bNpMUaSSFaICzxwtQVzlpxbiVuckuvzt3qx/p1qN7r40kCmnIOSWoKvp7O3ulOomypD5S5/8ygP8EDiswwAACZjb8ZpZZQQmAAAABOMABG+SABMFO+7ha8I6ejopkQ6L36YlChq5YdMptSLCLnq7A5YVDRdF9Qf9gzOSKBb1wPhQz0IOZKb1mE8CfaIozeGQj/BFWviO15hQZ6RhNM0oSic2Q1m16nwHL3Zoy09kx4ErwVSJeGpslcI9EUfNAWDNsIDZQ6HKxniYvMyxgfufMEGfjUpoL0UtpoZD3ZfAHYCRl2gSDsoRaQy0z2j1PIoHgt0s1hZIuXF6ePkdiTl33EWfgXGfnbJfFWa/CNzIBvbCo7amjBVJk4X00ILuOoblDJB151jRIyAGSlumb2k2KSp315NaE8qSxmXnCzvXn8u8izXbdoLscL9b1ZaEgeNaAaos876jAXUva8nwoUdXRYSSTUb+BV9vkfVvYQx3K7SeQeAodlyztu7zEQWLzdO7eRMNQcNdSvjIEeZloJC+o52Q7WMmwWn7ExmKQMpOm6MlqW+sQNQWXzAXKMAGRnWaN06ZYHYOyzXwJx51JnCu/6VuLYw0NVGzbSJ+9+jJr+haKKInt/TI5w4OUDHdq4Rmzeg2Nl3JKrt9kMKheA3YccfgX7XIAFiX4Kk9O5gtbCrTF4qvSzZM1Eyxl1eKeVIGBBO/34EBy1o+7Ufl7pyGxpOxlxhoI4WYOIqRXXBGs3TGx/+6BJWJoQ8Iz5QJsTyRFpkiWuQ8I4sXaGSOQ9feRaV9KeCdIz2CTgJ7X0FPU9MqBiMRUGyI341zAOkMywna8H7ix/pIMZao2g/5Ula0ppsdmHDoAxNYQ3QTRVfPX7T60eYICOIlatSqNtn5h0t0NAEzI81GP6nZ0nYrnqElIFzfnbY2ggFX8AXGPzK8fNH+rA2tv+Jf2+6ew2H9I19gjLKD/M+cBo4Sr/+0ZFtxyP5Z3vAPnJjRu4OY9xReM4H0mzjQG9CDhrrttVJ33IG5jlBR43JuKryD/ArfAK34AAAAEo8ZrR0R7AAAAAAA+L0CRNcUrPwDRqYOx1WN4ciweflYqGJBCBz4wwGjEXuChYk35x/r34ypVwkrvDHGW1/1iSUWJ6SxnUhW/9SWavN8HSOPsAVRjZqRyXgYEjnN5brHhZx6zSiNPYkbJS145eNOAFYiLDFejKLqxNMmQlL0S8IgW6yji9B4U0BlND0I+GeUB6xfXESaOKJ0yLprMXbUwR2xwlodNhKVgJjprs8qv1Fb8D9kf7SSQzC+vfqNkNtmTrvkDc66tjJRyuzMxabRjXyDw0aIGJOC7TmLzvCtl3NafH9CQnQ8xlAGOGfE/2ez0N0IcDaspQ9OCLr20vZEY+SXPQEX+vWQL3kU1UymrKZ8vvQbbfB5ADEGG2wjlSbJXIYtW9oDbFDKTC/j1zzV/ZWal+jDpSxAdRuKhE1+7nIA2pSXmWtej55gTABVT+HJTY6UI2CtxgWDYkmg71D1nI12uwAKKBM3yAIxZcFaXKYFawIl3DoCtoOxthULbmITLMFSbAaxOV4buU0w8lBaEVeFb4g5rBrHcFL1CW89LZ+/Wbjg9jqZdHetQuGQjbJd+UtVJB8rD/GrYiQ8WvKJI9lD1rGMnqBSzXBuOlS3ITgNrrFzRTRffY9uK806+XIuBud9EYfeJ2sxZ5JKHm+hgeBgdxWe9lP3+9rvavjAaaqiv2roJpsMxC6fm3MWX6STciCC17rEkhFJdh1AB9IchHPy2kReaV3/QvB8r8GmB1T0CAbfmUYrX8SmB/I0vJu0+o5y/jYuuugVi+8UxuefPFSEc4Cy5lwNIhIwpimfc4dZMmy/k61T7CD7+odrHWjH64SoP5OsBZCoGYVjFr+UW6IZwZsCz8qaZQ4Zf3SwXZwqng1KM9V0fHnyM7wfaQYcwmzlzpu+4NOr68hGcinN0r/xrIdziOeUP367w9363mWqQ8RtPXynmOSH29Ur3oWbH1QKSY7STOIfIXgZer2XUwuDWwfHy4O6jUTQGVeh8L5cDEgKN+AFYmABbluv6fXHwAG74AAAA=" class="product_picture" alt="Louis Vuitton Monogram T-Shirt">\n                                            </div>\n\n                                        \n                                    \n                                </div>\n                            </a>\n\n                            <button class="next_pic" type="button">\n                                <span class="carousel-control-next-icon" aria-hidden="true"></span>\n                            </button>\n                        </div>\n\n                        <a href="/products/7+2">\n                            <div class="product_info_div">\n                                <span class="product_name_span">\n                                    Louis Vuitton Monogram T-Shirt\n                                    <span>\n                                        ($59.30)\n                                    </span>\n                                </span>\n                                <button class="purchase_product">&dollar; Purchase</button>\n                            </div>\n                        </a>\n                    </div>\n                \n                \n            \n                \n                \n                    <div class="each_product_div">\n                        <div id="carouselExampleControls" class="carousel slide product_picture_div" data-bs-ride="carousel">\n                            <button class="prev_pic" type="button">\n                                <span class="carousel-control-prev-icon" aria-hidden="true"></span>\n                            </button>\n\n                            <a href="/products/10+3" class="slide_show_pictures_link_tag">\n                                <div class="carousel-inner product_pictures_slideshow_div">\n                                    <div class="carousel-item active">\n                                        <img src="data:image/png;base64,/9j/4AAQSkZJRgABAQAAAQABAAD/2wCEAAUFBQkGCQkJCQwTDg4MDg4ZEg4SEBcOEBAXEBcXEBQXFBQaFxMTFxoUFxgjGBwZHxoYIRgjGCMiIiQnKCMXJzUBCQkFCQkJDAkJEyEXDhoiHAwYKSIoGiIkIiIZLCIoISIUIyIaHx8aGhwYHCIaJCQjDhkkIRcvGRoXIiEnHxckKv/CABEIBdwDzAMBIgACEQEDEQH/xAA2AAEAAgMBAQEBAAAAAAAAAAAABwgEBQYDAgEJAQEBAQADAQEAAAAAAAAAAAAAAQIDBQYEB//aAAwDAQACEAMQAAAAuWAAAAAAAAAAAAAAAAAAAA+OJO5/K3cyW30tVd2THx/32pF3nO2WV69LEfJX/NnL4Ia3/eaoyOnirmye1f8AJJ3RDIxuAAAAAAAAAAAAAAAAAAAAAAAAAAAAAAAAAAAAAAAAAAAAAAAH54nsgmKyxkKbOcyrna2P/Dj+mweLJKxoM4Es3z9P+LLsaejeuLuaqnHsWx86t/RaTKqh8Fxt3RfyP6GdH/NTaH9JuNptIhO274mQzttjF2SSS1e0AAAAAAAAAAAAAAAAAAAAAAAAAAAAAAAAAAAAAAAAAAD8H75xDAxLEVzNMBEssbLVG1wY1joleP4Hion+KNNIxC+fZHaEB9NNu4Ic2U2bQgb0sNllbPOz32VWxbY+RUjAtzrSpGqthzJVfQ2a5MrzlStpDaz7UfnT+kWf/Nufy7G0g3qCSnj6n6AAAAAAAAAAAAAAAAAAAAAAAAAAAAAAAAAAAAAAA/IXJLq1rrAEZT7uck/fDl4nO5jCOoTJKiuRJUIglDtOzI96WTugI86Trvc0Wxzh4+ofrx8TL/cD4Nk1f0bFhfZlfHx7GNo+mEWcFZD8KSx//QTjCgfNXNiIr7O/EcgXtkn+XNgy/KGJZM4AAAAAAAAAAAAAAAAAAAAAAAAAAAAAAAAAAAA/D989bUk6N08tmu7b61RmRbz0MHYwJpZgI5mbo+4OQ7rtOjOd32b+n5+/mIZfzzPLkjauIeVJw08DaUn/AFcA4JYDGgDwLC/Vd/osbm1ryCzm1qznFsNvU/oC0mbXTqyYXE9EZ3OdN9kAwVfHmz+bfI3rrwRZaSregP6v9P8AzOu4SsAAAAAAAAAAAAAAAAAAAAAAAAAAAAAAAAAAD85PDrQJd+5QPnonGmbCGpr+bznulmI1Xa72RTRdjm+p+P3Xmdr+RjUk/gYr4olDjuD1x1en1H2enh65Br/zb/BqvzP+DDZP2YjZfRqvTZfJjZmP5HRbrgPomftq3bYtt2VPu4LTZULd+dTwvcfZTmvH9OYXP58Z8mRQXtsl/HW2pdV+foAAAAAAAAAAAAAAAAAAAAAAAAAAAAAAAB+cB7VkPWXseTjJ6P8AOVMav/nAp8SRnycYUk7Htjw2f6HhgR0dVGXDRyddxGmxT0xJInAqX293NyVU72bhwu+3gxPT3GNg7ccfzMrCt0d3VH87cT+i8dFPPSUImPvD2W0OO8e3wTmNl9687eQII2pbKQqdSeWQ/OH7Uj+qN9eSP5caO39ZCZ/6CfxwsOf0JfP0AAAAAAAAAAAAAAAAAAAAAAAAAAAAAAOV2lMz2lvCkM2PcfGOYNZ9tXcxpXS0Y0ne/Unzk/vievL66FjfxJq+ZPfAku0JXSxfaj8/QAAAAAAAAa7Yiu9eP6H4ZQPeyXAB3Os+t+cHrpJ0pyO+wcAmCYKmdsXJ20AS0ZdZba6w/lfyd56jE0X2/jrboum/P0AAAAAAAAAAAAAAAAAAAAAAAAAAAAfP1VQ5LvdLIhtJM1fSnzBHYVCNP3eDOZ9yZ+dQfGX+eB6x14wYZMb+XUHI2gknoT8+gAAAAAAAAAAAAcz0wopzH9Ea4kabKHpBMzm5A8CKfrsOYOjlqu3TFyetq/N50Fa7S4J/K3lLqVJLqWa/j7/Sklp+foAAAAAAAAAAAAAAAAAAAAAAAAAANERrB2ml42Mh6eSTL0e8rKR3y2HNpu5VwO2PXM/fw8Y8yoCMeOvefzmLTeoAAAAAAAAAAAAAAAAjWkn9JOeKVdvEuzJP5vc5hF2qkbkD3lqBugLmdjV+djaVBupyx/K7dzNXQ/rZuf55f0LPoAAAAAAAAAAAAAAAAAAAAAAAAACl0yQsdb3WpkE33TfGOR/TvsdOdRN3OS2Z258vYchtIFNLGGRYc+JyAAAAAAAAAAAAAAAAAADV/wA/f6LawoLJsVexMWjzNoRXo5S4g95krx2JcrfQPNBxdGf6UQWfzqvzTrSn9cPrnuhAAAAAAAAAAAAAAAAAAAAAAAAGJl1dIulfQSCbmR+e7o/YEl2lppJi5Objpe1w9yfnh7xuctAu37Q6We/0AAAAAAAAAAAAAAAAAAAAaj+eP9JeaKNylX7uiWea3eYQxr5Hjg7yfqlyeXBw+T7sp/UP+qFGDa3/AP48f0qJdAAAAAAAAAAAAAAAAAAAAAAABpaT95kG67zS94dRnOZIRhv26k7GZ+Vkky/djGmrn2sJG8uJpOhAAAAAAAAAAAAAAAAAAAAAAIxoR/UWupEEj1kms7Dg5DwiAeiyeTLGWBpdYQmaEpnxD+WvRzHVE/sF9V6sKAAAAAAAAAAAAAAAAAAAAAAOe6GphH8waPvDfSNyvcn5WacqbH1L3Dzidf0mHsRwXV13OFnGKbbn0AAAAAAAAAAAAAAAAAAAAAAB+foo7wn9Ff5tE79HDkuGjhax0cnASpBPdFzexrzPBw9Bf6dVNK1/1D/kRfUsWAAAAAAAAAAAAAAAAAAAAADX0blfTnS91o+1Os2P5oyCYhyNqd3N3FSeZ/61Bwtb+26AmnowAAAAAAAAAAAAAAAAAAAAAAAAQ/MH4fy/nTmtAWBxMXdlctZM9eic7KU3nMstw3U5Z/M/AsjTI/r79wpNYAAAAAAAAAAAAAAAAAAAA+PqFyuswcFLB0Eg8r3p9wPNdNTQyjwc4nfdbrtqIpkCspyVzoSn0AAAAAAAAAAAAAAAAAAAAAAAAAA43+c39SqUHlKFb54NpXyyXDlfJir5JxcuRa12GOPoD/TWn5F39F/5C/1IOzAAAAAAAAAAAAAAAAAAAB+Ujt/SUmHvOb7c6LpsX1Iuq33/AAx20/xhNxuPdriP6497uCf8z8/QAAAAAAAAAAAAAAAAAAAAAAAAAByfWD+WE4ePFlkvjW9AVX5ixVTyzdmqY2ILAxTKOAfzAsXy0QH9UXz9AAAAAAAAAAAAAAAAAAD8/fwq9hxrMp1/Y833RveT6uuxCm+5SUSW5I53qj24LtoCIiuJW61p+gAAAAAAAAAAAAAAAAAAAAAAAAAAA4L+dn9UP53EhSfXieD1qFc2ECILAVLsKXN6mHZhK+0V/p5QUuzKdJrsgAAAAAAAAAAAAAAAAA1RtI54qWykvR255cg3svTmSRoDlH6IZnSM+8J13HM9Ic9VSda+FkZM8/QAAAAAAAAAAAAAAAAAAAAAAAAAAAAV/sBin8zLF1pmcmrnd57H8/JJ/eGLiWRp5Z466n1yYVKR/wBSP5Qf0oO4AAAAAAAAAAAAAAAAAhyY6uney5yfaH7iZepOTivuomOJ8sHIJU5rvZeK2Shhw2d7sYmtkdw/P0AAAAAAAAAAAAAAAAAAAAAAAAAAAAfn6KPcha+jxbTfcL3pC9R/6BUOJ6snTyxhZ/mtrkn857C8ZxR/QkAAAAAAAAAAAAAAAAGBV6U9WSvucXLPzmd9xJw0Td7FZz/U8rJpLMrcV3p9a3YYJAs16mHSzT4+wAAAAAAAAAAAAAAAAAAAAAAAAAAAADy/l5/UihJ0kwV4nw2FMrqV6IJsjUqyhbzsollYgGnP9BP58n9S/rkeuAAAAAAAAAAAAAAAH5++BW2XIKsqbj1fhrI57aLjgY26/hDMmaLp5JJ6LX7Iw/NjkZQHIuIWoAAAAAAAAAAAAAAAAAAAAAAAAAAAAAArVZXhCjVlaiWkO9j+QtUfzqneJ+0LYTzV2yJ+0H/odTElSwlK7qgAAAAAAAAAAAAAACNJLrgZ86cNIB6+Ptrjl4nkCJTheZ2PidzP8TzsdH6fWOY/M9RFBC071uvEe4AAAAAAAAAAAAAAAAAAAAAAAAAAAAAH5+j+XthIp7knT9884pHzcwwIWis1VKyZKdZLMQ4VS/op/ML+nh+gAAAAAAAAAAAAAA/Kmz7FhM/RYOafug3XJnBxN38TnL7vRd6SrMPCSOZWBnYJjV9mWtRtrZw3MoAAAAAAAAAAAAAAAAAAAAAAAAAAAAAABSTSStBxaDd850hB1O74UOLHWLrBYMsNw3Yas/m5/Tv+a9/ztgAAAAAAAAAAAAAARdUr+gNQza7WLN0TK4DLPGLpf15EktaHviV+w1W1PDx9MIjWukrcwWs2IAAAAAAAAAAAAAAAAAAAAAAAAAAAAAAAQtTm/n88S33YcL3hyn8//wCilBjvLA1rsEWey9TvT+elqa9yoWYAAAAAAAAAAAAAAA+PsR5X64fwUj6ScoXX3wed3a7P2x/xOokqH9GlruaiDckXS9X26RugAAAAAAAAAAAAAAAAAAAAAAAAAAAAAAAar+ZP9S/5cFqZMieWjV0fvJTQ0Nhq02LLQ9XxnZlPffbcQXeAAAAAAAAAAAAAAAAA/P0anhJRFfObtP4lT9XbPEKm8xb/AFZD9r+c6M/QAAAAAAAAAAAAAAAAAAAAAAAAAAAAAAAfn8x/6c/zaJwmaEZyNfUi3lViGrI1ms2WX7nhO7K4Q1O9eD+goAAAAAAAAAAAAAAAAAAAAAAAAAAAAAAAAAAAAAAAAAAAAAAAAAAAAAAH87f6JUAO/nmv9gTBrFZ2tBXez1WbSFmO+4LvCDKv2jqkf0fAAAAAAAAAAAAAAAAAAAAAAAAAAAAAAAAAAAAAAAAAAAAAAAAAAAAAAAobfKjR0Fga+2GNfW2ylcCr9qKqWpLNd5wfckLVLtnU4/o+AAAAAAAAAAAAAAAAAAAAAAAAAAAAAAAAAAAAAAAAAAAAAAAAAAAAAABSG71KTPsXXWxhrq32TraVZtVVS1RZfu+G7khmp9sKsH9EgAAAAAAAAAAAAAAAAAAAAAAAAAAAAAAAAAAAAAAAAAAAAAAAAAAAAAAKZXNpqetkK4WSNXWyy9aSq9qqq2sLLdxxHbENVes/WA/oaAAAAAAAAAAAAAAAAAAAAAAAAAAAAAAAAAAAAAAAAAAAAAAAAAAAAAABTW5VNT2stWyzJpqy2grGVVtXVW1ZZjteK7UhisVm6yn9CwAAAAAAAAAAAAAAAAAAAAAAAAAAAAAAAAAAAAAAAAAAAAAAAAAAAAAAKbXIpwZVma22WNPWG0dXyqVrKqWuLK9rxXakK1nsvWk/oSAAAAAAAAAAAAAAAAAAAAAAAAAAAAAAAAAAAAAAAAAAAAAAAAAAAAAABTq4tOzbWRrpY01dXbTVaKn2uqjassz2vE9qQpWqylbT+gwAAAAAAAAAAAAAAAAAAAAAAAAAAAAAAAAAAAAAAAAAAAAAAAAAAAAAAFO7iU7N/YyudjTXVatPVkqZayqdrSynccT2xCVb7HVyP6BgAAAAAAAAAAAAAAAAAAAAAAAAAAAAAAAAAAAAAAAAAAAAAAAAAAAAAAU8uHT03ljq52MMCrFpqslTbW1RtYWZ7bie2IOrpYqvRf0AAAAAAAAAAAAAAAAAAAAAAAAAAAAAAAAAAAAAAAAAAAAAAAAAAAAAACntwqeHQWLrjYwwqt2iqwVOtbVK1ZZjtuI7gg6vlgq/l+QAAAAAAAAAAAAAAAAAAAAAAAAAAAAAAAAAAAAAAAAAAAAAAAAAAAAAAKfXBqAbuxddrFGvq1aarBUy1tU7UlmO54ftyDICnuBC+4AAAAAAAAAAAAAAAAAAAAAAAAAAAAAAAAAAAAAAAAAAAAAAAAAAAAAAFPbhU9N9YyuVjTAqzaWrBU611UbWllu24jtiDIGniCC+YAAAAAAAAAAAAAAAAAAAAAAAAAAAAAAAAAAAAAAAAAAAAAAAAAAAAAAFP7gU/N5YuudjTAqvairBUy1tUrWFlu34jtyCoKnSDy9wAAAAAAAAAAAAAAAAAAAAAAAAAAAAAAAAAAAAAAAAAAAAAAAAAAAAAAFPrg0+N9YuutijAqtamrBUy1tU7WFle34jtyCIRm6ES9oAAAAAAAAAAAAAAAAAAAAAAAAAAAAAAAAAAAAAAAAAAAAAAAAAAAAAAPyoNvqgG9sXXOxhgVYtPVYqdauqlrSy3bcT2xA0LTTC5ekAAAAAAAAAAAAAAAAAAAAAAAAAAAAAAAAAAAAAAAAAAAAAAAAAAAAAACn1waem+sZXOxhgVXtRVcqba2qdrCyvb8R25AkNTHDpecAAAAAAAAAAAAAAAAAAAAAAAAAAAAAAAAAAAAAAAAAAAAAAAAAAAAAACn9wKfG7sdXKxpras2nquVQtbVG1RZnuOJ7UgSG5ihwvOAAAAAAAAAAAAAAAAAAAAAAAAAAAAAAAAAAAAAAAAAAAAAAAAAAAAAABT24VPje2MrpYowKr2mqyVPtTVW1RZntuI7cgCIZdiMvIAAAAAAAAAAAAAAAAAAAAAAAAAAAAAAAAAAAAAAAAAAAAAAAAAAAAAABT+4FPjfWKrrYs19V7U1WKn2tqlawsr2/EdqQDEUuRMXiAAAAAAAAAAAAAAAAAAAAAAAA/P3FMpFsWraT8ijsDqGBnoAAAAAAAAAAAAAAAAAAAAAAAAAAAp9cGn5vbFV1sWYFVrT1WKo2uqjaks12nE9uV/iWV4mLyAAAAAAAAAAAAAAAAAAAAAAAAwI24UsLcHuuiSz3Uc/HRhWEpJaokrK5DLOkAAAAAAAAAAAAAAAAAAAAAAAAAAp/cCnh0Niq6WMNbVi1NVyp1qqqWtLLdtxHble4plWKy8IAAAAAAAAAAAAAAAAAAAAAAB+FHYD7+CC/EbbWykvIwhO0DRy0yRT29nQ9dEnzVzPXCzD9AAAAAAAAAAAAAAAAAAAAAAAAAp5cOnpvbG1wsgaurNpqslT7WVUtWWY7Xie0K+RVKsUl4wAAAAAAAAAAAAAAAAAAAAAANbsuLP5yRtvtEXHsjw8inKeXZ+hEOvmHbRBu973KrL6Tn+hAAAAAAAAAAAAAAAAAAAAAAAAAFPLh07OhsXXKxhgVWtNVkqhayqVqyzHa8V2pXiLZPjIvAAAAAAAAAAAAAAAAAAAAAAABEstYR/HvK7nxP6T+m158zfP6+T82Op25rnn9G22+FmgAAAAAAAAAAAAAAAAAAAAAAAACntwqeHQWLrnYw1tWLUVWKo2tqlassx2nFdqV2i+TouLygAAAAAAAAAAAAAAAAAAAAAAAhKuV+oyXtdP8AvkmZ8ePsYW81uwNe/fs6j6/P0AAAAAAAAAAAAAAAAAAAAAAAAAU7uJTo6KxVdbFmuqpaqrJU61VVbWlle04vtCu0XSfGJeQAAAAAAAAAAAAAAAAAAAAAAACLJThaXodnwnIcG5R28R97z47PwjqUbMLb7QAAAAAAAAAAAAAAAAAAAAAAAAAAKeXDp4dDYqulizWVZtNVgqjauqlriyfZ8h15XWLpRi0vQAAAAAAAAAAAAAAAAAAAAAAAD8geR4yl73gpgjiIM8rAfRuJE5jp7AoAAAAAAAAAAAAAAAAAAAAAAAAABTq4tOTo7F10sWayq9qKsFULV1UtcWV7Pje0K3RjJsZl5wAAAAAAAAAAAAAAAAAAAAAAPz9EJ+UW2Sl6evU517SSPLHzlkzL8/SwAAAAAAAAAAAAAAAAAAAAAAAAAABTq4tODo7GVzsYayrFp6rFUrXVRtYWZ7Xiu1K2RhJsYl6gAAAAAAHhimxYeEbk8j1AAAAAAAAAAAAA8PeK4rReCptuSKuijDuzTRb0mzJ+/fz9oAAAAAAAAAAAAAAAAAAAAAAAAAABTi49OjobF10sYauq9qqqFVLWVStaWV7XjO0K1RnJkZl6gAAAAAARlw/ackeFYbM1rL9QLPEFlmgAAAAAAAAAAAAIamWApdXY2KepSuvT4vRy6eWIanuulFgAAAAAAAAAAAAAAAAAAAAAAAAAACnNxqcHS2KrpYs1tVrU1VKpWsqna4sr23E9sVnjOS4zL2gAAAAAAizlun5s1NdbC1+L2wnNcOliwAAAAAAAAAAAAYFa5Yi+WbvzZ8skW9PqOXMG28PzLQAAAAAAAAAAAAAAAAAAAAAAAAAAACm9yKcHR2LrrYo1tVbVVWKpWrqpawsv2fHdiVmjWS42L2AAAAAAAiPT52McrA84QqXhh6YIhLEgAAAAAAAAAAAanMiGOQ7KPbDy/MMzBX6ztoglfmCwXQFAAAAAAAAAAAAAAAAAAAAAAAAAAAD5PqmlxadnT2LrrYo1lV7T1XKpWsqnawsz2HGdoVnjaSYyL4PkfT8/QAAAACFfnyySPomlOMC6USyxFZYIAAAAA+T6YXhjW0fP1vIB+D9Pw/fNwkfEP5eTL1Mntekaa+O5dqIrBQBb8+xQAAAAAAAAAAAAAAAAAAAAAAAAAAEWRzv6sF3Yp6yTiLJZ3Pgc5WuQoJIesjTuVC+3WVwmE56Fbg6k53mOkqSWvkurFpwAAAACDc7WbYimPO94kuDF8oRmT8AAAABH3Xwd0fYfnzk/niu+2ktwj7d5187c7Gmq+/g6PT+X757suk7+HPPtPj7SNvr79f0mPN/huNTxgvpYvJDjWROYqZ5A/P2wAAAAAAAAAAAAAAAAAAAAAAAAAAACBas2mq0Wyk6MZON/hZuMQZAk9wIVfl6IZfLMTHD0wna6fcac56o9tqjkq2mqzaYAAAAAgjcaXekL8r0eiLZ8B33Bk5AAAAA56H5xgvyXdZH4eU7c/B+vr5QFfv4PGSo5631PUdtzOZWn1fT+U/6OAdT7upwEqWBQAAAAAAAAAAAAAAAAAAAAAAAAAAAECVctHVotpJsZSYdBh5fgQZAk8wMVel6IZfLMTHDkxnaajcac5ypVtakkp2mqzaYAAAAAgff850xAmB7iz/E9fx5OIAAAAHAd/wDHByQH+5WJ+ceoZOZt+967nNx00b9t8P2zMPw3oT8ce/30+HNiP5I5/jv0ryvx2HB3T58P0sAAAAAAAAAAAAAAAAAAAAAAAAAAAAAgWrNp6slspNjOTDf42VhEIQHPcCFYJgh+XizUxwzMp2un2+oObqVbWpZKNp6r2oAAAAAIC6nj+yK45us3JYvQbvUEugAAAAYuVzebEm12GT1n2fnp59x2Xx4FaJW5GpD5GQIv832m2/P398b3n58/f4aSJZlm/wB753YZx3fwAAAAAAAAAAAAAAAAAAAAAAAAAAAAAAQNVm01WS2cmxlJh0GHmYxBsCT1AhV+XogmAsxMUPTCdrp9xpznamWwqYSjairFpwAAAACu/T+EVHN9FD/TFmvqCLUHWAAAAfn7wsuXyuBvox/Hq9qYvJ7qCMXRWI1vFnHbzU4HHuQfr9+fzH1f6/EvpPUCzz7To/0/PSdV+mKZTU45vmm1kvWON9DrnF4p3zkPs6xxuyroGJlH6/P1AAAAAAAAAAAAAAAAAAAAAIFq1aSrhbKTYykw6DCzcMg+BZ7gIrBL8QS8WYmSG5jO11G31BzVSrb1JJStPVW1QAAAABGHObvTFfpCjaTjcz7AdgjOAAAPw5WPs/ppcLs8LVp0ENcrq+PexkD70Wb+Rz0fxyZ+I05iYMcndfvz6fmPqPx+/nHv9kWPc/2vRdTi85+ei6zceehxE6j047yO29uF9Dtfzkvo6705D7Ow+uW2BucHX7Ffz9zMw0e62PnLl7/lP2uyc37Wb5h5iAAAAAAAAAAAAAAAAAAQDV20lWi2smxlJh0GNk4RCMAz7ARWCXoil4sxMkOzEdrp9vqTm6lW0qWSVa6q9qAAAAACJNXmYxW2WYgmczbCQBPxmgAAc10vBy8j0kfdudjBswxpEWydwFiI0sE6LiOHlljit1L3Q9joNt7uq+z89fx032fv5+sa/OV6rD9b03M40qevqenjDZSGrkc7e/ZovTYfpgY+7yTS4/TYZoHU4RgbDX6w6zPi7GiWfaHNwSRjaPY16bvC3Rp9lja4kj1jTvKzwAAAAAAAAAAAAAAAAQLVm01WS2cmxlJxv8TLxiDYFnmAysEww9MJZmYIdmE7XU7fTnOVJtrUglS09V7UAAAAAEJ/fn7lXZxgqeTIn6A7Dn0AABFspQ1Lotvk+KdP84HicNxk3wNnUTTx89n4zvX59PPdl8/v7+D9A/fyH18/W5oeO02g/S/KbnXYDnx6Y3rhGV+YfomX9aj7N1teD9SQdzDHxVheiqz8ltunpfvSzODCXVGTrJW6ghXa7+LCxeVVGw9dz6fHomV0UZdVXRgAAAAAAAAAAAAAAAgWrdoqvFs5KjSSzf4mXjEFwJP0BlX5fiCXyzUxQ5MR2un3OCchUy2dViRrT1CsIdy5vIN3GUXweWh3VQ/ku5uqDfh/Q3I/nnmljNjWmzhUywME2DPGwUKbglhH24Opfn6AImlmPJYxk2LfU73D7DQJrP36wzM53cdh1n2Rp79Zx/lu49PjUxnx3r+xrFtu6+GxjF2Hke38PzHrn2HzaDQ6n1/QvOfXj6YepleGL5pm+eH+mf8AWHlr9Z+LkmRk896m/wAnh/c6lz+VG698TLM7to08y525pzYROIsVyXcV0Pti7uuC5T05Ysuw8wAAAAAAAAAAAAAAAgOrVqKtlsJNjOTTf4eZhEJwHPUClXJhh+XyzUxQ3Mh3P3rMsjqH7V/pSzXXk/Chk9ypFpNGHH20N5q8vYnG6WV84r7o7T/ZUHtrD/BWn8sRryGYotXiEOT/ALLCMbd8/hHdPz9PyPJBgRe04CSPmSMJdjYSxx3Pdmcl4d/yJvdvGG0rew9JWyipnKXXxqo1kW75nh3T3HtHsOSVczLQYiV7yJ7+iG/WYfojH1kX7OA18o+hGGqmzKSvXP2o86qV4W+/CpWrud+lL+yuT2xSGQ7W4JHHdYuPW53fPbo6eOdPzRg+PjjFiuo+foAAAAAAAAAAAAAAAgOrloKvlspNjGTjoMTLwiEYGnuAyrsvxBMBZjsuG5A3Pty3kd/nxf5kx7KCfkkDhZr8CJM2Q8Q5PJ2uEemZo8c7HZRr4kx7SCBYrPrXkFoN1B80Hli/eKY2DkYBvusjCTzmoi7zkpfzuIt2CSpw3h3JHf12vOL95+m+02+k9vc1v5n7A1Hh2Yj707HDOd/Nvhnh963xNp9aHPMr48R953j8jM8cozsjV5FZuVz+abX05rwO0zuA0hI2j1eaaPF6T7MLYc9oiTNHCXLko8ZhSUR/ZfXdWdmAAAAAAAAAAAAAAACBat2iq4Wzk2MpMOgws3DISgOfIDKuz/AP9KSRsfrhwuJIwivBmH9IP+Jx8z08vT7PDyzBpsTpBx2D34jHXy9+EI66fvArzrrI4pze/wDXDPjD9MM8MD1wDxmGEpmOG5zf6CXjcbtuAMXro7wknXoIuyyUNTzfUHO5/S6yvJ9eh6+PlmRjtp91svnUfJmees+jC0/QbIjXCmXGIoSfixw2skPXVxXx0uAa7432qMzCxtYZL57mI61sjdfVb8ezvyVm3NkfAhnv9vgG05jJ6SOOl6NNbU5gAAAAAAAAAAAAAAAgGsFn6vFtJMjKTDoMXKxyEIDniAyAv6s/ye/qGdLkcr+nX/nKfZ1v7yX2dXrtNinpkaT1N576D0Og9uZ+zqvTkvo6v05T7Ooc36HQtL6mJh+mKeWF7YJj63L1xhzZBk5GrhywcYS+em0fYEUclYbhSEJs4PhyzOthHuU7PN1vqb/Y8P5EvY0Z7k6v75jLrofDUZ5leX1jmd9eGMbn50+Ob/J5r5Ojy+bxTrfrmsU6r04odvmR7inda/jvc7LnMDCNt8ef3Ht4bLLNP0Uc1xq1UWcbdYiDndrq4sJm8h19AAAAAAAAAAAAAAAQJVu0NXi2cmxlJh0GLk4RCcCTzAhV+8tGplLs+0XeZLn3FOSSh9Rn7Ek6zj8czM+Hs8lvLiTNJU9Iu9iUvWMMgkr7jv3JA9OCyDtszhd+bbF9MQ8sL2wTG1+VrTEsFXyxQ0+4juXQaGQ+GTadJy+rPPkZj/Su2unblYgfbybq15zeY/Kkk7OvOGWc+oF2tTNmxntUkj04HZnZZnGZB1rjso6P80v6bnwwPcysTI9TV5WyGD4+uqPfZcJwhP2JUXkC7nCVf6s38ez3uKhWyHv1Z3ca5XCn58aj9iwHaara0AAAAAAAAAAAAAABX2sln6wFspLjSTDfYuXjkGwLPMCFXphh6Xyy3P8ARy+VOyJlrsdV6cNknafXIfZlZMR6wnn2hTaEs/cbZ53vrxWSdj98n7HW/fJ/Z2HcQz1hP+F64B84PpgnjrsjXG3nmL5QEDzvWiXYyPp64paLmufkc5/E3usPnd6v8Nri6zqDldX3GWQly9kPEq3p7VaZal6e1mNFU/i2WMVn+bE6whj1lv6In8ZXVEP1L22K/eNncgqh8262JT3Y26+Erz0snc4bDrY/9zodH1WaaLrtDpzueV4b4Oh4ved6cBJ+H1p32YUAAAAAAAAAAAAAABAdW7P1hLZybGUmm/xMvFINgWeoEKvS/EEwFmJjhyYzt9Zt/opzAl/qkkGelqrYH8nvP+p1HiC8eWvQhrxmvxIa9JawyOszrcI12xwcQ6jeRd4H9NMGPO7PnX+uvPHX+28Jb3f5+mFWezlYZe/8eNnRKNy31ECy2e6yrss2dng+O9MHL9N+cv8Af4Nj66LZ16e3n5Gx1X3+Gq8etzYi9JWvqMciQcI4T36f8OZ13WYBqMfZ4kYPls/k1u50uCbXEz+lI7wpt3xBfjYX6qBukkjQmu+8f7jy+Np1hzsnaToKAAAAAAAAAAAAAAAAr5WO0VXS2cmRnJh0GFm4hB0CT5AhV6X4fmAstMsNzId3+/n0R5Uu2VTTv7cVHtwfnP8AQipvK3cFF8C+34UAx716spH43G0RVPzsrpiAfGZ9Mc1Y+vvYkgYH56GDP+o64A/ItlPj5a8dZtuMSxUbY/ZFVI7uzFMvH9vEOJU47yEd2llPCEt4TViRf0J1H7p/asj8xswZuk3p4Y+y8DLwsf7No0nqZ/jjYZ0/vyuKd54cZ4nc/Ub/AAdz4R18HU6nDG41ux+Iw/bOyTzy9VqDvtP18QGdOdcrGV+gAAAAAAAAAAAAAAAgCr1oqwlr5NjWSzf4WbikIQHPsBlW5gh+YCzMxw3MZ3X38/pHlTLaVKJAtxUW3QAAAAAB+P0eWFshqtn9AABwPe1viZOFyOsIG7DtouJA9I96c1Wj7TwiNuOsH6rVb8s/wtRX1fNc0TZsKyexZ33q/ukskgXoybEWb87bO4H6O39+Sxzq/wA5/JNr7aX0Nzk8l9nQ4mm1h1mTF+jWb82tmnLWaete2JJ5PY9umDK3B6s2XFeuQbewsETzXoAAAAAAAAAAAAAAACv9YbRVcLZybGUmHQYWbhkJQLPMBFX5fiCXyzEyQ5MR3X38/RHdTLaVLO9t1UW3QAAAAAAAAAABr6t2Mr1E4cxscI6jZR37mXxEr7IiHa9Ry4/frINlstBhHT843hFelnbGK86mxOjK46awWrIAxbHbOKn/ALcfyWoPtaX0Kpedw/YpplXF1NVU9LW+pWTop50JH286bCT0zsHozS7vxxDcefO6c6344beGt67rdYdBL0XyhQAAAAAAAAAAAAAAAEA1dtDV8tlJ0ZyYb/FysMg6A5+gErBMEQS4WamSHJiO8+vj7I8qXbOpBIFu6h28AAAAAAAAAAAOOr9YCKZd11cMSgkAyLuqzLZ7YxBMCdDmxjnkmaTW785/J3eScPm9N51qtfvdSYmV65J4fOeOX1MhexDusnj4iAcWdBC+PN2OQnjT5qyFM+S9kQP8WOyyvmJZfKqr+fYj7K2Z8/6uIz6HZ6o2Wpyvc5fueizTpfUoAAAAAAAAAAAAAA+YzJO8oX8DTVulqHy28mxlJp0GFmYxB0Bz3AZV+YIgl8sxMcNTKd19/H2R3Uu29Rjr7gUUsCTog/YkwNdsQAAAAAAAADnOFluIJY5z+3i1JL4r36ohfkJg3y6GSI+iMsBkRPMlnlsMjRx02y4nDJM+4+2Vdd9aPLNjg5H4a/J+/I/cnH1Z0X5pfk2LXe5scvnvI6L95PFO41nM451ev1aPrF+d6abxyNnWq2v3pY7BCMOku5vpzRbr91mzoAAAAAAAAAAAAADmv5vf0c/k8Wb3vMToQXH11tEclJ/hnm3w/wA1ZG8KyLCxEknRz1xZSV6+TKSX7aTNOIrFcTSlVpMnLaFaY4nKshb+ytXLRgAAAAAAAADhe6jqOY2PlhnN6iXNAc1m6zDNz0cdZZ0FeLI7cqHIsowwTHvqb6oupkU16QsuhTpSSsri8s7Dw58dh6cj7nW5PDeh0/nox07m8Y6v65HWnX5PAciTYgjBLG62ruiLOc5XnYnX4O3l9YulGZtanOxJ6fBOHfxvJFAAAAAAAAAAAAAAcl/KD+s38qSwVka32QJQ9/D1MWJZaiYiPjOx4k1MedzHhov3B+ybNvz+7Oz7zgu+JX7rhe7PrV7TVlbay2crOWntRXWxQAAAAAAAAB+QbOcBRuvnRZR773Ewzq8HnN8c1zUz/RA2ylLlDyzdFhm+jzedCRBo7A6Za889ZjVlYcKy2LFcvuxGWVy+p+1NRB+Sl6EUecyexDGTJe1Ie/Jp28Ql9WBySumwsSIC6OYd8RhIPX7qzbZHB8ybzgNLxx2GB3MwnQ7D8/aAAAAAAAAAAAAAAQpNUdRUeZuR5/C2O+pX71cyJIWx62PD7bW1zkeSvz5Dv3KH2bDeee0joZBjLYFmO3p3lxazmK76nN38rQPZypK/TkgAAAAAAAACCp1j+OQ4vMkk47poe9iW9buBzm+xcYkD3jjZnUYWBnnjg95qTjMfsvQj7zkX4Iz8ZSwCLdXOevIk/ZT+Dgdnt8A9fvD+D0yffEN9r+b969cXJzY1W11HCE8YEJ+BL8eYPY1FmdYbqiGZQyeRjf7jH6ygAAAAAAAAAAAAAAEeyFw/HdXgZ+R8+uJ0EsNyDddYb7K1YtnPhau4FqvJKp+1pkVrzbE+8V7yZ+9tIG2szfpGO+678rX5H5uTq35+/RkAAAAAAAAB4+wgPAmiHI7OCpM7kqNLerieLk/FTZhqRvzV9Oc7k5g1Wbn6M6z65rNOg8NArucbmfc2P3ot8eOdi5J4+GT+Gswt39HP/PS5JG3v3OKcT+956nH5+Vz50m74Mdb+R5jHb6TQbePmTPbcAUAAAAAAAAAAAAAAA5HruSxeX1O81vWc+F6/H4Z/6xubOd96PHjpnIYmb3WRHvcYbT42fLc+dh+ajPPb99C4f5++nDcjr+U6znzuB93EAAAAAAAAABrOc7XhDiPKSuGjoom67pipWBaqFDY5sUdESDuuWL324hXZkqfMefqdzuo1ySQ/SPvc6/24r5ru8mNfElfwjH7JB94m+yUPuKcUlzVRFr47rRa/7PLZ+nXrzWbMHQEDdPMfsnD9p6KAAAAAAAAAAAAAAAAAcj13JYvP6/Nxev58b0+vvM2vjmObOu8Nr41qsXc4/FrV9ZpekxrL1m5wefGB7+vrXj5ZWNGv+PT44779XyfWc+NyPs4wAAAAAAAAAHn6CK+n6eLox8brdUYO01eOczwM7+xWTPnjkV5r6wuZOmYeYZ2fqfg7DqIm2BJGr8e1OOSn8kafk5fZA33OwhvKlpUUU0tLVVM+wkLYy2g7mtO3S1f7E0sgAAAAAAAAAAAAAAAAAADS7r8iKsWUsXh3Gf5KXhlzP35cpm9b8Yudi4ePm4WL+9JzHSzebhZeDyYeuNq9N3r9xu944L9klyTiez+2oG4AAAAAAAAAAA+foRnr5c5A/OSwevjWeO/0Zk/ftqDacz1eMRlyVkC0+zLNc0RDs91H0dpzvI/NT/1tPMCW0EvUasWTvlwh0Nknc5W2Dyw0dd711kFdpI+IcFv+q5E3lhasWmP0AAAAAAAAAAAAAAAAAAAAAGmojfChObLnU6Pv8a1XBTREURBPlS5xzbMctka/U2dc7HVg0uj0nO9FyYAAAAAAAAAAAAAAAA8YxlQQL3fWRtHc81wndn76bbFrX5uB6GTk+XiZ/hj/AFGtj+WMAjLS2Yj1YZ1dk+Fiv2qsN7LSuxu44dLh5e4/dTieVmAV7ha9lYzq5zg+cAAAAAAAAAAAAAAAAAAAAAADU0Fv7/P/ACnCQeA7ab3cRS1DhWycYOm5mftZm65rd1MtjUjWb673WbOwAAAAAAAAAAAAAAAAB+fo0MWzgK39RLMWy7/Pij4SUfjjt4bHO+sisTAztdEiaZhm69cP0MfiO94xdJqZE9E6r2xvavx+/h5RXKXDmDKMaSUfoAAAAAAAAAAAAAAAAAAAAANRQS/dBYnHtuK7jPJmRJLUQJXCboXm65nTUbbUZ1vKk22qTvP9Bc/W7KwAAAAAAAAAAAAAAAAAAAD45rqBC3FWd+IrB0EvcSYPtyWkJx+uQ+zvddHmzOrx9d8mfmarwJT+vRTw9/A8OW6irROcgQHPoAAAAAAAAAAAAAAAAAAAAABpqBX7oLlOnccT2ud7aG5rhSyuU4QbNaTxqtxp5rcVLtnU7ef6B7DCzbAAAAAAAAAAAAAAAAAAAAAAAPzCzhxOLIBeSxu2JE+knP8AIhv86nkiV8yPPypKR3kHVfzjvnXc5C+caSWAAAAAAAAAAAAAAAAAAAAAAc/Qa+9Ccp27fjO1mtrC80wmQHNFf53snfW7TUZ1t6q2oqpvP9A83Az7AAAAAAAAAAAAAAAAAAAAAAAAAAAHO9FojnfzL9DWeG7xDWRnK0Qk4dlp9wAAAAAAAAAAAAAAAAAAAAAAc9Qu+9B4mzvuA7POujhaaIRWA5tg+c9ZmzU7TVY1tarWXrnrN9838/dQAAAAAAAAAAAAAAAAAAAAAAAAAABg534cVk52mMzH1qvrj+k3Mdt+gAAAAAAAAAAAAAAAAAAAAAB+cv1I4DDktLHUYWURRGV7LrOHwZGLyGf0CwAAAAAAAAAAAAD/xAA0EAABAwIEBAUCBwEAAwEAAAABAAIDBBEFEhMxBhAhMhQiM0FQI0IVIDA0QFFgQxYkUnH/2gAIAQEAAQgC+MunVUUfdJjVMxO4lpxt/wCTM9v/ACF52/HZl+OTr8clC/8AID7t4ij9249TFMxKB+zZGnb/AFBNlPitPB3S8SD/AJGtxCo7fwupm9RnDrPuiwKBqZh0TdhStC0mhZQrNXlXlRjjKdRwuT8GpnI4C37PA1cPp+MrIe+PHI/viq45O3/RVOKQU/c/HpZulN4GrqvVgwGJm8dI1m2kArAIyNCdVNCdXBGvTq4o1xRr1+IBfiAX4ivxJDEk3E03EghXNKJjl3kwqF3aKepp+xuJOb0miqGSjy/5xzw0XNXxBFGcsZNbX702Axs6ujpQ3YMCuE+oa1Prk+tJUuINbvJi7Bs/FnHZ2ISuWrM9acrl4WUrwMi8DIvAyLwci8NKFllateZqGIyNTMYI3hxwKHGGuTapkidSsd1a2WSLeKoa/wDzLnBouaviBkfkh8LVV5vNSYVHBs2IDk+UBSVtlJVucp65jN5cWP2OmlmTMPkduzC//puHxtTaZg2ES0itErQK8OV4crw5WiUYyixGMI0zCnUn9GB7UyqliVPjr2d1Njscu4yS9okfEoqhr/8ALV2NRUvlBZVYiby0eGsh7WRAcnzBqlrVJUf3PibGdslVNOosNe/uiw6NibEBsIroUybSIUaFIhSrwwXhgvDBeGC8KEaMI0ITsPTsOT6BPpCE6EhOj/t1OCnQEKKrlg2pOIfaWOaKp6sZUPh7opGv2/yNRUspm5pJ8RnxA5IKLC2RdVHBZWsnyAKasUsvuajEms6MvLVFQ4Z/9xwhnaIiUymTaZNp0Igsiyq36FlZZUYgnUwKfQgqXDVLh9k+mLU+L+3Qf01z4jcUePuZ5ZYZmTeaGKs+2T/H1+MMpvIxlHJVO1KmCmTGBqKmqQ1STl6qa9sWz5ZaoqDDAOr2R26BkF0ymTYEI1l/LdXWdZ1qLUWos6zrMr/kyp0IKkog5T4apaEtT4SE6FNc+E3bSY5m8s9PUlvVkUjZRcf4tzwBc1mKvqiYaWjoGwqGBAWTn5VPV/1NOGi7qmvdL0ZBh5f1fFCI+jWQ3UdMmQhBqtzujIjMjUI1KNUjVLxS8UvFLxa8WvFoVaFUhUhCYISLNzLVJThynw66noCFJCQnRqnq5KY3bRYsyZU9UJOh/wATUVDIGlz5Z5cVKp6cMGVkMFuU04ap6guVTXCLoLSVTlT0TYk2PMo6dMhsg38henTJ9Sn1adVJ1UjUo1C8Qtda611rrXWuvEIVCFSm1aZWJlWmVF0JboHkQpKcOVThyqKItT47bkWVHizouj6DEWzD/EVtaykbmflkxB2pPHFfoIobcp6jKpp79TVV9/LHT0jpupijDOjY4bqOnTWW/I6RPqLKSrUlUn1CdOjKs6zK/Oysrfkus6EqE6bUJlSo6tR1SZNdB3ItupqQPVZhympyxFqhqHwG7cJxts3lf/ha+vZRNzOjifVO1qiOPMoorcqipyqef3dUVTpiqai+57GXUUCZFZAc3PspaiylqlJUp06MqzcrKyyrTKyOVjyzK/KyyrKsqyq3IOTZSmTlR1Sjq0ye6D+T4w5VeHhyqqEtTmWXVvUYPj+W0czXBwuP8FiGINomXMML5na88bLqKK3KpqciqanL5nSyOnKpaPJ1cyO6igTWW5lyknspqtSVKfMi/k0F20WGzybR8PvPezAIm7twqBiFJENtJi02rTYjTxlOw6Ap+BwPUnDg+yTBqiPZ8ckfcHg8sqyIxrKrK5TZCmTlRVSiqkyW/Ii6qaIPVbh+VSR5eWD44aY5JGSB4zN/wGIV7KJmYwxvnfrzxsUMXKpqMiqarL1L3OlKpqXT6mOK6ihTW83yWU1VZTVSfMi5DrtBhc0ygwGNnfHTRx9v6rmh29RhEEynwGWPrG/PCbPa8FdCsiMaLERya9Rz2UNUoqi6a+/KanD1X4cpYSxWWC40aUhj2PDhcfPVtWykYXvjD6x+vMxqhi5TzaYVXVZepc4ylU1Lp9TFEo4rJo5EqSaynqlJOnPugC42FJgkkvV9Ph8UG38OSJsvR1Xw+D1hlilpTaRkt0LFFgTokY1lV7JkqhqVBVJkl+UsIcq/Dtyp4MiKwPGdAiKQG/UfOTzNgaXvL3YlJqvY1QxpospH5Aq2r9y95kNzS0uTqYoVHFZAciVNPZT1N1JIiVSYVJUdTS0EdOOn8eSJsgs6twD76cl0RyvZIt0WJ0aLFsmvUU6p6lRy3W6kjD1iGHXup4CzlgGM5bQS/NuNuprak4nLkbGy3QRMUbLImyrquyll1Dc0lP8AcYYlHHZAcnPsp6iynqLp8l1HG+Z2VlDg7YvNIP5dVRx1Is+twqWi6tinumvW6cxOjRCDrKKaygqVDPmQN1JHmWIYf7qeDItlgGL640ZPmsarzM7wsMEAiAa2ONRR25VlRlFlUT6hVLBm8xijUcaaOTnWVRUWU89056o8PfVlU1KynFm/zSsSwISXkgbI5jsr45EOqcxPjTmLZRyWUE6gmugbqWMOWI4f7qaEtUb3REObhGJitjQ+YxjEvCMyto6fSF3RsUMaAU8uQKuqdQ2EEOoVDGoo7Jo5E2VRUWU89056w/CjL55GgNFh8BiOFx1res0clE/JLHMmuuiE9icxbKOSyp6iygnugpog8LEaBSsyqhrHUkgeKSobUsbI35apqG07HPdDmq5DUSMaomJjbJ3RYlWewDcxsqeENFhDGmt5Eqomsp57pzrrDsKt9SX4Oso46pmV9ZRyYc+xinTH3RF0+NPZyjksqaoUMt+VRBqBYjQ5U5tlgOJ+FfkcDf5bFag102gyNlugjaoWcq+p02lPeXm6pYbdVBGmhAcp5bKpnunG6w3DNL6knwtTAyduR9fQPw56hmUb7qyfGnsWyiksqaoUUmblWUokCrqTIURZcPYnrs0n/KY3X+FjytoqfSYo2qJiaLKV+UKuqNVygjzG6gjUbbIcpH5VVTp7rlYbhun9ST4eeBk7Cx+IUD8OeoZlG+6snxp7EDZRSKlqFG+6PVYjR5gqmDIVTVDqd4e2hqm1UYkHyT3hgLiHGundO5jbqNiibyxWryjKGtzFQRqGNAcnuVXOpZLrC8Ot9WT4menbOwsfXUjsOksoZ0x9+UjFIxNcoZbKlnTHJ7MyxSi91IzKuHcR0JNN3yXEFYTlpmQxabQ0RtUTUFUS6bSVPLqOJVNH7qnjTW8iqmaynlusLoNY6r7fF1lGyrjLHTQPoZNN8EyY66IupY1I2yY5U8tlTy35VMOcLEaTKSurSsFr/GRC/wAhVVAgY6R1GDM99Q+Nqjaom8sVqb+UMZmKgYomWQ5TSWVTNdUVL4t6a0NAA+MxTDm10dk0uhcY3wSoFOF1NGj5VG5Us6ifdbrEaXMFUw5CsHrvCTBNdcAj4/HqjXkZTNjZYACNqibyq5dJpUj85JUEagjTRycbKsmWUzvDBS0wp2Bo+Ox3C/EN1Y4JVBKgntuqiJNNlDJZUkyaVI3MFilJuntsuHa/Xj03fHVVQKeN0homl5fO6NqY1RN5YpPmOURtzFU7FG2yHKplsqiW6wmj0m53fH2WO4b4d+vHTzKJ9+UrFMzKVG9U0tlTyZuVdT5wq6DIVhlX4SZrk1wcA4fG4/UmZ7KZsbLWAjaom8qubSYVI/ObqFigjTRykdZVkyw6l8TJc/IzwtmYWOqaY0MxjNPKmm6IuqmG4XaVG9UkyY66e26xWlUjbFcOV2vFkd8ZPMImOeaK8z5KgxtTAom8sUqLnKmC6p41E2yARVXNZSEyOyijpxTMDfk8aw/xcXSnktvTycpGqriy9VC9QS2VLLccquLO1V9PkKwmr8LO0oG/X4ziOp6Mp2wxZAGiNqjbyqJMjbqaTObqFqp400cpX2VZMsHpsx1XfKY7ReFl1W08iiddbqpizBH6ZUT1RyqN108XWK0qlblKwGt8RBY/FPdYXTHeLqZJiwJgULeWKVH2pvVU7FE1AcqyayyGd4YIYxE0NHylfSiqicwx3jJYaaVBOF1Xw26qCRQSWKpZb8q2HM1V0OUrh+r0J8vxePVWhBYUUOlG0KNqYE3opXZG3VVLncVC1U0aYOUzrBVku6wSm3lPy3EdFoyCdtPIoXX5VUWYJwyOUD7qjlUZupBdYtTI/TddYfUeJgY74rE5fGVgYmBMCiHLE58rbLdU7FA2yHKslsFbXeGCJmm0NHy1dSipicxRXjcWGmkQTm3WIw5TdUz7Gyp32KpZL8q+DMCqyLKVwtV90J+IrJtCJ71hjM2eUxNTQo2omyxGbO5MCpY1GEFI6wVbMsFguTKfmOIaTQlEop3qB9+VdDnauxyp5LhUUqYVM3MFilPYlYfP4adjk05rH4jiWo8rIBTxZGNaowoxyrpcjSnuzFQNVMxDlVSWCmOo4BU0Ihja35nFaTxUD2qBxHQ00nJ7bqvh03qjk9lSvsoH3CKxSC4VQ3KVgtTr07fiKl/i60lMTCoeWKz/AGoKlYoW2QTiq6VYVBrTZvm8ZpvCVJKpnqM3HLFIczbqN+UqB6o5EFVx5gViMNiVwtVZXOi+Hr61sDCEwhibMm1BTK0heP6KqfqOuo2qljTByndYKskusKg0oh83xHS60OcU0l7KmfyqI8zSp2ZHkKjkuFRyKI3TxcLFYFh8vh6lhQN+vwk8uiwvVPUSzm5ELDu6jhKfhVO5SYSG9mUxd8ejIpMO9wYDGqafKopgVdVslgmMM8rWpoygD5uVmo1zSY/DzPjVK9BOWLQZXZlSPyuVO6ypn3HLEobhVLcjrrDZ9eBjvhMZks1rBRR2CHJylcpnKaxUM0kfY2okePPIQo6gsUVcqubMsFhu5zz85xLTacrZRTO2UJuEFikOdiacpVO+9lRSJpVUy7ViUViVwtPnjdH8JVP16kqnbYIcnlTOUzk8qIKlatFkgs+owT3hkZJAbSF9wsLi04h87j1Pr05VI/oqVyCqGZgVUMyPcFRPuFRuUZTxcLFYVw7NpVOX4Od2mxzlQNzkuUY5FSFTOUpRUDVTNTeTgH9HV2FW+pDRuvEz52SPO0g5NCZ7FSPQTwsWiyvuqJ1nKndYqmdccsUjuFC/RqGFMNwD8FjUmWMNVDFYBN5OUrlM5SlBU7VA1BHlUOsFDXGnf1ac3X53iGHSqQ9Ur0w9F7LGIszbqI2cFC7ZUb01VzLtVc3I66w2XUgY74LEH61QGqmbYIcnFTFTFPKjCpmqIcjyrHrLqyNYmNygD53iiHNE16pH3soTcIKujzMKPlKpnXaFRPTCp23CxSPdcNS56e3wMhyguVJ9V7nqMW5yFTOUpRULVTNTByKebBVb1g8WpMXH53FIdWneFRH2VK5NUzeirGZJCqF3RUjlEU8dFi0e64Vls97PgcXl04SFh8VgE3kVKVMVKUFTtVO1NR5VL7BVT1g8OnFf557btIWXSmkaqQoJ6xePK+6ondVTO6qnd0XssWjWBP06v4HFZNWdjFSssEOTlMVM5SFMCpmqEcjyrHp41Htaom6bQ35/F49KsKoygnLG4+gKpjZyhKpD0QWJsuFTu0qphQ6/z3G3VQfWle9Ri3N6mKmKcoQqViYOb9lVvWFRas9/8BxQy0rHqkcmbL2WKsvGVH0IUJ2VE5NVcLtKqvJM0qmdmjYf5+KS6ULlh0PQIDkVKVM5SnlA1U7UEeVQ6wVS9YJDkjzf4DiqP6TXKjOyi2QVa27HI9HKnPQKico1VN6FYo2zlhL89PGf5+LMz5AZcSk1dOPWMPdHXu9m17k6pzKU3UhTFTNUIQR5Vj1L5yGqCPTY1v8AgMfjzUzlQnoFT7JqnHQqoFnuVIfKqNyiU46LGWrh6S9K3+fLEJRY1+Ckuu1smf6NQHGHyShga3MhKD1Wdrk6Jr14bKqayjb05vNgqt6wyLWn/wADijM1PIFQFUh6JqlWINtKVQ7KkUBUuyxpu64XdeFw+AIv0VVhrKgWMtHNSdBFOL+R0jbppsEMybmQs5MqJIVHXh3Rw67VDrBVT1gUNmF/+Bqm3ieqXo94VGmqRYsLSKgKpd1AnrGm7rhN3SUfBEXVVhUU6lwyeDtLiO5r7joJLoAOPQXG4f5ioKmxsJKrUCnOYgKlj0o2t/wLxcFM8s8gVCUFIsZHnVCeqpt1TorGB0K4VdaWQfCvgY/eTCWO2dh7m7GmKMXujlCzxM6qauL3t06am1Z2H/BzDLVSKhQUixsbKi7lT7qn5YuOhXDJtUO+IygrQajRtKdhrXL8JaoKVsO3+CxEZax6oeUixodFR96p91T8sVHQrh793/sMZFq1youUixntVL3qn3VPyxTYrAzasH+wx/8AeKiQUqxfsVP3hU6p9kFimxWDfvB/sOIf3TVRboKVYt2Kn7gqb2UG3LE9isH/AHrf9hxH+5YqLdBTLFewqDuCp/ZU+yCxPYrB/wB63/YcSfuI1RboeymWKdhUHcFTeyg2Q2WJ7FYN+9H+w4lH14lRboeymWJ9hUHcFTeyg2Q2WJ7FYIP/AHR/sOJvWiVFuh7KdYp2FQdwVN7KDZBYpsVgf73/AGHE/qwqi3Q9lOsU7CoO4Km9lBshssT2KwP97/sOJ/VhVFuEPZVGyxTsKg7gqb2UGybssT7SsC/e/wCw4n9WFUO4Q9lULFOwqDuCpvZQbJqxTYrAv3v+w4n9WFUO4X9Ko2WJ9hUHcFTeyg2Q2WKbFYF+9/2HE3qwqh3X9Ko2WKdhUHcFTeyg2TdlimxWA/vP9hxN6sKoN+U+yxTsKg7gqb2UGybssU2KwH95/sOJ/VhVBuOU+yxXsKg7gqb2UGybssU2KwH95/sOJvVhVBvyn2WK9hUHcFTeyg2TdlimywD95/sOJvVhVBuv6U+yxXsKg7gqb2UGyasV2WAfvP8AYcTerCqDflPssV7CoO4Km9lBshssV2KwD95/sOJvVhVBvyn2WK9hUHcFTeyg2TdliuxXD/7s/wCw4m9WFUG/KfZYt2FQdwVN7KDZNWK7FcP/ALs/7Dib1YVQbr+lPssV7CoO4Km9lBsm7LFdlw9+7d/sOJ/UhVBuv6U+yxXsKg7gqb2UGyGyxXZcPfunf7Dif1IFQbr+lPssV7CoO4Kn9lBshssV2XD37p3+w4n9WFUG6/pT7LFewqDuCpvZQbILFdlw7+6d/sOJ/VhVBuv6U+yxXsKg7gqb2UGybssV2XDv7p3+w4m9SBUG/KfZYr2FQdwVN7KDZDZYrsuHf3Tv9hxN6kKoN+U+yxXsKg7gqb2UGybssV2XDn7l/wDsOJvVhVBuv6U+yxXsKg7gqb2UGyGyxXYrhz9y/wD2HE3qwqg35T7LFewqDuCpvZQbJuyxXYrhz9y//YcT+pAqDflPssV7CoO4Km9lBsm7LFtlw3+5f/sOJ/UgVBuv6U+yxXsKg7gqb2UGybssW2XDf7l/+w4m9WFUO/KfZYr2FQdwVN7KDZN2WLbFcNfuH/7Dif1YVQbr+lPssV7CoO4Km9lBsm7LFtlw1+4f/sOJ/UhVBuv6VRssV7CoO4Km9lBshssW2XDf7h/+w4m9WFUG45VGyxXsKg7gqb2UGybssW2XDX7h/wDsOJvVhVBuv6VRssV7CoO4Km9lBshssW2K4a/cP/2HE/qwqg35VGyxXsKg7gqf2UGybssW2K4Z9eT/AGHE/qQqg3X9Ko2WK9hUHcFTeyg2Tdli2xXDPryf7Dib1YVQbr+lPssV7CoO4Km9lBsgsW2K4Z9eT/YcT+rCqDcL+lPssV7CoO4Km9lBshssW2K4Z9eT5In+qrE2U3c7iNgVNVOqxmYJHDdsoPzPE/qQKg3C/pVGyxXsKg7gqb2UGybssW2XDPryfIvdbosUqXUzPJKM7bviplhJDI7KrqhC3rRVWq4tLQ5qa6/y/E/qQKg3C/pVGyxXsKg7gqb2UGyGyxbZcM+vJ8jxBUmANLI6z8RpjlOZ4yqNrgAFStZkCxQhvlMY0zdtHW3HmkH3Mpqls3y3E3qwqg3X9KfZYr2FQdwVP7KDZN2WLbLhj15PkeJpbuAVBWupJA4VlIKpgqIIC5jvPFkKrnMLsphZpFZLNu2OqdGFCQ/60bXZgD8rxN6sKoN+U+yxTsKg7gqb2UGyGyxbYrhn15Pkcefml5cM1huYlNSxybmny7VdGHlQ3Z5Xm8XVsjw9qwuXRkyqNuT5Xib1YVQbjlUbLFewqDuCpvZQbJuyxbZcM+vJ8hKbNKxSTPKeXC8PUuVSzUK0HN2fHffwzJOhOFSMPllwdzrWpMMbTm7s5d8rxN6sKoNxyqNlivYVB3BU3soNk3ZYvsuGPXk+Qr35Yyql2Z55YDFkgujvzLA5RX2T3PvZAJm/yvE/qwqg3X9Ko2WK9hUHcFTeyg2Q2WL7Lhj15PkMXB0iQ7dRNzOAVGzTiaPysV+UQ+V4m9WFUG6/pVGyxXsKg7gqb2UGyCxfZcMevJ8hJGJGlpxOjNNKQsLi1Jmrtah+TZqHKP5Xib1YVQbr+lUbLFewqDuCpvZQbILF1wz68nyON4d4mO4wSlLZPNIeiHMp3Qc29B8rxN6sKoNxyqNlivYVB3BU3soNkFi+y4Y9eT5KfJTuzoyNksRzt1UnIfLcTerCqDdf0qjZYr2FQdwVN7KDZBYvsuGfXk+SmeHuLHUzW9qe0xpsqa4FR7p56rdNZ8txN6sKoN1/SqNlivYVB3BU3soNkFi+y4Z9d/yVT6lgGkHpPibh5Vh1QATnlLH9kbZGlMi/vL8vxN6sKoN+U+yxXsKg7gqb2UGyCxfZcM+u/wCRKac9QSqZl87lV0TT1XhH/bFFLmAMAPQfM8TerCqDflUbLFewqDuCpvZQbILF1wz67/kaybL0VL/0cqYWYqo3NlH5WroqYe/zPE3qwqg3X9Ko2WK9hUHcFTeyg2Q2WLrhn13/ACNS4vzKNto2hdrVI/zp/QBNUIsPmeJvVhVBvyqNlivYVB3BU3soNk3ZYuuGfXf8jUV5iqdNMjuQTObNKYcz1I65TFEbj5nib1oVQbr+lPssV7CoO4Km9lBsm7LF1wz67/15ZWxC7oqhkna6Zsfcytik2zJr2u2/luNhdOGvU3UfaFiUphsQyma4NcpnRQklwxXWdkji6NHzPE3qwqg3X9Ko2WK9hUHcFTeyg2QWLrhn13/r45+2esH7Qsc7CsE9QqT0lw+fqVH8zEnno0UUFpbpnQLHZrtyjDp/pAOrqFtU5UOGR0x6fM8TerCqDdf0p9livYVB3BU3soNkNli64Z9d/wCvjv7ZywjYLHOwrA+8qX0lw731H8yv3VKSHoSBVz9WWyvkaqYkqP5rib1oVQb8p9linYVB3BU3soNkNljC4Z9d/wCvjv7dywjZY72FYF3lT+kuHd6j+ZWvu5UMduqmNyq+MMLXskhcI8zoqlrRdU3maHH5nib1YVQb8p9livYVB3BU3soNk3ZYuuGf3D/18d/buWE7BY72lYF3lVHpLh3/AL/y5XZGlF2ZxvTM02prj3Ka88wyYjma0BU9MHuagLAD5riX1YVQbr+lPssU7CoO4Km9lBshssXXDPrv/Xx4/wDrlYTsse7SsB7iqn0lw5/2/l10vSyp49R4u67GKd7oGZlQQZnmVV8l5LLDIfu+b4m9aFUG6/pVGyxXsKg7gqb2UGyGyxdcM/uH/r4/+3WFbLH+0rAdyqr0lw5tN/Klksqh+dyoY8wT9wsRe5hyKnotKE3YPNZUsekwD5viX1oVQbr+lUbLFOwqDuCpvZQbILF1wz67/wBfiD9usK2WP9pWAblVfpLhztlP8lzsoVRJYXQbnNlC3K1XDb5reJmyOxIgMDG4dHnd81mCzLiX1oVQb8qjZYr2FQdwVN7KDZDZYuuGjlqHK6v+rxB6CwvZcQdpWAe6rPSXDvZL/IJspZL9VJJqG6o4c3mLuvRYjO0tyLDGMy6jqshz7sw2OzLn5jFqt9I0ObSY42fcSCUdKzBX1LmuFNQyQ7qY3CxKFzmG0dFI1wVPGeihIAQcFW0Tp9qPA5Ypc6a3RHmmxOKEdcMxEVuYt/T4h9FYZsuIe0rAFW+kuHPTk/VdIG7idp/NfmTZSzZlNNqdBTwapTRlCc/K0lSymaQOVXNHFHlVBAZHoC3zPEXpBYduVTJvKXZVCqycjlquWGuJzKnUabsvdVKr9iuFOyT9TiL0QsM2XEPaVgCr/SXDfpSfqVFVbytN3b5VHUujUUgkF+UlS1qfVuftqPUVYW9wnaQpZrqSXN5VHFm8ohiyhZs5yrEqvObNoacxfUVbVeLdlWG02hH1+Z4i9ILDtyqVDlKqhVnY7lhf3KnUabsvdVKr9nLhTsk/U4i9ILDNlxDsVw+sQ9IrhwfRd+nM7K0of3+SN5jPR873q35B5VI7N0UcWbooYg1b9FiNXpNGWjgEzvPXyeGjyswml1nap+a4i9ILDtyqVDlLsqhVnY7lhf3KnUabsvdVKr9iuFOyT9TiL02rDNlxDssAWI+iVw76Lv06vtKH6drqMDKDyqqjQZmEbfGSJzmUcYztjdVzeWCERNDR81xD6QWHblUqHKXZVCrOx3LC/uVMo03Ze6qVX7FcKdkn6nEPptWG9q4i2WAbLEvRK4d9A/pzMztIW3T9Slde7U+YRtzGd76l5LIIomszKqrHzPyHC6DwzPnOIfSCw7cqlQ5TbKoVX2O5YX9yp1GmbL3VSsQ2cuFOx/6nEXYxYb2riJYBsFiXpFcPdIP1KunzeZvOyiYZXKaPL+ZrtM5lUza77qnpfC/UGKVrJxZmDYf/ANJPnOIvSCw7cqlQ5SqoVZ2O5YX9yp1GmbL3VSq/Zy4U7JP1OIexiw7tXESwDYLFPRKwH9uP1ZXZnnk1q7VCxV1SMwsGFwzD8scWV3WvrDAMseFYYah4lcBb53iL0gsO3KpU3lKqhVnY7lhn3KnUabsvdVKr9nLhTsk/U4h7Y1h3auIlgGwWKeiVgH7cfqO2K7ibBlkPImtzG6e7TbmRyySIQ6MdgPy1VX4aMrDcPdVvzGOMRjKPneIvSCw7cqlQ5SqoVZ2O5YX9yp1Gm7L3VSq/Zy4U7JP1OItolQTMa3rjgEu2DARAXxOoY6I2wH9s39SV9+iNm9GtGXexeUABtiFRp+QUEbX9HuaIhnTKhspNvySQCo8hp4BAwNb89xF6QWHblUqbym2VQqzsdywv7lTqNN2XuqlV+xXCnZJ+pj0OaC6pI3Ob0xhpFr4U05QsSDmMWHR6UEY/TkmTn3TG23cbpoytVROKXqmMkqCSmdljV1Dnu0mw5I22P5G9zUPn+IvSCw7cqlQ5SbKoVZ2O5YX9yp1Gm7L3VSsQ2K4V9OT9THP27lhPauI9wuH9guIOwKk9Jn6U1R9oL8/QRxWWjdaQanTBiqneINlR0mmLrEq24yMbBpgPT5DmBP5G9wQ55gtRqMoC8Q1awRqrIViNYjW2Xj0KxGsaEyvY9eKjQlYg4fG8RekFhu5VKhylVQqzsdywv7lTqNN2XuqlV+xXCnZJ+pjv7crCu1cR9wWA9oWP9oVL6bP0aqfILDRv0UcVk0J8gZu6sJJtI8uVJS5fO+rrzfLHTw5nl0jpAp5cz22Gw/JsQnVNkZynPcQrkK17jl0V9ldZwswWYFZh1VwVZhWlGjSxuRpAeiNM8CwOs21hUv8AdtUDu14PxPEPpBYbuVSocpVUKs7HcsM+5U6jTdl7qpWIbFcKdkn6mPftysL7VxH3BYDsFj/aFTemz9A9FfUeXIBMHRSVQYFNOago9B0oaXpmdiVdl+m2hoy4CRYhV28qDy42bTYZk8zx+QLOs/WyMlln3Rk2WsOq1NkXlBzrLI8lab91ov6oRPNihC7qtE9FpOWi5aTlkcvMuquEGhAlatk2cH4biL0gsO3KpU3lKqhVnY7lhf3KmUaZsvdVKxDYrhXsk/Ux/wBBYZ2riLvCwHZqx7Zqh7G/oVTrNKh2TZLobKsQ8qoKXO7Ma+p025Wts12Z9TiGXpG1stWfNDSthFg3MQbj8my8StZxVnHcRoRNQyBalr2bPa13VO68U5eIeOi8Y7qV4s9F4w2QrD7ipQqLrVWo4LWctdawTpAhOs4ctLNtG8t6EOv8JxF6QWHblUqbyl2VQqzsdywv7lTlRpmy91Uqv2K4V7JP1Me9BYZ2riLvCwLYLHvtUXa39CtKa5Q9RZRn2VcwqMZiFLMKWNT1XmLk+cydBS4f7vAt0H52w5jZNoLE3bSs9zFGMyyx+VOMRRkja5MfG9OyElNDLBNaDdaI2RhWjlRhunUoRpf6NM72L5Y03EHWu5uItduJmFNLSmtaUIr7SNc3ZkufogXRFMfm+D4i9ILDvdUqHKVVCrOx3LC/uVOo0zZe6qVX7FcKdkn6mP8AorDe1cQ+oFgWwWO/You1v6FYeqy+6Y7T6p/9i4mFk2EwydcRq87lG107ulPRNi6/pDp1UlQ7rd9SLhOrfZGqctZ56J0kivIg56zSLUluhPKF42UCyGIygJuLP924p/bcQYU2samyNcjGw9F4Frgn0j27Z3sQnKjxFzN6XEGyqaMAhzZB0UKD8rrH4HiL0gsN3KpUOUuyqFWdjuWF/cqdRpmy91Uqv2K4U7JPyEqfF4Yeibj0abjMJTcSgKFZEUJWFZguIPSCw3tXEHqhYHsFjv2Jna39CpPmUFj0RGQ2Xposv1a2XN5ZMQwh98zKIMDbD9IKrc4yWWRvVZm7LOi4rOVmcgCU7MiHJuZeZZnXRkKzrUWqo6lzU2tKixKyZWsNr6TJdqih/p4t0LLxG4pp9QAKZvlUAVYVST6rfgeIvTCw7cqlQ5S7KoVZ2O5YX9yp1Gm7LJ1VSqyNz7gYFUMomubIMTp142FeKiKxGqlqPKzwhC0HLScFlcrlajghUvCLpKuzVQNLB5sdie6bpgrCG9cVhdNlLGY1DsvxeEplbE/YSB235Kpvug/ImkTBHy9E6P3bnEnRwL4eg8MybzMc10fcDf8AJJWBp6A5hccy7KC4zYhd5I8YvEuWu8rWkWd5Wq+68Q9eKchVuCFWRdeMK8XdeJBQnaVYLJdDov8A8DrIPUNW6PakxRsnR9TTB4uNM3yqiphA1Z7oKtFgsOflJ+B4i9MLDvdUqHKVVCrOx3LC/uVOo1Hyqc52kopHbnDUcORoFhOFiH6j9FhRpIyjh8aOGMOxwtOwlOwsp2GkLwLm9QJnkZZC4hML4jmj8QXeZtUM5zDD8IzeeZsbGdBso5Pb8kwuXMTel2Oil0TlLbPT2H7XNXUdE2X7kJL2BfStdexjexSTae81TnT52hU+KCM2LJBILtsnyNj6ursX1PI3Watdq8QtVx2Mrl1Visi0kIgtJq0GrSAWh/Wg4LSeE3UatUqN99y0rMVnyqKTNth8z2d7W3d0sQmRoNssRqPtDTpNCidmaD8BxF6QWHblUqHKVVCrOx3LC/uVOo0Hgbh7VmHKyLAqnJE26bWlCvKFehXBCsavEsKErSsw5WWm0o0zF4JiOHtKbQNa65J53so35hzrHgPaVV0uraRpaJOhbK+E5VHO1oRAKkj9m/8A605LuDZMwaCH5ynMa8EmqwZslrHAHl1hLQmDomVz4dji0pTqh0ncLcsjim07yvBOKbQXIXgehXge0LwfcvA7I0R6o0VsoRoz1TqQp0DgFkkV5FrPF0ZytQlQ1EgQgmm2gwfP3wYc2PYQD3BDdm9VmAVRXezWM3e9zs91RAiMX/n8RemFh25VKhyl2VQqzsdywv7lTqasbAEasv6kVCFShVlCsK8a5V9U6azVcrOUJStdeIQqEKhCoQqkKsoVxQrihXIVgd0R5lFUzutuRNlK7UN1TT5ehqqTN5mtO+fT+4Cd0NgQ4O8jXRhyfHl8yIsQU0m9kX+yzZjdM82a3QN8zqWJ1sz8IifdNwRgGZfhLWdV4HIvDuHRZCFY7Lr7AoPWZamy6qzkY3LSK0loXXg7r8LDkMDjKiwiJnVNpowFlATnNT6gNTMz94y2DulmybPzOTnNiTn6ip/rSBjQLfAcRemFh25VKm8pFUKs7HcsL+5RXDbp8BcbnQK0StMrKVYrzJtF5QjRrwa8IjSo0xWgtIrTKyldVmKzlapWGfUcXE8iiimOs4cqx+RhR8rAh1UM9vK6aJsm2gWLU+52iWtswF1wxMnEl3uyD1XaZh856MbeQwlrQU5rmFt5N7F9n2c7P5g4tPVxdmu3M7UIAeXv0bFE6RyJ3T6bS0W02mNjyGN8Ox7+kcTC8lNgBDidKzFpjyhZBmJQa23V0YsArAusGkPzWL8lkSFqdE+o9w6bOh5iWpnUXWR7+ie1pHm8SNlJVEp84aoWyVR6UNMIfgeIvSCw7cqlQ5SqoVZ2O5YFTmd5avCt2HhQvCBGjRo0aNGjTKLzBWWVaa0Voo06NMjSo0iNIjSI0iNIjSqii0Y+ZRRV003AWI+wRbcWMT/tOp7GOfL0LZQ/d8TTvouYXuDnuZkabMm8idEZJGOURc58kj4HCpDpXtb/ANCxx73s63kdkaxpe7w7cmZzqS1nLwjo+qZA9odmDXiMk3dpaizFrGyr0CHLpTOyrT07wprP+CIMgyhxz2kaeh1gPp72ER0Xsmb1hLpgfOH1TY/qtdNdM1HPyGSF7r2bTgWehFHDdhfKxnVHEG9zX15Oxq/N1kqSw9I6aWVQYUG9XNyw7UfXr8DxF6YWHblUqHKVVCrOx3LAqPw0AP57Kyv+jZZVprSWijzKKKKg7Qq/7UWqZv3DMJuibLY5Xh5amz3CjlHQIrw4s6z4Xtja1rpjqsiWZsmaEGMTBoa5jpJWpuaSV145NbNeOYVPmQe1/mQGd2dNjLpS8xxkufenhJ1A5jHvje1T5pIWuVZLnYyZT1t9OZTVrWStlQrmNlUVSyMyNTKmMxujXiY3MDFJURvyuRnic4SgTRA5wK2FmYL8SA+kn4g5/kTMVL2F68S4uarue2VhzOfpPTY33kYGYXK4dYsFAsXiiiBuibJ8/wDTYSfM6ncHN6fAcRemFh25VKhylVQqzscqRueVgTTlDQtRai1FnWdZldTHosyzrUWotRaizrOrq/5CjyKKKKKp+wLEvZRHMpGZdpYrnM3MJvK9k7oDYx5Xi7CSzqWTWQn2TXi5Q2zHKyJ2dMg02vaJXyRRstPUGN0bU+drXiFWjb9Bpgbk0WzQHTDGVbZcjGsqnSNEYbWVD4tNrZpywsYHPbmESOmToL6TjoJ1PDMdNeFglfYfh8TnF6/DYnAuDsLiY3On4dEwscjhzGTplBkMsa/Ds0FlLR9IZA6ltMJFTYXkdICcNZYBeFhacyBij6Njc0klEndOI98//wAtiJ3bCyEXfJLnVLPpOt8DxF6YWHblUqHKbZVCrOxypn5JGOQdmDT+S6urrMnuWZXV1fndXV1mWdai1Fnv+Qoooqn7AqyPOyy6sUTwVNFlPSWn1DdPDm9CyTSdcQ1zX9HGNrzcZXR9Vqf3ntsZMwDS2cOcHJjg7Mg67C4tcyQCdabA/XMcAjlMiponxukLqV0uWQvpZpDG976eo1IzI5tRmj1U2duQTEvjZ9YnTiOqvpxHUTY2QuLlZjPKhGxv0lpseNNFkc3ROEb7PT3sb9RB7U2obctTKvNdarno3JusjW76jAtQnbI52+kE2E+9XicFGFSRzYk4ySk5PIctlAczR8BxF6YWHblUqHKXZVCrOx3LBa7WhyHUWos6zrOsyzKZ1moTLVWqtRai1FqLOsyzLMrq6ZyPIoooqDtCcLhTx+W66x9RTvzi5kpr7TRFPgDk5jmplQU2udH0cKmOQgHIDctDS1FxahL9o1rdBq5Ppp7g/wCknvEtmiR5cW5Xyu1BY1DtbKmz+csUdRdxiQlEl404snbkT9OoAaHvjqLAPkZJZy12SHVQkbfVIe2K7iC2IZUC30gJWPXiRYvTpwzKEZTewOcrS9llaN2ZTsMxWmB1fUY1BT7VeOTVXRmF4QZ3Z5fLC1THVfcbuVC+4PwHEXphYduVSocpVUKs7HcsJdkLiDL7rXWutday1lrKWW7ShIhItRaq1VqrVWqtZay1lqrVUD735HkUUVuQE3oBykaBvPHpLIW7Mqf7IDuifT57uD4TsXRNcUynLczl5m+VNF+kbKma1yzFQ3q9tTFZNsPMPMxNeRu14Z9RNk0Opa/TabtlLI+pmyRp8unEFNLosbaXLGGgOY2ntG3RZCRC10TS7Qa1rJHaDWtZNcIBs31CWj1yWhlllGbIGuuSr9Mys7yrTfclaLWCxdPCzqZccij6Nm4hkd2maoqlFhexfR4UxZmwt6Syul3dJl8rXO0wsOblZ8BxF6aw7cqlQ5S7KoVZ2O5YX9ygbcWVRTOi6gSLUWotRai1VmWZZlmWZZlnWZZ1nWotVaqoZLvIRR5FFFUwzSDnXv8AZU7xUMyumjfCVka+xLQ6HomTtcpW9Oj6cE5R4fNdyfCWi7vCtcwp9OcrQjA4vzOc213OyujF0KyWKwIxW7urMUicblk8TrgiVsgus4NpV6btQtOm85obtc7PET5i5j+hkOezc4z6TQWk6Vg13T6bTld5FmZ7mVgRqIh0TsShaLo45C0p/Ee9n43M5PqKiYplDPKo8EffzMwyGIdWs9mRxgJrXFSPa1OlL9jII9qWMzHM6n2+A4h9MLDtyqVDlNsqhVnY7lhf3KnTOosavCM3mjlzQmz9QLOsyzKpldG9CsKFchXBCsahVNWuEJQs6zLMsyzKhfaUJyPIoorDmbu51T7vKkJiAeIqptQxTQiRnlDizcRtOzS+Jz3k1OVrQXNbKQwZM78y0mAOeX0wa0J9O6Ip0WTudTjNdeE8xRotw12HkDK19G/owGB97Ni1bm3iJmjr+IS2Fzij+jj+KvzZ0MZcCSvxYhDFnAWRxV5FkcVlKNfNlTp5zZWne6ybQ1Drr8JksCfwHKQS3BGM8r46CGPyuYIWqerDe3NI8gIUZTIA1GRsez5HyIvZFuagzGzIKQg9e2zRGMo+A4i9MLDtyqVDlLsqhVnY7lhf3KnUaYqikjqBZ1ZgDR1ZNRyxJrpDtqyJzjLv4crQK0XLTKsV1WcrWchUuQqyhXIVyirw17Si7NY8yUUVTM02AcnbFPOa5TWakScX07+lLXJpB3lp/cZ3MytOeN93ERdHZW5442sGYPNiyRkv1DE27jKYwfO9+m0MuZadrbI0Yj8oNIWtLRLDaMWfS2yrwYzGNNo9TNGjQajV4JrwJEaFrSJF+HNY7qMMY28R/Cw8ZEyjZKPKKGI/Va2ijjPUUjI/pOEbD5U2qDurfFBnVa5Z0RDx5XPhc4ZXhtyAWNjC12t8qE733TpPuLqkbN+rNtHQhve2EDtMnsKWG5ufgOIvTWG7lUqHKVVCrOx3LC/uVOo1HyqVX7FcLAOElzTRp+HwuCrKR1LIQeVlkC0gjTtRpgjSrwq8MVoFaTlhNTrwAFFFFUkWq/nL2lM8wcFh032nEKLN5w8OgOZtLWawuI579C1wcnUocHBaJswAOc15WrYeZ0LHMMIdEcjGtfnMrQmSl73gxztlBlLSz1zGxovIYqTI19/DO01PDI3JIJ9SCVr2h8kUhChqDGXxkVQMZaXVrXsapa5j8rl+IsLg8eOZG4yNbVxtBsZW5bJ1Sx9mkVDXOJTKlg87fExjzLxIj+mQ8kmF7DnD436upDnRkz5HN0pMjgmUk8lnL8KuPM2nigFhcnbyt6nrKoIeqaLfA8Q+msO3KpUOUqqFWdjuWF/cqdRqPlUqv2K4U/6c6qkZUNs+XB5GbGhkC8K8IwFaS0lprIsqyqyyqhl8O9FFFWzGwp4dJtub9ipxoOzInIRIIZNVqrqO3VppHQnNHTYkx/lkaSPM2Or3RlHRy127HI2QJ1PllbKoWPY+Rar2xOKdU5GsKOmPpJ0DJGaKkg1GNY2qhfJp5JWuMjbAu1VFIXufemqTNnLopA5rnkFroi5StjZE0qeKMZCpoo4pWBPpI2TZFHQMbI6JRUAcHsTqEPjDxJRhpZO0UxhmLk2glOeM/hckkYafwx0uVzhhbM2ctp4OqayKLbXCNQ4nob7nU/oRvdu2NuyZF/bHhxs34HiL0wsO3KpU3lKqhVnY7lhf3KnUaj5VKr9iuFP+n5rIwtKNLGU7DYinYRGnYN/RwZydhMgRw2QI0bgnUxVNOWeV102Nz9qalEXU8yp4NZhCgdvG+F5gNk0teFU0XTyz0DXbsfPR9sGJxy9D1HVr5LqGo6hCYTZmrN5Ba/UFDqSwlgk8y025xMooNKVzlTNe3Va6nY/TeHNztiUszo2BwqJ9ANs9wZZqdKA8RLo52mWvbK4tTZWTXco5Y6j6iuw/VRkDRnBcG2WoM2RNkDiWoS+VxT5XZQnyHO1ali5y8sYyoyhuwc4oCQ3WlsXZh7Bpfu3LHtVSHL1w6TK+3wXEXphYduVSpvKVVCrOx3LC/uVOo1HyqViGxXCm0n69lkajBGV4aMJrbbfld5HWVfRfc2OW/R8bixRziUKWmzhS01k+iCY2VvlQrSNxUBwumPLOjdeybP1XiOtxHUXu5NkblLU/6keVOdcMtUFxkY5hkOp0bJdzgWStkzAtqBK0lGobk1F4kECVPqWRWcjMyIoOjp7tQlaz6aFUHHTXis114vpqJ1UWNBRkeSAPOXFxETrdfDA/TWRnertFgtRxuvM6y0/7NSyNNmdUGzWsbEOtXPqmypej/guIvTCw7cqlQ5S7KoVZ2O5YX9yp1Go+VSq/YrhT/p/JrndQFC/MMprKG/UCVzfK5pB8wbM4dCcs3a+PpdGEWUlJ/ZgLbvTmSRWK8W9pyoVrCVDUMJWfp01OgWt1CbP1LlHNYFxhk0gcwks3q6TKy6lly5Mssnma0Pk+qIxcSS5DE5s8jgYy2YvcWPBjdKXOyRAiZ2XTY13WUNDH3e9xBdkcnMJY1i3IkQjstJrfKrtan1DW9U/FmM6DxctR2wUg3eMsY8s0xemm5sD9OwEfaPgeIvTWHblUqHKVVCrOx3LC/uVOo1HyqVX7FcKf9P5NXLmkXXIHiKfP0NVSB46GF0FrMqSOjhHtGwTXLnus14Ezm+Tq98AICnpcxaB4G5feShCNH1QilF8viJ4wjiUnQEYuLgoYmzMm1sM12ujro5B18Sx3nQna111G8RuLS02DmprvJYZwGeVzmgNsXtzgJsozm7JQ3Nds7clkaqOwC8dGHZkcTa1Pxhg2djJtcfiEz9gKmQZl4Nzu+KijYmNtsem5qPYWc9Z2wbU0V/O5h6fA8RemFh25VKm8pdlUKs7HcsL+5U6jUfKpWIbFcKf9P5EpytKO5Kom3jsXN0zcRzXCs1wT6cS+ZeHkhHTWEpEKLRPJnVyA+dzX6LQ57ZNJPOUZWupgbMT6Nr32aaK9wx1N0Xhg42Xg2PJAOGtIsDhe1n4ab9BQSXIHhZiCnQz2Dk4VDXNQbUNemeIOYL/2CxO8RZpJjqMwB0aguITKOoeCQ3DJiAUMEdfK6PBw4Wd+HwR/UA0Ilm62aA93mGi3YiRreiMrjtol3V76iKHoHTvl7aaj+5+e7g0D4HiL0wsO3KpUOU2yqFWdjuWF/cqdRqPlUrENiuFP+n8ir7U3uVE7Kq68JziJzZRmZFN5kyexQCdAwZmp9GcrGMs4vsWSMndrOijAzzuY18EbpC6R8DGp0ulaIdB9FszBJaJk9Pd7GsdAWy5G5DZ7QTeJOewtbZ7WZ2FaLdSwZTA52rwmeMo0142uU1NlySNdTZZBbwYzOjLIdSNwPdG16kJjex7c2Vzgjmc3KZAXkPDcvV6DWx+VCR3aszu5NjaxxDnVETfMhiDnDyGOabeKiHuxrWKWb+qGE9x+B4i9MLDtyqVDlLsqhVnY7lhn3KnUaj5VKr9iuFP+n8ir/pTjI66idsQ54kFjUNfQPzsZPHVtzNzFguhLfqi8dCb3Bt7KSlbI3IJaYvkjsGvdKbwyl+eV8cjfXcxjY80hggNOyRyhD6aBzjqmGIPL5BCwKRsbAIlJSQ3EIkw5rnaYGHOuQBSyZS4PjlYwSBwlYWlESxyaZjdKHuic2rkkDkal+TUEtQWlj1rWkymN5BkiOtmjDkZfOx4bPpSPatR+kWLNPJYjw07mlNwmV/czCmBovG1rLtanSNYUbu3p6XN1IHwF0ZgFxA/MwLDtyqVDlKqhVnY7lhf3KnUaj5VKr9nLhZ9tRa4V7/xqvcKtYqebT6HfqJQJB1mpn07s8WH4uyQ5ZXNBNm2czoWyjZNkKZNclfZZtzZqc4ZtNaTJPIpacTFjhJA987XIOe6oymKTVe8OjlbPd7hpyfXIijz65bE1rjKo4xGXOIgyNc1CkyxaSnpc8bI1U02fTtPR5pWPHgm6pIiw7pI0jC88OmThYcxl/wANjzZ14KEXKFLCywWjEhJGRdOlsRl1D1Ty42KcWsWo42yiE/doD2ZSgdXR1DXOy/z7p+IB3YagnfWWLPzMWHHqVSocpdlUKs7HcsL+5U6jUfKpWIbFYAcucrWWshiBj3hnbM3Mz+HVt6IjOFKzL0MEuj0MkV+okb/b6GOVf+zhxuqfGoqmzXmAEZm5LbXLeiEvsmvOay1j1KZUDuQDcpAs4R9C9zWAqSTJlRyNORGGNzTCn0ofHpB1NnYGCan1clpIc7muGkdTOmROEpcYInte8mJkln3jicGWL2uyi0rHFzCNM6mZdPNfKwNyIyMTqpvcnVDWkMGs517ZHrQJ3ytZuLu2FNfd9RFTBSYk6qdlYH6crUDf+dX9IZFT1rmbMrie7xIVbKHNVEA66pYXfa01DV4mcburXW6z1gVTUBzXKyoJAy6hq/6jq3JtROdv/ZcqmOX7qtuW6wuUNzLxITqxw2qaqS3m4WcTE7+I9lwnfTdZSMEgRYQcpjlMPQkskspIXMUE4f5ZKnBYqjzRmGsodoMfbtLFVQz7Gn6dNH7FYjbOb5UXX6LV6tLdY6llFPnc5pZIH3cmlh+so2hhMqYBDmeQ3TaVHGYmFpeHiPIJjIGsaKiSTyBr5Hl4tme55cmvf5ic8gZ1ySEBq0s5sso6yF7GjK1ZGFxam5bZ0HWK81iEGdbolvu7EWMUmJOKlLpyqKj0W5yTd6gN2D+dXehIvuVN1UNM1ydhjHbjBYRs2iEe13MXjHBS4gqisCnnBB5Ur8l709WFFWptavFIxiXf8JiduzDI27GjY0Ks8u1WuFPTf/FqorqN1+hdGJN3RFm7m2GYR1NvISyN2zc0V3plVcXlqMNhnVRg8lP2MxCqpzYx8Qh1tRmJQPNw0tcxwaH3ZdGMNQj/AOS89vK97m2y6lvpIvzDST3Cos1OlExanPEjxImOD5NZQn6jpDCSNR7m3ZG6+UtjEalGfJG0/UkFr2LpC1mldqytPkV/+iy+ycGt6J1QxqNY0dU+vKlrSU28vUQ05kVJhuV1zWzACwhbe7lh0mcH+dX+hIhuqVUyHIqpUicUXKqecyzlZymnoE1RqNQc5NlWqrXCvpv/AIs0vnspo820cmfo7N7GWiv5muiLRlIjD1mewZ3Cos4F7fp3LXPLMrBLTNkdkbNQtf0a/DevlEc8PUDEZ4x1bjjugcMaY/zFmKx31BDWxi7UyZrgWLUzMzB0jYwJGuLYXAA2a7RQaOtOukg00+RrmhydI27ZDrtjfmQkbGXBNnY1hanVjDlKNc3PdfiY81pMR2X4i5OrCUalCofJtHC+ToYKKypaDqo4WxqeqaxdalyqpRG3TbhLbR/zqyMyRPa18Lon2dSqmQ5FVKkT0VV93IJuwTVGo1T85NlWqq69Fw5SvgiOf+JKbuKZJm8py5+hEjo+j29PM3OH9C6ja/Z0DmnMco6vdldALhtU6NCcZdMFjHhsLHUgmfZpgc/MnR387jTx9znYa211LhZbYCShkYQEY5mlNlmbe3iZQMqdWyuGUmvlNl+Iy3zIYhIDdCtk6tRqpHBeKf0ctd43zvcLLzdHLKQeo6AtVnOsUad3ahQkhMo7dU2k/qGk2TKYMUhDeqnrcw8ulm6vqawQjLHSUTpDndTsytt/PxuCN0dzE7TVPXMbvHVROV2lEKpCkT0VV93NuwTVGowqdqsjKwbzVcQCqJ43rC6OBzM/8aQ5XlTMuLtppxNu99jZ7oCOzWydwObYSG/XLHN5j4TqXoxmIFxdFlACNNl8jHGWP6bDVWaI0+dklmJzYap114UPdnTYnZiVHmGa8Z+m4pzGBjU+kjLmsRoWOeQmYc1+YjwAyZk7Dg0NK/Dcrgm4Z3IYfdht4HO1pAoLOum4d0LU7D7hq8AMwKbTMF1mYR0FyRbwj9kIhGA9GVvt4wvBReTfNJWNi7XvmmKo8Iv1dYCzGgW/nz2lBaZaAx9uWyyhWV3o5ijG5GBxRpnJ9CX7/hq/DEKV6FLIhBKtOVASBdT3IptO+Q9KaPSa1v8AGrW2eoXXVTCYnZhDUiTyuLDa7bh4GbQv5m6j4gARI2S7EHbWD73vmY4ZyymDSXIRGJrk+OzAFLG1uWNOpWdI2uog76TZKZ1gGyte0tAbEdSwZCSXsTIy+NyteMSqVmmWPEkenI1iY3LLovhZdz43Q/UY9O6RajZcsWnI0lrJAmy2zsOd7hlTmPmWmA3WXkhLHDYmNQ1Bym8kozdfGMiDo1LXuJBYIJp7XgwkN3jpmtU0+To2ljt1P8+QeYqydA1ydh7TscOd7GjlCMDwsjlbkVZBDkFlcmwvKFHIUMPPu2iaEG5UweYfxsQh+4B2Xqmlr29ainMDrmLETEfNFKyXYwFtsrZDmcHabO8CN7AQBUkENLahkl405mq5rm7lMefMXZ221CMjfqFkIjzOUEJia64JawqR7o2dHvyhpTpBE8AeVpMS0w5minDWjyov8SzUE0xextQ2R5blqGkadkxtnmndSAl0sD2t1ontT36kTJmyTtifHMmysimfCWVPklp0Z5pWMcHMnMucDDJXtsWYM0ODnMo2N28reidPZOmJNhDT/cfgJhdxV/yXWZXXReVZWrK1ZWrK1WC6K6v+S6gb1v8AxnC+80Gm+xjfpnzFms3zTU+kTd4fTWMdJi4k6ETNkCdAHjoGuDw5ONg4ucIxlehTlmZrc8kbRZ9YWOaxarHHSWaObyJzBNYiaN7ntLepeo3lznAwSmQuu2QOBcYpWSt1E6RjRnTnsjsV9OE5AMrHaCjykugTCJgWKXztEqqWHyVDHU7mSCRrKN0cj2JuF+R0bnYcxwYCYYmOMqzNAFih7LMAnTdekknVBr5SooGs+Ck7inLqtRwWutZawWq1Z2rMFmCuEDyuAs4WcLUCz2WorkoKH+MVJHqghZbnK6KUsPmIbKFVUpZd7Xwh/bT17o/K6GqJtZtXuC2djx1khEgyLfK8NBD3IP8ApvJMjcjZk9jI3Byih0s7FDqMa5i1JBF0lqjG1hVVWaJjAkmDC1qzMDtIBzHHImvZLdajHAyIVDHN1kZmBuqi9sdnIuAIamS3eWKnqC/PcSOLCs3QXzjMXJ0rLZUKq9rOmcUZUZv636mJmZRx5fg5O4o8rIBZUWLItNaa00GKBu6CmZd6EaDFlTgrcgoP48ot1E0Al8zT5uhDzGcia5sgzqqoMwMgmjt5XMJjNxFUh7bF7SCA1lYblNqrXK8RcALXBcECDeJEiYWUp1HMlDn2mbIonFszrxSZhIHMmE0LnmOqE0OoXzNja2ZSThmV6dK2J4atVjX6KbO0uMKbUNfdi8SHC6NR0zp0+ROqwDkBxToSJ6txy2EvVCRB7ndEGkjqI0yBzlHR23awN+Ek7ijzCsrKysrIhNaowgnjqrK3J3MKD+Q+9M66khbMMzXDpkdlyFR1Ak85ngGXM6ooNPbNpd0chiGdZ2TtymWAnLHHchyie11yvM1vTWyCy1A0ZBe/0kX5rMGpd3l1fNYNf1LUxxIIdqkjzaxsCXTEWcnT5XeVk3U2bUHqUah+XrmkO7ISA4ptOAAtPzWEdNIbptC91lHQgb+FahC0fDy935B+S3MBN5O3/I7mFB/f8h0YeLHzUrk/LMLrKWDKjEJLER1Fsz5cotqKemDG3fLh5YQQ27S4yMkMbM6FRdmV74GPyhuWRjim1DXC7gG+w+n1URj6gigblsw4c5rcofh7yAwOopHWCdSSPcCRSyF2ctpJAS8soXtBQw54bkTsPL8rV+G5nAk0LYw57p8Us4tbTYnJmyqDGGDo6LGonbsrmO+KnjzdQXK6zIO6/nCbydv+RwLtsj1pvTIXe4Fv5LmhwsXxupzcRSh6fT+zM4kdpu0iXiQRz6maSTJf6qdGGNu+bDm5AnwPheM17ZnubUva27nvYWgHSaXtQY4FxWsd3g5eoZXyR7x4oD0JrIwLpldG9NcHbfl4gmIiyNipGmMPEpa4NfHHH4t6pKNtQ2SItkZoGJYRK8s+p8S6Nrt/DRrwzF4dinHh25k3EIHISsdtZFpRBQTeTt1dPqY2dCIi5NYG/wA4i/RVFIW+ZkVT7F0bXi4lY5gYGHLMTGtLM5hTZLl7pG5XfVQBbeR7qVkzC4y4afIVJTObIXFt4w551HQsTqrKGRoGN8gAZH35XZ2N6UJgy2c7D4H9RWNdQDOymqdWMPOo1XHLx0YNlWxGpmzN/D5GEkeBeLPUrNCSOVlXI+KcTRR02c6poqnVkPx08jY23dUTZJzp09OJUcPtsKF3tUCWFficmyoK97xZ7Q49U6Nz3XM0QjZdOiAOd1GHCNuf4Coog/qA59P0LJg7ogwbqWJwZZjjn8hfAJcobdzpLFsjZbuTfN50Pue4wMLbumw5vRHDXROJTqN0TXWcx8bQxrqmQWYKmmdKc7AKhihnle8av4lEeiFTE9As9q7FbHTFRXAjKyjeYoQE2Xp11GlNiaboQewqJSx2mKNpY9D42okaxt3z1DWznJSRl2zo3puqNq+SSxvdoddUkjndrdYhCJ1+s7BG0lSsfmEio82m3P8AAvaHby0RYczRO6PoWVAJsmWctDI2QN1DG2MFzWOvEpIs4YGFztQNTJhLmLhlf9UszDM8no25kgYAFVUAi2bTaYCmkZD3ZLbvpIn7Gg/o072dVT07qqRVtFHFFGxkEDWxsajStKdh7CnYX/TsPmHbSudJUPzx+YhD42oexrfPPK1kxaykYfZ2cIPkAVdK83DjlzKjmd9jTM4IRPJVRHpsupNQSB6pc2m3P8HLA16mpDH1a2cxoTi7V0cbIsDXZ1pOja+2q5rG3cWX0k+ASNDGuY/Uao5S5zy9r2SfVMrMxBJiBU1E2WVt5ogeidSBaFk+ha9jimUmSBxjwcPnd5/yywZJ3FYW27nfHVLmBv1JXsZM5jaRjh2lzwhNIq+d56HK2/Wjnd9rZJiEGSEqpjyMu5736geqYu025vhZaVsilo3x9Q2VzE2ouyxbVA5QgepCIBtImRlpcUXPYxOlALWl0LXtMYkhuWWund690WhGMKuyxxFQR5KU3wul02/lG6qReVYczK56HxtQYw36kjmRzuYKRpHaZJAhUvCrqhzgixt1RTluwnlIQEjiqiMtZd0kz9UFUpcY25vh30zXqTDcpu0wuiKbUFpuWVPQ31xZoQeC5dHdUI8riVH9K4cJkPM9Od5ut0VUxB+W9a4MhVL2N525DdHrKVQDq8ofG1GmWESPLGTOjFJdmxkctd9lWVBXuqObJs2pkcOjQ8lVEZYzM59Q/VDlSFzo2l3xJF1LQsepcNI6gxyM3E+TdtRlWveyJ1nhOgy7QdHKWMSHp4dw2s8KU+XrUDUjDVRn2/KE+wLisP6tcUPjarTc20jsjZnRqkvHtrOXiHAKvnuiASqKXT6BtQ9fUcelQxzWZnPqXaocqVxdG0u+MIB3fRsepML9waOSO6aXxlapWqtUptQ5eLKfUZ0TdUJ87vy/2p8T0y8HCq1rxk+OqWxvZlkLWNmdGqO7NjM5CosFX1FweVDOWdEKlxHQGRx6VEbwy7nVFpQ5Uzi6NpPyD4WvTqELwKZRNan0IT6BwRpntUTvY0hyyOQlBWoFmCupDZrlX95XD8ThP1+NqWMkZlkyMEzmGkcWLXchUdFX1GZOFyFSTZbIVZATXvcVPE7Lme+o+oHKmcXRtJ+XqaTP1bFTuiPW6zLUWdE3CmphI9UsTQRb42qiZK3K8xsErmKje5nRGoKbOsQma8dNMlUUoYvGdEyZ5KqGPLbvdU/VCpn52NJ+YqN+VlkWVeyjfmJVGPjquFkrMrxG3Ve1Usj276yE4sq+Ziv1uqOVrdxV9EJ3k9Khr3M8zpmiUKmfnjaT8xPv+Qr+1h8B1ZHGAWHx1TTidpaXxtimLDS1Qb0PiWuQmZZV0kXKkkjba4q2W6NqXXVVqPbd0b9ScZYr5Rf5iZtwgeZ5NBElgBb44qehjn3FFlFkaNq8OxVGF6naMEnv1psMydwiAHQQyA3D6Z8vfBSRwdnzT4wi3ldXVM0F3+V//8QALREAAQMDAgYCAQQDAQAAAAAAEQABAgMEEBJQBiAhMDFABRMUIjJgcCQ0QrD/2gAIAQIBAQgA/wDM/wBS8747YbfR/NzvrprrTJoVWkjvcoRl5Zh/N3Tb46b+r3rQZw5wcHA3X5r52VnTaFKV/XlLU/xvGM6L/Xc3XHlOPS3qcSXtSTzVhxtODtTuoVoVItOmjgbnxJZz1U6zYGeH/mBJ7SpKo0UzDyN0uLOncUpUqtzZtTuZ0aXx3BUqgrXd9wtQr27tQq206UtNRULqVCrCrGhVjWpQrrzusmMXZrThq3tpPWmXfHz3wz1YNdU0y+Cunq2EYy3UIKVaMei6gqvA0KrKXl8cOf61TJRRRRR2+VR/DRo/9SCm7yaVOFaIqzbHDbf4tTI5gtOCjtMooL8j9Ulf8ZtSNK2sOLK9tUn91SbSnKTLh75WlGErSXXsFHkO0yXy3EdWVSdtS1IoYhVlCTTjbVpVLalN+vKUUcjbL3hq3vOr3XBl3Qd3hZcJ3V1PrfcFU/x2e0nQnTk8Z2HD9e8qxEaTQhGDcgQwOQbaMTsaE5a5MzRbTHUj2Qh/UT+kUdtGSjynsnaTzBDlKKPIMDajyDlCCCHKEMjbDk5PIUUUUcnaghzHJ5juAQQ5C+5FDshDnG4HmPaO2HlKPIeQ4HtnuntdVqWpasHkCHpO6+1famqsvsZa2Wtl9jL7GX2p5O6i/dPYCGAhgIIerPwo1GWta19i1rUmfGpa2UZGXdCPoFHA9Gp+11Ino05LquqlUkyhWlJ1Lx0i7p3dPN1Qd9XqlFFFFFFHI9Of7U8OqCbE1Bg+GdOtCoQ/V7AQQ9h2Ke0K/CT0hiUVGJdNBNTTW58taxUaTR8eiEMHBbBdHA9gJ4sngy+uL+XtopqLMtHX1Dk5CHuujgYb1ijsL5KKb1ghsLo4dM6b2Qgggh7bo4fwmdNvLsmT4ZvfHtOxWlBae/8A/8QAKxEAAQQABQQBAwUBAAAAAAAAAQACAxEFEBJAUAQgITAxEyJgBjNBcKAj/9oACAEDAQEIAP8AN7XOA/5CaVfnIPNjnR+dhfSsWyubqkHEfF82fzu1XO3zV8sInkWOb6DDmzPL3iFgFDqsEbJ90UP6cddzNw6BgodTgTHAuhcxzSWu5bC5hpdHnYzxLobAmaG8tF1L4Xh7GS3G17+qx4C2QwYpLHKC5k7JBbFJEHsc0yNLHuZyzR9wufF5JqYzLDeuDCYX5YhFonvlQLRdkIyfOUX7rCgbAOWK/uMypUtBWlaStBWgqjxh8ZBqMvjSLTGUQ50Z+xpyxR3/AFYrWpWrzsrUVqK+ovtVcQEUFa+l8AdNgmqnyT4NHK0aGtpoGWJdG8kTD1VlfDgZj5XR4Y0NEj6VZubYIMzQ2RwHJA9nT4vLB4UOOQS+DPi8UI8QY84yEStmYRqHU4nHE0hF2okn1XyAneBQsnya99/09/HdXLjvrlv477V99cjSr0WrV8pXO37qVcjav02r/quvbXIWr7KypV23t67KysKxt7Vq1e4CLFpVKlpWlUqVLSqoeyuGHyhRCIC8ZUtIVKkFQT/jYUqVZ121np2oQPhHMdtp52F9t52rV5XtxIvqIOyBVIq0XrWUTeytX2eVd/PhVle5CsrUUJCVavdWrVo72leR2l5VwY7Dt7yrgLVq/OR3V8DXN0tKCpHfEbvUtZy1H3//xAAzEAACAQIDCAEDBQEAAQUAAAAAATECQRAhMhEgMEJQUWCBQCJxkQMSUmGhsXAzgIKSwP/aAAgBAQAJPwLptSKzM/TZ+iz9Bn6DP0Gfo1FLQ9hWh+VVlDqF+0/VY2ykpQlvJFKKStr2fq7fufp/uE6SpeR1ej9P2z9TZ/SFt+4tnAZUVFRUVD3Mz6fsV7f6ZRs/sfjuR9dQ/wBlJ9T/AL36jMQzabeGx45rxtfuqKti/ihbzw24PCkXCW48WZrxf6quw/209hbrM8MjMXxng8zPxN7D6aP5H1Vd3vZ4r5eRmirPsZPxD6q+w/8A4i3c3h+BfPYvY/3U+Gwe6zOrvusyRkhdDZ9NX/SfCnsR9H6X/RZbubMzN9HzXhWVNqN2D8kdKZPg02pPVPbejsfj4SEIXyPz4JNkZ1WXbe/BPFW0pGMpKSkQikpEVGZS/iZ0keAzZEuF2354i2D2lPGQtg9pTs+FpZHgHqneknhIyQviLaPYyn38HS+vQjQoW/PCyQvfyFtH6FsfwPT67/6dP+kb08FbTN/MR9VH+/A1Lrft/Ayp7i+flV27i2PjSjUp6zrqNVU70cHJduhZVdz8+DWPXH/HREZ0WfG0vq+imSFxtXRlJnQ78aV1XVWS5409IRnQ+LbqliFHGmy6Vc0vixV1PmktxYt030+Lqp6jY5o4sIhdN1KCVxIfUfZbiX6hqp4s09PsTVxZfUYc8W/TvZbiRT1KGRbiTT02xfiX6pqpJXWOYtxPXVdNXEmnpdiKY4l+rzTw4q6XNfgl54dul6aOJct1iV1TsTU/BYq6pzcS/W7cO3SIp4kU9birqUsvxL9bmnh9+jMW0pEVi2j2b/frl+oc3AqKdv2MvAb8O3RIp4S2j2f0LZ/eF+u24d+h2Rd8RbT/AOvXrnfhd+h8z48Pr3Nw+3QuXj3fXrcO3Qrvj2692LdLmr4HN1/vwr9B5ePd+AX4XfoPfj8vhXc7fPv8Dm8qjaZZlfFu/LPyfTWoZ+RbRcLl8B7dMR9dHZlX7X/FmT72PyfVhkMy3L+A9jv01bGfUhOn/hn/AIZDwgeZJfwPv09YoTG/sMX3I8D79SWOz/8AHIyyReca0alhI9yV5n7xZGPvzODLGB7VhFXmrFg8v/bNfzuUT50v/PDH5rb/AM6X85v4xAxlWD+bbCHg/Ge/QX4z/Lzr+Xz5fjXY/l8y+4/Gex/L50DyHl4r33Ox/L52llXi3fc7H8vlSTix+Ld9zsfy+XOEonrlOwewrjhPYPaMhcTvu/y4rHxLYShC2bSPAWMfw++52P5fEfAcGawnxbvudj+XyZw1Fx+Md9zsd/lSsER4x33Ox3+TKIMmZkvxjvudjv8AJhmaMn413+cvpY9qI8a7/HuPeuafG+4xlQ/hQxDy8isIWCO3wObBbCCfJf6O3wp+CsELcY/Du6O3Bl8J5cKHxmVYLwvujt8JF+G8b8ZeDd9zujt8KOG8VIoFO4hYsfhXfc7o7fMe5YuWHurF4Lwjvud0duNbCeGxxvsY/CXtFgyoeHfc7o7cKCMc0T819dZUVoqMqd9jixkIRbBj4cmaMmLhWxXhSwWMsQt1CMj8mZV6PpqurMWz+j8C3r7s4ZGe0yxe6yBFIuC95b0dUe4hb73ELiSSi+EvCxLwhYsp24vCkXBthbfpF1WcWMfDfwrGqo9kLdjFY3EIQhcJCFit2+5BC8BtxpJqIpk00wXglksvbHlPwekSrE9jN1GbqNRNy0mlGk9EvCN+2MiLYWxjwK/GsXFJFI/opNNMEI9Y3L4XwkklnOc5zEk0HLJBprOaCUTTJeRZVHolHsiqCaRZMsOenzV0Kd2xzFmLJosPKk0o0oikikggg0kFhaBQIucxzYPSSiSHJDF9hfVSSpIrOSD2KcH07uduhSSRjfGUc5NR7FqFqLjGe8FIpFOCg5Tl3LkVYTSxQLUiKi2CFg9yOldy6XS7FsFnSWLj1DmMFAoFAi5zHMcxzYWOU5S5csLBjwQ8MkZsypsumTR0K+5A9hntJGX3IeD0liBfSLIWQoOU5SKSKSFhNRNZ7IpELOoWSLjjBYMzZlhksLeFw995l5ZVsSNKFJNh5lzUS5OYlwajUamaqiaiaiXJ7IpNNBFJ6JqPYsqRZ4se/GEvpkdBkuyxNRaSEXMh5dhbdkImw/qdjMWawf2HnSP0RUc0GqxqNRqZLuc0si5pRCgeY+BIidyfDpx9E1kUyaaS5LJYsycJxsPIgtBJJfgwaWXhkizEQyUQySB9RQxiFxu5dfA5R6z2RSRTis2SyWSSXwUC0CgWTFqFmxZ0izolC+5pqLwzVSLNSLJmdD/w0uGPOzNSw9EoeTM2jIfVaUUoi3Fmndtv/jc5jkIZfB6ZNIsqTlweockki1CyqKZFAoFmhF5IqILEoX3QsqiKoPQ/qoNVIpkRkMzMsMl1fMpKRcGHwox/Bkx7VhfGC8Epi1ScxYekcEGkUCgUCFIpFJzYWJpF90LKsixNI/qpJwuLBiwz62ikWDxQhYonfjGTNGTHuSiGL7E0YPKs9EkikWoWVQiwtItJy4KRSIUFiRjHqLCwYsJ8ERSLfvwHkQsHgy2LzRKIuaSBaRaRZoQpFqObBQLSIWdRFyB6hwW8YhEshYXxl4vIeP4IY5jCS8kCyIRynJgvqqLyaUQoNVRaSxzcKfC7bkImoeVzRQZdkXJeCxeCF9zSy0D0jHqHMDz7j+om5Dk0j+w8xjgZfBCwqM92fEZLmmmTRQekaqrGpmqoktihbjHAxk4WxksOSr7D+qk9iyZSWlDklCH4jG7NRFzTQRTBeDVVBrrNVRNy0nvBRi8h5YSjUj2aaiLGqmDUpIcoioeageakhyaahZovI/sShYT4jp7E73c0o00i0wXJqH9VRnUxfUxZ1nMSMqgcDIqIZaCaS0kMiolE0svIvpqKb5CguMYvEYx/BkRvrJnKPKk0oX0iypFpLDHI9Q9QyUTSWkhkMkmnC+CgUCwZcXWoH8eMcmfVSZMz3HkWLjkkkUi1YOBwPSOB5EHrCcXkORnKXFIsHO7HQO2C3KzYygoKRY0lBQbCvcpw7/J/BJmkZMzRTsY8fZDJQ8iBQcuDkeoeoebH9RJ7PZpILjzHpGcxFGMvo3bcQtgyrBC36hi2lIvlSQS4JuyCOwpsamPMzEOSr7EoioeZKkhyXLHKcpFI/pHkXg1VDzY4k00F4JrIpPRzTg8X0Tt06TJ4/kik9I1OxnXUZ1OWe2R3weCJReR5VDzUMlF5IrIqvg9I9I/Q9Q82MtuvBb0dAnYLZ8e/xpJweEEIWbgzqZqZNUs9s00oX00i+lHoll962F8LYXJwuStxdIWffGofHqKsKc/jySQMQyC2CkljzZ7ELJEUjyWCzFmKcLFsLlySxYvhKJwsLJ4ey8Fh9FzWLKmVlRUVDGMZUVH6h+oVN4r5iHO4owcksWbFm8HBYQshE0Hsio01kWJUGqk9mlyRUeiSaT2aay8Gqkf01k0wKelIpKRcBC+dDIL4LIvgpOUcYKBFx51F8FmIWovhNBNBaTmk01kWJUGqgmiSKzTWhZqBZ0HMh4LpqEIQhCF86CCWQPcgUHMOT2LVhyjgeSIFAoFpFGHMcwsmLI5CaSSK5NFRFiaSwtXTVuMYx7j+dJbCCDIhbloOUioWdGHOPUSSKRahasLHKcohSLUKRZIUYvBRg8V4nJpNKsZbbCwnCxcseyDkHpNLIZYWdAoJOY5hSIWVIoETUe8L+NRhc00npE1EkjzdjLaQQr4yzmwek9mk0kWLQahfULNns0l4JHOCF41BOEUloJqgWdRPYQxSZELB4ZbSqcYRCwlksvJCLDIEU5rr6F8yMbEIsXgWdRJmZf0XJwz2CKszPF79yUSiTUjXST0pCEIgqKuDV0O+LypFlSesL4KxJqrJJGZ/2PMY9v8AW6yMfZfC3ToNFQv9NpUxsZT7xqJt/ZPQZ3O52HlQzSkZKkjBSSSzUy8kLBkLBlYz87j6jBs/YxL0bdzbi8x/ZE9Hll8HlSQRRh6FmyWXwuLJ4MqwlnbFjLdPgX0MX4eL2esNv4wX+lR6J6TcvhzD0mlCyp3LCxeFt6/T4Ev2MRtxeCwqPRPSZxsPVgtRYeS3rl+rQJOlwU7jH/ghDIUE9MvjY5uvQLarCf5x2fjDZ+BG0ZaCes26rAtqszbghIZsEbcLQT5dAtvZ7Tb/ANP+CKVhsxZns/rwDv1DPZDG/ZsEilGwVJSbT/RZLzCVDH+UIpKMKEI/5hy+XvYbdqhj2lKKSgRQLD/RLZT5g3tVx/5sEIpwp/0pwWRRpt4BfqCz7iTKCkT24UFBSh5FP/hX/8QAKxAAAgIBAwMDBQEBAQEBAAAAAAERITEQQVFQYXEggaEwQGCRscHh0fDx/9oACAEBAAE/IemOGTGL3NnM3sJs32GT8YodZxwYB/h4zvvH++hbU/f8phy3BgT2G69tMJqZfjIZ/u6H/wARH/hwtgiPjQ9h7TIu9jP/AKjhXgVv38LZLsF/PDAe90K1K9/yKRO454ZL8BIlyeIvpvuFtfgheiDAWwP29BgPQ1KV2BwYb7T08KvIt7ualhHXdLsdjBlGT+OTJhy6IE9hDvPbLI6XnxVokJWNBuAtYO3a9BbNaGe4YRi2jE3Wotx8j9ndC3DM0YobgZwI7gteH2KusYZw+/4xI0Mhdx4/CsFh3gsX73nQaQhsXRG8QbrvgfpI8m5MWdBI7dJhQgwn6FrOwZMXplu6H8qbZBzjEjmmIPIojDmx8GfLH0+PxWT2B0JldtRPj5eXoKrQ9tDobjRWXjGE34RZN/oySkUMQ0TakoSLiFwHYO0T7DOwxsKex2x62Nk0aTAxVGBHUvRHCvcRVRCJYciGX/EZHyCQ3I+YxpuO8LsxaCxUmNdsIlES5Hur/glW/sir90zox7aaFsJCRC0II9aJfRbUbcJ2Q3YbQcAUJEvwI5PeFVbuCm4O4T+H742EL9eNqKElBLZCShhDnTKLwyDW+ywRDZCFpIZoloUhQEvQ1IkCJAgQ1kEZ1aGwG3HCjbDOCvAsMKOBKqcUv+yRKH2/DHJ8JuYeAsc+Xs32QRSNs2hSsf8AWhn/AH4Yipf3TdgSEoUNWiECkKQsXyd0feeZ5i7hdwtKvnSPCRT1SzZxUoRO1qpR122GCv8AmIGv4fhUDYN8p/ZT4n9aHAhGrSJn/wAEX/0Ei5f/AJDNGoR6tiULRDqfc1lhuT0LQRWhfpdwS9xO4WEvRDFbFuYJah2Aa0odLzm6EhNz3J/B393hcn/3bclBELgUtmBatIZNkchs6EGmHnuxNHC0yloo0mBCF6GXcaMHMbjcn6hDLJZMTDV6ayUSJNF6YytIeY0q2OxDvgJz+CMzkfyNmWzfjEgQpIpYRHLoRGlW3kY/ZNBRRKLCVo3AnQnjR7HMcjIu8iKWDuP0Pk/oj3/ovl+iAlZHptiQpQ9CAsPWkoIZQsZKQhyx1GKSSGty26CgyU9/wPNp/dM7TwmWKSzAhIQhWzwuS274Cd9/I970liNIhegn3Gvccx9ykd4ELR5NrTeLSmJRKwn6Hw/0N239GbUzKmKgcRNtKY3e2lUQY9I3RJCUJCw1E4gTIsKHQ+UIa40K75fgV2S34C03t5WPV3izI7IrMCFaREefZEvdt4XApcj/AAOaWRkJGiNCkknHsthJfCL2nuQjmi+FfWTwllrZ2JmH4EkLQiBppQDUJtDUO0CtIakWuiGWhwxhlc/EI75bfr7SsYXJ/wAzRPpJJULBMs2yJ67bbgi5HGvOmStIBczKPY0WIN7Igf8AWF+d8sVfZrmmhP8AaWxMEvgKDAxqTgJw5DFuSbiTMimGLoQ9hB7zwPgWqZKfXW2Qgw1f5yXYlghC5GIU+wjcZsiBkYe86SESgiFmwSl5F+TIdM+X3DoshFIM/wB3sP3EOBNCXRjGhEORhFqJhQ0QGSHg0WBQLra1bISVswwfb7BKJMJglEIRmxUm3SGfqEQ02JdFB6JrWguQfBB+L2QiVL7u/wD77odf+UFrX/ULZCEulCO0KMgCghWmLaaIczLaUWLwMXWWJrM4tjbq9FFskOdwiVDSwie2iL0plomyYp/Qftu++RNQydEWdgpW9n/glkBJpwC0aOLEpoErKmgxcjyoYK89ZTeTCjda5tQgQp41+I8CJ4SwiAQaRy7pZiM7byFhcJdB9pAw+8bWd7RT6MWpVhEBkx4HKWhrNGxnlDeZTX66uxulNr+0cyQjDRbM2Y78YgBCQCRAQ2TRjREt4XJXybBLbobRO4e6MywZknPoQIDBORDAhRCGImtpDmaI1/8AiKRNYfVWJbLbiVXaPQqyPb7keWWYSPQkSpYsa6StvBWtbC46M2zF8D28OAtw09G5ExD6CEoZGMe8kFlcfVfE0jJc7ac5DFvY962RdFSJbIQmkYnkdErbwhSqx8LgjozUkgBM9lh8GKMCQ5aT0SR6ZgIAqCXMe4c5kbpqvqdbqQ7aHM7QhRg5AYyDkjSXBAtZaRnGCum3ShSkr4Da9upmKxajU6cBETiWCVCkaMqIczTLK6nOW7BeDaKcSKFONhj03GWYSIQ8ClZYsqCmHPTCA/D4HHB+w2CCQtBr6U5C1QrJMc5BKTWUKSbk6jg8UyAN7dUiQyXNpkrVaBNI5OY/9s+RCcbHTXHbWKmGac5CJUJPRgiyMhqBJuBzRz774jEH1D3dlWJaGcSglXYdyhFBFHoNlFnCx7kb6fU3+w95ysokGIwzJjEglhC2TkkTZImsvwp6dU7AzIteNahGX5oEsEYSBkUnMrPqH3j4jiGBojmSRNaFITkQjYkRraH7I3Y5CUk9OxPzJSqVaKdiUCGBjeRiIo1oZK2tKpLjqKRKDPqdiOCIQBThTERQYyIQYMzgeUwTPTMSqnIHWs1jKoTyYhaTERitlYSfO/U5dpwDadwTiJEOaBsk1ENotlEzQ7bXTFqkw+lsa8q9ituNKZiUInxMtuzCRQRaRWSyTyuqoVPIQshkBLBW0lhkMEZCUgyMYcXwPS0ObCMfxwE7kj19oRYW2iNaDcIgNScnFmweuqreuKN74YB5RGJESNwRBERIhxPkcz6WS/BI5RdvSnaFgSjE2JRdEK0kiZind46vASitRHIFvQ5xATI4shoQsEEtDNa5YSj4vpURhd6DopkSNEJCjcE8N9+Be1nV3PVtUbl0xjTBEKHoiCIaMijTpY546Slpswze1qcSIrZIonZgIRNInkjJ46zE/kMZA0kSfYIBmEpEMJgO7oJRG66RHkXsUq2WjOxKNFPeyVohF0nh6HLIWnZdZVAWsDl5mJosXJGJgsDXWkJJJMfP3Ev716O3BK/bHTcihFpMFklggaIEZ0XHrQyEDhaIoyjxki2YWToeVq5kz4fR549ofNzeRwMR09XDXiZ6UCEieJTJs89cMMYSpCYpTTqqIWQhYXNjdoC1SYa6J2iP1rGJ25ZsH9HGfBbsXyPbLlDU3cMmUs+B0Lo9DjBKHOGwlBsutpxpBzjZ0Yx5SYso82KzklEQZQh5FpszwN0Tl0I8XRtZbKhlb4eClPfkJvd+GbsTqGbU4NY67tezM7QrInHwRr4ITFCJESWmJG6JrwRgvpImZKzCVdGbzQmR7GB0yvr2073M/gSpaUp9jyAVPBG0TpE4RNlxx0PPG4Na7zIEhUN6O7MsMYsDFEBOGX2xGdhJsVa66jZxjZty0HwTHnxSEYQBEolBhpHMJdChXIeLCaMZtRWWYyJa60xLydYlEmH13jkXIlQbkeNE8FWJEhpJ4geD6H8iTCkOJXplmZIzGQoWlUjKhxoO3y67Dm8iPpN0QkWVcMmBgJkTJGxKc/QZe2TFbcoyEN6ObTeWTNGMgJ1BK2bMuvYDEK7hIlpmYiJLAjaJkiduh7OOODTyVo2nl07MwFKE0okDKy556871Jik+zmMzFPMiJkQoTIMSJkOu7oPuCfuQQmj6pMTMxkKFQ5sUscp2BabZfgFcLNosokJGliKRiSuhxoJ8/foVtsiTzf4IjIVDHMui8slZgIhjHgTyXXH4CesQ0oO9DG0SoRdaY8AQ7yJ9/wB3UI3EfoGTTVsmMYuuYMxIvn8AScNkpuUojgs3ZkmkNRIV33PCH38AgpKhSR1nSSLM5aN2h+jWXpQr0GQmu2BCTZfgHihOTycCZXYi3cS1FSh5RbLX5PFG/v2k5Yw9uQiluHD9xI2xwuGRNILJU4QpjLoslELhsg9CJpIV7fgSZQ1wyjoSnoVpL2igs2n7csX36klgsuKg+KGlqM1oSsm73B0WU9lkE3DZYY7VERszbuR2gRyQyWWkmDISdl/wGOdx7gD0tC6LkQ9B6RZFPQ4cBot/IG9+y7MrnYZwvAUE3T3JIj+E2XUborUrY7Dqgn6ZNSoQgndAnsy/AYnymJ5joZ6I0ZcHoYIw03xn0XEwwkzcmLuWk8jk5IFY3B4UJ+Tsm+hZcnuAf4E8MgXcMZabWGOIekPBKUD7dIecJrNgRtX6EG53F+B+4hsC201WMMRgjbSmhl5/MP0Ye0LbSpeEMBgtd+xfmCQhmjYY6TwGaMGhC/v/ADBSxGCMTPomsYxY03yH+YIOA2GGq2YwmGm/o/MZgMBjqlkMepv6fzCIFoYDHXJrGHW0nvfmNwGAx1SaxjMdFj9/zFYjEY6pZeh2xe/5kth6Aln6GTB7/maQtapZDGYaLF7/AJilJehZZegy/wBvzHLQWNAmk0v0E3+v5jUoLCF1ZM5/NmZI49Ak1h9Zv9/zH4R7eiSyGPQzmT8x719IySxjMDKZvf8AMbhOPQJZDHrLN+Y3AceiSyGHUX9n5jcBx6BLLR4fmatwD9Ayaxj0Mn5kHg9Izy1dl/MksHpGWYx6WX8yxwekb5DGYi2/MmcXpWWQx6GX8yOwHHosshj0s/5lfiOPTJGPQz/mSuAeibSTDH+aW1wD20G0kwx/mhssBx6JLIY9DKfB/MVg9KSyGPQyHxfzG4jj0CWQx6g+H+YlqelJZDHoZT4f5i8fpGeQw6WU+P8AmVD29BllqzIfD/MbgH6All6HD4v5icA9vQZLYx6g+F+YvAP0BLIY9RfC/MbiH6ElkMZjpPhfmRD9CXyGPqsHshtDWYpCTiG1Dc+tqP0FJrGPQzdSSYStkRSSW61xjmaEG0O73Ie0eBDdieslH6BkikY9LMfH6i7a0zj7GnqZelCGTAywTL/Isb17EisZF1e4B+hJZjHoZj4PUgWJ1uitRvApY5sDmZ8bcvuZ2NTbrgh8uwhjq1xD29Fll6FT4/UG41GSLDObiO8kNTdMZmfkbtGxNVkZenbIULq9j20G0k2rMx8bqE81BfyimDlBGDjhPJBPn8kqpZKQurUceoyNBkPh9Q9iEj0jORZiNNuHXOhuJ0Q5Enqw4PSMstXZD4vUFdmQ0s+53bZ4tKbI1qmzN6WdWuAfoCSWMZiZD4XUNscRKpuiBjpXY5k6Ni1CwurfGP0FLLR4mDPjdRm1lS1GYmplCqutTx7egSaw5xMh8DqLsggUN09E9FJB7S0s+r/AP0DPIYzEyHxupIWoTUGLp2JDdRJNsSYhvq9wahNJJYxmI1j4/UrrkY1b0OG5PDJtQyUqRvZCRdYuA49Enlo8TMfH6i0JvSgxuUn9zIJCUhkUfD1r4Dj0CTWHqYj0z4/UYMNyi5SH7lKISDUpi+tr4PSEshj0sGfH6i+bjByKxCWuw+fkqyxE9a+A49Bllo8hgz4/UakpjbISxcEFPIiHgSLZE9aGD6CSMamfH+u8uhNy7kL6AdQt+5CJmicgccP7xLmE98PgG/wEZWUXiEKVyCQO3Wvh9ISyGMxMWfH+wCR4NEkkvxHOZ/ebkySgWAYjKcuJEoQnVn1v4PSkmvU2LPj/AGB+MNoLL4+9LGxCUShBWVokbu2UaF1o4jj0WWWpsGfG+v8AxmPxoPkH8fvMkpzu0klGxfizAucR/PheUdbeA49Ek1jGMGpnwPr/AM2uXzfvUJgKIO9gQmErgTZyZPFOBTK7O3HWlg8HqWRj0sWfG+v+zFrp/laLD7uwYhDYLCRCGWRxI/OBCbXrgwekJZDHoYs+J9er+AtdEv7jL92pCxuSkMkJySS3gmxjt0aJHe767hMHpGTXo8DFnxvr19oxjkn7DKE+52cY925sPUu4SqcpGRxODgROmW60PXKwJdZgIPQYDj0CWQx6CSmJRfA1WWQ+r/IYdJn5Gfy+52BLLbYR/JoemAJXSpS2EPdxHKt9ZtO5RQzkRy4XJC8WY5oVQxSR/Y4IX7Ftn7LiyBkwEdGJzBMTmgWqR9Rx+GmwLnyZ/DKN7/rMVaCc/QJSWXeCTxDyQHJMYL/O7EBJFE2AlUutiYrQhxuFIWO/LixtF0EcGKfyvqfFa83+TL9UPdgjJcphmbtC4jG403iumorIkCHzke8KGtuciEbNFxthCI0rJZsBVVDTIBdcJMFpRgbvQXbrkcGOXyvqfDablh7lCQfTUsLS2X6JlgbzCObvVllD2DW58iXsHmmRbXmHP9pxPKbx10TBaUON3oLt1yOD0/yvqfCaOcWvc+Q+ptSw+m1CyGRufOmw9zm3sZsuSwJd9eGZMFpQkDd6C7Ncjg9P8r6nxWlkFp5PkPq2ApdvlemPXeM7E0ewWtcRIxzGM3QqZ9cK6VwWlaG70R26xHBjF8v6yDUfIK+cWfqO6BN4edZJUiA4SJ/qjeI6F3iNlcnsBEPaS/HXxcFpQ9ekXbqEcHpvlfXrIXwX9VOiSoejCXyUTuSpsZFvB6phSbnA5FaG+AtIWOvi4LQjD0jvgx0kcXpvlfUen0M/iv6reGC90PLF3DZmBcXCHbnBZax6v04RQ5PxdTCX4ALjpRgbvQVca5HDTfK+pTR5HShI6BU7D+oGRIaAhyIjgQL9znwzkCMMdbk29S1esLMeS/ARcFoWhu9BduuRx0/yvqTe5xOYYEDUSkvEJFJ/pGxzpYMJGWJyjBFNCxvgIK5uiLSUSG4VVR6fzPwILgtKMxu9ZeRx0dfJ9Ro9odxG0n8wJ+n9JTb2N9ENWxVzgQlLHpfCPYon3COcu2Mb76fkmC0k7wpLenIntGXA9tIR7EBBMwrdC8ohoyIEhjD6eDhpRgbvQXbrkcNO37PqP+1aLCujz4T6VAmh+zFv40VzlAqBTK2LQJ0oZRIu4ckLQqT4noTldxqKhyO54AJ5WDzFrAnMN53Ny5wKMuMkHK2Y6OUZFyVOwqEZEsp2IDlClwb4ViugEqEsKQgxI3bpeGGlD0bxtW265HB6PJ7/AFHjyL0zdPiPoNBsU0wsD2mxCD4t0ZxgarLTMBnPAhtoLkTbBbcYehJY5jeCKh0LFF2oTYOYN3JLBboQVYE4rJUuAlwFI184I6PJkvBgFzEW4klChsNuRkpihzG9i6PLhoRh6RUMNBHB6P531GL+elXSw8L7PoRZb6Dk7Do5MoGbWJ3oRCyRdqEVLBipfIiRhYUehvIbqYQ7SQ4EiRWEHbIqq0QbxAhyNgDRhbEJQySUEcFgPCsyU2gtpISSeaDR5IFaG62Jso2QxM3BbsH4bQnoouC0LQ3DaLQMBhoI4PT/ADvqfyajU8DJHjfQkoclA1bOijSiLiby0Mk7juAlj9QhcCRHrQtENcaoFoe+SSTnCR92KHYJpe4prwGk5CZ5wJuSIX2Y9hYMd5GYISUhNyCt7wIAYgWklgPYE0F6U35LxgQk9EGZxWlD0btS1F8GGgjg9P8AK+pRfD0LeIvhPoYZRCUlwzBHKvkR4VyKy0KEosIlv6LN4ZEU+YSErabiFoTweLIKd5ElvgNCJUY+lBpJYIo9xDAnhKQ6GXkkdyZYxI9E+GbNj2MCr20WpkbOBxm+iA4LStDd6Argx0EcHp/leiBSMskb3GS0nUpDEL+zuIf9b0OaUL4D6EzjpkWzITaTlhV2GJpe5YwxJrn6jiUWQQwiwOcwhNSivyO9SQQm1kWhISSzsa7HFJ7ognJykSUGXY6jI0KbDEWvCcWjDHtYIFY9KVlCFt5XQ1cFpQoTPoJs10rGLFKskHttjm0TSWArHz/9oeiuINGwki3DN2kEz5NyGpIQpXAjUCywnTfsZCVAkthusLrelctRrysMQUK2TYLJcZImHYOPJnwtH0e4Jw1cK3QgrDkWj0CsQCscHlCyXSheSR2xJQNYiRn7i5Lg8kFImOvsRWiAQ2FEGwOdw3IYnLohpCJZh0GdlWRBnI1ocBI+ddCWZx0owEyJqK4MDAYtc5uTwhu57BByKM2AeRpE5toBfIwT0Mk2Mty8D+RQtw53PciYb3mUU2M8iEvaKCGvYcYIkt6P04GllbDtt5IafIoxLbE03K3FKXwwuTcJ8CcPQv3aEJKFvBFRInXIVnExfsBUhpagpTnRyJSB0XeNtyKStkHucsVTklHPL5axcYe9YRwCbq0TOGhSHnifV2JxpkSSJLMwU+Uezv0OIDHSiiGyN6F4COGjRlylEHto0u6HL07zCa063mjJ9yUNHsPOLqsM8WIV0baTGx5EIS9VqyhC7EIUJ/8ACEhdW5/9hA2XsZY9oBs5IJyvcWxbIt+ti4YbGiSO23kK9YRvx3kGVYkSnAWAW6rJCbYxAVzuKFAlUoybKWBzHI1IBFaMibmKE9Uy2R8inUmxG6RShFPdFpGN7pihA0ER32IMjUmEjFDZe3Q6amOlaW70F2kAmQ0kO6N1EyVucGISxK0SYWoO6OC24rvok7oeKGRxsbGGI20RG+Ca7yIiWxYSWNH+t5F2W/oez4zEdeTkavDYaw32EpNyZJqSeCa2wR2QswkfMlJnHESwR/1E4h8wY2luJuQn+ghlFUsvJL3EXQntDCXYTXeGN6oekW/ElJBwkcoUXZSKwt0PIW5aVCARR+4Zt4Z3Bje0fsCIiXHQlMNCMfSLQFoYatOPXXguR6ly0N4H2DbgZxoG6GogGkqQaS5hXjhYYwwxJtJUNY3FoMcEEobHCIxHZwhMn3WLbesJq+ANs+AIjuxIsdvRLG8AoEzsK6fsN7EIat3W2gMTNswBX7fHAdR/jITyfAnKbcZS3ePMCkYu5ZDOmO4ugK/HaJoMrJMSk7anhiiX7OQEsCzgyhazwxZtc4Iy52ERuVNOuRHslT5ESfe7C4B4Fu/8HabOFSHzm2MSWAqSWehiYLSjD0CpWN2QJIpD4hgjg7B2TsmziVjUiNBqxD2EcHY1XsnZ0Xopdw2NjDDFGiYDVziOERewynh8j3CoEe8BJGY0IbTNjmpTbEsoYMVJQWHDaJ762DjavA6hfCEp3aiDeYENrticbORvY2FXymDJqpVINrfP9Hk/9ikBQ50E53IMmO0QQ6+SDNtP+xaVZR5tcYy8YECXWAZH/iGj8JZCViSM6eBMDcYRR/8AZCiXI+zKrP8AkW3wKVjMnYkx2rWOpwJTffoauGlGGoonFenggiQVkCfXGlqQY1GhQbGxhhhxpLJiax7e6hqSpTb3hkBFrkVEnWnHlNu2OJM5vLBdzcmJqrvL3DZxxjp0gZscf5ipwj/MX2qWR1HwVH14iOW+B6VWI3/wZDU+ycO1JH4Mb4aHUgdxkhNL4RwFck8JBM/aK29kTSQxi5rZQadtfomDbBxhPgN0fAQJQ4F1ghSRTArGieEOMBG49DFwWlGGhhlPdBPGoQEpESCQhogoKOhBaCCUgREnoohhsYYYYfSySc3BKkbbCI6DmnyHmAwaBqyMd5MjyhphS/4PA5JfcQgruQnfdNjAJV0PI3Mbmb5bi2foK/mYkYS1ZNppk2AB6SuBglHB7mB8ZE6xRlk2yBOW0K5WYGrYEhv0ZHogbr8uKy3MtrESzWIQWxnE3aoTcskooHM4PbT6EHHBaVobtD2YQQnFJJPpOvQtZJOiRPSgtFWDY2NjDDD63FqRlCwKdgxE00OkvYiPfYhNocpr4KKcmJ0t5EqHZoAtLU0WfNGuVsRbAwfYJrFgplk3BYwlA2/xJvcZEiLC86EuSEmLNwkzR5MoKBSo2oIYEa95T9BiPtwRksEs1RI5JyRJS8EKCkII2ll6YMLT7ZRFAifsG/3PDOhapS0op6Q1iUgRIENa800UVpr6A80yPQ2MMMOJByBB2B9iFhEW3CWcIXyqJTgKXJFhci5WMUbFCzOeDO+4rEvItNbm5LcTlGJEKRNsKY5l2t3Dfu4ki250D7XZP9QqMNoBmB/xLt/5kU3bE52cEgOEgdkrYGDRr2iSEyRM+UBVu4ePYok1cxtWyIhuhCtdQhcf6fGeIxdujk2CgEbQj9YhnHQtcFpRhoTReCZERBBaK04eV6KK0UUUUEEEUJIbGGxhhhe6CQO2jDgx/cUlPEirLCOWJWxv6JE2AwrBFMmx2K5K3F70DfcnO0vRGkbhg0Uxsoapd7XwdtSVhwBCNxesxnxZP2Mw2/ZTFP7hEJIQT5zzyfc8g0bWdw0p5mNf/oQsfb/YfSy7CVQcMWosS18Jck52u67DjRe5YHlV2P3HsqmJmkpFG+XBA2JJCbUFcJFAoi4QymX0DBpcFpQsekOmZub+amtKeijYvVEtNaxHxwMMNjDDEM41jhDdERlYItBELt2YxuDOqs4WFUliqaMHchALR7CGNBABPW7Ak6uBs/J/Az3DGhOcmAZ/oTRxxxGUZGFk/ASBp+AsiQ4zYQx3P8jbNb3A2uGcKTJAydUNkSI18xI78AzSSx2FtHdlkqtiZCqqU6HrIwhyP7KN/EFPCTLiJTKF0NwthK92cQRzQPuNC9CS4aVobtSxbAqzCFq63wJAGhcwl5EUHCMMTIdE1uMbifuN7iV7+mPKjN6GMMMTP0lvVCe6JUXP1A/SaC2JIRmvGzgU5rwDUnsRLb40LEWgbJSuPpD/AMFbLZkMtlm8R5Yl8kuxrcxkWzmSCaS2s8wdhVKkPAiEEu0sM4sKYYghTI1uMvcbClTc7G454M7cuxas7o2Ica8Pk2N2FuTaHZZl7lol7/wP/vJGkqv4LyRkWoROLlciRq6ErgtKEgbvQXaYGA0Sxy4ZKuyROyOOCLd+hgkr/QyZtGw07ERKiXuJW4huJjFqYkBYNjegxajkB6PHgJXeExdhwXIVKvyh5wYp3kVWZOYylPsSjPCxErhAybuAnhUUREs4PFBIecu83ASXM+YRSu8iUWRR1DkDRtc0OgKUVWJ2wh6NUsCNlGzg3Sx9hk00NM4xjfJ4OYcyzOuDNLYsNnb7EIVECWOPkHbbvlGJVbuB4uPnGLyJcEPIKZEySDGmRmPQRU2N6C2DQ4aUPRu9RPDTBkxhWmO5/UMSilGYNkQQR4G7YbRjbRJGWoZtW2khbGGGPGanah4L1myFPZGIw/cILW721QqgBSVDYacVfIkRDgNFiTdsB0nBFBNrShZjWw17QPYNGu7q6GXmEXkLIYaeitGU+N+mkNu7RZQ1r7A9RRk7Y7DzNxYuP/sNHcQP9G+Btxcw4ernZwGRo3/s45BSLTQxyosnHu4IQyFhBEzZaIx0GBHuJWF0FaaTDSjD1C8TDR6enw1wO8MexVoh5jCGW/QxIbkyZLTEtfKNxjnUTIzMWjdv6M5Oxs3NhKm90SmjJMfyH/uWloqlsINeci1hEz7DpzCGJtuin1GkMW1wbBgK2jjjAdSMlq5JqfAXFWJzU4Ld+j/aHNo8KgdH0Wa3wONnETxdZ2hAOLNeOB6pbI3LFMa0YEMzuEpLG4uoI04CBGB7ZewlSzGYwmKvcM7qjihnoiuC0IwEz6Ao6MTDTB6fD04I8GbQzaaU2jjRFsPVI79EMsJttYY5juPeEuR/RgxbLKIuBgl7IS0QM9whcY5DKwwqwhykpDrNFJOBSMlItIvYFiKvlYgnokhR06aJzJNjMhtnnR3RSwxkS2nIYkMSbG48Hwt/kmO5WON/4L65WtQYwLiei5a4FhJu4plErHLqsjfrCKLCN5HABUwRFJZ/CNmkLtgWjfomuGhGD9Iu0wMNMH9i7B7DdlTYArpRiheppdgmjIhcFWYt5+EMDeFjuTTasjNE1wofI02BfJ/qSTTew9tNkk/oprsJMS+KnlEhYeCqkMTHPNjkbNsCitpbItT7BL2YZXMCxGamsORb9Qwav/2IoLI8r5ROrAmbtYRHQWhalcCG5wHB7lsmbe8UJ1CzksUo4FJHCyUTkKb2MVkc6FSwJCLoYuC0ooGz6i2GmL0+H3NMLIreTwU7z7ntKrlkB3nshJF3L5I2dVt3GF2ewQ2oYN8uEKlDiM8sSKhLI8rMTTbQmbti0iiPkQ+LkIZP8CD15hz92w1KZ7DlRSQkktEkhinyASlW/wAGKPAXJews0Ii1k6XqLZBgyXKV2JU82GuIqkSG98yAtiHuLMsN/CVSEUGyPN2EtdG5fcblhJS9BwaTDSjA3egO3Rhpg/u+vdAlvdBaIGdbiNXCQR/miDHLcjrwdzeSKckS8UJpZMGdTRHjBAiNx3bAzmUKFyhBYAmQn3TXYFDYOiuwFCXHYk6a+BM73j2BRO1bkimwKRyKMNcEIwXYIHsiO4eWLYAOS22J6+4iFitiSnEa07gCrFsUkS4WCFnok3SdDpMctXDuUyr0MHFaEUD59QbDTF/dNnAraW4gx7cCMoJ/2MYpgcG8t7ZQuBlMlCaW0iNN4XYmW52+DcTIK1eTNhSWxjYiyxqhFcjT/sP3GDj+0Vk8sSWdcldiXyJykZ2bsSo0vDH2HYVy35QpGYCswrYkxbwxWzAd93IY+uXYd3hWG7tjkUCxLAbHPf4FLNbdxE60wSvDWmLP/wBZ8HEmot0bisbuEED3NEaLoQccFpQw3+kPEw0xY33OuXshjQzejcSp9hEk6glFGSZscYEZF2USFb1fwxjrDB68JaZiCbiWX2EeU2b7YSO7hwzyGhdNWxechiKlh3p6gAE9kJE6OthPf4x3lQ7rhXnkSO5mIDRnENAr/cYA8q12uxDQH2I3C6cipFeIQkZwPgkR4L5QsSlRCqe1IS7g2Et5M0gRW5C9gloTuiUuC0rQ3+gW3Thpi/uu7A9JlQoTGTbZC6+NyGpygfSNvMEskJSie6swmSkS1rwMXAoXV04DqivAmRXQ8kpY0KUpcNklPle5D2yoIWsHSUsicgJPIxzKQ9NDxLBWs3k3g8n8bbc0PA3ENjclYBRnOivIt+MgmYlqV/cPWr0qGTcnZj95Ly8E4Vtk6f0O2RSULboDRZ0JOiOC0owN3oJsMTDTF6ZLqxNEuD+2S4lwNdEpBY0HD3QiLkSxlsNGGnaWTkk6QmRvuNubB+XycTg1Ni0DBV51YH+twN4BBdnJKCx7IPqfbwBeVjeRsjB2ofdxSx2cgkYYsQt0IJXCwIhiqzuLElsBRBnBa1lo+tvryKNV7HGAQO5YcRlGchURliw4Dx9+4W8IYNXjLMq0QohSC0hWIWBv9BdpiY6I4Yy1XFHDLG4UJif2kixsJhZL2iQr2wcxb+BN/wDxi+HbuVLaEifnISVLJmVU9xFJUZIRAalBZgyUBQIq3EXu4sl3zioLG4kRRlDvinIwamdQPG7B1dMLb94HdliGte43Slk8EYIUK6SKTC6ieSYIagmReMkJiouzL0IGZh3beBGoFB9yAn99dLkN4bfGjKdyZeMDuRG5CkaPYWaUa3C6lYhcyKJGNqikqRPAH0/gFpJz3ZnZ5mZiJyUTsSv9oqjNYZGWfqyxVkW7FMvYPeW+CuAKxM+hKphdK5Zm2byUexu0xSlaBDTwMhLEW/ngXeI/sEJcVhg+BjsPjTEddsTg64sENLrEjW5Q2VoQI6IQldhINrwJHtPnsavGIULzmcQljO8LbhEAkqgUpFhPK6SEV2Cyif2RnEkqgsu/3+Pmhf0YkzLoRQljGW+4zmjiDt37jIsuSVIkQ+BdQS2OJD4ykW2G9o859xj5GKBFJDE+V9qtydvrHcSxQP6SLu4nBzFggU8LvyZjTHIYqxiZ6lwcDe/wNlYf1WtzaaWIyN/Acp1dfcil/wARrnBwx7sy97CeyreIAXHdidZktC2aDddwOmtwizcI1vyj3aZNtiU8cEI0s5iSv+kSQ3zhBQhPIQaukUmwre5egsBgdIsI0TwOJrML7/fzR/U2G0w0xFt6HLcYKU0kxq9EbQno5DNmB8/7XwR4BucGCSrlCnmvgSUZyHjacbXInVkklUorgNBj+AcJfrg8bAT6KOyyc4S3FTegojRE8VG+JTLwH/BqMOgEZPn7mAQvIJDmCquEtxUUP7MSGw9uQOQSeHYVnvRIPPuXRWwfaVwKaDcbEBpT77kBOBneWygKaYbhSMypcFHApakabO6gfM9/vrvGYmmZPc2m0x0xN/o2DTJfQlZjJi0S29h2pG37a6kwbBpKhcMgVT3LMTgmQkgngR4nCiDs04JRwEqqc74J4afBSLGe4x4FXOPyiJwLQ+BGTL2CEzJC5coRozvJ24JGxgtWS3JvW42AgkbkKXsJJLQnn7LJlMBLKoTNN2ixCCgrOTMY2EflEhII5C0xZQZZgcxZk7xuWehlC0++jT9KlEMlZh1FiKTKo/Y+xdbBosr0TcMKZoxIbuExApXd32rLmcfCAVVKGnkQjo4EwlJBYvVC2BIbrMUUXkAtIu+VeUsj7OQ1T5M8usSEoq9xCH74IbzbWSMnGmW2IdvuJrkTW8Bz1xJt1Fd7BiajnhrRHyodtCNrDdMgUDYK3Hh+w5pZHukBolB09sBWNiWEsLLQzaAUVpIUlCZFFhUBL79lfP8Ag2lg5ETYE63fsiwr3N0w1rTT+RmUxrqIpsOPEr/g3aOefdBpcEDbRyRI/tzTV6DUSFR2HEgdgkZZux2hxA7NSIb1BJFxwZKsR4Z0OjB3JF3SnOiouz7mSGk8sk7ncaPwZEizFayh5J4h4UvmZDu/gUDr5yCEWnQdKOEcYX6Je4yLvjgjGnGdGTzFIVFOTsLwyXGV5vwKrgPkmpywNL1s2aHKdy4aJhN5b6BGcDZzOIFcpOdmWcaNw2W79D8MWdjwE7aV4O1Em4wDm0G8aGmiJvtiRLaJi5ERKiByIwLbIQpqkX7YEmww+GXJhfLG0AXTO0Ut4SH12wSbcd4aRDNqXIVDUtiS52HprvJ3fsVeotoyxgxHv+CNXz+wkO8RGmsBIT/5Zv1K2mk+VM3eHwFgdcMYjlL3NwmmP4+xZRVyNlR0MCtKyCBZRiIUyt6EpQnSSZM9o5bCOE7E7c7E7EXCI4BQ2RMl6MYnk+2QrWDGsyMDYcGBcF8HYcqk/wADCSnKFG8tJI62iO7LNzQMF0dgTKN3mmMBgc0QxLioPLYh7WhShGNfHUtjRSjkfwFKGFnQHbaMEIcq9iKpDJX70Y/RRNkuWTRnyCRHi0FujFJhYQzSkxyW3MkALaMQIpEK9+hlBwwzzhPuIcaPeJtWHbCGJDzHGij3JB8Q32QswT7ckittYLGYR7J47EGeOWfqtGKyrI0fkBAz52ImDuIcPWGbnBkoOiiW5VFdRsxKKgObKwFbHJXAOS7h5DNt44tBWWRydHHjXuiIhAWIsFhFKKiN6ixHBu8CklrWSF/ZRJ5S7EP4AlLgUrYkpC7g9qG96IVGP0ENRoNBoLIgguTsJEi1BL7kY/EIVmWRVJUBCbDLPYQ5GWTAOjCJbUthqpYYvPJdqMRGD34POFQbuXaSPk11LIjh0WTiqoihvgzxyDMYIyWG8QVBFOEBUKIdgOOsR8MzKdA17KsSYZOhLJ3jMm4KrVvcpFQSpi2Yk2CBdgkpdG1kCXqvSelsIhCf2i0IEI1ZfbtSULM3DndbZJLa8QjdUA8yZxIfHNtiUohQuAsnchm5XLG/TUChJxO4+cb3G6k7g1HnDVEv7JtluJLbYCaa75Hw65mMSMPBxnTCGORGZDN2GUaWRAeoC817A2lMNx3GUFnYbx2ps6X2hpIS0bYJR0bJ4HpBlpBAw0NaSi0I0Zt9Bc/cGLCx+VFhthGvamxm3GyMigtPaqCZI0jIW1CVG/xuloAp3KbHZEPCYI0wMR3XI4rIONaEh8juqW+hb4UkedrCLtAdvvjgnkEmHb5G7n2o2VQ3BzG0YSUQuEEdeROcdJhb6Eb0RGnIrcL0P0SMmrICMxpUVriRo+5hQZcCfT3HpSbjbJpSZFdIVA50JWbPsDtLwEITu6RB2ipCt0k6C3esUKgs8FMdxgl5LBECUlsTdT2Kq4oyy4p0avlp9Ui7Hcw0I+jMiYhQqF8wajXbIt0keikAaw4BPPLQVJqM8mKWWw50HAFeiTIJeR2kpeFuKE9hTC++QshuELwMYPcGEBOx2VQkN0tLB2JoW2/AiLPAuOHghdcGET4tiE3n0iMuQpid5s9rfApuy1uJIS2QrkmzMChHggmqysC5Bcw3Fj+WB0bU5DlUxNoTj7iAsWlsW+l5Y5LC6cel9+4thF4aRl0fdBex9yESYxeBKd0kw07GgE1Ep7j5JPaxYS1LzYRfk6DM0jcodQGm0y6kXsyC4L7hTFAqIkjCdsmfYbR4GG5tIL+1GQaCKlueCdScww75ZLyCuT0Li5JKNJFX/Ywv9DY7uyPzswSmdyUo9s7s7EUMRuuZet2NS6a5J7xCrsZVItPMCG4gZ+4tJYpZMyRTFSs1LyxhPEi/VOzM9i+2+hUqDNoseJhJOSTkMIpbQ2OV1ORlwFjkSqHykArUylgRtkOnmVS0a/loUpURSmYomrG5BQ5q7kY2m2LSliseRYQ2fSFBc4R2ZlaQtLprH7+4i421ODMX5DZSVySVBBlNkVAwyiwhNtbxI9zd0fPgvMqvomzXp+vjdkt3E2gvtlCwbshO6W3Y1tQIxyayqug4UAKcCWBTNl0RJsJDiNEJYQt0fyEIXnymyevKYwo0YjcgIWYXTX73RxI2pRaxrszfgoha2R7ClMF0lL9C3Ytaa8snlKRn92JjtdGXNxY8yk43kTkA63BTfxsN2ZCzYKOQtMwjNjsYkOfBTFFKnI0b1CQrDOGC1PljejejDYicdOOKz5GZwyYjuXhyhhl/oQ2vgfMLtBcqYrj2rFXb9F4aRsx9skPptlGssYOZdIVOUPkiTtSMGQhQCduEZzTRCpZcRO4EpqbFNjGmQi8PRNMUykYEXqBldkMT3Jh01cgxHV7s/wD0TFP2Qu8/BFy9izINy8vI9VMIWHJ3mhkRrbI9DlPs3MppX0pGaJhwWaPXAjcmNTNsVV5Qu0bwbguKGbpIxvaIToYdJLRmRBfA3eH04jOcR3fyWhNr7ZQ8s/AsQYzSRNRMb+jSpv0JW36QiaCUclESmpGWZJC6bgAudG42htukS01Z3CSsslMS3ENFMiFZ6Ghfxomjd3054yDFGe0YyYxcht3AZYj9jFAjlohYQ5iyuvgyh/BxWrmx8NB6wsrzbXUbpo2jPMQWNYMA9Ay6kgQIIifEEbRyNl+nPlCe40iclGRVCFLt7h6sSkZTSEjSKOfApj8CaghCG9ZUKpFrw2usPfGOb3kiQmFMnUJHZjfS0unOrYT3wNTLZTkSKRgw7USk5UcIP2Jie4sSk9xbPxNzBhRXdiE6E01JKhqVDax1mwjTAYdMKTWZM7fTvegCsmTSyk9whvuGeLaZtsuCKaJ5FYqvY/z1FeSv0Gs5DCVMcjRK6ytCBIaEFjwGMYi26dR3w0KlGVHJmHHMhKxa8meX9jCcW8kQ5ipxJWEYU8EJH6SMwYYmCOySwwYDDjHHWbPRTQ9DNieRES6chdx8GS8ewshGZQ3RFbW7h+CUIVTNrSHFgKHxkIKF3364VIbgkMPDf4r/AP/EACsQAQACAgEDBAEFAQEBAQEAAAEAESExQRBRcVBhgaGRIDBAYLHB0fDx4f/aAAgBAQABPxD0wtgHu1LB8rO8m3zxEfrv0iRemhmpSHkffuN0vgn+3KSzeHH9pOhDutQBLvZXFXt5tUzL+CqDutTM+fcr8VlO4XthFgfGaj8BKFxRySxtUpiJOC80IPXn1maLe6qD/EEmZYuLZiTHdxHj1ajRccUuX/YFqNcuCMqjyXDa0Ms97tGERvfUDgLtRKhdwi2KYnLFyz2jI4GPmc6nzDNj8wzpEuMFoTNDtL8wO2/mK0JU21Ho54EXqe8Q37vE1qa4ViD/AAy3J/W1iY4clI0SWjsl8T2dANPclhYEOxUaa4mZWphIcrOEK4S1fhJcUVLoLr7m2YvKz/vCzIP+y7kiHJHX+00f4KOsz/3UlaO5XkAIISjAZX9nDmLPuN0RshAa9gw/rDWEDM2qjTO+LEq3JsSV13yVxRlQJKlS6jYOCWvhrL8o7w3Tc4LCYMo8rcFCqbT/ALYIGBoRolkUi572EhIecVfJP+aJetoEnlW/DUGafDmIA0lU9MNTGQVHw/7JRjO6wxYf1Pn7S4Szu5b2HhtQsAnaWTK7lNsS8VLm6PySTUvSe7shqsZ0ZLd4pFpEUR4lXYxdyexAeJyyB4guokxPQEaqNJDW1Gmi/ixxNAX4nf2Zd3X5gOlcKpEzkkoFNU0xpTWciDTr25P6iwFwDhcsdPzoqNyijMFQOSBoQ3LUQMA7RNq1PLV3BN0HsWGLmfI4MeGYxYekDAxKC44icBAOIEh0q/RUQyqV4RBbLu4vahgsSlHFnKWYhtOoGWDtdGXAhp7ENWTXBgEsbJf9NWMU+7NQQ53ZMgClagqCqVBq1oIsDKX1OJfv9CVmhfaER7spCgi7GZVYl1WTiJxsL9EUOiqiMr0x7096Hcge8C8wXmC/oO3D24KagEWN1DKC4m0yidlWKlczoOyETvsG4k8vlbJf9LFSW1NBMQGZG/I9zyytmdBEwlqtHwx2dsXRX7QfHU+YDTE5rKIxS4QFwLqGVUP9DCbZzXTj89UlULhcJDke/CTcbUM5lBmcWBFkQhuSCJSWbpT3AkG8Yh5INttyt+9GWiH8rwxf6QtQyIe9LHtKHiQgiPDBAUIAIjBiY4mKbfiLbld2ZxX3UxDxZNSkpMQYAMdBJz8u8wuUuvMbOYzCvMZjPMVp6V3mJ3g+8fvGOY3eE5iUCyqriluKKCAuctLuA0ktAgqMdUYKF6aTVYqMohqej6Qq0DhP6MsC/de6+wSnZJsPpmsAeiUBDTAELRUbqTceTzzZnldaohcFM8sdGIALCBRK9ExysMcwi6YloVeYnnoj4mWS1lfplR5lcCgukMSpiHMQTMGgsrswXhgjLISFoEUZSS5zJDyqObYYQZIAI2P9FL8Moou+YcPFDjWKwQwsQEZrBNOfcrG3YNy2HqC0aDQamJiA6gJ0oQCDemZNMbeZZRiPFPKdyDux9S/EOFvnBf8AvjtflzDYeVKd4nJQDKQDxERlZVFDkpysp8xMzL0zASGYgwOJuGqVCEY7EYUaAckRWDwSQYIg0/0Ji/j5uXGvIX1MYMb+oaRABUZpmd6h3YOuTpOCAFbaOICUuHiyEagegGEuY+QYyYsaU5+JdoqIHVLjvyca1nMtIQl5l/wZii/CEweek/8AM8AT8eBsV2tKMrGeBImnvNkmMvPZgvHRnE6Izc3E9x0zGjMoFsNIGL7EwQjqgvEhXZGmflSNkoiNn9B4h8W11M8My6mJcM94IFAABqLxmobC4dzX7MUiKHjo4BRhyUihB2BYGK8o98y1zE2TtCwoF3mRFoiCa5qBX7qAT7gktn7+WQR5xIpOUUlbTKkTAj9QZW5jhmKJmEFsKmYG0u6MGwuZVG7OCSXlsDYj69cpeAe44sHz6PdisUt49obSw2hHhdYhj7fzzJduOEEWAb7R0RawiYgmIFQywjKaYy9zGICdrBbFH+1uQYXZswYAUfw07zuZiavc7yg4vALc0zBtwSBKViKMYj+4yQBBggzAQzC4whosIjKbiZHFGVgIiZEc+ugdafNRkL7VdqwGaUUHacFALEWPVEtP/wBJmgpjRFT/ABK1ygEUgDoBuwxpjrKO3MvyfB3jge+4HFhvI/yHPLhNXFwx5cUjbr6EC5dICMrETFURhFQnIZvEIRgHTHVicxt6lvJ8PFgb9bHwspoCWffbpxRMIDxLRiCsS8MBAKqT7RDH7YOxEYpKh1wYwSgx1lFUMKRz2T8LXcBAKDg/lVF5VWNINxfYzE8ryaTskFIyHbEQ4jLUQiImMLDAXoBYXfQxXsShLSZEgDRCZr1ltgTdA52kN7Fbe7LkJQFjiCqgGWLy5nHeKdaiF8gA66YVAssO9MV5Rrqx3hBsblYYFEKM1yyv5rIBHYlkaGyNMnTH5xDXdK22M+i2sWGrcRGY+SBWYIxCaiqlosJgkVyQiQFdEA9ZF21HsuOjLe5LlNRbGCARUvNRYNssaqu+94IBVFQwxKUCpuIJFx00xF73HxoN8sD7NgPQdMjq3ECg0cte0rGZVZaOI1sS1S8SxlAcpnIGVKjRcEc1peYh8QrO7kfV6ynzFlWlsj6CIWlxUFQQgu8ErU24wEtcsFTzCOpQJRAMPPjpCYsMG4EHt0zMAFBoNFSvQUGBMCaIObWwAKwwiZg6Sy4nCXfUqlyxlDRcQlRKESOOjiOu3/DihWAj3H1VAM3uEGRgS1gEfEQpYTOGamxN4JSDOgsQzUryxBHeYrBF1a8DKsMD+AyHooujPmL0WvAQJYDBBT0dPES+ItpYIYgsGQAzEMr0xcTbkcM4y8mfVH3uN5BlJe/fKsHDLBiHkiaaAzBas9dkgMBDDrkisVgYABTQZVhLFNTUvo4AlPLkCuE0StG7hJnoURZeRskJMsQsEkgqJD+Ty2xXwgoYsi76vB9TZ62Vma504GIhTVUpFi0ma5AiZWWGGQRNSgCBXRQgBji7tnkqUr0k64mmsqDGxuhBYSEIZl94jXQiOoxZhULA80VhElCxUTG5DeT1LIa8yHnQHyzXLRiCQRKqpFWstqUFMKbSqEFEpMrBl5uBHHL8moMAMVr0pILlvyQUaXyaErS0AK6RYOJYKlKRSXLEY6QRJwwWRZulEeyTjsh9RRwG15gbWwtsS5FmjEO5nOF8shGcXBo6QwYlL0J/EYAwOOXvipKSgoHplSiwIZkerGeQglCwjZAaK0aljiIy5I3QkIZXCEqRYqQJVCxEfZL9PvNRk+BiOVEAQisRFqVQhutKoycqinDLKlpSB0IqspoMurd7sMC4sD3n06oaUdneawxek2JAIXAQZYQhQjq0opmDCRYIh0ZGN7yzkT040dFryzPTv9kZSapUuOhZT4hNwYJbwhh0mBBfMuBl4O8X24DC/Ty18HZG2TYoDxGCZADTDqIzM7ybdAHMS4C+ThNbCq0YkDQAT05DcxDCgADjEEDEppQCNHdMYS5Q8DmEIEo6E7KMe8Sjts9lglGABR29RP8AKhgZZjJkGHdCgrVPAmMkRMFlQy5RaxaOGZpiLr9Nz1AlLgz6uX7S2lhFEqsxVM2YIPjZbIYdCglFuZVK5WdziLD6mHD2rizeIgcNkpmY7z3mUjmSuUbokDZNosMSlyZoE5FT7ER8+mFDnhfQF+ZhJWwyCA000xHlsBWCChggVLFGZuZ7AwWB6ml7h0K8CFMEcwAqH6Qa7MYAx6FgKIo9rCQye6BlyrqXpeH9C/EyYowf3kQBEMsZXlg6MQymM6URUC89twQTqC+X1Xd4VwY5QS6jABIbYgVlRL7Fko9wsDMK8MamcsSko36SwG0M1DCe6s1SgTQw+CDGU7sB57wFoBE1BVL4sqHzM9VbWybBqpoy7qCGYBsnLqmAmqZV7LZhabxFNJYFMOoUfEWK2h5B6Sx3FxtxMGPxKwl7fS7Slirq3bEgODCdNQZl+c/iDQAB6vYuSwLEFlPYlxBhEBGDVYZWJl4GbFKrHapW+0q91TfpCTU1IZnUC9olFzUSllyuAYhDYMr4i4SmSglkssGeC6SnPq7cx/ysKvDKEYF2QA1morNtwy2WIht4Tu0lCkBjRUfDEMsJH2T0daIrvFYISq7OlTygEG9iyMHl6GADKa6FBmrG/M2DHb6yWbGsYRnCeMTERmFpd+5FaGGCJwChlCFwwyKxhItHZj9HIK6Im6NQ8iiZm0y5cowmSxFLBRBslOSMw3A9Zo2OmILrOSuMOCrgl6NwunzTLa3dSmFg3MM0SdUvOejMIVzQGagDzlVZtjGthpCAjgvVAJIMrJqgquNHWDnfW6WRcrySuTJHHyMSp5gi+JVEM/BGR7RgRAzhAfDNZgR8+iEsazGiK0cUQ66zotlyPwxvku6qXSnsw3QH7TD6/DYjCPfKZmSlmDhmRUrFzieD4TWmR+PW9shCap3hsLhQLNq4wAxGRuIqW+SH4hO5HSPtX+TBGbQj6I6bOSFROvSSoZtjjme5hINpneuK37AVGdkAuVYh3szrSv1mMHrdxCNQZQdhKHMzRg02YTVKlCvaXgs+SlNiUCWoy4ehOyVjKkIJpUdKhmybI0UKowohRATdAzCjb3hjyicF/NiBKVszARznD1ykjlJUDtwc6UFjl5Ud3hSqbG2SzEoDySxy1Sh9DFdUGxXrjisZQM2S9Y52hJQQYIhIkYeCyCLvk23iGZkHlR9dD6wVeYT2q+MXNIwEUAXUwExJs3cLK6KbcVwQF4oQy6dfk9Ct9U1MDSUE3NkAgm5cscJe4SsgxGB03IMuphx2jH2Ij66pRUKfg6EKqVJMx52JiDCBcoRPAi86MK+vD0Lc+o+YnUSoYWZXeemOEeK2HEcyFggDE2gL8DCF4z11TWZB3UIYENhA9vY8ZcjipVSAEr3tHfUN9zI9APDR0zvW10VpKhlQzJFqy7iQVkVCaRW1De4EFDseIeu7aImKyc9A20AvcYtNVsZbx4ji+LdDYXoNosgJRJQIEqGCX02RmVGWKk6KqC2BN8VGEaSHrp9p0TCP9LNOapaRey6HEmGUnzJZZ2hA9BYFwTyQeNMXSsZtm6WHplkUkxSyDSZWEz2JJwGZ6/fOIxnvHhdE9kZ5/GI3RVpljqJ7Fhg6A/z1MoZ/EeT7Q8mIYvEYI5WdNuivFCUCqGCYEeZb+ICEFTuR6/XxsI1veuiAQKRXdmXCuI2RkB8JiTcPoCLYpGgpGqsoLKxqVLgSkTpL16I0QQisKi6UgeJTdYw6k9fZXW51kPaOqXT4EYwe7LTGwS8whe0xHiE7YT+eOL5lmL/hDEFXysox53SiaSwd4xXbyQxQfxMzfQBUlYw0Rw0rKSjDkpJUH+q/6A+NvPEWUvQNo2p50z2dlSlDCXhC9orzv+fiww69pS4avGiVa8bczSQDALz/AJiEL1s3iH8N5DzK4s9maUI+1RPA9oREGUCZJdEcyyloDF2pX/QQ3GcrawBCciC+B6PemKSwZhJWdHvp/PRAKjsA47nzCn8gPBio2N9PWIK8yC/m1H5Anto80eAIq3vbV8MsaF1ccM38yFoLualM59mDMqu+GU7qE/oHvHLxz/aXyGWWEuXvMcqYWyNh0K2E9AqEaSQC3YGNKBiVoRyH6RbGXyTOZb3/ANxIs8DlKlDzYywVydQt4Vt1yvUTJGzJP8pQGk/oMDuT/FPYX/eWgRBGj02oOAQciMWt7Qe8eh6jAEVcaER3BHBkhdMd1MEMhyhYxi29qkDFhoeJeWYsMGCPoAdmGP6CbD2Z7+zSyDCDHSVaJQl+Cgv4T42wO4r0gRqXxMijGbfkIM3kkUYfBLdzW2H9Cc3eHuDbBohMVAiOh1uLoH3w/uHyxiyJ+s1l5eiWPRxkK7TLxMPzv7ht/cJnINeMCQb6ItentCX+JmHn/uGl5h1Yi4KppJRWMP42Yf2+WU9KnEmoNw+3D1C/TYb839wim62FkMvvxdAOPpMy839w2joRSBfwhl9uLA9I+mwfN/uS0QwHjo/v/pCJ+z/coYgPr0X34j4CavB1l9v+49eAqGI8dF9uC4LDwTZ/cp+EM4aQFfEAy+/0ghtmHif7iOca4HHhB9On+/0mrwTdPrMzH9x+6ZrwQX8JXP70/EEOE2T6TNP9vp1xj8Ms+EM/vz4ARNPB1R/3/uKFy4n/AD6P78/AEwPB0lDP4f3HTESJM/vwfgOgwgzN/wByqLH+XR/fi/GQdB+nPq/3F/ukZ/y6f78X4DqtQz/uLzU3U/4TGf24vwEcFkdJ9f8AuJ/bI6k4eJSX259Qmj+6I+z6Y/pHcvtz8QRQEP8AuGHozXnImI/w6fPzSvwEGHgjqM/7k5K5uo/y6L7/AEmXgJu/ulR7qP8ALo/tT6B/dgmC3XVv7/8AdAAx67uo/wAOi+3PqHQbv7mbxXnJxH+Edz+/N+gbOh+o/wBxv3Tof4xp/fmboG7oPoP9xv3zouvh0v78C+gbOg+i/wBwwg5s/wCHT/bn0DodnQ/cf296xuo/wjn9uD8B0Gzo/sP7hnH7pHXiT/Lp/tz6B0GyOWfn/wBwwjdF1GHwiZfbj/AdBtmUcPL/ALe9G4pUKcJfen1CHqZ+/wD7jT0kdL+3DDR4ItY5/d/3K/SFOM/vxVDR4I8o/wC5XnGekj69F9uO+An0ILXTYf2+vR59My+PTffloWg8v7nHv2zpf4TKf35f4DoMX6oqZcGXXrhPSv8APp/tRdAbumx8HqLFWi65mTHsiNwxvGVLGczBlGDD1hfaOk4cfv8AQF+Amzo/r+ooYSwPMcbAj+VbEO5M2eQow2toYtTvMHz6wvtHWaR+/PgBKQ3ep+aYp5QqM7fOBO/GS5aVgzKumIoXwZTldVFauhlgS31UD130j/GZy+3PqwQ2epl2DZtnPbSUQhsYRFxikgBvJPHwbge1PdK5OJkl6QbUVbQccL1dDekuvh0/2+i0+CbukdeoEwrxE6BYg3AFlY8wZbVE2HCSA7xbRwgLZBh5CLjQ+sVKr4xJffjXhwRKPBFDjn6h/G7PC3peHH4q7IURRFVsqCqrPeBLKzDAJhMYvolG0TEPVuOJ/wAej+/L34E0eCZEUFXqBsN7U8p9FdKRM4wkameaPeXasDEwLX3FNq3v6vCdz46lffi/ATR4I8oo5eofMQJHa5UY4uuDSVjMio0JUaOkRPQuT6t/vnU8p/fgfGQQ29B9v6gXFie5GGhjCA8MHscXthUWoKMzXvDFjW+qPS/ZOkLjCX35b4CLDweqa88Xsv8ATFWIEsgucXdinBAyEwPWIv8Ax6L78CAU8EUv1JegRNzWgXKEtdAVATUBYyrTxLpUSBR6wOf4dF9qU+A9WT7vdSpqVqKtpHMzMYQPglwdo4AQ2L1hV1AuLJ/fjkAwyliK9S7mizS7SaxoKWCl7T5ocQGYed61O7qf8oo/ei/ATR4Oio4ef6ifaCJw5Y6M3lYYeLi1qOEF2jGzTL6ypfbI6n/DpfvxPgIz4CD1ObofAYbzuBlOYfsrCimWUHzIxa2+tDOb1F+/PqE+hDl0+Pn+oMIxrC6DKI9hItOxig3ISzL9aQuh3XiTD4RXH7cH4CDDwQX4OiVeb6jcVpgLYAkbhCmBKgIfhGwtQ2B63e6j/KIn9uUvxIsPBAq6X9r++bfegQGUlkMnK0S+/wCxDxrumZLuA15/mO7QDUt3LjZVN2A/EPzBDDdFKwqAELy1k2tgv1pf5Y6jLoP34egFn0X2v7+UzD2kh4IyLhD7klyNfzNCg5xVS87gEmpax1WhxxTGAT92DYePWy3Uf5dH9/pDw8HQxn97+/hEyVTznjILb+ZN9rDtYdzjKgnZEYXg01GKkFKaHrUpNnP4QhP7cH4SavBBamU3Xn/v/a6CVRNzY/LDn7/y7tDtOI1aUhqXG9TGqEGZQBSOTvjlBLUm69aV9LuZ/wAug+3PwJ0AC6X93++680H8UdTMGD8owH/Li7up386I7NmjNHS7gywyjtN7YBnUkCkIDQCvXJXiP8um+3HmB+CYLp8PP/fB94yjxx1A/hzB+UOfv/KrUrSwG8SQmEyjDfI4RMWhz1t30a6j/CCf35SH1Jshn9n++fNhV4iKN3jzDzIr83+U6LDGwEdJq+GWKuuWPOzWVTaguDmRQM7qJ62r6XddC5/bn4Eiw8E29P8Af/vj5IfSOm/icx86V90v5DDZ2GCWr7MYFlZgeagQAgWzAZ/MYUTq4Ab+5QB6ybjFFDCNcFeecT/j0P259TotkeNrduaQgnMP3DRO8TXgI+kKqYx7Vv5AotBM61rO8VOAMCJRXua/yP1ZqqJx0VURZiYNfWQESUxVA7QtGXteBi1qlGZRKqD5ag5Jh54GHEvvq1QoD+YupaDuSUTEOX963UWN2CNLZ+5Qk6vB0/NNVOZ3T9wG5qwmAUEY/RcRLuXGUMZdCKj0bMAFVb8wbJQI6SsgTAwEAdGqIKbLDKVR61LxMBqakzCF5JESJf8A9JfuJArksoCNhMm/Aw/3W8YZx8EUDif3Uz8/9tl5y82Pmq+8OWHzGQbP4Y0EWss82nEYTD3gPOLB+5LfxQKjgn5mIrDaCsOV7wqyk3feWSlEnVkSDDfHwCIVy2+ugzjNSCnP+0HS0+EtpNCbpvj/AAP79bcUfB0oZSBfugN7r9uo9hArIRzL6Zdxu+XEcpgBeRdLgEplwX8SzMPeYOqBkfcY2prYYzRlUUZRyhyG0yQsa9bq+sZxmpNTpL8XTT4dLSbpun1mH9310feX+MccGcImfk/tgiwEqv111dF2MMHGszT1WCjDxRd0zwygkogOvm+QIeAUFvrdXrGcZqS46Q6WkWuNJum6fQf3upuVj8CLplVRBXuL9seTTEIbSvS+gXLBn9VYlBmIsFqm2CoeeSW0c8RvfTzRn1xNDrJxmp0nD/H00+EDGgzZ0VXgYj+7OsPcw/WZkFdJRdff9ukfHo7ITDQ2dG3URm5YcUJ4OIv6VA84ZuEoaCPagrESPRuFvZ4sD1+ScZqS5nYh31Wvw6GpNnRv8TB+7Kb8GH6RdR0w8n7jArCFUCxF0ZlAHLBEcsEs4GYnsoZUEsiZ6GOmNOmBbBz0W8GNXkgqdDQY9ddQfQnCak3zlFxdHR8Oizh0pmuiMs/3O53k5/CLJ5ghjCNfuAudmWq8KzD2yYYvdh8MWPtc3NPn+CUyGsEVtt+hiDbCl9owdvaE6HQHr8JAY9OpMXUbDelp8Ok0m6bpv8Mf7tfjiDhS1qKRi5bpmX1JV+2IMsFdTtgKicxXBtuTJWB8JlYbFm4m6hwiCi8TXWpgHUhTUPr5gSFeg1I4v1LT4RRpN03S1vDMf3fSVcCW5cEfGxDx4amXC/M4Mz+0Bl0RlxjbG7RgGSGFqEVu9x47Bo7MxtFw9oSCJbqZ2IA7pqC7etz6SaHg/aqV1o9Sjg+h1OsvpdNPhL4mAE3TZLWhm/3D+UwLxdFNSwCVa9v2RiEY2hpDG0Rr4IcpD1RHRMmyYCIZauDDUHKWmpE7QsSxp/Rr+yYeAlhEm2NFwMgy1viYjLNCAESwaS61jGAbRBL4jww3HFkpDiI0AyuQpg4gkEfTMpKCsTjNSCnMYXS0+EWY0m6bpv8ADH+6zolYDxMBK4f/AEu8Ffssx5sIdot3cpMf1DLbK+EGIvGIxsGEcATfkIqt32JLjxAPaBifTSqhmE9sxG4wxbGxeBhijOePeVFYM+zGOBmcpuw1isHBkoeTnGL1BwxV6OWVYyczRNKjeko0HKUQm2NwBiZlyWHiwS46jmPZhtjqGDLDUoqNlQN+kYdE4mcZqRLxsIdDWc40JuhpRV4Onx/cHyiQQ+CKWHjmZd/9oK/Y41NBBz9agS4GWvmChqDTSzHDM4Qj33g8jNkWGJu5jhsUgjpf4h8kLJqDR0rpU+0ApV0x+iPxLm0zO7Y12YI2BgEHcHSYZQdiMoc14sbiveKji9hhkc2kS2qhGckF70UpRcrDswwS0q7cZiLNycXTiJmmZ2sCAAxX6KIGGqcJqTBxuZZ6Qs+ETE1TZNsz8UVzx/c9z8OgUrZZf/NmUl+xqopjB1olH0IzHtComMxpHMrjHP8AxJe5cLw/ghoTuQcBJGBOalB2dL6V3tgl+7ndgRcRRnNKrYJiXNyS4nLTsQ0vdo5TfxFwzlIpV1XATYgEbj1tBpRXMCgKI+GuWaHaNw3iW8yhQLbuUY4dKAQkiQwxEvfCKXwcwRauHoiDobhNSEERhB9KpNzDgZzZB+Dp8v3O/wAoin4iuVUx/wDTzK12/YM6FJgcYgAvDFIotPeSHjXEjUbtggpirojj4ahUYFEpXE1L6uRGZiDAV0gMi2OGITOAYlBJDNgjwTWMcIqwRTC7mIs3gZioKkt/2IdUrVwjYJAaCKaiioooSwqOiMnktJhmCjMsLEoFpeYtZg5gO0IulXfGF7gzF8nosS4zUlzJeD0qugHcbY8o/wAEv+72QfeP+Uzgaj/8HvK2P7DZZLgNEbL9k2O7jhDGtC3Dl1o1ubQcG0RhYXNdNfoEYRKKRiZl0tBkuWWiObVgsDAlzlzmJUKFd4GhntmMT7WYqWCpM2YZxXcs0ThCpTx8AtysU0aGFpQMHOZipzJeryrJhxUGHTvvibe40wKQuRErkse2rQ+hxB0BxmpKijYfTFnwgQCk2QdGx/T2CJANq0EYmj2yTCpTfEgMnxudfgQXX5iE08yw+EVxNeAln/x5gA+3+J+xXe0V8kVxySuoCjntQVy9SFWOYSMJ/XrHVm0LFoy+3bU5lwFtFwUOQg1mspYTKDK6WEt0OZSruzEfQ6W4LGxE9MGoxAwlxAC0gThgrITOsRZ35MxtoyQFZXeQw3vN6ATnYqNj0wF6LvmiLhNSEdEPS1+PS06QD6Bf3PPBBzR6MzMrsnzNn1aG1lpoYXTCWM+7E+icqmHpPmUlF8s1P52HvtiwMfb7KU/kEZUoQkD2sjuAAEEui4GGjLlZ+ntM3De4JzV5YNVnRG0/BClrMRfj/ARMsNvS5c5XYXN861VaG1xA2tOYYKxl9cHZWsEpboMTdvQqWBNntEyOfaUI21KdebipXKQ22mOauk4xQ1TUmQQw6zGI4ynJAcOIihBezqFVDTIMRhNK1AABSrps4zHPst1EZ2yKIjvGKowlocM16BlIyGE4zUgp9J9n0Nnw6A4QwqGWjrRtSD3CG2PkZTz/ABBzhiLr3gjGL4MTW1loxmFUaYDOKEPeltSeiAwqQGiII3lOkQw+onxGdvuKTROv5F7k4JMgI8+TA9kLK5tP0GpsNpQOiooxWvuWLkox7EpN0HPvCQNcPaLykZb/AJGToVFy7wqkPadkWiGMXhZaRMd+XTDytO99N5u5CQYjc4DVwAHuYMgYGntFWpizGWAM4lKVky4UYLJzCtwhruKOhcVJGQnjGqxtizDAVHMSqWCUZD6FogTBUwyWrdezLNBp2gmKGriVuLcFLxPNQUqM7pEGyS3Np6CDEUZxmpM2NFni6PHwgcRtCCipigARugy1HeH4lHJ/EZPdvLiHCqhohTLOWRZDWpIRRSbkQFg3LOzNsH4hChMCYbIVLC1e8XDNiLPHBoI+kqEyS0PnoxEshcIihGGv8ywsrbmeEg0yseWKdw12MtVfwIxcg/CcPjPYmCp5RE77B5hoVKCZdy0BhGRV7Lj68OnHG9OFyqGL2lwuz7Q5VK9oENAdoPRKiAuqzKxi3QmdaZYp7MTXvBgLMpCGAz7zPK3DqdWqlOdFFtVgQABle0LcEr5L7QWi8Ez1L3IILqR+YnHMQQM6lf8AijekKIL1rNSPMDSsxyor0GKLsdOpACDpDpafCZsYnJHvwr1FOX5htKC04WayctXnYIdKDCxuTqrmlA6jTTg4PvMViAQyhX9NDbvPQ39CO9owgp8QBgzeOY4VAUFOOJTrZo7xawo+ENWk3FYYb+5HKMtI1NOkOvIDbAS5qGpxBgud88s0wLq0zPZqPSy21ixFrYHTKhBQwiSxvgrMLfDVqJ2Y4rUrpvssCrZpdpVqxW4oV1CwkydkF57GLVYlkGFEgcG4xWpEtWfiVN/5lAKo7RSRlDBJhPaVoAeENBz4gDbKt16/JG2iLfaCSbIUqSBzdQDpatwUzMLAF6B6Bk8ES06NSb4dw9I2fCFzPZiW9W5wTHsdKlA48C1QVFQWC4KGIJ08KcVOGj0wD0MHzCxlylfF1CiOBywbnurA/wDuXCbPamX6wQOC2NfmrXeFvLds2LQzYMUFlzhWZIBScpiDoCs1+Q5S/wCRzFLdCGilMIJ4xklvkMMxwhUHXLu2WRZe8QANQNwkHYN5w1ih4WlcE2+2G+D8UIAT4MSKHi46wCi4g5xS17+IR7ryIIeOQ9oIyJNwxF3skGbdPYxCCsrulUcv3CJeab7TShOXeZw2ZjYLKyck37Gkt84T2TJdmhytSw2orVkwVe5e0aFlEN4RYmO75jVJA0PN9EhnGakwfiasfSOTGmVXlIE5kO46EPUktrgJKweAIniL7I/qRFwcA8T2umWE7QpohhXLb+qhW+OEnvoE9vqcEMEUwCaY2fbEvPg95giveKiFLMQvOEHtEPNsrm1jxGcVRBwpA6bHwy5UlWUHFMcRIMWCniYaZ+SlxkmMXsREvEDgm67uvJM7ZwjnU+SPCIFgt4cwd45YR95o+ZjvKGUIGw7hO26+GLjjntxBxRL2YMqckKCGddyXkz13Qihmsjgrcw8KKUZHdmOFyzuE1R6dlZR2vY4YBq+7kluxK/AjClZvMHd2CXpggRVIvplSGA8RDXaPQkzgMJxmpBnOc+kwKgbYdRZl6V1pK9opxFZQIcTK95f69Hc7GPA6ROXiZQOD9ZEV7e0xccyyHQEKj7EtvxCPXWI0bLdO0QWHibTklEhGPDBCdFiV2CfgREmKZmJWD+rlRf4FjYR47NRl3lQTDDstK9mDRBy8YhGE09moOILBxCrLDTiYakKaXdt+8ASFHljvb4rOJfvmBVCwwrmpUNP+0aThOIlMbYmSZpXxMhetzMOIrvjviFCwC77IU7HOAlWLw2Svi8T5aR4UvjSL5SCpika3GCW3jg5ikisl6RIKFQE4A4jPLZZ4BHjyHoXEBDjNSPOPc/FQ9RiGHH+odIH6LHqwiYSBxDoBYEpRYqD9HZL6USXr+oCMUdyrLQysCxEArIrLTwYiNauZRm/DtRCIQXXdZpES2XPBlAHBji5SezH0wx2wYtmp8sNlyQPPDIsRtLkYFHJxuLIAUa3mMVUbEHlOCInm90eckHFsWBy9XSwxCJ7yJD3muITg1whsG3k8QsRPC+pa3MwBcFss1RGI62sMhVMFTf8ASNYaAzBOrfaOMyGHrBbGO8OhhlUs1BNCHaLqaBxBP4kVHzzap4QAAcDBo1XES1vg2Cc+heFDjNTrS/AwGNTKlZkfEBDpiOZfvBwZGT5mVdAPSRSEEiVopFIKVxKP0vZQgjPigIIHEyCpkM5AvPiPA08y7POKINSEAzAcbXE11coY3UzhaukvAWtdmIbCKWVMF1edx9ABKTlaEemMGcHUohLBDY1uZRXTKabICU4hdqo5j6kpU6nlDmJ0fMtxqI5yv9je3/8Ac7zCn3FHMZJCYLZa4QUPiCsF4H+RcAUbEQXEvsRuUGkqwWhpEMRI1NE3+tqFik1HCITUHS+MmYoDawHfCMx/HYYfh7iiFuL32egswIhxmpCUTl8z60IKNJlZhImNCFGAlr2sDvDeYXeDCBgYFgYCAgYmDgiir9NVfXkle9oRGXAM7Rjde6Td/s7RS/2Ecd4oAtFQlfmYQajmOcd3qJhGHhIpIXG4GCs17GBN3/mOnWxBXSkTin/NmFrcfuIUUX8TFXqHvKzlqDLk+0ajFdf2xBEJyViH1shCwvgqN/ti/iE5pLYtDBMw4tbEUYRoz2Td5jbmj3zKTSzAWL2ndJkZSsVrVMvYgswWabYMGq9iISHYvbKpYnJcu4JglMYmIUBA6uXZUogviXFLuoKgA9BU1MTczUMKI0vQFcDAw4zUm2Z3E+KESCkqKGlMnae9PenuQvzPch2sC14iUzF7x+89+HunvT3Z7k9yD3gPMDvB7ykDo/WEK8FlE9tB0QrJuokVpfGC3HYgC2A2+/aEBoVPFOygti689XRZEKhI3MIN7gHBEabxrtK1W/klVR0CIwmWHZcGDwbYe/nqzCkPMe5KUyqhZUzrmllo/Q8yrR1FQGoL63FtOjcAooLrZc0ch+UoZ3/JCCby+SBCmohH7WJqD97GG1U97A/N8TfK2dewzSc277CpfFXtERYMK0lY8bxyrAKjjEYE5bTtBbpCHixLmoRAF596IaI3Y5hAwglVjtEEJJG15ZlKeX9DpE4zUgQ5QnxdBj4Rlph1JftxPfgokHCFkR5hUXpjOoOE4wkUWCiwfeFOZ7kzjNH6ijwtfUhdB+mUXKMqXE/9IRGos3LeI8mA0e7GFGQ7hKKFrus3kz2YTIKaEHXLphY3AqJC0QNAYlkN8CYIh4/LUqwTBuNl+0naqTwQ8FzJdo/HdeeGooQsLNTFfwA2JmRBy5LSm3V1c1HX7d9sgIUODmG6G5yhyz3cl7lAZX3s7lE+X3+WAqGyXhSuQ+NiNsLK9JReLN2WWxRiTQQNk/EmDgsWFu8EPlJZcRViVek7LVUw23KGagJYZWoIL7W41R7susIGzyBATRg9Az6QOHTqTKDH0ulB8I8UHt2M9+Ql9XXdYjshYzUC8wRMxQWGbiNtGbm56Ga4zSToIB3h7+oYVqtQV5GKPralxHz2Oqk4GcRdXFlVWY4ahGqFJFlmBhcwCEwGYp8zHEEKUPZ3mIgq5EwUkkk1BIeyHoPfXtqWi2/ECIJLfaLUg9drTfKTONzQuBLeiLOoPcLYwUmtiPsccrssMxdzWxD3WaCrbTAhuJWsCWUKO2O3BbcSuDXwYGbI3FbaaExIAMSgTEJAQeHhq0huBqFdwmNkdOIsGrlDsmRAG/KLULr8QQe/ZqL6l3XMaKTbAyqYIly6Qje3noDk4X6HU6YYH4ugx8JixmJeTDe6oqeT0MGG3uhY7o/KFMJpYHA8dAbaHjsO9mlc1b6M3y9C78Y7oXB1gkfPUi6D0bUCLrgt6Io4UXkRyly4sgAyI5C1lQSYL2RxrKYjTTTbuNQBg8XKymUuHKGtoZ8ReykqPOnZiZPWqspRVIWUGURQZFu1BlTI3FUEIOYla2gCoG7j+FtrLB9XkBup7LpYDdGq7MD6d+tXMSmabWiZvNSkE4DdQAA607aYgSCyrdgdHLJyjI7AgdUx07qMN2TkMr92QnTCq2i79ytePgwwTu4hLrf+Ymgw12wQ47ZtLEnuLiF9IaFcatlVSeWEyx3QHxeg59EZicZqS5k/7Rfi6afGVUmp0mY0e85OGWVhOZ8Y2mJkII2RYneQPaL7jdTw/QCdHQtw9ODxMzCbBIn6ZFhZ1quOintaNwK8BvTSp+IuPr2mWaibnHSkgTdKamKA3iHeUO5GlZFe0YPdzD1rMj8aHB2EE7dXhZXiaqsMKZLIWS05DFvxLFgX8perlqWUbfzBTsUTDTKBDVymCu2rjaktTWJkAomJcPaY7Q+wASsOQVZZhpz54VVDhZZt0tXyjF4paMOk5BLcTe5MtCBfdlJ78asxBXaZ17Y8zWSIRRVrkEvoOE1BF6SuZnjX3TR8bNpRcPM0qK3PYFo06fiXBaMDlAQV6DVPGLwnGakNOcuu0+ENVNXSZ+EY+r2KCX8hGYT3zmoHwzQD5Rjh/EYA1Hsx7EeYla1FOIIrFZBOVaBBHFUPG1x7Q+7Uvqb94ZVDnReFCkej2Id2G5EiR3JydOIYBe02wlMVaZrpKMKmoZS6NI8GHyoocS4Gaw254RWyFj8hhqdsBYau47NzurlExVqe0xW4nzUqf07Rgm6QVPKtIBUuYm5W3v4LYy62pqC7sIJitMTSZgkZ6TBM/FVi4S9VK6vlmo4qmoME1CmEylCq9i4slL3TiARiIkg4jSYHpDXNp7QhMVA65O0Xthag6wwTKLGm8Rdr4pXoOMHBQ4TUlbnQH7+gx8IyCghhj/XfU7RXYfif8JEvoO1oob4JjqtnBDMytm6kMgoKv5Igixu5Y0+GCe6iPaHU2XtOdxqOcASRay1gsBUh7dtMU/qEavamb53AhJ0zc5lTKHCXoxWGP/YrJbVNIe7MXSggSxR4J/8AwGgiUgTUyD3U40Nxdrky8agGZXqcOLmRCm8d4XMO78zVnkM2CkIb3TAznPxActhUDXVlyomMq3cLj99ph5qlDB60pGYy5PaAQgMrXkjwGuBoRnZ2hGeWmEWDtg0ayZuwI2qVbjKXDeh6YapwmpPpTlHfS0+EvDwh6HLL99DGxYhK/gbm4/FNQHtAqD9Q7kKOLmxMYxmVwK17EwxYhyoBMcCJQiR+QdCOg+ZiHZx3g8F+iH1A3vJKm7u4EzDxepngXV7wMesIZIl6uzAXebs3KbaeWpRpDTCvAgRrVZ5GTIigpIz/AKjiJYFQkFfHcFlB/wCzxpCHVnee6vRhiPtMSXgludclZCGVkDHHjrLFx9dfjeQYqz/ws5lk0Ujc5clDY00exKJgcIBZbc1YsFDV5g9yJlZ2FS4morB7+gq4HoLjNSUQhRn4umvwicTU6T/MFxmKknpcsNp0qxI/VQs9hM84qKG++RcNLSBb74h4NWQeFveUIcY/MJDLXaitt++xC24MtL10Ch7pouY7osl7g9Lb+GXFcOGTjdGoYxKh3gLiXJL5Z/nAEyZ5MJqtKHEJqHDqCAVC3iEJ43iV3764QeWz8Jtg0Pc1LMrnkGUCtSzjvcEeDeK4eNJBWGE15VexhnpY7qBcYezYhTe52GJ42mu7AgQjmBKIdrl5lTHpPfcyvYMPWRIboueyEn2habi5BX49BFRcdXTqQZwwPwvTT4RZjUhh6Yw0/kFrMb3tDZACMxlwFvOZ4Buu7MPj0NQBVl/esoKMBTDIsrL5Ze80GiadxBUwcuuQWZ28hYCwMBHpRwWYUsdRYaziMrAmPo/BmNLm7hIjvsNQgjvkkbXzuwAWdt1cGj3zdFO7cr3KGxNP/YdU/IgaxDJhZwnN2CB9bqb1FBN27MHY5PeOAVKNzNTlF1xmuSvLrMgUKDz7QkSXxGg71cUx4WYht9+OzBSOB+Ye9ymzB8sX5XBEy9vRXg1ILJginwvTT4RGJmEMMHSGn8h4zZmcUxhlsZlJTJC95+ScgvCCIYNeyJ0e/wAEGeoo4WBjzbCHrYtS5THivWIS4nj3ZRsebqBQIpkzKoHe5xOLflkEgoM0jUxW54VnMMFUEQ9RkJQ6WYxtFgl2wEO4jZAl2ofwxEVlsKyNrJyRyF0FHKAySYQP5jzbTFwCsHyBstlR1rU6TG7H5yBgdeqbMwXAcMCBhhO17wCsWO0y2ThfZLEYHL9+0peKXx0pkNKGVi3HYQYaD0F1NoNYcZqSynQHT0jhNXSZoSiGv8gtwlC4BfETT7aCytmeZFoWgmcNGDVRhmDJRVTLvvFDGr7LCQCwDjJLCYorLU2+KP5F+4MSDYXuSJWRzKHFKhHjmHqJAJccSxRlV8EsjBm1CxYEtlYRQuV4HK96XIEhTPxB6mGBVHUMr4JFOywjDB+1HNEvdQwSoQoCDasJ2mNhiV9iYs9B1KEp3ME6EI3Gdtm2svvJUFBuYy2FdkQWLtGpd6Wh95V27FF1Q34lY5mBCBMqamPopk4zUlBB26D6evTLB0mXfAy0df5AZ4GGTAdPCG0JTF9j5GLD2GMY9nmFj1fE0ojcJqljhxKl3jzZwI34/fBSF/kp4lK1Qkw5YC7iOY35mKmfRwdlzfC0OcznNPlmHINJhk6ATcAHEhDK8+Dm476038Sz8itzP2fguBbl5zemlQwEd+Qgu00A5gZ4wcS/G72iktVWLDjeAkJdTANQzGy4YFHIVbUZobItOpfeVwJvI7ITa5cmrGLmOxSORQUzB3CqgTcHEHQqEFHR6AyCCc1AsmMH0OpMXHFHwPTT4x5jR0mCR6T17TNGP8ZDjQTYwwOfObVYwx/h5jtUDegem214y5l1cpNq3DFLmO4a5QFcQUwzLxuHopwJFbTIQwy7TZCpTTos8TltAPxMGitcNSnVb7WpXbGo8RgSjRYR8xc9gw7TKrvRlFmevmWyKpUzuI3Ws+BKpSiK38Hz6JG3RBGcuGMytmGki9Ls9pVG8UrcUViE4utQX4nKpU0LYUplKS5TKzqhNA7LA0pzBq9ziNZw3fzyKlZFdBKwgkjcR8oYYJqrYixmErE1IHQPpdNPhBGjosdg4YI1ISmiPnEO4Lf8UsFpDndFoMuYyy5FgX6AlDQGH3RGfAi1kNZK5aKDCOYN6o8QHcJvw5AFkZn05O5G69p+ZWObpBy6WUGrQj25D5zFKf8AWWkkZO0ZfNb+MS866Y1tANOI6ojBLELuLFdsMSzN5kM00/UiumJWI24oVzRqEMiC3NvsOWJS2oZkCC3+wqybomf0rAQxOz4lUnESpsmAGMhJ1g6k3KRSvsQPdA/nX3gkszbWuZQinuZIOaeYjKwye/DBA+1uSUNA7uGCrXlDye8s/iEMESyFVLcxXw0PDfOIDPIML1nujLU67CPS7wKCSN2PgJYX/dKI9thRgK9fxBNJWwJHG+sMbDlx2osaSmYtYtr3ncd4yGKosC2PVJWSsih8YgGPAsoJGLTtGulkV2LYh5IrO/xLDBGh8k7GEN6jb0Qw8TDAbeL7M+o3GmPBjR7BT5eDxuXNlXuLmRQ0ywllYxshD49cEUVhMVyU4StKy2t6GIM4bTuQtTdHfibbIfBgeG75EM17b2JTmDb3l07l9iIWmAl6UMzNhNGAkUFwRKyxEE7pUFLlA/nGH/v/ANnFUohZQeSMxMVOvaNKnvmLKFDuQJlq7AjWE/JMqRHUi8Qr2gNjMbM5gwHlmPZB7hcRRbcAkcXzcX55Elq/AQwNEzvHf8XsnTGTFd8E1FOZR6n5uWlNqt0iUOhl0QgRmeSgYKh70WvMW6BlqsQyO9jleEQIWuMSrQYo45S7bgd8b2pWC0775TdcvfjByNjzXMPcYDOLmEvpyUPZa7hNUuX8TQmfwlgZRfbEpysMYMlXUAmGK/VTP63mXNZaUbJWw1X/AEixlM9lIv5HrsQrWu12GPvHL3RIuEXdrP2mAgcBLupTMAqzSDAjGw5CVsTZH7JviVA4OIfqAZjHcbTGc6H+dUaWn/7uf85mdE5IS2IECC5fzHml+WWwWAhVie/LY5EZ8cdT/wBhLN/mA1DqGiXf6Bd1/FdCe8wF1kIdORVeri090xhljAdR0Nr3otE+NLTEZVRsywXKoCjecoZHuSGgpuvBF86pBRx5kVTv7wwtTGCtEIzidxK/wai6Rbq97Lyau2AZB6z0gijSDtEpMV9ixZbHZ5T2sS+4F99t6EE1Hzzamkyg7EG13WV5S4Fct9XDwYcoKQuiAjbmvUceK1veBI47do3rriKpmgbNYA1oEuAK1DyZuxJis+FQk95T8JKKsTuW+kT/ADgB2CE4FyioP8zWLQs3TeFl6FmfS6fYI/xzY6eHQQmEjcaAbVALZyHcfxGVbkYaajaJH/MI/RFhuUJ5Q5ZbZhYPuYup3iCK50T4EL8DYdpVj4hbB8DxOQYZOwfsl5tJcpOT0096hmh1Fbld5MjvIo2AiKUv8xAF3JKQqBf1XGiZWFKmGZ28kHpRm8p2SHrK3hykODuOpZxUQUMmV94+1VwkUrRLRLEW/dgHBYCPUWxai4jHlolgGmo4pV1C8TAMBT8zJEuYqK5yQJk5iZv5SYlw/nGdxUVLgEJZEKjAQ7hKqt7M3v8AmoqWXgS1CljA9oMwV4On3CY+OG0ge0VVEwcSxtg92ad/MQWfCOtLFWLNyANHAY0H8QWMLujE02USHq0bllYNQx3rlMOwrhmICqXMECz8moAkDBeIa27BLhr0Y1GAC55Fxly5zEEui8cwQ3jjuKI44anue/WSXtfCloYBDRsxUf7wTNU1vEygIYtXCkKBNOIP5jgG1wfP4kl7rrlXOOUrT/wxHnIjvyMBK55KOJ3IAkDQ94MUUYauYFXfBXNEcZJWsNwweZ2CZIpeLnMQ267Qd4QjjMHFAyR7fi1aOjzMTPqrZ7QfznTKmpcwk7FOSKSOTYFeGpqj8OVa+YQf7jMvHn7T/wDiJwhKh7lmjNkMGBimQIH0Xxc2lfEuj+IqPwCiCBML5bgugXDJW90hUBSQ4/iq/SJZre0q4GtyzpWiOywziGebAX2ggvM3Usoatah6gm3mB2uDvN7RWErWparmUylHM0y1kh3cpzHbsbljDvlGXJrhC/KiekVzTEwhQWRu42VZamN0WhzA45E8HpXa2VI7lqDRRq0SOsPswLy0JA4cJwLHAB8wgNZS/wCAMKjprfeN0qPeloKF7ONbq4tiYSjA/wBxiPvWWd4o0v3nBDk0vlZFRCqpBEkwMox4COHPxBnP6AU6FVJdzaxm5rxGFOgM2v4JsAfKFP8AwZyF+Geb8M91+GA7P4Z7V+GJ5Pww5F0UUa1iszHLpYdpJUN5/jMYtlTfh2jLMJh5uWBCWVxKibaoTqq5L1cPtgm5bVplUwUyRlD3sHtEYcziOWirhRSu7QN2OB7zlYaTmcqLJg48RcqmllX7wet6Le/SrrGwd4zNSr17xwiAxMEuvfdYzLhDdcEkt5yi9s+cwncoKMtYYVrMi9VfDwMtsGXiC77OLIhjlq8oQHVVidoCciHgWWelrxcOPSaq42VFx0GGUj5CnJI4L4uiQkyepjUCS4ljvMsCyk5WB6BcjiVtOJV6zvT3SLdn4RbE+Itv8EV/8J/+VP8A8yBf+E4X4p2PwEHgfEsi22B7yhCMEsMVQP4uWIISlbXa57BH3sadouyUZ7T3Rhl99q4Bepn6A7veKBQrA9ooFusbtcbWagpaxZtpZb+YmFjvCPC5lsXdk1LkOVb8SsWpge01tqHUAlK5QNYhrQDGc5aKFSHHk6JuP/7mEnmeYNsX4zK0Q5RkUWV+UxHPXmsRlRSELaflph9ypfLLl6lXaM7mE7wioLQWP5VYlEzUzU1q4OULuJZIIqGhLQWynsbQL7/QjO+PKpObXRXvshy4g+pOJlmjDkEu1DQNy2MVeOIhwjJMYYRstcXPZJqj3f8AGoJGhyWmIavp7pEu7y1SViG177OWLBChyXBYVqYjullW+IcxCtyhSQY8LJWtnF+plYa9lxbD8kkIu5T5IjOHb5g+x1+coe60zDNtBmxJUupfotZC6uWHxLlHXNyWjSFA3/8AEU62X1LC0MTCIxk9cu+GT7XKTuxxG+xJHLPhafyZzTngLlrtrhCisNdAx8tsMFh7y9Y9pTfmqOCD0NboToZekO07CJ4nbs7f7l+q+4TEyxlTjOSQOiGaJhJSUzcma/xyfMLCYF8wIzZDQzuBHf5lrGOu4ImZrFM/D2MsKrTxeHxZ3KNOrh+gxVi5RJN/TCMpICVcDAoLz2jMvBrHuDGfqIb3Uc3xOy2F5L5o5u4sEtZQmcQNTbHcqPS8D1nW/maaf/ZhUWubIvcOI/1qWe9oeJa3YEXCeZlelXBG3HAmxmj7JugDHmZgjtijEqwwYm7hXCUrQqYJbcKAAeiCoqCMY0REQImAwYBAX8TTMz7OiGE1hESptN38cAjpiZm+iXAz1UEociB64s8FlbIsayFBVq0Mv6c/2xSXeB2hcvMPMNCOz0y9+IzXWPPBSF9jFBmbGIGCXKBydo5inbxArjZ4QxV/GxwCnM1KEHDoMFvNtpg1hFi/UZf/AC0zFbTkhY5BICUDDTW692Yzrf8AnDPJNdhir0T3n2jOWHiLEE5VMxWWMRwYDcItCBUo0MEUHo2PvLpTo19T0lMvmWVEMNwQHQ+pzda/kCdYQXsqYjzeii9yVMz6dopNEDows34ZlxbNFWkcRVkhx2hI8cJEqWDXLK0rgwsXjnG96mUdagxcNDlzG0MPzPfAzhzCgGxvMLYe7G1G6MrJ99Q3E09yQTYScyK9puzbcOTV75GPVwPITHkFcROYcywNLbUsR9hISN3hAlBVixKGrCoqx9JQQhaTJ2Y98nZogEZF9XpZvBNugOpr3JFYs0wvhSAQwfyW4nzFLKOoFvnXaCKC2ZVfErxcLM/aLUCLCopMuLbmb5gV3id7UXithCAFOiQuYpYCEROrzzCELBDRRqLgmi+CAiXcESHHP2jImm/aLGA9llAUDnojKm4tistr+8wgND4I3LEIRS5CZpUfLUVYeN+kimDYmOlGarEoqe5B5i4ZQlKTA8Sn3hxHgkJx9wUEclRVQ7qGUxzBEYpcZEcBbTES0v8AOkkX+a9GxjJ/gjjhdwkCzmHmv8GwpBBfepQnrHBSLWmjKquaSAnFMdwhiIARsYxy8kAoIfAINMr+LiZDovdRYAgMGNctETWDYuDcsMD79mI/uzAuLLKIBZcWCGVNAbhJn3i3gfxDXR5Jb1UYV2AOYwZCQgrRCG0swb9NtdZaQFqwjlAMbLVJ/EbLD7OFDR91ZeRx7mOU1pY/7TcwwgcMY6C//MeSVxW0xlItlmipws8PQGBEsgIaF3FiFp+IIRWqGGwV8TF8ItN45C+0q9lXwpK22UONTGjmPeNalrVmTd4pqFv5eQld9b3I0q6AzDaWhgZ1oe9AKfaKQwo4VZcQUp8GVTrBIArvCIautiFYQMLJ1jI7hKopriOIFPlGsAvGmHmw5qWYUQvb29NtpZUqyon4+0tDg6zK1KuvCMVawr3QZG9gwx6tVo4h9iDkEPdzL4BXbLGtMcr7S1nQF2l2Svawp6EG2sRzNxsJy7gYbc4W9jF8zk2k6eyLQODwlM35GouOfe6S+KsShyGPEZejdIfdTGNQl33lzkqaErKTYi6CJ5AiL1hu0laILi0V3Zh1LUIFNkA1Je6JlrjLVmKzsC8HtbK/Eem1rLiFDB7y31TEj5hw8mWOrD7BcwavJMcu2X+5Q1qO63BgkfAgu3h3RlrA91Tgv4AM8R3o44yqHpvwHohtIO6LOVi93dmZRtmY1kUye048hKrdZC17XXnEuMtcymxL8IoMG+ZWtvgpnNRaFMSFY6CUxuNJFWIgtEVPCWUiYmKvMgGxmGIaA6Pp3ABqhLnUw9NpYK5aJcEw7KlJcjFdRcGwZp647ShU7QBmo4qWrg7QmVlcwcKXu4iC57FzBxFb8r2IgOmbPRUuUwHdFSYwMqON3yfJHiYAMoNaWO3MM3jYiCkYupys9kMJV0ktTW+xIRCsRDO9y1Ulu0SvgqNlCMELxlpzNVhrRBxBemBBY5EDtD6aZQI2ltS6WxVV4Yaqe6y1o+LANi8xlkHdNypYFzjTDDHsBaFrWPZBbYO1QIIEppv4JhVrWqdiYEgqej13hQNs5iOIyso6qRj8zrmv1HlBzh4YUQOIwKZ1QvsRLh6klU8EGCqEYyqcxPV2JTjTCYRyEDMIQ46SKKOkRUd+mqwaUbxUsEE3g9oOK/iosur5vBBQw3LwjM5yhPIs6KIdu9i7DahrKCTDhLloIPAnCiyTC7lr2gg0VHpNspklgaUWJCmovOppi2BPqjGr8crJyXEfUqyWBvImfVE6ZYRLgZ03C0wmLgBKzEvoo6zj4Kdxn9JBR6aQpWmYAjmsqPZlIgKwiCEVHswoX4EvLFSZILvXBDVLtq4r9RNk3KzfIg2HDSl41viexC7oanpukX4mLZDogH41Rxo3LNGccQ5jbZc5XD5aZg2qlGGgjstdHPRoCeFOFKoTZ9YFAemqKFuVrPmX6HA4HmYcey/2ghp9otP+slOLhui5XIJXdShn9ixrSvaSN23nCICqUscGD2LFdiArTqeoVMAb7xuZFiEG6y1vU5SmSq6gDgvZhtlxEbZuDPdiAO1G2OaMUor059AbVqR7jHyTWtIfSDQLilU/CXBngxAoP3j+0MMriyqzSsUYL0nEGviAD/JVhkspWMPyfYSjEbXqNfqS4NyomlsUXA5rDE5S8nZFJOeEHAW+nZryC1rlokbWRMLJx/1nBnL6nzCMz3lEkK0uKr3FGNiRj3wkir0FIZjHOE+SIsMxiZX2taVXrIp6KMQ0RjUsnsM5+qeCnpzCsbotIxyK8Ayd2FhfzpYp9e0CktcETDLvAoBZgnsIsk7eUHR4eEI4awttLnAqyqW5B49ZeziNujhm2EQe6bkpqG/d6c9Ls7ROSBSMaJeySAqGc4y5pDDqp+CIr3UFDW0ZZA23xtF4o8HYEoLJUyo2pQWn3ZrypZ17PWWoGRgoD0yIJgp3la80CZwenWamHfDiEw5zSxy2/tH83aWlDQsR+Ehkn4wEQxeYFvPtMfLbgEEPbB6y5sYRUIziNowklwArT+q//8QAJhEAAQQCAQIGAwAAAAAAAAAAAQACETEhUBASIAMyQVFhgCKgsP/aAAgBAgEJPwD+jhg/aI7zzlOMrLUJKfCy1GWnI29V3H5bt6WRMBYbcJsPFIQeLBleonbXSHV4t8jIvn0Mbr2O9yYXud1QysuR6mOmVUzxhxMjcfi0Y7bGVZE7cQ9Dqah0tXnF/KEFCGWSqGN2wShA/RtH1/8A/8QAIREAAgEEAgIDAAAAAAAAAAAAAAEhAhExUBBxIDJwoLD/2gAIAQMBCT8A/YSW89UKCKhlJFQrPb5z5dPb5Ii74d0O+57Iox8dRUucY3EveyiGO7MMcDneP69v/9k=" class="product_picture" alt="Kitchen Faucet">\n                                    </div>\n\n                                    \n                                        \n                                    \n                                        \n                                        \n                                            <div class="carousel-item">\n                                                <img src="data:image/png;base64,/9j/4AAQSkZJRgABAQAAAQABAAD/2wCEAAUFBQkGCQkJCQwTDg4MDg4ZEg4SEBcOEBAXEBcXEBQXFBQaFxMTFxoUFxgjGBwZHxoYIRgjGCMiIiQnKCMXJzUBCQkFCQkJDAkJEyEXDhoiHAwYKSIoGiIkIiIZLCIoISIUIyIaHx8aGhwYHCIaJCQjDhkkIRcvGRoXIiEnHxckKv/CABEIBM4EzgMBIgACEQEDEQH/xAA1AAEAAQUBAQEAAAAAAAAAAAAAAgEDBQYHBAgJAQEBAQEBAQEAAAAAAAAAAAAAAQIDBAUG/9oADAMBAAIQAxAAAAD7LAAAAAAAAAAAApWgArQVAKFVKilRSMhEVLUtt1Q8EjcrKMicgqpUkVJIyJVpcFyMxOlSUoyE4TFaVAJAkjIVpUACBIAAAAAAAAAAAAAAAAAAjKIAAAoKEQABGUSQIyiAFK0ABAAilERkM2OdAAAAAAAAAAAUqKKiioAUqKVACkZRApq206seIblbtq6SRkKhKtKkkZFyUZFbkJkgTBIE60qJRkAJRkAVEAAJREohIAAAAAAAAAAAAAABGRFIRAAUUBFIRAAIgAACgAQAAiCMhmxzoAAAAAAAAAAAAAAAAAFIlANV2rV08I2rdtSJyjIVpUlWlRKMi5KMiUoyKyjIrKMiQJ1pUSjIAAkBUgAAACQABEkiJAAAAAAAAESQCIlFIiAACgoARAACIAAAUBCcABGUQBGUTOjnQAAAAAAAAAAAAAAAABQiKAattOrHiRluVlCZOUZCtKkq0qSRkTnCZKUZFZRkVlGRIE60qAJAJAAqBAAAAAEogJEQJREohJEASREkQAAAlESiAAApQACIAAIiAoClaACAACIIhKJnRzoAAAAAAAAAAAAAAAAClaERQDVNr1I8yLclWlSU4TJVpUkVEgnOEyUoyKyjIrJIThMVEElAkAqAgkEZAAAAAABGQikIyBGQikIpCKQikIgSCKUQAAUAoBGUQABGQiAAEUFQnAARAARCUTOjnQAAAAAAAAAAAAAAAAAIJRApqW26keQbkpwqXZRkK0qSrSpKVuROcBO5buFZRkVlGRKcBOtKiUZAEkZFRACUZAAAAAAAAAAAAAAAAAiAABQoAAIgAAIgAFCpQEE4EZAjKIAiClRnRzoAAAAAAAAAAAAAAAAAAFFRDVNu1GvENyVaVLoJVpUlWNSaMiVy3UnKMicoVJyjIkCdaCsoyAEoyFaVAgCSMgA8WANsc3xcdcccHY3LM7W7MTlCQAAAAAAABElGUSUQUqooAAEZRAAIyREogEAUAFQnAAiBGQiBSozo50AAAAAAAAAAAAAAAAAAABqO3ahXjSbioXZRkCpJGRWQSrSpOUZE1Kk5RkJRkTKgEiJKURIFVMZGUjynjEfUXP8A5e8MvaNE1aZCxkLpi2buGCZ2JhGXsGNzPhtHSei/Nts+3dz/ADs2mz7sfPPZjYBQAAEZARkEQApWhWlaUARkRAABGSIACKVoACCgARAIgFK0GeHOgAAAAAAAAAAAAAAAAAAANR27U68Q3KyjInKMhWlSVaCsoyJVpUnWkiVaVJVpUlKMidbcyoQSUYeMxguY8Xjr/GcTmZdWu9R3g4Rm+95A41sm9+Ex+Sx+PNpuaHYOgy51fNz8mAyJbwm43zlGu95sHzbjfpfCHzs6rpJ0bv8A8Q2U/RB8y/RFZIUABEAAAVRWgAIgAACMogACgAITgACIAIgFAZ4c6AAAAAAAAAAAAAAAAAAAA1PbNUrwjcrKMi6BWlRIKyjIlWlScoyJVpUlWlSUoiU4TKqVEbHOozvB8L783U9m6Vt5oW4WPGZfxa/qhveC5liTftbwubMR5OobHXBbf0zkj5Tn9X2z5W9f0VrByzO+nSY6ttHzjkj6V83Ht7MpLJeQ1fl3Xs6fLeW7Vx4+n+ofnn3JPppYv6IgAAFUAAAiACMgjKJKIAAUVoAITgAIgAjIRKAGeHOgAAAAAAAAAAAAAAAAAAANW2nVLPCNqyjInKMhWlSVaCsoyJVpUnKMhOlSVaVJSiJTgJ+WXIY9PIMz0/N1Tofu0szuuQw5lNP1vwFLPU+unA+n9cWa3sM1AAAJRErV2Jq3LO+I+JMJ96aJHzx0bQNNX6Z1zUeomnbVPm5i+ZfUGCOc/Wnw5na+2o4jL2AABVAAEQAAARAAAoACAAIgACICgBnhzoAAAAAAAAAAAAAAAAAAADVdq1SzwjasoTJyhMVpUkCsoyJVhIrMJSjMkjIrIJWmhRi9MyXU8XF++zzQu5GvPKyOlx7GaL3fa/RqUqrQAQAAAAlEAAOd9EHxp6frnhOWczvzf2xdN2neuTRt/wA9ds2ivn37D+L85Z9jvN6aCqAAAjJEAAjIIgAAFACAAEQARkIgoADPDnQAAAAAAAAAAAAAAAAAAAGpbbqdeIblVKl2VqZKtKiSolGQlGRWcJkpRkVuRqSpXHmL5v6+jYssf7eKF7Zr/MSGEl9QVh9+jKxKMqAVpUCABIikAAAAAAOZ/PH2nqEaFvXzX2OXS8z03hh075o+hbpz36j+DvpxOqK02AARCUQAARlEBAAKK0UBAAEQARABQBE2Ac6AAAAAAAAAAAAAAAAAAAA1PbNSrxotyVaVJThMlWgnWEisoyEoyKzhMlKMidYCPM8x5sXO5vIcFjE7tjcfWG1DyfTxkthS1BKgFQEojIAAAAAAAAAANU+b/rvRI8GQ4h3XN4H2HG83rPcn+sfmk+tvf88fQ+oFAIgSiAARSiSiAAFACAABEAEQAUABnhzoAAAAAAAAAAAAAAAAAAADU9s1SsbKMtyVaVJThMlWgrKMisoyEoyKzhMlKMieL93NMvF1rX9izdJ5Z5OoV4OIbTbOldeNxKMiQFaCokSiVKMgRJAAAAAAAAAA45gO/wDzpl2zhXUcpLzfcuHd/r5R+yfnfMn0WNxGQiAAAARAAFK0ACAARAARAFK0ABE2Ac6AAAAAAAAAAAAAAAAAAAA1XatWsxsjZWlSU4TJFRKMisoiUoyKzt3CVaRMXo7eMXZuS9T+Z4zOf2DkFah9acX+htSpSyqlVkjIAlWgqIAASAAAAjIAESQBEkiJaptcT5z7nyPfMXmLrXzZX0h8mfW/z+fTWR4x2fUIqAAESQEQAAoAAgAEQAiACgAIg2Ac6AAAAAAAAAAAAAAAAAAAA1XatUrxxrTcVoJzhMkCsoyKqVJSjIXLdwli8pocYntHMup4vNOaz3qrXAeiYg+h8xCe4CKigJAlESrQVEAJRAkRABKIAAAAAAalzfuXBsu4/Mv0Vz1cTtPF/pmPlb7A+J/rHU2YaAAAIgACKVotaABACMogAiAKVoAEQBsA50AAAAAAAAAAAAAAAAAAABqm16pXjjKO4rSRWcJkgVBKtKkgSrSpPlG+6Xl0W/muX5vMewc52euFfQnzx9jWTGkwVUFZREkZCURIFVBVSoSRFIRBQVVQVlGUAIhQURkK0FeW9S1mMHmeddcxfkn6V+eesVz7eL2i19NjUAARkIgAAUrQAQnAARlEAjJEAorQEQBStDYRzoAAAAAAAAAAAAAAAAAAADVdq1WvDScNxWlSU4TJATiJVpUkSEo4Avav6I4vYPmPrPzpHU/FYv1qn058x/T2oRlU0JitKoCyikAAASRkVlFEiIoUjKIlETRlEkZESlARAlES8XtrHBe3cU7Fi/PPrzmhnf8A5l+sfjY+4aeT17gVGQRJEQAilRRWgCoBGQEQjKIAhOhWgIyiAUBsI50AAAAAAAAAAAAAAAAAAABqm16nXkjOG4rSpKcJE0ZFQSrSpIEtZ2bSY8PaOT9ZzeTfNHfuBHa89LyHDPsj5E+wLA0ThMAqpUkAACUZREoialSUSKChEAlWAmpUUrQARlEAkjI4/vurZ3FwPDvor5sPqr5Q+pPnQ+h9q590HURkoRJRAAAUAAIARSIgRClQUrQARBQEZRNjHOgAAAAAAAAAAAAAAAAAAANT2zVK8kZR3KVoJztSLqMisoiVaVJAlzno3Lo23pfP+hYvzfyff9Prv+o7/wAjNS+ufl/6e1JCpoTAKhEolkjIAlEAErciVaAARAAJIyK0AiJRAADRfTFhf+Xfp75cl+ouHdv4udT6Rzjou5IUjKIACAqlRQCE4ACIIyiAKAARAoCIBsY50AAAAAAAAAAAAAAAAAAABqm16tXls3rW5StBNGROUZCtKkqwmCRHl3VcbEtx1DLYvyzZzNyu1cF7vwQ2b6D5X1TUSjKgJoTKqCqlRKMgAAABKMhGUQRJIyCMgCREESSIkiJA1Lz+ny4vq+WPqT5bPp7ivbuGR17o3Ouh7gUACAoClaAgTgCMhEAiKVoAARApWgiAibKOdAAAAAAAAAAAAAAAAAAAAapteqV57V21uUBWUZE5RkK0qJ0qSAJCMrvO4+x7rRgtrw2f1Kyi0lKMgBOAnW3MK0KqVAAEoiSIkAiAAEokkiWQEZRAAANX8Pr8mHq+Wvqf5Yl+ouC964Gdq6Dz7oHSVUqAAAFKlAITgAIyiARAoAAiCgAiCIbKOdAAAAAAAAAAAAAAAAAAAAapteqV57dabkQVlGRMEgVnCRWUZAkSuxuc75rHpsFvKYvKblVK1KURKMRcjGRJGROtsXFuZVQVKFQSREkQAKFShVSoAlEAFArQVBqXmv2MPd8sfUvy2v1D8/8A0D8/R2zoHP8AoHSK0FVKoCgUVoITEAAIgjKIKACMhEClRSMogEQbKOdAAAAAAAAAAAAAAAAAAAAapteqV5KVhuEZFVKkpwmSBWUZFQSlGRcuwnzvns37BX3+b07itFVoiSArQVlESlESRkTQmAK0FQAAKAArQVAABRWgBVSqahYv+bF9vy99PfMa/UHz19DfPMds6Fz3oXSAK0FShVQVoAgACIAiClaABESiFAIyiIyiAbKOdAAAAAAAAAAAAAAAAAAAAantmp15YThuRlGQrSou2rolGRWUZFQSEX5GLasXbZ6LltuXEVSrQVlCpJGQrQVlESBIE0JgCtBUICqVFAAVUqAUKlACBNCZqfk9nhw9vzJ9N/My/Tnzz9DfO0dy6BoO/dIQEwVoBWgAgAEZIgiAUABEClaAiSiCIEJmyjnQAAAAAAAAAAAAAAAAAAAGp7ZqdeWlYbkQSBWUZE5RkVlCpKtBWUbkXyOLC3OlVnCe4lGQlGQBUCURKtBWURKUZAEyBNCZWioBQAgJwE60qUVCgAQBNCZqvg9viw93zP8ASfzYv0584/R3zid53nRt53AE4TAAAIAAiARBQARlEAUCKURGQiQANoHOgAAAAAAAAAAAAAAAAAAANS23Ua8tK03Ioi4jIrKEycrV0qoKyiJXbVY9cK28WhGpVhLcuStTJAJCoBIAVBKMhKMgBOAnWgqUAEJwAJoTKqAAQAANU81+1i3fm36O+c4+mfnH6O+bTvm9aLvXSAATAIE4TgAEQBEClaAiAAKBECMoggAbQOdAAAAAAAAAAAAAAAAAAAAajt2n154SjuRKE5W5Eq0qSnCZIFVKkqwvZXrdyGbEjQbk527glGQlESrSolGQBWUJkZBJESABMAAEAAJwmCooCE4AAGn27lvFvfOX0d84x9K/N30j83HfN70LfekRCSIkAAARAAIgoBGUQCgEZRAIgQUK0DaRzoAAAAAAAAAAAAAAAAAAADT9t1KvNGUdyAKyjIkCc7Ui6BWgrOE8vRCrNjFCqyjLclWEi4CSMiVaVEoyAKyjIjIEoiQAE4TKVhMAQmIAEwABCYgnAA0+zf8AHi+35y+h/nqPpL5t+kfmo+gN90Le9yUSgJIyABElGUQARBQARAUAEZREZRAIAoDaRzoAAAAAAAAAAAAAAAAAClYEog1Db9SrzRNyBElWlSUoyKyjInK1dAKX7V3FuRIlYv2NSsoy0ThMThMSjIlWlSSMgBOEisZRJAlFIATgAJoTAEEyEwAAAQnAA1Dw+3xYvo+efoX54PpD5o+jPm0+jd90TedSUSkZRJSiJARlElEAIgUrQAiCgAIgiBCcCitADaRzoAAAAAAAAAAAAAAAoEZCtKlIyEUhHT9y0yrBHcgBKMicrciVaVJXbUyQF7yenC4JYwnHUkNEoyKzhMSjIlWlRKIkBOFSSIkjIVoJESQIyACaAmQJoCYAAIRlEA0/zX7GLf8Anj6K+eY7/wDN30f83H0lu+l7puBUQJRkSREogAjKIAoCMogFARSiCIAgFARlEbWOdAAAAAAAAAAAAAAURJwKSjKFQAUqKaVu2kVZjWm5Si2XVKkpwqXK0FbluRdRkWvTau4XraUq1dt7iUZUlGRKUJiUZEq0FQSBVQVAlESRmUlESBGUZAAACcBNATAgCMohEafYu2sX1/PH0P8APsd6+b/pb5yPofdtJ3TpJEQCQJIhKIIgAoAEZRAKRlEAEQBAKEQDaxzoAAAAAAAAAAAAAoRFASKwAAA0feNGq1E3LcZRLtbVwrOEicoyKyhUuytTKemxfxUooiNxIpKMis4TAJThIqpUkjIAAqpUSiJIiUoitYyCMgAAAACcARlEiDUfN6/Fi+3gXfeBR375x+lPmmvofdNK3fUiKAkjIAARAUAAEZRFK0EZRAEQQmIFBGUQDaxzoAAAAAAAAAAAAoIlABEq0qAAANE3vQajRY3JESdy1UuyhUnKEyVaCc7Uh7fN68W3KMojGldxKMqSjIqTEoiQJAqpUSiJAAqABJUojISiJESQAAAAEZRIg1Hxe3xYvt4J3jg0fQfzV9K/NR9D7vpO6bgUAAlGQBEAoACIApWgiBEAIApWhEAG1jnQAAAAAAAAAABQRKAACJVhIqAABz/oHPqDctRlElWEi7W1cJ1hUuSjIrKIvX4V52tJC1OjcrKMqAlWguICYJIyJIyKqCoJAAVpUSiEkSQEoyACMgAABGURGUTT/NdsZvt+f+9cDj6J+ZvpX5oPpLcNR27cFArQqpUAAAUARJRSIgoCKUSIAIAUCIANrHOgAAAAAAAACJKkQFABAACURNQVAUFed9B51U6G4ioVlETuWql2UKk5QmSrSpeuW587cjKVWJRluVUqSAlESrQVnATBJEXERKtBWURICtBUCUQkAAEkZCMhGUZAEUokQaVblHF9HAu+cBPob5l+mfmU+ldw0/cNxQAFaCoAFK0ABEAAoRAIgAgCgIgRlE20c6AAAAAAKFVIkogFAABAAABESAARiXOb53mdbo0e5ublTV9iL1bVwmXyMue6YdwtcDvndfV8+ZuO53EsW/Yv8zroMuFdz3LgKyiJAkjIqoKzgJoCcoiUoialSQAKlCoJAAEiKQRBIBElGUSNK0NLs+jz4t3gHfvns+kvmL6d+Y4+k9y0rdekoAABWgqUK0ABGUQBStBGURGQiBCcBStBGUQBENtHOgCBOkRJESiCUQAFAAABC1P4Ir7nwHFdAPqWz8R+SvuWfyBjY+3s3+en2KdWAUFPkf66/OiPonBcM2mXMerkm0zW/wCIn5M2H098yfTvTN3zemm8fnp0rctU8nowmu7pYxraMrqnQT6OlG56/NPg/evnTG8f9Ics6v0ylGW8q0qSRkAJREkZEqUFxbqTlamSnCRWUZACtKgCUZACUZAEZIkoyiASjKJGk4ml+b0+PFjwPvXz+fTXzB9O/MB9Kbtpm56gUjIERIAAACIAKVoIgBECAKVoIyiIyEZRG2qR52dIgKAAAAAAAAACHyz9TcUxrmGt7Z5vN3454uieuzR6dS1vTVvun5Q+1O3Kg6YArwLvnIc6+YMzjd/8Hr0L05bzSeDy7Ff2zvbONdj9vluVhPrjifPd/wCZfN9uTlY8nLr1Ha8V6tc+vyhc+j4r/wA8fRHyVy69j6PyDr/bnUbzIRUVJESAAAlESuW6k7luRNSpICtKgCUZCUQlGQAAAjIRlGRGE4GnY/IeHFtfPf0B89H098yfTPzGfT236pteoFIgBJGQAABEAClaCIIyiAITgUBECMogG1DFAAAAAAAAAAACHH+vcgxrQ4ZW/wCP085vZXYeXTD632HUdZ599rfEH217vPcHXkA4d3L5nzvjvRuI7b5vXmdo4Nsep13F80wm3c+2fH31/wBvPclbu74/OfJ940Hx/WzGnbbp9vY+gcl7H04dwnS/vweb4a+2PhnHq6p9QfHv17053a0rvhJGUAVUFShVRVVBVSJO5bkXpW5FysJkgAVVoJRkACQAAABGQRjKBpXj9nhxYfO30T85H1F8x/TnzGfUG26ht+ojJUQAAJRkAIyiAAUAiEQAQKAEQIyiAbUMUAAAAAAAARJIiUQAfP30H8p8es/FlsL5fR6cxrPr8Pp3TE+nEbxyL7f+KPp36Xk6yPT5wK/G/wBjfAvPvqmza9sXP1aNncXla9OEzuNstfZfxd9Vb4716PPb6+X41tYXZvD99q206obX37iH0P28fUawn1+Zgfin6++S+ft3X6e4H9AdOPvqpvz1JBGQREkRKJRQK0FZ25l25ZuFyUZFZREkZCtBWUZACQAAAAAUtyiaXjsljcWnzp9E/OZ9R/L/ANPfLp9Sbjpe6ahFQAFK0qASiEogBRWgBEiAIApWgjKIBEAG1DFAAAIiSIkiJRAAAAACPxv9Y/IXl9O+63ndZ49r9636fB6tpxOza7vnoG+4HVfZ5/uZWn0PEBj/AM6/vz4B4e2/mcNkp6NfyWJyDO0YDc9A1i33DinR1+ksFndT7eH5C2Lw5n5n6W1qW24Ledx+lfmv6g9HzdsnS/3+Xyz5t+i+A+f6XX+08f7D38l5R189QLtq3Fx5vSKFAIg9li/Fm1YlL6r1m5qXJWplysJFVBMFVKkpW5EgAEQlGQABS3OBpeLyuExb3zn9GfOJ9R/L/wBQ/Lx9N7tpO66k4lAKVoAAVlEAFAAjIRIgEAUVoIgIgClRtQxRElEAAAoAAAoKqCtAA0r5i+i/nHxezZsB68bx65v0+T1+H1dI1TPYTpyxfF+3cN7c/wBDLvg9/wBf5oGh/CP3d8L+f338hjfTnvhvT5hv+mZLEaxe2zVOn2fRGmbha7/P+K8v3e/4/q8Dx/0zYmuA/WGpdG6+XJXrdzt4OScA+wtJ5+rDdfwOxdeFRvmKlAeez7vPm+h4PeIliC8W3vsy42UR7buPv2eusFTrZF72Y+WVu1YmuYW5ak5QF2MRJj9C1Omue+SumtLxB02PMtgNvRYqGLwlMBmMNi1+dfon50j6n+Xfp/5gPp3c9My+5nq2L9KEAAEZCtKgoAAIgjKIBAoCIAhOIBStKm0DFAAKKrQAAAAAAK0ADmnzH9o4vn0+RcZ9d4DHT5ht/TeN59ONWO3bBc/PHp7Lj947Tksd7+/CURMJx/sPOZrDWMvj1xrL3qj7MlRLeA2GzZ74o2c+zF/ITfvuxkkczr+xZnruW7kYTXM54tPZncDsFVCBQAjHlhrnlzd0c82mtxuY0ZC347Jc8kMXGwebzY2s77eb1OoWed7AZ2/5MkYaWQ8ZkL2Fv1k6+b0ojG0SxOW1A0Doeg7/AOrPmznOuhZa10HQOj5a5y/rXNNvZmdTy9mbwni9/m3P5v8ApD54w+n/AJk7RrHbPWMN4rnRi8viM3udNnCfm2EEZEQSKEqVoAARBFKIhOApWgIgCMogFFRtAxSiq0AAAAAABWgAAK0PBi8hhEhg8/4bcPYynhPF7pRJWp2Jrpntx2RYSiMByrrHGV2T1+bLLjIT5ZxdZt8q2aXZo6xzjPT6Aveb1erjgdS2LVvH1v5nhGxeTt1rovA+/evlfiu+njoXLtv+cfN6vpPq3MOmejhMdOYADGZHhpje52/NLa82Svxq3k222ajZ2+2ax7spMpsWE1Q6fd5TjTvUudXq3zXsJajdJaFuBe82mWq3a/z4dMjo+zmIx/TNO3Oab/lcJua7smbxZiOkeD25so26ZRw+ajXNZ5jDZR+ePon5tze+at1z5d7Z+iNzwG65tu4RICMhEACUROgAIgAjKIhOBWIIyiAIgKAG0DNAAAAAAVoAAAAAMZhM/hynm9XlrzY7340t2sf7s3E+nVtJzn6xyWFzWwGJ5H13jy5rKYOWbgtYymr/ADfRy7feadNvojr+LtafWHuxvv8Ao/O5jjJ6f8X6ek9J0TYM+nbPof5y+jvo/Mlcs09Hm4DxTovOvN9L6U6xyXrHo8N1GXXkIkoivn36B+bT6PxvOtiy9e1YnLlrzZDxnk83r8hYlC4Xk+QGA7l8Q/UhvtjIQMbHIWyxlPD6jLNfyRlcxo/RC3RbI2pWSlu34y/axeArdvXzC0diwnP8ybJy7dNATV+r2NplwfzH9EfMR9f/ACl3jAmvbRgudn2Tk9B37UkjKkZRAAAJARlEAAiBCcBQEQAiBQANoGaAAAABEJIiAEhEEkRJEvjw2Yww82p6jw673rPLPT5u2tbF5sXx7b/gNPyuuf1jtGrbT9PxBZiuO9k4OvuxuwuPTk2IyGL+b78ZXJZLrNSpsum7n1bksTmfofO5Tz3PcB+f7+x5biPm53656rw3uXv8Xp8V/WNZ4NqWR5t5/X9M9n4z130eX3PLd6Z9C3VJwRJfP30F85S5/J7JwOO97t8zD6a8PzZ4j6X8XzZ5D6XufLfkPsT5K7ZwGXF7zrXQNTpW+4/JFjzenyRbyONyRPWNp1YsW/TmzUIblE0lukTT/Tsl0xWQ1DkZ3LmGQ65XAfV9ExOE3+n8sOq9P5d1HLi/zb9GfONdN+hPnb6FOR8V7Zxc+rd40fdtSUoypGUQBGUSSMiQBEARkIgQnAorQRACIKAjJE2oZoBESRkAkQAAAAAAAeDDZfHnz15vonQPN6uG6JYwvLptG08e6L05Y706f5K/Q/ctB3j0+e881tI8K7VxxchjcNyLl11zWo4bmzksXse8efA57H6n3jmMPmOj4w591bEeb0aFld1wrHae/cW7L25X+b9K5ovCNH6xrGeveujaLvXTitXZWeZflFi7G1Xr+dPoD52O+aXvGkxsGY1nPlfNctnl8nssGk+PdOax2P4V+kudLDcuT5/U+x/LxG3HafJxzzHZs185daN98cteGWZSvPa9fmjzWLuNLnD/ABd+rm3X8zj4jdVqzC/4jX+Y7VrMdR6jzDp8cI+evoP58ron0X84/SBxzjnXORx9YbnqG37i5GVARBFKIlGRIAEQARAhOAoEQIyiAUjIRBtQzQBFJRAAAgJoAARJFSiJa1gPNhvToTOpcq2LWeXj4rc3LyO/mZbyTWLwm7Za5+ud+0feOvZGRcb85fRnzhjXm5n0jTufXVsf1+E1zGO9eEwHu3XSbPrXJYjN9+HyPcv4TzevZsB7fMvfN/0Tfe3ju8c7Fx9eV47KXuffpvWOa9H68Jyi1lKIQmLfzr9HfOJ9F69sWPPJDD+2PXbsB5nmiPhnhjetS2bkNvaLWSimsY7cbBp1jcfPHOeh67hK7HjtQ3irmd1nPlvxXvJHi+eL3eD15vFewzWO9OKr2SwGIN0x/LtNOk61quyHVem8y6Xlwr56+h/nqt9+lPmb6ZOG8p6jy4+u9q1nZtSUoyoBGURGUQCdYyEZBEAIgQnAUCIBEUrQRlEA2SUoZs0CzQJNAoIABWVq6WiZGs4EUqkAAYXmfT/nqYwmC3HEc/n45TF51m8blL964fGbBrK/Ve+aDv3b1Iyivk+Kftj5XxvUvRldY5dslXCeibmh4Fz/AJsJYmvr3YNb2L0+L5G1nbdN+d9jYPFa8ON/WW6a7sn0viS4F3vkPD0cg6Ro/wBBZ65fJWJezwXVoXbdaEgPnP6O+XT6i5dqGWPXkPBel9yViHijgT14mxj5dy3ThncLPTqGZ+f7Ppb0+S+W/Nc8kQ2vTtvNO1bqPhrgnp6DvZ88eH6L1M+d9r3npx88Xfof2nzxd+jh8/ZztNytA2vKWzn2qbXo8de6ZzPo0cM+f/obgVbV9K/LP0ucb55vmmR9abDhM7uJK0BRWhGMhGUZCUZAAEQIghOBSMhECIUAiClRtBTNiAFABE4CaAnAEZCcIyIAKiiowvHOtfEfPfQ8PpFnly2/18qlm9Txuu+KdNkw+P8AG39u9D5r0b18rlLdux8c/YXz5z6cN9PWsZ4/byr17p6cdsTc6jjfO0DAdMjt1Pa9C2D63yecYPs+Ix05L5OtPP32/wBnh93r8l+xf5Bm2925P7cdOnx5Fjume6y5Bsm8dBlzyadDv899hu3y13z50N26VY0M7LHgPmPoLV+OeaNs061YNw2LgONj6Q8fzx6bfrXO/GX1xJkrN/GE8b4cMuT23mHpOo+TMaPZb32xePNq+yYg0DrHFeynpv8Amvl/1+K4euXmqXvMxNafpiwdu6Dz7fcuQcK7bqlcn75xPLG06/i4m9dI4rdPpvYvlLO2fSUeMbrW5IyqkZwAJFQCgEZRIpREJwEJ0IgiCgEQUqNmpOOdUAACAAACJKIASiFAERhvlL7B45i8qx+8Ybj21vdvBsWb79pxHrucv849k0jeOw7prGxdsXUKlOY9R02Xkut9UxHLtyq5umv46e7ZtJxB03Dc3sbx37K8Z9Xbh1xxnGnePJwD2R9V+ux6U9fyp9T/AARNbrXmVua6Re5jsidV8mIwVndeYZvkZ1zb/lJX2Bzfk+zWdGzul7JZsXu1LBnSfHo+0y3vNs+fjkHLPqnjxi5eTIGrV3yRrvs2HUzPuPY867j+ZZJe/dJ+NOtJ2WxjbqS8UrZxnuvz13NcrLCXDNzwczO28JiDYuZazzOOkZbR923O1b9oHRMvDbwHjr0vThozen5PZDgmI+q9Urifd/dfjw4bIeY1vpWnYiuvxk3KFSlUiKURSopGQiCMJiFK0IgjSopGUQClaDaYTZsAAFaFaAABGUQKlACpSlZltdHh1fcdCidjRtXy6VgOd4deo4znnkNqwGJgv03vvw5i7PuzE/DvkPsvm/z1GXqeP5/A3byaoM74fBIuRSLd1IUqLe2at0A+rfT5r9za+BfvP4RlsW/TRbOS8HqOja9n9fN35N1TkJj1wW1yJLKYm4dE2Tjkz6A9PzznK7B5NU2KzN5nX8XW7Z3jF2TfMJf2g59ifoLKHyL4/rnAR8saz9L6WvMMp2jFHq7BwTNHVPHovhTQes6H02ddWxvKfFn0953T5Y23XD6B0LWY6467jd90/jr07hrGydHcei8+33WOT7tw/Wz6mjwrfza8fcwh7r+w+Y9OO9Hkix5/TYPLg87iq3nO6bumpGRQACMoilRBIW0okE4FIyiIyiUjKIKAG0oyzYJhCQiuC3G9ZhTxYs2WvPMGdflwLXo+npfIGvr9t+L4WxcfcuE+KIL9d4D5jmd71zkUTesFhCe3HJFpdkWLfrkY+vvivip7R4qeweWV2JCSJKNIEkIl6NupKlsXFmMXu2cN+ia7lO17LnXPiH7P+K5bq0W7e8106HgNh1o3jjnY+OFqVmRWlaFZwmTuWLpKVYF1Gpd2bUbidRzvFZV39xXb63T14TZjKbFouKTtXHsT6TG5LIbWYT03uQnTtX5hlM9NixupTz7db8di/HsyXpxpsPps9pvj59hura23ru0WcRvl371/OmfuMrhtvzpyiP0BCODbXtekm/8ASvkn62Mb5r/mFqdo8mKymCNr3jCZvcCopRJAARlEUrQjG5EjCcCkZREZRKRkI0qKK0Nn8vxtrfPX2tg/jXzx9Xa986XF7HhOb3zYsN5olq365Hml6x54eweN7hj2SiY2WQRjZe6h4o++3Xkj64nmegeaN8eaPpHke24Y23mb5r1NmvmpQ3SZpctyGnx2+2as2a2a7HYIGChnrRgo5uJg/o/g/wBHJ0r147LWc3+N/rH5Vlsq0Wty1cOj4DO4A3jj3X+OHlRE5WpF2sJFytqp6lu4FfQeYqlZwqXp+aS37nknZuGycsmvcPdwDI2dbs6zslnv13oFw0Lxbtj86+ZrW76Tj1WLlisuS9eK+jlzO+7pDp4sbhNn5om1535r8NfTeoc8301bVsXiTM4Hr/RT5v265r5s3f8A5j6EdXse7wRas3PNVjxS30zVIR1Li3KpRCQK0qKARlEpGUSIIUrQjGQjStCIFFT4apl8fy3Zhf8AYeO776nm9NyUWK+idWHtumIrmvUa5Xbb5pst2maRXf7hz6W/xNGrvA0tuNk1Rtts1ZtFswEs7Qw8snQx0vXEsR9Ns89v0QPNS/E80bkS1ZvxPLD1Wjz2vTQ8cL9ssQvxPJ9LfNv0km7ezH+6zivz/wBy4tLj7XutL4pX4m7657deOocd6VyssxpUnJUlOExJUncsXC5ctyJytyJTtXrFLw81L9+MdNRZSsST1U89yy7smtTrrG2cB9h2zgOfzy/Ovr7ths6yHfflvYj6yyHzHlLnv2nc8oumbJkIJ2zctN2dPjjE3Lddo7FyXsh8/a7mcMfSPOe7q5DuO14uNdxe8ZKsNnwKUJee5cPJH1yPPejGy6hGrtIyAI0rQjGURCcCkZRI0nEpGQiDNcW71Lnr4c8X3LymPm1s2OXGerY88un5XaJphPX7/MttdlEUoVWkUSt3KFpK2QVqWazhZbjOhbt3LQjbmLNy2WyIhKJaoiIStkLd2wRjCwX7fmgem35rZ6bFq2krF2B5vp75k+oK2r0+L1pwXi3c+My+B64HlpO0ebxe3yGyc56NzdYX7FWcj6cTJcrcxt9fYheEo1LkoVJqCU4TS5dtC/Lz3i3a9VpfLb9d0x67SxdtD03/ADST3X/D6ay8PB6TaM7oPtrp+f5DnZcvht6ylcszeyYeOp53Xcqnx7ct+k7h2Hk/XY+asPksHX2Tc8HtqSIlGUSS2LiIkiJAVpIVpElbkLdr1jyXKWrL0fPA9bz3qjGURGUSitCKUTa5c+3PF9gLWj76XhOJ+i9Vy45DP4FbNLsV80r0S3G9EtrlokRI2blSzbvRLMLsUtW7/lEfNbPZHwSPUhUrZkPN4c2MJXLRMXTJwMa98DzPRbLFu/A81v0xPHZ9ts8NrIWzG/TPzn9FWbY81U4TzHpXN1tW70Y83k9njPF571g2Tm/RedEJwuk60qVVmW70R6/Ti4rnK4j1J7ZRvrSsiSAuxosoTgVVoRpWiL3mnV60ui9bmnqv2Lp7r3i9te7JWM2XN0w/ZDR8Bumnm+5XDbfHxX6fZiK+ietcR7VHy7pu183r6i6N8yZ0+mK+G/V0kRkClZAiEpFtK2XEZCKJJESIklsQseuh44+4eG5d81lxZhXpjZuFzU+mW83T9z1jUY6+0Ddl9Kgpruxk4rrn0drs1w+mx8/jOtZGyWddtmw+Tw+wjT1VMc9oxNzIWzy09VstkCUbIuLMC7SyL0bUanClsuxtxCBJW4wK26RWUFtJWblmWMJRLP0l84fStmXlH0pwjl3V+WS+a16qGP8AFl8aYrz3LBsXPOg6AsL8b7MJXZraema+V6yead8QrKRG/Ae304mK5iOPvnpv+L1pbpksoust7yxzfydw91nAbn0ZlK+a833zHnJ8l0q2aP7d29dadmM96zHtgimIzML5p3RdH6FGU591PlkcOxu25CvH0au1RguXfR3Aa5XteA6udc9Wu3NNlvaz642K/gb5m44/1npjbkVpEXIokqKCUaE4KlCBOtsXK2pko1FtcEJToeex7RmKSiLHooahqnWPNGsZ3Aa6deaRuNXizF3XvHtRxXVfpXAS8Gt7hp8qIRpSwXrcakLc7YjGgtrYUiThG3UoKEohbpWhBWCLchbt3LZSIUt1oW4TtCKMS+jPnr6OsyPu8OVPnrm/U9Ol1m5n4mA8Oza8Yu9HyLndA6ZopivRYJ6Xmgvsj5cgWGyZ5Oeux5s+f5fTmfr5Oy31WPnHM9xsWcrze++s1nL+uNRhLCmYnpOuy9g83CsSfQ935dxB9YYj5Utx9LYbgMY61lOJ7ovVuQdC5Id/3rh9LPpHP/Navpn0cK31Ntjo+6VaxuyeYZTxI9us5vxGGZ/N1otzacaYq7d81Xp2LpclakX/AE+BGW9OCGyX9UkbhTVfaZ1jfYXlQrQRqqUVFaxFyMRWIEZGXVFFYErdy2Qs+uBpWrda8kah0Hm+vr3GunbakhUcBsNs4rpX1BgM355tbvpMtqtYkYTsVKEopCkYrKMYE40oVoolVqi1jatnojG6liGT9Jgbe0TNSlto1S7nfIee/wCfzRka4Shs/Z+Cd9q7mcD6U+f9Xlj5r025XDxYba86vOne89rPGde+kBwDN9kJzTPbYrxZK3Qux8eFNnpzfAx2aXzxgD6h83yTiV+scF80Vju+v8oob7hNdtnts2Ix6KeahfjYHpjdzRr0d/yxyuHZ/evD9x6BYJa7kLRnrWJvmSxV+Rr2P23yGkfYHx31hPpu5btbnuuY72lisBH167hzqNOTbCblYxuXMRHJeYxsMzZMVX1eQuyxvpr10s3SqlSUK0Lnsx6Mv6dfibVPVrps0te9Bm64iRlYeK+eisJCIZcoTtTkRlEJRiSgmWMflaHM8b1rFxY2blPkOx29e2OqFg9GAzw4Zo31TgJfnGG+6FFuNyR5o5L01gKbTdjUW5RNS9Of8h5vT5rRkbmEjGbtYKwub82A8psFvB3TLWbUjzeLN5Q0v2dIyGpzT2dDgms7X5vNb4sXlrEuEsZ70y6lfz+NSWyaBh7O0y+fcAfUPk+UsafU+v8AzrdTtWC5hGN2w2Aoeq1aqei3YiuWx3pxpejb9p5G0bFHM3Y8lXB7/wBBXY4ZsHTrK6hks/6TEerIDHeLOxMFc9mGMhc1uwbTLUom0eTAUMnYx8T3x8El9byZA1L07boifX+7fKX1bqSv26WWbXu8Z5Ne2PxGC8mZ8sYe17PHWd2DnNg7RLiuZOheXxbIeK9lceWMf7LxjXuuHieseRfgW0o1RWUWq3BcnaunpveKRkLuNkZieGkboCNKVKqVIpUK0VKUlARuQLGKzcTllrqeCj2bDxG6vZ2Cy9lylkrCZbHGjaT3XDZca8mzaXLft4bGs7RZxuaMZ490zJzfdOg7DpzHKdDmafgOm+Y5zc2/CGteHYvHLgo5LDL6/Zo2u2dkfPWGPp7H/KmNPp/BfPspOw4bm8Ta8JjKnoeeS3p+MemNiJfea4X3uzpqlvqObOI0+g/afPeZ7X4jQMzs3ujXchtGQNWlt0l0a3u2PMPlsbiTcZaBbN9xWrwMhi5QXyr0YtxuWqjbRiNEaWluKUQIxUKqCuSxmTs6NyDrGpWaX9SfK+3y/YM/H6d5rYlExvm9PkPHj7vkIYv140W7UVvvMLizcM7tvN7Z27JfP/uOy+TUdiT1z99k9OQ1awbtXT8kZ6vm9xat+yh4rWSGCsbENWs7VbNZZ/zGzyUK0qKUBKFSVAIxJESSIW7lDxa5tsDjGU6Rqubsnv4fsldIteb11jcbk7kY1LyS26TRaJ1cv4HWbOly4zoKfSWK+WdXX6z1H5csx33V+TxN21/CWy/CzIurAvPOS8swPTG37zyNp2M5jHuGXPnr0/Rc14PsXSvIuEy/vyEeb05TIGoePpMDn2WzmKPX7tbtG5X9GibpicHZX3+K1EtxWycbdJZxtRJW4W0uRjBawW4RQpbrahBGluUJKWpW6QlbFERSkFuZjBzTp+s5/Bbzoty3Pnr6R6n8c/Xu8+mKzqY/H+3wGP8AJaDG+vHFiNiC+mNmhdl5pHpeap6ZWJF+VlHr2nUZ11PM8SHbcboW0J7nIueR9T7N8XdcPoK/oG8Vdhbtl2mG1s3uHOrRuj5gp6tfTz5hH1A+Xx9QR+YR9O1+YR9PPmEfTr5iH08+YR9OPmMfTb5kH0zZ+bB9FapyBG/7hxAfRNn58HerHDB3NwwdvcQGu+TbRr3m2oZXp3HBneF9XHHo9jHHLfZxxh2ccWudlHKMzvwwWwQGdu66Mph7g8OQiXM5nTSdGlzcb7j9SGetYYuWt40ZBjx7o+MeuHnRfjaFyMQt3C2rfpHkj7SY+OSGLjlhh6ZkYSOdGAhsQ1uOzDV4bWNQbeNLt7xE0eO9DRI76NE8XSBgrmZWc5l0RLzztmrLO0OLk614uZDcWnDa/Dgi5K34Se14i+2vhHuljxkLmLGUliRmbmCGdrgRsVzWVcz1vuCONd08A7LsHz0TvmC5AOh4nUlbW1TyHppWnbQAAAAAAAAAAAAAAAAAAAAAAAAAAAAAAAAAAAAAAAAAAAAAAAAAAAAAAAAAAAAAAAAAAAAAAAAAADyevxntpWgAAAAAAAAAAAAAAAAAAAAAAAAAAAAAAAAAAAAAAAAAAAAAAAAAAAAAAAAAAAAAAAAAAAAAAAAAAA8fs8h7KVoAAAAAAAAAAAAAAAAAAAAAAAAAAAAAAAAAAAAAAAAAAAAAAAAAAAAAAAAAAAAAAAAAAAAAAAAAAAPJ6/Ge2laAAAAoUl9R8E5TVx1oAAAD1eX6/wCc+RbWy61uhVNj7f7eE+aLHv8AB2oUAAAAAAApXZ4xGP8Ar/4/5yp7+tp4vsv465SwOtAAAAJ9My5gnDQAAAXSOwfRGv8ADPzrStO+gAAAAAB0OOeMnjKGajG5r6Z5hxzxMd9AAAAAAAAAAAPR5/p7E+afP0jm9oaAAAV9u3dv5T5Ue/eNucejyfV+Xy1Y3jR90KAAeP2eM9tK0AAAGfwHbuc638b9+4Bg2p9M1zbRtk6XzfK/Y+XdG6M5xb6r4Hiab17onIazfS/BoPNxJt2b9N5t2zjv0Rh0r5f6JoXObXj+48BNI3zcr2mK4v8ASXMDnnXuncjifG/tT4308Z0XrrH9J23hHDPowOV+idXnHn0z6JxPkPtui/RGry3l+Z+iDm/p539H4nPvnPfdC7V2viv2nl8a9axX0Vl8f9H8W81wvqvM9+0zvEfrj5tzOh9d0vU+Tntcr3Trefc73nbMvn/o+Q3Sud8b3rRuqv0T89fVmGd+Xd553J0bK4XquL8w7D7+zdHCsRlOk1p/MuvbbGkbP5dCk1vcMr1RdO5V1zzxrX0TxrNYnNua5bE+q5P6W+ZfsXhMB8v7Z0tdK2byzk5rhPozQNvbZ6hw3DQbSPp12/kv178ycM37PfuJLiOmbnwdNh5N9v8AyNW+cv8Arn46Oja59Q/KS7n6+6cVw1PR81hfRfd9j/PvY/PnmeN93Sl+T989vbNtG5h03I4cJ6/zncujK8R+yfk3M7ZrvZflDL6DzOS+e8ML9R8U33V0fA7LtlcSzno3rT537BkMLXJYHevH7PIeylaAAAFPr35d+rPNn5w036+5rWQ9midiw5Tg+j8M3fpTmXYNM5ToXzd0DkW79H/Kn13qEm6fKf0H8u7dCyXLHW3fsD5c7/xnz92H59+qbee8jyGK6vtLh/Qp+Sc78uP1nvfpDl/V9f4zn3Idh171Wn1b8p9zw1Dn315yKPb7dA+gcPlj6v13hlX/AKB5TEvZ/Q+75nzH9T6hrZwmB69ez7E+QPrHzZ0zY/nD6Czb3zlt2rdH0hzPr2ncZvvxt3DifV9ifIn1jw7Do+MwPT45Zp/T+M9L9RfMXfvltKj0a9n2N829D82eFfUPzD9aHG+7c4hzcX+rvkn6r2+Rfr7Saxxb6u+K/qbT5Uj9Y/O+79J85yO28JzLn3R+Id79W8N7ppXJwYeu7j9Ccv8AN5pzP7L+KfqFPl76H2fnsuK6j8x/TycK0WcPTpGVK+wsRe5/4s6D235g7F2uKxX0HrmGY5dzroWm28177h8T08PzGc1d3+V+n8w2Hq7X6Z493D5U82e547e/ndfpLT7e/c5y/B7boHW93590/W+U2Hgex5Ld2/5+2nD6fR/x39lfO2Z3P5/758q19Caf1X5kXd+0cK+kctL+Zshju4OleP2eM9tK0AAAEZCNahCYhMI1qKVCNaiMgARkEZACKQAikAAITBGQjIIyBGQjWoARkEZACNailQjWoQmAIyAABGQoqEZClJBGQjIEJgCKQAjIFKiMgRkAMt1/lG1cZ1P5nQ2DdjIAIpBGQAAjIIyBCYAikEZACMgjII9J5x0vE7BwrFa9kHWgPJ6/Ge2laAAAAAAAAAAAAAAAAAAAAAAAAAAAAAAAAAAAAAAAAAAAAAAAAAAAAAAAAAAAAAAAAAAAAAAAAAAADyevyHspWgAAAAAAAAAAAAAAAAAAAAAAAAAAAAAAAAAAAAAAAAAAAAAAAAAAAAAAAAAAAAAAAAAAAAAAAAAAA8fs8Z7aVoAAAAAAAAAAAAAAAAAAAAAAAAAAAAAAAAAAAAAAAAAAAAAAAAAAAAAAAAAAAAAAAAAAAAAAAAAAAPJ6/Ge2k6EUhFIRSEUhFIRSEUhFIRSEUhFIRSEUhFIRSEUhFIRSEUhFIRSEUhFIRSEUhFIRSEUhFIRSEUhFIRSEUhFIRSEUhFIRSEUhFIRSEUhFIRSEUhFIRSEUhFIRW7J6nlHqeUep5R6nlHqeUep5R6nlHqeUep5R6nlHqeUep5R6nlHqeUep5R6nlHqeUep5R6nlHqeUep5R6nlHqeUep5R6vJWwf//EADcQAAEDAgQDBgYDAAIDAAMAAAEAAgMEEQUSEzEQITIUICIzQEEVIzBQUWBCUnA1QyQ0YQZFU//aAAgBAQABCAL7W/c/40/c/wCNP3P+NP3P+NP3P+NSbn/Gn7n/ABp+5/xp+5/xqTc/41Juf8ak3P8AjUm5/wAak3P0T9gMjRu6uhajisAXxmFfG4l8biQxiFNxGFybOx237RJufsr6ljN5cZjZtJjUh2fXTPRceFuFuFlbgyplj2jxmZijx5v8ocRhm2H7JJv9idK0KbE2t2qMTdInSOdwssqyFaZWiVoOWg5aDlolaZWVW4WVlDWyw7QY77SQ1Uc/T+wybn7A+oDVVYhl3lq3ybWWRCElNpSU2hKbQJtGF2Zq0GrSatJq0mowtXZ2o0rUaIJ2Hp1E4IwkIsWVNcWG4pcZezlJT10VR0/r79z66SdrFU1eXrmqnyrImw3UdGUyjAQiaFyC1QEZ0ZijMtcLtAXaAhUhCcITLUVwrI3Rynd9K120tEQnQlFtkHFpuKTGS2wlimbL0/rr9z6wlSz8rqauPPTEZco6e6jo0IWsWf8ABejInTBOqwnVZRleVdyPC6uroPKE5CbVptWmThXDkY/xmIXhfvLR32kpi1FtlDUOhN20eKMn5O/XH7+rc/KqqqEQ8Usr6g+KOnUVKsjWJ0345+7pLKSqsnVDnLmdwxNpnFNwuU7twb8jB2+/wiJfCIV8IhRwSL2dgX4dhEzdnRSs3zpsn4ZUKOous4KdDfpzGNB4fyM9EDzbJAW8KDFtOzJGuDhcfrUm59UXKqrhFyaGGQ3MVKmwhu8k9tub+aLg1S1KdI5yEd1FQvkUWFNHU2kjagLbfRIB3koopN5sDB6JqOWBNlUdQQo51yfvJBl5tjnsiGTKooiEW5VRV7qYqGZszczf1mTc+pJVXW7sZHT3UVOiRGnzl/IZMu8s1k+YvQYqfDXP5mKijj9CRfeow2KVVWFyQc2slLd4aj8sfdS04erujNjFOHCxqaIP5iSMsKpKt1M64gnbO0Ob+sP6j6glVdV/BkNOo4FJKGIudKeQtHtLOupU9K6bpp6JsXpqnDY5lPRyUygqVFPmT42yDnLE6AqCpU9M2YXE0JiKpat1M64hmbM0Ob+rydR9OVVz5PA2GBRxWU04YrGUokNFhLN7ABUuG35yNaGiw9O9geLGswn+Ucczo3WdDUZkWh4sZ6cw8209QpoGztU0JiKoaw0zk1weAR+rP3Pp6iXSaoorm6jjsqifIg0zFOdbkpZs3JMYZDZtJQiHmfV1mHNmHLx07rOgqMyIzBVMBhNxTVCqads7biWIxGxwysMTtN36s/f0z35BmIvK65ijVRNkCF53I+EWE0t+SjjdK7K2lpRTtt66qpGzhOa6ldZ1NUZk5ucWU0Wg5U06raQStuC3LyWGVusMjv1V+/pppNZ1lDEpX6YUkpmdZNZpiynm9k1hlcGtpqYQNsPX1VKJwrOpX5XU8uYKaIShc4HWNNNfkcRo/wCQhlMT2vEcgkaHD9Uk3PpLqrlLfAKeJdAVbU5uQpocguaia3JElxsKOkFO37FW0gnCgeYjkdE/MFXU+dtxTy2NkxwmbY1VOYXLCanKdI/qj9z6SSTIC5RAyOLjEyyrqiwsqWLUdmM0mUKWRYZRZBqO+x4nSZ/G2jnXUFWwaTswpZ9lWwCZlx0lU8wmYHD9TfufRk2VU4ucGKniUz8gUzjM+ya0RtsqqW6w+l133P2Qi6qouzyXFNJdVEWo0hRnTdY0sl+RxGn0nXWET5HGM/qcm59HJIG3Kp2ZjcsFgsQn5WVFFfxGpkyhHxuDRTQCBgaPstXDqsKpXlhsWnMFiMNjmFLLsquLWjVyw3UT9RjXfqcm59ESqlxcQ1U8amflClOq+ya3I2yqpbrCabMdU/Z6yPTfmFNJdVUWdpURyOsqR+YWVfDpyFYPPdroz+pP3PopTsFH8x5cohYKvlsqGPM4uVS/K1OvI4NEEWkwN+0VkedipH25LcKuiyPuqSXZYpDnYHKjm0ZmH9TfufRVEh8apGckeQVdJnNlTMyMVbKsLh1Zc/2ki/JPGnIoXXCxKK4uqV/smfNjsp2ZS4Kjl1YmH9SfufQ3Uzsxa1UzVUvsE0akiecjVUvuSsMh0oh9qr2e6pXqrbdqHgeqJ/ssSjySlYK+7Hs/Un7n0NQfAVl8ahHJV8luSoW3JKrH8k1mpI1qAsLfaqpmZipXeykGZqqm2Kon9JWLx7OWFSZJiP1J+59DYyuVPuUOQWIyeNUIVcVhjM832uTpKZyco+YVdHYlUD+SrmZ4bqmfkmjP6k/f0E7rWCbI7LkZHSyNT6gxDnUvzuuqGpA3rG5+bcMfpS2P2t4yuVOVijbFUJ5lWzxEKXwFRm7Wn9Rfv6CbdqpufNRhYo7khzKpIWkhVrQ3kC3xgAbD7XVjxlUxWKt5XVL1KnN2qrb4nhUTs8LD+ov39BO6znKlbsmrFXKLdUQVc7mFFzmb9srR4gqVYmPAqfrVIeSrx81yws/IZ+ov39BMb51TILFTzUA5qjCrT4lR+Kdv2ysHNqpVinlqHrVEsT80rCvIb+ov3PoJeV1TcMTddxVMOapeQKq3eIrCReb7ZV+ypViflqLrVEsT8xYV5Df1F+59BLuFThO2Ve7xKlUXQVUnqWCjm8/bKvYKlWKeUoutUSxTzFhXkN/UX7n0Domu5qPwp0lwqqilcbinhczqvaNTxuINsJgMTCT9rq9gqRYn5Sh61RrE/MKwryGfqMm59JZEJo5fbavpVIsT8pQ9ao1iPmFYX/67P1F+59CO5b7dWdCpFinlKLrVGq/zCsL8hn6i/c+hHcH26s6FSLFPKUPWqNV/mFYZ5Df1F+59KNx9urelUixTylD1qk91X+YVhnkN/UX7n0I7jR9urOlUixTylD1qk2KrvMKwvyG/qL9z6EdwfbqzZUaxPylB1qk2KrvMKwvyG/qL9z6UfbqvpVH7LFPKUHWqXYqu8wrC/IZ+ov3P6HWdBVFsFivlKDrVLsVW+Y5YZ5DP1F+5/Q6zoKotgsV8tU/WqXYqt8xywz/12fqL9z+h1nQVRbBYr5Sp+tUuxVb5jlhnkM/UX7n9DrOgqj2CxXy1Tdapdiq3zHLDPIZ+ov3P6HWdKo9gsV8pU3WqbpKrPMcsN8hn6i/c/odZsqP2WK+UqbrVN0lVnmOWGeS39Rfuf0Or2VHsFivlKm61TdJVZ5jlhnkM/UX7n0A+51eyotgsW8pU3UqbpKrPMcsM8hn6i/c+gH3Or2VHsFi3lKl6lT9JVZ1uWGeRH+ov6j6Afc6vZUewWLeUFS9Spz4Sq3rKwz/14/1F+59APudX0lUWwWLeUqfqVP0lVvWVhn/rx/qL+o+jH3Cs6VRbBYt5ap+pQdJVb1FYb5DP1F/Ufrn7pWbKi2CxUfLVP1KDpKrOorDvIZ+ov6j+h1aolivlqm6ioNiqzrKw7yWfqL+o/odWqJYr5QVLuVB0lVfWVh3kM/UX9R9APudUqJYr5SpNyodiqvrKw7yGfqL+o/odVsqHYLFvKCo+oqDYqr8xyw3yGfqL+o/XHcP3Cr6SqHYLF/KCo9yoNiqrzHLDfIZ+ov6j+h1fSVQ7BYt5QVJuVBsVVeY5Yd5DP1GTqP6HWdJVDsFjHlhUm6g2Kq+srD/IZ+ov6z6I/ca3pKodgsW8tUu6g2Kqusqg8ln6i/qPoj9xrdlRbBYr5apepQbFVXWVQeSz9Rf1H0R2+41uyotli3lhU3UoNiqrrKoPJZ+ou6j9PMFqsWsxB7UOBRP3Gs2VDsFi/lhUvUoOkqr6ysP8hn6eSnV0TE+tZclduXbUKsJpzbX4j3uK5krjG1z2++pTrUpVrUl1DJBnaAEOFfV6GVQV7nuQ+31myodgsY8sKl6lB0lVPWVh3kM/QSVJJl21pzteoXz1mnCbUSDc1jBvFKJRcd348/UIJxBsh+VLiUgT8YeFHiE8vSayZnUa2Qpla/OAm7DhIfA9G/O0D5ciLXlGB2ZRwPba1LA/WYShwxRud4VNEbiw+31nSVQ7BYx5YVL1KDoKqusrDfIZ+gHYoVEmq8ntpePFNO72mq5LKne+bkXxZFdSSFm2Dm8N+7+VU0cjJH3poS13ORikiuqYsj3e+FGVgVPFrvFhxrYRG8oXKLEWlNzKhB1W8Bwr+czlh7Pf7hWdJVBsFjHlhU3UoOgqp6ysP8hn6DVwCnkV2KSMHaWElMjczbPJ7802LVIBpYBBGGju43EOUi3QjT22TbrIU6IrC279zF/4JnNEC6yBRsACpAM/EKpPjcqD3+4VvQ5UGwWM+WFTdSg6CqnrKoPJZ+g4yBlaUyO6fCQnRlRNKkaSjEqIWlA7+NeUo0ApAmhNTgsMaQT3MaNtNQvBNk82K7Qy6iykXFDKHvNuAU1R43BYbJe4+4VvQ5UGwWM+WFT9Sp+gqp6yqHyWfoOMdLVGzknMUgULU5qeqXzh38edaNqY8AhF4Cklaqd0blJURR8l8RDVRVxmfY8cef44woTzT3FPdzVNKQAsIcXOeTwcbNcUXXJKw19pB9wrekqg2Cxny1TdSp+gqq6yqHyWfoOLO5NCicpCnMuqWNTRIwppyTgIHkO9/wDkD+bGov2Uszk95VGVUbq6oXZJR3MZfmnVOLvUm6fuqY8lgw5SngVOflyIKlOVwQNwPt9b0lUGwWMdAVP1Kn6CqnrKofJZ+g4w75jAmhPQcoXkFSvci5VHKUFUr80bD3sadq1GQBviAUwI3eqUqbg12V4UTszRwaq5+eZ5VIPEU7fnNa/KBYOPDJxq/KegFTN5qHpH2+t6SqDYLGOgKDqVP0FVXWVQeSz9Br3Z5ymKThGeacUVWDmCsIkzRW71ZJmne5M5vCnN05t1SiymCyp42VA/NHwcbNcU83JKpPdPT1Ti4WGts13HEnZYXIBUjVHt9vregqg9ljHQFT9Sp+gqp6ysP8hn6ASic0jimqTgzdHhWN8KwGXmW92U2a4p3NzioeoKVOKpTzU7eSDhZP2WDv3HCqNon8KfldPUgVLsqIeHji5+TZAKjah3rfSy+vrekqg2CxjywqfqVP0FVXWVh3kM/QKh2WNxUSB5Jx4R7ojlwnbdpWEyZJh3a05Ynr8qLqT09Uu6qNjwOywh3j4V5+S7hGiE4KDk1UnltPHF+gIKkQ74d9Bu6J4D1tb0OWH7BYx5YVP1Kn6CqrrKw7yGfoGIOtC5RInjHujtwkHJQHJMEO5ifkPTdlHunp6g3Ujr3HArDPM4YjfRKBUZRRTX8rKj8pnHF+hqaeaowh3yLoO9j37+xP0dkXIH0dZ0OWH7BYz5YVN1Kn6CqrrKw/yGfoGKn5KZsieLN0TyRTlY6qi6W9zEml0LgMpA5sNinFOUZylF9+DWl21BTSZrlSuyxkoOhkTYKdwJXw6Ar4ZAvh0CY3KABwqQ09WpHuGP2+iW3Qd7HuBqAT25kD7Gyus3dCJ+jI/ICU3WlGZR1ZyuzNE0gzKGpu12ZurN4gKl1i0xOs/LxdUMajWsVWbxOKw/ZqxjoCp+pU/QVVdZVB5DEKliDgfv2KwuliswRSs3LitRaxQmK7Tfks7lklftHQyk3MXJre5U9HLWH8nRxDm7RpinU9MOZ7LTCy7JEEIWDbZRzF/CXyymxsHNMpxYpjcotxHGXndCFoFk0fSc26a724BAdxzbprvYkcLrOhzRy7cC1HgD3pIw9uU3EQsnc8xTKljGgGRrNNzm0nQFELzOTWBm1TUaSLnylChedxQD3rBliIWH7BYx0BU/UqbpKqRd5VCPkMCdQn2MUkfNRVhHUPvkxIHJr8ylcBvqRnmgY3bNfG4oSMJtwMxzZVncVF0juVHSgntDt9BiMLX2anUwdbuDg/mwoMQBQ/8AqJsvxwCkd4rcAL2+lVVbIS1pmnMKbiUT+RiqAL6naI1rMWqxazEZ40+eJRyBymqGw9Xbr9OtUO20al/VDRBnMnwIOuiFl4XQKtxLlLAJOaLvCWqGBuTm3k2QKk6AofOdwmhEoT6V7EJ5GIVzveeq1WkKg9li/QoIze6bUFosCN1BVaTA1Gtd7F8kiiozu4ffJODre5YxBrVotBRibe/CyKi6R3KroKD7WVrrKUWlEO43QcOB6DwknvyDZiy6ZUh4unOzCyHtwCncASnVeRUkhfz+jLKIml5w6A1TzUyFFt9zG12/Zo12SJdjiXYol2SJCnjQHsG//S5BuZW4FEZEDwPG6BT5Wt6pPHESIZm5Vlz5ioZ25FG0ubIVSzNDbGm8UjndwtBRp2FVVO2NpIoPZYx0BU7zdNpy8XBO9qSBskYc4QMCt9+lQddEItKLSiDxvwi6R3KjoKsORLOEkoZvJJqOQqSwIVGYByMvK67R4wEF/Eo7FNa2/OZ2R9gx5hYQKf8Ajm41bgWuKkJcQBQxBgH0cakuI4RFGImNaJWnkm7KysrK3cDbqSOpb0R1U45ST10z+kYpH7/E4F8Tp18Sp1HWRPNmZuV129i7b+O1Se2pO5Cmmf1R0bGIp1Iw81pBosDSsTRl5A07Hc1GwNFm92s6CsP9ljPQFT9SpulVLrPKw83hZ+gS7Idw8X1DIzZ3I8xD0juTdJV/y3hMy55ujZlKHNxaiXWawSvVHzlughsVJPzsGnndVB8d1C3w5jSuEsoA4X5FTm7HlMKodvo1HzK+MIqU2so7t5qyt3m7qeZkIu/463Mg7MAQsoWm1abUGhNdZFmZZAgPwG8L923ALMgVLK1ic/KLqeaS9lFN8x7HUHssXb4FT9Spukqq63KL5cUZEVe9m8UglaHD77J3CnFNma7hW02sLikkdFdj6foHcm6CrkBMUkwYFJJmCk5MQNnpxETecsvJUbvEEENnKSMRMKZJyTWar7Grkz+CPCoDHJcjh7FHnqBQx+JUZQ+hJJpVrpHRYg+d4aJeb7I7II95m6x2Rtg1RFrr3w6VumGqyt3G3HNOrGM3bMyXp7X8xsbeFlbgSjI1GojCdiELV8RaentM7+nTnk64qZsaqD4CpZz4QYow4WUNHpbYrJdtk3wlUtRZtj8G1iXGan7MLKR5WGeS378/buawKqtQj5Zlcw+Jk70yrd71MpeeVGbxtvxm6CgCnk25CnPVJJL4uUr1SsaXZnSNdUOujC1UjbEpuwTfdVO1ixt+SbGyNxJ7UGizKGMh2YhBSGzHKLpemjKAqIofQqKkaz2JmMRO8J1Wy7QgnqCKPA8Yd1XXknku0MsLCLw3WGuJYQeB4MT25txTsbzHZ2LswXZV2VdkXYguxMQo4kKeMINA2lrooep+Og+X8QrH9Pa64bsxJ8ny5JdwoE1YmiqZU55LEN09Yd5Lfv0m3B1XZS1x9jOhUlPc1+8tRsAJ0Hqj8pvcl6CgE0qWT2ToyHJ8JcowyIcxMZiGipi02gpsoYQo+bQmjdYlKMvJry91k6R4NlrPWC1D5WuDuFe/JC8qF3hcow5x50EVguazK/ei/wCRcqqkil6vh4/h2Gob06da1ataF2utXba1dsrF2msRqpx1YM9xbI59ZUa8hKgZkHPOeQFNFps7rN1UP023VUfl5lA67BfvBVVfHTb6tVX8mQYGxvOSOnZH0q6qebVL1BQeyasUKKpVBsq/dPWH+S379IOSCnglzFNgbbxSva3p1iF2kKKj1QHJ0OVxCEeVUHkt7knSUIrbMCq5NNiknIQleea13LVk3U08k1s0fUqby2I7FVA5uQbkddOeU1l+awMWEvHFT8khRDdMYc3KhHLjZWVysyvwj/5Fym2Ud9hH+O5ZFqqfCoYIhzDG/LcswzEGmBjso3ajuB4HhFupsr/CSLhoUoBco22CtwPAn3NRiL5zpU1LgrWeOYcuQ7k58JUnUFDugsURVMoOlV+6esP8lv36UXHGsi8Jcn1JJs0zX3uxQYmWNyJ1RI65XPc4a/NAwq6vwfsVmIVTIRGSJZ3vFnTR+6D8vJCT2WmENNafi5UvlMTtipYy9zrNgfdGJ6yG9lhDMrX8cUZnYAtIMCjidnsqQcu/bg3/AJEp5untsos1+fdcA7kX0FucbW1jByngzc3vyKjq2Upuvj0a+OxL47EjjkS+OMWGVfacxT4/GJF2hrnlofI2MCwOYX4lPeGAuc6SXE3ZI6SlZTNys7pVU5wIAf1NUO6CxRFUyh6VXbp6oPJZ98vweeSDxspa6RjiFXzSVAUbshutQXum3fzGV10WbrmVhnkM7kvQVqKpeciKshCN1kTY3O2FM5MpzdU/Q1O2Uzyx7rMrHck6r6VFMQ5yoehBBY04hrLQ3KdI5sl1RSX+iP8AkSiEeRQ4X4lFEqPoKo6guzRv0WciTExGmjRpIl2SJdljUrGt5NwyExNdeJpN7xxAFzgCyXkNkUVI8MBc7x4pJZRRtiaGtb3bpxVQeRT/AOCh34Ypwp1D0Ku3T1Q+Sz79UdKEpUvNxT1JAHm6FO1ZGhGFrll/AiKw3yR3JekoblVHQVG/I4Eirj537WywUtVfPaGQ2AWeQ2u8nMVS+W1EKocGvddoYi1l0AxpuKDy7oILF3eWonElZLuKpWfR/wD2PB7boPWZXV1dFEouVI64IVWDTzh6abgI92eMnm2PEjBykkr2ygZI5W2KZlZzV0eFXI6vm0GRRNhaGNTVdF4RnYE6uiapMYhanYuX9AdO8OdI7+Ch34YoioFD0KtPNPVF5Mf2S6v6mo6SgpOopyhytvmysNirR8wswz5lntyTpVhvkjuP2KqmODyVTueY5MzWByMIWiFpNTbNuG5gnG11SeU1FVfUU2QtRnK7QqHyWcAsY62hRbhQQlxTGW+if+R4NxaIktM1fA1B4PMZlmWZF6L0XKkmyvVXBrtsoeTBebE44zZRSajQ7ieDY87ObsOgevhLf4mikuQ3sNSNjTVadHVsBJpYJ33kh0K1dnrV2KsK+F1RXweb3GB/luBw+7MNgYhG1m1d5ZTv4KDfhih4RKA/LVZunqk8qP79P0lNqntdZz2ZnOToijC7dGEpg0wUJkZlyCww3hHcdsVJOLm7548hsg6y1WovRmPtnciCqMfKaiqtpzFAItWRUzbRsHALEKczSXRj0ngGFlvpVTzFWmQFlXW81FgUTeqTBmfwgppIgWvyLSRjKcwogotK2VPPqhSv3iTKV18ojZptDeB4FQP8BKZLqb3y51HtdWRCrfJkWED5CsrIDv1vQVfoUO/DEgiFG5U/ONVG6eqXymffqh2VhKbXQuUrw5xIcVmRkZsi9hWs1q7Unzl6wryB3HbFTscHFHgQgxNiLkaQoQKVhaqI/KarqSkGYkmFgTo41pNUXSOAR02+J1U5k0gcmuBHK6zK6urrMsyzLOq3FW5zaLGyywljxOGTbXB21EbO3kpGu6ZaSpb0Crli81mIQOQljO2dq1bbRytl7hKLkXKjfe7UQr57qkbm58CqsfJkWCH5HcHdJVW7wkL/APmod+FepRZMJVFVNYLPms+Q2ngczmoMTeLNUeJf2jqo3/fKvynJyyrItMrTKaw7B8LmmyDCiLLCT8gdwoxThxTsn83RQuRhjTY2rUiCkqGjaAF+1S1rLBU7rMAWdEh25gB27IuxoJqaOaqYvGSrBZ2hdrYE7EPxFUues7lc8Ag8rV/L8PgfIVZjmhqkwyF23wxw6exVI20awI9sV6xHtalgmdvoSR7iqOyIc7aJk1wRBd7QUQnGyL0XIuUMuR4Kkbn5jJKLpoyi3GcXjesDPyn8B3rp7lLJn1ET5Sg34Vficn0L3BPgcxRU7rXUlO8c0yd8a8Eu+R8ezHh6Er40zEJPdlcx24N/vFSLxuTYHu37IfcU6FC4G7DhYlaVT4OGWLqqj1bZTRMfkJxAWkIFAzSiaDfuVULnm7XwTe7qZ67M5CkTaa2wZL7Oikd1iGFiZKxa7Vrha61inTG4HBoR3VXHmlesjQjkXyleJQPBTKt2chPnytuu3uCZiLDuydj9lNEFEcoQlQkCBui0qxRai1S3AKZRaxu9tMyPZzAd3U39Rrxc2fFpmdbcYY/cVLXozNRnYjM1UdWHeAh1tyLK6Kf0uWBnlKOF1dXV1dZk56nqL8h/B6P/AFKn3RTIGt8bi/Mntb7iKCRHDr9MtC5u76P8WfGooe0kAMo2RblOaChmi6IZtUX+7lS6gJs5x9y78MJCbOUKke/bRawNXP8AwNI97sz6cEDjZWUsuRGtaEcR/DsSejXyldolKcZXIxPWh+WSRxrtsYRxFqOIo4g9U1W90jboFOO5Uz873HuBU3uh5hUx8CeeAKZVyMQr83UyeNyDL7FicCmSyMTa0/ybUxuQa12zogeRlw+VhvF2os5SNnjevAgGrQvtNRj3dS/jLI1B/wCcpV7KlxFvTIP/AJw/Kwc2fKFdZlmWZZkXp81lPUvsu2hRzh7JV7xKDdEbKqn55QxGO6MSBczZla5u+rFLvU0zA3wwQiBtgSjwITXaT833cojgcvu58I3NVThdui9nYnbZ+Kv9jiExVC8lvj1WI1UYRxGIJ+LxKXEWORq2I1bEaxdscjVPRlcVc9+hF5W8LKU+E91hVPsv+xTdCJ7zZXN2ZiDxu2uY7drmv2yqy5jYVcjE3Ev7NnY483UcEqdg8XscFHscFf7OwmcI0EwXYpkcPkdu9ulyUTJXp9MP5YdKwDTWVWRCw/lPKE6S25qbLtqZVtduG3WUKrqREPDS1AmLmPDon8iIQxktveJU6KBDybtyoOVkWIxrTULfESiUe5IFTOzMF/uNlZWVkQpinpzEWNR0gtaII1Ma7W327a72NXIUZnlF5+hZWVu/hbbzBDhN0O7rVBsv5qfy+B+iypexNr/7NqY3rLfZzFkQzM2ZWyjduID3bM1+1kRdGBpVXCWMJVJSttcOjcEQjBmTJZGbdulCOK5d6WA53yqajbDGXyOKzIOUNS5m2qXK6jaC4KaGLMSmm7JAv5RqnTtlVU7g4kNqXsTK4hRVOdGdrOoYhHmsieRKiFmhHuuVEeTvtVlZW4XCMzAjWxBOxOIJ2NRhOxwezscd7OxiUp2IyuRqpCjK8okq30bKysrfVwZvN5QQVUbRv7oUOy/7FUeX9YOI2ZWyNTa5p6mujfsIlkWQJsj2bNrnDqbWsO5yyCymw18fih7W8cpI6mH3FRF7a4RmiReHLtniuJ5nSbvPCyCEyD3nYHLyNU0ROAUTCWPKETrsUT2s3lxCG1k6uZ7Gpj9u0OHSXTSJtFI5DDJCo5uRaSj3XKhHJ32C3G3DMEaiMbmvhCdisIRxtg2djf4djbk7F5SnYjMUaqQoyOP0bKysrKyt6bBh4HIBBYibQSd0KFHzVUeX9EfRZM9mzMQf/JtbE7cBr+kxlWVvwKmVijrMp5/+NPucJp3bYhSQ0vIYfSCsLmmpg7F4FG8KWZOddRlOcFdYczO9yEAXYQbl2pFHyBrXnYvkehA8ptA8pmFH3+GxssXCKCNGqiYn4o0KTFvxRSHPzKPEop5VOzKweszBarAjWRtTsUhCdjUfs/HPw7GpPY4rKU6tlKMzysx4WVuNlZWWVWWVWVlZWVlb61llWVZFprTWmtNZFkWRZVlWVYQPl8cVNoH90KFHzFUeX6O6uhy2ZWSsQxEfzbNFJsYvwWLTQDm7VUPaeb8PaKS6xcZ8kguieAV1uqGl02JrEFLQCU5k2gibuBExOrGMT8UanYp+JK18nJZZXpzC02MQZ/PQhd0vgdG3OIn6jGkHuFRs1H+tdXyFOne7cnu2VlZWVlbuWVlZWVlb6dlZZVkWmVpLRWktMLIsqt3LKysrdyywwfJHArGXfKAVu7Cj5iqPL+qLe/0Lq/BkjmbNxF43ZXxO6muY/pMaLE+EOBCdRuBIBFuF1dYZhRNpJdMLIrKvqXRODWmrlKvI9RYa+TcYMwb1UYicQIjzUY2RgZK3xTUrGFaavbksMqMp0iR3HFQxZG8b+tsrKysgFZWVlbjZWVlZWWVZFplaRWktFaK0VorRWitFaK0wsgWUK3pMP8oIHhjR5RjhZZVZWUKPmKfy+B9PdX4x1cjNmYl/ds0T9nQndV9s11dMsd6N8cJuGYoD1NqWP2JV1PTNl3DNN72o9bVAn7Krdd7lFuovZNHhVYfEhuE+hikClwlw5siqXs8M1wdlfNybFDk5nuWVirq/ppInR8nW4AKyt3bLItJaS0VpLSWkFkCyqyt3CO/ZW9NQ+UEOGM9bO5dXUUwRk8d1LMNNFw9AOFuDWg3v378AmyOZt2nN19mppkcJv0dkki3jzIAoPe3Z1dIxNr2v6phH4S2QeNqp1KfCVLuVHuoPZfwVV1JnUO5oM3WixAW27t+NllVlf0ckTZeTp8GG8clO6I2dbjZBiEaESEayqytwt3r+uuswWcLMqDygggsaHjYrKytxjR6lL0ccyzeit3r926OXKEDZNqpAhUMd1MEbuns5UrCsqa3xNUo8YVMqo2YU9RbqD2R6VVdSj6m+ksuaur+gcwP5Gowhp5xy0r4uoMTYkI1lVuBv7d2ysrfSP18wWcLMruVnLKVkWQLLwKovKCCCxvzGK3cKiR6lJ0d4FZ1f0JbyBQCI4kW7oQQKCY9zdmVR/l8mRGnDXNIqPMCpVW+WU9Rbqn9k7pVX1KM+JqDu5f0RCyrmsyzfWIvvJQMd0yU7o90fV3WYLVCzleJWcsi0wtMLKO/biQqTymoJixY3l7pUSd1KTo+jdZlfv3+ny98vK/duthwCBQcmR/ljbOAU3ORUyregqRQ7qn9kelVvUs3iCZUlu8UwkHL1GVZVYq6v3o6r8tkD9u7JRtftJTPj9EUXALUC1FnK8aAKssqyBW9EVS+W1BNNlifm912yhTupP6Pp2Vys6Ct9Ed8od0BNicUKd6ihIPMMZl5lo9popNTMoHuG8njCqm5XFQvsVTzBbtWIXzIbhGqFuWFzEylByzegv9OyyLKVdX4SQByLHMUVX7Fsgdt3ZaRkikpXM75WYIytWq1aizFeJZHLIsiyBW9UVB0M44r5jUe47ZQp3UndH07KysrK5WdX+i5hba/CyEbim0jzu2gk9xQfkUbUKdqEQCDUFZAKp6AoSmRNdv2do2qXOZtKS882MCZG72jje/k59DEp4mM2csKdaVZ1fhdZlf1eVZOBCkpw5Fj4lFV/lrw7buyUzXqop3Q80Zz7aki+aVpOO/Zx7iBq02hW+xwdDeOK+Y3uWT9lEnbo9HGysrKysrfSusyuhdNicUKOUpuHP9xhn5+HM9xRRBCFgQACuirLKhGVprKEGBaay8H+NtkyKyiaUSqppcjTu5qCivuKRzFE2279lWIQOftR0Wh4jfgHLUWqtQLMFf1xClpg9ZZIlFWA7ie+3dlpmSKWkez7TFsF7BewWJn5nGyyp7OSiiToRdFvhWVW+ndBpOwpZHIYbMUMKd7jC2+7cOiTaSNqDAO5ZZSiPz4VcIvaEaqNqOIxBOxRns7EbqOfMnOFrrWdmVNOUMQtu2qheg0HpiZkcb2Tz+Q9ycGO6uz/ANQHt3DkQCpaXOtJzVsr/QutQrVK1VqBBw9Bb6RClpQ5eOFRVYO4dfgTYIVDjxlpmSKWkez7MwcwgEfZfhVzLyFZAuSzBZ1JIUwp/Uh0pw7l1dBjnbNopnJuFTFNwc+4wmP3bh0LUIGN2t3A0rIjYIEIvCdVsanYlGEcWajin4OJSI10pRmed78boKIq/JfyUR5Jkl3WRCtbaKumYm4oz+fxCKV4a0cC0IXG2p/YtDtsj2pr78jlRjWijGfqXQkKEqDgfUFqlpQ7mM74d2z5008u9LTMl3lonM2PrLLIVpFCBaAWm1eFRuGYIBe4RVW68r+N1dOUbSUYHXTYXWXYZnIYTL7jB/yMJiG7aCBqELG7d63AvaN3VsTUcUiCdi49jirvY4jKU6qkdvmv9QKNjk2N9kKB25ETW7t0o+aNS1Oq0ahxWZxRcWuBVJPqsDlfgEeAv7Gb+zZWnYXWf88kUACtNWPDMFcfRutQrUQkWZZlf6FvpEIsupKT3aJXRHxR1YO9796anZLvLQvZt6C6ur8MhWiV2daAWm1eFagRlRkKzlXV+FP1hBOWcBTS3e5eM7aUhXZnIUY92UTFHAxm1gr9/MEZGhOrI2p2KRJ2L/h2KSHY18xRne7c/TvwDHFNo5XIYbIdxhn5FFC3fJAxdpY3Y1hRneVlkctBy7N+dFqysCzBFye671hdRpvyHgON09FB7m7NrHe4njcg2/SR+bLmrj30WnYwlZEFf6V1mWZXWZZlmWZX+u6O6fSW5sbK6LeOqDt+9LTMl3moHM5j6VkIytErs60AtNgXgC1AtVGQrN3CUXIvCDr7ZXFdnkKFG5RUumbp0hKKKuiTwsg1NYrLksyMzQnVsYRxSMJ2Kj2dij/Y18pRne7cnhfgRy+hdAEoU0jtm4bKUMLPuMOiG4ggatSJu3bPx2l5XzXLs0pXZPz2eMb2iC1mDbtCM5WoVnKurq/Ass5XVFUa7Ae4QiiEWrLwKuRs2re1Nq2O6hld0lpWVFjrgjO6/Pwlaf4LTwv9PMsyvwurq6v9UhOjBT6Ut5sZO6PeOpDt+Bv3Jadku81A9nSVZZCtEoQLQC02heFagWqjIUXFX4XWZZwjMFrhZ3HbLKVoP9+zfkUzE2nYmsDdu4UQtMrSWmAi6NqNbE1HFWDY4r+HYk9GtlKMzyieN1fv6rrZVfgInu2bQyuTcKk9xhbR1Cjp2r5Ddu1NG3a3nbNK9dmmcuwu9+xsHVkgateIbds/Bq3IzOKufps3VVDnaSGFYfU6MndPAoooo9xlU9ibXA9TXsftkKsixXcEXD3yj2yLIVlKsrK3G3HkrK3G6v8AXsnxB276Ys6Y6oxmxZUB2/G/F8TJN5KYt6TIjIVnKvwus4WoEZwoiZjlYMPl9xhh9xhjPcUMLU/C4nm6GHwsRa1uxRCssqDUGqyuFdGZo3NbEE7E4wnYr+HYnJ7OrZXIyOdvxur8L9+6DHHZtJK5NwyUoYSfcYfE3cQwMWpG3btf4NS87ZJnoUEx3GGf27HAze9OxGsYOk1z/Y1EhWZxVlb0Ee4UW5UsWk9zeGHVOqy3cPA8SUSr95lQ9mzcQ/s2eJ6yfghZVzC1SEJgswVgsqyrKsqyrIFphaS0yspXNZlm9CQpIQ9Opns6IqzKbJlQHd0PurqWNsm8lE7+GlNeykbKw2WSYplJM5fDXlDCvyMLiUVMyLo7rkWogBZmovCdWRsTsUjTsW/BxN/sa6Up0z3b8L/TughA92zaCVybhT/cYU0bijp2K8DNjVtG3a3e2aV6FJO9DDX+/wAOaOrs9OzfVgZt27+vbno1UhRc472VvTRdQUZ5lYh1jhRz6DwUDexV+B4FE8Cjxurq/dbK5mzK9w3bVxv3AB2LSEWhZbbZyEJ0JQr/AELLKtMejLVLAH9ToJIumGt9kyYO4X4SNLhyDXWsdkT7K9tsx4WKsrKyPJGZoRqwnV1k/FWhPxdqdip9nYhKU6pkcib7/RvxuroNJQpZHJuGylNwj8jDom76NOxa8TdjW/g1Mjtgyd6GHzu3+F/27FA3e1OxdrY3Y1zvY1byjK4okq3rYt1FuVX9Q44XUZ25DxKJRPAo/VBI2ZWPahWsd1DI/YxlELL+Mzgu0kEISoPHrLKalbKiySFQ1ia8P2QZbgVbuBSVbI0cRCdXBSYkE7EX+z6t7tyb8L/TughE8ptDK5NwqQpuED3FBCzfLAxdpjbsa78a8rthBUPQw2Q7jDWDqFNTsWeFm3bP6mrkKMzyrlW+yF+SxUTg7msQ6xxppjE8OTX5gCERwcieBRRV1fvX4X7oTKh7U2tv1Yjimi4CP43Ivi8h3IdkzqD+PG6fMGo1f4NU5dpeviES7fEu3xLt8S7fEu3xL4hEu3xLt8S7fEu3xLt8S7fEu3xLt8S7fEu3xLt8S7fEu3xLt8S7dEjWRKV8L12jImYg337dEu2xrtka7VGu1xrtca7VGjVRnkqumOa4ipinxn2ZQl/VFhtMOuIUcW1VQU0vON9K9psuzvXZ3rs712Z67M9dmeuzPXZnoUT03D/y3D4vdtNA1Xhbt2kDY1j0Z5CrOchT33FLD7hlM1CeJm3bvwawoz3ReCswRcFmCzLMsyzLMrq6urq/fsrKysrKyyrKspWUrIVkKyFZCshWmVkKyFZCsiyFZCshUsZIVJ4BzrPmOBGmVplaZWH1WRuV/bI12yNGqjRqWLWYhMxGZq1WoyBZws4WcLOFqBZws4WoFqBagWoFqhaoWq1arVqtWs1VjHSSEjQetByp5/k5HRVcbbI18SNfGn1rSjVMXaWrtDV2hv2u6urq6urq/wC0v2/xp+3+NP2/xp+3+NP2/wAaft/jT9vUCNx2LS3fuNpJXbOaWmx9HpP7gif6gC6FHLZEekawv2NJI0XPqQwu2LC3f6Wk/uBjnbFpbv8AQft9OkpGCNuasLTI7L9Okj0omhVcurI49ygoRGM7pMTjYSFK/O4u9HRxakjQqyXSjceMTNRzWp5ELE52Yk/TAumYU883H6IGYgClo207bmXFY+YBN/rw4bJJzU0em4t408JneGgMjpGKrxJsjC1vqcLiyRXWKS55LfSw6HUlCxGbTiKiidKcrZMOMTC9yw6LTiCxGXUlP0X7fSpY9WRoVRJpRuKJvz4U9I+fYYMFV0BpxdNbnIAZg/8AY4MPaaIwuymOJ0ps2PB/7fCsj2EVsulE49ylwy+R7ntuCBWUfZ8qGD8rmLCS/eaLJIWNgwlzxd7sGHtLEYnZXRQulNmx4P8A2nwksF2caegkn5puDD3raMU1lBTPn6W4N/aTBrC7HNLTY4PF1PWMS9LFBTPn6Rgw96XDzDLc4tLlZl4twi4untykhR4RmaCaiLSeWqLCszQ52lmkyMZg39n4KPaWMxEtNLhnQ8zM1GlqrKUUxAVNQvnXwYKroTT81Twa7w1S4TkFx8KytzPQCpcMEbg81MOqwsVTS6LwwR4OT1HBmqeAwuymiou03VZRimsqWn13ZVVYcKduZAX5CDCXv5v+DNUzNNxaqbDXy8z8GCqqU05saTDdZoecthZVtFoDNwhi1XBqo6EU1yqul7QAFJHZ5Y2HCXP6vgwVVRup94o9Vwan4RlBKZhHK7zvyTMIDgCpo9N5aqOhNRcqspW01gqehkn2GDD3qMKdGLtUOFajQ4zMyOLRSYd2huZVdOKd2VUmG67cx+FHPYVtIKa1lEzO4NXls5Mwt0t3PqsM0m5mqmw983NfBmqqpDTlQwmZ2UNwb8yYN/VzcpIOExZWFyxJ2rKyIUmHinOZVlL2gAIU/wA7TEngYbR4SXc31eHaAzCjpe0khVeHdnbmTWl5ABwkNbmceL9vpYPF1PWMS2AZwo6bXfZSXhZ8uFtVqAuxEgQuvTPLHgty1cqpGSMb8zETnmsKSmFOxVWJvc7wYdM6WO7sYl6WKCifOLt+FSp7MhIOFvkkaS/E6t0RDWUuaqmbnnmELS4nFpFhtJ/2urnTuOWPDxKGnUxMZ5g0U1OKdnKftUjriO+n4pDdxIWHUmu65rKsUrRY4jMSszq2RoJLKSNSYjK43FJMZY2uOI85jalj0o2hS3qpyFZtLGpMSleeVO8vY0nEpdSU8RyYsOptV5eWPzXUMHaKh5OJ1Om3IKWR0brtyVcu9K17WWkr35pnEYa972Zn4lWvjeGspY3Vkl31BdGy0VI2p1AX4qQIlg8XU9V1b2faXEJJWlpQdlNxQF7o8z6+ue2TKyOZxkD1/wCXKqNkjG/MxV15Vh8WnEFiEupKVhEVml6xea7gxYbRhjQ81uJlpyRsxGZqw6m13GR1Y+VotFh7Zw86mM7MWFPe+98TqjCAGyzvm61FI5huyK4YM02IS5nWw2lyjUdXYiWnJHhtXJI4tdi3klYRFd5eqyrFO1PxORwI405+WxSRGactD3No4lSRGslLnVdSKVnIYhNe6BuEyLUmyiZ4ijJXWVAzSjAUz9aQlQsETAFUYqb2jnnM7szlhMWZ+ZVtV2dioKuWWWxxCTJE5YdSaxuat0jG2ioW1Af48XI0wqSR7CdPSq5N4Q5rBnn+ZK60bdGMJ1Q7UMjafNkbmqMQkzuy4THnc6Q19ZoDlhtVLK8h2KPyxLCPMKxfywsLpP8AsdidXnOm3i/b6VHFpxtCrnGSVyylYQyzC5VteadwC+MOKnrHVVo1HCykYShiMs7srHOyMuaEa0+Y17iInWjjMhAbTxaDA1VUurI4qLEnxNDR8XlRJcbqlj0o2hVUurI4rB4uResXm5hijbmcAuhq+MlfF3KhPaJy81lSaduYfGnKTFXEEccOZkiasUvqm9lgzOpyxkmzAoITM4AEinjVMO0z3NbLpRuKwZnN7ljBOQKlpzO4BSuEMZRNyTwj6mqUfLsKh4oocraLyWpgFLG5xu6pkQYyjjuo8QlqH5WSv02Erm8qFmkwBTyaj3OWFMyxXVXiJgflXxhxVXWmosFSRaUTQqyXVkceMbM7g1coY0SZXKnpm0rLr4lLK7LHfI3xD/yJlIcjDZjDK6wiYIWALNrz83cmmx3KIsqJmSJqmxV0bi1fGHKrqjUG5w6LTiCxGTPKeNBFqStVdLpROKibme0IjK02O5WF02mM5xWozEMGHRacQWIy6kp7lGbxMVNAIs8hrqrXcsLjyxXWLE6qoKYzPBVdPoRrCI7uc5YxJZgCw+nMkgKxCXTiKw2LUlCxKbTiPcwyHTiusTlzy2WERcnPWMS82sWHMyRNVRihieWr4w4oymvka1SOZRR3FPWzVLwBWS6UbisNi1JbrEpdOIqji1JGhVb9ONx4UEWlE1YhLqSlYRDlYXrF5czw1YV5qq4NfIFX1Ip2ZW9x+30aYAyNzdriXaoViVS0sytw2tEXgc98MvVJNTwdMEuSQPPaInBRVMDH5WYjVtMeVtHNoPDkKmJwQq4WPysq6xmm7LxpADI3NVVjBG7KoJoomNaqmTVkc5A2IKp6+OVvN7abc19SxwDI6Oo0H5lrwyhO7LHzVVNqvJHDD69rRke98MnViE8eXTjoKvs5568UoTqqCnHKrrHVBWFOZHmc7FKkSZWtw2qELiHPmicPFBWxXIbidU1zA1vCHrau1xBVdRrvJVLURtjYFiVXqnK2klEUgcXTxObzhqoWuIZidU1zMrY3ZXNKZVRvF1iT4+TWYbWtYMjpDBL1T1EELSGUoBkbmqaxjY3ZeOHZRJmdiNW0x5WwvyPaV2mJzUypgY+zK+rbpkNpZNKRriKmNwTaqFr7MraxmmcrHZCCIK+OUJ5p+o1swmfcUFe3KGOfoP5msqYmsLI1TVcbmNWJSR5Tl4YW5kYc52KVAkyta12UgqmxFko5l1OPEqrFf4xxDM8XkrI2MNib8+5h/ktWKVn/AFNWHVwjGR73wydUuIRQCzZ53Tuu7C6lsd2ulmhI8dPWRkcsUqBIWhuFvZE0k4pUargBwYLkAmrjY3k45iSqaaKKNoVTLqyOcsOrmhuR8nZ5ObqqohiY5seHzCGTxSTQuHip6uHmG4pUh+VrcLeyJpvidQJXACgmEUt3OmicOczmSTgCWtjaw26ioqiKNgCmk1HucsN84KeYQtLjLKZXFx7j9vrW9bb1dvTW9DBFrODRFhFnXfW1gp25Wk35n0dvrQYa6ZgcqemZRtua2r7Q7vP2/baeoMBuH4pK5E35n7EzE3saAp6p8/V3n7f40/b/ABp+3+NP2/xp+3+NP2/xp+3+NP2/Z7rOFnCzhZws4WcLOFnCzhZws4WcLOFnCzhZws4WcLOFnCzhZws4WcLOFnCzhZws4WcLOFnCzhZws4WcLOFnCzhZws4WcLOFnCzhZws4WcLOFnCe7kv/xAAvEQACAQMCBQMFAAICAwAAAAABAgADERIQFAQhMEBQEyAxFSIyQWAFIzNCUXCA/9oACAECAQEIAO1H8aP40fxo/jR/Gj+NH8aOyymXmh2GXnR1i3Y38cOqW9uMx6GPkh1C3tx6mPkB0y3Z4+weLHTLa4+fHSPbHUeKHSOo/gB0T3B1HiR0TqO1PjB1B/AjoH2L2x8WOgfYO2Oo8QOgfYO2Oo8QOmO3Oo8QOmO3Oo8QOmO3Oo8QOge6Oo8QOgdB3B1HiB0DoO4Oo8QOgdB3B1HiB0DoO4Oo8QOgdB3B1HiB0DoO4Pix0DoO4Oo8QOgdB3B1HiB4I6jxA8EfFjojuT4sdEdydR4HHTH2ZT1lm6QTfL+qdQuLmPxjISJ9SeLx7kgaPUKC4psSLntz4OoOU3Dibx5vGlOoWFzo3wZl8wNz0pfgNK1FjUNm4d5S4dxUUmVVJtZVso7g+DqfgZ6ZxvMvutPg2lH8NWtY3HDqbkrRUHSm1xozEvCxg/WjfqJ8dwfB1m+ww/jCxFQGNUOU4epdba1G5Rb2n7hlJuZGga7xon60qfkJT7g+D4hvgR/xjflH5EThKmtZviL8QflDFb7xKjWRotbnDUlGpfSq3OUvjoHsD4Ov/wAgjw/lKxvacI3361r8ovxP3C0VeYMZclIn0wj4+mvKXCmnzMbhczeIuPLpZan2infnNued9uedzSIvoKLH4OoUn4788OH5k8GDPpaz6aD80+BRPZjMR7j0D0sploDfkz2sMnWyESr8iUmXGFav6amw+QpPILwTH5WnUHwbY/f3w6NXjFp2EHGqReby7hROMqNyUUuKqICDw9ZqgJaVbmoLU/j2nqhlsVY8Qr8juFNwWqAnQMR8NUJ+QxHwvGMPn1GPgxUB+MiCb6moEFzVrAsbZEAWp0yPun/WcUz+p9xp3VVHCKBT5TIFATSb7B7T2R8KePQQ/wCSJBDgA3NMV6osCNalFebH0zkL352ApuGxMrcH6tQw/wCPcynRWmgVT+5tbooNNQFsPYeyPhanC2BKDhWP5LwaobwcOcrnWo3IiLRW0FMa5ENM4PgQ/BnMACDTLU9kfCljMhMhMtTDLCYiYgaFjlyyNxB8CN8GfoQecMyOhbU1APlqgPxkJkIeIXSpWZHM3pg+BOKrenRJlBiUUnzbVCkNYT1xN0v69YmD4GlSiHFoeHx+Cj/pjXEpLVL8xKlHOHgAfmPAxHyKw7zKZTLvSoPyaIm3F7zapBRA1MNFD87dJ6KwL/45TIamemJiNMplMuyWoH+OgG8DlMuzy6mUDaFQHNhe3PusplMplMplMuzPUymXuMy1yb9YmBe3ymXjysx0C/xmPSx9uUy6mP8AC5dLH+GymXQx8TjMZjMfB49/jMZjMZjrlMplMujj3uPYZe/GYzHXKZTKZTLrBu9y9mPWxmOuMx0ymXbFYO+y6HOY+/KZdXLsDB4DL2jwwh0HXy9uzWbNZs1mzWbNZs1mzWbNZs1mzWbNZsVmxWbNZslmxWbFZsVmxWbFZsVmxWbFZsVmxWbFZsVmxWbFZsVmxWbFZsVmxWbFZsVmxWbFZsVmwWbBZsFmwWbBZ9PSbBZsFmwSfT0mwWfT0mwWbBZsFmwWbFZsFmxWbFZs1myWbMTZibMTZibMTZibJZsVmxWbNZsVmxWbNZsxNmJsx/7tXiA5IHtqVsAIL4i8PFEm1MdEtipMp1i9zpTrF7+41APn27pibJ7zUA+YWx5wcQzt9vUqVsFvEa6gn2NxFnCA1FFgalbAXga6gnoVKlkJlBbC8qcRbkPVcOolR2/VKsxcg+s9RiE+56gVjWUSqxCXFJWQZxalZ72PEEnBadZsyp3DMSFo1mNwSwUEkNVqcwazIAIzVksTVrf6xPU9NFUO1UD7qVOyCVqhGNqnEEWANRrqquzfqlWYkglXepaPWK2SCqwcAvWb1MUpq3POsxA5UqbAXjVHHONWIpgw1CKVyKxWmGb/AHNzj8QbhAtRhUCl1Z3xiKQv3V2IsIt6QuS1a2cHEH0yxVqzjSlWJZrisSSxDVanMUuIJyypVGe5KVmd2grVXY4pfEXrXLhQalQOBKnEWOKrWYOFLu2XKlWJLApd3Z4qu7kx7s4Seo4qBSajeqEhqMXxT3VyeQFOueSRltUJZVU3YL+yadM4MZTqFAQKKH7nPopK1yVQVuSBAtOyAQKASGFP7CQmPwUpgLyrKSnKnWPJY91q5EhqxEZc6gEe4qXjZVHUGV73Wz0yEESmQpeL8MTRpkKTKLEOblbVCWVV5vKKnJnMq3d1WVr/AGgFcioFZTdY7NUKiVqZ+2yVi8xs5zpoPyCMRVN4yl6oErqTYg1GqDAVFsFpgLioGgUl2UVaf+uyis2AQeiUpmByKZAClKJlGnZNKSkuzlVL1SxK2c5BRiWUfiYFKUTEUrSMota4lFSWZyik1Sxq39QWp0cB5l1qk2WnRCDsamfLCnw9jm//AMb/AP/EAC8RAAEDAgMHBAICAwEAAAAAAAEAAhIDEQQQIRMUIDEyQFAFIjBBUWAVcWFwgLD/2gAIAQMBAQgA/wDOD2ZWxct3Kc22TcKCLrcwjhQATk1tynWv5tp1WzaVu7Vu7U9oBsMmcwo51Os5UuhBwVRwgcqX2ncz5tnMZR0vlV6s6bbvCLTojT0Qoi2tamARZUqIFAFNohVqYDHZYdt7lV6dj5uk27wh1KPtQboqzfvOhTu9O5hHkgsQ3QFN6gjTtRAVOmsXoxwywrfYSq7tfN0G9RTW6oN9qaq7dDng2809vuRboU1twqtO9Eqk29VgTqfsVOisdTsMsLTvTuq+j/N0OgprUOlNbzVZumeDcADdx1RtZAWVSoAxwVOpB4KHrojYj12mFi/Um1wA1Usfs2QVSsXm/ZSUlJSyl4RuILNAMcUPUiv5A/TsY4jMKZW0cpnuwhzQRutEHDLaIuC/rw8UKZvZDDmxOTKckMC8vAVaiGEAKlRECTU5nsi08xEqKDcxkaaj4ONlL64A0nQU6PK+xYDcG0S3KjRaWe1zjoxYq200QbAm1brPnBhXnluJYQVEPsE/Bgo5tqHQBkdEb3LltmFl8qeKFGiCf5KidXvrF7i4t6gn42LjZ1QvNz5tmMOjSccwXCOP/Bx0hYZ06eoJq4h11tnFDXknUw9qGDKLbEhNtcXc0PN/OGpZb44PKGKYhiWk2G8i+g5DIJqOvPWyF8g0FovFtincyqfWEeadz829t0aZkULgWQ+r/wBDkMm0S+9m0Xgaxctm4oYN6PUVRo0X0wSMBST+pywbWmsJ4ipTuY+bbRD7o+jSuQPRHIejH7HplJvM2ubKnWNM3AxpNrjFt+xiLu0q4y17HVxKp1rIY7JvNGmLWbsSo+aDj9CoVvDlvD73UjmE2s8ct4qLaO+z/k8AdZbZy2hPBHz8u8ZRGktzYFUw/wCEymX6B9OBt30VFR7QdnSpzeAi0AouQVVoDymV207WqVJuJ7eKj49tSBBW2ug78uxAYEXSuf0oOstorKOR7iXlJd3L9Ql+nS8YfBy7WKj3Bb5OSkpdxLwslJS4ZfPFRUewCP6WUMj2kVFRUVFRUVFRUVFRUVHOOUVFRUVFRUVFRUe/ioqKioqKioqKio5RUVFRUVFR/wB7S7mXxy8APgKC1UspIZa5a56oI8A4ihw68Jy1UlrkMtUHIcB4R8pUuIZFHiPwHgCGYyKORyPGcj8IyHGEP+h//8QANBAAAgAEBQMCBQQCAgMBAAAAAAECEBFBICEwMVFQYJFAgQMSYXBxIkKhsTJSgKCCsMHh/9oACAEBAAk/Av8A0EzIh4Yh/Y5mcotKIzISL7EefRsXuP7Bv2Rl6fND9u/t+B/+K/8ApkuNJjwMeFYs1yOvfb+VcmX1u9RjHJj1WZRf33zv/qeNFikh4WRSUnpbc975xc8aSktSEYtLOHgfem/OjkZ+iVHpbcd5+70PJm/TZM2wbYNrrvHe+DbB49dtg/xZfu7d4Npozi9ZueZ7YP8AF9678+v2ntg/yXdmyx+ej2L91Xwbz3e/Qt574L7d02x7vbpVu6bYtl0bZ4bl9u57F8N+kWw2Zddze+K3Tv29y3xXLdOv3L+POL9vT7d17vp9z9r7juWw3fUbruP/ABhOcNuo89xXMj+MN+mc4bM47h+uFGRz9k+Mf+3/AAtvFj4/4YKoqSW5f/0THH2a4/4acfZrj7NcfZrj7NcfZrj7NcfZrj7NcfZriXP2Y4+zXH2a4+zXHcTIl5IkPqvHazEyFkDE8UW1yKIbHiXUeOyFUgXkoNDXkoPGv0pnyopKgx4OBTQjnBbqPHY8T3GRMiZGyNsegryYxjxIdCIZGPqvHY9xDmtOAhIEQrQXWOOx9xzdCP8AgfrFfqPHavOFCw8aFkc9R47gth5nx1LjtW3oOZ8dS47HtoW9Bxi56rx2Pzq8HPo+epcdjca3HY3HZ/Pq11Djs/k4wrGhUmhCEQ4FsLozN0MsOhvyOqm5cY31/chYsKYjLEiFCISHchIVhVC/Qnp3LHMrzRebOMb7BRCQkAtNjHtjY/R7xENfqiqf4GlwRryRIiXkiXkjXkjUqnw2z4VPyRpfgdXq2YtFYlt2ixj9VY9pIRCQiISEgRlj21HJ7YULHuLsJjHrMsX0Lm+v+9lkPSjr9GfD8CcIn4GRkZFWSfg+HEfD8iSPiGf5kpKS7i2UradtO03vouhDlyXkhLwJC9C8+J/64os3Yz7H3WlfQ3c0ca6ySIKQ86bzVhZD25x5EQvfHEvJEiIgbPh0/JHT8G/LnceCMdadjKS0fE7GSxMdRHE+DjThq0fpYx1pqWxw0lE/J8SLyfEi8nxIvJHF5G/JCQIREQVIP4ICCle2byZ+oywvBbBdD0uCEbI5oX8ClHPzK/oHV8C+WEfzMhXZqPBDN7lh4ngc3LjDEOs7nGnxK+hnN/p/sV9FZLGvc/VF2lmIhIfxJ4kZDwRFXLiaEIWvxpRfKUiR8Fr8FV9CrIWJiYmQsVKFh4tj9Pw1cXvj27LftNSemhCFiWwq/Ng5lvpcalthCIUQIgRCiFG7GLDsjL4aNl6LjsZaSFsz9wtryc1UTGPEtLjU2ePchaH/ACMawf4rcWSwMiREMgFRaXHYuxDouhEREQypl6biWVNG5uWM8WZDT8ZEbRGRkRFkh0qREX8kX8kf8nxD4hmQi0+Ov5//AAeFIYsSwQi0uJ7U1FWg/khH8w/lM1ZrR/cL3LYbCo8PBz6Tjr+Q8CFoLEsSZEPDssbwQ+5D7jHNuH8HxakFRUEKW+hui6NlPg59E6GckPsNCxvL6lCIZEiJDEZvA2MawRojInpR0XAqpGRGRjwQmQyMe2rwc+izlkZo3GKpl1qCbqOjZEOh+0pidBKI+GQkLPh/yQpHxPAx6LuREZFgQpPUfsQiMiIgqKg9Hj0WQyEyl5P1OfjrKqQFUMiIn4IWyBIeeNEIpMrJoikhYrvTYh4GQmU3X6CaIiIYxTyn51/ppIv2C0MRCQzYxzqQkMmMelxrszMh4MxeJQoqj4jPikZERDHURC19URZ6aqxZ2l9MDx26+xjIpQkAkMfpePRsQ6YGZimhS3mhiTPhsy+aw/bAx4PpjQzzo89PY5oUmMfruPTMzEPAxVMjMfsyH3GRjTlsWxwjzY6lxDGJkJCkMUt1oXfRWMimpsY+wWKpkOuBiEheBv5iKjQ610cyDyZDkpOVByv0RjHNClEMfTeegshH5M5s3VzOuheeUkUHhRF5M6cdFfVuZ3fQWKoqEWjtxg4GMZFgQ6DqZF9vsEyEeFVf1EOe/I66Sp9SIXvg39cqda49a9NkKiP0kVcDMyqL6qF0BVH7Cp1jjpW95Ov5IPBF56pmOgulIUno/wCvT2Kp+kdep5C9ehTfoeOpX6rl6ZC7KU3QYyGv4wrBfpmWixyQpMfruJ8dGQjIimsaMiKSGRv2FX8i6Rno5ohIRkQ3JdH49dCxSiG2IhFjY9J0M8CN+kZyWLIz6ZxjeuiGUQxCFiYxOTQ5I/uTGIyHWbkiLp+WKGeRmujc+jRCZEQ2yEhxubQ/AmQiRERarr+RU/GFiHgXSsjyPQzXT0IhGiMqyEhWi/5IkPwQshRkRayEMZnhtoIdMOXSMjyecaM16taTlDJjktL+xyhEhkT1kQmREMRDheLaLSzMh1wLo+RloIzXolpqTHJvT/sYyEQyJ4VooUohiIZqUQ5LT3W+qhzYujeDLQXuZr0iEMikhaDkxlSEQyJ6jymhSikiHAyMzIRServDLZ67EPCh9D8GWgjMWlQjHUR4IRaTIkVIRUIh66IZRDEQiknKIiEQyY/Tbr0LEOnSPDMvo8SkjMgISFkJkRGYqaDl/Y0MTEiIi9AhDIpIUkxDIx1ISGTH1ByyHN9CR+pcHh4XQ86bl/ZEVYvJkRP0CFJjkhCEZEZFUhIZsfQ916hD6L+parSIxN+4qEXoEKTGIQhMQyMzIBSY+xGIU4sSmxkQxjGMYxjGMYxjGMYxjHWTGMYxjGRfMiko0j4lRIi+V/wZiEIQhCnEOUJCKTIyMzIZPqjGMYxjm9N4XJCkyIY/+iksUPpYXghfj1MPpUL1SqKmnC/GBC9IszZeh3lf09yyL6jpp78+hyQ60w39VctpWLyftK5b0+3JEZouREUkRDqq4X7SdWyIdDMdCKSIh1wZIiHWoiIiwxG1Ny84pRULEVDMiIiw/YyqOpkuSIzUoqsimx0qOpERSdB1rKKWREOtDJEUnSUVaubrUdDMdCI25LkRFOIsZIiqzbkiHWUVKj2HQdR0HlyOtZXLIdKjrLJERtKIiLF5Oo6DvJ7jqh0HUuR695bEM1VmQ6uW9zJYbDysMzpPdkOXMvpJNI3pPZG9kRS2Q6YdkOkrT4NlLZM3YqsyM3JjLENTae5eb3HsfqZkOpYuWLy3Z5HWUPubSf6UbsdZbm9CLI3Za46ysbl58HJaXsh+xwclkXLIuyyNp2Nx5S2RD/8AhtKGrluXZZG48yLKW7HVFzg5PY99dbCLiIRULCLLElkJF53lcshEM0Q0x7SsjnBsWU+Tg3ZxL9zLSsi5ZHJcRCLDcsi7kpXZZFyxdnGCEhLFy07SuziVyxcth3Zsi5tQ2RvK5si5YvguWwLYhMhG0rF5cSuWLlpcm+tsRDReVGUrJoy+o61lEjyPPBsh5ydpujKGyNhoobYGnLZjR/BtwMZsxoySHvPkilFY2UmjJcj3LMinQ3cnngew61LDF7j3LESKfkZYdGUNjJoobuTKfM5sZYyZQ8nI9li95eSjM5XGmZIsPNmywPZFxysUZuy400ZJSebNlJoyhQy5Fsu93kb/ANdDZ5Nu9MuiIf8A02P/xAAtEAACAQQBAgUEAgMBAQAAAAAAAREQITFBUWFxIIGRobEwQFBgweFw0fDxgP/aAAgBAQABPyH8Uv8AC2fgX+KNlRf4Yyqv8L5f4RS+ivoL/wCGc/8ADWf+Gs/t0v8AAb+3S/8AuZJMOrzMupzkfWOgxcDGd0Jh0TTw/wDBibjNCcVGEpGccYy361RRFRSsNmcjLx3jOZGonwxk1K/ZMv4KVvjRmFhY0/8ATM6/IiRTJCZoTtC4ToHQOgPhGvQ3WhuiKLMDe/2eBfwwst9t/uSX15gmovAncb/6kWRY9/UkxMzSGmNwQJiUJNHsjaN6GzQ8O4GaNEZ5DEOBIGGt00+Z+Wf37WDOmwvnazf6DG1rCf7E7H6DBlDUkgyM0jlHIGgPlOuckbCngKexOHPDGSgMmMDcS0NEwIfNOQRyr6J/q+X3SEpeBkkg5f8AgaaZiMJeRoipzRBmyLoJZYoNYojdkSCcB9QimsBPdCcskuRohUSzx4kEqNYMFr4UJ34WP8xn+7Ut/QvDLYT+ScNbWhPTSJM4DbcBJ5BgBgSYDJJJ36GtOo1hvhbToj4jcB+SxSTOoo5UDQeokiZFasXcJ0MtSJAe4FYdkfWQhNlP910VldsYv4IJd3ZELZCbQneWRgSPcs6ChzGNGcz2Of8AcSsJC+lhRa0LsXqLoNryRA72ZnLimrMTRAfsD2uJL5J2EMaGRjIEScn+5qGyIMlsl1zIxENAhc8vgXmYiyHt/wAmqPLyaiXXBj7BCQkrgQ+oNhIYRYR5C9xZKsxhGZIsGFNHmzFtefb9xmhZFJN8tgxuWRCex8iEDlti1ZXY5eXcxzG2C7vvP7Vqci5wgeciP/QjchVEnMRiOiDfMDC5T/XQvsmersWk8vkMbliAshCba5GlCHv5SR9X6sZpr/tyBML7iAMir6iAUNCILZmBIxLCTpEaeCR9xDw5X7Wyo3B/wcDpmXTISFSBSwskYjAiTG9Cvzzj7xmdgfCtBaKRMTujasPVNjCgW2cPR/q+f7ZLtWKBRiLY0DWx1gEifDApJu/YgjLP3xqTyc3lmLRCmNsZ1gtdnTWxpZR/7Or9Wz+FfYO7j1GwOgRi2kZ7ERvMksfcVlLYr5t/gDenkWgtMVcHlMS9DC+qIz2Bbrkxrp+rJ/ZuCkQLJlScSDHJe6ESAhX29CrbmfgnvgY+NUbhgXBlDDxHSLL/ANv1azF9khhj5mxEhljHAaJoY3fLIBPxPwjeUiXOsiigFeaihSjTc2DK/wCq5/ZQBaMZdyJCThHYtIS+wwvx+EQkMYMxxAjDoXMNh4E6re9+zJClv/vgY7M1GiB7FOCO8Gx54Xf8MtAcKQGxRLIS+MwQCWf7NYigUshXGxaoblJsWoSHGhzcOHf8RH7CIeSh88vk6cZyYfqif2PmK/Ybrzt5WElFgkEnBLhNhavT8QvsDGlpiK1CORGKwcM2Mf7Al4FlbiEf/NEaDFYRCETjgbIx8vxMN8jzamdgETCJ78DNwx2h/U8/sHC7G8VM/wAEKJs8toEk5Lq6v4qFrlglgmBuyz1FEP8AsCf1POq8K+hAjt9RSitEiOrJInOg4Qya/FTEZRC+in3Bapk6LiH9ighqYfJ1f9CT31K2wiRDYuHD8Wk9k9WYNKWC4OzhvMQY/vY/KZfsPeQaaJJZeXf1GYV3ol3CCnyErqffL6zGzyJENGFAuwCTGsn1cT9Rzj+us9JfAXzi0RKiIyAFsNxJaZgLHYX4uF/MFpE6h4cmURE7ZfqOXxL6X/N5sQJCxEQsm6TdwX8Y3nKHshbmNAmEYzed+o5fro8jgSyMCcTUc/YmK+9H+OCOGsJAfM/YMh7HIJZDsqCmCSiRnQ8tf8Y8TpspsBYPzP1PP6rwxW0sgQ8CVzIeAnf421J7o4oWh8J8/wDYc1kr8jvrJxRUjlkgSQOQg2G/4z3VGQsoN6R8v9dC8GBXIGhicgT8bg70ZDCblx/J/Y8gaGi5r8d8hgiw4zcvP5X6nn9Z1MYl/wAc8eYxVDCYun+b+p5/XQxof48Ye5ihIYwmP6qdz+wOjLn47F3MULAvQtB5P5P6nn9gdGLHgn8VcpgqeCofyf2HNCHRli/HLIwCx5jBXP5X7DmJDGMX472FBb4F98/9Tz+uhj/INHb8Sxqzzf2HIQ/yPtaGzzl9SHy/2HJfk/YeKYh8j9hy/J/D+swpBnVfTQ/yXxmHhABd+reX00Orqvxl3mUmDv4ID5H6g39ljc0YxfdP7T5lAsJ3L6zfnfsmMTkX2r+5+BloYe/gbvnfqcfgX0XS6bF9dfgM/dSe+MtBaBs8z8E/zySkQbos/Yr7/wB4pls7ltRNnmfpj+1CdMF0/bv7nJ3UCQc1I0/pH39SP6rR4MLv+Q+RQRFbj2n6Ry39WPxLwKrFVqF4l9i/ucPMYIsN4Xmk/qio/rKr+3f3OPmMEJHcEJRWP1VFf1HRmj/ILK8xgjF3EJaf+ZV/qPfiXjQhjz+Q+ZQWdzwBj5f7B2mRqKTBl+Q95pLe54E58v8AYOh4EK/3i+19/wDBo3s6S3zf2BwOi/I+70XvjKey/XWKvC8jEWfkW9bQLaWue2/XuWvBEDph+Ry99JiMh7f869P4RoSk3RJ/IrvNMRZQvbfqb3vfpRA0ZT1GgH/oDmFfmMbMiKFyJ/eP7T5tB7gY+w/UXIFLG159lJAl/oR/qEjBjKvISsyGiqiaZoSQr1PkDr9pgW7zSHITILPYhS5m1SLCXyNpwJ0oaV+Pz95eEF3Rq17/ADfx8k/YpQxJ7Q1B3E2l86RgVm98T2fIkvbwuyb4Rb5kdicecyclLPCpgusXGxad28jTQimvdYWbMUsTub6GQQ0gkBQBExQrjrnAezCxL6q+s/tPeT2hb3fAl2ef+gWs6DdoGgcQzyGAK2FLJvMXj5oTPb1ECLENvwtSupG/1iSWEugpqAWoyMEhjVikSElxRpOzFIrWNYcRC7UiqYDUs4GIJHtRM3w+8f2nv4/pnuC8+xp1j9BWCYaxQ2rJUItqo1wxN5CnqCbRxreJRTPyFPUT5l50FWVnDfqH1oVPR4Mwq1GsBdwYghpu1ckTd4f7w/tPcT257kaD7Wls7X6ChDyyOWyG4VJPsvkOWhhX1Ifi+cW6LFyIlT6D3Q9olVUVFXiMDJDUkjS6bYIl4QqZIkW2iH+8H9p7ie3PcU/Y0tvY/QVnvE6DHn0ISV4IdCNYQ0d3xonCZKU8he+R3EJawfVQqKinwRp2Y07seIgtaqokdeAeueWL43+Q98PamDvR9jR+0/Qe8xFoOUeL7HDWskhckzOniuvBcQgJOwkrEcjWioFMiFckFwH9gQLFhaUxRYoI+9HJR1JByvs19B/ae+UHujGe1/Q7J+lJh2mNaphx9BozA7GeFENoknWDgOTtl7QiYkz6UsZ3AJWdCKJG4yUIiKhuRo7giJR6D7NfQf2Tp7pQe6LVPYDfoL1TZIQ8sThEAmQxH4pxMEWvZPvRrXuRLDWoIQNkeQU6cMM5Zlsy9iQyMg7xCsQSogJ2JH2RUX3Lp7gYD3RhPYUrz+gMCb4R1bGA1zVBbUllwd2eHo4H681FcyJWGq0jYUhFxBKn0nnQiwwQZIyxSB+pkyzzBCUsIWF4k7+lZkbSE5EL7l0u789qe4MJ7Wh+b+g1Lm31IBIzRgpmqQ83j8E6CvIsQcwo3eUJCiBlzSAYlCynSmY4LPOo4cHuxx5SMfE50SWefoJKUlcYQvumJ6kee2e8MP6IDa2IhQ8mjAXFq5IxKw0pPp4GigXloEHgRugIwJpXRLNFgikahSC3tUTHjvE4Y4Fi8fniLxicYHN7BIELwzR1Kvsvfz257guPsPwZs/fxN3HgWBORDWUbD2HEgNPaeBRk2FBMToEpeIyCG8iTLD8hO3lSfsJkbKyxeDkIMKUFKEJYohQkhhLWKuhwMi+jIvCMYlEDqTg2QmQpCvSSRr05uJyLxTroRhY8IQARjHoNayN9BaJ42MOg22aNxkyBSwiGNue2PfUfaULx2BhwMC5/PRcmWBdbCGW9BsuRgk8sbrkN+GeRuJHALC6eBmmdzE20L7SRgDvGonWQPEQsJaWISWSGWIEQcim+BrBhCk2IKUxWyBMSFmjwyDVbgQogX0fME92RsSSGkjZH6ndKDQnRJjLIZHsIehyoVhD8MjmBLp2CNNYapqs11ItTk10QUlkQqZ6GcQKBAVBaCY+yHwUXRwIhjUdR2lcudjSpW/zkgSeg9cQYMgeMR2GbhsuCCJPQhBUKFhC0a1khp9ceHtD6GlGzjVEBRpGgAlCrBCFhPlEGGFxNLlRaSxXQiGMIkJkndAvotHux2G13QG3nAO+gQn4BL/uoBjEhNf7BLmeGP0snCk/8KF7yML/ZEN5HIxHfrkgE42VE6EsuGmhsUhzcNToO8hZrefOpCnrDGcq/UzjfmJYSKsqUWJDEORKxyvMhZZkM9h8ch/A81Z6CQoWvor8m0KnEkYlRkkwsxkUklcSgVxKBI9DeEInORUt0E0YcH/RCeE9BrEDQ2M8qiz3ROESZIRAE5aIU1kQ6WRLdKVEgeuxlyuXw5+jidQuK3tFagXgPyMcsbNfQbA6FJWonj0Baag4IZ4UYh2WBQpB2Yx+RKSXDVEJBXel8k1B9BBZeBsi+RNJg0halks8C3sVkyCMzo4IS5B4BSMkpzAyQmS7JiQkWFH3D/DYGpcmw4qAP4CsrjZYNz4Z35IszQ0qoGsx4RKVgWEhBDgZdKyzBCUisqRbMoH5ZMRfc5xQzuKzpyKBmoUEvoOyGhpDVsC+7KpZYYaGiBTw/UayojqFbYgrK+BBKO4E3GgfGPKODRNwG7Dxf/AG4ixha2XCRe4nzcMMwUAWGGEpgH0hCiCGOxJJJf2DApPeo5R8F7Ly/QToGNDoaGiVcSQmS3hU7eRWqF63W1hz5B3mEMsRhwJG+A0j+iIfqiZuRvByl9i8hF2xZExxBax3Zi1HIzaNsX0OyY2TygS+kmuKQw0NDriLSgVrtCmCUlmROkN+V9BjP/GQg7IvIcwi5WIeol4EFGGx0Y6GgRmpQTIGGZwPclnD0JYTFKc3rEmNdkZLH3N4H56UWE51Ax0QJs2JMjkiQ2anBv+BJh4NJL2MZgM6gaxweaClKZF+YmUYoSUcoamdhF2CNLIxlMj0GVt21hBKR27J5pJInCpN9BJAGsmbm87sihalQxjHRZUZYCsDXuMWNNqWGiKOyClcDaJ+UxQ+RWyh5D6DTJDYaELLXqJ59AZb1jlnZMf8AqWfObC1FwbmlPmKC1GJM0Mw2XRmyTTMnNEhFI0nf8+lkKdjYxWUwzCF1HBMQspvAswXdB3gS6XgQSh22LLu2NSBKm2C243QFbFXVEFzAhpcjBh2F+IuRBZwbgdsIwbaDXJT1Cy7qO/KbW8aFNw11EsMRHhKnZ5QlRhsYbJLyvV2eghGbuLil0PzmVhodWQuxE+43aTPaOKV5jZhIZTczdmbMnW1vcIcu5ggxyhTY7ItDCtHGf7Blx2LT0MTEW40pUFzCQi388pISayKdrgdQvyI7MZI51kMbyT7HnwCz2SFK7UEGBSSgGGWjTku47SlvgsHGKQZbui9syTZ5QxXcFgJRRwQox8Bwr4ZhCUUcf12QRihCaCCmSTVUdPKu+zDGvd6RyQeC/ceuNH9RhP8A8Q2GguiJcvMkOybguCSuGERYC4Eq8zGNjJL0PNo9QLyRLLGJSQQQMYkibykTvgHuXLgjhDyuJtDdbEV1bV9l/dLGMCxQ1qeYx/P2YLApnpuwzlkWX+Ul4sJuWJcQ1JZHQBGkvwLPZGK+bZBZl4ZKNsSQsJcKSKEtBLMQkI2XEX0D14YpBJ4khqBdBMTIhYMHfhCnB7YTzQQ3kDQ1LMMgEFIToqt2CwUUBGrsogdxpDQQx4LSexTlcsij2mNGHbMCcuAmxe0gwkuEMNjUWQis86PclCR3VNYaLBsQk2QkXbOTfTpaQkIIQlR2GexDz3zCY1nsqGSlI7P57aQRYYhSYhEIAse5McUfQPeRimxShRIbpnnSLgaS/ihjsuPSBqKJIclOQXyWEJAE9AUGhzEcwZYLuB06EtCwIYj2xWDNxrlyOSz4mNGJNDwKAxmCldBnkludjdGNjFkEp6EtL6NEu+UGvLucB2hTGJK9E5AdaZT0UvZ0S6TAr73wLK4WBjGH8QhlQL8zzutmZ8DLBMF+RbvgdjBU3D2PY/m5okiDDCjxZnDS9RdArqrkDCki0QxJozwTFYSPAe1Jpjjpieo3WqBklb2lwkSGbqI1c8CQrhDXDEyJ81garB/2ICadPTqIdstIjk2PGoat2LxqiIYkiGkmhsbGGIBpRyT2vIJyQtjmVfkM0gMBowSy4Ml6Cd3q+Dck9hrAQkhDDD2ICYy/9RQcaBhDpI6G5mQwCEGPjwBs+ol+SaDzh5b5EJosJ9TQRyEiVAxeI8J9mLFi4rQKwZEzddhQD2fITx/YOK9HTzFOQE1XdhfSJkxC5A4wbyC0wSc22WFwzCPMhLciVrmMWhWJpPjok8EmBqyAww1W6GUDEuW1Q0NDQ0cP9cnnmIlepGtm+w2hBGSJq9jGTuxRGSBMcitijwMp6hlFOQFmczGAYqyqPEHxkxWwsfhPEUvqz9RJKJfRO5+Nh4Gs22K4eqEqNQ/QcMXjklwvDVntF4UdBCa4kR3LSQXFG9XQRThzmw3RCYk2IPN0lDH9cxjEBulYv6hoeB54SFCQMWvhaFRUTUyZqAe2m/CsLUyU913SS0bUwnhMMRq6LkM3EIWkYxhsUpIu644v3gmmxPkvgwMSj/ctxC9xFeC/J/yZMCLLNKYeWFM2MR6zGa8j3KGpE6DHhIsC4oWflavoytZ0KqrndC2kXQhyoFlJDEOMjkmlIhrARzyGriZ9yU+D2wujcOIeGxtNIXxa4OJCzidEJtjWWRUSlvZK6U2iKNCYTpTEwDdkEKJk0nwoscFG8L1L+9h/P0ZQrJIA15gbPDEhXLqhdpWUK6qyTXohZjTzHNwtPoNjDGIFAv0kekGnqfyWqkkEmoFRIaEqsf2xy89NE5AQQMLy4uBI/PLoWNLuRk8EGGLk5XEjyUHagGzZBo8JDwafA3dgny2RpeIIpTFtSEboMeF5DGGqJBoQlLjLF1G8XCVjzCQnoK482EvtycvCLeRbll4jJihsigp7JFmRzDzfkLWMao91gUjqhm0GrvDyM478y7P1MGMgwo0ebBIuAoWFAxuhFRvonUf2jRJg7FFldR0TCkbvohDEk0kgJjfyrvLghDTsTiEQQOpYlnIga4gZ/rLKruBOcX/N+xFlsU9DmNbtIkO44spMDSOL/wAEygySSNKaLD7sIT6n0RgA1hRVqVdRIkm/hGV6+8G5D2FKhCwIYRfA5aiYFiOg03ILhjaRfA159JCzEm1x2gqE7ZNliYwlsUsBjK8u449KWGso+0f87oVhoowZ8mDO4kp9wdcn8jKHZicQ7hmB9xqGaD6o8iNLD0THeORaE0NjICJ0ddSExMkkYhREboQB5LEdgmUWHcQOpOJxyNmzFkZONLlGSx2JW4GBddBYW+P1EJKcr8wxVcHzBIkBKd5E7MXRdY8SQOOCOtq7vY4iT7y6J2Q/aC6kDVGl/wCkhr+w3bF6/rDnn1Qt7kpEGDpYXVq33EVaQh4EdlKMnlkQWj1JHstPMLMQ5AluIcSychRBhWEKtA3LjgBhEbTRNwYaw3uNZEYOiZNGIkyRkuMIFnSxOzC+2Be8yqjIrmgeL6dhTRgzBmUMMXr6jzIJiCpqmxChswbjsouYYWo+ERRVuk9DJy/sITKbSFLkGFixcKlg8jrgS3Rkt/AVGysqj/K2IVhE4Nu8j+gEhuILUWV0Gn0HGlHVWeioElNkECYbCGvSEAaCmOa9CCN4GMt+bP8A2hRDQe0zRYZouYQh22ZIT0QkPYNIYjEawtqCbGrDgwlIsbARkkYh3DMEV91PXB0xU0ZLa3lkTXpywww/kSbAZ1OMYpiErNoe3KGtxeHov2E7TMNGYXDKdkxjHddjoE4+E4CITrStwJmVBEmkMj85IxLwB26wyCDFZIMREweW2DajbpXDJBsTeROVPP5a9EBA3BRB/Uj/AMAWRjAMbWEltcgyhl1pZLBuadpMcCj0pIZ/qZJxsy3qQNIViaMjYrCgQ90O7fcZFR4YeQ5kH4EZvMLGCDCTGyHMi4zRuvMK4+ol7T3Lz6HgYwNz3zM0GTHIx8rhGSs6jK98Dy8pyNhlgzKTmF4Dho4gRZTlDVmjSgAsvUYSTHAmUf4hL+Y0X6EBCuKisxDQ0ZLRtJWcYEw0jGhko7bL7V/Un7CJJeAqSIdjtiTPuF8qhMiGu2zkmNGAgwqcyjjGWNkjfgjwCCPD2MmJKFcaG9VIIpa6DZtCdEEeBOicYsYIv/0n8kEcyZDlDmPccqKPazMENlpmxI3BCQDWVvQGcwZzkI4b2ZsEb8IOI57bFwC8C6xCEtmQeZIUxpwJMLLI1skoCfsGY0DAOy0MhJua7eYgsIZuhC4COrnkYYxjFJE8fhyciRD8AhEeWqdzp25gvEwG0blHGMuiBqKMikEeHopJJNZJJJJp3Aak0+DMcPMtDY/EqoTpkRGQfmNE9qLsWLjRZQyyHQhmwZyxGNmUhTF6hv8AkscGoZjLSHGoZFCLbAvLkIk2Jh4FaUsa4By9waQgCW5FcWChbOghjIWyRZQ53HOoL4kXMsxuAt7E77EmWIYbGMY5E37wmsUQRRZDXlDAtJbQxQUDOEYCg82ck423lzVsdIIofh9BEfSmkk0fhibyyASxIuEIkkke5iNDDSWNk/VSIyGJYDuRwCFMoZbLKC2XLqbzE9+6ozIu49WAx0rG4J3nogLZMEp3GlYcEXxhI4g72S0hZzgYCuxGUY0rp5vKgDSSYhDEegc0wy3Ki5UPwESIq/vGnMB5imaO9EcJo7dD8qM642ZYXUuEIGvpNd1EDRBBBFIo1SBqiRMmSJEvC7LLEfexMIiDugXge5ehL6bHSfCnR0mkkkkioNsgxk+498qNchrvY6EGhoy/vQ6LeAMHy2PSF1E0IIKXyIGJBd/qMmkwinEBAcYVwFmvJuGK5H1Ql/atEhEHC7qlVsdMYtLJj6r+vhLUBY90VIkUByFTVKCCPGBBBA0NUgggirJiZicJxBKREEQQw0QNDDoMNEEDEHeGSMkIBw8CGsOWLYyaT4UyaXuFY8E+AaQ2lxh45U+JiJjloQxgNiApgfY7EiCkQ4jQMHGnuqDgA2LtegCSWGhOmQxC5uHsgib4ElhAnuTLrYQxlqExjNSyzOZeSGiYyXE/cxRiCCKCXMuKFRYgjwgnZNk6CYTJMTPw/ESCpDUQRA6QNDRBA0QNUZA1RkDRYN4bk92kDkOiqLFi/olRE0isVdJJFQhMSjFjfvRiH8iNK9GION1yiTInSzL7CwvzDT/anvAKBJOxg3geBIHEYeZqCyIzIFnuo3AjDJtUuckS2jAlkNpbE7wy/YXuCSSRqdDXsQE1lCVi+1ay2HASkSnfA0m2BCCBCQnJMTMTiKVEKCURI0xBBBKMapA0RUggajwsdHRjQ1SBqjQ0Xigr0FjgbVRQUT0BoyR4F4FRUxRhQOhBaQreCRMyJxQmIm72M5ob2/MC5Dx5GYoa6gxozQjJoNYA81btcgHAid0HnvUllCIF49yhIganJdsyN2UYhYSESW8Zo9HQyS60TP2S6EhfQuo/15vUVSkMZLTQhKiyiKIMEkwTRNHR0YyRuk0dH4HR0dWQNDRbHyDB9J7Eaw0eKIa8FGJwJkJBOfqIQmSNSMNDVZokTExMQdoewZCsfElxqbqNK9AoZV+wsxrF0LUfJELSjy2PLYkhQsGwe4QnAnVr6EUmrGk9HcNIOORK/sFUMOpnQ4H/AL+hrJRaIIQQrcWJjJJIdCoNeB0fgTV0dHVjUjQ2uRq2PrE3gNnAk2Nw7yAhwQIWmsF6VUNDGhreBzoqIahBI6rwqiU0Q1FHRKkZ0JbuQOwlySMCYhORCPQ1CDMzIbso8l3sQmkiQDSh47IlxZQQIbR6siYzSaHRPxTSCCCSapejpcEL1HDKEjJ+qlYSS+XDgDleEyPAh1fgYxjo6wQQNFsatj0MJgltJDduCW6BJ0QaIHRoaGhhoaoe0Fsx5Z5LQxoYkD5ouHReGBOhcxK/CqJ0muRqKO+PA14E2UJ5k1dyITExMTLGyGhznQhoGokJUIGCY/QUSSWHTSiaAod05wibP38DJMkVgjwz4pq0ehxwxo6luUJSfCxWv9mZp4WpyXq4ZxSuSCCCBogijo7VZBEjRYZZj5xppmNuBLcGwxPyRINEVoirH4GNEEEEDRBAgkdkbVAsdyGqMZmq72HRfRJQuQydEEEUisiT44PAlEhCcjHox44EC04D05g+1kTsWgnmMvUYCyqB1kJuDjUDbkTsZMIJtzwJWJOkKikYnPiikkkEwTSaJ+hNGr0NNWIOpJZQlZJoC/q69zqnyXtvLxXhXdDVyuUNEDUVgSCPKCIfcHLDE5l+ENuS55Yao6JBDpJJJJJJJJJI2T4G/C6Oh/QCUMzYQKUdM1U9w6LxQQKoUBKFyEr8Caa61inWQklCZ4TfkY5/Q1aNZIQgntiWjCILWhILiEsKSnK2g/l4bm6GXcK50JPUxClt1CUsEUeapiRiRicCcQUhVmskzWTJHgkmsj8LR5RDl0SzXx12XjD3JbXfJkE+LTw+UJre1kayjfhELYi8h5QN2R5iepFgCCHVj8DJrP02yaT4G/BZ2RcihRSWMgYtYtp3MQQKivB0Vms1ToXMSPY10LI6yHCxnJIb/QKxbMUVhk9DCJ6DYk2MJmMaFyIcovMZwnqJhxGhsMeFBqsaJkeGWP32kb4O4hJCQWN1zmL+whIxCZC6BME7YlexVZNZrP0I8EEDVYoll2w+UPoXKz6HM/k5tfxZVS5RfcKsQ6SSNjo3V0a8DZPgdWNeN1SloWOyTHcEoZyKZOiZjYa2HNiF4VKKLBNEkkkk+BsSGXWYpzUpGlI2ViQwSmDT0JHcQndJCwIXcIAykLuzJesf0EW29DlPUVffsGLFz14hXGNMZxzL6kOYTI55Gt+gKbnua16oi/idjEhDyjAOCRMiwVI5yQpUTJJE6p1sSNiBckJg1vxySQRReC4guST4IGiXBc8uUNOnK5VFIwc0mHGNCWzTwJtpTmmdUuUXVA7UY2Nk0ZI2SNjZI2ST9N+B0kbJo19sR+RgG9hMtkOyVGrQ+gxB6Y0hJYhGoENlgpmeX5GAcyMD/QxYTkhjgSrCS8iRsabGhMhswbxcRyo7upbWswf/AGs0kH9WMqeo3e2/OkjDXIy8z7iKiEomytHFgjkSA1sWTKuNDCXfwmnejH1K5Q/YJPYt59A004ER2yhMX0JEywxDqJ2jCPwxWEYJJENkzSTPhbSE5JDYDkl8eGBraoU0hz4sIh8ovYmgbJJijo1V+B/RZI2SSJmJmhPGsgyyHZKji0tjpcDcIGlnmAbGxhmDY0spGZ4DkZE2wcwBf+ozwMAcQBKMQT4IFyLcmHEMuGMkNsdx0GKa7DJo2yb9SSRskkkkkmkl7wMYcaBlwEJYFWPJyIaONGFQ86RGshSreamoaTIHdBBsMkd2Dhv2HohDYsI4eGZVSG+mNGUSQbJtic0jxJlsSBUkWIRJJpA1AmRNEeLOSBKCXBuCFtexZyOjB/EwkSVfwNxTSj5ReTO3Rjq3NXSfDJNDoJN6E/QniZ5YkZYkkrogwGaQ0NmxzGJGN4kyRvL6kkSbuLYC1EhsyWMrG+aYJGEITWHSVyNBlGhn1+RLDnyEbPUwgON9jNIac3MEkkkkkkkjdCcmFd0BniCUeWGLGmLChvCMDJwBPyxBS83OAQYRJQv+AGRA22M2NkwOBcixGVC1lGUvNADlhBEbTqNmgd4wkNl0GhCmJz9FOhRyJHQmQgigpUxSSTJiuKOjUiFholSdmhv72j+YaE5xR3zVHMXKP7NhqLPNGOjGxsmknoZ0J4n2xKyxEnQQYDbgYG72NkkiEIWxLZ1QWEVqwN5gITegQRJd/sL9SOHQ5BEiL3ochQJTY1XJkWkMuvybo/I2h+YxhXe5qq7I/lkMbu2xJIYbG5QgkkkkkkkuMIxm00cUXsc5MLBBosEPBT9BLeFkWE9IvBk0EbrCGBu2Nm/BMmbtIoOVlUgCEuBokdxtCWh0jDUCSLJGecmkB/hRLKIdhzCdCRCZcnljfaRLQk1sksr6ScCZC5iViYgijEjxtSJQNGKSCmGi4AaRc9UcE+CZojNNO3FcC3dwLh/KJJw8iZ6E/QmjeRIyxClRowhtwMDWxyJGWqOsI7G7FzdWLBj3E7AhIw2JYkcMCcEujEGvQ2dBTyhvGXRd2aN5H+iCb/YaaL3P62ZH1CTLbIXBNSSSSRskbpgcBOcXM40KxlFEcq5ELpw8BBoSLQFr1TiOYR9CN9DNhuyx3pMEjY2SSSSXIj/ykEiMtwsVxMbJipKzDDGJtYcHJFTvVfQasXGu0S4cC6wb0CYEjoD4CZNEiGQSIaJoixdZDRPhGqskVIikVZQwklye3IuSbh4OPP28EHXlPkvafyGK1jomzY3ZJBDRsatiBFyWO5INfxCeUc5HFp+BjzhdEmNY3o6AwUSLY1RiRGdDCSP7IYwDJDKL8xucliYoYmiSSSSSaMiswDGRhUFtswUhYwPgGHewsMOFDUPIjSlRVzCDKh5DDlsiRV0dHRjJpJJeSyl4Z0gYmXqKYzIkjobkbqDDZIxsVsVY/AyE3kmRZQ0OJiyEOCYJhAgRIECQZMNQ0DaUQrPhiPBNHRolFF0Xl5X/AFA6bLBk7MkSSGxsblCixedsVv5Gx6B8Ek3dB4IZNhZzQX/rFsyHc90JMSoxjST5MgHyCefgZAlMM+wj+Ua6OLdjIDG5JEJGySSSSSSSaEbwn6GaThg1ho1lHIgGBRuw9hYVBDeNCMIg5UNVgQ34VJZdGYUdZpI2N+Bsf0HgMUJc6CG6V5FqjD3QhhtDwQDZZQ2T4BJNIMkGCyYIMLMyCGsoTAWZScErw6wSZMDQ5DUYT4ZM/TaJBfEnyXXvWSZ/2DoLG6LyRSYKPkClEpJVJSLoibZegnE4nGGUQ0U+506GYT0ND4B0WwXYZAm5GxWJJJJJJJJobJoUjDMYo52wym+tRUInQZU9DBuZ0FDGLNgseRo5pINsZsMZDMJEkkkjY2SMnwMfgdWPwSSLKiQTz2hVcVYTuNjVxsYYbJo2SSJkkkkkSZUZ25qSg0tSciLMjuhKDWRDGMMkkmkk+KCKJ/UaGc+r87P+5aJOvR5M08hqBDSm2Oi8gkbGgyTHse4Hby8kIuwDmP3H8MDbm5JihsbJJJJJJJowjeEYF6RyjgQpsLEDpFH/ABQf7EY7VE+SGtDjhRvIMqJshoQkYJJJGxvwyN0fhdHR0Y/E62Tyd4FvZE6IV5isSYnJxDZcqKuMMNUkkkkTEExQJETA2M1hmFCQbIEdETqh5kIkxJbDZIx1caDJ1vtn9/3/AP8A/wD72ywtm9KLEjaudiyvJAxsDf4BZRNsySnnqZbadxBNZex/fEZCKCPPXJjpse6BYH45IAAnaGMtEoobzqAqUu5iBsYN5ReAhTMzXsYLHDRDATsZRnWGqUSBAgNPFiRusEUSJEyZMkSJPBB0DpHSOgNVQmOlIo2lcklZnaGtIEzWMOjcNIuhoCVDNmxnZAOsPmOsdQ6x1jqC5Tqi56Jcp1DqC5hCVjKEgIUeC0x9LFVB8MeVIw6w+UbXBJJJJJJJJJJJJJJJJJJJJJJJJJJJJJJJJJJJJJJJJJAgQIECBAkkkkkkkkkkkkkkkkkkkkkkkkkkkkkkkkkkkkkkkkkkkkkkkkkkkkklcErglcErglcErglcErglcErglcErglcErglcErglcErglcErglcErglcErglcErglcErglcErglcErglcErglcErglcErglcErglcErglcErglcErglcErglcErglcDrTY/8M/IP/DPzD/wz8w/8M/IP/DPyD/wz8w/pTH1UMta7DiEa7+BKRDLCFENfaf8AkGKsXQGos7fbsaEpGJSggcPK+0ZRMYpfus1diM1d30kpGrPgGcn2RnJd/o/MP6OSEFsrkZYscfTySzpHGs28CqmX9i/1tD3232fH83EdFj1JnNHpNh5eiY52+mxoWWKoSQIk2ldLf0X5AzzMBCmzDuMZt5f10qeGCF/UV80Jkywll7ZL7P3SG7pZ+Pn9K9MHqWwQUSyOnFHqkdE2/R+Yf0e+orgUMZtl0fWx6Buv6EcvqD8qYe1ifQi3ZGzKi8IyVTF0Qm3giAMxbwR+qCXUSrMSyKZJ1iWuTzja5FuFvueRB2Qb8jtkRc2JUvSQ82rXgxDqMRyPyLDI0i1zo/rBzJD6jEqGsosN3YxD7j2E7vRGvmdiWCJ56rXvREt4Y6ZjWCCXIz4NGZXOEyRYexAl8wZCQtPq4amdjJeDNFygCjzki5SbHId5ZcVoQ1fBhaoxtJZZMpaWCKOoESsce4kxdhhWf0GYbrYRaZG38WyTVIa6RLehBJ27Lec8wJTQNk/syLecmbieGbgmBWLSFZpio5PseEH2mRLCx2FU/wA0cec9hlswen2L+H0NGdhUmyXNJW7ouXIkRwbIAkaLwkchvphe6pjYMCZ4TZLz6QoIHI1Yb8IEFa1DV2WIVhwIaS5sIlohapd3cLGc9iPO7YYq52I/1iobvcMZmAnHJdrH8j3cQatmJjOjIaw6sjC95JD+qgVhRCBSwpYsoQriJNxdc1+Yf0b/AJRC/dSKfDIkGRpWQymcTeiKCLYRvyhAQJ/RCL20uGBPBvky5fJfT3NNpOyOFJAAR3HsnDDppJ8pJLgRA8sXLkLTnaTfhoQpJcX5YzkkWRZarhGCTRAamEBNLBC2ZY9ws8uDNy8kU+gmzi4iZtx5Cs2H1J7E4M77RCFi2iUtIaLp/E2JX6iLWmOyhyf92o6Bcc4EdgJ0AvcTggBwrk65WbL8DUaE5iWZL55RlewhEkl9EBdDkWGsC1KYd4ayGwQtPm6kdmaLctDr25nTttAsRayIT/iHHRkMJfaIQ2T9WKM5v0FzFmx1F1NcGyGSxsIDAxRHZAafzkY/apOBMMb66NhHQQQ8xU6yzLYQzcUMm7Q2ujs5Zcswg5YuQuHdUQbewjRs41IL9Rhfewd/3GDS8JdChvk6cMUl3x8xciywXgrpFddYX/bpdIb4EpnykWS8t2L+BvgV80ChaUV2N/0OhCGimJc7MgvUMmHUrDLtItX4uhYJBPrlT3JFaF8LLwPkH9DJNmYuPyUWKw0ZZeR1yF3OVkWJI29MjJhdiqkpZJN6g3qjY78xUUtieGR1Lf8ARFnBkOWzCemnE82I3ugmXeLs6ljjQNLaO/EbpaIyTc6UzdFRnfR0ZFhO1MWEyaW4bkTnnLL+wT0XMmdnCVzWCA6m4ni6mNHQPcZboske3yMf9kORIdyMmTu/MyeQe0WF3yKiEk37E3sG+rcQMOZbHdEbPVFgTEbIQdiDh2bVYqyw30BOL2TIyuldjixd2JythXJpk5ugZMNjjauOGwqImpMyMS6EIrg0GMTcFBVEMHqMOXqgjwOuFiY9B0kE3NmWPbl16GveRdubjozGrPKRiCx+SGPjpCFcg9B4IQk6glkZWRPukM5/celdU69sJw8XliZtXggGzeTSYtImN2JUdXZ3XS/LCmP2oIxAIVAlu+hzpFiI7pGFk9zyDtWDbd+Trq5no2SBv8EIvG48eU6byNoit0G5z4PmH9BOtEriSsCQl9qctE3hbsxHd3Be2kitFzrtuZNyawQgSRfAzBBK2NkisCshKc6CV5ZWM1lpDJIQWysK/mRs2HVJ2HqMoUOoJjDajm1LwR7dwotuT0x8P5iO3lUm1GGIPUiFhzeCV/qDujE9Mwj2HClCZAm7F6ZbO9k8F+peojFbHJKGlerJNYiTCwzU6GtSwu9/MYzS7En1FVJCvyFqdK4p7hAiInmW3XLaML+GQjZyIWLRIiydyMFwt4MYknvSqVudhTUYa2LKynJv7MIwRrkksMj8k5xEFyN2H5cwszyEyddvnY04ShDLEE+/fJBr0BOC0lNLAnetqquAm7D6QSyMQ5YRZ8kjmV/OxDTEibzcyAObCJD5OrJ3TYUYdLQTXd49GZYJxdlwTMjQtUPUbJLUhzUoIpyCWeUe9VvkJssVBrjLEIdlc70W7C26Hgyw7lJCD0kTzDakYTIvvBe1KyMpSYOdlArYmsjSnk+pEoxnRE/KRyPLJAsDmG2THXSb2/D8w/owQRFSUUggiKQQR4YpFYkisEfQQRFIrBBEeCKRWCCIpBHhR4YikEEUggikSQvEaIisViSKxV9lTszhTVOcxncbrHggikeGKR4kEUisUikCwwnQ4svsPsY48XyD/bIvyLYUBrtkt7/BriljgrjC8fzD/wAM/IP/AAz8g/8ADPzD/wAM/MP/AAz8g/8ADPzD/wAM/J+ztF+TqqqqqqqqqqqqqqqqpPqP/8QALRABAAIBAwMEAgMAAwADAQAAAQARITFBURBhcSCBkaEwsUBQYHDB0eHw8aD/2gAIAQEAAT8Q/pa/4Xy/+EcVKlSpXoqV/wAOgf8AhoD/AMNA+r7/APwoH/8AhFEZSiS0H8/ziZnyQ6R9JgTQ6XRrLW3KigTWPfcgNg+G/wDgxAbQBuwtSJimmxIliFHYiKuXdUzz0UlJSUnYzVCeyzQf7ygKxAYKbpKsCJYkTkyfJ/pPs/0WZFTkQpCPkIkqDkxHaA4aS0JsnYgGEzQvVIgFuGalCGktuTuJZWkhJcG9cPryZXRzyx/wCSmT8sAGfhoQKqRhP3sZcp4xz86mW7c92bUs0uavMGMMJvSbTNhIFoTDdE0aI2AiGBMFGlE1tN7lzVq6SakRFmFH6YNMXD/YTEAeIv8AfDImzQymBLSv/AgQE6o/vUxlaVd43iEckLudrNSnoATuc4F3ZuAdJ1KNBt79FoY0CGoBBG5qYAaWS6nuQpQGZMRc2ia2QgotBh9mOCfkkovOz/ugIkobsok7sPY94T6MV5gxVVu5XyxPSAhSEZBYnQm8eAlTWLlsl3TNJs0HAzYCck5DATudCNLt0toEkLUhOs7gzFbiKHBNGR5idcSbZNbIWWjbZ8mkL3xbf50z/lt0yXQavid6QWDvNxANDTEZZAosmTZeJ3ggFrwmlwLxpVDmbkexEdI92FhPBJ86RkGDGlMJgmbBO5jTDjIarDdNEjKVjeoGqXE1tnZhYcApJBhNmeJTCndhVJs1jPLEmRLPhN4Cvi/eZVN2E/zf2/5V07K47vARixTP6EaoV1YFLLhWFngiKvcZpW3lgXCDWGz5mJC3uxDIBzgmTpcYJCMGBYAbB+ImhThIS93CmXN1LEYN41QSlDakDMKMjZrAl0G0oaStmIwAiIqDQIGaszw8ShQvceH/ADX3/wCTY1Hvod2EV/8A09RMyK6wqYmZualTFeCWj6QPMDth2JgvI3Z5totXxKE1NiKF8zLyCaANDY/gVYJqskRUOISwhkbXGQYGA4CcROYu5EIpTrswBiMQHh4ImUVCiq/EwgCDJu/8zpe/8hL1V9HLNr4WEAtWAbSUNZjA0jq0lkZKCLlJavb6IioJqwGBnhaZ/iAEAjs6MR7TeN0KIyKfK1lFUVA1Nd5YDKdTaNQKxjeJiJBJV8SypY/cf8x9n+OBQbNv+3sRSPS+0JBlgIppGKxsWh1QgYbnMuUxFAFqaGV7SrKrTewQKGxj+Q2qHmBHIxkSmroy6EIqhQaMbgqdOIlabGMAzUbhkw3dVmRAVif60ANxEREsHGUZVNYBGolXNS7qgcrC+FxkrQ35jdnYGh3YTEU8Ow/mFhQSjHBgRPPJKICGjE4KmTiUObGbgIgQLly1M/8AWl0INPllhlVgExExqlFaHKFCIWdKL8yxinseWFs/mn+cBAKNgWABKNkLEQSzmX+JQjkYlglxrrw9o7pQ6/6urdKAt8H/AHc0mughUUjdYNSza2hTWrKM2sGqXUH7BywIBr3n+gIiEGO8AgoUA2RDjLygOuSlzmIZDsYhV2v9SBMtowlGLNjiaFkteBEqasBlcbJMsICzQNVmoAv6JQgxYjMbOO8AK1lkQRQsKzM0wyKzQnptb4f9SBIx2OeL4mQJcC+AyRmyLiEgxRpEylgF7aDj/SAA1NiCzoM9wIgHhcwgDEZ2hLRuomuG8Rv7A8EP9PF26vH1iIVuM3kDjNhJKFMRdGsswcTvMBe/BMYGht/SIgsTSUMpoBl2VEUXZEuLOCE7CCVFSWAjN/lD7X8NoAn50kZIkKws0JgxEfiYFqws6AgGZC1z/TGAZCYi1QrOSAtIy5ZkjYBEWCbazDhv4YBG0/5P7f8ACBsAEQtl0HOh8koOISvaZmhQmbEzZiQI2e/+nYiYEKURCPUIthgMliRMfLGbW2Hh/wAn8R/hEoMnsda+0TYaPD/uIQWFWYkAHIrpKJpbhnl1/qEVmZ3uyp5yIx7y4TxAzkIzOrV5nZ/pIRRAOWMlIqkGvgiagrAuFNQMiGHluf6kTmgjcIqvl595ipZwZ1tMhOcI+F1AFbxF8Yf9GAFSgNZqTE15bijZqaMW5BeEiMOVLCKyf1Sp9f0aypBXjUjHsmkuLuASwBiUc0xeP9HA7gDH2wkDHwRUErmbbaWTKMbzigCwtJEPgr+quHYP7jOt0sfEJ9RywPcJU8TRf9GsqOMz21QH7QELazR4SIoYg1vElmZYr/V8gzol5st7nQzdxgNqTNhYp5lLxo/zbf2mPl/gNxm0MWeZUoqFmAzuUJQhWu6IlhGBkRE+RpxGEKMeP6tjfRhBrPgXEq5confIGoZ9AA7lP5D/ACNPd/gC47/i0Qi1azB6A4pN4SAwKNMFITm4BHMYLt+oP6v2sSWRIDpbx/PN07h/r/kfv/wDM2CD3l2sgngE+amDKh2xj/1gLOTpWKIELieaE8S/yL7/APAFn3H0gjOo8EwPI+IghoWan+rzfZ6QDjRkTyAZ9v8A0Aaonvp0DJ8dSBdHE7RI+ZZLp/WSrzKdLt6WpLnwz7/+gBsOGYBUVqUEuntPcnSsjxLLwks4wH9YSHaP3MFw56XQzN+U+3/oQI0uCWVFBdZVtFIlcOBmBR8MRZykbeED+tKYVuZ7+egxZv8AEB7S/wAlui/gNEwjydRzTScwiUYOP63XcGaTz1K0eE+CZj/okKV6AfJf116JsOlF3SaPCfFv+ikNGJpLm3UKv9dQV6F59CfQf9NwRon7n9doufQrp9afWZ9x/wBMgzHj+wCg50r4ie0n/RQmN+tv0VP7Be/c9N9efWZ9/wD0JB1uf7APaB9Gtvqz6X+nkCaP67FOF0eJ5mnPof6dcC3/AK8vIz6JKY95oz60+qz4n/QloL59Bi/6/wC9n0iYHfoP059N/wBFQDHmeOuPf+v+4n0yEFNHsT6c+gz6X+iJt/ZXt3Xoo6nt0P0H/Qw1XNB02mx4/r9A5XTGi8vQ+v8A6Pm2om2eZ3/sCvQAa6Q+jPr/AOlxYaJq/rz4ugAg5M+lPof5D3+G283lpqNL2/ryuvpB8mdSfS6P63+NP8Mmjqbz6Etv/Xt9D6B1A/BRFcz4j/GD6fv/AJ7EwX0N/wCxHvJ/RIbNky3tdB8R/oW4JxNVzB2H9it9AlX56P6/QWA9n/I/s/nJQN3pv/Zb4p/pStPQVL6D/hV9Seiun2/zjULkJruY/sgK9vTROkHxXSX0n/CL+V0f53PeaOug7/2DS6buBv0X8R0l9R/yNPe/gFKbmjpr/mb/AMT2noMgvMXT+Kmnn0/8SH4EP5w4mh6msO39hrcejEb9SVn9H/IvsfnuW2ZQ8zNSyElb73v/AGNfpEAA6f8AU6X6P+gfX1GTx/ZI/RJU73oXL8H/AIkfg+2fn2TSQ0Jq/so/RPSvr4+F/wAjX3T876JpJs/sjA6LH6ZLfR1W+s/5HN+/52ROJsOmljR/sbQfokFejGf6j/d2/gnS+v2fzUiLqsHh/sg/RJSPW69fqP8Am85MeZob8iagHsnl/GMnggPwTN0VoHEu7Agf2DVj9AmHfjI60/qv9oy/5QNgDVjAZG0lyQXOcL+6f+ARuraKgU7lRCl6lDaVYXgDbai6NOQ/Blltd7T/ANSSjS8Cam77RP0m7mbt54hGZmQkpFlA8n9fSD8GRjE6ia/t0/wf9av+Jo1eeLmT3Bhl8wclgWP/AHIeq/ZEyDXmQ6t4VwJeV+l79Y/BcVJ1ncISWwyEgGkQ3I2U1iSA92ELLwIWyOwQn1Milw5DoFFQ8yXJC4MJneNChWCRNAV1IibnSIEYNUGaAE5GaJaCMATSsly4nUP7AL9dF0U+p0PwP+AWG2WYBc641AiLWuEYxaeWayXliYVyKBlul5VTUl8qBSRXWJrb6RD3QPcqBrl04RZQEFas1H3wGpiINGUWwG4JLRFEaDoChY7TcJIkBA8DNBFd5Y0+SYmg4LiIrd7zd3haPETAbzP5oJJNyf7B59T+IemzF9ov9Sv8dpEd7g+1bTUlAe8JYqeGZkKhbbLwWyiUK1sSln3CEwipgJtzi11fVSv7RZEwdpU1XLCOgB5jc7wxGrZGNghU39Cg8o7DUKEsDHLMC0uJcxprOmJ9mA/XOFR/sR/qPT4wvmX9Mv8ALXl8JIdBjRmTsly2pkavdtA9B7xvE+CIjOOWavVo3uYFBxNKLgHEZVZEKwyoxgAsb3D0EbYyzvSgM3G1TA0dDWF6F+vXou82uRv3SIzDX9g+XH6jp+hKSfa/wRuwYRBuRpfZFCaRZjBtkLhmnH1q24SzaXCS70iZFQdCWUqiAcgOIgDXxAQ7B6CNJNS1HS93GJjtGwZZNhImsuvAi/E1mkv7iPX9if8AWdD0OgfY/wAFxHOyiEDwwMmCS5R12jZmbxjTAhMcUlUbj1ERiUAacMoDgRpariBLS3EscqdCwXhZoPJ0Zg5nEATwJAtcDgT4CeITomCITnebRBthKo0D+wH/AFz0YE+1/gtRGzjCaggVXMqQ4YApGKussTvAJbx9OqNCabvshICYhVKkz7jo2kyTuEOmKu03LzjbOTpiy9JdBVNJpUbvTNcsHbpGuEopet1H9gMfX9GU3yU+o/4F2cQ9EgKBGHxMHQvO9V6dRdiajQiXZc7pV3hG5kT0De8wD3iYXRhPLzKgXPXWGVqv7ZrXEyOkpI7m6BoicohLhKhlB/Xj4MPr+jEX357Rf8ADm5Lm3JWdj0aUavjpdSzV0+nuQRmNYa3TIjWKo0VrGZ3IxVlvMStmM86Vdzls3dlHulyaDNQxLBzmy9podiIKIzO3SKn1AWZD8VCO/bpQfzQ9gj9R6JQffn0/8A7TqZBv/wDKB6CCajMjKr2iG5jV6PI6VHIykCWzU9AAzJ2IdbUGBAV9JulhC7emQ7SiU5g46Q0vVyEYC0PwoNm9ZqTJ/NCWm0/aLrL+jPvz6b/gLtzMH0iFWGZKB2jcEZ3OHo9jPTwIymLpIcZ0tWcWdEPAK/pm4awr1lbtY2tlmANpzEqpdeXC5PBCkIJcL9ZGzA3jLc59aLKnmImHlGeZr9ZvKHGvMaJf8Q+vsuk4PSvtM+q/4AHfxQdJYmifMTIzAuFe2WA6RZt30Fho6JRgNkYRLCVrrKjDLIwnRwxqxb4GYrs4oSYzV6EDsVkICg0qEGAcyiQscqaTFFYYTOJr94CAz8RmITUGWFgVD+ER4TeMtBN/T2CM3qwsGBvGGmkQ6AGrHpDAuFbNxgKaT1BpwyoNuFHheh5Zi2Okd5j7yuMDhMWBR3GzEyGavZ6Bkg84l0FfBGaRhHIvqpnJgOhfchJ2FEyIjowkT8H++SVwwSGDtcLwfKiGnwZRoX4hZfYInJd3pn0UKUC3AYiOrFUbol+gNqNpQWzZojIQd6gKOQuIaWmI5LBc7OF7S2TUOgeYCSheih0E3FyFwTECd27MuXuOuDwmSNrxNbIEzI31TFgM0fhq2YG87VTYWoTxb3YA09ALE0N416AgRCM4ZuJix7kuQdt5+NZkNV9aZpoD6iZIbjWYCQ3cwm4fzmZqaCWHumXpKOxcGFIBYgmyxxMmU8qISITVXviFoQZL+2dIYHRgxltiaUqjCi26bzMEDYzIjQAsgNf7wnaDmGKtGzKFcC0qB2tFjBQssbioygqsN++KmwDwTvfbaeCYcRXdJb2PQSlIDIDKoNEqiABMOj8QiMOJMxSAWbhKI4OuxAO3QGkpMIiqAvKSlEPI6M9AmQ5CnoMj3ZyRRKQzlw9PxKE5QbxiczkXfJrCVmdHJ3lRTJP+jKbBfbP/AMdNx8aal8GF3Wm4YBqh0NGEgnTeZT7iM4IhwZgQHYVDJ/3rZkzd/I8zcrgT3Dp3CajiWGEZsHQzCgVqzIYa1NJ2pyFqFbLWXIcBp710/wB/oKYWBkNDQazB+BOkMZjSby/BTOF2FHWNACmrNIhuS5MxqxMSAidWx2IwYD5QC0Bp/eAHuzNZmlqDaFAxjADakWaYarLBTlfQIXS+d/UPYrUBhyMFykBViYTBrVhCyeI0p8ibLbaywJkm53dPaCBY4CAWSanxN5CKuJpctgTtTa3nsQ+gmrMicSMJUyaq5UWTtx+FrKUwD6WvhSFLJm+4MbR/JNSHx0A//RmS/sxPCz9mRM0RoYJU1I7zAmDtM1AMQrpRQsdpYhsfiAbOikcHRI2iJXCaXlKaVvkmtypsdrrApULypLQt5gLFCE7RaM7ln0Pu4JpaQmky1Zm+kgui7bRhkBoxqYcUZY2xpKwui/vjR86wi2AbxtZFArRvWssKA9ptDiWAyeehggek+BgaSjA7LhHiMFmegYrLtA63AwSzFJousJOg12iHCDXmYCkn9aUSMwprVlwNyYK7O4SFex44CahB6swJurzM5G0bbJT4gGrnLNzlJo/AmCBgDgEV7FxEKEl6uIvQkSJ6ANhzWBqeIhFbYYjTDqXcuddaQAlBaxul5DOQEQIsMoJaQAcgVDWfQdHIPMbC91U+iVVmZbiETL+W+g4IFUmK02jPAuxKgjhLCouFRobRjSWUQDjedmW9AUKOb9dBWk+lE9hHkjOWUf8AAWpRqyt9nRk9MBW7OF0lEdW5pPb+jNG6aTJZTpwzSdG9CSxdSa3Fuib3ShXEBdZfZgBMANDSE5EMEoDCgsxpqJtDWUaAHWNCAmraMe22N5qTJKAcM1uNkZV2onJXZmj8GQaXz7kqo1MA20HaUPwAayJkp5iAmOGYMnIaympPITUD7ZuPidCsm7kA/ITEviZJOQBNwvlGKHzC25mIHpANpvEhN2bguEhRTgNr5Iw7WO7GAHiFFqUtXhhTU4FbZ9KFS85TcDsAaid1Lo6JgDDo6nZ/vsHuiasH36FvRRCMAeHoBwOmcxg139JblV6GCqd0oq7J++kmULxEArRoSytRDa2VgN2XFLZzPI7SAFzPrRDtViOzG4TAI6FhXmGNWHGCQsbg8xFRPYlLXnAzhWmAaGhMHr3iGE5iI3XITDtoYYvaYp4/AoF3zIyAjICmqWbcmi0TsyOiRInUzERl6viF17CkjB24JYdzWBflljjHeU3CeZwJ2ZwIm80JeQTQT5l+pwZrSXCp9DIzsocZIDRts0xK82uaPoICA0ausQaepueN5iXw2hYolxsMwnBThJYmBqFMqqGiaEP78oFNZnDDjoafERRQdGU4g2LmMUTbaBAFbpiUS8iEVw12Yn6vRUKodUoKR8jtKCroCArwaCAEVihGq0c4izgYlANFKloGrN5gUz4ifdyyLZpFWAd2VNA0YIkAXbdidZ2tAZfLtCz0reBxmX2YC2X3IStWQd/wTVAAqdBddWyEXRUyBWxcoFYEtLcegBOj45GDAHlsIUDqyNSoSg07nnxKNArPUapvNPvAEbwLgUcyNLOB3CPqGlNgmjDqEepHoHuxfkgf6M0ujcIyrJwrG2K/ZqTDD4hq3uJRL0XRmvwOtlCCYlb4l/Mlz/fkGRrM1JcbBlSgEzG70zBgwFWU3Y2m3U0mTTi+mwiu6iEAP58wrOWYhUu/YlSAYwpSbxkoHDSMiJ0NiYOkFkJsiMEog0Zchi8oAIuadIyMckqSU2SUdB4JoKqDcd4nulW8BCYfgkCIlUjAeZyCQPSNR0BgG5xKjUXq3IbLPxNA3pvqdugG8J0Hve47YzPazrM8J25jFaVtLhRzAH3c+YAb16k19RaAuSrkQvUeAZ7VZfoYGRk5PUBIbBbErFT76faGiJhO7aRghqbkiZBTIMM7MqA5TFPB09LNcwZpTOGp/f8ADPswt93zGAeUEuDJIARVWq2lsvggSCLsyjI2dIyPKS4yFOe7M+Ln0AB3UDlz3I1sjyQmHLowFfLjlje4HRlJxDcltN1YkzJooDBLI2jMhyIWTlAp2XNDR0l0LOahOtTVtKv48ugBvICMA0GsZgV9XWIXoAWg3BcDcqBomQmHdhjS8ssiC0eYC592UlOoDaoAlyxirguuRmBc4R4ZgHRncbcxJKVHfwATAwAA6E9sOoZOgD2IQzsyAaMCngiZVt4FxM2i4OCB6AA4AyugRC9aSZEe6mBADYKOpkuaZ816BdtJNfQtPodE8x/vlmCV6k0L4lqiTL1neMwgNWE487Gsy2XZ0hFBA32lgayyUaidQBN2cusRNqF6kTdI+YTZxMze02dox3GNYMPXiU1NHYGaVTwaSx2FwOsoHAnzSBaN1lSMNZM6UTUrxGYg2OujCVuwApUDP/XmJXgGDxrGDoz0x07p2CIYY0mrGt6Ruks11DEhhmr1AGJtQo3f+6fm+6hi4OaoSpQ1GIwINhUsk3MGLtema2XFauWMwaZoR1qngxETL5e/mEAVe3oIEpcrGN3dqShCFom/oYkljjU8bzyBJpTT05uh0vEzeg+t/u6SkpERC+0AIRdkiWs3iNhIOnBIKOg4mQRTTbyStNbche0ommTdKJ4GJm5bCiULg9H2UtAUzEwsshYK0aGYW555JuRvdJargbkXHJBpNKRjAMSNdtIBWSBe3GVBLlgKl4m8abjbw3GUSea0+GUgTcdXyzRLZWJqIBMLjV0jESirNA0gaVK9eqY9yUGJIC5+AAAhjgsQsEsdWA8hqk+54TWW9p/8Ggf/ACn/AESlQbtRHJWBgF4YsgKrdPPd4iWtW/7JRhQGh1CjIMrLBHJMgHNomKaJqfQCqJwaJe11a6bT0tcwRpeOq9zH9yz6UZNmXcXrZnNzorEeBE8jFGkOwxooo2N5UFOdiFiArfX0v7OUBpbUmAoDV6pLqqa4mDF0Bh1RE3CKhiu8Gk8SmcDrjQjEs32RssVLkhBwwUaL4ySoIicRqNODSVmq8/RKCoFGYWA9NehggITe5mxglhLTPRj0bvGOr5iVNRCS7GZHoB1AugXNIUMaPlwwtLB1AdAIWKG60lI5il7cAD8KBBAQAz4hmFmgB8PQyoVdIdCge68sTiNmUMg8sZWHlmgz2T9UW5ZApY8v1mKcUaT980+vrlSNLoDI8T2E/pUP4Jn8HIpiwJ51mDeZXQMwiRNCoCCDmnBdF8SgcaB1qmCt0fTHmZpA2Uz3uMqEowuxxPtPo9xoWVp0eSBqprapiEg30ZuGVqsoUxsJm9CcREMElg85gjMLG+rCYWanwUbvsNBQcMzDXxKIDzUvaVyyzFoXk9IHcowVq4CD1jE1TH25YXF/9sZ9SEzC762STYeBKSk7k73Sd6EKYNRppyyxctS2EgO13aASpt9IBcwdBSMK1yR8vIYViXqkDEUZoYZK/sEkRFDWlOxjdmG89M/ZpozlkzMbQZeVcIqr4pLSS0m80+g2Jr6S+I6XFMX2f3LHp8fQRZ1iZgBsDqmaH4YzEBvcSoVuiaq3gQAGlxjQbaMvgiLTd8PSR91NAWsko0DRmThxpLtTkJgr5EDQExAFOCblBwRkUYHhS1PiMei0QsRqqpoBAxQCU8qc5pZsmKFRRCbpZA5nl6GemeihbibVwekMTUFWImzt/wCJJdzDQh6UzDYM5EwkpCmBbaLCAMm3CMqz9F27niZMTU/foAEbPG0wCDqtHxLC2xYAByz3vUwB2IER5qSQvLlIX4IH5KLHi9MEAmIVcShOz0FB4P8AfXIWHSXEu4QKKLUYQr7IF3ECx3tzJqvuxA5GzALKnBKIs94vo95UZ2s86kJRu8TQX0mo6QjYbxjIIDfkjcgYlLLAgBNehowMNLhZG81tkiFbkUZnHMtc3lTs3iCcDu/9RHEDbGRaNdJTQHvKaG5wM5ETVG4E2AehgUYDWBRqpvsljjCQAmPDKdo94m8DsypRpMly5QJQg7EQM4rjkh2Q9+iVDR8E0LNl18m8oYOodycyJuwC7WXGhscnXHiAGpRhAmtB39SrTQOPRGT0ipC4IJ+46XHS2S6CBZS880kCnGmJwgE0HvSiDOTDAzR4Z/os/wAq6hNxSJamUG6IBJUqRdngAAWXAZncs+DVjZxHiWeiAcgQlHs1k03cKIUYohWNCoAdRA9s9iUM3sKNxJqZ9VIiqbyxlE7oicQCukzfZSE0p5JZFSu0qg0EzAxqICwOo5JoNiNXJxtMEVEK1O6KQDKm4GJOBmh2O8oVgSMlRoGII0Al9og8vzUU7QhomaDbqIwAEmAcuyWLK76pdtDeMxY8P3pLOxa5DCILWBs9C3uzi1GiRl6XTKDEMj5lGQdAdrw2TSjGvU97nOwH4YACZdCJsAIiuVklx0sDOmaAIRBFbzJm0GETJdd5xI7OSUf0JKALi3PG8zZ3uGIBxNtZRXjsUygLjYQMJNzJ/Oz/ACgdtXGGlL4H3Jc1DsMYVs7kRIDIKYjGYFIGkbcCIUEudKqh4oxttlWbIa12Upo9ALOZ8PkmhN8VGso8TgE+1xtU7SWQpDML8hLAE+DEe7DZhLEnkdF7J4AJVTiuUx4jU7s5NWUITF6xoL7DOE8BNQr4JqSpCQIi4bNokoNmojSSYs2msTssRGyTaCsQBUJvWOAdDOBNwdQWpFWsZmZaWE15iWwugdyXL7AOI0Ca3aMDoeUcQimSA3w9LbRmhTQk72N0EUYToA0SB0PKP1sq4LgQOhSB1RMrGXSwwoE7TJDpLXJxyYgqAbHBEgYH3RKy12ai3GOHMvADyZibnBDOTklHO2nCRquDXObQHYIyCR2l5xx15kpg1PUe/nb+cx/Hz0zHtARI9jLlDecpqAbvBKWLe6lSbuauVdftNgBy0jMZy2yh9TsqIxaPQCjEmrtNJbOYeWbSxmg+I1J28EY/7poehqsnmAaicTQ28EBrp/7dmhJAhInaYQ8xliNS6jfgWa2lE4EpxNUrKYp89GnBRMkybeE1mThhU1+SABa4cQmwHI9C1oK3IxmQ2cypAHJNatcJiEHgDMSERkVHWqG6U3LRmA9hjQL3YjSL5ltLPe4Vab41jKuzQptaJu4JQtAd1cBZBrokqhxaNl272I2eTqVHz+p6XhFJTopAGsDHl4JUih3ZSakwDOfRVsTeiqbXELSkPLENsaJW9NtoBQfWGWTfECUQDyhQMzoVuiEEMYqOyc+SAQ0An7/pPH8LMlyd03LzamZj0kLwRRrvsjdTxZfKyjE8CZMLdxKOH5Z+rT0mSjiTftJd0U3E8wNr5ZofHE4t4E/QhqaiPKlN1fM4M7Ep6FmQ4JYxzLKan6WZLlft9A2ToC10akqzW+ikYEFd4XQGYhnCr7IM1AhaiWbJ2ZtUcCaVVCqALoYTkXu6Y3K8Ks1h4DWmbPlRujnAzWhC5q6xyNq8JUFPDgZtHb6A0ooGowuFqs2meIXhE2WJUl87QjGm5AbcYX7AZCWKPVCDSVMldoWM1xoz6CMmKDwhiQNG81kUQN0IOissbxs4wjvv8S5bLHoAA3EhXgf+v6FSY/H59FtnQt1El18wEgCYP9qjaT3j7jm43bq4Jo/ASzjumYDyGfYoITrOxNZF94Blfedz79A8TMtLdSkpMTHVm7dOFlC4D9TOfL+30k14FjpdSavwBYtK5GprUnDNKT3jFWXEUbN7MbUwNEatnZlSUJzMWrlTYvbRmQA8ZJmk2lojdqKHcjQM2TqTWZzUcRNwp8iZhKhNBxNiZ5ufZaGiVmuUqQF3WFg5ibsTdC1QbJkmtAihCx1CXHXY0lUcPe8DwmDNTzCZdEicNizNqjKsK/LKIk+Eu3Z7GEngvhA9qtedol7l8n1A4p2Ev6fgROOhbqcqHlivG95rIJpTOW9LHg3ptrU6yiai/eaivllJ2E3HS0tMy0tLdFJSUmPxgFytglYzPEJ3D/AocGJc1fjDEZtjkZiBPEYu9zGk98OJkhTkzMBDYYZpQOHSaXjkwypEXCSzJ+QZdzPePDLdebSQqzx0tj5Jwl4SmAIkbf8AjMVrkRrEobBmi43ZcmZJYm1lRFLYhIzN1jUDqDAaQo4FRoOsRilUIsdgBa4mRFnkjLIrQnmcVGbVRkdJrKckMCk4MEYsZd25ckB2LEvBfMGpg9j1AcTEW0Cn+czLS08uik5EJoZ8s0FeGF5ymk26cjslZE+JdJazzUT7zUjyZjomktMy0tvNWZwaS3UpKSn5wtNvR2iogge+AVqPqC6c9wQOgyfjMehSMibstkxJnJhmKuPuQi+3DnpJzEyKLkahCL22cSypvMFbdhhFiO8Wi/FhYQioXvRETNF+M1FgQDNKgAirgJYSzwrpUA0HQtMsbbZnMSfVGCYJ9xHDze5CMRKGFGaDYbs0mV4Zgy9kCStnMRr1Fi+oASJhCl/zNJPJ9HqqeusAR00JvdTWwmtqamPedxfLKbOhaJLegapSUlJSBKflABaJLcdDszs+hC3UtEiROli2WaBxt9yrcT0sWYh0rQ6Nf4wt0t6BglN4ztFyNTA0eM5ifMs3lu2EDsOTKI6aTUyFYBteJdQngIzz68lVQgUjknYxL6icy+JGJKzsIZcmBoT3szFompiuYVQTJoT4IzqvdYhOhYj9pjG0OzLENdEye0ujjxSXbUFZE+ofzv6gSotb4eHzMYGh/MYmni3GMjNYT5enhMy3QNR/GAAAAtLS0tOBNgmwTckTebicCcKcCBA4lPSAD0gXPcnklTN8E4gknoayYnSpSak1/hCnT2lt+Et1AgF2vEJAiYpTkzBJk9rzNajUiFFgyrVTSaxlFRsykCAgMrsZvwRncbfZQAQDZgBbwbym03o/YmLkEHr5idgHdgPw4E0KdzEjIMyitBwD31lwdxFuuxOsBRMaGQ8aTkoj0wbGRKAhEKpPKltCUin9AABCsBo7+OgJS4HoFpaWmwS1pOzOxNgnZ6DUCpaWlvQSDadmaAThSnVaZPQAfiAGBlxd2NW5YXme5HoB0FolzSdI3R1flGj8IpE6gjFq5GpRlA7hMQbzHeex95MXL7CbJRLSpoR5E0JUiLmCSpeHDMF5eMyjjHZlUHVmI4AyRuwSfun1Jdb3TRlS3S6ghGd/2EBjcHAlDf0ZhrxoSx8ymSHvn93NYHzEqS30HlhOo77E7pSW5gao2CxskZuQm4Sn8VKZcmPZ0YgjQQSvA1fEs0psHU8vQpKdCTYE4U2L0wByaTYJ2Z2JTj0ADFdPSCS00egB+EM+kFrfSBfE5nNLYdtJpNop1BSaLqF8yxBA1EYhhmr8oZHqAbrGJy8TPW3UJ0ChYdOY17ReIACOUhFwFOWatH80y1agdmp7kAzOldwOIWXSTXsJKj2Tu7ngVdHtU4jeVLU6Q+h0ul/+9kCjwfo6AwA+S5kglv0FCwA2JTj0Mzu6eJqXulNwmyjuElP4RD3oIzuSaZS53+NEwXt1ToBtnS2ibBKbJq6NHRiKaTJKSk1dNHVtNlfxwADUgdA8iYmkzU1WUCkoY3mT5mkpx1YHxNT1XVEWJrGZuIGh/Hv1OToDqBPWBOgEsGt2zTskZjq5MQmgngmqLnNU3qcFfc2A8q4ysTszJZZUSssdJ0Ms02I5lB5mKfiZmz/67kiA8HoE6Z9VOlunvLb5mpRTak0DM2BJuH8BiNNhA/PujE4gcc+jMvYHUEUhHV0JsLabzVLS1Y6NuhT0GPQYmPzADkm5HQuwF4Jul8zQh7pugTUppun3nAucMU46FhvEqSvmSiHE06hJkeJu89O3onno7lA3KmgP4hBZob9SOn0KkHeNTzAAqOSAorB1gWWo5nlpEac41OpDoUFyCJ0tyRAezDj4hVC7lM2Q/JBWbmSUDjqImZAodB9TpcG//ZJUAdiYyelupn0GfQxKdFpboxtM+ZqcU3I2FCJrjvNCfzHgA7JcWSk/qewmNvUN5tNujV6WZmW6NH4QalHJJYRL4gOGTZSagY5VnIr7zQY2AlNj8IADBNLBWLpEo4iVOfTAQfHUeTNXpYmOjQ8wNk0N9YINGoiat+ngdumfUEMAvDXwyhoRabnnoTqBKKgaTBB3jU89PmdI3msqXdswjgC08ZhOq6XuiGIhDVIjjrc0pkj9fQSzKoRIIGFitG51xOzoxFvwlvRmZlJjpqXuIGoJwYltQTkynpbAw1GBFh4dfSAoCcMPUmwvbE0dTUekNXTJM9Vqlo5JQazSUmxT4OgD9hs4AlFovtNwm5yq30TZRTY/KAavQGBnm0YnlGvczHqQu+ac9hmqb/iNBfZhVhNJZb84Bm5axQ7wPSAVhPtG8vlm9MJxhsQNwniUM6puTMeu+h8kJDt1cgEWY0YQqMy7c4GWXsTRpJm3vMubgyrWK12hKuMhOToQepTZmepTaW9IUmJnmZmJjpmdxMczUwzcH9Jsk7Juo7zcp2QDOXO8Z0bjBiYWhs4MKoXutfTtnPaWJd/Qxtv/AOsyaz5OJa5Y624m4QmxXuRLS+MyhhfAgDKmyp5ZTao8RG6OxE1CBZzOxmyJT+CAADb8BoZiq1gCgZqYRotjeeODqzPqzdNHpGr8gFJ4E3G5wK9IJbHLXau8x1eZiCq2Sm7OBGfQJaa3/KJtarCszIXzNgPYJqLM5L0taRCCWi4KTKE3mezAipWA37ZlmN9omAhqEJW+RiIkwAmcUS5X8lxoj2ErIQq95tSKmhMTQ9CnECKbZ7Mxvibc9XiW36HjqwJT0W6MdLeh5JjZSaGPecIdQsFs4YhqlluYMKuk9j5IRf8A2vVdLMZu8hv4TUQmzh9yfZw3Nm3BCfwjE+wSNaloITYAdWa6NE2/kgA9FfFzUxS5g2z4/pAp4EyM0+kapq6FonRTopMfgO5QOyaEPEqFkGxcLUTippNHdjAmRn6yEGE8L0m93yxvH8xoP8RsWpXFrMVE0AWaBKbg8s/b6Gc/xGwpiLJOxCqoSI4c3pAS4WalNGNOLu6TFgrpcqa2cBcJoP0iZTyZc1LjExLkmICWodY0JmtTkjUsTQp0AdGZnbotMdO6Y6sTHrZmJidktOxPf0h0L7Axm0R00vmBQxG5o8kBgoRn05JdsWtSd819yc8mz+ACfzwAChcsoTqGYLcUCBJ1t0M7TYJwZiiZizEIlU01KWynQKfgAJyJ9WRP3VJrJ/M1vhIWbrafL0paH/EdmPE9ydhNCJg0qfZMzh9qbJO9TWVXYmlHxdm8va0Iq34QnhfeSyRbkkmImE2DDYTUhrll1GSM07czFi7OZgEDRgK7D2ahcRA7KhFYeMpvD/8AriWrNfLhAInOp8wrA9ybiu7UoNntiAUA7Td5A6ElpboY6aEuhNxmB0A0CPHzM10z08PRSU9JnpSKdFuJTcmJnpToN2HZiSCIGsn5vc0gJ9yF2QdzoxdkaNXsRGnthkYjSCyZgaxS9Grc1JkRwmzN/QC3qAHoBb8Tf8BTqMwmrX9hCoHSUsaInaE3YZw7gGITak0Bq5qWVE9pQoRdR3IHd4GYi64jSP3ek7Wn46LjSLOVhGLXa59GgJbnoaATYJqD9zQc7TUz4f8AzUBv2BNYPsrc0lvYTN97AI3R8smf+zNbp2BNZPhE1LzEzG5KRJgdLgeGakAkBk3wQnaTU2NxSUInijWFcxY8Ws7oWh0mwLmoExbVw5mSge+DAMz9iZI+QI2ZHDhJsLHDpN6e8c3cM0EElsUPWMdMyk1EJqUaFjoZ4RnkqZ2bnknZMzE7kzs6LV1FI8M8JiM+mQONoEINvGlGho//ADiXpuG23/ZNLOa7s8ejMzHssyz9s1likRNnD0LS34AbfkaugOi200IieI2CpqT0DuY2JcyI0SpZYYCRgIBIVUul+iAG7LpuImocQMXDQXJLS0OVmZm6z2umU0hXlm1ZwQBgPAS3M89My0DdU7/+k2tORNKXss1n7BMw80JpW7s+pRMUs4MTNue6lJT8IBTmXCk+CanPaoRFDUajrjGEsZN2pNJTUK6iS2E0EvMxFPYRs9GHDLa8TNwLmnS4hppM8/ZLDSTfR+ZiXHaGCwHlwNQdkm4eyXQKNt2B2vAzYSTUTzKSxWzoAaM/gaGiagjOTE7nQBz0abPRiuhISUinrZVDEpWIizvGYqq2hGsu0sFu41QsJxyPyQMwzpoe5Czgdz0Bk4Og1l4JhrX9hLJEQ2cPoBcHR9DaWr00lJToWmhKaDOplTQg6A6mjNnbojYBNyqahKanoWgZXeZjlmsfmZdWjccQrqHkFm5HnEBz5rNBQ4qfRJGMi8sBoi5pJEluvYnlDyz/APBmbk/E0keQTSP4neXwIm9/dE+5Qtn/AMS58RCyzk9ysxo9YGjoSU5mwF8Sr+KZpSDlZmYGaPwdITcgTAGmBI8E0M77TcL3ZoaQNxmpo2JmzZcMQmhM9Nh4mxxPIzMDiJLbvaUWpVeWaFDzGLU7TEMRqipuaQDYnGjMGvcZmSxpmhp2MD+YRFyHZncpubDUapvA7JsH8QJDcJbZ6gJ0AjEzDfoGd3Xs9AIbER2ZdJfukqBXDLgQYroNUAihHcniUFC/QKcHhMu8JxoiJBBs4fUAgV1bNRHDmwB0IFPUUZRwH26I2AJuAdCcjKSk3CalGpQGk+E1GZpMtDoRN06TeUnMnbTK6h5RNB7JyEtCTS1CjEDUhOAZsXlU+5akJw/DLdHjT+7VZi4ST+kRD4BQjK45W5oB1CrEW+sVzf4AFNDNT/gn7hTWTJckTMv4M0DBzNAPeoVRpgXeI0CGRZ5M1Ikp2i+Zs7CaEHgmgITsU1KNQi271M6My7c2gYgpSYTZ1slithQlKiVfwnsT/sEauyeZdYEXM3BEbUrhhAVeGYizyQixeFN7DkzOBtG4BfLRlE/CmVLtwyhgHSQVEWvsPxJoncoGypoD6AA6FOnj1ANEB6ghkJHZ0jDQ5WjCdnA5ZgsrvFBYiO50po7qa9eRGBUtMDLlquJsAQbOpNCTNAc4Am56AA8v3NmfXQnYRuU1CU1MpAmtswXCEYLJwT9NjoIA32wZqR7E3CLH/ZhFA8ETAncmeo0JM1D5QNA7E3dfFVNqrsTSn+UxYXid5vdRGmtzrZPAmszwiI/mG52U7Jb8ABko47/OsCE0nwmsPvU0gHmZsR0v3iHebJfJNGZJ+hxNku8E1BHdZqTPM1MNSVERxvkgGlGl9Fljay2p/EAC5G7G8aT5SqWMY0qGUAmSsMyYnNrMALK3PeZOinpAybeE0jsGVJ7hMzkboBYpyS5VD3gIXRwzUaMwCLkmR9iZdeqDszgTsTsS3E7E4EpudGynBG6plpaW9Y7vwAEqBEY8toQz8jXhlEe6jbk5OuQCKbdMS5QBwpgDQ8Qiqhs9QDUGUm46A1CNymg46OnQ3zHsxmpWkYuViBkdBgRuyU3VmK9iGbDHjE0C5uDo4I4EoZegAYF9yErQcpNZXYu5+pgQn9rqYv7KawhwBM17kJuC+W54EwfjABTb6J9SBNIHmaWCayrqRhcBuQgGmmDT2jUxMzTyZmCJyJOXiYkvKTEnGts1nRMm3Qpx/AAAoqIAxNjweHMaIa2dd0nuTnNAypenaWl6lCUQJk9QBbJJNYU4Y1UCTeYmpN7OYmLE2OJl1+zEc53JgVF4ZqZU0EGdmdmdmdidmcCcCBszQHoeoEtuTk626+Jj0nd6AQISBo7P/W5GWra/qUCcq0vZ0lQZGzp0IKALv1DErRcMpuMDoLw0SxQBuigaS6qQhUjfI6GmMQ5WJ46az2oav3zKEFWjXqDHVaNwDyzQz2zOYfaoXgHdhpX7OZ9Xmo3Vd2Rkgn6I+4pljKr3WU/IAApNTXhTWlP+45mSQu3mkUAUakwZPYmBQ8RgnE1hg7r0o/0aTJIu7KGGMSJ4IRRE1tk1ke85FZ2Jj0m/8EAAmdrWJ3o9IrKIBjI2NnUtuTwJUsjKcHWcHU0egbykYE3a5izMxCOB32x16yyZNjszQ19ycz8zUT3JpY+h5TEZ7icHwwME95uT1xSY/IC1xPUc7IwolrofDCyETXEJih7DOSUmorZxEHe0bsts1mTDW7q+YTiDsyjQp0DvZwTcdQANqHmcSu8AorjZCvZ5BNBHYtP+pGsxfvq5pPhKZ9VBmT8ospo9QKesBsMzU/7TWOaSJ1s2syzSGmy5pTRCvEI+5riZgB5jaBNSjzA78xlCi+CVfhV0s3a+BmojAnA/mAAAB4UyLGmIVPrM73oeJZNTcYjRrzMWIG8ohV0MnrAUv0CkM2o9mYJV4ZiL0pWQuzM3QckLSqbiE2JSIoDWOagGQe5MHqbdFJ5dVI9n00/OAgakzFY24hncN9C/bKlLU1wGEXm5axITIHZb6+TvKTsiQslomDNeFmLEO94TldppBnlpMT3JzmKU7YTNu+63KfkAABNRHwTWb5JpHROzU9KX7mhqnboE2h+xEM7xAd3B5VMmf5mki8EY0XzNyO6RMfDE0mia2ymjTJyvQY2fwgAdv8ADcRDDtrNI6xE6BjMANiQIarhN5WGQDaU6bi6FPSFugHQBd5q9AEbQ8SqsThmJNgc+U7GBwAvslmqaQDEZ9zR1ATWG3BNqHdm5B7TsPidjOznYTsZ2M7OdjOx9BJ7Hoex6k9n0PY9S+DhNImCHIYZoMWgxIAtJQsnYQmUhczouToWBgJUm7BkMsHkxuMqK3NX/AHELBfLGTR4Cie5UN418iFGFCm70D3c7v0tt8HmkuFoiZmDaoxFs0YTSuG4WsTysb+OtmYc4Cb1OWFUXuk0A8BCcuEgtnIsyjsngCcE7s7s7s7nQU5lOZSUlJTqZlpaW6j2Z2Z2Z2Z2ZwJ2Z2J2PSklqBXQ7E7PQdmcCWdNpdmgymchHZnZnBjKkTcMbBmxEB0xDBegNpDGCQCdkG+rHD6abVDrI8Ebn0SR3EUBEwzUo3MUSU1SgYonBTaGYmdSmGxZydA/ASnEpxKcSnEpxKcSnEpxKcSnEpxKcSnEpxKcSnEpxKcSnEpxKcSnEpxKcSnEpxKcSnEpxKcSnEpxKcSnEpxKcSnEpxKcSnEpxOxOxOxOxOxOxOxKcSnEpxKcSnEpxKcSnEpxKcSnEpxKcSnEpxKcSnEpxKcSnEpxKcSnEpxKcSnEpxKcSnEpxKcSnEpxKcSnEpxKcSnEpxKcSnEpxKcSnEpxKcSnEpxKcSnEpxKcSnHQdlOynZTsp2U7KdlOynZTsp2U7KdlOynZTsp2U7KdlOynZTsp2U7KdlOynZTsp2U7KdlOynZTsp2U7KdlOynZTsp2U7KdlOynZTsp2U7KdlOylRho/T/w0/U/T/wANNLw/T/w00vD9P/DT9T9P/DT9T9P/AA00vD9P41NX5e9lhJLg3gU/HoRACrsfomIlW5UYcYP8PxvMF4ubzKR226gig7iRiNCxs6nn+OGUnYy+wShZEYKTT+JcU+AuNEgP5V0jHclRlOFX+JEAKuxAVAG6qPQQo5ujGgRdhX4dLw/T+JnA1Zn5gkthMLMDCz8fA3YesLX3zGvLFPD0UqDvpPhyJNR53+HZhhZeJvuwecJbLJd+mtyMM+MH9E1jUX8YMLTSPsxOWMzYcsdvwlEq0B8QsA1t5l+oFN5kRRV/O9gOFcyqkXXhGv2CN6gdGQ9jl4/lWBq2LRrGvH4lwF52F4i95eiSDqR0ZubQudmmGN1A7mv4dLw/T+I+1pV8TQwOHlKJkRW16WrlFiKDmdoMP3dwszTACDns0vCWDPy6miQKpuNo5LXBc2LEppCxTDP/AH/+9eeEVcMa+NAbRsulwlPAipeda4mURMGA1lQN2GCtIHBD+r7jmEUPnYlpUdwivXunooB9+7ky3jozjbcJkmajl0Q6FR3BKpFsKlwJ5J7cEte7GaRZq6JdtjsYIwTNSMfXrNpibpAW6IedoyiyawKtrWO4I20wTuAXvEtZcGBPCCECymirNoXi1FNoFFbMfD3LfxC5TMwKk6Gg2I7cAOsUwnUFkxtpAQtNCKuIccERDWoxlG9G82y7xOMV5YzMpuaJECLdhrKyqthIXCFllC3IASNw0A1fEE0ewjQxF3YCATOmrq6Ldmqd5byHb1CVWOgHwVL8SuR0xNr1mUsDU0lzLLQNYDE6EGV0h03ZrBaHeQT7EJrUkLwQgWhgEe6mFoIUJBaWrtbMbyo1W6QgKHrBXdPuWOO6/jKT2uDAamM0DUulqKJazF0qEZwXAItd1au0Q0BwBFT6ssjt6FidNBcxoeCOxUuLcpRmvUo6UAd9q+IYr3RB9bLHSTHLoEeC3cEsd4FCipKSGTpPom4iL8zda1JWrALUwcfpUsYFyMLmqIWvcsVv4OCZI4nlykXlokuBAAjRQtwhE6HHIP8A3rpeH6fxLE+ETXisdExjK4xxqOCXvK1QREFmJRgGQsilWvaGc414JXW2AIgFaNmfvdN7KVIs2TKLCAUzBpTIVZrSVnRAJxLRUKosP7PYMk0pxpzHPZuQ1rVQdoQNERfoncSpuKgXXpmrA4jBiK8QgeUnR0SjbacsAMvwEzb7KKJqcUCmlGVjUFHTdR5xszTt43yWHzBwJLxuY4eDE9K9wog4sYHVHUl2MPQhG6S1cH1FfL8UwQtDnxBQtiBF6DPaCuM4JpG0oXaEt5YxmsL8Rg0vFKoOgsnCVCF/ClDRIgnU0qIq2tUxB4EH5p1oSuQLU1OjRWRXDNWzSyqJSv8AQo1mTraJHSE7REW32EE9emDZKiYEwG7qqJZPBuLmQbxqSypapNUO3r4bQYofRVGUvL95jN+uV90BK+/4virpWIfA1ziYhQPeq2CVWQA0h61zbS6ggcnBqU7I0FEJIhxdAdTbppYbN2RBcjwQCGncIZRyxFiuVA5znsPaVaqhTyQPqL4G5tNI+KJ5vz1mh4B+FsLpbSHYY0D/APymUeF16xVQGgDTptMMRi06dgW/lHHEYHj8ozO2PfDjjUOiE4l6o1kjCLR4IX/OATixLyNrzCRxl+xcxYplYrq75ZjRU0Cpmic94pv4KMzk+0HeCI6PmAO5FXUMW3O3L6P1P0/hcDf/APJX6kGDa6WWpCB2JyoIW/TNgGsjVGoLoncBpVXfYbY948zXssYL5qRBdWgezhiNEh4g0737ZxOgHiH7Q4bZspsTKnyvE4+FfeZhtfEQdfr3BNjhAFtBI8tpHglGIiwq+ZNepqIWljakuLOsM291iDFKrxIEjesf+SytUCBSAu/C7ARuoJjroxlu6gPMoBoBeYI43MMeojthNBMTJ2pXpReRNimB5gTSkHu2sPvSM1+1bdcwjYL9Qm/MtxzVy44gbCUy8yxv/tYJ9AX4tmpyn1ZDMaowfhAwunSmdekBPUKsS2sU7TroPMiTaFKZ/calzRrrsFiFXLywydXVyhOef0NzfIahcnLp51fE0jH/ALmagCuvGkcRyIPipWClmHXV95dkL5KvxD+1s+WK8EgbBDclOBgg+bmm3SoHWnFtbC3QU94WQgGJS7YeCY6VXG+r7wfU0uEEov2axA7he8YQ3i6tEFHErjsisFZVhMImrLAB0oMWDHFRhjiwGmbD8XlYS9InU3CwXhKIG3Uqqr0RWSmtNlDHOrSW50RAW9libPc9IhSrcS0qADVZaXWI0gL3UIufTJLY1iJxIWfBFwtgyLX7rxDAlBR5lzNME3GfVAcPDzLbvLJdLfEIbw1hwiJUqur6NLw/T+FuAGdOYQNKt4qk1dzOwJoY7ZIVRjkWS40mGCyk1oouuYmb7Rzfh03iNwqpDYgiXbNpIjIp9kRdaIoQ0CgBM6tXqy0wl0xD6sIJlL3a+YZN+5YiDYvsmskjKZAAjtsYWoIwUQCCoQkcGEtYHsOC03mmPB1zH7xOUByJ7dSogmC12xRzTUi+/jazMjaQwtgDxMYBlExK0diiYT7KRQP3ZaGzfUtzQC2FowI1mjg8EHVTGAdj4FNJa5eImCLIh+pondNQNzXDgmoIDAIRNEEbudjinjxTOipZA2KQTEcwi2X1Cond364sYC4dFSpDYhLWCpLkfTI/Uo6ZxUEUZeFGxNG4xkADRSaq6qKEMWcod5pZJjqRRAVV7GP+p7Mp5k8MBrcakWBWNVOAlgdadJUwSLapIPWEHM11bC5RmumKJpQhIHiWiHbdtSpxyToBgtxuss+YN4ojOas/OeuiX1aaZYvlOm4ggPRDkSkotscNP1CU95kx2AdlJp87WkwMYlUh70W5TQ6qOhW8EbinARqbTl8xUm++YybYo/RNyAHRIrSnIQ5yUjGAK7IpFmyjBHb9pO9jiTcvi4hFtWOWYtGHYs1KFCGFGEKYi7RRA1md2yLvDRhN9aI29r5/U0I8xEsD5jaKvR2ODx6dLw/T+JSUlOikDopKSnRSUlPTTpTrTVKdaSnpp1pKdFOtJSU9CnSnWkpKdFOqnWnpp0UlJTpSUlOlNXoKdQlNHWnWkU606rdb4pVWJp3lqBRQbQnFm1etPRSU6U9NOlOtOtJTpTrTpTpSdyd4R/lyvYvjz6v1P0/60hIkRGM/KkbgjVlf6OnOM+mH1ml4fp/4afqfp/4afqfp/wCGml4fp/4aaXh+n/hp+p+n/hppeH6f+Gn6n6Zj6lEolEolEolEolEolEolEolEolEolEolEolEolEolEolEolEolEolEolEolEolEolEolEolEolEolEolEolEolEolEolEolEolEolEolEolEolEolEolEolEolEolEolEolEolEolEolEolEolEolEolEcrM7b8E7b8E7b8E7b8E7b8E7b8E7b8E7b8E7b8E7b8E7b8E7b8E7b8E7b8E7b8E7b8E7b8E7b8E7b8E7b8E7b8E7b8E7b8E7b8E7b8E7b8E7b8E7b8E7b8E7b8E7b8E7b8E7b8E7b8E7b8E7b8E7b8E7b8E7b8E7b8E7b8E7b8E7b8E7b8E7b8E7b8E7b8E7b8E7b8E7b8EOMMf/8QAKBEAAgICAQMDAwUAAAAAAAAAAAEhMRAgETBAUAIyYCJwgEFRcZCw/9oACAECAQk/AP8AOFQsr4YsKPwyYx9rQx5Wi8G/A+0rH7Iset+IvR8I9Ufplx2f8lFZY/DMrR6vD8/YoIZW16OPgF5ca3pQvhj+yryoz6V8KX97rw8sYxjGMYxjH2Dyx4fRY9Xlj0Yxj+9q6K6tbPZdB5Udmhz1bHyPhDgrLKwxwPhZhHuHj3D0cj4Q4HI/qHzhjgqz1FlljHI+VhyOMUXlwj2kLDgoovNj5Hwhxi80OOghQIXLLFOFmxC4Z6ZFhCgUFIUCjCLssXLLFIuULShcIUCgUCEIU4oUC2UliLeqFIpLZYs2X5mi+yc/hx//xAAhEQABBAICAgMAAAAAAAAAAAABABAgMSFgAlARYXGgsP/aAAgBAwEJPwD9QcsGHvQREo6kMONGGX+FT13oYZnT2gfLjvaa0MwpYCJc5XLQDhFGQQcaEFaMAhOslDveS5Io+YAsIE6EZkLlsxgPuB//2Q==" class="product_picture" alt="Kitchen Faucet">\n                                            </div>\n\n                                        \n                                    \n                                        \n                                        \n                                            <div class="carousel-item">\n                                                <img src="data:image/png;base64,/9j/4AAQSkZJRgABAQAAAQABAAD/2wCEAAUFBQkGCQkJCQwTDg4MDg4ZEg4SEBcOEBAXEBcXEBQXFBQaFxMTFxoUFxgjGBwZHxoYIRgjGCMiIiQnKCMXJzUBCQkFCQkJDAkJEyEXDhoiHAwYKSIoGiIkIiIZLCIoISIUIyIaHx8aGhwYHCIaJCQjDhkkIRcvGRoXIiEnHxckKv/CABEIBZQFtQMBIgACEQEDEQH/xAAzAAEAAQUBAQEAAAAAAAAAAAAABwMEBQYIAgkBAQEBAQEBAAAAAAAAAAAAAAAAAgEDBP/aAAwDAQACEAMQAAAAmrbOZ5hJC1vJZQhGLeo49OT9Y6Iik0baMBbEw9B8cbyfQz3y10uXwAAAAAAAAAAAAAAAAAAAAAAAAAAAAAAAAAAAAAAAAAAAAAAAAAAAAAAAAAAAAAAAAAAAAAAAAAAAAAAAAAAAAPkb0Nyxlj6B7vxv0MS7i7DYSMov6U0o5N0HqGLSI8p6xJJMrc07ufQbP8RdTm7AAAAAAAAAAAAAAAAAAAAAAAAAAAAAAAAAAAAAAAAAAAAAAAAAAAAAAAAAAAAAAAAAAAAAAAAAAAAAAAAAAAA+RGD7C5uNdliFr07ykLg3pon/AM6Zt5qsaT9q5ytGnVsYECVdl1c27foP2o7klf5+9Ck+vHsAAAAAAAAAAAAAAAAAAAAAAAAAAAAAAAAAAAAAAAAAAAAAAAAAAAAAAAAAAAAAAAAAAAAAAAAAAAAAAAAAA5i1qWtTOSox7ehIhjb9JqnZsrfPvo86nyEZboU49mHEnMcV9ZRkc2W0k6GZLeYnyh1j0l89ZWOwmCzoAAAAAAAAAAAAAAAAAAAAAAAAAAAAAAAAAAAAAAAAAAAAAAAAAAAAAAAAAAAAAAAAAAAAAAAAAAAAAAAABo+sb3YES6vL+oHPvPPb+gHLOY84k6R6A+f8unbmfheQDO6LIVM50i7q6MjlrFzPGpjd3j/0dC9TcC76d5oqlUAAAAAAAAAAAAAAAAAAAAAAAAAAAAAAAAAAAAAAAAAAAAAAAAAAAAAAAAAAAAAAAAAAAAAAAAAAAAAAAA1K5weRGvbZRIt1OYdVIb5q7N1M4zvd5jklXpjhrczvvbucpUN91jOXxBkXdSxwcpaz0FGBpW1a5QJl6G4z3s+hHvl/pIvgAAAAAAAAAAAAAAAAAAAAAAAAAAAAAAAAAAAAAAAAAAAAAAAAAAAAAAAAAAAAAAAAAAAAAAAAAAAAAARJmNLzRtl3rmUL/D5b0Rzq8uawRLA/UmqnENboHn42XpLkbMH0E3XkadyWMTbZ8iuLul9GOT9G6ai4ivJeLAk2WOZ91PoPnOJeqDcgAAAAAAAAAAAAAAAAAAAAAAAAAAAAAAAAAAAAAAAAAAAAAAAAAAAAAAAAAAAAAAAAAAAAAAAAAAAAAcvbDFu1Ej5bRc6bdktXyhmLCtcmlanK2BIejudtTOJMf1vzUY6ZoGvzvne+GOmCdKep7YaZF3Q2sHKcadVReQbXz+tm6yBBW2Hckp/P/oYnpTqAAAAAAAAAAAAAAAAAAAAAAAAAAAAAAAAAAAAAAAAAAAAAAAAAAAAAAAAAAAAAAAAAAAAAAAAAAAAHB+aq4Q33ZIp2okvMaHnTc8jquUNho0Ls1zVZNwREOpzDqZyBoPa8BEYbvHdwdsSfwB0qdNX0abuWUcTRhjl+MOsItOdbaQtGMtvsR5Q616T+eksnXrC5oAAAAAAAAAAAAAAAAAAAAAAAAAAAAAAAAAAAAAAAAAAAAAAAAAAAAAAAAAAAAAAAAAAAAAAAAAAAhOF+1IxOY6uWxJse1RTs5KGaj3YzdcpqOTNm9Y2+MfrG92BEmsS5qJzdBHcEaHNWbx1mdRzl8/prOzc7Dm+mW0KSrc5rjLq6LjmCwmGOC03eO6h0P1TwFIB3ciyUwAAAAAAAAAAAAAAAAAAAAAAAAAAAAAAAAAAAAAAAAAAAAAAAAAAAAAAAAAAAAAAAAAAAAAAAAAADTuaex8Ice4ze9cLvY40zZKefjbZDe8tpmbNqrYO/GvbZQIs1CY9UIR5t7R1E4+v9l0smXpHhTfTvLauf5LN31PaKxAkXdTxyco4Ce4wNT2zVaJNPRPGG+n0G98x9IF4AAAAAAAAAAAAAAAAAAAAAAAAAAAAAAAAAAAAAAAAAAAAAAAAAAAAAAAAAAAAAAAAAAAAAAAAAACx5s6hpHFmCnSKC22jQ8gSnn4y2UkDMabmDbLnXsoXuEzYjjU5f1ciHnrrPXDh+6muDzb+muN84fQLdeVZqJUwTOkQRX0/oJyfpvScYEZZi2sCUZY5j3c+hWZ4l6nNzAAAAAAAAAAAAAAAAAAAAAAAAAAAAAAAAAAAAAAAAAAAAAAAAAAAAAAAAAAAAAAAAAAAAAAAAAAAh2Yhxbg+rOdDXNpweNJU2GLdqJHy2i5027IazlDLWFxcmkajLGvEPRZ0JqZxFb9Vc1H5OnOuRO+974j6RJttte2c0SMOitROUY56ji8hatmcEbvIEEbYd0SjwD0QTs8ewAAAAAAAAAAAAAAAAAAAAAAAAAAAAAAAAAAAAAAAAAAAAAAAAAAAAAAAAAAAAAAAAAAAAAAAAABq+0Dj/AF7szmYjbP0sGSXscV7QSXmNB2E3O/1XKGfoUb01rVZNwRD2oTNqZxpqHaPO5ociRdcHccl8CdMHR9aPd1MPGU64I5YjLq6LTnnzvemGb3mIcwdb9H/PSWzrthsyAAAAAAAAAAAAAAAAAAAAAAAAAAAAAAAAAAAAAAAAAAAAAAAAAAAAAAAAAAAAAAAAAAAAAAAAAALa5HNUddswUc+ZS9wBu+yxZspKWYj3Yzd8pqGXNj9Y3IGL1WQLAiLWpc1E5chbuKJjnrYcBTOtJj4Ans69zMRb4XugylYnNEX9XRccy2UsR6UN7jesdF9S8BSId1IvlAAAAAAAAAAAAAAAAAAAAAAAAAAAAAAAAAAAAAAAAAAAAAAAAAAAAAAAAAAAAAAAAAAAAAAAAAAAAimAe1NJORaW2a8ZvaYs2UlLORvspvOU1HMG0VsLkSnrm3UCKtTmDUSB+ce2tLOSL/K6yTp0fwXIx3Vs8ESObdpm41jn6L+qowOV8HOkamr7Zqfkm7oji7fD6B++Z+jS7AAAAAAAAAAAAAAAAAAAAAAAAAAAAAAAAAAAAAAAAAAAAAAAAAAAAAAAAAAAAAAAAAAAAAAAAAABr/M3XNgcW4KWdHG0RzmCU8/GWzG/5TTc0bVe65lC7wmdEbajMOqkOc69f6qcVXErQ+SD0xxdsx3/ALlzDLhJuBu8sQvFnUWhHKOmdGxgRzmrKyJVlvmDej6E5XizqY20AAAAAAAAAAAAAAAAAAAAAAAAAAAAAAAAAAAAAAAAAAAAAAAAAAAAAAAAAAAAAAAAAAAAAAAAAAFLn7oYcS630rCBi9j0+oSpsMW7USPltIzht19rOUMtjbuuaNqcta4RBDPSmpnD7pnnIvOhOYcid+71xh0UTNj8LspHcV9KaYcox71DGBDlbKYc3uQIE247qk3gToknJ49gAAAAAAAAAAAAAAAAAAAAAAAAAAAAAAAAAAAAAAAAAAAAAAAAAAAAAAAAAAAAAAAAAAAAAAAAACN5IHFuvdjczml7HicWSlssV7MSXmNB2E3O/wBVyxnbbzdmr6nKGCIc0acNROK9f7G5vNWlGIbs7pkLg3pw6E9aJuRrkaT5rxyvGXVkUkBed01Ez+/QznTrro355y6dbsRlwAAAAAAAAAAAAAAAAAAAAAAAAAAAAAAAAAAAAAAAAAAAAAAAAAAAAAAAAAAAAAAAAAAAAAAAAABhsyOStR7a5sIXz9TXCRNliraSUM1Hexm75LU8sbGx+QMTqciYsiHWZf045Nirt6FyEdo1T9Ov5d+fvRp1ZlIp3cqR7LuNOYYy6tjA5qsZUj8b5GNydIdScCyAdzo2kkAAAAAAAAAAAAAAAAAAAAAAAAAAAAAAAAAAAAAAAAAAAAAAAAAAAAAAAAAAAAAAAAAAAAAAAAAAU6ggKHe34kOWrvO64bdssWbKSfn452U3nKafmDZ6+FyJT1nc7YifU5j1E56537hj85WyNfCnQ3QXA0rHb2ywfIRsum7v6OdYt6ujI5aw84Roa9t2n+ScOieK9+PoD75s6KLkAAAAAAAAAAAAAAAAAAAAAAAAAAAAAAAAAAAAAAAAAAAAAAAAAAAAAAAAAAAAAAAAAAAAAAAAAAGh82dn60cX2UgaqXu1RhnyU8/GWykgZbSs6bZd69ki4wufEaajMGqEMc2dk6wcXXe+xqSZ01xDt53xuHNUtEj63ksoQjFvUsdnKOp9ExkR7nMdaEtS3y3vh9BMxxd1IbaAAAAAAAAAAAAAAAAAAAAAAAAAAAAAAAAAAAAAAAAAAAAAAAAAAAAAAAAAAAAAAAAAAAAAAAAAADG8zdV0Dh7Xp5iwstnj/KEqbLF20EiZbSs0bdfazlDKY29rmiadLuskQwZ1Hqpw976F5+M30byjlDv/AHvkCeyX8Xj9hIyi7pbRzlLQenIuIjuMhhyQpCgHcTueS+Cuhib3j2GqcsnX8afP7BHc20fPG9Pqxlvnb2qb6AAAAAAAAAAAAAAAAAAAAAAAAAAAAAAAAAAAAAAAAAAAAAAAAAAAAAAAAAAAAAAAAAAAAABCE3jiDXOuOczXtl1akSpscV7ISbltD2E3O/1XLGdtvN2anqMp4MhqOZ91A4kxfXfNZiZfg+9O8t94W6YJ786Zt5qcZdA6wcqxz1PGBA3nbtTNm32GNsOpc5CeDMtHsiWhA1OVY1Mf5qeT1JcYD6LzJ8uesTpV49gAAAAAAAAAAAAAAAAAAAAAAAAAAAAAAAAAAAAAAAAAAAAAAAAAAAAAAAAAAAAAAAAAAAADTdyHGmp9ucvkZbHbYIk3Zop2gk/NR7sZuuS1PLGx+bG+MNq0jYkh7UZn1E4+j3tyAyJ9z0GudnynwB0odPZGLt5KcczHizlyNOrNIIG6nlakQppE8aSQrls/pxd69swgzHTdGBrPm5pFPZdaHW3W/wAqJ1O8GtbKAAAAAAAAAAAAAAAAAAAAAAAAAAAAAAAAAAAAAAAAAAAAAAAAAAAAAAAAAAAAAAAAAAAAALC/HLkcdywCc65rJaub5s8XbGSlnI32U3nKajlDaa+HyJR1nc7QiXV5h1E5rgLuWMzmTMWtidNTlwFNB2jsMK5g2bbY+3A2ahQuzC6vIGNIj0addMII9b9ox6xdXJkQ6nO+hke+bugU7u28kz9p/MmRz6YIUmsAAAAAAAAAAAAAAAAAAAAAAAAAAAAAAAAAAAAAAAAAAAAAAAAAAAAAAAAAAAAAAAAAAAAAAh2BO3Y+OPKm2ambHtEXbGSjscZbIb/ltNzRtV3r2UK2D2HyRlqEyakQhzV2tp5xve7VgCRd/gHGHdu3clzyTLn4u243JjMiWWC2+xIu0acNTIGwEu6QY20tssaJHc7a8Q9Ty2OKD15Nz6s4g2M+qlTjLrwyIAAAAAAAAAAAAAAAAAAAAAAAAAAAAAAAAAAAAAAAAAAAAAAAAAAAAAAAAAAAAAAAAAAAAANW5i7GxRw/iZZ0EqbRG2aJW2GLtqJEymkZw26+1nKGUxd/XI/0+YdVIX5c6H5WLP34F3JUW1jtrcOJOkyd9liPbiRK+t5k9YTYaZHelTLrRA2ozppBqdGl6MPGE3Ysg2ltWtFs9eTKTnzxdn1J2f5z9oEkAAAAAAAAAAAAAAAAAAAAAAAAAAAAAAAAAAAAAAAAAAAAAAAAAAAAAAAAAAAAAAAAAAAAAAtuc+lfJwvrXTMKGJ2PRr0lLZYp2gkvMaHnzc7/AFXMmainZsSRTpUw6ucg4PrXns0734FfO63VOrpN4T6BOmdqhzbiUb3T8+X9hkRpumSxgCDdIn3RCMr+5wojuVbAgTzJsdFl5r0hIscD6Dzp8tOpjqVSqgAAAAAAAAAAAAAAAAAAAAAAAAAAAAAAAAAAAAAAAAAAAAAAAAAAAAAAAAAAAAAAAAAAAACLZSHEWo9qcymkbLgrQk/ZIr2ok+90iQDP+dpsiP8AVpT14iXXpR1Y5fjXsuICE1Wke7i09k3T3w5I52Vt0J7mS5ko/wBoM5b+qxrWryTiSFdGnnSiFstnNPK+r7hRIIsJnjAwXm5pFPP4AdUdffKubjvtqm1gAAAAAAAAAAAAAAAAAAAAAAAAAAAAAAAAAAAAAAAAAAAAAAAAAAAAAAAAAAAAAAAAAAAADXthHH+jd1czkL59rZLHTUQyaZ/xb3Bb4vP2xpWryXgyJ9blTVSEIB7I0s5dZ3BHupQG6dJcfZs7k27nyTCYc7GW0m30rK/MTrm82BEekTlphBNTe9GPOJyVwQtgJ1jo0ind0yhc2wl3tD5qSAfTlAs9AAAAAAAAAAAAAAAAAAAAAAAAAAAAAAAAAAAAAAAAAAAAAAAAAAAAAAAAAAAAAAAAAAAAAClVHOcY9tcpm4bNBUhEo5TRs+bP7xt6MdlqRqetSJhyKdalrUyJ+e+ssAcdpNjIVaQyXQHOFwdz7ZybPZM2wxJuJvfrD5QtsHtNuRlos2aqQFi5d0gxeLZIjaP581UielkrIoKlM27qLi/On1YrcS9iGWAAAAAAAAAAAAAAAAAAAAAAAAAAAAAAAAAAAAAAAAAAAAAAAAAAAAAAAAAAAAAAAAAAAABqnKEuQEbL6x1+SBuUG7iTBm492E3CvgsoVrS+8Gva9vWLIw1eWNXIuh3orWzjSj0VAZY+/AuZDjSsdp7jxN0oTrssPbiSTcatnCvi815NC0iYNcIJ1OctGNVtFyarGU5YUhGlsmALZUpl/NsC1z6h7f8ANzs0lYAAAAAAAAAAAAAAAAAAAAAAAAAAAAAAAAAAAAAAAAAAAAAAAAAAAAAAAAAAAAAAAAAAAHHcZTDEBf5bU8kbYxOWNl36HMsTlnY02U3e71zLGQoVPZhMLuFgRtqcsa4RPpcxa0cdYPrfnw0sFXN6/wCzqmSeGp8Ol9uhzaiWL/SNjMpZXdQ1HT5TwpB+jT7pBGlW7xJYxvMeLIGpyFopZea9Ib5oI766B+V3Tp1ot7gAAAAAAAAAAAAAAAAAAAAAAAAAAAAAAAAAAAAAAAAAAAAAAAAAAAAAAAAAAAAAAAAAA5a1KVInNRxck6yWF/rV+bZc4DKGUkCNKhOufifdDfL/AFPMGYp+a5j8PstoaJqspa8RJr0qaqcuRr2ZDpCStRPda29k0TxxHIx2Jt0LbgS/lo42o2Oj5uDA6rImLIY0aedOIWyOf1E86dIFkQJaTBGBifNzQPOawo6b7G+VszH0GaRu4AAAAAAAAAAAAAAAAAAAAAAAAAAAAAAAAAAAAAAAAAAAAAAAAAAAAAAAAAAAAAAAABr3KPZ+iHMlT3QMbp8jWBqN/hbk2zI6rljKbdp/kmzYYVkAkTKaZmzYVpcFHF52gaZq0lYUiXXpW1UguAezNJOWWwa+ftSkNx6R5CzJ2/t3P0kEx52K9sN1Y7Ilhr25WRE+jTnpxA1zvOkFtg9h8EH4Wco0NTp3dAp1KYlHs75wb2fUBzn0WfoAAAAAAAAAAAAAAAAAAAAAAAAAAAAAAAAAAAAAAAAAAB5PUcX/ACeSttnF2WPpC5d6eKgAAAAAAAAAAAAAAAAANX5l7CxJx762bWRo29+iPr/zjzaspqOWM5ksPcEqbRBEhEn5jRs6bT7xd+LLI+TVtbkDEkU65LGqkUc8dc64ca/koxcPfgZCeueKx25uPKU9Ex7HEG4khVNezJ4wuy0SNtGmzVSBMbLGiGJxt3ckS6VPelEZ0r+3KD15Nl6Z5BzB9WLvhjsozoAAAAAAAAAAAAAAAAAAAAAAAAAAAAAAAAAAAAAAAAALXj2SOHT6JOIeyCCol7w59IjmGEK59IL7h3sczYAAAAAAAAAAAAAAAAALbnHpemcV+pbiIudT2WuRtf53TzZ8pqeUNnY6/N53WDdwJjzce7CbhXwWUK1vdjXsFuuNI01iWNXIsh3ovWji6h0dAJj/AH4FeQI4qnZm38WdHk5bZD23En3en58vcblBo2mS7rxA2rznoJquOuLs0aMJ5wBC1LP4ktFTyXcwwjUPp1vvzT7KJiAAAAAAAAAAAAAAAAAAAAAAAAAAAAAAAAAAAAAAAAsKsalKJ+idZPnvfdU8unX8ifOPrsxMEd5Qwc075reDPoTuXzy6/JOAAAAAAAAAAAAAAAAAAiWWhxX56a5uKFld+iO7nd9GMnlNYyJtjD5Y2GQoeyROWbjTaTdbvXMsZChU9GMwm1WRHeqytrhE+kzJq5xzgOvOeTSQVcthPZ1HI3EM8HSm3Q1txLWS0HZjOWlWsatqEoYYhHRJ/wBJI2p5GwMFGE3Ysga23rUCy816R53fSB3R0h8rOkjsRZXoAAAAAAAAAAAAAAAAAAAAAAAAAAAAAAAAAAAAABGEJTTzUT9v/M0lG6xpMNkcKx53PzuSZ0N8xelSUue+09EONtkzkfnaM3/Nro06YAAAAAAAAAAAAAAAAAA1rZRyDiexeZjVVP0aVZSPqBRymq5E2+417LGSkKO/JOWfiXdDfL/VcsZnxTrljidhtzQ9Yk/BES65K2rnLUXdpw0Qcr0D3UofpMc7cVSCdgbjCu4Ew5uMtpNsp212YfV5AxxDmhz3ppDlzsOqlpoMpYsgK2lqNDG07mkU8tiR0b2V8s5cPooj2QgAAAAAAAAAAAAAAAAAAAAAAAAAAAAAAAAAAAAClAs/jhfNzTz8S9KXL0iEvx3vOROPee/oTChrfWXzXlk6w536aHC2Tk+ISe+tfmxKR28w+YAAAAAAAAAAAAAAAAAFGsOcI27XhMhapRqGF1OSMcavlNeuzbMpqeUMjt2piaM/CsgEiZTTM2bCsbso4/MUzUdXkfCET61LGqkFc/do6Mcrs/gBVpDbejOScsds7fAEikzbDE+3G9+sLli0wG3WhFmjThqZBFzu+kGP1rc7QgjEzhFxrdO7oFOpTEl9jfO7cz6kOZOlyoAAAAAAAAAAAAAAAAAAAAAAAAAAAAAAAAAAAABGslDiJ1TzIbhLHMe8nQGlXe2HNXLP0Pik557G4WvTv+AJEkQ4NodCQabd2X87tyPoWjmRgAAAAAAAAAAAAAAAAACNOeO0tMOXKl3ZFPRt/wDJoWRtKJtOU1HKGayWJrEobZBW/Ep5bRs6bT6xl+erDI+TWtc33EkWazLeqkS879da4cZ/kpRgePfgXk78/wBQ7a2rlaeCY9miDbCSbjVs4V8PnqZHekTPrBAdrKegmDxeWrkK6rP0ekdeb23KD15Nj6Q5Myh9VsjwX2YbQAAAAAAAAAAAAAAAAAAAAAAAAAAAAAAAAAAAABruxDkLV+0uZy1lTnjaDpjXtZkUhHl3vyNDi7ruAI0PpjDWvdDHD+r9b8+mO634izp9JXOHR4AAAAAAAAAAAAAAAAABg+ZutbE41qbto5X07aq5G2SyesGy5jU8kbQx+QNy3eEdqJlzES+SZcdCdAlLG6Z7M95x2ylhjZEzZzTDH0M0Y+YVDqvmUxwKu/x37OxNu4z6MJw26HNsJUv9I2Mylhe+jTdKlzAEE6zNmkGp4nJVCNI5n3WiHKWZxZbKlMu5Yhz0fTORvmR2KTkAAAAAAAAAAAAAAAAAAAAAAAAAAAAAAAAAAAABbXI5rivuSCiL5NhPMnUFtF0okd89dpR+fP8A6Vtecj6a6Nz31ockx125zyR7OvPd2fSqtxP2KZMAAAAAAAAAAAAAAAAAFOBJ/HE/qeYIPWMv/RHN/uOimZzGq1zcNI1qXDzt3moer6oKd/X2M87DUyx5vfXoefNkVOc5wwx83sD27y0aO/fw95bDezpqSOJp0OkduhraiYctG22Gx2/i7Nc1OScSQnpE86UR3ZZayNTi+d8KQRT27VyyV6R53DT/ACds9P8Ayo6KO0mKyoAAAAAAAAAAAAAAAAAAAAAAAAAAAAAAAAAAAABEPPncMeHNUhR7QOn8tAssmGhfqTTj53SpMXKh9C3EvYxCMQd3QIQVIuj4w+jOyfPTs034AAAAAAAAAAAAAAAAADQN/HGVt1jzSYin50wstc9TgU9jXJSyVTyU8xU2Y8Z/3kzzdvR+0GNPWFp6uV44w8CGxypzPOZGEW9rw4QQr0D9qUhL058Z70dfbfDO3kx5qLtsNy82F+Y3Wt5sCINEnvTCH/Wy6qYeO5jxJz/byfHZjVzTKWSxvon7tH5byofR5GklgAAAAAAAAAAAAAAAAAAAAAAAAAAAAAAAAAAAAGpcx9k4E463W2046P3PmyUzMRZPOEPnvV625bOspE+cvXZjoO7nhw5Y2i5047kl75tdRHQYAAAAAAAAAAAAAAAAAGFuOJTXtV9TuU855uynka/kpZ/1shSztTJHm4eT1b+MYVNep6uVIhxcNHrBe70odP43ezzgpHxJAvPnaeknKDYtdHvwNp6K5PyR2ht0ByQTLscR7kSBU17MlLB7TbkYaLOGpkG+t50gw+qyFjCA7CbItMDQu6BT9PJInX3z924+prlbqIrgAAAAAAAAAAAAAAAAAAAAAAAAAAAAAAAAAAAAx/NvUVA4e2beIhJ1knl6SyRo2lLycNxh3jz0b90J8yelCU4C7I0g4wy27xudJdT/ADRmQ7OWN8AAAAAAAAAAAAPNjyET3F3Imunbs2ciyOdM4yDbQhXXt83cX9S+KWUejzsNfYSlm/V6ea/55Fp5xJ616jqpWgawjAqYmnspR6IudqKW0VNjLP8AM3cEa63K2sERc69f6ycX+JWiw8e/AupygOqdq7Ny3OpMO0Q5uBJt7qOdL3E5jyaDpEy60QNQk7QzAYHaaJBWvT9Gho1K9tyg9eTO9D8t5I+qmV4A7PNwAAAAUNXNvRjbkrNf2AAAAAAAAAAAAAAAAAAAAAAAAAAAAAAA/IRm8cNZPoDnIlKU+X9/Ju0LZ82ck84fRCGDTOsvm9KR1nz70eOGky6iZLtL557ed9rS7AAAAAAAAAAGFx/EpmIEtrYp9L3G7Hm99ZQ83tXMFLL5POkL0570s0HYae0lPMersev2kerDzhCrrNPTC555stDPWOb6Ws/3OylHbGxjNeskMLsOIPOD26yI41aVdaIphzo3XDiWh0vz0Y0FXeNC9nX+2ccdEE27dDW2EtZLQdmM1ZXNY1HT5TwpBWvTRoZqOHzQifQOhNMIlpZSyLRUpleUYn9H0jlb5hdcnQgClBJNcLwBgjc8Bjqxlq+LuzF9Aw7gD6FfvInWJdAAAAAAAAAAAAAAAAAAAAAAAAAAAAAAaNvI4rsuuuYjPSxzRuh0Xqdtupzvyn9EYrObusOQbc6assnLZxhh59g8lbsT5rSSd0sFnQAAAAAAABHuE4sMtEVHIlDpu72cp3/vMC79bCUNmqZY83qqCkWWv57CGwfuk7UVsf5wB71fzH5e8743WD1aJcLCcqmzFDaKmyFLN+r0V/zye8ReYc2WguDFYfZ7Q0LVZR14ifS5n1U4z1vsfnI0V78HvJYr9OmJD4tnA6M3GHtnJhzEa7YbTRoXZg9VkTFkLaZO+lEe4nO0DQYu6A1sg+jsuALJXpHnatVHY/QnzoxBLEFBn9/iHJEp1cbelzc2VQyl7hbsobFSxJ29nfn72Gb+AAAAAAAAAAAAAAAAAAAAAAAAAAAAABiMuOT9H7d5vNelTn/YTp3VdFlQjDmbvXQDhXrmD4oPpVDWFn84fwXVXP5c9mfPzYT6NIil0AAAAAFMqQFrnKhfR1T24tOnbjNnjJes2Ur2rsJQ2OrlDxePY/FsesawJU1W2g8ySBtePoZgIA2wv+dbbBHqj6nksJcqbIeNmqbCU8x6uxVUhbeccesJ5wpIV7qeaMytrktMbnaBpWtSXgiKdYlXWDlWKu2YeIEV6Aq0hLc5ca72db7ZDm0kzbDE+4G8sPlC01zcrQiXRp30wiW22rXjWYynHCHPtGRNPMNt8p4cirG5rHFnTuaRTevJXkaMvRMfvXssZrB6VZmSxu377GwjV6Vz+Ntn3mbo612NwAAAAAAAAAAAAAAAAAAAAAAAAAAAABSqiAYV7ohsgvbtXxhP++czyQbDzR2Dgz5v9J1eZz6W6HAnVxyRoXafPJpHUHJN+fSxyT1eVwAADDl9yVr0AlxpfiSyz6V9ZQ9ZZmjzf1dhKGfqZAV/X6PC2GNp62V9TtIAMjD1PEjNXfQhbZXObOcIWPckUFpI9bZils3rPnjLLse1A9WTElXBUsCesTi7QkDOR3sJIGS0zOmw+sfdnmwy9I1XWZCw5F2ryxrRAXPHbmiHJjZNbHvwNm6H5VyZ2XtkCyGTLssQ7gSPca1mCrhNhpkaaRNmrkI0951U1XN77qZjsTmPRpEXTlhyDbbbtcMf5uaZQz+Ssi5xtSS83U5NvcP56zVlj7mVe5uJItpskZ69buV9oN7uSK1rZe0BoAAAAAAAAAAAAAAAAAAAAAAAAAAAADW4mn0cQZDpLmgk2VOXJEJUgSf658z5SnLko+gFLizsQgqJe7OfyHJQisfR7KcBdqG0gEeGZ4txERFzqqbSw6Aq5Mp5avmihkq+wlLN+r881w/aK0PWHp6yV9KtOdC+janiyput7PJT2OrtJR2Ormilre8VyGtpucoecp6rD34onqy84k9YKnrx61rxG5d3MVyIbzm9GzhIGdjrOkhZbSM6bVUw9+VLS+GvYDd8aRprErauRHzh2DrhxV4lqKDx+/guZwgaqdmbRzBN5L21Q1uBKl/pWwmSxuSsDT8rsVQ0XVpRwBD2DlXUTA4m/uTU47lyyIGzN1rB+ZLMSXy22p2Nzwqnd3eUMfJG559ttXr1M2gr+sUanr3r1sevV+2bqx+Q78wAAAAAAAAAAAAAAAAAAAAAAAAAAAAAGs7MOPcP2FzSZOWOZd5J6iDftlPnJ+dm8nHUm/8Azt64MLBnd0MHNOy2+CO8ZI+dM3kkcb4+OSvhanQBaTX6yxTzVTNlLKethKeY9Xh4q/v4KXmwKmFoauXMe23OpW0jzZCVMnLpS2j1tB52Nmjze+qo8rY9a9kcUbZ4w2RPWP8AOFKmDoa4VNY8RcXekUMYJRjvZzaspqORN1zujZokDNR7nSRM1oWfNuucFki9tq/sw2E2yyI91OVtcInhvpLWTh+h05zuYsHvdtG9nW23cfdBE07dDm1EqX+kbCbVUxl6MflqZqeryPhyItVmHRTW4NtMIUpJ2i7890MFVrc5q3tOSdrX5yvKmbTqeqsb59eqmVR9VFy90vNKjyK+36XtvebsdIAAAAAAAAAAAAAAAAAAAAAAAAAAAAAAWl2OaY47Ygc06WuedlOkdAqb6cNRJ9DuajcJ/wDmh0mSNBPZHNZHuo2mjFW2rdIFlLNTKHnN1M0U8tUzp5ynquPb8FDzjT1gaWpleMLHn4u9XoezxOd7JpbbV62YpbDVyZ5vvysPHi3PVh4xJVwlPBGU2yHs+bngKGtFTWraKy51XziT1TqezY9w1iSCOcpntPNlymp5I3DO6RlDf9hjvPkiZvQc0bvd61ljK0fNcxuJ2a0NF1iTcARTo01aqcWa32TzmaE9+D3kcXdHRcq88S6SNs0X7CShmo72M3O4wOTLm0u9IMdw/wCbMpz7f0+F4vAV6nPLepUn5uKkH1XnfHv16zfz2TVd6r5tpSu6e5aqtLofv4TV3LT929Eh0gAAAAAAAAAAAAAAAAAAAAAAAAAAAAAAACH4H7Yj4gKVIaujqHXtPk05Y5q+knIJbxlaage7qv00WcleswU85VzRRzFTNnjIeq4/XgW3jElXXqGpleILCCivgvN+U+grvezztXrYxnfWUPN29ij5tj9xvnEnrD0MAVcBS14r6ZrmuHTGr6jqpX16ljj1UUz169yaXuY2PWitZV6hHtzu+kF/mdTyZt+Y0zKG95+Pc+SFnY/zhvWR1PMGb821yW2PzdsafrMj4YirWZW1U5TijuCHDn/evOolDbdP9nWGx8idCkr7HG2dJRz8ZXZs3CFSzHQuPyfnvL6ldYZlPy6PzaOxeqvPXr16zfPpZTVelaZDz1c3FvUvbml7qdJtKF7RLRXpdMyuy2V76+IVgAAAAAAAAAAAAAAAAAAAAAAAAAAAAAAAAGoc3dgYA5VkDRolNugShrx6z1x04Wm+1csec97zBSzNTMHm9Vj8KQtPOHKmtUNRK8FY6Jiri/Oylp0Te7gUdpbMec56yR5uQ9UFkesd4wpUwPjAlTXKWsFSN7TCFfG+bkzVpYZg1q482x7vakrFt1DcyWfkPzCOKXTPOJbeqfo0+ykTUy2yWr5Q2zMaZljd9h0LLEiZ2OthN+yWnZg2T1j7s/cflaJrGvb7iSMIunTmA5/xVzbAHu7sfZ0FI3HM4k087VcSVJnt3mvKYux8l76p9MjOK3PfNR7zXhiYqvbU6XCr7I2l3u1alP1qpU8furmn4r9YtKd3SblcvpuV9PLPDvAAAAAAAAAAAAAAAAAAAAAAAAAAAAAAAAACKvXI5g4vk7XiONwzXRhbbh6zB52H1mShmquUPF49j8UBZUsKetattKLvnm0jsqY71vJZdEV9qGztmKWb9X55rgoLA9Yvzhz1gKeAK2uU9RK0ZU8SerBdnjzTx5XzGp7GWWbzkrGL6qyGygADXdiHImE7E5pNRqUfRi9RkayNVymAqm2ZbU8sbvmtEzBIGfj3PEgZTSM6bPcYi9K+NymhGj6fIWAIZ517T005N8bNrh4Kxfbp7sCtMNtX81LInKWQodPVXvPq3PVV6zVP8xk14t1jwv3cWVedzV3YXdZc+qXvVT349n7VpeqXPmnU6RQo39G5vM5qGz+nncDpgAAAAAAAAAAAAAAAAAAAAAAAAAAAAAAC2udbI1zlIfvhTPOPyXkxOftLY2rNajvZXuX6PzzbHrG+dcLnU7bRi45zsdRPVulUsugKmzFLaKmwlPMer0811I92zGnrGUsKVNe868V9ettIK0e+cWVbLxfCz/ceebZsxSlKtkjcenoA6TAAAAFGsOdYx7YhUhOpT8jSN9GiX9vaGz5vTsobnmtGzBv2e0DOEgZrRMkZr1fVDVcFu+JNAwEiYAjfnTrTBnFm/wC46iW0m4Xf+F21lVoc1Sy9dG0vtuVo1Vep1S94ua82nq05759VK+bberlChkrJFZivjb25r+qdS99/v4Pful72bjz59d4ts9gc71zID0cwAAAAAAAAAAAAAAAAAAAAAAAAAAAAAAGn7hpBgKTyeqbyPH74PVN5PVD3SN92iFsuSPjKGuFzqFGNC750tsCVKadCwmqpspT2ipnDzlvdwKv7RFv4xx6xdHBFTXmtFfAW0dl3pHnHiirHqyWB6tvO8lGTalyUqvr0SN0zAE/gAAAAAEbc79o6gcser7HlfVdlqkcZDMaqbRk9RyxuOa0jMG+SBG06F5SVCysMxRNZwu5Ys0LCSBzuRli7KXI29sKdTzVTtq0k02GVFadVXqdeWNmvNotI1cqx59e/WPP57ZXnxVQoXdFG5Ovi73plz7pVbfvqn6TV9eaXXPN/h/NzvP7rOzermFYAAAAAAAAAAAAAAAAAAAAAAAAAAAAAA1Db8IR758+D348h58jz4UypTeR58eSnaXuHI4gDJake61foYspRq7OUdnq5wp5T1cnit4pC084sqYengj3gKGuFfAW0bFfV6dgCoVcfTsT3S9SKUJC9XJ5reaore5IJT3YAAAAAAAMNzH1rYnGvrd9IK+Lu6xHN7uOkGYzWoyoS5suhZ83C717KGR8065a2WUxpGPEu0fmM/ls3S892XnNYKWZ6assm1VVI3y9Y3Hmw9WXOlbzdiq9B7Zvh7K8Pf4nz69esqjU9eYy7r4+53bz9o1O01LVbdMenqp/cljvctz9YHPezkGgAAAAAAAAAAAAAAAAAAAAAAAAAAAAFOoIeobPqwUh78KZ68qYePI8qYeKJr3MvXeNNEkT1tBS2apmylkvVcFAWXnFnrD0MEVdep62VdZoxoVMD4sCp78ez1j6doK6TynvPr0FSqKzeS06YXgAAAAAAAABSgHoMcTp0g0qKdQ1yQNX9m/7DHOfJGzce7CbpkNVzBluTJn4aK05a9uPC7S/ufWNM6B1aVo3zV9ep090JUMX6sudeXm/Fd7D9Zv4NP0Hr36PHv16Kap6Lf1WAw9r33p1PW6Vcdf8AaKlXxV51W23V9o9PIOkgAAAAAAAAAAAAAAAAAAAAAAAAAAAAAYeLZqi4wNP1TPSn4BTPXl5PPhTPXlTPHlTEnxXkiYb1WHn3ZnvH+cSesG1wqa5S1wudTso9LnDebIV/VserDzbC99SsUNv9BW81z1X9SsY3oX16AAAAAAAAAAAEeyEOMsX1dyia9e65em2ZvSssb3sMd50kbNaBHpGVphJojc5c08jxq7xvueN2rVreYUPNelO08Pc4/nVG2X8arql559EgaPVPNR7YqPQe2j0158fuAPGl5GObZzcYYwnojqW/5dnY3ypjc/y27y/5+9+QUAAAAAAAAAAAAAAAAAAAAAAAAAAAAAAYjLiDKe16eevKmHnwPPqmPPnwPKmeqbwKLyblLXNUqG84+niT1gGuHrXKevFTSrbRhjloLvxaFew8W4zFaWCnn1Qp1lc83NSdzGTOAAAAAAAAAAAAAEXwNt+jlhpUk2xpF/jPRs+Z07KG58/7VqZscta5tXnu5vcfsubtkg21YKtKXnE3OA5XUsjltzc+a3TD1+nh7N8Pf5Lz69hU8VD9Pd569efWlP1rtLfBU7q8x2H2eGe/LWqe0+bz92+D8sS1L8TSXmyjeR7uO5kQAAAAAAAAAAAAAAAAAAAAAAAAAAAAAAAW0JzrphGBSPVPz6PKl5PXlTPVNSHlTPVLyFN5JRsI/wA0Vdbo68VNCttRPWP82x7uPNkerJQG0V5RGW81jzV9Vhd1ejCwkUAAAAAAAAAAAAAGFzUYEC2vj2fvun+FXRd6qEbZarqph9q16RObP5bG5jh0Tvre30ua1GrL881MLO2FjXsvJ1tslj73NyVzaXfaPT2vKT16xT9ejfKoPz9e2Br158a1uVNc1WYO2anabPDHo5221XuV3NehLbswaLkJIiYxtOttBukqQFmDsD1zXNZtIAAAAAAAAAAAAAAAAAAAAAAAAAAAAAAAIe1XoCCi0oefQp+QeKZ6p+vJ5pKZ6p+qR7peR6tK9sYCO8loZ6sPI81lgLRSG615NKWSehV9XIzFbpMtdoAAAAAAAAAAAAAABz50Hywap+VqR+A/KtP2WEWZrEmY2yyufPWc3zQegYrN3Ntc5terSYoYW7oeW7Knf+Zqy9XHlq5tPWslUsrvvHpVbnl6Hl6Hl6Hnx717VCBLvVeky9uEYal6o2aZdel7Z1GCN88Gjb1sETmuWFSYzQ9J2jUjUd+yuDJ72PjXOnbe2QJJRuQAAAAAAAAAAAAAAAAAAAAAAAAAAAAAAGtbKOb7KXYnFKmBQPXlTKlPyPHlTPVPwPfjz5NYgzpaEzU/XmyFo9HmQrvfync+qgrrk8bfe9EFvlAAAAAAAAAAAAAAAAcjdc8SmTp0L4sfy4plOxvdNNZ2HBbrjIW2YueG7dLuNynO7m4o1s2rQrfkVj/N7T4Xbea3nFt5ufObaUrumU61tV1ka+Nvus1nr31mh59eQ9WmzaQ9n9MXF1W2u/VwtM/qOevOhcBE9wTLOGoa4YbUaXQRFkcSFHpp8uUNfMbGmYkQ0DbshFRLdGKZlJelCIMoSwwWdAAAAAAAAAAAAAAAAAAAAAAAAAAAAAAEVSr5OYraSI5KfqnQKrx5PVN5PXmkFOpTHnz4GtbLbnMFtsmGPMn3O5nm481zzWq1jzImTnEp1wAAAAAAAAAAAAAAAAc2dJ4k4P2nJaISFQwG0FCHpJj8pyxH8mwst20+WeV7Td063Oq9SjWyqtSn6wp3PiVlTvaHCrbzX85ttSuadLbzceY2nU8sZKtjLv0xUea3TPOkZzH7mFiqf8J6uUL4CUdArI/tJR0QsN50X2SxqOnTCdG0Y6h8yssbfmCE4k2HczAZXxFZYZDMSWaRp/vCGNnbWKR0RKHGW3HVTRN7AAAAAAAAAAAAAAAAAAAAAAAAAAAAAAKcQTHTOV6EsxWWxQKrx5PVN5PXmkPdL1THnyNBp73ZHmsqnqt7uzxM99KR+foAAAAAAAAAAAAAAAAAAWXLXWVM4BvZrgkyGo5PHGw7/GssRVpO0byXz2pXpVeVeqFW0mru91y/MxVoeseqddizp3dONsvF3TmrZX84tqV35laV3m8u7GrpXbLaTtFv/RzkDEXFx35xxp0964QnHsuaKadgJY0MxWT1q4LqZYaks6PhDSN8Nz3HaINNRxO5b8aLFWf1UtZV2GPTA6FsW5mCmGI9UOntt4/6RJwvNI3ErAAAAAAAAAAAAAAAAAAAAAAAAAAAAAA8R3I45Tx/R8GmuPVA9+PI9U3k9KAq0PX6W1anWKdf1lChPmQ3QAAAAAAAAAAAAAAAAAAAAARLLQ4GwHVvKR53vSPJ1TuOi755+lT2Rviyu7TKovVLFzn9YuJbDVtK2qtKqxbUrunO23mt5jafmt5vKNCpZasNMzeP6K+awX76+G909ezG5udtaVjCa7J+FOeY4m6yI00qY4oMJ63DVS56OgezJns466OJLizMw2WMjShohD0d7dIh51vzoBbe96uzFetQtTZ59iGSCas7AO+kgqdQAAAAAAAAAAAAAAAAAAAAAAAAAAAAAY3JCCI4690s5r87ppZTKRVoeh5eR5yeO3Yx3Rt5mgAAAAAAAAAAAAAAAAAAAAAABDEzjl/Zp6GjeNy1jndMcqoULmjFWyoxT9eqs7SzdpWZc1LavSvS9/nSafn1Th5oevOVTxOY1c17KWlp6Y2HF3uO6c7e8vLU2bJRxshINCj5LvU94whzfkZW1giWNZKvSN8Ts+HNq2WKPBt/UMEyQS3ztqk7lDXpw5aNR2rbKJ4i27tTE7rI0SmN0vN78fvQPNlydh5XmaTSUAAAAAAAAAAAAAAAAAAAAAAAAAAAAAAAUdR3Qc86H2FbnGPnrHVjnfz0HsxDnQmQAAAAAAAAAAAAAAAAAAAAAAAAAADz6GDxW42MbrFLJWnHpaMjkdYPP5Ot15+MTmW5qnvM4jh09eqfuL8U6iFp7qUOk08BnLeq062yz0c/Ng87GTwuatD8zWGpnrb9Vz5u1po+1mR0KTMIQ5iZu0ggqy2HMETYrbNdMvYWglroDnPDEl5aNOsywgKSIxNVk2QogNW1q7lg1fWspkTTOhtj0Az1zGW0E/NcG0gAAAAAAAAAAAAAAAAAAAAAAAAAAAAAAAAAAAAAAAAAAAAAAAAAAAAAAAAAAAAAAAAAAUK41+jsWK8/S18Hn6eaVUWlLIOmW2Ny1x2iLaUh6z254/3j6pk7W4GOvbYXuf0jaDKbHH+zmwavmciR5pM1RIQjtO560RBZZvaTQfeJzZO1zA9AkzqWIt/LOBLfo8i/QOhIpMXO9hgi7gLTdJKE2Qn18TqzQAAAAAAAAAAAAAAAAAAAAAAAAAAAAAAAAAAAAAAAAAAAAAAAAAAAAAAAAAAAAAAAAAAAAAxmM2a343r6pT4dB61Q2WneenisL9eQvTlTSjR83aVjIetX2YxdHI+zF7zqFubVtMf7yX3rDZ40iIugteITwstR6Q5X3XEmuZ7V6RMmlarIpOklQpiTL7FRrFryha4Yo+Lv9N37x0mTQAAAAAAAAAAAAAAAAAAAAAAAAAAAAAAAAAAAAAAAAAAAAAAAAAAAAAAAAAAAAAAAAAAAAAADxZZBjHXtQBoBSqiLMVNGhkf3t9izzmMBnTDV2QPWPDYty0GyN8v9a3M06LJrokM6JL8LmrV5Pjo0Xb6eENomuwxxsHMX7qJd36uY+Yo07vNxuQAAAAAAAAAAAAAAAAAAAAAAAAAAAAAAAAAAAAAAAAAAAAAAAAAAAAAAAAAAAAAAAAAAAAAAAAAAAAAwEVznrBFV7m9XLm7xeUKPr1SK9lVoGw5bHYYkXJ6nlDH4XfPJBkYTvhDQqmS2o1iB8zFQu6NwX1pQmYmToWnUAAAAAAAAAAAAAAAAAAAAAAAAAAAAAAAAAAAAAAAAAAAAAAAAAAAAAAAAAAAAAAAAAAAAAAAAAAAAAAAKEQzLjyI8NImiFzlsPZGy4LJVDHMpiTfsHrGUJByOIwhtWn7fpRjoUlfk812nmLQtPVMbF9ENf30AAAAAAAAAAAAAAAAAAAAAAAAAAAAAAAAAAAAAAAAAAAAAAAAAAAAAAAAAAAAAAAAAAAAAAAAAAAAAAAAA8R7IohnFyLpxjqVe2MxbKJc22WsilmNYrm1eEOEaarV9Fli34fncePnMAAAAAAAAAAAAAAAAAAAAAAAAAAAAAAAAAAAAAAAAAAAAAAAAAAAAAAAAAAAAAAAAAAAAAAAAAAAAAAAAAAAYjLiGLGXNUNStFMy1lkcWZ79/fZjuM5Shsu/OL8l32D46HPX6AAAAAAAAAAAAAAAAAAAAAAAAAAAAAAAAAAAAAAAAAAAAAAAAAAAAAAAAAAAAAAAAAAAAAAAAAAAAAAAAAAAADx7EQWkx6gR9Ur0i7xV/CZB9LztZr/Zu5SKePYAAAAAAAAAAAAAAAAAAAAAAAAAAAAAAAAAAAAAAAAAAAAAAAAAAAAAAAAAAAAAAAAAAAAAAAAAAAAAAAAAAAAAAPHsaJhZVtCHoy6Ozxyn09mwAAAAAAAAAAAAAAAAAAAAAAAAAAAAAAAAAAAAAAAAAAAAAAAAAAAAAAAAAAAAAAAAAAAAAAAAAAAAAAAAAAAAAAAAAAAAAAAAAAAAAAAAAAAAAAAAAAAAAAAAAAAAAAAAAAAAAAAAAAAAAAAAAAAAAAAAAAAAAAAAAAAAAAAAAAAAAAAAAAAAAAAAAAAAAAAAAAAAAAWV6AAAAAADFmUYDPhbUi+AWtYqAFMqMNmQAAAAAAAp40yyiKwAAAAAAACyvQAWJfLW6AAAAAAAAAABbFysb4AAAAAAAAANcyBkwAAAAAAFEVgAAAAAAAAAAAAAAAAAAAAAafxh2JwEfTjlPqziolifeadmJw8cGdYHE/wBHOOemTb3Imlnd6EdyN8cEbadlIklsHLx1C4B6UJe+XfVPHJ3hPsGTmQHEUu8xH0ZcE9ZkESpgJBJEQVAB3phOTOkT59fUL5XTUdzoAn8AObYlO7HE/W5sLk3qAyTkeciRnCMiHR/zi+jvziOqGz3Jnbfg3Jn0qcqy6Sahi5JeNaNlcMSGTrqHKekH1BRlzYdwOJOzTgbuvl3oU3lyJpZ3fyVI8cGW6f5g3cmhwT0iTK0Tk07tc8ZcnBwT1gSMeD242w52pB2rccn1tQXYHQbgzqckxpfI53ZAeq7URN2rxV2qDkI69chUTsNxtlDrVqfIh3O437EKjjSidouT53N5c0TQbfFsbQgaR35wH3oSa4fqnbaxhMnp8/59MrJ/y16HO4nN8om/uepBJEcaWRJDZ7kmByD7Ou3GPZp+uTNbO13GPZwAAAAAAAAAAAAAAAAABonAP0n+VJ9aOK5f49OoueexsmQL1Hw9vZy99E/nZ9EzhrtTk/tM4Uv8RlDqaBJfgUmvp/mDp8jDiTuXg4+inzA+jXzwPopwF9C/n2fSq+CA+euhYiN40mW4iLGcYOnA4P8Ap98vPo8cBd8fPf6EHz1+i3An0nPm73Xwf9KzlDoC7vT5t/S75l/Q8+aP0++XP1SPnp9HfmH3QcWfQb58yKTHxh2lyCfS353/AEO+eJ0He2V6ahs+LoEpwd2981DZO3+GPo0Oe+hNbPn72/H/ABqdWaHKENHbMDY+PSNuwuZ+kTinvLg3vI4n7U5P7TOFJxgaejIcd9h8enaHJXatcjmMO14CJ34Ytu4iBeo+Ht7Ov9Y2fHHy17oyHAJ9IOAe6+BT6QfMj6VfNc69gDre8OTZQi+YDmjp7cceRt2rxV2qPln9TPlmfQn5ofWX5VH0n+ZH1t+S59RIR0u+ObvopwV3YfNP6jfMj6wHyN+iHz0+ixyh1zxB0iQZNMLTwRp2JyPvx+8ySTgCfONuweOT6fe9W2E+dXcvFHXZzh0bAUhmgTjyx1OcAfSb53fWA5KvbK9OW/oZ88/p+fLvtzjzrY5M+hPzt7iPnd9bfkl9bQAAAAAAAAAAAAAAAAABEEvjimTuiA5n6YHGnU2yjlHobaBz3M+dHNMvbxzaaDH1SxOjOj8RlxAE/jivoiTBhef+mgBH2pzaI+1ObRBm8b2ITiXHaAaL9GeU+4zl/pO9HL/UAAc86b1wPkz9YfmD9OzmO76ZHL8kSwOO811UMVz100ImrykNL5g7TGH4plOBToHpSzvBG8kDiab5qGC5P7NESwX2cOYZj3sctTruA57mfOjmnfZZEXUZXHFMwzqIegrtYRdHHTA406m2UMNmRxfufTo8cm9aiGrOcRxPPstjUuYOzByrNMgiF5oBy11KLblnq8U+T+tBoHOPZo5en/Yhyj1cHJfV1YchbN0uOe96koQvv+0jjHcOnhomozSOKum96ENxV1yNE5t7NHM8u72OUergiavKQ5a6cuRzNP8Amhy/joZxxpn1b5v6QAAAAAAAAAAAAAAAAAAAAAAABrpsSO5EAAAAAAAAAAADxTK4ACPcsbYAhObAAAAAQiTcWxckJE2gAAAAAALe4AAACHpfPQBQK6G5kAAAAAAAAAAAAAAAAAAAAAAAAAAAAAAAAAAAAAAAAAAAAAAGr5/jomqVdWgE6awurxsSNLMN4YlfbuTesTXvzm6czKo3jkn3cogzpe4GO5cN/wAVzTKhtGqRzvZMmBiDHEr2uoxqdE4rSdROscZr3OJMG+4rm47F1DaOGzo6S9X5+JhiKaonOmMDsdkRxKenwOSznMHnCQgcnSzzn06ZTc+KezTAaHCvSxtN/wAk9bETX2dgs6i5QmuFDpXjXtXjc6kgXonlI6DvsXAB2moVzHar652Jk3yK4qJtlaI9YOi4mlnUTBSTy/LhzB07zh1IbTFcVzeZHcuPuszXcZyb2CWUg8odXmFjOVtbMllePOwzm7p3mKQS4yOmycbQAAAAAAAAAAAAAAAAAAAAAAAAAAAAAAAAAAAAAAAAAAAADVuQe4uKyUrzKZox2cwecNqgGfoBN1u5T+f5LE5UK5omib3oh1fz50Ho5byByDI5Gsxx3IhnNq1XaiAQT9Ck1woShqm16oZzlHq6BjdsHuVclvm7pHm46e5S6t5SJ6i+YOVTqnmyWYpNh0iSo3JqzmD1E6MByp1Xyp1WcodDc89VHDswRbORi/3bYYM5pUzw4TnE0sxMdX8j9Ac4HY/KU3wgdW8w9PcwnSN7ZXpo2ib3ohJMSS3EhPPN3SPNxsmBwcnEMTvBk5kOdc8tyGQJK+v7Ua70TEM5HKHV/KHV5yh1fyh1Ycm7BG03nP8A3Fw53Kc2dE8c9UkKXO5Q2djAAAAAAAAAAAAAAAAAAAAAAAAAAAAAAAAAAAAAAAAAAAAAWIantoev0KliGUwYZy0Dx+BfgwmLDbrUP2oFkC9oBWph+1g07MBm8aGUw4ZjWwyuJDJeAyuuhsYMTlgxGXCx1MNtqhqG1h5uQw94GNuwzGOC/wDQWngKtqGRxoXmoBtfkLnVg27TQyOwhh8wFhfhjsSGRywa1lw1zZguwAAAAAAAAAAAAAAAAAAAAAAAAAAAAAAAAAAAAAAAAAf/xAA4EAABBAECBQIDBwQCAgMBAAACAAEDBBEFEhATISIxBiAUMjQVMDNAQVBwI0JRYBY1JGFDUnGQ/9oACAEBAAEIAo5UJZWMqSNTQKaFSQ7U7cI5VHIqOpbcDIz5/iuncaVRyoTXlHHlSwqWFSwJ24BLhRyKlqDw9FHI0jZH+KY5HFU9Q5nQo5UB54EGVLCpYVNAiHHAJMIJFUulC+Wr2RnbI/xSJKnqH9pxyoJFnKIcqSFTQqaBGGOAntUcir2XjfLU7o2Gx/FE9coHwSElTvcro8M+7DtHImfKIcqSJTQKaDKkj2rCYsKORRTYVLUWkwJ/xNNC0jbStU3gfgxKrceFV7LSNlo5UJJ2ypIlNCpYVLFtTtwjlUcqo6ljAyM+f4lIEYZ6K5Q5fcCZ1BYeN8tVuNL4jlQmvKOPKmhUsKlhwnbhHKo5FS1B4ujgbSNkf4jMEQIhVzTv7o0zqOVxfpTv8zo8cqA15RgpYVLCpoEQ8Akwo5FUuPC/SCwM7ZH+IiFGCMEQq5RabuYhcHw6E8KnqHgTjlQSLyiBSwqWBTQIgxwE9qjkVey8bs7VLozt/EZCiBGCIFaqjM3WaAoXwSElT1Dl9pQzZwgkTPlEOVJEpoVNBlSR44M+FHKopsKlqLSYE/4gzwdkQIwRApoBkbBWqhQPwElVuvCoLLG2WjkQllO2VJEpYFNCpItqwm6KOVRyqjqWMDIz5/h9nTPwdkQI40YKQN3R7dB4e4UzqvZKJ8tVttL4jlQkvKkjypYVLCpYMJ24RyqORUtQeHo8cgyNlv4dZ0xJn4YRCjjRRohVzTsd0aZ1FM4Plqd5peijlQGvKOPKlhUsKmgTjwCTCjkVS48L9ILAztkf4cEkxJnTPxIUYIwRArlDm9wEzi+HQnhU9Qz0OOVBJwIMqWFSwKaFEOOAntUcir2XjfLU7oz9P4cE0JISTEmfiQoo0caIFbpjOpYiifaSElTv7e045kEiZ8ohypIlNApYFJHhYQlhRyqGbCp6i0mBP+GhNCaEkJJiTOs8HFECONECsVhlbBWKxQP1Qkqd14lDYYmZ2jkTEnHKkiU0KlhUkWE6boo5VHKqOpY7ZPP8M9Q8iaE0JoSTEmdM/B2RAjjRgpImNnYrdJ4OrJiVa08L9K1ppGy0ciEl5UkamhUsKlhwnbhHKo5MKlqDw9HjkY2yP8L+UQ7EJoDQmhJM6Ykz8MIhRRowRArmn7e6NM6hmeN8tUvNKo5UJryjjypYVLCpof8ADjwCTCjkVS6UL9IJxmbI/wALXdN8nFlFHt6sJoTQmhJMSZ0z8SFGCONEKuUN3cDtjgEmFT1Df0KOVBIvKIMqWFSwKaFEOOAntUcqr2XjdnapdGw38L3dPaXvB8i+HKP9WE0BoTQkmJMSZ1ngQo40YIgVuk03VSRvG+CQkqeoYwJxyqORZyiDKkhU0KlgRx44CWFHIopsKlqLSYE/4Wt0hsMpIyifaRBuTFhCaE0JISTEmdZ4OKKNHGiBWKozNh565Qvh0JKne5XR4p92MRyJiynHKkiU0KlhUkWODPhRyqOVUdSx2yef4WnrjYbBWKxV3w5DuXUUJoTQkhJM6Z1ng7IgRxogUsLSNtK1TKDgxKrbeFV7TSNlo5EJJ2ypI1NApYVJDhO3COVRyYVLUHi6OBsbZH+FZI2kZxK5SKv1Z8F5fsQmhNCSYkxJnWeDsiBHGiBGCt0OX3AmdQTvG+WqXWlUcqE15Rx5UsKlhUsKceASY8xyKpdKF+kFgZ2yP8Ku2Vd07l98flEOxCSE0JISTEmdM/EhRgjjRCrmnZ7o/Cyo5HHq1O/zOjxyoJF5RhlSwqWBTQohxwA8KORV7TxuzjVuDYb+F7um7u+NHHjqwkhNCaEkJJiTPxIUcaMEQq5RaXqxg4Ph0JqnqHgTjlQSLOUQZUsSlgU0KOPHASwo5VDNjDtS1BpMCf8AC12g0/cxC4Pgjj/URNAaE0JoXTEmdZ4OKMEYIgVmoM7dZoChfBISVO/y+hRTZ6tHImLKcVJEpoFNCpI8LCZ8KOVRyqjqX9sn8LWag2G6zQlA+0iDcmfHRCaE0JISTEmdZ4OyIEcaMVNAMjYK1UKB+DEqtx4VXsNI2WjlQknbKkjU0ClhUkOE7cI5VHIqOoPF0cDY2yP8KzQDMO0rVQq79SHevk8iaE0JoSTEmdM/DCIEcaMFJHno9yg8XcKZ1XsvE+Wq3Gl8RyITXlHGpYFLCpYf8O2OASYUciqXShfpBOMzZH+FSFjZ2e5QeDuF+7y7OCE0JoSQkmJM6Z+JCjBFGiFXNO/ujWVFK4OztTvNJ0UcqCReUceVLCpoVLAiHHADwo5FXsvG+RqXBnb+F7um4ycXlEGzwJITQmhJMSZ0z8SFGCONEKuUOb3CQuL4dCeFT1DPaccqCReUQ5UsKmhU0KKPHASwo5MqGbGFS1Bpe0/4Wu6fzO8MbXw5x46iJITQmhJMSZ0zrPBxRgjjRArdQZ1LCUT7SQkqd/ZgTimUciZ8ohypYlLApoVJHtWEz4UcuVHKqWpf2yZ/ha5SGx1UgFE+0jjz1YSQmhNCSEkxJnTPwdkQI40QKxXGVsFZrFA/VMSqXXiUE7GzO0cqEsp2ypIlNCpIVLFhY4RyqORUtQeLo4Gxtlv4Vs1hnbBT1yrvgjDcs46ITQmhNCSYkzpn4OyIEcaMFJExs7PbpPD1ZM6r2iifpWttK3SORCa8o41NCpYVLAnbgEuFHIql0oX6Q2BmbI/wrLEMo7St0iroh3LqPkTQmhNCSYkxJn4kKONGCIFc07bko0zqGZwfLVLzSqOVAa8o48qWFTQqWBEPADwo5VXtPG7ONW4M7fws4sXR7unPF3g/d0dxcEJoTQmhJM6Z0z8SFFGjjRCrmn7+4HbHR0B4VO/v6FHMo5F5RBlSwqaFSwogxwEsKORRTu3VqeoNL2n/AAtd03PfF/6cg2eBNCaE0JISTEmdZ4OKMEcaIFbpNMpI3jfaSYlTv4wJxyqORM6IcqWFTQKWFSR44M+FHKo5VR1L+0/4Wu6e0/cJM4O7OUX6iJoTQGhJCSYkzrPB2RAjjRgrFYZWwViuUD4dMSp3ni6PDPuZnaORCWU7ZUkSlgUsKkiwn4RyqOVUtQePo4Gxtlv4VtUxsspYihLaRx56sJITQmhJCSYkzpn4OyIEcaMFLCxs4lapPB1ZM6rWnhdVrTSNlo5UJZXlSRqaFSwqWHCduEcmFHKql0oX6QzjM2R/hWeuMw7Ss1Crv1MNy+XyJoTQmhJMSZ0z8MIhRxo40YK5Q5fcCZ1DO8b5apcaVRyoTXlHHlTQqaFSwohxwCTao5FWtPG+Rq2xnb+FpAaRtpXKDwdzELF5fIeRJCaE0JJiTEmfiQo40YIhVzTs90fjhHJtfKp3+Z0KOVBIvKIFLCpoVLCiDHASwo5VDO7OztT1Bpe0/wCFrum7O+L5vJDsQmhNCaEkJJiTOs8CFHGjjRArlJpurGDg+CQkqeof2nHKgkTPlEOVLCpoFLCjjxwZ8KOVRyqjqX9p/wALXdN5mTj/AMs5R7erCaE0JoSQkmJM6zwdkYI40QKzUGdus8BQvgkxKne5fQoZs4do5ExZTjlSRKaBSwqSLHGOVRyqjqDx9HA2Nst/CtyiNhssYFG+0ji/URNAaE0JoSTEmdM/B2RAjjRgpoRkbaVmoUD8GJVbbwqvZaRsjHKhJYypIlLApYVLCnbhHJjzHKql14fEM4zNkf4Vs1RsNh54DgLBHHu6sxYQmhNCaEkJJiTPwwiBGCONSR56Pco8ruBM6gsFE+Wq3Gl8RyoTXlHHlTQqWFSwpxxwCTCjlVa08b5arcGdv4WliGVtpW6ZVnRhvXUfImhNCSEkJJnTPxIUcaONEKuad/dHwjlcHy1O/wAzo8cqA15RBlSwqWFSwogxwEsKOVQzO3VU77S9pe05hj+aXXasSf1RB+kWvwGoZwmbIfwWQsTYe7p7w9wEO/y7OCEkJoTQkmJM6Z0z8CFHGjjRCrlBpe4SFxfDoSwqeoZ7TjlQSJnyiHKlhU0ClhRx44M+FHKo5VS1H+0854WLkcHm56iMukUtiSb5uASOHipcIH3x0dQC038G3tN/vi89HINiEkJoTQkhJMSZ1ng4owRxogVqo06lhKF8EhJU7+ztKKbKjkTEnHKkiU0ClhUkWOGVHKo5VU1LkfPZ1N3+QyclNXz1H2M+3q1ez1Z20/VWn7JP4Mu6e03cDjtyxHHt6sJoTQmhNCSYkzpn4OyMEcaIFPXGVtpWapQP1TEqtx4lBYY2Z2jlQknbKkiUsClhUsKxwr7pHYR5XLWXB18ydlNAx+CHb7YrGehadq+OyZuv8GW6Q2GUkZQltI4/1ESQkhNCaEkxJiTPwwiBHGjBSRMTYe3ReHuFM6r2SifLVrbSt0jlQnwOPKmhUsClhVWgdotoxUwrjtCSJHGsOL9BLenZSwtJ5kjcHw/sisbej6dqj1+hRSNKzEP8Fz1xnHBWapVn7jj3dUxYQkhNCaEkxJiTPxIUcaONECuadjujWVFM4Plqd1pVHKgNeUcalhQUnnPa0cAwjsAgRxqSNSRohwhLcnZHGx9HmheP2xSuCo6gVfuCtaCyO4P4LONpGcSuUSr9WIN66j0QkhNASEkJJnTOmfg4owRxogVzT+Z3A7bejoDwqeobu045UEi8qR+YTgEQiDMIrCIUcakjUkSONCf6EScf8zV9vVvYBuD5apccH3x0NQC02P4Mdsq7prh3xuLF5dnBCSE0JoSTEmdM6zwcUYI40QK3SaZSRvG+0kJKnqG3AnHKisu/aMRMLMzCaZ+GEQogUkaOJSAhPb0fCdTV/wBR9jPhV7OXZadqzS4CT+DLum7snG7fo5BsQmhJCaEkJJiTOs8HZECONFGrFYZmwVisUD9UJKraMGdVNQaTtcJEEiE0z8XFECkjypI0caYnBeU7Kavv6s449sVj9C0/V9nZMz58fwXdoNP1YxcHcSOLb1YSQkhNCaEkxJnTPwdkQI40YKWFjbBWqTwdVFHzHUsm7tHKp6hjtkCRRmhNCXF2RAjjUkSkjXUPDPv8YUsLSIwcej+yKfb0fT9TevhlFKMosQ/wXaqDYbrPAcBYI4v1FiQkhNCaEkxJiTPxIUcaMFIO1nzPI3UA4ZVO88PR45tzZYJEBoSWeDsiBHGpI1JGnHHgS3J2UkbG3WWJw9scrxqjfKB9wVbYWRyP8FzQDMO0rdQqzo493VM+PImgNCaEkxJiTOs8CFSCzM7vfF5hwxg4Ph/ZWtFA/SvYGVsiMiCRCSZ+GEQo40cSkjRxoTz8ziiHPR5oNntA3B8tUtuL7woakNpsfwYQsTOz3dPeHuEx3rqL9RNCaA0JoSTEmdZ4WZeY/QhVisMzdZoChfBeyGYonyNS40yCRBIhNMXFxRgpI1JGjjQnjo+1Oymr46j7GfHVQWM4Wn6tzMBL/Bl7Tcd8RNu6OQuCEkMiA0JpiTEmdTG5f0hKPHgwRCpYWNsFZqFB7RJxdnanf5naQGgkQGmLi4ogRxqSNHGmLYvKwpq27qzt7YrH6Fp+rcvslZ2Jst/Bd7Tmk7wIcZYjBwQkhNCaEkJJ5NrZUUPLbqQogRgiBEGfNujy+4PbU1DHbIBoJEJoS4uyIEcakjUka6guhJ2U0G9ELi+H9kU+zo+n6mVZQzDMO4P4LuUhstlSRFETiRxY6iJoCQmhNU4978x07IhRAijRAnFW6Ge4PbUvPF0eOZiw7BIgkQkmfhhEKONSRo404uPVhfcnZSRMfmSNw8+yOV41RvFC++OpcC0OR/guzWGw2CsVyrvhziz1ZiQmq4vMTAw9GZm4OycUQIo0YJxVuk03VjBwfD+ytaKB+lewMrZEJEEiEkz8SFHGpI1JGjDCEs+XZGDE2Hmh2e0ScXy1a24uxBQ1IbXa/wDBckQyjtK3SKv1Rx7l8vmhHygy4kmfjhOKIUUaMEQqxWGZus0BQvgvZFMUT5GpcaZBIgkQmmLi4ogUkakjRxoT/R3ZOymr7eo+xuihsZwtP1ff2TfwW47mw93TuV3AIMZNuGXKEkxJn9jiiFGCKNEKliY22lZqPD7RJxfLU7/M7SA0EiE0xcXZECONSRo40xbeiwnZTV/1HHtisfoWnas8PZIJMTZb+C7uzeWyOTCjlyhJCSZ/Y7IhRAjBECIM9Fbo8vuD2ZVTUMdsgGgkQGhJZ4OyIUcakiUka6gvPVnZTQb0Q48+yKfZ0Wn6kVdQzhOO4P4JuS8qMnbdleUJbFHNlCaEkz+x2RCiBHGiBEKt0M9we2peeLo8UrEzOwSIDQkmfhhEKONSRqSNY2eGdiTspYWNSRuHn2RyOCpXiiffHTuhabLfwRrU2NopnTEvKztUUyE0JJi9jsnFEKMEQIhVqm03VjBwfD+ytaKB+lewMrZEJEEiE0z8SFHGjjUkaIMIS3J2RxsTYeWF4/aJOL5atafLENDUxsdpfwPq55mJZQumJeV4UUyA8oSTEmfjhOKIUUaMEQqxWaZus0BQvgvZFMUT7hq3GmQyIJEJpi4uKIEcakiRxpj/AEdxRDlTV9nVvZ4UNjPnT9X3YCb+BrrbjNnkjeNZTOmJM6wo5sIJEJISTP7HZEKIEcaIVLC0jYKzUeD2iTi+Wp3+Z2kJoJEJoSWeDsiBHGpI1JGmLb0d2WFNW/UfbFYx0LTtWeHASCTGzO38CX+kxrypIdvVmdMSYkz8AkcVHLlCSEkz+x2RCiBFGiFEGVbo8vuD209Qx2yCaA0EiEkz8HZEKONSRKSNNkF58Oymr7urO2PbFNsVDUireILAWB3B/AerRYMT4ywfqOUzpiTEvKEtqimyhJCSYvY7IhRAjjRAiFW6Ge6P21Lzw9Hjl3NlgkQSISTPwwiFHGpIlJGvk8dCTspoeYjBx6P7I5HDxTuvE++OlfC03T+ArUDTg4ohcXdn4SQ7+q8LcmdMS8r5VFMhNCSYlni7JxRAjBECIVbpNL1Rg4Ph/ZXtFA/SvYGVsiEiCRCaYuLijBSRqSJEO3wL7k7KSNjbCkieP2iTj1avZfLOOn6o1jsP+ArtFp+rELg7s/CSNpE4uPR2dM6Yl54RTYQHlCSYkz+xxRAjBECIVYrDM3WeAoXwXsimKJ9w1bgzIDQSITQlxcUQKSNHEjjTHno7iiHPRTQbPdDYz0LT9X8BN/rNrVYa3R31/Py09ZGZ9h/s1moNhlNCUL4PgQsfRzjeNZTOmdMSwo5cKOTKE0JJn9jsiFECIEQqWFpG2lZqFB19ok7Plql/mdpCajNAaElng7IgRxqSNSRpix0dxTipq+Oo+2KfHQtO1V4MCYG0jMQ/6tacibDWa21PkEJblp2rcv8Apyt1/Zp4BmHaVmoVd+vDz0UkOzqzOmdM6Yl5QybVHLlCSEkz+x2RCiBECIEQZ826HL7g9tPUMdsgmgkQGhJM/B2RCjjUkSkiTPsT9U7KavnqOPbFM8aoaiVfqNeyFkdwf6mZtGzkUuvc6TsrWhmZT196tVMIh2oD3LT9Tet2lHIMjMQ/spgxttK5ReDq3GSD9RZ0zpiTEvKYnFRTISQkmJZ4uyIUQIgRAnFW6G7ujxj21brw9HilYsOwSIJEJpn4kKONSRqSJfIuheHFTQb0Q7entCRwfpTuPG++OjfC03+p6s/xLPGp65Vn607rhhU7zTMpoWNWqeFJHhBJno9K8dR+lewFgdwfsuMq5p23vj4yw7urJnTEmJeV8qimQmhJMSZ+OE4ohRRowRCrVJperHG4Ph/ZXslA/SvYGVsiEiCRCaYuLijjUkakjTjt6sz7k7KSJjUkbh09rPt6tXs9WdtP1Vp+yT/UDf8ARSwqxWYmdntU3rvlqttwVHUGk6PJGxq1TUsOEMmOj1rJ1i3BSuhaHLfs13Tt/fH44yR707bX6s6YkJLOV4UUyCRCSYkz+x2RCjBECIVYrDM2HngKF8F7IpXjfI1bjTIZEEiE0JcXZECONSRI40xbvLijDc2HlhcPdDYz0LT9Xx2Tf6cZMDO7x2dy+ZSRKaDyrlB4e4K9lwVDUt3RyFpGVqmpoNqEtnmKUo3Yw0/UhtNh/wBmuUWn6scbxvguBAx+TBw8s6Z0xJnWFHLhRyZQkhJM/sdkQogRgiBSwsbYK1UeD2iTt4p3+Z2kJoJEEiElng7IhRxqSJSRpi/R3FOKmr7ere2Gfb0LTtUeDtKOQZBYh/0zVpdkbMo5VDYTPuUkSmhV3Tsd0cM7gtP1L9H6SMrVPKnr7UzuCEvDjp2rNL2S/s1mqNhsPPXKB9pcHbd0eSJwWUzpiTEvKA9qjlyhJCSYvY7IhRAijRAiDKt0OX3B7aeobe2QTQSIJEJJn4YRCjjUkaOFZ2+XFOymr/qOPbHM4KhqBV3yFa0Fkdwf6Xq0W+NnXyKORQzoT3KSPKmhV7Tt/cASPG60/UtqAxlZWamVYrbV1BCW5adq+MRzfs00IyttK1TKu/slhx1FnTOmJMS8pn2qKZCSEkz+zCcUQoo0QIhVyhu7g8e2pdeHo8crE2WCRBIhNM/EhRRqSNSRL5F8ydlNX39UQ46e0DcH6VLjg++OjqAWm/0t2yr2n7Oou2xBIoZ1HJuRhlTQq7QaVd0JYehqOxQzjMysVdysVcIhcUJ7lp2qPX7DA2Nmcf2UhYmw92g8PcPGSDPUUzpiTFw8KKZCaEkxJn44TiiFECMEQq3SabqjBwfD+yvZKB+kFgZWyISIJEJpi4uKIFJGpIk4uK+ZOKlhaRSRuHR/Yz48V7PVsadqzTdkn+l3dP8A7oyHb1YJFDNhRy5RDlSwq5SaVuskZ1ywVHUHBVrQzMp6+5WamEceEEmfNHUDqOoJxnHeH7Nd07ycXGSLeuo+WdMSZ0z5WFHNhBIhJMSZ/Y7IhRAiBECs1hmbDzwFC+H9kUpRvkatxpkJoDQSISWeDsiBHGpIkQYTPuRMjj3eZYXBY9sNj9C0/V9vZMz5/wBLuUOZ3gce1Aaimwopspx3KWFWqjSNgrFcqzqnecFTutMymhY1ap4UkWEMmOj1bR1S3BUuBaHI/s13T2l7gIXHo/A42NELg+EzpnTOmJYUcm1Ry5QkhJM/sdkQogRgijU0LSNtK1UeD2iWPFO9v7SE0EiA0JJn4OyIVJGpIlJGmL/JCiH9FNX2dW9sM+3o+n6m9fo8UoyixD/pVum0/VpoHB3ZxNRTYUM+V8ylhVisxM7PbplX6tVuOCo6g0nR5I2NlapqWHCE9vmGYoSYwoaiNtsfs9umNhlJEUT7S4O2ejyRvGmdMSF0xLyhPao5soSQkmf2OyIUQIwRAiD/ADbobO4PbUv47ZBNBIgkQmmfiQo41JGpIlu29HcU7Kat+o+2OVwVG+UD7gq2wsjkf9Ks1hnbD2apRvgmLCjlUM6+ZSRKaBXdPeLJBXtOCoalno5C0jK1TU0GEz7EB4wQ6bqzT9kn7NPXGdsFYrFA+H4yw7erM63JnTEvKZ9qimQkhJM63s3krQiivL4p3T2Fu3Lk5RU5P0ljeP57dDd3xu2PbUuvD0eOViZnYDQSITTFxIUcakjUkS+Rbc9U7Kavu6s7Y9oG4PlqltxdiChqI2mx/pc0IzDtK3TeLz1FRyqGwhLcpI1LCr2m/wB0cM7g60/Uv0fpKytVMqevtXUPAluWm6v4jm/ZjjaRnErdF6/X2Sw56iyZ0zpnXleFFMvihFfFO6c3fgzJ3/wIIQQimbhPpscnjUtKJupSRvG+H9leyUD9K9hpWyIGgkQGhJZ4OyIFJGpIk7OK+ZOylgY0YbXw/sZ8KCxnC0/Vub2S/wClEDGzs92hyl8ijkUM6A9yOPKmhV7TuZ3CEhRPh9P1LCAxlZWauVYrbU47UJ7lp2rPBgJGdiZnb9ldsq7pzh3x8ZYt/VvHRM6YkLreisb32xwV9vV+DCs/owghFCKZvY7rUdIGRsxzQPE/X2RSvG+Rq3GnQmgkQSISTPwdkQI41JEiDHVM+5OKkjY/MkLx+fbFY/QtO1d4+yVnZ+rf6S7ZV3T9mSBx2oJFDOo5NyIMqWFXaDTLugLBUNR2qGcZmViruVirhGGEMmej0NSKp0UUoyixh+zXdN398fE42NELg/XcnPb1dyKw+Gr12ibiK8+BBCKEUzex3TknNXoAPLq1TeDr7RLHVql/f2mJIJEEiEkz8MIhRxqSNSRpiz0dxwiDd0eaDZ7op9nR9P1N6yilGYdwf6Vc0/PdGQbUEihmwopsohypYVcpNK2HliOsWHo33DCrWhmZT19ys1cKSPCGT9HqXTqFkatsLI7h/ZrlBp+rGDg7iXAmYmw54iQiU5KCBom4YTMvmQChFCKZvY7oiRGrV3lILeyTeTh5FW6GzuD21L+3tkEkEiCRCaYuJCjjUkSkiTPjyQomU1bHUfbHK4KjeKF9wVLgWhyP+lXKPO7hkicXdAaimwoZsp23KWFWajSNgrFYqzqnecFUutK3WaHerVTCkiwhLb5gnOAmMKOoBbb9ns1RsN1mgKB8EprOOjRxPO6hhaNm4MmZeUIIQQisccpyREjNW7vL6CcmU7rT5eZGzOQq3p+7uB2x7atx4ejxSsbM7DIgkQmmLi4owUkakjXypx/w7KatnqLt7RJw6tVtuL7goakNpsP/AKVaqNOynruDuziWFFKoZ18ykiVivno9uk9fuGrccFS1BpOjyRsatVFLDhM7go5HF2MNO1VrPYf7NOAGL77U7M7iEMLzuoomjbhhYXlCCEEwrHHKckRojVu7tyIGSd1HGUr7RoVhh7Vty3UgVuk03VSRvG+C9leyUL9ILAytkRkQSIDQlxdkQI41JEsbF83VEymg3ohcej+zwoLGcLT9X34CX/Sp64zth7VV4nwTPtUcqhnTPuUkSmgV3T3jycde04OqGo56OQtIytVFNBhdQ8CWerabq+/Ec37JLMMTbi1LVSsdGgrvN1eOPZwZlheUIIRTMsccoiRGiNW7v9oESd1DC8z4avXaFsMIrHc6IEQqxWGZus9coXw/sjkeN8jVuNMhNBIgNCSZ+DsiFHGpIkQuz9PmRCpIWPzJG4efbFY/QtO1Z4uyRnYmy3+kyxDK20rlJ4fPyqORQzoS3KSPKlhV7Tf744Z3B1p+pfo/SVlZqKavhO21CW5abq/KxHKz56t+b8KxrEEKP1QDKP1OBvhR6gBoZRPxZtBXHcWoaiVl1Xrc3q4Bt4My8LGUIoRTN7HdESI0Zq3d3dokXCvXeZ+kMDRthhFCCdsbHRgijRApYWNnF7VN4OvtZ8Kpe39piWEEiCRCaZ+JCjjUkSOP/DPlEKOPd0eaDlrHtim2dFp+pFXUM4zjuD/SXZi6Pdocvqzs4KORQzoJNyOPKlhV7TuZ3CEhRPh9P1LCAxlbpZq5VivhEGEJ56Pp2plV7SjkGRmIfzMsoxNuLUNUeXo0s2UAFK+BpUmibgJOp6w2fn+xyEsoGb9EzLwmbKEUIpm9juiJEaOTCt3OZ0Yi4VqzzuoomBmFhFCCEUYZAmXzMzohRAiBGH6K3Q2dwe2pfx2mJIJEEiE0xcSFHGpI1JEt36OQpxU9fb1b2xyOHileKF98dO6Fpun3BEw+SvRivtWNfbMWesNqOb5f327p2O6Mh2oJFDPhRy7kQZUsKu0GmT7q5bSoajtwoZxmZWK25WK2EcaGT9HpXypl0rWQsDvD8vPOMA7i1DUindSS5UcZTPgalNom4MyYeAAjrjL80tc4vLY8phyhBCKZvY7oiRGpJduXe1b5qIuFWpzurhHt6MAoRQimFMoG7MJxRAiBGCIVbobu4HbHtq3Hh6PHKxMziBoJEJoS4uKIFJGpIl8vkmTspq36jj2iTj1atafLENDUxsdpe05Bj82dZYegSXZJHys5WU7bvPdE+Woax/ZN++3NP35OM49qCRQzYUU2U45UsKuUhlbDyxHWLD0tQcFWtNMynr7lYqoqTN5ZsdqpWiqHvYDaQWIfytu2FZsvevlM+SkkyoYSmfDVarQtwZkI8BjQimbhNRYu4AbD7SEUzex3REiNTTMDO72bTyon4VKfN7iEEIoQQimbjH80rcHZEKIEYIgVum03VSRvG+C9lewUL9ILDStkRNBIgNCSzwdkQI41JGuoLGU4qavv6sQ46e6GxnGdO1fPZNwJ2bq93XY4e1prRzefZngce3xp+qPB2mBsbMQ/vlui03VpYXF3QmopsKGbK+ZSRK1VY2dis1SrOqd5wUV55R6F/wC3ZWPKF93R9N1J6nYQSNIzEP5O9fGqyt3Cld3KSTKggKd+les0TcGZCK8oQQimb2SAxtgsvF83FyREjNTWGjbL2LLyv1d+FOjv7zEUAoQQimb2N+I/F2RCiBECIFYqjM2CnrlC+C9kcrxvkattpkJoJEEiEkz8HZEKONSRJx2ePmRCpYWNHG4P19sNjHQtP1V4OySa9HEO5ahrRz9AUU+zomfPtymdHH+o0r51X6V7IWB3B++WaozsrFZ43w4lhRyqGdfMpIlYgbD5s0Xg7xq3HBV5xsYy9cduGtVFLDhCf6PSvnTfpWshYHcH5HUdTav2jYsuTu7meVXrPO6rwNEzcGFCK8oQQimb2u6I8IJNnysbE2WckRIjViw0TZeed5Hy7vwp0f7zEUIIQQimb2ZTv/UH2OyIUQIgRApYWNsFapvB19rPhVL2/tMSQGgkQmmLiQo41JEjjx4+ZEKkj39HlheP3Q5AcnLM8nT2RyPGgNj6t7MoBcvErB+sFpoC3DR1ALTdP3yaAZm2lbpvE+HZ3HzHKobC3M6eLmdzzQYV3T9neFe04uqGo56OQtIytVFNBhCW3o9eydYt4Ub4Wx6ff6jquzIRzT5RHlVajzuoYWjZYQsmFYyhBCKZva7ojRSK5dx2hS1XrtPm5RmrNpomUszm+Xd+FOls7jEUIIQQimb2O6d0790aZ/ZhEKIEQIgRBnKt0NncHtqX9vbIJIDQSITTFxIUcakiUkSzno5CiDPmavs6tjjyWg/EkNzfJe0ScXy0UzScduG3Edxh/DklOX51lMW12JtE1R7bPHJ++HGxtgrlHlL5FHIgm3YZBNuRCzqasr2m5yUcM7xuqGpfo/SVlaqKevhM+xRyPG7GGnaoNntL7x3wtS1bdkI5ZkRZVSnzurxw7EyYUwpmyhBCKx7XJESM1bu57RM07rTLZn/TK1b5PRSSOb5fKZsuqdLl9xCCAUIoRTN7HdO6Ik5dQQkmJZ44TiiFGCIEQq5p+7uB2x7atx4ejxysbM7CaCRAaElng7IgUkakiWcdHIU4qav+ojG8jsIw1mqqaFpEYOPR/fXkeXtR2Aj+UzeR9xKKlJJ1UdOEPIkwfKMzqEYmkGVCTF1b98ds+bun7O4XbYgkwo5lHY8Jn3KevlX9O5nVhMoSw9DUsIDGZlZq5VivhdQTPnq2m6xuxHN90ZsDORalqnO7RlmynLKp0ub3FHHtTJhTCmHKEEIrHsynJEakkwrd3f0EjWVXrvM6hhYGwM1VrI7XmiOEnAxBzdmapUaHyIIRQihFM3sd05IiREt3yISQkmJZ9jsiFECMEQK3SabqpI3jfBeyvYKF+kFgZWywmgkQSISTPwdkQI41JEvkTtlbHd8NEIxZZnFOykjY/MkTh7o4MtvMpMttFQVTm6tHBHD4I1uWUxJidvNY5R6s1hk0rP8Avt3Ts5KMof8AHUfIy9VDOhPcpq+5XtPaVOx1y2lR1HaoZhmZWKu5WKuE7OD9GfctN1d4eyViYmy3vnnGAdxahqRTupZk75VOjvwRAG1MyFkzYTDlCKYVj2ZREjNSS482rnM6MRLOVVqvOo42FmZhBCKv6c1wMKrVaFCCEEIoWTN7HdOSIkRIiW/5EJISQkmJM/sdkQogRAiBWawzNh7FcoHw/sjkeN8jVttMhNAaCRCaZ+GEQo41JEhiJywPJ2NhjjTFjyQp2RDno80Gz2NG0Pzmbm+S8+IabD1lKROWeDDlDHl8KOk/9wRjH8nnjGf6fvs1QJfM2nmHgh2qORQzqOTcpYWJXaLSNgpYTqlh6V/aq9ppmU9fcrNXCINqEty0/UiqPhRTDMLGHttWxrDl7t4pnyUkuU7qlQzgjEdqZkwpmQjlCKZva7oiRmpZtvV7Vvmoj4VKfO7nAf0YQQghFMytVd/eMbbuqEUwrHsd05IiRGiJTWMeIn7Y0JISQkhJMSZ/ZhEKIEQIgUsLG20rVN4OvtZ8Kpf39piSCRBIhNMXEhRhl9rDC0bYYgRxo418qdspxTspq+OoiDm+BYmh+RRxFL8sUYw/K5/4TMtvhRUXf8QBYG2j7oz/AEf99t0mm6jJC4O6CRQz4UcuVJFvVumxM7FZqFVdU72xVLrSt1mg3q1UwpI8ITz0epcOoWQqXAtDuDjevjWbCtW3kd3KSTK8qjQ/uIR2+GZCKZsIRyhFM3td0RIpFNO0bZezaeVEXCnS39xiKEEAoRTNxmj2PzGFva7onREiJESmsfoxEh/tQkhJCSEkJJiTP7MJxRCjBECIFbobO6P21L+3tMTQSIJEJpi4GX9rAG1YTiiBHGjjXyr5k4rb5U8zPkY1BW5nV+gthnLcmHCEc+YYynfbHBXGD5ce7CxwA8/v1mqNhlYrFG+HE8KGbCimyiBjVmr5Vyg8HcFW5sVK+x9HkiY2VqopYcIT/R4ZigLeGn6kFtscNQ1NoO0LFjOVJJleVRobe4hHCZkIpmQihFM3td0RIzViw0bZeey8j9SLhTo57zEUAoQQimb2ZQ/0nx7HdESIkZIjU1jPRndE6J+4kxJiQkhJCSEkJJiWfY4ohRAiBEKt0N/cDtj21rbw9FHKxMziBoJEBrmfowdvscUQowRxpx2+HIdrmVm08/ThXp47pTLHn5vLMugqvUKz3EIMLMw/dt+/TQDM2CtVHifqxbVFNhQzZTixqxWV7TtnfHWtOCo6jno5C0jK1TU0GEJbfI5HBCesScrapp0Z5TNu6NSo7OriOEzIRTNhCKEVj2u6I0ZqzaaNlNO5vlyfhTo7e82FCKEUIpm9rui6+YpM9r5TuiJESI0Zqafd0TkndQDvMFuz1TOmJC6YkJISQkhJM6Z/Y7IhRAiBECt0mm6qSN43wXsgsFC+WgsNM2RE0En6MBYQkmf2OyIUQKw4QjvOxZKd8uzZdmavUav3EZr/APRbKI2BVdP8HN5+9Dw37/JGxs7FcovEuoKKXChnyuhKxWV/Tc9wQzvG6oakukrK1UU1fCBuWpp0R5QA5vhqVHl9UwpmQisIRTCmb2u6IkcitW+UpZnN8u5JuqqUuX3EIoQQghFM3syndOSIkx+MNJubKIkRIjRyYU025OSd0zKt86kg/UcpnTEmJMSEkJISQkmJM/sdkQogRRoxViqMzYKxXKB8P7I5HjfI1LXxHRhLb0YTQmhJMSzxdldshVHcdmydkt5xxvI7CNes1fxIf6MmHK3eBGpRaDuL74ejf6A7Z83aGzuH5FHKoZ0z7lPXyr+nc3qwmUJYehqWEBjKyvWQy7BNMiLKjjeR8DTpNGyZsJhQisIRTCsezKckRozVu5y+jSSbs5d0IuT4apTaLq4ihBCKEUzezKd05IiREiJRzZ6oiRGpJMeZZdyck7pm/wAu6pN5fhJDv6t4TOmdMSYkJISQkhJCSZ/Y7JxRCiBEClhY22lbpPB19jM5dGhsDT/poTz1YSQmhNCSYkz8L94KYbis2Tsm5yRRFKTCNeu1ccNIf6N48CP6v3SkwR1Kg1m+/br/AKHc0/yUbjtUcqhnQluU1fcr2ntKthwHtf4ggDa802U5ZUUTyvgalNo2TMhFCKZkIph9uU5IjRmrd3Z0EzysqMHkdharUaFCKAUIphTN7XdOSIkRIiRGmubTW/8AR5Zdqkk3JyTumb/LuhHcoY9gtxkjY04uD4dnTOmJCSYkJISQkhJM/swnFEKIEQIwVuht7o+H0zcK1p4FFM0jZESQmhNCaElcvBTDeViwdk3kkhhKZ9o14RibaJH+jEsfqQidk9gV6wVx2h7XdN9zEPXP+iXKPN7gONxdRyKGdAe5WIxw5PasM79JZsp3yoICmfDVajRsmFCKEUzIRTN7XdESI0Zq3ex2gRLKiieV9o1qrQt0AUIIRTMsex3TuiJESIkRIz2qWbendQz5iRybvLundM2E7oA3KGBSViFt/sIWJsOcbxpnTOmdMSEkJISQkhJMSz7HFEKIEYIhVzT9/cEY8huYTvu6vwhmKJ8jXsjN4YkJoTU1sawbzs2Tsm5nDC8r4aKNo22jzP0ZyZl/7eOM7R7Rr1xgHYHtd/uwbDf6LaqNOpoHB8OEmEFpo2y9/USnUkueFeu8z9K1Vo26MhFCKZkIpm9ruiJEaM1bvZyIEXCGApnw0FdomwwihBCKYVj2O6ckRIiREiJSSbVJLvTundVT5Zs5Si8RED5WMJ3Uce5QwqhS5XcSuaZnJRYxx8qSLZ4Z0xJnQumJCSEkJISTEs+x2RCiBECuStCylleUtz+wScXy1W60vQmJPMMYuZ2bJWS3FFE8r7RjBo22i5Z6M5bF/wC3hhO0e0YYBhFgD2u/AfugP/P+i2K4zth7QcknZ57CkkzwrVnmdQV2jZkzJhQimZCKZva7oiRmjkVu7u7RIuFes879IYWjbaIghBCKZva7p3REiJESIlJNtUkm7y7rKYU7qZ+aEZrwsqOPcoYM9GpUGi6lxuURn6tJG8buJcZYf1FnTOmJM6YkxISQkhJMSZ/Y7IhU3atRqvP1B2x76Nvf0ks2XndRxvI7C0cbRNtF3/RnLHRh6dzxRHaPYEEIwiwB7H6J34t92En+f9E1HUPh22jNYypJM8KtV5uqhgYEzIRQimZCKZva7oiRyKSTHVW7nM6MRZ4VarzqKNgZmYQQghFM3td05IiREiJESlm2ozcn6u6dM2E7p3Vd92+NZyoodyrVnPoNSm0De61WGw3WeuUD4LjLDu6t4TOmJMSF0JISQkhJMSZ/ZI7Azu8zuWckKt0mmUkbxvgvZHG8jsLE7MzAAg5uzNFHyR2p3z0Yix0Zh/V44zsnsCvAMAMAex3xxyh+9jL9P9D1HUfhu0Sinm8FpNkkWk2BVfTjJ++KHYmFCKEUzIRWPa7ojRmpZmHLvauPKnLhUp87q4R4wzCCEEIpm9runJESIkRIiUs+1EWU78G7U7p34QA+WdFWxISqU3lfDV6wwN098sQyttK3TKu/ski3p+18PlM6YkxISQkhJCSEkz8ZC5j5RCiFEKsVhmbBWKxQPh+DNlbeS2zhBDyWRP8Aoz9OjMOFGB2DaMK9YK4bA9jvj2t0Tfei+f8AQSfazuhgbLmXF2z55axhA2erMyEVj2uSIkZqadgbL2bTzOnfhTpczuMQQihBCKZva7pyREiJEaIlNPtTksryvCd1nhDDuUcexVa3xJMoYWibDfckzE2Hu6e8PcHEhY/JA4eWdMSZ0xISTEhJCSEkxKQt/wDTZxRCiFEKIVLExtgrVJ4OrKEeSzHwqwbMG5F+jeGwzCy7pHYBqVGrDtb2Zx9wz/eQ/wCg2H6N9xt/VBPt+cHYmy3HKIkZo5FPYaNsvYsPK+Xd+FOjnvMRQihBCKZvY6d0RIiREiJESmsY6M7p3XlfKndPwhhygDbw0p8S/e3dN8nFxfu6PJHsTOmdMSYkJJiQkhJPJjxHHsbCwnZOKIUQohRCp6ARvzEROTu71YN/eRkvlTIn3YZqVL4Zuvsfp90z/dx+P9BteW+6bIPkIbTH2kndESI0cis2WibrNO8j5d34U6OO6QQQChFCKZvZlO6IkRIiREiJTT/ozrK8rwndZXlQwZQht46X+K3313T2m7gIXF8Pxkhx1FnTOmdMSEkJJiVSPP8AUfhhOycUQohTgrdnnl0hi5pYROwMvHV8IzwtPo8n+oftd+Hn7ln+6CT9H/0Cz5+7Jt3mO08fQ3JFIjNWrbRKWVzfLpmVOjs7iEUIIRQisezKd05IiREiJESmn3dGd07rGV4WU68qCBCOPZpAd7l9/apjYUsRRPtLjJBu6ityZ0xISVaPnF1z7XZOKIVq1r/4BxlRxtCOE3d3P56oy/RtNp5xMXtd8/es/wB0EmPP7/bbx96zvH8pyZ6taucrwcm53d0I7n6U6XK6uIIRQimFY9mU7oiREiNESI1NNuTrKZsrKd06bqoK6Yce2hByo/yE9cZxwVmsVd8Pxkj3r5X6s6Z0OXwzQi0QsLMSZ/a7LUrfwgZZVYdve797r5kb7VRp/EPuP2k+fyr+wDx+/wBlsj99IGc7bMRRP1UYObszVabQoRQihFMKb2O6d05IiREiJHJhSzb07rKZsp3WeDNlQV03T26fV5pbn/InG0jOJW6T1+rcTBj8kLg+EzqmO3+ohJCSYkz+yUxjFzK5ae3I8j1YOa/Uuq2rGOrwxFbk2sAMDMI+wn4s35iJ/wBP34my2E/31mu0zOipGx7Wq1WhZCKEEIpm9runJESIkRIiUkjN5kl3p3WUzJ3TvwEdyhr491Wq87oAYG2t+Sds+bunPH3BxdmLo7V+9mXMyhJCSEkxJn467e5hcgRFzdmYY2iFhZmQhlWX3Fyxq1Wrjt9pPwdM35PKz7R8t+/2gwWfvyH9WAc4dhBCKZva7pyREiJESIlJLhSSOXl3WUwrcn4CO5QwbU3swqlN5+qAGBsD+Vu6bnvj4uWGTEhJCSEkJJiTOtSvfCRZZUodrb38rCmk5AZWm0uUzSnj2E+ODpvyZGnn/wANIboTz7B8t+/zhuH8gxct9yjwTM7M3td0RIiREiNEall2oz3dU7rKZsJ3TrKCPcoYdvup0Xm6kIsLYb8vdoNP3CQuDuzv/wC9+53d2dMSEkJISQkmNm6vdtPbkeRV4eaXBmQjlVofjpd5efa6defyXhSSY8kTn0TyA3mP/L/plCQv44Rj/oFgNhfkIJuQ/X2O6IkRIiREiJSzbURZTuvK8J3WeEce5Qw7fdTob+8/H5q9XCUXIpYn2twZ0zpiQkhJCS1W1huQyrxcseMjFJtgCOIYhGMPYT8PKb8i/RHJjw+GyRFLJO+yPksHVFdGD5Ya81vvkGJmZRv5ZCOf9Bnj3j+RpWOW7ROsp3REiJESI0RKabaiJZ4eFlZ4RxblFFt91Kh4OT83qUnRgTvnq8kTGuo9HZ0zpiQkuc0QubkTm7kVWPc+UyZOTRs5PRrvEzkfsIuBOmbH5KSTHaPyrlPN3PITM2wDsHIeIgjiqY3FYMXZ5I9RFh3GGrlIe2OKaQfmA2Nmdv8AQLUW18/kCbPRU7PMbYTuiJESIkRIiU0+OjO6deV4WeMUO5RxbfZhMypUNnef5y9LvMuJgx+SFwfDs6Z0Lq5JufY3lRBtw3GnFzi3v7DLHDch6dU35GSTrsDLNlhAd/eUsnMU0hWHYIwhIv6MB7KeQimLlZ3Q1HPvnqSAAvyhfKjtxA21RytJ4/f5A3thEO3o/wB/1bBCEzSixMRIiREiJTT/AKM7p3XleFnjDDuUce32iOX6U6PK7i/OWJOWBEj8+x23dHkjeNZXM5Q71jCrh/cg4MDyOwDGDAzCPEujJ068pvyM839o+ewOS3kpJP8ALn8Q7C0cLyvsCeTpyq00gx/04hhat1OSJ277JlzO4hmmtf0o6enjF87CzeG/0C3DltzfkBk5T7kZYREiJTT56M7p3XleFnjDBlAGPaAObszVKbQN+e1KTDC3vKu+eyY95dMZQtjDIeFWLYOfab54Pxb7+WV27R35JowhiEBw0h7u5HutOO2Kvj+nHI7MLANud+oDXrcp+2RhpPhpG6k5DXefvMZMs4ww2yFx2FrGPw6lyWy25QWM4Yv3+1Dy36feePYz9NiIlLNu6J3WVjPB+HlQV8oR2+2KIpH2jWqjA35/UjyZe+xJy4+ELeSXysgVWPml7SfjhY/ISybVYs57Qox8vEY83mYxZs88m21afKHa8w7WwrVjdvEYa/KdmZy+FEhjkL4dnFRwDjcUkDY51meZ5OpSOZPyxhqxRYaWOwz9q58cTs5hdEv3+QGNsPIGx8P9544l1Vouqd07pmynWeHlQV0I49sEBTPgYK4wthvz9ktxE/uFt2GaeTmm7stmHEF5Jf8A5DFyhYPa/wCTllYWd3uWMbt0TODizbhEWEbVjO4Fp8XJHKbsZX7PVxVem4DktnJ3Kebl4AY62MFLkajc2ecycuZNtOZ3YY4yfMddyFukfxGzpHVrHP3NDCAMzKt5x+/2YOYyfp+Qsxb2Tusf5d1ngzZUFf8Ayw49taqUz9IomibaP7AT590x8uN+FUcnlD4clGqEWSeRN7H/ACZlhTT+CXQe8oPBEctl/KrtysM8cmxyzc1Ah6NQqNjmFjHV71nY7ANauwAROAcrvKZ8E8iaMp3JlDVFwVmfmj0kdDANf8U5DF+8dReIf6garMZMyhKQOqA97Z/frdfd3N9+7Z6K1FtLcs8RHKgrpmx7alN5nQRtG20f2G0zxmo5GP22iye3hCOI0XjC258Rx8tmBvyDe4nUx813BWCDPRxK2bALk3RgaLsYpRk5Xc7TcsdyrwMf9WaEsvkr2pNEzbalT4xyMmh/VXJmjZ8tDv3PJDGDDuKxZ5/cZmUhKvVIekZEFd3jrPJt8V65WMyPBLFXHIjKxNlRahG+eXFO0n79bq47m4Z+9sx724iO5QV8JuntqUnl6uwsLYb9i1qDaQnwjm3dH4btmTTcNuNory6px7j3JvyTP7HU0mGd08bQi26WI9os7wcseQBxZwzTuUhgA55ZvuifeRSFBJt/qm9zaBE8AHdkffBh2ZmuWhhFbTsn0GkDZVru7ilYpS2hTqdzsE9hiZ4a5yBtwI1ujHLPHsw9gpuu8t5TOwqtSaPDzMIoPDZ/fHbKt1dvUfvnbKtjtNAG5QQYWPbSo7+42bH7JNCMwuJXKRVn6uyjm/QlafEfCAdxiy8uToVTDbGz/lM8TfPRq4NI/NTg5u6eFo8kRBy/Nj+mLoIHrttGQHLEYSkzvhARTmiIpiERqbRHod7lC7rmnakHbXgGNsDOXLFTS819yipv8rWTyPKisSdMNTrb9pvKTVHw0nTLuMDzu7qF8CXIGyQ/IerF/wDHSklsNueKVxwz/vjtnorVTD5H765DvUMO32sqdHwZ/s0kbSM4le096/VnZRy7PNws8rhU+dfomj34D2uhLPT8iZI8yu0YkTMLMIjhmUrMXRyZyd0ELA7zkUJPndPLgcqCDlCMpS9uRYRfrEis79ggcr4FadFsQzMLNi1O9p2FqVJx/qHMG0cKxN5EIYd22RTT/C/04zLkMQjBG8/VzrgINJYsSlLhzInkdgUNYIfxBtNu2kV6KDG8NQ3YdAbG2W/e3bPR7VT9Wf8Aw/3n6t7WHKp0dvcf7Q7ZV/S9uTiwpfI8IS2ksdFUHvz7X4Cf+fvnfCmkVcHZnd4j5hblv8Mz9jLYpwz0UkbEyjrNMRSSHGdjcTvtjF3QQ7weR27dzNGxZBc0I25YlZKXK06Nmwbj2tl9QuO5OA1aoyYNGzw7sSNy+0IoOb1J+XVBpJZTIi5s+ClPaMFZ3fbA7g3ZAVjZ2jVqyT96rRxxt/Sr9SymJn/fbVPPVjFw6P8Adki8vxEXJ+lSly8EX7Xe0xpu4LMbgQ54Vp/7Cqt87/cCePvidbd5Nmc/0Tf0261/G94pOa+5OadtrIoNyli3bY2mHyhg+Mk2qxmXDiTY8tJtY1zCFQOoz5fmzqJfKFOsxYdxHCvT7egwV3md3fYMLNIUh4LnTMBznhVaTbMKab4ttsZyY8BA0PWY9wO3M+OePuL46ecmFRAQ9Sgk3s+f3yeqxt0lgeP7t1/jhHG5vhqlRof27W6jyg0g+eOnvuhF/uRfamfP3bqQkCjHeW4vxSbdYk8Ag7GUHd3Oxb3XhSAzC+6xEbv0OAIWau0wbcOnArBjFHPHGD8sWLPmObZg00j+VABERZrYbarN8Y2QRST4Fo4GZmZXiaPJomKR8KCszN1sT/Ft1s2ObtZVqZC7KQhpZjhN9iGArTvLJDMMIPy47AOzKPVo/EcN3d83n98kjY1ZpbfBC4vh/uHWFFE8j4GvWGFv3C1osczuQfYEih0EW/EKJotrD91n7o3TtvNhUr+EzNs6g/lQ/wBQnMsvM+1WJsdrRPhmUfd1RNvdP0bK5TgrHXJIYnri4qSPHVSPl2FpINhExu5dqr7Qbcfxz9xEDucmFRjYBwp5hiF8yCVsmdRUmBnFXO7G6SQnVOq4m2J7G3/x6pHHGzjHHFzMEUsexhOwcz53v32C2BWqRg7c7djDKN2AGyJM/j98mpsXiWmQ+PfjdhlDC85dIIGhbDfuZDuRBt+52/dOpFH5N0/9QmRf1H2oxwjHsYVF+rvFmUyN93NJhaWVox6R9GQ9VMO/ovhxF+a5RFtdWzZVoHgbepI/8SRsxYXM5hMyIv8AFUdu8B+OEBy0ltppGd6FZ4tzkWAZWbHO8Q0yB8qcnAXhgkLktywr09+COcxqbSOQcE5y7HnfY0AdhBXGR2y0T6lt7Ya9WX55o+x+n76QsXR5aQmpdNIfBREPtpUSk7njiaNsD+7FF7mHKGL/ACiD2Z9rqToyfpnEbYJReHdD/UNSluX9mEfYLCqzbW3OJvMW5MWXYGI9goOjdSHf5tR7+iGszvvOVnJ3c5yFuqrRdjTnKbvkULP4Z5mdhijmkfOCpxYIHeKUYxyrtkpciqNTOJTINgu72pcPsGGHLbikk+D7i3clyM4wOy7qOmxBmWaf4nDDHAdt9sdSiFVn2SWIwfDxTCWHTPnr/oBCxeTpREi0mN/H2QCjoxR/vRBlOOOGx3TRf5Zsewgz9w/CUNvVtmeiz24UP9zqPqzu4/1DU3c6mN3bCf8ApCzKr43PzecXTf4ZvDJh3Zd5B3PhTC7IavxR9ZH53cpIxFsOERSc032bW6wv13Nv5DOClvE+WGhWCTBEH/2K9b29g1agz5Ztm3DtJsjyZtDzSJRCAR8ySSQrpMRxQlbdnQi0YsrVk5H5UTQ16HdPX1GOy74q9Bdv4Iccp2x78Lb/AJGPDsmWOmFI/a7KLoLumDc2XjFpDRNvLrPLgekf9IWVVv73KXmFtbOFjaihYlNFublqbtyR8k7BjCMmztEJYCf5mlw77d23BqER67oTePlu9jUdojtpg802FFHhmZr9gYhXLOeQQIYYwbc8u+5IzyV4ee24/CI3k3Yn1VgblVf1ytHjyRGoA2A38FEOPuAHLqxD13i/gkafwAqYuij6BldejuAcwuv45KexsbtgHlsyr9e9E+58cCDCljd3Yh+HasHLEhYGclKOS2RyVxhbki/V3UO0ertZdycnFjnNVBAB7Zbgx9H3nak6QVAhHYNoW/WMef1WXF1NIAg5Fevlb6cdGq4iHd/BZB7vKFscJI97Oyx1Jk44w6l6omyTApj6IO0HyP6oB5pss88mFSz7B6QdrKN93VH16LCOP+9Wn+Z3hi+GHmPIPjNh2HKOqUWxjJ9+2Mazbu1DZeQ2aM5uY4iNOEYciJG0bLmNcfPCWUKwkUlu4dssmnVTTSlePfCG1v4NIcp2xxxlCOPZJCxvlWYtm1bfCb5idF3lhF3vtUvTqtuI1F0X40i38x2AZDaIekL/AOW7lMO7o3ww5F3kHLvI9p3DoqsbAz3JLGcEjF4cs+9yYAH/ACz1Y9pNGw2xDxIRT7hLOFJKFSN5ZLVs7Z7j4HE+dirQdcv/AAdhctbFj3ELF0XJePteT5lG2DZQ/wCU/wDUkwx97sLP0ZY5YMLVmwzknLnGy3/KIuTRCoy3dXJt3RTsnoc48EbvIW9S9nRV6vxJHJJZnyTuwPs7lzuQxA0O4sNGEYwCwDvYAOSS7cK2e52ZMn6dFo9VzLmIAYGZm/hm5DnJsw5wvlZQ9u91D0bK/EPpOTPhkR4Z8C3KBlVb/wCRTy7z2rft6IW2sh7nypGy2GmAQYiU1c5ZeSxiHSMXjy/eEctqTbE4jF1CtW5A4c5N74a7c+JdmFkyd+igiKc2AaNZoAb+HGrAz7mIXF3ZYwJIi2i+IejO6DuySHvJmU7bidHM4i7tCHLHKqNvfmKWTcWxt2EzfqnbmOzoo+UOBsx8uMsW92cM8TVh5DUarE7WCtTPuaGO5YF/6MSbhuWi0mEN38PWIOZ1EgcRJ0XVf2CyMtrPiFtrO6w59y2cwmZpf6pYYpOUHSAdrZVfvfKmfdgGZbc9VLD373jg5TvM7wcx+UVuxyBdWz5G+P2OtI017BsbiO1sN/DxNuZ2TxvGW1yHwpEX9oIz2s7qDo2V5y6ceaTC0h732g5tAHSvnq5B3u6kL+1lZ6YwLNCLM1ixy/63tp1ytysAVq41wYA/iA4xPzZg2s2MZZf3O6lfLsyP/wCjH0bKiHtfEXR9ylfmkwNIeztEXavH3RO5LK3b+5WpGjHmHNIUpOZk2HduIA8pMA0abVhb+I3bKKu4u+JehNkW7hQP1d1I+4sNI/8AYztsUbcsHJq44LcrMm82BZ5bddzv0cnf+23O059qIMInQRlI+B0rTWqj1/iW3Bv7mb9HXyZUPQsqLq7uifeWFKWGYWZ+W2VAOzdIYZJ9yZsLVbWG5LYwn/w+7oogKUmANL0xoMl/FHIHOVIO0yWMbkxbGUPTLoO53dSv3bVNHjlshZTzDCBSEZkbuZbvK3YTNvdhDS9KaJu7+KZ4eYuU45deWXyim/psqzdXJP1zw1axvk5TOnQi5uwjpWltE2Xbp/FhQ8stqIOmVJ1Z0HbGK6N4sWORGcnB+vVQwnOWwNN0loBfc3T+LSFi6PahwHaPVP8Apw1mTpFHwrUZrDsI0tOjqjgf4wKrtd9s4OPLytQoHYeMgrenXfDyw1wgbEf8ZGDG2H+EwhjYfH/9sOYOdv38swRNk4bUU/4aM2DqQSgfy8CMQ+Znz7PCGxGXRvv/AAhnjLozkwtl2JibLfkHkEej+w5BD5gkE/l/LGbB1IJQP5fyc1yGH8SKYJW3B985MLZdiYmy37XqBvHXmIdH1KxNaiA16luS1nh5fpywdiAik4/YtznffSHsEidyl1Ods6Roz6eZFw9T/SL0j883H1Hp89gwOPQqstaDbLxtfhSrRPq4PyFr8KVaD9ZAvUdKa0MfK9O0pqoyc2/qcVDHM0zUWviRt9xdux0g3yaZqw6g8m32ajpFs7BuqwFHGAlx9W/hwr0p+BJ99LI0QkZV/UEdicIY/f6n+kXpLzP+T1m29SuRjp2nHqRktLpPRi5T+6/r0NM3jerNz4o5Pf6jpTWhj5Xp2lNVGTm/teqfSzrQfrIOHq3zAvSn0xrVdaGhgF/ya35bSrz3YeY4+ppXlaNX7D1oZJWp+p97vzZfVczv2aPrLX8i+oahHRDeZeqp89JPVXYG3RtRK/GRlw1D1IEBOELeqbK0vW473atf1UqzvA1K09WUZW0XVS1Dm7l6n+kWiagFFpzL/lU+Vpuojfj3trOsnp5gI6Xde7A0r6rrYUexo/VU7P3T+qnYv6bTc+pzH0qUYbERlP6qld/6Wj638d2Hx1T1C1Qnjih9VTMX9ST1UbEWyxNyoTkWneopLU8cTynsAiVD1FJamjifU9QahFzEXqeyXUNN9Sc82jmtfhSrQfrIFrOplp4g46NqRXwMi1PVi1DZu03WzoA4Dd16as0LrSdQ+Oh3rWdVfTxDbo9+S8BGat2gqg8hyeqJjf8ApaTrs1ubky65qpWHOu+maqWn79tTUObU+JM/VMx9Iq/qqRnxNHI0gsY3fUklaaSNrdp4K5TKn6n3u/Nl9VzO/Zo+stfyL+rfw4V6U/AkWqayFDtX/KLXlaVrIX+1X9QCiG839T2Tf+nousHeIxPVdaGhgF/ya35bSrz3YeY6d8K56pw7tBF6lssYtJr+qlWd4GpWnqyjK2i6qWoc3dqevhTflg3qiy3V9N1QL45G9eCkG+Q/VFg3/p6b6jawTRzep/pF6S8z8bvqSStNJG131Ps7YNP9TOZsFi96odi2waZ6jeeQYpr1pqkRyuXqiwf4dL1S7uzTpvU8nM2Pc9UOxO0Gmeo3nMYptStPUgOVtI1w70vLK/YetDJK2k66d6bllrmqlYc676Zqpafv21NQ5tT4kz9UzH0ir+qpGfE0cjSCxjqevR0n2D/ymyg1knonaV629uUpX0zXzzXrrWNbOhKwDplx7kAyvrOsnp5gI6Xde7A0rt6mk5vLVv1QbG7QazqZaeIOOjakV8DIrvqSStNJG171Ns7YaXqgnLbOtQ9S8onCCn6pLdiev6nllkjD9l1T6WdaD9ZBw9W+YF6V+mNeo4CC0ZPp3qSIACOWB4yHdFH9UK1r6SdaFVCzZFj1mqElaVenSxcjXqSd5LTitCohDXAl6nqBCcZh6U/Ak4azO8FWYm0GoNqxg5asUoOBPmlYfbqUYHXnJaILFbhZwiEPlXqf6RemqgTTER+p6wclpF6SfunXqz8WFenPoxRk9yfLxU4oo2jbV641rMsYVfoBWmwNYsRRlfpxyV5AWhv/AOZAtV1P7PATX/L0N7fUeytOg+MsxgT04iDlq1FyZZQa79JOtB+sgVr8KVaJ9XAtQ+HYGeyXqesHQLk4zTHIEz5gJaD9ZAvVv4cK9Kfgyr1XEIfD7fS8IHBJu9Q0+dWy3pWztlOJ/Uc/OtbG0+t8LDHHw9SwFLWbbo2rNp7nmpfr3n3B6oiEYBdvSsYm8+6SOPlkJfb1Kr2RaxqIXzEg9OlmmC1j6udar9Aa0KqFmyLHrNUJK0q9Oli5GvVv4cK9K/gSqSf4id5JG1+iwctafLyrcTh6rgIhikbRdbGiLxnTtQW/6kXqOAgtGT6d6kiAAjlgeMh3RK7E8sMwDSsvRnY3q6zVvYAtTiF4J3fRBYrcLPPtqxSyDVMOcJT2ddpTRFG/p2VwtxsvUk7yWnBaZrFOnCILVZoppykh1iR5dNiN/SXmfjrH1c6pUYoYAjVyNoppQatRiihGJTNyJjYbjRPGXPf1JUg7Y9UuBcl5gaWW6rBlw5k+1BShGPlNM3ImJh9QfRTr0t9U61r6SdemPql6oiEYBdvSsYm8+6SOPlkJfb1Kr2RaxqIXzEg0efl6dvWn1/jbIAcVaOIdoDXjFnFteFhuTM2mQR/D13Xqv6kF6d+jjXqz8WFenPowRg5yuLQaPWiBgXq38OFelPwZVrH1c6oUY4IQFtWgGCzKA2rTx6bzFodQbVgROzRisRvGVH8eH9lmiaUDB4zOlMzqP1HUccvrOpfHy5bRaz16sYlLYqzOUEmuadWrMxQ+kyLE7KP6oVrX0k69MfVLVPpZ16d+thXqOF47REtF1aF4AA/UWoBbMBj9KfgScNWrPZrSg2iXRpT7jk1arGO5RRlfs4bUfprC0H6yDj6n+kXpH55l6n+kXpH55l6s/FhXp36MUQvUm6x6zVMN61K18XPJK1X6AVon1cCtfhSrRPq4FNXjnZmk+y6qnqsUEkIadY+DsBIR6xVAN6nl50hmrMfMryC2l2GrWIpC1HV64QHt0T6uBeqZHewIrSYqTVwNanONixKYS/TutB+sgXq38OFelPwZV6tbpXdemrsUMcgSM4yDlnb7LurRofjbm8uFi3HW28y5plGwLmtNchtQ7PVLZqivTNuOA5Wk9SWd9UOX6cgrSMfN9RWYZDjCH059GC1j6udar9Aa9MfVLVPpZ16d+thXq38OFelfwJUcXws+2SCnps7MQQ1dP5rDHYtwwuwTappVLlnIPp0ia2G2WxVmcoJNc06tWZih9JkWJ24TSNCBGU0FHUW3PfgCCYgiffJQfdpMwwWYjMzjvRTRx1HCKceeFDTjbc1OvReTMHqSu8dpzWlRULMQbpKmmxuzP6ijaOltH0l5n46x9XOovkBal9TYQ/KKvfjzL1ZI/wDQFen4Kjw7j1yzHPP/AEtJ+lgUf1Q8L348y1yPfTnZaDbCrYyeuapD8OUYemPql6r+mBekvM69USONcWb05BWkY+b6iswyHGEOjQ87TnBU53o2BMo9Wqm25VrQWW3R+omxclWk6hA8EAL1ZHiaIl6f1GEK/LP1BdC1M3L9OfRgo/qh4erfw4V6U/BlWsfVzqL5AWvfWTqzA82mCLaNdanOxla1qvBG5NR/Hh/ZtR0WK93P/wASJUfTsVZ2M1qPp34uUpWj9Jde+pUCqGyNvTGJeYrtb4qE4lpmg/AS8xWYOfFJGqHp34OYJVf0+O8G2T/iT5WuVYqfJhj9Lx7azvxv+norTuYt6Sf9dP0qKi3ZYi50ckao+nPhJgl46nR+Oi5S0nR/s5zdanR+Oi5S0nR/s5zdatov2gQktOpfBQtEtT0SO8+5Rek+vfquz4iRo60DtVCJ6Xpv4WYJVKG8SFUvTfwswS+zUfT0dsuYFb0qIlmXUGxYnZh+UVd9MhMbnFT9NhBlzpem/hZglWqaSF9mzF6Tw/fZ9LjKbkJRZjcFR9OfCTBKtW0r7QEGWlaZ9ngQK9RC7Hyz/wCJOq8XJjjjXqrZzo8emavKgeR+Gqaa1+Ngf/iRLTdEiovuVmuNkCjM/ST57Q0kPhWqn/xJ8qf0xGYgIadS+ChaJXPTPxMpyq1U58BQrTNB+Al5iswc+KSNUPTvwcwSrVtK+0BBlpWm/Z4EC1HRor3V/wDiRLS9DGgW9atpDajsX/EiWnaTFQ+TUfTvxcpStH6S699SoFUNkasQtPGcbl6Sf9KfpmKJ90qtelhMneLR9J+zuYtR0GK6+9f8SJaXpI6fuxcpR3A2SH6S69tT0w0JiZ6nR+Oi5S0nR/s55ONz0z8TKcqFtrMys+l+dJJImbCn9Lc0zNahpwXg2GPpLr3WvTASuOypB8PEEab0xiXmcJ/S3NMzTtno9j0ozlmKD00EcZitM0H4CXmLVdO+PjaNaTo/2c8iuVAtxvGf/Enyp/TEZiAhp1L4KFolqOhw3X3r/iRLTqLUouU2qaMF/Dqr6YeGUJH1DTwvBsNvST562vTYStG0enUvgoWiTemMS8zhq2lfaAgy0rTPs8CBXPTPxMpyoW2szK/6c+LmOVV4uTHHGrvpgJi3RV/T8VPM0+mRvJZgZv3H1B8SPIOv9sahjaqui2bp7pIIRgAYw+/1aS7WtSHDLqmoWW2rSfT5uTSWPudQqyvYndg8N97rtq3AYfD1NJsX5d80YNGLCP8AqYXNRpdqmmv6j2vomi/Cf1Zf5mtWPh4zkWm3/jgc/wAxnCZ2Lx7NUtFUheQaM72IY5C4RalIdwq/3eq6lJTOIQW5vHCxqUkVwIG++cmbz79S1b4EgFN19h9rO60fUTvCbn/rti7FW/EbXqqjlGVmIJ7AVx3yHqMAAMjjrtUnwhdiZnaK/DLI8QqzajqsxSvPEUXMenJDIGYLF6Ks4jJa1KCr0MDYxEmsapXrvgx12qSEmNstPYCuO+Q9RgABkcddqk+ELsTM7WbkdVmKSfU4IMb6+rV7D7RtajDV6SQavWnfaKlmGJtx/b9VlWuRWWzG74UeowSiRj9vVVBYCcd0erXoY45Yi0PUoKsJDJFKMwsYW78VTHMbXqrqKQZR3B6h+lJaR9LDxg/7SRSa3VjfCq34bX4asXYq34ja9VUcoysxApdbrRE4vBq9ad8MvUP41ZT2AgHeY3YvtHnqtqENp3aK7/2cKn1itC+162qQWX2hwllGIXMvtOvy+ag12qT4U1uKAd5jrtUnwmJiZnZS63WiJxeDV6074Za9ditPFyotXrSkwCZMDZItdqiqt+G1+Gor8MrmIxarBLI0QXJqwEDTqeca4OZ/b9VV7cVlsxy/Ia9MfJNwl1urG+FW1SCyWwP9ZItrO60ut9pSyTTlplYmwtK/8O5JWXqH6UlpGlDNGM0+oaTAUJuHpuRygIX1L/wbsc/DWn+LsxVh1EdtWVm9O/TL1K+JIMVdHjxvn1Sx8JWJw0XS4zj50s2k1pWwtBlKGaWsXqH6UlpGlDNGM0+oaTAUJuHpuRygIX9TfhRrT9Jj5YnLr9COuISx6bpkcgNNNrumxRRtLHp0ry14ie5nULzQIdMrC2FfhbTLUUkUvyGtFofGOW99JrO2ForPXuTQrVa0RxSyPoFOKeEnMIxjZhGatHNjfJpdaRsL0+7xTzwr1D9KS0j6WHjPAVjUJIxj0msDYVyu1C5C8RFtZ3Wl1vtKWSactMrE2FpX/h3JK3B6EDu5PrmmxBDzQ0mV5q0RP6h/GrKWIZW2mNaP7S5ShqRQPmPWBI7oCEGjV4hwtcpjTOKWEH3Cz8NT+mnWh6cNgeZLqelQciQg0Wi1xt813R4DiPb6alcoTF09CB3cn1zTYgh5oaTK81WJy9Q1o4Hi5YafADsQ62ZWbEVVotKrRDha1TGkUc8EUnMACapWK1Zmiavp8FfDh6h/GrcJYhlFxP7Oro4moahE0cvyGvTHyTLXDcKp40mhA8EZIKUMZbw/1m9+BOtIhtSAXI+zLpeaeilBM0x+ofpSWkfSwqx+HKvTP4Ui1ytz65LSbfOqiRaIPxM81otT+mnXp36Zeofxq3D1J9OK0r6aHhV/7Q16h+lJaR9LCrH4cq9M/hSL1N+FGq/4cS9S/TitN+ngXqH6UlpH0sKjjmK9O0PwF5/J+n5Jcc2X5DXpj5JuFL/s5lqX0869NfTkrdhq0RyPXG5qbcxfYdhaCGy3Mz+ofpSWkfSw8a//AGp8Nd+qrK9+BOtIhtSAXI+zLpeaeilBM0x6zqR19kUTaRbk6nqWlzV4SMtE+khXqH8atwH/ALfhd/7OHh6n+SFRfIHDU/pp16d+mV/6edemPwZFL8hr0x8ky1nUjr7Iom0i3J1PUtLmrwkZaJ9JCvVHmDhfGR9Rfl/AX3+aTQZpvxIY+SAAtC+qs8PUP41bh8XZ1OUgg+xLClrHWu1xOX5DXpj5JlNCMwEBvoc0GXrU9Sninava/wBZdtzOz15i0acwP7fqqjqgXSNg9Q/SktI+lhVj8OVemfwpE7ZUkpUPiqy0ut8NAArU/pp16d+mXqH8atw1Kr8VCca0vVmpjyJ5vUNcW7dBqmRyWj9Q/SktI+lhVj8OVemfwpF6m/CjVf8ADiXqX6cVpv08C9Q/SktI+lhWpxnRtNaAPUFYm6xa5DNIEQS/Ia9MfJNwpf8AZzK3FzYZQbRdTiqAcct3GoUyeHSNXhrxcqWbXQLsraEJDcmY9dByqnjRtTi5cUD8K/8A2p8Nd+qrJ23M7PXmLRpzA/t+qqOqBdI2DX4yinisJtfq4Wp3zvRHytE+khXqVnYoDVPUYrmeXdP4LUWmKrqcNotkd3/s4eHqf5IVF8gcNT+mnXp36ZX/AKedemPwZFL8hr0x8ky1+Mop4rCbX6uFqd870R8rRPpIV6nid2iNV9crzbBWu1jjkC1HD6igNu//AJBBkRBaF9VZ4eofxqyfqtMsNpc0sc0nqCsLdshTHcrnMbZEmWiagFLmjLbvBVAZD+3qq5n2nejOP/WpIhkbBfZtZBEMbYE4hkHBgDAzML9WdRxBFnYjqxSPkkQsbOzxxDG2AOvHLhz4TVYpvnDT64vlkcQyDgwBgZmF+rOo4gizsliCVmY26MykhCVu8RYWZmOIZBwYAwMzC7ZT6bWfqo60UPyEyigCLOxNBGJObKWnDI+SABjbaMlGCV8nDVjh+RoQEt7IKcIvubg0Ee7fwOCOR2clJEMjYL7NrIIhjbAuLFln+zay5Qu2xAAxtgZIxNsFDWjh+SSEJWwcVWKF8g8IETG6lgCVu8W4ELGzs8cQxtgDZiZ2eKEImfYTKKAIs7HFiyz/AGbWXKF22IAGNsCTM7OztQgF2JkenVy6vFThh6ghgjjd3FHXjlw5qWrHN+IFGCF8gcIG7ESlpwyvuIoxNtpfZ1ZAAg2B/wBT/8QAKREAAgEDBAEEAgIDAAAAAAAAAQIAAxAREiExYBMEIEFhUXEiMEKgwP/aAAgBAgEBCAD/AIeY1lHPnEDA9YaoEGSa7PwFt5AIPUQNnqr+pC7LpJ3eaoWsIjEdUqeo+EC4sW/GqwxNUDRG6k9QvsAuJ+y1iwHIbM4gYGyLt1E1C5nxPsls2NQCFi53DQNmcQNmBcDqFSrqOAF23+yWzvZqmIWzAuBYNA2ZxKfqc7Hpz1tZ0ALifZLZs1TG0Ng3sDZmmU6mRjptWv8A4gLifZLZsWxbTCs3EDZuIJS56ZUqaBAv55haxbHtKzSRwGzYQQVtBi1AwyOklsDMO5yYfxYtj3aZpmmBoIJ4weVYoYGyM9JdsnE/f3DOIWzv7dNtM0zxwbRah4AjbtKfHSGbAuWszZ2mnP8ARpnEX0xfchQmwNIk5nhOcQLgY6Q7ZMELWqVMbCD3hYdotHO5H1bT0h2wMW4mqNU0CFoGgb2abBYWxKdH5Onpjtk2LWapk3DQNfTNMLYEpUc/zIXph4hhs3EK30zVFqX+MxaXkOSF6a0MNyuYaeLlYGiVIN4KeuBRjHTjzGhjW4hXMK30RVImrbEpLgdQbk3M45mmeKeKCnanTydwvUGp/PsOTBTImmacw4gWFdwJTXHUjTzDTMFAmCiBCgMekRvPMRPJBg8cHMXjrFT03yNMDEGeSU2PWW9ODuDSgSLTx1ooDyEA4/11P//EACQRAAEDBAEFAQEBAAAAAAAAAAEAAhIQESBgMQMhMEFRYaDA/9oACAEDAQEIAP8ADzRKii0jWA26iApVhqwapfI4nvqgb7Mso0dqQaByooNoMXaiG2pFCkVxiedQDbKWAao4cUd0/mnBtu55UahuZbQt00N9o4BtJKS5UcXcaYG3RQqMpYltwi22l/nklhJGxCLbaSMY+GS5UfpXpP50gNxHiHdHqAI9S6DgpdtJDcA334y63BrLSBgG3oWo5ht0XfJagG1LVHEd051uw00VGMUW4F1gjpwwkpVFC1FcKWnigrJSwKDe6e7vqAzkpKVC6wR1AOxkDUU/U52pByDkeqj1LqSDrqKiivSOsDqVii3WR1PsqF19akpH+dX/xABGEAABAQUBDAcGBQMFAAMBAQABAAIRITFRQRASIDAyUmFxgZGx0QMiQEKhwfBQYGJw4fFTcoKSogSywhMjM0PSg5PikKP/2gAIAQEACT8Cxcq/KydMZFn5WT44zct3yr34wqBp8q5Y2dflREVuypjZV+VEuGBOmMiPlR+3Anxxm5bvlPBrjgb8YVA0+U864EsbOvyolW7KiOMlWnynkos8MDdjIj5UbuWBPGbvlRBrjgTrjCp0+U864Eq42dflRvuyxu/5Th6izd3Y2I+VEqYE6Yzd8mP29gnSuBPGFT+S+Vx7BBquBvxs/kvA17BvwJY3f8l9634+SiK3ZUxsuHyXCizXsEuGBOmM3fJiVKXJY7dgZWMKgafJedOwQa44G/Gz4/JeDXFQIx+/Alwxu/5Lzrcnj5Vuypjcn5MSr2CLPDA3Yzd8mIs8Owft5YEDjCp0+S/7bksdlccDfjZ8fkvPj2CdcCWN3/JeDVewyrdljYj5L71vrj5KLPDsG75MRZr2DddKgcYVOnyXyeHYJ0rgTrXGz4/Jf9tyWOyq4G/G7/kvBrip4/et92WNyfkvOvYJKLNbu7G7vkv9lKqnj5UpgTpjCp0+Swgos8OwTpgTxs/kvKlOwQawN+N3/JedK3JY7fgS4Y3J+S8GuKDlux8q3ZUxsqfJedVvX3x8RwwN2MKnT5LBRZr2D9vLAnjZ4RcmtyZaTwi/5GxZ4dgg1xwN+N33TGltxrALjRQatHyN/b2CdcCXDG5PBQFe8eVzdhQaCg1x+RsGuKHYJVuyojig8qLXgNXPAnhb1+7n8jYGvYJKLPDA3YiyZotptOMkoscEXg/I2VVPH7sCeFZM0UsKeIkog2Ldb8jAos17BPjgTrgWZTVNA08FLFywi4hQap8jZU7BOuBvuQq1T68FIY3dhQaCg1WvyNnS5LHb1vuyFtNShT1XGSuzwt6lnc/kbBrihj5KIVkzRZI9PNzfz7LJRY4akXg/Iydh7BuUuP2wIs8EYdk3KVoW6nyNlYVPGWKB9ccKVOwSwi4hQap8jYs8MZkj+R5M+Jub8OBpjN93dhQaU61+Rv7cVbM5o5mzBlXCgeOMlid6iK0+Rs+KGxSwt1VlGZ9UwpcML92PnhSUWKckXj5GQaqhhSGT5nyxG7CiOCL+ynWFup8jN634G3QFZiYNccKVOwSwi5oKDdK6vkbFmvNTuTa9DF78OdOywKnnfI3J4Kz1440KIrhT44yV3dhb1FmtFb8jA5/lj5cML93PHzwpKLFOSL/kVOzb2HdhRZ4dm2hTtHyJsBO/qjsUDhSpjZ4kuaCg34H5EaPAfXse/DgaY+WFOq/dz+Q9SpdkiK4U+OP3YW9RZ4K35Dy7JLhhb8ZK7PCkosGxH5CWi7u7Juwojgjjp4Z1jmoGnyEsuz7JBrClTGzxJc0FBrj8g4NIRHZ9+HOmPlhTWxrn7tF5oIpjxQveHsedV98Df2MKIrhT44zfioscEXg+68MCWdT2P9lKuBLskqUwt/PGSxMlFk2I+6hcBaoMjxwoscEXg+xpKLPDA3dknTCiyjjp4ZjRQatHunkqVcOItZR+nseVMCfZINYW7s0GgoNcfdMQUWa4f3U7R7HnSuBPsm/DnTHywt6/dz9z7MGXDDMaqDdOXseDSEe0RFcKfHHywpKLHBF4Pub3jhbsRBqtfY86rfXAl2SXDC34yV3dhSURaFup7mWHDnxxH7ufscKIrgbuybsKIRhjp4ZcaKDVOXuZk0phwaqoYcWOCLwfY+Tw7RBrC3Y/fhwaCg1WvuYNbPLD34iLOao+x/28sCfZN+HOmP34W9Szqa/cyfFbsOVcPdVbRT2Plce0xFcKfHHywpKLHqSLwfcuDVUHHCEFk4ZUGhZ7Hga9plSmFvx+7CkpWhbqe5c6qfHDlSmGZKDfH2P9lvwJYsrkud1/gmvBOPggWfVZLdhRZRhjp4ZcQoNU5e5mw4e7EbGufsiLNeeBu7H1Do5SX7xk7aYW7HzrhwKnWvuZFnhh5XFWYeTWit9jypTAnhR02KJxo/TT8vJbDXCgadl3qWdT3MlTDga4iLFOSLwfY86Yf3UuwW5Qo/vbVEVwp1rj5YUlFj1JF49y/wBuHvxErRVbqex4NcUHHAiVtPYJqL8rSDNR01BkdqlSmFv7LuR1hbR7l5XFbsIKVcMqDQs9jzrd3qXYJ8Lv/XD9LUtx43J0wosowxcsUXNBQbpy9y4GqgcKSyeGGYi1Qb4+x5Iwqpdgngd+BOvkp23INYW7Hzw4FTzq+5e9b8OVKYidjVfY2Spcewb8Dfc7wB8jd34cDTsu9ZNae5krDh7sRk1p24v1Lo/FdGbhuSopcewSrd34FjX92BJRFcKda4yeJkosU5IvHuXFnhhwa4qzDixwReD2uAu77r9YKN+Nx3dglxuyqhgU4RVuDKmFKvZjrCnaMSbsEfb0qYcDXEStZRf5dplS798KedausKjzGNldycOx43YU6YUQo47dhlzQUG+OEV69bUcA7V+7n7enSq3YW9b8GNyVoqpHs27A++J6p8DsQceOrFSpdyeOIqDvGHlYW5bsdPDmv3c8E4clFngi8H27BpBxphyrcngTWRwReD2TKoi+5vxsWc6mvniN12VMTayOLsRvW/CnTHb8Peos8EVL1LncliNyiM329OqnxwpKXDDizayvt2LK4I3JVx/7f/PLB3YGwYrNaxIgoiuFOteylzNlT+XmoM5vqeLCbZB1v4LpQDtRD9B9u/ZbDgysHn6lc/bhnkVA2jsG+7LsG9TrY1+bTpX2uTpgTpTF/Fi5Uwt+PlgRazKfm5KeHO6b0VPlVM/qa/8AKafw3SulxFqymbc729Fmt2VuBOmGXGqg3xx0q1uy49g33bJN00NaOCHWzaevHAyuGMq1wxk6YUWUYY7cg8lRbrm6uanXEzXXNe6OaLzc6oqfT119cBuTIGy4zetCkH6x7fizSmHBrioYc7GsWXAKDPG7Lj2CV2VUFAjJapoOjgg4i5lVxtWuGNga4W7HTUzNrl6jioM+J1BQZpzNtyAzjJB5zj5CWEz5D2+NbOHOuIizWmKlS7sFewSu5NcCDbOSfI6OCyrcd8fkMdvW/CnTF+tatma4UsCLWZYPzckX3InN58sHrGgRvfhZnvTLvE7/AHBEarrDC3rfhxYpyReDhTpgbufYJXcnjhZQ/ljqHxOPkoiuFOuJnw1raa4kPKi1n0/LzuzzrcCZsRvfhE99iDh7iwa4oRpgiClXD2iq2i0YEWqIxuzpTsG67LjiP1Dz54vfczGefYZUwpVw58NfqK31xMAJmiDmbatfTRcgzx1KAGAJTasCnnGZ5e5E6qfHBCyeGGXFQapcyuGBPh2Pdisky0aOWM9Oh2KdMKIRwJ8Na34kuAn9FBkSZ8zp4XP28+WD1WP5N6qDSg4Cwe5ew4W7DO1QargT4Y/dgTpjJi2orzw5XahW9jga4W7A31xMvE6B6goCxmweqq1Rb8GfrwwRq6On5uXudk1wp0rip1x86YE+GNnZy24qwFbuyb1vwsqi2mv0xOwWtLYLBqUyotZ3LADyZC0qLfgzq5+6GTSmFBpQu78Dfj54GVwx+3XYduJ0c7k+yxZrgxflNeQxM7Gaox4aApqZm0vtclx1c0Hmlg1qLRm35DR7pftwp1U0cDfXHz4YE69gybdSs9A7fYEqXctr+A5nwuSph7GaoxPhoC+y2mt3dX6cVOtjI9WLabWvdTK4rdgQAVksD74/fgb+wSuT6P8AtMv2mG3ECHaZ0qp90eezBnTA2DO9eC+2gLfRS43dg8z6iv1N5vqwL6nX7rQNVA3ZUu7+wb7u9b+x5JgdRmu768cR+3Bl2P19T4YcDxuSHjoC2Ci+y+93YOfJfqbzfqg4Dx0n3Y3oxGBKvYJcbsrT2aeSdkvDhgzwINcUHYG7sMz68FZZXTrxEme8oASHq03Nprd2L9TWb9VIeOk+7OVwwJVW7HyuyqrOzd8eLMRgTwt634E8fYrfDRzuZVcPJH8jXkplbTX7YG1qxkerFLxOk+7OXwTJL7UymEHDj2CV3J49osUuccUFFmuBPHSEufLA3rfgT7x/x53Moz5YEzuAqtptaNfdqLRweaG7GypdyeParMZFnhg78X+o6KbcKSizW5lHJ0fFyuTs0acCJMgokzar9PeKBqt48wo4ndd3eyP28sGWJiTILaanEZObU0HqCmVIeKmbo1BZZmfIe7dMUXHwKg1x1Yrd7Kg1xwd2ItloH1xG9ZIyee1bSpCQUzcsmVl2DMHM+9ERnWjXgTpgT4dtsx8DXF5InyxP6+XO5tK2C5MqXdFfi5e9Us3l6jcngZXDsEsdM9h31wJ4Eyt9TiMprJ57LlslIXcgT+LRz93rMdM+P1W/ndyq9ukOxxZrh2y8ziIALYKBSF2ShpoKqAEve37qPq1Tr26VVZ2SVKYJhXRiZM5Wk02K3Ai7xKmco+rB7wW4/aK+rFLtuTXs+7Am1wsHniMprJ57LlsrszLzWUZCn1PbPovD3UkZjz18VEHteTx7TBrjckJ8tqtw7FLujR9VITwP+NjxdZz7Zu53OS3o+4dvYMg/x08+1SpXtcL3vKZiRw3DEWxa8htngzbmaBSHap+po6z64La+zXyTX6rWvyBDz/cfJG9FTD9rPmo6SrHe6cjkny5do3dstidTPMwuTwpM+JsG1TM1ZgZbc9GjtU7fh+q+p9eCN6yzbYNXNBzObXS1oTy0bRM/loNK67dJss6s4p5aMmbdtE5nV1n6kw5/6mlH3Ct7DlM+Irz7NOlO2+gz9cRJjxat3SwcliWk/TEW+vHsU7WqfVQAt5VJUGR6cFAM2WDSUIGLz3nWtUAov1NyLXJnQut0gn0hyWNWlTNht0tnyT2Q6FT/AOQhes1+txp5oI+6UxL1pW6hp2TK4dt2eSs8sGVycmddf04Mz4VKkJdpMbWs360UB6ifUVBhn141tUHbmBp0lZHi1pa9QUu81z1WBQBm33mvy81vEdjNTpXW6TNmGNec1wRL2pdH3mtalvZZ0MjvFAu9ZR8k080ZgzzUPcGzsMjlc9nYpqfbtJ3fXDtWSzAeZ23LLs2uHaco+Gn1NTf4iJLR47lICfiVBkSfL8xTPViY98yvmtS2t10nyFiyTJm3pNOpF5MCRb8DGjTaotmDx3NDPmUL/pv4sa0b5sz+tBotTTmM5znusYHmheMCbVm02pnfFtrS6wJl/wARyU+2MmVv9wJdhslqps7DOvb7L0f5Yc24DzPlcsuyZn5DtIeTIV+y6xNueZQ0M2Jxc97X1WTYM/SdAQvxYM811CxRbMzTRsUjZnlHrtPDx/azoqV/yShJnQz5lOv+833WNGvQj1jlNGP7tNBYn3pkyZt6To4ouZsYta0AIXrIyWJss82uCEWpgRLWs+nLrtZvdHNNB47tNiadot3e6OxSPo4/f7Atbb8IYVqkIDUOc7lk7k7FZM1NvaZmYFgsZfxQf0zU9GgbJqLL/wD7TyHio57WrujRU2oddp322W3D+Y0+EaSh12pM5goNNUXF3WbzdA0lDrdxgdYs6SM7ghpZYr8TfrrLrNtSZtaPrco9IZDu9GPVqsmZMs/elq/X0hh9hoTy/wD7O81+Wg0r6f8A6Us9oz1WlF+lS9vz7Dbxs3yxsq+wvi/uOFNqA8/Djc7sVbc7sBr+naf0D/IovIMBP9Sye81boDB+K1QJp/1s0GlTakxIh8ttAjGbbVPh/MoNn/8AzZ5lS7rPnci1YzYPiaRvmm5tVqH0qbUHttZLPmdARv2jafIWDii4B1+0fDbRldTomd+smvBdTobGbW9J0K2zy+iF90lnRzA/NU6LFFvMkywPiRfRwvH6rXaV+xme+a3E+6FvH64uXsOy+4lTwe5Dbb60XO+eFyZku76PaJDK5Jlx130NSg57zQfRODDGS8ZRtaKMA9wtbPIWr/kasm6paEwbQo0BmTntCgsUtPfte1oFinZoGlRJkD/dq4ovYfFr8Q8kNQUb5/63WD4RaoNkagwzV3ALqdEx6fpaKDujGT0VdLXJRaMgPLmo9Ja3m6Geai33ulm7QyoxtiH1OdwCacHxaMSdWpOZGe1lNeaO0wXW0yCnT3Ot9DFS9iW3J3e6CbvdZudzieXaNgqVF2UTInX4J7TUnabRsnqR09I35eTlWWgTOzxXWdBkTf6tRv72dt98OpWTsHwgKyDLFTZDNcusO/8AG0e4NAUu+1YzQMoOZFi3VUWj+1n6DxUrWplpSZkxYzp0k0XWeeqOfmjfG3pJawNHFQYGX0vJQZHjr9RX6ejkTroNFqie70IhvoEY8NDA/wAio/Bz5pp5zAYbaoe59vo4iXsaVbm+53mh4RuVu9+PLtGSzkeZ2qQPrYp+oPrQq0xOn6LQ+mpf8vSiJ/DZtQeA+9FatazPQpC2d8dOtQcNf+mzxUGe7RkVT2ei6OZM4+ZUHCNoYFg1lTOSye76tK2lQd4aU+9fAd5o82vBdUnKNBm86qDFrWdqQ6okJDcg+jJ4/Rf7nTtbmdJRe2cpox9alBkZTZ4aToQvOjt6U27fJG9H82tJfkhfuMd3NR+Mweojh7e9fXj2bd7HE1Fm5JUaPlc03O8e0d63Radti2etCsW3ToVjtEc066qTOQzIvrrs0oRba6x4MjzVotL737oPbaP+2xpqdSsPWatbNvIL9bU3fRlQZZkOLR8gpPJA72s6TIUWW1Nqgm7RpUS1KrWlZF9+9rToFgWUckZo5q3e0tLzZqZ0C0qJOQP8vout0zUzma1FprKbMz68FBgWi3QzzXV6NnJ6MerUL0DJYzeZ4IPeZZx1+nLrt5lg5oxFjMmdskY5oiUIa/b331470/C3eypUuZg88Dug+MMPf2Db60qDTc/hAVsh63r1pufdWIPEyY7YeKP+2xMzvvoujm5zD8lmyHxTU4Xpk42mhcZLIvoV6RrQpmduzZ4qLRkNNeQXWFpt6Q2MjVai++yjX4RTSbVPusy1Hbcg6Z8h5odQZIrpdJyy7WrGFNq3vaFkClujmUPydGPJOv3G9YsYHNRaNuSANNAPFU6/SnyoE92f3m9DOjSrP2jZadJXVZP/AGNW6qofqmTcPt37fTh2KfsyDXFQ6vA3di0YiWPlM/4jzVs9VNtybUtAWz1puR81bM8tI8VACxz/AFqRgZnvadT1BhnKOaKLqh3+2JXrOdrKss4M81M5R0apg6VDRmPppKyLRK/0VU3PPwM81A/2DmVkCzO89JX2U+HxHyCJdae8TrQ/J0YtRe3YM3VzWVaTAa9QUGRltnv/AEFLF1OgD456hx9GiZe3Z0Xm1yTi3Yx3WNLSaLfgz+keatl0bPmnM6oqz27u5UUuGvGaLs/Z02OFuBU9ntifWhSmtZ8grZ6vqvVVs1KQubSso/xprZdNSEW6tmwbUKXoeYHkyvWlZLFuc1aSaBGBmZn7lTd/ts5ozn6KWqJalpOcdVlVAd5t3Wfo+IoOHdZ0V5rYM/6La15ngFksiAVkz5MoXz7bAPIBHqMzbML71Yup0LMha2hqYFmjXwUek8Oj5ngo9L3m5hj6qNbX/mrqsTTmbW/JkenLqMWtGLTSBH54FR0mS3j27vUP7TyUMVouTr7QN4fDcukH7U3fauqg4dm9WlBW8Fa96lMq2epd7wC2etC2KQud4x+6Ey4DOdZofPSj/udJHpG8waNJkF1XOhK90c0HnRB5+iL84iDzmrvbPQCL2GH/APyH4dKmXPdDUwz5odZvS5ln6BbTnHki5yeJ3op6tR/MVBgRvf8AJvQjOEO8LIaaWLLd+wU11Kyu90marJtWteqrJzc/6cV+joRbyCmJOkx+UV0oXz7J7Wius1mDJ+qhoUPb27lRbreRxFvuZVWr05d7gLNpXeidQ5qZe/UvtRW+A+q2C7aPD6oSEjDfY/Sptu8a+SMNNZFD/d6R978DNpKEAIEwf8R1ra092x/p66vheipqSLbVKx/HWbU31GSXtuc4et66odD4BUjSnuEhNqNus2BZTVmaPU7h6lplfU2UWWZfD9eChn9J5M6VBwjX0Fk2A97S1o4rr9K3kserAmr7pDuGpGWU1YyF1We90jVvqiN6za332/osr9w32pqwQMT7fivGPjNc/W5DBgPcutywFW+StXqit4DmrYnUOam1PQFs0D1Fehadt3ao32zb5BZDFkr41dWtUItT1WBWWWE2nYmZ5LE79qupG+flNVIzTYB4oRaloFVFkH/7GuWhGD4uj6AsQ6zhes0fF+vgo/5nQsi1qwm0PoF+lmT9J8ltKmP4/U20UWe6znfQeK6/StSZ8yjfdM1bmj1vRcBNqewVJ8F1OiY/lzQveiZyWa6SpWteplROcbU1EqWqnuCEEUUN/uboVt23hct8l3+A5q2J1KbfBSEtK+9TctVnoIfpfaj/ALbGU1XQ7ioQcz8DNu1pWeOjmoMjKa/xZ1oUtyWTZrNtEOqDD4j9Eesctu1kZv5j4KBc78mgfEbSskOH5iLBoqvssoy+HTyUhNqWzmhF3VFNJReWrbWtWhdUB18Z7BVo+C6nRMSHqZNbUHdGzk9H5tKHRvPXE27HDmoAWCzUhG18mfzHyTb+l37gnhzonSrGj8kdyNy1oK1WrvKA4BW8O6F3vTX0X2CtloH1UmZ66L0bgnw08VC1+cobKCAVImgrtQ6nR5DM75rOOgKRe9rjtUxK0Miugiwqb4P62ts+SMBOurWVlEdQZoECToHiovyX96rTWgeKJLstt8dCDgLLFuztCMWplmLvUgodGxtfzJXVAyWLGNLSyDZa35u4obEXAZXSS13nOxC9Zz7Tq5rfMqQvf/a9Pj8k9uB3larVIcApFx/SJDapmXPYtnrQv0+tKsnyuWoflFug6dIUWm8pocB5KwCUdDhRB7TZ2n7LrOIv2pXxzXpzzbqUhITvj8Qo1WxRJmHxPwDQp6ckAQjoCDmXiQyz63Jp1TTUsowZBg5mp86raaqY3MCutP8A9M2d7pfzaFFr1wTXUGUc7Qz6iuqwJMc7veN98lrFpFyVqt9FW8FM+gslngOagD/aOa2DT9F9z6ipLbcmTBQDJnWnq0oO6RsQGYLTzUv7qnarfQA1ouaNlnRMn1JQZBDrNp0m1FwEekb5aAg4uN4Pwxa2daEoAaWrfUlE95s6Lkejfq/1Gv8Ayyok+nBWTOcbGQpCTObdgy0CXWuEv3H5LzWnAl5M81aoX09A+qm16CkHu8ztVvC0qyQ4KKsRifBd2XNW6YOorJnnqX/xs1NVEzbarq0MrK3wm/ag9gNQGe1yTesi3zNFlmeax561EA2T6RvkFGX+pxDDHnRWyA4BHdwC2M2M3S8lwhERUXOjW9gPkzsKoFYrV6creAuTb8AF3uAkslmXmrfROxSCtX2QjYafQKDIyq1vdIteoEDqM0Fpo9WabKb5hQ6NjKNdCF69lzLOYyfM+aEz1R58lM5Zt/LpfMFZbuq6XRAzOs2KTL5+rUb0C3koCxmmB8QGu07Pk3S7YFbwuW8FqGj7KbXgArcnV9VJjj9Fo3/S59lb6irHQfNZZyjTX5L/AI+hsz2uQRMctqG1ym7YwPqogHqQyy+Z0BZTTyTajITzanlVQYYyR5nSboU60FV9h6n8nIKpWhbFqU2rOCkreH1Wpn1oVsl+nmrJ+uK+ymVIGCm161uCiAzqnDxXWJcPzEcpvU3P6Zu0Ci/SzmukdSy2vAVWQJtfiHkLMG1z9P0Z8fk9MIOgVZctgFarZL1VWwGoTO1aAPJR8z9VIeJt3K3h9bmxHqsSFDb9Ez1zBlmlBzWSHHpWrSTZ6khGDmamxnmi/pG/+Vv/AAHnguvXbfoeCs+T9qpcsXqq1D1oVq2Kz0VqHmVJket6tmVZ6cplfdB9ms8hajAd4+LSy2n/AOl8LOedJwY1o5BwHyirgeqrYrZKyAVh8foq7z9EZTWU1/EL7Ldo5lZLNmcbAFM+nbMCJKynCOr5SRCzRdsVtyZgNqsl5lSZ42blbPVYNq/V/wCdlqn6ishl97pOdtuW3PtpOgKOn5TTAuWPVi1c16qtnmu7LSbFZ4krZ+av6V6qptZWqwbbm+4HtNSRe9z/AIvp8qam5YrFZAeas4nkrLNJ5Kz14qTNlTYFNqd2JMgokza8ho4/KqYQrcqrFZxK1D/I+VyXR/3fS6HkyFVMza8ho02/K3YrHXJnzXr7ruiGuQuh54a1EtTPkNHH5X1GB8TX+IuBz+8aaKr76/ljI2KpuEPDLnGGlNbAmXfLQ/8A9siH0fHHtBnWXJsNOobhcmgdRul2E2N/YWgdqLkX9hMdeCXay5F/j2cuRB1F/ZGwzrKIaGiOPLkX+zIEMNLpCQXw2XGyy++lsRvjfngMARfl+eOsB8EYtnYE3fXwo65nMqgui+DpUVZUwM1rgq+XYM1rgtPBRc97KhfOcyn9Z7naEy5zWJk9MuvXT04LN9fGBReQyHnAzis/yGOkyC/YmT1rTDTiM5lfB59jmYDampTaMUXxMcMEtCxB18yDhxc97KhfOcz7MzGlp4XPj8l+IeAQvm6STLLtR5oOiUwMp3ko3oTIAA2plkDTFBzY8VsFUyy5MRi8IOcbovyLbEGd31XVbpyTMG+jnreEH3qZAvL2Wl9zOZVGXCqZZcoETCZBeEHTQvm6UTLLtyYDoTmu90XkoAJgAaYlBzfgcAXzQ3BMgjRApgOfBd1gncHpgC+VgPgmB1kL6LkwHaiUy59oks1rgtPBB98TNBzimQLx8tKZBebUwHdIwyeagXxCDy0Uzeh8LkgmB/cUyLdCZDmOkMdTwmX3zp6EO62XD4Xrox/dyTAdogVIhMA3pUwzJMgADamWQNMUHNjxWcVn+QXWbpzTDLtR5oXrYsrqWwVTA8WkyBeixC+bpJMsu1Hmg6Jus/qPJMCOghMwb6Oet4QfepkC8vZaXoXzfgEwy7UeagRNlbBVMB29C9JtElnMr4PO6wDelAH4rEAH94eaA/MbUB1pEIPvXcl0Y8WkyNYuMDKmmYVNqAD5EIPvXeJcmQOqVG9CZAgUyHMdIY6nhMvvnT0Id1suHwvXRj+7kmA7RAqRCF834BBjd9UyHgysmAg6+d4QTAc9gP8ABMgvZfxCDnvTILwg6aYGU56AcLTF6D74maDnFMA3pQBq1ZsQDjaLLgf8RkmQ6osTA6xHj7FzGlp4XPi8l+IeAUm3O4Jm9cJiSc40kvxBxWapAEuTOSzDYrb7g9dwDmh1mw96Dr++fsWf5C5N3GCkyHu8EyHal/1tnwKH/W3F0ZLTwQA1QuZzKD7wIRDQ8VRlZvmqtKfSN8UyHapqQ8w9fg+SkSmRBkuhJ0lU8EzfPNXc10H8/wD8oO6hLl3jHimBe0cu600Ny/Cb4LTwWa1wVfJOvWTbytTLR2OCF6CZL8M8Fp4LOKz/ACQAy5QomQevTQF/1R2WrvDgu5BWCOu253Wn+SYeGna1lCsGggH/AOpPYUH5Omqgw4vsDih+0OHkmL13ivi4rOKzApAEuTOSzDYrb7g9ZxWf5BSaajqQN66V6pX43GCky9+1MQJmJpxNtVJtzuCZvXCYknONJXJllpMvvbCoE91pAPHRtx2LTwTIDmTKElFl8dKfEUXeePNdwDmnvthapF2iKtvF8HndzimRKOlSZba8CmQ50dK7jZdsKyIPfoimTsDgmb2CzArW/NMC9ou42fAr4P7gsw+SzVmNIB/+pPYUH5Omqgw4vsDih+0OHkmL13iu4G0csl/EpkAakyHGx0FDJ4BMh94zFy/DHEr4uKzfNVaVrXmujDWkh5WcVn+SzimbA+E1IHjFTPRMfycFIROxMh2qSz2OPsXvAjesro2k1emjislmSmY70WXjuteSaiTkPesnqr8QcVmrMaWY0vi/tK74HJNhksC0uUQw+OtZ/kLk3cIqRDiulZOovK/7Gz4xK/Db4LTwu5zKoFnMqgWb5qrSn0bXBdIBoJjuUj5QX4Pkq+SzWuCr5JkNa4roWf2oOew07Qu6Y8F0oOh8dy7zRO9W9G1wUgfomw0SC4Avmq+SkGQrx7usTMKRlsgvwzwWngs4rP8AJfH5JsM9a2CiGhxXcb8D9FYS0fWu6XBozRDHxAw5LPCs6QcCmr2+AnCSL2Wm5i1ycWqNUTuo+UoqrSziswLMaWY0vi/tKzis/wAgg+8aiK/dMs70GS2Iwi5yaAvnzkiGC6wwOxWveiy8d1ryTUSch71k9W5JlXp+IFxTV8Baso9Af7VIH6JsNPZMi+aZ6oPWHh4IMO1/VBm+YtEXPXfA5Jlm/Ai9Bh5dB7zFSDTK+Dzu5xVAvxG+Kos9vipRV6W3xvrFJkO0LMC/EHG5nt8VQeBeoAhz02Gi3QvWY0vxBwK+DzXeainFqjVE7qPlKK73+ohkGI8CulZ2lxReHzVt7wCbF84Bz40VrHA/VNhkskzLpxUQyJqrS/EHG5nFZ/ks4qgWjgvwuj8HFSMCmw0bAC9Z7HH2N1Ws4ea6X+KN+RuudI6+scul3BBwXS95+Rtqi6+tmukvoHuu80XXzJD10r718L104VWw2hdND8v1UxfPrFy7zZ5XeoTuXS/xUSe8ZqF8yQ/XBdK+9svXed1q9jNz03fX2h3mU1exm56bvr7Q7zKbvb0UfyTT3PjJdVuvNdJDQFkhw3By/DA8F0r72y9d5q0HxXSvvbL13ngG8aM6FNvFBBfiN8VRN3r7HPTV804uhALpX3tl67zUGhJpdJDQF0l6KXuyqzXLpX3tl67zTd7e6H8k1fPNHc1voul/iu6yBugsq9j5KfSHwF1pzjNdL/FdZqqkV0vgi91stK6WH5U3e3r4uffP3Jp7nxkuldfGV79UXPE10l9A913mi6+ZIeulfevheunCqbvb3Q/kmr55o7moNZwXS/xTd807UE1ell+ma6X+KiT3iukdfWOXS7gg4XO8Cul8E1f6JC43eijnpu+vnWOkuo1VdL/FNPLTn7EOYXS+C6R7iIAOkmr2M3PTd9fOsdLabvSuvjK9+qsC6Z180S68rGtzpsonuV2qyRoulh+VN3gAzX+YRfeicl0vefkba3Omyie5XbcbcKEPTT22hlOlsXSX0D3XeaavXNPe5+jQm76+dY6W0qS6WH5U3e3r4uffP3Jp7nxkuq1Xmul/ii/SjetC2a6XJIMqLYaLpYak3eBkUe/xCae58ZLpe8/I21uN3t7ofyTV880dzXSuvjK9+qsC6V19Zev80X3rID9UE1ePsdBN315sEFns+EfaV9C+fe7E/wDZHgngGbTU1JnsF9el1jxLaE/9LKDgO7acUwf+RuzTjnuLMerfc08AzaPkpD3UvoWFl6DRFL1wWX/b8543tiZvXHX26cJqbV0C9G+WLA61bhuAOadrx5xDD36XYNid1XS93mnJrwReEXDem4NS07JprwuNdZl8HESuFw3rIdSzUsnQL1NOLUoFNRpNWhNxpNNu2IvBRcN6bg1LTsmmvC4XP0Jqdk01HTBNRpMpuOmFwuCa8E0+43BmZkmvBF4TXWaYk6qacb42E0ReCjN/gmvBF4VWVS7p4Jt+pNP0SNxpya8EXi41EGibjphdLgE11K/pdrTT3aCF8Kbjoimo0ldkE31fVk034JpwKa8FbcaiDRNx0wuNPc9NxOgouATT9iafotuNRYnYmnlOfY9m+uSCPgmnqiqLjb9UU1GjvdqxRAs9UXRM7nI9Uv58FVldbNFgCYcWQXO0LutKTU+Buen/AEVjCzjcF+21N60AIXxaqmANIgrH7wqsrrZosATDiyC52hd1pZyF+20BNC9jZvQv2+kjFC9cVO9WSx6K6Jnc9QDVnFUWQzZUrowpdbwkmesGDFMA9c8Ag4BMhp1V0Y2BykH/AMS5VZVLpdfGOq1dGDrioAu5FWKIFnqi6Jnc5Hql/Phc6Nl50PTN6Q6SpwhcDxRM9WMLMl6YAUyGUxfaTFdV/ldzVEA9VmzSmAyWQ+GhdYMQDPimAyQIEQku61Dbc6Nl50PTN6Q6Spwgmb199JdGAQpQ8V0YOsPXVirQPFFzJJvtQKYca23Q8GxdEzuUmr3+UFRVC0JgNEiJPWTAB0Q92sxvgukDIfH05f1O70F0t+Y2bKqrKos1pZymxFHInsWzb9FmrON3PHArNuVbVWVRZrSzlnLNZX4g4FZjKqyqJq9avm4nXtX9Ru9BdOWvHzVFUXPiWY0vxDwC7q6W8Z0QX9SfHmouZa4hVZVLunhc0cVmN8F0gZD4+nL+p3egulvzGzZVZbX2X9SX0j9F05aEIeivi4m7U/2XPhuVKpczVnFfht8FnqiqFltfZf1JfSP0XTloQh6K+LiV8XlcLmjeuP6V/UbvQX9Q/wAfNd0Ablp44DV4wLV/Unx5pu/N90cdqoqhB4K6Z2iStkfdsPYa9PTXggeraVVlUWa0s653vXBTt2rNWcbs7ECL1dY0c5d57tsSqsqizWlnLOWayvxBwKzGVVlUQeD9vFEjQ5Am+tVFUXPiVrJUOtTYovlsKg4nSgW2zKEFO9afvCscsu7p4XNHG4HsNenprwQPVtKiA7wimtjky7o2HPNV8XErSrFI8r1F5dRfDcqVS5mrOK/Db4LPVFUKIDvCKa2OTLujYc81XxcSrH+KPWadB1V3XP0OT2TvT2nnVc08cC23UiWtDkHXzTDhQPVFCSkSOaa8EOr0bo6i/wB2w8aYromdyAGqCDxQxQcKSuMhnUHXGGSakPuB4omQBoDkyC6ofdYDWxdGzuuB4oYoOFJXGQzqDkyGtYfcZDWsPUEHihig4Ulc6JncmANQuMhnUHXGQ+ro77nRsk1cg4UTAOxMhnUEyATa6Nzo2Qauusi+znR33GQSLSLgeNMV0TO5ADVC50TO5AOo6CDhQQQeKGKZDL6ByZB1h6YDOoOTIvha6O+4yGtYfdDxRMgDQHK1MhnUHXGQzqDrnRM7kA6joIOFBC50bL9VzomdyYA2XGQCbQHXGQXVD7jIa1hMAbEyCRIulc6ME6kHii6Jn9qDhoh7qf/EAC0QAQACAAQEBgICAwEBAAAAAAEAESExQVEQYXHwIIGRobHRweFw8TBQYECQ/9oACAEBAAE/IeBkRbwM0qPwAplNLg4pXo1HXvCARGx1P4rFrIZ/TvDhXRDi3y4xicfKPrwcadDbp3jBrWP8VKCNVrCo9e39vnjKx4a3h6pMtKqPhcpty5uDnoZZzrqP4pGVyul6ffh3Q4GumyQfOIqYkb6S/EgKsmstD8rp3h/FFRujo9IMpj0x/edIARY6ngcD4GoIq/MYd4S/6jIRqtZcuvQf38/xOlCx9ukv2bl9u8YMqjWGKzi+eHudZdLYEWcHPwi5MpRBRmk58DFrk1HftCFjY6/xNmFFjmMW+NrNf0492fp6w/QM+2nCuiHFmuPiJTwoweDr86bdO8Ydax/iZ6ZdZ46/T6iVwCSqTWFTD9vRw7ZcWy+VzUJRMo+FnNlseDnoZfbrqP4mV35afhOqODpNIPCX2cdPvxoYulnCs6xljEj5JrkqrJrK0/ldO8P4icfC7UrAMtvXlKjVts9IMpiUxN+p+oAQ2Opx0MX8HUEV/mJUd3LvqKhGk12lg60aH9/P8Qnhf1x2eHudJiLF5dtYMojVZvP6d4wpeHvHioYu4WjUeGE4iaevAxavBWrq7wgETL+IcGW8Y3YJRtaS4/MdXCmXB6mj17wh1rEz1HBvieAvTEenAymg+spnpg7dIAex/iHgY+F1YguvGBi0msxhh8+nDt4A4m1DPbjPh4duWDnoZdbqan8Qtgyr8KodvwH7/MVBSZkGOh2h1fk3de8Zvy6DfghXx1TKj/SX4wpWTvGAmQ9q7w/iHyx8TEBjgcvty+IrCk9+kHgvVOTUdeXxMIbu5fBgeD1JvER4xhXZLsoiEaTWXJrTof38/wAQ0gnBd4OqHdHU6d4yvZXLQwZTFacdu3SMjY8E2BF3D3SN0wRquW4SiYJrNNnXvCCCzX+GUSvI/wCCokHg38QrCHRj3nmp1g8C2LDVZMvz1NTrw74kW8HlzNHAymg+vBemLt0gdrH+GMBTjFxab/f+DJ4G428HOkl3pEuV6tZ05fHCiHFpIBWRz+nCvmHgT83gso+B4dgWDnoZb7qan8L1UOv0+oaH0jag22/wdNoxL8OidzrXo6OfzEdJiQYzEaTWFR60uj+/mb0sg8WuVNnOOqZVR41iY9aUDI5n13h/C9rg7NP3gUFJoz636/wROBCeFOwt+R1iUqSDK5jj029Zz+CHgF02ZvxnUSoqwl8diNJrLFVpdH9/P8L3rJMPv3hHY0ndkzxg/PWMqcPHeScF3GtqVLxMhmSpvR0YMoi0xfedIYTsdTjwuLc4qN0xKiKyX4a8LBNhpt6wQCfwtXbpqJpdctD+4Z57y0p76eOt0kZfLuLNQtd4R283L7d4weE1hmz3S6eG2p1l8vgQbwOVHxHAGaD68Nrrt/CHmsf4Ws4DpFMx8x17xgCvV9QLp8nx39kjLPBGKIljmaR7Hes1/T44g18fbzgWDQz+nLh3xPA36pwsuONwWDnoZdbqan8LAUSx3jXC9ero5fEsFOJHxGPbP/B++DEuX+BErnjrpen1EVTCFBKTJIVMP2PTnw7oJwK/hbOcfNEizr3Koid1DBk5/TvD+F8QNatL05/MurHTRnIO3+D/AABieFHu/wAR1fcSHSaQZRM89PvxsgUXyrSbsR4xIrwl2UVopNoKit+n7fP8L7Gnl1ReWwZZubbyjxkMnBd4H9MUy1/1KjdHR6QZTEpje/8ASGBLHU4sJ4XIm6R5aRFZL8NeFRWVpt6wRBP4Wr+AZayUV89HpDxGHy6x3bMm34rZIuW8dVikrPc6TcTy+3ODKo9us/pDD2fHXgCwYv4FOkbEcAwm768HVP3HSH2sdf4WqzfyTVx5ffn8wRThszFV6v8ABU2jGLuIgULHMlh+c/TnB4dsepo9YPeYz2cO6IRfxnX9HHa7g3B4Oehl/upqfwsYdjmMvvyvVygBUOY5b/4L20Yl+H7zj69ntwIUGk1lKujv04VkHiHTlPW7zjrGJFnZYcqPec2cc/p3h/CyXgzajX6SwU4kbFi+HX/B92jEvwKVwLYPs/eIgpNGDGUwaY6afPnwroPgYf7YzxlRXhP1orQ0mpBhK36ft8/wud8HWaft8xSFSZj+ZyRqfX+Dr9PEghMcDl9uXxGY0/PSDKY9heh1P18QKEc9Zbww8T7pHUYVXxllNh7esLUn8LC0wMt3XvCKxpO7JzbtvK8P8F5Jfg+rlLujqdO8ZS8Sy0MGVROnHbt07xih2PeMs4IYu4dczZGBqabw6T86dIPex1/hanmJkMyV2w00QGPJ3+4JWw5f4KmUZZ4IDDtZ33/Ud+86uFcuS6jky6PqanDuiEG8GmUYnpxmwPBuSwc9DC+lman8LIBsYzeZls5PeME4+sRa/wADtgGJfg2uwryjUVmu3py+OIOpJCKyczfp3hL5bL8BLqaxhqZRZ2pVUSEtDn9O8P4WIQsdGXOLs1/T4gBBzHLR/wAHTqMTweVwLlWvR0c/mI0KTSDFQjSaw6PXoft88CyD4EW/D3jvGJHWEvxjAlVrKhK0un7fP8L4gMdfp3jFuw6jHxYvhKvHWWcF3FP65jeWjd17wj8KSDw8ccNNvXvCZctlvBWcDeiylRVcv4WQ9mn3g3ifwtYfhO39wU6GY9/3PzB9f4LNki/D4Vsyy1EpLg5aGDKpQYnvOkNBY6ng0r+FXpHxEEGppvArcf3HSBXsf4Wx7gcvvylcafZ6Tn3beUYP+DtsGWS7iIYWu8I19A694wZTL4YjnoZZvy1OvePEyRbxfNHEyTwL0rHPdLndTU6/wtVno680o+NZaX9wMZhu+4KqwP8Agv7BjbwcCiJY5jlFsd69X6fHEOPj89YPsM/p3hwr5hwbkymW4zUcEjnwNjO85h7A5/kfwsksLSN/a9UBr1QJXq0/wdfAxPAnTlCuVatL07xiWpgxQDSaw6YXtenPg3SyDZbwb4yp4O8JdjEQpNSAiVpdHv3/AIWQSnWNYL1a+iICskd8t/v/AAV5JDLPAV6sGj1i4qTSDKZlr0+/hsazgb5HzxKjq56+3Cpp8NPvBvE/hYqGtej9vmJVDqMbWfD/AAVbJBL/AAN1DCmWo/Upd0dHpB4S1xvf0QQix1lvDFF85EqvCPliQamiyqUuPs1OkCPY/wALZIjX8u8IztDSdg9v8MU2DLfBK5Cz46TfTy+3ePCqPbrP6c4ETD38+BfGFnGacT04F8cHtzPdLndTU/hbK6MhmStfTQ9O8JshhlW3+DrIuMXcdAoWOZFvzHf9eJen6eveEKvMZ6uFfEPAz7c13BJ50DVvz1mAsNf0/hZ3YHvCXzMy+/eMDkd/uClYK/wX5oxL8GFeUzD6wygwglJrArge16cK2DB8HXL84yxjHcuxioGk1JSYO/R/fz4i7OLAbvJcJmvIICNE8r/MrfHL8/wYiGxzGXt2xr+vxAFeraMU+u/+Hr9KlvgDsPwH7R0NJmQeGwy46b+vCv8AAM0TePKM8YkdXL/qc6Zb4afeGYcCXGBlx82xzaloVG/719owrN+nfrDDgxfo0Yb3R9jUmAsDtNz4/gxxlNh1/I+ogKPKM7zN/v8Awd7Z4kkFjgMvtufEqNj7PSDwHqt6HX9PiEBGx1lsJhRfwadI+OJCk03hVMWHPt2w+rt/QHLzcXaZplfvzc15tznj3dIlROLqzEi2Gkr8Ss5C6fv8/wAG/rI/eMqRMxi6g22/wlRYMt8B9RMN9Tp3jKViWW798Z+s9f07xloYeBfAi7jNGIeUYGNrJt+e8JhCtGvxtXn8oIOd5j895woWTYmOYN2/WKkSkiROBMJmafaLVrNHpy+0QLPX+DLBk5fbl8R4NJ6PSfnD6/w/zRcYu4kgG1mS6/IdXFvT1NGXR9dRwrogw+BoluJK60ZnLq7xlLs/2vLlxPEIAYYVmcECs2jtPdBvEicW1O7aU7XevT9Qa2Qf4M9PbqdJRczLS/uZZh8usRU5/wCDpoGJL+K/1Rrnhrt6d4cCDy0kErLbv04dssgGXzJSdH9n41h0KHqu679nhpXdmFQ8D+3BAow7yiHJyfuJE4q77PqMWarS/TLqddB594/wZdwGM5h6OveMMc95iW76f4fd0rw6RWKtun7/ADHSFJowYqEarWFRK0bv388bGEZV2Zr/AHaQWKGn5efPXg+IiV/yb9YIaVivSP3BGJx7wMC6hH4dyaKOf5m58fwYBRLHeXI3r1HTl8QmvVHKfJ8Lf/fx44LvA0HeRy+3eEfhSQeDiBhps68viZbfnLh8HrdDd/Z0gB1kH5XV568ZGPhG1s3ob7R1wTTe20qJxV2NJEQOkTD0lizRyH1fn+DSq61b+nP5lln1GPi9X+A/bIGW+Dqs2WWolWyuWhgyiY50WbHHlzLoeusoyuZNHz3a7+E/GJ4LW3K5gHo+pQLO+vBLQfKM6Sk0iRON3e841GvRrPpz0gAVY6/wYG9d06vuU4kzGcobbT+nj13hbLlnGqY2K13hGqdXbk94x6roF6A79YNArJNXfmPtlCME3R9vXwjoxPE1NJfmN4Av0Rgzma/cUo75RInF9b7iX5jaa9mk3Ew/gyj4B1CUL6Oicpd8G/T/AA/nSMS/BuSDY4c3LvLOaM3t5/rRwGEUH5zohBaWT4FTiLvAK7uAz4O31N6Uj+sRxycneJE4uYYkWrtZuT12ZbvEz19XeP8ABiYb+TmTFmL7Xn8w8LD5dYirBWn+CJhIqWx0KBauhFy3ZDts89W2W8QHSaeAZaMSz0P0y02Gpqde8fDmkfASrlTesy2bfef1Qwhdx8Zj8OsSJxsBBey3eZLtw89/TvD+DDzscxib+d6+UE44OjEoYPz/AILAkgLmBZ3Dk69nkTXfWVrAmWo6yo3R0enG4MEvT7PWBYYOf03/AB4boYnilddh2x7wjOhMdk6/TvCJKjwRUaTWWsVWSYenODd1p09Wz8/wYl4MxRYa/T6gmDNOJo/4OLtC2ke24ejszhgBQFAaBkcXblY+vlGLzeX28AxQKTJINfwv1fnwqQxPFf6YHHtlEBZlGdpu2/7iGD6RInH8f9o9X2dfVufEEJY6n8GWuDt0/f5mWSs1McMfh18Xe5UvYZpyDrGXOt7zy5ZDwM1QwgsdHKJbE1mv6eEY9G6fb7lHgtGJwbvB6W2ekELP64AY8t33KwYkSJxbUfDpKgzvR201gy4d4/wZogZfbvCVJk9K3nKGpt37TY4NfC5lJ1ZfgRPCtVT+uYk8ddL0iVg+AZU/nej6hFMcnxJj4XOxAevbhE15HWOV5HSJE4sYYjmTJYc3J6n5l+aTPX/Bim2WWolf8HIZM5523leHCwyLzeo97ypCgUHKDE8Z0fqCadURHSeAZqgs9D9MtF1NTr3j4Q0YnFLeCiswrWDhwvzw6AYMV3nu26xI8b0TuKT1IYYN5Obth/BjAbHvCM0xO/bOHjP26wVVgqVmhryNH58+IDEj4VztylCky1H6lRujo9PAMItT89YHhgc/py8I0MrxUvR8v3P7Zp5x9Qbbd+0SJK4JVjVay8FpyTD02ZhGrRoeuz8/wYSBY6Me97qNf0+JRLDG9DTzTOusv46MqJ4jbx+B9ukTvNy+3gGCEpMkg0wd+n1fnwr4xPF37YmPwiKs9eBfvdsIwkThUr73nKR9jO/c+ICcTUfwZoEXrkw87iPGHk8Go8E8KZvwgosdGLbG1mv6eEh6N08IynE3y+WcG05bTA5nBPEYfLrHdCk0lROLYmPw6RUpuz7MGEqh9uv8Fa6mHVhPTPylUumnlgRJVeGDjLieMMnEnjrv6RKwfAMofznRECsck8S4xb4JVq/RMgz224AOOejtFKEqJxdsy1JYzq5PWZLRm5n6/gm194fZfTjpAlhNF8EwwYnhPa+DedR0esRHSaeAZYMzPQ/uWm6mo8+8fCNjElvA25/bGdmcLA4dsptSoEcxycmJE43ohuUp3lDTpnwfX8EefQPnfMHCbcGK0TRfCuRlR8C62UyvZzLUfcqN0dHp4BhFKfnrB8MHP67/AI8NUMTw1m3Os7yqCEcb0jaj4RIkTgKrMOcvAqGWS/pmOeOm/trr/A5iv7/1FN933DwWXVGwMN8Co8E4d/gzSFZ3lGr6P27x8JBKTJgUwd+n7/Mr8BpCcWv4dMfUm+02fWO2VYPX6RIkTjyj2xnQwub+vxHrEyJ/Aoqd44xoU5bR9Zs24FHG02imMPwNx4J4l7IIljmaRbYms1/T48IzAphpt6/f+DxG/wAEK/A+o0L4A9J8o6pwrSJE4vhcdm3SMC9Z9dn5hG8e51P4EqjL4u/bgM/I/SHgVpDPwjYZcTxLHsTFhjrv6RKwfAM/c70fUMrw6+FtuPhIKKv0bwQs9OEIxw0P3FaMYkTirfmJn8er0TEanN5nTc/gNT56Oz38w06cxLgw8DD5dZaqcEhxUQKrl+cvy48QMTxlX2p6mj1j46TwXLhnZ6H9yw3U1OvePhCBieHUdXmg/i+u8OHeB57RynyYkTihZjOmJPxK/wDB9PPl/AZuWa6PXvCVhtBhBhFa6P3Gfc+uL0wdURMSZJ8K5GMTxQ/SsxlqJS7o6PTwDCKUneMIowOf05fHhXBieGnfpNoO+/CM2LvSPjMd23WJE4jrMMlaHeZ77cvvD/mbKh8556EzZVzxfExKrk3i+vz/AKfHuAy76Sm1O+nR3hLhDIMY5aQeDY6yPmg+ACPBPEv7SwPeEc1OX27x8IJKTJhUwd+n1fnw6pD4m97yqbHA5Z1PqJEicd+G+3WdHVv07kKhkE/5ZaxY1WnLOKnCBLIZw9I1VvTq6uXxEGzJ/wBNXno6xUMay0P74EQFixjaj4dfAvvekSGULwMR4JwbeNVwwgscxyjWx9er7Hx4bmBbDTu/qa/jfS/wQJgce2UALMuDj8zbfv3joiROOAZ7PqI3aj67MxzNzUef/KV1Basgi65Yb8zOetoYwiJwjuzCoOBz2jecaa859QmWQT/TNwtaT1/der74Eufmfp4RqiHMIL4NiLieIbteHYubS9IpU+AZXdM1OkEth18LWMTwolLw8yYF8CWIw3fcZKKSJE43L0bwbQGf2NSYJwO03Pj/AJPMXp1TXy9/SVXMy0MVxQILjBI1kIrnNO+81yew2fmGbhtr1H+mQKdY1x59vTl8S4QYOh+ULGnCvAVcFrCab4ZgYkfCuNueshv1jY6TwDLRlc9DLFdTU694+EeGJwrOLuoCcM9uGbT5O0ct67xIkrg6spI9hvPqV/UdP3/5HCpLJcmWkzsHo694xwxgguMNmehEc/MfuWm6mnV3hMlI6p+v9ONwrXp6OfzEUjgmjL4GdhrEq4DY4BBMxKMGWeDgeCeLz9cJlqJSzo6PTwDB7Unv1g2xz+neHhrRieHuUbymUwPzwgoMI5ee77iRJXC5gszT7TCv0/H7QbxP+OyQhLFussEvhoEsdGMONrNf0jhjAA/BGehEUfBiPiUsRkIIw7yPPth/px/PN+veEa1BpCDCK9W3SIVk0d/CcuojPHwrEeCeJdmxWPeEXvNy+3ePhRFUmsCmDv0/f5lco4meM/P2v3wyqnKPqdm0SJE4rqN2pKdL/N6OXKGAyCf8b2Y1jKpvQxLuDjC6/X6jkyUwl3jG5jEIiyiHLaZ6qskwRlQxoafq/P8Ap8qoyOZKqdNHR3hwGAKLGYyY7toeD0miI6h+BoPCvEPRhEscxjWx9Zr+nxK8AzAJhpt694TX8MaMfAz3oPB+iWYnBvwce2HfSMJE4s1ns+paq3o/3A7ddXV3j/xn9JV4d9Y2qfWU8MhB4HEFWs0/f5lebEi0FwlrG4RUIiyiJZ6QTh6TGnDTb21g3l/psRo+Okxhi5ffn88B4ckezp4Gv7pQI6lucv4uMuJHwrrVg2On39O8YiqfAMQ+5On1DV5a+EbGJ4WTFctogLOGGBh8usRWKSMTjcPRpBtAz+25KVkZ92J8f8WARLGYk71av0+Iq5byqVwRB4HHTAy3de8JltRFRjLiekIWR24RSzCFg12+pT2+508uWkCpkE/0zIrHMZaY/u/X44DBm1HbeDpl4GrHOAq5uy/wMDEj4l5gU6m/XvCPjpPAMvGVzWTL1ddzv38JcMTw2jNnpvChhnttwiMczKEKP3EicXdqk1i2LSJ+JQOaOj6vz/xmbIF2HxxkZhmXynYEy1H6lCujo9IgYzmqGY1sIzmQzb7yo5uf5HP5gVKPt1/09dDr+X04DBh48u2cRKFPCoy44VmTLMu8Dg8E8T/UBxMtRKU9HR6eEW1J3jCqyOf07w8PieJ2O7NIOFwdt+CZo98ozyhhInHqvbGPVr0dj1gCzEf+LK2Bt0/f5jpoqs9nFxiEJbF5Yb6nTvGYvxWW79xAxgwXH5gkxlEZT8x+5aTPPR230l88TNz7e/8Ap7HC1Gn7xBGkzGXBgNPrLw9d/A/oR2RVUDwNB4J4V7ciQLH26RazFy+3ePhRiqTWDXB0un7fP+PnDDZmhn3iwUUWRtR7jrEiROK633Er8S01O2kBNqD/AIsrIMt3J7wlVBzN+/eVcBrIgJZLAy0iufu25PeMQMYIL58MZyEZxsOI+JQCTXR68p1435nL4/0+yHL7d4RmNJ79IS4ZouKXmb/fhBkhn4buPBPEOxogsdHWJcb1av0+PCMw7YabeveE1vCMjE4N3BvhyDea/C0/ttEiROLvw+pfm3m5PXZlm8s9XV3j/wAXk8GWolTq0Og79Izpwlc34IJdCpEsdIgPn1fp8RkxgEXgjOQjOOuW0ZrDkTMZQ8odOnny/wBPXbo69veV9wctDLhMEpyi6nZqfrhHF1Sqwlufg3cqE5tA6B7/AEjlvgj3Vr6H4g9Q9X4m2vM/hJ9xr956miYfKBvma6Hp3jEVPguJeUanSXpl4VoYngDpmObE2+ogUy4Z6f2MdUlJpEicewD1mq2R3mS2MPPfz7Yf8XQDz1OZH6xjk/mCtMq4QCWzbiYnjr9frhrJTCDcMbmKQiLKYl+iALNNNSZp7e96/wCnOixjVPkHBcGc8dsIvA/cU45oscPdrHL4Hp+/ia95EC+Doerw15lXtLNPMy+ed7QVKtsx8/dEh0nhuGVzWTLc9TU694yrwKEJ4PdWI2ekwFnpwyduzGJUYxPAisaTWOsVeSYekOj1p09ez8/8WXdjExnU16oisfWUyuCIXA47D9n7/MxiDmItRfKWsxhmwiLKMrIWHXaXLvTmfufEcOzIn+mAo4jLEL16ujl8Q4EHQfLrEXbB2m5wKYmsdI9Lb0OczGpmub9HKDcrgN/k+vDYhwuaG+kbZTRnueTf0yrYh6A5d4eEO1J3jAqyc/p3hK/BHZ4m51TCBgyduEZXq26RivI7xIng797yge9Orq3PiGiWOp/xQCnEZgBevZ05fEbGZbyuVQxDEvmOZOX27wjdKkiMxlzPSEMIzcIqm0HfeN3xs9vP6azdwA/04WGtWl6c/mIjSVWmvAYRjnoykeqFIAso0Nej7mRMeh13/MyR9vXvDgGpBcXJk8PoHBfA/hiUzn8ANhYOz5xOn4XXvHwoxKTWFRK06P2+eO3eDXwP6ctNZzBvvwxBCx0i4zHdt1iRInFtR7jpK4z9Nu2kOXD/AIvHnjru6d4xsRlttxkBgmXyjOJlqJ6B3ROXeEUxTmqCY9sIsVfL9zOmuj+0Bv1Wa594/wCnuuuadX3KaBpBhNIHeUTOOwaHXd+I2p6mkMAd8+fxKhwK5DDwuIcF8H5GjF6bde8YuUbA6QfW1Q8RCeQl+UiWO9er7HxK8FxaNhprOveE1/CVDE8KFkMu/wB8O2b0NT6iRInFHDKMlZ6L1JfGnzT/AIsLYfs6oYVSZxTwwwAlka3D3Ok3+8vtziBjDwsfmCJisI8PhxHxKwT7PXlMI7j67n+nquAZaiV36Oj0izOuPbCYUwGb9c/iGgVWnesCDgu3LvPwQEBGPFexAt3X5jJVtdXg6sH6j681wrDWrS9OfzEVPgGOeWanSWBlr4d8YnhlxcDj8OkBLySubWdt+neM0IkTi5ZCPcnqTKHeR7en/F37Jy+3eECin0ecdUymXzAS+CULWZH8z3dUYMYQL5wSZtEVxzltKwGQMzv3lV0DTp+v9OdV5nTpLjHuS8ZDXfp3hCAFVptAuEG6Y9PgiICLHiramMHM7dOfxLeCZC17tmL8afTclj5QWwYdRg8LCHU3694RKVJ4bFlc1ky9nU1OvePhtRieFsUsPSICnBPEYbvuOUUxInEVWZmstWacnL02YV3WjR1bPz/xdR+mono00vftFVMqm/AEumdhnpFQc2ro5fEIYwSLLQY3M2iI8piX6Jnik9RmKXsern8/6VmtBHF6HvHOy5QgGVe3SBwAVbAVy28F5ARY+AVnp1+nDsnq3dA594yuWeep79uG3/YH3nvx+lHpqJW3o6Pft4TrUneMCrJz3dO8P8FKN/GrVAmTPXgkV5HaO16tGJElce/e8pVvRnfsfEMJY5J/xSELHvCLan2veMxdMp4ZjgteWKGOu/pOmpkJhBuGNy60IzyiqyHhydoljejX18viABLHU/8AYtLcOcwnFjJ09+UN452b/BChpPR+G5hw3tk+mcVL5RfbWiHQfIdsvmCaO+kDgAYmCXg3DgvhG8cvNu/XzwVlPyGeghc/td2abKpW5A9BXyHgKLm13hHqYuWzr3jK8DsRpNYdUr0v2+fFikYngecYDC4fLgkKLuIrzN/uMJE4viY7Nukpabu3bOFLh3T/AMUYhY6Me/5WUOW8plcIQODO34D95iMHMRKi+UtcDZCK8oym3H5iufaa9P1AbZBP/UjSgj6myb8IBK1lmcVz3dOXzKmQv1xIFVCZIv0bGYQB6Hu/S4Y3Gf8AUDggC2KrfTwbhwXwNGFWg1j2w5WxZtw5/TvCVQg7vwd11q664HxACdA+uPg+BFF3nce+Pq1H6+PElX5NvXvCa956+FKGJLZZxYp8n3wTSk8outNtokqJxdvJqT7wHqS24Rm5n6/wgWQbuE19fLD1aIl/Z+LgNJAYb/vWYkr1fXvCLjMTjQhCEvh15OX27wgbgJ3hEWKYQ9IYwjtwlc+5+5blb1PjZ+YHpH15E/8ARfny3mImhlDxWb6Os5nc3X9IcbHQ4OLjoYHz187mKjk2J2Zlx0LWOSaxFb4LK4L4GyCKDWOqMDpv14KxnkDXV6d4QwDQZHhfjSTAbvrH8cK7wYjc69B6c/mIqdPAM9CnbpGCo6+F9GJwr+LF4MR8TZ9ZXNIx7YRhInF2yG5CneMNOmadH14jLqltivr75RdlPn1/qLVrfNhACozQNhhLqXp3e8P96VBzaf2+YiUMs9RxkBhGWSlOWWonoNGT37RgxnMkER7oglu3oQXg6QXmvKfrSPNYiPJ/81pcdNTLOdDQ4b1HuhAoHbeHFDHA9fBeEacRz/P+RUTpzfk1/HFA4L4N2DoIpjgMvtwbj/2H6fMMACq0PD/hAmD+pL6ieL9jqYbt+veESlSeG1ZXPQy7GWeo694+HVPEb0XDLaIFmPBLQfLrEdik0iR4EFGzCtZeCoZO/wC5g2x03dtYPAVUA1cCIW4vr+jm+kdXCdPt14DBgwgRKYmLF8JX3e/08uUPhkE/3pOWa79e8IaYDP6d4yvhhhAS+D1Y94Td7y+3P5iJjKjQgt7pcMK4CuesHsGUmO3zvqcuUKlkHf8A8lMzWX5MtCIsVnIZ6CHwPt5vP4gT+7ghkMvB6EDhXiz45jpDMfcRBGL4LWi+Wr07wl0yGWgl8uYAOTf15fM2/C2hCLMPexflwTxLdUDEy1EqZ00PhLtSd4wastf07wlXjDS/jjq4wFnpwDcc4rA894krwcg6fbvCVnIXN+5L/LZZj7roReyt30/LHpFvFxvWNiY/DpDNjY6wYMGDDgO0e01wc1l5bPzL0dTUef8Avcf4DLtpGp17IVUyuXwQS6OEm68oO4tvPr7wjBjAg65zCmiZ9EZT7n7mpR2Gz8we9mu65n/iDcf29fOXIlzXOLG3Bn9OcGgoNPvn8QOJBkMvBBXBYvFlysR37c9IAWx177PBfvwy1Ms305HFyR7dfE1ocFjGI7h6IweCeIfklxR6mL6OvePhdiNJrDpgadH7fMr8K0MTwIIrwVBMGveXBIURzHLRiRInE4m3V035YEMKVZD5XVzfA5ZlqQz2NoMGDBhGJM89PXKHx2V82KGBDlV64Q5g+ZZ6ZPx/vaydHXon0ZWIVFU3oFtfOZGrtLnt9otqJijw1+nL4l6uCRZeDG5noRtMXYb7Q/5L5O8JZsL1T7P/AAGF467enP4mO4S4OB135EFAYGRt++J14aOXgkDgsWV8axCddnTvCPVaevDbNmz1xBcysxzWz3jpwMeYrL7d4xu+L3XAC8vSYYuT8nP48TChwXiffdjgjwSPhB9QJg5xrHerUfr4leAYtEw01nXvCZb4V4YngAohzHeUwggu9I2o+EYSArRDFDZ0c3fesTNa7w2PiJE8F6MYBts+pcGGBnq3Rn5JgVnbhk9bmeHKvsgFZRG8dAyAwTzmWDeRv1Nf963Kx072j4+hqOveMbVPrKZaXm5tjvaDmgM1yXhVr0vTn8yqOky0whjDG5bdER5RcDibfUohmQgp07Tp+v8AKBVaD2mINa9fRy+ePmRg+/ohEAMNNCDha/gEEBwWL4L8cuGu7pwbopZlxv72zXpuY50Or3O5tDhLXWNopAWuQQNZ7OjnLvC4VwvwG47204sQMSPhW+z6wLDXovTn8xFSZeH04NukvDLw6pCeHmFtN9u/bi2m9to9DIBCrK1c5+R9kxTs5xGiJEiSuIo2YVrHcP49V09pgtd37R+pLKtx/G3tFhFwXl30M0yQrt0x94VQfI/uVqv2PqG8JxcIpSZHxDbLH/egUFjoyqjuav1+I/RvPURTWayCYYsh3/GdX3HAKMyNQWWkhhQivKYuHpMM9V6jMW/YvXn8/wCPV4Bi2wHTXr+uOjIDlNf0gkD2yDlBw6on04wQHBY8VYpvDeYxurf9cJtMPYDPZ+/iB8Ie/WD37bNX+ms1jDPrl8wg7XIIJeJejp3j4jwDhfhL3O7qeDYgeCeL8B6YPq694R6VJ4bVlc1ky5PU1OveP+CnG7jyODM2hiyIR2sj8roG+k9iO3y2HFplerUjNPkxIkSJwok2nPk63XAJhly+K89Z7HDITV+Du9LlQ1Ojj8D3lra27xctwNtdfqKWq3cT1jwsek1/1/3tDtDThiysHGZCELITjgcvvy+JUSk9+kZGMwXCFhGbhLRBnD0la7oa/ufEIJY5Jif4Fj4Gmr0mMsDl9+cR4Z0HDsPL5g5M9+FbM94JxAcFjxIQVUGsfQfPrw2CluAz3cjvCGnQaffHx2Qdv2ecIRNt8x26fPirQJcXxE/+VC3wpI8E8T/UpxMtRKS4aaHwnWpO8YNWR7V3h4vpGMX8apvi5jkG/bHSVbE1Gf1Nj14eQ9fFzNFjGxmO77iRJUxc957+sxJDr9Ghy0gKAWuRrPpQnX+E3tMjQ6EWAiZCYdHtr29oPKHU82U95lxzfkRNWMCErxf73E6NjOYj5DP0jpTLbaUyuCIbExdNR07xmkHQZPftHZjKprDGEW2EdWYJDwOe31Ldts9Z2018foGtllrYpboaHThrIiB0/ODFe/Fqc5Yt4+EDgvgFIqUEZbDI++8JdFirJ93TDACg08NPl/CxNu3U0fWEAa908eICXF8Td5TPvtPWP1frxvuDwSPhN7YLXeEep+F17x8LuxxNYVErTofp+ZX4RoYnBapx+g37Y6TPJeZmufeHgjFwuJBFnGeXNtoeuGn56fEwJ7mjcd/Lg5QyzXAOrBKzM1m5Gx8wcoLcWW4QIjFyBivQmL1Ot58nulOW0a9XNgSpUqH/AAEfro6oQYBn9ONCMISxIu8Jdc3l9u8YiMYEFjCExGEdznDfeX+wc3L9pfzLsPzr4KUxPR17xl9Ra8NbC2DyaOrnDFcS/pTNPHA4r4DmDYd5RC3Iy2S6LcSpcp+XL5m3p4dcIEuAwf6Pa5sQIEuL4lf13ttwHQdvhfy4FPiX0YMSPhWZ0iWOjHsV6tR05fErwDEo/JrOvL4mTWN6yjwVjEHNe+XN9PtBNGbnqXPvDIj4VFS8PSUCzhF7KYhchz7x0mL0ZsuvtwXx/O17NdIpQNF+XdiZMCVJeLUOsSC3nv7vIhGdWftWzkQgONSpZyIKBK9Of++xxgMvvEY17OiMqeCMQyAgbDmRtxvd18oyMYKLwhTeEaKvl+4HoHo9dyaAef5m58cAlr3afv8AEVpbXViQC6NZYPo/v8QxRx2iW48UDivgduz0NWXZ9DQ79+AswY9Pv9SzwswQixig63zfwfR6QIsXxZvnHDffv34dhUwo0a9B/hW68QMSJ4bumHY61aHpz+YjpMTwv26O3T61lyQdZRxVZqr0G/J86QmTG81m9e8MiDwTwyrq4BqLvwNV29Y4AvfsNYLBAXTvw+UE36PqIq/Twmi2sPQhl6vl2DmhJMtgB37wIEDjUAly5cGmyKy/99U7o6kr34r1jKnjkRM1CLccNdvSKGMIiS8GNzOQiONhxHxGlAmIIwKkzP4NFmnFh0Ba5EHX79OjnBNGUv4q3+CQHBYvg5szm5bv1HS494HFwQ8m3rz+Jry/wchwWLwEBBY5nfZExNh+F2YR8LezWZV+3GaQ5fFjDG3F9W/ATX43XB4J4luBpg+rr3hH5Unh00uayZdDqanCRTEX06vI/qBgG7zWa7yNPXio8E8C7Ja0Vm7G8ZDTKyfy76ohBXIGb0lR8t9sPMY52rYygnteryDu5vNqYm13PsjatgQIECVwWXLlwYf8Bg6sZjOejUde8YKU+vFRBmoS2nWvR0c/mU5wqZQsMYYy26IjylO18tuNAB2ukA2xWf4HeMIKMOPlPBwHBYvg8IbrL7d4xAlrLoFAYrkQ6De3T9/jxdCHBY+AS1hYHG76rl7c4ZDXRzHUengeIKsV7G33xm3FymKxqPwfMr7XlD/Gml3R4J4Ft6f0zULpqOkpDg5aHwhGpO8YdC/JzHb4gC6781y5NN9fDXEDK4G//JzOXLd0jlOhk7dsYFF6H5eUK1Gf4bTnrOrfEusI93QzYvFk4Ob36THPn+3zwECBwCBwSJ4CEFJ/wBlBY6Mpo36n6fERXLeVcMBDxEO2Ea6PWUbUaRqCy1j+o7ID1fr54LwFK1m8lz3ciZYy4yUw48QHBY+BWOs+PWKkrXXhEgtciE5i7V9+LsA4LHxGfznVDl/oXmHHhFqor/Eu4Or268PF6T8pcPQfLrFVTgyn/F0aiPBPAfXw2QWPdxKn4HJ7xlcXALXIjTmZLT8BrvCIljk+NrgZm9WVm/wbunpLAi9BoG3zATte3N5TNz5lyOUU3d4Qw+r7l5le/l7Kl2VcjkbrQ56xTT5+fg+UCBwqVFgyokSJ4BYN3+/+DupdfpGxmXxKpvwRCFkLpwGWzryjTTsrXpHXBmHFSn2Px1mF/PV+ngz0DjwQOCx8Cs7t19s/iOlXPWMDTa6QS83n+B3j4t4DgsXxceQWsrlz4HVWfmZnSKLe3VuZh0YwDb/cd2+m3GNT0cF1Uou9v4IEuAczX7nvA3lP+KjfcYMSPhX9giWOke5c2o6bnxx9O9T8Ho68FsMXn9Jdqz3OvianPKuBZv6NWXgPQGgbSgnV0G73jpNwnU6+XLSGF3p9x6QIaTllevb+iYVWuOTnNjbVKkZ5uZu8tjSBAgSvAiDwSJEjwxmau8P+EHRajT9oqwpM+LxEIyZhZfBhmOfED1Duh17xgcDDfXr4FnD2PXj4QOC+EdxiY67OneEvjA0MfY5somJc9T05eF/IDhfjM3MKuEb8H3wMddEea4+xUOr4szD/AFwEUqwDGHbGnpUz4EqR3yimOI5P+NeZmIGJE8NzTBsfPo6OfzCp+b3M0be56MdKWua8bXfT1ht4Bn208FSzGNHNbH5fpFDxcjQ6cj5nqf0Dd7xlV+Z1fP60iTlZp8XCMIoUN3m6/g2IfPjqZDnuwDhRqubut4ECBKi8UIQgzOJEiQJTH/Cn3k9h7wicKdN4yl4cCOY4HL78/jhluUbAGeggUGHu82Hi+gcdCBwXwr+OGGv04Kz1z6Dr3jKr9dS8+8PD3EBFi+MDcRb30jrHLQ4gWQ1HfD9GflM8lVe+z5MfOOiHm8BFMkDFlSrFy77+JULKnXQ9NopU4VpLgxAU4jHxYvh/jDZViB4J4V97bVZ745B2DHaMPJDINA6eE0tJrKz8T0cJEK9Zacx/uZF/ROx+XWYFL1XIbveOkK5Wrq938bTONbvfZDFZVBcvq/P4atYietzE+y0J73BLVNVgQIHBalsWDWEIQ4XcSJKl+Gb5/wCGojjpqIIM6h+e8OA8Lc28M/pzhwFBkfl8H+gcUDivgdzmY9eZ7ZfMulyqYB5MOhge/XvDw94QIsXxmPkLfTeK74BnWfTh0Dk/PfnggP3jDqOgbYCd3vT9eAXKNfy7wlnAacBlztXt/kM79geCcVdcOReXNeWqYhN6nr6n4oitEpPDcGolkoLdpz57bwm16L5vuTOJfQ5szKXmZr6NIq+o7Sj7sG42fl7x1jxKrFcS3ytDWD5XrLVNVgQJXB6vSWZxZnhwEPAMMc4kSJNL1f8ACmj4/bz5zGN47xYWOWwOe7pDQqgy2fvwT24HEA4LF8HhhTQaxdP73rwFxS8jn+B3hDDo0S7wThAixfGReQxz0JcM3BUzTnxW90Hsdzz4SKIBT5M779/FTc5kMyVX6aHv24XBg6HZo9+8FVOe3+OFFZHgkyS+3e8YWbMbNB09T5cEO8h6uveEflSeHP5fQ5vImfAZ+45bNPWFHeQd9kOgiuT7Onujr1Hb9/EGMj4d+/ea6s28w89tUGLBvmOfMYECBxC3ixYwcL3hCEPBcNmJEiTXeX/BkM9HZjCoQ/YCZ0pjvDTXohgwqsjbwT28AgOCxfB2Amg1jNZHI++8OFnEWX7uiGQUGQeGpDgsXxk/lhze84yVeA44Qas+ILKH1CeWMqZmbOmF3yhYcN++/aEQ46vfb6f4Fdoe8JaHEy+/ePC4MA36vuF1iH+LWuiMJg389yfLl6tvArQjLLUTQq5aGVwRUayinP8A1Onq8oG0zX8DtnvHvW1dv38RUy+cIWzJBrtyWrvGEsjV8w7wgQIHFLrFiwIv0igwYeEYMqJGUB/4HlpM3FtX8S4suHlDE6NdcENfzYvbP5hGwTlLeAQHBYvgvYPgd4THGTL7c+GRaFyGv6/MyzKvDwhwWL42csoZ/EZxcecZbVEA4RhYixgiVm6pj0MvmUX8/wDEoCxzGWH5j9fiXCXDK9W0drwCW1431kdlYWGiyHP4+U2iuX48KquK1GvoHXvGVLV/G5eb9tpVSrm+XZ+Tpt6Sh1PiJiHn+YbFXDWpQbbrc/Rq6S72Y3v00gQIHBgsWLKlSoNSyDCHhIbby4xYf8DWG8WLLjLlxiFp0GD36xciza7PKCFA6kDgsfAAvz0NXp3hPTxoJbww44ab+by+fF8ocFi8aP8AzBvt37cYLVEKFHAUziq2GIMQK5/D/lyB1/KOUIQAos2j4zHdt18Amx4T1SUtVvP1vtUz9a47hm95ZR8RlTREsZauV6tBNnXZ5TnJm3IORptDVGNgb/o19IpzyPt5Rwc3Nhtxersd+sdIZ0GauhzfaFbiHp/iNd9YECBwULFi3AgSpUrjjB8JweBrq/4FYUMvgxly+K7EDM/qOgcrTq91F8IxZMzkasbLjtodOAFzCFjpt694eKcA4LHxkddd6scZDTHQcFg2R8TCHAh9J+H/ADWFXsdfOIhpNHhcucuezp3h41wa8VjYPE4XsvgSPhMu4gGKsgMVekxPBhj5XP2xyOB6Bv3nBgFYHbvrMvabEE46unfZAuDhi3HL9G8Sh4jqHcwIEDgtSyLM1e8Mq784HCuFcKm76wYPhIsZ+If+By+nBfBcXg8BFCyd249Zz0h1Zjepk8zjJO6y+3eMWPa91FiLRjcwp3pNP2+Jf4LCA4LHwv2ua85I334oKV0RlTFS3FhnDgEqWbJ7vb/nNvJy7afEVjSejzOAwZtB23794NYQje4hgmhefbz6wgeCRPATVb9XueXOBIAtdJeDz536llpHkEC9pR/QHPr7Ew9wONr3G377QIEDgtcMszgQJUrjUqVKlEGDwOKxeGUyf8BiPg8GXGXHwXMpW89nPa8oACWOv46/EMViem3XvGMwtc2LHAFrkEDV+zo8P8QHBY+JjZ6xcB+0e0Z1MaYHAUCqmqwjCVAgSi6r+O+f/gaF0dR5TRq5af24EuHjMN33EaBTtxdoG0oN1jhXWe4ze9uMDwSJwB5ZH5j1b3dV1uVtT0DeZD9jAgT8HOO+YY9+deX6bzOBA4PBLwCBKlcKlSuFSpUGoPgWLgcMu5fEMf8AfYrui8bj4GXvGXFjh4Mw05uWx9YxxtubPpzfOkWCna6Qi3FZ/gd4+H+ECXF8Z34C1iLltwWM08FhY7qaqQ8NQgTAHH9X/wARcWMezD0de8eFwgNeraXh678KtbOx05eZkevh2B4JEVp2vTvzmDfeG1ZH5esxHm+fKaRDDRAHQQwv4LPq23Yf9Oh3q67wIEOGjFi8AIErxVwqVEg1BgwYszgeDXeX++tlrBSjpFl8Biy+Fy5cWLLg8hb2OuzpCRocnKqzNie8phis9/68PeECXF8ZN5Nwyx8jgN5qvpxxYyqFiYFYcCBKlFMBn9OcNjR/4xlBY6MuDvXq/T44kMowjuZbXYM+9bmJYUaGwZHi9kYMxbx/wejVzmeFGkBru6vBvASkLEprXwo7wqazY247HsQIEqVNMixcAIH+AJXgqVBixgi+FcMH+/OQIWPB4XxcJccIx4NaVr5E/Jq9YATa1+R5ngvCBFi+Jl9uAbfSK3wDFGLGFFjqZxg4BA3hDNsBnu5HeEPFQf8Amxubrv6d4xKcdNOF1nME2F5dp9f8E+z0xh89EdXz1d7m/wB6B+5VrhrlzvTk3eWXnKwYHSur2EOCuIYoIED/AABwqVKlSpUSsWbH784Gi+fbGZZXSCwuepCECD/fltuYkYseLLiy4y44cGXEYF+Z8nJ+2kCHQsTU79OGHBYvjR6A37RXZ4DGYc+AowihjGBUqEqBNIvd0coACg20/wDRZfjIIOkzIy6yF85p5uEVmBY+Pl0BSgWroGKzJNk2Bl55mYS7n08448DogMXY1ZZFoB5h+W6Uq2VwqLUUUC0CBK8ZAgSuFcVM3pDo4ryDN6RK2WzEOqdQ+r3ygcih391QCioBzpW2fOZKvSBKmp/wFtWWSMYweCy5cXhcYy4M5ucebbyfRnvA4LF8aP44ddo6tbvgLAa8+AwsVQDAhAgQJhR5fycvmADD/wBS24C8lY48ooj6lh7M4PjOXqVxryTP5jhUmrnAgRn48Wa94wmMOuvXhUqPFbdEEDx1K4HGuKi9Qvboc+T5lHGTN+A+BnK3puycy29szVtta22gUh8y3FvrvJFjkU7PNChbXUxY2O3Sj1zO8p5WGH/AW1ZmUWXGMvgy+NwY8uDLl4/aOftttFj4yfOWM/iWYsYzygH2jLCxlBECVAgQJknp+b/7CH5e1mvQ80VuYzHDDd9xEopPCM5h9Dc+R8MSW3tc3v2mK8vlDBNErTd0JvtPJ0gKyhjGI5TTIs0DNlKs93n+oErw1KlcDxLUdOQzZn25PWAG1aXzeXON8p8nmXXVeE3aQy9fp8oWywqw6xB+NcvFP6Te5kQQAc3LutEopReZsNN34hTuxboEWw9GF+UQPB/4HC+VuDxvhUuXGLLjLiwSrJ772isuFn6XZh49f+YN9uCoXggaPWMLLjqEIQOBFmG+kw43o/Jz+P8A22Ddo8w97PlBgw2vVPfRvxHQMeUrWtcXsbMBVGsAjpCDNz3B670k3YSto44hKlEWNIOpk5G/X2QQJXhrxnF1N2tG69tZnmjHN5epba6Q+RHZnerrFVUCsWSdtSiNmuqYO7LlmCro0HO3PIDXrLTDKS+QNfhAFy52Ys/oYGXDZD6bPTlBE78U5uWLzYboReWJ6yoQTjkvSF4/Jz/4AFesZOYRlxYsuLGLLibRxlxl8GxFPa/Dy1QQqvB1Fn2zz8P/APYcQBhoYRhZdx1AEqVAgRQBa6EAmP7Oj/21dmHqcPcytwywHTB314DBhii45vu+4RZRm9Rn5GPVhRRMZemXWHh1/HZ+CB9R0O94Q4Igrbii2ivGHCpXgqVK8aF1qdI/lo1huxsXG+fOvAvNygg6F/RurP6JboqyfMbvclhatdN2bmh7Q71toVeNlNvI5s39q9Z5ueCVmg1uMuba+mJhUZZl7ORlNboB4/gHxAWGFo7pNZcIExChTfTIBsWywnzzMxDGMkisH/gN6s0uPBYsuXGLF2mfC94xd4svVtDlp3YkZI/p4/yBvxAIvIRhZnHxsE1CVAgQ47WnfZLI4vN26f8Au7rMp7j0lcRgxpwcZWUu2W36+IGxOr9mCQGsOjlLlYXMem/y0H5gQ4Yay1HgD+4EUONSpUqV4lqIGSend+IXjfHD7gmy6yaw9VnN95nVx5QKrAqcAD2dt/WUBkI6gzG3mr0muAS28/Q91jAcXIs7VbfKWMAOY3wwct3kazCPIgNeZ6eRChlMByd9kxt0FObf9LNAG0ipe1TyErb9GNdTDQUdbk1GQudTFF3XJdAz9piE8cGkraJV4uWh79/9+kxfMy5cpceLxYx5TOXvwMyziyrkb+btymvcfAy4DBBYovBmGGMOAQIQWFr7dZhrFZ9tP/fR+1b+SJ4LgxUpzuQfV7oFYEpF5DqwwDeKZjpPM9izNtgQ4acWVfAwHAYPCuFSpUrwLUpFWdb761bSzbb6PZAzecpuxLTxRU0FOWtROu12zPYzOyappKfT/VM2Ia1cXzA5L1gmTEy5/VvLSOQuN5GXyDnXWKUF5lduHIa6ekfBaYvoN/7IYCuvHBz7HWxgKzeEs8/56YcowQsNjJhy0lEDKhY5nzYRe05gvb6h6EM8hh7vPAjajDLn5GBKKtqz9M0aME5phM/98r9SO0r4MIxZceXpOkSXvxXwCMHEbWyRqYVobJkenEMw5RRhYCpZiwzUqVCBKzdXQ6zebnqe/b/QdhBB+IkTwKswofYpHzRUaHzdUvyoLkLVA3XAIBzfqDN3lUCEItTFKlSpUriMH/CsTOg9Xkc2GAmqspV6rbnlPXjltLTc/czlRGsxyD0+c6xa1WyPZ7EhPMD6gzrt7npKWON+/SGnIhXPZe+zBXCg5uLzZueEqAUrFp7Tb0lyqOJMRnnmmJnulmwvE4jc02HSKHsvDQ76SwlRp9A6Vrr0hQPDi4JyvbzGfaI0mtvoTZuOB2OYfezBwQNsvriubQTIoTjiN0FwLrFavLlHTOi62br3/wB+F5khVTFqDwuMWXHlLjL3lxKxJcuWFfpqQ3Ia/RwGFiOakEMIEIECYCYM4PhR89f9CFK3kSJE4sk+yz+UArAggshbyy94MbnBwveXVl6zm+T5gh4CSpXBIkTgQYMJUrwmFciIo5v1PINM4o5NVKK79cdN4awbC6rOlb1GyC2qg0WHJRroSsHl+5V5sdC+cPK45C4nw6YeUFGq5e48vTSOJ0cUztwHzfzCpwnHylcS22/GeRhc6SyALsM3I8phKtfP2X4vYlq5X0Pee2MzYYtNaWNdllLY51tcW+uf6yrDT+D1cWRrGTLGgEu9qa/CP65g+f0eg1TaL1dQ4V0whhxOQfJ+5q4CShuszXweUrKIYarzMa/ELAVuOj/vqz5nffzHnE2gxl1wZcZcXhe0TaXCKtZjHq6PpjGVixHKcWDggSoECWJwObC4YH+iwvmjIWstn1EiRJUw1kfye/DgsHWny/aHAIrIxKHNwIGXBXV1ebAhxqVElSokSJE4DBihweFSuVg1nN9jFU1ptky5vQq6gGGMyB28sjZLarNLVgFDX4qBRdTXcyTRG7Z6Rw49uI6pUDBTOLY1Y6347pPMwkqSrWa+JD7DGPMGBzvceR0/uYNk5iq1XVF+2MYpLY0P63gYaXQww8iXLtma6jGX6Etuok0bKnNe/Geao5q6vcaZEsnRWvpucv2ghS/WK8j8w1mV0ZaFNOevSbb1T5Jv8QThwK9E3M0KH88Obrr6AuOtNuN+R5VKoSVdGXdvI61K6s+I6GbnMGy/3o4xsD5d/OvpweJw4Mvi8L4350XzM3484u8uOoQtggIECBKjD+cIBQaf6OgjC/rh9RKxMIWh3bxIkBay9IyPWoGsc9Xm4vDH2j7ZXkQUeVa9j0QQIcCVElRIkSJEiRJUuZcBeBFRKwLbDcMj88pziAsZnnwYvYgpTOyqmTfPnBqHE1eGw3XBq9YWQYfd2ZfkYKK6M0NU55jSYTiFIwqqLcmDsHSJkXFXR6/Io2zhAC7UMyurTIs+UvLiZMNNyfOtJeS8mjt1vYzq4MDQAYZBgcoqvFcAZrbkbukXXQap5FaFF7shL3i2LNb35YVC4DBvODIfov3lZlVPg7rzbv1DowGRTs8cHoiiV/RzHKgcXQ+t5PeToWq9pvs80Lfinx3KQAjK4IXDKfu2QvG9UuPVQRryBU5s/JUxVEvlidHSJ31H+9AU43FWdem/7+fWXEl78biS5fBjwuVEdZbPdy93zFUA4wpAgQIEsBchvANBgf6Q38H25kouNZb/AN8CvsecSYDtPLH/ABwtbZ7Yy+YsOrLGzV/PD2QIQhCHBIkSJEiRJUSJB0YNcBDDGOzOYb5Ab/lixAxd6XWI76HmzaEAVxDSnd1TBmqY2sY2wFDP7Ro0oWgMDmc79wXgYw7B3tGPLGuoci2yBS3n0vvDBTJhlKENMdxJ40eavaCPVYExjS3V3d5YDsGhe5nWala1MlGNMw73eNEXh5DKuOdGep6TDHiFBWWvW/S4KNlF25EzXeMDAYDdW9Y7Gzzh7MG4mvkdiG47WWvbk+ZSC75iGrqrS89YzsGk13mvL1Ss+Lccea8pjN7ULcg/GHnpLB4UxFVo+HlDwQc71ankwI1iZhgPPcHVqZQF6tT7fKOwSatOjeuUwtbnbE/3pG0Tcvft9JcYtS+Fx4XHgy5czxmY/hhjEgVCBAgl/oPt3jMv9NfwNEf891OvAbBi+ECgy94n4cBhdiAhkWgeTm+kwvDLToYEIcFM8z+eBwSJEiRJUqJEiQwgw4KSMrez+p6JgpXhyhmwRAhFxg9zK3dQ4L1F2K2MHlygI7wWZLF1X0cZiedtXWLsg16CamMgwPWnMXnMsdnyydKM0OJRnc1bXga5y9eGolCaVvNtZvlLlC25xh13PQuVIzYozNG5kGNXCWKMQ5WGR2KTlfH1HMTxUEy+J5hV7REqSrcter29YGYpY1m7HLff1lrSyAZKzbI8wrpHWNRdQxsX480XLWLMrYqt5ctRvNxw+vNjUzBtlObXmOuOtZgLzn72NX3Ru9eGWdRswaNuuPM1V5ELgbuvbx1c8iYr0iwwqsvI6RqzbE9w2mDBbzy/N/7wzRY6THc7fsx566ywoUmYxjhLl8GMvg8LiGLq18IGkCBtAjKgvlBwlvs6/wCpAomDoxaC9Ws6d4RjuurFQzXKZEt5688CBDhcUSaHdz4EGJEiRJXCpUqJAqUIQNuFejtXnMYM2stCHQljTRyDTtlrMVjFy/MIwMXTrMtOO/VmPeEvmLUppWVjrttnAFgjUcHA60v0Qj2fkmZJgXs5sYWaYZYuDUqxcoAJmxDSGrQCrZRcE9RtNVetVGYWrr0bsCtTBzMUOHbTBP8ATnHGrIqoeS2fny3ld5FsqY0YIMtrKVuLCzAXzTR0lETrX4iT3w7d+9WbSBg9bcXlYYresGVbGPkb9eUe5NVrcd4qt8LBy10mKTFpta86u/pxUeDDUbA2566yyltg+Uz80GkqWvBM1d5zjHA0vM1A4crC9YbiG06/XZ3RQBNpr8tFzoBZ12I9DN+xK1k5rE82LAaDf7mBA6f7xLwYB5Geb1b+6FKejmJuOpHCJqQbjDg8Xg8HvLGHzvzjAgQwC10hnEfH/WW1eoafvC0qw11vvhUyvMfhlZuI9MYQ4MXi2Fx9x0g6mN6whEiRIkqVK4JF4WC7HT/JAIXv2Bkur4lcVimLsOfnL4Csp6ETZaOu/PNflAKry5subPsY1rccQYN6KMsggcAxOUUyaswvPcwsS7XLq792jYjrluwDl6I6JTXoh6nAhpRhgTktD2NIiR6XhssYgyZEBLnDANU2nHddCNVZdYRpdG+Utt8eFyxKrZmFaHlEK1euZvhqTljUOG2uRx36jd6bytbhtsJphGIOJyOvvesrCGOuttz7ekxi9A9WB8utdIy3m9rk/PR1jwZi8Ihq20A8tYRrX4BRjj7G5jjGUs2y4M11r59JQo5a1wuRWnIzi+Iq1k2o/rrAIKF24PokrNlyaG5YeBvlWr5B5vnIh9iDVYt6Y5fccGNpjlfl/vV1Dnkx3Wr52l44ozwp6H5xGVtEg3wvgy4vAYMcbbnwgQEdrAbcVrt/rgNt8tVdvSCCzEZUSOu4tj0whDgxI8Ki5PSGbP66y4MTaVEicWLwkFOufQxZZzq8RsdeTCXuQxcg0i1hg+nB66unoPN6hHirWDjsavxUsqK27ftDvMzDm7xc2f5YvYLxhZhl1ymat50sy2yzrOxgTGNrBgGtg3XoTWBy5Gr7xhym9LbWuYvqnWCi+lcKnLBdX0mLwy9HEoZMea1XH4G5di27HlLJFy0cEKFinaLxlRgozLAY49sc2bFgItY+acq+TNbK4+Vuerlg6esL5gDcrvzgb4tTq6W/TLOJxmEyXqtzdsyj0Y2PYtTbZpNcK/LPK5cyI0C+ga/0Sib5Optng5vlj3u5PzFAHM2HP+a4VxN9DkrryI6uYWdOq+0YNzi8ytOrUsV2db26s2xNhoggs1/3nJkutXbtiO0TFTsef1I4FRox4MGMuXwWDGlGx8JTi5hrq/2Bai51i+3SJfe+43acgp55vxDxtkhDgxiSpUqFjZnC0uDKwjMIhL2iyt+BbuV49D9BAC1FxXIQduf4gq816Ma85qHU6DH29octegDI8oB5DHyaDz/McmCj0c065e5NiVZqOdO3sj6fa5re6czL0hGWFeffPeVEC9Jhp14fEPRObmNzNg5BMhWoGbpsyGEWlKjOpkd3dreMa/hoMTS3qK40O8ZiKwa1yrOObdGjDDTEjSoVSrFXF2WDPTzlFntIbfbaW6LNwwtML/BcEnWnLUNPhtUcaBxduRzdN4kwMnpKtTG+b9zVarnp8lZGkBgAKMdVk9hjj5G1o0NWXD7JigvVwKbBD2cJo/BWnbQ5wWsOodfL+msMdGxDTnpz+SCFwcMK7MPUY/AGgYe2tzYY+pXrPYzoIYcmuDrWPtIKwYOgDpLFnVhnjAbV/wC8YPgK35HVn7zlHav14eX8PpERRwTRlyp1jL4Fm4/uUzVrtPd7v/tCFMTNxSPgqCq6gQYY+BjA3mSPCHrq+RjFSvNXkTpTa9Mvq/EE04ubqdjlKEavwnmiAw1haGz2hwj16TROQy3k/n3SlZnDs2mQ293vPaauhl9xbXzL/D7aTW1g0YDI9AbCUlu5Ot/Ahk0mKRUNGJbB3yOlwPlFD1lciCNthMsLjZr7cohNZgFCVdVk4ZxeyMGCnS2WiIuby/QWsHmRexg8AIrXRTEi7wzAcbXnHoyut4als1q2Y1ytCZePfOA6LAoeg5b29PaFZTVmkNWiD3ldS6ry4QhR3d5+HrDwghesV8+T1vrLp8WOGQZF8STAf0KzT2IikPHZ0OT5hXoAvubnsa6azD3Ex2jV6eiXB6Jo50uXoqVDEwY0h0zL0Jes26ArmOgHvcuS3mON/wC+AoA7w38ZHTI9WY9ftuYxgz6MYkuPDVYy6a+sq1R/tkvBlWJKiRJUqJgJVjFTXPTiMRFiS+PCLlm85ShXzN2YjBWx+hri8xfkZS1Rrj5GSPmPH2DzfEpz37ceadbD2B03iMmeA0DL1i3ud48nyIV239BDYq93ntAsZbwb8oRw22uQz6kwMJQvUMVLCyyGXmxZWcNNttl51Mw8uiGo78tXEglgwDuCtveQ25QwxYX1jLyNuV+EumsLf1fwQQH969OnJLIqLJUsxvzMGnpGvfnnWNBGjc8zlWdBpr2xLWnIGI+o39YrIgOV2322gJMzmPImEQYbRlcuTMvB9Be6f3spQA6u6dCNTy43uzY22/CVvZ4xcvL2NF+q5bkrm6nfHOiegFv7OhFh4cFyx0Pg01h4LM8z8cIAJ2ecxaVOY6OZgkDg65/8Bk09S4bjSYgh35QFxbHLLvm/UP8AchysbNKhoJvoGTwZgiVg+FOJLESxzHJhUOi8G2kukbiNKsLKr5io6QecBkDG9GB3zjxHAu+gZHpGV61vpkIx9rzPVKZKnoftCjq0vgR3J/NyWtvimZkWrhzfARrGyNYNBovpoSueWJ5bDnKjOrW7SwX3dspa5SOIbsQwTIQk5Sjq6NhrYciVo56yRlAFI7mvMNmZjlMQoY2KDcr5rGhKToAo5IGovWoXOpXdaMa67nNCwAEpeF9k6HrK35MY4i7P7Lw1gzwGsvjLQmH5GVzO9mstQ3tLR2Bq1mvC45timmDA6HvEOrhc4w6d94a9kAWOJb2HKZaA4mf51EMHCMPlh5GR+Lj8vmRdDhvXpCjAoGQNhqvvMq/qZuXN5YkX7HEudPLqwlJMiZ5TDT3h5EPT+CCh83hTgRREFjnuigLHPPpcLk88I0kKQcnkRWeuvIzmONOK9jTHpL1WRhsZd84yuvacmH5IlGClDsGH06pROSl/m9I+VScPu9Y3QsW+x0945Ri36/pGrPHNflly15XKmPm0M2QcS2Y4pk74RGUcQTmB59YYQE+TJ3HrHTSvMaw/2MWEJiHlo5vzCoGisJqSqnAIecMNTR4q7nMXzsYrAxo4lwp7zjWe0JpFXRF0MMN0GrRkao+YMt8s3MGplTHpeXIgBmTBXo2+Yitu753+G7pDN6HJAXlpTmVFZ4zDNbM5vP0Itw35XyV6dI+RZfP7/t6ahjCyuQwwMg2PiODc7QNHwfmlTwucvmh+eLHFJVc1idWXcgpbzavB5HvKAuLa+b4X/BKXM0f4MY2i0DDGhn1JUxzI65wXj3zgvdmPm4ymphb2Iy5/UlKlbj6dekC9YGcVRvNQchPgxkVV5y3n0GA4w5vdd6fMw9uQ5bvNQ9li6tPy5y6xe9iWrc87y26fMxANYGCx1LFvaMbPzecxyDZy2SuKljU0dRvMWGv1fzrInAKsVYvIaA/EOUyAroNVcj0iIK8PDS5anIwiqigoDgLoDN0jhwcF29GEy8M5gMFMiw88F6+6YVq1c6tNz61rGpDejWLE2cG+ZHWS9d9+kuCChqy9YzXZ7ay/XZrBNeQvrKCqTb8bHsla/cbplVkXCGHtDz8siLHnFET1hdVfOv4M1DxVaiU64A5qOMMZzeJ11nlr83xEr0IWlA8hi+rELOeXTDV+POE8w9EvopT6HkSzORW2or1RqmpeX5Ix4Y2HSYYcmL0goc8c3Nufu2mM0snd1Y78+bl+453K/aJVdhMQvB6L7eswgiWrIVRyxvAciK2GbP3zXnA5OFzfU/0rKA0G/M/gDOVvixpeSLzh7qmFzKt5+B5IZRi9i7po5vPu72nmgJHHnfZdEXV+rNUFOdr0wQFq/wAY1D90bC11XvCF4El2suZBTHDBgYGGXIP7jF4ZLG7I6nzXWGcLI8vs7sYn7ivjfHLWcjIJiCUtYbbHl/Bo9UTiFk8L0ZGp+d41l4Xo33jYUfVMeC5H2z5t2aphDocFGWWL+POOF+gxgLq+VZGF4W6ctXq+J1ZU7flZEtJ2bmgmGq5nd/Dy0qATtm6/qKLAmZg7n0jQRWQZFZ9GtN0zFrmKob6366xxwZeppkwPdDYsMF1tX4lKitrMdaNd/JfKNYfAciLXLNmtVLnEMLqN/DSYXhjqqfsGg85TVcLBVlnmNTvLezh+ZTjXOjVIDfnWNhv80bbcXBkuRbb7y1gp7tPd/EyxVlZHLnu6+kDAd4mFzJZFzuw5b1ftUueglbV1aavn/B7bOIgYAy8RFo5ho0LE57MdP6blg2L6TJvwen7iqyMjpmfNiuVZl2yfVl8xLsOlY+ccmPsb3nNJl4csA/mUoHEBvu88h0MSKHNJB5vtDKNrye/NY1sJzcg0iYF25uz7lbYN5SdRnuMxitt2x3jTk70MiVMWeBl4AVkZbVhNCuEFAjmLZ8zpAWX1+NiC2R2Pxzcc6IzQDTRgaVvQyzRSzCcfBdjbIZDlFcOiFUJv6CW8ZbM45vNXppMAw4otxyOvXfLeUup6R+2a05I0aH4mwRt2x5YGur1mQEfw03mLyxgJXg69cIKoZhR8T0hPOdRZXRgess2z8GvnEdh6HI84uqJRpoWuT5hFMMn1DNZpwbb+sUB5nPX21Y2VzXzLI6D19ZqG9vzDzORyc+u0enulBoDn0e+UpfZllyYOjeOsunqpi3wXAY+6U+T9ZaulmLvM6WJzn2L0qaAtW8PP3j7LlvlNYaJD+zLeMhi9EWvuqMvWE5AuXkMl6epKzeaXTuK9YIqiGR1+ogWLF2Wb6e+kNAqijCkMr56rW/4cobZ2y9IrdPnwigGrPSCvNh8Q86wfmCtFrhyGBg2E0JiVq+sLYAA2MZyNdB36HHnCHV2rLB5DVuefnl9dqfvX59EwK015NDqxqV9EvXHAd2qXppyx5S4zprPzD0BAAXJrxOIdVPPWC6OF8jiWcUvj9VId2G9hjhNWoF50yyzlVb5vWXl6ekEstOk6vtIcA7xs36B8EFsc5uF9AM/k+X8PVD7Lky+fNX9w9m8R5u/dqXL8Bep5QhMMnkZwNU5XLImzRgfL834ichPJd86wLdIF30eWcqHzc2fyllba5+q6ZDpHxq8bWkBWJtg7BrDPnR+erAVSGt4zhq6Q+VxevHqOI62upboOal3l2ww5MYbMVhrpgAaV7Kjjb90vH9DapUCBFGp5NsW12aukAMAyfw+buQr1m+Sw71gwAd5KV1x/EeHohuvUBdrxXpKkwyHb+kF+TIcgzZeEMwBHyVg88l+Im4vpztuzF1bp5qWWbcfKNOmh6x0nLNty8msrRtvluygMDLI3bvfOWbJKi9QzXTEeia7Dc1dV/DnkQ66Kq7uzDqVKNLfuJKmWMA0o3bEjedmYX/EJNHLJySXO7z44UzMRz2xXnKI0w83N72mKtbDyMX3vEUHEcFer5EW7CilsasogyHM5vn+Ygz8zwvyYEM5jQK8ryjYxxbrn6spF5vJ07zhfLbDk3glYocDZ2PjeN6bjLae53zziUW+OxsOQmOA1qZPSJvFgQZMDPGXBVjaaGjvX+IwFMrRa2bl5kuUOHUzZWzpj+ZdyNeuLNpsB+e+UwjNVeRmxBZWGB378pqSvNzMC1lY52LA5opusR8vOctQYM6e4438Lk30HRFCqW9Cs10PWVzD59Zrry2Iq4VMzpiHc7+IFVKRW+wyU0hbsW7w4uFXuFZGn8TMPLGe/fWYqcTMlYQ3fF8TELSs5zyfK9fiOIxxrq6u9pWG1wW1ZvOZCsPmMnm4+8o4rm6vvSolah5rpm5D1hGjI1c+Z6uMxBwb5e/Yg44rtp07wg/AMTy7wicB7zRMB8+R7TFxXY5IxsNmm/p/FCuBV7d6xDOrHRxjVTUmMmjDq6w22lXzYRPEwnTN6y8Dy7/QlQXNhuwse2UIrkodENfNMkU7Rqx3ba1zfwZeUK0yyhlGGeOdc6jjFYbj36Rc00lg1/eZy/ikCaZD9zFGU2JlDA6EHJz/GIHvf9+sx12LiutoW6JRpvbL+uHK46UcKiLy+o9hNDmu/SEscvxO2NRIBR6fxWllMbaJimNWFvdhF0ESU3fPJ6QMhhQda1eqWX9j+X4ipgtua88184+zGCbR6DdaEXXhqMMPUPRIBR6fxaRRcBaau+AwU63FT0v1w6qU8v3zFOkdiTdGGKl3IKLa1zZru5Gn8YZ4MZWPcZdJg9R85+oExqxV3IR88d4/ge2nu/qVaHY/jP+wcBq+1zL33/wDbH46ns/z07G4D3lsPZgWuAdAbrUucA2HiZYjdagCxsfAoLdNYgKrkBX5/8Cgt01igudAr8yoIGrgSoIOo2f8AheCiyEW9Dw0tfQQDYE2f/ODoDdal7gux/wCQjSzoI+lwHuwgf56ggauBKgg6jZ/rHksg7UR5PWTg4ngV1C26oW2BW7W8U9Zl783h5oGBf+U8pMfJcPrMLbg/gCLIYHYxvnxbt/PitA601Yt1zmW5Wm3hh+fB2LdPffl/4Oxbp7754lBLoZt5PlGoJVjMrN5XCHc4AWurY1lbrUW2uA95/wCEU7ahRatLXtygk5OJYuLTTLd8JnZVt0ctcKlJ7u4hT4Oy7E9//wAwlmILkLYutZyhgOTH/C3t/wDxmjbJtu8iF+DNjGPys12dQrPl46tH2CgssxZsyRd1ZeeH48aUEuhm3k+UaglWMys3lf8ArO7bM998/D2/AcvhYL0A5suuq84PODx3Vhymc3xsd4Fm2Q5TF+9wtSZB1nSu7L1sgdfbq7BlZM1i5OfbvSPufZSvrZEtPWloyqnnjBEumjoPHXChtH7hnFza0YrKDnHqhzFeLMlBUrYOWIk+fSP6uLYqK0eaxjjzlqb9blB7Fbb11JiKXxvpClJRRlg1FfNCjrfxBq7YCvW2Px1atswLfRwjIVLNGlypdtV8mOfOtPcCC2rF4dp4CiZ5e9hjf+L5Ehku6zYpeFxgy2i0tIJJJxFvJYxWv9FwyMWYt6sNLGILrFFx9Ocuwz2WyAVN0ax3G69Z2LdPffPBm1GbTGC1w+F9Z53FY4fqYyt7tsEuXjW3NBExaAsDI1PaIoPYOxBeBSmu+fBH69R2CV05s2nxCAeGMtFcm4OhTi7ZW0HPIyi0jnN3SN03W17Rd21Yw8lbia2JHrBizl23CoCBtljMX73C1JkHWdK7svWyB19ursGVk7LsT3+FdSw10HVOpPK9YMcAY3sHNMazjg5qVM5tSfJ8R85ZdjXZuPhYL0A5suuq84PODx3Vhy4AVWg1im6Hm+yVB7NTjhuw5ivFmSgqVsHLESfPpH9Ud0bPGuvuyrcfIvow33HadHU9Jb7oZrl3hGNccl+bZ8EO3lc68xy9Xg3t+IMWcu25eutYq8XIwv1gcZhkV0KxGsDu+QKh41qwZfMxzlJRkGtoPmJ4UOSfiC3Dy66isG8SUJJhxO9XDzUd/wAgVHZj0RegmOcE8slywPyicKJZelEFm2Q5SqWusu8IOhTi7ZW0HPIyi0jnN3SN03W17Rd21Yw8lbia2JHrFO8i66r+I3YesjAxYxtvUawHyyDLAfhB8yivFLQdqNm9X8EAUnhMsFJiKXxvpClJRRlg1GhUus3qXkdqr0pRBm1GbTGC1w+F9YMWcu25fvoYnwCQfbW35hWyXDPa5/BCrlHYXXHyY3FAdO7dQf6Xu2zPdfLw9vPDLw7zC6B7JhVOVXh5Zkx6nu851eEvbcyCHbDQ1lct4WygpM0Y5pL6/wAJaPAh5lvmV7tpXHHI8iH8poMDLj7z3/gaKYHK57bh87at1IPmIHMyp7bfiOzY1ueF71EAVKkEY0hM2XgcTNLPHc6HE2EsVDiWucccBl1mWwiA9ts9xhVf3LLeYLyvR6TDztUh828zTIo2o/Oe3Tv6PoYspqGCZoukq7C0Tar6y8L24Cpjf+8hraXjUd3oC/WpdWC0qhZCM86TuW+e++edi3T335TVsIYxaT0HLGYfTkPkmIno2b++Ms7rF77552XYntkZmXSiic5BgLnjgaYMnSsfKcy2df1Yr4gQHNxfmoOrl5mPu4NQutHKn2XN2KjLXyQso6IxGfl0uFdI2ClxZT/QzhAxwxaLM2rOJ7aG370XzBRWr25bRLuj8nC3d+UEO2GhrK5bwtlBSZoxzSX1/hOy7EdM7oExcXuLadCURkGlUKx4I3s/BmPZX5MFSzlY5zDHeWT0KVUTZ1gd5hdA9kwqnKrw8syY9T3ec6vDKYY6oksXm3hOz0Z0dBz6OJE+qJApScGEzZeBxM0d4iYC1FI+/sut1e7nCWq5WnasdIDMi3o/Immoh5lpU7DLmdZ+kHFNt1MJmi3vVMZ7fwFiAgnGXdMbmUaJ5gS8hqgcZjfWc8BelC6mZZRiB7mWsOFw2/xfEQ1aLN019Ijc3wlS0y4d9aTIQKwGPXnOTQe1wQ7HvHbczhhXSNgpcWU/0M4QMcMWizNqzie2ht+9F8wUVq9uW0VnjfPJUllmKWrQ+tUHFGgO/uA3NbVi3rKHmAyhRLXXGBeXDf7/AOWe4x3PeZzjh50mBzGJ086+p2XYntnBYOjdymNMbgP1gDahBS+s8wkxWDQ30HqyyAGFDzG079s/0uQ8p5KlT6xB0zPOHnbln1BIAXhUXPm+cwkrEbZ69I7YmPQvNydMpXd6Q7mpU28NOrd8Je25nDO7bPB1zZNPS/xB7OKItZIsS2nyVrl6T3/gbh4G6j3VBOG1Nrx+SOcoyFPLOUoxQ8hewTAXfae++fwN2/nwbt/Oe4wbPstlHHpbv+YRy7Egfl8whlLh0AfYnt0++/Kdi3T335QoIOQj+pQiBAAosNYSlmfTXEX6XFGRZAv5fEZP7pcbNxDzZNyl8rPhEU/hHYrEHAnvvyiTcmOt3HbY5GprnlDzpjJWAMnOuBvvvnnZdie2Q+wH3y9xxY6NgZvSGkM00T7EcdvW/cj12HVd2e724lLDgWV4uPpDvhrrnVWaXptpw1Fp8qipDU+hB0YCqmbWWE8SSzE/JKtlcMQ6BwmEEF2ujhhtU7nvwt3flwzu2zwd7LsQ2XNC6qB5Efw+Yhaeo6l2Rmp5cya3WcreOmuFDblrrEBVYo5B18oH5B5dX81HbEx6F5uTplK7vSHc1Km3hp1bvgsOAr0M5aB9j5rn6zQ078bMGuU1wvN1fkxzqZbtYw0aFoKoXUxtFi+r1S1tuywgW1V0Gd1NJTDyLQuwUKpU1z1li8gxDIYDcCFQobVc9v4C3Y9p2/fPYJ37dC7u/VKJQwiylrlg6c5lfXsZqta9fByXv26IRonpP4hF7fkXTMOrjSmbdPHHPt4ZWw+gUJVsrhiHQOEwggu10cMNqnKmPWyYzl9zWAOkbD6TTEtfRsUzrvGKpMlfSlLsW4L7DPGLy19RYOb5yiyLL2YPzObXKdz34y9l2J7ZwW7HtPffHMx0Y8scq2U2vX1JTPmbL8sp37Z/pl/yJ0azl/V9zRoayj5Y/LwOztLVzArcnIHm+7B1Q9XmsrtHC6o6BPRg8sJyTFb/AJ5ypIXVlZYfifj1Mc95TLK6fY7x9JtnuQfjwTc2VfpGf2nkHE9OOui29JZwa9XzFlXNZj6Jj5zUqvR+JvWvJJv48nF5HzJovw26hycXkfMmi/DbqGx+1n43vGtayNTeVspl5UsejCGHH21r54hK9NassJ+5HNpuclozWBc1gm+aH1r6KmsC5rBN/gY8iF+VhTMIO0sXVxg4UCg889gmKA1XRjtlUy7oyLyrrVJrAuawTfF1aUL8k1O94Yt50pXztlz7qseqDNWYk54nlV1N615JN81rTz7w3jer7y8K3hp1QZrcjblr1fMxIvGqzqR3IlzWL9AOOZk4C9Eyw35Tk/V9ykXn8K6EHuzx/FdJYU1zx/MwftsJYVbGeVxyJ9z5moeCvVOeSa1rI1N5WzUK3N/GaW2Yby5WTkmK3/POVJC6srLD8T8epjnvNa08+8N43E++WG8VeHH9hrOX9X3GdyMyzqcsZYNJYUejCFuJ9X3AFtmszy2IdnaWrmBW5OQPN92Dqh6vNeCA0GUzxKl3Dr1/MF2Bs9fNZWkvLi46Do2RRazpmLrvEpVdBY9Scn6vuH3cYOB0H7ZjHGiew93Gtl88fzHmthzJnbOTi8j5ksmX5PF8nHUK3N/Gctg9J1MKKvyZWDaZKLdYqtcl8BWDn/bvSNX0eL5mDGZWK4qq6k0PMwYq5Y/mV2jhdXByUW6xVa5MoWJiRN5HjzuJ7Cen02/M5Jit/wA80OjkI7t0smX5PF8kFfFqZiakcifc+ZqHgr1TnkmtayNTeVsYWv0l30aytxPq+4CwdVWGfL+5lbeFcRsmH4hanDjPa95k1psc1P3K/Mw4h67XNYa1rI1N5Wyu0cLq4OtaefeG8b1feXhW8ahW5v4zlsHpNk15YNs8vSl10Y/mNN8Y3lyqYajFVeazub6R6rex/sjzE1nPDZF9VvWFW1N88nFgiUFH/gpE4esmRwrMiDLcylfMLl932P3eX+JHMaW9OOD0z/LyHQou+mKU4ew9L0P9EGahANgw/wCUxjU2L5KPzKi8svq8A9Yz1BgGQfy/zOTpgclwxshq9g54b/8AoQLct4ZaHp4RtEOpWLW5CoAMQy8s+LnxTGnLbO69v8aHJnormG5vz4Y+Be148M0dqjnvnX+fLw6tf4Bcwd7GNbMVB38DdXDAlFgUTPzf+ePs75Ga9Axj2rnnhVU1G41oNY05ugwawWhvogctOa6ihiOSYjLFWMwi1OYHC2jNDTizyBYxe3dVU+RftMMuN0V64UTRoBZemgxTy7a86ymWmSaZ4kqUpotHWso3Vuph6wybIJiPSNaDWNOboMGsFob6IHLTmuooYjkmIyqHWDZx8hm30IBVOJhp51DuPZAbdLi2D2b9AhOosgNujlwTjLVaipxvRxEKumSdTOEVciHV1wa3lmETav1vBwd4/OpKWjKsxxGdVLA81ZChoM0zDcT5xmJ4yqFvV8x+rnVwUFNRsnat4u7u8XSzcvyCnrlNfRn+A8D7O+RmvQMY9q554VVNRvgg60JfMwYIrLQPzw4dzqRnhlbS54ZAsFuLlfQrVyl0WMfsBO76xHaGYGnmYTzs4V5XnxQ2jtc5oHEl0ipoUtMSBzWEIhyTneuG8x4nNYRkBMiYjwQdaEvmYMEVloH54RQMYqYHfBKutwl+t6CvH0j8mYXAI9V+h1MGFHR6HhfzsytKwcUCXYu8hrAtxg5Xfqmmvbg89V21ebR7s5/1yuOuZknlnPcZ3/nMpY9htR65S/Je4ZeVf80T+QX0xgY+ByW5HQd5xiwHYr1MZa2uAOhWO1bwpMQi5CzKGYdLBkvHrFkwwOVgw0/e+PGDeJFXZVfvfTFCPUIByODo3MDXqQ+oJ4gXFojYEa5G8PYg3EmjEBde8Y47o3PSLnZg8lprrO1bwpMQi5CzKGYdLBkvHrFkwwOVgzu+TMX8i46vINMCCLtVMBkjplM1tDjC+UuLhEMBH9xF7Qt3rC/OFQ1neRfrylS+YV6ts3Nt56PmM9xgAbeLluwPaP8AP6hT65wUuUdb4oLtpK4lCkWs1Wl6sJtkgyJq7NUurz+IpZ8wfqVL62C8wy87nat4u7u8XWZp0D7IX65iesxra66tHmQn8gvpjAx8DktyOg7zjFgOxXqYy1tcAdCvAuEiqmy55x8NO0ItZZRbcbFvO/jO51InK1YsovCY8mJYhTQrCNTRI7XZCyC1xT+CDhiOWQ1RJzDDh77H43x6hRCA4RW7HfCNE1aw7X3hLkiuoYsYs3wKcFwkVU2XPOPhp2hFrLKYoSodbs4/SVyUWpV1UXhGCGJFlpYuv1IAPPXXzYS19JleZR87wMpO9FzGgH64mjqxUIOv1TudTgGTNLJpuYNe3+pghthvRXPzPcZ3/nEl1db5LjG7gkDFrvVQqH6jV0/5orzsLzSvZ52eWmL8RDjmWohjg6lbZmVbztW8Xd3Z3rZnd8iWoND5Z+3xDxEKff5R9+vbywT33g/c6nAs4Y17P3wvgc70Z2reLu7s71szu+RO75M71scCvbNp2reLu7sDN5SYto2/0Qm6TcfTce4zv/Ph3fSds24FdENlvoHmx4sfgW6qCsOrjwdRdY670dztW8Xd3fFcpXnYXmlezzs8tMX4iHHMtRDHB1K2zMq3iPUudW0o3WAUi0KD3EEMnFum0N3DbudTh2HNw7vrw7/ynsPD33g/ZN07zkT3Gd/5xHqXOraUbrAKRaFB7iCGTi3TaG7ht7fgC5Mt5ZOsMunR+owtzd0iTyYrXHFOiuJe51OHKdLBrRXPHlHVnqHsL+3NnuM7/wA5QkeJHVubfuMH0hrY+5yywR8v+aPICR9eo3rIaa4wpzeuF3ANC75YztW8Xd3Z3rZnd8iAUcRmz9Qdj9uXvmL6sXtlPfeD9zqcKWzY9Rid841vJprK8UTPN55xOt0LPc1ABr1l7Pqdq3i7u7O9bM7vkTu+TO9bHAr2zadq3i7u7NfItrqw/CXxndf4jEhaKD8z3Gd/58O76Rs4HPMwl6bxZnQXPSYxKbwYudh5Qi68ZSG2+bPLSoOuTMrb5rHlErs3yYxzBZVNOKmPiuU8gJH16jeshprjCnN64XcA0LvljDMfKvN1j7qHm38VLUrR88YAet8Ng6YHvEYsUqRbKq5UFwmzZu9I3UF8xhYfmd314d/5T2Hh77wfsm6d5yJ7jO/84Zj5V5usfdQ82/ipalaPnjAD1vhsNzBl9FfEQuCnEzwZ5ZwZr9wWL+YVd5KR5J+oqUxGVMWtcfZ8Be51IKJvBJTAYOanoy7IbGfNS55b5JJXGaqmLOzTBcSxGW6VmBeY/hCvP64XNzq53vWv+bTH2hSa0FebsARkHaAYcmB0DIFDoQAEsrJ5w0GXkHx4cqdFetcCHIYosepOVggGPSKM+RFHSziiHOkKecNDO9cODIO0Aw5MDoGQKHQgAJZWTzhoMvIPjBxl6XygABRWRylRIvIBtdMBsAYBgFbEZB2gGHJgdAyBQ6EIUljpMdWdJPbLBgVAubKLVvXACd5k365uHP2Qr6w2IsgUb5RWm3pb1Zb45sDHmbIgV44ubEvOD8ccBE4iZvbN9ObhkM8Cprg8Ex9oUmtBXm7AEJCI6JYzG/B/qY4wul7MoZOWQULxyiszaFIu74otUqUdgi1aTMFH48iuvy4BcMyop6wK4EOQxRY9ScrBAMekAEQYjiN4IkAANgHtAqBc2UWreoSER0SxmN+D/UxxhdL2ZQycsgoXjlDQE2cSFTBEQ4PKVcTbDepcxC24b9c+Gc3wKdcXgoz5EUdLOFfgmVDXSEE29LlPkbAvQ6cEm6yVZTTuASOd7aUploKf8p//xAAtEAEAAgICAQIFBAIDAQEAAAABABEhMUFRYRBxgZGhsdEgweHwUHAwYPFAkP/aAAgBAQABPxC2rYIhkErUtvEsssMYULO+veV/nuOiqTT1LUTT33KaLjhD33w9j6wcYFiWI8j/AKrHBDWjj3XJ9YGgGGdwCAHEGlqvP4my/g/MVTwcfiUcUTIzCX2/KIJb7H7sdLUc87c/jBf+d09JwnX+qlLJ2BpHu4wZxOvw+EabYQMyjCF1Cu1FFaiKjTycP8xEop65l3mIiX9RNKoQsUWf1HpmAxN2zyddP+qa4rzEbLwmzo8fMooG16cV3cA5YYghhFxKbP4PeItqu3cdBSRI9jJz+73gES/HPxnTaTVcickAUiZTjz8PG/8AVDmoyOvtfc4iEXWWRbvfy9jx8oNEdiWMBDMMQBj5xA4+H5m1SDY/JKYnsOfaKMszz9/EHO6TfTz5idUrA02ciaggWGtfw/6nBx852u3wxILV+E6v/iURHLO7GRw+Tp8wnb5DhOhwzDp/mAYZBLiW3iW0bH2/mMNL7c/GPJpGk0y1Er7vaKVmOEH3/u9nmBRgWBsR5H/UrXqBXHQLEeElFU/J+Xy45gxxgeumx0dDkmZqFq5PJ3A4LthncAgBxLBAwTLs3x37xRH3OvadWWkVi+z+YhVsVLFZ5+X4weXXT6j0n+pN1EbOKImp8PzCxzJ4Ht8//PURolJw7I5HSrsGz+9S3B8vy+XidjDJfy/MoIRcTLxuZ6GueplRp67iNxklSiZD7TSljuHrmx0eenpmwA3bvJ10/wCoxePYm7EqtZTkZ4PzMbPk+Ho+fnH9vpRSSuOhvXX7S7R/AeD8/nNJdsFDN+YYglxCvj8E24/LMuiuCR0Ck2/iJ7H3jVZHJ+INC3+3vFzfPDkTkYAqEzbHl39v9RKSD8ZuatlV4ti2r85SqniM+Hbwie+5Gjtckri4wJTwbfl8ICcFiWI8jDaLhCAQr0QcqY+rKTiDQcSjJ7dpx/nAw+XfvBzHPMNyUIGldicwcDTp/ZPo/wBQuOYYCYhPE2AfH8Try1qtPN2uGWwLcZh8PXhKIj3DJyMr9Xwx9Vkh6HDBatgCEQbqS28QEVg8dxlTJ314Y41HLKTn8Synj6GU7fj3G4EN/QdzzCACixMiOkf9QF8shGX8Sq1JVkexDOkyjCf3mVRbPfw9jp+cGM4L38Jo6H7wTrbl/wDQ8wMF2wTlthiAHE20b55lN4/EvBxzy9/aV/mX/GKIvt+UVhcXLneWezJP+efZOH/T1lL8D8+p2w2C2yy8SrKfCNkq742U7ue8pPjt7Hj5TUcjI9IfZ7PEIFDMnHn+MDGYR38ZgQhxDbxFzR/MUUfLhEFKzzc1giomzvk/iUUjfniHL2z0+enpnHxt+Un7/wCneE9CydcOJkU1LrolV0e7FPH3lFjkNfi8tcu4o5dIUicJK4QFFWI0iaR7mBVeE6nV8wllqrjqATMMwzqEjRNuKIN2qTnv3jwKSXI1jXP7jzAIHEU10tJ0OTxFRRs8Hz3P9OPJLJZr5+hZ6dCQExPFN2J3ktYrUZwaO/1R84mgcK5GVxBljSMbPD2+qCQAARGxOxJg2/xCIBqGi1FbRBSqPbiJgezwxRz8CWY/DB3UmzmJ2RYGkexOYUJo0fh+j/TbWrL6zR6Nm/lPNLvTw+hJ2TcpHtCJL/Tt7X3IrNer/oPZKIjuBnW3y8uvtqEn0k+ycPcFouA7hGYN2s/aW3iHSWH2jq77c+zHIIDSczBWH7+0w7Ypumje+Hc8wYcQWI2I9P8ApkzkHRp/ma++CeeeWWfoLBhJc6sqwErsCBU2/oI8JwkcWM4+lP2dSiMTNMv6DT0wVpYXZ0PtLazBO4YglxLRaiFkPcbOTk9o4y1439ooi5+T4zAtjwyu+d+ZFYa7PsnD4/0xnGB2MTo2/iPEaM4l9LBxmWa9Dg9PkwzL8BN1Eq0Q6QAUosp2JzL3tmzy836ouO4p3kcJ0nIwsUJdm/L5PG5bWYRJggBxBpoii4iihnnr4RBSqqf2RUWzh5JRTd/aG71Vn9B6YayDbu6T9/8AS/xrl9UzbYXwr6jcsPO7Ps7JozHcr8Zrlsq/H5nN6RsEwUwTdRKrxEHH8ylrI6V5eB4ahY4TIlInCRyJ2RYGkexlA3sP4YU1aVS2CIYcQEce7FbgW0UOeIqCk4l5Yoycn4g0JcSMH5J0nJAjo1278vk/0uAAc+n4PL5xkz6QpHyS6ypdnnz0im8Vx1Ha6+810/E/aFRbjqdnwJzPwJfuXwElhLrolF0SnZL2kDHCnH7Xcbbvj9x5HuVxWRHYnuPQ7nmXAlhpHhPEBDMIgjJCKB7vc2ggIgrzzLMPZ4ia/OWZ/wAwzY0mx4id0WBpHuzmBhaNP7J/pc0TTAfTuQnP5JOE5GHrjy6/J5iAlGx3/wCSvmeT4T4qzkX4/iWeD1vcAzxSywPdj5BRyzDVZzl+48kX4zp19j9ziURHE1Luvq+PZ8oFUtmj4+fEBN28sAQCAjiW3RBRMIuoeD+ZrkMJSaSYNqHy+EpouUr/ABOTqdyOAIliZE8P+lnOlkNvY/tKY22PR+3YZRnB0Nnh8TF9PDwnanGOeXqGG/yy2l+BPJ6Hf6QMAyvQTcGCV2GDlgweByPa4SUPatOS9B4fpFEQdy3u0yuPIeHzAdvktnQmGQTuGQVxLbUoNEqs+Tj4xlGzk6/iV61337RBxiooj+3b3mFbHi5/itzIPT2J9np/0sVLfX0R4TuMWUY5Do/axW7HA2MH8g6NPv5mcbtnU57mumFLOfdlH49KzcMw0l14lV0Qu4UQtDsR3L7B8v5fL4oMcZVjHDlHQ5Jr9LZz794trNEIl/KAMwA4g04i5xHtGnk79og0Gp1iMFZw9Smm4JuVW/0HpgHQ27uk/f8A0sZYFILEdiMSS9xPl5P1RZGJsYte9vJ4jrZ1svqUV39pyM7PlOeDB3g3xCLoncfCKOIiAZp48nV/8xACI5HCJHIpFd4CPiX6OLjy9Ox8oBWbeWATMAhBxBLiK3RRBbpXb8xVBT9f/Ig5jPZ1+IKAsT6DQJyjkjAoV2789z6/6XGxtg47Xr4aizPTYQpOERjXHz5nk7JfUq592UVy9fmci2+h5pzsvgJBZddE3AUcvcpgtfv14fP/ANxnb6UUkcj1plj4NPofn85TVsBDNwxBGz4SigTPgWwZ4eSVYezwxSWZe5wwzaqtnUTikRVI92cwAmOtfw/6XAmkdvo/tYmVGeD8nTM0KWz9R0xXXJ9PEr0wzmcI2s0LOSXenhIBzrqXXiUXRayhVLfoShitiLHhOfD5RvWeDI9rklERy2bxO/y+EDyGxLE8QELYAgMNGibYCkuIu4s7/MeTCUmklkWBx+JTVsptvVsvU7nmOgIliZHyP+ltRPiPmdniP6vR09rrxCcfZx4flEw1svj2j4IM5g8ss9Du9PKEcQ6cQi1I7VS9OaTCdvhmXZuMx7DiKIjlTG9auPdcMsxvwV0OHxBQBgtQiCXEtuiZt+4dfGMoNcnJ/EcYr3EEHnjhFvLFi5uPqyK09g+z0/6WQUzrhex4ZU8viMPjpAtkGjZ79k1anjgnZNeZrzNIfKeT1C6Aw0nXm7EYvEG+WkLE/vMpw8nPv9xojjA9LhMj0P3lja3Ln8jzNOYJ3AIBcS22v4ji0RRQ9/wiJOZkbflFYPBp6mlXEN2Krf6D5gP3Du6T9/8ASx0z0CxI2J+Z4e3l85Xaz6j2MB7NxwfD58TSDKsDPP6NnoVS+GYKamyiVXiUXjfHfj2lPvpff+viZGniORsr7Bv+YKsA9nn59ktq2jqEQv4fmAIQcQW6JkgmVQqSAFJEN/KN1s6/EFBsO4rAPknIOSUoo2zfl8n+lgFCx44mCFzeY5WbIxNjqLZuzn8Hma8/zNWZrzLcH6Ar4BgJPFKraiPG++pj1zGvweXPMQOukKR8kchhFEbE2PZ5ls0xE28fvalNF17wCQxDDiXXR8evaU2BBbsya6RsH+Y1/Mty9zhlYRo55Re6bEpHxAWYq1/D/pcpae2/h8oaW+hUjyBjWDtyHnw8TXTL6qa8y2dHz9C6ccwwGX395Vs+Ee2ycIyhPkd/qipifEHCuRlMSbYPdfywYFQWBsR5GYZfw/MIQDUNHE2KQESCC8nD+YpllSNPctAtJslNZlJdcVvqdyEUCJsyI8j/AKWw0NgMdTsedwpHjuk4TkZdcHPh5HTEdsJw7vzPPLqp/maZZOj1vKGkuvE3AfGZoHuxRfMobnlftqKc8D/oPZKIjxDbLOfvdXxBUeVzfQ4TqYeYIhEG+LZsomfZdxmhZ1yR9xneqmQWnh4ffzFUBjClePqyA89g+3h/0tj88m/x2TNQterx09kPq064PiH42Nqef4zXmeWWVKJ3ekD+YZhpqeKOLR8YAXFH7PJww8vR39D9rqDEeISvD4T56emCqyVbs8+OmaQbYJ3fmEYgribKLZfWo9y+y/bqKOZnmUj44eveKVmZwKrX/wAHpjMeTs8n+lhE/PDwjwncp+1UJ8A8PnUUfFNDZ+SUOrpNJ2Sisy/mAUTkWWc+tmkMy0QhN4/mU8SmoIiKyI7EeJYlt3vd7+G4uORG3O8dJyPUCtAXb83c8bjBthEzKDEINEPLVsovEvWlfd7xEik4lXjdbPt7QaFYeeWfRyBOROSDBRL7PPY/0sA0OkLEeEZUx5t/y+W4qpY/M8nUBKt6OfD0zgGVznWW19Cdk7pdL4CQEl2Um6iJrKHt2jteB9EPwRlFInCSuN8RYGkTkY4Nw6fhhoLgEzDEMNEJFq2KriBcEMgUd9+0QluXudwyB1s6jsU7A0idQszVp/D/AKXDdbk6h5X8fglGwNA+iRjN9T3dnmYeY6mc/aV6fdg9yzfoWS+UMAy7RNzUbk9vyhupmAx4dzzuF98Z5OEdI9ymIYiXFNCZeh3PMBVGxLEcJwicQCFwjBMItEpvECkH8e3mL5LOH8+ZvsIBpmCaTj9yV1bBrihtnjueYZEESxMiPJ/pYakZ7U8PT0wsVtAyfxDlljfT5/GYSn8s1ZmtWdrLNyz1vKAkutq37TdR7srsD3Zj2bVbfDyPJMsWi1+Hvs4lERxNa7r6v7yBH09Ht79wWrYAhCAWibWoBbsRlCzrqOOIzu6rmIotPD37+ZpLj6VuPqyc8+E/0tgGriMnjt4RFTNJo7XJAbi56H4MR5BNjhPEo5mtWW1Arf6A7PzDMruJuxGFxBJ8R4e1wncTXM4520Hh86iiM5bu1lf/AAfMJWTlYToRbWYIhiCXEHKkS3Eew/Dv2jjmZIrFs4eveLhWd4CXH4PmDfdO7of6Wd2eQwnR4ZUq3iPgPXhD7KNdvHh5j8qNn7nic6zVn2JY7t+hPJMG/U7Yci3ibMTdiEmAgLQ7EdxtYvP+6/VA1HJVzHHA6HJDaNTK/Xuf+pbWaIRCYIAcQaahbtR2gp+/97iJBSTJGAcnXXmYRLDzKDA+Scg5JSsJafc5P9LDYLS9RHazvfSePT85yMNDY+O/ac7nQ2O7jvPuysJrtlm5qvfBLNvp3wEgs3YiZx8IrhEDYOO1/H4I7AiOnCJsSVsSGuwNI+JZA43X7bw+UoouBXMCQlxDviU3RB3KeHmPgz3x8Ile33lu05O4Jo0GzmKFRYlI93CAe0fhfHwf6WdAIKRyI7EllGzf2Pc8cR+Vrjm+x4YGVt66eOjKZ55wmX7S3m15mj1I+ZRgTdeJRdEfOIa1iePh8+n5xmr8rcri1zKPY0+h+fzmm2j7wGswxBGoV8TCtQET2j9/4id5Dp7j7/AgANJAaNcoyjcAXWByHiQIgiWJpP8AS1EmzX2pwfRDunSwFU8iPMubeQ2+7snS/Ga/T8tv6Au+ZQDL7xEzR8fxKuP7+7KTcLPgPfh8ov8AbOR7UojEXU8Tv90ePlA4jsDhJh5gCAQrtfx7Tbt0fmYJsvyiKiz6kc1HdmPMSxafo+/mWy2W5W/k/hCd66f6WdUmxxpo/PcO821ydnCPccUvKPv+EXRK8DNZOEZ0Zv0u30wYRht0TdiNaB8ZenPgrtcMtDb9f0HD/wCIMScFblq49+kWlXxoPQ4YOC/4gndwxBLR7stGijllV0UfeM0f66jj5+0wioFjh/M02w+q9m4/B8wrfOTd0n+lq6+4x+52TEpejScr7m4O1PKaPwYgZTgjxOAfdnGThH3Z0SzTOr0wsNgnU2UfH8SrZ7H5gWS5CxOkmeXC3+TygxyCa7yOQ6HMXNrcuHk7PM12wjuAZgBslt0Sm0JZaKfv7xEgpOGZHMZpyddQWksd/wB+0a0j5DockDGEZX6rk/0sfb54eFcJFKtGI+h4fpB96ddvHaISt8nudxWglWn3Zjy0S3Us18/Ur4RgupuxKrA92cN/Pidi5S+r+Hy6jbpwkcjg12DcHeHwY8vn2fKabYRLbgCEOJZdEy8WzNpTw8yvCn6fCYS1GuuIZAxWaLEpHxCGHFr+P9RVpeWl9jbHWj4SMf59iT/IK/akZ2T9WR6Gx/0Yd09AsTySmXJ3Lz35fF3Oj2hv2The6GvZ5lNL8Ca1ZfX2llZhcTkZdL5RIBZdYEqvErcfOVNOTj3+vL5xMr6QpGVx0I0mkxT2QFQ4ia6HV8/OabaIBLfhDEENQkaIN1JYJ7XKYMvpimWAg0kuhp5imq9z+INX2JsTx3PMACCVxkTs9NoyYa+xYeaHmUIdVf2j8AJyHkWnxHPxgBoPhPeWew7Wjz+YqEKuyJ1zHH5ldwtq5PP9nL/Rg0Z8Uv3x/vrqPLV7WET7VM+W66eOk7Wa7fQEq3PUs592cB8vz6F83ASXXRN1Hx/ErvFEr5rVXk8f0cI9rjTsO1ySiISzofL+WABwWBsR5GCTMBgGoV2rfoSi2svMK42viIoLPtHPzFrx94ii0/T4ymgZjLdhar4f2jG9sUo3pN3X1HcuL0rUK32Re8yltMOQ15dGO0rJs5PEojj0C0NCRb9NpVk5f3JfU9t/H/4f6NtTOU17nXl84nRSCz7JLm3l5ezsi4qV82y/n+ZbWfQuqYPTBhGHuojak3ARVb4DC9r9o3UOMx+HhBiDuG3bN2a8vh8R3YkYb6Th8TSX/EE7+MMglxKbajFqfljN+CcRxuIYmiqhtRtTgDlYwg1DlfN8k9puLCw7Rtd2c3Gf7POzwnE44BavkvD8olbYH9AWERpNJu/Ey/WmgevB8yx/CbnA7SRTiJYMjeqf9GcfKhPoef8AwneNXBwrkZtHyPPn8JR+PzL6t/n+IBV/KW7fh+Z2fKdnynm9MLDdzrws4i3ghry0mn26emKgVd/Q/awYxOZ7Zo6TvzBlZKs2eezzNJcM7+MBgGr8TZR8eo98S6hT3wxvs7EPtfYMw7fVLDOduOhxNuJTbUbqp5HSdJEm7Y2efJCP7uVEoad+Hk8ShFPA0Ox9CibniULvBs/mS2yvQNg8v7yVlMGn8Jyf6Mfl5Hf2pTq0xH/j4QdXo4/JGZIGkdjHvcroN/b+ZXzb3PJLNTgPnK5fAT0ZZxKs1N4liZWRHYjxLGUW73u9zxv0ORm/OOunseoGdEZvjy8fG5oLhHcoQlxMvHw7j7MywsXNHaaPdHztf5XKUCjibMS22vj+JbeKIOztK4nG/TjyOvaeKMbS50j30mRZ/wDJ6M7fQ16VLY2/v6MC25nUTz09wVd4bHSH76/0YOgfT9zpOEim92OV+PzjqxMH7PiWsaTnhO11K8HznETzy2g13A0fOWTil8okBJuxGzR8Yo3qpQlz6+Q4PohaC6QpE4SORsSVgaRORlSC+E/GC4FquPzAQzDEzgWgyXz0IfAZypAb6uyrlRypyqNw2GmpdePhNrX96JtUlGaqvv37zBWnh/0PeKNVn7REANlzLO967ff2eYOvQr0tzTyOh0n7xl+45E5Hk/tMyoFt3fa/ycv9GDWA2CxHYkZQ27/L28NxQ7HA2PZAeUdGn+ZXzL6zRMRLqnS+/wCEs16vhgGE3ibGpXs9iXLRqEwhoPJ53D8/kk4R5HuKShzEsz716Hfy3BVQRLBkTivEtXVAcpFg6Ho0PEhAdRbq8qMo5XlQXmEksl8sm7Fs2NTapEaBjuLW3h2fyISVbHSafaPo/j4zfub5Pn8Y1/HXoVXoXdoJFNqtm5y+HxLShRv/ANl61/o0yElpYH318NQZ5mgUicJsSN1bbjkeH8+jflaO5abo+rL6v4E8nxnR8/U7IUk3ibMZ7jZubpbUb3keTslB70Wn9nslERytTlAyaD9n84ENmOcl2tq8ny3bXUq267/eWVfPHLLqzbAeZbAYDCyzKxNoPdmXiMtLW+n5Smex0dflKsm+X8Swr5Tj3+fMRuVSuHz+gNa2aYVUpdPnx1fMst0tb4eT82DyAEDYjkR5P9GUzkeNHH7do7TDFx44R7i3veez7OyK1fwjzw6MzhsDATQHqYWHIpqWXRM3Hw/MA7uj32uE7ja9XHNuh4fOoSVOJ09r30G1QQRq/fsdjnn6YYJXFysKON0dv7Y2Kbs32d31KKzCapgJuXwGE7hvECnEttr8v8RS6MnPB7S/0OzXu8zXRNrZ7+PM6/n+JkGNX7exGdJOeE7XJOCdHrQ3cLv8h4i63jm7eX95G+LA+zyJyP8AoyrNXCZvPZ2TCc8Pxi+/Myyp5+90fEp3iuPzHaVl1BOMfdnATyepHzDkU1N1kouiFQ2Ckb0cZrN4HhDUy2ortptzmovvt9KPTXv2e/n7nj5QthbBw/z9ZqL+Eu5goQ2bhs6fw/Muv6v4g5xQTbiiWepNPfv4g9CnfbzFpeBwcsRFg0m12P7St56nXh4ZTucj6blQyXK+50zNXC98AcHCfUmJei7DdD7Ov9GKj508nCcM2O2gMe3SGVD6Ph5eY9JWy4mkHHf4mun4w+4Pcs/H5hEu36dE9CKRTBAZViywJhU8+PGrhUn9vpWz1GVy+NjO/EPuQ1b0TDdDj3iqi5qtlvMJlGGkB4hOUlttQL2RLmmgxXmWLq46Hh4Yi5Pb8oFAbDr+Js9eefDw8yr0KntMaTyOk6TmLp2trORNLMER7MU5fJ43/owaM9AsZap8zwdvL5w9oHk+PiUK8HgdniaeiaftL6z8fxB0Szn4+pXzRJfVKxcJp8m1x4JRVLXazl/eVDp4z+QeJz4aMj2v0K5RlfiHQ5JT8Rbt15fD/wBTBh+MsrMNNwGWQWWTqJso+PUpvEytn8fzNjvBZT9xHMZO+H2m8Fju+vPiLRWM8h58PEdMy9R9WgNxzKSKG6aWa8JVpjNXj4fR/wBGAKFjw6ZkS7Hx2zo5Z9R7JsaaNPv0zyTgJjG/5ltZgYuWZ9Aem/La5K7fnOMCqdogUHgJzJ7H4nh+H5n0M4Pb4ZyDMBrwOH7/AKRwK7RSPYxppwuva+x8EY3NWZfzLIbASAkJ4g5altgUSm8Rqp6OTz+EMOK0n93Kswbicup+EOoIjStj5/SGAXwn0PzltOE3jwfebgwBRGsR1Sb/ANGAhOfT8Hl8XcRLJUCkfJ3GM/bz4flKK+0ezNso5/iX8yggok7DeSvOf5lpCq2lKrwsfXvLOLZff3/Eq4z1LduWEkDSFo6SUaT8n5fL5/oGd8ylmBNhoPH/ANyuN2OkzZ48TQrRCQzATcvgMJnPIGcQc2RW8SzGx2tP4fMuHfY7XT+ZXB+KY7ePDzHVDgeuzxOj9BT2fMf3jxGb7+S57K++vgwNuinDyDYnT/oyuKDQm/B5PrHQCTlcA6RitG9uTyPEU4Xu/ia8yqE122xCC0I8/wBF93n0bp4JvxNzUz8fzFu09hDQRuOPJ1fHyjtCk45E9RlcTu9e/L4/+YTANhp/D2TUrNVst2w2bhsBNSy2ptolN4ljaTbw+E5gdBR3+47lP5lbqrRo+PHcp9h0be3nv9IWnunT5OmFLCB8ocScGYxGXbn7jwm/9GYKHS3+HrsnyLjJyPCckso1zODyOmI+x9PEp5tjCOVHi+tweYBiEBoGAPhLPQNlkv4mZxb9pXdfF7/ictSyo+A8HXw/OJbfkfUZXLs+TvxD7kF3+EwvQ494qq2XVbLYTAYbLITeJl4gl4l41aDFe0pSOE0fi+Ilt7+0cWuLlezqU5kcD6PLzK4I+gqs/ROk5I4Lgj8/c5GV3gzbTtfub/0YPbv9jwrhO4+tVjkeOj06jItV3x4flFBK2v8AbxKMUBHe35Lfz6C/1C/0DrU3LGbDFc/mbDA5eWYxljPgPfhH3sHI9r9JSHfiDkHJOLpav1fP1TVmai/4l/MBlkSyyGjiWXj+ZTdlvBwRBe+X8RWfDX9/ONeMvP4eICNQOxLKeKlqDy7P5Ecp6Fp7Qw5aDCe0zzAXZpkUQNGaXo8PHya/0YLUKkLEeElF8p2/uo+cLljXeQr2IFe8POyvv1FzWdEuls0l8Jlg/eXcfD8y68TaaO+/aJuADldrh8zZ6qE+g4fv+kcCu0Uj2MticensfY+CMJbNWYTWZZL5ZLJfdEFHH8zbRrngltgUcvfvMCvA8+zxHBRHQ18J/wCfLDuNcxp8+XiPbeE74nAfP0NzymClnC48dzzAmsZ/7b6sH9YRLEdU/wCjNPWqGrEo0DZjwwNx4IKWmnMshS+bl8ulty81N+JyD4d+8NEGkLE6SVofefy+XHP6BlcypnJlOjsefnKqbsdVpHmeWXArBZfMMJhlnLMGiZeKIIOPywTot74+55m+UfmPT1OZ19/aFph/Lw8vMTs2FHtKN/KeX0p7enny8PEzbW7dXt+sOYR7lG1yDYnX+ile1X33DHx38RQvgPAyfAIRxg+rNswQiW/D8w6Myz9BrZfLIHU3SvFfDuINwaMcXB5dXx8o7QRGkcI+fUZXG76Ot+X8flDBnvIPj58RloYVGYLUNm4bB3gPHwm1rPfXtFLAnN7ng+Ehq4Ha/q/eV5ZVjR0fQ9niYHnhNJ2MabnZ67ety6fw+YS65oPR+yS3vJWf9+if6Jod3hz+EWEavXBKuZTff29NDaTPfUNCn+Z5JZ6dksl8Bl/E3AW9zNXLF2zAsTxp0efn5xrb8rfqMcl87TP/AEPKDLobfhD+8Mtr+CFjMtrMslhDYF5dom0Epuj3/CD7Q6T94ji+i/1xKcbcsZXh+Y9j3LBm2Hnw9PrHv8Ce8BUE+p0nJHxcNfOu1yMoQI5V2v7/APRF/C7YB93idXo8HxMMVxy/iXd6HH5jFL+WEBH0LJdLJlL5ZqDWCEWpGvwTp+xKY1qj4Ph4j7yB09r9FMoBnxB0OSV/A2j9Xw+sMc+7NGYbzAeZbBYCS8cS26Jtoxy8sTjVcmH4dQSsXDi+Hz5nN3wQAwbLJLGzkNvv7PMr8sozKN/L0IKobBse5lkwg5jSJCwKYmo8Ov0x7f6GO0i9cisse4tDkcft6MZ1g5Z8I65Zo+0Kqfl+Y+ny/MbEgI3L6XXBLPStm5fCnLPhPFnqZnvllOKlxd+Y9rhj3NWhNeOj9P0BigF2DSJyMbScen4vD4I281Zmu2WZhssl0NHEy8SmwJllWxDJwcvd4l2VY6GvhGyfEzP8ofv+Mr/SCAa+OyeOx5gKHGf1z474Qw7WixHkf9C2tjI/JAQIra0y7vHez7+zzL3uYtPx/YnI/wB/LLNw97cEJ3t4OCAjfqlkv9LZdBeJddE8U3/f8Q64KQtHScyg6Xl/L9XL9A+mtvdFy9Duf+5VVN3qmxOG5RStsuq2C8y+bhM0ybAPdm0D3ZSNFHL3GKRVvl79IDpY9fv1K9fFliZyGj39MQCrZYTwn6QTL1+Ly/CXVB+Z+t4gorbNJycSf6EQ1pL5/Mi/Svs/I8+entK3z8vh4luZRglHNvLAONvzmDvx/EIAtQ8NyyBo9PKWS6Ay/ibsTwRBr54KpN9B5dXx8o7QRGkcImxPUZXGi5+Pqdjv5YUo+Dp8eE6lVAzsYLUumUNICS7Z8IOVIquPdj/Q7Wvd5mpabWx/f3lOX4EtmAYft2IzpD5J2PJKJR6e8s9Y7dJ+z5hyvgJo9dHSfCXXme+Jp7h/oNEA2fi18HT4hEDkTYk6SnUvqfofm8y1N2B2SrB8WcMAwfFlBTKUmCOpVLQJZzL/AFC+AwUzLcBKNEouiB0S+R48/Pzjv98fudnn1uEvEtc7/wCHkQ9fDbv6H24hrDng/Mq5938S/mEyyWwGXXLRAlN4mmw5/Z8eJZiUN8Hz+EbJmC6G12P7TcUdOn8Mo/QAaA5/ZOSGaZpanyrkeRhyTh483X/QbZYHhaTj9rD9GU7D8j3MJZnRyywsDTv27HiIxpNcE7XM4yUelMQroOoyEhAR3LefjLPSs9XZBZ4vYlWai3Kh1qT4B2dkYeQOntfc4/RROwGticg5Ga2S1cvl8/VDYt9iasy6swGXwGAw0cSy6IJbUA2ZGk38JbwcPD+Uqs1H5xsvuvcTXfmvD8vVGe8QQKJpMI+JZoBKcC4t4fMo8OJ9IUII2PJ/1lhPYGjwrJP89d+gVAIu316VC3XH+HMjH4jJ+fCI+aGwdvkiz7HHXoopZwmEex4gUyejT4emValO8vU5LhOJ8I/tsTpId8sFEZwksPWd+ndNlb7m76sZvFH1Z0lBAIcLke1wytLVQmvB4fpFeox0C7BpHsYqs4tG8/Y1wjXQ+7ANMurMFhsyhMN4+EDKktvE2lex/fvEyLDX2Hv3mLo89y4RMcjkrzGuS77U89jxOmUfoEq7w7P7hLIPI35PtOIMIrVYn/VjKlBEfoZVSOrNfCVBGt7yOk6YucE2tn5JbXhN3CD2+W4EOICI2I5Ef8Nkf5DCdjwzZ9Yz4D14TLFwRsLYHUbbOV2/ve8qjMA215lnhx+5h5G5Vl92Gmfh+ZpzPLLvXthVB311L7xN+JySEEBQLR0jKwIeT936nL9AwnaoedOjsefimoNiCI4rhHqX6fjNGYLzLpuGweMsvEwuPd7lvHsfmPVvRyfh4hpbWklUOqDnoezphxUImxwnhlE6Jr0Ytab6+entCtv52heXp/XmFKDS46x4f6f9UC08pQsqs2RXFxwzF0hXMJUDcVCMv1ok4kO+D5PxA9rM72b/AHZIqWVY/wA9/wCGPyWlf3cebkcb+Hx6+eeCeMKYjlljYcefwlf4ma3f0Jk3PkP1lW/6TIlHf4hILL6zv0LJf6LJfLJ4ZuxK+MdRR8IqUbBjydXxrqMgRGkcImxPUfRYtWfk+PZCZHwNfwnNzqZZWYbQMBlkNgJqXXiDTiOriX6bHZp/mXZrOb2PTGYO0CY4vj8o9LYH73ySjUomvSzW9rQ8/mLjqG8TrmO5TkBFXJ5/s5f9TGwHJVLrPIehxAvkTH/QTkmRpTu4AYZ8GK0LuIQNPROSXDBx4e7plvuu0cPF/cfFOHcKw3JxJ/hmQiCkSxHYkdQcnc+ffw3Hh6KfxGWrlNH4MShUqR2PU4/p+7P5GWUcdfnxKitvfBM5FtJDQbx1LNvoX+hZ6dnEF4m6yO4CUYHx6g7QHPXj+fzjP98fudnn9I8a3zv/AIPmC8E27uh9mNWaJVWZdzLILLICTqwaaJtKmmiccJ58RtShv9x2RHWDl/EqfSaN/wAO5S3ehodn4lOvn6GG/QKjkH2ezxFu12BrJy/uSwRx6e31/wBRMtqsy+/EIuIKLdX0R4Thl2lGOS4Or06jIwpgdbcvMVoGYxAZCRkLjh8ePDzDFNatyfQ+zFn65a5f3XCf4dA7Zo7Xp9EHGoRCkTYjyT6O4fTruW7Qo/anMfHScd+R5Jfv+CM7e7yyjWKhin5d+8VQZiwiIzywJfLJv1y3cvupVdEXglFK0Z8A7OyckmRyPa+5+kfL8kOQcjK0Y2369yGKtmjMLVywhsBhJL+IbbU22fDv3lW2jSYgYRwuj2efE2Ggj6w+HfvfDKUtHHXx0ZXr9Ath0mkwnklhda6B6Oj5i21Nc512EmRBEsTIjyf9Oc+kK+DMd3ytdX6MRcQk4UQsR2JBBRzt/L5cc+gy6355JZCmzDLoCwSLZvq+zx4jrs3ociaR5GUZbNsZtfub/wAOa0GccV0fnCRt1fRHkez0WYJXfWhtQfK1o1+D49Po4+ROAlxTn0wcLBBJT8PzAOZ2S6W+vdAZ4puo/mZXE6Ku5HhXCdym7Vp1eg8P0/QGK8XYGkTkYks49fweEI6v+PExbZqtlkvm4TBePhAbaltqTbZHK+D+38orlwRCAUUjpPPiXpvJy/InPO75fmJz6eJQs8G3g8ks6qc1Xl89pJMFow/h7P8ApqDtJHwzxWZmoXocS4iloRXr8n9z95J5SoNW31kB0AMJAEBpDui25/cdMe1UhRUeTIkNxxNX7fh1/h1ZP6IcnZGNLkNXa+5Gicj/AOR7zAP9xHb1H3eD+Z1cfT+ZR6FlG/EPL5vx6fGGZbUsl2pfNxLL5Zom+eKV6M9wkwqBYnSO5WR2bfyfV+gGcMW2OBteh3PO4qoN3pGynkTfvNGbZ5vdltZhMshsBl14m3E2Ijdd/M/keIRMg6TmVZ+37S+k7DT584r9z6ejR68yDn9/RmSXlrS/B7ngBthujx9v+mGrbLVNkNvYcR0q6GmKzMYoWb/AFCbUITA9t/YPoh+aORwibEYhbLhYSMH6eH0UCyND+1pOmWbFNrZ/HmLeXEbfj4yAFWPXP+GRk2XpfCuElmsqiPoePo9FEuynI7Ozquo9zs7GXy7Eu1KZZg+cswOOfwmAJZrhEHUw255JZ6eUs9Oyb8S68Svj2It2xXMQP5Rg7vV8fBHAIjSOETdnrcpga1XX1fHuSFaI58eE6lVXvgnFdv2gvMBgMvgPELLUtvE2tUdzOot7X3OpaOx+D7JxKLr5y7r+h+x7xOrYH9vEFYlG/W0VdrY6SMh3zNnIeSZzD27vyv5OX/Sy7AREsR2JELrZ2fusCjdvX7GKzMRgsCWwmwgt0QxrB4KcftYFajyP3Ox7hU/iwUotZ5EbBKsix6jTM6KO+D5hR63Dl8/b+NASBarEen/DBrHQLEe4sV5+fyeXxd+mSJDuRy6HkdMcVGGxwj5l3g+rNHBwehV5Mo1mscKqM8voXyyWenZueGblj8nsRRz/AAfzFlYc9eP5w7/fH7nZ5/SW2v8AtjT5gtdFAd/SfvFVBKeYTWZZL4DAYSOJZeJtxND++Hujc4ja/q5suUIVoNnh7IjpPCaHYxfQqt+gdmgP7qLeotFKnL49poKRqb7eLXD/AKXvDBS+EUNPaP2+UVyPM593iIJmKjMLCy1EAuJXvh58B77Ewkchp7XM0PSEywrqL0NxVEWYsRsTcumPjw/BlAW3d8+nw1yh6fmlyDYnJ/hkEpyM9279ZGf7X59DkhdcGnh8fnGLh4/c8RbmrkyvN+7DGdcEE/M8RGJAI3l4mi/QvlnpfClnE3V8/wASrRPDMGGjP/Q7Joucjp7X3P0DGT87hOQcjK/xLt35fJ9YqqaLZdzASXzcBl9yy8Tbj48/CXLp0T+5mJ6fg8j8SjARfcOHke13KG5bgafD0ymWeppxs0wGmrg9Pjy8y53Cb3odpBOAERsRyI/9LDCc+v4PL4pb2nSlK5oftGKzERmAhZZCEXEui8BhO1wwFMxj1+HhMjynuAGGfCFaAxEoOhI1F9nx4/KZ9Cg+v9no59kxOVGxvZyPCY/w6sZv0fg8vnEqvoVI+SYPn7Siampo7Pbx4lScOhoeJUf22Jhd8HU5Ll2Ez3vBybYKUzyfGWV6dvpfLoDxLrZ0koyM9QCPEcW7XCRfcrTk6Dw/SK9RidE2BpHsYusfw/j8NQhi6OXmaLfhNVsF5l83DYLx8ICOJbakQcMnPU5ulp8+/TENVRB5IUjqWVnL/Rjz6dk4D1ob+F3+Q8S07rhu3lfeQpFj7CcJyP8A0vD4HgrrtPMKA2XXkOs96h3ThNjGRmCAUtkIuIKAuV9/CcMc2M45t1+y6gmVAL21S5ipC7iEBEJFc31fZ48R9+sMhyDSuRltAC3d/d+r/DhDpYT6dz/xHe87gdvkfRn+IvoHjp4fDMoWuOvjo/T0+p+P4lmDEAwQxjEz5ohEzBOZZLIfpZ6dk2Yl118X8SvAfCE0CiFgdiMuM27fyfV+gM4Yt4cTa8A7nncGAEbLEbEdInEbGZdz7sNqEwGGwWZNEEHERtkbZeOyePJMNtPJr+Ztso6iF4HJ48/jLzGDufAPQ9/TEspy/v0YIu0tV4R8hhrPoPveB9nX/S1Cciv+iPJFHIB1uR/rFH1GxjMzAaF6eMuIoABFFiOxHZFTIzs/L9XoqXfjvklkKRMJLICqyJgLbn9x0x7RWqgfZgLT2n9t3/w9nlGR2dj+0Z9kxn/g9jMNZe+vTlAKKRyPvCW/l28nmLczFWj7zRfylG5TeXZUHMIgpaDc0H0lnML+ALn5bndfIPrn6ROCv9NUl5ZB5C+6xOVc0meMObD2n7pltR74+cjRfbHyg19Y37JlfYYPjAQg8jXv8R8a4RECI5EpE2J+gkFaj+T+8gINFOfD0+I1lvwmoGHi2AwWCwEhNsssCBdS3gmagr8R5gEgrSfbxMl6OCXNHIa/C+YgcilbHzKfQ95uXpp5HQ6EXN5xZyJpZh2G7MA2nJ43/wBLLLY5BhOE4YfzLCw+Oj4+U0veHhOyKzM1C+hhKhFFRANaLT09p+8ksojAC2fzIFcA2QBAaRXzMtJ0yyaO2icZPoy/29XD4X2+N2/4YuZ6R+48Pkj513HJ4P2Op7zy+BOZmUdcjp8+XiOOdm74lWP78fE5V+P4mDOCVFMu11wR7E+PBKnwi6vyvUFuy6rF/GE3W94L+O/rLtvzdy5plbzc/sPM8c14lHEohy4O1kfccS2Zeof9jFvMJOuGvh5/FtIhfjP0R0jwn6Bltr/pDT5g25Wzb0P3jDLmoGFRmWQ2AyyFnE24tlFojvXytPv5mdvNrZ7xLa+fXtLVo128diPqA44TseSV+/2lcvqfdoDZMrVijNOXw+JXY9GrqOH0f+ljDnyMsjVcc10fl84dMh0NP8xWZjVFm/wBQltoQkELZr8Hl8XcUApSYROEiNsO0wk4H5nhiqBZF36Tn9nxD7FHfbyeJfMeM/78fnA4TCixHIicf4Y4wCIliOxIy17n5e/huO0tnj8WX1Ac8fk8xOKG1v3lefgIzAzWBSyhauAO1cEqlXawfhzXb8CEfcKH24ODNnZCu8n2lyVvhn3oI12Sur+DPD6zqMiiqQIrIjhEcIxWdFXPz9vk/wArAlA7H45d9jn9AY+fncJyDkZWNAtXfa+T6xihNCsuqmB36fDCYNall2Ta1LO2OfHXtD8Kd9vJ4iHHsSl1vA2oqJY6Nfg+PXH10L7P7fnFHcZu4Qf1NwDgoiWI6pN/9KdGAREsRwiRxyvvfPk/VCdlvXTw/mIzMVmYMFlyIZcQ5NDqnD47nTuLZH5HnpHke4fP4sFKazyIkRGQi5FiNibHxLp4XQ/Bg0VHk7/uawbk2PqCbE5H/D1GJbr5V4n0QqUkiigmER1LudEo+J07PD2eJRP24J2MLnnlhtyZD5wdHn8JitsBdfb2uuYGBk7vZ3+wjLncd7Pv7z2abOp9ZHv28QEPoxyhJRK5TNSuVQSUNjScnfY9y6kdGhXT7+Ba8w1sVopldHh+kJ6jE4JsDSPYynT2j8P0Qo5a8SqszZuChCZYkvgvEBuyW3iK7wdBx/MJ6Hr+uGdDP2h0Nhff3lncuuXh+U6vl6FHrTX/ADf3R4l+q3JbbbV99fZhveScPImxOR/6WVd6Rjunh7PuiqbRyto38IhWYqMwsLLMQL4j+lZWf+o8koT5H4pfcjJUSExQrrvyRuhdxVEKIkaq+B/b8pc6yWv/AJjhJZj4xOof31w/w4NIz2Bo/btGwbK+46R4SUYN9+l8FrTyPflDRBOQ9tOvBqLEN3lezy9EorJw5b7fMM49zm1U6iNvL/E1CUkp0e5ArUqlHpXKJ0s2Zi6s2Hry/aRm3f8Ac5781nuEOFEAixlTkUXzfUvKDyfufU/QXDtLyE0JnoOSeYNC4jSI2Jw2bl1ZllZg4zLIDDYDCRxLbx8PzKbo3t/Ef5N18eHmAZmSIIlI6rzFKbt5Tz2PE5/0B7y/5va0+Tpgq8wJ8jgThIgqFWb3vs6TH/S8di3x4ej0/OEhvpykfBGZmIjMFBZfCEXEuzPwTtcMO3aMZh8dPD5SxmVXMBYM+ELULuIkQyiTa3C8+zslDd+J7o8r6cTTZrdyeX/hyu9THu/c7I5qLp09r9tzhM3oNsO9rkOPH735SsXRQ5+HdQGfg2p5V5XLLJxsOrfrLOsPvjXikg4ElGGV+hh6dEpyTer4dy8Qrbs/Pw+cQMi1LVeVjLDVYi7XK8jviCI7MJETsro8vE8NQqFEciUibE/SBLEc/W/vIabVH1HpORjaGaswmsyyGwGWQkcQW8Tap7ETpfqf04hLItJE1h3A5dD9hhxUUjSOx6qUyj01DNJ+idJ1FlcEz7laTkhyrYvp5f3N/wDS2rR4D6diOruOHgPN9zKATYxmZgEF9IRcQf5chh/nzGtju+R4/awOYAjfCitAblFoMhIiKt7/AHHTEUsvATp/cYCqFrTvf3/4eRdO8CuFbHqpXnlHVN62gezLYtVI2uvzgQ1FA0PHntn8v8xzCQwvAOZlqqGjvyzxymqlWP0YVwDMr5+Mf8IOQcfXi+fKL63l2vPv5jLmfRIoOU4CW2wuMpiPSgT3QKirg6dP5lymDtIGONePzhBu+P3Hke/0DLOXV/c09M+KI7eh9mGxn+Zoz8fxLgzLIbLITDbxLbsm2iPk2O1p/DNsTkdj0kRdQPAOuD4/KKaDs/c7PMplH4j6GHTQMJ7RzXARc0yKIMia9fh+814P/S8dSaN/h67JTKniMJ/cm4qvScfiOzMvoXp4S4goEIEUWI7EdkcEnO/te31eiRd2PqTBACxJZaCqPvRaTzAqpJpoGRE+iQ0WOjR4eJ0df4UXE3O2M2Y+IBgluML66HbAqCFFFA6HUtw/3yRzfz/MNohzB1lDX7vea5TXoH6hXAlfMvus+J0bo/qfvflOmO4HLyvxS+xGRpott7fHRFh4Zd0+28PyGPFK7AmMRNf9k7Jq2dOnw/c/QGLl5XCcg5HqWrgXb8z5PEV0vwIijcxFst5l8wwmCXEBsCCWpNKn6J0wtDQ0fudkowcyp2TRv+HiUv3o6PEr/QNyilxwuPHj5lp+M/8AZ/Vg15xRYjpE/wClAD+YHhXCSo2RXKeOr9Iv5fTT5I7MyqhZt8AKE2gqPRe54Oz1ezniBxUV7JXDBCyUCuAbIJkMovvSc/snUHUU77eSNP6N/g7+e4PQARLEciPI/wD2GjgNpoDyywTHgRtDO2jPWFS3L6OM34Efyj1p2P1VfTCdFGLZfwRIcXoI3IWdL5vXlBcC64NBwOpbhmsdcMM+r3494eUwaOodGJTxAlfqVyi5XApVA5XBjvqLZj2D4nXlFuo7n+k0b3ej914JTmDn4heWawjzwqXXzX2ZN5U7jHBH4PjAB9zh7XCdzLFWjPQPD51+gGLWRYGkTkYqMmtPC9fRCqnZs694zWf5llZgumEksl8FJZbLRAoliwTScTGZ2cezz4iZiWg4dPY8TlhcdfHR9Oicj8vWnt4OXl4eI+bLb96+Hs1A/uSbHkNidf8ASj7npCxIOZT4+49dPzhi21r9j0xGZiVFgS2EKEtvEROfJ9zry+cZmtSYROGI2w7XMJMI8cnhhMBVF6LE0nDCfsLx+DBNivNnn98k7e1WJ/8AUZ/beV4A5Y/YXA5hE0xCmkHByrwE0GXk8OkuoYNHBAhkOqfKbIYpSqc4LelLfhr0e+5Dm8MhXgVUicKyB0xlzLuPh+Jwg4O/E4kcdJr+8p4+HoUzUrlUolfPswAQLU0Uc3EEvLw+b0dHznZx9veNcwBW/wAPdgWXDOXm3K8zXNdko2Rd2TT+ncaHvlwi+54v5l+iGoAoCxHYjKmu3b+X6v0h4Zc0ijY9DueYNAWBYGxOx6moGarZfzAZaQ2Bv8pm0TC0S26PzGfLxxPH5Sm6+L+IiAiUrSeZci8vKedyx7foNvHt0/hhHEaE0OvtJLn18r/36J/wriLahl0lPkr8y/wZoQ+LQDXJ5WDrR4sv6Wf50CIljwylc915TtPXj4Ije9vJ4fzEEzFRmDLZaiAXEdIp0Z8jufWAgX64ThXIw+fxYLUXWeREiIqEI0qMIvt+38o8E8uqPn7z4oLPaOTngJ/9CyuGuS8EStyanARhL9z8QDcXa4DlXBCxV7Er8J4IM49Us+u9eCVUkBF0ML+EeICvcfjs7T4TwSlBsiz2JOZXXBKaolGpXCdenVKZVcPuK1a/96jS9WHhXfn0RF3cRbJn4zI2mz97A/R4MAePMvqXVcplEvvF5lK9ufDfshdTLnWUSvj2Io3GCuTX9n4ah0aKyJSJsT9I4Wq55+b+5DwhwNe1cJyRu/dllAwu4DUvgMBJm4lt492bSvh3EtTwvP5HiAl1R9x6G9fOHnz5eI9tmTZ1ElE957wHQT5J0nJG58VZ8p0eRlOhezy/v/VpO6G19gyxYfmK+bI/CHS09Zp77T4RYsnkt+b6dfrOHkexlDQXlL9nzHXUldeA4ShBGx5P87gQdurtTg+iGxFkQpDeHPwiFZiozCQssxCLiMazar+qdkrHhzqPY/ciw2JD4oV+fkjdDcEzLeNV7sTp6DH+7G6JW1GTr8QCVoBwfn3f7MLSQHIWf/NlaQ9zFXijoitzKSayunt/E34trt9+PRBeT+T+JdLNz2fn8IWEJRxBJXEXMoVftWn3nvLAqLGsBzrP15Eolcp9K5RBzmbhnZFXbwBysf7L2fPZiORjb9yUpoNGvw+UAmBAwAGg6l+Ez9/5mjE7SUblfoDqfuB9VL5Z6G5SM3iU4qKqS1xrx+cPt3h+iPI9/oGWevdP/i9M0+bGF6HXmKufjNWYXLATcNmGEw3iBnEV0RUC1v8AcdMv3R+nhIxmXoHbo8Oj5iZSKVuV/iCanaClUrBhHsmYbCLQjVJqLB5iazgHRkEs9BYvagB2rglj7zVfyOPF+zI3LrqiccnxY6CHj9IeiOx2OmXN3Ibfd2RB/B583aJYitVif51tUL2V0ftYbqXnxfn3fKGecMRGYICzHIRcT6qVDwrhJYC3Yz6Hj/wlhVquZZNBt2/Dhg2pU5WC5LDdZi5rDZ9zxEqa7N17PPiKAWMFrq3t5Mn6OxbB/wDJncPjdeXg+8amv0Og0ERc3FWLdf0V4JVPDIOzt+yLsOR4ilPy/YzkD3PxPq09/wATVZKOJVK/UTFs9lmgZR2RPJdRX2QnHhjutwqEyJYmRHSMw9MCV8/Geb2e5UWDQ2dCLfVoNHjt7ZZ3LbiYVysPV6eEW1Sq0Gq8HXia8fCC8SjfreHoM8lfH7UJv16zib6JVxKVxMXFlO335OyadHVp7P3HP6BiReUaTkGkZxrnunfc+sY+ZVSsu2y3NwmYYaTpzZRNtEW/GHT7ynYE2tn5iGAlCwOuR4eyIqjxwHY9ek9o+m4lWvXYnjseYMYvRpz/AFriHDdaCk7jXkfYtxHbS1qHlf6cEo1FLKbVdqu2U9vRz5eHiBzaA/WB/vLy/u/CXN2cyk8v3HxQvdNaeseH/O1I0sZk/PhKbXya+EZoQmx3GZTBIL6GMuI1IzEWjz+3NwzFNHJ8eT5gGVLb5rHcQBge6+V5YhaCLFVFu3wPnx+Uud02jQ+X9T4pY/MBxsJxJ/8AEg4xl3Zz26EVY9UWnu4w5mK2vV9Oy6gR9HkPKuVC85H+/OXfn8yjeub/AHj7H3/+Tnr+Z4ZXCsr1EiKrGXA2uRxyvR5V+zBe6Q7MIjkR2MUQe5uzHa22A2eOjtju06BrqPzGcM3PgWpx0nvo+cRb5ee5fxNOJRXpV+pXKB/0H+cv16W+nZLdEINR84/iHy4ru+x4TuZcKxytoPD51CetxayLA0icjE0mjR+yfRCvO/tKttEurMN5gMBhpBZiaJtxN1GiQxrR+T/XEp8ES2Dh5Hse5UMnp58PT4l+ZR+gukt0AcbEwHfgrYUwm0KC+6Xn4VH6NpVt0/h8yxthtbXSfqA8tAGwYe6o/FiaO7QT4Azns1grkLVIGI4t+9ih8n+dN/KDZ2u5TWxwJh/Z8fKVmpPk+SKzM1Cj8QAqmgDKr0EdiAypTXB9uPDzCCsG7EuzpgvHrQ2JlfFyfBB6i74fUmGAGE9EFUYUyvHl7uyUClq3k+jydO+EtJTyvxDXgT/4CxuZvO538oVWVVtV2uVvuOnMCXqzyX1X7Q94GHX8nLB7Oef2ZZx7koy1y/mPiKHHL7+JXTUAlf6Q6MHOY11BGR4X5H35+CACpAfqI1xc+pXSx0aucPD9BmPP/MsXmHL56H/iWKflBwDgI62fEisAqtAyrwBAQzzcnn2ki5yPP5nGkr49SrmpRK5RMlfP3/pXzcsl88EvzUq4t66m52wwRJLFiOxHcda27fz/AFfqCxxPk6DuedxaCiJZTZTpE3cq5l1Z+MJ5gMNgsBJdeJbeP5m3VJ1x7RVo4cHx7+ZbQIYQbLT7y6sXnnwfHn1wUFroNwkPsflyfcBnpMRGtS1xQaAYDgMfqACpD5J0nJKgYDP7+x6jII6VDwAX8CW1qcF/Emvx+yP2UaoD2KHygGgB0YgsIHyxESWpZ2CNlZUODSrgVDtYn+dF2elfc6e0us0fKuj89RS6XQ0xWZl47FB0HP4Ut8eUKytYnWMCVPjjwTsBCx2vXw1FrEVkcImxIFWClK4BhglQZQ/U8vI8/hEOJtmfI9nYymP4Dzfv/wCWYYCqtAMqsMr5DVwp17O4VsGI4Pbb8U4/ewqalA09H5l+/wC+GIONcjADgHPUd1VBo78wykgEr/QFcom/MovOD6fxKPg657D67Y14Zlmx2Qw5KbSA1zvz3a1QA9sZO4mk2zAiB12rnx7HUfFjZl1kKvASlAX4j127PynTjnEOjEolcJ1Ga5RKOZgz6UWS/wBCyXyyDLvB9WM6NaOCKP1domcu9O16+GodKFZEpE2J+gY6Xo+++395qBU0E76ek6Y2L+BLqzCxmWS+WQGG3iW2pLbAiuwa/c7IpMZv6+faUXft7+Ald4nJ48/hGhFQrVfEvFwincnHt04dwRWOO1v3x3ST6nY8n68Bp1KwYSG7UC2YQbVQTlUS4MOwX3+lnb7LHi1t7Q6GgcACAFrR2wXpJaR4x+CfGUqX5TZ4W57zqlmOPkyi+soKK6xvhGlRfREYpbn3YlrgMWgn+dH4CkLEeEYrcvc+w7R84SEbev2MYDecn7B8AipFyFKu5uKhihgedU8dXqWjHkwiRH3YdMIONmuT39FAqjLRY7Wnz4YFgSERoGTJkThhskdGjhDidHX/ABixAtMARt6zGlHP7ZROYii4ssOPw92B4WFAKBweCOb+csyQDbgIyNUGoEqiUfpwrlXMruAEoC1aDt8RboHfKTrjHj9yPK8uvOY8A5hRk4tqdq5XuG7IjmeXen4rPBEPOp/mK0oyJgR8L62L/Y7hKouRodfvYtSz4zjSeGUcenRNR9PVKNSnTCu7H2RmhfgS2F3L5ZKv07N/KW3LsBK7Ai5fmxBSbFMdT89+UTfvj9EeR7/QMs9f9A6emeF635I66Yr5mjMLGZYEvm4TBviW2BNoERUK75e5+JYux0xUd9FrBtGOS4xOcRFb75vLvl1KMV8PSpdrQ2dkrbY6NP4fHp0foC5F1wWzaq9z7TxErtxaWTWE+D2j0JpC1bAnHLxfInOVKiH4/utojOTabfmxTDc5lTQ29GX5EoUVewL7bPygi71dJfJRvpIoW0yC6erun4RKij0K/wA6dlWNGnt/H5QhV0nD4x8JSA2aHjPmOJHn7YjFCzP27jYI9rVojJ47/wDhFSPlBwrkYfMilF1qNIGQjUJ5OE6SJkUm1s/JKLDRu9/n6sEvOKBByImEf+Cmno5HAOVjm93G4PPbyjKXGWY2e2dPu6yK0xBBRXAdHUt49zv28+hAW11zfiIxdcHUp4hH6sOiV3TB6gtWgjSyDrS+/wAI92M40y2ZXIj6vbAYT0Dj9y9zLgpl/H8yxwhf9zauHayYpG+gbRQN14HHxS3ZK9kErEor9ePKeZTqc4yqG7z8S6mK9wTBPL6F36Hull1ArUu2Y4Ipx7H5ngmH+qdkyxLVr8P3P0DFy840nIOR6grE2eL5fJ43CHMoq34SyswWoTLIb6MKwS22oCMleBzG4D56QrtVK1MaE4f38psxG5RxyPD4nIa79B+DYH7nTF25Ncjx+XrllALVoDKroA2xaiGk+wo2+Lfc1EbBBaig0BQHBxD9F0AqegMsfCOIPtU7f5GXVcoUAAdFgPaP0YJyOY3V3l1K9+4VfdcPKwQd5pfww+SrTZm73Pex+UdW1drbKvThrh0vH+dvrF4Pi4YpWC8MDzNuaFtb/hEZmMwWBLYiQmknaG15X3NQfC03qPjp7ID1leYXSFfnF6LuOojN/QSYUo74Pn8IWNK/mr+/XwYVE2E+omxOR/U+WwxP/gdss7powPQjNzHeZcl5bg48HRKwze+T/E+Vwy3e+GEb2+8QgzwdeJTxAJX+kOi4WcwO/KfsdrKcWr3XvyhWjFWFAQfajjodvyg+A0AoA4qV8a+krr+/LxKfQapmlpBzd/v1gzPSckpEwg6Rwkp4lH6sdRqdDPLFLr5TNa+fDw94ud/fWr95pwTySjct9C/09yyHLJtxN3X3lHEAzxHjyuE7iC1XFM20Hh86hPW4EcJYGkTkZRNo09I8fQhHT8vzPNNRcPFss3LIaQGFTI3T42Ljo2vijy9O/iN4HBoTfibsTZiO1PTyeT8Qg9jpPQJEQR2Ok6Y9ys73fI7IjSzQ6MqXADKuIGT6x9kP0Xnx3AAo/vl8xiR5Kv22vbcZ5QrGu39n3yhLyI8av3gXYx3QtjZFKMt6DL9oUI70c6K/MFp3FvH7mz+V/S7CENRPZ/zwLUHP0fPzLum0uzz/AF7RBMxUZhoWLcT7ZyvCuE7lCq6hNeBw/SApZXmGksfOLULipEaciOE2S3p48PwZkkb+rwOEgTPoLhXhPsMfoMXBY4W0/juFy7q+gHAcEVuYord6IA+4KaOH7RN4B2u17fxLsk8HuQhbnrlFUKMMrlf6A5RzOK8/eVwxxyvQ5jVa1Dgdvb5iuxnPiqRycPn0kNAKBQBoNAdTMOn7y8BKSU8ep0Qeesj4UdhpwzsyKChEETIjkR6lfoYfo47Wb631L7SbveD7flKLTHjiU6VXfdRPAZ8zsy2aczyepX+oXwJtxL7l10VGBgIhYjsR2S+z3Xy9vq/UFzTps6Tv5bgKTALA2I8icTFLlFWy/KyyXwQIG+jr2utl4tG6qtt8YvsaEL5ZLeJdeJsxF5Njtaf5nS/JyPn0Fqo2Nd5/YMrEPJbqWTk92Qe7b6DjA0C3Nh+7x5M0I0Or0o5TlY3X718wAAwf1YKOCL70ZrzDACgzf3+Xm9o+APVZ8a+T8aCa9GpXqG6J3o+bBbT4ZlGmW2p9f880MPiMnjseJQd/l9qZwCbHiKjMBCxzjcN8OkLE6SWIXZ58Hbo/OFzFzDyxcgNxGiGUSLVccPjx+US3ydhyHk6lz0PO/N/5OXoa7l3/ACeHxRe6lUtV5VijbAAKrAZVdARyI/P+SVG8edr2+Yn8/szoPchkdvB+YrtuUcSuV/o6p5JuzGe5o2dH5ivU0aOjz5hF3Ecz2MLc9J66+eIwSV1iaaIGPoztlfqKckqHFLzc3+f2Yij0K5R6Hll8ou34xm0OX2DogHUVht+7jE4eD+D9kgBR8+WWSjn0PL6NnPxnRL5Z6nZLZvoniiuzZzHCvZV5eB9EOHCZEpE2J+gZnGrnn2f36QdDVH1E4Tmb6x1AZrBlKQOwfAauHBtYgZEp3sOr+wNCF836dkv4m7E3Ymiz9Hww5VQUtt18Fz70Mxu9tdeddqPhoSjLEIK5fCnCtjrblROdVUArBoBgJokcdP5ltUb+vtEp8Ft6O1hSplJfjDk7Z4TBVg3vq5Xlc/oIVKnywGaz5zG2/UcthplcOT/PP7nI7exnDZ0mHro+JRek/tkRGYJBZUXNyjIDdlWJyMWxa3n7Pc8ccTq5L+x9SYcAYT0AVWRHPwvPs8RXDxWkexIHoyYynDwHbxxEbTGHMfgugyqyooQzvbx37MBHQ4mCzgrPUIFGeD+8RVvZ5lHEr/QFcCUyq0Zcu9RvyevKWclxwHAcEtWZcb+/tNgcHcdXv0IVe3ff8w9yV/mUaPWdep1yu467Dw8JseUuapJ2MAd8Dl7yv0KPQ57+P5hAjQbvg7i3Wu3Pu8eIxhl35mvDR8iFXwJf0FF3Z+6d/wAvUKMTazkWWV9p5fQv9S+XSzib6+cu4lfEXVCxx6H57ha/GeThHke/0DLu34A+enpnDBt2+fHnUrwNHLCxBKC0A2vHO/DKFqrLwBYtOA1xvMeSXS+bl8ulvE8UU+bQo71rfZ0MsKmWRVq+7zZ9kfOwCtHQDbMNeEM37efXDOY4rVvDnLyssZR+R7EpVXXyDzNyyoAKjg3lXQZjOe71OdwuU0iwe12/sdH/ACoAA+k/z4Nz6fuPCdzk7PnXR+eoE6eBpjIzBALKG5uW2cQvyOnteB9EZqJZHCJsRgVbDKVwMAqCKLvOdcfL3iq0x3uJRfQJYEBh0Xv99gEVDiJpi3ZDIBb9ot25e/Qr/QFconnhNlyn6XseehDBdp/HQdehPpRQFqugJQtw7fk8oa/H2muiaWdhKv051+oPIDnALYT14e1RZ2FrwAwDheGUczyyu8wAgG1lOLHXL3iz8dy6dX4Hf8S58HV3WL4wBoyGeHv5+Jx/M/M+ayrUoys0X8vzOS5bXX3lG3XyJZ+km2XSziH1LsiOOreBojQMNO37jsmaqyrT46ez9AxSvK4TkHI9TAPzOu3AG24TZQOirR04fujyzyy2WenZGb5Z5Vo4AcdBz4HnEFktVhb4XB27WWWN5RoBynA2sdjD0Zod/Wd/ZKHbyeB2/tHlWu33nCuJdC6DteCXK52V2HgDlcQsH4ye8fPBf60Br/gA7yAv/oAXAUhYjwjFan3k/usBjdvX7GOzMuoWV9zcFRlJT2TpPPpjJR0rZEfxDKtKq20PJXrzKGF89/j90KqDEdxEukcByrwHcunsPP2IfWAAOgcS7Jr7S7ia7f2nK779Cv8ASHRK+Zsp+ELUF4defn0ReirVt94qxES6Da9QFWTewvH75XFzTiV6MdegZKP1nB5Jsm0YK9pXtg/fkrsZvzF+I09+I3XAa/f7yjZO6XdXB3HB9Iyvl+4H0ITZUfIPyeYvJBpHcxeXgmS7z9vaUbiP4/dlHO/m+00L8ieX1S709yyXzkqX3UIuPjMzZAs74/QPCcVEl6OKZToeHzr9A5xIAWqtAHbDUFMz3zuX+PrBkqIcDYniUTTmeeeWWenZOcXGUb7H/upNHzgYN7APns5ny8dAbXgdxOxWw56DwfrEVaO9zh8XxCUtuU2r32YGcR2UOb8Bzp7oDYBWVyuKcvPCVZApiuSjj4DyZX6FeoJgyyqZF/rAUNpL5bR7BD/oR5rdvE9p78fKJt6djvwfEVmZqFKLu40COR4uZ8O3h8oWGthkF0vkZgiTmcdKb8xUlxFClxbeByrgJVOXiQ4OhxKKAoNEsmWyV9n2lO5RK/0BXKJXeZsr5fiULPLY/OCIFVqyr2vMdYoHXH1V4DllDUeq8fskXVf8k1iSn0K/Up9c7Pn6HCyjn2Y6EBteCAXUU/So6w+cQwFYJ0weAcl8/sG/CX/waGh4lm32SPd8/eHqzx+5jQsBrvqYJpv/ABftEqzM8EoTgsHjx2PEQBTxw8h9Lysox9P3ZRzb3/eJ5JZ+J5ZwehZL/UL4Etm7E8UMiAiixHZTxL/H3vl5fU9Xw/jQ/R3v5MBlVymVx7rhh2+ccnQ4YhPLNeZbzLJzs6lG+3wefLsY3sA+u3MA2mrX3y8B+EVhapwP316HEVbWFKHDydn2ghTF2n9/eFgsru96zPa707RECAuccPEeKHLm4625eOnj9RBVgmbfoczKvP6QF0XVvB2uiXIbCre/sP8AoluB7R+Hy+cLxvpykfB+0UTMqoWbpuB4C8ID+8SroRoG2FvizgjJLjqAR1ldPa+xGfN2tnfQ6JqorwdePQ5TE49ueniU8SuV/oCuUEq5l2mbK5g67Hd7h2t5frHZdwfLo5TglVuV/wDgHBK6H4M0MqwkrlfqPp6JZzNkGt2facCygMNr/dxKiwuOV9+jTNNX5Uu91XiiVLX5HgnDx9o+trx3D5rwf1uXu88MPlRa21wfe5g4IaNBV+25e8vg+f49ORQ4TY9rie0adPh6Z1fF69pVglGJ5PQ8lTh+n5lvoWenZ6F8snhm9SXXZ8IrvmMhGw4TnofRAoa1BbSu2ig+nB7jVRaq2q9voMAUXkch0OZrIM7k8nflKJpzPPL6waRVWzrOdY80hf06DBdDgfNZcwPWUW3vl+xtYg5Ra09s/t1hNyadrkeEZqBDV6P7uCiIXpDgcJ8fyxMcpSG2YHgpgPoReYt5nP5y4NGj9IAAtl2CWqBzKj1ENNMxrh6/QBS3le1uvaXhvn3f+i1208Dn7pHJ3C0Ox89ygOE2MQVfjL4Dlldd3E/V8/8AhGbmO7Z5bK0fuvBKdJ4dv9cRX8SzUy3L/qP4lNSqV+pRKpRKuYmUZ8Ar57H12y2yKypNBlNPfl0QG3sp8UvsRrEh9blMCV+hR+n45Bll99fieSL3o65WLNiNHHv2yvX8TemuT8S3N6FnN5OPkRZra+AMh4QMKtMrDzc/Z7R7mjSjLaDn4+PM9vUfx0cX7+CHDm5SAbOjsvy8a9o4NTpRSJsR5nSUfmKjNoeZsv6vi+PMr1vvgnVPJORiYtoJoqUczT6Fnrm/TKWcTbR8ZdYELWoFjQLX/C15ZcsFGALAOAYP0DH2vsGxmL3yfL0fHylDGe0RrLtLn6ZnCPawFE3vne871mHwwWijbXo+ekCHi2p1Px+EQJVqzXYPcUiAGtV2wFCtBBgNhvHd5YRzdMkqP8L7ZLvwvOWf0nWjH6QDNsZ+jZ+oHbh7eehnZ6G1mEmHi4PH/RmEgf2OTsiTBoWxNnhDOF1x+Iq5iO2UMz9WvHZfSfHLtXt5X0beImL+cv6OWAcSv12VyqUXKrpgUiAFquA7XqJfj2j+MLNkuse6DYWDo7XglCHuyrt8rFlYldDKPQr9Qr/RhROQf5ll00nESrl0Nrx+ZZz2DR4PT4oBW/j8vMsvt2dxcsHy2L3vrYE9rv8AYR3EH4wxqq/Ty+IHdo08e5444b3h6o6zY404PPvuEhba58jyPZPf5fmWQxo1y9+I5ZYNnjt7e3p0ZfgTmWI5ZRMtc/b3nJfx7mj6E0Sz07fS2YpZxCOg2B6C+iWX8NspErHVdz4unVDRGrIpEpE4T9RUJhIc5YssDFHlOK5WPMN6vjt1drzsXwMEDi+V0G04CZPBWLwr64f7xm1IeEcl9nMLWlZe326hgyGlMj4nYcHuilUoNW/ov0RW9xzln9J1o/SATezr9zHdr2PR3jE/WCMb2af2Y40+oUp8P9j/ANFHc/FG58nB8WMkSlVNqu1YglxFzMn3eRdeXniEYhxa8nuFd/P8+ZknLPFPvKa/ThXKJ5ZxXnuBCAqsAdsfVQfannw6PnLG5ZZbStrtfqsCH1h9VeV5uHWima8QJRK/0h9ECdstwue/zKLzLOrfufHx5iprfy9g4l2H5/mPdQv6R7+fMqZdGR/k3zqiwCaYUUl9VdtWEOKCzKzXx78/Lt+mhdX/ANzZ2RjUH2Hse+yPt955Tk+RLmrk09zphEKDawnvFu2VS7mjv8TQccHc8mftOmW4+sAlk80v9LIkVFamV4AOVWg5QeaqAbCbVzfK+iegRGiYpjw/PcLP3h5OEeR7/STNrtaAypwBa8EQi7CynQlwNPpnbDt2UH1VcAbVi2JrI58B28XbMQtSas+w8oB21t4v92AlCcLl58DD9wqDWrg5X/kIigdVy2w5+mYP0gGc74I7st9OuJR6t9Mfrg9CE2n1PaObyPJp9RVz+7uP/QvqHILyOXojtgVV5XasasMMwz2ySyJ+dPENh2wfrTQlB6qeCzr8T4gygtmua+8A/VhgQTmbKfh+IRXbX2rvxERtF8i9+fUIufnMuFrSdmFOPHt+UDiOgUBL6xknjmDMq9PX6D6uYEoup5Z5PjBb5TB0d+Eu7Lt/Hj02sGV09wxy7de088vwx7qa4rzygSuOp+D6FpFQbl7N1+f4QAmH7iHx3/4frLx88PCuEmaCK97jq+dejCU6yy3MEx+3sRcND5J2PUu3rg7ir29cHvAOfd/E0cHUs1KMG/tPJPLLN+lfMsEpnyIeDtHjPz3LwzwzwTdZpf3TslSb0X9x7PUCNVUBlVwART4+WqsidPLNsayRQCqgAWq4AO2GwSmnd12H792OIlJQ9gvHu4gwwjY87z2yj9nBw1x7dyhlQupHpDQcsQkltexN/snD9IBm9vB+Y6qbe/Td1KG9vcZXsd9vJ5hpY3/wgK9gnI6iRMtOnp6fRsImEbHzPLh/0E2c1128HxYQUQyxbwHQaPE6a8Eo3L6uB10in7w+7w+wcnwYm9XkJ7vH4RT2tqsPc2PvOLqUSv8AQFcAm/MqtuU8/mLwDllkxTFo89vL5RFlncsYPY/uHnBUAAAAUAaKNTjSacTTiVSqVXoVyr0Nko5guGNsf5g3z8zjyfPiIqKW1bWVSgyL8oa1ldv4mPxwyvERaIGphgCi4oQDj5UHyxhj+QcIALpS1+3j/iFcegWI8JKYvKb/ADeW+Xc8PnMZjK32mhtdj+03cHQ0+PfxOrB95/bqKzgXx/E4D4s4TLORf0IOVCmEdgcfTuwFAAAAFABQDgDB6HgnhnggHeK/ceE7jy5nFMt0Hj316DYALTnaR2yed8YAaMBKc0NobjCOn4WeYQkzLOadv7QcQeVlzteWB4xUgb6y7l2dc+W1Xg8vpH4FFKk/tpP6QDF/Ijqrt9NFoh69nZDPt/wgq2tfR0xsZ2emt3x/0HzKv5fy+odGYTy9GGpd5DS/OTZ7w3Xx7Hkfv8k1ZSSx+J+gK4BK+ZuzEfjBs6H3hGlBo0ePPbL88sTrdbfQfoPiltY+H4muDjEoqVehr9D1HMotJgsnTOiZL3y4eB5i22/j37+n+5HB5lxkvd8znvHf59PqZIOHHD+zKOHuTs13+zCTkfeP/IglObhHupfUY2PY2de/oWPH3j0CbWvfxH71fi8Pyle/S4iXYij1Tp+cLqy7Bq/Ay+ECOaKd7h44DhXo7vUNuJtxBWApEsR2JyRA2MLafnnNq3EjQpaChRQOBKPCMLVZOHNfX+GMzt4PfPgfxKsDedNr2/tF1BV7KOXvoOUSEsZ53HY+V92ovpriyHY/HO55/SAMW74I62+mjQ428Hj3g8fpBkbMMsw4fv8A8ABpm49n8RmW7fx/0EAWi3zX8ep7ep4Tw+U8kuMbFui/kY+5bzCpPpt97hv2c9JRK5RK+ZuL3L1XgPZ56DuW9uA0dDgl8+L+/iWfO7Pgnl6IVbnj9Gj06JqUenVOiU4iGRluRz137SzXyll+EP1D8wUxjsjEV1gG3qAOjz36XOSyofD8RkKVwPclV7fU/iW/vMG90f8AMwIOSa/YeXziTX0lSPk+0zdw4QFU5HZ2dV1HudnYy+XYgnNxmUal3M5L+PoiaQBaugMsGvFTefNpxtfFH6Hu9Q8MNWhHACWnAS2VYoVeGnT7svSjiJ3ycBb93AcomMILK9Hu8uZbNuDjrwEVsWlHJXRB+X6J4FHO6/3TFa8679jfgwQzB+gDNvwI7t9PNBoN9DwcvRDgCg0ee+z6FfoK9DLWzr8v+EA6zK6T+mn03/n/AOv5ZfoXUv1dEu/D1OxL4i0icPfCJkTsgtyOtz6H0ueXcUEABEsHSGEZVeZddPwmX4t2/XoQzHlPBwDgOo7DQKVAFqugOYFW9x/L5xj38/zHKKmmUQ5R6UzrnT6FGRhsW8xIYtlrlp7PBLvDHuO9Bt/HmAAxDX8+YTj6fiX7+cCgRmHKEKeu/bzKvJPgMx1rr8S6iz5KAfT/AJ3HSozPsnMPp1UcJyepTDsRy6ns6Yd2wmx2PVTig7XpUeVnPvhjcl8N+PvL230N+p3+oE9QifKYb1j56I/ZIA2roIxJfxA4PGp5lWNBSfMfLFvaDRwHcaugd4uLu2k5Yk9+jZDHWHBlY2try7Xv9AAbYit+B6bbo+LDADRo/wCIAfF+f/BCum8RqtfB5PD/ANA+aj7MviYSxmH5/QMpd4d99xl8TCDtjFFpTvh7NfBmYq6GLraHIORzDaoWHq/P7SEzrtNrGWJkXQLV6IOEIe4vHn2zmD4fia0PhAoslH6Mrlcozc5Blt1vkm2cwwAroC1eCIN5yOfJ8eILn0T5qg578HiHiUGjiX5JzkrQ3LqOyUIPRlnnv8yzGkjrUJKV8k/q/wD4GlNk8eUlI7Z6jz12PUQfcAY4vjw8xcwdr7nhjX2zJRvllTCvZAHx34lC5d/8p3g8eo7Jv9B9pxZTwm/wG/LRM5USqjaG0nauWVJ0WDyb9zx4nvtadXHsRVXEuaF2HZsCdG2AYvlvK/mfUsu0DoCgDABwBr9AUMsseDR6aq0Sv/kAB5vLl/pM9S836/4RAs/zwoNg/DTOz5y3meT04eSXHqXMtzp8DOj6OiJGApMUlHgft2JZYGoqTtDg8nuwljE4roH3eg7mJxK4A+ieYv4+Err0aJXKPRXK5RknKfEnIMNzdPf5lqjhIyrBtlSMHX7mcTOcnVz7yrGg0H7S+fxsDAhURCaPn+ZvUOny9Fv5ij9NiyB4Nvy/+IqZ8j9zpOGPbFY5W0fn6MsGvvMME53Gjtfv7SnOHR17PM4SdW5evuP4dxpnk9Tv9QXKa+AW+7wHKBKj+zu350WpaHzbPi58S7cQ7rg6JQCoI/wD83NHxq/aVQCKsu9SHZwfok9viRNq9plcv0gsw0em60Sv/iAr9AM7IaY/QHl44gm8zGpz6KW2v/RH/OjohT5x8TUieTEo3MPzN5PR5D4konj7R6ZhMjMww/PqdnzlG/Q6EWnATSeB8d4igRRT/wBhPxE0LOYz4Bx4S+sTT95RhlH6sfRco5lWSW5GW3w9RG1B876O5x2GjXv5Y5CNM4v27e8sl+H06ILuEAwyaJpm8afvBTj5SzMLzPlfjPHZQrQqA/fy8/8Axg0HSFiOxI4t77+X6oxx8/xL+B3MvB1EdhcfudRc0AndVad5A7CArBgHolB7E8s8s8nqV/obmEXwWfPtmJNtQfu+DbMxQM8k2e88eWIYtUAOVaA92O1IQVrPgbwPCK+Rh0fB8hHx3+kCj6z63zv/AAhXqKlSpWYelxhbwQbq7ea185wnp3uZI8no7Hkj/nsFKG78mEnA/OWPxL5mUueGH7y/lyTjsiXMsTtyTA7JYyZJYwhAAK0ahfH7bhM/Q0imzAeFwkMqeCUenR6nVv0O19mbfqSu0bJZlfzH7+3Jev5ljqTQaDqcfHJ+5ONycP8AeZ5vwfnzLsPr5wDDDAFwgolfLr+8Tgddzg+BijBtrK5Kb8vbBnT0B93t8/8AzBRmzrOV9XxCsClUrCJwnfpUqqDa8BlfhGuFCV2WW8t+6OvUPLPLPJPNLpdsLu9TznS370QEMiqqm0W0nauWWQ46D/W/tm4hbfKAVQTeKfbtfPhE5Muea3IfJiVyvVSo2x+ne2/8eFfrAArUHP7Byy2w0e+R2tBDY9+aw6av4IraRfMntbt+M42Ja9dnteT9EXh5PzH/AD1HC/mhs+JPL4Mowyxkg9fKWMsYZ9XD+Zk6eu5p46mGvTbWXWSdj0M3qVbBg8L8mICJA0yaT9z2QCV+lEr9LBKMM4X/ANnCvx6955Y62XXfz4I/yu+vFTjcPUda3O8rjj/2eeX7i6YXogBEp4hyPl6SePZKi8fh4enZ+UAMGgwAcH/0CVBMuvf/AGY9V9JsfxMM3Uuhr5T7bjx2xXly/D0PJ+kVMi5piWPAEUgiXedaTsnUHyHjj4sy0YDQfaXlSktiCmgz8AjrpXx18pHPyxLDczGV6K9svVZWR7HRK/8A4QAMvLr8uoTYQwsHh151A4520NTksp74m511GkNHKgcQApZCIdpQk8BjEYsUQDLJzpThIrSXBb7oEUacJ6Ks+df9ArA5unk+D+00mHszsSycZlEokw/M6PifieT0YZNck7Ebai3+34hte7BM28Hy0RUJSORNI6T9B1TkubPtBp6+04HIzufZ/MN5rXTy+IsvOU5yaW3g6/iGbyXPHw9f4vpA+MPMBKQUxLDOU9LujBA20PV6f0xDAAAoDABwH/1BceGZAV5eExMqM3mnhUuu1HGnCbHZ7/ow0eh5YlMH3PrllPVEpdFroOYLPe/L+NenWUTBCw8WV9wHKiUBBA7GVXKuV7lViWorSeigWyyM8HlrwBywwAKOvQr/AIA/SV6GMvw6jJiVi18LwnAbhmLi6h0PeWpDYY06GFIqobyryZSpFgmYrDunhqoIflEwGbKv/qRSl2HeVH+CX5wrO+AUBHiQQmWrFnIVDq3SClH/AECmi8/u5PiShnh8SdiZeGeeH0wfUrfn7zLXodo3mZbnMedjp95uKKbnu7p5yo9eonkpltmmdr7M2nHJ+IF3t/L3eYjUVdru5X+Ja6yXj8wGxzzHF9Px6dmofsx9oWEL+/k8yjEsNkB/H4iktzPhq/bH7Hz/APs3nT5ET4rzCjcWqr5csJxDrg+PyjlGwP3P08CL6AneUf1PELCt93I14NB1GBcuPPD5TBKmZzQ4GVMAcqwfNXbwb4JxVtfJlK8nf8SlUoURC0qt+CEukNH95ZYxSjVqA2roIVVFdlkdAHrU/wCICv1q+Nun8HcrLSFcZ7OTj44t6Nt3VuuD2XAjjIVwtDq3PLs4KQZXcq2Att4Kun3dR/hUVmI05jwQyoYhRzvEYaAsDv4rloWAm2wu5jQ9KIcwavw1jtBmdIX8UTWZA1bd/jRZyMu6D9mkfIlP/Qbkc3wO0+O5qK9TcZ0ZccplPKYZ+ss9GeSdOevxA0wOb6GvIjwjkeUtpZGnEJ2aHLOmUeof+X7kF59kmWnb8n+ZbUvl9g8xrXd/XzOclikA1s77Tr+Xp2dQMpB9EFYr4fuSz89+8qpykdgFVQC1XRRzAoWFfJ58H/7Sv2z49h8H+G9QoZSaGz+JTjehoePXlUBSgDauAPeUuKAaYpnYfqsMHagDyz32D2u2YnoGJW44vqvB59pZXIvM5Gx2QbpaVd4v+kY2gHHlYCNd7e0/Y9DdJULYny1v0B0lRR/8AMtBldEHlVAMl7esej3QgFmKDtKLV2G+BmhCKleiZKu+5O+dQykrFbxzk4+XOZUeSwuwuDj04bcQctxyOYaYgrYzvBiGpfdyziCCtAFduAWNU2N7xLBbSzPGoWppabQd1ONErNj3ViWPwwq47rivOoqXF2Zyi4He482G8A+HX/QPjcuniFZS0no8pZOBmEBwzbPwfQsfiYrhT1d9yj4ZtTv7+iz7g6HSPJYPUWkEr8heTY8KjY3Lb9HZXP1/mW29nP7Dz5leH4P5lcYx8WYCfjk65Z0QYpAobNPXh8Tpp/QJcy6AtXoIWA57+Hs9vy/+1+EwduF8iJI2Y3YZfFF/QBPQP08jwy0bNdPHR9Ow9Nl6ro6X4aGGoOd+75YdDjHyW34E5Xb6JFVp4+U9mvNSgEHgHL2vK+pm8KPie6te3K+/Evl6eAYzVt/8Pp6T9BUr/hF8c8EUGIL5HVYcrgcrxLkd4owpmINvdnjKyiKDgwPN5AXwR6tG8euP8hhlYO4ba1OJjAjx1q7YuYFH+N6AP3nMFGiovV8zjEvWC4Ju3QwbbarxTvGOYc/BYOc5eJzbthbpbbW4X89ccJmrIXD3bRIxxvbKptLhmhUctMdXKHLqwH5YmBzNs4ax2p4jOYUL/wCgXx4MTk7+H2n1cnotJYTg/r7TCUTOSYb1w9SiIZhrMl3hmOPmmWH4Mpa24fQzApAZQajlvnyxGi+zIORHkTJLbzNtsW6+fbx7TnJv+pHXQbeokaA9O+FuiIgQsCk0zatP3gEr6fuTs+D6KF20D7+xyxjWfw+H58//AHKTxb8FL7qgoV+kKKAHY6SVygAcktW+HcDBWpeg37t77VDDtQB5YRo2+3l+L6VSzAbZaUiHtv8AGu/6IUFhmXnj20Ry7qVFIZfdqq9pV/z0FeZ71OrBwn1weWCPUMko4eII1pYZ4cwcqHYJzkc4x4wtoNvweLGtYGegKKB2gKDG6RCsEHRYW6jkuoWFxjf1avZ5PLnTxHYWZK6KOAGCrYgwkXgObjbp6i7J29b/AAgb7WKAvLKOixKzVi6IPrpVIPIKL97W1ZWnVvjzbK+fYJZ4ugCGwDc2BKRvQT5t96iFafQDUsYFo4jKhgLKFtPTX+fAlMSk7XflftOj6LTUsSpY/P5lpmX1rkmGsnXUwzxwza9uSWeLOkW7ZIhM5HmddO/QVlaovKcl23s/GGCgAb4qWNpzOXz7ePX3zcBDCjAar18FURmDDAIUzgckTn4MN4fl3PpKwOVcBKHgsxl/Hh/96juDT5r9ZQYErebrxeyp5gSBQFAcBonBT8g+BPMIYC5kDfhmz4vy/eWtkV+/6BWV0ff0l+u0Qx6dn/GAzbvgjkZgDWK1XgsvhHFjoHKskd8OVvzlugue8jYUmuTmE1I4xF1tUcvf7iVp8qi0IovEBfNShrO5UbnIPUDbO5Zo6o2qK0Xz+OxZapcVhS9t7h0g/K2cfK+ug8iUFxSWp0PRoc5in0YdhVlkQNhgc8SUaspSi6vtz4gE6qpWMZ7c42Zc2KIAFlRkNPlVMGJCtNbs0cYUou5k9ugtnLeEub8wsR0WOLq5dHNNrBkQuvmBldaAFvIKkEIjY8/57m+1S6eEh2af7TRLmHXDLJYyfP8AMQ4+ZMPz1ENTsb+/tO3xRhL0+0s/MzxF8MbyMjslExkmvJBDUb4EL4dPiNUy6dxSu3rxU732fz6db+Q/xD40ar9vTvlaOYzBgKmuf7xPKEm/RB+Yunv9hKHW7W3t/Y/wDRPS6RfL9UNFQC9W8vg2xfbH4q37r18JbQWuA7XROGBs7WX5amUcRi2aTy/mnfib8Q+5n93B0/QivGv0vr2dTI8ce/m/Tu9K/WAWytG+MpwPK4Ik85XKt0Lo7PdiCdwhSYCowXv4wED6vK0pgPZmnwRYdLukUO9PZgRniH2MCLwarQKtjl4i1eyyhv0Orill7CTn5O+aJj1mgbgGpgE81TSUzqgYfPQ6D4oVRABWPl347TaUe9yrbyOVfKjehtEXrFagVRVDzSVCP1Jbpa0LK2LF3IDaBbmeBlvQLUYIg2jpgomjDE6yzM2FKuU2A5wdQOQ2xzSsq0LzetEy/SlxeQbE5TEDgoEWdHTwisM30EKHQW6/z6oK0vKfxx/NxQeTjh8kTzILqNf3j+JvT85hrXJ+JyEz8Pf5m14PJ37yj+51MvzMcRh5J4JySuydj4kMGNzfCV7Ay+EcsCJsdiYR9p7Rxy9/b1/4x/frDQZlVFARw9A8Pq9ToTJohcA28rtcv+BHstETkvKnmv1AKPTqmyln8o8wJAoCg6DAQGbZZro+NIpygvtxHEzKig8z5Qx+/R5UqPSemeP0JX6Aderv/wCAMJQKroDKsHZERaq9G68OHxlKISxHALAy94ypI31rhJcSli4alL0aBULwT9axhWoDBC34twXsLOYWKMz0tesNblfFgj9gDC5rRqgDztLVZAlAA7mta+JhJLBX1ctXzMJeN4TLlsvO2Z1FbYjq86VdPmKx4NiYtUQANpoC6YMsC2ulwE2BtNUI3pdwza+xLugVKLMLaMc/W0/2KnAxB3qTjfgcnuUVXZXrJVY3XhjyYJqYFRHgeoB83Up6FvcnZvAAcXpU2UdKBwDXsY4XE8DzqQs1VzapLSaFRcqwDZ5itkxTeLY/54SdJnh/R5857S41gn7cMozh4lu5lj6fuS++ThnknYmUy3h4Y5dPXcwePtMn4/E7RZnB5J4YYLODSePE7QSHijfyPffrZwMBuEQ4RQwfT+JRDmfKWzumTnEd+CVAPrPK/wCCU2pg90+TkbuYEo3+/sfoAVwW8Eu0uv6Vn+Y9JDP/AGL5qU+C+RDKNEAoXoDq8xPbzHktPN76wnEZf+CABSMs16/lMc/T9ABojISRPC9reWs/xDLxBWPdKQFrOCuEJCTjDMGIJUjhiuI7hhSZ6FJXZvkHC4BnF4vBxh9aQ2AJfo0FXvmeRy1pTbx6j0Co1XJXYvw+iU3j0IGBYa05wHbkgRsCCoGA2liVArivsGh4zjKglL8FIXWADEculiIwbKRtdYVsIzzPwMFLugvxhVn65Xjnb3zrNm9Jc+BOTv42rTF3fAmqJQYM3GqJc4o0qb4IOPOkJq3Wgk70lu+OdsL7HoNFbYtzn4jKIqR5QXYK0FrpJdKwtGHSCngiHFGwANna8kLZnkXKhhR8QQr54i/50GDEW0PD7J317G8sJ9n8y99ML4dk8PP1nTr6ku/zMvDOv0/EsTOu4z+j9yayf+zLWGOfD95fEEzYB0yN8bfiHMCk2PZsjeU0LuABhkDRpnT8vxP/AAP2nKeiuCh+NHIEIMKgaP8ABhpbrwUX1LRGIo0mxlTRwaH4PqhIbWHafrMQ4vbt7Es+KsbrErxpX3f3GfARmTZjsm6dZPec3rD9AP8AwQADDUq7w99+/UFeYbuYB7+vqur42xOchnHF8GbFKS3DVMgWNxU8YjQqlCwUu20o3RobHdwgCptHKeIp0MWoNFkXOncRNZKoLtXdBS7lL0CNRGpHlYzvGhSKIEZAIjMaNwM4ywlTB9+wypxDpOAstwvCm90vWWNYhQKBUi6Ax2sWBhqWCWAdbxKvnNXDLwb43mMYVSKF+BCr3UNAmaWVW2uqVBoEpQhhUzgdWq3X8UILiBjPYFvXxogtNIaERFXk5MVXKl2AzKCIwvSoShhJSNy/SIlWeD4owP8AxolHg1IKDJAEJZss+JgSIdPuZiFFeQlLPLOVeFRDkG4rcamm8UQoLlaiErFjfwRzLK9cZov/ADrAgCkeYhJFl2eT8HJ7txRL44f7x6VxqLjjJ8T8TXOuGWfmWHp+/o+3DMvf6M2ljhjbfwfzBxqm/t8txmCgXXVqPkuCoHxhpME49BDUt9GwIPgVBpgKAwB4/wAJbk69o0nCSgV/Vj8PD01q9nC48eHmcpPL/gy/PT0Fqy77ZJkW0m3Be3xKYUz2MH4G/j+iFx/zAAAGg4OHk/jxLP2Znl336MP7u/4lYIlC6NqvgBXxKmKKy81znKYPEIwVF1SwmQLffuI4KlTTVbBUFhpiAcNLBYAVwLkxdotUAw3UajmLaddIlWXUGK2o0A53XljPTEdpS1lHN4QJc1ViaHVV9PYQPo+qXZ6sGEc3UBaJiNnwsv4keQp6MkagbkpCgmJlUbwx0FdCmfaR0YFsUV2RczOB0mEbmmwyytrILYgsidasfLQ1FZBTa+B19adOIPbPTNQl6zczKxdE20ZNjsrcUMcDxsSMSIj9wX+8yOI3Uni+nL3uK5g6Y1bo86gH8FEKq4YSZAjaBj3lCkHZXiejCYwawcqJT0Y+949oLtCw8srANmEp86FetJbgPIWgnYrhF0/Wb1yHh3FR9aEKXdsCLyfH/OsRsdn4eyNgtWjF/HB4a8mJR18v7zOjE8xmlk9vlMDx1KJ9mZHO+GdX5Tw+U3v5zo77nlOjr7SuBlA+H+NhpgJxqfOTl+voupWb4hAfT3Gx8P6xsAUYD/DD0NSvudJwx5czje3j9r6e3ujnyPHiWXvIGlNfk/QrH/iqfPrN3t+bE+kFjd1oYBowHyP0H0oK08Xj2dPj1b/4wAAbeZ161wo9glMpXks2vep7XlHdwYjQCjofWVXjAPLmrHPbLgh3TFtDRvacKjnoSxDcgTmYYVQ2u1BD8TJicI6EUgKuVnaHzg4hk7reVQ0xwr1jmKNFU4LbdU82rq4wsjNFtXgG3a92BwOjryczWfZ4gMCX1vsichbY44ZY9wSqZCNGgGHgssw3otRVUM2rguXlQHtudCUUGqEzbxFBeAwuFdJfNcRZ8Ha5Dfm9MQ0fDK3cBOD6bxBu1Re1q3hYLstYYIuqgS5TkOVMx5y6W0rEr6Y7K/wIHSV3TNtDZrteowW+lR7nz7uzJi/hINLC6vvYVbWWiC8oLThY4hcnjlUZ0BFDXo1PL/KgHdYa/ItBy+oGOTv8vKGHEmMoGVAXGxGKPayoL7Q/ZVwcUc05HpOP849ADKj2YLngXS0dNdKOUqBFApE4R0zDenn8yzsmWT4kyyT2+JMjsn0cPovknRnh+DOjvuKDREeB+6pSW4+iRD+7nLpyS6AFJaBuUJ+FZPY/b/EnGQpCxHYks3yu3te5436MUXT/ADb6GTpCL1fLCsKvh8uPpLKv0HFAcOSV03suPHj5mRp9HAyj9ICv0hR2T3xgZUUo2HYeVjDXZq4iDoHwIxKulnJ61dmrJ4RnCXTyDdXbqGR2NFq1tq+22Bberdp5QJSK4ipil69uLqK0p3hCQkEKIXHB4LpV3BwsYTC/ciZM5BlQh2qtpc4yNaYRg5doXZU4v1QvVrGFcrTgWBsqiEuVaWxZuXgjL576DTCrpzYecNjeBN0vMMpGcJElYQXebUlYExgJeSqqNUFqgta1ylEy8hhej1f1mTidspEQvJWNOmIzwqhIKBlIqF+VhnbQQzsprKu6++jJdQDa12BdIWfGTbRXs3Xfnw1d8HzBQgC9uVts1bysw7tqqTcLAvQ13gzq/DTNAty7uM5XbFG1EUl/QoazDLis3xizfBRsgZFmlxM2ld1BeQhVSVv8VWTiXIHdK0O0XwX0YgfBGCxSgG6Rpiiwmwi/I/zhlARKRyI8Mak4wInOAZ/irMGNhSwbLQsJ2T4p9pRk+M9mzbGEivJvk79pjjXJMPzLz577jKOI4w64Yh3BZ7/wTIGlZ1X8nq6jlUDNzRgfD80/xgh1W6PxeUsPkkUiZ+hZXowq5pfufZ+ELnvk9R839ctTe/Qf+o8QEEBoNPoRp/4AAV6BEtW2irXoMsoa4Twa+JtfCXvoLkqrG42e0IeK+D3EdIoIGyAOE44cYLfhEHDh9gt9aKnFQDYKtDuaX2lbBDzjjDujj2lBcTJEMZQR6xhhCWw0PKAglW3iuCCSIJYCC05FzGHiJDGpFJwvCiO5no4LVORd9W3iXYz1ALFs7B4cyujhsV10SBxLUSJbghyYxI688tsv7JgCZJXLXFUcbZTqyPmMw0ydT2+Q6glVtPeGm4prxfFVa85ApyrOKgh1gAdoNF9TGrrHtXG4lPJzooIgqZrhMJ3vHrCAhpWh30NyG3zkeDTlJG6jCVIIubwM8VBlr3d/Kg9tkwo94rd760DmwLRf+1Kl+aHM7r76BPRLDdmAuRN7OWZwUSKxps6s4bGr0yabhwZun4ENAHtGbp5e8HRFq6jKUHIgvm+zBZOC41gIrPOCFqFio1PLwez/ADrKq1Vaq8h8pjkouYiCbd0BdXwXhMaZ06l2TE0X4Mfr95l4fvGeGTk6nnrh9S4eESvhP6i09OywaCYb7X2j/HKzeU6SgHKEGnNBOfRZLyR6bWoXzX6qYTfoSXMdvT5OnzLN2HDtdD0VzDeXZLopx6hUr1WBmN3ovY4xJ7hUv4hXSKjHgITuHgt1uh2fAAR2IvExVLt4vFx2RdXVFcCmtFRABnhwoizNgGPfUQCJC3oKfD9s3qrU+IvHTCKsr0b4A9uJTfwfNlGEq3ggoRVyDOEQlgWzF/VrZRHxK6Z53mgYhvaIUDI/q7tjLgpaq53BHO1yJ2HFpBqkQ3tPwAbHQwB8otl0cStKt1u6lyh6ld6zwFLQodsVRCrJJ06lWkoE1tCvGgVGGa3UQvqYQh2RVoLey+GZztxgk3wteihT2hpoFeG0teU3j3GqGVSWhlche0Xa6cpryUV5t7WNElTBGV3NBKfTNKwRSQaW0aD7UC9uC3IgiTZx6Bj8LGnaKVauaq2EeBLPhWZErufeJPu5j0+yPtqNa7Ncr1Ds0igrXiha4Iq7oorUVA58ErgQDgBAqAZYyXj2kvGmLoCuOvKFvy0fx8YYcQWJkR/zlatiAVS99icmciFEreTCe7b4n3TU2ISKn39vJj0bw/BltPz/ADLMO54b67n/AKJh7fb0rbkH7S+HCT2EAtT9PeGg2jyXyH+P3hjw9usa8r+5DX3Af2wdTnUfwrX4MDmAgVA7t7Xlf+IgVz0OfHSck55TycfD0ONnEQ4GRprnzNq3XM02j1WJZctROhXlywwW8EuFmnku68MrGc0A9tfzIn2ZgBwpBy+yGeFp77k9+I5elyWAGz5CBHLScVUfpaAlrFRbitturwg1s2W6gO3R+MLoUACwALex4hzpBx64tt4V7wq1KDwLX7rcdznWFQwvNA5pwkity5QKBtVjAeIS81TIjainUL2qiGR4NohBQ/XAWCxe175SYqiXZaKuNijFfFj2ZwVhLa1RYbIUqWjZA32KzrjywDVO6zzFHIDKVJ1qO4K3LQPp28wbfYAtEzIBRRjyMadW1lVUUKaYrpAtrS4KcfIzGBGdZfMULQ5vA0RdUgbtmccBe87OWV1yeihOTAaPaFuHEVpFOiRhehqsUQdtOMCkyJqUe6ZbWwOFKleWxOdbztoY8F32xzQtavZAlbAViedrHaJ0C0PMg4F2/wB3JMwaAdhOrnBcOZJAtDSd12uES1xm7wRoXlrELBQBqo0DWI/3guRuQShQvI2f5wCIljwyjsF1Yey5vaOsiXVLe/7i/GGmopCk8I5J0Y/J31L4+BmXhnyM9vlPC4X42vkMejQlVoe/iV0tdvb/AB/lFHzumLUMcJp/QGVKlQncVd8eoFYG2eH0a9FnRb1YX8XBKW1aarR7d+/pOWM5Pq1NXtQi0tCz5xcqCwYvZgL4ydSuRXdOIVZvMQ6UDTLorU0m58Rn4DLzvLewTPr+BJt7GEqQtmK1hBcUZxzmFlUMnPm0Uu3hAdRXysbQNhzMANnybVyWVs8oRXyt9FN/hAhtQbgN1Jrg8EM6NKANcxbvYoAxLoFyM9SrTttmb96tWcg5eBrKilwKbjwGu5uUbtEjyjRVcGFbS7eJ7MsPBFN8KuJQ4alUDFXMBcioJd2qhjEBcNq4s8cRi5S5u01ZbW/g1HdzzJMwm5uDgSr0t2qt1x+JgBFbsUGQFbV0d4MEJgFzYBJkvBW2LfyRw97PFcK3mliWPf4FKMWyvDWWUKYrzKHIjVH1YPlSyKZC0ULRadHaFb963HIBL4My0VEo1hQFdPTxD2SwaRmFLaLCuO+HcRrEFgdr2rQ7Y5Iyku1QnM+JcMcrYIxB6g4R69BmIaWSkElWu9i06Y0IOYrxYupqq+hHX5YKxKFe/J/nlu+ABPlOKNat9gk9qrxLkPs/AD5/iiitr4PwMnxJRh+X4n0cMyxzw+lmaWkmbbh3Wjx1C9E+b7v+WMIWMbkn1/mYfpDYpWBTI9GpSqlN6efw9P3lPy+k4T6CerSABrWU4A0/OXRAt8CJb+YLPAofYrE0PRPfAbN5VWIToxtVoPsfWddi2LDAjxaXM/mFpcge77RZWEp5MLedEdlA8yARaJeBmT8BRWcAtc8vhG1NI7U3D3iHqLgWEA7XA8rMgS7bC8KPXUNy63YMye0rMRJUgATR7RsnKZ3lrGr0rOBaUgdgIxa5ZYLsjtRmZoXSA8rx6q1bCjd36cDx3XWsmIACvQ0bE5T9nEZwqwGDHyQitvbzCFqfN7md5bcWYgpswtiCCZFLlbtivwC9KlVQM7CoytsVWoAi2PJNLM1i70I6Kwj3vcqS4Z2cQC869iMA1aGy6+Ux8cC4tDmRboSYfggTSwOKcrwxzEer6QoFgLJw08OErarvyq+A4A9jsJ1GuCAA4wYIWtdxVL5BWkxSya+BiZzVoBm07XOeanFxGGFYLQi7tn7rmZQOCbovruL1FGz9d5DxJUlbAuF9i39o3Yhb7VWoKvhqoNJDAaP/AEAUATp+4liteF+zZ9JsB90/KoNUnJVQdWuf4T6Zhg/zObgvh8TXp1j93E5PgELogely4HEfoxXRT+k31gTAoFh0kUApEGEtqMYbuaUoJdZKL92YYUD6Vr7NRNS07pVSiwaxNYSvYv3gKmywKNLqwJdlCMX+O1cAgCS1GHKAacGeLiaNshhPADseMC0KVOCUTxq0+c1vDA1apsW0QTROYHLIE5oz5NJ5jzFG327+LDQrFNFAzRsek5lZWsryoKa5C6feDosVSpk0bFC+8uVxRUpsVhQWtetQ+Y2UcNuhQfdh8yJLh+CaWmHGOZjeOnK731lYXKVfoDBRFQOKxMFi4hE12REQ4vOVpCUb1WVoFKN2q5EIYdEGNzDhlrgzAFgxIEEKaRjWsCirEDKxQoctX3CABDyGpbVjjypVzq/stpCra3NAOnJGAbHFBuj2GZhWp5W9t148ajE+vMKUAKUw6yXFJwdS5LodhaWVgoj72e+p1RsW7VZauWHMliULPljZ55Uh6CkEdoOeWxSUU3EbB6LGsncJ4DJFvHGcTPr2oWsxS94ISzHdaBFB+/n/AEQDTvuI1pw/pZyRBlrRl8SnQaJkDw9e8BCSAFK6ELF8xRVSBV3aN9JHr4yXw3NERgDRUp8aCE4ppPWx8iBWgrQi5R6YcS4SxcaDQXmwV8wZFJdTTfLnH5LXnZgfi2upblNjQEU24Q0cRQKoFKbLscJmAq2AyJrEDHV5e0pnxlsy/CR8s0rtrIPAamBAIVYYFLwEp84lqFsPlVWc4VM9ZS1HubcAYF3hFNQVsDHTKMMCv99Szxyu09uVV0UBsWdnLgTcUhiC5rF2f2i2HvQ33SxQZDLt0Sj6j1Y18YdZdoMwU22gF1Tz8rcvS1rZqjbNbvDogp/eu1gVrxzNuoVAA1l0Kw4uH9sMGR671vrGNy51TirnsagorQxwSKhU63NUP2xQzx4AQgtVJQdfJh5lwV0OTgUaCqcWKocEaghKAGj19WZRWjeBhtps3scL1tbU+QH91ZXUDtKnlfKwj+U2Ul+Ep8wzcZ3u2QvNqf6JM0lkXmH2/TiWxmea+7iCYqaa6OauUdkw5FFzQaaN2Eq9ig8bf2QtWM+yz6CC1CUS7SpQ6OKmhKlfGZ+dS+imxejgEXQaYJunFlVc37OV5uNNTQMbDi3ihTEAc22j4M1eIboqRZZTK4WPupSpY7Q3i5xchtlx8e1ML8FHxqjQha1Zzexfqy0YahQumVPQu4SabumySgwMFrEBGRns78RpLPZiqC1Gi68HLMSwhpPQ56FusQqai/Dd+O18WiXQCyaFNOAx5wPLFe38ABQiMhHoEA8B/dtgwnGzthXqjNWHDAQhpa8xM19lZ+Q2IgXRvUCvUtKhD3W4A5INXbkTIBo2W0CEnmFiz9vFVQGBgjraMsJ8JCqZvEa6h7XpfIPPAolWIYAAorBwB19UE2wARuYCxVhvLjMPG/EqBq6qw9DKgW8BX4ml4AWvgyxnBdCWIB4KAHRf+jLPszJhx+kYZFgGPi9voXxdTkOx+DKNfLN0LB44iN0zQNiJf2YuKVgq+r8bi4uhpwYdHiIIXcIog1VXCGEogFQ8bD46haaIQwUJ4Fd0BzkBzX20St8VGXZPCvt+TWOJd1Ho2Vg9PBxthUBOXB2Qzbt7THW7T+1l4Js7hg46e/2wAZsNmhqwdLzKC1o2jVwPd+2ofHkxYdAd3KDdi4XEpVky05KFtBmMfdeVvwuODIVBsBCzBWoszYEubj9+F05FOy6vBmGN3cqNRcUNDFYh/SnhhKe6hRstIwdbYwS30HxsDIzFu+GKDutaopMGM9gbsFwWUBiMFhFANGUOg2rBo44ZRfY84XlgoSgDqBgIV/PGEzAC4bWSixeNmI488jE/AF6fBRLVccGAAbcJ56qWn6S+vTariiA9gUAKA4D/AKNMvUI0nq5QuGb2u39AgKasWToog9/hCqyNNKQVa24ReRprxcTOzSJuin8Sv0qaZum/jMoI1yT2K+KEqADQjQNJzVb6uHsumxvIQPk9pWvBgj4QjgStkQxFQ0FG7nJUeBF46nulQnl597lZFA5ycT3cviUX/Ylz6A2nPEJejaWjTwPaaht0qTAac6EfniSU2WzJvH2SX5LfVdoQqhxjtxGypRVUSKUgBydJnZ4UvUOBfFABEtW43Pm8RQJUVUDxM9HWwXMvRZqDrAA5UjwNwKNUBrelJTYvDkLZPMYUGhtmdukAtlKlgATeD5fBk0BM2uMAg62GhlLwRVTWWcRQ5Bllj0qcaWqoVtRbrVtTH4XGW/js/wDzUjiA2r35hiVpVgZv294isTLAqBm26uVBNVOlZETwWhi/9HiFCM0p43B7V+kJoV+p+NkNQV1KQVCloXWcdS3VSPdLQNqIZ4uL4uvYrT31LKStIziktvulhsFKX73J8ZjkAt7BD4UoC2WAVqdo3lQVB8nPx171RDk2OcA9h8quXxEuLcqVt3K/LsjJiSm7ubOcJ9wpCCt2q4DzgHmC9fDmVn3eHzcvVAgG9wHlK9ZICWNLo8CObgIxCl9mjzxZFSWiXuxbzALFyLCajBZc1Tt2oYHODH1hXG0T5PyIq3stEKPC5rattlRtWyEEBjC+8vqVmyXdzeF4h68riGGACUhy79Ab2lflgKEO0Ssu+GMI1y8WGPCulqlc4Wq0y3RCbV9+d40RaO3z+MOqZbxURI37G6bElPFj06nZRKZkBihD5f6PuXKlf8FAclB70PyWE4GkZKOWOC5vY1WSxbnxzNT3Hl1fxmUKCU8fB6drMdYYLW+FXvtlWaeIbSnsIlgAcDIIK8mjzG9FD6+R494oJ5oXKTSDtzFc2152Jpd5q0ftQmATkHWsfCtWGFbOXn2obUpDhyPl8bAi+ZZ2gPLbXgluK0hGlK7xCcIOUrYUcnosUYYVTBVhU+BG5HTNeTkm6BkXpfzX9jUrKFsQjZQBAfH3JVhWa8QL2WNGOMBYRMkeSuBv5YQp3hmKPZlU+BwRHgdNjALWIaNHBybuJVHn7TWgaBLd6ulfGWigV5Pe1o4OVEC9QjRkppt27qy/047Ui0WTvaw+EItv7gr4jN+vya1EY6QNhR3UmassM/ChNUcvlGsgQzRi8AdspdFAKQVs23bMzVYc5uQeF7hPGAMaaKe79vMc4X0HbW7hKG18zYxRjas3vwS9dEBNFVByU/K5QIPFBu3Z8/plE8FVsDx8OYZu6DDMlWI0a3pBg6noVlGwqBUvrbKcAsb2wmbFBnpiZTGgLkUFWzaKor3G9G8n7IcEPQgYASlyxl0rtUsrKUOW1fC2R4Z2xe7f6HQ+Q6+Z2ncimlxHovGUt4AOWWi9FU267rtdro/08x0EEvATacWcxRUiAErCFGrHIkwaLNnzgfSVDu9Te4vsQDWT7AU+wYdVnQOAy+ARi9Upbp92KbDpSjKJD5xxFr7SthscWVghMaGYyh3c7vxAtIvzQAK6cz4mWwvFtHgmcQBtVVNLZ8HzhAQApwbfxQwCoKUyDvhQTOgLGL68JSl3kMsvycNgZqKG8MC6J29uJie0X5twuLO8BKHtbBo04HKAEX1mAsj+Kh4lcFUBQH7TiPQegW/xKJDa7IgPYGnYtuC3AADQBQf6f3ihewpjI3Hwrab7yM2NB+AzPjRiU6COS0tfgISumjrh+KQUtn3gVZ7Pzhk5XTobOJnCoO3S1fi9+8yUrSnFg+jr4uDTwymdKQ5A0x/QiKqLAvtSiuJA5Eqh2ce4vZaFTR2Xtz5zAdZ2obPB95dNgqT43YXnMVQewW4UVVbRnQhVMzChbCLV5bhBKqzsCyqoL23nBoiVCTlcqsqu1dspmEutKWwTx4h0fAbJxsu9VcHVwjldtrb/AKhN3rWCpORMkLDI3bFBfzqVKm7XpdX8jM5JYPwC/ghH8Qs3dL+1iM6UK3M1lHwg0IoENpVHB9aEetvAs/sS8oFDpVh79xVVL03QEC3De/cxTo3DLQu/IzDCrOfIp2tQbjy0V2va+6r5ZmA4lrOAdvy8TCQFa1sp5tpWqqoHsjVWRbig95ydEKIdYxxl4xD5wCHqr14rSDXwg3WGy5x1SRx6QCwIFrxeIZFE4Gl4AwZXlb/qNgNjx9YcMlRSuTCli5GVSLVIFDdl1qMcq1jZdO0W5tKK5W/ske8FLjlaX88RhhRGui6uuI+N2Fpq20oei3Clbd2O9fArAhqN87PcBEHuMo3KNY7zRudxUw2sCwidi/MNW3c1dstPSFvhzKzcqVAQXHANZe0PXOoBbN3W7xL2SKrChr4XiUy2ABgTk5wiQLDbyvXZ5h66lqjXQMLcLZcgWpEZtLuYX0MuX/UyMVoVsBoeeYx5LSHWn5RFcFQZFHLzakFBuyfNOfOWWdLw5M6XI4BUZgwi82fUSotutkqht83eiC+pA5D0F1uuaqKmrLpluVc2/JCVRaF1rUcvvyit2uhMhyvtl+Yx0DsNJ2eJ2O6u5fijAUVTOBzx4TFhotVdRark4e0vrKrBTd/aOJdR4tLUugC14Qi5aiZRSEbRe7/qg0Katsgu1QxfKFfXvgKVEWc/ZbY2/W6Lot3bcqptrLfb7u2DEAFC2WS8uEUnZe1naqiyqAiGy4L3zjVrIFpSiToUc2F3E5wk5M0Hyvn1LVW8Z2B0FE6hCyJ4hscU8VzmXlEZgu5KBoQ/6MAWw0Xg76R31ACofFheuABRgP8AVK3dq01i8eDczwBy6Vr5z8ocbIL8zDFv2p+IoPmze9UwO+3xgmwW09or5EN/s48b8FrR3K9R0eNBPHYxva+G0PZRMzKkeOxJWGDeQ2OycmRwDAHXlcQFwxS+/wADLLUFGAFAwAaA/wBVmwWJSeGISPBLEGq9wzU5wKpNisHkaYinSt88/SY+Lnxm29tR9wAbyN6ObGBulw3a0/PfsobaFstq2xe7t5iGjd7vNuViCTXWjb1T7ZT0ZNV5fDq5QKMAKBgA0B/q1aI38k0jw+Y1tYwtaC+WCt8y+w1Gx6KT3PLnmcbnjxHnP6LeNK6sZezz7Ss2c4qHSzwfGicNXfZy3kOdfH/WCBQsTIwYDKtRfNnYwVAGGxptPGbSz5wwsNN0c5q17jsX34JalHwQe4nCjQf6zfhYoiYCZEeEjzaHBQ+Jqatvtz8z/wDtifsMj4r/AOf8ad6FGY+ZltNsCgqHn0yirSNui1CLh0WiIeaWvXM5tc/NSGDAsRsTsf0OnADaaAMqsXg1KR6As/8AwOnADaaAMqs19SROcAljbYJwPdaIe0AE3sln/wAOkjKPfG39Jat9NhW6tLjd8bMDulFz/wDPlFWkbdFqEV1zZQXq6Wv/AJAWrTt5EGI1KhfBssUs6/522wTge60Q9oAJvZLP8YlcU8KVEYBgeyq9NciPdWWBy3ntB6xkQaRvdPtPdd9/c2AVob1b7f8AL9IQpF9CBteDRsURhfw0G0Dt6BSn/a9+vttn96R56r82qA5BaNeL/wDnGJRilT57qWnvy95tFraf4ngfXYalbbhGUv6A3VX/AMIykROwEcaWVEe5aAXXDZ+mAdTsUJZVE+Q2g1Cdtpt/TWVf8y9JAiCopgMtBDyY1hGEzf8AAKU/67v/AOO/lN3bbyZBzGz9zQ5GCtGpEXO6X9eEeiqvdK9PZq6mFq7r9ZT57qWnvy95tFrb/H+eU/13fpbpTKy23MqPfw99GXb1I1JUVY5+cgI2xvZCIe7u0QPKlC8YD48TGQUjk4o2FX0/P+wcrr3pE3DT+LTZ59LSgbLi0I3mVUa9eLlKMK+83vnn7+Wr7jZ97O+t6yXZo8NjIovShbL/ABfSKUwzTygtTi+vu8dleYN4hxQsGxgVtmscsIC/ZwNAMTguPd/ann6/4bObWmjRcTwtWApuehMvmiH3TvgJ9TCT8mnD/bF1Lmht/Q3SQzZ93HF6lT8Os46Gbi6GIPsd5gA80pUspusipyPFJHSoRj1lizpBU6NyQOqnh8R5Xdre8xjPLo9A5fN9Rim4/wCCFUITPGRrggbjLZfwZL7I0CLCP33Rqd9l1ZUK+YpUtpdA3sNffNVhbv0IbHwWrjsqzr9Q/KkxhKtW53abWbiV2aHsXEKyYplXUXXeSSx8Lx54cCbhpH4PsH5OvSCyEehsYJersE0iHu7tEDypQvGA+PExkFI5OL0ayqL1a7oNK8w2Gl+AZLqxKeYQa5Sn8DAbXiOg38/T7eF+jhzdKWlKZWW25lR7+Hvoy7epGp6TfAV0AMqs0XevTzCzUk3WLRylfW9ZLs0eGxkUXpQtl/iyELm/YOUGuKoP4XoVTWsC+f1Coaspayut+5cRVpi0jhyE5Xtg5u8IWQUp/wBd36yPQ2MFUWL67g1e5g9DC8t1A163Nw8nSptOyLgOxX2O7ArxozLHzx92Ma44Zz5zAEQRNmRGY/ebGjPC17jO/J1ZT5Nb7csce57Ivs5Np+jptSAjbG9kJtxd1ZktZuJXZoexcQrJimVdRdd5JLHwvHnhwJuGkfg+wfk69ILJVPjH7F3y1pjr9+WwHOwfT5yaisop6Xsgdcw8cNYf1IR+yTd/adRNCts1jlhAX7OBoNzIrXBnZvcC8gA4XH/BCqEJnjI1wQR6Gxha+Qst+RRDcxjc/MjClXHlbpS+xyg9dop8qpMG3nRaH+G08g9Df7/uLeTJTNXxaPHuiPbpdrCApkaRtiWsYMXZnm9z+m6z6NIFrQlrUEPZRetMPNR5SH3Ut/C/yb/OGuMKtTPxEGktDjqrSVXoulaJLSnEeEQcV/dVo/GaUOMQOsAsbEi2ZMV02sk4NGOX6qApGCFe8hqeJrCdkq6ugurfQUpnqKzGLEV+XmiMMcZ36Uf7/tDbw+jJMsAtzg/ACB4JXjSvITcydqwqKX6lUeB9LNpdc42CXxCW2u1SzQlVTwbI1TkvhGZrNecIiJlYUtNYLq9pDWgTyp9lEYX2lAPBXScJmJUqBygq/pHqRiV2VBdAjA3e3WL0C5+Bhh4YBUt0WEALD4XF39j7qX1U1v7bpA+edOkpphguhCi3UIAArxDWdYaTBH/fcrdwc5/exJuotneW+Z9EzEn6ufjkG3Q4fZpA7+1VYryeCoStuqNqYcHrYy2DEToghMzYLJDPB/5pcNNZuuS5Ada1j2PWcyC1oS1qCHsovWmHmo8pD7r01h419OYZgFMsNnyZ7QmeaZyvhXW1+PlkO6zzN6izH8eqBAinEUF8bDQrZjiJmr4tHj3RHt0u1hAUyNI2xLWMGLszze/RevDYjBelahDDJqLHuo4ZSAcUGnwZ1mPmwJNAQr3kNTxVTX2m8US+v0ZzapyVngsV+JUg6R9jn047ftI8aN/JPAmDa9TXzLINwqRx0pkZEj82zH9d3+i5WSyFBL739CDJXsXBDpsl0VD7ql30CJlLD7YphLkHSdi4PkTWWc+r2bWw7Irm3QAsLNa8q0CEy0Z9Jh9XaTBSlVZW13cR62VuXMfZNz0fP6NLZOtuqNqYcHrYy2DEToghMzYLJDPB/wCaXDTWbrkuQXtQX2tEQGQ8SL3EBlvUD+V5WF0TBZVLh5g63mYGZCFc2p83PVu/XCN/v+3pb7D1hbCKlVSD8q7fYelb+26ejhzzGRAV3v6GIAs14xSHguiBphgOFyF+cLpoewhLV4DAvh6LH+GN/SY8aU4jVcWuk8Cy+mKzhku9o0i6HALlzhk9EddSsHwQHt5WFUFwi5LVwTSorUq12FKWqrdQzP8ATdZ9Gls9c8dv6r9iHzlNXEI4yg1biNtY8QlV6LkarHKGQ84ZZQdgqWBTaEXMESeNwVlmg852jABXH0v0akUp/wBr3IpT/te5/v8AtCZ5+uUaXB7EK8+FBIqht+1Yb3TwWi0g6uG2Xyiv6WUoxLaiUDA1Vgjmp/Rf2hejLKNSBb6DXRMR7EURBY8MjWvkgx6Ujpdk+rkkRMMzL1dGT81xbd2goNwHolfpded3w/wT1Y1uyZQVSlCpwM0/ru3qprf23SKOYRfIhcFrpJhUBRkzyUGT7E7GnDBE5fypBL/KhpfiD5F6k/zMaqVwIsuI+WWO1LXZN7URGt84px4kLwz4c/uVVxkaNcEc85JI9xwpvLy5rX4WWN5D9G1zOz9GeOrA7z9eeJ3y4pn5fThWODmeF5h0hUV7hCKQGhdgKUpj47Rqc1c4L9hxjDNX5F/QVA9vKwqguEXJauCaVFalWuwpS1VbqGfSswbwVAtUZaIjxVYH4BMTgS3SyhFGhVQywsCnuTSk+zhIfm7OhfMa2FTLeqwTF9lGzdgU2l14hZ+42gVhhQGY4pqWUXOZGfkjhHo19ZElbJPuObVShsh740wI/ru/0Xf03T0mv+rwehte2hc4grtH8MbTTSWLYXMFTu4NR9D/ANN19TeyX4L9GSJ9CemgWMNmAAuFctnpt/67uXvoryI4kj3HCm8vLmtfhZY3kJ4fbXy5POq9ZEEeQWF5QGjfd46Lg5KHYCnn4JX8F+QTtxrmrElorzip87ONJyNDFoKe8d6ZVXPot/puvrW/tuno7+m6eim1p5uWfit59GqfBC4/9S61Yn/Djea2ugvx0Q8FfkGWsLEm7sv9XoOzUslAaRpWW/mV/PG/0LVbVoeUs673tsVyPAT7Q8ox/wCjZ5j86GirZWq9XG63yudTjLapivPg/KCH3rJuVf8Ab1v4Z1Tp9vqb9VJk1yyc1/FMasSqu/YIUNxe3tqu1XdXAi57597vrimz+z2dZau51ZCmz+z2dZau51ZW1nu/KLnhXPuox36gAk8W+Gau385rATsHGr0485Zm0eVdHKu8+97sQyZbErqy1WXV9yu8+97sfoL9Aul7ypVAexpp/G1QfwaBQAJH/V4JzrJR83ag25Gc622std5973Yg+MqBf0h2J8Y5mc+emqDDKTrMydj7HdXznxq4Iue+fe7MCKH3wRExWK8YRAshZpPg4NKJyQ7r49EzKSnRFoltXVzGa38WGJz2jn9dUbAibKLaxXBjNw/Gka0Sgw8WeC7XBEbS4WCQftTf9M3tDeLrndFTrNflzb9nm84pXhOeFc+6jGHsyP8AjAMwcO8c+01cx/6NnmPzoaKtlar1cbrfK51Aih98ERVfm/OValmTXm5ODVDwV+QZ45ocBpV3C7JBjNRbso6tPwjIeDVuTrhB2alkoDSNKy38yv543+haratDyl9FeUCqDKtlkGn39n0Sz1th+8RUSwVWuKlmTj7clCu5OtZ99STs8i8+ZyfDulaLwI3P7sH2SW6l1dTX25S6l1L/AJiS5DSNozURTZ/Z7NvqBZ9YD2ZH/GC3t5LV0C6zA+Lvm1uWTroF+xUJf3dtrc3832/P0TRH7jgUB9l9cq9b+aGWu2i/A8wVeX3R13vbYr9JL+7ttbkLSQmREpE6SW7zlv2mWvMF4a/+9jH/AKNnmJfS121St9QLMhabSiVrOtP4cTWa/Lm37PN5xSvCc8K591GMXLeEPOLEU/CMv4AwLNbrgeLi21WjVxW7BwjSFIb/AIs62yeuUxxhW+LJ39CQ54Mpzwrn3UY+u97bFfpAih98ERMVivGEQezI/wCMFvbyWroF1mBve+HW7NOsOaW2VLq6uLrtKvx2amlMqTW2u6o2HfABfL/yQ4O9Z+inMmHrCS+zyye1UzKePh7cryrle/8A4KR1bd9/gSCiE6V95Dp9ZQKHXj/iJP8AgcFYhb/cP+Ww5YI6/mRDa6Frx6SyDCbeAFA9g/6pj5KhXjPoqLC9gq05Qmu3FNC4dfkNP+59mJto2zALpqKATN14AlOP/wBBgwDawB2rKY2+Ql9X+kE/9FVJWCS9NUKFtMFXqFUtTrRtPn/x7iC3L1iUeuR6B6/b3C9XevRNjN2LhpD9H/PQl/139rf+Bt19IaiEY2gJfnP6DNSkDqwUuNXxBaBW7/69l2ItLMciXBa8p/Gs0MPMX4nPiXpKHEKoKZH5hb4JpaIyivGwPFxUAciJhGbRgTKWdSn0EKXYyhoaQPENFdzIOVYJxNHjptXrbP42qFGxiU1FTAPyA/NUu4b+FUSw2NOo/wCej8JSihn3j40ohBnAKwDpRhJekocQqgpkfmFvgmlojKK8bA8XFQByImEZg99kdLqmEHYi+RGxAoSAiR6VfBAFh0lWAoPKDQ9tQyCQsm6EBr6bunGFugva9QmPKj5a6N3u0DFLoVXoC2L4MAe8hurHJUHSaN+7dPQaTwk3As/hDBmUTrcst40qzC67C0ugDJyQ1626U4DVVgReXHpmeZO89npTi/L1icePtS1QNvw8S8tQxWoiewKeT0LsRaWY5EuC15T+NZoYeYvxOfHpQ+7lBWBV9L5cQNfUdjrHDVggHz2flszefwwxB8mZ9V98hmTXxdAxUyq6e6y0B6rEcUmgbaBX4ETNRmYwtQEIHzLFCXRd3HSpbhnEKO6yQo7CoA5ETCPpQ+7lBWBV9L5cQNYqcALXwSvQDv6rNQmrKi8pCCsS1gDlXBFZYO2w6jLLE/hCnkx6FwIwnLsawMTjguXtUI6o7nIbD8m9CBcbKtGIFbCGn4+OK8ebLWrYCHP/AFpi/o8QoLcBEHLD8lSD4CUTk8nSf9a3hu9ir7Q7mpNyReBrBXNkAtBLI3yEFj3cK7Jff0Ut4bBb8LgYvVjVAcElkCk8bJGxdR+3+ckCJY88TDYfttPkdYNLhQAmmR1Wn5VOlO+84WSwxfktT9ZILlzweWmll/OGA9NEFx3q119j56aW8Ngt+FwMXqxqgOCSyBSeNkn1KVUOA5JE0i73Ly2j0iR9AvkmYECr+HXzoSHtd1llXmlxe6kA6Lr3eLCa4AX8ZmrEIXXxAD2JEOGHP/WmVKQpSJ8lEVXAcB4sMvZQi+nO8hnWlAr/ABWoBCGQSjUF3QR98Zw4cDzSX2s135BUtJ+axDQT6acX5etayUPZ9cwPqRrv8qhlI973ntQ3hu9ir7Q7mpNyReBrBXNkAtBLI3yEFj3cK7Jff0PYXcLVYO2BmeQ89ZsKW5LWmV2qX9B5fRgtU2WeEjpPU8ViVrFLcbXTFM681OA7eYVj6yul7o41bSKXp7g+r0LO6vVJNLE8/OcAw7Jd9VXP7aOfYiqslLUNOCMcAhez6T2F3C1WDtgZnkPPWaTKuW4vuykg5zBs0hJE1qEQuh9XkfE6xQaveUWXwGreE5voHUask+xSy9iO1ZwXM21oK6UptK+o6ZaULoDZ4QYu3Q8hvzLS3stna7SUHGHP/WmL+jxD/k15UyLKGlzKgWCJpVQPiKSqDZ/1oXBURsqzcRyHNrt+XDLMNq/aVNJcVge6ho9FOL8vS3fQpZzn+AUPzr7xliHLddl5qzrg/BVvyz0v0+sN3h+3xI/minoaVlHZs9KnF+XpbvoUvqX6bc7UpxflJkVc8upBSrxT8QJd4vnYpnP/AFpi/o8ej6r7/Wo7Kay3KrqcqrAuPcZjfAEpHeVGSt/5iWp6KcX5et9f9r0+hmLgqI2VZuI5Dm12/LhlmG1ftKmkuKwPdQ0RT/TdwZoWwwFSaL8lktpL33ogTW9WPd6R9V9/pH9HiHj/AK0er9PpQPrczn/rTF/R4in+m7gzQthgKk0X5LJbSXvvRAmtH/Z9+jhzsG+3IJ5v+KQgeIPzwEhqKHIpQCpndT6H9GMN6/bXaA77hSo7L18r7w7RZjYNTJ4c/wDWmL+jxBQqDR5EdiJY9weLwovvb8aTntYNDdhr0kQX/WigtQnYlJNObDs+NbVBM6+zN4irTmIUH0U4vy9Ld9CkYQBEdI4RjoCt5ou+OMyh1eR7g+2vS/T6w0rIAui+henTDYXP6jrO2IhYgL/Gn5wQR8S+M/BvC9KcX5elu+hS+pfptztSnF+Uk3rHqVv4NnDnOyGfG4yn1yw53mDn/rTF/R49H1X3z9SP1SFcYy8wBASk3OChULjG1twlfj6mG4gowIxDN1PNrY6Nnvsk4TsuSIDcdaUd7KR6/r/ten0MygtQnYlJNObDs+NbVBM6+zN4irTmIUGGz0r4eSJJuC2/0KbYaD0iWeEMmtHeprXxQyEDrVgtqV4WvsFXHVmYnAjYF3H1X3+kf0eIeP8ArR6v0+lA+tzOf+tMX9HiGz0r4eSJJuC2/wBCm2Gg9IlnhDJrRu0fE7bOuLq8TnAyb2sUFt3dXEtZSLbvn+LBuSzjoC1Hy+l9D64xT0E+eIMtsBNKVW0WxLjjhv6rJJ8N/wD3k+oL7kQlv3chhTQhuMakhOUsxUvs+zNi/ZBwSuwxJ/1tM84vyESefS2/hkgAjbLlaXSwSYROBC8FBD3JRCxNhjzJZGLq0AL6cD5xaayT6U0gBHeEsYHuK857NAJ7+dazJE9WNAY9mEHJBZYV4u4FYjbLlaXSwSYROBC8FBD3JRCxNhjzJZGLq0ALBESwCjqwCQ0wUAoDQDog4hKGaWQCXTA1nBh9AKAI2y5Wl0sEmETgQvBQRiLAUWJL5VdB+QEvHzKr3QJYiCOEciMr4nINWiAX6XBXpNm8F75t9FKBtR90Wy9+dEd26FGVtnOtr+VFsMB21i92rZcssLeiBDMcsEILHiWvihwPJ6g5M2Bs5A4+lLccY/IFM+iZ5xfkIk8+lt/DJABMVVkgPI2RzT+hxCu88kiOmv2zQyhbRVCgtZtkyRfcRJcPYJgaWgQb0mAeyxjSmVaDdWA1ZK44WrRqqVrin036RBKegMoQADAGAD0ppACO8JYwPcV5z2aARxLQQLIGETCMSPW1aaq0ASxEEcI5EZXxOQatEAuYqrJAeRsjmn9DiFd55JEdNftmhlC2iqFBaxaaKQEPI4hANA3cOGEYgU6Yj4rWwXmgmQf4j6HovJjmLzoBc+nv51rMkT0OHLCPuVZOsr9X2asl9iizDZcLRyenKanvoanEh8d60iRhufBhvUgo/AA/6p//xAAfEQEAAQQBBQAAAAAAAAAAAAAxYAABECBwIUCAoMD/2gAIAQIBCT8A+HmvGyNNX6xtjRgjJRRGSjR3YeasWcEZcmHjI7C0bKtGWOPGxGzxstxw+xn/AP/EABYRAAMAAAAAAAAAAAAAAAAAADGwwP/aAAgBAwEJPwCemKLL/9k=" class="product_picture" alt="Kitchen Faucet">\n                                            </div>\n\n                                        \n                                    \n                                        \n                                        \n                                            <div class="carousel-item">\n                                                <img src="data:image/png;base64,/9j/4AAQSkZJRgABAQAAAQABAAD/2wCEAAUFBQkGCQkJCQwTDg4MDg4ZEg4SEBcOEBAXEBcXEBQXFBQaFxMTFxoUFxgjGBwZHxoYIRgjGCMiIiQnKCMXJzUBCQkFCQkJDAkJEyEXDhoiHAwYKSIoGiIkIiIZLCIoISIUIyIaHx8aGhwYHCIaJCQjDhkkIRcvGRoXIiEnHxckKv/CABEIBFEEfAMBIgACEQEDEQH/xAA1AAEAAQUBAQEAAAAAAAAAAAAABgECBAUHAwgJAQEAAwEBAQAAAAAAAAAAAAAAAQIEBQMG/9oADAMBAAIQAxAAAAD7GAAAAAAAAAAAAAAAAAYOlJQgmrOnuU6Y7e4PhH0D4/Pt531wL0O9enA/M+hbvnzIO9uI5Z2Ny/MOiIhtjcrLwAAAAAAAAAAAAAAAAAAAAAAAAAAAAAAAAAAAAAAAAAAAAAAAAAAAAAAAApDCa+fIY6doi3LaEy0uPtDS2zfdHMq9jzVuQZHYfdXkGZ1LEIB7y7HI+31ppPCR+xEsboWYcmw+1+pwR3TDOI+fX9GQLO2WoJTIuVeZ3zK+e9wdspzqcGaAAAAAAAAAAAAAAAAAAAAAAAAAAAAAAAAAAAAAAAAAAAAAAAAAAWlyFwc6RCoxUx/PZyAhe0nm1IZvZRrhsYXAjueq+dNGfQsa4frjr2j5d5E9wYf7Eh8NZ6Gb42UMi7zsM7J1nobvbRX3J9IeRD6IlPyV7n2Xf8gys7vGdbOzl+D3fUnHsSfRwrOOb+Z3z0+fJ2dHePuUAAAAAAAAAAAAAAAAAAAAAAAAAAAAAAAAAAAAAAAAAAAAAKlLI7zMm8E8vYspudiaSRZO8NVtdRCU9MiXMdYiSaDE2ppcXokhOLZPdvc4zu+nVIRsZJYab22PkY9b/MuupYetPMXefp7mqwpNUhOn6XYcjxu0XHD7ey6U5T5TvSFemcfwT61y/kObHXopKpWcSxuqwoiPRYlrj6Er8+9cJMrQAAAAAAAAAAAAAAAAAAAAAAAAAAAAAAAAAAAAAAAAAALoqb3mUe9TFzfbYmNn+W1MfearnR0WCxfIL/GYSo5xI5mNLlsI2TV7Au8sn0MBs6mru2Xoan12N5qvTYDXtjQ19m0sNXZshrWwoYHltKmpyszyLbPOwrhZfkaONdGHG9Z22PHLJZ46w73MPj2cHXodPsk5XpppqDb9Y4F5n0K1O2AAAAAAAAAAAAAAAAAAAAAAAAAAAAAAAAAAAAAAAADy5GbyDeO0PTKYpl+GVmG359p/AwciSzUjcky/EzK4PsY/huPc1WVsfU1vpn5BrvXaZpoMjb+hpvfZDX5GTQx2QLbgtXDFZQwsPc1I5hy+0hnnMcEjVdn4mv8APYeJqqbShg25PgY+jkXqce0Xdoicq7PzLQH1pEeQ93ILidGipBOyQLRH0e4914vAAAAAAAAAAAAAAAAAAAAAAAAAAAAAAAAAAAAAA8q8dPLTN4Uuroz13mHpzcxbJlxoZnl2l1tuaYOVsfcw/bY5pprtx7Gn2eQLahVQVoAAAAAAAAADy9RqcCTeRGvHd4Jrrc/yNfjbOhrGbhGFzvqVp8+a/snNzqvRfj7oJ1jR9B15zbzkuqOubf5q68TcAAAAAAAAAAAAAAAAAAAAAAAAAAAAAAAAAAACjnhpoVbvj1y7tCNhg6gvzbZ+eewqMbOzsk8vT0zDF2vtUqoK0AAAAAAAAAAAAAABWgefoNZgSLDNP5ZNDB89hjra7F2vkrr9Fv8AxOPRD6Fgpzf6U+fY4fXsaifXDmOg6dHT36xwG8761mzAAAAAAAAAAAAAAAAAAAAAAAAAAAAAAAAABYabgW/xDL3vhU1WtehrPPS9nPXNuzjH2d95ZkbHIPL0rQAAAAAAAAAAAAAAAAAAAAtwNiI82OCeOPl2mvwdzjraSmywlYlAe26o+dZnsoSfU3n8nfSR5aXpUWIJ1uExw+iXL+nFwAAAAAAAAAAAAAAAAAAAAAAAAAAAAAAAEJmnzmaaY6eWGRodtGCkSl2pJtLfLamVn5fsUvrQAAAAAAAAAAAAAAAAAAAAAAAa/YCPNzaaazL8TB883xNP6ZuEYcF6EOBxT6A52Sfsnx9KDv8AG5nQ5rlbjWHXs35/6yScAAAAAAAAAAAAAAAAAAAAAAAAAAAAAAEV+dp9DCVSfT7g0uqysY0HRIB18yJrr9mAAAAAAAAAAAAAAAAAAAAAAAAAAAW4+X5Goxt3qDF8M6xbU4+2xlfDS7a9bkkE+h4Cryf6O4TGT7PisH7Gc50vRYubnpfCM87SxMwoAAAAAAAAAAAAAAAAAAAAAAAAAAABjZMdPnHfQ2fkhygjus2mmN90qMz82YAAAAAAAAAAAAAAAAAAAAAAAAAAAAPG+8ajE3nkaTwzfIwcLbeBrvHM8SEQHu2gPnOY7aFn1ZT5M+kjB1vTYqQ7r3Ndad7c86IUVoAAAAAADXGVy6AdZJVtOIzsmatAAAAAAAAAAAAAAAABBpzyo4R0/lvVSU4my1ZpdVm2HRZvFZgVAAAAAAAAAAAAAAAAAAAAAAAAAAAAAABrcCRWEd88zwMTHzvM1N+dgGr551bEOARnt8DJ/wBh+Mp0d3ik6HM9nm4B13K4R1c34AAAAAGo29T5ujH1Fx4lum4/2E2nSudx47Qw8wAAAAAAAAAAAAAAApxzr/GDjnUeS9XJfr/WpFMtjnXZRot4AAAAAAAAAAAAAAAAAAAAAAAAAAAAAAAAV1G2sNBTNxTF8szwNbjbfFNdFZbacXinfYAQL6V+fY6fZcVivXjmWtnUaN9P+Kep2imJlgAAAADw9xyzkf1ZCzl/T+PYpOOj6qLnYUCnoAAAAAAAAAAAAAB5cX7X83EW77xbuJprc7QmZzDrPMjqfRvmT6INmAAAAAAAAAAAAAAAAAAAAAAAAAAAAAAABWgrrdiI9bt9YY3jl2LYWv29iuvwthQ5rEu5xM4L0THh59dY3yz9Mkcw+ixAi/VOfak72510Qq0OlJw12xAAAK0CPca+htafLvbdDzg7HiYsmJp6cw6MZIBUo13Mzrr57nB0xjZRQAAAAAAAEc+VPorhRpfof5m7YT6OS7QF8T3/AKHIu68Wmx3B5eoAAAAAAAAAAAAAAAAAAAAAAAAAAAAAAAApUU8/UaHykWoMLHzPNbGxc7zVwK5OGaHm/atScFjnWIqdj6J8TdiOpRnpmmIHkz3TkC0HSsE5z2SARg+pq8Q7IZYAAFaDx5x02h83Z3aeVHQIvBeskk2vLrzoPNue+B6NhlmJmbjfGr6dFsU6EwM8AAAAAAVoOfcr7XzU4tMNFtT6E1HG+SH0R6/L1T6V9fl/oZ9f7/n8/AAAAAAAAAAAAAAAAAAAAAAAAAAAAAAAAAAANVhyHUGH5e9i2LZleKuvs2WAeMDn15wiJ9+gJqO+fMe+PqjCiE8taPaeZaqrQ6OS2K8s9Z5Djssl+WetnSlt5QAADHwOQmx0mozzx10l8jT7PZyM1Ej2AtxsTFPXG3spI9MNP4G/AAAAAABgcz6zzo5tzKe/PZTIpaZ/ni45f5+uuOs/aP5yfoUbsAAAAAAAAAAAAAAAAAAAAAAAAAAAAAAAAAAAGDrJDqzAt9LTFpkeZg4O48jy5vPoCc0xN9gGt65yXWH2bk/OPbzP1cowlot57bWqxSHdZ1Zh9g+dMk+i2g34A1G34+fGkO7vtD596nJIsfTu++cPqIvyPHVrZWt2EoVjUryIkSuCxrXlfTXYB9I+kWlAAAAAAAisq1h8act6bzc2GLb6Hhk3Wl2pv8zdfoH8qfYJeAAAAAAAAAAAAAAAAAAAAAAAAAAAAAAAAAAAC26tDG1OztNVZleC2NbkWo1kPmMQRgwfpnmcgxpnGSNyzWak+lZ18jdjOn63Y5C0QpvdOrgQvo3gcl7FD4efTVvGteT7luJtDWbXb7k0u82uYc35f9E/NB9ISnnE8JBGIXgmXra4Jka/Fxy2mzkRKehQ+YlAAAAAAKVHDfkb9DuSnybjdC1hE79xkkXmHX/o8xJAAAAAAAAAAAAAAAAAAAAAAAAAAAAAAAAAAAAAAC24avCkOiPGz1tW8IRO9WRLL8vFXKiMt9TjWF1KCkas2uOdQ678e9HPorWYm+Wi/ps9arix6T2nMsKc6oydnod4e+92+4KemPoTe82yYofKv1b8qdVOs4/ljHlhbXbEd3u3yDDyfX3JBKdVtigAAAAAANLj+/iYVub4LV3ONuVQAAAAAAAAAAAAAAAAAAAAAAAAAAAAAAAAAAAAAAFKjW4e21JYCy31tW18bmOIrB8vYag2GuzMs5Tou1Qchmgklpkdz+aPY+x8HnnSFtRj7/Xq4EfkHsQXxkejPGQ6LXEujkd8jP0927ODaLsXAT6432w3Jr7szGMevvmGDv8Ab7AoAAAAAAAVNbZtRrvTMqW1qKAAAAAAAAAAAAAAAAAAAAAAAAAAAAAAAAAAAAAAAAY2SNBbudQW23Dyx8jFWx9Nu8VWPeubhGfZ4ZREoJ2vSHJ9dJ9SR/rkB0R9c7H5o7abjXSHCNZg7GpENdNtERvQy7yMveQCWnPPl/vfzufoFtMD2PbxrvjI21QAAAAAAAAAAAAAAAAAAAAAAAAAAAAAAAAAAAAAAAAAAAAAAAAAAAAAxskR5t9QW+GTathY2b5q6vwzsY17NwTK9MDLMWA9PxziXpMocRnP2GrO7dD+OOznXcDLyltH57HEV0OgnukNNq8z2OLTXfY5g26zlZ9AdQ+CLj9H3yV9WGSAAAAAAAAAAAAAAAAAAAAAAAAAAAAAAAAAAAAAAAAAAAAAAAAAAAAADF1Eh1JiW3C3w96WtgY2y8K112NtMQ1nln4xfkYPue8Yko4zi9a5+RyPy2hue3fK0jPqXFis4W0+Fna9WL6OSQQzuE6XqpzTq/XumnHZJ0XBOY+vT/cpUAAAAAAAAAAAAAAAAAAAAAAAAAAAAAAAAAAAAAAAAAAAAAAAAAAAAABU1WFItaa8Hn5ZFi2J5ZvirrMfbYprcXYeRi5ONQzsfHzSBxXtMSILpd95Gn7PyKanUcKORI9/n/B+wDTdV22cVwcbSGRqfTCNxII36kuafcAAAAAAAAAAAAAAAAAAAAAAAAAAAAAAAAAAAAAAAAAAAAAAAAAAAAAAAGDrJDrjX23C3y97FsXyzPBXX4+zxjAxtj4Gr9MjDNmxsk0cG6xrjn+Tb4mB89Srq5hfVWokRdpvDWlz02xhNj62tpm1wDz3+h2la7AAAAAAAAAAAAAAAAAAAAAAAAAAAAAAAAAAAAAAAAAAAAAAAAAAAAAAAAGu18hwTWLrS3y97VsbxzPM1/jsPBXW+eb4mt9MnEM7WelCEaKW/PZBvr3g/wBdEh8WIeFnhtjMzfHKtZR4HvjYkKrWbbflMwJcsvAAAAAAAAAAAAAAAAAAAAAAAAAAAAAAAAAAAAAAAAAAAAAAAAAAAAAAAAPLU7u00D18iy31tW8PDO8jExs7zV1vjneBj4G00JrPjz6Q44fQfZorJTPxsz1NFn7HHWpfje1npqsVVjQrpWtV5ZIfOPHftnwfsBtwAAAAAAAAAAAAAAAAAAAAAAAAAAAAAAAAAAAAAAAAAAAAAAAAAAAAAAAAWafd0I+ycYtt9LVvLwzPMxMbN81dfrt3oj5xyor087/qdpoTaSnlOxW6ddqcmz31nrzKtYb0DkOlPsDV8Z7cYkPnWOcf8ugRE6lLvmjo51Gnn6lAAAAAAAAAAAAAAAAAAAAAAAAAAAAAAAAAAAAAAAAAAAAAAAAAAAAAAAAYOskOCaxWhbZ62reXjkWmNpJD5K/Hs5lXKj6q0EgjBgKagl2yjcpPeGyvWnNIj3uCHL5RpcY+p9r8m/QBv8CS6s5ro+vQY8uxcZkR1Vq9oAAAAAAAAAAAAAAAAAAAAAAAAAAAAAAAAAAAAAAAAAAAAAAAAAAAAAAAAYuqkGIagFq4efjkWWtjfN30z4VrqdPJdYRfSyPTmvmmj2BJtBl5Bk49MkhvNe86M4XjyzQnYuq/HHTjtOnj/wATnTeW6vIPqD6t+CvvYoAAAAAAAAAAAAAAAAAAAAAAAAAAAAAAAAAAAAAAAAAAAAAAAAAAAAAAAADB1khxzTLrS0otZjZeMri4eywzDxNpeRq/eYhi5F+QTLV+2/Oe2TCNmh531nAOESSbcXOWQ/Z5Zqsvae53z6xiMuAAAAAAAAAAAAAAAAAAAAAAAAAAAAAAAAAAAAAAAAAAAAAAAAAAAAAAAAAALdHvrDQtpkGhsz8RbD8s2wwvPN81cWzNsMX2eoycelrS/wANBJK1hmF0SKGn+Wvqf5QND603JG/pXYdxKgAAAAAAAAAAAAAAAAAAAAAAAAAAAAAAAAAAAAAAAAAAAAAAAAAAAAAAAAAAArQK2XVNbr5Fgmot9C3jZkLMSzOsqxGURj+1PNEiyopvjC5l2kfNPYpqKAAAAAAAAAAAAAAAAAAAAAAAAAAAAAAAAAAAAAAAAAAAAAAAAAAAAAAAAAAAAAAAA8NRvvM0Tc4xrqbTWlq4WW+pbGu9tyrkgAAAAAAAAAAAAAAAAAAAAAAAAAAAAAAAAAAAAAAAAAAAAAAAAAAAAAAAAAAAAAAAAAAAtt9Kms8N1aaXJ2VTy9aAAAAAAAAAAAAAAAAAAAAAAAAAAAAAAAAAAAAAAAAAAAAAAAAAAAAAAAAAAAAAAAAAAAAAAAAAAAAAAAAAAAAAAAAAAAAAAAAAAAAAAAAAAAAAAAAAAAAAAAAAAAAAAAAAAAAAAAAAAAAAAAAAAAAAAAAAAAAAAAAAAAAAAAAAAAAAAAAAAAAAAAAAAAAAAAAAAAAAAAAAAAAAAAAAAAAAAAAAAAAAAAAAAAAAAAAAAAAAAAAAAAAAAAAAAAAAAAAAAAAAAAAAAAAAAAAAAAAAAAAAAAAAAAAAAAAAAAAAAAAAAAAAAAAAAAAAAAAAAAAAAAAAAAAAAAAAAAAAAAAAAAAAAAAAAAAAAAAAAAAAAAAACNRrLzfm92ppuWimmruUxpm5ulpG7GkbsaRvBo28GjbxVo28S0bejRN6NE3o0TfDQt/U0FJFaR+u4w4Ya/HT6VxvIz6a202bU0Nu1F5tGqvNlXW+hnMS8y5/yzpdWb4+2l6+fUWt7xNOib9700DfjQN+NA340DfjQN+NA340DfjQN+NA340DfjQN+NA340DfjQN+NA340HtuYtm9Z5XCzfocXlBJnG+LqwXRBzt0Qc7dEHO3RBzt0Qc7dEHO3RBzt0Qc7dEHO3RBzt0Qc7dEHO3RBzt0Qc7dEHO3RBzt0Qc7dEHO3RBzt0Qc7dEHO3RBzt0Qc7dEHOZ7EZLCG7LW7O8B3clFbrLblQpdCitAqlSoBAAXFr08D0RvTk/18C9iQ4FnsnC8dzkmg95H7Ecuk3rCMZEo9IRm2U2wjaRYq2qx9t5GvyvXJVxaZlh5rhpegwGfcLZm6Td6TpZ9dIo7IqKjpZwAAAAAAAAAAAAAAERl0R42qVZuFm7/ADw41JY1yNM2HdyAAAAAAAAAAAAAAAAAAAAAAAQqSRyR8LXDNnrNnaA7+QXQqBUAC6kqFxbcrClceEk8jMG2aa4m/wA40uw2+eaXM3mZVosvb1hgZGQWtXWFrz8TJsw/IzvPXYhsNbr8GG389PbLdesctJHi6HwJLWKJSLp3Guy8HVm6Td6To59dIo7IqqjpZ1aVKGInKcyjVXcfHgMcT9QZHxpnS+wLfmaQneHPZ7Met1LlqFQUKgpcQpWgCRSpSHzCH8bTKs3Czd/jhxqSxrkaZsO7kAAAAAAAAAAAAAAAAAAAAAAAhcjjkj4WuG7TWbG0XW3O/kVIKgutuAAFaxElPP4nvE6nf7HPMTNzdjDD2mZkw8vdfBS/xi1PPwxzK8cDGluPPUUNhi+Npbj5/uaHDmHoQGzouQc0u6Zcjmd/RxzWzpPmc18OnWHOuwwSd8LXm6Td6TpZ9dIo7IqKjpZwI5xWf87i8WmkMm/lObFpfEpQ7Kxc6Yy/H38JmydQLfWj6f8AaPyEsvJKVAoVpchRWgEgKQ+Yw/jaZTm4Wbv8cONSWNcjTNh3cgAAAAAAAAAAAAAAAAAAAAAAELkcckfC1w7Za3aWgO/kKoAXALhb44fHE7vW5cil4ba7OqtzPXZHjsbfetq3+dp6WeOIbHGw8Y9NfTDPZq9ciU5MBwk9Rs5jWJn+sj3ue+vyxhY+4uNM29ZjT121DUWbew0/jvbTx7hx/sPC1Zmk3ek6WfXSKOyKio6WcDmHN+j86i8cnUGnflOdGZTHpc82+p3cxXGzcazF3el3Mu/SqFzWVQAKVoXKXQtAUrIBD5hD+NplObhZu/xw41JY1yNM2HdyAAAAAAAAAAAAAAAAAAAAAAAQuRxyR8LXDtnrNnaLqVp38lRBdbcCpXTenCKzk77wkt3rtfHZVX7G7YVeeTfetQ8VaeHnrDO1+ojSZfqYR5J32jz880Wds/EZWB4G689B4Q3/AIx/xltcbS40JCjdEyXzjVpJ0ZpMSVFxKEXsOld2+dPovhas3SbvSdLPrpFHZFRUdLOBzDnfQ+dRfQTyCT/xnK0Ujjpzrc6Te3i/x9vKzXbzSbo7bPeddFsrWlYW1tukKwqULa1oUqASQ+YQ/jaZTm4Wbv8AHDjUljXI0zYd3IAAAWw0miCaE6yws0AAAAAAAAAAAAAAAAAhcjjkj4WuHbTU7W0VK9/IEKqh4e3GYmP7DRTE2G7125MzZ4+zMjLs96q0eAwPCEp3UKjmSY+ZuspOFl+eEZuLr8I2OLqNaSLGiWCmXYUZtN7iYfojx1+9vlHLJb6IhtJ3eQRPakAT+wgKeeBu/qX5w+juDrzdJu9J0s+ukUdkVFR0s4HKYD0CBVtH5/AuheNs3QSLQy5lutPvLx6YuZjzXU7nTbq1uudO5P1iVQWX0qVUrAVLvO60ACSHzCH8bTKc3Czd/jhxqSxrkaZsO7kAp8edk5YR76glHyEdNietkdJiU+4ln6/Lr3ffjvsWb17WJgAAAAAAAAAAAAAAACFyOOSPha4btdXtJhWjv5KgrW2wjfztKo6tLt/qd8jYbbWbiG52uFtD0upZVZqfXlKbor6yswNtdhJ9MTG05s9Zo8eWXq9ts0RH1nOdKB7CbZSIVmTD1lEsmU3kYvlNyIzdJryM3SYRqkmEatk9pF7ZRZLU9n5V1X5/bm6Td6To59dIo7IqKjpZwOVwabwettF0Tn3RfG2boZHp5cq3mt3l48cfNstWNbnV7abdM6581ShHbnFPZPZK8Zodnceyzq9cXKKUrUtAEkOmMP42mU5uFm7/ABw41JY1yNM2HdyAfJH0t8ZfXpIvmbt3AonfxTbaT2p23gv1r8zWrZItzKPK/UnM8mJ6UIAAAAAAAAAAAAAAAQuRxyR8LXDtpqdnaL1jvZL1g9InKOQxPIJZz7pVkk3eq3UNjusDdQ2mZiZhfiZMZqh8Ismc2s9rtbNbdLjUWwEm2Ssb2cgypaXM3OQafI2voa722HqjX+ubeYF2wGFflVhiMy6WDdmDDtzBh25wwbM8aLpHPug8Dbm6Td6To59dIo7IqKjpZwOTQ2bcwrfD13NuOUnt+l5TNZZ+0974bSVQiQkj8sjm2jPO/XldNePq7k9DrF3JPaJ6178dYOh3vec99lvpOYfLX1MWiQSQ+YQ/jaZTm4Wbv8cONSWNcjTNh3cjhXdfjYlUJ+1fmozIZbu4tCIJ03W9HN2LjGZ1PL6SBjyul4v659Ebedcmzqz0xySUEzEAAAAAAAAAAAAAIXI45I+Frhmy1uxldad/HVS01/D+s8Vrbn/TOX9BtMzkUKmSsn2mBtIZ2Tj+xbx3qXGDY72/VGPotptpafb7DONfmZ3ujD98r1PD09vQ8PX1QsureWXLi2t486+o8nrdLyp7oY7ISx3tQ8rPYaGfQOefP7c3SbvSdHPrpFHZFVUdLOBynkXXOKedvmbUXUW6l0iO7SGHJuVbmrovjpfA7dy3qvL+nyY9TLs7HDx6ZKaYtmZbLUe+FHPn/qei5PN9xn2Tv7E+K/ryEjFoAQ+YQ7j6ZVm4Wbv8cONSWNcjTNh3cj46+xYKTH4px/oo8Ocdm4DFsLqnzL1PV4wv6V+cfoiW3zPTxz+kLkHjrzyyca6Y88ig61tudbisyDK5ZmHS+XSj5d0eHVpj85yzV4fTWV86zzHp6c1+w8PUAAAAAAACFyOOSPha4Zn4GZMXrbe/kupSwhXH+p8hi0T6RyXqKegSCGyYkm7j23V3GRr8s1XLO3R8h+vzdgYufk5UsbJ9fVHl7elYWXXguuLa+gpdbQ9K2C+2lC5ZUuWJXrUKVoKqUL6UtNPO4FPeBtzdJu9J0c+ukUdkVVR0s5SpyXifaOO+dvk6qq3fdpibOEIl7cQyfP084dR5h2Dl/T5GBqVOtw7rFvr5XUtrDLlkX6t8/wDU42n6Bl5N3JdtK4nEbPK1ebETnoXM+mesofMIdyNUqzcLN3+OHGpLGuRpmw7uQADG+SPr+Knyxz3umk9IhP0RxzrcxdOuddOrOJB5VDYm+ti1fW6l0Wz/AAydQX8I6b899PBlanz8eng3UghXvNOuenJMPx9p9O+IVR+he6+EPuridX1Gb3AAAAAAhcjjkj4WuGZmHlzC1Z38jxvwkwDifV4TW3M57D9rMdalMHlaZft9Buldxma3YHv5etSFZfnkHp7XXosvAuvLLqhdSoVuLK+qXk9bjwe48HuPB7jxp71MevsMemVQxqZQjU8hE3+f25uk3ek6OfXSKOyKqo6WcDj3J+scs87fIPrNLVutZuTjQ8tjhbGrY4mXu0TXl3XeP9Lkxy2lnc+brRRetLhkzbmub8/9T1uSc82+LdL4hrO8HIszt996wydE2Q+YQ/kaZTm4Wbv8cONSWNcjTNh3cgAAAEY5n3PGOESTRYto2eu32imcqlU096+WbF8nCpno4xHo9KO3zNZHOjeFqcp8OiQD38sDxaSPSV7CDy/zZH2p8ndzz2+jBxesAAAAABC5HHJHwtcM9/H0mK2Ut7+RE5RBInUxuYaSt+Q62VRK1OoTXm89Wmm70O2V3mfGciqU+mj3pgRiaQyzf09CLbrha9KnldelStwAvWVFywrdYLwChVbcAAVrbUj81hU1+f25uk3ek6OfXSKOyKqo6XgrQcc5r0nmvlb0pRC+AdB5bE7XZTLmJ0Xx9vFHQ+XZEY3YPGmFZ1OPsLcAtn242d53jWu6jZyO7q8jy2nh7432HwD6Q9IorS0BJD5hD+NplObhZu/xw41JY1yNM2HdyAAAAAR7eeo13DvoKNnz/M9Jm3jJ2+ukSY7i5ejtT5C3msv+l4vQZVxfceXpOeTSaHpwsTE3WHZutv5xjdgrKOd5GLX+puz5N1jl7bh53AAAAAhcjjkj4WuG1tTC2lvfyYMW3+iicfT7/SVtBOfdVlVq837RseERbtMB5tI71ysnDyyczT5y01X2LbyvpVZydhqdzaLLryLL1pdYSFCtAqoFaBWlS6tgrQAAF9grdZeR+bwibfP7c3SbvSdHPrpFHZFVUdLwA4zzqf8AOPOchz9S3QuOde5WTuB9Z5mdM8bedHRrOfdDPPOypR6RDLJ5Ugt85y5QB0vLIFIu0XkdkN1BbVKgEPmEP4+mU5uFm7/HDjUljXI0zYd3IAAAAAAAxMsUjMnHD9V1CJelfhzOvxPouRm+dfT188PR7rS+PvjSeN7/ADevXNDPolEcMxs7Gz6PvLuvFJtj9Jshcq8PbKAAAABC5HHJHwtcMtutssLe7j0uq2esT5avc5tbX6/ffL8xfv8AD1l48PfxRPhZu9RE+k7hmkmuf2OJc3Ps2Rc9l9W1trSYWqClaSUoKqBWgqBdbUqoKqBWlQAADQziDzj5/bmaTd6To59dIo7IqqjpZwOHcu6lxvz9OVel+RDp+giOTWfo7l8c0pP+Nbz1tGm7fx3pcpz9PfMv05aLLqVlQAFShfRaVraAEPmEP4+mU5uFm7/HDjUljXI0zYd3IAAAAAAAAApUfFvDf0u+Purh4v64lnWw+uo2evy6fGQRje+UzWC3aCt79hqOz+Ht9NPfT8/RvN1E9pEzeT8z20JupWAAAELkcckfC1wzy9fKTzus7+PX6GXQ2Jy5Fq8+tuFY0S971yMW2TJxPL3i5n7+ESE9se3wRFelRneyzvo75A+rfNOLC0WFBbWkhYAXLbioFaCoAKqCqguAUqaGcQacfP7c3SbvSdHPrpFHZFVUdLwK0OJcQ7bFq24VmyjPpOhy5nsoQfY+u3hHYv0qOSgchzN9ZKPpP5u+kLxbcAFaApUKXUKACSHTGH8bTKc3Czd/jhxqSxrkaZsO7kAAAAAAAAAAUqPmv5P/AFDimzw/N/w7bxDoZsP2U8ffP1e9+n7efF/sGzy52rTabJjPheXbSOSiUWlnNphnt17Z8c6V6xuhaAAIXI45I+FrhmPkYloLKd3JfGJJFJnfQadcbpOj0m5556RJdh4+sTqZ5FoTCc4+ilx4YmFspYediZqIx9c/In1zSZp6WrVpRQUWlBItFylRfZcVW3CtBWgVABVQVUqaCcwadfP7czSbvSdHPrpFHZFVUdLPWgcO1uw1Nb6TtHE+0+Ftvq9tpUfPm6isltaaW3+N6RbBz9eSb6V+Zvpm5S6hb6WXFFBW+1BbWsrVKgqUh8wh/H0ynNws3f44caksa5GmbDu5AAAAAAAAAAAAHO+iD470n2/T1rzfpJ52iUOmMIlH+L9qgtUrzaR+l9fMeSzHB7TvZRKRavGdS7juT6V64PSAIXI45I+FrhmHmYkx5W+lneyY8ZkWhmd3xrsfOKWh8DlEQ9KyPX2b6J0U20FEbSPb3RpyMzZaCGDJYBL7R4/TfJ+vUTfx9fOYpRQttvsLRJdbUqABdaLqgABVSoABoZzBpz8/tzdJu9J0c+ukUdkVVR0s4xzhuoyozW7rHMtl4z0zVQzXy5xuNFlXdBzoNWa7vE1nkma/T3yh9EXSZS6Cl1pVQXUutFaVKUusKgQ+YQ/j6ZTm4Wbv8cONSWNcjTNh3cgAAAAAAAAAAAAAAGvjsyHDdV9AeJxHRfR/L6z88SORxjm6dxuI9ILVzt5HZbo8+ujV5gQuRxyR8LXDMTLxJedHn38eJp9pqE5+ZopLS3xlJcjN9K6H1wqQmEfyMk9vTC9SyMYnRz05BvOtnUJhH5/VZbdbMWUupK2262FKUrIIVrSsgLioAABVSoABoZzBpz8/tzdJu9J0c+ukUdkVVR0s7hfdOGGmhUx59T0+gZRx/d+E9Pw4HqL15DOOO9EtPQvHE8pj3jHtqpe8jic4vH0Jm6/PiV9txSgVpUW1rQrQAEPmEP4+mU5uFm7/ABw41JY1yNM2HdyAAAAAAAAAAAAAAAAAAaTWy2lXOudfRXnS3A+izf1mA9IAhcjjkj4WuGYmXiWeXn7W93HqdXtdbM+OwwPGEz+NPraQ1n5dx9hA7xot7vM6US2ufoid871XX4evc9RNKzm59E1WVoUtuoUsvHnS5KitxauFpcK2XFVBWlaFaVqUqBS8tXCPzqDzj5/bmaTd6To59dIo7IqqjpeDDy6EGj3Wqp4pn9dVcvp1KiPn2X9TJ554dLHKtp0FKMyWqVy0m9YRctF6wXrBctF9LRdDpfEONqlWbhZu/wAcONSWNcjTNh3cgAAAAAAAAAAAAAAAAAAAAAAELkcckfC1wzFyvG8eNvtidzJqPHKsmcPHzvAw83z8oTbFhePFtBAOw0R8/W/QOZE8w6nupRK7ZeV80vLi1daUpclbS+0tXC1cKUuFFRauFFRauAA9Cy/3tPN6CNzaGTP5/bm6Td6To59dIo7IqqjpZwAAAAAAAAAAAAAAERl0R42qVZuFm7/PDjUljXI0zYd3IAAAAAAAAAAAAAAAAAAAAAABC5HHJHwtcejnUHrHL7OpvK3J3WBye3rQ5G64OReXYhxh2ccdyesjl3p00c1u6QOcOjjnDo45w6OOcOjjnFOkDm7pA5u6QObukDm7pA5u6QOb16OOcU6QOb16OOcujDnLow5t0L3bPFqtq2efONhLbOJqiqVPSsVSoRVKhFUqEVSoRVKhFUqEVSoRVKhFUqEVSoRVKhFUqEVSoRVKhFUqEV1HQb/K1ck7+TH530ynO9oLSdsvpBE7EETsQROxBE7EETsQROxBE7EETsQROxBE7EETsQROxBE7EETsQROxBE7EETsQROxBE7EETsQROxBE7EETsc06L7V00DqZwAAAAAAAAAAAAAAAAAAAAAAAAAAAAAAAAAAAAAAAAAAAAAAAAAAAAAAAAAAAAAAAAAAAAAAEPmHDjuMQgGgOyyjlUYO+QCHwU+qXHeunq4HnHbnKB1fA5hhkkk3F8Q+j/T576GdBRuKHT3CJQdPryHDOo7j5dkR9AOL4J3aCzr5iPp6nEdudXgGn5wfT0Gg2gPpGAQT2O6OF7U6+AAAAACIQrsnCSX9H4Fed6c7jJ2qMSfm50hw/YHYHD9gdgcf2J09wDvhe57oTsDl0bOi05Xnnd4xJuenQnDexGwc99CfOH60+gnJMM7O5TinYMblPLT6GlfztnnegAANfsOEFnR5TrTd1+L96fWVvLOYH1NZ8zj6X13z55H0Tn/Oc2OtWX/K59TOGXHc7PnPbHerPnu8+hOU6W87ZyLrvCDvPlw7Sn0db88ac+ovPicIPqa6E457TT5U1h9f2/N+nPqyz5v059T3/ADj9HAADhfdA4X3QcI0v0jyQiG33vVjhnZc4fN/t9EckIBsfoi8+PJL9OXHzDL+3iAcD+nIYdS5D16p82SftlD496D3+4+a4H9nUONbvpofMX07Q+fcH6QtPm7D+oKHz3g/SNx85bnuVx8hdd69UqAAAAABwnu2Cchx+z0Pn7J7/AKMkfCe7YJxevZxxh2cfKfWukexxru+DnHzRk9+qcJg313Gz59mXYvczuKdrwj5863kywgvLu7+Zyry7LQ4xg91wzjfh3bwOMu1eJyazsPqZwAAGh3w+fZ/0QcGk/URH+O/QQ+femzUc2hnfBxTP64HK+qD5lkfTd0c30fdByiN97HMYH9FYJ78w6sOTaDvA5S6vQ5NzHvkEOrbCtDhVe6CHxfrA5d5dWHKerAAAAAAAAAAAAAAAAAAAAAAAAAAAAAAAAAAABWgAAAAAAAAK0CtAAAAAAAAAAANYbMAAA1ZtAAAAADBM4Bq9oAAAAAAAAAAAAAAAAAAAAAAAAAAAAAAAAK0hJNHxp0c+gvX5jkZuuvfJf1oUs+fNWfTvl82xc+vacLtO6enxXKz6mv4Z3Is9PlSaHd/Pi0CPqGLxeCn0ff8AHP2GXgAAAAAAAAafcQ40npFam22kJ9yfayJ+xP8AQx0aL12nuZ/XedbkyorXlB2rVx3yOhcLmfgd8isq4oTbO+fZmbLPjGoJbla6NnY4xD+iHIOwQ33JCivkaLqsF9yF/UnEe5AAAAAAAAAAAAAAAAAAAAAAAAAAAAAAADknWx86TTq45Ri9hHzR9Lhyh1cci3XQxzDO6DU4DNujiKysOTaXuQ4VIeqDleg7mPnjo3QQAAAAAAAAAj8gHM5JKBFKyoQbA6QIXp+m0IhregjT+2zoQyM9ZEXtlQgkd66EOmIjXrIBx+aSwc80nXhEtxtanM5HKBx+D9elBpqS2hzroPoAAAAAAAAAAAAAAAAAAAAAAAAAAAAAAAAAAAAAAAAAAAAAAAAAAAAAAAAAAAAAAAAAAAAAFQUAAAAAD//EADsQAAEEAQEHAgUDBAEEAgIDAAIAAQMEERIFEBMUITEyIEEiMEBCYCNQUQYVMzQ1JEVScENEYYAWcaD/2gAIAQEAAQgC/assuIK4griCuIK1ss/+gnkFk9sGT3xXPunumnnkdcQ05O/f1sRN24pprUjLniTX/wCWugmsA6Z2f81d8IrICi2i3s92R1rJ+/RZXVaCdNCTrliXKOmprk1yS5NcmuTXJrklyjrliTxEy0l6O3Zp5WQX3byC4BITYu35b2Ul4B7HdMkRuXfov/6aMnTVndNUQ1WTQMuGywywujLiCuYBc3GudjXPRrno1zkaa0CaYFqZYZ04MngZ09NkVJFVJk4EyysM66t2GxIKC+33hIMnUfyiS0AI7pl4lkvLosO6au7oaqaFkwphXRkVkBRXxZFtNFtIkV4nT2nT2HXHTzrjLiriLiOuK6aYk1k0142Q7TJkO1v5DagOgug6YxJODOiqs6KoigJt+n+AtSRqO8Bd2fP5G74Ul0W8TlOTvhmWXTRO6GBMCYVpRSgCk2gI9pNoGSKYy7u6ck5rWuq0kuEbpq5rlTXKGuUNcqa5c1wTWgl13dFpZcNaHZNLICj2kY949qMXcLQGujo4GdHVRRuO5wyhI4vGPaLP5iTF2/Hs4U11h6CRFJ5dGXV0MP8ALBhMKaNFJHGpNoN9p2TNO6ytS0GSambptnfy2zxTUgZcsK4IrhstDLSy0ssMsMtLLQyeNlwRT1hT02RU09UmXDdlh9zgywQ9o7kkah2oz+QTgfYgZ0ddFC7LCccptcXUK+0RLDH+OTWhjUkpy92wy7po1hDl1w8dztiHjJaIk7/y5pmIkNV37jTZDAzJgWFj0ZWVqWpalqWtlrZaln1aWTxM6KuyOsnB2TrShcg7Q7RIe8N4JFhnUkGUcTjuONiUc8lftXtDO3T8YM2Dq8txz6DpTMmBdk3Xs0bD5HbYegnO599a6l2Gq79wqsyYGZY3ZWpal1WHWhaFw2WhlpZaWWlaVpWllw2XDZcNaVh11WVqbdjc7M6KBnRV08bsnZaXbtDeOPvDfGTvhnUkCIcbnDD5aC/jpIz56/i09lo0TvK+STNuyhhz3ksjF4nO599SaMjUdXHdhZlpTszJ5GbtknWh1w1p34WFpWlaVpWlaFpWlaX+RpZ1oWHZallk25wZ0ddFC7J0447V75B0eGyMqkiyjjxuIMqGcq6hnGVst+J2LmPhBm93TCsoWc3XwQt1msuayhjc1HWZkw4TCnNm7andaP50rCwtK0rG7StK0LQtLLSy0smbG52zu0MtDLhsuEnjdOKx6dK4f8Zx33YyjgZ0cLinZM5RdWqbRYuhu2rqxxJ2TssFE+oK10Zuj/iDvhWLevoIimZdk5KOPWpJhj6CTuXdhcu0ddMGFjC1rusLC0rG/StCwsfROOU8f8acLCwsLG7SsO29xypa+UUbiiDPatfKHoUc4zt0OJEGFhHF7tWv6fhkZ89fw53wrNp5ejAOEzJ+iclFD9xTWfYWZDC5dxBmWFlYymFaVjewrS31WlOCwsLG/GVhZ3FGzqWvjsY/yBlA+WqbRY+hOLEjjTijjyobB11DOMrZb8Ld8K1Z4j4YRQsndESii+45p+I+GEFHDjq6yu6YVp3MK0rSsfXOycN2Fje7ZWMLKdsqWDKON2RB7tU2i4dDGQZexxohRCm1RPqGtdaXo/4Vcs5+FhZCyfoiJRB9xTzvI+GjDCCPTu7phWNzNlMP7I7Jw343uO+SLKlhwijyobB13Va4MzIo8ogTiij92q3tPwyM+fwi3a0/CwjlCKfoidRx6ur2J9fwjFFhAOnczZTDvYP2hx9GNzssY3EOVJXRj/PWN8jT2jq6Fhj7FGnFHHlQ2SgUUwytlvwWeXhss63ygbcZJm1dFZm0/A1eFAGncw79KZsftWE4+jG5x3yw5RxYRR+7VNoPF0KKYZmRxpxRgmcoXyNa203T8Ed8K5NxCwwChZE6dOfAF3UAa3y8YY3CO7CFsft2hO2N+NztvOLKlgx2OPUopjruqt4Zm6kGUQJ2yijx1avd+085/Ars3DFR57oG3G6Bsupn4p4aCLG6MPdaMOsfuJt6sJ2xuIcqWBHH7O4lE+RpbSz0LofY407YRxZUNkoHw8cjG2W/f36K7LrPCBkLInROjfhgqsfumbCAMpmx+6aWWlO2PS7LKdlJDlSRaUcXu1W+8b4KKYZWRxogwnFiQuUD5avaaX9/tSaGUfxk5INxpurqd9RYUAYZM2Uzfu+E7Mn9DjvOLKkgx2ki1qKc67qteaVupDlHEn//AC8eOo173sf77tObooBwKBtxoemVGOokDYZRjj95dsovS7LtuINSmgRh7PgoerUtpezs7H1Y407OKINSgslD0cDY2y370b4ZXi1mzIECdEifoqoIBz+9u2UzYR+l2xudsqWFHHpUkOOo1L7h0eKYZUcaIMLGe7OUL5aCw0rfRk+GR25BdRTDK3T9ksF0RPqlQshZOiRqAcMom/fXHK0elx3YUkWVJFpUkWpRWSgfrWujK3Ugyji3acdRr3M/CX0EsnDF3Ue0DAn1YGZsi4FE+Rr2+J8JfsdslF1N0CZHufqSBuiHt+/kPpdl23HHlSwowz0dtUDqntHPR+h9jiRDhEDEobJQ9CA2Nst86cNY4U1ZRSnWf4YZxsspYMOoLjj8MjPnq37Dbfo6g7ugXsjToepIfwLHpxjcQ5UsCIMdziceo09oOPR45hlZHGjjwsZ6OLlA/SGyMvz5ItasVcJxKN8tWvtL8Jy18qKUq6jkaRst+wXPF1X7oHQv0Ro1E3VB+BuPpcdzqWBEGFJDnq0Foon61rgyN1IUcW4gx1GC5nofziFi7z1VJC7KpeeP4JDjY+rfFC+RgstL9e6ueLqDugZdkwOSlDCgdQt+Bu2U4elx3nFqUkOEcepaigdVNoZbr0Juhx5TtpRAxKKwUL4IJGkbLfN7qevlTV1DZOuhIbDZY4XF8tBb+0/rXV3xdUq+sk0TAjZRlhTsjdwfpSsa+j/ghD6XZYxuMNSlgRD/ACUTx9RqbRx3CRpW6HHlGGE/xd2coHyMFkZfnyws/aet/EZFE+Rr3BnbDy1lHZKF2EmfP1t6xn4WqSYXdke4urKUVXLDqI9Tfguj1O252UsCcdKmgz1atceJ+sFkZWRApI1nCOP3Gtdz0NHZAO/9wiyglE+3yjiY1NWwjB2VS/8AZJNFq6tFO8XRxJi6t6DlEO819/ta1Kob3/mJsTZb6G0egFI3VRFh1AWWTsiZR9eimFN8JKqf4MTZWMelx3ywalJG7KSJjQSnXdVL7H3ccqSFY0oouIvixhECIEJvGq1xj6P8pxYlZrI4XFusFsq74dxGVsi2qF+kUzSdkZsHee/7C5kaYUzLSotQdWjk1t9Db6up23U5E6NkCmFSMqppvwcm9OF23SR6lLDpRNq6O7FD1altH2cXY26EGpacIgWEQI404uKrXdHRwNjbLfKODUpq7iopCif4YZgssnHQ+WkvY7STOaEUzLShiTR7tWOrRya2+gmbq6nFOyqHh0z5ZSGLd3txiv7jE7df05uwxlG6gLLfhBD6n6bnbKlr/wAYUkGn4hqWybooJ8rutKId2Mo4kcSisFE6gsNK3yyFiViJs9OkfVEbktKYEwoY8oY9zknJd1DG4vn6CcfdTMpGUAP3U20dPwgU7l5cROa6P2q7UOv8MtaUXw4/hBN6nFZ3S19XYh0ounaCzpUFrKzqTsiBY3FGpIUzuCrXdXQu/wAiWcIepzbaj7DzbSdmBYWEIIYkzYTunJd0EOUMbCpJmBQ2Gk+fKOWUjJodT5e3b1PgXfV1WMdSZ/4yJJxx0cXz8D7IsaJOC4Plvwkm9TiuyZXn9tzghmcFXuIJGJYTinHc45UkScHHtWuaejgbG2W9M8zQg5PcunZJ3fS7ptQqptNwwJh8bZYY0wYTpy3BFqQxMyI2FS2s9ifKjPQ7OmfPz5B6raM2gdAvjswt7rDronw3RN1+Fy7sgLEwO0P4U4ep2yvFTBrfKIMbnHK8FXt4UVhiWE7Jx3d0caki/iGy8bqCw0np2zGcsbCLbOEO7VGR0lyDuq0klJ+oGxixM5p3yhByQxMycmFSWf4I3LdlO6pnqj+fYH3W0CzMn907pvuZ+F0WpN/K6ESqjxbAsoW6fhelk/pk7OmRx5Rx43OyxhQWMKC1lZynZEKxuIcqSFCTxqtcYujrOFNeEO0lg5kwJhQwpo2ZWY2dnVG3wC4ZMGewQ47u7CpLP8HI5bndOSyu6o9Mt8+Zsi62mPDlYkbaX6j/AA+l1hMGO5Pq7OWhlsSp97s2PwvC0J/RJ2feQZUkOE7biD+IZ3FV7SE2JOyJk7biFHHlOLh2huOPRTWCkTR/yIphTNhM2Vw1wMralV4XytkWxOJmc7OOxSuW53TunJd0MaEFWbq/0G0KXMC4rqD8OV4nzltZstZv24bv1cjYe1CgVgsvXrtC2G/DSHHodk7Y3M6ccqSFEONxDlBI4KvZQSZTsiFYTIhRAiDdGzEuGmBBGmHCytS2lG08bsoZnrnlCWtmLc7p3XdCCEFpTKDu/wBBIKu7PGfuey5Y/HgzstMnuNGWRVNie5xQDE2B/D39BhlOON2VhSRZRhpWE45WXjVa2op2JP1TinZZRNlECwtP8Rz+zgLF2YcIpEUieZSyZV0PidbLn1Bpd33MGU0SwsbmZRDhvoC3OOV2QwAXcY2Ht+IO/qIcogxuzuOPKkhxuxlOGnq0FrCgs6l3TsnFdk7ZRCuyf4kBPH2a77EUyKROaIlbBUZNBoR1IYUw+kI89/oC3uo/xImz63ZEGNzPuccqWD+N0kX8QzuDqvbymLUnZOy7LGUQJxWUYoX09ETpmyhhV6PAoPhNlAPwt6RByQRsP0TitC0LQ34oQ59boh3M+52UsGUQ6dxBlCbxuq1tBKxLCcd5AiFdkQLGHQRN7YV/si8mUHgO/v0YYWbv+VkOU/pfc7Z9MkWpSRadzjlYcFBbUNhiXdO292RguycNSHVE6GVjW0pWDoo34hszR4EWXEb28lGH5cQ5+aQZUkGF2XdHFjtDYcVXtZTPlOydtzsiBdl3Rxfw+yNZajjrxQ+L9U3wps9xr2WPp+XkOfQ/pdsehxUsH8YxuOLKCR43Va4gkYk7J23YyjBaVr0p3ysKayEXeTahl/jeeY+7TTR9Rp/1E7PpnA2kZiH8sP1YWE+52TPvwpYcowcdxBldY1Xt4UU+pd07LCLqjLHRkRDG2Ss7SKToENIpfiOGixdBi2Xny/tsaPY0JqvUOj4/lpD6X9Lsm9Bx6lJC47nbKKPT2gs4UFnK7o39kX/4dWbQwNl3OS4Sr02BQ0fchFh6MnNkJZ/MHH14Ttuddt2dxDlSwbzi/iKZwVe25Nhs6UT4Vq00bZUccl6RQUuE2kYKzR7iPCI8p3QPhCefzBx+XjG7KZP1UsGU46dxR6lA3CZcRWLWlk7lckwqtPggzCIadxnufc24C/MCH5D73HcO+SLKOJxQCiUkmllPM8xYbZ1XRhmjDQ2NxGndYytK0LG5k35gTfIxvxldlnebIllbRs+zUtmBgTVeJh3EeVlMybe7LG4PzEh+Tjf2TOmdS9k6sytCGpRjxzyWzyLGED4RllOmTN6X3D+ZOHzMJnRrRl1tWbUWlUoHfChj0Mzb+6ZvSRsKkt47BMRKOT8zdsp2x8tmTv1Up6Gd0368iow46oVhOC0YTeg5WZSQ5bKIUTaVBPnvE+W/M3Ttj5GN/utryaItK2aH3KANAsmdNvdt8sulRxfc/ZHGxNlEGEQqCwQKKVj/ADN2ynbHyXTLb55OJlsuPOG3E6CfHR2fe7I30sp7LuXSvez8K8k49cp8H3OPSiBBJw1BZY+/5mfyHZe62y/6orYvXc6JQzOKY2dZWVdl9kz9E4PD2q3sfC4G0icc9VnV3khx1YgXUFXuZ6Oz5/Mib5JituBpON1sB85RbnQoVndo1u6kgw+Vq7u5Dp7V7TxuwqGdpEQ53HDr+JjBOLqvbcOijkY/zIh+TtepxY8rYEmmYhck6dO+FHJlMj7IOiccqatnt1Z3d3/lRTPD0UFtj6J21LCIWkRRJqxEgieNAeej/mJtn14TsrmzCikaaIJOKOUSdEhFAaLqyA/bc7KaDUnj0uu/VATw9VWvZwz+fZ2/izcCAfit7Zkl+EOJItj3iJ9BfmRNn5RCiZOKZtwlhOLOm3yRa+ilg0uu+XTNo+JV7b4wrV0a0eVYsnYLUTbtkNqmb80IfkPvcFhNuZRD0Rw+7biDKmrfww6iUYCOTK7beyed7L+noOryfmrisfIxudlhYTIDwmfKkiz2xjuiZNDhbVkcRaNgiXCTAhjcyYRo1uWjYfzbCf5eEzbhfCZ8ow1Ig077j65CWMLSnZbH2fo/VP8AN3bKYFhk478ejCx6BLCZ8rGUcelEpx/UJnZsIGc3wNLY7R/HJ+euHowsLHpZ8ITzueH+LWzWl6odiP71qMcHb8/IfXj0MhPP/oV2yu3ym/8AQzstLLQib1iOP/RWGRCnHC0pgTNj/wD0eTy6OjcY1xjXGNcY1xjXGNcY1xjXGNcY1xjXGNcY1xjXGNcY1xjXGNcY1xjXGNcY1xjXGNcY1xjXGNcY1xjXGNcY1xjXGNcY1xjXGNcWRcaRcaRcY1xjXGNcY1xjXGNcY1xjXGNcWRNObd2fO53wuaXNrm1za5tc2ubXNrm1za5tc2ubXNrm1za5tc2ubXNrm1za5tc2ubXNrm1za5tc2ubXNrm1za5tNa3u+FxjLtrlWuVa5VrlWuVa5VrlWuVa5VrlWuVa5VrlWuVa5VrlWuVa5VrlWuVa5VrlWuVa5VrlWuVa5VrlWuVa5VrlWuVa5VrlWuVa5VrlWuVa5VrlWuVa5VrlWuVa5VrlWuVa5VxjHuz5VryWFhYWFhYWFhYWFhYWFhYWFhYWFhYWFhYWFhYWFhYWGWoWXGBcwK5hcd1xSWslkl1XXdjf1XVZJaiRO7qPxHdY8HVcWduugVoFaBWgVoFaBWgVoFaBWgVoFaBWgVoFaBWgVoFaBWgVoFaBWgVoFaBWgVoFaBWgVoFaBWgVoFaBWgVYFmwo/Ed0niSqfd+42/tUfiKteX1byiye0PtzJLWbrS60LSsLC0rQtC0rQtC0rSsLStKwsLSpG7KPxHdY8HVbx/Y7Xso/Ed0niSqfd+43PtUfiKteX05Ew9yti3Z7Bl20kXdolpWlaUwLQuGtC0LSsLCx6srKysrKlfso/Ed1jwdVvH9jteyj8R3SeJKp937jc9lH4irXl9J27nbEez2JDXCz3YMLCwmFaFoTCsLHryndOS1LUtS1JyWta1rTvlR+I7rHg6rePy9TLWP09r2UfiO6TxJVPu/cbnso/EVa8voiNg7nez4OxSeQxYTCmFaU0aYFpWPVlZWpalqTknJalqWVqWpalqWta0BZUfiO6x4Oq3j6zNg7ybTFnwBWZJE7ZUgplqdu0Ng2TbSkDvFtID7s+rq30Nr2UfiO6TxJVPu/cbnso/EVa8voCdh6vJdz0DQ59SGNMKYUwpgWFj05WVlZWVlO6ysp92HWh1w3XBdcB1y7rl3XLuuA6GPQo/Ed1jwdVvH1WZuEyI3N8uPm6HdKhRKL3RIVBO8T9GfU2fobXso/Ed0niSqfd+43PZR+Iq15fPmuMHRn1Sv8QRphTMmZMKZvU7rKysrUs7sLQuGuGuGuGtC0suiyy1CtQrWK1itYqZ2fGI/Ed1jwdVvH1X+7JkHm6BOpUKdR+6NDuq/4x+hteyj8R3SeJKp937jc9lH4irXl80yYGy81t5eghGmFMyZlhMyb0ZWU7p3Tus+jLLiiy5oWT3kV0lzRrmDXFkdfqOtBrhGuCS4BLgEuA64DqIHHOY/Ed1jwdVvH1Xu7JkHk6BOpG6b4/dGm3Uv8TfQ2vZR+I7pPElU+79xueyj8RVry+ZLMMTZc5CnfqAJhTMmZMyZvTlZWpO6ynJPIzJ7C5hPKSbLrhpolw2Wll0WplrXEXEXFXFXEXEXEWtC+VH4juseDqt4+q/3ZMg8nQJ1J23eyjRpt1D/H9Da9lH4juk8SVT7v3G57KPxFWvL5c87QsnJ5ny4CmZMyZkwpm9OU7pyTmilT2E5kS0u6aNNGywzLK1rWtac1rWpalqWpalqWpa1qWtQPnKj8R3WPB1W8fVf7smQeToE6kXvuj7o027Z7/B9Da9lH4juk8SVT7v3G57KPxFWvL5U0zRNlyJ5iy4ChZMyZC3qd05IpUc6eR3WHdNGmFmWVqWpalqWpalqTktS1rWuIuIta1rWta1rWqj51KPxHdY8HVbx9V/uyZR93QJ1IvfdH3Rpt2zfAvobXso/Ed0niSqfd8kiYerjeF3wrFl9BaIrxtjXHK0jZb9jueyj8RVry+SRMDZexM8xIBQsmTJmTN6XJFIpLCy5JgTBuytScllZWpa08i4q4qeVcRa1rWpalqWpalrWpa1s5861H4juseDqt4+q/3ZMou7oE6kT90yDupE27Zr/Cf0Nr2UfiO6TxJVPu9Lutof1CbnwqpXtpVPjlpXxtxNK1izxVqcxdxp3Cd+E8nxNhBaaI0JMbM7fsVz2UfiKteXyb9n2aEMIUyFMyFvQ6I8KWdEbmhjTDjdlOSd05JzTyp5VrddVpdcJ1wVwVwFwFwVwVwFwFwFwFwFwFy6px6NSj8R3WPB1W8fVtDuyFR+ToE6NP3TIe6kTbtmff9Da9lH4juk8SVT7vTt21y9Ysf0zQYQewRgxs4lRrHVGYH/zFhahPII7rA+itX2mbFiWwBRlqbZdvX0b9iueyj8RVry+Ral0thZ4h5QoUyFCm9BnhTWEzOXVxBdllO6ck5opVqd1h3XCTQpoVwlwlwlw1w1w1w1oWhaFoWhaFoWhaEDYUfiO6x4Oq3j6tod2QqLyJAiRsi7pkyk37M7n9Da9lH4juk8SVT7vT/Vj/AAwsqkfCijFpT0C7q1K6gBmbDbSn+EYgp7OCrEtqRZDWuL+gBLZ7DUwRa2QmxfsNz2UfiKteXrd9LZV2ZQshZMmQofQZYVidAGeriGFlO6d0Uic3daXdNEmiTRpo1oWhaFoWlaVpWlaVpWlaVpWlaVpWlaVhR+I7rHg6rePq2j3FCovIkCdGibqmZN3RrCFCbg+R5+Vf3CRf3CRc/IufkXPmmvkmNn7fIteyj8R3SeJKp93p/qO+ExDGNK7HaBnjvHhmFR/qyu6mPQ+AibXfAVYPA4W1XxFhVKnBFhNgAXy2tR+TfsNz2UfiKteXrsnjopz1OomQpkzIWTb3dWZsIA1dXYcJ05IjwndyTRpo00aYFoWlaVpWlYWlYWlYWFhYWFhYWFhYWFhGo/Ed1jwdVvH1bQ8hQoZBizk9qOPaTbRr+8SL+4m6HaZINouS5t/fjMuOy5llzTLm2XNrm1zS5lcwhlygsmParbabo/qteyj8R3SeJKp93o29tDlYtIbK2BGIMc+1qv8Aa5obEBWWtORD1qBISs3CjYRGuZ1ZwM559cjYts9qzHEu3bczoJHYm/YLnso/EVa8vXaPuvdRoUyFMm3zHhf5SQDjcRYTlns0aYEwJhWlaVpWFhYWFhY3YWPRj14Uij8R3WPB1W8fVtDyFSyaWVmfhIicny7C79o6Lv5ckC5ME1QGWEFTV8TzQ4MlwlwlwlwVwUwY7MR5dk/EdxyIaVlV5dJi/rteyj8R3SeJKp93ou/r7UjB1/VP+uK2dEUEIiVkWLhstlRtaszkW163CxiO8B4xBRauZnuCLDORVfJs2R4ZrUuJ7o7ZAoLXE7/WXPZR+Iq15eqUsMrRJu6BC6FCmTbnVuT2UQYTozwsakwJhWlYWFhYWFj6SX2UfiO6x4Oq3j6r/kyk6upz4huW7Z8eeqkNo2y/Mgo8SNltKcVX6xirI/qEtK0rStK0rCboaIlzDJpGdalG+RF/Va9lH4juk8SVT7vRtn/o70NhMbO2ptq2/wC5zx1orQ8MmZTv8UWNjycG3IL7Qw7PmrEwW4mbPdQhqJWZdT6G1dUcmphzlMpImLuDaVBJqZZXFZMTPu2jPNDoIBvSKPaH/mJsXVvo7nso/EVa8vVO6sr3QOhfKjF0zJm3yOn+ORM2EZJgTCmFYWFj6jCm9lH4juseDqt4+q95spn+E9+y2+F3V37UbdWQymA4HVItcqqf4gVh8yEnEhxn0YR92T5WECZU3zFH6rXso/Ed0niSqfd6No0BvRuBf/x643wLZeyAoNlbRj1DlBJoiJWCwUc8fNc02WrP/wBZGnVd9LGSqDqdyVwNJ5X8emuWHZWT9lxEMzorQgDmdraZWXUcyGRAWHyMd128o5RPt9Dc9lH4irXl6pXVjqsZ7RA3uDoXTOmTPumF8PiBs9UbphTMmZYWPq5vZR+I7rHg6rePqv8Akynb4D37M/xurn2o43LGKbOLPndXbEYqYH1kpPiaPGh1odaHWh1odQR5mBnk2eLPlPsuJ0WzGbs9bSo3dmwmJ1qdU36vvteyj8R3SeJKp93rIdTOzzhy8hM/Ls0Wkj2cWfhoUjCYCL3Wro7Kl4urrZ0+qNGWU38uW2JWJ9M9uSy+TymNBMgnyjvsPQf7hJnKr7dMekkE4Tixh8+57KPxFWvL1SKyTCgJ8qN0LoUyZNvkhbybumZMyx9bL7KPxHdY8HVbx9W0PNlN4Hv2b/jVr7UHZRe++t/jZXP8jrK1LUsrUtSgL9aJTH5LWs5Ujeip577Xso/Ed0niSqfd8i1UCw2HelPXRbPkuARNSh0EDJ06peKtHksLPpboy7raB6Y9KeNaMb8rV3Wd+z7j1ZMpnz8+57KPxFWvL0v2UxYUrboSQOhQpk290XksLH103so/Ed1jwdVvH1X/ADUjfCW/Z3+JWvtQdlF7763gyuf5C9cf+SNTF0NC6BHuxupx9y32vZR+I7pPElU+75b1I21uL++6GZwZ2X8+nupHQMrh65HWlFGiiWnG4nXbvxGbuxgSwtkTcWAc/Oueyj8RVry9JvgXdP1UwomUBIHQuhTJvRYFA+ps/XYU/so/Ed1jwdVvH1X/AD3Fs6Zk1CZVoniBhez9qiFyZRe6f4Wd1QDiwgbg2Gwrb/qP63LSQKWZ8Eo5ui47op3dVY24YLQK0t6LXso/Ed0niSqfd8xwF1KOh3wPxdniIRy/oj7o0Pw9UM+vLpi3OOU8SMu+O3V3P+RHPcAZkJ+xbDlFtYfPueyj8RVry9M5Z+FEylFGyB8Oo0CFMm9BtllD0y318/so/Ed1jwdVvH1XvP02ZW1YUc7Mo5md8bq5HAOhoT1Crb/qEsrKytS1LWpD+JlJIyGTC4qHJKFtIC3qteyj8R3SeJKp93zZaom+UIMHaQNbOyfomm0lh90fZ17q0WmGV03RBK7IJ8rUpz0gSJSF7JmdAOPEiaNsrmSVew+WJoZOKAk3zbnso/EVa8vRnG52TspW3QkhdAtbMuMmsIZwdN17I/gLP18/so/Ed1jwdVvH1Xv8npl/yGq4i5jkn/W36jF/hljkMndcua5c1y5rlzXLEhrs3fhi6eIXXLfwNdV4ckLeu17KPxHdJ4kqn3fQT1RlUtIxLrlABH2cNHTdtD/Xk3Y3DM7KWXVpZZ3AP/jH/KN9Wd0ZaSZ1sU8wM3zrnso/EVa8vRK/w7nTqZkfRVK0siCsEfeSUY/I9rQj2/vQodth7xbQgmQtjxab2OYVG+W+un9lH4juseDqt4+q9/k9Mz/qSKu/xsv/AJm9Ol37cNaGXDZaGTAy0ssJq5l2DZ5v3grDF67Xso/Ed0niSqfd9E8Yvusx+7K42qCVkybe/uj7Ie6eMe404u7raELA2pt2wP8AEXzrnso/EVa8vRN7byUzKrs5ovjlkmaNsvLtE5nxA1LU+ZGhAFqBaRfo50YpO2bFFU9oBZboBaUPwF9dP7KPxHdY8HVbx9V7/Isp7v8ADXEzrQ5kRKGEmNSg4HlZT3CTXH90DoacknVf26Rf2yRf2w1/bSX9tJDs7+WbHybXso/Ed0niSqfd9LPWz1HTnIuw8KUWPt03l7okKDuyrdAZbQkbxRbtifDXd09jKGw7ID1fLueyj8RVry9E3tvNV4uG2p7NkYBcjLXcfXKcgV2+J5TnjzHFUINfEhoxsTEx0SMnkCxbOKTS0cmRVmtoxNBs6+07ZTfx9dP7KPxHdY8HVbx9V7/I6PxddN0UouLKPqLqr5Mr3mSOYRHKysoezKLq4/Q2vZR+I7pPElU+76f+oKLiesevvuJEmUfdNY0M64z7oh1EyjDhAMTZTOgL+Ii6/Kueyj8RVry9E3tvijy+opJNLERanunxTs2OXbCaLWDSzhaedjGOCnI4nqi2cUbSCwVipjI6gl4kTvZuDJxANmPT1KZnpTNIEEjSC2Iy7t9bP7KPxHdY8HVbx9V//IjfLOtKEFjC4hN2fX0yRFlEji7LSmfooO4fQ2vZR+I7pPElU+76eaEZhcTu7KODqz73TIH6qb237Iq8Q9Tu+4XWpNJpQzumfPyLnso/EVa8vRK2RTbu2GW1pXkMawkY1g1qt+u2uePjyz9ZJgp6BBopzKXW9A+FoEZpglaMZYwvA7wQTRxuMDQ8WObKni1RkC2JP8JRpnw7fWz+yj8R3WPB1W8fVe/yqRtLunHCZd00bOmrCmqCigFlItKD43wo/IfobXso/Ed0niSqfd9TtLYfEycJgUb6S3OyF0/VYWx6ozTfH0ZSLV1TLC47uhfPaHqPyLnso/EVa8vT2d2UfdO7Czu9R3leSd7EsZnwCvQm7AAzShAzV3gh5YWjetLJLK/Fqx8vxJDqyHPG4TvxYTYIbccMRa1bsGQRmFI9QxrZz8K0zIezfWz+yj8R3WPB1W8fVe/yI4mkZctrzgdmyum2ZKuQNlIXCfqB6kQE6eoZJ62nvE2FH5N9Da9lH4juk8SVT7vqrVKO02JLuw5YOob4YymMQGP+m2+9qcdUWGNG6Y/iUB63R9GdCoxx1XHce0MmsWf13PZR+Iq15emTyUfZbYk4dY1WbQIKpBpk4i2fXMZXc4ZnnN+MdbmJGlApW1HHDXuzu+JbtaQyaMJoZJIomd4g5YNWuMIGdVZeIzu3jcZP7oezfWT+yj8R3WPB1W8fVe/yplW8iUe4lef4lDvlUaDyH6G17KPxHdJ4kqn3fWXNlwWvKb+mj/8AjD+m53f4qGzI6TfCrXsnRq1nqqQ/erh6RUZrVlMCZ8KOz/5M+fTc9lH4irXl6T6qLstvv+nAyPpGSqROMcyohKATZiCTRKMlCKKKZtNON3nU92SwTsF+CVxjYDaIYIQl4INWYVwh4Ag9SPS3QPjtspfdN2b6yb2UfiO6x4Oq3j6r3+VMq3mSj3GrvmoN8yBB5N9Da9lH4juk8SVT7v2G17J0amiaTvUzh1ffoyB0JIZEx5XZRSvqFm9Fz2UfiKteXofdC/Rl/UHhXdZ+HLVZ5JHkF6MRvr4lV4mLhDpGj5Pw5MSkPApE2QrynYPVNNxZHjO/Fr0RDtGImaNmrDwwFbGDi2GJSdS+tn9lH4juseDqt4+q/wD5d1foRKOVmXGZHOKtPk1FKzJpmWtSOgQd2+hteyj8R3SeJKp937DJG0nd6fR0Q46O8Ll2ECif4rng6FkLpkCdVvMfTc9lH4irXl6D7LChW3Y9VbKrFrjBNZGuWAKA+PkbHVtVd+HK7Vys1uawTS14zMOIczWQOEYn5YAOaCHgvJOdTiTGrkmI8N/T0eGmkUPxn9bP7KPxHdY8HVbx9JEw97RcSR3ZzdkwG65aV1yUqejIpmcHwhiJ1y5Ll3XLEmEwQEo7YHj6C17KPxHdJ4kqn3fsZgx9wjYOzjq6PNSL2lpvE2X7JkCdU+pt6bnso/EVa8vQe4H6qxFxhONbPPSRRFPBrLiOMsdluAgk5AescAkxFCVA+C0SKiUjxkppYq7uS4PNE05veIjF4o4mDUp5nnJzUEXK1441WHA5+tn9lH4juseDqt4+my+qQt3/AMyjTbnVz/Iou6Zk+6RR7ovEfn2vZR+I7pPElU+79nngaZsPBTGJT0GLqDg8b4Jgc+1asUb6n9Fz2UfiKteXok3ZT/GPTbFV4zadopWnHKasMJazC5x/hls1ONhhlgnLQwS0ylaPWHBFtI83NNIJqKBgMia1Y1/phsjZuf8AqJes5/XT+yj8R3WPB1W8fTO3xknMWXEbiak20ImTbTiX9yBHtL+JZtZanhkLummf3KdmXNgjlZ0BIB19omwI/Pteyj8R3SeJKp937UQs/dmx6rnso/EVa8vQe+IsdEUYzCQHYqybPlUMwzdhgGI9Yy1JOpPby5AwDERwEKgqPCTEhEK7ZU1p5fgDZ+ydbsUk02vAjFHw2x9dN7KPxHdY8HVbx9JxifctnROn2QHsWx8odmEK/t5J9nO/RPsAXQbNcFyLp9m57tsiNf2yFDSiDszY+gteyj8R3SeJKp937jc9lH4irXl6Db0AeUYBZDRJc2KcHxANww6EN2Nc5Gnuxor7/ZoOV8lRqi/VEf2BDDw+r/XT+yj8R3WPB1W8f2O17KPxHdJ4kqn3fuNz2UfiKteXofr6RN1Hax3mqV7PlLsCP7JNkaE9MQUUMheMez+uZo43PoEUTRdvr5/ZR+I7rHg6reP7Ha9lH4juk8SVT7v3G57KPxFWvLeXqwnWrC4uFxVrdMJkggFu7fWY9M/so/Ed1jwdVvH9jteyj8R3SeJKp937jc9lH4irEbv1bBrBrQS4ZLhkuGS4TrhOuE64LrgLllyy4DrhktJr41+ov1FmRZkWZFmRZkX6i/UX6i/UX6i/UX6i/UX6i/UX6i/UX6i/UX6i/UX6i/UX6i/UTPIyzIsyLMizItJmhbDNumbIuo5tC5pc0uaXNLmlzS5pc0uaXNLmlzS5pc0uaXNLmlzS5pc0uaXNLmlzS5pc0uaXNLmlzS5pc0uaXNKSTiIGwzbibLOyE3iXNEuaJc0S5olzRLmiXNEuaJc0S5olzRLmiXNEuaJc0S5olzRLmiXNEuaJc0S5olzRLmiXNEuaJc0S5olzRLmiXNEuaJc0S5olzRLmiXNEuaJc0S5olzRLmiXNEuaJc0S5olzRLmiRmUqFsM37voZ1wxXDFcMVwxXDFcMVwxXDFcMVwxXDFcMVwxXDFcMVwxXDFcMVwxXDFcMVwxXDFcMVwxXDFcMVwxXDFcMVwxXDFcMVwxTAzf8A6sXrjU43kJRXGkmlhUExyFKxbqF17XG+RKegCJRXDkqtOJWGij4srPnr8iCwFgdcfoqXHnOcPRXuvLPPDujuOVmSDdzr81y/z7V6Orp1/wB+rJ9pB+hj0c03G4PzbdxqvDzNcaKWGF0FpimOH5msc6VYttAcIP8AIllaIXMobFy7+pHTawLm0+d+d/ZTiRAbBCxCAsed2cejO7ON2x5zniIjW1pzh5fQs7s7s76lzmXmZP03Zxvz6/6j/wBQl/e2Wyp+PctmqVojktsdYrO0G4w7OtTnYsRTbMCaR7Qx7MsyvJPXmd8dVWOzfbjDs+zOdmxFNsmzJYGZ5KlkztW4ymhsu5E9O4VupK5wzFDstjDbbSSU+Ipht1qxSNYvMFV7DVOJwg4p2DjuBG8u0DG4wIpzK40Qzw2XcnVGzNervj+nYZeCBqKafaDkYVbshDZCTZp2bYRTGqjTHPdCOGxNWsjXnpWTksXALmT57gqJpSu3BiCaepYjilfivfmGIpp6E0TS/wDc09ia5LIEVG1I0x1pvm0P968tsnw5KZKxdtU9Ek1+68HDCN7dmqUfMLnC5zl1z88lieCOpdl45Vp+fnksTwR1LsvHKtYO7NNKcVancMpDgngvWrTzDGqNspnnCTZu03tnKL1rkk/Mu09i7WB5j2vI0g0ja/8A71HdHbIrUsCC3ZtvJy8WrSOvaNx6rBpr80x/rBesTyzwxwbRsyEddU7krzHWne7PZkMK1a7K0vL2JLs00pxVobssUwwWZeb5/ptUyjKiRWLtqnokm9f9Ru/KEgZmFsWZuDFJIq71JQ12RmKTZ1li2fRABjleSOgbmq0xTbLNzg2VFPTApNm0hv1xks1pCLZs7FJZKGjVGOPYlYcbrXDa1Jzt2KKKhK0MOyIp4QeaneOKpY1VtjxSxsc9O0VVrsRUtmR2ohmsbNd4J56q2D/hLdtz/wCorubVoKq2hs8KUfHrbUzMVHTtWlHRAbEO0neeaCq22dmRV6plDJZavGDvHMF8TB9kbNgKSd3ezBZnmezsqURsHFDsyiFp7XF5Zp78wlyLR3eXj5caN2u0Pq/qP/UPdT/37qoBrk2gK2btGOpE1exsyR5btwn2H/8AbVP/AH7qkDWJCtnbSjqRNBY2ZI8ty4aoXAoFYhn2VI8lq6SonWwXNbH/ANW2v+0raMbybOdho3IrkeAriRSBRdbYbSEczNA8tGWVbIfj8eyqJ1sFzX9O/wCKZbCsBHHyp1YalXMNyuFfgznX2N/qQbql0a1i5xIz/uFuOWMLI0LlnjV7HH2jraK21W9cc3mbaNmDhFZ5a/MRTzjtKaAIf+5rgVq087W9nBUciKt82h/vXltT/NRX9R/6hrbEbNYrSSPTqE4M6/7mqH+9eR/8mCof715H/wAmCr14xnsxzUq1YZiKPYf/ANvdtI3pTyGNsW2Zy0rPxKGzshdjrcs5K3/rbMV//eo7oP8AkLCtRV/1J4dnTnPBHJJfCvILBYqSPBaGANl/5ryqf8hdX/c1sqcarzV5iNrl2F46Eo05rMMtmUbdusMVg2i2jER7SdiloO39R/6h/Is1xsxlGcL3qQ8NRcayEg2KxW6QNC9yKaxUkFwifgsD0Rt142rqpRljoHAVWIo6wRvseA69aKOSvSlCnPE57OKanDEorVt8CSnsWGcxUlMqmzpxKGe5HEADW2YwVjhOCS5VFonqUHYZ+NX5ukPBVGoYHLNNHxdnVJHcc4bO1axz8vovVZOLHZgnGztAeCV2qZyVHDbVY7Ncgj2jVkI4p4dsTWJap64vAd1aOepPMzcGejLK8VaWaTLybKrHX5jXFXMbk0qKsb3hmVutJJaqSD8p78rdH2bUkApZ5t+FWrmNy1I+N2PRPLwR1Ds6uYvLPN6sLGfVjPrx88YhF3JijE8O8kQytpMgYmdnipwwvmNcIdWtDEIu5Nwh1a0MQi7k3CHVrU1eOf8AyRQhE2ACIY86UcQSY1SRDK2DwgpQBnS8AOws5RCTsTrhixOSehA5at0sITNg4a8cLYjGMQy4tELE5Nwh1a1NWjn/AMkcQxNpCWvHN0kihCFsBNXjnbEnBD4VJEMraT+mvV+ZhkjaINACPqOMZMavVajmLTwS2fNZceZ//QuWYIWyfrlmCLGv5bSi5OG8ZgMiBvwPO7O7bdgoKxHHuzuZ87849Gd+cJywzuqFvm4QlWfpZ5wrg8hw7S4hCKl2pHFKUKDbMT62KttMZpOEVu+FZ2F4NqAZtEdu9HVxqj2qDmwSbX2iUUkIDtafjVQNSbajDq7PlWrQ1h1PDtQTkaI7G0Y65jGcO1BOVoit3gq41bUutO0AuobYyySxNHfjknOuw2xKYoU+2hxrV6/orPLHse888YCRbYDJaOdjeF52DawyMzhS2ob2LGYyhe1KzT7TGM+EMG1Ip5eC0Nlq926qe0QskUaba5c27pnz+AbQ4XCfjTlBAdc6u1o+JbpCr9MKBV5oL2bVqOq+3NnR167lCtqx8S3SFX6YUCrzQbWsi84V5OLBDNAVOFuUvGCEuNbmmetLVsC8luCZzp3AWyaAcKCYlsyiFp7XFpf79xT/APIV1a4bWpOdKhWkraG2BSjauE41I6x/p3W6fSX6bXIiicLliqccVmEc7RndSC39zBX/APeoqr/yFrVt1vggQu39yLV/UP8ArLbPlSzt9swCy2sP/STstn/68Cv3DhKGKPaIzDLT4tgc7QrrbPnSdD/yR6tv4xV3WH5a5HKoReJq1t6EjCFu4THaswPK9H/inUGW2a2nZY2+Xi4XJnUp2xPZTMNWDGzf9u+oP+QsLYWNM6fH90bFBm5686L/AJMEH/Jn+A7VrSS8I4rsdq7wVbrSSWqkg7WrHYGFo71aUZo7MG04rd+HDK3WkktVJB2tWOwMLR3qsrTBZghsWZCbO1KxyjGcWzqvBgYDqtaoNwVMM09aZioRvFBCBLZVY4OY1zQzVrRTxBBYktxzyT2LDOYrZlIq0BAWygsVg4B2+ZuxvEX68L14w+jswNYDQotliJiZjUEZjnT0xedrCmphLLFK9vZ8dl2J4NmhGfEK5QjtadUWyxE2M7lILg6SPZrSRNEc8DWAKMoYmhAAa5RC3p1f2iN3AiOoJTBOrNMLLxOVygFrSTvsaM9Lmr1ELoaDsVAnieF4qoRxNCo9jAHwqtTCvC0LU9mtU8f7OIO/C5IOCUCghaAAjE9mC83GEagjMc6kowySlJHRiB7xPDFTGKWWVnpi87WFa2aM8jSszY/9Fy7MrzPqKKEIW0h/6c//xAAyEQAABQIEBQQCAQMFAAAAAAAAAQIDBAU1EBESFhUgITAxMzRAQRNRMhQicQYjYYCw/9oACAECAQEIAP8AziCjSKjPltntF4bQeG0HhtB4bQeG0HhtB4bReG0Hhs94bOeGznhs54bPeG0HhtF0bRdG0XhtF4bReG0XhtF4bReG0XhTFPNTpMJcmQbMdx0osesTGESU8HrY4RWxwitjhFbHCK2OEVscIrY4RWxwitjhFbHCK2OEVscIrY4RWxwitjhFbEtFYgsHJW04a20LOpqfdnRYaNpvDabw2m8NpvDabw2m8NpvDabw2m8NpvDabw2m8NpvDabw2m8NpvDabw2m8NpvDabw2m8NpvDabw2m8KYt5qdJhOUy5VHt6hmeHQahqGoahqGrlh3qaJ/snxR7ZF+DXbY6I/oNCZeoXyYd6mimXKo9n/Gk/vP9DUNQ1dnSIl6mif7J8Ue2ReQ3B+QahqGrs122PCP6DQmXqF8mHepoplyqPPq+j0/vUNQ1DVz9BmQzIayGsfkEO9TRP9k+KPbIuJhXkFgQLs122PCP6DQmXqF8mHepoplyqPN/jIk9jUOuGkdBknDMsMxDvU0T/ZPij2yLiYPz3a7bHhH9BoTL1C+TDvU0Uy5VHl88+oaRkXbh3qaJ/snxR7ZF5FeeQuzXbY8I/oNCZeoXyYd6mimXOo8h9PH8enLqGX75dI0jSNI0jSNI/GId6mif7J8Ue2ReRXnEu1XbY8I/oNCZeoXIY6mY4U/o1gvhQ71NFMudQ5C/fMScsdI0jT2ol6mif7J8Ue2RcTCvJ92u2x4R/QaEy9QuQxGQRuGs2pKzkpWHS/3F6dPwYd6mimXOo4mPrlLp8CJepon+yfFHtkXE1DThmQ1BiIb55FwRY4IoHRHPpaFNrNCtXJXbY8I/oNCZeoXK0tDRkwEJNhSlLGoaRp78O9TRTLnUcfv40S9TRP8AZPij2yLirzh9g8Kf0eWQQ4S05p0jSJqMpCsCxrtseEf0GhMvULk+w+g1Eh5L6lGTZq5NI0iNCW6vMnaekLhKT4MjLz2Id6mimXOo/JiXqaJ/snxR7ZFxPzh9gwYpx5umQai/iTpTpUMzFR9weB+BmC8Cu2x0R/QaEy9QuVqY414XJW6epZ8sGE2tBrdQhKE5INBK8nAQaszVT2VlpVKgnHcy7EO9TRTLnUcDBfGiXqaJ/snxR7ZFxPzh94EWZCm+sY1DUDUKj7gZkC6j8eFdtjoj+g0Jl6hdvL9JaNtBJJEk0hL2o8g7KS2WkkyFq6ick3GMz54d6mimXOo4Hy6vhRL1NE/2T4o9si4r84/eEGShl01L4tHHFo4VW2El0fkk+4bgJn7BIyxrtseEf0GhMvULsahqLBpObiBkFRCP+LaPxkpSiWbjmZmehH9qJa9WS3WtDi0c8O9TRTLnUeQsvszzPp+H9/hIG2fwYl6mif7J8Ue2RcV+Rpw1dQScNJYaeau2x4R/QaEy9Qu2helaVBEnWpSMH1aWjEdvUR5rdUp1WWn+7ISer68uaHepoplyqPIRZmM8s0oz+8CMyBp+wX678S9TRP8AZPij2yLirzhpGkgXartseEf0GhMvULuQ6gjMkr1EJBHoEZ3rkHX1JWelLnU1qNeZmZjLlh3qaKZc6jiYIskkDIfrDx/cC+y+BEvU0T/ZPij2yLiYzIaiw0guzXbY8I/oNCZeoXdZq628kq/r0Oo6ErSrNL0lnopbrxOKM0H5GroEPKM+pLIzPLGHepoplyqOJg8tQ8ZZEfgZkeBZ5hXfiXqaJ/snxR7ZFxMK/ngX1gXZrtseEf0GhMvULvEs09U/1bgMzPqYPyHlZNKyRJMvKHEn4Jz6xh3qaKZcqjifQ8woz1Z8nkEeRZg/Jd+Jepon+yfFHtkXEwaCzGRDIh0BEXZrtseEf0GhMvUL4a0akKSDYNB5GjyEfzxh3qaKZc6jiYIyMhn9jSPswX0YNX2C78S9TRP9k+KPbIuKiMyMEyofjMaMCSNPYrtseEf0GhMvUL4htpM8zVGIzzImCLGHepoplyqPJ/yROEr+WhIzIav35+BEvU0T/ZPij2yLyaRpGgaBpGQyGWGQywyFdtjoj+g0Jl6hfJh3qaKZcqjy5DVhp+DEvU0T/ZPij2yL8GvWx0R/QaEy9Qvkw71ND/8ApYnH1vtbTdG03RtN0bTdG03RtJ0bSdG03RtN0bTdG03RtN0bTdG03RtN0bTdG03RtN0bTdG03RtN0bTdG03RtN0QqAiGpbgejE80to2qHVY7ZMs8LrY4XWhwutDhdaHC60OF1ocLrQ4XWhwutDhdaHC60OF1ocLrQ4XWhwutDhdaD1AqkhH4pCG9CEoKdQlSnG3mtv1EbfqI2/URt+ojb9RG36iNv1EbfqI2/URt+ojb9RG36iNv1EbfqI2/URt+ojb9RG36iNv1EbfqI2/URt+ojb9RG36iINCVEccfc/78f//EADMRAAEDAgMHAwMDBAMAAAAAAAABAgMENBASFRETFCAwMkAxM0EFIWEiJFEGFnGgQoCQ/9oACAEDAQEIAP8AU/y/6JOX/wAAFeyGGNxqUZqTDU2GpNNSaak01JhqbDUmmpMNSYamw1NhqTTU2GpNNSYaiw1BhqDDUGGoMNQaag0nRjoY5UYxHPa0kkpY5FjXi6Q4ujOLozi6M4ujOLozi6M4ujOLozi6M4ujOLozi6M4ujOLozi6MiWlmekaK3YqoQIxsMkq6iw1FhqLDUWGosNRYaiw1FhqLDUWGosNRYaiw1FhqLDUWGosNRYaiw1FhqLDUWGosNRYTox0McqVHsQeTLaQkPusKq4l8GiuGD+9xHay+TJaQlRbweTLaQkPusKu4l5MplMpl6VHcsH97iO1l8mS0hKi3g8X7mxTYplJrWEh91hV3EuKYr64Ly/PJR3LB/e4jtZfJktISot4ObL/AD0MvJm5prWEh91hV3EvMogvRo7hg/vcR2svkyWkJUW8HL+efL1ZrWEh91hV3EuKYqIKJ0KO4YP73EdrL5MlpCVFvByJzZT06GYzGYzGYzE1rCQ+6wq7iXFMVEFE6FHcMH97iO1l5fQ4uPNlVfCktISot4OT8cuUzcmYzGYzdCS0hIfdYVdxLiguCidKjuGD+9xHay8iErv07EdE1IlaNd+hPCktISot4MU6ObqyWkJD7rCruJcU5MpUVjYG7Xf3DGf3DGJ/UMXyyRJGI9uXko7hg/vcR2svK5qu2vHKkiIieFJaQlRbwY/HjSWkJD7rCruJcU5F9D6o7ZAwkSSJcr96okqn09+alYuC40dywf3uI7WXlYqIqsWNETNzz1bYm/eOtG1CO6UlpCVFvBj8eNJaQkPusKu4lxTl+rJsha4nrN87O7M0zNPplqmC/GCehR3DB/e4jtZeRB0TXjWI1NiYZvvjVVrmuRrHOWT7u2Ob6JUSI3YNrpWrtSCrSZu3oSWkJUW8GCYJ4slpCQ+6wq7iXFORXbFQ+rp+3QymUyn0xv7VuCmXCjuGD+9xHay9H5wVdiKLIj1UdAiixOb3R0zpF2rJSxNKRzY5sqc8lpCVFvBgnLl8KS0hIfdYVdxLimCY19FJPEjY9AqTQaoZ/TlQ5fvTUvDxNiM6Cu2/fGjuGD+9xHay9N/Y7BJ1Tuc7PlRNiRs2Js3suxX0MeXayN+djXc8lpCVFvBggguG8T4zmbwZLSEh91hV3EuKYJyZsMxtUy8lHcsH97iO1l6aptRUJIMqI7CBv69pPJl9Io2tibt9G7SBNkLE55LSEqLeDkVx/Cr+D/AjhevJaQkPusKu4lxTBBOnR3DB/e4jtZepUUz/AFaQKm1UJ4czdpFE10aZnJ/xRE2Js55LSEnt4OT5x/z+D8+BJaQkPusKu4lxTrUdwwf3uI7WXqyUTH+iUyxu+6t2t2LHBI37Ixion3PkVpl5JLSEqLeDFBMfnH568lpCQ+6wq7iXwaO4YP73EdrL1thu05GdyD4xW7DLjJaQlRbwcienL8n89eS0hIfdYVdxLinJ/jo0dwwf3uI7WXw2u2Kim8RRwvpjJaQlRbwcnou3DMZvQ/GC9eS0hIfdYVdxLihtM2GXBXJ0KO4YP73EdrL4qSqK/GS0hJ7eDlyn3PuZT08CS0hIfdYVdxLyZjYhmMyGY2oZjMhmMxmMxmKN37hg/vcR2svkyWkJUW8HNlPQzeDJaQkPusKu4l8GiuGD+9xHay+TJaQjPqKsYjHak01JpqTTUmmpNNUaak01JpqTTUmmpNNRaak01FpqTTUmmpNNSaak01FpqTTUWmotNRaS1ayojRrlY5HDqume5XP39Ib+kN/SG/pDf0hv6Q39Ib+kN/SG/pDf0hv6Q39Ib+kN/SG/pBtZTxrnYrtqqpFV7trmO4yA4yA4yA4yA4yA4yA4yA4yA4yA4yA4yA4yA4yA4yA4yA4yA4yA4yA4yA4yA4yA4yA4yA4yAmqt61rG/wDfj//EAEIQAAECAwQFCgUBBwQCAwAAAAEAAhEhURASMUEDICIwsRMyQEJQYXGBkaFSU2BwwSMEM2OAgtHwQ5Lh8XKyYqKw/9oACAEBAAk/Auyyiiij9gyjYEEU8pyKOoUU4p1gQsP1uUCpI9IKCkj9XzUkd4UUehTQR+qZqSO5Oqd+dzNS+pZow3BtPYB8kIfUM0d4OmnWKkfp3HtSYosafZCRXr9L49ljf4fTePa8j9L4dtev0hh9A4fR2H0JI/YvDW9fo7D6Dw+yWP0Vifof1+yOH0Pn9F4/yRYfZLHonp9j8Dbj9eYdCwWNnr9eYdDxsmPsfhW3H68w6Fhb6/XuPQsbJj6/Nh3uNuHDcOXr0PP6hPQpt+yPosewDBGx31Bjvcenz70byamqRW0KrA/VBgj0/BYDV9fqnJG3DpuJRws9V6oysNnd9TVRjqc3plLMFmj9Y4dLzWCwUwgplYrFY/VxmOlYhYhT1MfrHPpZTVL6zy6aP5k6/Y8qqP2NxTk3z1MfsiPMIyP2JKkpIKVpvNpT7FTP2Qx/kdxP8j+A+x2Cz+x9fsfn/JVmsT9hc95idTD7AYhU3mJ1MNR315XeZWZ6sgnn7HH7HYNWGWpl9i/PUxKxz+x+OX2Pmfsbij/+FcEEEEEEEEEEEEEEEEEEEEEEEEEEEEEEEEEEENXguC4LguC4LguC4LguC4LguC4LguC4LguC4LguC4LguC4LguC4LguC4LguC4LguC4LguC4LguC4LguC4W07CCCG/pqBBBBBBBBBBBBBBBBBBBBBBBBBBBBBBBBBCyllO06KnSzYEUeiUtr2JSynadFTo5U7D0mltexKWU7ToqdFmpdNpbXeHpFLKdp0VOhhHp9La65QijDUKcVNS6JSynadFToR7BpbXWx3fp0OllO06Km/menFFFFGyltexKWU7Toqb7DsE6lLa9iUsp2nRU3uHY1La9Cr0KllO06KnadLa61N5XoVLKdp0VO0u5UtrrU3lehUspu8KrHseip2l3KltehV6FSymv64xQ2VKvcuaLDEjNZru7FoqdpdypbXsSllNbF0licFgVgX/8Ar/dYD3WX+RTf6sSVhXAhf9r0p2JRU7TpbXsSllNapWTRZi5ZLF/Bc4iZWIXwrFwmfHsSip2nS2vQ4KCgoKFp3VLKa3UOKdGWGYWa6qG0uoOAWa6xCfHuhgmzOfYlFTtOltdyAEdRyG8Kx3FLKavOeheccqKQJmEZYBTnxQ/UcJ9yxjn39kUVO06W13GNsrRZnuCju6WU1cBD+9nxof4V8bVl/wBLqniueer3o3nO9q6mdp6fRU7TpbXpFNWmvSymrgfxJGVVzQcV8K+Nda8hGKwx1ct1zc0fZeqPRaKnadLa61F36wsaqWZ7umvSymr5Gi0mz4qbjnZO7GS60PVf7cwstTPWz1JQUm0tlYeh0VO06W11qKltba6uQ1qHVKNlNSllNzmhEd3EKfsVkfXUruYXfBHDLIas+FgiPdGI6DRU6Dj2FS2utRUtrvu9d2vTUpZTc+qF5vcpQ6uEVkTK2qy3HW3XNOP9+g0VO06W11qKhtrv+7d0spvGzdvMtbAWf8r/AIsyl0Cip2nS2utSwJutid8MkNallN6N1luMeC9V7fkIR/zEI45dAoqdp0trrU1crM7MN9TXpZTfi3PV+E6uP97OqphZrGyTmrMb+ipvgmqXYdLa7yGCrqQRRCKKcpoIbullOgyKHnYLaavfadXqk7+ipuhAd6malS8UY+Ca5ByI/KMF69g0trrU1qKu9apLHcUsp0MalNx6LLU+Lf0VNzN9KIwHsh/Wf7IxQUPVAeq2T6KbaL/bTwU2lYHp9La61LAha3JZHXgoIooo7ullOjeizWRIPDefEd/RU3HOOHcj/c9wUm5NUu7MoQMfOCOLSMYwTgbqOJyKEWiuaEQeocfJFYjnN/IXl0+ltdamtSynRqWU6R1+O4y1MG+9p3lFTXwavMqTG81q55wHwrq5/EELktmqnfausEJnBTa3rZoyPMIWPXZ+V/2FgZjp9La61NZyOr3dCpZTpGBUxXdCLRj+OgUVNfJeLvwF1eaKlZHnV7ll1coJt6PWy8kYtIMPPBGd6q5jWzve66mLPyjGPW+Fym4Gfeuph4LqTHT6W11qdOpZTpUj8OSEDQ64iGjBDoFFTXymsXHihzcD3lcxtKp208TdRTeZtajkRCijISXM+OibDk8/iWD5gCqkNIJ+Ul/8h/ZZkjp9La7g2QRGpBGyvQqWU6WPPMLbb/8AbUxK0noIIY+p1zuqKmv1pflePonXsV3nxTMJ3u5PvRPooHSDE1qmX25ywX7vJOhCTp4p0mOM/FC8A+SbDbavjVenUtrrU3lehUsp01s6iRT/AFTgPdTJxdq0xoswN7RU183r4OKE7qxuyT8W+ifEkFYhxRg3iuo2azmnQBfIlPAi7GqMYvHsvj6fS2utTp1LKdj11q61FTXqvg4J0yySP7xp9kCbwg4qekyCPJueD/2pu9gneLsoLR/+NU4R0Q5qGywLqgk+aymq9OpbXsSllOwzO0Q3tFTX6j14eqbzTMoyEwcoLm6QzNCplo/eUThdaIJ3Vwqti7h3wyRn1arau4GpTscaL/U4DsCltdwLCjaU5ORsPQaWU7HmN5RU1+u1Z8VIdf8AC2R1ChtOxblBGHKDA+6GaldA9kL73YUWENr/AIQg1uDKqUZv7u5f0hZ4rPp1La9Ep0CllOyZmqkfZBDXoqa/kuvj3Ff1Nqp6PI/hMjHCGITxsCEM1KARhATiv1DowSFlg3JDaOWWjXNGJ+IrAc0fnsCltdYrBR9Fe9E13otG5BMJWiKY5ByB6HSynadFTcYPXkarHNhwKkR1TggY1CjJqBjeRh3ZrYFTzj5KTfdywGX91gsc+n0trqhSTin+yf7J/sn+yf7J/sn+yeiVEpvQqWU7ToqbmYW0PcLa8cVEJ3siT7JsO8zRj4rzcsOKx4dgUtr2JSynadFTdt81pE8IrR+qP9IQgFjXsGltexKWU7ToqdAn2HS2vYlLKdp0sHsh7IIIIIIIIJqamoIIeyHsuC4LguC4LguC4LguC4LguC4LguC4LguC4LguC4LguC4Lgo+i4LguC4awQQQQQQQQQQQQQQQQQQQQQQQQQQQQQQQQQ+rgggggggggggggggggggggggggggggggggggh/KwI4WCejhPxWjuhpkY860QuaQj03GQKZFxHMC2ZCPduTEV1R+7dDx1B+6uzrGwc1oMfGwf6cY7+M44CKvf7Sgf1SQMsNVp5sb3V3ojfeB6oT0kfawHZAnDZ9d4Z0zQ/eOhucAoaJmUdpxRacIES8Y7gwdCRojF0JnCO7Mdt1hhe0rQfA7kQ5N5HpvatWg03+xAtiNHJwgcEZaN8lpOTZE3RdBMqo8wNww/wp9wcs/ahEo3jo4bWEY2aTk2Em6LsTKqPMDcMP8OKMbulcB4CCOyy5AeK/aBoxO6Lo94rnNvg0kFiGY+afK6y82HOiRnktNeIDTzAJDH/O5fBEeeCMXQmjsaRhgO8f8L90LrT/AOTgSEdlrIu85BftA0YndF0e8U+49riLwF4SWl2Iu/Tuj/2Wl5JgJuyBLu9c/Q9YZ0K0kBSA2vGw3Nub4R9E6+NIDddCBlkUZMLIecUdjkow74o3eZF+MJZBP5RmljB0IEEKUdG3aM7qfymj0hhGEC0r5H5T+TZozAuhEuKdfIEQ/CI338PghH9TCqDOTJEYRi1C9pNIdkZeaDSx5Ai2MibObyce/FNbsQg4xl4oC9CIc3AhNbsQgTl4oC9CIc3AhAbHOe7DwCAD2iMsHBBguPIiY+XnYAHaN8JUyKEIczvESPwgCGOIblEhBhAxaIxh4rB2m0fuv4nCzBrGnvmrgaxxG1MmC50JwwQi57gBSdVcLYdWIMU1uw7nHD/tMHKtz6kKoC8BEFuBCDbrDAvdXuCAvERDm4OQGxznuw8AgNuN1zcDBcnf5OWMIR4oRdfwbme5BnJkiMIxbuKtWEF1WlXn6R+Jg6Xgom5EAnEiUFPSXRtfhB2kdm4Bz/Q4IxNx6m7k5OjhSHgtsmOeEJIxujSCPgpO0nJtBpFNi74iTGNgNww5M9QLmQlOOa2nFo2o4eHgjE6AuEawwW294EXE1W1yGHgRGC236QZnCNEYtbAtzhHJfMfZ89iJDbl53flBbDtHDPHxRhefjSKk9jhnzvFGDXxLoUC2ebER50801xiBzReTHQzDgWxim/utMbszlgokMcQ1kCRLOSjyRbERjsnzUwNM+DclzOTbEVRLdHpGRc2KkNKHRblLXq2ymj4LN/4Ww/Rxyx8EIRGjkcV896po+CzBWw/RxyM/BCEQyWfctk8o4iWIKEI3JH2Tb2nvGIIvHughDb0sqSC+BY3Ge0CjGDREeKw0OkcT/wCIm3jZ/pPB8sCue8l/5Hsv9V0vBsk29p7xiCLx7oIQ/WdKmClpA52z7pkHgnaMYOCZAFpnAi9JUsk0v52QPev3ehB2qkyWyNLdIdlJYcjI1niuabm1SSmzQxJdlHuQ2eTbE4wU26N15z8pZL5H5TOe+LXnCeSbh1oEA77+HwXzFVqJDJguBhdp6rTF0SIDlL397Pkflfw+C+R+Sv4fBfI/JWkdo3XyRt3AQVpC9wE9q/Ir577P9fRQ/qEhxWDGFp9Ij3XPhE/1GfotKdI8tltk+3cvj0PBfxOFny2rTcm+cYHE97VIkKECZRMFpeVYWmOZZ5r5ipo+C+R+Ubrg8mcogoxGhDouGE5QRul2kLgTgYo3uSJLiMlIHQ4+az0iq3cYOWjGmAwdeunzTAwOGEYmeMVouUu4PDgPWKaL7hzQVjch7QWiEo/qXtnxhim7ZD5SzWIZD2Qg4XpY5kobTuUgPFbL2BsM4ELQQPxXxd8a2fs98ZG8J+IWcTDIRotFfN0QfegPMYozfG8e8rQ8pdEA8PAHmpu0/OhllBaLlQ3muDg31XP0kJDBoGCbt3zAY84yWKEbulaT4BTc0QLT1gtHyTDC8S6J8oIS0bpoRMR3KbtHHZ+IFaPk2i71rxM1QWaO8zS6SN+MIRx9Ey+zSOjCMC0plwZCMT5oQvaVxHghsuY2B/yaGzyUI98Y+KGyy/E7v9mdHugR6qT9KRKgGGqNl4ZA+A12F3c1CD9KcPhAwHYgETiYTKEYYdyAIoRFCIKY1vgIWAXq5oCJxMJlAXoY5oCJxMJlAXoY5pod4iKaAO4QQAiZwEI2NBhhERggCKERs0bRex2RNNEG4SwhRARGBhMWAROea0TY1u2NDh3iKaG+AggBHHvQETicygL0Mc0wO8RFAAUEk0O8RFNDR3CCaHeIimjZwlh4IAihEejmF4LIDWEYHXeGkVEQVpAWtPMaIA+P8hhhuDCJ3hmMs7TNuIp9EGBiJ9BEL0ZY4GHRjABaJ7b3WLZIG8AJARjGiDmub1CNo+AzTXMdRwhFRLjgxoiSmu0bjgHCEfBTLsGibimO0ZdheEAU18tI2JAk/OAqmlv6jZOECmPufMhs2AmJkAIkpjmF2F4YqMSI1/5THMJwvCEVEl2DRNxTXMdyzJOEK2Rjo4R81zmDyQMWgGOU1otJc+O7JBzrzTAtEYSxKY+IZz3DZPmmPeG4uaJKbQCe+S0b3CGIHdGHimaUglkBd5njRN/UuiLqhNdpHDENEYeKjeuxmIQ7igSTycGgRJkgWvbi10itHpbvJ/u7s/GH0C663xgmOYb7RGBDSD4owjfmtk8o0GeMUYMu3nQ62UFszERkbDDnzWyeUaDPGKJGjuxdCO13KIi6D2wMCD4rm6cRHiMVzf2dsB44lRe90cnQb4KJay/dJxgpvuidP8FkwNM+AyVNFwXy3oG4YcmeoEIsESNo8UP1CHz8z5IEaYkxL4iM8j0UwjmoODzAaQfkL5bV8n8lfxOCxusu+C53LMgvlC7+VzrzbvivnsXzGL4F8tnBAX9ITCOAgtID+s2QbBfA5fPavlC7+VjyzLMNIxwP9O0sdJpHXvDS4ekl1nO9GSCczRtLcLt6Xqvl6b8rHkTwTtHdhQog3r5lgIhfAPdV0f5Xy2rncq68vkz9V/D4L5H5XyPyPoEXjo3xu1WiuhukaYXgT40khssvxPihG7pWk+AihecBAtwvBaO7MbN4Eu/Fg2WX4nxQjd0rSfARU3NBBbheC0NxuZLonyghF+jcCO+oWLo3vF2K0XKtHNcHQPnFNg9zXQaDH3WLWiwQvaVxHgmXxpALwjAyTYNuGUY3V+z3xkbwn4hYuLsMGxyC0fMvQfGRzX7PCPWLgQO+qF5sNpxxl0Qkd7TAhPdpC3C8cFGLgB3SUbwZDuqox0cYUmotc3B7ZFOdpHDAuMYeCkW4OBg4J7tIRheMYKUDIjEJ7jBwMYzksHBYNAHoogtwcJEJznOY4G8TEyywwUYtBHdNR/TeCPJRa5uDmmBCe5zg4G8TTKyPlisJYZQXNAhNPeWfATsqbZ496e4icGkyC0j9GD1WukowIOcTPvWDQnuaTCMDJyjFwA7pLSnRu6113EKbdHo4F0Yxce9RjpIRpJc4Mh3VTnMcBi0w+xmjBKEBQfZ3/8QALhAAAgECBAUDBQEBAQEBAAAAAAERITEQQVFhcZGhwfAggbEwQFBg4dHxcICg/9oACAEBAAE/IfxTVdwbHmbHmbHmbDmJuTmJHb/wGYL6h/GGTTHkrzGVCRGifcbv9C9L9z3kiVqKNT3I3CT1nf0JObmb3xFmrhLe3sVk2R/uqKmK6rwzEbom4j2DzuNhQyE2shZLAkwThmFIQIDXC21IxpMmGjIl5obRCFNyC295mHwLs/cWYf7c2rijVBHRQLksbQTbomD37DQyEMhIEghsN5iGm6DWIglZm4LUN41I1ZifmjZDZkQ5kaJYRzVYGBK6gz33FtBuqiyo/ac9loikILqQlLCt0XgQhAToQZDd1lwFuNEbLox8agnqMJRcnqT1N43RHMSdzNcX1wwNYHgGUEdsBqrlGOqWqUx0DRLn2EVJz+xouKDUMvGiFxpJYvotC1gqmrguQtktFMNHu7ErBbMl8hPyNIN5CfkbJt4O0JWRtEJkJ6o4BvKhWTLQ2amNOlmZB5ORWMjwQHM0+QpXE3EEtK/X2lTMwXQZT7GC1YJgoaI/Ogsq5FlCF3ZNVsaobuwVoi4kwVMgEnISshLyNjGlhW0TZGhG7IayHbGjgjyw0XHDujJGYGeEMlEOAqXhNFxYnfzECviE5t+ubnoLrhaC2CGF5iRCUUhKsuUqpm1k10i1Ysawchcy4QsaBtDaIkCBEiRxhIyogj0TGXDQxWwxYuiDGEsN4N5dSDqJxJcBgpQCvG7R+sppYMjUJbupIQ3IQmSGWw4vQaIi0xEdgQhCzIoakiomJemEggQIeieBPIjKTehFKwPHI0cCQ7iYljYQvSDVJLDbxo/wMGmJSDlP9WTwqiWHsJRbBoiuiHVPCEEXalSYenCF1C2omy4MoCDKm3EhAsRgmSJEseTJk0QVggj1PID0uDiiWYkEkjAFu2Gpk0NqcjRWXEFtpApYY31fIk77fqdisuak+axKRA4EQRdVCjKiH7zg2ALShmMsYZ1MJUIJ3hSkSBM8iWhxi3+uoBqaYk9E4xIashiPQ0ZRcTsFHbBqKqWAnoxwmkLeFqGiQCWOXBQtx/UVq2x75WpDfBUYJ9boEp11juogiRQzGzYiHeJRNlgSkYTFqIkfskYM3Dj6JxGowSmQJUTYXguKBtcRWjHzNW0xjZAUqR0f6cpG26Icf92K2wVCytCZZRmO5WAthFBtNYgEEqIIkY8JKPuWjyI7DwWIIGU0IJSXkbUMhCYJqMJJRCQiix10CHyc/wBMUrbyGf8ATClgx4KItJZD8qRHxNwEFBDwygIaxKhqxIvvkM0CB4EYIDYLAF1oc1Hp2WP1aFUsRkIl0ETbH6XWTBNxdfCIekjJSWyVWKDK2YaTBtAhfhEMzFhAxGEli1yJEFr0wqDmKvuKsIsPbGUHtBFas/0iPmMdUyEojWTckNfKPfCU3Gx4gwSmxqkR+HnqNQ8GMQSDwEm80QqEFXAuAtCRFhZsZQ66CZv6MucbvfBShYDGgQ0bLu7FJhPViUESJ/xkTumMDDRBbBqRJedtY3RyRPDiuJZMIqyn6JgSNy5EBFhPgItKiYQVeDYhfjWPSZjFholLFxSl0F3UZsgUFcKShHYWHtbgtiSJKz/QpQVpa7wbLBrWg/KEKXCeodAxJ+Rbf0NDQ5DHLi7xbIZSSroUgKOcakWl8BRmyv0BlUyCw0SIsLjQlcsyIXuGr+UmrRYYQNDRmoQlIAzgxXwlNPAYVEYOUcWT8/OnHQglCGEgODCtYBCt+XgZwVJ0IGiCQVL4KsHNIRsZEHYVEIFKmkNkJ8xNHP8Az0cNaEVhMYaLFbKAR51/MpuIJCUjQ0NEhAkViNbGSIcChCcaC61ccXxLmV+bmXgKopZhiQzCakL81GMgXYNDQ1JkiRai/YfQ7DRvRTqLkg9xpSMrJo7R9nLPQmqVBMH9vwsECawqWM0uMBgU/nUBoNQMaINA4jRiZDakJqVyKCNBSSiCw5VGN2sG+dfsVschrVsIuvsWBMVkPn+EgTKhgWmButRJSJC1w/P1ZRGDWEpGBBjdBdKVBWFVgmiTIMc4iNFWEkZX15di5QlLcBpzQP3BgBaplH+CZOV4VYD5l6LYSj9AakeCMGpGwmRKVwKpYBmKCmrkmAaAnr8AppR6fXQm46TSqSHhoUqiFJKsNodV204Ekf5+AbhDhcxg0lCJpi1X6G9Tg0NFzSGxCSqHlGUYpooSCXuRWG4oxrTQzeWonNV9ZJA/7j3uNlUBLfTI6K1Femh3+/tY5vAc7CoKSh00VlJmP9EDMhrBrCYtghBpSsMU9kKUmFUYMwIdy6gKj/rNWMTUlQi4Di8ibtS0BrMlii/FfvrXhmzN0KUiAkmaTBjdH6LnLFrCQbhCEgcii0gyyB7pCbNUQGOIkgTQp0Ft40fXSuAxS+QmxxRYyZzuAiFKms/vGTHzyYkTAxRUfo9kTt+i1S2NRhBEDUkOCGXWuQ8aDYmKkjTdRDuNVhWGQO2bj1JpOB1pPuL5m+nxgmOBxSiDN1ZmrkOL5LZJXpvocpSNVkMokEyJ+ye6PDIpPA48kIGOELYhTR+iMRAG2KMNATwRUhibCysbCdIorVUSVQ2FxAmlVA13wW6gqjX6dIY+KcxMvQkVboT6kqARzdpngklsAe1NXBUiTIIRr9j0hCxOGmTQhMFoZMpImWB5S/RmpIXTFrBywXEqPqQtIB5kFkJc5OoJEg0B6iW2CwlDNBoSp+k63FJQkI5EiyXFEcSK6RGY5IuGdWSEIpjmQkQOUETLl9kHHhVYFPWDrMUwTapK6VNf0n2TTFrBqRGE5FrDI6imUx7DpyBCD0DwbUDXARVROk/8+pwkqLaqFNHkweb9BZKRCRCSiGnD+wrCiyFlU9EQ3/hDtvhhytEcoMugzZV3lJlz+kkDwgeMVULUOopJD7ytIZQxcExLZijiOpNgPxcG+4mkTX0FkEfMwr9Vk9xwsVkuEkJWHDDT/ul2GDUV+v7GSITkAnP98lZHoRRXtEamOI2ocy88iZlBcrA91l2I6f0lcN+iMJCQ8ldKQZiHxbliEeMrCcC5kbQzXrAWt0OGWWmAaw2O7kUlVMTE4ZEsNtsfgNDVjKC28gTIgJr6zU0IGQ5btTgOroFkGtUyxzuaJiOMK1VmsUXlWH0mwy8qD0jb9JQRWweDWKqJLBWxRUsOghSVWJ8NqMEqIahGKHn6bIjqeHBrgIyG6K9/wK0KeE3Bl9qXhmSL6Og8CxTeT+wFGCJuCG0aDJSnvIpMhSkklCtqJSTq8hwFobIDIN7fpLcEYVzxawaCeRCj3HQkG7yhrmZEiysVcRPDTDcQLmlx3GaiY4vTQ18Oa5lgtiXbXYY6ukTgIhC4YQ4TKTE0yfsJT5ZBzW9WRCt7YSKBsiXLgl8omk6sMmCrMgJfpcm3DwLDxgQkhVEC8WC0ZwcQzcFvoMQliA0kJ5VKMShKw1h4mPNFPqwUmoq23hBjiTEtxJBwPrtSLe7TFORuCEmApEocCBKTYKOshJQI/wCmECZAp6JFGpMawkIhpYrJDkW4UilJcBxGklwoaibQj3wuJRZaIgjTaIsqTUQkyeg6iW4lCgLU6L7BMyWFXUcZBbp2N8pJDaqlalsFZFv0+4lfSZpYRchIawxAJUocolmeiYKEQyWE1zKalYo5YUYheFEbKhqPdewDcjTEJRCCcq2v2Dy2OokQLSyW9+oSNTrQbxjBGGWFMuIvHPQiBpcPZhnRSr0MQRg2mERuwcglsamFKTVH8cYmElDRbBIbVQtPsbn+rob9UlHhGsC5GI6iIHUzQjSUFRSejTRMBiFKjJVUbWsaYwy3FhzsRLsQWHUjUsqhanEfsmskLXgJR+shvBnrCATJBFSGtXBfHgSxUUjlhNQXwIScxJYzlhBJihFwblCnhIkjNilxiXU+glH7YEh4seBrDRFGITIkWG4UFvyrETVRZcpZhtRhPiFrQsFhbCvoLsw2uBlbyI1wksxUn9vDxaGhoaGpGoExMuKUvFgagXgYwxa3FY1sSYTTcUGeXTqHPohdQkO7ybDrWjaRHOifuYQgY1A1JkBMTLimT1Dal4XquR4kiWIcXiB4HORrQrj78NTadkMHGFuMJd+w8kfuIqXhcnoZn7azSp6WhhhBrD1BMTGE1jQTFGXlILQeJtYsIQOERDGKHyNhXQsQk+xcWcuhfETlbdbHwC/bGiC3pQgaGiCWo0XHQTkaFIMJRIm8ZUGupFLViaMjh7kEoCpDne0Irl0IdJC1xZ0EkEEiQhafuD16WsHgGhJKi1hSJEKQVQ6YZgaQy4AcWrdyFJOz4bkiy10FJXLzYj+WCkoNwb60Zj9w0/S0NDQ0NEDC+BhAiwc+ChSFcuqLc5sQZm7ZIiHXNilphFRDYxd4LGV+4Z69LwakQaxNngkuKwhmvBMNm+ooRN5kQG4G5EgnCUaigNFA8r9wz/S8GhhoYwqEJIkVEjCHcjPOUhW2rjcHtRicQgSwXDBbv9x0PSxoaGhhoakhiTAeRQMDZ2H6w6lKFLljaVYaBZwksJJwMi1+5aQ1HpawaGhrBxqiRijBQtgsTMrW+5IyZYS9F8H2ZwRmYnNf3JIf6TWDQ0NYJmSyFPxGJctGBzwE2ImSMYG1NxCpAyuSyoF0X+5pJM9LWDGGi0kTIlsxr76EAzFIYuRODJciwrlO62OXl20HCxlm0Rs4KJd/3NF3qzRAxosLjbFEXQYitgHNROCRLmRPUIeTsSlkikssiLNA2xXEurHvsLIE/uaJP0tDRGDECYFk3sZDFZQboW0eBltoq+4rbyEpAmnI4Yj2IxIKCnerJZKUFICVlOf3Jzj1PBkVUbaCELB4XmhQSZMKSMwfEsic+0L8jFMT3PYlZrYVNFENxaowoElOX7lLVEelogakoWvpWDtrQsoUFISISGKkIEkSI6TXZETtcg7DZUEpCiB02kYxYcrMOhd/coVBr1kOjsyz6pNEFGJEx4nJHfD3mIJELWEOr2Dob3yG1VRVIlLoK0YDJHiOZM56gsPnfP8Ac4nrYyErEw3AgEi1ZVETQqwMSm4ZQsi5vsMv10F1bM1hgYLrE/8AdHLVepoeBjU4LiJA0KJXGR/CXIFLxIqWI9sHlObBk4EIxvHP3VbHD1MawQJGUFqWbMgIroY3oEE6YmTWeG2a0UCEhW0toefj/dnISPRBA0Ri0LETyMIWGOuGh0RVBSocJlK5blXJ+8IENzaGq2ESMQQRiLGTQjyhokMylix8MMJgkVmxkuDZIiP3xo0yCCPQIwjCfIgtThHOQPtWOIhol6u//gElVjGMYIIwaC0f/g2ad3ojGMGi/wD8GQ74VyQtL1JT/wCFOELSNEcZFSon/wANR/8AmvayuM3+hv8AQ3+hv9Df6G70N3obvQ3+hu9Dd6G/0N/ob/Q3+hu9Df6G/wBDf6G/0N/ob/Q3+hv9Dd6G70N3obvQ3ehu9Dd6G70N3obvQ3ehu9De6G50Nzob/Q3+hu9Df6G70N3obvQ3ehu9De6DX/BET1WClbeQ9PUeM/w8Z/h4z/Dxn+HjP8PGf4eM/wAPGf4eM/w8Z/h4z/Dxn+HjP8PGf4eM/wAPGf4eM/w8Z/h4z/Dxn+HjP8PGf4eM/wAPGf4eM/w8Z/h4z/Dxn+HjP8PGf4eM/wAPGf4eM/w8Z/gtusPcVcIjehP7VJxvHA43jgcbxwON44HG8cDjeOBxvHA43jgcbxwON44HG8cDjeOBxvHA43jgcbxwON44HG8cDjeOBxvHA43jgcbxwON44HG8cDjeOBxvHA43jgcbxwON44HG8cDjeOBxvHA43jgcbxwON44HG8cDjeOBxvHA43jgcbxwON44HG8cDjeOBxvHA43jgcbxwON44HG8cDjeOBP71BAT1LPjMhoQ0IkSJAhoQ0IaENCGhDQgQIECBAgQ0IaECBAgQIaECGhHQg0HdNDSPID0F5I2CU3idZxEPUlqQ9RJ6nEcYkYEZJ0jD4HyNcE66G05G05G05G05G05G05G05G05G05G05G05G05G05G05G05G05G05G05G05G05G05G05G05G05G05G05G05G05G05G05G05G05G05G05FJqLnSMOsHY7/AJHvdjoBY+5QRBexkkjbaAxpLiIl0FhphBGVifoS9DxwRcx0zD4HyXPwbu9jpGHWDsd/yN3u7HSCx9sSMmC1BbEDDIQlWBBgnFgwEnojG8GxMQYePk5jpGHwPkufg3d7HSMOsHY7/kbvf2OkFj7Q2q2gp1QtNAmreRYRWFRRSsaB4yT6GTwIr00Uh0jD4HyXPpJSIs1zFoOYmn/0j6kfR7vY6Rh1g7Hf8jd7+x0gsfZFUvBae4MpBWIFhIfSThI8F4DxKw/QrLxladIw+B8lz1k0xFYRq6IeZGioMubfuUiszJzEzihvI4sNCWfNC0TJWq+y7vY6Rh1g7Hf8jd7+x0gsfYEssD6P3E1UC16QxREIxkfo9l4VlhmNP1QI8CZMnS3OkYfA+S56lluJMy8Koyx4EEF48MTHZnqFoTP6K+h3ex0jDrB2O/5G739jpBY+wWlYb2EIg9IzGCwbwGWXjasmxTwpSAkEpBg3UbAekNgbQ2R7gHTMPgfJc9TofSKtGXC54y4Q88P7Hu9jpGHWDsd/yN3v7HSCx9VKGB1aEfo1WHSBfQB2LiQoIMx3jGZWSGLUEE+GnMJcxMzN83sI9c3Sql4OkYfA+S56nT4OvEFKwVGRKxl4h5937Hu9jpGHWDsd/wAjd7+x0gsfUZyNCcNwEPqARIjCRh+gSFczwSNnYcwU2arEbSSuRERx1iXgUlWdIw+B8lz1OiwLzxCwWozFQXPDfg8qt32Pd7HSMOsHY7/kbvf2OkFj6aQO/wBCu4glgxseJIRKNLBETVEMBFDD9ZMwvU10U6Rh8D5Ln0Cevx7GMOxcw3YTOvpF6+72OkYdYOx3/I3e/sdILH0jHcJZ009BiYCQli3iaEaOHomvgEMDLLLDDwVP00/8xudIw+B8lz6BHXlootGMZFwUuwbwaehfV7vY6Rh1g7Hf6KBshLAovzpFsE66kmZ+fwl3v7HSCx9JggWSIMJRcOAWLZEXyKiuZpj2JRRDLwDDLLwrDwTYmTJkiZMkSJ4PM7nSMPgfJc9TpsPViULCxiCzAzF2FI+xd3sdIw6wdjv6YCDk1iiXAhIt+s+cWKVDJqVxzNulhd2QkjSfkjzuMxJkqwhjVWGqks09UPDlNX/B3e/sdILXjP6DcEm9YgVEwpiCxbAIQy2wliYH6IqcabConJBY5BerCA1GPef9HSMPgfJc9To8HW4LC1iBaYWYuEZXD7Hu9jpGHWDsd/SxlooPe4kH4619xHkoaa1keNUwtmiR7+vq/go3R3p0p2ECG7r2IlVmcUcjoPFdphMbXV/B3e/sdILH0CYgpT5C4FwIILBshkVENcTPEkeA8JliBFFBfVzg1x0jD4HyXPU6XB1GBKFJiBaC1EFQR0S9D+r3ex0jDrB2O/p4vNP/AD0EaWiLCq75uXruh7Dts96o6saFE/8ACiaazXVPJiizVw5qg/1wrq4oJzRotj/A3e/sdILHrTgY5WpTTwlwoILGGZKuNbMEB4CMUi2Gd9GKBFFBBfWsAHA6Rh8D5LnqNysC8wWhaJR4ShgKOoURGQyL+DZ5DY5Db5Da5Baa5FHKUCuUcxfQ7vY6Rh1g7Hf01vecEXIJPyEe8TkbGSFxY2oGuhbeyI5hJZhRN0Eh1DqtRL3XYyowVudBhpZMVv8Agbvf2OkFj1oWAaCEFwoMKwiw7n1sI2NrIS+jBBFBBBfYVsAkQdIw+B8lz1OkEuNHqbdEhXKHV1ZNpLgoG/UbkuRHVdRnCq0aE2i/agtNjRqLQZsGwR0IPISaClkcItJVC43C5RKI8/X3ex0jDrB2O/odKZS2WbIU/vt/YjIMNvGiR5OTgq9RSeuzd5BWxLTVasluINdCczVA1P3cNDIGon5Y4fg+CRvCeE0d1+Au9/Y6QWvGfqmE3oUxMqLRYFExkMjMcy5IhDZnh5TX9DKCCC9SEYkEEYIIIIIIwLb3OmYfA+S56nQFJTqxaUq9kTpkcwhHtodRb/M22Mk8hQLVS6OBHK0ep4qeKkfGQID7zO10yEz8ECExOjI6H6+72OkYdYOx39C8P/gsC8l8MhJO/wA0xa3MtUpHMXpKot5KtdRHG6aou2+mZPehd9DiK8i9N0Q6Ww6lUVjBMbPUJhTKnR5P72739jpBZ9T3spFCD4Lz6Ah4MtdkcowCe7HUEUUFiIIIwj6/eOkYfA+S56nRjyVg3awVIKmYziDF2acld27nMfXhEy4WzeOKhEG7Ceru9jpGHWDsd/RU2VL5guoOE1UgudqdTz5C8mSJe1B9FKSS9KCWLI5OR2UB7aol9lFV1czGRSdlc9s5/wAEqgzWx31Kh5aLoIsLIv8AdDhc3RTKeGYk4plqbPgf0xNRY2VQtql9pd7+x0gs+tuZCiZRSM5DxokxEKYsjyRAMtGY8cRWEkQQR64IIIIIIIIIIIIwJ8jpGHwPkuetUbtgsIt8d8pupXyrpJSqqxoNyhCiiJruUDiNPRGBHSzQrKMDiku9Tu9jpGHWDsd/RQrd9UJCKV645HFjf5ODh7sSXiaGVpGT0S6Y0W2qVbP9JIkPIl7wZkI0QnfLubKQdk2GW9GkMc4oiDlD8oXfwoWhbXxwJxkxIpizuv8ACqzfZXe/sdILPoSSTNlYTOkEErmQ2UYg2BJKKqWKjcQ09HqCCRBBHoggjGSSSSSSSSSSSSSTuHSMPgfJc9bJKef0Ak8xLcqwTPcmc2MTVaP5FpKVHS9zJ29VQLz2EHZZcSIjQr7jFEtGpuapzFqMbG3i7vY6Rh1g7Hf1qtJodSaofvZmnWnj+IRaaUHCJZEyw7huptHcvNxKE3LM8FgzTnRj2bYiWQl0HEtSicuu4gSsiU9gQchyvgqWT1yDpDSew/XAQlIH2F3v7HSCx6TdxzfHoLV48w42BCcDkpjMtRKUvFUEhIgj0R9r3jpGHwPkueowE5kVhCV4KoUoNMnfAt0yaJEiZIkQMCCVoipCEIepYu72OkYdYOx3+haS1bMvNCmrqi9hsbmhNlXFSWuOWnmPVvDf4haFyOfcpFqISGJ7xcU/f44LYTBIhOIOFm+yEr2RQaFrMqPjIQiaz+vd7+x0gsek9RBpdj222NRUkSwGGHwLBCmGosKCPpwQQQQQQQRjBGEY9w6Rh8D5LnqWxIvAQnUO4IFLZ74P42FPS8e+SCextSMECCRBL7Y93sdIw6wdjv8AThAUkuM3XCVULRnnoNXNzOGWCEpJEGHsenlhlwm4q3Gb6aiXCWx/pCr5c2K1JbXFNTh9Q5DM2+L693v7HSCx6DFuCbNvPCiMrGnwMLGVToQ/MR9OCCCCCCMIxjCCCCCMCfM6Rh8D5LnqWQ1Kd6pjGFPeT/uF5jM7wwQZO49Asm+QrPKUodLJ9EEE70k4rgoqaDiohVWhUySxsDaQqY93sdIw6wdjv9R6205GiiYwQjjCakYVs9BpcDJG2RvkKZjvPUUXEiRk081FwX+sTSO0ur0I63Mw2rk9ysOtb3LoClTJ8bl1wIdqaU9965/Xu9/Y6QWA3g3hMSWVyoTLHJxhx8CYnhOFbHj0wQQR9p3zpGHwPkuetl7+iI94pkOWPMIyDX/BAhg3GqkrjvNRXIIESBAiQFPgke92NRKSZJNkk9Xd7HSMOsHY7/VR290qTxFcKRvKK6DTkKoxYB1DvMHiau6gkZOldRBqwsrEL0fJl4CrjTsXlGSIqslmNryW0SLVsp+cdBNhKfP613v7HSC1wd/Q4G9BuZeuFMiOR0ZQWEsi3QolWbFGu3EuaRoSDHBBH3XfOkYfA+S56nwCYsY8sqEahMXvGSKQjGaJW1GyGdsyTKeBFaZl0zyfFSfTTPqblBSuxaXWvr7vY6Rh1g7Hf7Bw37iz4omUy0VRBD29vkQ9YrjQJVGUymz7EXSk/hDjXQm0q9zP9jP+iUbq1sug1JDRxKNjF3+td7+x0gtcHf0QNuNYLnhurqCiVugpTYJFLJdbBxU548rkmQntQoim0YTVwjzK8dRSnJ5nGV993jpGHwPkuesl6OhDcgJjeLoU6E1dk5u4hYRRGScjKgqKrqF6u72OkYdYOx3+yYTHkJQNfWRmcWPSoww1JA3wLxqEBMmt16lJmxCamrdYtAxjefRfWu9/Y6QWfGfoaweCkiUKW7LUgkzWylxWRnZOG43QlzBWq/PoWxVGtIFQUvsHPZ6q5exenEXyE7TjKz7m2V3v3CFAFocF/fd46Rh8D5LnqXQ4KdiqLJEgmVmxWhntY02sHTLGW4hC9tCSFQIoKE9WeZm/zC0QtObEgatiESVlgheru9jpGHWDsd/tZjv9QqadDURqR+zVv4ZEm2RJJ8hauJcLJRSzbY0s1V7RXmXES0txU5z/AMR9lF1N0ELK/wCfTu9/Y6QWfGfouLGWEMvSaShsz1fCpkd8H31ZyieSCjBVruC55VXAXNIdBVt18xSUEclTXVDHLagnL6YzYf7Vea2Y02FXIdW0E5U/e9w6Bh8D5LnqOSKo5EBzkxjUoq+xHcMdTNiCj1JKfASzwNykJDybQqfTy9Pd7HSMOsHY7/bvdroT/RZrsyRMsfEtLx+hkt/60LreeDl1eVzdEIfZRfVmxm2kOQZHMn6N3v7HSCz4z9FKfCBTOBasUxwkm9BLyh5ID5YqhlOymr3M/N+cNYJM0Xn2K4aCW7EJLale0EskUR3z9hygmlx9C1qLLrYcjSkypcoljK60zF7j0rTwdV7MdLeK+97h0DD4HyXPUvmBbFg2UVmmJi0eTrrmmJ2HvJBrcg9uGBFsJzPoF9Hu9jpGHWDsd/t1JSE78mXEWHAmOsizI0ESDTc6ZZYtXdlspybkVRshIO9x1nMUampcL6F3v7HSCxwd8WS2w8kSWZNXFmepHiZDYylU6n/hOMWU9G7Eq1hyWm+Q7qqtjXiRISnvZK5vYh5tRtewZZCGk6VSMqiU9kVwjwOtAjTy4W0/JFbFfHsM3z2M1zJFv8jX3ncOgYfA+S56nxCDEgpJzIyMayNCVFIQVQrSnMp4i+gvo93sdIw6wdjv9w0nMkrixdw0HttXEJGZxDht9BkrC9E2QkiEiSskoSGqNGEFBEmihEIPAt/oXe/sdILXB39GwlsDFngLIaNva3Uu66ONiE2TYniOhVMjnNrky1V6vSvckGprfmehNpDyyXActSdGbt0MvRs4Nygpu0t3wH17OTaq7GzBKs2J4ImTev7CbbfIMe9l2E5jh953DpGHwPkuepd4IrjLMkyWNS2xzFrvmFcg+IRLFtS5mdYErWiOhfY93sdIw6wdjv8AdVvdLOAyZ9vs9sybrQbwWHLaLv7E6u1p/QRY5Vd4NWN3KzIAgH9kyqDRGw7wTQ6xX13e/sdILHjMn0ZyL7N1uiWnx4LyRgucyWuIappCowY66UUWnUgnddqPTTYWb1Nlo5NxgnmxzGQkTWyc6kimnUBBC6HfwFW22MhEJVCuLORQoa7joPvO4dIw+B8lz1L3AWDSawlg0FcVpcCCTNgbkMEPB4P6Xd7HSMOsHY7/AHlUiELWWtsPmimC9w+bkXf+LDujGcWUaNUaiqOdX9xZM2hMiBd7j3UU3LK50KRNO/pu9/Y6QWPGY8JJHqK14nuU7DAo5gywVZUqnaR1VeqIBY3GsCsnRw3pWpUrUKL8Qw56FjWWpujlUlTk4DSlEqyZBMSVq1uEj6m7jZTwF6Z9D+z7x0DD4HyXPUu8Aw/oVnIe3DFsPWr7Hu9jpGHWDsd/wPdHEJRJI0B+2Ntl8NFw2swj6RXe/sdILHjP0PCYyDjCe6jedyzqK2Ie4ZpQhTRzZBV5Z3Lh7kVNKu0t2MqA89HqhHXntuWbG9HWdUsV/VZsi19xKXoMzbuSAbnKXUU7ZfCpO2ZicAdPQ/uO4dIw+B8lz1LnBCcoauEVWPXIFycdx8NWErJsDc/1sWL9Xd7HSMOsHY7/AIFJGQmh2KDHhh6DDPsRqs5P3LTdEDoZOBnYoEmfX03e/sdILHjPB+gNCa3HoXW5qCcvVv0lxmq6WNGo+9wyrZd8xbSyGHvaFWt0JoMElxEf6PRKbhGtAsB5Ka22zF6DVum74DL9m0VmsMyrHbnWFzJxtRaWiXLKiEh2L/edw6Rh8D5LnpIJaELqNDFJ0eg8oNoSYNf3clLkQJcw8nAB7iRdYen2Hd7HSMOsHY7/AINVCyIoWPkUjRRldGTLMy5Ta7IkNhraPY59N3v7HSCx4zGPB6Yc4hLyzl7qq+B1I1eyCtjtjXchpVtPuxkynyN4JSf6ScsGYuLcRRrrb1KVY6W4q0mcg4WvUrC1YPLZeBboK8uLiI0a6Z08WRjpbQWRqqk+6pV9/vfcOkYfA+S56T5GTJgTmrFkzj18RqsBBoUuExp4T1L6Pd7HSMOsHY7/AIfeNQrPuOxL8Kzf4UqPgdw5kxVay9N3v7HSCx4zHjkwcLZCSJ63bcXPC/0+Y5RlxGn1W6GRkFdTTiJDjGq5MkyiJagsfdG63ZlTt2o6laoSZboSCva6roQivbrUXWVhKZMe8+LHs89kPbB/d9w6Rh8D5Lnpc7ZfkEuZi/sMgm87jdZ/L3KPVQhtMVsKZoRg3TpE38v9LfyBWjI+f2HJO6S+v3ex0jDrB2O/4qmon1EUJR6rvf2OkFjxmPBoy4M7KbuVs9SHacNdGSlCf/N6CR7M5bMRbEzqE4kSrTVsbN1dDIo6yXDCm5nGgUw1/wDtmWg1imp0US1N3Lvvu8dAw+B8lz0qJMVlJ8JkhywdZMJEbYM5hAkinLNvIXv0xKv7jP8AtAm1R9h3ex0jDrB2O/5G739jpBY8Zj9E0QPI91mhmXJnmvfUm+KhStQysGaXvyhJNX4Abor3grU3ZD5QWWyRKkju4hecf71BB3DoGHwPkufWSSSSSSSSSSSSSSSSSSSSSd3sdIw6wdjv+Ru9/Y6QWPGeEYNcQNEFZocE+jLUSbUnooy9i41GzrexWHPghqSk6cIyIZ5CLNm/x95Ho7p0jD4HyXPwbu9jpGHWDsd/yN3v7HSCx4zxtgaIGsIHMkS1olmJCyF0Lq4RUag2QsYI+3Qgggg750jD4HyXPwbu9jpGHWDsd/yN3v7HSB6lSbgbwNubkbnkbnkbnkbvkb/kb/kbnkxs83Jjlm6ijm6iRZ+TEjPyNwI1hwPxwJ0PxwNh+OBsPxwNh+OBsPxwNh+OBOh+OBOh+OBOh+OBOh+OBOh+OBOh+OBOh+OBOh+OBOh+OBOh+OBOh+OBOh+OBOh+OBOh+OBOh+OBOh+OBOh+OBOh+OBOh+OBOh+OBYEG2/HA2344G2/HA2344E9Jp8oIJosHroitRNeB4T/Dwn+HhP8ADwn+HhP8PCf4eE/w8J/h4T/Dwn+HhP8ADwn+HhP8PCf4eE/w8J/h4T/Dwn+HhP8ADwn+HhP8PCf4eE/w8J/h4T/Dwn+HhP8ADwn+HhP8PCf4eE/w8J/h4T/Dwn+FNSxAtEsN6Ex21F9TbRw+Rw+Rw+Rw+Rw+Rw+Rw+Rw+Rw+Rw+Rw+Rw+Rw+Rw+Rw+Rw+Rw+Rw+Rw+Rw+Rw+Rw+Rw+Rw+Rw+Rw+Rw+Rw+Rw+Rw+Rw+Rw+Rw+Rw+Rw+Rw+Rw+Rw+Rw+Rw+Rw+Rw+Rw+Rw+Rw+Rw+Rw+QxSi2m5FNEvy7vk5G15G15G15G15G15G15G15G15G15G15G15G15G15G15G15G15G15G15G15G15G15G15G15G15G15G15G15G15G15G15G15G15G15G15FiRe3pgggggggggggggggggggggggggggggggggggggggggggggggj/4kd0ROhXrTBN2SJ5HFOg+NEvlHXb+41lrXf6DOudHBSVd8SbxfqLtCmK615c6C1SWa+heB2tDi/pY5VSOeb0OdFZjJnphEjFeVeDY+breI+vwlUtsacRObSqWX8ivOJ4iiyqdfTqLkOCJ1+rXtC4yYfwdG8lGa4VMbVpp08fP1IlZJqkqkthsFuJGXH6LvYW23wEFW5fGxaomG29s70ORBRLvhKsNFfPCVQbVxJRmozLUjnyUambgjMZ4NKng2lg0US74NLsJiZL9k6YdWpmRgkdngktpgkdq4pT623sbGzYNLsE06qokefr89qed/wBEaftGIVRJpiWKFE3SGyTQbKyZfAixapMyvrqrYh8c1TeiTot3URDbjGhXVW/6LVtkn0Halho6UTL4F6LVJmV9feoZYkxKEQVEiXJZypCXWJJ1IgwRWJVPciGq5XPI9mO2imocBdo2zcuRHWhDdqUdWOc04C3rzH+zFS3OcJVdYhJKljK/nLXdYkKs6lDulfQhmPphOXQa0uNXMQYEqxKp7kDDVVsXROlUzetfZbtxYpIhFs05D2k1vQVqYjpEDXV6JyjjghmldRzolvfImi4vqpwE3WNwlEGZ06i0Jm4rxK0t8BL6QZCILlxxQpJaaqCLbNvIuRTleWtlh1GaMGepTRJCHiVZaByrSvr2jZnTQt9CyHjAmzTu6MZyoJtKLvYi29sz1k3WGSLNxfRrEexwxiElLd87KhSjq8ymdTfEKiSl79lQoQ1eZbOpF1525aCjn/Be00r5mpqim+O4QtE1bO0chTFR3AW5dWbuKlJUy3zzEN4vcrWsxV02O3B9xqSXnQXViZ5Eog9Wr/g98y2zwWQ7uVKwzM42FmqbdJfALXMwRD3ZC3SkpYLdTLb2G/l61626dFSS/a+slZ1oJVKp3OZKixEXdlIl3RYa9TF6CuyWBSra5NOqcFPnPF98zHK6rUFpb2keMCbNO7o/oKQ5zcxS2kjhkZ0TY1hST/qns9RWQ3OQjxVmEDySydJVmUJWFLPtyQn8EjkCZzpJMI1KjLSkwvkS/Lom2UXt5TJIiT4Msg7C3ErtlNOsUzv0wk72dXqWzMwtohrK9SSG6zLRZUuodUW78xzF/t6cyroWkDEGlbty6B7C/jEsoqSTIdp15tSamx5/XGHqO0Lh1wkM6tMaFmqTMdjJ4yBCi3Wc3ButV5GUZlaG8n3EbU0DQkFyXkzVSFrZoXYRSuKWd8ivdTy091YHtqzpcz6n5kW3NFRSQ0rqjbW+BqWbceIblOzaZYTd4+SzUtasNqE5lWryGncZrWZTj1+L1w8fpOFVzZDUKBDamXD19x4XSiEQpW6rgPi9JtbOdBydAh0MuHdPceR6S1IRk3VR1kzqURbXNF+3LOriq7GsLHe8i1UFPm1L2PP3F7T8szoixHsTUWQ6Fddxa/JvBn6886Ms4TdZT+ONSGvIMesmobHa8i1UHnWij2FR0BcK9hHRFl6E01QpZRyBKk1ip5u+HAa+dBxZCVh5HhW5GhV1VGq6kmhq/KI/BJLGqmEp7JvR6jGrUHDNZBbQtVcFvODa39LklvhbWzFzkq6laC1xRGQZJu9vrm6r8HmtSLB3nM8zWQ1dtOeVPWpljNM7CLapVxZGmPKkyYn2PI4YaYA9vpjOYNr/AIpdaiy7TmbmFNc2s5uuEs0qnpDMtOHVVXCOtIpy7/CfuqjGuJDs6Qx2d9k1Ft77QdF+DzunCqiLaeitamda3JUpWkXboBE6WITXHllSm1WOonkmopk4HkSqDyco81r9C3Mf8fsxMe06iyUhYFnS58pLcCODWJpWULCScmQVaKXGQ5RoNyfYEvRSUVDc6x7fBFYg58GswLthVlKdaImxdYFRcpadSA++oVctZio+Dl7Wc2QSyV/2VWmHDb7XEEE80SspU4BDyw6GOUzi5MHlr5q4F2okJKig6qg0oytBIgnBMbPqsRkkZBlnqaAm49fCtKUCzHCJTFpzN366UXHWBOJbUKWt8nIsWYY9JzCfIvCLUlCiM4kl79Gcj3hEV92OFcKR63IlG40UZK87Cx41MMuJFq7lcKqv2N5e9KkT9Lmeii6m7ZxOWs6DCURIrq9Bat3izLBOVupUlUpd+0/TqzrZ9hQIEVAXNok+iBAx3GgTGjusIX9Dr5bVa5kdAL58RPphTOEJkaXL0NTcSgaXLCBJKmCSVsGjuRFPrIvo4EUFpd3A+Vs8s1LbbQ2qUE5MUmuE1KZMqapb4w2eRSqbxN4EX0cCKC0u7glWmQpVF4m8bCL6OBFBaXdwNulFKovE3jYTJQ2lA2HkhC9dnAkeb1e+Dx5nMCTVaM2pUE5MaNQ7aCVYZCKg0dB+3DGDWVsjIZfTyI5Lw7qcEsYqHGpLV3JJq5oTxthtzBAakR3gkPnI8skk231FbUcKSgtLu4ODxSqLxN42IJQVoICKisiApSItCBsnBCCAiLQgN9fA23gNqlBOT+3fMi48jOuNyUeqMIgNTqqrl65tMEqvfgq1Eqytbbpt/wDBiwqraUvV/QSsmMlNJbsvqIgsSbnY9sVm3FrSqp/REjs++CV54Q12i44pXmQIsc4tLng2lg0VXi0qYrSU2JU76zGzQgoTf2ueKbJOWtha61pI6TXikNKqfhLUp7trbSkMkVyqA2q0J07OGO4xAlVMulZf2qO2sjF1Qr1VuPSXPBBPGj1w80QMxf8AvvMbiETVmJVFktobhL2MmR2S4WmyvwaNKDikbnkoqSxv9+0qL1yN6TRCzgfWGsyyeCbEv1nGU1V9iQSseq1uE7CByUo2leZ9hVkYmzHWrTg5UR9WglnoImZD5VnW5ujeV95UwT7tp7iilSsnl0q4qvBNRaLHqs9s39YI46PjVSymZ6ZDb3ZGqJCwlZGVhpcmSWGf2EiMn3VQ1V6eaHS6W5WfbciJ2nJ3/QL7yqWmZ7Ur/pMG00dG7mMSNlV4hTHFCrm+vnGd5mbE0qHTRdDgKb2jtuvpqtcHIGnavEKY4qgq5vr5xneZmxSc5KzrhU1jzQStRcDpU0RQ8Gdp73FVM3p0y+yobiVpGSioJrJIdqVSr1oKp7W7dEQklamBtrfK1LNuPEJC/KOCpO9nV6lsxetu2JOuqc9SlpSt6Vp0LImpZC0CvGwkEtPtG8qHA05FOq9FrlxhELVRe8Dz4tPoYG6jm2se4pw9ZNR11tgmTq9WXsSEqeZgigompwHl78FHkkonSVbipV84ddU1lsRPUw9dTxm7qRedXWWDe23Cs4KfUfeSdLpQ/wC4hV7BUQT6jM5wE7rNRm2itsVnWcaZFxRXsqtvNbzcpMjpgFmkf1fJ4fTAuZ+ffbG7utLsNZxBR5L/ANCmXqE07hf2Lmq+mMTqgtFW5JQtxKkIVLv2kmsqmSio0Fxmb79g7Shuj1/oFBLjLwlC3UqQhUu/aSayqZKKjQQgnLvW0eqYp9KP2ndBBScylokeqG1/M31NmxA8m4CJ1hAtvqACpLQuwmmFbV4aVcNzzSctZkUfcNTpTrshdRSaXuat7KEcNvtcQNDSZRV2ILsVWG5nCl8yBV+m2FHq4PURST9/f7R4avV5lozUbV1wpJKRWHLi+ChJCwZsl6J6jR7OTqjDmkmesQj9xI7cnVEi4vxujNPdecKhKRRe4DomLNCNXIUm9VIgdc00m1evQmLhk3hIqLpm8vy9nuNX9VJmXsEMw4cWjVSRwCUNFXqoxs74eZf9L2WovlQlwVcJPpDlOnRo8noSAp0mR5EPaBD1NCzLOcqi7PUTVnaKpaSTpoS5m5tuYSWY6dH1PM5ooNc8QPbKcFwQxt7m5TqTENJKb0oO1I7FBrRicOXFT2KE8ixGUta02HxVx1ZNc7/wdPm5qzCin+kkHYaUy9HcgksrDWjuREtP/C21+XcX4iinpEL/AMP0F9X/xAAuEAEAAgEDAgQGAwEBAQEBAAABABEhMUFREGEgcZHwMIGhsdHxQGDBUOFwgKD/2gAIAQEAAT8Q/wCPfXGn5kIh+FP1qfrUu/Gn4KTUY+Tf/wABRkoBL+tOeeShFHcLiMx85D7ua7mrLyUmzEsX3JtHKKkDoqUbpZCDu9ZnpAugfOWADyjTn84w1h5gf++do8swAtVwqFUHk4ZQVONmWP8AdBrKOVjRucG4vzjHaaCzs5EPVralp0Q6E9HUNXStdZrTNAw5+APQjNDEOhZpLNUTHdc7Z8onD9pfvHndcikpC4NkjDr3YylEXEWXlg/24xVQF26RdZ2AKIkC5DXocWxVsywPlM6wggsXKCNPjUSbZDlHmwLPrzK+omuw2LjXrS/MJ2wTZG7ZmhWaf60f/QmzDBm50uOZOWkVaXlMMInymQSOC8MleVAkyq6wJXQPR/tGgrg5mAryhGWl9WJFdtcyrRvpA6TVWTPVD0EKMUgtmS/o6Mqus0tmCjur1Zy/rLdV6xprHQQaX3dENg+qYCn6zSV6sxJRrVKxWcCClIGFCG2DfcgeQmb3R2y7gWVo0lQpsDsaJRqBs5YKV+VlDQQ5KT+xgWq7rMSPokTbH8iZar5RwTHbeJnkmPCcZKrEJhCag1XJLbOMkk/LM3m4baM0YWWtc0Vx0z9IBrmpdALLtEtmU7piFekDaVDVv0hRpawJA6GO2vr0xVhCmBaEFF+cSCI3BMQqWdQhEclQNsuNFctctt5sFEEHQMn9fOVo5WiLpU3nZC2NsHBK0C2UYYiHVMNNoXKA4JaiRtcU02bUkbJr5zu8xDM1JJlnKguVtnTenmbJmyYHoPSdr6TtQW07E7D0nAek4T0hOnoZvCU65mrmPtNKfSDFF3GGdOmG01wIaQV2uD6H3lwhL7FkXoUwdsgXSdxyojbD88IihHRux/rYXDaviMyDbJwTR2YUqmuzhdEYiqnK2uWBUS2zVmvuTEiYjG7yjV0no84OpQ0miA36EcYOt0s0ww7s7j6TvTTmA3Q8swiXK5IA6xyUiMaDMv0WuMkfEvzITzkCABRvihDrqO4LImyQXDPMXH3zITBMJ3P6yrZBfzjT5+6suOVy5isAhxDwOAuUDXxcFRzzFm0POaVlg+kmScyaXMVLt1OZNFAaS3Ql59I7qD7xtq9AIlc4E7M7M7MW2lkO5ENFgeqF6kjvlwYxYVpBChltZbeK5Ohvli9smiKmBKomDWHADtpL8UjBsmJIIdSsVDRIfD8jC2yCUj/VQuXA7ZL96FrYQ8IdpgiTujCJpOQwYYRugrFDCE3IYYEjaVB9KAZDz0Rm1CZWA7QNhLMtxBNCHQCVpaGiOm6giW2EuSxLmZT1KzIwGeMISdA1Ka6xHEEZl4dstIMSNgZqROZjwvi4U4jTTEaRBuRODeytpkXcXoT+pqBXQ3htF5DDNSznMWCazLqBi+ccuOCPqQffJjxhIzLKAJZkANt4NmXvHmsRc1C8EXY6MQOG0SsKsg7bpZMx2mdqdqAKJRAoO0Iq0nYnYir0MS6QpQXEqUSmLJUzEGF0kXlIVV3clZVKYciQxEfUNQLBU0Y7DVVziXIPe4pbDukgqMFNASyJZQNHA/1FK6Ay6VEl5dvlNZkxmIYJoxq+jVcRQGd2OsmFLUG1mzEhAhpdpxk53XkL6sNAGkq4ccwioABU7cAMH8BBgzZCQjGMaGkYYOBG6YZlDPaDKcPSwElomoygUlrWG8Dv3YeSviDlqLZIiZhUWiAr9hxgykcI2f04WxuRDjLBatYLlh6I+ftL01Oiwzavsj1kVtvHDAEBBAJYnSbu54nUApB4ETqqgQCfWAKP5OZYSzkcSrCVEbRCKY7YQ4qPckos0mQMNQRxhbcg1VcQ8So11yw4jSG2ZNJW1edkI+Be98P6YtdG6KkowB3gmWFpif8AkIm2C3jxalg0WpY1fslQnFB1uJTpA1QcEzLgmf1jZtNBP52okchpt0GWNJqmvU0rEPRzFAJZiiZluUAkVlhaiQaoluMPrBjC67D/AEpGToXMo2EbVl6Q7EHWWePTHebbsUFrUgmcsVQWrRDgoFR0E0eaf8PVY5eiSpXotI5h56iZVRQMHcRsiBilJLHYDhHZLBlL2QJe6BEHPCBA47g/0fmE0RHWYQzGYIqwGSv8ZoHLpGIBamMatZXNRhzVR8YYy/lAYBX/ABxdGu3MdB16Dqh1x7RbgzZNAS8kZmUbQ5VMv+JM3EuuoVqZgZ8+YIm7m5/RmO9GiZlbYpVEG5iMN/N7TcTukxhuHcEWuiA0QegjwYIo/wCUhblg4BHwazDNdCo5hhHMtEJdYsm+QeqyUhWweIyoQFGN1BiwhLQW10P9EBFoXBTwEdBWVL2t2BqwfMlV7bgGzsdEBbQQVCdKf+ZlZySwytiOuioDKIYuUuGqMKllKEIIE8qWKcRbMiIr0SxHELpbQk40hiSCCUpH+hHWaY5lrcZlEteZRpZgrWMw32mlBBLFg0ITQ0jn/oIwzBrpUslLCxZgEEi2BXeKYM7R4AFY4QhGsKbmqhTGSJA71Qqa2uf6CpAR0CKQ2bykDiZSVqj5sgJxYjqGVDIIr4cyrVzFyleX/v8A01m0lYMd5cdSRNmPT2RS4YKYBbhIpZGtLX0j3fSbQIyVD4WzI2fObdLgKYFVog+xqBxf/fsXAsV1uxBU6AVy/OhFI6KGEOqC4CAo/wCuWLzHt4TfAjHHGkLMlsIACuYQ7HU5j8Mm0vhKd5eRQxwi4NmBiGYZdYjhWSEtdfzwRBMnnf8A3UY6qK6610nQxpakyAlZNytf+zoUTAvGImklEFlEOVaoBMQzhjKoUzUD5y/2qGrlvbs0uZdGZQGHuCM6Vc8wAFP+2uk4i8A3KQOxMVzWguUbdmo5a2hrMKr/ALREMMVABypZFOiZXBclYSKHF/ZLELejE9ziBW4iMiCuJFVQje5hllvpzMUodb5/h2WLTTmUOJc0285q7bvU/wCLfxauJeD0OiNGVZNGGURVv/3UrSVcWMsJwwdFh8sDWI1WHIJgP5RxwmE0aHWEGLmoAmUiEKMQwyiCwa2vBMJYiPH8DYytHLMobvlbB1AdRrHapRi09I/4kO3Ipw0JUQmBBBqgjNMSreU0fH/fNbcioktiJClSpmpDF35iMmoK5G0d1UsEIrjDe0KyHQxucCX1d/aCSN6/HHJOCMGxxUsUU5kOFbsWQumSAshtvPOB4dBG7/4LiWgzId4aq4xMcpTgwHe1BasAAf8AevoIRjilMSMokM5nkMoJQt81TU2d4yNZHD0YhMBKCD1kVqQf0GGnNs6hhW/d/HeYrY7MUoBtsw45+mkGoPfQjLMt9YtJyiU80BrY+vmP+BcPZmfjCV2sBigxZDmEMYv+hcnJLkaErob5EMGVNym8tKd4RZqqGITossiKdYwWUIJwYiUxMOyDqww0Y/TYBEsdx+MyCEWhh0hHsmgmcu0UtqE14uKqVzqBKdVWrUv5/wBPKIApywwgtDFYhprEqWbgL/QwBTBK5H1iGGM3ToGZHYxjzmMNFMqDTzNaG/T3DC0TSDZCu0SqY1iTXle55S4gPqeZ8Yw5BmqJepFOlwDMlLGHDW1JnXoBhlvKHHP/ABf876fowlaC67eekMZf2JAFamU9Ghn+iWR+hUv6AaYxnSAZeBBLhNkGXvvhED+SyuyDGzPR1I88zMdvNVKjTn/HdqHc2ZpgTWA7BHzZRKqOmvUgZfYCKfYMP8wCN8MLMg14VLtd4CBaYgpgv5CPTK0ukZ3FT+h10AtJmoySpUTGAQjsg8wVE1mINkIU5GC3DbRrmjDQMCGp6plYXDxFB7DdjVQC49s07HNlRyh+WZdlh2wQO3yfhkLVco2iPJgZb8thN4EArAc4Fsgajcrypu6wf74HwjKZ23ZmChvhZRwH081GvpCwg8OfT+EpjOBnJRzHXIu89UgXJQYywwrcZXY4PLMdeE/olqxrL4uAk1gjEsijpdmE0YllMDcLEQjZvBmzDhgcu21jNQLVOkWsEIBQmrNBAcu0BXKZ9I5Jww0pbGCIOz3+EYjcRc2Ok6AjgzDhaJyzS8E04uAa75HIkIpW96Oi6tFBCu+8uCW+m4oyqrlZWdyMCVuP4NDNQEtmo/cIHTDXKeHVlMnMqcpfruwz/Rg1FzTWIxOqcWqmXCwZhhSP4rWqWHnw8TPeBWMGrKUJdbAjUDnGFxK1zfpVameA+p8IBQRtXPG0Uqw6zs78jE96GpiHlp7o4r7iKLG+YOuaciYkALIZGBJcQ9cYfqE13fwFqeWAjiXIwnDBNOcRdQu6pnR8j0KA2FbXmClHtYhUj/R0uCVMPROglQz0QYcBYzLOLYcbjNMHJEVrAeWWwAuGZfEcLzLBjvchXQbQYFAfIfhuAxqKoAiUjMN6xZmAMrYucLMAwtEaAqod06n8Bq7EqWw2OG0bu4mpl8kpzXKUaJXpcpCG9cwuRHcdEhP6e2sY9XhHS/6RqJDqJ59AuIkc4iLoABp0iwswhrAprMaFhSIVb6QOSO4tCQzcs0gPLh9INwlTlBHcfgEQGdXMtMVFcpqusxH1DBOEG4zqEVcJgrUV0gy41aUcsKwC8oEqtmEbZ8dVzyhpGeG1WaVMVjU0QvY0XLw38yecvwW6tVR3W0LxW1WNEYIqMLF+12WVq/H9J5R6JGLOhXYNUkCTNRiDDLjRSEBYVCJunoXjKY26hENuyGdIjIy7x+0GPY98niQekIcsd9StLiNkMoU1d6mYhKHchH4TUbmYQqMyNwjB0Vu6oN2aCW94uQwaQBgvbistULIBD41J5DHZlTJPnULZoulzeEUdiBp7zVKUxTRvLkdiIXTitQOMfmmhwR6sSq3b+koROYlnR0HTfOhCUl7Fx4KLJKGkhjCdGWswALKG11gziUzAk7opISKn2ZQ4DNNnwiPViZwWCP4KhohjUphS10wwwQMdbq8waxEItgxzM7n+hBmoraHmLVuVMIl7FWzR6fHrobx14w80Kl3KDKoCnMEaGhaETjY1gcsGlr8oEWZY3VAcG3q6RizEE4oen9Jxio4JArxcFBwsTomvS5SnTH3MQYsh0hANPSSIFqEQULJOboO2bbBDUK9EC0pW8TPOCLBY2MIKAGqsISS9KLOGk34VwE1UCwjAbjOyuXCzQk0JkZVObxA8oAaQdI1dKCBN8e8RQKnYgMPjAELQilMAuWldOKqFZB35lAu1tUqLdsG4JartDBgTzkI2uNNqAANg/pQVBxRliVVcQahuJ0bxiVRZHF4JEwY4pU2GMO8QVGyhwgiWQIIx1hhKhDETp+OhU2dZrqh2I+SvogKQIomACNLExHMpK05I5W0QtNUacCLcDobuivlBQx05fjVU5GYDEXvRU/sCmIsHsiwEuO1Tey8xOd75qNPfFWReVDCIBo/phS5aaVqMIHwCbuRpgozRMBIDbCpGVtBywZR3TogLZHqFncyrgCyG3iaQRkUmEvkYV0JahMuHTUIz72Co74l6gVXtdRirLD5xQJTpGi4CLLZYWRKILg/gVPc5g608cQGLtLh8kxmkHSDBn2SqxZKBZulf021jsZQ60tiR6HlEQqXGgQNUJUIusxN6FKhTEQETQcoIsiy9K8MERRBtCBV2m0Eh13lEL0UMDSGvMruMA7QDaQ7l6B0HxJqRCIpBaHRSEfPbnid0S/HUTtAasxS7+UzFEWV3KpfGB2gBQbf09VYzM8UfnEfAZrhHjLzKxcqlQyhGSLOiTXRo2gVJCJZYcPXUwbE4itkC0piVIdtmJAV3merEZtUNj2CLZkF8QOeZXlgGk25UFsEc5eDMLO17mAGD+E2BYUX+pVvKZM+BiYgFCfLTJOeCQKDMgop0lTYZZtJBZwSGDydHHKt0IqrGFJU3JcAi11vTtMm45j2JXsRJiNZtWO5gmMYKsQJ/iYjmYGKzyl/wNsRdbMzvE58JBoIl/wBSp2akQL6vS5mZ0RPWXcwWCYShmUwQmfIOWwUDBjMI46b5kcaZwTOl8NDDKwgjXYkVnRZTopmvYtJkYI1yR1jXRjndO8AKP7WRKw8xGO/RhxjoHQ1RrG6iYy+JkpxEsFkIUjrXQGUjSCxymC1Lpal3rDMpiKyYjSFnbe0uZR13kU0qi5SkCDFfaiOkzO59o1BgN/7cIs1gRp65/AcZia5wdFYYCRrzLWYCDFWnNF1VBAwPhlZ0DY9CjLRFrtJKqriq5Y2CRQw/NGKhY2R2jR3bFcBViMWf28Cu/gS8Rg3Z0gCmOri2VBBItR3hWg+hLuCXHABaEwkNd3Aeipl6QnLbgWHrDNXnLK0BSunMEQV3MyrGeoAcKoZGTRgFzYkCQQQUjeT+4KPTfJZCucPQ3CbEKYlhUJ1lkCKrGpRneCZMyp4iILC0ILOmsyQfrmXkPnBusMUZ6xy8cCZkqiD1YgfQxLMD41FarINcN71KAhVvzquKwf7YCUxnejqypwx6vaQ4Oqi2RDmyILI6DEEYYAhi0xjBhAgTZLR8GriH1cwq2OQOw6zXz/KbOpirJdGtkmqQmEMd0gJ+Yjn+3JYmzFGvA9FOlZFIODNlyS8GN9KyhJLacK6YZKYXflnaqAis78QWHkuYaXxUR64aTXo0c7BL8pXdhhq/XL2IsyJbNSamiTLE02MEf7cmEd4YXL0qMs6FvTriESJkQdQ0xyzMGIIRhKjMeCQYqVrAPVasDk42sNBBKY7yOr8DalcGXVmNui+SHWCAlcKEthRNj/cLDqvQXETrmuVAbSDrFp0JFnzHcFygMTxAmbgO6AmWtNKlTEuA3luFYAVjrMCWuqLUETGXQxUZto/uC3U8FQXEroVdMQxM9OnSMJiuGaiXZGYg3YsIWxU6H7mnmQArpFSGicEuWwXDGaYD0hMX9xq8+AwXKq8AFMry7iVZRiYwhtUwWoTzRvkLJpH2D5RkgzoCU47uUS6OJSUlGVHEWDr/AHFziXZhtXVOm+RJvy+UyoygpDrL8EYL2hC9/dhgJDzVB5mYFRhcVg6TqYYscwFVMLQ5jtlTAFTuQSD+5EZ1iNPr1rrVB6NcqMkKlMSQDmJ96u+UcAwSoZqiWjGYK6UzPLBWu9iVr5Vx3cI9v8EWvzzMKGn+506Y9HVzEnHKglHRyFLXiDouhCGjMtpt0wF5imYEFGSU5IMgkFZ5Q6/4GHUW2NZ9tGeWuixkb02JQiAnVg2k+b+5gVDutuqdL4wOhio+iwIA0mC8zZQkepDQWxheYiC4sGiob0TJhe5Bu8iwgFDoxMngtS5jL6JLuLR0dYOQHZgHT+5IOswvfrXS7oNpYMKXnLs7Q4RacyMdIgLyIaaInn6zXpjgbCZmdyuB4iFio+URLaazMpTa5e2aBKWDQ0iYlmZDyEqaoiwKog/3J1HgroLjiC4iINR4SAWYKPWPEIQXRBGsy1xBBzla8sAHyuD3lMyax2YoZXWBBGAg5miZPTIAgDmVudxXIAhCyoeUW6wf3GpuTDUTqnS2NYIRiqNDEFvRAoZqlAjNkrxwwHJHcS1O8JhhmAKCVISihgBS9KIq3jrzLCN6EKk0Rk0DbmW6iZcQoBrCCgdC5ihfcbP7kgOyIa4610S4i4QnYM0FxEKaQLJXBBGqRSEO6tY6HpHEuGssDmKioJbzrRAO2pCRJYxA1o1cDNjVgIegcu0uyLBxvDavBxKUr+YxzyU80/uecNTxglKraNkFXAENEXJ018ROUYJuRiiXKQGWWQZjBk6PlVEdR6Q/dM2ll4cqy8BZxLOsywxP7p3jKrq9Lui0MEUzcJwumFjmIPsvdGsuIcLMMWZjsSNC8kbOKYekUfVu1+U09NQ7Tt0izEOMf3UBdmMkTowI5iQ9Js9CpX0EYauhBNqC/gWXAUxI1PM8p/kwI/PAAaEQCdwRUgACHThQUc/7sRpitHwNoxbGaZmA6wZREiyK4Zo4rR3iSDBvL8wjdhm6wMqU2q2CEC1VE9Xfr/eOqEJXlFrhShZERRiI4Oswjow6oT80Gw+W8dFYmSK7NvbiBw7ojHOxKrxB2v0AR6dFK1EAAKA0/vN9RdSFS6406EsYZVGkroI1SYWGETDCcr5MqMWgdX2wO/8AgHzL1IyuiuiXorGUSWBIXIN4P/wQikcrqroqV0JesXaFpXJ/8G0FLCb5YjACFeGoiAhBXV/+EVFtQgrwZSjvZSDBYuEiUHz3j/8ADK3bmV//ADXUy0Xbmoc30/idz6fxO59P4ne+n8TvfT+J3vp/E730/id76fxO79P4nf8Ap/E730/id36fxO79P4nd+n8Tu/T+J3/p/E7v0/id36fxO79P4nd+n8Tu/T+J3vp/E730/id36fxO/wDT+J3/AKfxO/8AT+J3/p/E7/0/id76fxO/9P4nf+n8TvvT+J33p/E770/id36fxO89P4ncen8TufT+J3fp/E7v0/id/wCj8TufR+J3/o/E730/id76fxO/9P4nden8TvPT+IIVY8g/EM/QH16KVjJh3rnyf5LRWitFaK0VorRWitFaK0VorRWitFaK0VorRWitFaK0VorRWitFaK0VorRWitFaIkVLMlv8IgCdLJ0C+hcVG1cYXnrOxN2JuxN2JuxN2JuxN2JuxN2JuxN2JuxN2JuxN2JuxN2JuxN2JuxN2JuxN2JuxN2JuxN2JuxN2JuxN2JuxN2JuxN2JuxN2JuxN2JuxN2JuxN2JuxN2JuxN2JqhDXGVzWCGboB9Z9K+8dp6TtPSdg9J2T0nZPSdg9J2npO09J2HpO09J2npOw9J2D0nYPSdg9J2D0nYPSdg9J2D0naek7T0nYPSdgnaPSdo9J2ydt6TsHpO09J2kdRTpI03PygdR+UCKNEiuyO8CK7ZzTcRdeg9x0Y2ThpG4QKIcN1PaeDo/b4RJUvlDsT9Xn6vP1efq8/V5+rz9Xn6vP1efq8/V5+rz9Xn6vP1efq8/V5+rz9Xn6vP1efq8/V5+rz9Xn6vP1efq8/V5+rz9Xn6vP1efq8Yp22AcT2ng6e08MOf+ihmL3nifTvu/wa+BaIFqHn0kJhV02a7Sb2YF3h9I7MtFbREi8RJwjIZtKVFkW4XJU2hnCQJ7p2nuPB0932T619j/h6pvaeDp7TwzV/0kL2nifTvu/Ar4yO0DsowrKaHmJZGa8XNMIWjxG0YRYEhi6KhKymsprL5fQCHBgykQEq+T/E9p4Onu+yfWvsf8PVN7TwdPaeGa/+kre08T6d93+GFwpADli6DLEVaKWVNPIcdlm0aD0QMB4RhlpBnDEIvoAQ4xhEyt2XPaeDp7vsn1r7HhIdGAsdQh86jqi+WKwP8s0xH5GW4h1YR8TAdA8LNU3tPB09p4Zr/wCkre08T6d93+CCxsMBpuxF67LcXsLU0Igm0Rl+3VgCAOiykWPSPQNOipeZf1R6T1awx8gr/Z7TwdPd9k+tfY8J0o2PdiBAaycmXsVwi/PEwBa+szayzheSJkBcoUQF3KZUK5GJUkMZBnEY9XqaQ8L0Zqm9p4OntPDNf/SVvaeJ9O+7/AfgB3zHX5rLlm7OkDwSnpWwiHAHQxqIOgyyzVF6KxVjrjdJdBYPBpf4HvhSgPuT2ng6e77J9a+x4nKt6PAcxx5iiemErpHmu8oZQQ4SLsW64h+SaQwE+ZGPV67fAM1Te08HT2nhmv8A6St7TxPp33fjBu4OZcn9UI73T0QkK6xv6JkOpfTohddtLRejmUpC7S+D2IHUhwPpAO59JT+SP/qQ5/pCr/SP/qRaDlw7qfKe48HT3fZPrX2PFkTzh1hba3gzNEyU4JuI2/JNU0Zrl44nWVHwbkZtHwPXVN7TwdPaeGa/+kre08T6d92V8MiYwPViTzfmBlqu8qCVQIfhYWo+DxIyEBiuCuYZaIfhjjWYGYKHoefTLlZnKTcr1muP1i2/1i+v1yrd6wpr9Zxv1mtTQzxdz2ng6e77J9a+x4n6mZuIaFiypglts28c+XIwZpdHk1Ho+B67kY/A1Te08HT2nhmv/pK3tPE+nfd+IqW8qnH9skgSrotL5i6BC1GcXRYtIl1ZqTpwek05MHcGBtuCswjMDNrNvhCNKER6NGvQVFu8SWYSznE9p4Onu+yfWvseM9/l1lZRVTKqVD6Kaosenbjxr0erp4dU3tPB09p4Zr/6St7TxPp33YfBItYuYItWzYiFMq6d3UaYFRY6dEolcLdB1uNtjGWUizfXQCt0A9BltbmfT5+tSPUW56Pln5z2ng6e77J9a+x4vrU3Q3wwMXMAuE+R0NOX+RHVzS6Nwzh1PFu6Onh1Te08HT2nhmv/AKSt7TxPp33YeFsqvBsMMR1Ys1AFFdRqx4CNIvSAgkJykAUjADFczd6AQMRpv0U5l8Sdyd2d2JwGUN4jmI5leelPMrz0o5nmh+XD2ng6e77J9a+x4l6iK1h14GEu6Lgo6YyFyzShodBjoTU+ElV49U3tPB09p4Zr+CjN6hvTsSwhHonV2xrTEGRTPAzLSQppaDK7c0HnD/iW9p4n077vwWG0NRCXNno6agQYD0AhiL0yFrDNX1lpyqPTmVNytCV9OzomQzeGbwTeH00Y7pqy3xa7dLRvLj7TwdPd9k+tfY8Tqc6wa8YkMGNEi4wULGlDSXcQfaHU38/BtNJVnj1Te08HT2nhmvwoCq0Fq6FGfpH9kV51xJrrjZD+9KU0CO2ZMJ9uHj6i7G0zui7YFQpS/JWBq7qWGzNzhs0xoWAlRkGT/iW9p4n0b7/AAFcBM5OAgFqXoDqVEPRZhhBVlhmOgxF+0HLlIM6FEEht4RFdGaSMeOEhIjCQcTsSl0leIDiU4lOInidqcKA7QMX6Y9p4Onu+yfWvseLGE2sNzHBDWUPo9e9DrQxFTOdXwbQ/MHx6pvaeDp7TwzX4VcqA+5K9Kqb69fmwUrYmAMkRKGc6h5IFAtHvZ+GG72MRYy0OiuYyDLS3W9eJQWYhfOi7ovDvE4cPIypVJR+YaOGH/Dt7TxPp33fHVx2nnF0BpmhB0EiSzoiL0wS2EnMwT8gg6uJQKOtEQo4Jph0iOs7UDiFxChQOIDiAlOICUnklZ5ZWJet83r6XPaeDp7vsn1r7Hi+rQUfKZ+ShwVLhEfI6t+vlKwWL2ZmRAHMj4I8TNU3tPB09p4Zr8KXjSHdj1dFiFOL/AD6zMFMD31vkRswmndb356wOQXI2sHNTQxUsC7rTgEtYXhBl9PJTkZQy8ihVwJTIZI1FCItNBHm8y6Cs/wCFb2nifTvu+MknQmZLYc3C9SEujldSwkYw66mu1TMMq6equCOZgTMLoC4gcThQ+IUCB0TKHQPH0axh6T7TwdPd9k+tfY8WCnS+TLoFRDCuLaNUOY1cSpSXxIByxw5bw1Fu80wESwB0g8R1dnEJICGxYMQj4tU3tPB09p4Zr8CWrgsXZdqdSa0gdS1k1SBvyV2JO6/VG+hK5m0BmnFqcTLKeO7QBDsB94bZNOyq3FpUzksmumU40sLDZlcEdauMq8Gr6S/+Db2nifTvu+IzLjYDcVw51jHkE0ehf0Bx0sqqwA0zcNoIU0SiBuuY4URlbO3D4gkPxCiQTToPgJ7ePX32ng6e77J9a+x4vrcek8MWtvuF3ZxY1WL6eWCMCsUg9U19L5CHQdhJQqd8kSZJ8ptfSCjdOL7J3nqRxn6iMxfO9XCS2gbu0Ko5OmJStLk0j+PbNPG1Te08HT2nhmvwJdU8/bBQAQzat33i3qvR+tSF9TFwT9SYipa+LlW3iSyx32w5Q6e9rZy3O/n5AY+aXscqu296BCXZQOawjqXVljfOlFrK0SWRqBqEusL/AMC3tPE+jffxEsbIt/Nw80fAD04Jj0KiDedCWy12u8CyVQAqoj9DERXlK9oBt1IOokknXHxp36j3cT3Hg6e77J9a+x4iMrYtq40JUVuT7sXIdxQxeCJ/UOB7OP2MICXIVgALFIRoDRBntMBFOX1Svf1TzPVPN9Wdh9YlZu2pAAWAa7sRCLcWBWIcblLrFZbbQb8mKLZ4tU3tPB09p4Zr8C15qu+7pF7UTWZde32aaAHpC2ffjRByEe1Tqh7RYZQ7nQfP1MaxPZB2K7LTtHacJrerkDl5WLWvEXaDMcd1w6MKLVGF7nNwfW/i/wD2OA2dH2D/ADre08T6V93w3LANYzSDP3ZWEo6Y4OnT0VnyjNa7BE4iBCKGWL3JASvxSIQQdIiuglQOp8H2PlPaeDp7vsn1r7HiyGSS1F7bBcdJwkDsYIRNjSMupQASrLAhGlqmU7QVRdff7EQfLERCAxErEyoaw5QNKf6pkg2GZjUJO7s+ni1Te08HT2nhmvwJU6vr5FWJoI865evTjTe+RmjBk0Klm6zLIBZlRQfmNGD2oVtFGTsmoxB1RG7IvaM195Ra8nyfljahTh3dh/s0EN77VKM7zDmwUXBOa8xMMuOIYsuGZRiun58QLqoIA3RCELx0bou9j+R75x3kH+MxG9r6hqQuJtxv+Lb2nifSvuy+l9LliHBLnMW24qACPQaKS6Q1FwMIZj6RRPMcLMmqsZdyDD68dKSSRXSoTMp8O1lZWVlJWVletR8n+J7Tx0932T619jxw+Nw0yB6d1obROYFABRusRU4i01GDhBQstExEp5MRKlfsykir+whirqu7sOtdDHKi/ec6K38pYq44kRiM8ZZ4GapvaeDp7TwzX4E0NTSylGo6olc1wa1P9jKUl5j5MLSQtskLhWnyYc80Qn2OqI3ocDlLH55ercQI8iR38JrJfuzYNXdfM1greavnBsbw4S5STsqx/v3gVnuPt0ZsQYfk+Tvwcl2lBu7ud8jimDFovIYvz5lNX+U/OCqXbefmfw7e08T6V93qvgM5FuCcrerCR1cYIAAh2KirlilTH0gO0Zjwr3S7zK7wkrA1ZkVywfC6nhFQ6FJQS+h8YA8ULv5f8T2ng6e77J9a+x4/JUIiCdLnmZe88Mi1r+cGBTlFZqKdzbSGW0yeaZULVsjpWFttHpTBLoHjZixXwfmzYK0mEro1BC0C2BAT/wBImgfWY9YlGl3vrqm9p4OntPDNfjWvYhh0UndK0PJL5iKHcxuHKHhrdaLmRdu8hmtuGqilOag884ou30usumLl2A9Zr1ABipPlTEayrAFKKq6AywxXc/Ru8o4pQvkIqmgspbS5Lmm6pr5+7BUQ4QPPPgJ20Z1ORNk/g29p4n0z7vRZcuUHkZZcdR7ENlQWmaPg6XQqsi4eRDBLsFMPwip4CugDpcPg14K6pPsf4ntPHT3fZPrX2PGG7HHQO01T1ZMrvLKTwBzCCMvCH5v3ZQIzqBiOV6TO+E0gwHYTcUdiUNZc5jfnNc1E80L6Z66pvaeDp7TwzX8BVNbFftR3Uaw5afp1KNz2S3i6lLRLPbMKEs9LK+gaAhlWGLvQmSPD1JVM7vdlaekUlp0ex19WIGC5pENJhDGnrEAQar1X2XKAMGhApDY/lSNvyd5ZOwCJoj/At7TxPpn3ZfS5cqiyGiwcTMAu8ukXaG14OH0VGrEpdxzlUIOgHSpUqHgr4QAqV0MV0VKn2P8AE9p4Onu+yfWvseL6DGqNftLDE1yu1awebm8KNYlU5OkiW/bU03Zg9KEvWJ0X0qXbv9sdfEA/ImGMmUbTmczOZisuuP8Ab11Te08HT2nhmv4CqVKlifMbKlm9rZqLh43sioXUiD1XHJM943crNWbjyh095khYGxiMkERsH7vrAJKDiJbiMQAFpaFMDVPkZjo0wDnld2VBkFwMw0kOeLzBKlDa9LKp77MDFKraKau9fSfwLe08T6Z93pfTKbAh6s3p/TBysypkg6JdUwR9JwiWRwOqG4e9uBwmsPArwHSvgAKJSUSuiupWVlXpo9vE9p4Onu+yfWvseN6DQoZ0yVGNHbRhL+KppG7QNmYEbcwQYEKOthEphfHMDnYtg6SDG+TDaX0ploKOBrFNyA/oj76yPyzKpQRCMAqlrKvxwHT0iAFB11Te08HT2nhmv4iYWUc0vMIiyAuMgKt6AsTUNhTly8SqG8VKFNmFOg4Qym4M0TkvkuZYjXquVA173cs1QxgVVlXOxAWEW7euy2NGjm0/0xmo095C4Cj79jChwoH5cqKgxY6Oojb5GXZLbAOksUDRB8e3tPE+mfd6F9BZ3OPml3R1S3HGt2W1Ax1R9OzpVe0Fr5nSuiulSug8YuX8F8Ps/Ke08HT3fZPrX2PDvMT5YLzHkNQo0v1hxKjFTa85TVdA8o3UnA7l4R1a2MSt53dCtPlFFRNKYBlKv2Oh3Jn16Xcie8C7tv8AgjKOBcm+fSVEYCPJHopaXieqb2ng6e08M1/FWGunYOMeVgAE5+GHh1IgvUUTuQSVs14lBX1ixUvHcjgJcIR9EbQidCudImGSG3cDaD5/4EpGxD5IQW+06kLyFvguVBmZMW9nQju8AOC3+EuhT7lzCoAG4a1yaGH3sV8db2nie2cwy4sJHQLEb6plg9pdLDWENCbSyRAKh94IG6OZhafJA3JYZFBLwWYRpntL7HEYbQS/JwxpyaMrwCpXjv4Fy4S5fgJ7PyntPB0932T619jwkVfJ+zCVsg7RMwajVlCS2gw+TsxGPbpaQBaEWEsUGZOZUmuYZbMOsEfwsMSv5MTLT8lFR5w4JbBwNtBUph9HeGjmp3uCsGeTrFDJAR17mCUGDaPh1Te08HT2nhmv46qANeGspDEtuBxeWpMCnBLsg+QfNiKmw2pg6C0+H3IBxDMcgdLHKHXV61UM1bFi6yM3/EzazfT8t4j5jwMzeoZVlNODpPwAvuOIjD+TpB+Nb2nie2cwxelU3UohhoJS3DV4vrxM4hp94nsXBQTFPNUF5VmUbyLSWH1wi0Pk+HDvbqHhLdE+isRgUdg/2Cm46AyNyvvVplSpUqV8G/AfDJ7XyntPHT3fZPrX2PCxjXicTSVepBgzat4ZhwFYJb53iOr7seGGXHzhVTGgBV12Ccm+kHZYC4jHS384KK2ldal+aIZwJQrDu2y5sYzv+R42qb2ng6e08M1/wVUu5G+DBAAEpC5gNOKBlu+iLAb48+iENZRfsP8AY67yEB2MDC5iBTg7iDrdRu+8og8co5OV6TWYjw/HdvaeJ9K+/Q9LDvPQlRruMJGUJaokXm3/AL2F4nLcDba9kcMuEM+XQRrH9S6fLSS9KIXhVusxhToBauAloQYC0l2NZh+kguJ3lx9tsSGaf9ucyFJ+sPwkGk2PaU2e5Elfyb66PdtPaeOnu+yfWvseFi9PBZhQlgOJXdqJFihzTAIjqY+8wZW+WJWEOBT81g6LXDnJqT5St9LlLQztbGwBsXWGUaTgfWaigMuk1G4PvBuzJuo72ZKwpQlgQk6AA8ugupuhp4dU3tPB09p4Zr/hIKXpUryGV6DycMcBrpcKTTRMbKoU7LF9cJH5YmFQtNHd9pHYdkOUY7s36Rm0sH5zSIJKZf8AQYLW9OWD3BEcOh3pUtX9+otrTh1l3fMcMDfw7e08T6F9+hjPpGG4bK6OSsbXOwL3ZjKWkPtGsAiWMeg2pEyqqY/3xn2s10qB7hlu9huJpFJcPAIKAl/V0gA7lahcXb6TeNnWYG1IzRsEVYobHD775E8FKjAmw/ciKu6fJbSiXgf4N/A0e7ae88dPd9k+tfY8VHk5d8M4JvUFKvYKUbhpEZInfbcuoA1qjByZtxyVsBuWoG3jfGYDNXtDFvX7UFvR07XBoMUdEleA6EN+g8Gqb2ng6e08M1/xlRBK0rdvt5tANHq3ldpl1i+R95NbsjHSmDB1BNrsnQP1eIWJVatttsXjC6dpqxBL0F/9GUGAvmt+s2QsEpoebFLq5N6iYpAN26/iWfhW9p4n0L79TPKanr0YLC0v6MhNfnBYO7pDQDbNoLiNrF+muCGJfy7OnI0DMB2USr9h94CSFTOfLMwU6mpbKWRXV1vhTYR05yBW3YQ7cr5IVcLwGgfN6xVbC7jvtIvfcTl9MitbATkdT5fBvrcPDfw9Hu2nvPHT3fZPrX2PF9ChNOqgYc21wI2swsUZwrBY8t6GZEF3Wa7wYBailMuoM3UHj4vFg6+E+G1Te08HT2nhmv8AjoPusNzhHZHSUab8A+QZmG0pi+dUxHMsS08j+JXs1FuUXTDve7qRxL1zLfvsY3+ZDKioo26sTTAIiuRCrVMXZo6nEICWIfBt7TxPfOeh6GAaoSVBg1RriUG6Fu5FjdePWEnFLaix5n+ILrI3rJhzXva8f6AzcI4rW1XBbwtQguoHyCVmZNFRMJi4QGj1SjRnwjOGVL81PO+fnrBMPlzcqnaqqNVal6ro+9SxnJnvfHrZR+hT5TmY/Ev4+j3bT3njp7vsn1r7HhYL7afWCze/kjLM2WOwmtwpol5gVJ61qpPFWYq6EMbF54BAANpPR8B8Jqm9p4OntPDNf8dVDALEpKmFe7i7vPNac5IPycJHooYSwDtPVl+mFAbpakl5C5gwBOwQ6EoPeiOy4XNFsodU+aQAViPdaIg/At7TxPbOei4wLbaP+xWYUy6C4o9be0FfUCARa/aiQZGSJrQZuxUjCjRbbWEYzMDumHeaQbfSog1drs7Yz5Ukq22zEaw2wsxPpKxVs328tqxEpV7e9ZsxdvuxGo15Rxh8rYsjcg9tUrcqAL+s0/KSKm4IPnlKi5H8q+mj3bT2njp7vsn1r7HgJxFc4+XHQNZWkqbBUTsE7z/vlK9gbHdO0pK1G8w3ztP8jWkPDbFWp2CvrGxVy7vQnHRjOOm0I/A1Te08HT2nhmv+Uk5fnhyeSZP8n1OisbcmoSkrkQR+UpgjKw3n3FwCGLwLfUsGRPYwxdllWHSBRXBKkctwYa6pFNsGyOl9mTOPSUsLFD4FvaeJ9O+8PRcYwG4UweYalNNHfRRZYAZ2opK3FWNLG1X6yp3Rd13iVFb1uWAkuSBNHQJqBQ3J0ZfodmDdwKWbFOyJ1YOu89qkB82xiCxbvRCiBhHFFwkVX52tbO+o86TcsQf+oYzjvszJ+z+Zo9209p46e77J9a+x4CEcl0IgO8FBEl/zuWH3npOIAqFCHMKuhBmauhms8oTRCMvx6pvaeDp7TwzX/LVEVfd9U1ii8eWZ52+KSsiavRwadBae8VEyYzpkN9Nk8wp84FsJruLY52SnGBlUr1gdfm2iwrGgiGRW3+xATJuGHht7TxPp336F9DFRcMXmVPNCvkRVDNIDyJLHBz3bTSBLutwEFuG91stZTFwMA0Jl+usYKzHfOtLlpYecMMRtBLix4Hjq5RVtsi7xU9c+inGNaium5GOVn/K4qLmRp+yo9V6npbwvS/h3Pe+U9546e77J9a+x4SMgUjcyHeNTEe8/KUl5YeELc5lDXRruOgTWox1+Ueu0Oh4dU3tPB09p4Zr/AOCsTz9FbklMYvJdDBI3k0aEWjk/KoljAUZmG6YCGLzMtDEII3xThx4re08T6d94Y9LNMrvcmSaDjnGKGybbbJZi5VbQMFGiJjA27AWiAKEHfPIPI3TojY8GjfHG2zuxv9pUzAmgMrnPMzZE0jAuFGMcAaIsymoNrWzjmP4p0nLRhZHdxZ9SPpZuYNmwEGBwB6eEnS/4uj3bT2njp7vsn1r7HhI65paxG5JlShm3OicoYNhWGr4mvIZCzMwypOybHjDL0JqmkfBqm9p4OntPDNf/AAUcZLWI5JkW7rQx+YlbzD7SomzsLYsbsuvkaLJkKNIRvZkwCbIyfn29L8VvaeJ9O+8PViuiytg+sy6t3sQGk0R4Kt+UH3mGoy0ErWq0wb4cZlxK3My5i45BgS2aOUyHFzEE7KRYz82QrzXTfnrlzoTUwlFTyUdiWfUXjKPNqVCwBcq7BuQcsM8L6IbQywXyZR+dyq9UPFU6XV+0XVzFj0f4deHR7tp7Tx0932T619jwrjlus2F8PlCiE0Tll6O2GmpE+SQV3KskOsfQj5Ru8jhAfKEIOZLXMURtEcSyi1W8Q8R/jHV6OYx8Gqb2ng6e08M1/wDDTYn3nlKceTqvmwqDqDLAImpofmoHMFQTFqCVeiZuOViIcsNWU4Q8W3tPE+nffqLmKd5cAJzepgnoUgPv0ZA9VOJRzAVvaVV9eCahsdertu0ImVO20XvxAU6g4b1FAM61jimCO0d4tMtBIEOkRllZY3q7mvAYHqK4UXDXdkJmB9hyJzA6ZA4Bgh3gbFZisGf6bdHoy/4T4vs/4ntPB0932T619jw3DUrDYqClT8kJR2jsGUtqYws7NhxCTTo0WShi1TGPSawjr036jx6pvaeDp7TwzX/x1f1KsjUYXYvMgX5DQjVHcpfmEWrP6vJlxwOa/OkEAUgza8vit7TxPp336DFpixFxqOpCfKLWGPCGWYBXUaDF3VzvvqGsTEhx9XapuBIdNMZwbSTqyTdLbeWC37k1cK9lFUTqMwPFnWYZah5i4mCQ1zDWhqe82gSpQvrvL2IBsHa79lI5ZnniLgiMGg06ZdXpp/G+z/ie08HT3fZPrX2PDl/nQxpJ3ti3BJkLuVJ8go89Mh9u5C9KynNCW8htoiNKQ4D7wuo9k/M0T+3eLqqfJQwVfMfllu0DmouGvgRAZqyI9HXqdDx6pvaeDp7TwzX/AMhVKgYVOQg8EOAomnit7TxPp336DN6PF+qxbz8+5DgsEtt6DhGWQtpwyh1eHRScvcdovaL0wcwROYHGG3mMwftsCLflAKcIq2NE1386G4SohotvdSv9JaS4vdeVBFMEaY29gRV9Lrggte6HkXaPR8Nda+EHTPj975T3njp7vsn1r7HhBQF7ZY6qK4f6MflzyUvDfHMFh66/MA2+r8wiWT6pqED0sBrKPL9MIU/yJ/kStT8s0XBZEccr9zCqLyFdSO3Um0PAddU3tPB09p4Zr/6St7TxPp336FRJiBbZRGktlpTh4ZXb0V3u5Bggx9pqBG7OdDKnMaDCqapl7/SnD/OzC9Wd8anzSDmsDrUeQZQHiwXR6jvLfSxjV+VrUNwi+Q4PjVKiVL6nQ6vQZXUGPdtPeeOnu+yfWvseG3pfS5bL6X4Qv/BAADVN7TwdPaeGa/8ApK3tPE+nfeE6FoV2IyYeiZQBVJowjlohaMXZ/wAhqB1o9UmfU8OU6Y/OZB1NFbhEvHeFQtGn3kC2PIoR9WzVytxcv4NSpXQPBXWoeEmpUqe78p7TwdPd9k+tfY/4eqb2ng6e08M1/wDSVvaeJ9O+8VKm036DLxGMFFJTk7w0r9ia4OYuUgkxg/RCaHtYlTdzOkWgAHE0wldSmV4K/g2Z8IH3+U9p4Onu+yfWvsf8PVN7TwdPaeGa/wDpK3tPEx6hSb8z96/E/bvxM2+v/E/a/wAT9r/E/c5+1x/9dP3bo5q0zdenP/g501w0T1f4gX534lWnqvxB/lsMe222c88s88ssMsssMsMsssssMLQQq7v8j4JpppnAW3ay9didsQ9OmuxR9EZv7J14BpTLSWktJaS0lpLSWktJaS0lpLSWktJaS0lpLSWktJaS0lpLSWktJaS0lpLSWktJaR2SrbRu79OIzeovQ6Pwg9SHIXqo7ces/Sv5nY9b8zset+Z2PW/M7Hrfmdj1vzOx635nY9b8zset+Z2PW/M7Hrfmdj1vzOx635nY9b8zset+Z2PW/M7Hrfmdj1vzOx635nY9b8zset+Z2PW/M7Hrfmdj1vzOx635nY9b8zset+Z2PW/M7Hrfmdj1vzOx635nY9b8zset+Z2PW/M7Hrfmdj1vzOx635nY9b8zset+Z2PW/M7Hrfmdj1vzOx635nY9b8zset+Z2PW/M7Hrfmdj1vzFEFtVPqy8ReFHofwa61/Gr4NeB61PKGfpc/S5+lz9Ln6XP0ufpc/S5+lz9Ln6XP0ufpc/S5+lz9Ln6XP0ufpc/S5+lz9Ln6XP0ufpc/S5+lz9Ln6XP0ufpc/S5+lz9LiNscgPBQykpKSkpKSkpKSkpKSkpKSkpKSkpKSkpKSkpKSkpKSkpKSkpKSkpKSkpKSkpKSkpKSv/wARnd+XL36G6zomOSaC0wDgmo0fzE64B1uk13vwGKLB6LuhVZ51F4x8EZ6NjkqWq7RGOsyOiTbDk8YQOBDARHVLpw+EjSYEoRbeABGJuW3maHQhwI3W7a6FmrmmTpvj4ifrPro1ojPKuw6XyRSd+zbVmt4WpdjtL3N/Fb94U1NLMNGOhnvQAictYPGguQr8V+GlbU0rClE3W1xlSlQDM2IfA7G22MoHG7s/C2pAoP5rQ8DslggW3xflNJUiS3a6cfWOggdBu+RqxNe3pEkLV8oXKywXy18oCcuwCDSO0EAXAgNAYLjqpba8+nQi0Dlal2CPz1lYLS6Cgvlp0XAGVDq1wasxCMg82oxDB2upSHTObHfMuPP7S7oac5upYZdIxbF6jVPMu4lGYXaMtm/lel3BvozI2ba8gQqDu4qGcny3gFoA3XEDAsEsp2blygaaa+C3GQCbBSlxdmaA0igvmysv0dVV+aNmI5lXwOQteXTIFnBF5xjMC0G2BGLHiaatBWE5oYvBBMzI+0XmwSUUOFa4qKm4pTZ5KINril5+GFbyszMBnJbbzJUWjwwV835pZVf1fJUSA6smh+O+xgJidczZtxWobyPOxMiw7oAXfSuXqui49fcrSjNZh6HXEHx1ZwO8wXbYCumjQxvZaHerUT2UmV8s5W28yVFp7jUpHR5wgqcxc+pkJjXpJ483nayBniUHklXH1JN4bRWtHadDNiVU8AfrS1dyQGjuNpGEpxOx7nIW2m6ww/yH8MZzT+QoYRG3O2CD3VLAIa6oY36+pqGTEvAGiAfKFbftqmsi9sBFNO55qJ1t0A7LPxa6EbAJJvQBtEGil9urVTBTtAqM3a0zClF9DqNthA9fatlw3FE8NpQZ0inaBkLPMUdvWNLBfzbTma0W9oGSc4xRWNjSwlGsqTzyTf8A9E6j512LyhwjHSrW08AWK3s8bYNLqouufxcqnBrApYEWY3O8zec7UeQjJbju+itUrCAS+SrrDyQITNgj9gmY9Fow8Y3wOpE+SDoI2lYqjmlqDMRU1c5aQ+p+695RTGrqxLAjzXePKDC7eXpaEAjHnJYDc1ZlgBKCmsdWApmAWMMs2k901WUEWjhySrnWL1GWjQgF7K99vAIGXGruPTMFHkIyKsw4qBopfbq1fAdpp/RZXPQ10oBTtUxVYXkYHzSV5VcctlVQTfVPAhSEGW/jO2jpWmMO1sMYf4e4YSx0veWVEvafcGt6AQlfrm0cKiFrbK8zjUQtRqPzVLKNv7Va3bEEonwsYvXehv2Yxw2rpBKmphrv6ibBzD/1MTZn+uMXlYvs7Qm2oGRg5flQ7nGFe3ckxLIEIlCObr9cFF1i6yLw1YR76nSzgXaNMTeYgyU1pZErqA054d0KQ5i/Ciiaw1q4CoqqYSEFCMWwjStUtaWJVwl+540d/DHStMBvVottNk8ZXIrxUMagdQ5uMy3QIqrluayoHzwcsMKLNJxaf2pwTCy8k+lNpiXx4zp025xoSZVHl/lowH/UoJ2BVVrtNaJjTmSnpLNZ3gLeP0v7xbVSF2e8dVYnYmS/9d1rA1IsYQREqkjtgRrNNVDfs2qRXtF1cF8rXTcmeKOJcokuAitygbMvnXd249ItivVbtC+eaZ8bnwM/RJQeUffO8R4Ipv8Am1SLEUvOKrDiu16nyaNSZr0svd8gSp2rQwS780p7O56NoSaL2iq60qQI+nWpHVbqBF1oE2opYXm5JLysmJsDkUFc0DfFOxHaFbzPU9ysW/YNDSlL3RljQNRTmS1Y9rIQ9yneN41NN1N2a5xtX46J6TTcKnI5ayiTodTKuiwsHXx+pSzi4eZkV+Vutc0I3xuz6oMt4w6cMmXpMrQXCK9m79eOIqaxVjvJIttyz71TrNwfAqi4KTbrgX7ynJZY1Wi0dgikLlrLSRTPAd6irYtx5YZ9/wC7mMJ1+XFdGNBmOcQd5JUqamtDpDN73cKQNgm9MPN3KD1Z/eX2gtnEcgKJ8FMkrqPZ1DJkBgq3oenpAzSWx/Bo1prGEHVMNrWksglAxf1uDqxkWmI2gKkXVv2jH92aWXFqeW+YpdYvs203OmXeQQ8m/e5ulpqNQIOIt0nv62MbMBSa6g9bVYnTWX1NwF/DpBofAh3ZuI4Nu3p/J0VIdk8sVELtx7rT519iSNUMuHdDRanCNrrf1bmYToCHRn7xXLIxerq5aCGAL/C9PQCbEXRSpoLUL0yw3zXHmoi6GrKsam0Uuw12uv8AfsuTpXTY4XyC5d+eV4XuXIa2y091GBxjNQkLEZzTQEqsHydMTn4MbL+UGErjrfmuStR22W1shxUDFE7carnMrj2d7rpkwYbOdbKtlG2gUscqn0nwlxVVLYZSg5K0V3a1pLO58CiKFmjWSNrF7LrcZEFNLLTpkwLrWs+BsjoIPWUQBCt0Nq60UM+FtBfNZ6AYS+azMcD5l+AAgsdRgAAoIZQPmX0Q6kEoAcBREuG0AOAroTQE4S4AAKA0+Nw+VYOkYGC1qUn7P5poq7kTLaWp1ksExA5BQxO42MapJ/soOn+5POz1s1dTh8qwdIwMFrUVBqHG3w11m8qnD5Vg6RgYLWoMbCnG3w11G8qgg3T6Csag7/yLACfNiCBVhZusvRRAbIDoqNHJF72iqaaNCWRkQopRYnFQhgoAJmjBO0SIDVkKYqmcIqpw+VYO0YGGkvoYUQRNMKbBsLGzmsrbXLdArSCzxsMjyCMTTlgxd6C53TpnqYCu7A2uKEtUzAwWtT/UjvZ62cqg24J8oWM04bBH5AE0uGHykIwp/wCYZAR4e2Fw5LGAleOsKlNOkwVUTLaWp1ksEx/HEqEVKZDEQbJOzV4h54fFhnDvqOHwV1AVXCRgDkaMrepeaAUiP4av/vFQCR5KHQPmwb8ZDZeqX6OVp8d8eFK+sFGgusHriA/XR+oOmP6FdgNOacKnaMIBrUsa/wBnu9CJZq9G5Ho8RhANaljX+yz+dCAWQ7MuO8qqC9LauOBYoC0uhu+Rq9AbAOVo/EC+hFoHK1NZxWXqBeHTNShAVMgMu1BcAK4zlrX+Kbodp6AG6uAjW/21RVd2qADzpsw5kMtm4hlPyrywLDtBu+t1vrFTVl7HfGgO6zM5ut1pQ1xATfETYccqb8IUOwt0Srm8JuGFt3kR/b82eYN1ZhhdtAW3jWMnYCPI5GMbAZshD2fBCeup7KGbhVAddhhBs+CVoO70AFTVvBkSRPWmbz1ZxQXimWDCKlYAgOBUScIsKgE3R3a02JD9ldqRUrqjIYUazUdufINub4IYwNrt06e/lUxjOEY5Q3q7lGg+IO81BI4GXRHGgW40OiLEiNkV78fbrEgWWv2GrQrj/bThC8UUTiFFlNED3A68ZLGB1PBZsuLT8qUiMeiAfaO+wbqgRwDLH8kNvyOWtcpwOv6sfCcHtA0ULzSbJ/QKbh4aXa5b3AWHeB1fa8TJd5S4Th+DcDKlQ0O8c1kBaZlc5d1geUxFXQrcPT04P5q0cPwbgypUNDvHNZBfwreydmebJ8ct1e+skdPFsBnI5NuDVyoSRtxzZdXOGd6x/GEZkU8XXl6IpU9b+h0GIGFObrhboEGdodDBRPhYxeu9DfswDVa0I0gqrYVK17TjhtrGUHWnJ+UCQxAgaAPT+IQhvBlKDW5MjUDa8Fd+2iNq9u4tDfKuPMnxaOY7R5Qz7mUIgbLPGcBae3ffcZPVkYcthnyWPpBU2EK8tb1iSd3DN2ucNARXbztmN3ebRzvXjkg0TUG+xUlM5X4qqEA1buKnTU9wkBV753gXUU9F5RgMNgtR2A/ZYDdqz3whe3amX903oooJWZWfnjIz31pQU1sDKQCz5i/qrlSZ4SUv1PuCEN49F5D+LGAYCPnBO6znQ8t/Qao6IxThcTW28OsJtNAqy9ts5YuQnykbag5EHljK1vaVS3BILVwN6dwa/uOm2SEsXIT5SNtQciDyxRv2ebE0RcNfqOTsJ3rKk0mH0uwKSU4CVhU5UtcU4guw03KiccbYWhSBXXuBGTLPlCBYpD1ny1y2uNZTu9cTisKlWdUnX0HYvbWCDw+BDuzcTTjC60rsTU9VS++v1sjGenyb4tjSuddoULLdbj+IvBqGoANLLou2Du7ycoxQZppQ0Uo3zaxi3Q1a8UcmdYBqwcNAK/LSRRb4ZG7ciWvhKjcBrHIahCVa1sq6zbM4q18mPuSPamfn1LC5JXWLBaSMaCkCYNKP0RYkmoWIqAFozQTGzPKFXgcUjr8SoryUORkrEqKchFm8Ux07co1YXRHgqKhh1QbDSoramjxmqZ+7QFnQQBNIFpxXVQS1wbxlbRV1ING02IexWKwgnfiJ2LjvcKHYKNWLxBh7FlmCElRhDk8RloR1GFdzFrNf/XyutLDwIexYQWgC1wExvtftNWDYzRaDRSjfNrFHih22Cr5CMfJcNF6n+WMXqw6BZRqne2XreDfcxG126y/8ldqeQjL60C1taxa8/wBEqOf+jUvxgHw66PaO7YrmmsFP9Al/8PNfjH//xAAsEQABBAECBQMEAgMAAAAAAAAAAQIEUaFAkSAhMDFSAxFxEBIyQUJhgIGw/9oACAECAQk/AP8AnEes5jWL9qexKfglPwSn4JT8Ep+CU/BKfglPwSn4JTyU8lPJTyU8lPwSnkl5KfglPwSn4JT8Ep+CU/BKfger2tRHJ7ndEVx66Ijk+/sSW7EluxJbsSW7EluxJbsSW7EluxJbsSW7EluxJbsSW7EluxJbsSW7Hro5E/o7qiOHqxrkVy+xJfgkvwSX4JL8El+CS/BJfgkvwSX4JL8El+CS/BJfgkvwSX4JL8El+CS/BJfgkvwSX4JL8El+CS/A9XtaiOT3L1NNPFStFSFO1NNL1NNPFStFSFO1NNL1NNPFStFSFO1NNL1NNPFStFSFO1NNL1NNPFStFSFO1NNL1NNPFStFSFO4vnR00vU008VK0VIU7h/in3CnbRU0vU008VK6HyKKKd+KkKdwpzVOf+zv2TR00vU008VK6Hb2F5dGkKdw/Gx39uNOSCdOml6mmnipXQo+ejSFO4vji+Dt9Wn4r26FNL1NNPFSuhXSpCndfuJyE9lTn0KaXqaaeKldBRRTmpy4qQp3TtOD5O4vu3svQppfGuipp4qVoqQp3U/pd+Dt26NNL4/nRU08VK0VIU7qfl+PD2Tn0KaXwd10tNPFStFSFO6vNBfovsp+PQppeppp4qVoqQp2k7cNNL4Ox8fX50NNPFSuBetSFO1NNL4e+kpp4qVoqQp2m7/Wml8PfSU08VK0VIU7U00vU008VK0VIU7U009VzFdzX2JT8Ep+CU/BJfglPwSX4JL8El+CS/BKfgkvwSn4JT8Ep+CU/BKfglPwSn4JT8Ep+CU/BKfglPwSn4Hq97uSqp+0VpIRGJyTkSW7EluxJbsSW7EluxJbsSW7EluxJbsSW7EluxJbsSW7EluxJbsSW7EhF9P4P0iNH/Z6jeSKS3EpxKcSnEpxKcSnEpxKcSnEpxKcSnEpxKcSnEpxKcSnEpxKcSnEpxKcPV/qO5L/AJ8//8QAJREAAgICAgIDAAIDAAAAAAAAAAEDUQJAMDERcRAgIRIyQYCw/9oACAEDAQk/AP8AnEYJtkaI0RojxI8SPEjRGiPEjRGiNEaI8SNESI8SPEjRGiNEaI0RoSTf58YN+PwwZgzBmDMGYMwZgzBmDMGYMwZgzBmDMGm/heWvCI8SPEjxI8SPEjxI8SPEjxI8SPEjxI8SPEjxI8SPEjxI8SPEjxI8SPEjxF4b8ratlovTtbNvatlovTtbNvatlovTtbNvatlovTtbNvatlovTtbNvatlovTtfZ6dvatlovTtfX1qW9q2Wi+JCOn97X1fWpb2rZaL4LO++K19ffA/3kt7VstF8H+GeuK1y9/LO+C3tWy0X9/RfHa4/Z2d/HR2ZeU/zgt7VstF8HsQj8R+/e1of1F4yX6uC3tWy0Xp2uT18s774be1bLRena5Ou/j38+uC3tWy0Xp2tDo74Le1bLRena2bf3707ZaL07Wzb2rZaL07Wzb2rZaL07Wzb2rZaL07WzbMVl46I0RojRGiNGCMERojRGiNEaI0RojRGiNEaI0RojRGiNEaF4SPZh+sjZGyNkbI2RsjZGyNkbI2RsjZGyNkbMPGXwvOLIiIiIiIiIiIiIiIiIiIiIiIiIiIiIiIiF/FL/fn/2Q==" class="product_picture" alt="Kitchen Faucet">\n                                            </div>\n\n                                        \n                                    \n                                        \n                                        \n                                            <div class="carousel-item">\n                                                <img src="data:image/png;base64,/9j/4AAQSkZJRgABAQAAAQABAAD/2wCEAAUFBQkGCQkJCQwTDg4MDg4ZEg4SEBcOEBAXEBcXEBQXFBQaFxMTFxoUFxgjGBwZHxoYIRgjGCMiIiQnKCMXJzUBCQkFCQkJDAkJEyEXDhoiHAwYKSIoGiIkIiIZLCIoISIUIyIaHx8aGhwYHCIaJCQjDhkkIRcvGRoXIiEnHxckKv/CABEIBdQF1AMBIgACEQEDEQH/xAA2AAAABwEBAQAAAAAAAAAAAAAAAQIDBAUGBwgJAQEBAQEBAQEBAAAAAAAAAAAAAQIDBAUGB//aAAwDAQACEAMQAAAA9FwUYD5u+nyeXaHw76ivkHQPXiTeRWfXLGtRA5XRysza5tqIsn24MAdIAAAAgwAAAAAAACDBGAAAAAAAAAAAACMCEBOi0hJS57SScazd5aOSqJI6YUEAWEAWEAWbRjyCQPoQBYbA4GzFhAFhAFhAFhAFhAFhBC4r+CzmhoGKH4PO9TyCV4sdTf5RedddUv8AkV/9fO1lI46vojW8L7p37csg5Gt9N27nP3zeV2QqEuV8ennUF87C9ELm7Gb05fMSN5C8+SOXT17q+F9DzncKyR1qxlRWrGUEasZQGsPLGbKDV09WsTGw43Enms/F03n/AG3jHvn0x6H+cPt3ePTJ1p89WK6syysctoNrEJXQAIy+RueZ6x6KAGdgAAAAEqZHFMvAyWt5xZ5bR51YT0P2HwZ6cr3HLq7SUEYlAAAACM/Dko6AFLifbfK1no28yWtiDLr5yOgBoAAAAIM2rtUAAXl+avM98XpKZLJ/M1bz0K9WrPa0Enrm7hVUHyXosKklfRlnPyF3u6o6Cb6+dkIkrvkUl3RblmmPD0uIrgU34ssZKSIiTm1SOAgGCAYAAAAAAAAGEqRqmRigCNAAAAAAAUABAAAjAAAgWGXggAAAAEeQGRkGAAAABkcBKmh2lzz2OfHd8/y/5OJ/N+wY75jLpnZPzY6X3ryz137zLYDo/L/nX0V2flnU/v8AbgjHQ4fXpkndQzLRyLMjN09fS8t60ZMZapOfkFi/TqXm2T3PPLO07rCbhLIyOwwAAAAAUKABZU9xUVlYk2LlGmxJudZrxf7b8S98F7h8Pe3unP0OpC+eyWlax9BQXusWYSehgBcbyLrHK7j0UYE2AAAAAASKCTD5j03mlnzRadbsh+mfM3phPc0yHLlMEJowQDBAiumEdACl5X9UeUbn0FrcfsJayYtYYAUAEGACqtWnUAAXnHOOjcf/AD/TTRZlb5N7Vqvz/wBnzys3BH7n8vYJs7/pMYL7KdedmqqHXnZKq91x65k7DNaluxXjpzsBXirI6wVZnVgtxUiLYVINhvOJDx+v0E5k7/8AN/pOghh/jsAAAAAAQwRlqhJiiUAgAAAAAAAAAAAAAAAAQMBEZBggA0lDgJQkAUCCQxT5PGejnUTtBxvpI805pibSi+FyqE5tXgzYx2tDu4rV7vHfTzGe28C3u+uqrb7fo800tVneHbYxMyF0zGS4ndejh5Vvbn0JL82t5ejU+c0npeDxbpWGggz+i1m9vAvblxxK6BkYojAlZBTACWVRb1FZiLLi5rEyJNzYnhL3b4R7YHt7xD7i68/QiiVz2FEasXtHA7cbTlWKZ/TfnblES89PCoiNjrythUgthUgthUgthUkW4qAW8WECoLrGY8/fG2jpejjbKqQlsKgFuKki3FQC1FUC3FSRb1aQWD1SS2p1RJbyc+Jeq9Z8o6T5f0vShxZX5771XaVVsAALgM8Vf+d7VWE7a34d8oiafMf0n8sAY/Q/K7DU21r+d+7O4n3zzp343W4wem68szstRluXWiqbbqO8ZXFwYXo43+x13AfN30VZ2/l9k6ylUvLrh9fJ2fTnwPe5bsnblwYGPpfPe2mE3nxvt9ptc9ofz/2yMkosEcEwcPhqWRH6YABqAAABpDBAMEAwRCgkhRtgdPFYiY7Ynzwwno0co6vdkM1x1n0RTcMi+e+jpPl/onCdbIF79mEmVGA6FyXzc6XoXCLD5nHrWRyCvBdRU0E3x7q2LzOYS+jcLtvqcHSls+bWi55Kq++vRff/AD76C+9283VN7VY9EOnfyjWK4h0jBdd20rS6Tn1wtH0OBLyZLyfT4pvoHzp6A5b6V0rIa3OUzIsmxQJUAzAAAAABgGWNTbVRmYkyNEeXHlZ1XeFfcnhzvge4/DfuXrj0GonOWyMGReIdl8//AHvhmAP0PxL7p3Men/H+pxIjH1/l7u7y23+L9flGts9jrPA9zi+89ePDtxmuq460PPrzV5c46Dd8rOq8s6dzDG757pPE1v8An3auZ+jz3OP71591kdD576ZxrkueZ7ZjeVzuX7fjfn/oNL03txpOen2Pn05peXeOlsZO34zz3c4X0Z5z9nmAA+j4Ox9V89ehPyn6astqq18PuAAl4BlOiZf8v3S+5m8b0uJ3uD/oH5cAh+l+R2LCW2z+J9eBm9Lyfee+c60sLy+nSZNvL9+Nh1XEZ2Mm13DBezy9X867/WeT03vMZWes1dXFh+jjqKyNk7PQPNuyeZPF7GwQ+98QdJ51qPi/c7HqeZ9L/P8A283ZVcrG5siG75DUcRPL0unWX/qcCBjvmLxrtnFcW2hSUebfUpcKd68JS4VlTa0k6JoWkIGZzHgvpHiu+XBpFgv5/q6n6s8k+tu+M/xHu3IvXw53Zszfzfoppb9b8Th6tk8u6j+10AC7VFYvOZnJudej+Z/l8c7lWGd+dyvYdRNpVVdFrpUWW1q5mqhIa6Zsd/yjqf2fV0/p/MOnfWvnXm3U+N8fRiqOxtMehtE49zNb2BOxcxhtdm7ObrdV6OEbv3E/WuJuLSNNxhSyVcmABRpVKAAAABmQLGssK2zORpUeaYlRpWVJ4f8AcHh/vzHtvxJ17rn6Gnyp/nenK5m4uz8/dI599z4rAA/Q/Dvup8h6/wDI+rxTY7jnu+e7jy67we6JruZyPRwx/f6WJz3z7oHMtR6/NSdA5lprnoHFLnoXDtG59vua9M9w89dS5b056LsXnr0x5fRznl1jW/T+cfoTz31Ly+nlnofzvtN5x3d4FP5PVn9xxfrHXly3vFTz3Guhc10OS7cu2cG6RzQ9Bee+o8toEY+l8/begeZ9M/J/p6y1qrTxe0wQl5/ieiYn8v6Jr1XqJs8dcX3r4cCLsnPf3f5jPDQp+j5aAtADPjSslCNMNTMlqV1kxqTMsWqqirE+Xq0pWZlX1XEx/P20eF0DrOac2+48Xpzsbd5r89+hl9O57tuFgJkV/l62cd6mmpbgHPVi/XWH1POYI/Rgcr6pgUyLglc70G9oL/YRpHMuLV5LCZz4V9C6Hztv/fNtfcftffm85F17mPt5cIiWjPj7w/fXzm+i+NVvIewcj9vm5jBiUX4/pe7Dn+8xnR7+uy33Z34kn9HqbTWNziyzWJx3w+QdzFX8Ka+BDasbs81P63UZql1mdQpDV9Y/mpeh3vpPb+b9J/UdfFGXs8Xz+hpq/YYGayfZMbF6Z7LjuW4Hpw73jWtLnpznJdy463vfUPMuvvM+8k5laiNDAAakKlMAAAAojKxdZoqszTEmNKzLjSs2h8Q+3fEPfmOx8b9d9c9Je7MvneKDtqjg1/024648xQ/UXMv0XwOVjXI93jyhaGrshHqxm5QtYKyY1gjKDVlWVGqMyY1kAojyArXljtQnT1UC/B7MmerHu8mUGrBlC1gMmNY2ZcawGTGszaMC1tjKDVNrmS1kuXES+xdJ+Z9Hx6XscvifZ8OS/YdoYobcZuHrVq/Kew1WrxzfR3bXk6IdKm7W0ZjUvXOqRUQNzVQnMZ3z0G05fu86uZdUf0OcyVAhlrXPwcuWX9xZ+qcDsO2N9mBZ3Enea2x1J8UWBZK8uo3OeswOuOYx6yH5ePQLfK2/n7bGBaN+3rGS5B8+pV9nNF7+JGR+3kjI7HK2c/v6HUeVX9O4Xo/HvpnJem4Xvjgte4z+T6WVjlk29xHKtj9vj27mxPfo+PC0Pk6c2+knzN+lvj7s8n61yn3eXlHL+m4v8900Fjj9X8bG6ZvM9753K94N3j63XG8R7n5r+Xjo+Lj6Dy5ZqocD5+WYMwdcuoRQW3bq4PaMXeTcsmzMlqDv/b+Kdq/Ren5jazneo6+rQQ4+w5d8Nlu2cG3mv1mP0tzscxopXLtZ8w6/xNz9G9C5X0LXDTsw0VduMPoYAQGRqoAQAAGAdWVZa1dmbiy4sNyGJWNZzxB7l8N98D2p4r9rdcenjCsVKjBCuqa7qYRiiBgyXI+t8hufRZkJTBAMEA2nEDb7EgLAdAwNfMdK0XML1B5f9NntiZDmyugCUAABGFbqbenS6ANU+afTHm3Wdj2DjfZEYq7Sqzq8ANSMAAAKa5priwwBLzfI2GS/J+nfbnn236Wuymp4RwnStRxfUTW65vsa+s3d1kPN6xz92d7pnnYjnyW82WQ0v1zdXaP+xLrpjPfEKcdxuZuReVPTNK1m7id9fMjTt+ZuPPg8tOk25XIoPW+JcrprWj2nh3ZTokz3SiOh0nj3buR6z6HDQP4HSe3jb4y9oMTM6Xlm68G+bY/oPMfz2+jdM82230+ej5ns8T55Q2lXNvW+0eB11zp9FkY32OFVEkxvpMD9C/m19FPN6bXlXVuW+7y+Ucfucl8Ww+g6a/8Am79J8OrIG+Gn7/489I+zpc8Y73gu945ppnOPjYTlNYv52OeTbin9OBOzPQXWjm6WHzl1hegQeG8Hu6y9+m9B7PEbj9J18JLv89nd5MyxZut5VpQYO7u25ujmWQizwmhas2uiyttzuteEsmvNuWGCOCWk7FACUAAMwdllWWlbWbjSo8MS4srGqfwr7q8Ld8F7W8Ve0OuPU4MZpmZkG0q7UngCgADLcb7PxK49JgCbAAAAAAEAyMGJ22Ls+XpGVkD0j5u9Jaz7nkEXPb4AUAAAABBmx0kGRqPNvpLzlZfdv4Z3NlqBZxZqWAFBGAEYK+Ql1HQAeYua9M4x+a69K6nybR+bppsnBXyVzGho+l0juRGs2d3hW/PrRWOZX6msqziy7nfcD7LN30/P6325N6vke3Fe5j6bv2kPtVM62dDlrDv4p95rV750u9xELF6tGpJnHdtTy5nbHFNzER8rvHm4hvnrPXGazPhx1Gu5eXo56Xe830v0c7PT4qZ140FpmK/x89tlH0ebpj5wT4uszPXE7tnLKznQ++qZhOj6K9e0596+VjBip+jjl30D8Be5dejfcx6ZzD0+bzPgO2434GpNpUWXyufdOWWUEznX+PXe8+nc5zGq+rrq3J7bJ+bOer6mV48phO6jWcbtOfOddem6flGt+V6NI5l4XLOtp6+06u59T4d3D9V18JYvpfOe/oQurfiUqhhVpRQgvEZOdczq2/RqdI6TEvOWnZIepxSFoZkcAyFLBGAAQtSVFnWWdZpnI8mNIzKjSc6p/Cnufwz3wPZnjP2V05+sDB50pZLK+zr7QkACgADM8U7DxnWPSwIZ2YAAAAAgMSGnQZTV5ez5ZoWWpX+m/MvpCz3MtmbirMCaAAACAmihQc73YBawOA9+4HqTe38O7ais9f0sXxgTQAAAAUdrl8ly31wVI3njfHu04f8AMd8JPez/ACb+Vzqd1lvZ1bubbxKIudorOxPpafWU9lpKObF89rlJa5Os9T869n9S7dq9H9PGKu75f1OULiPc/LG1v6Hy+slTNkR5K3LbCs47wHSORdRuZMqKfk6YyNZ57Eouf3GU80ZRXTPDGYshfat2VBK+muun8o0zjLYoa35fGR0nnGz5XN5TpnLevXqc7MzmMm3rV43d3GXz/wBLHYeA7ep9szsdt76PPnXtDyZ628vbpHPN5hPocuW5jXc//GZu4EaT4Lf5jWu9JgdpHyu86WNith6NdOtafpX39eUq7Q0Px+UvK2+E5xfSKrXc7g9HMHNXG0Vjemn5jhvvneOPdh/Vd/MHOesc6x78Qm0dlpYF7FqlhaWp05dZ1ei6cdNby29c/Q0tmXmhQMBg4BgAAEhqSpQABZkZaVlrW6ZuPJYkjSWJWdU/hP3f4P7YHsLx76/7c/YAUOewAdlfZVViWICLIMLO4nfDU8q0mJr1ZIx+wx1MATYqbaHBYDTwfP6K7YUWjidnNHRevzfKtt5qys9D+d/ROnU/QXhrp3H6HsEcV7Nr5zgHMs3pdZwjozmMFBoePX0TovPmo78tTx/O4XnjvPP730D293BNX5xsfL973IOOX/o+H0c6u0vAAjOf5W2y3m6dpFGO/LkWJ6Dg/wAp3yc2wo50y83oFRY4rKLTVarmU3RpOadZvdTibXnu2ZkuVIu4vU+nSm2nM+t8lzb0Nv8AovO+4296+eJ4V3niVeiJLLWdXLak3NFLnIxvjtnsGuKyqr5zz6ps5dRPPfIdrcUvzsXtc1be/WfoOjZCRxedbzNBfS5/LOMulpxcv0LIt8/P1bm0p7CXH23N9L/X8k2UzMy9xQMyqG1xPTvcNtp1uX3Tz72z3OtUCy/RebldcvMfmN6CBCb+NmDOVT+zgy0zL6yp0mlzXHtb3EKN6jvNdbj/AE8n3tBD8FtpnLOg89a7L6MeHWUg3lB7OVrNz+o579J9F5D179N6vM+Y3XPr7M1Fs35quTPriLW2rJxHb4zofbju8vucrefoSXHkSgwKAADMjAZKyIyMMACzI1ta6xr7M6xLjyxZMaXFN4Q93+EOmB688h+vu/P2MSy56SZlVZOhTiwQ6LON8V9N+XteWRnFVzfontfP+ktGAM9iwm84Bhx/rNda8elRb18DtOxX3myf0x43YeZuaz0D587/AGd1x87aeXz7XpXn2x1rsnl/u3m3lzw7vUu03HPrmv2no9dxriVenJuUer+JMcRv9azx4eXbDpAz6ZfsDzz6U62QZHuimuaNPLuM7DF8vHrIvB6O3N+TbrAfn/VfY7bZTxxuBN0N3RaQ5PnUke+0PFyyBYM/VxDXs8z57UWmZ3/0ZEtomU743nfvL3Yvh9e0FX2P6PjNXHd9eKTiHoTzfuemQldAjbhdZYsxRPpl+DsjJa3jPHNDfcwiePfZ+OX2R3mlgQq3k12o57Weh03FZ7W9sxevZG2+aYTIxnDzyo057eVLOZmRZD0TKFvsJrdNNzC7RpVUO33t7+d1ehd99Hr5w23pC17Y4dsugH75nbKwV0sHIb0c3Gsx6MHnz5Oyftyt8+fHln6do/HeGZTvsT18/ONB6WpuDidpuef+LE2VHt/PaWyshiOYuSz1zPt65fPXc+38R7b+o7+c8XtOb79tUzOPGohE2JrraKcc3eG3fbh1DBdEwmseiJDT8JBkoAAZpMMABqQMlgjFmk1toM2FZQxpTMsWSy9FJ4P94eEO2C9b+SPWfXn7WS4WNIMzKmZDmFkRlVBh+kR9Y5TyX0/56j1LJAmgAFgcg1lAHM0WlMlL14jkvGPX+Ds8o+ePU/HdOT974N3q590zZcnOq+U8IQ2+FzrVnAuLKaxLmiMBRxLtvFdZqeucn7Dcxrmjvc2QFCbQuKlDoLOgsu3nZgkOg8s5LUYD836NHQWsbh0VpqadjVvVQ5fty9t6q28esnVb53GeYz+oWHsnEb7tDXacVx/qpz63PyZoPUFh8nXOOjvv/QkWDcp3G+C+g+Bd89ttM7o95QzJTlUZzcI5byd42PHqTWT0bnmbn55/5LRQEwem4uWn0/bE9yne2lNOMXdx3bkecxx9J5qPqfBjkuy10LvcjXdlvs5wDHoXS+nXmfS96HrvNtHpk+oS4kTutjz+brexMBncc+sMUEne7ayxsKOkCqLe7cVQLZypTJcHSyUsirVxNVEcH0JXm1tbphznOK3rJcnF4Hdx53lzI+0U5nIuwA/bfM+N1XGseq/g5mMu5f528bePlHDn+7xW26cuuc93WS1z9Aux5GdJIyADAQMgzSBQSBSkmLBKlt4cyIlCy81Kw6TsUHg73v4I64L1p5M9Yduft0GWNkDCUk2JLqyAIgxpUTWIPnr0N51l9YACaJC6U4v1Tl/VCxlxZVk8ASjP39JZ8+Oh+fPYVeHe78W7Iz9CZFbY50YAUAERKTRZm50EuHMlAAUce7DxzUzncuC+grnPaLKauJYBZ2bDyLMzBtaZnXS4kyaUCC8uqusR+HTFz9GerSi8GpBmOHshRpRUSUNGXVriMJIrIzbqni7VjNXU0EumYTufzdfwLvvDGem6fI7CDCTpRoKR4mwOJSohc/6cfNwjN+mxxvh7EfRYZvy9hfUDJZvzuV7o0cvkHuXoSVOfHNZt1dFLbORfVHlVMPc0Yx0a3UwqRWk6MhSkogis5oVZeP4PWeD/AJ3ydS6d5r7jx6ta7Ed39vutHYr/AN3it1oUoEBZRlyPgJUjAVamVDyo6h5yMlJgiCJ6q4i7EGfjPnTP8vx+dd/T5+QnoAuDCXuyOGqO2jiijsUHkrZ3vdZu556sTQujAAQBABAMEBQSB5SDLqI5DKtp5Eraw5hn/BPvvwJ2wPUXl3vXXHte35NVS9/l+aoJ6VmeRUHsseQFJ6vi+U2tT1L5upefn0PPy3dx6JwOMuSk6zm7EnzY05ZgiuQqjuaCz5a+rvJfq9eF1l/V2e/ug5bVZ1HEkWRG55lTUa0maqzUJplqaCFxHvXFtTEei/O/pS5prY6DN0gy2qmmxJOq9NkQ0uiRGjACxYsyLrTS1pUgDAojCI1jZOlTbyVjYWQhLpDdTciIjztEWvMlS8a6Xx3o+O1is7H5v9ISOmR2gAAJakaDohoOgbcAQjIwBiHVhlpXm3OPWTeOb6b0EKuKnmTFEaTlJKkiltqV4R6xLrlt5yLy8+2z/LHVuE3/AJW9I89465B0y5xvyPduu447Wfoudg5Fe9fKSqMvUkqy72cwOL9a88fnPo+k7rzd6X9HntQlX3OKkKIIocsM0gWG1CgkFhNgT8Z8zZ/pEDzdOexOlkcuZ6qmuTsdcTZx9HXmo4WWrpemO3S5L2NocBhA0gIyCSEgAINTYHXYzhbMzmijbfbVtZuYUfgH374C6YL1V5Y9P9+fu4yPGgRlVLIjSiwMBDIyXK+WPUHi3XL2tV8V6vmNY3t3C8azFC3B54sH9VsvVOGabtk+b8/wN9MmfDHrfyX64duBxpB6z7LdjVcvTbXk8E7tL82Vx6ko/M2NufTFh5hopj3tJ8NOzp7b4txnmVmmq3YTzJl5fTcMbn2J5I9SX0aU6VfTvbhps4XpPI2j5eL3aKEdfZcx3mNdEpcOkLNKggoSsGETgG1mIACbCRHqIv05V1dJCz4szVu9ncWdL4rsWar0p5t7yaE1gSoEhggGI9XV4MnArZQMqdXUCIVpkgCvKnqnzJ5celZ/Mumd+iiBdIok15ZHnmJNLU19rVW3pX6x9rfAruOdx8p+C1e3z8f8730e64N7A+nangHeeQfQ8neJVdV+rWvXzGRwnSksq9Wl8l6qnhvnHLdjufB089+wOA5fjPWJ83v/AKMd4poOTfL5esrlh37ulmgU4gEA0GlhYV1hicQgKb83UwCAkEpJUllBuzaoOVd589bx6IMxmgjSpNmQEKYVRMoR8mEEgRlJIXFcrVIBFOhxMoWHc3N+AvoJ8++mB6c8xepO3P3UZHnQABTPsulgtIRRA1zPmL0Z5x3z7Vw32Vxjz459lpFJwxKhyrnV6F3rzx3706zfA+w8XkyneoQs8E+tPI3rrXo4KT8PWPeFh4XY4cvpC78/vUW718uGdgvXie50/Mtcb7yX9AeC4nn7H9080c+F7LrJMvp3o/IYfo78pyWtezx55ufdmh13+abnrLyFjjpZNZK50TtH6M6WyHQxfXHStGtmaAKCU0so1etyKKOaZvPKSzhJkVDjOzEiSLKRFO7ePyUMi3EVzsyJEjk2pxpxnufLtrXdBhYdbWtzY0tYLJqYIKoEAwAgAIQlNYtrwvpmR4YzPdvJ/rfFrm9K/wCtlLO+Mrn30UhKzsSlxpSQTeSszolc7wDKepa3w9+PZvVcz8nbsKn2PX4sHg/Y3AOPtsutcp1983TSzFV9Hjulxq3rrQ1qbbOslxju3Pfl9+U9q4z2rxernuT3nP8AzfP9fTOQ9M/TYzsfL5rjy9EtuZL1d9WOS9X56tbGsst8/MVnkZ/k76oo6tZcJClNRSWVSEr0LhPdfPWseiTZVmnkNRy/08dHW0aPT5rjS5G+1nX4LomIxrI2HXNRZyDW7w+W8ZU7XnXTO1OqtPD7aknDxtL6ZEZz58fQ755dMJ9TeWvUnXHucyPOgRgpXmHizrLTJ3PK+qeO19fH3bgfpjhue3oDoVNQY6WOA6tNk8zUXSOac+MG6YiZlZ1vn3XerpuG4z3TfX5t+s/KPq914I7HsbnoXPbjNeTyaH3N4t9z9t813NTke2ndNjtbcarlK+Hct+rPPnHbrPLs/mf3J5e1qgsevbZOi8uvstemro4eG3ju9b0N/PfyYn1jRZ5ea4XpDjWefdxKGvZOjVkDfS4jMR6ejyDIzlg8QXLWbJQSLw4qpMwQ24BAAhkwZytraxMJHrYVFMdZqBsmbcNH6Fml08qBOFBIFGkxQRCSwFE1ZoYNbZFe1ppNYudowVrlga+M/YfGuh+HO5dRM9tbK1hZsFlfNtZ6KgDVbQYGo7rWTLyMthfw+UbrydMZk+88k4pezr6XrjdRKzRd98+Rt4/zkLb5W192L9sh6r5hn9c4P8zl61zPkn03170ULmffvD7eH1xT/L83u1B2bi/b0c+7hzXU+Tl0Hiiet/T7bKVFP7HG6tKi2xPLELd1fLolSEQpTLKWa4pLLXBMd5zv12GIeEraQeQwfqfC77M4G/vHXazE3TWgt7wXja6LOP5zpLXkWamu3ctoOqY9lfZabOfO+tXvtSedKQUgznzt+jPzo3lPqfyz6n649wKSrNAAWjkR3i2x2vyFx4fz1tF9Py/SOG6vyrn7/ZaHBx7xnHaMlcg7Gd5+Zc17Dpc48qbnc9Tk4ze9NgdOnyy9VeePUbfnB/s/Hk6VgOrd858bq/dGu/jfou85K8U7TZJGp3bLaoPVyvpmg4K59TwGto7ut7pwvus6McK7zwbOY3dpL1GR0k6XVJOprmKm9bLkEJuhj6B/TPP3SiJJUMgAQZMVVXox9bW9r8EVamvpzV5ojUwBQMABkYog2HBlVhItMlalzDJyytRpZFmTsb4ESS8gNQSKaWim21sizS5ljsF2fyn457GsqqR69ISliSm4d6B848ufWd15w9Ga6ETrHciO5EiJAtHucRhWN9z6Zmlt8jy463N9A4Bd9C0dhmt9NBmLnT46U9+bnTEJTQ687CTBmS83Z20Tx7q9dxemuXoE7n/yserea8h3/wA/3SuL9H5/7vN2z0J5Y9J/U62BNj6PlvrmjvebzpWWdRdGyBK0xJZzYjeeHl9Ggmxj78XptMwcwxnXuY+zxmXoqB6vDwcehYVzwRzfV3fjrOxcpsN/O0dRpLVOUY3vFXz9fLo/WdJ5fXA2XP8AovzPtQZCZMqHyeM985/o984tZT6h8x+numPcCiOaAAKVxCy0JRHNOWeifId4dg5TldFde0Qk89To7vNpZWWbvqfBHLBchSUJhsV87PSPmv1LWR5Z6pbjD+gcRuEmTsrp44Bq7W/efIWO0na6Rq27p50WqI7ZCwXYeTy0PZeJ9yuaywgW6vGoZ0nKT16yq2rbWU2HqCLoV4ttTrKhdUWDrK6BV4w10FZCFGZC0GSgAyFAABkBQJofKlbL+NUzaiQ9W5Jj7W+cqDLeFNsrjSy5NPILFyLJuSC00okoHGjQIaWhEyo5yy/K3p7gfkz6HTTUno30B7glbHefPW143z5F688Z+wOO3o5j31ll+OR3W3sueeXvcfGvGyva2YGNVMXLbc3kWsV7c1LPKuqfP7Weq4VrdY6M5jdZ7JJm1uFuerv+SOx85mNJY5vjvJ4PpvM/Dzpu9c832fa7xD0nw/Gs76irOm+3JLjl9TyaW8z9/wAnkjOW1D4vc0xNKWuatyiiZ0BzedhbYS52Zbv89ZXnHci7cuSzOuP+35vNF9Naucf1XJ3nH0dxnxE9Od7WMRhWd0JryO96CrG+LdOtBz6RA6mRDyHig+cP035drPh709otZ1x6MVUzLJQIrK1xiRU4Azm3N/QCjzhzf2B5vufVz4OaroNxGETQ6hJU2sJp+DY83YMx85fTXnvv1VWK1HnGPV3YpFrUgLglnV2laWM2DOgMusCjdAOadLwZyX0N5w9I6511rU2TU0GjO8fpIdrcsy2H1FfYtDIfCYmjv8/roYIBgjtAAgGRoZoSOnSRDTN5xwlxraxrMP6Z6q6e8qxCgISl5AhSTUNrQIYmArFzI6KkRnyStB2GG1UhL6EZS4gIB5Uc36bQ8s43Y8u6/i5cXivTIvlD0hw/52S9YebPR+9uIbY9p+OhpTdYLKXWS+Wcpq9DRXU1koVgxhCBZri2MGxuddMFE6kTKbullemT/KfqLNedw3V9Q03LGM6fWc49W9F5c9X+ZflTrGmp9N39HHufeqaDPHRa9bf1sGSkbX1/Q33F5BgSK35n1babmCzdo9ia3WerTOPT06s7x+QnWy5rLTokrnT+p0mRyxNz1t/j53PW4/LJ2nTjxUzty07uadrSsU6iybglmyEJXx2yzPclqBfu5ZSu3ra4O101hZWzWI/o4Wr9bJ6Ynyq1+y8sc1NsuDhS6eiTAAyMAaq7JTUa5SvFoFqytQVibUo4FzD2M0edOVe202QVy45Nq3gtrRPuRIsIE4LPaOOSRGCyMVtMccd9C8Z7pcZuxtQrRPCaSZgSoAAAAADF5vRZrWlhApZ1daaYZQFtAn2WmbVrnIprGaqxpbpqlwGONtqFAjAZEKQbYZNPBGYBGcjIYSaOOJfpajOkrIBpUBhtwIw8SxTT4jzZ6L80+hfLJCH4Huc8zFHK+Zi97VzXpno2hqSz6awRMyqDScnPKvYPP/ix7Ezulx3XtyaRDf8AjdLJL1/7sZ/sPNHc66K7V2HvytZHqSKO9y+MXmt4Xe5x17n2PxPHXoryl2vzX470ROm7D2tYJ+W9vHpUjjPYd7dEcdtajQZzR8njzOafPc+kEn2M6Vost6Bl40z1nDZ3lV2tJz2+VdAzrQLxzGdbgZO+zqxmwbPNlzKuOa6dzuLqden8Ja6Z9IS/NQufSbXn1es9+Xwm1w7E5zPRxqGqyPcWNTEpJq7ucXpt5v8AJazEdedg9xdFdue4k6nbVcXkadjPlE2zp8jmMlOozeUS2emyOeTtToN1ytdnZhxta9iPk046WMBopbxGehxrHMbINUnNtmoTl11o2at5HkxnpbFFbTy62Rz26NRVJG80mziuo6AFAAAAAAAAAAADnOE3NDvWePXSrc7bWarmI86BJmYAFKlSjACAoiIcJDgkKUJMNhNqYEvxEFqUdYRKWjQeFgdbXThtgcNowERAaW2jKVAccbC+ebaw5T8rHrmhz1j9TXCLyBpvjZ3Owyml+tpDLrfU2lSYSw5yOTkO84t6c+S6W2pv6fSv5H1jFeHtB18DQdeNrA0FHrTMwCnHGX+hcWS8zx3VVei+XwzFb1bRevrw7j2pxHzp6Ntspa+52A/OfoH2WFKktbqW3Ebmm02Z0vF5Fz+mzuNxY8mKRPQ3nn0LcuR7J7cgrtI8QodiFp4OmbjB5fsLseeK71KUvlhn1PFzvywPTtbjp55ldey+LmpDVdnVmxpr6b5w9Znz0hydGxtT7TMWTcd1I81tepdxqpmyzFO5E6KJGpUQNa5ZgK/p6rOYzeglvOKl6KHZVzWYtmitcC0dWl8XFz3O28+P2eptB5bvz0GfEplnZJHH7NOoRcADa11falNW6SvlhsvVy8oVlczz31vR8A09nqgefk9eXoZXNtvZ0GfkonTG3Pnsc6SOWMHWhx9B2QuW2xvBDFZiruafqBgmlAjCSoCVmYo0mLIAIGQQUoQZOCSWgCTIJp5RBRYRgglaOOtqHCM0SFCgaRYoBYhLrKoS8EZI2xxTS1x/He++bPm51nQMRqfQwwXa/OdSlsPfc0htxlG0hIny32DmXkw16IyG3xtbaU+rRYfbcr829b0eqiZ4m20527uG2hJK4h7WDkV+Sgw/XeUeDz9X0XLul+zrybj/AHDyr87fpDW8v9Iemeee3WMf0RREnuWRJTUaTM6fm8rZbptNNYGFraZcj6N4J35LGxiT9ZQmA4SQHRonWxNZbwRKbk8qRWBtTcKsQV5zUEGLa1Uri0OHLmL7QZuXG5jGOj7JrOsO1tWM7wydo3m4up6OOe+ZudDj51h3dSxNZ07mLjVKJ9dNv39Vp7mvO0TM1jjrSy7vON2dBu+Qu2dyn8Bo9T1AfCrdnrp8cjaz20cOc1O0o5fedMa9qrn7yUScvUpSuSsyND0lGNcpk9Okc98xmdHdTDT9pM2RVX7e+dXJnLIrzhCw2B1CVxMAGs5CouKjuCyJoAELUZC1NmGRmJMABkYkEQHDQLYN4aNaQMusDaVEgdbcRSkqHTQ4JChTayOiafUjLqUi2wgZQtAo0qFeMvZ/jvw59A4LqfEpLPXc77B5d6lTZ/aBs2hLS8+z577P5k9f/MTQxS+/WgRzXN5va8Xkdn5bsqLG8hxx9SOeZ0d/T6dR5s2eL14QLPvl2ZATpd8Z6zQeXGI6hyvpvPjc+Tfa3krHrd9ReSfVuuVky9H9+0pQvUUAdmk0ua0vOc0frZmiYNmZlb6a6te+DkTU2sUyo0byS0OhaqTCvhYdbjyp0HGdpjaGAAABQptCWbEhkxGhob2LZKiDJRBAzG2pIILFqJaJnSgyLOzKXEt7dEYgbBqXKDSNLQi3aza05yc6hosV4tWVtFmq+Bs5uNc9cvaLOzJMjnY5yUY1GfbFWE7PMabSRzXO7noK68yFvPq2Z5DsLn1gnzVa7x36NxS33nqB4K93nRtpttZhPThvMcOMo4ITMWSqdJsBFCZ6nuarvWlOBSNtQ4CUBSSAAQoJMNKjFAjASwIBgAAGEvRwgQRwJXYbjZjoQuACTTjYRQKtssQBQ2h4/cZvyzQtEPVTU2Yvy16j8++bPROLdVxPFF715S9P4XBkj6gmVNQ3wrtfl7zS47vxzpfzd+esR16pns5oXadBjrpcn6S8h+j503nvRNh4vX51hehq++/g3T9HQXzYT2XyPr3u81dyvMdKx5urtxn/AKHTg1lSvfA8/qbzx37nn1/ZwPZc06b4PP6W5HuqH6PfUTiPvgBCNzWabL6jnOfIkxqWpgaSTjSMqifEshtqc2RBJSjZGZHmtKV+tnLOXdDdeyAAAABOT1rQ01JZMTd01xFwRoFEkw1EAwQDAAogAGRhgjAZGKIwAlHDLcoLCbtVlBE1UeWHpmJNzh+Y9eq15ZivXqo8OVvvRmXwXO9s57O/Mt11DHY1XxajJzfT2uMwee+6HwWwzrubPN7XG9fIxNxnV87Cl5r62mJLi2yKtTd3/KRrPa7vz7L3j0TO81p1j1gM4PX5Spruq9KOb6FSZgcDYHDSYoBYaiSGQQGtChRE2OkyYpIAgzIMgLApB2KMmpHjz99iuDP5/wA+N6jm2h5Wo32K2uKsIyn0Wuykip8rVoyNZnPQzZP36c4d23jfCLzVtnfJKbvnDdXwdsbYxv0psoog+m4vkMroPydRbtiy5zBXHoDMcPp4noNDqdc4/k3r/C+/zuvuWW+8ns4rY94s/XeL5r0j5jef0TwhWC8/Ox7dlumezWM1sR/2zkMLU8l/O49SHyrY/Y9HEe38O7j4Oejl4TRfT3zHoOhzHOb1KHva0+pz2i5zBBuDViK0yc5XzyBOizBaHko0HGROftZBhHt0szWmgVK6kodmMNzBlATPaqMl1kSyZxibeot4uG3EBAAUpKgAAAADAAAAGZGGZGGAAzSYYBi1oWpx5EeS0lxZdZSBYvk52S6QinERllHH24yCQiLBLWHDfKjJ9LUcHyfqAHjXNe8ES/Ptfv2HL4Tt/XVBnfANBvK7nqDY5qrxvdSubV2NdjZ5B3fnruQeHu8aKm2pvVkwS2iUCDQShCzIUGQOusODyUuiAHBhMhA0l9oQAAEAgAFhLbXRwZxZUjs/N+GVF5z2h+Vm+0ubud3b2/JdZ9VMq6nLeHMLbc11nj1X9G430jvNuT2J+pNr5g7/AMm8G11F1a+blWxtFRcZrrTD9N+j1jZ644h72S9Ucj6pyYazzNzxx6LzVRI9utDyrVZjMb80+rfLfLPVeu8m6r2nMevedPTO7D4PuuGeaXGdhRvmdPWnnDXYX2+nI+teN+hU4/zzpWB+d563N9NuXqqsXqZScj0mphen12HcPMW29vk9SZfz7669PCfsMtql4MKKmjpVnx4q7hK4R1WreWxJpYULI8OZSkmsPLI9Qcy5ueq+k+C9THsVdFfNWIgzA21tjbTjMNoUmMVa1NrF0haAgAKUlQAAAABgjAAAzIwGRigAAyMNSDFuIWpsSIyW0yHNMff0unDUpymQ6Q0l9BGRJREStnEFXswhbMx8qyu0lMVyCrmuRicKsy0FYCwaigOLOkmZ2KX42YWDMVFpS9ziUk0tBgMABgzEKUQSiIkLiglHHeHFNMj6EAQQKwySEMyFEogLQosiNIOcYDvXE/j4pthlY/ztanRcqkds9Bi6XC+6xM9b1PFa6LlO34TteH5/mvp50ei4wn4zq2r4bA1vQ5SNo+zddZ8peoOG4HIeg6z0ZxdxgtB9bMXV6+g+DXrOtssYpnsZK/U40nAuxcV8+ujXXPK+Z6F1zn2i30z3F3YXykXRbfB8/TZ6GdHx9GZf0Uj2fNPkPbOX+O0WsgHxxfvY+Vvp0kspmN+2exN125yH3LTp+x4NTsMVtd8/NVJoc7K2kIB1fknWTSymJOy48qAj1DLd1M5yfW51OVUuUjZt103hEk6d618FdRzr13NYj6lk2baky4zCUARirSssou0KSAABqQoUAAAABkYAAGZGAyMUAAGRgUlQtbbguJLiS286BYWZ+/rp4istl1FWUUsDpklymNJKmfAsIzrblUeUHKEja9U8694Ol6bIbUZDpCQpQyUkEc3CI7MwFZdMSDbACslT3FN1LCFNGCAYSsCkmBIAEqIjsusDljVSknGwocSkqBGVAEJDIJowgDpNqyASkXR3Jc7wHM965l8LJ1jmC1vuOT55fdueqyTdb545cne9dYzK9Zh8OfKrzprPj68yrGZHvuh0M7kXm51/qDzf6IxcxvKWi451mCwXdP0O+G9uiWXwMsotPP3RpX8pH/RY2+LJpbGtfHl12PnFGXozU3fShxsDufFfQlqOb9Tm+ntwZ69x/g5IzvqmLv1ePtBTQfleXRJ32c76o+jZ/wBEfWsWwhNerktg4u5sttht1z6ee87oqfFqI1pBIvWOS9ZrWSYsvQQpMNF0eo55rNHzLp/CV5hBuq/FTHsWl1z7Sca7l3P58e/t5lO18yiaNMIBCMZYUcaOhox0w0Z19gKMjDNsxwIUGAAwAGaQKNJijSoBkBRpUKWhQ9CmQ4t59fOpp2vlVLS2saZlrK47BIyakFTPgTo59D03OTzcCMHo/wA7egDoOlrLNDBGoUFAMACHmxgHmTQzKyxNqECsxTXNN1AANGRgJZKAAAAyA2aRpDjaBSVWOqQoUCAZpFLCDDbNAZoIcDXH47FR8poMOm4jh87zdrzrHI/Rny/bxTPdF5j4fExc4KZ7PNs5uC1vHv2GorYXk8mm5/veb+7M7UZpzPewydxqms/tMVC8jp9JTabPO1y+jLiLKdExNj8laatIj/O/o2NgN279HXM3Ouce9RM2sR5jXQuZei/S2eavcn347Td85lZ1tWMyv0MwKG1+RddywSbrLwtNzjw57bxzZ0voz6mtKFH3ZcxIydH2Y8U6fu8Bv/P388VVpVYrcObCiu6lzjpGmtmQpujdW+zc2nLOlc6srfO3X+HSwmLWHNQ7Ctlo9Nq3MazXq7znsbPXEtEbUloNMpElUc8rrOviHT3MMzcO3oyxtmEmkv8Ak1DHpu38XoPaqPJWnr0cXHdcbJ2HLFhBDxtkPBtYpSFC1IUOwZsMt59dPMrqMppxRhdEHDGg6gCUpK2W23FO/IBiMx2Ezgum6mQ04ZBggOqQsBkY42tsay+qSU91mdMb8AVjKW6pOozINKNJiyQBRAAIyCJSUQhZWJMlUtSFBmkhZJUABAbZkJAQM+XfTvBebmO+41I8XfvbnLNa3qK6hifH9ErFvZDp5bDsHCa728PUOO5LufDOh5uvnefguBsaS8cxqOedG9HqpdTKpe2YG7qbf5+trmIL/lzSbOpmcOaKmcvp2l4fbc9ubTj3R431vXw/W3mN9zttdxzQ+rlFt6D175MeP/U2LHa9AylxjOXLWU6LT6U0M3k3R+jDWkKX8rWI3fM+g6J57P5n52vrdRFxPRlzjLj9Di8rp2H2vJVF2vnvTXNRceft54xWxpprFx9ZlDQ9R4x1yzbza2fqU8uUrWYsObVpyzgHrnzVnU3DdXx5lAqlzqaTSJbfN6SgPf8AX1KtZ0hAQ2tt0wFdYwIgwpsAhyYkaPRKs/c7OxjfKWi3ao5BnfQiTzHA9RcZjntrdV0W17hItdjv/OjB6pHluzPSquAzjtw57sS6iyExOm1s+svp8pqRbrCx8NinCQgdKHmTVwsNDjdx8S0bYYuRZsFUVqjynFzSXI6CcqCCedeRYphPDoIzJa7Ia86AAKxlJd0nUDINLNtYCMgGkAAIMESEQShAmx8yGistpsb587YyLvtSQmxJAgMrZInOeg55PGzyUfI9D86tXL1zS+f9T6s3uZ7bqMuaVfWrr4f0uW0PYKbHXn2T7VzbXzmqjR10+bh9/BZ9fosoceFx4dpxsPYdNssUKPJOq5qFXefOqyGgodZ1ebmzc9pEHVQ/oszp2Lv35p8Dd7Tc5ZcXPOfjHOq8f1ffpccr6jy73YkP7+R9K8Y6TzO5xnU73j9D4rM3XN9izJwPVO+db5D3/tO0l4Vut2PZa+coKQMKQMBAwJjSwmZa1YXHNbYViHdPX2ZKkv8AFpK8seqvI8q89qbCsfTaTKY3KmQ5uaqItpPWD8PY9MX6SJUvMvRz+FPhJXV1pVy18uG1ceiJHILD0ePqLeIuefouQJHPtEatCWt5f13AGHrNTAjKM28LKuamxiIxLjlHh9bjwwiQWmz52wz6b9DeGfcmtZPU5LUjq2lDxsqF56NkyQt6yK56e2jRvykqRdptpIOiK5gXOOeNmqFLm3CAgGRhNOkMh4zG7XJa434ArGUl1S9aAApggGAQAAAAAIEElSGUONnzEufUc4WI1HOfnzsSW0fXr5AbqUm2JjPRCNUWdXXlbL9T5X8vq4pocNvkkWudQ5Ue561h+aex+rParPnVV8/1dj59Xt/M74+h0nG+nkm5696r6fBxm3rt9r02TbVd4fpvUneuNdvmwGXch18vTbah2Xg5FfY+St6hPOPs61Vvl9B8eXVjldD0UOv55q+Ha3j3FycMwncqD1OL9TzcT6fLUa/z12PprP5D056Ct8v+iNaO1BGXWmM5Um4HMsSegx5kuD0GfONmWgAAAAAAAAAAAAATj9kDiPAvdPJrPGeT6hzkrFvx80WdVerFbfvI9Ea+oh6nQiUkQ/GkmEYlRyqqLmpistYnZ7jni9vWez5OcbtIW/MxOjPJaTM0zOu85VF5LnfT2OYGvQajIR9Z0NVVNyyoAQnTtV0Kx8/t5dX9aTm8Np/QMY5H645R1THoyeqyWqnZ1TJjtPYc5BbMLJmTp84TMvl4WpcPap7Nmdd4LjU9pMcO7zvNbi+lwDEbPmt0bwMP5oAOaIGQAAZfW5TWG9CBWNpbuj66MEAwRgMgKIjAABCTICFJCSCsnU8p75mKfj3ZeH+LPXNHgt79PSjbHu0ppccTDeiDFbPr7eXcB9S+WPDtQQXl6Om0Y4GxNOJSK1fYPORds+paTmfXtqTEdrk/M9fBt3utl4N87r7/ADHL5jsjMb/7Fqcpf5f0caKHX2Pz6mxyt3c6KFWWfLpoEZbo/bhZRnNZ798z0u7i/K3yld9m+GNXMy2q4dLzGN5dzd5j6R230enmP2V0VX14RgegAOcmjzDnBzpnKt92s8s7Pq3OCdW5wFNkO3dFPPfqPH+Xz3cfmr0oGCMAAAAAAAAAARgrPO/poz580XuLhx58rPQdHHHJPRWD03lek4rTSoWmG5EeUYaNIYiqq7asIPUuc9mG1uHokgUQoF2eueUh7tWuPEuPeveI9fNy1XT3NY5nI6JEx1xzumZz1zIvBz7d9luWGelC1qV3GOPYQ7mj19HdZ3kdVlNROjobUZmhbnD+OtMwUXH1W+syNs1nc62mzp5PLo7QW9DnWXuEuax6cmedPRXflWcU9C4CxWk4n2BbENLzpRAoCkmZjW5PWG7ChWOz+goOmiMCiMwAiUEAAAEJSEhoDUig9GwYlx6nhzdwmwpvl8bzQZfSfU7KkSLLpuqiR4mJJiojdrLr2YfVH8k+tfNPDeQbIeLqpbIHAkZqiIWmkJo5kMHcu5+H73tj2HWYzYPPhqDT8k+dnXRJ115evN5cnFdrdZfo/O+noTeQbPW7PT00vw8aPTMInj0WwyXQmZ1DRUvOr1VLWct32Q1VQlZsdF2L3Sq6oSvudAAOoEfLRqxPhBA9LWfIDcefOmd6PKe078DhWZ9Ng8KZT6K87PLvpHz9mzsPOt/qTux+OfYoYAAAAAAAAAAAAAKHNBz/ACnas4cj1mjbqhqE3gG3m4YlRZRhmJDMVVdaxCD1HI9CGlulRuNIJBxlDgbcit5Z0bl5JS9EsSgIsUhEZHFRDNu3Wn3lxaZqZjeqvOcsZvW5XKOrYY7VZHVw5AmZwzljGWU3F+xeXtyZv6LaZmcGU61nWgjpo+XWdBdi3Ua3prSJHRuK5zfL3aist+3Lzvp3efHdnqydnUk0KlNSVGY1uT1hvABWLoLyj6aBkBQSKUEmGCIIJARBJWuSW+aycpmuKjo9zX/IxXZORnc8Nrq8DzDt39DR+AWnT193d4Lv/pTZMKZ9PFmLIioxw3uHN8PPbjR/O7qSSFcUwscNoC0AlNxoxw0NpN33OTjvNPyHd+nlqLK3kebciLCkfE+pAyPQrHnvkt12XFdM8rjaHPer5the423z4rzZUnRfNOY6KmqzWRcixbe7vO+md6m7YH+jAAbAjIy+Dzu6OZdu53pzI7xzbgAAAAAAAABD8o+uWjxLt6SoOjaSHyo9onElgAAAAAAAAAAAAAAIwZmj6Dy8qb4z0ZbfbyiSo8gw9jQxY30LFTTTSau4VMh5FjztcktE1qosUxpRXct3PJyyjVq0mIaeGGrB+yhY2LxPjwo30vgyIJtXpMfVLx6pPXuXdR8nsw+vyeq49lZHW40aQ/FTE+c+28g3jdavPaTl14h3/wA+d/rTc2sOc8t7fCO0+pZ6mhfllZe2x1nq/f8Aiv3F153nEu05fWctsONdXlu3YkrOlqSozOsyWtN4AKxNBoc900ZkKMiMAIBpIgw2BASxK42RQTFjF8Gc5hdFhvmdr3lEDJZxotJhHvTOw3nEthw67LLdju+mcDrFvfVjEWTH9ki53QRGfHws6TwdX0MjO3Q0drqmyh02jHTQuAQINbUgIjRF72vzs7uewKrhvY/Ryk63PZr5Pt6ZzG6uvB6uc5/o9Vvy890OXd38+JYvbRvmelmLxuVQPdl7ePWd5I/t7AA3QAAc/wCgcANnzPqOaOoYQdUFgAAAAAAAAAAARgpfJ/srh5wL1DxFJd+oPKPqscAAAAAAAAAAAAAAAAG3AYSNusTUdmS0RHkrjmkWSxLGhTG82njW1RNSLfKR5vqGi4JHZ9Pq8uXOs+hI3KdZczcp0qXZzU91AMmm9gpATLaI6JLNjURsvpfEnRYiOvgjnOVfNK7hx7sXz/0WK1WU1Xm+mMhr8qMsSCueIc66ZzDU31/j9Bx68h7FyTou84WPRarnuvrNVfVzGx7raTXHI/ofMx539v8AmbtfXl1qMmbvHBNy5hM3sc2qsmpC23IzOtyWtN2GxWOzt/numlgjADQpgJCMJCaWyBBMq/ocRF8WIPJLqy+V7uYR+is53zPM9Bj9cYe60e07THXHaKPyenmkFeR6ejb984r0T6ny7OqxGXx03/P6rO+fvU5XXjTGHOrvT5XQg0eCFSrAEKcbOHCScJlQ5QCBytqAFuNA6n1nyva9+XpCVldnZ013k0L4/rzHM+48659MvsJXTeDi222VLmR/Y+L3X3vmmAPZgAAAAM7gLjFlV2/zh1ItukocAAAAAAAAAAAAAAAADxxiu54I7lRUDZ6UAAAAAAAAAAAAAAAAAACkuwc+asq+oi0ry5mxKYagNSWc1iBOiNUsC7ps9IMN2tlVFZiElhogWlW4dC3PBEV62v8AxTMuPYNf5/2LG9rpGv1z51T9jg9uHI4/V4PbjzqZo63fGX1blHVvP6sVqsrqePpVnNHUFFYVd0zyPiHqDy70zprmgnc95fpuJuK6DtOYxOHbolNl66tlBxN9Gn52dATOocJ6T15+qp0Gd051Pn7v3Dc66zfZDXRKcacXOa3Ia6NsADFZ/RZztowQVRBscNADSaRKAiaGavanHOKuwYz14kbGA+L9rpi+cvcOvQJXOpE3trDlkXd0UXKt7zf5eKr0cd3YZzVePVYjQRuHUo0C+MxTbqs7c6jM31x3xyJHQcT7/nRzSOvJ02lw6ptzNNbagzIQs1olMEAGZgUQlVssWuz0tovJvT/Vw6T1LBu+feq5r0iL8v24i4f9Jd+VisD6/wA4ACgAAZvSYc1Hmb0h4+O7q6Dz47AZGAAAAAAAAAAAAAAAAGZ89+qfJpzzufA/R53AU1yAAAAAAAAAAAAAAAAAABFw/QsiZ51l6OcMyWc6iRprDdXBt7F1zcXdpmuZx903GGhdAaa5nF22am6puWaVrd0pM+3qHGcc3vZTPObHekzG3GNbY7Bp/OiLn1Ix5w02s9kt+SdaucVq8nq6Np0zB3MCWkXyH7D8+9OWXlVj2d6vD7bHZ1usJr8/nVbTdJYzrJ32kampHQMncStYvY1HTl6TsKqz7c6PjXYuMc9bfec/6Asl1p0zWuyGvjbBwGDob6g7aBA1UkNjgJChJoENqalbbcjZrCG0Y015971nvP18zNSYfn+g+/FOdJUYnpEugZptrfZ3um5Nv+WH4dpm/D75NJOstmhnZFxOzdrG62TMy9y5YvP9uyXq8eACi93iNTS5XjaVmupDVkwyPFAMxCiEr6UhVEDyM0qLLsHDB05+uavgHZfVw751yrtcwADpgAAAAC4f3CvOW8m6jlz0NzHJ9hNKYAAAAAAAAAAAAAAAAADzF6d84HK/RnCO8DvUeN9kAAAAAAAAAAAAAAAAAAADD4OYOWtTHPmZDGejLUlptAkE9NirnXRIoqfW1tkWZuXr5sYNfVMV0sls19HrGk5/A3NRNZlFpAzqIl9iVlC2gNrIQ2+cln6Q8/egN5w+uyWt3kLQZRVOvxhc5bTv75+KND0zlVlheZnScumI6lhHrNc/NsePfNxNDk5ZEwreXJdA5x6S7cb20p7HrzouO9I5/jW23WW1ivOIWZrX5DYRuQBpgM9f0G9rJKrTIEGk0KGw3CUKhwqNU5Pzd9jS4nHeD173PrL5vuxuMv8APfR8ylsq6aeU0JXzYA/MRUznZaFjpGZY8rLo/i9mHt6uyx1VndEWd5SbLqvThyPYB1q7uHTa4XfPtjZdOXKFafMe/wCUpTZ6w8y41E1bZ4rgSqUgYU1tmLIxAM0wbjQC71wj3x15dqMD1+UAAAAAAAAAIGAgYAAAAAAAAAAAAAAAAAAAHnr0LwY512Lk3WCN2bjnYwAAAAAAAAAAAAAAAAAAAACuwXTubxzxmQznq2zIgNSptHbPRXzZkWbl6LN6nXlWok64uRLCOmbKWqSAi2jlbHtWijgbCTlzmJ0yimsW1pIubSN3DBVC0RE3uXGOz7mK1eT1u8kZGKzeiaMno8zNZsvO3pWh6Y8sSZVfF7n5knHR7U4q0l6Fn1nz3LgLz5M9C5DWd+N7FfytuNar9fjWquWJIpZGZrYY/YG5AFc9z9/nd7WZJtWEFDrdNmPP13NRy2t8np22agS/k+6ls8rovP3VAtYPLWT1lJX+/lSYjtHIPqfNlN0q9avm6mZOkuNqtRnXK+h3HPNZ6lw+Ju8yZ03lfSPj/VvcZuZPz980n2NL7eblfqs3OmbsLCo9eJYls47Z9GkrO3E6qdKueZNdNw3u+XWEsdvM4ppeTq2jldCTlMEsSpK4AQ7CQoiz+pXhT3j6vMYA7cQAAAAAAAAAAAAAAAAAAAAAAAAAAAAAAAAHD+4cVOddR5r0sb7DxnswAAAAAAAAAAAAAAAAAAAAAMdsak4U2+rO41ZqIK4LcNyp2aIVzrJ2XAorl6OW61vziM7HkEmNPRxollTGsqQkxayNE18kUTDwinh3sbOqErGHLO7Dx3sFzi9ZkdduAAwAGVmc22eCusnYWSfPPo2FvHkiZ2nEM583izpi6rZudFux2iydGfRqZHmGmqMat95D0DS1kY4ZGZrX5HXm5DYrn+ct+Xu24gcpzHk9XUoPMX/le3aps43wPfmM30bDe/loF0l/Nt846S1M1yMfu9KXJ7im68udaSuzH1vNuD5u1qdaa5UneNpm5GxxeczeySvP2zujo9t8/wBqM3vZfl6Ut/idHyt/Q3FnnHHtVr+WezGhtHZ2tc9zPZMx6M4lpic9MaBLstYjKtHeeeXZz0Hj/V8/ksl1j6fzzMzyUbTjSiIodIjFpMQlaSPaHpfnHR/b4gANZAAAAAAAAAAAAAAAAAAAAAAAAAAAAAAAAAcc7HxowXReddFGOycf7AAAAAAAAAAAAAAAAAAAAAAAjB56dsamNIYbG0PmsDO7VWd8kR1WJT8qOm4Nl2Klfq+LdJNQ6kETA7LEQxIZXNWVfEgmqax0U2lRnH8hV6RZV+guSdbsxOtyOu1DMhRgjApJmahbPPkaRUzLG669eszMbYupgtFfrqQ7GCyMS1k8m91C200+4DApKxSkGZzYZDXRtQQPO3nr0Xxj432EvZ/Y+D3w8/rmPRzd1XHOseDoo5I8++O7q65Z7uXRyNPHrXYXp9Brm/Cz27tzOd36dzD2rlksS0sH/Nvke73HG/bw6C+m38PobxHQR6+KJuD6D5e0XM72DVBoc7Gk2QhvebpyPfbDkv1PP0FdPo2s5zHtaJOcIb1c2ik0zXNgdNKxtlxyvsLrPnA+m82+58tgzLryMACwRqpbSoNxGus+l0oj9vhAAAAAAAAAAAAAAAAAAAAAAAAAAAAAAAAAAAHGuy8aMF0XnXRA+u8i66AAAAAAAAAAAAAAAAAAAAAAAHKMh0Hn8aMEBamzmjS4Y0pwQaWipSTXcwRZpGJBMmNyfTK/LnS98cuTubMarS1gQlxGSGnEkjfYXdWYjX4/YWGCFGAAwkxRpMqs7uGjITXaMvXcypNSePgpqMk7aLn9Pa3itTCAoAAcQYsEZntbkddG1AB555503ln5X9Fjr675dvfUos9WtU+L6PnOvLdN856X4tozt4Os5lvqOJ0at9Enn0wjm55x057kQrrl1rctvXdZqbXGbbFbFmScM61Zce6Y6/EhXfm6wcv0Ku9nGzc550jnuDQ6+Pm893tXR+fWxsGI9vP19KxXq5ahrnfQZt7l/W0cs8z0dXR9miTOa8vbA3Wox3Xnd5R7VcL58pvRXL/seDBktHv8RutAWpClc6ryfuVnvcwPZ4gAAAAAAAAAAAAAAAAAAAAAAAAAAAAAAAAAABxzsfGzA9D530Mc65x/sAAAAAAAAAAAAAAAAAAAAAAAAY7k/Y+GZbRUeRaFIA6pp1QAM00mkUaFWNhw4adUyLiuGkCLdurm2dNFShKzhkVLrcqCMpZu4w+31nEa/G7GwwQpQICjSYYIBmkC2zMgRboRn13gqtmuAMEBQADMgGaVCzSZnddkdcbYOCsBk+3Dyd+I1foE7eAXHZzt4uz24R5w1fYxqcnLrIw5PjfRR1xx7rozeSF1wq847brB2clV1gVyXO97M5enqQjl7HVwedN90wHNm+mmckr+1C3nB9GGXM6zr4ORWnSDl5hI6OLOKJ7aLOcDpAzea0HaRrPCLTsQmuLO9kGbwMd8FcFHegeXKz1sPRx8kD1wLPI5+tweSOhd0MIwN4AAAAAAAAAAAAAAAAAAAAAAAAAAAAAAAAAAAHHOx8bMD0LnvQhXXuS9aAAAAAAAAAAAAAAAAAAAAAAACvwPThHP5G4IyqtQZlhqQZYakLlj1AMuNQRmD0wMyNMDMlqAZhjXBMlJ0gM6jSgxzG3BgkdBBhLvQAwdxpAZo9GdZ0aIRnRogZ0aIGeLRAzp6EGeGhFZ4tEDPHoAZ4tEDPKvwZ8aAGfGgBQi+Bkba4KDBCuFc62fMOer9dEqL5qnJbxumUl0dUZY5G1yOp0wUx5t23ULLeRn3C1FQC8OjWXKqci3OtBarqnCzRXOVYrqnyxVVPFiurXViqvMsHapRZOVThZiuNLA68JOEFazW4qllO1wLFVc6SxFbJpMESFw1ExUY9HNfiNanWgR2AAAAAAAAAAAAAAAAAAAAAAAAAAAAAAAAAAADjXZeOnPei876GP9Z452MAAAAAAAAAAAAAAAAAAAAAAAInO+g4QgIsWyvkLbqymZhpNk1kH9L2OiwSsVbtFfLgu3Ek4qUmHDXZJDIR4mUj6Wkj4jkk2TTKW0SyJpwo6JZYiGSBHUSFRzHzjgkKirV846SaISiWmMRJEYyWIoJQjgkLiuDwYSsooyUfEdRrQYzrhHMeo8v49FLacFpUkCkmpqIxjIa/K2bFRPyoW0scZeIaWSxtRGPtpMkhlaPOMuhvx3qW0pQFJcHFEBYDlJBgcIKFKMxSVKptS0CnEuCFG7DByEAJTtNhxZGXKCMiQ5US5iSDsgAsAAAAAAAAAAAAAAAAAAAAAAAAAAAAAAAAAAAHHexccOf9D530MV1/kXXQAAADY4AAAAAAAAAAAAAAAAAEUWWk5Sa0YztgWAMBEsDCJR3MCPbrKZ62qLl9bDm+a0kqgolMqWhYAYRCXUDZqFNtvN0mfCmQ7HtIONshZCAsgAHKAAAgAzSAwDCBgCiVSVBQRGAnEEKIj1SMxIDAXagDn04JzHpvMeWgoiFkagxJf+t8uEqWfq4U2c3pJBKeCKmYJYxyBUduYCMcgEJM8JFddCBaDH1RgPPQjJxwAWzlKFu1UKmrxyps/mfReU2fl9Lqm3hTrS6AdCAOLGzdEpKcUITIOxh1bolSlo2bq6aKSDqz1XaAAAAAAAAAAAAAAAAAAAAAAAAAAAAAAAAAAAA412TjRgeh886GH2DjfYwyMGD4t2bj56fAAAAAAAAAAAAAAAAACMHBIZ2qFEWMHMmlQd45VRZJrbLddEaaPPyKe87Nytf3iY5BUT1RHqkKYcRwBaIQ8zQGLx/wBHwdhRxMvT5+2lxMHcT4aJe5HwsHdT4SDup8JEd2HCiXuo4UDuw4SZ3U+EA7urg4O8jgxV3dXBjO8lwcHeFcFejuiuW9F8HvnED8vqM0iNqGRz6cJ5d1HlnLSltmLs4Fn9/wCIYIfoPh63Uzcv8X6z3Pu+cc78qctZ0Ttx4fa3HRca5DsN9kvL6stk+4s7xxQToP1fmgaPb+bvyUa7URykdp521mhoujJxcdY5TvCR12d5+/FB1K6riY0ec9vjD7AXTFFnfjP1qXlDl1W41JVLiTRwzMMzcVQMClE+iA+YYeVTK3VjZPkanT4PdhgAAAAAAAAAAAAAAAAAAAAAAAAAAAAAAAAADDUa7Q4Zq8BeG565yzpBfgA5/wAg61yQ9PmRgAAAAAAAAAAAAAAZdozDvMKxuU44uWLHsQtMVq0QXZJIJtVVl7jN3lOvGI6mMxOco16l89RSKvJOffS9epX7LnnOm5P9b5pAD7/xDAFAAhciz6f4fZxKw3UnGs7ndPTazRH6F4eVRWV76OGX2Wb7P4vZwM9VQ+3xQweo0ywu6uxgXdjz1kw/H78jAFAjJBYQBjfc5PP99+T/AFCgB5++1AHPpwLlvT+WctPm24s2bCmfrvyxgD6Pg7Da1OW/Pfc65536/kt4rb7dcx06PhtzhuW27GNI78q62z95ZRYvaYv3+HdajL2Xg92T6XzHqqcX7rxLtUJ4t2TkS9LwPRubHa+C9y4NL3bkvUuTy7/j3YuO+vzAAfR8FhdUtz+V/TOOMj53vmLQ8BSXAKWGjcUaAKWhPsyBxRnS1ofpKwuiJYD6LzvXZXAAAAAAAAAAAAAAAAAAAAAAAAAAAAAAAAAAA5baVdoed72ivToXRuc9ENGRkcq5b2LmZ6SAAAAAAAAAAAAAAAIGH2HKcacNo1ugkTanGFCmnEQkAAp7qnjUpjMd+DjcqTqVUPSLTGQ91GMLE35GFlaOBcZjGbvC/pPgAAvp/PMAAIwXveuDda+F9k+C+iOD9OfV8Vtuax3fiHXuFc+nf+Yb3gVl93vzp2yslpuM9tjKvWquXSdzrTZbrz6zjZOAxvb8l7Hxz3+IwB9HwgAAIwaDrXLOqfm/vmAPmfS2oA59PPnLuqcr5adShcq7uil/Y+TaAh+n/O7DU8mHk9XSudNDpz6mzzIce28ytaO/DrmKzA5dbuZmB253VKB0xeSc0Oeh0bnIXsPOaQct3PR+PhOk84SOmeg4RkG7ytcDYY8DeQBzXnrsUzzzuvyH6vqKq22x0fcSuCebdHFqCrcQ6KdQ8gWJFNPOrGVOK0Q6TghZqEWMNyNyIsqAAAAAAAAAAAAAAAAAAAAAAAAAAAAAAAAA5ZbVVqedr6jtzo/QsxkDtbnDYxtMXZTDs55TVBgAAAAAAAAAAAADI4e5peXV5ZSdSeSE50txh1VINAoIVC6a4pk0Iixe3Ga0+7UBFkEhSHRTkiuYS6FG3Vrw3sVD9H5/MQtv9L+dMEeoCMouui8gHk9Ol6NxVOddbwFGe8d05/ixx690Rw4c+mi6RxUd+Mvr3FhvOv6dwIcuvaub50XHVcRQjeOq8qA3kwB6eIAEEBsOPTRalBfk/wBQ8GT59dyDHPpwDlfV+U8tBbZiycIBoz3s8unopHKfTw2d/wAQv673kdDj9Z3Qx2jxZ6YTUs6vi5yL2Lz+irpbPCq7c9V6TivXUsnI02CU+6RBYLK1Vi4Z/EdabOPNbbDLkKO4z3i9lk7Vv53K1OWmL1bf+dmD1o75g2cd3cwe5ykOpdErW7QeDgHCOgslUFgwzNQ24FFjpsRsMnwAAAAAAAAAAAAAAAAAAAAAAAAAAAAAAAHLLaptjzvusL1gcnXFYWtOdqZa9vHiBf4LZGoAAAAAAAAAAACot8HLQ18+v59ZlhXWOsPIBTZOIXKEmkCkmOUlzSJo2zTvEFi8qRsT5GsVD9hXk92kZNEmhWXZU79HlN2v0+bmKOol6fPykdVas5k/v0GMj7ly454OjnZzkukA5ufRwc4HSgvNR0wjmo6SDmw6UDmhdLBzUdKBzY+kGc2e6GM2g0aT8nrIOHz6IC0rtggc98G5b1HmHHaCeWrK3AjNDPf0lW0Lccrx1OikY1gLzQV3p55rbZDUSuMusxEzekz0ZKivaFMhXWlX2nZuv8i64kibXTc2c9GdJLkZ0ecYWOhKwALCg2DhzbFegAeSIHsbO15jl9cxtlLe5Bit0/krWuhbHmWgjuFv5tvV74vku2jTEZhOJXSwZIsGBwwFbmxzTZCrtM0AAAAAAAAAAAAAAAAAAAAAAAAAAAAAA5XbVVqeeHWr0zvNPXeoPAkr2Dnjzj6CopRq+v4jpwYAAAAAAAAABGimyy0Z6VUaQxmyJsOZrLwITZqQtAhaA1JVKVJd0pc8u65kM6yEG6o+e3Z8vT52m/bHp8066zFPGqYoll8zVKsciXKenOvXoolVD1m1Y0cCMloIs7fNCiOFBJhglAAAsEoIGdJBkAlAQsjDAUICzEE8kYUaR02XDcAhz68C5p03l3Hbim1gWiBpV6mmuxHSMH0Hy9OPzKezzqyrdRn/AFcYVFcU25q2SRmws9oM3GYobumTKVNvT9p2jrPJusI5NrJmbYuw3SW5EcM7F0tWaxyIskrjKJC4yiWqMsfdiuj7sZY/j9Ys4/ivTLtePJXq3HWcb1r+Orsg4fcV1yz510E0e1xtedJGEejcHX2A4balUpsI5q8jJl1gI4AAAAAAAAAAAAAAAAAAAAAAAAAAAEcttcZszzxeUd6dO2eItjpAAARgIwAAAAAAAAAALC2OZztwJE1VtmMnpkWR0y8CGNGpCkAIKo0mClt6qXWTMvw7r4ez0vLbnn07HsKvR8vdnszpsv24P0ups8dMW9cumcrOoVsQWnWe3DK5/QYzyeqbOhaTO4+tp7j0cF2VbZezwstTCIi3USkYEoAAAZ02tQDNKgyWY0AQtJIHDZWLNtA8qOsdbWDaBA59eDcw6dy/jtZhA5Q2XGNOzXPPbI6jpeK6vz9MvW6tuXrWDhV3o41j8yNq19pmNblW5vT5mMjR3dEmYpren7TtfUeUXqbid57vc3tznL9Ka52mnE52C4TVQ1E1UMyeqEsmLhKJq68ywOACwVXkWaaoi3VUT5ZmAj8gj1JYXG33PPvPvZa68VaT0ZlUzHRuQYQ9GR+Layt/MiaIljMGaQZy4NBpMJeZt+AAAAAAAAAAAAAAAAAAAAAAAAAHF+0VZ5w2WdqcuF2NdJPT+PfuzZ9QiytAAAAAAAAAAABBRvYWbIiGduBKinUl2H3UO6yam1ZrgIWggmFqQaFV2VdLZed/RnNPT8XnF3IPp4fQ9/kr35/6yqz1rVdeN1scXuIqGLeNjqc5qdcc8QkuvK95j0bIcO8vZRtJjcHH77nvXiuyq7L2eMwk7HQkCA6qVgOJmkqBhAAAIBqIxKXEiAoAJwxpbgVIcAwUgzVB0c+nAeYdP5Tx28ggYOk3WWrYWdfDrV0lxmIvKVTUaei02aLF+Tntk2krKRdZrUZfLIUd3TJk6i3qO07He0OhTlRPjNjomgjWsJRqtBzRJ3K982KPUDnm+4O+Oce0hvxn7AsVQFk0oqCYxBMly0ycasONZfO3Umwgzd8/Zu4w+4JTrL4sIMVW2BnOcZ3kjyZB9h0ieetbsueV0lrzqK9AI5FsDt+g59Z5uvBAMAAAAAAAAAAAAAAAAAAAACHMRLyd+1heLpV3tXps2tKxndc6QGPVzAAoAAAAAAAVLWJmltgZ2lRKDMGUqk5TOt/I5teaxpFJVKZGeiUqTksJOkwJkGXT01xXdOFWxbhmXNqH+fZhmZH3LLac+nZa5GYex01EnNzWceCHbnTZGY1r5e66Lzbfeb6r/PNthdblWldYevxtqMWAgkU42sfDaxJqPOmQ8JWlKQLSBSmiMJaQrikAcBGKNsKpTYNgGxz3wjmPUuY8dsG8BjBdEarD6/nHRazr+ixYnoHKtiazKSaQ3dTFzVT8+vbD2Y1eZwxFNfUKZKnuKftOxaLPaFOaqdczWDfMjnKMiiaogLnrK2l1mfJbF6RnZVjHLC/w0U7Bbef4p6dvPKGmy7vwavtLa53SX2s5LRX0ez0/rMxpZZMmJLJS2VjpoULNIU21R0fZzmYN7kdiyvjTqvN+j6nYIM6tyyPbfKUtfXAp7gAAAAAAAAAAAAAAAAAAAAAHnf0P51lzmozV/jWq7Fxvsm8gAWAAAAAAIhKyMXPY2ZtIz0kHAbLMVyiyXVPJGobyhmq/SU0m52RNix4NilpSQ4psxuFLiZuriyKfrxnivMkx0pHIpzSEmeghiyUQnyQSmmWklVlgVxIt6BOettSKXY9YQLDt5yBiwwZCiBDq0LCCjFAlSpRIblZMyVBG0PJjESzZmkVNxJlzbmtlS5OfoCmmhIEvAuZdN5hx28aVBk4RXcy68xWZgWQp+i0Dw1V6KCR3olIXGpNUV2c0uZjH0N9RWY+ouabrOw6PNalOeuKdzWlvOjK5DpHXKfqEuweKrObjLl4LxSZ2PqmDHwNhUrk6/RUp2zmnT+S3L0yplFzNo59Xkmrlp6w1OS1c09KhyInORXiQphYtJGvPOPdiyxUz99pkXHdSvj3ovN99qdsr5MPDiCUpt7vscRdpvV4TQLdgjAAAAAAAAAAAAAAAAAec/ReRPP2g31tnWU7PnNHcgAUAABOM4Hz33jlPNLnl266qOz6OFjIzTaa9zEBdueMWmsbzzq3TEN+I4nyVqkaBctG5dhalU9CRFPMjDUqwSbDlxt4IGBBLTWavKO8lXCnNpEVMdqth3dMWIaehpbydRbkVu5lQ62ctjYw52+SCWmwiUYhZuCVLMaNwgjUsSonCM7Kl51DekqlOSw5mum2tTM1Kg1GpA1QYAl4Ny3qnMOWkqQ6AwgcMl0DUki11ssy41SCnmzmwkkCvzOmzZjqK/o0x1Jd0vWdd1mQ1yYh9MmUnjkDb7rw2++/YzIfllbld9kTZPWsiqNnRsmPptrQGHz2zyy9e4t27i8zFeD8qpKZY9ZQpVnr7W8L7orkmFJiW7GdJC2nFMIIcIgGy4wEypk8e7/nu7s7fBmwpeHA2o7hoKDQWElTBJvM4F6CvnNibUU1yAAgwAAAAAAAAAAgwRgCc7LpGuT4vn061y6sg8esbJ6uhm7a/rbmzoCZA9PnhFJK5iHMIhHLFzCTPMrUWqVp0XYqiK+CUa7lJVuT0DCltjrsFtLRVKzWinRJapQtoz17Q3uaqJKiI7JjSaTS3FIWciM+j6knSiASkU2svZ0Kw3zbAAAFBqJwIwYDMBgGKWhwDzLg6aVCzScqiUbROJOFusm1IciCJwIZvCuZ9L5fy0a23B1UeUNhJ08EGGaTCNSRDT6BhDqCDmdPl4x9Nc0qZCkuaXtOtbDF7NMnKalynJTKA+ciw5YmUUw5pGyG4yx0V+TIua1q0jrn87r84uGyO6xub1Xi/aeNsx5CJMq5bMocfSs7l3ngHfQpMSQst6OpJioriuG0Y4SCHGVIEx5UM8e7nA7qzusGfX5vEWnWTuGizeksJh5pSI2wjMQHHFUqdWINDJylWdSe5mZ0wZrSlWfDL7n06HE5tLXTVFQ3mrilGx0jsLZxoq6TFlapbeo1NJaVdgdKCT9PnQCOwGQQwQDcaUOG2qlGgCgkCgkIYI0NJkAGY0h5GlgCAltaTOXtDfZLQZaOLbWJo72iixcSuxw2zHiBJRrbdNDOgzt82wDDUDFKSoJaVhGYADAa0LFrQB1baxamzadUy5C1IOVRpUoMlLJBjM4PzbpHMePR1TbgHEuhOLOkkpIagoSh1IhtxIlh5kgZjT5aMjSXtKYiouaftnqmvxu3TOS2ZkrkpqUjsluXo7Mamj8tMsjZXZZU6Y8F3LUebGKjOabOLjcXt8Zm9O4t2TjNglRZCypUacKUoJ2v0B559CwiRHempK2Xhxxh0cU2sMgUG2aaVBmQI8dbjB7fU7/DmQJeKMLRHbdPltTYlh+OqmjSE4h+CcS6IS4QVPb1OpLQ4g1WjzWll88X+f0XLtWy48lWlh0g1ehbzchH1NRjVPGnV801U2tUaKdE09bM3IvfzkuOdj4aFOhoxw0BHTbOlhAFhIFEQZASkcNoDobcADGkxIICFJM7eUN7kolJ0cNKkFDfUEtsolWEAkkgFZQvMSMzRTYcvrhJoMWaDhxSFBrbcDAIUZGAAxSkrFmRjgSFW42pXFNLlUtKoUCDUwAZvCOZdQ5px0ZAhw2nQ1tmPpQdOEYFKJAaDSMtSGiuzOpzMY6muqYw9PdUnbPUOhc/6VZk5bUzNXLal2OSWpVPzoswmTIswYzWipjorrJ3L0N6KVubv83Llcbr8evR/PfoXi6ZyXYrWHOU+MymVR6A9GebvR8LcjvLJcYfFuNOCjSBZtKgAhR1tjWHjfaYrXWei62fCl4m04xHcdVkdXYll1pWwYELDMTFMuhmkB1VtT6k5pxBp9LmdNL520GfvuXaHLgTNQ3GXpUhYiOHXNZg5rZ5nOq3OdfyAw9j4PXntD5c5Z1GTyJJ2uZwIHoSVwOLHo97zM7HptfmyXXokcNcO1t8fkx1FHPXl3KMag2asVOTVrz1jZaBl7ScbDopCkmdvKO8yWlSdHTSaDP6DPy3LjT1iSWiniNKUMhqTJevxD6c3Tikk1cV+V5xl1VONLFhKgzSykgRCqeqveJxxVElTByyDZUr6mFyvKbUrgSqJgAzvhnNOlc146WglqFpUiiSsJxBigpVJI2xaAqI5BZAzOnzJjqa+ojC0tvU9s9C1nOHktZuaSbmz5pIrq9vxEHoKb5ztz0BM4bcnSIeHtDrrWMm2apiqeIectaIzmR1WWzemcv6dzW5afQ808+w4KiSYZ2P0j5p9LYE6Ui1DzgErJYkKMbDhQ0kkVJrZMGPHOqx+p1PScCfWy8ZYcjx23X4vZUTTrIQAAh1EB9lwWAA6a4prLBsIrU6fLamXzrfUF/y7V0yFN1CfjuDymHBS2yuHcnpsi1sH69/eHTSfbmzHmiKtm3Jc6zpzjKN6Zwxg1bkYhvcBccxvzjl8PqGd5753V9Agc+nPafqkXO+YaHQ2yVGxi6jeNVYOn25LW2tFpUgz93SXUrqFJsWpKwZ3RZyLp1pyxaTKnUqSlJLizzTzeE0uuXo0ea5Z6Nicg6tnbTzLuos0mLW2sHPOg8xZoJb/AFTPblrvRW7MPJ1DJUvTI0rsulZNVKwjNvV5nLOmJLW05JNBDOuH8z6ZzPjtwNhTIwPJQaOhoElcdQ8aFUkAQ2h5JWZ3SZwzFHqmDjNd02P0zzpO+QYeRr42meFxFIkgJJbtU3ZeSMyZr3Me5Gtm4lR0GfzByuu2/EZJ3FPF7Ou45DM3SORru2XAs9hnxwKF6XbMJ6f5Zs8tCvPmumXQSC4crJo+tlUPISmmlsLE1k6tjxtpspotT07XTa2Xj0V+LHbNpi9nSSNIQJseJJQamlDwQByltqipiVJrU6rK6qPOmgz9/wAutbOgTtAAkNxpyxZEVyrI6zIy6h+NN6c0hSOuCCXxlD6VhKW0skmpCxzcQy4plcqlx5ywqPQZ/lqlpdHTcOsaFZQGqy5pbuWZpc7pd89wYLvxdcacH0BBQ3lFdSvEZIpaDDzuhzi3qkmysAWupMM0tpWXMczzumz/AH8tfJRMjR9X5b1Pl6GHGnN5cW2tVLbWFzDpvMbk+xcc6lw3AyW58aa8HsvLyfL+t+m7LxVXenj77sfBfUsz1m75/wB/x753pPNujz3zHWXEsAYxeG806Zzbj0M0mpB4EYpJCQskBhQsltigpdR1uiK+o0gMaxuSMLG36TAp3rRiXNVo9TlrXRGo5230ELztjo7ZzeJ1dFnI2uxNnGmO0A4dG72zXBC72ycIPtsOuOH1tlOXPdEFc/VvGayMy3ZIclsJdX+HVXS7Tj7R3aV56B6atPKpJ7AsfFhx7Tb8eWi+s4vmW1kxV1Z5+31jWSYWbyGK7FO4bXDbmiaUBLMhgSkIhTjax9JGHU2tRZPNJVqdVk9ZL50vaK959aywgTqIJVYHG3KADKO5PTZONbJrLbrzaMF1wh1LEr5xpKJMmlM0qHYwUpvMhXlsGHQXtDxtbV3Ndx7QYNzWS0d7TX6yNRnNRvGybfR385LbcFpW2UV1R3c08CA4EmHnNHnIvgoIYMqcANKW6pb05nQ39D28sabHlmh6ly3qXHvFW2vpl1SFBusug5f0/lo5qMx1bnnFxc9b5+dzpp53trllZo672eC27Ln5/JF7fxPrGO+c6VzbpPL70pbSpLoJHLpw3m3R+dctID5q24HQjCkIlmNk42E+gD7KhRqUoQagEFEEH2ioQ9W6lkrRuoJsBRFTrcmEcsppAmLIaLRRTrsFEJi4RVWdqUVDd6pM0NOKyTO4RGHa3ijnR9BXXOmullJyyv7G2cYT2VquOwu0MnDYHeYRwSP3qCcIZ7lBOMK6nUnP7W663XRa+bWnIosiIdv3eB3tE0tgW0rFGyESfDZLMCkmHTXFNZZkaa1OryOul86XVDfY61k6BMsWbKqdXHWimyRSsPs8Vi6TSZnSd+TyTb3kNvIGg/EQ0KQNyWiU1xFkw2H1JKn1qoFxUcdRK20g8esaFZ1ctRfVF6rlxVWesdAMF6PORoUOtqZKe5pbWamQ6eNJGrbGNLNs8CDqy+VaizbEoahmlRTX1Boo5fRX1N28jEpmUXfVOWdV5eiEtDm8KMGE4hwTyvqvKSZ0/mPSuQYHUn5PFz3nPdeVe3GbmWI9PnfcRV3yq79wnu2fXmOi866Jz+3ICDwuQ6OXTiHN+ic85bUDNQtBoozMJRCgkyggZqTiVItbS6UaUw4ttQqDLqqr9PWWdS5dZZkk3zHoFg5qVDUtvNQZOC3m3RAWoSoyDbWB00KuSUlNSSYeFgnRg30iVgCkrISZqGlOJEEpZGjzW8oLc1JAj27RRaVl2k1dnU1yWM+wdt3uD3o3FlVlFk7/AC5s7ilSXB1UgkpafhNHfUNWQSZq9bkNecOJMHHRudSTanlEOpS4akeDZ0KK9SUOprbXeHm5UfphJrAhKmx5tYRongsVqxjjTj7xEeWuIlTc1vLpXRZsXl1i1l3UZtVb19sp2Vfot40rym+/nQolAaeMoluP501UXc8SsKsqeO96hnMLTK6yXpRsq1lZtEVujgyY5pT29V38iJLTxd9T5b1Lj6Iim1dMPhK1C0LE8p6tylLHqPL+n8kalt4/z/FkGt3A7OUPYRj6Pm1kKs0m/JT985z1DPry3QcDvsfZcJRZXYYHLrxXnPSud8dtqeNWFrMI0OItKVBA2hwlqUgog1pUi1tqAsjoV1hGsOQhcrtrXT6sSjgNKpA0brQ0p4CnCAhwlCXQsaS4Q0Th2NKC7EqS6JUoha2JFBaVwEugaWEijMxKlGMR32MmkKbDIlhklNN1s6BXJWHGY7h0HnXRaYqrOtKzO6KgNPjNhQXMZGjVqTbvMafGms9o85bZqSI1Wwx+vrz5W9Nhce3PB0R23mZdJLU5qXSmzmxdLb1nm5dJRvPON1Mb3hyM6i5SojphLzYZqUElaEQs0DrpErpKMZS6nnpiJbHnWez3Rk43zGb0hWNc1v8AVP7zmm9We+eTGsbXMjTxkz6XNEZ1WoFZpemUZU9Q4copO2cEjpVoNdrOPGhh3Fcz0BheHsabN9/Il1Di3XU+V9T4eiGZjpzcURqa0GHybrHJEuOj816Vzjta9XfP8Mqh2PKO84g/En/S4Sb/ADuhnPI+ns7teH0M9vMFvt+9wlpizBDj04zgOi8849FNSKIsyw4rdliAm6GIWbQYsG5Tilm0RkFrrV4802q6G4ldWHKaafjWSGHm82TNjTtGilAbkBUPBAHwaqQpQGlGBQMBm4kaWDsSSisWbIH0pIj43TYyuqPMyIJDoIxOkGttwIgREYcYzVIUBCTCKaNuma6dArk7DrMdp6FzrodFDkwBrN2dXV/x/rXK2c1tElZP65zzf50uhu6C2ybWiNds8bs6z6LBPHvBKeZXHOIgMWbVVbdoxVVGtIOsQo09jeYInM6zBamR9RkIPUcW0lJBMhHosgxMgNK6o1QUpiZipcW7Nk8cnG25Tj+al+Q9EZx5QybwGKi/I49uNUrWIi5K5YinW5QFGDyp6t8y6z17VZbW6znOe9C5/wBOXUpGIOa0nM+qRLniK9Jm+vnt+qco6rz7xzU505pASOOtPWtch69x1m/6XzbpPFnrmRL8Xmy3K+013q5+cGO5T+++K9a2ub5uI9/Zt2s1vcDvOvskkS82wCxx6cY530fm3HpU8t6VzisG5Hqu+LxzF3RbutOhpztabgU14JMsYbQshrDqfUecdN46W6SFVDkRLJTEtrNVZQLWpDq0CglUOMPFRSoswabWQhRmGbah1JAMG1YpCWLHziAlZm/5aJosdPrufQfMvpgdWy7CWnCEKCRTbas2I1IZVsjAwlZIkjKyLAmVpypCmo7N0fnHRtGai2qDluj5j1qSLm+t8dqxRR28bLbRV2qz93n7Lgm1S7PZ4fcFeg2+fVZNPCESIYAGWiZkNVBj2UW5hR50TWWWn4u8ogTo1jaZLW42+2u5NtKB1ZNEk4klVOm5k3MakZ2t9Tma48zKxt+S0uJDaokWwSu5QCbldNlUrwaOx5rOUfx96Cop2Z599bYBz2Xe+cfRHnv3Xquoyur3M/gOgYHpztsRusLrn2WTjWcddfzrqEa5491nHbKxFrRzN4fgqKxTiHLG+Ndm5erO75i9010aRzcsuhTOaPLvG8WtNY3m1mgr4UjNstxnbuSU5AVm6QIHHrx7nPSed8emb5v0vmtYCBZyO+MJc3MqGlmdlBnuhIWm0DSxWO2K4wW2fFdY6dzDpnHS2XmJXYspvUdZuaiVdxV3BNIOjSJKYBOIFG2Y4EtizbADIxZmmgg2LFQXK2ySuscLzl/SebnLbWHNsuvSPnr0LAdYdUBSRCJSVrxIi5rcd9iAw7FHhGSPNMM3J1k2uOXtOMy9q6Pzbom43T29Kc+2FbaRpqyyj1S3LrkOtuN0WfvaKrYNLy2G2xW2qsZWxjqFxjmn4yWtSShKVW0tpEsrasajS4+ssNSmNZaizY9kSJaRtyO4t65aCSAoKU3Izksl2LJyW9HXnVhIaVivSYbudzzjOkqG+JXZde7cym2UyunHXNPLZcZzud6NhPn5zxVNF3+Pt52M23l667iPcuHfS+h1rSZnS9lJg9thenO9w+0xO+e1xmvxx2aZz+Jje7anwdI4QvrxI0GOmyoebQYpyBY5qVpUPClRnaJnLuUd+frQsRppJS65/FksNqztt7zzN659WCkHk74Dm/S+ecOtDmN+peQL62LOVudQM5ivpYObK6Mcc2V0wHO1dEbMHO2LsInMu0qt0253OQPdLwWljR39JiybGDLJ0iHIFAgKSghxtkJMJhCyEIWIUgEhC0o0yqKMUsumRyxq7arvn/R8BXOQ8/Zo+9cW7WIcW7KyJKyKJTq1MTRR4zrFjByisLgwpJAbaW1o3Ekwk5qw8xnXad/zvoe8pq7GtK41GXjaWqu48qvJKGGiTQW1JVmthzM2G7wW9tpq6YxnsUN81jy2SHEsKHEhFypshYhDzNhMPp3mMmYLK0WDNkdMtvUhpmLSAc85Yq5D0tec17Gq+Q89KxJJ/FSpT02w8YkC0PjalLGzlGQFylyxFzG0LAdAZ6cPLDfQ+V+/8ZoOnYPu3P6c/gPofzz5f0XW9Jm9wYjDdQsNZ5vie8U+s5PG9kzVldlejZu52UjLapqvOMx04yU1MaLtmjpV2bmIa49nRTF5e8+zwM5rsC8Luu3PkPnn3P4h78+mdU89dU+p4e1FyF/4v0utyuPuLG453F7rz6gL4c3PcFu+ecujwZSrojCH1wyqUISYmHGWklxqSNCW4QCtllXIny0g5npM7c89621yldKqpGglo19JmnMJPSlHMh1FyzliuokvNV9ICc7d6CZgV70zAv7c1xz2rSmWb1haYxG1KMeuc5AymnTXLJPT5RjOiokUk1Ig1MJJQhNFkVYktRSEXLFWzFhCgVZbwqCoXTUdM/m86zXSub4vYuj826XvMWBPh2QApayW1NpUy+dTl3k3Gb3Nh1F3R6lgcZtOh7zB72s/CsWOfdlqYUsIrE9StTapiuTZiqhu3RVIu3TZSVesZOdztRn7IsVml3zvWc8vcuE081mU3AelkOIeWOaZUrbx1JfP5YZuufxq862b+TiV0C/41JOyvcOlJ2VziD1dgd4lKZ7NE5C/qdZLlUi53x4SRZqGKwkj4HbYbOugPRbNMZe0evqpTdCymTcFZXKkOSyNNmbxKiEmH04oioruencLpcRz3sIsSx8vrzl63MrDaHOWK7e359orOscw1Gr9PLw91nm/R/o+S2rZtZ8r3yHIIJy65SepA2NZo8d1ShjFua8VknNSDMq0hxnHb86o13LiUx3TlUBaFUZxvVqrLPadRQHoVGclXLdQ5S2ofXXR404ySDYJxTRuBgkG/LnhHRD5uk6WOYV8dab4xWr3Rnz9Wno1vzTEj0835eRm+ok+WCl9Rs+XYedeqYfmI869FVnErLN6LVYXcZqI9k9nVQm4Tm0zeiXnWXb1ic3HFqo2d0M69iZpWSSiaIwzcnktPjvd5OzdE5t0b2edMR2JYykJysYsipl5FsKrWzWzaDVh0lzR6kw2iTovQOd9ErnlLy/L47djtfN8fn09URuRSO3Lq6uRIuesR+WOadHi4GTZr62mOywajO0wzPCVYtHrKxjQBc+nRnGTd1ZGblXK9M43pxGbev1GcPRpKJy4dKuXPTYwp4CARwpSWyW5W6KyGc2czXyNLGKd21VLWk+7LS806fzbLas6BuXn2l2kYo5l8xpViybSsbs5WUSe7Jtpl3akzxaGMVDF+takWVdE2I5JqnksTSqdmJiDZRnK5zC6pHs43Wdgl41whrvTa8HHdIVb4WwkiUasoasY2Obo+exjpiuVsHW0chRXXWuRwjsTfEa47w155rZfSTHmaJHp5nzEjN9NM+ZI016ea8vt5vqGF5tk4vd6zlMFepQKGZz1KjLdza5m6RnVIm3Vm0TGnPNyL2tky5KXoG5a+UtjFODKsGrJ5iXjSFoUMvG9RsSEDTxOmY1eXnXOibZkStMSIBIts3arMJkiOboh5lRCghYs0rMTktZj/oeLs/SeZ9L9fBiFPr7CcQ5kqC/HMdctSM61SAVHQ3lBqPtqZTpXR+c9GrhVDpM46Y/Ia3LcO3R9Pn9X6OFe4+WowTeZjVJzr0XgrZLTq3JJCTfO3OaGqIoWtBEWoRbrlq0XtwYl3clJixrIK0DtqmWBKmyYjSnlRAh2xy5qXfQbGFMs6lgUV3eGK+6dqigbNdYVO7bjGlsGJcXL0iMsPF0uSsteedjmZvMLroys75tN3lfnVFLEq5bu6q83h56CxrN2KSbVlOpFlwzBlWR66zgCpEWUN2NPJJioMoadWeoVbb1gw/FuZYiHnYgldQq1gAzeEca3XHPL2tYDhY3EYs2s2piWjkudY2EmawsraO4uUj64s2GxcxM2RNeKUkulK2ErGzWBJg1Oiv6HWL42F89OORTWWqMROEQycmK+NukoJp9sbU1IiRMhOq840sUAams4hOMjh8MpKewqLnUTObOGJ8Z1XnY7kSHW1WJWtUU0ymfluXIiySI5mNx+uxf0fD2nqXH+u+zimFKgI60EZJjtqKidT3K36GQLobmh0kNGzJ07pfNOmVwfNy8vjtXZi6zPPp1rVYbQ9uNoKcWW1UaTZ67zwOHb0O1zTS2ahFU/qTWosZmzRDbtmwloVBPCDfjquSnw3B1AiFgiCiLJMBDVhFSySZ9JYBomsksIcAhhpJUdkJKS4a5ga2JUeTFVFg5DfWg5f1vI3FlpYN7qPw2RmiNZqsgHKr6mw4z5YuVsu5lR0nYEBY08SCRAfzNadTYIkuCkkqjPj62o+o6znrctpmc1cUVomYQK/RPFkJAl8scQ7lxv5fthyXm8bjvE2SUQEROCJMMh1tqHPZcJgZfJpRXIdSholIjLHVx1koR3B3P39DrN8aDxp0IOU1JcoJdUR1OnDjsSWGhLRJeYfldMwPgiV021DYCx9SVwRqWZu+pLLUlLUcJkxHhTjDo8GiHktoyfiZKPW5FTPlsY6nDG4Hq1D9TwWPd+K6j08d3Ao5ZYAk5R3hXVSafGbUlpQijobalsloWjLpfT+ZdOt4HmxkuXeRk9Hms76Rrsdq+nNZZ2HZtFY2Qgwe1y3PqizRJix0vOXa7NZ8R3htFQ7e5iLnklZHsCthMW6CnfsmbKxVkJKpdi1SVPV62LGUkxfu0C10DdNeEuVBBLZaWCOSRyS04hxHmBxTQRLiEBVMqHpcw7qMzU2DjZIYiHRxlQaXJE1lTkacQ2bVohPutWTm6+aOw50YJ2URWtWiSnftmxpKgQWrN2qqYsyPZ5uXZcitkHQQ2M3yvxjs/F/me5Lb6ee4brqUWG2ySiMIlPxX2kIfbEwJNlZIUaJTNJwDNwQiWCIqWgTRX9DvN6sn8aYD681hbzhHNwhL5PBupcGVm8ranYY9IgSx9cdyV5cVyHktLFqbcDMklBfZ+41JKmnYeZecI5PsDy41VLpVZy+EkhwYemukByUIqK3RQPreBmVW1no46NnF0x1KVwKDHoTR+dfQpXanM6gNqQ2N09zUWSW1x8uo9P5f1G3zfk9flePpqczp8zm9B1eS1nTBR5UelPofM/kdnjsaU/DVLexXAVsmwZJs/NxjqdvwjWM9Tmcx09mmaiT6QoR7GnVyLEEluWShDiuiM2PBEYnIrEpZHXEkqOTpHfefKxNmgivyWyGi0iUzY17gbtU9ZqWq2OkuVUEWy619TrXauxdxSvWWcmjuEfajWQ02huyQqFHLSnSlZlnUuxKFY1ZpBnXTQtU85Zx1zqWbIAgOti5Fe3ZvgoS+VOH9z4d8z3Nk+vGo5TARibrEu01ayfJiy5XELfmicN4SHlQ2a0hmgx0JWOBtQ5QX2e1nQrZXjS1ITLIciGSDIDjsELZtQXbmS5EflRClJIZTKsuXqaympLiZIa3Vw2qK6PkSzO6TPabUNxsolNtLULJYmPKjkh6IIflNvoYQsSolHPuRda5l9XwxgtXfi0p0KtsyLT0t5q9KZYLo2O2W4ts2oKpsaqJTRNHWeocu6hXm7M6XL+f1V2Z0ubN7qspqt4cYkM0p5DxRZLXZHOkPMvy3zbiSEJihEN+MYqgtMfrG32uMaOrnyDSS9ssuWzo6aWFu7L0mho8llQsIQSGw8iHVJSS5DeH2yKkuAhL7LaOyIqSY0zVraxEuDKEsI+0mQQUWkkom9PJrFq0azOs6lqykObZplGNNNrGzdE6UMjQZgsGSeK+xlCmVwHmZ8luSU8WzszOTZs0rTnNAfiyhKUsmzEoHlLi/a+L/M9yG5JctxETkpAfkFahZAdciKlmNsuDanlkZb6ojnKcI7jwEqIh4kJH8/eUesaJtJ42+pCpTWSgLSBxbaqEd8UzZpZylpjGpJXIijiXNZZO0DImpppciAVoyKeQ8UV5S6qyMqSSsm4Q2S0QCBBTUKsWGXBSFgQ6TxzPmfTuZfU8KTM+/EjWBBOpLT0l5x9H5ZzT1J6XLYjhVlhXQ8kyOsdN5j06vOOetM15vUzlL7LHR9VkdZ0y9HXHqQ7EfWryWtyWKbzD0XyTSE405TkKbGOW846tidYQ5Hg9MdCk8rtc3T31ZKl02g5U7L2G25drTo1hz+xzdiVXcWKdU1T4aUylhyPUpmU5UA5iRkgQ3EkOkVMk4jpej0t0pKR3CnkZmxIzqtC+uemXCCrKzFkJcxsjkqMhyKZhLePGl0h1hNSUxYpPl08clLgyrm6kZ5ZbRzaLZ6meJ9ZJfFA0m6DQPL/ABXtHFPme5wkFy6LQFo0HiGnDApccyYlAVw2kxIWw+OKaWOESxJrMQAAU1/nNY0ygXPZsmhXXg6KdU4NNTVlWuyfWuOaqGjkJI8ozVw2lEhClQg1qogtyApTtueu6efcvsqKUkSXYiuvvVFOQgDrbiNuKh1NXi85059fRwuj78txgVD2+ZKjVrKTUBJLSW3o3zp6PiunxLMixr6jG4FnWK40qOnYeocs6nXmWmdzXm9UrJanLLvNVlNT0jseTHZU+281U5PVZPNW4zIi6JaEJ1lynau1qDntfOtNYj5DTxNY5/0t/G6Rs/fFqae+5c3nW9qom7xYepwkPOu+LyKjp11zVqTrAxtvpePxbG5itTEVSOXRJAckR1cCpKQ25glZfbhVaHVpSwRUrLOG62Nk+2JaJVJRKhXK5LjkrEh10lwW4JJdbm1AmSCsiKfZJLsZYuPHdqGxcLZz0y1eKC2nRRbSFj1ZZQTdhoHmLivaOJfM9ywwvluQqISSWA5UY5JjLjpwhTzqtOuBQo1iScMDqFQ4psBpecGs3sc3rNkqY7z3EeWYROPysvOgQToAoGJBAkPxZCrUwqHTVIqKqSkJ5sD6WQPm0ZTXVDo7GpCH1SuNnNZ1xcrzXXl3Wi4DE7c+wZzCq7crepUfXmUpidqOqMAUDCUZiVGoQh1BaeivO/oOEymXiRBCVKrsK8Nl5lOu9S5X1SvLGd1md83qgZjVZdrc6zLarph6NJjWOutPLR5TV5TGhKjyYvELJGHUmPVFtU1ybIbDGdOW52/D42s9Sio3mdZ3JaKPWWjdKxvTOY6bzLqUWGdv8pw69WRYuVnl2kUlys6aazWc3uzd2WLejdyshfWWi66PZOrFRSPFuZtZyzslJDfMBKSB8R3qgFYmMzELFxFxUcXEBZorSWxZjOWOmRU7XuV0jsiLIstYTa1KRGcH44UNOOKGQ+tIjFgSQEXya04dB5a4x23i/wAz3NE+nlttwkjiTSG2RI69Asg1nLmmAkCgkCw4+MvrWNuhWaZtkO529oumdI6F89JM0qsR1Q6tshQJBYFGcDWh0cfQ2G6Sx43FjakJVwJVQXVZreN27xjMdeXbKriI9HLoeZoldeSwlfXIWS0AUAKNQQUY5NYkCjAFAjFLTpjOF1bYHB9V2yPGN08quic7GdFoIK3Xz4QhvW6ix/p9JdV5kzugzvm9cXLanKpvdVk9Z0j0aUzYbq5JmMnr8hz0cqJJXQJQALbWjtRcUxyaqsabvy3WZuH4wlhpsedJ03mjXVrWNDZzVFMziGbzK6yHz3vbnnFlZtGqC/I8S2ZKFm9YFy6auN3Z4GebKfgFHZJ3Mb6NcxXztZU+gWBt4ljLeMacSaNsyhbDTZElaJ4IbriEJSVUHWkWPojOI+bchWSdMcS1IHyjqEAkUskxEsF52tN3E5y8muGcj2dxFaJfN3Eez8X+Z7TI1Y24tDcSWQ5DCJq7WG7Q5aPQm6jaXkypdSY+tgx5BuZMreCoNToxnNZlumNCSFc9Epw1IwIJ4PKwUghSkLFrCQ3mmqnOYzO9MdZoeRZ7vy7tQ8lLrz2uZhDvyCiPeTUSgALRKjAayUGoKAYAowBS0Oj8helMs71fSnE3tXm47PsstpRllxqGWHIsCHIhVYuL09Ze32k4oouozNTLGvsDU3VLd15mpL+i83qrsnos5W61WZ1OjiYEG5vXcdDjQZC6psaTIjSFuwQDdZcJFLcVByCluq30cb6Ql3INSI60WG6nB1nFamNnt57jL4J3bG8BP1GZ5a30OdBWzeFqVc5UAs0009J7E8loKzWsrkrWXWyRNHkm7OsS+X3B0edzPQxvk4O1rUR3n2a1ThaixIXUMTVEFc4EYpjCNmHqaRNequFs2kRa40OnAiF43no9aCDVR9S5raymZ0istGs0TGZr61rFM+W7lG+egw6Ma83cY7Vxn5ntaUZ89pWs1NSSlecjODpEuErccG1OrG3VAWpC4StQlWZLFqbA9k9RlumLp0DGnQlcqicXKy4qn1LsYLO9efXY3Cq/ty7FncCO3O8pAfbmZg9Q1EagwoBhQAZgUSkBmaBROCTUoI1uDZzp0U0u9eivuWpZZ32b0xdyoJmMy97njvWmo78hw7m0XHPdFl2Yy4um6Oos1mU1QzJrMzBFXVlBszS3dNcHhrD6/G+f1VPVOX9d1I0edGqI44TLBNoXaQpkXntuQxIluSWiwOtPDtRcVRyfNajnXTHSHaZ+yxjxzG4dkvSrz22ydzlPSPmT06V+b0Od476FAnwC7tai1o0rIYhWISqsJLMs4s7JW2beOK6t0DSY93SV+jV7lGU1Vvzk83tTFBYRvrPmyLOkM5u51HG5qtZiNzYVPyaWNc6hvHwzaRMfDTWRcnC1NojFOamqi46sNczmlmjRSOk1pEghKsHSA5PWQ3JayMt5R20KGb5v4z2zjvzPdGW4vltpSyU3G3Qws4IGoS4QJD8dY6lChYMBKM4JaAOraelcyOp5n259GXyTP7z3mh4wjry6TnsyO3N9gz64Bg0IwdAzCqANSUagjCgGaglEsSazCUsMkbkwhLuJcUk6wTDbzSVckQHZZRxSJ0yinmg0OZ0Vlo2/a2ckruq547X0rlHU6lMvNjAWBpDoGjWRnMXqfKx7Py/nXsVXtpPkGyusfsTwTnu11fD1cm3egk1nmupXdzyC06XFMre2hS5rGbXFYrUmNKlu0PshPMuj1VaVdcxxO2xO83l5hD1nbuUbw8iOdPZTZ5UxHp3zV6WKzOaHGcta2yuatLy0r7QQk06qQYkfcbXCIk4jNSLuKSFZ4y+Ql8ixbNOmaq9lGWBA0NUkbonNNVJc2FPQZvVYFTb9eQhvo3lhMSJrM2vzrBs05dwvapKyIU9wgPzXLYa5qiM5IMZcWsQs0DhxWywRXgksvuHaQ8MvPvHuv8c+Z7lm03y6ShGBJJt0UZOBKNaE6gSuvwnh9lRIRxa3eb5eJq+nPo1bgHe2NLVQT68lc+6Bl+mM4ttelkoGBRGAwYDBgUSgBRiTUAKCmkrNYlRrEOSJcVsi2kRWvy2B44giYiOY6cZI+llklnDBMbjoJ0+osq3u/wCRbK56ZIyVtV2UKYPNOgutdzFuurjL6oaRKREc3AUHnL1TDPKpdh5Tc9T6nyTpdu5sqm2l89xLDM8PVeT8U1G2hCboy/OkMx35kyud4rf4HlpmVFlzV+y62NutqH6mzqrOa4vYZvpmui3dfqQNJRQzoCMJqEt8xfUJi/Tnm70m1TYvZY7m7ZmNRlU0FpU2ipIxSQASFtrkAJIoiAlmQCgb0UZW5mf0AhDiNWQhaCFXXYZyD+hrE0FtlpHXk9WSV3MJ2a8RU2SCG685UdTyqZU8AlNMktUBJYsx3htMtwhPSjGnFmJMwAAHdQBl5s452bjXzPchRnz6KU24KBLgLabuZq89W7xthzqB159Crse51521a2fTBOIVvKzQoBkINxsC66cdc2dMtLYyMMyUAyUEajAFGEpShJrdlaOdYS00uyIZeCBxTQiQuEokxjaFnGQSRCIltR2KlIgNlgiK6KkNuxIlR5NTbGnmJrNbzGenW7Xm2nrbSqGwqyaQoiyHGzbaLkVlXS01VsNNvJhnO6anrmPS4VpZr7eouJfMb+7rePogLXFWxnUay6bq3bLRcKWYvD7bDcttzIUqW/QpARpMVGfM5pyn0TSb58mjoe3IiLpC1zsxqXS11UoovRXB++rnMbssXl3HJa3JF/aVlqIJSUIknbIcbXCSMgwAyRgBoUgbfYfEIWRIjSoutBbRhtrDEpbrnTjCN5OiFktFsymRlZr0jMSAR0z1EJ+SY0tSggZAMEKBGGaQGaQGFCO5BYjzfxzsfC/ne2zGZrU28HBs9eezr8+fXnMike8B1CrDBgWtpYsJIcWw4LU0YtSAKIgOGkGUqNfkNLczMI1GEtSxC3JsV67h+KqXIaU1NhX1R2ySiMZJbZTElyIokJYZqYzHZJDdfHLNmA6LJTgl5Twh5ToHHXhDqn5ESJdlUCwsLVK6+cm1b3mfuKuJcJ+pQC4jMzI5EvaGEdasOOak3NPPrR2TAm1qLaotjisKRQcPTaSc5Ha2BZAzVRs6UaDQ4K3ivwe7wcrcqJLi/S6Q2oGJUlZXupsky3HfQdXqcFtrLCdM6dlSJpLJsDHf/PvoHNzOM2WOk7fktZka0dpVWcKSBTZKJH1JUoBEGk0ilNqZUg0qh+PIEpUlJDEhvVYWDRlaFJavNvdOMdt9vRtQNHmJDIhQPQkqSGABQIwGlQFAAIGEYMAMAAWAAR3YAR4589ehfPkGZKhRpKnFIPJQS7SjMQFEYAAGaQLNBilNqFGQFgACmjF4PeUlRlS5dVr9kqIs5KpZCIxSupaA4lKRaWypa4iRxTKR8o7ZNTVRi4iQHRSXnBk5LhFekLhh552kOvuIw/Ksyqn3trWdsNFZJQ2F1IK2TYSitspkimJq3w5Lb1PLbdCNwyFCuEGTa0lBECrtzOga3zP3qui21NcnnimvW/N66Y9dNXn87aEZSVoVFfZKzy1uC6NzrMedcviOTawzMDYMEOLMqUupOb0ZV4npVfp5jv8ArPEdYtUG5bW+guCd8xrLYzW5FO35PV5M0dlV2YYIqJSCJKkrhKXGgAABkKUk0iXWHkCTJJKVthIUjRlxCku3EOdOLJGWiAsItiQwJUTo0Rp0AMBKJQRhQDMCVpUBQACCRRACiAjuwAjx7569C+eoBhQtK0huNOwFpFOkheQMgKCFCgQFG2sI0gcUysWCIC2VDzJsjyoyleJpMPEwBw2CHxHVS0sMkltpoeEJknx4ixTbqxl1Tg26p0S8p4Q6tyCW7LGHrS2qhs9BaWUlzdTaqptk8V7lq8QVz5BEkvrEPFKGXZCyO8p+mnXkhhKoSo11HZnCM8V7FM7Z2GYO17LFbWuTVlWXl9lm1WyJVpsp9Zx/SJStzOxxhDpZvNYf3/FtqdBgnLWObYFGyoaqbaqRy5qroaW2yjVJq4a+ea7vnLt88z37zF6Sm83mNPmZO0ZTWZKtHZ1VkLAISCBJcZdAhSQAGIAFGQIblw5YhK0pKQptA2otGTAS8dbc6cmAZagI0o8w9HFOIWNIWmiUZBqJUEYFAAAMgLAASVEKBGAAjuYQIqaUAAAh1AADAgwBQAEAwAwBRACAAAAAAAAAAAAAAAAKIAAAAAAEgCBCAAABEsAaaAAYAuWABAA+YAtoCkWQAABE50ABAaSzAFAAJkACgAOAEqIAKfAGiAAsAIgAAASABIAJ88ApwBjRGBaTYEjD4Cyq4Co9WBDLIBdmBD7AAAABkClvgIEAAWANxwFpLgCxqGAX0ECJToAAAAACjACIAAAAAAAABgAAFKIAAAEgCx9QELkAagAAEgCjAGzAFAAIwAAAAAAAAAAAAA0ANyQCcAD/xAA5EAABAwIEBQMDBAICAwEAAgMBAAIDBBEQEhMxBRQgITIiM0EVMEAGI0JRNFAkQxZSYXE1YCVTcv/aAAgBAQABCAKsqXw+LauQhNqnbFk0hTJcye7KE6V3py3tvmRlsbLN/pHzFqNU5cw+yhe518yurq6urq6urq+F1fC6urq6urq6urq6urq6ur45t1LXSxnv9WejxiRN4vIUeLTBDi8i+qlps41xPjPXSRNDlBxESC5pqjVL8H1z2ucF9QevqMi+ovX1B6k4pIxDjkpX1mZfWZl9alX1qVfW5V9bmQ41Mjx+RHj811T8UkkbcitcuccuccubcubcuccuccuccubcubcubchUuRrHBfUXr6i9fUpE3iDyq3islPGXt/8AKqlf+VVK4dxOSpAzahWoVqFapWsU13TWTGGN7xwqufWMzP63Ho4jUGmhfI3/AMnqEf1RUL/ympXC+MS1Zs8ut9hxsEzv0cV4jJRujDKeQyMDinmyb3683fGr9Ugaqk6RumVGYrVKdI5p7Qykj1B4KczUHdgt2LvUge9lmWZX/wBCWXQiAWX/AENQ7LdOfmdZ0lKHd2P7b27dtQkZVSwmRwvUxsL2AUc2kcjq0iRhCqIxGxuXgzs2rhOf3Hq/RKQU6AFCmK5QrlSuWK5coUpKNMVsU7dUXgEPtjZPRxYuLew/HgniOn5TOnibP2JV+nfbH2HpuPG/8WXAoL9P+SduPsP2Ue3R+o/KBUPtNwl2TNuseWNdlHdCpEg9TmsemmxUo9SMjr2Ac4qJxLVJZQP+FJgx10D0letMv8nA3Q6O4Kv/ALSYj50szi1R0sd+1ZR6fdXvs+EqB5HY0cGq43lp2EXM8mS4EkxI78HYAHkKWku95XKBClC5Zq5ZqEDQpDlVyu67ruu6Ob4F1xKANIePlUvih9sbJ6OLFxb2H48D8en5TOniHsSr9Pe2Pucd/wASXAoLgG6Lb/YeLhR9h0fqPeBUPttwl2TNuseWNa0Z+5A3TQxPFj209UIHK4BACNRTXuEYSd8rg30Zs7e9u3aLMUGlquVdByvhksr5UZUHXwGNkf8AQlA36iPtlPe+HuhVRydlU07ACRcjZtVnNnEZT2e4om6hqHQ9w2c1TcorYRExqs164UxzWG6ee5V1dZldXVW43FhI4rOUH3Wdai1FqBVt5B2ax3zSeCH2xsn4HBi4mLwPx4HsOn5TOniPsSr9Pe19hxQx433pZUEUFwDdONvsFNPR+pB3hVB7Tfu1TyH9he9kKUowOBKD7AJtn+U8zTsJHDbVetRy1HLUctZ615FrPWu9az1rvWvIjK4rVetVy1nrWetZ61nrXeteRa8i5iRMr5GqOuzha7kJ3f69zcyqKQMN264spO/dF1uyMlkCvA5k4GUkiG0YVTO6UtDoMuYXpH3vhPPZ71rrmguZYucYucYjKJO7Ub3wbdOv8LvdPwovFD7Y2T+hqrvZfjwPxHT8pinqmw7ycQkdtzEi15E6V7uxjJj8NeRa8i15FryLXkWvIteRa71ryLXkWvInyOeLO5eNcvGuXjTGiPx13rXkWvIteRa8i15FryLXkWu9a71ryLXkWvIpP3bZxK9u2vItd613rXkQqpAouJf+7Hh4uMD5Y1rC7YyfC1j5LmCmPLj3qJb9hhBTOmvl+myKSjkj79NDA2UuzVcYjeQPv0tTm7OzhN/0Y65tk2dzbX1Amm6me5ux/dYQqgesKWHNcoMd3AZ/9cP6FM4gFSU+WNlnRsAGWnoWyZS92SCUZYiCL4VUF5JFy65cLlwnsY3eea+0Uzo/HnpVzsq52Vc7KuclUdU8qJxcrKlgDm3MMeS4FvtjZP6GKv8AZfjwPxHT8qoqNFqJJ7lMZnIAmpHQi7vvUMDZs2aoYGPcB+PT1BhKY7MLhHyxqO0gK0g5PpngeknvY7DtjwvZ6qauRkjgKOczNN6huWRwVNT65IX0tT07oN+F+TlX+6VBTum2HC1U02hZU9I6ZfS1UUboe6p4dZ2VfTXXsvpakiMbsrpaAsYXYR0Odmc4NNu61FCbtHXf8x8oamuzdUqlqO3d84ADXQu0WZlLxFmXtR1eV1nyPa5ykY122lchPGUZQZnWDBJVNy5TV1DnlQhw7ierebIvO64FKZNW6nHrerKykkDFVVpsQiqaLPdaN+65cKSHLjGbKk7hAKB2RoCHz9xuyf0MXEfYfjwPwHT8qok1Hk40vuMXE/BuNNRawzJ3C/6kjMZymCh1m5kRZQUOq3Moo9RwancNcLW+lqeAwmxhhdMbD6WqKnMJeDV+49NoC5mdDh5y5nDh92ZgqeiMzcycLEjB3DyG5k+g02FxgpnTbfS1PQuiF8IuHueLk8LU0DoTY01JrglM4aTe8vDiwXbHw0nyqKF0QzdHDJexZgfLGukLZBZs+n2TJ7laDJe4qYNI9HC9nqWCBziXBmRn7T73OaKOU+EcdQ0griI/bXC/J6r/AHSqQZIQU+oe83TpC7c/sw9tR26iOvD34f7q4jM5lmjh8rs9jxMetqon6sViYjnyKtfpRZRjEy7Qqbx6ifxJqwQmxk401i+vtX15UHEeacW4VUjmNu13EJguflKdUPfvrvG1FUH+XRLEJN5qZ48JXlzvU2ci7HdvnRTVmy9lfN2UxWq4XUjr2TacSFTjIg647uzFcCiyauE3m/CaYRoytlF1VNT4y2xVEz0FBlh3Lrdk9O3wCondgmNTCQh9xuyf0NXE/YfjwPwHTKbBx6KX3GLifg3FkM9vTSNma718THqauH+0nblUHtBUnusXEJjG0ZaSZ2o1cU2YuHNtHdTzOe8rh0xeCDV+49U5tC0qWqfJdcNlu0tVTFpyOannl4cXSaceZSTvk3pRpwgp0rnG6oZNSPvHH+9lXEJCxoAjmcxwK4g28d1wvxcqudxkcFRPL4wTLUPc4ppzwXONAbSjA+WPFPcCugXBRjbLVOD7Ho4Xs9VnuvXDAfUqpodPZVcpgZ6Y62Z7gFxD2lwvycuIe6VT+uEIjL2Kl/dhNlSjThF+He6uKeTVw73VxPyaqCXI+y5f97OuISZn26IjZoVK698HVIBss1xcAq+F0Oh+yfUyMTJnOWs8uITNh0B9uqsb3Vaz0qysuC+6cKkelSNQurohRS5XAphuOgmyL2vVRT3PpMVlmO6MpFihLdPfZOeQF6pbkRtMZ9Qg7hSS6ZAErszbmmbdZVw4eeE/m9TzGLuZJ83dH1LkgWXUbcjTG7h2xCeEQN1M63Rwvv2LQh91qf0NXFPYfjwM+hvTIL3HRS+4xcSF2NWUqgZeTvW1T4nANo6iSV3fifk1cP8AaTxYlUTS2IXpPdYuKbMVJ7rFxTZi4ebxKVuVzgeGM7Ocqv3HqL2MKWXTeCpqfPJG5cSkuQzGp9g4U5zwhWsuHNyxqN/791xNt2tKa3MQFXm0RXC/FyqfceuH+0nblRex0cPbeUYO3GPE2lxCyktCMbgge6ZDnaeijqmwXv8AUo0/iY/iXknMmcQY4We6uYwftVVa2ZmUUs+g66qquOVhApaswrnoTvWVDZcuWlrdIZXc3Buqmu1BlbSzCF+Y1lQJyCKWYRPzGsqBMQQP/hkyMzOJub4gXWo5ULySbqRvdRK1k5BFN6CqhvYqBtwsv7rlHt0SBNPTVKsb6CrLZcJP7wwn8U8LZEokIEnakqhYN6Hszp1J37OorDtLFlOVaXfs63iY97LL3UjgqYixKFuxRnBcp/3PUp35AAoSQQVqBcON8+E/m9VgvuItZ9hojK7LFIGtIQAIsGwZPGRnZOvsJmiPfCNuZwVJHlCH3mp/Q1cU9h+MNU3JG1DjNKvrNKvrNKvrFKvq1NdPkY9zjHhC/I5rl9TjX1KNGptLqN56F/l9RaCMtZUCci1JWaPYmuh3TOJD+UD9N7XGsqmz5bQP03tcayqbPltS1WgU6thd3LeJC5U79R7nBlcwR5MYHHTaXSyajnOxlrmPjyYUtXo9lzkDu5n4hmGVii4iLWkFZAzxqaozFUdU2AG8z87nOVLWtiZlJ7plcwR5OjhsOVpdg/cY1TcxTY/6Yd0zKE+IEWFXTfzb+LSzQxsGarrNbsMALrlxA0E5mqmcM2EoTW97p6KBRQ6ageSh2U3mFT+OOZTuFkyfKoZ8yKbL3wqvhVQ9DkFIOy4PMeZYMJfEqTuibbuufGSoGyoJ8pIdUwd88VJM51gcS6y5oKd8cl0JA3uszXKRp3Wpl3zd7q4aQEJB3Q7OsG+nbl3yG6EXYrVXBjfUwqZ5NWVSS5t6cbkPcYn9n+k9qSN0gRp3BPs3ycRbMI4791OzLhQQXN1G2w++AnDoauKf478aahbI1hQ4BTL6BTL6BTL/AMfpl9Ap7qPgkUd8j4zGbO/Fo5ImA56qu1Blb+HoSvbePl+JBaXEk9nEUPqQXD9TRZrT+V1K8G9oCNiO20dRnKKmpWu7rlnLlJFysiNLIFysi5SRCmkK5OVGjlXJSrkZVyUq5KVclKjC4LScnU7276LlouTaZ7ttB65WRcpIhQO/kyBrG9spdHZcs29kyNsbrjOs10JE5F2G4TT0zjdU6n3YqfbGqlyFSTps6ZLbuoKm+ZPeW2KFZY2M5uAVOPSUE/ZcMNqqPCXxKcqw5RdCsa8gDSzG5osjn9zS2N2RB8EuXFzsqlkbJ6U+MZnJzT8ZSpfJB2RSSCyY4k3M7rqBxO127prhdFxanTdgVRm5XDw0Z8qq3jUmT+ybZjApSJE2MM7p01k+rcNrud3Jna8BRHUGZSQh1wg3vZULMiH327J/Q1cU/wAd+PCW5hF0ndNUkDZezpOFkeJoZVyMqfSyMBcYGGcXZyUq5GVcjKuRlXIyrkZVyMq5KVclKuRlXIyqSmfE0udz0K5+FfUIVTvFR7fJSrkpVyMq5GVcjKuRlXIyrkZVyUqFHKVyMq5GVclKqlppgDJDC6YZmcjKuSlQo5SuRlTeHylQ8Na3yAti/wCMLKaQB9i6DUBQpwAjGQRlzOzFbd1Yq3ZO9Ka7L5agd3T9+wd/fMC6Y7MiUETjdPbcFPZpnvVG7GEBryiHKhzZiCwOJymmYWqT/wCKxcEW9k4uLig4Ba9lA/4QLdsHDDZRuv0y7qn3KnHYKCb1IJxsq0tkHd/ZBZ0x/wAqKoDx3aA911L4BS7FBO2VH2qGYP2KcquLUaU7h5Hjk7WMTcqbVOHjzhu0qOoa+2FY4hvYyZb3b62ktt3Tn39KIuO74wmwZ+6ENlJlIsImNaPTLH8jIQLqV1hZCQdgQ83XB/8Aswq5NOqnQYJhdD+k5rmbPc5gTjdFUzybtUkbHCyiJZ6UGdlfLIoXXTCrq/3W7J/Q1cV/x348C2Z0ndM6a72ZVwD2x9gpuPFP8eXApi/T38lIh9iL56P1N7Ua4L7IwdsVBt1y/GNULvUcl/ShfZZu9k6O6DU45uyaTe5bc+pTSguAWYDcvP8AEsupG5SmVJBsGSA9i4oIrMrXTn2To/V3fFmbZCIN7ianz9xFAWEE5GXuhb42wv3V12CqTlcnR+nOIvEqFod6kD2TsHEpvTLuo+zip/FN9KjqbKGYSi44lCXDMJLpj7BEg7NPeya9ROsOzKklti/bByjNp24O2TlUyWDk2qOUI1Ft6b959g+jf/GSmMfqfRyNa4YVYs0kPNzYxeVmxsOctUlwbLORsJLbndPkuEzcIsyKZ6tbunuzLvdQxZ+y4RCYtS64j/kzrh5s0q90zsApG+nMiUVF6LOQZfcOGbCU3kKptgmFXwH3Bsn4HBq4n7EmPAtm9J3TOmu9mVcA9sfYKbjxUf8AHlQRTF+nj3cpE3rKi+ej9S+0xcD9nB2xUG3XL8Y1flZBRd0Rsnn5Rqc47RS5ir3KtmvlnDmm5BzC6jNyCi8dlM6zlG4XNw5U7+yHdOfa6YCd2nspACvhDZOCD7J2VqNKJO6jiyCyypyCATmXVXFl7pr2vZ6Y39wE3tdMN2ppuicqY6+D3ZRdNNxfGbt2TYvV2kZnaQqi8S1lS1pj7KWquLKdumMAbIP7pidILACI5Wm7pdk5tkUXhjmphuAinKvcWzOQYX7PaWb8DP8AyWqWdrAbuqHSqJzWWIabi6qHgDvMWO2jkyd1z/qun+s9ix6bL8HPdCQptrXT3kJrg7KHS/vtanxEA2F9lTUubuaMWuMKzgrpJpXKDhJZ5nh//ryrlLA8tsJOFyKPhkh3fw2RyHDpl9PmuCnUcvx9HlUFK+Md2YBD7jU/A4NXEvYkx4Cezek7pvTW+zKuAeA+wUBbHi3+NKgimLgB7uRF0PsMZbo/U3tMXAvawITGZVZW6XNzIDDiEha8LU/qkkDwt1LJveScgqN9rlQ1BB7wbvUjQdqi+7WZr3TCMymDSLINytCsL3UYbsmWUfyuyy3QCeQEO+Ba3dSXuVC9wWdC2AwvdOBTwIHlNbn2LbBRBBtipZhmyrMAAh3U7+y1b5bOfcgLUAsFV3cPTme02MTe3eqF1ZO7Falw0AsIbdTCxVsGdiU+Npylua3oLn27IiyKqv4qA/tsweuJj91UzrPRiZKFB6DmbJPnV7dk51iqKfVanxh4sayl9IDWcOLSp48kmVZPlNIGz42u7p4amdz3jhBNg2nHckQNvdP7C4jlun+o2VJUd+9E/Nmwqq2VssgXPSrnpVz0q5+Vc/IuekXOyLnpFz8i+pSIcVkXOOVK3tgPutT8Dg1cS9iTHgWzel26b01vsyrgHgPs5xjxX/HlQRTVwDdy2QePsZx0fqb2WLgXtYh46y6yBw4y+0zQmvChqLps2ROqMwVR6xZPaQBYd943uYhKBda2XbP6bo/+xE9053ZOfsoJbmwZ8lE2cst0ztg98Z35hjQnO1HIw2U72RNzOaZ5RduRt/U2F+8cdU5pyOjkDkUXWTXXU9O2S92OPwZgQnT5O6dPmY5Fp7FVM/ZpXPEjKua1DlftYBshFnKObOQg492iX07xTZe6dJqqppzCVmIVPT5ruMALsykFiE9wPYZUwW3cbFM7lOmzLU7pyq9gqI3hjwk3XFx62qn3umTX9Kg8rI0DLemRmS4JXCpPUQZ5dMZlzbvgV7SpyJH3a991c2QffsjcnuXKge3NYus2y0b3Ke+yDOyqLKmiIzX4aLZ8K1tpZVqBZh9ghBRR3TBgPutT+hq4l7EmPAv4dLt0zpr/AGJV+n/D7BVseJ/48qCKav09u5P2Qb9iMX6P1GP2AuBe1gVAL365fhDDjLbytWWyZpCyL/TYkbWdHkdmUrSe6IJTtwuzlm+E51uyEgG7fT3UT23UrtQ9oXWdYsmEoypsZ7FXV7JylZ3Vk6JwF0+VsTHPd7JEssdHLWeuaPhlOxP4fCdntIGWbK5hDDHNqNwBsiMy0chsn2t2kHwgcgFpqh53GbvdxVzujJZQu7JmWNq1r3ThsSJh3TT/AFqbZqrs7tC9zmlrY5iLATs/kc6p3CSNzSyIkFOjFgVTWFys4ubP3wq9lww3p4sJuxKrmcxYJtBkun0bOxVPEGlSVDgswk7nMG3CpyWEuGd7wVHJd1i4Q/Egc5pLCC1O7CyijuUQN043KHpCp6kk+pk9+6MwvdMfmCMgFk6b5XBnZtTCvZlkkRiQYCnxJrUWkLuAg8rmHBCa6b6k1iZHZAffan9AXEvYkx4D/Dpco+mvP7Mq/T3h9kY8S9iTApi/T3m5P2TeuSrazsqaoD79H6i/x1wL2lfCD565pWpzze4idmaCuJgOkAL4SxNdaxWfv3a7Kri61TcrVIVgpFf+nQHdCMkrLYWLIha5czKmszOcg5wKoXude6uijE47NhsnNuLKoLdQuNJBrvJktdBFWT4f+tCTaQgIppUs9nFX7CxdmeVUvyushIZAcCVfvZTN9QKM2W9mzh/ZrR6bIHunjsgQLhM08rSKmcSJpLO6iy+SeGvCkha31KCHPfLpMYAFRs1QUWsyOjLmBp7P3wqhcLhHamjupdyqhA3Tu/ZaHdPaCLJ4ybCz7J4awdhLpKw+aem1QLupNG9pchKMX9ghvZTv/qO5Nk5mULIHFZGtRKLjuoJAVJ6tuCNtqYVnm4J7DZWKK/8AiyFZf7unbpijTEPwBsn4HALiIvBJjwH+HS5RnF78q1PNV8l6d9v0/wCIQN+l8mVXsLrXLj2MzmlRSh+HEPYkwKauBbvTuLPb6VST6zb9Uj8qcxr2lQUxN1E1zOxUtdHGbLj87X04twL2iuIyzMkzmHjnw+hrtR5aeqqjtYjuFF4hcRdaVqbmN3J1u6ce/fMgQjK3Yu7lA5HXFzM/vPHkcQvhOJBTXaquG9hmTiHJl39lBK6K4UMmYJrbFAYWTyGgkyusImupY9KNoIF+icXaVOS0te4djlRKBU8AvmFUMrFFWD+U7HeSsG9k7tvfPZSGyBKDnFRZYdi9oCElwQvUzsuz+yhjb8VUbct2l/qsm5m3c7MXFaee4dHE5vtyyixaKWZ0Lii9shKDYwCnDurJx79+FyakIOE26qZMvc8y1m+fP3QcfmKLPu9zewDnNbe7n3HbUy9k9zT48NqSBZ9TPlao2az3p9mOCmNu6DS5U9mFRsEh7ljQbqRuwY8ZbWiaXLIB45T3XCYnMDy5Vfk5SBtl/wDnqXZEt+O/w7/6d1G26jYmfCH4Ddk/oC4j7EmPAv8Ar6XbpmBKrJMgKqKn5ZPfRK4G/Iy5ppNTuOgtBRmaDlMmW3aGO/ctYG4V3syYFNXAt5U7uqXiEsIAEFfJM6wGFTX5PGPjJv63uNRfK2d5DwaLiGROr357h1bN8TxubJ6uKOvGFwWcRs7yxtmblNbExkzmMZGd2VkkzdPJTySC7ZIg4D1Y19eynyrXE18tC/PE0rirsswUjS0Zk+Qgi2kZbIhzXJnrWmXqSRsTiwZL+IlEbLP1O5KM1kJDbvE9rk6Mghdygxw7mF2mgxrgQY7gWLduiu9l4UvrnnTAhIL2xe6/YZeylLTG6EwuluwOd2VsJwAx+Z/baOQx7CNsuz6csHrtbZ9y66b/AEnk2sjE8NumeoEKF9iQi3L3PfuVBO5ze57byuEUnYvz3IzgdzmvsXmwCfKyxUdh3e+VzSSnS5hYb7515rhXphIBkAyqo/8AjnB1wezini+2X+y43uBUWT5bo2WyBz2ABN+0tSdgwhrSEXXd3LS4IMDAmQggF1PS6TiRkUrbK+y1MidUdgobvKoJM2cYVN9R1pGyWRA+bMWVZCsgXb4duVAEwKD+KH4Ddk5HFq4l7EmPAv8Ar6X7hMwIVa11rJrrGyLy1k6ofYVNVk5WMb0Vs5jHbXOa6kzH1u+ot/izjGTypeKwT9hWezJgU1cCPqeFJw1kDXOdS0/MFU3DxEblSGzSnSqZ13do5ZbhoNPlYWLhtEIu6ZRsa8vwqaV1RJdcbohFBdUXeJSVksQ9O5QnkiddtDI6of3ZH6crrYzWy3NbkO3NZW2bwz/HjXE2Z5mhNheCc8lj2TCbrJ8ujpwS8JvpJzBrh3QzNTniXdwLOyBvZMHkoE497PADQCc4kspYm5E2zQmkuWQ/AxrfBRj92ZNZZFvqVk5qDbIqFlrpjQDdOGZHsFnuSFPCZGkKWnLEEQW91FOWg3MAf3jfG5u+ayDv7ZNrDKGsKks3aUZwo4jlKi9HYF5CaNQ94wHMs2ZwHZNffuhM5/pFUHOXYJs7CLFNblVs3ZC7SqYmLeF+o4lSHMqxpHcQdwpA5q1eye0WCZHmUkeQ9y65CLL9kyPTctMt9SDG+TpZG37PN0CApYvSnTO2VNKLEoONuzrOTo7hFqaLrT7hcLHnhU+ZvNkVx8XJRDl2/l2+HB6f5FUqamfxQ/AbsndDVxL2JMeBf9fS/cJmBVWzOxHzBVUTkKpTlgVBA1rG2HRxNrpJGsa1ggdpwvp4Kb9yq+ruPsu4tVM8nVtLVdqiRs1NG4xIpq4GPU9V8ssTWxOZT5mRiN89TD2MUtQ/Z7ZHxuDpqWTPYcPoTn/cdQxG5BzPYc1IcoN8f1AP+MVwKMOjdep4c4khv0eYI8EnIUXDHQFhjaeiWTKn8LEri5N4EqWDQjaxcUi1CLAyvOVSZowLteEHZuydmYmMLic2mGbTx6iNA58eZRH05H8sWm6EbgCvU0EJ5vs1lwE0WQq/gxHL6hBLm7K6Dsa32ZF41FR1OumPzAFW7rKqyXK2wm7WCjmdOwtU1K+RjWqpgMLrJ7lrXWpdczfs50ObuwNubF4LSWhsg0xZrrON3z5tu/dBtk7sLiCRMn+A+xsUflQehgQIsSi1RMBVhmunSX7pkl94Wh6ZG+Q2UNHMFFRZd+VZ8tia3Yxtdu/h0L1Jwdp2+kPZtUUc17oUZPkIXDfvELplVmGWSRgPdpjzd1k+UW502f1ZTpNkTYC0FqAcDZC7bJz8tkXBRbXWouEE3luqntI5TFyL1mCsEMw2JPz2Uws4qkQUJvlQ/Absn9AXEvYkx4FvH0ybhMwKLUOHRqr4ZHovXBYBM0NLR0SyCNpcZHvbbKG8qBBAzhke7/p8SdRMKl4WJE0S0MhycRomTM5unKauBebloMO4ib8GMfIGLx3QCAVlbH9Qf4xXAPbKl3TUMQ7CR1gs+bcNWRBcVcRMLR5rh4q6gSAENh0w4qCTKpPXZAIuylMddycSF/LvrEFOnL22a6oztynvdU/gVI7+pVSS5HKOpylMfmC7IK6eMwIV80hKB6Lq6Ay9lZAFcVit6wx2pe5dptyJ1fI5oU8ueyeUHIusEHZe6M5vcCrbL2l5e7BpCMeI07NWUj1K/pUTA8p8fwo4wxqNKWH1SR9roXtdEehB57JzdRNhcTYQ8MP8voIO8fCYWJkDGbfafC125pYyn8Ojcvo8afwjtYO4S8d2/S3t3l4c/wCJqN7RdROPyXd089gBIC5ZSmwX7qJ2XsgQCuD/APbhVebrzNZ2WU/FnfPZZWrKiprZjajQUYtlQ/Absn9AXEfYkx4DvH0ybhMxKCq/ZkX6d6ZjqyZTA7s+pMUWmEOjiEAkicVS1QjyzjitHykpaGrgfm9N6pEEOn9QD/jFcB9sqZNQxcxAqXZNQx43fWbaN/pso7NBCznZDZZNrl39XzoN0+4adci89KRtGMpsnR91oiQd3Ulk1gGxjUsVy1Mp/Uo43t7qjc7KgbqxWRysrWmpwqZ14o8Lq6P9oEp8mwQNldTAPaWmQsi9KmlLzcxgu7GZOcsyzILIi3e1NVOgvlhrGytu7lzuJGF7bAROaQHU9SI7xl0l9m2uoyO9smzVHQvddR8Kd8jhrP5R0kce1rdGZagWosxQcs6zrOs6zLN9owtO5o4incLhcncJZ8HhKdw1/wAHhkvdDh0rT34UwtMmFW8MkdZ73GyLbrSt3Tbo5kWf21qn8jejXwojfKh+AzZP6AuJexJjwHePpk3CZi5BVfsyL9O9D35QSnPzRBgY270UOiq9qRcNeC4wuqGmpojdq4H7jkOqQdkEOn9Q/wCK5cAN2OUuyYh0OYpSmIY8b99qiyONiYwxS+pMa5u5cvhMa43UURBF3wG+YcrIdncOkc1N4dIdxw3+xQDZN4e1q5NiFJEEIYwrNwurq+E/okgVIf2x05QpILm601kT48yqGkOKaQCcwdlKL7lOOBV8ALp1FbLYMew5VBmfZyfMJPJlK1/qaIHlR8NeQouDgeUVDHHsGAdOcLVRlKnqRD3dPUthaHGTiTGOARmblzJjw8XEkgZ3MNY2U2HXmWdZ1nWZX+5WO9b1LNbs41LRvzYTapqNQFrXWputB6ponNQumRFuVA/gM2TugLiHsSYBcB8o+mTcJmLkFVezIv05v0Hu8KnbzdTI40lgHAFDoqfbkTHZXAqntzb2osyFzVwV4Y95MTw9ocOmTuEE3p/UH+K5fp0+hyfsUxDG6LgpiLKNDGr4aKiQPI4NEDdDhsabQxNN1y0aEMbUGtGF1dXK7qx6HxvBu1sw6Sm74cQ9OZyp/wCY6L9To2u3m4TBJ3R4G34fwR4PaXg84KfQzNRjI3WyuqfUmytbFQySD1x8Mtu2gYEyBjNujMjKEZlqHpqoNdhanTH23vKpZLghUZsSq0OkOY0EFvWei/2rq6urrMsyzLMgcJw3O9ZI1aJftLPEtaFczCubhXOxLno19QjC+pRkdqW9u4P32bJ3QFxH2JMAuCVcMNtRvFKYoVsJ2E8ZWdqfuE3FyCqvZkX6dPfomjmBc6OlcaRrwYWabGtRTcbqpP7UmEbvVw164m3LUzhUv8lwwjl4rLMsyzLMi4qxTCce67r9QX5Yr9Pdw9Fl0ILIBBWWVZEYgVpALLi4d1bC33nxh27c8ZQcDtg9GcMcAVxYXbUKmNy/8B0TXbycMgk3dwKnKi4ZBHs1gG3QXBaoRlRcftcXpO2q0OTXZSop8ndFxqJAE3+usuDd8w2++zCt96bG3VZEKGPxTG2Q++09k49AVf3gkx4Vw+OpLc5/TdMj+l4Sj+lm/B/TTxs/gNSxDhNcNuU4mza/FWo1nEW7/Vq1u8/HZyxzTw3ioo9x+p40P1HAUOP0pTeL0zkK+AoVERQyFBqy4WVUP2pMI/Dhq4z/AJc6oYjKSBRwaMTGfd/UI/4rl+nPFyzBZgn1sTO5iropjZrTfv0zy6ahlL73T9/wzDc3DSfnMnKv9OWwVcc8dUqWX9uleL/ct1U0+oZFdGULWRlKv9ubiWk4hQVbJ/EztCe/UBAmg0yQmNzEBPcuGi7y5DrrfAJzyHAp1V+2HKnOZgJ+4zCelY57yuSjXIMX09q+nhfT1yC5Fy5Ny5V6czL2LB4ID8BoRHTXexJjwLzj6Zdwm9NWG6Ul+ANZf1OpYTu7hdM5O4JSlS8Fox2LuDUa+j0/8fol+zX8FqI9uWrmdhocUYhNxMd1PXcQylrk32+GLjH+XOuH1Igfcjj1Mm8ahcUOIwFCriKEzSsyuuYaXZFQSve6UOfmeezO2PHTekcqR7hGMmtNdN4jNERZsvMNylkWlZR7Dprq20uRUVXmF3J+/wCLKPka+YhVngCoD6GKVt+ZauHu/wCHCfwLoyhaypKksqXj7t7I1DAnVDj41ADrlMcWFPmvYNpb3JNZUNlfZscPkr7l1JEI2dh0zSmIZlDUNmF28Q9tSPLh2pp9Q2ULcrQOlj81/sMwl83Y2VsLKysrKrFnJg7s/BZsndAXEPYkwC4F7kfTLuEzprmB0UioQSztDXakeV0NdnZctmDxmbUSXlJUvrcStlDI2lbnUbXTjM7SI2nrMgBTOIOjjcE/ibpInjBvt8LXF/8ALnXDYY5X/uS8EpiEP09TL/x6BH9PR/B/Tv8AR4BINncIq27SUdbGWrS4jEShXVrUONVjV/5BUfI/UkgFjV8WfMzTVFxOOFpa+Srp3r9gqIxMN1DNEZAS2rhdsZ2BGYBXRNu6rZ9WZ5FHXOp3KmmEzGvD9/xS4J0cTXZg9onYQuWeUIXAlUjMtNUsQN/tl4RmCMyLyeit/anco352td9glGdoWuTt+45aH9iMBZVUNaxxtO07tj/tVFTmaGjh1Hl/cdUQg3Km7ljE0WACGF8SpM1I/MIa1tQ4xPrKfQNxBaOQOUcgkFxhVymKPM1lU977up/Bv2GYS+Tvs2U1MJAsuVzR+DHsndAXEPYkwC4H7kfTJ8JnTWe1Kv095KroR5sc47KlmMAcFnzE4DuuHUgd6nWsFNtdVvd+cSm5AULGwQvv8pvt8MXF/wDLnXDDaRPr4sl1HWxHsg4dHGJJR40QjnjjeKmgMncS5oHFrxNmBTZvhGVVfeJq4NRQuj7y8Mp+5VbHDn/adCGprWu7D6bIG5lohZXBNdP8CWqV6hNlqVwwudAwudv+AZAE6oCMpO13laZO+mEW2Wcx3KArqhQUD2PjE3DR/mxqk7xRnrMjQjOjMVmJ+xxQfulcKkzwgdJlaFrH4/cctC+4iAWVW6OLk8x2+Lkz2Fl57QtysaFVvsAFTDVfdFwYFzUVgVPWZPS2gYfU84uaHCxqaMwkPY0NqmlTUv7eZU8z4QbUldn7PdL+6GqunzLvdDuB9hmErvW77FkEVG7MWE/cvhfCLZO6AuIexJjwPzi6ZfhM6eISZIZF+nfLCvpr+oL5KtdRsVNVab1qAqab+KkB2VDQ5v3H8TpnljnYN9vhi4v/AJc64cP3FMLOKuoqh7dqaWonYuIa8YaVG70tVQ7Kx5XBSHNccK+Nrwb1PBdNmeIA3Ufqcqp3ay4bXNpovVPxOWfwfSSnuqGme5/qZSxtOYWXEuFse0vY5tty7t2YU+UtawDh82oTgft3RlAWt/WdxVitMLLjlQiutILIBg6pMsnakr2sqqhUErmP0cLoyha6MpKvf7nGGd2FcGks57CZWha19vWVo/2IllVvsTUrJt5+Gvj9uSEsbnUVA5zA5VLZICE4vEALqVoju4zRz1N3FpyWKgAmkCpXZg7qEWU3bL3zBSMydk2YZrJtzU2VS7KUb3BUfi3CatbE7KqKodJcP6GYSu/cemn7JRFpG4lGpXMFOlcUJC1RuMm1rDu50jU5zio3vbuH5tm07yjRvI7Pp3t7qLZO6Aq/2JMeB+cXTL8JuE0mm0uTeLOv3grGTbcSmLmPC4RMYvUKXiIm3sCjRRkkqXhlnemWHIbJ/pQKE727OLpCqClIcM8srYW3Osaljyjum+3wxcW/y51wzzK4jHGC3TaoXgPGalm1mBwr6V1W5rRptYAUJW1zrCiidCMrmzsdtVIv/a9MELa0ljn8FLR6K6EwktLfaaojYtcmOEkdwzvmtXVvKxscfrkNrplQ+bxk4XFLcuq+BFnqipuEyPAcq6iNIARR8R5cm9NNrsa9HqJstYLV/rM5WKyrLgexVkGlZFkVuhxsuYU2RyLIgqeUN8TK4q/3SUZWha99qtj5WG9MQyVqbEAsqsrfdkiDwQp/TFpqkjEkuV87w+0aZHaSMIqSlzzlqqf+PLERQP7yKpqdJNkLttlJMI+5jlbKLtU0f8hI3vcVVPb9xsUoZmeamHKM5v6lBUuZYOErTtXszOzDhj/3rYVNW2BQOkqnXco8Kh37sijerq6v1O2KZJnewq6uj3TwWlFzghMPm4copTDs+uFvU2UvcLsZEEHxtQlcdiXlP1gn1Mjrh1NJqNuj0BV/sSY8C84+mX4TMK8fsvVrJk2k4OXEJA+lc5fp0etPpWOCjhkidZQuLh3e3MFU02n3R9RUv9N2TUasMLSppn1L7KOSPSLGu8ih7fC1xb/LnXCfcKnu0qZ3dUNK6odYRRiJoaBWNk9uur5acKko7sMjqWDTFjJwm/cVTJojcmpcFFqvImjqqkQQ5m1dIeW1ncIpmys9TuDxuXIZGvDKCER5guPAGBcHp2+4RgRdU3gq0dlFwyM93wxaTQ0HdZgtQLVWdy7lZFlVscpWRZFl6y8BGcJ0xKlaSmRXUkVlH2TftmVoWt/XrK0L7thAWRFg2VTGYXkKF2ZjT998rWbipjdtW0+Rpe2gGcueoz379tZqY85S5zAI+54k3UyFtGcjHEtheUxmQWCvZVPEfV+zBxx7e0kE7Z25mSubCXB8xY30mnY5xcRVyvMhztPqC4hRiSPM2jqiIMi0yx/eljjD8zayp5dt1T07qp13MaGCwUeE8BMkhTGEdWay1QtVGW6bSZSFqIyp1S1CoamSNO5LCtBpTmujtbNTnzDabtZlQz4ErjteVND1NqfEksgPrpnBzTZ3QFxD2JcPlcC82dMvwmYcRP7L0SnEKp/wGr9O+eIbZXT2NkHqkp44nXTwnOTD8KCkdMuH0ha9zncQo9RrnNbG57soHhwxcWjdzMz1wn3CqnwVNSGrlsKalbTtytKkiJe7JS8TZp2k+oCpcQ7hv7L3xKSrZH2NJO2qzqfh9OLxmjphTRhgbStzPJ44wNpbDgXgcHbKI/8AIyrk3VsznSMjEYs3GL+QVXsEyIPtdTC7lkQR7YWVkGFaaDB13TpQjUBGcovJ6CEG2RF0WWTOsytC1v69ZWjfdsICDFbp4xBcB64c/NC3ALKnEBXB2mq9GdrXddTmNg0wAqCiDPUagsyHNE0wNsmhp3qGhjmqHLJsWqTN8Ns66dxCJqiqWy7YVFAydVHDXwqnmdTPDhUZamJpVRTSU578Ku6ME1HrkcU3u5oT3ZBdFVHipHtpTE5T1vMqhg0mK+EWEzxnctRZ1mWZZk3usqyqysrJ7w0d318afUAlajUHNQH9CRwUVU9hCbLFlzvfViKwTat7tnunIWeo+XVksaZxN5ITa/NcISNeE7oCr/Ylw+VwLzZ0y/CZhXNzQvATI8zwFxhuSmyj9O+50TmzVa4WQKyfTRv3HDGBwIAthN4PUHvNXHPdpF+pf+hcK9wp7c/ZUdO2nFm4V9ZyrQRR0zKwyuWkykl/cHFA6cBRZHFxbA0NzWLQVJUVOpdUcz3lwk47/jFcD8DgVHdlT3GJmWa6Y1wc4qRmcKJhbupN8A0rSuhFZZR13RmaEahGZxV/tuCbiXgLW/q7ytEncQgLKrfZr23icuDS2LmYNUxJ9LRayqOwu3jNiYiuGz60Qv0vv8aN9wBGEJHVZsypi7NQ/f7LQczuM2tI3M8xMd2DnqR3oK5UyWBjpI49lfAI2sn0kVR4U8JhzMdPO0wEKme0MY1V1LpyFR5QQquQZAiVJIG9zrPqpMzqGn1XdEWE1s78LrMsyJK9azyrWctdy5m2+u3dcScZLZY/SO91mGF8BmVFVOHZwfm7qQSP7J9OR2TwxnlPcWcqeWM9nVbOXl9PDnl8dyegKv8AYlw+VwLzZ0y/CZjVcMjn7oUTaaZhfxeVj4SF+nPc6KjwcojdrcTgVmUh9LlEP3mrjvu0a/Uf/QuGj90qCIOkQbYpsgOHFIgXhypqeNozNqqdtRvHTN/bumCxKzq90yns8yLjY/YXBPEqRBABWxeLFMQwJsgbq3dW6y8IzhGo/oyuP4BlaFq/0MxWmhGAsqt917cwIVK7SnZgCmG7inSaaEpeVxpuXTC4LJZzm9RQT4pKl5zemMWUlYy+UEGP1KYZmOXD2uYQ5PY2Qd20ukf25PjoKvi+mD+4Dpoz3rX5c1o3OL25eICVrbvjGn3RlIIIaS9wA4uzRYyNQN0xmNNxF8bcqjlErQ4YQ/OE7fW9ZVlC9KuAjKE6VhQnYg9GRZnLU/t4ico49R4aeTbayjoQxaNk6na5Gg/o0UgXJidrbsojGm0ziEzh39u4NnX0Et2+gXN1V8OJjK4V7SPTXexLh8rgfmzpl+EzGaURNLjPO6Z+YyO9LlwB2WQdFU/KxyppA5jVnCv0yeDlTn90LjEZlno2tmppJrahoXKKny+UT8yZAIySFPRCSQPVk3FvdxRTUFxr2FwZ1gU7uEOgSEuITh3TQhhUDsoRZo6TI0I1ARqCjIT+AXAIz/1eRy0L7thAWRWxB+8Cqn9qoV0Cok+3yJ4wbLjrw50a4b6ZmnA9VXPIfRFPK/OQaCLspwDEcxkNQxrGws7iI4VThZNnMTBnjqg4rNgB013aSJiaBSjPJW1InjKhFiEb53BcNDS+6qKV1S8yJ7s2+Qnbh7QyMNxh+cKmQ6kizFWVlYrvhYLKFpNQutV6fISEGOBuhK9q5x6+ovUXEnsR4wWnu2VhAcg5mUEjL8X/AKzu+TPZc6XL6zI12VVVRI6G8XDxJCzK4G6yq2AVd7EqCG64H5s6ZPhNwcqyA1ADV9HKn4OWse5cJp9ZwCbgVa+7WhZQrYFBFOPocom/vNXGnFk1IRxGqnouxbxedUXEjUZ2uo77pyDk7AYgLKsuHGG/sFcNNmlM2Q6Ix6iU5NxeU3ZOkDdzUozuKLifwCQFrtWdx203O3EACyK32L/csF/+8Vi9bSoH542lTOcPEySosLt6eG3dcVdmmsqYZZGfZgoLSOzRRiNxAqqTmCFTRyCVTy6czSuYanDP2VjBL3dnAu2KqDTlkEmfwgqxKS3Gt4gKXsm8am+aXijZfOWxqYyp4nlxBlojkcVGA0oMzE3omOazUU3E2ZfQzuVBw5osX2tthB84VLP3JFkWVZSrFWKstMrQK5Zy5Ry5F6+myIcLkX016+mlfTB8/SIyvokKi4RGzu2PsAFsr4dldB6zq6v0vs4FpdwinKdwOC/ajoBTOBGqEJQs4V1J8JvTV+1KuB+6cSsuJwIwCk8XKNh1AuO+7SL9TNLtC1If3WKONpaCmp+B2wbgUx1+ji3sFcP2Kj8QvlDAlNbhti5qDVU+X3ybIztWq47ZXu3FOEI7K33Lfe4rFnZccKfmisXi6yIMXin3mkc5QtyuAWyv1XT3WBVM/VBfh4zKZmeVidRgp142WQp2hmV2USWajQG/pp+G5HZ3ZAXB2F7KSmkqHOkLaOypqducE8RsAx4BAAVTPmikTIy7upIgWRuXKfK4hKHkCLOqFpbE2+FlB84VTiJZEJXBCpehVLmghUMKEkZVmlaS0yF6l3WYrVWqFnWbDKrYXWZaq1kZ2rWajKFqhaq1VqlapWqUZSjM5apKYSUGlZHLIVpOWk5CNyDXYZFlRbdNgazx6HOWRZFlK9S7rMi4EEKLhjWvfm4nBVSyMIc/Oy8tBw9zZGl47dkBYp+ysvhWTRhJsoHhq1As2HEvVCVQR3umdgrG6b05emp8vt3RnaFrE7We5Cn/ALEYCyqyt9uyt+BVNzxuC4U/u5qKsrKufljdYRvao8zXNvdXV1dXwsrLilRptyimGWNgwqPSWOUxtJEVLWNAu2GsD33e397unRtd3OIKunXMgauSBPeOBrNpo9VjmqCpJjDFUwgQm+tZUrzIY2mYuleYmTUDJIxGqfhLIjc36IfnCq92TpLlH3wvZCR4XMyBCteudK5pawKzrMVdy1HISuQerqyyrItMrTWkhCtFaS0lprIsq07rSCbEFJ6CtZy5h65py5srm1zQQqmoVDUJWrMOguRN8B1WWVZAjGCsllYogqxwzBBwWZAo91lWVZcK4ftlcKHrk+7Vef2HTtC177fuOWh/YiAWVW/AP4J7hUDtOaxKthV3ee2m8qEOL25sLLKrdFVUa0qaLAKpqNEJ9Y+Xso+zVlv4VFP3/aoqp18r+qZ5jIIp5zJe+EDdGoeFWe09NYGo1b4vCjjlz5yaog9vqDRuyVr+4xg+cKr3ZEcLrOhTue24ERZuXLMOq+F0HLVKFQVzaFYxCpiQliKAadsi2WotcLmWrm2LnWrn2r6i1HiIR4qvqbzsyslcnF7+617b8wFzDVrNWcK6urq6us5QncFzTlzC10J2ps7FqtV+u/XYLK1ZWhZlmQkCvhLGJRY09GICSPuVfn0GZoXMf1+45aF92wgINVv9HZWwq/253KKTUaDg5VEj9Q5Wvk3VM/ORfC/TxKq0WWVM3O9oCqG98ykJd4tuQSYL5c5ZUiPsZYg/1xxFzUx+bprB6bqJ+m4ODuJfDJqmot2ayV5BccwieFnc5U9NrgKOkA3dRj4qafKoHNh9RvjB84VXuydNGP2mqoj7p0NynULHI8OHwaOUbaVQ1GSYb85bcVsabOx23ZNb9gEoPctVybOUKlvyyogO4NOVkg+CIgi+II1TRsK9yjr3lc49VE4du6aUH083J885/fMxrWiWoxB/9Z5FqyLmHDfmwhVMQnaVmB6cxQkcmzuBWqtQrOVmKzlZirld13QCIQCOD3rMmS4AIIOH3K2UNf3NR/WaRy0L7tgAWRZVb7d/sXV/v3V+ni8X7jXDhlVb9pykK1nAlNqh80sgfcq/UTbup5uYkLlwuP8AcvjKbAqUbrLfIVL6fUMoy3RF0G26XtzNITXJmlG0ud9Qe/tG8FyFWIGEODiFR3dE7JFxIfzDw4AhOia5AWFsaf5wqfck6CqL2mqXdNV2rK0rRC0AuXRpk6hBTuFRlHg7fj6dI3x0Kpu16pu/NSDy55vzzkRQlYU23UAuysh2Vyu+DZLLXRN1YLTC0QjAjTo0y0bLTKs4ISSBcxIuZPzzDfkSsQkahIUJXrWchUJswKjbfurLKsqyhWC9KztXMRhGvhCPFYQvqzPj6gTtnfKe5riCufQ4iAuddvFFUvc0X1ZSg6VZZCmNy/bq2AvQYsn+ot1cYbdjXLSvFmHD6kzM9U7uyjn/ALa+M9lTR5G9fFp8rAwMauFx5Y82Mjcwsp4x6Wqc+h1qaA37z9YU0eR6hYyRrg4UrU2Jo7CZnpsvUHZTwhzbOCrqXtnbw6p0SWlrw/bop/nCp9yToKofaCk3TNsMoWmPjKV6lmctVarULFZQtMLRauXRpE6gaU7hcaPCmfH05w8aOhd6s76Gy0kI0WFd1dZlfGythfC6BKzlai1FmarNctJq5cLl0acrRK0ysiyFXkC15guclCZxCf4bV1hQfXladeUKWsO4oZvn6Xm3HBovlvCqcLk4WouYzxNYRtzj06pkU9NnNwaST45SdQMrITdpk4iU0V38mySfzhq2s7Hmlza5pyNS9cw9az1mcvWgZENZMuR3nHq/AsrK32bfiWXEmZoHLhzA4uYuHOMLnxuqNim9h6mMY42DRbt1ufr1F1UNyu9MbcjQOio7ODlKy8T01/pCcbn7FUy4uhYqnfmaMH0+ad7U+0jyuFNykhTURPeLRfC4OczK71N6Kf5wqR+4/F3ZGQLh5vEFJuh9jOM2VGJpWl/WQjaz8Lq+FlphMYGqTxKLU1m6srKy0wtALQC0FpOWVyIPTfoau+HdZlnTXj5Bg+QKZNjpihTxfGiPjJZd1nK1CtZcw1cw1cw1cy1c0FzSNSuYK13IvcU4uVnLScVyzkKRyFKUKVNb6bLlwuXC0QtJqyNVgrYhT+X2bffsuyv+HdXV1O3Ox4VB6ZGFVw0pmuU5u1XtvRuJcQh1cSqNGI24Y3sXLRzSA9MgLprKpP7DgJTnAI+wRcKwFwqaTIbK9lLMR+4JD6rrhlRmlAwKtbpp/nCSLPJInU5CMacxOiVALRBP8sHPyoSNOFuhsdiXY1vEOWdZUdeKokDCyyrKnMumAjeTY4RN3WRaa0lpLTWRZVZWVllWQLRC0VoLQK0nIsKiYSshWUqxVllWVZVlVsPW03TKmULm5FzD1qkrMrpoumwkoU5XLLl1y4WiFohaSyLuFnWotQLOr4dlZWwurq6zK6Cn8vsW/wBGek/KaHNksq9meO6FRdrgms7dqFhbmv1cUm1JLKjhdGxgV/76ImnXBVdVZY3tMbswB+wMKllnlZbEIv1rAaHk1PZZcOFpQ5Nfcub10/zh2Dn4ZAjA0o0jSomZG2R8sXtBRi/oMdjK7K0qLu0XwrmiaVy4PBkDz1hP2KCi+euyyrItNaS0lprIsqsrKysrdNlkC0wtNZCi1ZVbC/RmK13jYV0i+pPCHFR8jicZQrIihNGV2KsrLKsiyLKsqsV3V1mWdZ1mVxg0qfy/Dv8AiXWb7NSck0iBzsCNoswOYjalbZvVUy6THOUBL5BeN5as2buX1LGbv4pG1HjA+KfiL6h4Y2KYcw63EKnN4N4m+L0j61Kvq0iHFHqDiecgJkrJNiLIJ8ojF3MNxdVcdxmQBXC5cxe1OPcqvZaRypX+pib5OwJsr36Kf5wdD63FBuN0Ed8cqyINxmky2QwPZS0BeS4cPh0ogD0ySiPcJ+2EX37LKtNaa0lpLTWRWVlZWVlF4tQbdGBSARrXjbuJ4irg7WVuiyer43QeU2d4XPSBDicgQ4t/beKs+W8QhchURlAtKsFlWVWVuhmwU/lhb/UPvbtSvcS7P08TYNcqmN4mKsaTKQo/i46uL1OXKxUcQJzKJVVa8vc1EkrIUIiVwWlbBG+Q8OcHPlvUMMZILYmEm5p+60VpqkiZCNRar43kihl5iFrlUzNg7mOU1cwupO7XLuVRS6UzcOMssQ5CQWXCat2ppuXEHOc9kbImZGtb0U/zg53dyv0v8grK3U6MO3wm7NOEYs0dUsZLrpqfthF+PZZVprTRYomehqa3vhVi9lJT5yApODg7P4HJ8HhtXHt/zIl9SqG7jjR+W8ZZ8jikJRrInbAtKy9F0Va6tiFdCZw2FZIEOISIcTKHFG/Ir4yhUMKzNKbsp/Lov+HddvvCZp6fTGXOQN+nizRnbejdeIKt7SNKsXKE3a3pcbKT/kPLlDCGFN27GBvqI08wUVI0I0kcjxpCLTZlUD8khVS4PIXLRGyNLbu3SaV+2GpgDX2UXCNVTyNoogGvmMnnRRaIugU7xKYE8ZSCmm4uuKR540ISm8MfG9kjJapkW8I7mZ4dfbGm+cHnucLK2ATvIdVlbG63RiafsBP2OEX5kXi3Go3Cgbd18bLKjC127+Hwu3fwOncn/pyM7P8A047+LuB1DNjRVca1ali+oSfLOIkbjibDvz0RQqWlNffZDDMr4WVui9lQ+01T+X4l/wAJzNR/fEhOLc3fMCr9HGAPRfhxGmQOIPGeyc65s2k9sdBK4hPpxqkgfftLTCleARa3bbsomsV++VlPTDNqNra3Ss10ZOpcVhDrNNxlbaSZ3xBFJ8RcLeSS+SBkchC1bMBVTUeu7mU+o5OHZMemEFSwFjiFo33pD+21VYzMKB/unkdLE0Ngja0el0jT6XVFLJB64qGq1x6sKb5wc/1FdlZWXdBO8h1vqWhc4/4FW75ZVMdjZW637HCL8yLxGNR8Knb5KxC7q/8AeYK46ywFOpI3bv4TTuT+AQnZ/wCnR8P/AE/KNjwmpZsYamNc1UN3+pP+RxMfLeJRptbE5CVpwsg1WCyhUHstU/l+Bv8AfJsqeTUbcozi9lNOQ4Wjm1HZjLKS27YYruLsXVDx3EVTq7ubHM8FVL8lrUzj3y48Vc0tsuFkEOtVx53uTXBkd1w+Z1/UXWUTyH9ycOISasmVcMp/5riYzvZejhZmsuRjKdwpqPC+3Zk2mz1SxGq1HKkbmkbfiFMGZGqjpoXxMJmdDTMLhFL6QnSXVc398qeqGVsanbtloKYtF0KZy5eNhu7MAfTXT9wuYKoa/QaQ48Rjm9CkgBc5UVQyKMMdM4MOeGCZtVdr+TA8ZKIs9cbTcYU7bXwe3uVlK7hZlmTTdO8h0krJfe1lfB0QK0zHsx9+qysgO6fscIvzIvEY1Kpx6emyyBZFZyu5ay12/Ila7a/VZGJpTqKNydwqIp3BY07g0adwVvx9IttyNSzxdJVxIcQlHk2IuAKoxaNqn8vwLfffGH76ZYLMa+1r1bgHNWoxwCLNO5UTmSoC3Zqnkc22SpqjGuae5/ad+R4yZw5ND9wEXAYTSZpDbhl7yAufZ7g8xss0inlF3ZHs1tootNFTSZGkqAaqhbptDVXzFrm24dM4v9WqN1nLiqhwa0NVXLtEyaLQpnhUsn7jFxVviRRdoo1xSbPJFDgSqxwbP3mIe3MqXubPirc3ZtRxSRxIBmkcoXFjG3rJeyLCpofQVSgskY5SODHqpzPd6RI9q55zQAYeLkKn4kJOxlcIxc68jz6KO93kqWoc170Kz+xVtQmYV2KAsj5DoKBtuXIp8jWrnWhR8Sad2PD+4cxNd8Hq+U7Y4RfmR7IYVXwmCwH2o9sHRtO+gxaNtsj1+4tRwWsBuJmlZh1ZQjEFoBcsEAofFT+XTf8ALIupI8jDbl3FuZzyG5HIubK1zwx8cbW2dUlrjkzO7NJqNOTKqm4IyCWxKfL2C+dUQ1LyBhM0EuCjm2QpRmOdr9EueqdgeHOdK5rgi+nhjcuEy3h7j1d2vv8ANfPciNUMf8ldVk7A+xoXtkJLSRZMdlteacPu5UcecmU1o/akCpmjUjXFbdgqb2mKl/5NbmTmhVOq/sx0Wd11KTfKmAkqSclmUcsGqGDNt6lVEuYUMxTWBaGnaRSRmSxWUMDbSx38dC4XJZgLMczh7e1HxNxf+55BUv8ALCf3H9GaypDdnd246LXU3cjCeQMUjiVLmJs0QvG9PUSQn0UtWKgJzU09XynbHCL8yPZDCp3b9p/YFNFgFObNVOMrVrNWYdJF99Nq0QtMqzgvWs5WqFqtQcDthF4qfy/0VW/TvZ7XygvI9IyhrmZcraV4Z3XLMcM4FLf9yTmmw3CDxle9R1ZhBJh/bGoqSQjMHh4cAqtuX1LV07lR15YQHzSiUm2V8UOdPqQPUxzs4N+EFmk4KP0i6kddMpzVuc4NGj6UJFJSuqJLijjETrF3kgbqrYztG0Ospn5mOXDSNZt+Jv72VTUaEC/T0XuPVRPc2FTJ6bL1ZrtDS4lDK4og9kxg2EbLOCL3jYOcWuWrbsgXOKu7JZS1LfQo6gbIaKY0E6jHO9RDNNNo3SPDWtGRoCpf5YVHuP6aLwR3GLk85Va6mfkT+6q5dLshWOC1NQ3lPEYmtADa1rHZm0tU2pbmBCBv0/KdscIvzI9kMJB62YOTdQb51mCv0SbWwnk0wpTaMkSSnM6wqpAhXyBU1Q+Vt1TymS/2rLTBWi3CLxU/l9+6vjf75YDvUwOabDKcjlT72Gle5MbnREXDXSRkumEeQBEPp2pznAXflb8UvrY8HnNNoBlnuMyFSXd2yE39Vg3Z8jju5ty0Iw6UhBojlnVx3Anie9hyQwMpWBSyDNcU00YPrhljykMkJbdB7M1yywBetT5Qes/Yqjd+4FWO7qvkuyNqozy1KwB0TBa01QXPcVHPmveojbHBHKI+2UCW9vRmFxlY7PdOBAUUj2eoE5nFy1AFE4ymwfT9yFFFp906qItd0xbdrfSA1jaaifJcKKFlOOz33VH/ACwqPN/TQ+CO4x3K3XiLqQ5k5Syazy7AIhMbdUU/KvBQOYXG3T8p2xwi3/MjQwI9YwK2wyrKspTBg/dowliz91VeiPopX6cYVCOzj96LxU/l+CD+FLm+DTOjUTg1/qnlceyFPmAIlq5I8rU+rzOCqavMApJzJuxl0Xlty6WKN7e1J+25zXxcPJLk2E9mJ/Z5u4EqGJz7Wq6nTjMahOSRpTC0C4hkkp5sjZJHOeQjHHMpqH/1LXNNkx+dovnLnG1TN6ch1e61Eyp0zcwmz7qZ11M0ulDVxSXLkjGd0UZKdJn7KWm5fJmlk1hE1UNOwN7mgb3tJwuS6mjMS1XAd3SAJ0WrtoD5jdkIKlvF3LHavpFbE+ny3oeEekPkbTRxbF63wo/5YT+b0R0UPgjuMCj2FlZVLvhFcRkyRlN7BOVrYRCwTtyuD1ua8Rcmnt0fKdscI9/zI/lDD56LKysrY/zGEneQLibrR9DQBH3oh+2PuHCI+lT+X4I/DnjY7eRrVPUZmOWu4WCBc92Voje4pxve+lnurCPsxkwKqYs/dabXjMhlcfS6MZ2qqj/dNtrKnqXRntUNfqOVPHmlaHOysKlax1i1+fL2ZBNG5MltvHOJCSmer1Lswd3zZiSfILMsyvYhf0oTnnzJ8hlfczSX7CgpMnqdxXu6NQB6Z2ARfZCb++KTg5URe1mtiACJhs5wkmu52UZz3TZNWOWRwlERD1SNPEJjM/OcbolUX8sJvN+FkcKDwTtxg5buKb8qU3cnLibrua1fCtco3QYU0bKygm0Xh4jeJGhwvY9HynbFXQlLVzdtxVsQmYVv+RH8oYPkDSFm+yPJ2Amu+y4ufTi3uQpGWbdQ+Dft6xzJyCj8Qp/L/QvqGtTq7+pa7+31/wDVAxz2OkkyG5vkF7JzwCmOyj06rSDeGUQOF7B59T4WPOQuppKfaSosCFDeRpcyifYuzNeCDmkiDBdQOuAUwZO6bTQTMzJ5uMoyEhZzEp3h7LtZGDcF8kUFmRtc4tuLh+VS0jJN5KTQ7mTsVdE7LMW2VOcjHvV1QwiR2ZNVaQ18LjG9sozgOWa6LlWDM4KKAF7bcVqHNIDaF5fK1oPpc4A91b/hOULTcKla2FgaCU6S6zK6uqA+eE/m/EohUHgU7cYfKj/tbNV+5TlVnNK5Epp3RcV3srbhNLCO+YArgdRni005b4/KdscDg4IrMQhVyNTeJvG7eLD5bxKJybURv23VujN92P5Qwn8mYWVsbq+Ld3YNhsbp8TX7u4dEU/hDDsOE5CCnxvPZD7VkIDdS7JuwUPiFP5fny8Rs8sReXJ2azrO1nqPh070ygbEc0kTNQEpzSwuCmiNsya7+5CEO/ZRND/S+d3ZuRoztNnVMjGBrnF/8tTIy0dK4uPqbAcxs/IxtlJNfLpiJ7+6ip3t921/RHE4xXYKe9yx8kEVnBRNACiDZWhxMuRlk2YtCkrDBdScQbOyxoy2Z5Ek/ChvHKx0Zs6Z+dOOVjQmn+6dmmwAMXEO+RU6jlyudGb4VEtpFFKC4Wri4uuuDD9yRzuIftTOynM9MqNOExrMoT+0wolDElcO/nhN5vxc8N332ofEo7hBPNg5M7NUvipqcn1Rx1Af2Mpu5ybGvhEkldzYHta6uO4Eg7BcKm0qiycmY/KdscDgU4IplC9/cnh7kaMp1MQjGhI9mzeIzsTeNvG7ONs/kziUDk2VjtsqsrYXV+uP5QwqPJn2LLKstlcrMsw/Bn2TdgofEKo8vziuKts+6jnLFHI1yEmUp9Ra7kyVr+6dVlqku43Jdc9xF3K4fDBO1xfyUQzXFK5j/AFST5v21JfxDoZn7vmfbK5pa9wWZ0XpVO+ZzxaeQh9w593qSn9Iu+oL2hqDchKd+33exwd43JeL6uV1jG9hBAe8SWTHa59dXAQ7K0tdGmSlvcU3FR/Otla6QPUqnpJAA5BwGVUrGSNBMjQzu2R8T75qZ/oCrPTlemOv3V1O4aneAgm6rMznG3CfSyRV9rtTntYmNdNsqaTNExBZlmRcoW6hVN2GE5Ae+76uNiM8kvgyneDc6bzvQizSjuMJvEr4VR4oLidP2EwvnJKEHpGGQLJe6a3ZNv3TwbhNcWOaUDmAKbvj8p2xwOJUAGo2+FlphOpmlOoGlO4YE7hYR4dZck0LlmtTS5mwrZQm8SPyOIs+W1MblcFZegFBR/ONR5M+2Ss4VwVYKy7r1LMs4V/tVOyZsFD4hVHl+c5cWZdgOF1HU/wB+SIvvfP6E+Qgp5LlJfch5Cjmy+pS1wdYClqS4hydVnPmUkrZRmjs+Kya7J3U0pkytMdUIOxLxck0o9YcpgZPUIY8503UNO2R5ToLPs42Za0z7s7ZsuVRv+UbXUrzYMa6PYtqgXdnDso6eSQ+iWmfTWzi7nBStY+LKjwprmNTYpIeyETnszniFmRhcP/cDQuIxZGlp4fN6LJrrp0zWvIdE7N3FTJZ1lQDLHdVBMt3LKSqL0OK0f6gcMoWojC7LmVydhDI5QQFgsomkXwqOHPkc5y5HLYqYPj3L77ZCVw8WaUdxha6I7Kq2QVULxPUb4u6kkbL3DqplwWPcUboD4QLuxQL7C/yFQvzwRrUaH2x+U7Y4HAorfaJslvV3WZX6S0KY5XEIkIlqu1FzVmCzLUchVzBDiUo3bxtv8mcVgcmVEb/FZQMajyZ9gusnVH9F7nLKtNaSyOG2o4btmurq+GULIsq7q5WZZgr41fwmbBQ+IVR5fi1D9h9kquZmjf0MkLNoalknY6QUlD/6j/jOsYaN0wLj9PFwBLwpqHCAoaAfD26bi0jv3Uvru400Uk10yN0QD0agv7EKmhfMw2EbmelmdgyZ4p/V6Zy93dRF2Ulab3sLg2R1vTE1zmJ0TXqOED3JryjKzkc/lFRRxqhiLc8a4u31xhRQRxAOfUSHKXMp+JOzZXS2cLqtIZCi06IcWyZWelszph6qd+R1kHoxZzmUb4hFlT/lMdaIBCQMjdclQ3uqfhlU8qn4OWCzmcOiahC0K32DG1276CJ27KJsXi6E3CtZBP2VR4pp7KbuxygizB5R9PdNIuU432IX9ouLjdBruyyhcGP/ABwpKe0xlx+U7Y4FFFFQOAe298bLIsiscLqVvqzHMCiQswWYLMsyuV3UhLehlRIzxZxedio+MOle1hVR5M65JsqJLt7LKsqyrKsuGmHIh0aZJdX+xZZVZVATdgofEKo8vwb9B7m/2SpBcEJwsSOmGrdGoJmTbABpupZGjunUzSAuW1BYyUDO2V8b4cuUxG5KLNNgJD7DuaW7g9s9c+a4LGarsomaWntRVEkPpbV18Vxp85kNlcNAKM7suVXc3sXT2AY1jP8A1Y5zWlRg3CdleU9v7brQtdG3tFUta31SV2W7my05mjD5ZabV7Nq6WoNmN4fRvgmu9shkc69dB6GrmRo6a4fZ0IBk4eD4zxmCT1CRCV42azuSgj4gL6TUVW0PAomhueKBkXZn4JiBT4jZTD0KJ3ZHuFmcxzmqOF0u3JiPu+bKOzShbvd3e9svwbBcFtoqXH5TtjgUUUU1mZAvCE8gQrB8ioYUHK/RM9q1AjIESFmCzBZldXKkF98A0laZViuGj9+PCo8mdU01uwQarYZ2rO3GyLEHf3LFk7iOW6B+1UJuwUPiFUeX4IW3bB5sCmu2+yUVWtyyu6gbKDiNuz2yB4uHwtk8o3tDcps3cANU0A/g2HNvPE5g9QmLBkTHLOUy795iZmtjUgZTANQa2wLy0/xPYXTZnHeN1yoyWNsmy5nC7LRtWoxzsxmrYyWtTpb7CZ0GW7ncx+42eAlt3mp9LbMfpkOfrS1RD2u3aFXRua9cKpG1L3ajpDTSuZHT8W//ANlcYpCyRR00VRG1yeHR5o1ldfKqXgsko/dp6GKDx/GLb7uoQPCRro96v9t5em1JYLJ7y7e+N8xugB8uAXBPZKm3x+UdjiUUVCD0ZVlQe4LXcEKr+9dpUrAHXdqRBcxGjVMRqQjUo1DkZXFZiqTh+cZ38hGEaYJ1MjTlOhcqJpErMKjyZ0zSZcAEXBu76n+nvJT3gb8w1Nqy3aHirv5Q1TJtkW3Wynhy+oQzfBB+zUJuwUPiFUeX4ThmCBup/ByDrFiJQ6iiiuKs9TT9iKZ0Ru2DiIf2cSh2cHKb9x7bGsaC5qZkcCWzOJOY072PNpeTZKx1o4i492UJyOe+OTlxlcbTn1ZSLRytjILgH9+6N1AWtAv/AP8AL3ta1B92XL2R6d5RSMzemSHM4lekgNLbsDmtaybT9bwWi6Er3N9XODJlUAYFIHRZyx8TGEljqLSBenUL3tCp4S7eCoEAIFHRSTnUeyFrNuiWujYcq1ah/i/OPckqaZnl9SpAm8Xg+Iq4P2ZOPn7xbfer4SH+FRRmM5TpWPqMasii039TbdryMyrhDctOFNONQsx+UdjgUUVa6DbBOiBRg/oxu6pjlCfM0rOFqhaq1FmVyu6sVTuDmNtZZVkWRFiij9YwqfJnQTZOdmKAT35E92beSUMT6kv2bHdRU7ct0Gf1LTtVnM8aLiv8ZAbqyt8Koh0yoJsyB+xOm7BReIVR5fhMKeMhUwuxya7M1audres4FcUbdl/tQ1j4lDVslTmgpzOycxrmHK5pcO/LiMZhTxzluYRhre5LdQucXR3b2ylwGYC3ZGez1I7LdB/ay0/TdR1DspjWdrgE5trJ5Bs1Oa6Niho/T3fSOBzBrnPe21ROzN6THrC5yMh7Gncx8llN27Ivsy6MTty+GQMeponaQJ4bw+oc4Kl4bHB36amsZDYLSln7zTcSgoRkjfV1dXs3gj5vcZ+nmBfQ40/9PsKl/TZ/jp1tD40v6hydpqarZOLt+9NA2UWdV8LdH3a6mY5Gi/o08rUTbcFm6dubUbNOGMLSa6XNj8o7HAoo4QPc5ve6vhZGJpRpwuXKMbgqltwQTGAsrVlCyLScVy7lypXKhNpA4gKCkbC3KNJaZVsWb4VPkzoqX/CaETYIm6nm0055eoYrokRNuo25txYIoxBT03yKKudTel7XZu4T48wLS4GNyhlzj7E6bsFD4qo8vw3+pqYbhNGQuChblH2DhVMzxuH3IK9zOzopI5Nsgd2UcYHZ0jGnwZOC2yqHhyp5NS6FTkJCa5rgCn1UYOUVMlr3zXHdwOVZ3I/Ce0Wur6jA50b8hunlzz6W1DwfVqhw708EsPcVJL3Zmua0Xu2eMjIITncpYjdpaZtTO1Oe3ZUvEo3AxKioc1y4Nt0zVTnnThayOiBc6aulrTaKj4QG+oshZEpeIRRqTjjRsePFDjxUfHWneLiEMqqOGQVIVRwuo4e7Uh4Z+oGy+if79Vw5sndrqYtNi6ncixGEFRUDZHtAf2Cj8sRujtgUUU3cIY2XfC+MmyMrXuIWVmF3LvhlWRNGVwKbMHLMr4WRiBQithU+TOhxzOQUhupX5ApH5yo2JnZF+ubIelqabWwMp+Ld++kCqKoNO7I4K11WRZhmUUmm5NPXOm7KHxCqfP8ACc6yaUXZXKRn76A2wug0lZLLKiLLsvSjlTrKVmRxH3GvLdqXiQHm2VrxcXAUj+3ZzcmZzr6Tw1Boe4lS0+UptFGSpacE+nSMadKXbkXsom/KYc91FlLHMWjnJCpouX3mqc72tWm4buqCGjNUTMHqRylwc2GJjTmLxG0ZiXOLrCS4AVLCx7vVTcLjjdn6qioMx0onOjoI++WTiT7upqNsQVXxFkCfV1FYbRx8Bnk82/pyP5P6diUn6dI8Z+GSw+QYf4wV8kCpeJsn7O4rwFs4zw8K4y6ldoVI+++IP3dTAJ9DdfT7qGnbDtOeyhHa+I8kdsCjgBdRsLRhdX6LYSDsiMu3qWVZQrNC1AFqL1JgNxeyt/Wd425kjdtW1CYFB18KnybjK6zSmImwwr5+9hG1MaqmTIxUEVwn9ir29SkufI9+6z5O4a5SWddcOqr3icERdVEWRxaqSXMOudDZQ+IVT5/gZTiW5FJ6hdagKY7uMI2Zk6T4Y97W+Wcnbpr25ZT926jkczxpeJNf2fK7+pyT6U2OUyBprKV92KOrs4xOn/aBUGoSAKmBzQEW9ysvZehH0H0sd3uG2DipInydg1zG5SJZnPjzFs5ZuWB57vgLO6e4mymBIyK7exQpg4BUdAIO/VW1RvoshY2ljzEB3EpMxggEIVbxIk6cVJwXN66hsYYLN6avhUc3cVEDoDlmdCWd28P4pk9L+K8KZXszs4FxQwO5Sf75Cc3LjKcxQFsf5I4FFWULfUOiytjfCoNmlMzkLKUWLKF6AtUBayzuKBddFzgtb+9UYZUYwoGWcMKnyZjUnsmp/wAKQ5QSpDneo2poVY68gComWU3p3zlqaMx9Lz8C1yj2R790HmGUlQSiRocC4NF3VjtcXjidpvBTT1TobKHxCqfL7wJddAWTZCEX5t54Tu0Tyt3bUsKce6hN3Iv72T60eLP3H+TWBm3VxRndrvv3TOIPbZCpEgTpHNPYT6nuFuZzdOoDI+4ZBf1mVozXT4Mty1kRcEyCwCHa6uR3bFJc3TXuYU2X1SBsTHZGgveXERprDELNFRnORTu07ZWM7p2UuyR0VGKdvVW1XLsuqCn+TxGY1cugylpxC1V1U6Z2jFQ8PbTfZlibK0tfV0ruHlSwZvU3hvEDGcj+OcKFSzWj4DxPm48j/v2T2ZVIbBRC5v0fKPzgzdGMLSQjsu6zlZ1fpspB2RJuiHLIsgRyq4WZZ0Hm4W6LUYQUIbKzwtRw3gmu8DCp8m41O7UE/dVhysUXcqNBH1ylU5yjsSNyZWlGfIyydOTdNqHZlLNsjUNbHkbH6iuFVHcxHTDpXZyVVw5D2pZMzQh0zobKHxCqPL8Idk4X2niE29NTAnsakROcFUVhchxNzOzW8TlKbxf+4a5snVxJt4/wdlDV/Dmxtf3Bhv2TQ6Ps5osHJrCfKFjDdCFzUCAciqWlqLHgXLMjUO4zKlcbXQkuRkleSXKISX7tINk5jovUoJtYWNDRaAueou5uYvVbPykPbhdJkGY8QqdMBjKGj5dvf7T2BwIdUQHh0gaqiH+beE12cabuJwO4ZUMqooJRK1r2/fIU7HZrIC3R8o/OBK1HNTas/LatvyJWnDKsqsrlZ1nCuqo+lXPznacMjitJy0FotWQKyMaIeFqvG4qh8iVpwg8hhU+TMZ/JNRXE3WaFTBRhBU4u5MHpCfIQHKHuVVuF7BkT3IQlvlNpFPEeX0gn+NPUvhmY4ynwfhKzUaWqnfkeWppQ6J0NlD4hVPl+E+Yjxk5lyErh5yu9RLXzdlAM2zKN5Wg/snZmJ1aWd1BNI6y9XzjUMzMcPvjoindF3ENe2Ts4rSF7p0Iac7Y6QP8AWZnRxCys2XswxiYG4u0KPI/uDGXjtI51rKlfoMc5QySEoE3CrGMiNmMs4LhHDdH91/VxSfLHkbQQhoUrucqOxIgZdcPiMrjUP+5U0zZ2OjfDmhe6CSUGmkDhZvEKctP6eqDE6Skk/Ac24Tm27dHyj89BGIlc3Ztc8JvEB8tqo3IEFWWVZVKzMLLQasgH2C4ha/8AYe16MYWitD+qZrg8YVW7MZvJNR+VxbxCptlGgVTeSkeWR3BmadxPfbmHDwc97t8qay2/mMoMFk4Kjdr04UZuAn9iuIR6cjXiF9wh0TobKHxCqvP79rrLZOlazd/Eh/GeuepHuKk7WTGEoS6Ysm1TviLiM7d212X3M1PVjKnUWRzS09BVQzI9wV/w4K18SiqmTbFgKlhuO1C5ob65S1w9D2SABrDVTs3ke57u8Epa5OaX+kRxh3uyta0WEUFxdPbcrhPDc51Hdb3cxO9yrJeWgK4TBlGZVn/IkZAGi33uO0l2CdjmiriXBKzK7I7jcZpJ4qtkbg8Bw/AkjzDo+U756SEenORs2ulamcUPyziUR3bMx+2QFGEIwIxFWVujMrpwBWS21nLO5qpprvGFV5Mxn8gmo/K4v4tVOmlNPdM9MjgqgZoSmsUdO4ptG4pnD77/AE+OwytoHW7cg1rfWIoIlO5ve3BJOz2qPtcJyrI9SIqkfsm9E6Gyi8Qqrz+8O6tZVFe1pytnkLib5HrI4XJexxF1IxwsC1zyNNNp/wCJioQ4I0WS9o6OWbyq2xMblZwysmvZGQHcomyNQy9lJX5vGRufuiLfiA2VPxAjs8OD+4dGHJrtNQ5XjMpo2SDvPGHOswxd7iMuB7QxyR+p5qQ0+pkzuwVJBzMjbMbl7DqrqjQie9cPp8gaFxOTXnbEGAQxrhrLh0x+8RdQs5SeSA1g5aoa8SsFdSkL9PVGeDIfwZo/nH5R+eoo43V8bq9k2tkj2j4xKN4+LsPkysift2KMQKMCMJRYnQh2/L/1keFmtvnWZQH1jCp8mYz/AAgnDuuJszMCgFuyamlVAyzKH1CyHD8qj9PZSvjC5gN2NYuYzIxveFMC0+oZHELhD/3nBfzdha9wovSSFGUMZ0FF4qq8/uk2TJflSSFaOlmT42WzIS5LFGdru6fcqKHW7J0IjIDYackqKIMu901dG1T1r5d5PUuFxiznJ0oan1vcgOu7eyfF8tBujHdPjLfuH7MUzojcU/EGydnIejuHyT1JETKx/LM0o4nu7gRQHdU8jOxc+07rqpg/kqCl5eMA9ckfPxhP1KNQPYx+qa2oEzGsjjYGANH3+PQ5DDUDicWvT5hwCpzssaUcrxCRn4RT25Th8p2x6yijgSrqxWVZFl6GSOZsziUzUzjH/tHxKF6bI1+2UIxBaKMZRiBXLhQxFrxhU+TMZh6cCqm2Q5m9ivlXVaOzHqmepZn3Q1CnRm5z2hHlrx/wFQ6yfUOO7WGXs17Sw2PBnfvhO9zC/dP7SPUB7IYzoKLxVT5/dmPwmMt3Urc7SFzPw/XYduzhY6YFloxWTXxM21mA3HOSJ8t98108hqfIXKnkcGWG6fHfZknwbKyfFdXt2Nk+n/r7R+3BWOjUM7ZdrWT2XVPEwt7V9PdgyDhefvI6gY0Lg1Bd+qeuufliNo25GhcTlubLhUNmd5YIaVzZh+BxGn5iCWNcOfrQ9+Dv5eZ0Z4z+1JTT/hyMuMP5J2xxOBwyFGIo05K5RcqAjHZEKyt1XV1YlNjco55WJvEXjdvEWHdtQx2260whHbCp8m4uFxgNk5ua4UjcjrL4QKLdSNzVTOU0z2suzmpkZXPbZwCYXN8WxPOUmKkB8ntbbtxMNns4cIH/ACGp3uYHdTe6VTIYzoKLxVV5/cKb3741sBYcwzj59Ku1Z2hCUIzOKLj85wtU/FlZRPy9jg9mZNeWdnYPYHLvHupYMycws3+y37YNlT8RLez2SNk7tF29wKu7S1xe3JkfBAY/GGIRNDR1zeuaNimdlapTqS2VO3IwKo/eqIo/wqEaMs8Sqho1pXFW69G5UkmpFG/8OZtiv5I9BQZmRc2Pssyc3osnsRbhkcVoPXLOXLLlgtBqyBWVlZWwsmyObsyukCh4nneGOVV5N6HixKZhxSGxzCE3WyhcpmaUiidfsjTm9lAxuzjT6brItLF4k2Y/LYJktrKpqLtC4L6piV/2HB26f3e5U6GM6Ch8Qqny+4cL4EKvptM5hfDshJZGQnqYfTlc2Fp8D2QcuzuxN4EHB3dEoo+ju1jw5OYHdjLAWfZb92OUs7iDiId2fuO1jsOGN9P2TXCnnlD6irEzfTQQl8vcmwXDRqPllP4MoyV8q403LLA9Qfu0rguCOvSQ/hvZcL5R6dgmC3YYSNwbE5y5crQatFiEbVlCMadGixW+3Td5GYVXk3omHygj/aqodVhCb6HWTu/dRuUzNVqif8KN2YK/ws52JPdZQUOyCn7BcBj83Jnd0hwed0NyqcIYzoKHxCqvL8AlTtD2kFzcpI+yxt0JSCoJ72VY7KA9NdmXygnxFnqY1+fEtt3Ec2bsVLS37tIt1j78FU6LaCoZUelQRaTQ0fYmpmzCz5OFPZ7elLHu7iD8pY6gi0omD8LiHauiK4+PTEVwvvCVwH2CPxJm2cj0u/ijsbncWTgooc/c/wD4rXRFugotRYi3qssqyrKqUfuNwqvJvQRfBnfsrKuoM13NY5eJTCqmL+bYZFkztuIm5uxkiybbdi1i/tTKgi5eFQeITlUOs1NCgHRPhD4hVXl94lPmATqn+i8u3qI/5fZHZZbqj7vAVQRfKXxGA5mtdm7gIFSQ/LWyZlbB8d0yXJ2c5/8AT2tlUkRYe/T8/gfp+l1p85+5kB/D4qP+VSr9Q+yFwn2lwLwn/EnZcI9J2CJUjCVsMAP6x36iEWXWgtBaSyqyssqy4U3m3Cq3Z0zN+UFv3RF1XU+V2YA3Q7K6fFb1NgqLJjgHXUhWQoCyJzKCPVkAFR4hg2RVQ/MUwKMdE+EPiFVeX2yU+YNTqn+nPcU55Y7vutlO8yH7A9Ke9QMLuwsyiuUyXUddDupYDGc8cbxKrWKPZTRZ9mu/i7AturFiBWYEWUtPl7joP4HAKfRpwf8AQcWH79Iv1F7K4R7S4F41H4rxa46CmODvSQLdsLX3Qw74uC01kutNZVZWQRRCLEWq2NlT+Ywqt29JF1aya62E8AmFjPTOicr4NcnxZu4Ye1nZlnW6f6uw4bTZBnI9UhJU8uQJvdRNQ6J8IfEKq8/sXT5g1Oq0+Zxuon6gVsHjP2LHGI5XbtKq/R6Q0rdWxusy7lQcNcfVI+rZALRyzmQqmb8phRCmp/5sbJqqyFwpI86vp9nW/rB8Rb3DDdAqSAP8S22+B+/BGZXtYI2BgDR+fxb3qRfqP2Vwj2lwLwn/ABakfPQ5BmdwW29v6t/cruyjNwEVfByPfEo4FZlvdH4wcEQiMYPMYVXk3qlZdBNdbCSMPHespHRnMA/+8M1l3+GE2WZUtPqnuE5gcpp9Lyc/UKYxRtt0z4Q+IVV59N06YBPq77T1RuAt8LKaIxHO1jw8dkU9mdQTZPQ+pp9QXaWFu+yzrMg1ztmcOmchQRx95BVxw+3PWuk37yKOnsgDCbiN2Ydm4T02fuI5u+V7uyN1a+5idF6mtIf3RW6cy6//AEJ8YenxFmI+9+n4NSozf6HiY/epF+pfZXCPaXA/Cb8Wob6DgBdZEY0I7LuiQjM1qmrGBUXExqBmF8D3ROF8HBErOvlbXV8SirYQ+Ywqt29cjPkXTXWwKmomPRoCNjHIxepDU+NFx8qejzJrQ3sESqiXMVG1Rx26p8IvEKq8sXSBm7q1vdGQuCy4VEWo1U8t/SVsr3Twad10DmVkVM26ZO5qHET/AC5qNCeFCrYNncRd8PrS7d05Ks5yZD3s5lPlTOyyJ0Ri9TY3CQXAKsp6YShMlMRyS5P60rrS2U1Jb1RteHbkWwIurWTRdFl+ylpy3ZD736ahtHI//Q8S9+kX6l9hcI9pcD9uX8VwuDg02V1ZZFlRan0zXI0TEKRoQJCzBOeo7m5Mj+hxTjgE49F0ZQEagIzqlkzSNwqt2/Ykjt3AKut0WKyuihC5yZSgb41E3wALqGNDqnwi8VWuAepKsN7J9W52x9W5F1RzZTpuIthZVUH/AGNhkzjCyc0PFiCaZ2U7ohOClgv3GTMjGVkK0ynROCip86bRpsQToA/sfVCcj2hBqsnxFhzxxSiQLZDup4WyjKbupDlc0g9wUVNSCXuM5acr/wD8TE6Et7sZIHJ7Mykou3ZzC09/u8Ii06aIf6HiPv0i/U3sLhHtLgXty/jVDcr3Y2XdXV7qyLFkVlbBznKaKZ6pScoa4K6lPZHEyAI1DAub/wDXPK5aMjtxSf3ywWiFAyzxhVbt+y+L5AP2bqao+ABdRxpo65sIvFcWZeYKR5Y/vhYfMsWfuKao1BY4WupmGmdna12YXARClh1RYwyGJ2m8hZUWqSH+QjtItIIRhaXwpoHUjszYnCQXGRWspIs7bFjjEcjwgnMUsBHrZBOJFZNKewPGUvY6kNxFIJBcWVlLA2cWOQ05yv0AdtGyAUtPn7pkmU5XhPjzKamLNvtgX7KNuRob/oeI+/SL9TewuE+0uBe3L+NXD19VlZd1mwsrKyyoCyuUHKeosUZXnbLK5coT5CjYEImhW6o/IYVXk37T4rru1B3TdOnDU+Vz01iZGmtt9ibCLxXFX5ZQqiLVCgkPiVbCW8REjYpBI0EEWVk9ocLFh5V+Q41MGqFSzfwcQrLKpYv5thdqLKgrBw7vjdRuzCKQSbZU0lqmDZhYteYDkegrKanzepsNUT6XHug629sympnU5zx09QJQgj2TmCQWLmPpe4jeJR2IthJEHheqHdrsyLVPS37tItv9mgZnnhH+i4j79Iv1N7C4T7S4H7Un41ePE/asu6uswwti5qt9uPyGFV5N+3lunRLIQvUs7lneiHHcRoMTY0B9mbCLxXFvdbhVMy/uCKTOLq2BbdRu5SSyzYFTQiVtjTylh0341dNn9TaWo1OxyqyspIiw6jIniQXFlZObn3ew0briOQSC4Isu6eNQEOY80xyvVsJ6fV7qGXvkeB/dsqvdVNFb9yKmq9T0ki6CIupaUsOaOCqEnYkLMi26dE6Pu2OUPRU1OHqWAx/Z4I3NVxf6LiPv0i/U3sLhPsrgftSfjV49A+9lXdZldWWRZVZW+xH5DCq8m/d3RjC0lpLSWmrfbmwi8Vxb3G4WuEP+M+yaU4LZSxiQEKjmsdJ98aqn1BcUs+f0lBEKqpy06rKeYTNVkQrKWIwHOyJ4kFxgYw4WJY6jdcROa8XQWRPZnFi15pjlfhZTQCUd4pyz9uW6tZB11U0er6mwVZackmNTR6nqbFUEHJIQroi6lgv3bHP3yvTm5lPS5e7ev9PC9T/ouI+/SL9TeyuE+yuCe0/8au9tF4CBv9+11Zd1mwyLIi1WVuiPyGFV5N/Omwh8VV0PMEFfR19HU/AtYWMfBCwWX0lfSV9HU3ANSxTeFWX0xfTF9MUnALvztHCl9LX0xfS19Ayvzt+mL6Yvpi+mJnBDG67fpy+mr6ancLzCxi4CYj2HD1yC+nJ/Cw8WMHCTF2XILkF9PUvCRKLGDhhjFnfT19ORoFUcGE47wcJdELHkFyC+nqbg7ZhYxcHcxfSV9IR4TdScDEm7OClvY/REeC3Un6aD1/4qv/FV/wCKr/xZf+LL/wAWXDeC8lJn/wBFxH36Rfqb2Vwn2lwP2n/jTQ6rMq+mBfTUKErklya5JcmuTXJrk1ya5NcmuTXKLlFyi5NcmuTXIrkyuUXKLk1yC5BfT19OTeH2K5VS8PzkFcouUXKLlFyi5RcouUXKLlFyi5RcouUXKLlVyq5VcouVXKrlVyq5VcquVXKrlVyqfRZlyyY3KLf/ANi4j79Iv1N7K4T7K4F7T/8A+r8TleyQZeZkXMyLmZFzMi5mRcxKuYlXMSrmJFzEio6uYs78zKuYkXMSLmJFzEi5mRcxIuYkXMSLmJFzEi5iRcxIuYkXMSLmJEZ5FryLXkWvIteRa71rvWu9a71rPWs9az1rPWs9az1rPWs9az1rPWs9az1rPWs9az1rPWs9az1rPWq9az1rPWs9ar1qvWq9Ub3F/f8A0PEvfpF+pvZXCfZXAvZf+NUeKzOWZyzvC1XoTuQqCta6vdWcrvWZyzuWs9axWcrOVnKzlZysxWYrOVnKzlZys5WcrUKzFZis7lncs7lnKzlZys5WYrMVmKzlZysxWYrOVnKzlZys5WcrOVnKzlZisxWYrMVnKzlZisxWcrMUzZcW90faKoPb/wBNb7Flbpo/cH+i4l79Gv1N7K4T7K4H7L/xqjxxsrLKsiyrus5CE61QvQU5g/Aur/6KPYLi3uD7TvlUHtDpt/o7fcg7Pb/ouJe/Rr9TeyuE+yuA+y/8ao2H2LLKsqyKxQ/CZ3RH+gi8VxX3B9p+xVD7Tfs2wv8An26bdFk3sR/ouJe/Rr9TeyuFeyuA+y/ozi4CbMx234FaXenLnkG/MD5ErT+ZGbFH/QReK4r7g+wMJPEqj9pn3b/m2RGI6imG4H+h4l79Iv1N7K4T7K4B7L+if/IgXCvZZ+DUH1DExtdvy7fjTeFmkC1/7EzT+Rf/AEEXiuLe6OoD/QByH4NkOun7tH+h4j79Iv1N7K4V7K4Cf2X9E/8AkQrhP+PF+DKbnD1LOVqBZhiY2nfl2rTcNryBCX+7q6ur/akq7eLpXO3/ADQ4hR1bhux4eLjoi8Vxb3R0jGmpNe6+lqThz27dEMJmNmyxGI2dw+Nry69a0NkIH4jTb8mlO4/0HFp3U8D5GRwir0pX/qOT0WPBqjPGApW/TIZDFSyF8UbjhUe/EuD/AONB+BIexT/jAKyssgWn/XqCzuWr/YkBQKm8Srq6urq6urq6ur41U1/SOq10WObutJ6pqQzglSx6bi09DRcgKootFub8COQxm4Y7MLjGLxXF/dHQOjhez1VTPbK61DK6RhzVHuPVJAJiQfp0ZVVSGBUMAbZ6qKRspueG9nPUtHqvLnHhrDtIwxuLSqWETOyk8N9VlVwCFwDYuHdrv5CJ21RTGAqnpzMVyETd5OHdrsX04ZbgcOjTuGnN2+nRqpp9A26Iz+RCbOH+g49/iSKg8Gr9R+JXAfbauM+xIqL2Icaj32Lg3+NS/gTnsn/H2i0KAWe5PbmFkYFouRY4K6zK6urrMrq6kflaT9im9xi4n4NVDS5vWa+qv6G0rpgDplj5XkLR/ZspIHx+UcTpPHkZUGlrwDxAXjQoZU+MsNnJtFK5SUz4/JrS42DqaRtlyMqc0tNj10T929EPiuLe6OhvRwvZ6ldT5jmFns/akaWOIMdFJJ3TKCVpBXEPaXDPcK4l7i4X5OXEXkvyrhZ7uCr/AHThw73VxGYts0Urc0jFxN1mgJjshBVeLxFcObaO6ldmcSeGPuHBVgtK9TOywkiJ1ntKr3FsfajdaVq4pszoj/JYb9/z+Pf4kioPbav1H4lcB9tq4z7D1Q+xDjWP05mk8GeNKkZ+BK65Tvj7cXm5AXRjWVWwMbStALQKMbgrrMsynPp+xS+4xVEAmABrJtBoDVwzxcpJTFM9w1TpZ1LUOnsC4ilj7fUpFqakmZVMukzMo+IvLhfiTfQCuGxXJcamuc1xa2jqDOHB0TMlRlVXPoC6pq573hp4m3xP2KXzHRD4ri/ujCyumno4Xs9VcLzI63DoXR5iamzp7Kte9jPRDJNIRbiHtLhnuFcRadQLhfk5V/ulcL3cuIe6cOHe6uJ+TVTOyyNK4jGXtBEUZkcAK91orLhzrx2U8ZY434bGWhxNW7NI8qo9gqPyauI+2qT3WLimzOhn3rfbpz8fn8e/xJFQe21fqPYrgHttXGPYeqH2Icav3GLgvtUf35HZQSozdqd8fbi83YZyFrFaoV2lZAVprIVbAsBWiFPFZv2KX3GLiDyxrSGltXGpYzG4tPC/Fyqvcej/AI6i8mriPtYR+TVxH21H5NXEfbXDPFykrWRuIX1P+oZNScOXFNmKk91i4psz7FILv6IfFcX90dA6Kaq0Lr6on8Scdib91HxKw9UvEiezZ63WblUUpicHD6mqap0LqeXWdmVNUaBJU8us7NhTzaLsyqajXIOEPESwWceJj4nndMe8M7oTcDiY+ZeIlws1SV2dmRNNiCqit1m5VE/TcHKpq9e3Q3t+TGbEfn8f/wASRUHttX6j2K4B7bVxn2Hqh9mFSVUcZs5tTG7asP7jVwcftUf36t3psofFO+Ptx+TkMLLKsqsUCQtUrWWdq9JWROiv2T2ZCQeqnNpGX4jI17Raln0XKs05m9uHSNYHXqDeR9qadj48jqyJkeXJDVMlblfykCkytl9NfK10fZnZwVfK10fajqNF3d8cE/dcvTx707gJWlcRka8NtTG0jSeIyNeG266WPK2/RD4ri/ujpa7/AEVVVfEbOISs3j4rGfKORsnj0j75xidcfnce/wASRUHg1fqPxK4EbRNKqtKqblRjNO0Jwopzmd9Po3bQ8OZHfJyL2sayNn7QAQN+/wBwqd2a6h8QnfH24/J6LsvdazECDt02WRZV3CzuCqGaqIt/oaenzd3dEHiuL+6OoGyM1k2YOUtcyI2P1aJRVrZNgbx6q51u5zLMsyzLOjUALnGp1ewI8UjFl9WiVNVtqSWtv3IxssqyrKsqyJ4LU+uazy+pRo8RHxJUvkV7bg4Bn9R1c8Sj4uP+yKqjl8fxI3WP53Hv8SRUHg1fqPxK4fwq9NHqfRW/EHCmsvnPC4SjwlnweEn4paV0GYue5Urrt+5O6wspNioPFO+EPtReT8MoKMDStH+rPCzvWt/YmYVmv02T4Wv3dRf1yT1yb1yrlyrlyjlyblyD06icFyjlyjlyblyjlyjlyblyblyblyblyblyblyblyblyblyblyblyblyblyblyblybkKI/MdM1vVD4ri3ujrkPclMblVWxzpbA0xYVRERvGanP/ABHWmZqZgqaTOwdBT0VLsVL/AAQXBfdcj5OQ+ye6koInqThH/pJSTR75rYBXQcMNNpTHTReLOKPHnFxGF6Bvsh+BG+4/N49/iSKg8Gr9R7FUvEGyxxuXNBS1gFrirahVBcynPzJ7lQ+B+2U92Y3UmxUHinbhD7UXk5f2opB/KWRo21mrOMXtB3MLVpW2tIFneFr/AN67Fe/TZZVb8+I+lcW91uNsSbC6aPEFRQCTNcxlsllDGNSRpg1InvY3YBMGlKW9BT0VLsVL/BBcF91yduUEPuPhbJ5P4VEfF/DJG+L4nx+W62QeUJAgbotad2ROZ3jZXTs8o+KRnyjla/x+8x2U/m8f/wASRUHg1fqPxK4PA2aFrXVtJPR91LNLlDgK543+pf2OKNXDqoTxG0jlStyMaPtzP+MJdioPEJ24Q+1D5PT/ABcsxRkWor3QuoLm93IJsV0RbGy0WoRf1Z4WZ431v71mlXB/0EXiuLe63qk7lrVH3u7CnFmpjv3yU3/KRbaaZFvchVALmB6a7ML4lPRUuxU38EFwX3inblD8GSjik3fwofwfw+VqLSzyyoSOahP/AHHMDt2O/LMPi11RFs3iVvciq45PH7kT/j8zj/8AiSKg8Gr9R+JXAPbauN+w5UTQ6mhBdwGI7O/T4+H/AKecqXhc1I4kQ0Zcbv8AtPdlCJvhJsVB4p27UPslQ7vVr9k6FOjWRMiTYEI8iKc7KLps91mV1dZ0E1MZmRwLbowtWlbaMG3f82E+lcW9wdV75iLW7BDsAFSe6U/0zxFVHacJ/azkB5tVN6M0ZwKeipdipv8ArQXBfeKfuUOqpqxTgXh4hHKbfdIB3fw+F6fwt38ZKOVm+UL1xoVbhvHWsTZMydDE/dsEjPbFVNH5s4hE7dpDtvssdf8AL4//AIki4f4NX6j8SuAe21cb9hy4f/jwfgSPzHGXYqn8E7cIfZKg3em7p2V2zrLJ3UbEGqZFOFxZCOytgW4tUk5a4oy3WoUJ3rmXBNN1Hthb8uyh8Vxb3B0yGw7NHqsExtyE/sqE+pVB9TCq0eqFyIuCED4FTeh7H4lPwl2Km2jQXBfeKk3KHU5odvHTMjOZv3L4XV0+Nknk7hkZ8H8MkGz4SzzEPyxtRNGmcQA84qtr9iGu8xRM3jtURrncvuRzMk8eprsqB/Jc4N7njdSx9LIBw/22r9R7FcA9tq437Dlw+qZoQAg37j7s0nwMZdiqfwTtx9oqn3ep/ByiJb3BVM8tNkzCf4RTO5RYsiDVkC0sGp8GYkpzMpTWXTYU6nugo9sbK35N1EfSuLe4Olz/AFXUIs0YUzbuU7DlcoGZcqqDYEqscx0N1K3K4hEeVpW6rSFTvzt7lFPRUuxU20aC4J76kPdD8G6urq6urrMsyzLMq6oc0BopKOJ8bMz+FtPi/hbwpKO27RLF4M4hIPKLicZ3ZKH7Ppon78u9nhqys82Vcbu3THJl/J/UhtSOVJQMq4vXIG0QFuK1esuF1mm0IRtr25XcSo2U0Po4F/iQ/dlly9umXYqn8E7cfaKp93qfwci3CPdRHsFdT7hFReQwIwCsjumpsQcO8jfUo401iyoqPb86LxXF/cHQ52UElpkmJYmOleXL99NlnYbr6pKAQ5tYw2zTTRFkifUwyMyCNxe0Eu7OamdhZD9uUjAp6Kl2Km2jQXBveVe4jZtVIE3iBG7eItTathQlBV/uXV8bq6vgAqmuDPSwEucb0XgzG106hicpOGX2l4e4b8vY9hVVEKj4tbziropNnNbJvyob4fvNXNAebHh/iopLb/j1cbZI3NdCyopBZlVNLNvUUTnqnonMVNNLDtI2apLdSMBoAH25ZMvVLsVT+ATvIfaKpv5qbxctP05kWprLKLYK6l3CKh8hjZDFqz7rMFHlO2BUe35tlF4rivuDorn2Aaqa7f3FKw+bY3h4uFUvLYzbMIy3NU/uPbG0tD/Kmvayeey2eqpl23DXZwCCnoqTYqXaNBcG95cQ6LLuNmzvam17wm8SHy2tYUJmlXV1fov0XV8B3XZou6qrzJ6WBM8iqPxZ1via/wAncOZ/B/DHjaSiI3Y17PBvEZmeTOKsPkyoY/xfTsctJ7fEyuZbPFLbsfxpdinEjbM9GVy75bq7k3ue/wBuSXKib9UuxVO70gJ3kFb7JVL/ACR7oxNIshTsXLBN7LMnG5RUXkOgYsUk1rhahVJucDhFt+dF4ri3uDonh1WqncZWujMUt2jM79o5wqvwsqg94lS+rNKUztLIEUPQ3sTbem7Z2oqRFSbFS7RoLg3vKv8As2W2zZpGpte9N4l/ba5hQnaVmV1fC6vg1t1LM2nF3VFU6ffBnkVReLei6v0WVk+Bj95eHtPjJw16kpCzdks0fizjL2ecsmrpnCObLuD+K8XCdTvReGHK4uC2Cb67hrYCD9uWbL2RN+uXYpjcyafSExzw9oP2HKl/kirlZ1nCzA4n4V7LVctYrWQmC1AgmqbcoM9OZUXyVdOPYpqi2/OjPpXFvdCthZWVVD/2Np5rvKLE28Jyqb1ZFWjU02hrbCwT+0rDhbuQpanTYFTtfqG5UiKk2Kl2jQXBveVd8fYsrKysmeTlZZVlQke3ZtbI1N4l/Y4gwoVDXIG6YFUVzYOzZJTIbuwa0nZlLJc3pezW/cODk6jifvVtyiUJnhDgU6uNKVT1DJ2h7Pxa/wDy4VxbLoKhdeKNcLPrqftyz/DfsS7FQ7pvij7kf2SqX+WF8S0FaYWROB7L1LusyzhZhi1GMOXLtUQ0xYaifJ27N+FFt+PfC6uu6EbkIk0WC4t7o6pY9FwKjkEguHsDxY5vW1smjq5pQ2nY4Xby5+J4nsyuWSVSyyNc0IR6OZ7ootNtkVIipNipdo0FwX3lW9NlZWVlZWVlF5PVlZZVZWVkVZBzhtzM9rARuO7YR8tjYm+nbUKuqXZv2ybJ9UwNzKmqXTSHGv8A+9M8YsCuI7FcOkMYuIJw8D8Wv/zIlxf2FQ+1EuE+VT9l0gbvLJnWVZVlKsV3V1dZldOGZFpZsGWACYS97T9lypf5YZFkVivUsxTJcxsj8YXxyrIFkTQvUrlZis61ArqLb79ui6zK6ykrSK0FohBgHTxf3R1SRh4ILon0/dogz91DSsdcnk2DxDHwuDW5pgp5czHAunJADGRaIJUTc7s2Dk9FSbFS7MQXBffVb8ddlZWVlZQj1PWVZVlWVFqIRGHBvGZOON1dXQVLs37Va9wItLJmICf6YrLh/njX/wDembRIoriOxVF4qHYJk1tw6/4df/mRri3sdqG2nGuE+VT13UtaB2a+qGa7hOCtZq1GrMOnKFkC0wtFGFaZWVy7rMsyuMLYEFUzSM1+pnuOR+MMgWmsq9Se9zRdMNwCmrPZZwrjHKFEO34FlpFaK0AtMD7fFvcH2DE5ng17oxZCqZ8vyzCyhkzDvJMSckYZo92yS8yWMY1uUWBRUiKk2Kl2YguDe+FWddsLKysqYeqRZVlWVZUWotTgiuD+M6c5ZlmV0CggqTZv2q6ndNlys4WfkUTLC4FtsOIbzpm0SuiuI7FUXiodhgDZMn/sG/4M9A2V7ZFV8J5hmRQ8P0mtaqelbBmy9M1ayPaq4g8nvndImxprOwRjWktJaaylepZ3rWctcrmFrhazVnCv0ZQsgWQLIspQKv1R+bkfjqn8SovFqbhlWQLIpRlHZniFFt+HdXWZZlf7HFvdH2zAx2/KM3Ao4wuXjCDQMSnoqTYqXxjQXBvfVZ1WVlZWVlZUo9UqssqyotRaiE4Jy4P4Tp3QMAqTs1v4HEN50z/qRRXEdiqPwUOw6AbJtR/bXA/iucBvJXNb4z1L5Nyni5TGoBN2HRbosrLKsi0wtNaSyFWcruWo5apWstYLVCzhZhgOiPzcjuEemfxKi8Qm9M3iUzxCi2/LusyzYcV90fhFPRUmxUvjGguD++qv7FlZWVlRC5kQasqsiEQnBPCcuEeE6d0BDC/tI/f4hvOmf9OBXEdiqLxUGzesSkJtSPkSA/fLw3eSsYNpK5x2c8u3TkUfJBBN2H2rYWVuqyssqyLTWmsiYLDoj83I7jqn8So/EJvTP4lM8QofH84LivuD8IqRFSbFS+MaC4P76qvj7NkArLh49xAKysiE4JwTwnrhPt1Cd0DEbxJ33iuIbzJn/SiiuI7FUXioNm/aDiFzDkKhCobda7VqtQcDstdl7LmGLm2I1g+DWFGdxROBwKKKO6CahsPyh0Rebkdx1T+JTPEJu3TP4lN8QotvzguLe6Fb8Ep6Kk2Kl8Y0Fwj3lUfH2bK2HDtnoYWRCcE4J6euFe3UJ3WP+pH7xVf5TJn/AE4OXEdiqLxVP/H7AwtifLGl3fg/33YN3f0FXRxKKO6CCbsPzovN6O46p/EpniE3bpn8Sh4qLb84Li3uj8IqRFSbFSeLEFwj3lUb9YwGBXDR6XoYlOTlInrhXt1CcVdXxurof9SP3iq/ymTP+nBy4jsVR+Kp/wCP2B0nyVsKXd+Dvffg3d3QQi1HE4HdBBDYfnReb0dx1VHiU3xCbt0z+JXwotvz+K+6Fb8Ep6KfsVJ4sTVwn3wqgepDqCCGB2XDPA9BTk5PT1wvwqE4rMFcIEYWVkP+pH79f5TJn/Tg5cR2KovFU/8AH7p8saTd+DvffgN3dRajGi2yKK3cg1Qjvjbq7q6urq6ur/gQ+T07cdVR4lN8Qm7dM/iV/FR7fn8W90fhOT0U/YqTwYguE++FU7odQQQwdsVwz20MSnJyenrhnhOnq6zFB5WZZlmTT2iR+/X+UyZ/0ooriOxVF4qn/j913ljSbvwd778G7u+wQpWJ8JTWnOg1CQMTuIW7pnEMwum8QDlz7b2RrWDfmmIVDCtZizhXHRZWWVWVlbo7rurlXV+iHyenbjqqPEpviht0z+K/io9vzguK+6PwnJ6KfsVJ4Rpq4T77VUDb7AQwk2K4d7Legpycnp64X4zp0S0VpLSWkVplZSo9ofwK/wA5kz/pRRXEdiqLxUH8fsDpd5Y0u78He+/Bu7uuysp/jCozX9Ja8osKkpy/d0biLJjCwWUcbmXWR2a5kD3WRNh2jJHdzXFxu7VzOsjOb5Q6pMdghO5ouWVj3d02ue7bnnbDnzsjXWRrgN+fYufjQrYlzLEJmlagWYdMPk9HcdVR4lDZN26Z/FfxTNlmWZZlf7OZZlmWZXV1dXwv9gLivuD8Jyein7FP9tiauHODZQTUVmbszmHoVZQqx8irYhURlB7ShgEFP2Y5UHaFmF0EU5OT09cJ2mTsRi5R7Q4WVlb7lf5zKP8A6cCuI7Ki8VT/AMfuu8saTd+B99+Dd3fZn+MBiQsoWmEYQtFq0WrlwuXCNMFoLQXL3XLrl/hctl2EWne1shJWxLhchPkKax5TYHptOqamY7NdtOwLIOmDyejuOqo8ShshsOmfxX8VFIGharVmavSsrUQPjrrXlrSQ2R1gtV613LmHLmSuaXNLmlzIXMBCYLVCBv0BcW90fhFPRT/lP8GJqDFkWRWwsVYqyuE2U/AqJEKuVPq3PaWmCr02NahXMXNRlCZizgpxTk9OXCf+5O6nKLaH7Vuqv85lH/1Ipy4hsVReKp/4/dd5Y0m78D778G7u+zP8YNxI6rq2OVZbKyyJzU4JwxITUEFSbvQ6oN3o7jqqPEobIdM2y+FUH1LOVquUcriUHH7Nf4OVM0OyBcmxcixcg1Hh4X09cgVyLlyT1yr1oPC0yoPIIYhcV90fhFPVlIN05t2MWmtIrIV6gtR61nLUWqFqhaoWoFcYZnLUK1kJkJghK1CRiDmFaDXI8PDlSwcvnseHuX0+RclKjA8LTdg5Rf8AT+BX+5Mo/wDqwcq/Yqi8VT7t+67yxpN34H334N3d9mf4wGOyPQOy3VukYFOF07EpqGFLu9DpKg3ejuOqp8V8IbdM2y+FU+WMO6G/2a/23Kj8mJ8mUhT1Zh7qk4y2odkVRWCnGZ31mHKHr6xT9kOKU5QroUKmM7ZxhB5DoC4r7g/CKerItuuTC5MLk1yhXLPWi9GNyylZVkWULKFkC01plWcFnes5WdZ1qLUCzhCWybUvCFbMhxCRDiibxQLn4iuagO//ABXIQwm2XO9aj1r/ANiYFazUJGnb7Nd7kyj/AOrByr9iqLxVN/H7rvLGk3fgffkwb/L7M/8AHBqvhbpH/wBt1AHByITsXJqCCpd3odUG70dx1VPivhDpm8V8Kp88Yt18/Zr/AAcqPyYp9wrZwWmsiNLNcMcKyBNbnglYnR20ymi4aE0+RVJT2FiT/NcON4yVT+QQxC4p7g/CKLVprTWRZVkVlZWThhlC0mrQauXauVauTC5NcmVyr1y71ouWmsiyBaYWktJaZVnBZ3harlroTrmFqhCUIVJGza+UL6lL8jirl9VH8hxKFCvgQrIvgVA+NRy1HhcwtcLXYq0HPKVEfaRTlX7Ki8VTfx+67fGk3fgffkwZ/L7M/wDHAK/TbG+NyhiE5FOviU1DCl/mh1QbvR3HVU+K+EOmbxXwqjzxj3Xz9niHg5UfkxcQBOUtpKnU7HiFHzDDbgtRpPMTjHo1Usaf4sTe3dQRdhdo7WTjqmwo+0aptwhi3ZcU9wfZt9qysrLKsqyotDd2fue3y0qcxl7OfT5DZ2ktFaK0FoLQWitErRWmVprIVkWktBq5dq5Vq5ZcstArRcjCVoLQC0WrSC0lovWk8KxCzWWcK+PdCZ7UK+ZqHE5ghxiT5k4i2VuV8drssiq/ZUXiqf8Aj913ljSbyYH35MG/y+zOfFNeHGw6CSt9+i6urq2Dbq90UQnDApyahhS/yQ6qfd6+eqo8V8IdM2y+FUeWMe6+fs8Q8CqLyYpW5lVUh8m0NdqnTk4rSmF4nZWvz8vUtkZuExmbsg0XDVI6/oDpBCO3Dnl8OY0u/Q09lxT3ArfjyyZLW02QG8xqqqfYNnCFZK0ZZsgjZniezJZWRCssqyrKsqsrKyssiyLTWkFpBaIWgtBaC0FolaRWmVpLRCNMxcq1cutFyMLkYCjTrQWkstsLLTctF6ha4FuDlXbFUWypt2/dd5Y0e8mB9+TBn8vs1G6gADgUL4XRwvgWhWXe/UFlWUrunYuTUMIHZcyYbi/SVT/zR3wDs3jJXRM7H6k1RcRhk7Co8UHhBw6ZtsKjzOLN18/Z4h4FUfk1PflIWYP3rKDU7iGr1Qaep03R6tM5ozd1TtyXcmfti6LhALJzQO76P2FS+XQ1cT9wYW/FJsoyYwJVFGHY2UTzA7ODEL6Yb/8Aeq2I6rKysrKysrKyyrKsi0wtILRC0FoLQXLrl1oFGBGnRpWrlQqaiYGglFV2yo9lTbt6XeZUe3W7yONIe8mB9+TBnz9mfdRbhM2RVlbCyIVla6srYDG+BwKtg69k1DCH5TNukqD+aJse8rwxofJyrpm56ocQjj7Ux4pVBHiUU3ao5T056OmnbN3WUdz0z7YT+ZxZuhv9niHgVR+TVKR8ghCbKbKppGVIKma9tmyRRnug25RPe6G/ZrhEVTH9i6pfLoZsuKe4Px9PWcyJOk5gukwGNk0Z43xiZwc5kgVvsDot0Wwt9yysrKyyrKsi0sXKu2VHsqbduJTSneZUW3W7yONHvJg9gEjzgz56bKysrKSHMmMLHXTR2R7dNurKrdDu6PQ9Nxh+VG7srq6urolU/wDJZgc0j2ej/lT6ZnOeZXUsLZd3wmneC1zed/dZBUNlbcdE+2E/mcW7ob/Z4h4FUfk1FFl+yfTNO5o2o05ao35nvDXi25ZcJ8kbRZNlLvGD2O9L5dDD2XFfcGF/xZHacVS8BmR5biFbCMBz2A0jcstRCQiPuX/LKcq3ZUeypvJuLlHun+4VFsuaauaauYYmuzdxg7yKGFH5SYSvGdy1AmOHdZws4WcLMFmCzBZlmV1dN2+zZWwzdJRRGL00Y03z1yuNrDSD5GQou1n6nRZSRNkBDntfC64u1sjJm2VlZWWUHCfzOLd0N/s8Q8CqPyCLrLNdZS5XtsewLjBOYGNtrFZGv7uZAwbG+yb2hKpd+huy4r7o/Hk7xxhbukOAQxP/AMfme/UVrYWQ/MCP2Loqt2VHsqbybi5R7p/uFM8UF6UbKn8cXeRxot5MJofW9aC0FoLQWgtFaK0VorSWitJM2Cv9qy7deVZFplStTWq2EYsF3Xdd13Vyu6idlkzvjJEF13VyrlXcszldyq7jLKoI78xSKGUyMa5XcruVysxT5S0Jzsxvi3dDf7PEPBUfmE4XK2V7pjs6rXeh6kN5LDPbuY6aCXu3kB3yy00kQuYGltN3pd+huy4p7g/HPjAvl+Awur/kD+/tn7LlW7Kj2VN5Nxcmbp4/cKZ4lNjJAXKlcoUHiL04u8jgVRbyYPablWKylZSshWQrItNaS01lVvs3V8boD7FlZWWVWWRZVlWRZFkWQp7DZcUObSgEsTWPaG5CshWQrItMrTKMV+xB0X0cigjymViDFZOICa1pCLAp6fT2wbuhv9niHiqPzCdgTq9l2aLCaTs9x0/XOEHkATB9JqASQsqnwdpmyNlb6bWgKpOhuy4n7g+2PufFOn+T8Agj+Q8diqB5eZL/AGj9goqs2VHsqfzbiUzdSe4U3xKnLx4iOXZMle2+byQ7YO8jjRHvJgQrKyyqysrKysrffsgVb7AVsMqDVZWwsrKymiLx2MErZBK6EF7nyGysrdFlxIWjmUXuyYFT9pAo9hg4fBngydwm7ob/AGeIeKovMIpxz9lbIFI4sapxfSjQd/yZ1A3RkLHNifQnMvTIzvLSBrv2235b1Unz0NXE/cGMsoj35xi5xi5xi5xi5xi5xi5tq5tq5tq5tq5pi5pi5pq5pqjmD9uj4p07yfgPxr9EkmVcOqA/OPtn7JVX8qj2VP5txcUyoapLF1w1wtZOaC9ZGqwVIO+LvI40O8mB+1Y4EYWVsbdfbpGFkBhZWQ/C4sP2qtR+67Aqf3Gqd2VjU2fOFfMFb4U8GTuAhvgO6It0lcR8VReafHmTI8qMfe6fT519PF2FN4Q1r3uUvDGytARpgW5TBw0QggHh7TZTNyQkKj+ehq4l5jB7yFV97Y3wHfG/Xw/Z3SdqdP8AJ+AQ6B9kdV1fG6qakQWT65r1SytgJKirmyG34blWbKj2UHm3F+yj3dhHuv5K+FLi7yONDvJgft2VlZWwK2wurq6v13V8RiMb2VvsXWZST5eyExTZLoYcWH7NWovddgVP7jVV+21RH1JvYDAi281PkNw3fCLcp2yj8B08S8VTyiN1zzzFzzEa9hXPtX1BqNeFz4XPhc+vqClrM4IVJ/LobsuJe4EVIqvYJ2ylcScosLKJ5BALU7ZSEuNhZRuPdpCebWW++1yAc1iuH7O6TtAneT8R0DCyt9w9PFP4Y0XmPwiiqzZUWyg824vWQl+VTs7MC+EaQrl02kQxd5FDChPeTA4X+yejbqssuFsLoFX+3Jsfsyv+E56LroHMmuUbywprrri/s1Sj912M3uNVZ4NUXkFUuytamz5kO4Wylp8huE3ss901xAt010DpB20Hrl3rl3rl3rlnrlnrlXLlXLlSuVKFIVyqhi08Lq6ZsuJe4MJFV7BP2UgLHZm5lFd5bdqdspGlpzNuomnu4tThewTwWoZnbBuWwXD9ndJ2gTvJ+LUPwDiSroHDif8ADGjFpB1n7F1dXRTlV7Kj2UHm3F6Y313Uv8MCg1AdDvIoYUG8mBx+ML/cIVkT9y+I6LqTYrMPsPbdEK9kD/V/6CiC4r7FUovddjN7oVZ4NUPkFV+IUXkgbZVf4UvpaftWVsLKysp5mw2LmuDu46Lq6zK6i8QuJeYRUiq9gj3wyDHfCw6+HbOx+Udiqz9sUVqoZJnNCCCH2R9i6uiVdAoLiX8EBhRD9wfYI+2VV7Kj2UHuNxemDun7twKA6XeRQwoN5MDjdXQ6z02VlbEuw74W6hgCr9V1fpvgZbXWswkrUao8rkLBR7Li3sVai91yOEvuhVfg1Q+QVX4tUPkqs2DFHNmUvgfs3Wq3ZDvgTZPzO217djxf22qlqXR7R1gdvfG11lKr6uz22jrnHajfniaTxLzCKepYdRckFyYXJtXJtXJtXKMXKMXKNXKtXLNXKtXLBcsE2kHy1gbtgfJFwIK4jtw9V3vuQQwGN/vkolXQTVxL+CGFH7g+0ei/SVV7Kj2UHuMwKcmjuneTcbKythZP8ihhQbyYOV7K6ygoMb9i3RZWwthYoxrKsqyqysrKysrK2AHXfGyt0VcdvUD2KJVP5XUXrKHZcV9iqUXeV6Iwm90Ks8GKDzCrfFqg8lXbMUHkp5Q30r4xurrOs6zrMpNymSFqkm9YTJCEyW6ewOXEGHSKjeoJEyr0h312rmGrXatYKt4aHAvZycrNuF5uXjzcR9wYWWVWVlZWVlbCysrdce4ToA7YwDZcRjty5Nd77sBgPwSijg1NXEh4YWVGPWFYrKVkctNy03LTctIrRKdCUYXLI5Ht1lVeyo9lB7jMSmI+Qx+FdZlmWZPPqKGFBvJg7G6ur9V/uXQVui2PZXGFuiyyoNVlZZVZWVsD37KroC7wPD6lU3D3/wA42CMWaAFxb2apQe6/B07A/ITG0p8bXbimjBU0DZBZNpGsKqYdUNAZT6ZVX5tR2wuiVdEp8ia9Olsg/P3V7I+tMdmTHpjrqZge2yqYTTyFqjTPWEHZey1FnWdZ1qKkP7bVxH3B9y6v9irZLMRl5NzfUayBsQobVvvuQQwBV1fCyylablpOWi9aDloOWgVy5XLrl1y65YLlQuTauSC5UBCMLIquiNRlX0hfSlBQiJ1/u5QVotRpmI0bUaJGicnUUiraZ7G3NHsqfzZiU1fyGPOXQlCEgdsrJ3kUFdcP3kwcsv2LYWxspH5FzrVzAK5ha5XMOXMOXMOWs5arlrOWqVqlGQrOVdZlmCzBagWuFzTVzjVzrEyXMsyzLUstRa4C12rWC5pi5pq5oLmEahGpshU5k6rIXEv8WZ5fKYjqLmiU95z5lrvWpItSRarkC5etNBv3q/MJ2yuiVdXRKmemG6lVKezk5F+VwXib4MKacy4pR6zLqNypypN1dXV1dXVB7LFxLzGN1fG6ur42KyOWk9aL1oPWg5aKEQ+RE1aDVJ6pBEOKVQYaVhqn5jrinYH3QhatFaayLKrKyyrKFlCsrfbkdc2wyr1L1oZkBjdZgtRq1WrWatZq1wtday1StYo1KNc0bnikIR4xAjxmFM4mx+1dU3jIVJsqfzZi5NX8m4EprrFyLrKmvmV8H+RwK4fvJgVdXx7Y3+w5rXbuo4yjRkbGKRqyyrTlWlKVysq5d65YrlVygXLsCbDEjBErRr0BXYs7QmyBGVqEq1itdCUrVK1CtRy9SBcspKylZSspWRBqLUGqZvpcuLf/AMcxTezTKycf3bYWVlbH5CqvNqfthdEolEqdQH0hFt1HTFpJD6dx2mpZU3NbuyW3Ytconp3qCqWaUrgqTvZP36uH+yxVsOdwXKrlQuWauWYuXYtFq0mrTCyq2Hdd1YrIVpLl1yoXKtXLtXLMQp2t7DTCDAgLYXst/uXWYLUatZq12LmGrmAuZC5hcwuYK5hy1nIzlGpajWRDc8SpwjxenC+rxfH1a+31KX45+qK5mrKz1hWWqK5eU78jff6fH8/T4EKKAIU8Y2DRhdV/tqj2VP5tV8Cmp3wiiU2P9xTMvMML4P8AI48O3kwfO0Eo1jQvqMaZVZijMAuZC5kLmAuaXNrnAufC59c8jWrnVzl06qLhY8y4rmHIzvK1XoPKJJVnKxQzL1ItJWmtNaa0lpLSWmhGsiyrKsqsrK3RcId1ZWVlbCXxcuLf/wAdGp/Zpk55V7uzLI5NYQigCrKyLDdTR53hObdCBcuFyrFyzFy7FoRoRtCJsmpxOBVmqzVkb8ZCqjh7JDmeyiEXi6mejA8LIejhx/YYqjdWVlZWVlZZVZWVlZW+1ZWwzharFrsXMsXNNXNhc2ubXNFcy5a7lrOWdyuUZAEaiMI10AR4pThHjFOvrUXx9Y/r6rL8fUKk7c1WFatYUW1R35eZ2/I33+nMX06JChjCqKdjIyQGjDMr9F1dOTBl7IlMJ+VdXV1XH9tUh7Kn824uTU/ZOT1GP3EO8vQ7yOPDt5MKgP1JLOied9IhZnRnMGOdILoNcFlctNxWitELlwtELSC0gtILIsiyLIsqyLKsqsrKysrKyt9m+F8SCoo3g+rIVouQheg160lprK0IyRhB8anfHlcuJi9BEFy7PgQQnZkeQ3Qf3KIDlksjhmV0HIOwthZWwsnJpsnNurK2ZaYG2W6sAgUSnC6yKxVisgWkEaZipRkjAFRv1WVlbC4Wo1azFzDFzTVzYXNrmyubcuaeuYetZ61CrokIzRhGshCPEYAvqsCPGYl9Zb8fV3fH1Sb45+qK5irKzVRWnUFcs878kPkUMaFHCtCIIMjCBb8Pky2sBqIXXfG6BV1dBxXdVXtuQxunOtuHC9lfF/qQV8b41/gFSKn82YlNRCHdrU9MHqUPdzj0P8jjw3eTCUetycE5S7Kk8VZWVlZW6h36B9iysVlKyFZFkuhAuVXLBGEBFrQs8aEsa5mMLnGhc6Ea0o1rkK52yNU9cy9F7nL1LK5ablyxO+kVJT+kk8V//jmKqpRpwvaeHzt8aRtRC/1y3cboSvGxqZWpta+y5wHfmG/DX3V0CsyzIO6CUVG66de+BwIWRWwPbfOFvhdXV1D4hVUwjcubXNrm3LmnrmHrWetRyzFXWYIzxjc1sIR4lAEeLQBHjMSPGh8fWHfH1Sc7c7VOWvWFf8o76U535Rx35ALkGIUUafTsZJGFosWQDournossoWVWCsEXod0BZX6s3RV+25DC6ui5adrHG3RdXwurriHgFRqm824lNwZs4JyZ5Km6H+WPDd5MJfJyenKTZUex6HE/H7t1pylaEi5Z65RxXJOTaVzVy5XLFcquXC0gsiyqyCssqsi1ZEQsiaxF1lqFZysyusjStCMrkguTC5ZoWg1CFgWm1WGN1dXXdZSqh+T0nir/AP8Ax7Ap3h0FNaL90XbpFaRWgnUgK5MDblQhTgIMsi1f/nqVrqyyrKuy7J3/AMi37uVldZlmV74lt99Jiyho7N7oNCLUbqHxC4xXRQSNDjxiFfW2I8ZPx9VmO3P1RRqasrPVFZJ3LlnHfkR8ihauSjRgYEIGIZfgYXKv03wupfci6b4DG62WdX6bq6ur4dl2XZXV1dVR/bcmlXuUUHK3W5/VxDwCpNlTebcShg3yRQ3KpvHof5HHhm8uEvm5PTlJsqPY9L5NKxUVWHLUWZX6LrMsyzY2WXDMr43V1dXWZZsLIhAFZlmurrdWXZdlZZZEyS3kJ2oTNWe6spI2545FxGlFUczuHU/LjtTxiNtmrKFkXqV1fApoWRZbLIspWUrIsqNkSAmWTlfDIrLZXRJXqQT9lGP7yotWmouzQuOxtdM0uEbFYBZlnRetRXcVZWwusyBCPdNjsr49lZW6LhXU3uRfft036Aemr9soJoRAweCeiyyolTPsmlArMr4V/gFSmwVE7M5pxJQwcbWKer2JUG3Q7yx4ZvLhPL63p0hRc5PzWVK+wWoVncryL9xFjynsyFMnLCmVKEq1Ar4WK74d1usq7qysrBXWZGRaizEo4ZThcoOV1qrUWZXV0VdD1LTQajEjChCxCNo2UvipPBM2asyJ6CQs19rFZVlQNkSDgXWWoFnVwnELJY3TXpxvjuh2Vyi5yMsizPsmyO+b9kLYXGDNlx11pmrUQKsVlwthdXwss3ey7BZgu3VfourqX3Iui/RfC6CsrKyyq2F1dXWZZsAP6V1fCrP7ZV8QtuvdX6a1uZotGxzWkHhX8OgYPHYom9ipjZR7YlO8seGby4Tebk9OUuyo9j1S7qqHpURIC1O4TZio57rVCFyshWUqyyKyuQrlEuQv85VlQaUcyaLIoYZ1lurKysgFlWVWWUKyuFnWZFyzrMrq6eLpzfSu/ZepBpQx7o5ld6a53zqLNdErNgLKwwsiE1qsrLKUboYEIsXfFpV8YfELjnvNxvhmV74AK2BQCtgCCr2Wb7UvuRK3RZWwurhXWZXV13wt12VlZWVlZVftnostlbqqXuA7QArML2Qxn2CATCRsKhwXNf2JWlDGM3aqr4Teh3ljwzeXComcJHp8z1uFJsqTY4OL7r9xZXLTKLbKq8VHsEWotQflWoRYsjmQmQeCrq674XxthmwIwe/+s0qDnrO5ahQkQthdXV8AF2V0XIPCLlfC6KINkO674FwC1WK4TpQFrtQeFZZVZWCsFlWRWWQoAouA3bY9F1fCyCssiIshdA4AKPs1cdP7zVfGyyqyur9F1dFMj736r4X6JOz4vsd1lKy9N1f7N1dXwqvbOF8L4XWbAd8S0FWCstsZRsrIDCyshcLXyb88xN9Ly1Vf8EOg+WPDN5cJ/N6cvhS7Kk2OB6JN1U+KvlZdRy5wrKyyoSFqEoKZMhOtZNmzbWwtdZFkVrIXKsrLKsqyLIsoVgsqsF2XZXV1qrMs6zq2FyjmWW6EaPZbhAJ3ZXV1dZkRdPhaU1gReroK/VdSOumOyrOEZWhCZqzLMF2VirYbIlCyNk0Kyj8Vx33m4XV1m6L42WULsFfNsBhZW67q5UvnFe3TdX6rdAPRdXV1bouqrwKy2QCAVsDjK4sFw3McDf4AsrK2MgVkZmN3NbGEa/8Ap1a9GoLlcqnAL2h03ps8VezUOg+WPC95cJ/N6cvhS7Kk+cD0Sbqq8U721Tj0q1ts39qyyrZa7Y92Th3i2SyZMtULOFnWZArMi5Zig4q7l3xKssttu69SylBqyLKEWhWwvgboYGIrKQmkhOk7rPdXOFwjKPjOSsyzIWQsECs61FqrMCiBhsm90Wf2YwVksrKytdWKzWQcgUVZZFayuVT+AXHvebh2V8cqthcBB6uVfAdGVWVlZWVsQpfcixthZWwv0XGOZXRd/QC7IKyuV3wsrLthVH0HG39LsrIBWwCNgmm/VxGXIGrPmVnKxWULKAr4Qe4xHuLJ5vGB0nyx4ZvLhP5vTl8KXZUnzgeiTdVXij7ZVP445Vf+90/ZOaHb8sWd2x1bmdnMna7YvTJO6EqDwrq6urrMs6zIFXxsu67qxVlkWVDDKrBdl2WZqLlmWa+Bsj/8GGVFqb2VrrIg04F61CtQK+G6yohXcEHILMgrBFowshjeyvjF4hce95uFlbF3ZZrqxQbZWJWRZeu6zBZldX6Jfcixur9GZZldWWyY8HCyssqd3X9ILMr4l2NlVD0FWWVWw36CCr2TfUmtt0Xw4gbZEST10/uMweLPXw3oPljwzeXCfzenL4UuypfnA9Em6qvFH2yqfx6cqdsVN4OUc7mrVa/d0H/qJXxptSDuH32zKKVa9kHrOsy7Lsu2Nl3V+i+N8LKyyq2FnFZD85Vlsst0GqyyrKrYZUGlysFsrBad0Ih8lgRp3IMsrJrE+NBq2QIRKHffI0oR22BstQKwK7LsirKHxC477zVdXw7qyyhWVlsr45lcrvh3VllVuqyk9yLpvjbot/TWn5wut1ayPZayb3Vldboi2AarKp8DhZWVj1OYHbgW6+I/w+xT+4zCYXTX5mN6D5Y8L3kwn83opyl2VJ84Hok3VT4o+2VT+PVJ4lTeDkE74TZXR7Nqmu8jCD42fGmVZ+WStO2YoOQlKa9pXZWVsLq6zK+GZX6D3WyIJQCzBZ0XkIPWdZlmwP8A9D05z/4gn5uu6ykrSWQrJZd1qELUKMhWZXQKBWo09kTfayJsmuKD12KucGi6yJzCVkeELolQ92hcd95v2r4W+xdX6pPci67dNjgVZWGHdOZdRwLIrK2F1lxqfDG+F1fC6v8AZ4j/AA+xT+4zD5QFir4nyx4XvJhO8Z3oytRfdSHsqT+WB6H7qp8UfbVP49TxcFOZmu0vpXMTvhbYBzo02pH8sjJe4MTmpk5am1DTu0/0HpsiEyDgeq2NjhmWdZ77d1ZWAWZoWcYZSshQYVlKyBZWrtjbpKyH40Sd9KyylZrK6LcCVlutldZkHLscLof/ADK5erDKoezQuO+83pvjZWVui+NvtSe5ErK4WZZse2NlbC+ARVroDpv1VPhhdZlmV8LK2BPWTbevka/Lbrp/cZh8oN9QW3bH+WPC95MJ2jUfg5S7Kk+cD0Sbqp8UfbUHj1TeKczOhNJD5WjqBdSUzmYNc14spHWzKO97plTbyuyVOpyPHO5ibWH5ZK1+2YhaiY8rVHzcHC6uVcrunEoH+7rMvUsrllWmEGgYXVyiVmWqEagLXWo5Z3K71dyLyEC4rIsqDbYG6AKPZC5WVad1pBCJZFZq7fG6shhfKhKPgvWqr/28/wBU/gFx33m42Vuq/RcLMu67rv12wk9yPC2F8LK2Nlbp7dNlbrqvBWVsLdFsL2QN8HyNbu6vjGzuJH+LqqRyJvv9in9xmATTlIKnbY4nywK4XvLhUTtEj0Z1e4UuypP5YHok3VT4o+2oPHqn8U9+mLqOQP2fSg92674PccyOcXD6d8XdXuFZZVltZMqnN3BEgunwDcRMyPag4hB3dZz8Nl/tjlrEJsl1ZZVkCsMTmWU/IatldEq6uVfCwVgrKxwLSVprIUcL43Cy/wBAOQurrMs6zlAkoq11lt0ArdZAFayut0WqHxC477zerMs2FsO6srDDur4267KX3I8LFWGN8O67qythZZVlXZdldXV8LKytjdXVV4K32H1Ebd3cQZ8O4g/4dO9++A+3T+4zAYZ83bH+WPCt5cKhv7j04L4U2ypP5YHok3VT4o+2oPHqn8VVeCjNlHV27ODg7Z9KN2CpdF2kMTJRcPhexXTgnKn9tqfsh7jFZFq7hZ1m/rUTJ/7Dj8a6BzLKrYlycVZFpQYhEtILTAWUK2Lj/VkArYdkRdZcLrdbK+Fk+WNu4mjOwcsyLldArOs6zFXVyvUvUrOWVZFD2aFx33m42VlZWVvsWVuuysrKyl9yLGysrK33rYXV1dW6Knw6C8N3dWxtTuJf06ukcnPc7fqH24PNmDen+WPCt5cJ/cenL4UuypP5YHok3VT4o+2oPHqn8VV+2o1ILFNkLNoq4O8rBwTqPL3jFUYzaUxMk7iSncxFU/g1TbKM/uMTVZWVllQcQtUFRn+tT+//AMbMRuJQtVqMq7laZQjVsLq+F13WVZVZWXZZldXWbothdZlcoxg75GjaysrK3RdXCurq6CucI/ELjp/earo/av8AZthfol9yL7V1bC4Vwrq+F8bdNsap7Q1P4gwbHiL/AIdUPct/xGxufszh7zvFQsjN0U3pPlhZcLFjLhP5vTsJdlS/ywPRJuqnxR9tQePVP4qs9tQMv3ToWuTqQL0hRzlm0dWH75Q4J9Hk7xNqyztI6FkvdMZkAaqnxCj9xqZKD26LKyLV3bsKj+x37t1i3fOF23QfZCQHC67rKu2GZZldXV0cLYXw7qxWUrIsiyqysrKysrKxVl3WVZUO3RdXCMrQjUsWv/VMbsBXHPeb0XV8D0bK6H2LK3RZSe7F0XV1fC+IVlZWVlZdsb9F06oYzd/EWDZ/EXHZ1Q9+/wCKykkemcN/9mUkbMbopvT/ACUdPmF02JrVTfOE/m9OXwpdlSfywKsspWVS7qp8UfbUHj1T+KrD+0oj6EMHAOT4yEX2UNWRsypa9OYHbmkMfeFtVY2kmNw1SSHPlTIyHAqpJFrMlPyHA42WVFiy2QmI3DwdrZtmSlvpLXjZAkITrNdWKsrY26L4XWYLOs6zrOsyuVco3QQGF1mWcrMsyzKytZF9kZwuZBTpSVlusjV2C1CqV142rjvvN+0E42TXEodlZW+3ZSe7Er4dsbK32R0PzJ1VGxP4kP4urpDs6Rzt/wAIYhpOxhcN4mhyo2ANb9gYtgc5MpgN5RYuUPg3Cm/lhP5vRCKl2VJ/LDMsxxk3VT4p3tqDx6p/FVntpvih0SQh6dEWIOUVUWqOdsiewO7GWk0y3K73mIKp+EwdlkWYhB4PRZFiLF3C1A7c72UUzm9jqNKa4rmUKlqzgrMFqLMVnKzFd8Lq6v0dlZq7K67rKVkWRZVkWRZVcBaq1HFG6srovWqQjJdByzrVCpDeJq497zfwLdNuqX3Yvs2xHQXhu7q2MJ3ET8Oq5HIknf8AGawlMpSd2UrArWVQqfZUngzoPRHG52zaX+2sDdsJt3KLxbhTfywn83okJ0rApHB21J84F4CNQwLm2rnf6bJqd1U+Kd7ag8eqfxVZ7aZt1mIHYtLdw5Q+LSqn+CPvNTVU/CZiWK5amyA9FkWIsRarkKKx2zOYmPBKsCm3bs2V3yO6sU7Mmh3zprIFkCsFbH0q4XdZVZWwzBagWsjKVmOF0ZAjMnSXwc8ouKLbodsLIBUPtNXHfearK3TdX+xb7c3uxY2wurq+NlZGZjN3V7Bs7iDvh1TI7f8AIDChGmtAQTEMKkqn2VL4M6WxuchSf22BrcJGvPdvNZDaQODhcKbcqLxGFP8AOFY46sqcimN9IVyNu6srK2EOyqfFO9tQePVP4qrHoCY/Kr4XV1mROFUewTXKDwYqn+CPvNTVU/CZ0WRavU1CUfPQWosRYhK5qErSv/o5ks8o6pj9gU15ug4Y3WYLOu6ylaay4XWoEZkZCsxwus4WotcLVV7rsswWZdyrLKrKysrKyo/aauOe837dlbpt13V8Jvdi6LKytg6pY1O4gPh1c87Olc7f8iyDEIwhiEE1BEqoVOqYehmGm4ptN/YjaOrdGkF7s1ZIvMytffLF4jCn+cKz3pUUVH4hHEmyLwsyg2VT4p3tqDx6ptlWeAWZXK7laa01kCy4VOwwp/bYqn+K/wC5qaqn4TOssuspbsJv76LIsRYhdu0jy8WMNM2+YbIPWq0IZkH/ANgg45rIygLXRlWoi9aiMqMpWZyuVbAi6AsrXVlZWVlZW66Q/ttXHPebjZWVlb8Cyt0S+7Gr4FwCdVsanV/9OrHuRcXb/k5StNZbfYam4EqocqM3VKMwYgwD7NTJpRueIOKMk7Oa4HaeJpOZNMrBcMqWv7Km+cKtjzNKuWeuUKbsAjG9cu4oUaFEE2kCFKFI3KVU+Kd7ag8eqXZVfiMGyf2rrMi9XOFSNllUHtsVR/FO7PDlHMS5T/CZ1DEtushbsJrbg36LItRYi1Nlc1SyuI7Rx6gagStX+2yXQc74Jeu6yqyIGGZXVwi5qLgu6srKysrKysrdd1nCzqj9pq437zVf8K6v1FwbvNVtztIdxA/BqnuRN/yrIMQj+zdXQKYgmsLly/8Ab6UOX0+3jSkxAZmPD9vsV3syLIoZnxEZebzHvD4tUkTZPKhh082FR7kiDVlAQCi/pWCuAs/9ZirlS7qp8UfbVP49U2yq/EK6umylqDw5XV0MKn4wh8Gqp+FGbygIMCqfhR9Q6S1adthKR5Bwd02RYnRoXZtHVf8AsQHbZS3aB56DIAnyq7l6rqyyqysrKysrfYus6zFd1lVlZUnttXG/eb9i/RZW6Lq+OVFzG7mpajVH4Mrnbp4sTg38gNWmg0YXV8L4XV8Lq+IUUd92MaFfCyy4sqreTSHbdVRGZGOaHxOj7PIt3TpmHaCXStcKn+cJYfW9aQWQIBXWoFm/oZlkctNTizlU+KPtqn8eqbxVV4jHKsqY/wDuyusyqTsiVD4MVT8KH3ggqr4Uf3bIxf1nc3dsgd1EIxqxatUhRTBGoCM5VyVZWQCsrKysrfYzLOu6ssqsrdNH7TVxv3mq+N/uZcDI0I1I+DUuReT1VA2ODd/xcqDFbG/3LoIFMksmTIPQcsyv0C7e4jqgfK/U5od2M9ABdzJAMoX9KPZU/wA4TSWe5GZapKa6xQdgL4DCp8lVeKPtqn8R1S7KpPpGHZFy3RBTZC1N9SsqgbLKovBqqVD7wTVVfCj+/ZGP7BCLE0dlZWVlZWwPXdZlmXdZVl+3R+01cc95uFlb7AwuEZ2hGp/ozOKJv9qUXbg3f8GyyLL9y6ur4Zlm6QUCmS2TJEHoOV+ljyzaOoDt+qWJpunC1lHsFT/OEzCZHpsKEa0kI7Y9ldagU5u5VXine2qfxHU5uYKaAPGVzg6nOV6OOUJvp2ZNdVHwiovBqqFD7wTVVfCj26h949TQrfZJss6uVZZVZWVvu0ftNXHPeb9i6MgCNQEahGVx/AcLEpu/3rLIsoH27q6ur4XWZXVvsh1kyRNKBxsrYslcxMma/pk+VpCRrE0WVP8AOEnk5F1lqha4WoruVnLTWmF2U/kqrxTvbVP49bhdyfGCMplgdTdww59siyLKrKyPfCPxaqlQe8mqq3Cj2/Kb1DoIVvw6P22rjfvNVlbC6MoCM4RqCi8n8Scd03f7YYsnRdX+xdXxus6vf7gCDUAmppQ+wyoLUyUP2wk+VH4jCn+cJQczllWQLLhmatULWWqUyxVT5Kp8U721T+PX/JEIsVRRmP1xxTB6t0lM8WqpUHvpqqtwo9vym7dQ/Io/bauNn91qMrQjUj4NQ4ouJ/InF2pu/XZZFlGN/uXV0Ss6v9q2ACDFkQYgxBqsgE1DpKIV0CmVJG7XB3cSfKZ4jCn+cJpfU5GYrUcVc4XssyzoFMcQqg3cqnxT/bVN49QX88CEQqqiz+prZiPS/oKZ4tVSoPfTVVbqP8pu3UOg/iUftNX6k/yGfmHuE3foyrIgPtX6rrMs6vjbpthZWVkGoRoNQYgxBqsgEArK2IwtiWotss6mc7KctJX5HeqGUHZU3zhN5vV1dXwylaJWgUIf7AaFUeSqfFBudllGzT7df81USFguI5M4vgWqppWzBeqnOV+YHEhM8WqpUHvJqqt1H+U3bqH5FH7TV+pf8hn5r2d7rKsv3743Rer4W67K2FkGoMQjQYgxBqyqyssqsrK32iE5qHZSQNlHenbJG6yil/un+cJYnF70KY/Iph86bQszRtnXdZSsoUsmQpzbqqFgo9sCMvUPNVfioR2QOBCliEgsZYX0p7MkD9kUzxaqlU/vJqqtwo9vym7dQRxP4lH7TV+pffZ/qb4Xxus6v9m3RZBiEabGgxZUGqyyoBWWXC2Flbqv0FqLEApmfIjdqC6oP5YSyHMVmwLmhaoWqfi7yhG4oRKobYpj8qqiD2UM1vSQVv2NsvboCHmqvxUGyIV8CE5t+xqKMxnNGyfMnJni1VKp/eTVVbhR7flN2+0fxKP2mr9S++z/AFmZX67dYahGhGgxBqDFlVlZZVZZVZZfwbYPGkcwoD5HCV2Z77ablokoU6EQVgFdZwtRVBucJPIpypp7+koEHsSMu+AQ81WeKg2wPdA2wIRaqqizepuoR2cw+lqqN1T++mqq3Cj2/KZt9o/iUnttVRw2Cqdml+hUi+hUi+hUi+h0i+hUi+hUi+hUi+h0i+h0i+h0i+h0i+h0i+h0i+h0i+h0i+h0i+h0i+h0i+h0i+h0i+h0i+h0i+h0i+h0q+h0i+h0i+h0i+h0q+h0i+h0i+h0i+h0i+h0i+h0i+h0i+hUi+h0i+hUi+hUi+g0i+h0i+h0iPAaNDgNGvoFGjwGjX0KkX0KkX0KkX0OkX0GkX0KkX0OkX0OkX0OkX0SkR4LSL6PSr6PTI8KpwhwyBfTIF9NgRoIQuShXIQrkYlyUS5KJGkiXKxrlY1y0a5aNctGuUjXLMXLMRp2BcuxcuxcuxaDFoMWgxaDFoMXLsXLsXLsRpYyoYGQ3yLRatFq0WrQatBi0GLlmIU7AtJqdSxv35KJfTICvpVOvpNMuRiXIxLk4yuRiXIxLkolyMW6fQQu3bQQhclEuSiXIxLkolyUS5GJfToVLwalk8hw6AdkeGQHdvCaYHMuRiTuHQP3FBCFyMS5KJcjEuRiXIxLkolyUS5KJclEuSiXJRLkolyUS5KJclEuSiXJRLkolyUS5OJcnEuSiXJRLkolyUS5SNcrGuVjXJxLk4lycS5OJclEuTiXJxLkolyUS5KJclEuSiXJxLk4lyUS5KJclEuSiXJRLk4lycS5OJcnEuTiRpIlyka5OJBoZ2H/xAAzEQABBAECBQMDBAMBAAIDAAABAAIDEQQQEgUTICExFDBBFRYiBjIzQCNCUVA0UiQlNf/aAAgBAgEBCACeSf8AyvbHxSdzASzjTC3lvZOCz8Zp3GMbYeIOsiZuQx3hX7tKk8G6a1jv9qW1bVtW1bVtW1bVtW1bVtW1bU4ta0ky+r/OSB3FssBNzsyR7WMhypdxgknzZcZ5KxZnyQtkfYVhWF2Vhbgt4QkJK5jrW8reVvK3lB5W4rmFGVyjNtXwV3W4oHWhXUEQq62juj15nEtkjoiJa/b6SwHqFkMchMkrxzLbHlNyPyLYjQewcQb4c2Vrx2BW0lbVSv2B/RtFGRvguEOE8GXiLYGESwY80nk4MkBicwZTHsmPNx6MLCNy3LcnPNrcrCCHlfPUdCovC+DqNfjqHlFA9bfPsZcvMnex0YEcm52BjT8SnEMGP+l8GCnB8nDmOLHxQ4couL0cKnbjQRukfFFjyxtkaMWH49PGvTRL00S9LCvSwrI4BjzA7ZsOSB5ZJ0D3r1dK1v7rU+LHONpyMt0odBK7E7do4nh26N+HPCeY36XkSPjnkIrsi/uuYmkk0jDa9O5cgpzKQYT2Wyur40Kh8L4OsOO+V7Y2Y/6eghAMhGKx7YneliXpYV6WFelhXpYV6SFelhTJ8d878deniXpoV6SFelhXpYV6WJelhXpYV6WFelhRw4CKOX+m2OaX45BFg6ZzXiZ5DcmRhAP6bwWRYPOCklhZxGYzcN2uyJ3x5U0wkcYnZz8jhkj5H8QfjYEBjgxs1r2vmjnzM10joouKzOxsgPE3EH4vqlNxLIGNBlNy86XdBFj0uLwtDGS62pMnaQA1wIDh7G0rtodoFukzo2NLmwcdgmk5SGmTO6NltHHNpkcnfquYytep+KPnc4qLLk/iR4nJEGhp4vI97S05s8zv8uM5zomlx8lBMFJ8hDihK5BSNTDRR6vjWLwvg68Fxhb5dMr/APpYyJWTkzsMkjJ+KzehjnZnZ0sOOySPJzskZMMMMeTlwZjIJjlZWVlSRQYQkHEJhLDk52RLIxmLmy+omx58LLmyHzSO4jnTQOiEM2ZlYsFySy52G1s78riEpkhx8f1eVi5MUU5ycyXLmx4YJ8+Z8mOOH5ssokZMuJ47Y8p206ZMzjmStJaS01+l8uN3DxC1ObkwZ0s7MbDyHzy5MkOJIxjonw8PnHDpYi/Cnnwo2qDiGRK4RvhGTgukjEXDpxj5L3sxpBwwxGLCvh4gl4XE6WYyyLi8gc1kS20nuDgWpjixj2kSk7rx3f4maSAlhoxSCih4GgOlp8IcwEmIjxC78EGAxm8zI2ttRyP57ZBDksmYHsRNLPwZYJDJGC2R3cwsY5NeGRmQHPkkH4sxh+BZicosox1sFPVGrAeaCkjJNhjD/sSnm0Oor40Ki8L4KrTguUA58JWbDOMuKeI5GZkxSxObiSGAwiTh0zuGxxjJOXkwsjEuJKc7HkE+LK7iEEjRHkYmXK9uJBkeskmlwMaSJ85k4owxyMnjw8UQY7I1n4skkuOWcQwHzRNMU8mVmsbAMrBljlgyYTHkZuTC90GLI3Pnkdh4srMrJe/h+LJG+cyWuJZIly3UdMiSNuZM1CISAOPD+Pv4fIJIcX9dcPnaBIePYI8nj+CDR+t4S+sYiHFsT4+rYq+qYq+pYyPEsdZD8XJZsdDl4OOzlx5v60xse2QycTMrnSzN4jGbT+I1KCMiZrXmhAac5Y38bdKsEJ1UNJ8xmPGZXzfqcmUGLD/UcOQeW4ZLf9md46U0FxuWO0bKDYw+NzTl8Klhl/x4T2xzxiLkDHlEjU51BZH6hc1xhl9G1zzQgcSGl0H5iMnGMDi1EzM/NmLjvfIA7GgMULWOLrJC3/Ba9gTQ1ycyimlE6np+NCovBXwVekUz43B7Mb9SwvAE/wBVxV9TxiLX1TFX1XFX1TFX1XFX1XFX1PFJX1LHX1HHXKwHTnIf9UxV9VxV9VxUOKYy+q4qHE8YmgeKYwNH6pjVaPFsUC1lfqYUWY/Ns2d4CtTG+IymQYzGhxJ4dK2IsIyowRGyWU3uJkL43bjlFgAUPE43WwMn7EDmbCpZJNm4wZbXRtcW5YW9zgS2vyRiHMJPIaTTXYwb2dywpYQ9pQnaGWsKXdGRoD5UxIgcRicZiLQyTN/PFeWCM7bXpdjrZh8a51RZGPM17Btkjtjgsf8AaQovBXE/VRzXFHi5BlaBPJxHHLnLB4kcuESHis8seSynxHLYx8T8aRr9rw+UCkyJ5/N4y3SENEkAc9lGACizDjc2Bge6MeU1otBgRqqHeqUZJXz7HxoVF4XwVSpDX46m+Qie6C+Na1Z+4J3koeOriGG2bIlc3FfUPLdLMDMQxmO9u1THmxWIWysmpOg/F4fNgODPxwjJy2h5BIbuLnOY1ro4B3aBigfubI1hIRYPiat4sFjRSfGSLTiWkARkuja5FrA523EN2dHvIY4tizBLugfk8OZjzOa3C42WwlkmU25QEYA5hcoIXgmo5zA2hBNzYbMIouUXyFmuc2SRzYP1DEwjmZH6kEj+W3A4kySR0QzcN07SG+mzMOLmAZjrJQljkIKma2PxFxOCOwvqU0rzK7BdHLKDLf8AwlbQFQRatqDQPB9j40IUfhDwdRr8dQ8oodbfITr3dNaZjGnJkpjgXGRSR/kC7lSyfiwkABibNMHWIZXuA35QL22zHxuXseYJ95cXtnIFhuWf3K3uNFmK1gsmRrR3c0PbcbXO3EuDgQAZpS2Qtd6iWnU14awhQ5c3MCxi4ONlzoTzT65rXumGXlQSMLpGhwbYLi5oL4cZzwYlHw+d8e0jhB5IbLg8NMBeRF2e4Ln8lrnrJ4zjyl5V41bm5WRivDXwY+YMWRkxP6hMjgIsvJzJGCKQY4bQa+ZkbtrH4wfHsU3CZIO4bhuDLTXSsjDRw4OGHHu57Quc1c1q5gVr4Vd1XX8aFRnsh86jUeD1DyE5BfHRzmXt0b+4J/7l8dEmW1nYhwItZFOzpml+GY3d25flplaWMDo2yDmc0tmYKJkja0ENMX4tp0j2inYuWwN5RxQ+Zz7bCGhBtm0XWaBj7EKJnLtTsABkDc23KbMYSQ6WAGEuiAt4aGZDmyCmT77TMqNweHSChZDQ4i2gl1GVoANw5g5Zjlw+JRRf45DNDlUBjzMDCHQZIkne1rRdriOJIMqQMDZGdm7JPx3PwHSbS3YWsF48ED4GvbLiS/lM3Hx2k805WV+dg5HM2gU3buO9ksm9uHG5mOwPc3uelpXzpS29PxofCj8JvyvnQabQACh4RFaEE+JwXChA2Ty4eUU1OnbuQIIsOkDRZbKHC2ktc8EteHeBkkS7VI0PNIzvEgYt/etZ2gU8AGgs5jfVyyJ2Udp2ty2yMUYMbi4nEZMQ5hwmg2pR2dUOJLI4NbNhysk/KDaZRULdnZBAeUI6R8IRWdznzuLQEcUPedpxXU5bpIS0IPY78XnCLLL+aWs/COYRNJfLKx0W0uBawkNyW0SpHueWuQdRNyyHtUcsga4ObkuBWHxPlzNYopASuLcHlEhnQhkAAWw9mIxgNtRzMncGqISte6OOWa2tiXq7cGKfGyI4nOUb3Md3jdG4UpBHGKZgTvlxI3vPk6gr4TF89FdRUY7FN+V86DQmwmFO0fuqmnh7H0ZGtYwbWjzoPKdFueaEzW/iJmOeW0zGPYr/AINGxt3gqeJ+8FnLcXWWRhupw5LKAcAsvlnJka+bGYx1JmKxt7X4rnfm52ZJE4CNkgkiPMMUrHAOwzeRtPFMIOia4QScjJAIc47ZGNlBAKsHQolODi6lLI5kTpGwzlrrWQYn3sZFY3GLIkaSQcZsre2U10IDZI5GFhA3mqW1pYacW7qDHODrTpA8AKFkjn00cKkd4ZwJ3lzMTZtvYPl2JE79x4Hj3bZ+APeS6L6BnMkbJG7EypiOfkQPiYNjWB9MkkfMwmNGTdVxxRxi3Pbue4nh3/xI075VKlSHhM6qVafGsfgpvyvnQag1fRS5bbvQdvLfK+bVKl8at/cE79yI1CvTNjc/Ic0OcRbZI8QPI3S5jWBrGnCdI203BynOGyLh+W0bXRcFyY52SjJx3TQOja39NTEgyRcIfGNqfwljqJZBsFBbU/GcR2bizse8owzFpaRC5hc0CQmIBRx9rJh7dhfkukZK228vHcSWiafHcHL6RO4gsj/TspFyR8AhaO7eGwM/aIqFDZQsunij/eJWXQdNGHBp2BctbFsWxbEWfJdixO/ceEYzvL/0ziOTv05HtpmPienibEi02VtK5bly3LaaTRXsFfCrSP8Aam/PSEPB0voHkJyHR8at/cE79yOldDuHROcXu9BD8+ki+BE0eNoHilWndXpffopbVSdixu/d9Kg+DwsXYOA8L0Unz9GaTbmcHxmeGxgDa3YVy1sC7aPYHtLDk4cjZbc3LGNKyR+FE/MmflSg67h00tq2BEKumu3tlRnsUPnpBQ8FUqVK9OyKCCtWr0tA904m1uQPyNxVqtB7NI+E2UP8X0X07SnPDAN3LVDW9cjODKYG8aaIy6WeUZEDZzkYMkj46wsMwY7WOGgmbv2LiZf60BuDnZWTmO5l6BwIsalFxtbitxXMcuaUD29sqPwm/PUPC3gmk+bY0FeqcUCFYHnmtPgpqoKmraFsCNDygE+Nx8PhkLaEbC0d60Mjg+ih1XpatUVygz9vTtK2LYFWmYP8VqOXfG067VtW1UFxDGZLAQ8ukbUbuH45ll3TZLGhwDTM1oDSc9nMbExZGJzQHMlgdlNLZcfiDcJm2ccWgcxr2z8a3zDlNbTR0FfJ6NqHjqrSuhnhD56m+Cnwk24FrqotbSYbCeSewZHQRTSjN3TXhwW1fCdEJPPJey02b8wE+XYUZSQg+hSL3t7o5jge4lDjoFfRS2qgtwXMC3nSltK2LYOq1PFuieFhS7oq63xB7drpeCNeC4NfG2oo2i5WlZ2G9hY8Yg5UlPdlBpobgG7nEMfTll4nMtpgwYoz39M6JjbhyWSNBbHnb53wufM2Npc+DL57S5pW7ur6G+CiseON17hBGO45THIYbTZLom1R9OxMgaLKfW40imeE356AO65YPgCgdNoPl0dJpLT2bRslpTk1PsydmNppBAJqqFFXVreSQ0DFF7k+K3gg9kACLO/4Bia4EkRbSC1ALYtq7LeFzVvOlLYtipbeultW1bQoWcrIewIORcG9zq9+1pKbnTvftZLghswkbGSxhcmlzxvM0F5IcI+UHWbBFJ80uO+i7K5sReyGIyTi5HjngLinEzgOaYOHZs0rvUOc71uWIwGBoDWu8o4o8r0y9MuXSrQMtQ8MZsBR4YfgYcjSuW49gcR1/l9PcRYcySAd5PJJ0Z4KHz0Dyo3dwiex1FDzsaU1lLdZFFNWy5C7RsYBJTCSCHH/AICSQgTuCd5VdluVL4K+NOZQpGQqyqK2lctctUq6bV6UFSpV0ZB2SxPBW1ZHeB6xpi+Fp0pGIONltu/FkkX5lSScssjQjcxxLDCJHkPZAxvZqIBHf0ga/cm5LRM4HIxmtn3LiTX5eQyQR4pwsTlHh0cLItjEfOm4IyNAJI45jknc3iOC4WG5uG802CWOM7wP1DChx6ApmdBJ4Ihd4GRCwp/GIQsniEcsQDDqxA+enmV5b3sDQ6Uh5Cd+4oFX3VIOfZvmFA6X3RP5I6BHWlsW1dlatXrelLaq6b6KWY3/AA7g1wcxrhvCyXf/AI7i7hzrid0TtkBFRROjjc4sfvHMeJWkHYcgl7pBizu5JLmyBwsFwAsjMiJWynves6SpGlQsuWOVZTI+cCMHh88Z5klI+UXmytytWFsYjhQu8wMEBuP6nf7/AF2OexccYn8GzACkZghO2qc99+ObS5656GSKTclndcxqsK9C0FN/FX1EizpXTaCKOlooedB40vStaVKlXsV0yR72OacR9wNBDFnyEtbG3BbUZHRK/YwuUTfwCcezmE4+JHLbDjNcOzOGRMduaGhp7ZMT3gbWcOAIJAa2Ql3EXyb2VDC1xfKZeFyPmDg0bQGq07ynAhxQcVa3Let6D0Hq1tTW9ltVI+EVS2FbSg1NhBCEIWwKuilStXpQXbWum1fUNaVLb7ldeLJT5I9MoguJWMzbGOjLk8RCXe2P/G7JyRLZZBHK3/IziDoHmGdsjXNDm2pSeW4iPJa5lvk4hEXBozwZizbjY8tNCfI9rSWwz8xvek7yi1cpp8+kYUcEI4KOE5emkCMTh5ohcxyGVIEMp69X/wB54KMrVvC3lbigUJaXOXNXNXNXNXMQkW5WrW8LmtW8LeFvW9cxFxQf/wBv2AFtVe/fVale6HML0yZr2B7ZzZ7wsDYmjVzw1pcWxOmyNxpZULnAEABl3tDh+TIgwU2k4WCFjjbKYy7FMop09uPLMT3iJjxHM2RoKDACrTvKOjdNqpbVs+VywUcdp8nCYV6FqOH/AM9I8eDjvRidSAVlB5C5zkJ1zwhOChKEJSuY5c0rmrnrnIOJVlWVZVlbv+7wAuYQEJXLnO+RLa7qyrVqwrQ8f2MumzwOUNsEkJq8iNiqtclxdUYx8fbb9MlwDW2bc9VR6J4tkweGPDmismFj3UMaHdAGuix+X21d5WxbE0dda0FSLVsRiCOOF6ZqOGCvRo4zguQ9ctyDCu4W9y57l6kr1La7jJYhkjwOcE2iuWFsatjU6Jq5a2BBoVld1fQPH9jOB2NcMh7o9kzcSNz8qzWnjuRKXTOcWgBgRnjHnJeyTY1ol/zUnZLbXq2XSa4HwstpMW8Q5W4AHMZsa1wwZCWuBsDub0PlBUq669mlS2hcsLlrYVykYQuQ1HEC9IjhO+PTPHkxHTchM8eBlSIZ8gXrj5IzmlDLjQyGFB7UCCqCoLboPHvV0WmZEcn8anieZYpG3YsLMH+B5ExLsNrlw5wLnjXMyWxRG8Z34lOz7K+o/DZHFgjc5+Xsedv1WVvlnFXSWoJwWmQx5z55tge2wQWZoDgFlAOg3LE/F5LJg2QctNaGgAJ3lD2a1r3aVLatqARatiMIKOKw+Tw+NfTm/B4c74ODIjiyhGJ3yQR2Xdcx48DLlCGfIhxE/IkJAKHj3y4AEmOZkjGvZJxeCMGo+ORStkI4bj0JJy+YRts+v50TXR/WtuUMUrJcOQ9F49CN2HOGShS8TihkjidayXGWURt7CXYyTgkziVj8K2PBdlBzxQZwyR8nLH0LuA+fh8ULLbl5gkLIVgYpYwvMnYKXHeJnbGOa/FpYNCZ7QHCzE4QzQyWwOFWibKBV+zSr+jXsVpWhjB8+mjRwWFfTv+HhzkcOQJjSGgEePdrQtDhRkw5Iu+KJpI5nvcyIRPcFFnx0WsnzX/m4REt5r1hljsnmPy+IHGYHrL4syVrWNk4kH47IGRtk5o5bs3Cw3mXJZxJsmKMgYmPYdK4xk5YCEsUgIj8naMpjWviaIYz6uVMmaXucc7IGzYYo6syHjBFqPLMoLjkPLXAtx81zW7UyVrJC9o4h3BMPFd4NNBk/JHsrK3IOvo2qltP9S/foKltVIePbrqzsaQfkoTT2tfHPyg6J7oNjW8oW2JhLL5jXjJZC7DEckOHyn2Y2h0rpHc6NgawZkAP5TZ+cYsWKHExsg+nYX5nFX4+YFiZ8sfKx8aOHaFks/wAkSbkbJshwxw0Dc7LyJZJnSMfC5pG8sKhcGwbVkMAtzmSuJ2osYzshDZsmJ76bFjQmFlSHzq3UabluW7v/AOMPHuV0yRb2lqPC8mKR8iqJ7gZJeIBTcUMp3CL02RAYw574o3QvPGpHvqQVsY9sUXOyAZOJygljQ3iAfLE8v/UGJ+IfxF4yJ3Rs4Zw+WSYZBgz7mfEZzUsTk0kySKdwbGA12By4HOWHCJnGR0nDYSVkRCMhjTwv/pjeHHfJjta+MmLBYbKbBQpoh/68flpaGg0PQP6Vf02+PYpUq6TQFl0m1tp/FYmA3k8cMlNghm5jiHOxLIapMdrB3iy5YakY3MfI8Sl0QlkHL9BIwvfE/h/ONqcN/GJNEbaDHPsEtnn3uIHDeNPYwwvLNubvZNuFExk1aihMstuy+0D6xGiKIEmipS92SGAEuzCpMYiZ5WTkDZC1jG0xoVaO/cUQqQ0GjkEToDoeqyrVq1fVf9MePYvS+mZtxuTMtzRRl4fBkixLwd+O61BiH/YY5eLT+HZTHEM9E+M0t7dwDn01PzgImtZMQQ0l0bpTb5pAGbBFHvZajcHvWM4QUG83mNa9z3vMaE0UVCaZ0uPjOfGziEk+M3ft3YwaGPD2B6j75qxWk5Ly+ZjMiZ0hkMbGNIhdvhY5dk54A7Wu/QFaKpFwV6fHVS7KgtoVaWrVq1fs3pXsjx7FgeSp5i1gAroLdwpOG1xCDqNhuc0jbLJw5sjTy3uyICWlmbMACm5hDjzmSFzuY1/+enMEAJ2NfA4whscsAO0qXhzmg22NrWNoNc0ueyGZpfyX4WRGaikk4nUbmNgmOUWsk4hO57eTFB+cbd0bDsaRA/bvYYNwypXrG3DmKbELgxjG8MBFSNJa0MFnqtB2h0I0tBHoDbPb0TqtOge1VXtDrrS1SrrHj2JGlzCoMvd+DuI8QMU+PGg7wOmdlSHSkyd8ZtvOinGySfgJaN0LorPeDFJe63ZDIX8t0j4x+IAfe17N22wxvNH5PlMbnNbA6VrxIwSNgxi+R835NkYJzKCUIiSHNnlikewhnFywPYIeMgua2P6lCzIIfBjEGQmPEZFYZ7dq1aKpUh0sdRBQyx2sTNK/Er0sbvJ4c34HDmfPoI16Zg8cpqJFlUFsCI6h2RlC5g6K6h49nJiMUvMbxUiSGHJbhZBlbud0ZLO7StqrVmU5vl+LBktp8/B5sYb4Q+acOEjMSfuDw7DiLKmzZ2s2RMIDSQnsG0BwaG0RHib7JiwMKWNzVJIwNc0MfuYQDjF47DHG4VHzGSBkTcJm/mu/oH2BpuIQmchkEIZtL6gjmvRynlGVy7rctyPT4RNoqig8hB24ewPHW6RrBbhlxnxkAHsnSNdG+CTCaBESnZY8NbmvcdrBDIe7wxZEZLQTpSrSymZz2dnZUsZxnUInNY4hrpHnmta6Z4dKYHseN5e87fxeXAkh0z3DlluZy2HYzKcGh0u90jgUHNjNLFx5JXBrI8ZkQ/D+nXUOu1aHlcl1Ix/B5LUWbTXQGp570vhX30tMdR1PSPHW7HY/97+HsLNomM2O4cx0xfRb66RsJhihZEKM0eXD2aLvSQboyiFSrSlSpbacHIZAeC18nBWkEwzYssDtj25D46o5Uzmmo6cA8yRN3WnzkvewObvaCm4rSaEXBpMmUB8cLY2hjP61a2r9keU2M0EY3oxN/wBpmhrhWgCCJ/JO8aACkW6MPbQ9I8dZeALMvHWMO1k2dmTghY3DCw0TjGiGDGnaSXRP3ntjN3NQteU5lOIW1bVtVanRk7o/B5GSwsfP+mdjhIyZ2ywGyxyNFyQOsuY/IY2IMLshsn5iJnqCI2shEbQ0f1r6rK3lcxb1fQAmNAaE2x43lZTreNR4QR/ciOy7BWEStwTCj02h46bRdQtPm3Bzy/LL3GuaatR5GwWfUF7QWSCYuITZCCAIYhRkdLxuOI7UOMukG1Myi2w8ODhba1Oh+NbpR5rm9nT8Nx8xnd/BZIf8ZbujbbZcrmHZHzWFwEeHgCFln+xaKvQ6X0blvW9B6bkUm5pXqmnzO4OcCNG6Ed0fCruqWwoNTRR6ToPHU+yNq5Q2bU7HdG4tJYUWv+QJiKQwnFMgYzusiZ+4gtyAfxkcxzCo8z/WQTvidubFlskHbStK/HpbIWGwzOa4U+XgUMhMkc+NJjvCwWc5xd/bPTtVKuqyhIUJqW+9R50cE1ObpuW5NNlfCOpVIeOi9Ct6kAIsiltafPYeLtXXdPALQ15xS0FyDtnk4za3xxnbYT4SP8kUHFQfxlVKl8dbMh8f7RkRzAsfHjtibtb/AGj00tq26Utq26XoU3oBVIiiiLCojQqMaHU6DxpethS8Rhi/eeOB4Ihk4jPL2dAxwiG7TYgwvNK91tM+U+CYkyBrmiSNk5jdbAWvG+MSFpsbI5DuEeQ+E0mSteNzU3rpRNt/9w9I6yxbNW9AJ0LQV4RAKMSEaa2gj0HQK14UvEoIf5J/1AyOgyXj2Q54qaO6lbHI4Gw1okqURubtoch3xySPNxtTS5wO0vjxx+ebGXHmCLOfC6wHMkZvgilde4B7ZEf+FuTuG14e6N25sWa2QUh5RHfqtQs7X/cKpUq0HsUi1EJqvoB12LYg3QnptGdjG2+TjkQ7R5edkzx3E4yE/lBM17RBI5vLcd8eSInG5YOU4FsOQWuBDRBM2yMCEeG4kQNJ+Tiwkhx/ULb2jKfI0/mzNe3xPjjbzI4HPjp7fwmceWxibMHDbMWOZ2cJSwIyurfHBxxpAbLuDhbeitGimj+/et9F6WtyNohN6rW5Xru6TpPM0zSRvMRjdREvYEZWMIwJGNa53hoGVH+XLbdKKWrhmkgMT9hbLJGdzZJXbeYwTPcQTsflR08HZYe2eOdmx5wHMcQqdEbjfiGi+MTAVUcnNAssJsOE+0Fj3RkDcBI6M7k6Fsw3RwcTlxnUYsyOdts6ALICr+786Uq1sK1aKpUNbQ67Vq1fUVSztwzJAISZI9jmuICaWuaY3uxnRyctRsLDbZIw7/K1zWkWWFsjRG+nNJa5sBZ3D4jH+1khAT2NyACu5f2btLNkjmEGjZb+Qlw2PBcyOUjsmSl/Z5aQac2XlHs6IFu6MxkGztbN+Lt02LIsbjLZQGyKtGj8h/evurVq9a9kIaWrVq9K9qThGPJIZHjhOO1weDwzHPn6Xjjw7hsD6v6PjJvCcdhJb9FxV9GxU7hWO8hzvpsHhfTIKpfScdfScdHheOXbj9Mx0eGY5FH6PjIcIx292/RMVfRsYL6TARtP0XFQ4Tjt7tPCMY3Y4FijweDYxbtP0XF8JuMxo2jktXIYhE0Gx/d2ratq2qltW1bVtW1bVtW1bVtC2raqVLatq2qvZ26X0/Hs913XfXuu67ruu67ruu67rvpSr+9atbgg4KwuypbV2VBUFQVBbQti2KgqC7LsqCoKgqCoKgqCoKgtq2rbofPT8e1fXSpVrSpV/wCB89FlWU0+yfCr2qVKugo+dKJNCH9KzygOk+zV9nr7OX2cvs5fZy+zl9nL7OX2cvs9fZy+z19no/pA12yOEzY38iropV/4ZK3Lcr1arV9AFmlB+nppBbvtYr7WX2qvtZfaq+1F9qL7UX2ovtRfaa+1F9qlfapR/SprtkcJmx+79Cj504Pw1rryXp+TmS5ksEWFnzumlx55uNwQSGN+RxljMbnRP4r6jBkIg4/jxwxska8PaHNl4vBDIY5HcYgZEyV0PGseZ/LbNxmCF/LdBxGHIBMZ/UeKEf1FigAqOdkrBJHJA2VhY/IxjBO6I+zSr+6ejcty3oK1asa8L4eJHGZ+svE3R5UWOHcVc7JGPjxzyDJl5mLxiPILmp+fAw7X5Oc9mTjtYzNhkO1kmVFF/I3Kie3e08SxgASHhwBGj4mvaWuysXkTOj0KPnThTgcNlI47JOIzNfhSCDKmiY3NysmJ8qxx/wDq5k5wPCe0kbRwkVh36WFSxNfxZgdlU3iOPvzi05mNy8NzRnZPMxiDxKcx8OjaYMi8KNv0+YnhX/w2HTipBy3EexWtf3C7vWlq9fkJqoKlt0srhbwcahrxBj35sLY+FyMbvhdDG1/EMpruHY8dTyDhuBBPE+WbOxozk4sSyMOODNxeVI4v4hLuhxZozkvOLw2B/D3yu4Y4nDZ0cVIOSKRR86cL4s2B/KkDgRYl4HizPMkkPDoIARF9AxN+9M4dDHGYms4LjMY9gOBEYeQWQtjY1jPQx84TmbBiyG7ZYeD40D97JuEY87t8kOBDA0tiiwYoWubHHw+GOIwshxWQMEceTnsxmFzpZHSyOkdX/j3b9D0fI0srcty3IlcP4oMeQse14cA4aS8MEmRHkKXhLZJ25DI+GiPIkyFFwbkzGRh/T5a9xgfwne+F5m4aJZopjPwYSy8+OPhTmNkEkXDRFjHGWNhDGiEQVqbNjgYXvmyDNI6RyKPnWDjOVB2YP1VmfI/VmSTSP6nyx4+6cxfdOavurNQ/VWZa+5sxfc2XS+58xfc+YvufMX3PmL7nzEf1LlkUn5L5XbpL02raq6K/vkofu0KpVp8hb6880eFfTDxTIhFRj9TZa+5stfcuWvuPLX3JlL7kyl9yZS+5MpfcmUvuTKX3Jlr7ky19yZa+48tH9RZZFKTJklduk1PnSkFLIWAKKYl9IPtEajT/AF9iyty3K1drYFtVK/71okpv7lXRSH7gpfIXZF5vtFZZ3fKWkAc8r1AQNi1uGlqu3vlHz0TEkgKI/mUPKPT8e3ZW5bkHLcF2Va3/AGjoP3dQ8hDF5ifgFqawJn7U/wDcECim+ER+RXMN0IZCXEFbfeKPnQIqSNxdabinfubvvsSj0fHukoWTpuW5WrVa17lrmhGRoXNHWTqP3I9Ndwo30nvaW6M/anjuNKTR4T47TWUaMY/IoeNKW33Cj56KXLCbGGigER26P9fYtXpaLkGoDqtWr90+EIpGk3TtxBELzXUTpehNOW7WtL7jQ9wuQ2+wZQpOjJ8bHIAoDsEIwU+g9R/uKHjopV7N6HzpfUT20rT/AF9jaq0LSUIkGquu9B7pCoHuh0ucVblvK5i5gRcLQPfpHka1rS2oFWVyWnyIWtNjq2qui1uC3q1aPnUHpKrX46a0pUqVIK1eh6q0Hvbe2tozgIyuJ7juqCpbVsC5YXJC5K5RXLctr0G6UqQ8aWj0gq1atWrVq0VRVFd9b0Pnqs63r8dFaV7Fq/Y+Pf3BHJA8GZ7ihfyh4HVuW5Wr0oKtR4VKkfGpXyh7tBbdD59wft1rrKPRXsfGo6gj50Eh7reVuKKIVahX7w8alfGvyh7ldB8637Nfj7R0oKlSv2PjUdQ86j5VLai1cs6hvdDxSrptWr6x41PR/sgq9ytT56L1tX0f66V7llH2PjUdQ86jWltTmIY1lDGDVtVLaq0tbla3LcFuagVeo8anoHkoFX1UqVdF6nz031/CrrrQ9JPsfHsjzq3pcmDvptVLati2LaFy04Ui5WVaZ5VagdtT0DyuWUWULQPRStblvW5blvXlVofPXXRzAtwW4LcFetq1uVrcFarUtVKlWtaX29keUdG61o5M89dKk9HVnlUqVIeNT46B5KHhO/aUFSpVo8kMNQbZWEGJrXCnDAYT2fgNajBTd3QfPsUqVaUthW0rurcrK3FbyuauauYFzAuYFvCsK9a0vTaEQPZHlHRo0rVyZpZ63I6s/d0DxqfGlKl8oeAnftKHnpc7Z+ScNhE0IALg9sfhOffZTNcWhEaFHz0Vrelq9PC3K0W9NBUFtW1bVsWwLaqK7q3K3LeVzVzVvHsjyjoPnpd4TPHsWnI6t8job4RKsq0NR5Q8J3goeeme+WaimewqN4PhkvakBZszEkC3DQo+ei+i9KQHfo+P6VBUq0vprQeVfReu0FNV+w4IjVnkdB7CkGqgiFeo8oeE4dim+enI7MNiYg9hO+xZj2kIUpHg0E7yq0Pn22q++oP9oKkUPK+dOabQlXOK5i32hSFeyVtRjC5abTSucucuct3yeaFzQuaFuBQOm5A2E7wU0d1SpUqWWLYhtCijt/c0StxH7TIXO7u86nyqWwrYVsK2FbCtpWw6tR8of0r9odlvRQ86lqroDkHIOQKvptHQ9Nq9bQVoGwj4tNeQt1tKZ5Vq9cqNz2U1uG8VbAGM7iW7Ti5/ct3X3d51PlN8jS1S3BWrCDgU4d9Gr594KvZvo3Lct2g8ooa7VWo0B6joSj15X6kMMxiY3jb5akDeJguaE2j+QTflADlqiGggONd2eVRtAaljCuSwowRlcuMLlsWxvwVStHym/uCpbFSLdQE79yATfctXqeq1fsVoPKPlBfKA6KQVKkOglWijr89OR+nG5Um8D9MhsYYyfh00EgjbBC5kTQ5D5QH4Kv8AGqNWm6VrzQg8ITC+7WhwT4XM/ddIyhNg3ttrmkEhHzpvK3uW8rc5WV3XfQIBHz75HRSLT0k6XratA90fKHXSHTaKvQ62r6GSbCCmZzKU+a1/YK0JUJhtpCQbKW8bKTVa5iMwR4g0Gk59uJQeQmPDvMbtppNYJ4XRkvLTtPNTM4sFIykklHyr6KVFUVRVHQWi0rYti2ratq2ratq2rb0BE63r2XZdkXNHkkEWB4Vabgi4HRv7gj5QV9ytytbla3LeVvKEtJsrCrYratzVYRW0oxFchy9KV6Vy9KV6ZelXpV6ZembSETU4UmtBQaO62hUEU1FFEpzTaoqihYTTYUORtY5yJJNqtdoW0KgqVKltVLatqrQkddhWFuC5gRnYF6yNeuiX1OMI8UYvqgqweKlfVHr6lKjnyo5spXqJFznK78wH/Em+NTq3yEfKCLAO6KEIoLkIQtXJauW1bAtgVBUFYVhWFu03K1uW5b1vQkC5jVzWrnNXNCc4HwHkISUuauct5W5b3a7QqVLaFtVuDSFsWxbeq1YW4K1vC57V6pi9dGEc+NDiDSjxMfB4ofj6m9HiEhXrpEcuRHIeua5byvKrS1a/1Gt9UH8QQ8au1b5CPlBHwvlNPZbluXNC5qEq5oXMXOXOXOXOK5xXNK5jlvK3Fb0KQjC5QXLC2hW1c0BbrRJ+LcVtcreg8/KtWr6b0rStH5zWuLV9RX1F3x6+ReukRzJSjkSFb3fO49Mfk+//AKjW+rH/AIgh41PcINW1Adwj5QTnaA9laPcI2Cg862r0vWlXTuI8cxy3FXqCUT2XfSlSHRatWrPTekv8ruuuqPydaVddq9f9RrStWUWfOuK3/EDqVXZDQeUfKCce+jfGp867lv6rV+zSpDov2bKtWrV6zfyu0s61pfbqj8nW1fXXR/qOitN2uN/E3otfGgPdHygnHvoCrV9VK1el9dKlSr+rekv8rletK/YjPc9NLb7N/iNbVoBbVSpY/wDC3o+dR5CPlBE91aHsAKltVFX7d+xatWr9ub+V2u5X7FqPyemuntWlaUvga0q6LWP/AAt6RoPIR8oI+SghqelqIC2qjrZW7271tX7838ruivYpR+T02r1vStK0+BpWtraT4bgyOTeGO/2ZFsbt6Qih5R8oI+SghqekBUg5bbRiRjI02qlelq1ela1rSrpv2pv5Xa0rV9Vq1Ge59muo+NBE53huBIUOF/8A2bgRNQjaPFdR0Kb5CPlBHyUENSeloRCpBxHgPCf4R89O6lv1v3K9i9Jv5XKlWlKum9WVZ9q1apNx5HeG8MkPlvDGD9zcSNvjaFXsWt2toedAj5KpD2GK9NqKNo+eqtNxV6WrVnrrS9bVq9Nmkv8AK7otByJvW+iP9x9gAnw3Dlem8Ld/sOGs+WwMb49m1atE9FLag3ujpXdUhpaKvoj8FfOgKoFFtI9d6UtxC3gqx12rV60tq2BUFYV6S/yuVq+uuiP9x0vQRud4bgSOTeFf/YYETU2NrfHtWrV9FKltVahHSu+lKltR1vRriNQUHIlHyrV62r1vTaqKDig/opbSti5a2hV7E38rvbrSOJxJocOkKHDG/wCzcSNqpV7VrcrV9NKusI6FAretyso6XpaHTa+favoqkwWFSoKwrVld/am/lcqVdYge7wOHvPlvD2f7DGjb4HbsPYvW1av2bV9YR0PnpPnpCtXqUfOt+xfQBXRXuS/yuV67SU3Ee5N4efkYDAhC1vj2r0vS1f8AVOh8qhraPnpbJQrW1uRcvnov2h/RkjcZXUMOQocP+XDFYEGgePZHRel/0a9onut63q1aPUH0qvuND7t9d+5SrWvaCtblf9CltVKvb/70X7AcR43h2hKH9a//ACa9nv1EmyrKpUu3RfUHg9nObSH9S1elq1atWrV/+jQtUFQVBUFQVBUFtCoKgqCoKgqCI8KgqCoKgqCoKgqCoKgqCpUqVf0f/8QANREAAQQABAUDBAICAgEFAQAAAQACAxEEEBIhBRMgMUEUIjAVFjJABlFCUCMzUiQ0NWFxYv/aAAgBAwEBCAAADvywVyz3BG6Dd6RZ/Wk/PSpNqtzp8Kvmc8hGQoyvCa5xFoSOu05x7tY62g5Ut1ZW6paSiwUtKpaVSpUtK0rQiETuMq6N9Q6j2QKcVe56POTjQQOyv3dAyaNrOo7INFUXHw0AjcgUu6MRC0kZWLVBUOi+m+m/mMtbOJI2aHh+5L/AbiNPsBG9JgIaL0laVQQaFXwVnSCd3Tu4QyOfkdR7IJyvforfJ3ZDsq36Bk0Da3H/AMcTxCPCxmV8/G8TMSU2DGvaHMf6mI1J6qVQunmkEbZJJo3ujd6mReokXqJF6iReokQxMig45PERqhxEM7A+M9N/DfXzEHglF4PtIYRu3dBhRa0GloYwWWVQrwqXJsasqCvI7K+i+gJyPcKspZ2xMMj5+OzSmmj1L2GQeokXqZF6iVeokXqJF6mRepkRinbC2ZeolXqJV6iRepkXqZF6iRepkXqJCvUyjZeolQxUwNjC/wAge1wZOCCAQMmupovSLtcXxJfidGTIpXYCERcQJbBCx+HjjLAJG4JuH4ixrG4FuIxswfNNhHAxwyQYTCNjbI/hsLcRBoMOBZiPTCLh0PqJsO7C4KPTNJMSCuDTO1viThucwz4jOAuffYEkWdbroHmFB5GxyfG49mkDuYzdkAju4bW0k0hh2hutHD6t1GzQwNKDCURTFGKY0LQ0hEWSgPands6VKlWQGTke4V5cXncAyPLDf/H4jLD4aF4ZHJDwyP1kkL8HhGSzvZJBg4Dh5ZZX4fDTYV88Qw+Hw+HZLNizH6GIwzYfB4eON7sTg4+RFPDi8LFAyJjcDg4phKZYcLhsTNUcUODxTnQsw3D4hHLNP6bD4mCSSH0+FjwkU8suHwULWTnHYSOIsdEuGzukww1DJm7V2XGcK5mJEmTXYebBxQvxGLgEMWHjlxbHPbIyXHw+uimDMZDFi3uU+BgjaZGTenxjY5FJj4efh2MdiWHiPNEuMrHc6LiMrY4hFGuDQOBknTjvaGHpgkRaCRQYnijk0+5CQbq76LQeWuIQdaeiaenO2TgDsA+9laIeexi2skEC0HuLUDbgi1oKo7lRTEii7uo2WUAC7SXRBpLUyQaQ1z3t7MZDY37AhHqvIZOR8ZEri2HJayXLBzQHCywy8jCwSRyNdiWCfnFmOhbxB7zA3DYeRzzHioxg52GHExtwU0bi+DFYWNrsTNAMJHDFjsTHIyAM4c4SRvhkxWLM073rA4mONkwfgcYyGV3Nhjw2De6dYbFxvimw8odDhMPKwT4mN2BhjbisTG/DQMbjsTHIyAMXDsOY8M2xkNmAou8qfh7MXFy5J/41i4idP0vEr6XiV9MxK+mYlfTcQvpmIX0zFL6ZiV9MxKggxUD9QmwuMmeXyYf+M4iUgyQwCBnKY42g4lmlMZYF+U/8sv8AIJvcrxkIrKLCAg5OO6Y/cKRSd0HuFU5vvWl12q2TpKRLyFzXJzwEHnTaJLhu1wuzr32BsJoGkEAeQ4SPUpki2UUtiw94A3cbyrprIHJyPjKgpIGytLHYj+OzMJMX07EL6fOvp+IX07EL6fiF9OxC+nYhfT8Svp2IX0/EDuJca2EQN+nYhfTsQvp2IX0+dfTsQjw+fuRw+cix9OxHZDhuJJ2wv8cNh84hA7aCtJTT/wAYW+ybI1AOIXmlQ1UNJslEeU5nlcslBo8FpIRY0VR0NdZ12g80ie+oEuum3abJvlK3fInshs5GM91W6tav7cC02nmzajdu1SKTumYg6U6XU5cg903snBC/JeFrB3QJ8OcSrcAqcUz8QhIQAEZSBaGIcQUO6IApyl7dN53kMnI+Oo9x1HsU1OQ79Fixk4e0pg9oXnoGTZNLACfCo1SDx5v+2v8AI/8As6k5B4B2DRZKMmwK5thOwpMYINju121ItchEB2bFW6dQtNkBaCpTQWpFw7hp3tB5cnxHuG2AjuERtuW6ivxITzakUfZB7W2nOc73Ojk8Fwd3TmPpGh3I8pm4IHJc02iAKBLdxpaCAArWslNcQVrXNPgyOd3HRWdKkMnI+Oo9x1HsgndNC8ndimfiqHRsrQGyF6Sm77EOs2iSg/ZXtsPdVEiqTtuxbum4Jj270xjLY/EPeaGklA6diACERXYVpBDmCiXa9gAYye/KFGywdgSQKDHdqJvsBS1aRZJC1Br6T5LITj7VIOyYyhuWjUi8koPdZrUb1HvdFt7uMYoJll2oGYdnc0Xa5o/JNfqFoYc0CuQ5chy5JWjInovMZDJ3dO7jqJ3HUeyCcNl56Dg5NPMyd2KZ2V79EeFL90W0aTK0hEb2NZO428buACrah3bSD21sHbhqcB4caWt1rWa0oNrc67Kd7tkx2+lFuxQaQy06S6CBJWs3v3tFoohOY9qjLt0GA7AvIchI42gTZVOBskG0ZbaAnrUK3v8Asi1dbINWsaFq2smybQ32FbJveifZsG/iE07Dpd3XjpvorI907wvGdozEEoP9uosk1DIFQSsaHOdLPE5tNPZBO8LGtwsUMTo2Sh+4dK1gssxjHjYcSdo5a9W3yJ3OJvB44Yd+ou4dgn4d8wODqPmIisoXtc8scdNlMiNC9rothaVZoNWssaWgE0mf0baDaFVqFe1O3CPdGrCJBKCdLtpaGU5cygLMltNcs6gD+N6Q7VunFarBALg7dO2fs2Q3vJp7oPqq5paTbPcLWlPkOjSSbBKGranHfcg2v/0MIqngedNog9hG4DYkAhBpa7cGzs3sE3sOg907poKs/OZ7p3hXt0OZTkQBHvEw1ZyixDor0Oe55txTQn/iqDuzZ2MOkYhxLhTcM5w1BmHbVkNA7GFososfQcGcQnERhccU6U29EhO1uIIBFBRkUEJHOJcqAbttstLdytA2WtgsjaiVzS1CTUyiRRokFV0WnWQEWUNy4oVuUQDuCSi0OGzonN3GokrTdrRQ3rSCtGsgpoeBS0tpENPemjtqK1FFjT39LEuS2iB6OgvTvXppButND3aR4c0uC00AmimhN8dB7pyHwecz3TvCroLQiBsFXTWTkGikGAZVSGTvxKH4IHLdFaVSYTVLuVQb2bG2/dsEHDuS5hRmBBC9thB7QnSg1Qkci4nMSgLUCArAXMLty7TW3m00qgnMbfttzBvQcvTbrlt7Ggr/AKtXSMzQdw8E0NQulpVBUqVFUVurOVBGNju9AbAHYLWFzWrmNRITkPg85nuneOo9x1FBP7IZkoZO7FN/BDK1e+YmcAK5z1rctRV53lWXhFBUFSpUg4hc0rmDzqba1sXs8aitzlSpaVSLbBCfCW7LC4d0z6ZLgYodNZ2rzoLStK05ajVKlSpbK0Pjcj1HwtStXla3QTstK0rQqVIjZNaKQ0hBwPbStIWoXWQ+C1eToi0CyNkM7Vq8ryN6wFS0qsrytSNkoObzjptNjdIKGDYyCJ73TziSQkZWsPpZh3SJ/L5YdGdsiCNjme68KloC0hcsKqKHVatXm9O6aUj9O4GKBKdLVVzihOSjJQ3GIGyB2TirKsrUU6ZNcGinCRtLmWaT4ZNW2iQKFtEk6gtQQxRDtw+wh8Vp0pcBlavopUtK0p+xYV5Vq1eWytNmLHAj0rZGF0b5BG3S0yF1Rq9iUJi52lpCY9jdnQTvgNI4OR0xbGMM6y0mMgrfO0e68dLkOm1XS5O7Dqf3AT4wKIvKMtApSHdBrh7iBtaeaBXqnJuLBNJswLiCW1LvLg2H3Dklp3jJ1hPxDGt3a953AikI3MsrHU71DlG5sncAIdNq1rWoq87ypaVpVZWrVpzbCsV1gBQ4kMNF7QDqLadISMPiGODmJ8YaWaDN7qQBVECiMQYtL2vka8cyOV4L9tSfI7mMQYSaD4iw04ojbpKpTPe0AtOIkOx5kg2XqnBCZ12vUPTsQ4kBMvSLtWnJ3boJoEpuMcO9HxbgBqLAW2N+xDa3QNkXzNTtJb/Sf2OUFlxcDKwanFodra8maSjrfJqLSTG0SNDXwvcSRqd2L5XskLWjDB1OkdhBzA1Ow5jeeWC+grFKwta1HqpUtC0qui1fRaYPaQqWyLuiwtDC207EjluaoWp/s9jdUjowmx6W0N/BY8mzC4OOh5DYYDpBJJKYxslBxhbHK9qjn0R62l5JslCTbfWtSvKkXAd5uOTNme0j+StG0n3DhSDZ4vEAL+4oPxj+5GB4a6HFxYp5Y1oAFZBOTuw6H/gU7DtKY3SQFSOwToi6q9O5NwzidxAA2i0bJ/Yp0OtwBDAG03SYzpbrc1weWlzqLnFsLtRjDS0uazsn7uCZAG2TYRFuaUY7cqyrK8qK0laFXwV19ngK1/ad4IPg56ASra0W9xDiK1aTsCHd9elgAL3O7oIgGi17niJpDbO6jg5biC2L1GI3xJdqropBhJAH0ieva7AYxpoOwWLZucRFJI0sP0GRfQpFJw+ZgUmGIBQwGIlO0X8dkAWC4M/DzmQjMp3YdL4B3buDbk4bFDt0BObYpcvygTW4wg1ucRhWai4lo8d9jpACafaUMigjsEHKlS0LT8NqyrOddR2c0o7FUU/u0IdujlBx3a0Xs6MAr/8AAS9oYpfa/S2k54aLImDlK72M0t1eWyOMLg/DtEepxnxQeNIyDWgBUMtRXOcvWyDtNKZmlr/o7b9v0qcH2iGVrdzht7Qw7rBTsM4usNg0rl2uQuSjh3J2HctB6XNvY9QRV30eVSPZM8od8gCgiNlSHTfTZyrotX1O7WnHsVqKq3BDt0OdQ2qld1YcLpCxTgRZ1GyiGndwiN7ucQABVbkvqNjE+3dDNJYFywuS1GLwuQVynIxrllVkcryBCsLUEHBFwTpTaMhWvO8rVqlS3VlWcrVhWq3yKa3ugyuodFhWrP6JFhNNtGTb1IDoBt6q02Km0+6OxFiwqT7o03EADczkbpryU73di2RqabG+QeVznjsMY8L6g5DHjz61iGJjKErVsVywvTMKODavSf16ZwXIcjCVykIwixcq1yFyV6dchckrllaFpz0ErlFcsrQVoC0BaAqC05bdYKtWcq/UbtqCP9Jrd0c3OoJjNzlERvYfZJTTYzq0B7iuSfNVsiLZYDrG+YyOVq1qK1nzzCEMQ5DHPC9e5DGf2MWzyMQw9ua1WtkWgrktXJXLK5blyz50BaGrlhckI4dDDospbKgraraqQajC1GJq5IWih0Uq/QtX8IA5lLxZbv0XbrQVoPIui7+gKHRK2t1HJbbI3aXJjqC0gGwqyBycPisq7WulzEJUJyO3qnIY0hetQxTfIxDCuY1FwVhaQuU0owBch3g4d3nkFclEUtS1L3IPK1rUiUQqVfudnhE1YTRTVatE0LQbpZuHBXaMhbsmEuKAcqeryey2pho6U3ZhCY7uEem1f6FrUtS1rUta5qEpXOKGIK9QUMWPIxDChKFqVLlMPf0kZRwDPBwVL0ZRwjwUYHosIysq1eVfoVlasHsq3vN5ogp2xBIJIzLbIanV2DMEGhena3cvcXSrDYdsbvccLBILbiIOU0acQ1rGgIOLnWT2VU4FNAOyY3dBlW51g/u2rK1IlBy1lCZyGJeEMY5DiJHccRb5GMjKGIYtbSNg5Hdctvn0zCjgmI4EIx0SPmvIlByMvka7QbpC85arOTmkqT/FD+lZulSYASXEe7uziUY2WIx7S32x/mHH1rBI5yPFQPxkxj5aBO/YgAIyeET5Uch1BXy3lc2+4YwnU3/U2VzXDsMXIEMa9DH/ANjHtrcYphTiC4n5b6CSNwQWBADug4J3ijG3fQHnYEuTMQ5pKLySFo2cSG12cPCc7SA0B9C015O6JLymn3WjJ7bQYdIQbum2bqLAc0WZ8OIqaNJWFDXWCI2nElpOAb2EmB0GhpLdnddrUAtav9Ov9IYyLoanDQg7yiO6DKJRBBJc5gI2ELgKAgIZQcwABagRaFdzps77AUi2lajd3vRqaE8/4ho2tNrS2ONlAALFEmVSRf8AExyw7w2UJ/8A7q0ZS0BNkDAXSTztkdbR1HLStC0/p3+3atWr6KyIsJjCHANf7CUI3UXqOYAm9QkBIbJosETgyBc4aXFOOtwaiNmhrnEkLUGhagCE4lziAWoNoKgAFRQcLARfosiPiMg7umdJIXE4xjo9BDtLrEk+uTWjjnmiTNq3OtN7dJ/1AAN/FfwWeya2yQW4KR/aLhoia50rnh40jT/imYdga8rU9pNHEFx3ZE12xETQxctjjY310Hziw0gJzxRBPsIaq3o0g3VsnHSECdinblBN/tA2CtOys6iicx26TkMhlX7dfsg0QUWBR4uSJPx7pa5QkAvW9hLiUWvZWmWNznAuOxQkLGAxPshoTdIT3M1bBxIFxu1u0BzKdtFhO5fJCA7Z7R3QcGp27dg3ekWkOyBOlE0NmjanG1e63TWqlsrRyOQyDf3dSDv03miAj36Cmm2g5GIg23XY0SRxQFjGsEMYO+L5eoMY4nxzGSRhqOodzhnNc1y5fu1EirB7nSnOBLS31z9bnj1j37OD9YsiKyQTsaGjvVBaN0RsUW2AEIyAuWuWFpHWQqQOTeyIyPS6QMBcW8fgJILMfA8WwOB7dQIPZaggb6rVq1SBV/NSIQPg1b0TvXRSjPtytaAe4D4zqZFxIOOmR8DJGm34JsEdJ0Ya6wzDRgDW2FobpGLw7InNLWygONll6qEkhABI2pjIdWoIB+zT2fSJAIQPdeo9wYXPDTpQCr5aVK6WpX1SQh7S1P4E4fi7AOadw6Vn4ji2JZsmfyWUnQXcenP4jjGKK+p4g9/UyO7taWt2tyD3KF1t6u6DFyz0X87jS1U8FB1uc7pYaJGd5FgKbPLEbaziTJT/AMk0eHDAS+QcxpYMXNRCfIRRcAiwh5Bc4vZR5bR3bL5Dn7WBJbxeoA6i0tLNZYG05Oa1x1ft0E7Cxu7u4XEUeBA3Q/j2+44FCO7eFwNQwcQRibsAcOF6ZRx6Qekm0AAgFpRitEUfgHXatSbC1r23jrTaKFntpPnQmbOAypVmU6EOUjXDYtjcXbMhBcQ84f3MB9IQDq9K0m3CEssLkyhwYXUB7fcTbRCKLmtOxcGs8H/QnNuJjOwDgeolNHS5uY6R16VotaSAjCSVHGfYxp4SfJwEgG2RdRBQPXQd3dDRtrcWA7/kYWSC28trkWMulipifa1zi4CpAHNAdGNJBX49ibrRZ/apaT8FIgUUeMMt2pnFIXVpbjnf4wTOe0l2RKJNJo2Te+WpWVuU4ZDpHwcxo7iV9ex2Gc12tRW2R1OikcUInM/JzmavaR5RFhNNgHOlSpUqQCdCChzIjbIuL6xocyEu3UvDWOtqlwphJCbh43xNp7odDaaJGnYNr9oDIFaAUYQuSuURneRNBTQBz3FS8LD0OFPbZXCmPbA4PyOQI0oHdbqs3DIdI6aRNCyyMzPDGt4eyI0THRRZeybCAd2YQuqhgGhpJxETXPDWR8IkeLI4U1h1J+Ca/wDAxua7SVavq0hPwwPaPGzQGg3HNkOoOa2U04cOjADnO4cALdJKXOP7YyDUFpWlaFyrXpmo4X+jhnp0LgnYUFO4eCjgXDthYixhDsnZA7Lz0WnHbIdIzpVk9pcA1MGitLHxzMBIwEZKbgIQjDCy16kVSfK5/aOFvdclwOpoDXbh0B1W18DJRTpMG+Lp89FIxg7F+GI3aziEjPa6KUSNIWKlLBp/cAQamsWhaUAFSJAWtqMrUcR/RnKPuWgIxoMrM9smFFNfa3VLSnDbIdIVKugAKkxxYdQEx2KEzh21E99KJAQL2nW1krX7Iw6hYa4uJa50Fhf/AMyTcMr3R1vn5zrodCCuW6M6mvmdI7U79sDJo2CdHSsNFk4l97GVyLiVaEiDr6LR6CFdIGwh7SgQRkU85DpHUzBSP7N4WQ4cxmChjTpWuedIVrWnPTQRajgD42kMxBFtc+IPATZC06XmNrgbDXRKbh8cw1NfA+J2l3wyuplfug5A7Cr/ALmvbqDlrWtXkegtVJriEKKFhCRGRE2UOoZswsj/AMYOEGQW5vDI2tpMfYouYKo70Y3Oa5jkMShJfYMLt097GdwyXEHaFwDdKfCHhNkLXBsjmtI3JMdXqtHDabc10cc7dD5+HPh3R+CZ29fuhyEgTHrWpW23K+ilWQOR6S1aVRHYSFayicgOpkLn0Gt4VIfzhwcUT6cKRaWO1tG42fEXCw2QPCkj17LmzRGkcfJe7sXJVpsM8osDhOmnmJ0bh7HR9iBNexe0O2c2Qs2Lnk92yOZu1kjH7tfHZtolsaZJ+Gd3RBpFhytX0Pdbj++CQhIVzEem+k9RatKpXlp64WOEUT2g6gCHRWmS6rBJFbg8t2gm09lHmMa4SN1B0QfsWab0uNVQaRC+h3Wh0biWiUEW3v3D7NOLbG5JYaN12og62Ce9gW6u4JGzpsCyUKTCviO+Vq0TQJV/6HStKpVnXy6VpVfBg3N9KxH2PpHvReHNcJGCQObqa+nCiyQgaXAlEOjJc2h3BdYTXh26LQe7XGK2qqG5sG2NdYtd9i17r0uMarR2BFW1wuimSajvYOyss7aWSCjPwxzPdHm/8T+/StA9OlVlatXkf0mcRnjboY7ic7hR+qYhfVcQhxGcdvqeIR4lOSCfquJX1bEocSnAofVMQvqc92hxTEL6piEOJzgUvqU6HE8QN19VxKPFMQe/1XE2vquIQ4nODt9VxC+pTlDi2JC+sYpDiuJBsfVsSnYmRxs856570ZnkUf3rz1K1ZWpalqWrotX+hatDKgqypaVpWlaVpWlaVSr4KVf6alSpUqVrUi5WVqVq1qWooPK1rUVqPRa1LUtS1LUrVq1a3yH7tq1f7wzpUtKeM6VdI6aVKlWdKs6yCGWoDczfyWGM0z7rX3Wvutfdi+6191r7sX3Wvutfda+6191r7rQ/laH8rHmDicOI/BXlatXlav8A0VKuh56ipuOxR+1v3GF9xr7kX3KvuVfcq+5l9zr7mX3MvuZfcwX3MvuZD+Tjzh+JxTmmZBDLi2PIIgZSbhsKzCRzy4vBQthjxEMXCZpma2YfhL34jlSM4XyMawGbgk8kr3sc1zHEOi4XNMzmRt4VO+V0TZeETRN1ui4VNM3W2bASwECQcAxJKHAcSSQpIHRPLHxzvieHsgxImhbIFeVZX/oh0UFpXLTm7osVZ2uI40saIm5xcPa/DSzpvDGtw5nnfDGYI+XiOEvw4a5MwUzxqZhsA1+Hnc92FlY23sw0kmzHYeRjtLhgZz2LSCQcmyljg5uGxXPha/IIZcTBGLdaE74sBEWYthnw0Mj3YTD4eVkSmNcThTdQ4mmPceJlYsD1MijkMfDHFmGJOAn0YNrhhcQZMVqODw5ZOHDAQa8fI7nYesY93r4gOJD/ANU7LhrXDDNv/Ttb5QCpUqVI/iUVatUFoC5S4kxwxG+eBexuDmMnEY3uLJRO9zcDhnNx+IfcEa4hjJoZGxxYKdww+JkUGKfNg8RzGNEeCj0y4mKT07RicfMzHNjZxEAYp/RwsEYfdBDLiXDHTNEsZBCj4viY2BjJsfNPXM+tYrTpT8dM94kc7i073MeRi5BLzg+Rz3F7hjJOVyBFjZYHXFNxWeZuh8XFJ4W6GS46WZwMkmNklc1z342SSQSulxD5Xa3wYJ+IeGtjhEbAxudq/wDR6aarQ6D+K8rStK0rQqXEOGmdmthaQSDlHxFzIHwCPihZC6B7+IGSBkBk4uZYhG763qa1szeJlkcsYi4g6KKSIQ8WdHHynycRDnMcyXHulxAnWIxTsRKZTlFhXzP0Mhw7YmNjaghnLwnDTbv+28KvtnCr7cwq+2sKvtvCr7bwq+28KvtzCL7dwq+28IvtvCL7bwi+28IvtvCIfx7Cg2mYdkbdLP8AThH8c7V5H8ShHe40FV0y8Mgm/P7cwq+3cKvt7Co/x/Cr6Bh19Awy+gYZfQMKvt/Cr6BhV9Awq+38KvoGFX2/hUOBYYbqPDxxNpivIdDBqtOYdNqqV/pWf9EGo/j02j+JUQu0dQQjBFmVgDqDYg4LkBenKLaNKiiFSJ3+cIdEY2Th7EVX6u6v91rPOR7dRPtKxHF/SUoP5DHKQ0veR2c4kqMiqRCATjuU3ZoWgHvNG0AEH8latX8gQ6A8aaRm9lKq7/o2gLRFZ1+nSpV1tZeZ7dVbLiUD30W4ZkrH6nVbQniimFWi9HuU2Zo7uxFj2vfYCd3ys5X8NKkEOnUUXE/pNZaLh4u/1R3Rc1bUtQ6mstAZ6batPnpP4lOY13dsDGnUhiHBOksprgg9qNI9ypMTJbgsM0mBhLxTU7v0Aq/gvKwh+uCAUZEXK/h8/KO6tHpa0efb2WkLQtJVbIs2HSfxPXaKMDT3EhaAAZS4UT36rV9FLSgxaVpQ+Tz8ZVKsh8Hn5rFoq8mwFyEIaNjYK1LUtS5hXNKExXOK5oWsLW1F+1dBzrO8iN1SpUqVKlSCtbKhlWY/TtXkF5zpD4PPzhpPYYYnu2BrUayPcrSqVKlpWlUqV5brfMnMdA/H46zvK0Pk8/DaC852mn4PPyckUFymoNCA6T0X0X1+cx36B2+O+mkPk8/H5zpN+Dz8JQy/pWrQcteZNBEg3nQVdFKurzmO/R4V7q/ivO8h8Ry8/GD0D4PPwlDI52tSDyjOjMStStWrypUqWkrSVpKro85jK8vCI3yvotWrV9Y/TpVmO/QPg8/CUMie2ZyanHZWtS1K1ZWpalqKBQAVBFqd2PQe/QVWXgIzAEhCazXTW4RABWlqDGLlNXKauQEW0aytD4iqVKlSrqoZV0D4PPxDrCd266yahkSndirVq0e+YXnPwE78im9wvCtXl5CmeWsLmvxs7HWn46VpBaONSAWRx+St4OMiaURJ53zHy2ry2VLStK0rStKpUqKo9NlXlfxFDpvIJ3TeV5NQzf26D3Vq0CvKvLwE78imncLxnaBWLhMsLmNgeXDk4ghwYYny9wE81ZXDC31BTjurQQ+WlXwWrVrUrztUFQVBUFQVfCUMj0t7p3c/BaCGRT+yGbu6pUFXR4Cf+RTfyC8dFqZ50EgsY8DmzWAOZJCRTk51NLWcLDBKQ05j9av07V5jK1fRdJ3wgoHN349Fec76PCf+RTPyCPZXn5UtFu7mNcNmxNFNDnBwcnjalwth5jnI5BD5B+rXwHIZDIQ2uSuUuWFoRRyrrBQcmyLmFOBIpclcgrlUq8LlFcorllUitSIsbObvu38gndsrzlI0FS4h1UxxMTAx1UjGXO3wbSHkI5BDKwrVq1asK+gfqVlXVaOQyGQctSvMtRatOVdQCpAZ2rRVLUryOThVUK1UnQh3ZrC19E9lWVrynglppuBkoyEYCczhxPD5bBHoJG7NwmGxEb3mXzkEEe3RSrKkMx+nXVWdZVkUMh2yB6D01lSpDIZjKshh7Gouc5ppc/bcuvJ3hPJ5qNFxaiwI9leyJyBXMCMoQkCMgQkC5rVrvIBBHtkeoZFD5xnXTXxDIdsqyvI9N9NIZ6UAjlJxEQs90vHIhqc7C8QixDNZsHcJx7J5/wCUJzjzttXupO6eUVyyjDsiyu7Xg7DSUInJzi00Q/YIZUq6767V52r6RnatWrVq8hnWdIhDIdvirKkFWQVdFrUFanwgniMan/jGMEp1cN/j88ZDpNJGRiXpzrDkYTrBRjPMtO7ZUg2yhgiU1tCloRFJ7NSf/wAUoeBEDuuSE7Calyq2Q6bVq1avO1avK87V/FedZUVy3INI6KQGRzHYKlSpaVpWhctcsIsK0laXLSVurWoLWAueueueueueFzwvUBGZc8oyuTSSnORJ2VnKynDY5BNCBCBVhFoKIo0nw6ntCAoK1qytalqWpX1V8VFaStDkIXFDDPXpHr0L16By9CbXoAvQtXomL0jEMNGFyWLlhVSm/P4mvO2RlIK5zlzXLmFaytZVlbqlpVZ0qVZ0tCLSFoK5ZXKK5RQZSLQVotcpctBq0hcpqDAqGe6souVi1rK5i19dKlRWgrlFencvSvXo3r0ZQwS9CF6Jq9IxemYuQxclq0BaUK6f8vhmP/J1nshk0ZEbrStKDFoXLWhaFyiuUuUtK0rQFywtAVBUV7lrK1rUrK3K0FFqaB5DWBW1HSi0fDS053kzCFwtejXowvTNQwzF6di5LVoCodLu3wV1/wCXTfRN/wBhR6LVonZDJoyI3VIGihRG5H9HO8t+i1fRQK0haAqCFZaQgAtughV8dZR/9bVXVfU7t118H+XTS15z/wDYesoZNGRVKkOyrKlpyvKs6VZ2rVq1eVo51nZ6azrqi/62q+qup3bprK1avq/yPVWc/wD2HKlSrMoZNGRyrqtUqV5Vnav4aVZVleVKlXRfVH/1tVZWrK3+B3bptXlSpDp/yPwzfmcrVq+gZDsMjmOkq1a2VdFfNpWlV018EX4NypaVp+F3bqpVnvfT/l8M3/YeukMh2GRGWlDpKC1LUM6Wn9C+i8664vwblatWrV9bu2dKlXxeeouARxTG93Y5vh0mtxPWeyGQ7BVkMh0uOdoOQcMrVqkR8VlWVeVZ10UqVdEX4NypVnXW7tlXyXmZGt7nGMCPEP8AxOLeUXE9/gpHMdgic7Q6XoHLQiwhNzvOlpVdV51lfRav4IvwarVq/id2ytX8NozMHc41oRxzv8TiHu72fltXmOw6R0u7oDLUrVrx8FKuiuu8tKrO1atahlH/ANbc6VKlXW7tnXTYRxLG9zjh4ONeexke7vXy18A7DOlWVdDvyypEKyEH2EOy85XnpWnOgVSrK+rSqCtWrWpWt1pVZR/9Yyr439Be0dzi4wjj/wDxOLeUST3rpvppUqVdF/AOwVq1qWpAq+gtVZUixNC8LzlWdq+i1aLVoyvK1qWta1ut8tKrpi/6wq+G83yNHc41gCOPd/icS8oklXlavqpUqVKui/hvMdgtK0KlSCpUqyPSG9NdNKlpVK1ac5WrKoqlXxxfg3pvO0ZmDuca0djjnHsZnH9evhKDsh2CrO0Ok9IyrK8qVZ2rV5acnKvni/BvQXAIzsCONHg4t5RkJ7/JX7AGQJ2VlXlSA6XRk7i/BpUtKA6bzrrKPf8AQjcBGLOKYOxxp8HEvKLyfmpUq+a1fyNCpaVpWlDqLLQfRo5noropUjlavI9/0L+elSr5rVq/mHYfFWRAOxotyCPxFV0Hv+/atWrVq1atWrVq1atWr/RaNgqCvLf4jGW7ta+wj857q/8AfaitRWorUVqK1FaitRWorUVqK1FaitRWoqytRVlaitRWorUVZWorUVqK1FaitRWoq/0f/8QAQxAAAgACBwUFBwMCBgEFAAMAAAECEBEgITAxQVFAUmGRoQNQgbHBEiIyQmJx0VPh8GCiBHKCksLxVBMzQ2OyI5PS/9oACAEBAAk/AqCiSnn3SkLuKgoEhIhX88RKcMsqJJWMSEhISEj2Ov5PZ/niez1/J7P88T2eX7ns8v3FDy/cUPX8iQoev5Eigou6CgSEhISsIYOT/JDByf5ErvJFHheYohg5P8kMHJ/khg5P8iXh/wB3yXva32hl/SNFZmsscz6fWWrrwkIiEhIRbLwvt17DrtmNBDSWSz/o/FVHNyzok83VUlXz2ThPS73XsOqvtb5U2GA6VLG/f9AMWVWK3OrrcMYxjH3HuvYdVtmhnL5TEykyJjGN8yJ8yJ8yJ8yJ8yJ8yJ8yJ8yJ8yJ8xvmRPmRPmRPmRPmRPmRPmRPmRPmMx7zdfEyllKLNnaHaHaHaEY6ds0usdCwifMifMifMs+1hE+ZE+ZE+ZE+ZE+ZE+ZE+ZE+ZE+ZE+ZE+Y6VoQLkQLkQLkWfawifMifMifMifMifMifMifMifMifMifMifMifMifMto1tInzInzInzInzInzIjnX0llJ41aBbNj3asZ2zxngZmeJa5YaT3nVQxjIiIiHU12LS5xc89gyo2nDStpccB2S1HQRdDmaHCUXQdNJgRdC1SfiRdJOmTo7xp+46VLAwlZxkrFmW4GFTL2fWWrqLHurU1myKTkzMZFOLocJPIeRFlJ0TfgM5kXQtlYRdJOgY6R0FqqZVdKmdV2/eWJT5FPM1lwNBjMkMzRoMZoZGpnt6ISAgFRWdfCTpr4Vvp9Zautn3Jo6mprOnyMDQ1cuMsx4nEzYzKWg/AylpPJD/AAaDlvGYzI1HhJm7U41d1XHCWBnRLyOEuBpPNT0NDQ0PmNDLYnsOl6y26xFPhLV1IrS1GXcmlTU1EZKWFXW43a+ktJZs3n1MpcDU1NZbtTK5xqpikvUh9CmWJajyMi1C6FlbTZXt3i7hTwlwlq7m17Y6KIjtOhH0O06HaHaDpU8hMTkulIrJYC6CMjIyMjAXQVmRmJ4T0qJytQuk0LoYSzKZJ4VM6ukmZ7Rj9jCpi9h02R0GJg7jStZWRwk8IovOeDylZ3BmxCEUlI3s+NOhhskNJ5jKSk+K2nmaTQqiEIQhCIRdSHqQ9SEhFJTQhdRVHt+tTJilghmdy6uNReJwlvxedVytLOBgW7XrcMXUh6isRaQ9SHqQ9SHqQ9SHqQ9SHqQ9SHqQ9RWIi6Mi6Mi6MtIepD1IepD1IepD1IepD1IeoiHqQ9SHqWUipRD1IeoiHrK3yr6VFs2ae12OrlW3qrMTGWU1J10YvI5VMD6fWX6kfmMZahVOcn3Nuu90qcL7W+0ubJajusJ4jHWWyZXe8qmV2r3Oj1l+pH51MlUw7o3Xe6bFrfaSy2h4jxr27FnK2m61NJ5qqqEYzXiOTtdfkWUCnwlHjHF5kVPCTqsaKBruXdd7psWt9oWlk0YzxQvvfu6zuMh+7UxdVjpU1LGtop6SQsKmUkKy4c7TGiXCVHxRFHIo5FBQUFBQUFEl3Luu902LW+3V61VgPGTvmOTIqBf+nDvRfg/xVvBQ/g7WHtPulTzR7sWjtT+0RllsGFZmElYYXGlRjHiY1VJTdZHjPhLei87vXuXdd7psWt9ur1ljK1SfgKvbOwyrIyFT2r+GDLs/3IrP5gQLxtIfZ4w+6e/BvZr7j/yR68GY5qrjLKtbJFs7RCMacKjksquk8R417ZY3GQ5f9FpYcJZxObKRjq67Vxu913umxa327+S2eJyucZOs5/B2HWN4cl5n+r76VcH8PBn2j/N2pYGI7ZKTwmqG5Mcsh4O7dlVmYjC4tkp8PWWrISwjKZOrrtXG6yN290dTQ1xuEPGprJfi5U90fgWVP90rSwUsJZXWRo+0j8THP7utZD2tFNB4VeZatVVwMHJyclU5GBhO2morhiIZrKrnO2iozGWdEnRaxsRQRFpAOprtXG6+ZG45YVnaWVN11NDUVKElNCLaDIVJyOzMzWWDMEP3rKB44ox1r8fM3V6yRYzKWRaOwWOFTEznmY61vms52G92UNfH5f5wMl4utme6+lXnPOqpvEWArS2bwkjUzvMiykxqIYqmMsqJQ5u0oIh0kBYRCqa7Vxu9Ll+ytYvd/ciii/y9m/yiGPx7P9yK3+eJuupoZlhbVZZSrZZywRrKIxGRW6ltXEVGpx8zdXqZCn4SzHgY9KrwGOhStYqu9B/+kfrw3GNdlqMd0xnhnTJSY6rwEKUNVYny4XViclRSRY5Tsm5Orw9ZOylkRCKgjHSQ9CyprtXG5ylxlz1q205C/wDU7bOL5YCL24+Pojsudh2R2VH1Ii/9bsWnZ80NTQdKY8M54itMhWmKdXVVVhjWeJEZGNCLRWqeJzkjGTEZ1X4VsoX0tNeyd07R2jwzLKvveaLfOWBmYVnJGRnWyEyxDEIRCRDpISww0Gc9DCppLAUran0+soabWJEQ6TsxJEQqamu1cbvJOtkf+7239iLY3jE/NnvRZxMUnbrR56ljzhyiXA/1wacaiFeaq+3F5uWfQYvEdtTlPlneZnz/AOGp5XeJ8Q66/wBSxPeh61/iiKHWQiIVIrtCk2RDFSKiSuPp9ZPWwpEWEZ7xDQRVNdq43e6zjV+Hs8f5wR8UdkC8vyWt4vWrjDamfBHZHCfDFbD/ADhLS+1V9ur1kqU+lZydIhFjlndbnaw8v+jdVzmYq7z+YisMjMXjPAtEMtIdpSIRdRkRQIhFRh6yVtLlSNiLC0gqa7PpPjd7rONX4u1it4U2sw7JUL7v9vOtusw7RHx/4aK37bBqjhe7i83NVEQ2CFKK0iGOSEKtl20f99vqZU9Hda3T96LKUVqIfHMipehAKgYrrMz22LN2HaeBFSNntFPIURCxCktn0nxu91nGp8q87EYIw9p8af4626zI+H/Edl+xkzQzvdUcL15DmhCrOo/A5XGXbdm+iRlG+tt0hUEREQkDqw4ZiGWivvlqWJYbVqygoKCgoGMc89n0nFQdoiNES5jVfdZxqOlP5SF0vMyVbdcuKN9mhpe6o4bfaqucsoIHybM/ZfNbAiCUAti8du34vPuLSeZSRM7RnanbeZ2vUfWUHQ7HodlRSiGkgYmRdCM7REa5jq7rlvM1NDJXuqqREVdbT/Kfd9ZYwqjomfN7KfGx7HlFsCpU1jeayxewLNzYxj2zSfG73WLUhR2aICzxO0Z2x2+J23Uj6kXUVJBQqNJbzNREXQisO0RGhqeJkx1NUWETsHhTJ1sEfNgtoZk6eXvehojOFP09D5Y4fPY/md+p2amBD46mKhMFzM6ypU8th1fcWk+N3uuXxQ4MxWKq2xvoL95cjWwVtDlvM1lCU8ykjZ2jO1O16keOFDG5LoQnZioRCe1yI+ZGiNUEaGqmoqfQz2fE0dmoqPvE30sRGrcXQ231H8EcX52PUzukOo/CWhgeF18LFiYGFTEeV3q+4tJ8bvdZxFLOopZGcsfZct5m9JkWFWH3dRYEdXUhp+52aFYIRC6BkZ2nUj6iXJEH9oqHbZ4vY1WXskdNPtWfY1ZnCti0MqyHcZJGc9JayiMTOrkZ4ny4jMb7V9xaT43ejOMlXzl4FtCct5m9UYlCtSOweRoa4SRpaqmZYQsViIVTKxqojS/UndKzsYrfFHz0DUUMMOK2VXqHYciKik7SlmZkhWSzMm6/zKfymstJ41957LQ5pzdfSfG4yFYchWUHEVE8HUeUlLD2XLeZvSzlgKwdCWJ8qLHB8rzEvuhytsHQ4cJZSeBmpZs5EFmrEPwMy2kVIqKblbEhbCjLY8nLBGaqa18jAwZuwnzOTVH3q46HwqpvO/tFUQ1Q8igXQhIRENFfS70GMzRoIdlxocjKFy3mbxoc55GPEgteB7vaRYkbi4kVplJfDiY5DpcTFTgZsiaWUtRe1F0VZ4mXdDEWVVgZq/Yx0syk8nLFyxpPmqL2fUVPEdJhFgOmk+BPmzE1FajFZjxMaDE8XV3nd5CFJ1LTHQXUhFJyh8a+l3pPQ0rPwFOyWNAqXobzE6PbduRof/X5x1E7TGAi9mA8HlJWHz4cJZmqOE8z4E+YqLjTuNiLB3OVRy+GJXDoE4nPNyVBalPBDqWPWbxzF4y1q40CwMXV1d66jIi0gWJ2eOFFpBJ0eI0ywtoFW3Xd6SzZkaVlKEw0nozeXmbxx9Jf/X/zqLEfxZaCpVAvdmhUcBWo1VTStn3IiwexZSxVzZBrqYLIyGZD9llqk/dFWdovdZjQaGDlnLBGfQ+FVtXcIhIZMxqsZRRxzPZO1Xgh+LZGl1H7SeknijWtpeWM5jNLzRm8vM3jj6S+n/lUf+kphpIXTQQ2w1XazVHDuhi2PWpaQmVJncWQLqWFstDCkVI/DIzauLHqWo+YywOZbPGLEzKDOq83WioIxzUrChkJCQjoLR+zEsTtIWRckJvxKERkRRSlYa1t132hpeaM3l5mvlaQQPR0uwg7KLwoOzUNGkWks5crnVGmwvZLSwey71VnG5XjPQ8TKmpbc2mOhE/tRP5ULDCbtqv5mMdVTiGJSTGyIipEmLkLoQoUmI7KL7iftPUhzFV3XeMiIsEOii80ZvLzN4dKiwZD6ioaM7zVX62O0Q9q0GMcskaq5/3SiPlZnDP3oRLxFiP2qOYqGp2xaFovZNGWoU/hzLWJWltbedVCEIQqjGPoMpI4l4jvsGQlI8LvdZpeaM3l5m8aOSXK91V9psKHtuRk6ubNbz5kaMZjlJ0LQZjwMVPBytLGnV+DdF7kOetxvMckQiGPbXXY6qouHJCk/agdFCwoaFZA7LV+SFvtEnQ1l1v+F9peofc2ctVc5mksmcS0soPh8xVsKJIzPjwMlJWIwz4FlA/ar7zuGMdVjuHfuaEKb2NzUmPZdLhiLO5uNTK7wla5PCIXxMyxMNbv5rZ6Df5LUIdbei2REMoiIY6yISEhEIQqjruam9oeN7pUYizvDFXGMRrK2zAh6CwMYsCFnI5VspQ0n/RGyKmyWUmIXKtvRXCImiPmUM7MhY6CId05opGOSEQoU6CAgEMjIxqUIpOsx9xaCLB925o8JrO7yq+F5BZxlb7csUyyarbzrqukQlKO0ZHSQpnZkLQyK7d2psckQlJERSQrpkS5kRTyIIuR2bXGk8ykZD7SIaCFFhF0Hd6LvDUxgZirv5pZ1NZP3brGSPliaqYXG87tlBD1KeQ68JCUkY6aiFtUUoTsWdidkuYoUdpCvA7bodtENvxIepAuR2fQhnYMVJAeyvE7ZLqdvyhInFxYhCm5UlMsTTvDI+ZTVlzgj5jKroaXOVTCKhmsovZ4ZCwM6+89gRYRcxp3ym5q/QnKgovEIU2OaFNzVfTvDQZ808K+LFSKiish20K7zlr0NbveclWV2sK7p7hjZEO/Qtg07xyiMrTKTr/LX4ixRpe6GrNTK51d0x98xDEiGTGv6E1M1dZsfhJyhIT5EYPpKjkOSHVyGZT1utXsUWPdkQ71jKCHqIZEh96Y3Gl2x4VPidJ8yM6sVMTwh0NZ/CpszqOWZlW1750qxEQ+pSLoQCHQRDvWxyhFJz07x0lpLSv/ANSxpkxiNReIsS0htIcZYai+yMzOtlK1HIsb6V9diXdeVVECERMikmU8pIQx33E07mxVV2V8mcDMyq/NKK2JDoEQiSWbppGZmpZxHQ4epmIoS0MjQwZmZTwq8x0ydnkYqrre2/Y7JnZss+/drHJXUKISwiGeYmeQiGUQ63HzNO5HhVgsUrRCqZVM5PGeCMpodgyHAsVBm0OnEQqmlss5Rlq1FPMcn94RDHautXX+hGMRCywdwiEQiEpO0fI7VcxUnZy4mncWeIzAeWBhLEQsTFoduZRUtpFRgYM+bIQ8C16zxloaTzHiaGqOJoa2z0lgWJZjptloLNT1qLxHOGhasdOEtWKTvX3yhUfYb50kfQSIRUDHeadwqkVBk8DPIRbTloRUMtH+DgWiIbJYtSspdmhbLIitehk6yqKxGLNDVGhoZU9Je6tR0ywFQ35TQp4GcrRfsPwPe7Toqu879SdPkyx5rvhjrI8yIcoSnkMdTTuJ+ErKS1KWJS+CPhIfsiH3jNFlMnJe4WIo9nqf9SxznqZShpWphPxlpJeJuyyMXPLrJTtsnlJU0lh4jytZaay4S3nfZydJCUprj3a0/CvnJU8DQY9i07iRmYIsH4GA2qch48xGLHTwLaFnkRYFtEmdRmpgMtloPwlFQ5aYFmlJnLR1MYyL7z+Y8TAsdGM1SLGrafN0P3YqFrPhLV7H4906bFm7/TuWk+ExpsFbqQmMkLHQsi1PmHhK2iSLXnKwtpdRMxMh1OMvpPlQ7YvKWZgkLEeJgWClZPMx0M8h2xZENThLV3OdTOvlh3Lre6Syq6bBp3I6DIU8pYSx4kPgKX/Y/GSQiyStRi8znLyNSytqZNmZkY+UsqrEJP2Z/SkZGCrcJau5yqZVc5YqIzuVJ7Tq553XCSs12HCpp3G5eFRYGJYaYo/6HSiw8ZchzxzMpQ/dmSH8Wg7JKTsdXOyVvsyyprPOWGfEWbuuEtXsTNBHyXsUoRkS2PV7Ctj02+wckxUEWGRngjMeFR4HM5iopF7tSEgLKXaLDqcx2mDFah/EdmpLx0LeLFaZofhLSSq+FbIzlm5aVuEtXd/F5ljWRrLWWZk5LE+azYoiL1IaSFkQ1e6vuTTb85Ob8GY0ZYGMsh2rUduRhO2hHIsRzLB+BZ9h5mZY6D5pqkxHgU0aj9pa1LV7MlZRJyxUsnVZm1V0uNWWkNBiRDpr4qTtZqMyMzKWTNNgQqzfMdIiwiuNXsTHsOm361kOrgKmgwLG8S01FR6kNpD8XQhsoHh0HYOziKzQRjSW2GZmeMWpYZYOSMzNjoH72pgOwzLJZVspZp1HKF8qizdh2T8yzwE2Ki5T5lmpB4ClpU0HbtSlEUMhGRJ37qO4clc6dyYzVLYvAtWY6ER+6Uv7GpyMpayfgP3RUkD9rgWWmIrR4Ss9lmJyOREIycvi8pWyZgnW+KWk8WQ0LjYR8i0VyiEdfQslhU0HLJseNG1KvE0On7kOOfcenctqliQvwImloP3GRUEdKY6WchYi9xYsSoy4CyxlYWuLMVuslTxksTwMZYjP+jHqcmJCtF4EPwidNODMEY0nEsnmOa9lauz9z3qF9kQpbPhbKI8HLHI0tnreOSHeKbmtgY9l07n5jpFSWCFRYYyVGg55FiKORZ9y23AscopYGZYKmkfhhKxoiYqKOsl7EEPNnMtbWCHRQRYMXiYHMttFboe7wxYvHPaUYRK2tpbPXYXNjmughTclsLHJstH4VML7Tuhljk2iN/YppHhqZi8Sxpc5RUacRUnusXutWM+UynDjnJ0DppIrB2SzGMjVhZL3nTiOhtK0dLeA6FxsMC1C9lU+Iqrpi3YfeZAof8zt5L8n+Io/ywpf/wCjt4/9/wD0dtH/AL2zt34pMjgj/tfqe79/zhsHIVErZ5qSM2zFUbbpsjoMBDpOc8Dne6bJpeZXWGlVCpFZLAfvlsljJeNRmQrZOkgcVDtQo/a0Mj3kxWUZllphJUvVYItoIKIXnkWvWrbE8IViRexDuQvzi/6F4JHuLryG4hI8jyPwROjR+8iH2eK+HkOm/R70PUQy0hnoK2/UnWQpPbPhqYq802XXZ7UOSsIfAgoMlK0YxSwGUUmRlKKeZYzLEg8TGUIzLDiKhdXWxzixS+2r8jF55ssh3vwc85OtzQ7P5ij3YtctgsdRC2ZCFNyQtkwpl4VfhfSeKMHd6bLndu+5lskZlsOpZSOkjoHTLKTt0FU5CpWsmeK1MPKbIbBVsPmi9F6uXw6a/eabIkupGyNkfNEFmqtQ52PTUw13f22J3zulJ1FVYpO9zlistTDyMdSx6azzMYamV1psuNV2io862d8yxyxFJe68WP7DIpciIwk6D3iGmLUshFY8zwlgYIsLYmWutjm91fl/zIsoR8OSla2W/T+RUVvdi1XqLHCLJz+LzP8ATw4d1MdVVHUd5lJ/aL0MXijwTLFlwqYozlDTRnld6X1g5sXteY6nvPge7wW0YaTpLPIdMTyqciGidBYLItXkKgtEWlgqWzGtbE7IVxLdXqz4YcZYlsWtyqU8j3uzee795/Eup8cGPHj3Sx3bFe6mIrNDFYOWc8dZeBbhRpLB3WmyWMj8DIw0FQQir5bLauqH7qF7vWS8R0nhLHSeCVsnQYjMclqfE+lf4VZD6vxPieEviiPieLu1Snkf+3Fg9ODnhmi1RLanKwd0xiYpOspPY4WNLxIqROWs/C602KGksqKkSIKTsjs+gkqaumyYztehYRe09EWUeFBYlmQuj7Fn3GWmZEPMVNI8D4nhwr/F2ln21fIyMIcDIz+H7fve4Mxh6mDMz5cNuckPZXfRN8CGgsIpqenleabEqlpiWDKPAfgYLLareBjJuk+IWIqUjkKiUWBCKiWgrFhxuMILF4fF18jFy/1fa/8Ai7Pyz5Yzydpg+4mQlg71jFe61Xh4jcQkvuRkUsjJyyudNgtZ/wBCqYOToZaWLUy+YipQpvaLeNRywUlJM+HgYLHhcZKz7uxdTI+UyRjG+mwYfL9nh+DCM0MeydH47miFSKgirvYc5NDl0QxiZQhmlTW402DNlrzEKkdvkIt9DGy0oR7z1OU3ttk17OsRa82UIabGkQ+0lgQcmYvG4fsqn7/YjpX2IvaT8B/GzLYMnQ/HA+W2WHaw+VvdTHT9yEdA6aqk7hU0ZV0yL2fudpT9js6fuUIYqSw0N2702BUjHTxIrCL1HyRBS+JYOmtjttqnjLUoO1dHAibhWCuMXYvEylmWW4ZbDmrPvlL5YjKNde4HfWEYqSwexRstn8w88NRfC/szmpbt3psGD2DnUw2m0dMuY7ehDT7WNz8tvoqmVr8Ni+WNnzI0M4VtaFcqbumWkONznUzM5Zy0yMuRhCsJYrM0NLvTYcHdwUofg6lsNfDZ+csy32c9bmF0/wAU8j7bF8yhfp6S0Mqejo2rM5jroXcOByynlPW707i5VcdqxMrlEVPB4iaMXgaW+NuxZ9n6m9LLtI9kzuH3UxGRnPP1u9Nvw0qY18dnwg88u4NIvQ1Uv1o/T+isDO80v8774nPlVxqYTw2XGO38dwfX6Gql+tF6d/8AOrY6tiMzLC802v3Uc6uPmfEqmG1fM0YLuDWP0OEv1o/TbH3LhcYS53mlxnU8VXVRC5kZD41MKljMalq2n5F+3cOsfoaqX60fptzMIu47BiISEZYr/Sq54mKqYOtaQI7MgRQhuvyqYnOpyMamGx5vy7h+v0NVL9aPbUQi740ucauGVXG95Vfh1qWRGNTlPG/087e4dY/Q1Uv1Y+5HQYquxkIh9z7q9TOpijGp8LucaiPhqW+h4Opj5ljqWw1cNamOw5LuHWP0NVL9WPZtNiTZAWETku6t1epiYqp41fheFTExVTHzq/C6iMMnUsi8zGphpVthq4a32+u4tY/Q1Uv1Y/6Hewbq9ZZVfhdzijGp4qr8Dq/C8HUsi1LIqmOhY6nIxqYaXvHy7i1j9DVS/Vj2bX+gd2eDufiRiqnjVwzVTMthq2w61McmY5PWpZF5mNSyIxqYlju919xax+hqpfqx/wBLxUeBH0/cj6fuR9P3O0/t/cj6fuR9P3I+n7naUNfT+5H0IuhF0Iuh2lH+n9yPoRdCLoRdDtKOHs/uRdCLoRdCLodpZpR+5F0IuhF0H0O1s09n9yLoRdCLoPodpSvth1IuhF0Iug+hHT4fuRdCLoRdCK3Wg7Sn/T+5F0IiLoReNB2lP+n9yLoR9P3I+hH0O0p/0/uR9P3I+n7naf2/udt/Z+5239n7nbf2fudt/Z+5239v7nbf2fuR02aUevcWsfoaqX6kezvoREfQi6EXQfQYxjGMYxjGMYxkXQY+gxkXQi6EXQi6DIugxjGMYxjGMYxjGMYxjGMYxjGMiH/UesfoaqX6kf8AS8TXu6kb5kb5kb5kb5kb5kb5kb5kb5kb5kb5naRYv5mRvmRvmRvmRvmRvmRvmRvmRvmRvmRvmRvmRvmRvmRvmRvmRPmRPmRvmRPmRPmRPmRPmRPmRPmRPmRPmRPmRPmRPmRPmRPmRPmRPmRPmRPmRPmRPmRPmRPmRPmRPmRPmRPmRPmRPmRPmRPmRPmRPmRPmRPmPuLWP0NVL9SPZ31G+ZEN8xybGMbGxsZSMYxjGMYxjGMYxjGMYxjGMYxjGMYxyYxjGMYxjGOTlu/m71fenHuL6/Q1Uv1I+4V3tur1u+P9LfX6Gql+pH/S+7+f6h+v0NVL9SOpmNc9ihE0Pv7d/N1oaf0t9foaqX6kdTd7T0P/ACHsPCaLCLmKkTQ++d38/wBQ/X6Gql+pHU3O09D9d+uw6zVVSiFSKi/e321924dFBF0La6p/o/FUeZjDhpaLCgWJq3aYuGGe52nofrP12hiEPZ1JMdBlWezbtxwImamsmzAxaHJ0IZlN2SZEYSi6jkxjsH379PnLhLibkPlP9PtPQ/Vi/wCW3OS2HU1MDxliK32RUCEao1EKSFJYivt383OP2Gp0GqN00NDKXCWktTMylm5ZS0NV3/8AT5y4S4m5D5T/AE4/Q3430ewZbEpMV5qZMzlqasx9mWRQZtSwNTIylqYmd9u/m44EL5CopNVJs4G6aVtDQ1MpZmTlnLRGqNe/vp85cJ7kPlP9PtfQ/wDs7gVdXWprPU1Nz0NUay1NTVGpqQ4EPUzewbv5uFTSQ9RUSQqBShFTJU0zQqJKkhnCKiUPWUJkKijvz6fOXCe5B5ESXiRLmfpdr6Gnad46jptMMyJUriOg1HkPXOT6mFKGnaajWJgx9R9TCkdMnTcZ1d1evc78T3iwdPe30+cuBoRpI/xD9lUWWCtZFQdpisyJL2cGsUNvi9td5j3Ru/m5pExMwoIWra9ImJiZTgfzO5VP2IYl4CYh+GFV0/cho+xEu8/p85cDNYeREOmTIh0y121ETGQiaHcMonRJoaGigoKCgoKCgoKCgoKCgoKCgoKCgoKBltfd/Nf5fX9vOSlYZU9GfMqV4XO7LcZw8ldw0fawi5kPqWSYhilEQU/YdH37w+nzlwM4UObHPXb3URExiEx90bv5r/d/z+YTwSFTYj4aXSuqPki6P9jCK43ZbjOHkr5UlMI0+hC1UsLREVAvaKYR092fT5y4S96HVfggi8VYQCY2PB+fcbuENjEJofcW6vWt/KDP0lnL5oPI0hZ8y8jGH+Mzr7st1nDyWxQkXO0VP2LPvZNDEOgftfcgo6kXdP0+cuE/04fIbRGNMhseNph594IbXcG7+a2diMpaGrP5YZwPoZP9j+Uny192W6zh5KvmY6Xyo+1hFT9yDl7x+BipH7JaKgj9SCn7Hu/fub6fOXCe5B5dxvYX3Fur1q4vAwgXV/zrVyjgN6jmpZ2P+fdH2dfdluM4eSuFQ9hVI3D9nYURf2shcPhSuY+T/jHT9yGjiiJeNhD6kXs/Yaj+9hA4eqHT3F9PnLhPch8u4nfvuXd/NXCBGLtfjVyaMU4X1lwa/n3RmjFVt2W6z6fLbHiQZETX395Cp+zo6Co+6o64DfmiFRfYfs/ct+wvRnaeEVp2dPGG0dD0dm3awjfMt6SVIqPsU8zR+f8ASu6vWrZ7TtIqGsqD2fIhXM7PqiGJeB7SpWcBFb7PoZozpXqZP9/59jCOtuy3WcPKSk9nxlu1IaPtYOn7oh5e9+47f9r6jpXH8kNHFEXoWjcP2dnIoj/tYnD4WDp2pUplESIKPBnkzyZDTzElDTgKjhsnHbV3Ju/mpmYN0GK68KippZg8fCXyugxPmXl+xjDW3ZbrOHlVY6j2CxT3VXVJTD9ih/2sha69URfzzFT0ZShi8cCP/db+4s8U9rW0cdsXcu6vWp4GOksHj+ZZtG8fN5SzocvlcsE6u7LdZw8rtyUnc8jlU3Vdos6ip6flFK8KPyiKzmiHkb0O1Ohjk8Og9l1Y7LrWSm+8d1VcUfN5/vK1PD8G8jNzzTl8y8i2LCj7D/zeOVXdlus+ny2ByUnO11EKj72G6r+HxVhlE/Q1g9J2rQezbpr/ADjLf2bVmjuta7HJCrLuXdrf6fxN/D1F9lqN28SOIjwehEuRQ3oj3o6bPv8AseNXSW6z6fLZXNiEhy3YbzUw0nvP0NYNq3DWX6my4nEWF1rUd45qT7h3a7sI4mKm3O0ph+zI7HqiFP7Ogga6ipia5fctieephDh6utpLdZpD5bLpcbsN05b1TefoawbVuGsv1Ll7RrX0qvurdVxg8iDlaWfdDMViY65If3peJ419JaM0h8tl0uN2G7iLam8/Q1g2qyJEdHgRYfzU+Z0utazDS5c1Ue3vuHdu0Ur7M8yEVfSW6zSHyvNbnR3G4tg3n6GsFXTbLR95adwbuzaS3WaQ+V5rc6XH6a2DefoawVdH57TaWf0ru7NpLdZpD5Xm9c6O4/T2DefoawVdH53im5sckIf9MbuzaS3WaQ3m87nS43Ng3n6GsFXR+d7uz4S4y17707g3dm0lus0hvN53OlxubBvP0NYKuj873dnwlxlr3pp3Pu7NxlozdgvN53OlxubBvM1gq6Pzvd31nwlxlr3pp3Pu7NxlozSG81dzpcbmwbzNYKuj873d9Z8JcZa3elRCqMY9n419O593ZuMtGaQ3nHzudLjc2DeZrBV0fne7vrPhLjLW51qscraZYCFbLDzk7SIdgy0tEIUmMd/pX07g3dm4ydFjMs/tKETlEOrpdaXG7sG8zWCrpF53u76z4S4y1uda6EKq50CEIhxKbZqTMhX2lfS/Y9g3dm4yofiQ9SkfQaKBClH1IjyErSHDiUjIh1dLjd2DeZrBV0i873d9Z8JcZa3Ot6pPbNLljGM0vWMc0IVbd2bjVckiEp5jY+hQeZTzPIoPMR5D9CLqealb7Q5QiE+U93YN5msFXSLzvd31nwlxlrc698aXcNJDQIpofAZGRoiQ6+6tp85eR5CQiEpGOr5CEUjH0H1Iv7h+TP8A8iXkQ/3EL6M//I4fIas4/wDRR/PEh8/wIp5Un4HdbzNYKukXne7vrPhU1udbh94aXuaMYGaMzZkYu1mEOBrW3Vt6FW85LoKp5VGzyEhdSnmeR5EfVkfUofgQryOz6kD6Da5/k7X+cjtF/ORQ/wCeJCQ+pTyIjOI1gq6Red7u+s+FTW51unNTfdGl1kY6GKMz50zL2zJGVrMYsTBV93aoIo/srOboOwi/3w/gp7N//YqF/uVgqPW+QhSbH0kkQ9SETH0IiJc5QkLkx1ImRsa5CR2XUw9pVdIvO93Z8L3XuPXZdLuyJFka6zycXkfygyx++hi8ZZ01t3aFS3gs2f8A8va/p/JAReyuB20Ql2kP2t5YHv8AYvGDOH/L9tB0wxfDFrtKEQiG+ZEx0/dCh5EC50EPUUXQb/2kXSgcPMXUhIX8Syq6Red7u+s+G1vZdZ2+XPAjVOkNPaHt/wD9T/JGqdMPOi/0vOZY9dT7wn8sMj4nguJ8TxMckca27tH/ALna/AtyHXxMP/3xdTxWp8Ha2wfS8f3MV3KhSx+9XSLzvd31nwqa7E9j1r6mhg/hg+aMfsQL/wCNWLxOx9rjRYdidgR+2v0m/IsiTtTxV7pc6TZjqfFD8Mf5lgi2LJaFsWuSF7UTOJpV3dnweP2Vr/B/8raXCCH81sYfeg8P51P/AJF3bpF53u76z4S1lrdPuLU+Ds+rPifww6aJFukPyr8z55j9l5RZP7i9n/Ednit9GeWey6VY3Rx94whlh/MR+CITRmlXd2fGiGFf6j5FDDyrZ+B4ePdukXnXVbdnwlqxyYxj7oxiPh7KhxffIw+X+caqPj7L+6E+D/EdIv32XStjHSRJPjayOnxEQ2GjNKu7s/zf4mH0N+LzrZHuuju3SLzuKeVXdnwlqxSXczq5KyzHM+Ltora/yeWZ/n7Pz8zNbJpV0PloQvaWmcJyIqCJotsxNKu7s/8A5KN+Pz703YvNXFHMaLZ7s+HcyEIUkKefqZ0CtodIhCFNHyxRQM+WN/3e961sL7SplLJH2iUof9Q6eBo627s//lQm/H57bvbPpF5qu7GiLqedTdnw21bE/ZazF7TQqKaLPtcfL28L50fkzh7N+ar4XulXONH8tPh7SktgzPhY/ZemRj7NbdqMYxjGMYxjGMdb/wAqE34/PbMzWnZ9IvSszQQjSe7Ph3z+p2X/ABP0+y/5XGF3qaVGP4aSL4kx4ZyibTyMjStpsWtX/wAmHyN+Pz2tYiKWLZtIvSpwnpW3Z8O+d/s/+Judn/yuMDC61NCkpExMQhCEQiraV86+lTWr/wCVD5G/H596aRelR3O7Ph3zv9n/AMTc7P8A5XOBhNbCx1tK+VfR1Nav/lQ+Rvx+femkXpe7s+HdTv8Af7P/AIm52frtWbu9Ni1npL5u0gb+9BhRTzbp700i9KvG43Z8O91Lf7P/AIm52frtWo6+QziaVG6qEIRCQkIhVNJb0Buw+vem7F6Xu76z4bQu4f1Oz/4m52frdZq8wdfCq6XoQsxt8zTZfZS/y0naeHsqgj9qjtYLKKDdh9e4EIVZCu92L0q8bjd9Z8O81JDFLf7P/ibnZ+ssf+vzViHgO9yMVU8JZ3GmyxeykjtG6DOOCl5m7D63KEIU2MY6nmLqJFBRyHRRwI+hH0HfKbHJS0i9KvG43fWfDYU3NVmMY6jkxkQxjrMdZTZhHF2bT1wMIoezS44iZo/OAQuousmOWl1rXxhuePmaXqEKbIiKSx9q14LQx7OKGnSwtUXsJL5hCEhKb2ZVWMdRCFJojR2q5naDifgyGIhoplpF6XSnu+s+GxIsIhU/Yg6iKBwkSIztDtGRMb5nmQkJAiFCRRWVRjGOrozSA3oZaesGwsckIVl5x8zQY5oQhdwsYxyQhCqREfU7RcztERdBRcjsozsHzOxXMUCIoV4HbdDt4jtY+Y4n/qF1IEQLkLpJz0i9Kus9au76z4VHfO7e16M0gN6EUTWqhpNPtmr5EIhVVNmP3khCqcfM02ljHNCFUY5RdSNcyNEZTyIYjsojsTskJIiXI7Y7ZkcRTzF1IUQrZNIvS54VN31nwlvMiGOTGPuVUkBCIokyIiGRZM+g7WL/AHWEUS/1naN8HUW0OoiG8YxzQhTYxyZEuZGuZGPoJkDOyOzIUUIjO1Z2jImeYupCQruLSL0udXU3fWfCWr7iY6iISEU2MY6ikjSAdDiaR2pbDRJjLRbcshCmxjqRLmRoiH0EyBnZnZkKPQjO18ztGRMpELGkQr9Cqqq9l0i9K2T86+76z4S1dyxjKarHXVyq0VRCucWnQtaDGiGwt96HC0w21V938lJAzsyAh6SjO06kZEUyRCJchXf1be9i0i9K2ar7vrPhLV3Kp2tVFfWOGm0fIeJq6j7gXyLzYhVFsv1d053GkXpW1nwqbvrPhKHNkDFJEDIRIoIuh+B3K2h11WW1oQq+4vN7X9W28Nk+v0r6Vt2fCWr7/wDIfTY1dbi83tf1bbw2ZVcma1d1z4SWbFWYx7M5ohISEh2l7duLzd+7z6tt4Xyu2M+ZeRvKruufCWr7nd67pXyk7/cXrfK9+q/d9w2SJFLIR0EQvQ1PlZvKruuf0y1eyu9Y75XbHdK8d1uL12v6tt4bE6Clio+7HyRTzFPVS+WKruz+mWrvNLl07EthdVV0K9Y7rcXrtf1bbwunsGql8xpU3Z/TLV/0S6CIY6ykrncXm9r+rbeG1aqfGpuz+mWr2u2shbGrtXS2BT3F5va/q23VbVqq+7P6ZPNzWxWqvbsirIQpOarMe07i83tf1bbqtidxqq+7P6Zbz2SxipW8pWqaLKlknfK8QhCk5vYVVVTcXm9r47bqr1lpCO61Vfdn9Mt5iu9LjWXusX+pHNGGuzuTrMpFcPa9xebvle8dt1VzEJss6kV9qqnCe65/TLeeyaqo/ZfQXisDmjDYH3A9gctxeb2v6tt1VRjISwexaqvuuf0y3neaXGqrP2fIVHHI6d3oWw7i83tf1ba80WyeyqksLXX3XP6fWW87zS43lWsk6OGQqOORzV4h93Mc9xeu16RbTEIsHsyGK63XV3neaXG8q/IsLR0cMhey+hqZjurdpWwqqpbi9dr0i2WIhLB7St693H51d53mlxvK7Q7KcDjf8x08diY5q4dV3HE3F67XpFsDLRD2lltT6rhVdx+dXVydRjkp6XG8riyrx2Gyqr1bRxNxeb2vSK8ZaIi7i+qqhik/AVHHItluPzq70Xnsmt7x2VD7l4m4vN7Xo7hiLB9zfVNir+6xUrVfgfyOrvxeeya3vHZnN37GMewcTcXm9r0dRi7s+q6yLHJYQsXtLqWPRz34vOT2LW70llT3Ax1XsvE3F5vamW0JiH3dYZU3WkmZwyVI9Jbzrq91u9JadyPZ+JuLzezOb79zFKIwfSpq6yFJ3et3pLTvvibq9dic331Zc8hVdXVVfS41u9Jad98TcXrfr+g7K6yq7z2XDW60lp33xNxet2v6O3TKpq6ik7/AthudJad98TcXm/6Vtqbrq6vZ+RjX0lp33xN1eoxf0rbLddXV7JpUsZY62kt3vvibi83/AEzT9jCpq9k0q4mFXSW733xP015v+mnTU1dVSd7pXwqaS3e++J+mvN/01ipcJa7Jpc4y0lu998T9Neb/AKc4S1c3sOlzjLSW733xIaXRq0QdX+SD+5/kg6sg6v8AJB1f5IOrIOr/ACQdX+SDqyDqyDqyDqyDq/yQf3P8kHV/kg6sg6sg6sg6sg6sg6sg6sg6sg6sg6sg6sg6sg6sg6v8kHV/kg6v8kHVkHVkHV/kg6v8kHV/kg6v8kHVkHV/kg6v8nZ9X+Ts+r/J2f8Ac/ydn/c/ydn/AHP8nZ9X+Ts+r/J2fV/k7Pq/ydn1f5IOr/JB1f5IOr/JB1ZB1f5IOr/JB1f5IOr/ACQdWQdWQ9WQ9WQ9WQ9WQ9WQ9WQ9RdRdRdSEQhCEIQhCEIQhCEIQpoQhCELqIQiHqQ9WQdWQdWQ9WQ9WLqQ9WQ9WQ9WQ9WQ9WQ9WQ9SHqQ9WLqyHqQ9SHqzs+r/JD1ZD1ZBb93+SHqyHqyHqyHqQ9SHqQ9SHqQ9SHqQ9SHqLqQ9SHqQ9SHqQ9SHqQ9SHqLqLqLqQ9SHqQ9SHqIRD1F1F1F1F1F1F1F1F1F1F1F1F1F1F1F1F1F1F1F1F1F1F1F1F1F1Ieousv//EACsQAAIBAgQGAgMBAQEBAAAAAAABESExEEFRYSBxgZGh8LHRMMHx4UBQYP/aAAgBAQABPyGJaMt/6TKJdfskNKmKU/0qzWPJErfQfIRYE3qshxoNBq3zNAnP/fJJJIgbSVCOo7D+yWSSeT+xbBBP4gBIg3ZP/AAAJJHlNSMCTz+zWXa/suFHyf2fTL+yOsvOGLByzo/sgVqun9ISKc6oahK+6lg0EecR804LzVMnl1H/AJr+z+C/sX+I/s/mP7FMrsv7JuF2SO32s7XaEeXaxt94R5d4f2Q/w4LOF5/sjEu0Ct2l/Yzl2P7Nny+zZXvU215+zbXn7Nlefs2V71Nlefs215+zbXn7NlefsaUwvepb12f6PR7H9j/zH9n8F/Z9MP7JrmF04+cCchtqI8k/t8FSRoV4hD2ieCH2XtTYUEI+Zft/ggQnKxRQnku36w5ok0wm8o65H9hjJCxXBKMaE8DQFXQb/aLqj0wjyUk+NM2WKpipTX5ZSNKLkK2pG2VvQpL51FTy1J/YkFQIqpaKyjIe20FDoIr8CScZJ/O+Ge0ZYJERH/fEkNoc5RmNtCLsqYp0TJzWVwNGDnFSAOUkJalSjt7nkQJk0tKBzM3gep5jkThOonhsb27D2cWC7NvcELUmOxoxIXl/wLTwuR52BZi9jiW8LHVBo/BJCLMfGWFpaLLcv4ZfLGLPIExO1x3MZrdwiR5EvlhOnPrITfkZBqwqAOGlfAFCt14Kmbcei3FCSkbNPIqcMophomhlR9Qzi5UbaJYkhUUXH5H/AOOhNNIJ4yVNXPYbqvNEK76is9gy6UJBpRYrrKTsN1BxclNPshDVF9tfrnDWR8ws5sRwlpGR+wqhLCSOg6SRsitU5rZDho9i3+fTGXY4i1ycYuB/w9nwfEEWlrHrJcBccikI6nDjzhXS1+LZV2X5YrEqO5LuZlmhujE6NIhxnmM33vUlqV7VsIm3l5jVJu9ybNDQ4QfIadoQRqQRBNI18TQVDNxUpC0wpwjBTUli/G/+RoIluKb8aymioVKIlmTEpzkV6il1GvkIV5I/QlNCZuRlxETkQxspvqNGl0ZCXEYI64hgcBYaDsomlwa3aWAS2EBEPWEbOVoIugrTmxyfyV4rkdG4LM8IXEpkk4utfgoFmLdBgtLS+VELjaEJdeDuZQDGIkkngjHl7+WSVJ0Fak4XkzY1DI6+MF6saCiLXWTJDlQ/sM3/AHZv+4l27wS7dwf0x/UH9Qf3B/XH9sXbuD+wP6w/oD+gP6AX+8P74/tj+2IPuGpOaIBduvI2xxpNC/HP/dcsTIsFI08zTHcb4qGzHpR8ySFo3Nx+dmVTCwma1WNOT2PQZBTsIGWzkMVNmEXio+ciHm+AwQB68QuiinQZUiw5LkrDVE5tCUOBN5l3m8C/JWMZejzWCzPA4ljEWbQuaB92N33Ef2wkbRO6bNMSw0dKHg/tj+2P7Y/tj+2P7Y/tj++P7Y/tj+2GJ1mZymfwZ/Fn82Wn7ND+uP7Y/tj+2P7Y/tj+2P7Yf+sEn7h/bH9sf2w76CyO4shBaJkf2w2/cP7w/ti3v1qPol6PoTHyni1AsGk5bM8xThlDE9UfYnTbpIsuVJ2JeWs9cZdCmp6n/gulJbV4VMswlsJ7pC/PYSuUz1K7gaUn+B/9TcDcbRm6DZKFjIlpBElVKyvIOpSrQx+DRlatJlYQYpJPJqPcJXLMbXNFSJpDasly6lqkC4iaajuoNPIiTNLBDevzsjgbJZSW8CFaQq3G8xDxdEmY3heyvqxOQxkQiGbAvyVjGXYUhHhcS3bX2PWyW88HX0wrQVeT/PTuf2SWCk8J/wCafqrXCFVE1hYFgkLp/ZFacN1y8Eqk1obdFce1+DyBQwsoWgzL0xCK0jLgWk/Q9Ht1Hml2Sx4I8UPdKu3YoV9upPTMZRYqKpqZ6/0I+406FwRTmNCokRWH6HRT26jHQ3EppK0YPRUlNiMJa0CXQl+2K4L4H/11lsiTxTScU1ZWpOUZbjCGlUskVfiy0H2VzRJXCoxPrZeDOo2yishO9TzG4tE9gglJY+RLJcLItbyJQqUqTJLqQxsB6Xnib0Rqu4aRbO7JDgEyLpDwlIvMGYFdlD5n+YseFx4uCz4ixoFNOmPhD2dnjk7XSRn3IZUw0Os96RJIaGLpzNIKiRK46WSc4iCz6/6di7O+V6Fmv1qZntL1uecKKa0R/pOwYZxcZW0yiP8AcNUDSRaxzDddcIqm6Wa9R1V0rf6OdKvkFRX26kMuC6PthPmvqaHt1IC8nkxiik9JG1Cp0uPlByiH+xMnyUSQs4NofBK1uXW+FrFV2Nflj7Ca7k5CpEkyhDqiIrK/Xg8pCiKa6pEOSratP2Ra45K6vMv2NWhXkvkknsPAR4gTvR/sZGfvCRFzONXI5mvVnmRmsT+C1zDSKlOWrjruNNOjc4B6JGJa9BygLpwT3mUKsG8E8IBZsmeOfwzhMA+QimRoMPR5DXVJYZyDShZ8q1Qn6ikZlNOMYJA0bRwY8fwhLAFaLDbJwFJJpwSSes9huyzDdK7FlTDXkUArvIhEewgTYkuCMCMjJjK2eF7rXC41ehlU9BUUETFR5j21BsAU2rQrTkSrEzmYCWEJr+aseF54+CzwK4NqPFweGPZ2xtBVzF/pp3ciJdxaDzGetueQIlolci02mqm5E7gWzUfQ0ZXcKRv80+TziaMi3k6TyURJPJyZACzp19gpeah1eOsoSfnrl9Dngf7JYaeYzPw2uYmGVN4Y8mJfAtLUda3JfUX1gSoOk1k4GcS1NRwTVaQ4SG3mW4Ijqvthax95qxso1K1ag5VbP1ChV604PKHxPhCad3RBuGn1gSGuaXIQFzLF7mPBR4AaOta7UHs0VRByqv8AeGxab/ZY5sEsc2GVlaj6HTy/O3wU/b2+CP8AtakDA5PkOOEw4EyLhZSgkW5VEczBsOV4zUiKHxTmOYghSrDNh89DaB1KjHylUEIaz4F3CBrcLgpalbCqhQQ7CBhPWhXNVNi3KqdF4Jgk6LUdLmy6WFRgRUxroReuuE6HsxY3WyOqjXIrapkU6qmHnUbmhDVjLaKuuHuyBFJhB+ZZhY8LzwxCIZOGLrNweGHQPcG87Caa4ymFS9yG1qnNDxWWubHJu8sQNF/nAPIZ5B5DIxaN/Y7LDY5NZx4POLfNhpc6Pqbc36VRGWVX+sfA4QZa12oOw8hjW8x/CF7b+YhiTMPU3bIHq/thXnS3zHmst8/BIND+uHIFUUKvciEqnkaVqmh1isJUZajFQqty1Y/kr7Ited6EzOs3EnmqQHRQPWIEEJSrx9lkSmqoSA5RWLVJVNSZaDr07hjDClsUY0NUTudfLJPIg7t3ZEFxDsItahZlZMQ7CPWoWY7TWZWMoIqQ9zXbxmELaQlNGCE7GyKhBjFyRZwWM76R1YI1IURZ4EynJLwrVciYkWFrlPCpsBKYtQJN6E7CnwVSt3Jm2EkiHYY2bQmOq69h01foLiadxJNhSrWJ1pUGVboPwIbyGnDKVyeZDX1URA5C5lV0wxt0XR91wkvSqKgrBqF0+EPKEO2pIOopZ6qxNd2e5AlZ2wCjVfZDq2IagtSuCC/K1BhjwvPDELMXZnRL0QslPVI97HqY2nYdfDsxGGT5xQ8syP4K+z+Svsl7TyfIaK7bCDQreleiHSrULMrVyzyujXDENyTOUfYmwGFCK1VcTYDChFd1/WMZSWuiHlveTFZnUaFE/oTYDZiG0k1lHzjZU7uhvI8XFJGlpHzg2bKXLQbVzvNimpic3QkvM3VZ6FU7Kr6EKkJZfYsVbl5CFlmIcyl2j7Hk3qIbSTWUfPBIPLyXCKTNkldyGbo8EVCish1qGIG6mq/5qaL9T+C1483i10kpkvBubYUalg9w0OgKKjYVMFvDRDUCVdQ04micCMs0NaolmmPmSQeCYIQrBznsYkKE+dRSMCNbDEWiRSKLQVd0PFV41TKtfYXTfIM0g4ViBCHyuJmzoqoXFGH2EGjsyoCDvwgdDwlkIUamtNCTpdoR/XPBpKgvCYbrQOa74nzUQ+rkeXTZmWKGNKoLmTH8Bk3z1GoRpgaAIF+VsDMHhfjVmPRMnFVfc3fc3Hc2A6YTNRveg6qhr/mcUci5/Ap3PPX/AJG+lNXRCtH4EebuT1LCkb3NKPAkchTqx5ahVVpI/wDqJGJEsiiOolbsS9j1Q8upJ/tfZ6WvsvPmvsTHHzX2Nf8AtfZZPNfZ6WvsS/0vsk/y+z1J9noT7Pc19nua+y/jYIPM3RseUbPlEtVjdfY1X8kJn+X2e9r7JiklyqU1rrmNUz5kF4hYYQIrIhONBrFRIShSN2iKJ4bErQtYyMaAOirKjw6CjHOtY3/ELiblii1cFISSslsFw14GkLYRFWBHSkxUvlInOCUJR7a7lQSllnI5cSqqGcNC3UhG8yQIUkoardYTZRitiaU6NWHNGhJSkNBkvM84XF/Vg0npJQ0uouhWRe8LHN9yVVEHWxOotyEdNURUHraZAqL/AMIY8Lz4uCIjuFwWMKuD7K0rrRif+X2epPsjZoluVl1E5cO3zB7k+z1J9nqT7PUn2epPs9SfZ6k+z3J9nuT7PUn2epPsij3HKZ7PoPR9Am+z4JnJ6fMDRfwfZ7k+z1J9nqT7PUn2epPs9SfZ6k+z3J9lk819nqT7PUn2e5PsoJ2pn8Sc3glL5g9SfY1/4fYplea+z1J9lxSXN/0qD8lhZIggvETgW85P2LYTqKy0zHZoGqatlbst5ECrVCj1CKG46dBbsipF/AlSFQ54yfAzJGUEiLpzH54THSvYgrJ4QhirqvNCVuZ3JynVqXqUQjeShFFoSMuppZiI0MnMOYTM0qRFwWj4G4KmLDcqujKgaUOSiGRffJcpWqCyjUoCBDYTm52FShPGeBair7MK8LCVcTpyNXE8GUJUJkqxdCRXcQMKubMoF3WDwpCHK5nUhMLSsQqTtmZt1LckVhpQl3IVVBDpN0w8V1m4EVoS+QgNDsJ5M0OEGScNaCNrwGvZfukP2ZEYlQhXQFYQnqZrvgzxnPQ9VIfO/wDYy7oVCzeTICaKeIvzBjwuPgiwSetw2xOLfi/gtZZwYixljL+cWItXG+G8iPheAfJ+AWELqljyQqIfyPUzkbQCoS4kem22Vy5oqRYSTRkMEKGFfk5gIyfYV/UuKGuhngTq2M3AoyK4IeBTozCjItNR7YwuthsiLfjqgolQnVFcFhmusGo5gjJfbAyIQWE0JVLCuXvw52pS9yotUUaGLIFtApiGLMQyHJgizGMt31NzlxZYs2WMmoJyXMK4vMi2EutRLzTJOZy7j8JIUXJ5C2SFg1V+BUwcKWmgjS5+RpXyzJnSSZsZLjNcZNtMiDpDY81uhVPwKlS4TJKvTJlMiIHBQM6t8oH3Lazg9rrJO9RzPdiOd5J4Vc5YTDtdRly0ZCJhZXGSncaSgwz+fHiuFnpY/PI4LY8cWvEf4LSzCCDCLGWMoW6LEWL8qdqcRe58TeAsHlczSO7Ho07yI9zYS22Y1JvWB7llVhyUot2KlRbyRrK5oUaiRULzKiWfIl1VOs2YkxOT1G5MQ6nMDKpHNhlYRQYrqKshpmyRKBNOaJMyEsoRM5IJyKISCUhi5KIB1Ii2lRHCiJ2IEDmrbApktoIbVhcrJmQy+RGjqLSYnJnUJnUriX6PYhQx7k0B83VHjCU1zJYKzRIeklo54yEj1QsZnEGnREk1pN2sj3kyZFYHuor0GucVRHasDFsx1qwl4xeRJJfSpWOBjHnCGLVQ8oQoxGXPJX1WcyXCdXyCJONE7iQ6hayNbEPCImim21ZmSHoRHVkudRU5FDaQhLTQztREVVLFu1NOgwszmV/2EAh3HkQn5VmB8B4wuM7eFYsROf3Q3bYuNJ4hCxljIumQ0JHG0NnXFlJ/04SIfSnwkMaZTDMEFlH5Y4p07MxicSRE5TsUVQYIRV5MS0NBCe65XM6TceptOpYpJC9gzJ4jEGyfr6DIHZjVkyMbhlULIRxLMcdmZiHVkWLYpIcWJ2YSV5qRyboiSGasjqVFjIEk4Q0I3E1F/IIFBVim9aDkVB4ISnnmRCZK8iBayichiqutodDmjsMouSGTTVhVUJyLIeYS5PkhxyKBkJKtl0ngiQsZkXa6kfSHsZh4bEzSZeyOWqDkrKpUEt8yMYooxEk7sle+iOd63KRoI8kltsqRHvuzRWmYoOQ1eYY1wLKjqI0ZdRDfeq5DTcUJdMiGhruPlq1EchZidogY6Qij6rgpVCytHjmexHoR6kNn+D2I9iPYhqyXYYyXE9WRA05kCi/JZgfAeMIR83hs4VwJDveDxPwxOMVkmYsZaxfETCpMj8EeeLEk/wCvBkviYq8WyTSD9wXUyLZKYeT15kCXSVchk1M6kVoqfcyY79DJeuowdH2QVuW7jY00EcSOlqTchKK7E9+ZZWSEJZGorTTRMiK3ROokgoJBBrCB8tpJtjIP08t7Zshx1GH0T7GuSFsX2H+iPjBoQ0vKf8u7ySqs7mo1/dcxpRREQQwCzyQIBRno6hSKc0KU6rQWQHk+RJzMnVCcGpgmB28Clu41lQ8tTzITyxDW4qhUbEbOVcgcxaw6WWpY/NoRJ1RA3Cwoy2tuwhnKEIpdB2ljGjPMedoMm6HmEt24XBidqiViknWbiYbsCUvcEMwUQrmcwnMmvgiEyuN06A1cq2RnCeBjva5KzTiSoJJARaBq030Myn9kEU/9IEPoKKy0ZoXMlE9RrDDdhXo1wY37SN0TMycIHi8BBQSQoSE/LZgY8XhCEPTqxjCwVcLT6dC3yf4SR4pPM4M5nGp8sBV+NiJC4L/pLD0JXNxPg1+f2Dnl9hUMnVlApZXyPludzQmVOXJjprJQEk+A8RTQd5zPyRaWgnKVDnJCpIUQjB3ZCaWIExFTXAhZsYzQVJFmw9UE24gmQWAU75JLduh5i6p6/Jka+n6T+i3zLawKpK5hdqD3WNEe7MqcP7nv8iGOIR8h/wC5F74FEk7NCV6OjGnaSHtJlEjbs8ghVgzSzDrvuKkbZZiGzirLQVhzMZFOxA5Nqp20JjuibFzVkTlGDVokK6OBHVsDWoEoq0TbbKMriUTpBSKNKdhHMmrHoJGoZUZg+Qn5kagH0UGgvmlicyk3ncQpK2pFle5Fzm7sfFVCy4zRVKE0xVVNZtFBqhVY2h5k6EX+0UcshbmlgJu9lFYWjaFaIgtQ2SZbvqGs1QyVQzW0H3fc4IYba5vMWq+Rpd9hkVgJ9wOIkhuZLsPqkvoNyGjPIghIxEWEkQR+SzAx42jlYIsxlglVwpIC2o5fgeCcPLizLWZj4GBkJ4WOHczqwnCS1yj/AAGgx4Mkk4solMx4KoDnGci4cleoU0s2EtASoqllNFhPFPqdCdCXQlKFl0IGnKrkrj0SdBycmNF3F93RGVi8Ew3oKYmjhmhSWTzJ1UidCuIHhVzGtaJGtLYpzZiqSiqaWe6kXlVnc1VyrP8Ao80VsswIidLrSrC+Vp2NINOPSPT5EaqNJYkQkqidQc6zdDplY8EhKxUCxDSrXQc3UbJLRQSlRQazUBHM5sY1BXJ3ENVmsJFUqWT+bKxkPVGU8tREqhbaFIXzZvI67FAkRClUryQ1q+wrAJqmdFRpowe2NRWjckLDLLTHs8xJNn0HSaghdyc9hqxavJQHqQKwbUmlrK3UVBuo70fOHMar3dCTht6SOSr5CeK/plMKhqYtSimpUk1uNBCpP+FVQlZDm3QVUoRcM9hV/OcuZzUhzCLMTNCbc1fI4JXeQ3Vp6lTSILQSqC2EiP8Agj4HoLBDcFI9ViMTGc2KUHQIkprPnC7BcCaR1gr7UWROIoVDBZGzZnLWUiYZkFm8SesbNDrUTIqe4cJkqMJQcvapLDLgpuklYLlJuroXSk2xWLE5ydRKo7DzyxFFMJ8sSmBVW7axASWb27jTh23yIVanU+YjQ3kujQuV+goClK8iKCW1ZEmkjsaPDkU0cEpsqhll05CiisLJCVqVT6D0yrjqBRQpeCw0jb6VGfsyVpeTPmqnUf0PqeDGqi1JjfRqqZY4BWnuzkkJ8lusfsuRkT1GLZuCQc1WZsr0fsbbpa6WCwdxoSxNmfcTHUkp2TyOJi4mtSohXUnNwzyGg4EzMVyQ1QSvOZkpDtqPhCBLhU9SOSVApecCOYJBhLNK7Mr1dVnMQDmGuUHiwctg3FJMhkIasdShyBDQdsfYUU1pAlSwRN2bIvgc9GO1uZZCnKnnoJmaZ33Ix/QZK4U5qupMFv0kgiyuLm3IbgUDUfpSyD6tNtRjXUNkRLtRkrkVaSrMa5FIDL74PnfslS+YhanMazJEOqvayo+UTVKh1K57EkZQUhQ/5NDHj8LBcUtYERG46NdC/WgkmS6QS53JkGwnyTwVyKkMkshJriIKJg2lfBfcyMzMZhJ2CrkhsJkX+cRtRsq1M0LwpSJHiljm5YJ0ZCKVWb5jyLEKKjsxQhDrgjAgNrgb6oM0qdhGsg+YIkRKJZsiKghRrCKnl6rFscK3LbqhIPajd/8AYjmn5hN1JVIGLU1Kh0BohVDtlLqxOVj9ByDtnRzpoUp/cG6c0lhOw5Vj+bJY6Cs11xtEOsMSfyE3OHsIRlKgW6IsTaCYkQdLeX7i7btZr8iHUlNBJclZyKXirJlIOxTuv0InpL2NEatjbYblKR1IaaUyXdGZXXYoP7czPr0M7sK8GpKu2ghHSoSmVCLRZUZqDQOWQSZItqLaWizIyu1EyoQkrCcllid84O9QIWSoMrvMemSdthLXHJUIQLrgcXOo0l3EKGjMQB3E5Ydo1TsKkp2kosy8idTYQTIgymRZN0ZI24puPZ1IyFyp1q5D60kUmU0jmCCKugmPPMulLFCmb/RUGR3zGjhnFyVaQighUrHvDPBGvHzi8PuEFa6ia6TcySdE8Dbku0cVe2BqpdVwK6xOimTalq+TJ/x08XhCEXc/4ATquYgrVh0eeC5a1qo1HMjV1EefBE2gS0nWbsdUKO/XyX0IYUTm4u7QxeW6wfDfAzh7G4fZwIv3aEVMwtznwOalWFLThluXjlbCQ7Mika+MkwClpQnAy/Kxus7DauYREOvhhCVEXFFXLRrNoH1QQuYqzblnfUQIsGbg+YhRlGJkLWVoV1+olWBLqMx6kJz79gbE1VSRoaEIsLqUNO5wMa9xNSedhBmttYZ8UFPDRGmoZzRRnUzllYui2+SJu1C7AmhIVQboi0omLjyFQihH2KF0Lsh4SwVRHD3uDFrfPEDnku4wMaFmqRlW8slKwjjItCC0k9XOwkDBokPIXabTsV0jU/RIJYDap31IplmNfSRdgQhWTyQzVU30IVFDWOwzZQLzoWB/6KzcIihEXJFVncukA/UhRfchosvBKodGncc3G5qyXLSUGadWNeSUBERYztjXKpcFs4H7z0ZJOdjIGKGgoKreY9+VxqIEmiJ7CFadAPXKlKar9jhpylmUc6Vcy5DDT5N3GNDQiVQ5SVdyOpUQ1MVVZEUukRkZEIe1ee5BCe4urORMmLqLU1nhToi6i5RVfe5Eqj6C+dUJViXIcKdmJDMXhOQkQa8hJQkIv/4xWMeDxhCL+OhYZ1q4ZqJmTHJh8u5AWmq/AMrkk9PZEL2Yr1fnUvJub6B01H00GNI+kM6qpW5gas+msEpumJKBQTY1Q+XWmwbTrnA/hu9iGDkHpWWQhShZXmRzr4E2r0tYIhmYmuCpPrMwWzMhWSXc56Hid157D2lKh4stImSkDLLB15mqvNtkC3zqyO7kJTpWYpLaqyghMjwOIVj4W4aG7K45FNUXG5ohYWmrvJ5o3nsyIhVChBdKVOmBTDKbtCrkTfaJiipFyiiKrTLiLnULoDXp9airi2MeDauhu+GYxs2nJIrWUJgaQVPMOSqHV3khUSozJNAmgmKNIhr+4hOFdLLzQlVKXXA9JQq6mJ74F0KOiLibl7kxmkoHR1qQtwFrYopy3kJEFd4Ge+VehXi5i69SRrDjuQM5NegmN2DS0fISqJ9iQVC1eT5nMtOuSgtA+g9lw5COHLyN6UeA1J+x4BTzLuKtS7IRqaogbu0hcydRXQ1KFE5yFZBB08QpyFgrkZElwj07sRAlUjIXYsTLMldXQ5OkGQYU1ydxaKXU1YchPd2wnbhueAGEvCJM6MwxJqCtFo+t6n/jRjHh8IQhxPiBCyi7V1FHmZ1rkWeU2+xAkuC2B3PRLd5EQRZWic+mWrqJQLisjd1ehn51xV/XIS1HyEao6b2J9uPecgsIP2z3QeUQva/ZVh8FF+l86idIOQxRJ5iFbCEX2uAshpggjDXxxIR6l3BUSSzQssJOcSFhqB0cxGfupPY7G2H2BFC9qYZPOi+hBKSo7DULNltu8he5UINub6WKha2yZbMlcIzuEBY5plJZijmysyScOZfQiJrPgaasDSIIf5Gu9Dk4+T9kyT1SxeCDkZiRTXMx1ZOoc5k6lUQShAy429xkC5JgaEA9p6l0/QX7I8wtJGaLdRymlMXFMZjXNMiAlXYytIH5JpupsQ5YNBqZLZCo0qlvDlkNI8FfVctCedrKhLyRONxVsi5dYU010EuKMYLJM5JKu57jmoSXQ+g1hWRMzZYsCUszNVAnktX3HLYOzye5E1SbutCVOZo3sQIO2WYxHGU8iE2WhKdFmCGXzQW5QI8i3D1IMnITXPTBJkxCKdaBNU5KMaEoxTR/4yMY8PjCFf8AAgLgl9fIyhYsWvU9MxPpqOgJbyFl/YvzlTrvbbYEiBosBW82mv07NDTsRJukmT26LywX7QsXLGCCBbFxbxXv4xKJjW4LLonH4Oj0VcKmjUzXc/ZbCBuUpCKFehJJHVcx6SnREJzc90gXJRCKwJMiSZUw0oXd5qTVNEiT6iIIawE1MjlLIlJ7QOWw3KhcQmoP35pEl1+EcomkOmwrqlBxwxCYJW5EyIAzcJVkZthomUKs5gVA8hpdR8iNaklSqGjZiEsO5LrmV3KjlfsR4iOdJKRyC+xtxmFu9REk2z1G3G2ypqNlSYybnwLtuOSMkzFuvkSWcDRZjQNxuGJ8LRIEzjHC0XtdC8p8D6ZJ8wwmmryaUuYnBUJy3kkjvkkV0tnPAwZdBOY9ksuo1rr4HnHa41i80KE1z2UILdzRJ4YvgVf1UT/iDHwUQvwYC4L0+hl4CmmXd5ks6dXqtV+BcayhsV7UYtYM9LoZZu5PJmanLwPxXoWs8RFq5cUUvwoZElxuHJXMpVuXY0NDdKAVMhE5DpJODcLV1IiNHm8y4l0ZkgSwZbQTUPNQn25yyI0ZmupEqJ5ORAmrcMkIEnaH1xr/ACWEV1L2PQhNLIWApkiy/UZRp1L3ETjcRJhuGNtRVSKVplN3KauC3eDIylzMigUBxdMlUHKsjOgf6oT6UIdNoUIywslAjuJ7jdk6FkJzXOomv8qYCWREEYSkNWY9IyIk+jZXSybkCpSKugkiOU7YQF8sHyX4pgUkigWBAiTwQQQQQJYOgVXyMxrUGy/cZfAbYk/VJZS3SDI9ojf1kTahV8EjuHVRRsReVH+xb/4i8I4DXD8YBcB7fQscF4Wo+v6Ei6lXEZMVG0QtuULy+zHWPqdBinMn2KhsH1iXca8u5dqFoBIN9lJQXCwNXFOLyDQQskxbhJHBOPqNigi5Qqjq2VkGbl9RKRW6jflZMRfsWLxKaE1kJzcHXcRHIhqRMokaFOjeYRGEFJewV/5O+kew+s4zgkngSwh9BrdbGZ0+RLFvmMkSWxfewWg1zROBOZybPsxVjTXao1IQuQiqLbrhaLMT3NBDaNt8CGg5HJbEz5D5HoP0zRzaJ8jfDFUjgX4GiScE8CiTZJcHgSYPucT+4eevAi/k9aDSIs+wgy9iDL2PQh+6HrB3sGjbEn5VwF8JkXDtpKksofs2WDtxOt3h04GKIeN7fQgXkZJJkUxuWUO0Ue5Ue1qEy8kbVE7vPux64myAterQmpFtPiI+/pU3xEBnE5SegwrCmsZpEjnLgL51QZmNQNWYjWY54YlyQjJFj4CGaIhwvgnFjLS6kxmvsLU8Tkm0t+m/1g71M2erEK/XFAiSSeKwL5qSzHSg0mGupZ7rUscuSgjgSzGTXYaz/FLBqhOpHp5mWXVx4yKSTJEwLhvgTHVXThgsThPDJmGep1DIRAhEYxglKKvUgpLAvzRcRr1YQhR11URloFjWJ/qYLwEeYzG6zWfQZmvYzIH+kiW0hTDzOYnyZ3voviS8MhZjb+6WPtzKr3EKzFBzI1JE9vyPoQf19kNXqwvOgghEEEYzPE2yXTLFbidEO4hhJalYJwJRJnwtVNKZLWMPhX/DGCrAyJCirhkXQlJfP0lpHNZnbD/ZPSpC7Njh+GCCOIxCm0QQuPShkbvPiXDNkHNZC5tra0M2nkNo6mZqivA/OE/AhRGSNmlhWEiZJI8M0EvWnFygPpHsEv8ABPDmwdap/ON2Q90euHrsNuNweybQ9wrc+AkL80qw3ilI8c3grj4JcQxi8hFyCfaK5qjZKv2LgWheowkZZdXWR2PCJ2WxKGn8maj0khvoe4r6GIankOPbGl6TMWMF1HnKVO0EGjCOxW4sXdLR3Cx94g8yoTVWH1ynwI4oIZQU6DY3h1esmzZKjiU4rrcnDiknubQ/sUzJppbQeXqiiwicGbcamWLboCPhX4Ywj8To0Bak0Okze2oc5PZE3/Skyk/mijU8UEEcTY1WYgPYPTZxM5/iWDW6hns8iElheRqqzfYnioLUY1hKsyHVtONfQWkRREGpig5pFxzz13wKmEkkcajU7ztho6hBlW3kVjfF6cJVpK1lNOJYZ8E9bMgjEjgDEY9Ud5EiCCPxyTjHhGHy2F34CC3BKWQPKvl2GPZ8tuNjoj3ORPSUhD+xQlihbm06yCu+qXDeVHIQtunDOaG5oIBV6CjD1O+ExGylNTK/kx6sHpNOpkgf5o/04T/uIQtbcNAdxDHXoK6oaLSOxWkLjt1TrJRotRT5RE2etyLLdBEnt0HTchIvIEk+ZENVPrgSrayH5mEwdgW2JeKHw4Phn8spGdaL7thUHFhCqUXyE5LSD03kgPCjBeQDR0INlStbOBETxgXFIhdiFqjckXRk4smdEYtZkX4EK5nU8h/tZqQ5EHc2WlYFnUu+cqesfGG0QnlkWGW/TMj205ZPlM76GxiQxcSWwkqTTFhM+lTZDtxkhMpX0Nm9URHyngh0zCH6pTR9DTIoeeEk8OcZ67X8KkVNRrM62RH4ZJ/BXwPPYXcVX4i4EVsdfc0syZlRfgkYwm4RWHzlRZEIEJCLdx1llyGI7Cape/yG5wFQCZWW5uk0OHFIYsyScIpMjdTYMU3Maku0n4GmhQ3UjCGSw1OoiYiocGp6VSSOygsqEVfZN2Z/vRtIl6VKhTyCZZ1zFax7iKlvchNOGYS5c0bwjrGyYoHnoxggggj8ElyYjbAjkDMGPTFJREyAt/U9Q+JyxTBoq+80J6LjikujFZIY2HeP8DlArob4WuCYM8G795qQ5CzrfMyMSYYwgTR03QlrEmWZFqqLc3q6G1aDVFnM9CD1dkEzb7iU4ikeygoqxLEZGBEpkvbTzuh3KjSgVCENmoCtiLsjI9ToIZNKyduQlV3VB5Gq/BnwoftIuNBILGMzY/3+B4yTgnAninjcJ35oK55HAZdiLFDjzxjbZRmhMSg29GQlNZiK1iFfKegqnQ2HpvjwUOTZ+xOITmBcBavUbJ3Hab+5UTBcwibcUlwk33CmlYegmzr0FgtJpZV5vMiTiRFCmTJQtiiBvFHRXZP+MZijMjxQvA0dDbGCzG3CZJZDHBzqWr5kmdKKCEqR+KCu8KqCtVia4QQQiCbyGiK4rZFkbxxbq02y6kdJwUoKGFWc2u8sGqEcx6EbMN7n+KcJdRRvkS0vUzzsSHvwKdzYpZCVESOCcZR1HnmJ3WbITWXNtRc1i0sT5Mskx0NWq8xleTwO260aD2gzzJZ39iFCkkTkkTEWWcsi0Wqa0LdVXT1X+ELGKotSyeg+GJcipLmevDBze8fJksOnLhz4Re7Ul4oEhFjEIrXFoU6DMkPQNsw6xBUSxux/E8ihfJHkRa7j3jtBJMFQEh6CNV8QvfiFcTucK7HzOgN0uyaly17iRxS3NWUhRpg6l1HtV8shkr8zITMi+Q7dDVUfJ2mVa0ZPG3QeFxU3LaUJRW9VtCRDEtLMw3mnPsbsh12XVLMXCGQvHCw2epdLUlq5M2JDyqh8wYtJo61K55jq4Nlky00RVoqYn4GH1YeU2hC74a2omWwRVibTNIASqktt5aixTJtnwMqg9KIlZC1jiQl3DLqxmyaXNRRTrBdxZgaRswbcxMuyJAgpGJm8Et4kRRwRxxuVbauNLTKUzAk7/kkgL6x63zoUyrQNWybUrmWxEUR/AfBODG5kpFH3UKTnDnwK1L9o6avT0GIVtd9RVZKSJ09IhFClvxzH8TerNCEEDa2UkwpQhzh9cupPA29ciUt22aHrkwvm4Gq2xZljWbjti31I1VuZoyoexIy6OSCmupTijIWZaDN0wg9GpMLGSISIwbsFAM/2LApNMiyUNi4ObJ0FuB/PaQDoG6BiqXhMWBemAmnLzHRKUtxOpKWQ+DAovfmQrnyOG7r4AIg5VWmJaaXVqHalbqgsJWGjQ2UgQ+4SISWkdRt3FcUL5IWhpPNEJyRYOjsfM4Ik1PScTyVn6G/uJXUehZMUn5KLqqCA1th1VER2pVPkrcHqlE9/ripCGyqh+3MSK1lSkhpdUrtRBoA10kdbSwXPWTlsSdgVE2Fz6ub5yJybqkhakapLKAnCkgiNCULRvwxLVMkYMqC26lnyfENGY1jbJEg8xkBFhCJCYlI6EcLZcmK2qWkzjEKqNK/FMHumTd1+BvTGobMkIjCbK5nAaPybJhOEDQ1wyPCS4jlSwVpKjrOY/RNyLfdxtmqSXKF3Ey3H6Rqa1f6GpVxJBqqjUkJvVOghWA423ZdR6fmn9Bukl6GJkB5LmR0CBq5H6NM4aosi1imdELcjmgWEoKrVEWbOz/BNGxppmbjjQuIpK6w2sp1OgvrhIkzdMFQX9RnVCRAxCIXPCjoRWouTVMTDEpC2YzYXtYROiHVW5DiCJLoe42hKUrWbCMJT6SXNXSBsiEl1FboxI1v5PAChqasCIIFE70VhBfLw3dfAsiKsaeYofnYQV8ZjgQhJQ/pKVRKjs2Rl6DKMVWzUU1axZmrdRAaZkq+wjiahqnbUuNUU/LDk9N0ypq7FRHN6lrkl2VRsLQp2SU9ihJZvmQrD7hDqSXEwlIwW08yyN1Pm2zMma71H1M6HZD4iEjSOUIFqHQyVdjS8ktguxCyXA1dB/JXzRBBbB1zJ+yCEHVTLiCbBIJEcMlAjmIWQzsXB8EmI0gs47yHK8/BOmJ3TLAiAgRwI71gUhBC9oXjSTA/YxYx4vzgMaJJlvRdR3m6ZI0zjQQbEEdQ9iCIHdjy3mhJlIyKmHTqM1oUt7GsORW3ruowQudNkVKJRPBGa1MqFmjZmUDsYynom433K71+CKCtUJe2SK5ik5cxJkshydxaqD4EyusWExr9MFPWqQOUmS9RQUKjNGFBmXPAtRSKQNkczEZnctQYTiGUDNcOD20H8F6AUxafYnCaW0wXI+i0XwK2i7Ji2S1INljjAkIgXDCshD5vDdjORJYemg6LsLuJVkIMrdwSG8EUSJOQau6FjgGJMFokrIR6LQ95oO8U+AljlkDczile7EMRMrYuVXWyHGy1EIpWOoWUEVqzVwMIIqVxo2rC60UwsjIajqrA/iLCtMWGlJwyCsSNik7CiHXVIDoMXfGv2VY1kPPEiIjgnBqrszg01hjd3f45SjG/sc7zNmFeTMuEiIEcE8HIxKLvYTHI+g3mRpK/Y7QiJzA6TmmckljqJYMbGgI3JNKpXZbpuuflFWagRVbMKSttKJKKolMOUyb7/AJMbq41kJTdiLAIrZvmREPN1GlpgTGGSqxPNUMo9gk07qTHLrkaQSiyQTCKtGNDjcDywWyJ1V9LDYsr4NEVyP2kjJM/TB/VXOSG+jJjbbuZNIb6iK6XcWeXFRiVwOJh5arIWpeGuFKNjGm8wyWKifkBASRi0ZdCxBetS5L5BF4gJGJZP9haldfsiFRQ0TElyEEiMKBe9FZC+B8v8GgaRW6sylKppkE6m4dj5PB4A555pY2idBmLARC/0geALyNlKQSoyiGN4TkY307GGbFqp0ELbCUZQR2pyqLlgyY4TK4pdhzdC9DYLmMxpy0IRGM0FeCbhCShq6tEUcamYvao/IZoNt3/M3B7xidnn6Fd2ZMJMC4pHhXHeRMiW5E4aGBeTkFdOCJJu0yREDHwKSefRFNBGkWQzd/CNlt/JE1m4nNJpIspHqVhqWuoe16haliRvBUITHXS37O9ObFVSs5KgNTSSOmeaULadTRZ8TqVV27FapY30E7cFNIJ3gripMV+GDH7aSObZz+5RkbYSzH0thlitqxil/RtqlI43xc3CnSwq+rvMwUCwruUFLXWo9P2ETnxFuZtjLLHIWc+P0FUdgXl5URjU84GSSe5eQdCdl6C3q8IfPEEhECwArC+Ivn4bjdhBapR4UjYdWEzndhYzbYaQtUSsdR0ZMjUMp96hRfSBdA/2D+PKQkGvcZIpEIbHLspsRXs8L5kPmxRgSwcKVxLpVnoGlwrBsywF8ZomDHSQLmK+LZcQlao/ZQXJjr+e+sRlYfoMldMyESChg3gSThDZEYt4MkkkQIntZI+4pKdcNFeMxFcsUwzscgw6VO4mkNgxjEN5TeZqCbT8j6s6FqcXDXauJ7GSSkjWpahNRJa1TUbGfBZqs8zpohTcdRAhCwnribVZYfkWrNZZbwuRmSaJja9+iMMzSUciU4V+BWQqKZtFJMEn6BkC9LY2htqJ6jRngbeaJ7qN+RpT3GSzCXlfQYpc9cPqICRkDQoNw6wiRrzHmv1SQbV1qJ4bk7QTVEIVelFXU2lbIiqtSOTujJUZrctJZD0zMqjbmQhQQIKAlEL4iefgZdiSihS4SJHQZ7DkMSUDYjV8JjSmoSokLSIoYs4Fwgg9ygafD/ahGJK0qOmqFFV3yaE6CCalROTKDbkLyOhkxoYlWGVEjADoJDSpKRYtmai24EUD0D/kNEbAXB/8F1cDyuw05zP0FUMuEiwRBBGDY3OCKYuKR4QRFMxTOaOTYbyFjPoXIfMliGyfMSSMCMXgkOzihX6XfqLabGMUJKxFMqmRJCmQkzuJR6lkLUpzIhZyV+hxgproSyhXJZfsc5shqQyRdBSdnMXcotkFFla5FSrlXqHRxIrQIReNScUtjIiuom8CL3GWhbqTV9kyp6ZCRKILiP0YOdP+7J6Mnv2Nw28BPUSBNE4lKdkSaGoQl5BZ/gTgd54EuYYqAZCVcxqKWmRs9xpTYUMh6TYWCvA2nkQhYImZRVGh+TKoy9ZHzXuQnYVPzIvMauAhjQsELCN4sEJCRMDaClquAlUSgpCj4cXdKDwwgRJ066EUWoyVq8BosZBOo8ywa2DwhVfDBoRsuEdJiqMaknFKQIs8n7/Om5iFnPIf7ufUqGerzqLCUjCOC5AxkCwJiZJJI+KJGpdDcdmjME8KlBshSzB2xBPMVYMeCcXGpOFoP1B06DFLdPhFoOkkhWbUV+UtTUzuEZXr+R1FJI6qSBdCO1A+uZqSNEbeX6ExQy7LfyyXNL6DsKHyrDuaCRzEpZw4WY5ka5oTGkJJ59yJRcTN/hVRIz8vCjwfowgB/wB2ZsEtOw3NTVGbEWMqyUg7NCFTgShQzEzMSvQUiJJDCpmR1OcUcyPqNF4wNALQIjLPbwU/4arwLPDUB3XAWmJmWAmEgk3RvAoENpqjK2nkUcDMlCR3I5NiTYc8k6RNB4E1KZK9JzPukCZr2JFAsNIpBZbpnAkUy6kQhJCciRLCRQ4orhwwpG4e67IVpWgq4mNsaoJEDnwrHS+X+Norsz4+/mahyEPVzLahKhGgWE/gQhqNLFCHwsggWE/afA5NZi4EGqXUCxJUI0t6hDmMPCqxUmo55aPJMnsypuC6shvq04gg84aacyosiyDRWBtgng1Cpy1tBfCD92C2OSmwrNUbhyzM7Vzc0FQptGUxqkQrXguYlGwz9QRYqFj9eEPZuSNCQyKcBwSsFkcWudBC6Qn5IrujUlQ0BzyHXCPYkeREhqVjeEGunnAeHyE1kLYR0IZBaQgx3QEsJeZyRaIWoLCXVjgTsycJEoaEhOCCMDVmwZMLKcYZvTsai8jernMWBJMkEYESIlREE3ORAh6LCMY/Ba5fl8bofRhvdvmbnQhTqzfMtiEosMC/JJUPgQuOMFgki1QqYu0EeGxDKwXEiqTPhYIkknNj5UroRANkWBSZZdRM3ah7E0NyaabDSFyJftkcJU7hRGS1rIJxjHNUpsRG/BCIe2D+RZVsOJdSLdzjOlTrEVH+2BMhi3EMJkk4fowT1s2IQSRNClBUbwopXQn5ohEblSJLYZeB+pDmJZLsKF1fgYv5Dd210MqdaFiH1JCuQOF2hLILsgzN/wADIwLmCxyj2MtdjWnYckNkWgxahNmJ4jrwCYlZ4M3SWaEozRqhPsIvMTwnGRJxQmPNJchVhAarDwGzIMOvPeL8ljl+Xja5ew5X3zoToBZ1ssiEiMcUEEYSSSSThTCR4QQJCWMcDJIegsKUWnWSB80QPCYzkhGNGQ+MgESMtzjJT7/QiVEzgaqEeauo+0Mg0GH0eBFjaHRalKlq9CUzLh9CdrsI2tZcCJd4RktfkLkBrLbzSE/Qt7DvDV9xw6UJRFU6C/P+jMCHJn3Ii47OZVVEYfqw9NqxjQ0MSwQ6SiNF6hyP2KMx+TFB2jug7fqIswS1k7maNDGsGIbjMQz8iWY3hO6kQv8ARlnKad5kmZ1PaktLdsBUrBkA9oHc37UL8FuJdp8iGahPu6E7MhMs3cYKynCXkmL9YEq7LoNZ+MCK0ZJOCErMaqQy5yjdkPYFqC1TdGE6sDsToJRUgQyHhBg7An8atLL8slvvAE18zIxIIKBH/GLA8IwgXEycMypAkIdIR+gU8l7sIkUFRITsESF1wtzg8VK2skaRZCZQtJxFS3pVFpqUQ0S+ycMq+6Y+Y25CbiZPngWEUFFkWQx7Qdm9ZbzMaxYUw1Rw/BQ0qakztjGpS0Zjk5Tzwnpu0oRWjH9eHudRjQxsApplhO/hsh6Iwa5Epf3dMMq/AH8hjtzoP8iDunpUX6qP9dFsTuSZyPBo64JICQTI4wDWzsQOynIJqJyUeMrEG+Q5grJ8EpWj6CykkHYjIOZZTVJiVcpzbCsyGrzOcjqLUEdA1juEXUuPbGVHyqT2P1iv92Do37SgoibvOLX2V+S8N1RLSKSlujGpO0HYBnYCuSjxVjP4Ftx/ZmwKFxLgkn8M4QRhODG2MTExueKSSSfwIwVoUJ5lIzUbMdtrOopMIThaVGqpqhECzbI4nX38BszaDdT43ZAtFmklSey7Ck5YWd0Ok0kxcCxKdoyGlLVFNNtrCOgGenXRLGQz5TIpk1rsMf5fwLJecHj+vD3OoxjQmJkhB1G/L9EGZdTe9caI6Bqw5jJlMkyG/IbhpqKej6F9TsP6TPE6mdV5GdjjYit1HEayCEluaciMkRNMjEbwJnMJZkRLYjpgKwJhssMpDSQZDOg2hWgW+N5LNgtbllRziL9tSeDhhu/0GpeqR+zU+1sxf64Wg7UWIQ3EW/glbl5CH0Gi/Qf3NLW+iEX8MIuaSKQ6EEMmGxekwTZmSFuzYnoGVDlV+seI/eF/wpcSomsxTwMjBoWJE/jfCgrqXYbKz0axEdh45AzYRfVez1ICTJYvGYqOn3qckJSqtO5CeRE4yuEfs0EFKRZCsCJwknBEStw0Bu5CJ4Vg5q5VdG2OTROMN3ShLsrI61SDwnD9eHsuY0NDZsFJ+eEkcToJCe8Z3KqxHM+RmePIh/QgTeawRKDV5DfkTsZ4SUcKcDLeG3IeoNxBZkd0ZhuFyzJeFy4gKRsTExqbrhI5k+pYA5YNAiVhK5kJEUXNRm6buBtMZS5TRTsPb7GfeMCkzC1hJk8RZvIWpCULXw0gJGRtcC0+B+/+BJIqlsIjFSGw0HgieOcEimMDwSwTLmwrc0J0+CFf6RYs0J0cZnLQdZUW4Dx5QKJLicKdhWvL5G+CJc4F6CuWkkiFYWMiYmTBKLUTeiIQbVJdkSeQgt2smnfBJuJLacP68HxPVmWSRXYQ8jQInuxJTCdVmtVYsDE088TwTnjIIIW9RlhFCwgQw61rk4J/wIwSQoNRqMsNyY3WF4TR5D0x6JHUbajB6Qk7DhxkLXIsh6A5ESOImLFg7sCS7rU9yG7M1Q2FhdmWDkszmN7HYk1khBmEuEkeYjKwQJakMkT0wwKis+B+yCCIxWKn4IJjChfgY3+NQMjBElRHBUk1TFpHT4mWLV0FNfTGVtclEmguKknQIhCpMQTbcI4JG4sz8BhIRNmsrkInhWBMbo/skxMpGgmY0SdagSiTo0Wr0vJRyvkPB8H68KR7SQhsMgwxcUTwwti4KtYc0MeQzYrepBBVGxvS1wsf4mUDQiNWNRlhuNkSHwwgghjTI6E5vE9RosWpwzKrBQ5E6kNm+4rs+RW8ug4Muwxek0WXxLD3hZD4O9hHQic5FmJieNAhhJojR8C/f454WtRJrcnpgvwNDWMcMEYxhBFROD4UInb+4tnJBzBciWSampD78Dw2UVBKpqCxJWX/ANCfAE2KWf7gTul56Ejsi5zcSj5hahNIqEtJCT/BrhrGU6DxqsshoYd3QiIbPwQaXDFX0Ei3gSMEr7kUyrAu+WCqnQSIms+D9eFdezIMyBNnINImBqR4UGGbIqRMuwpA8G9EXOCwy8pdeFkZU5yVXgviM/5oIkRoRxG5JE+AOh8mJL3oSoGDhSrjzAsqrmKzH1GmLlhtHaWJtkka59yxuLVy5puhBm8g3cXktnfQt/cLKhvYzL2EIqVM8fAv2Tpglsj8ciWMYTxrgngknhV3nAUzVXFXmaRKgw9oTFVDXaFhJLFjGSE82alRYjVaOgoDQzoX4b8zPblsKguQtK3e0Y5Pn1gv0kbKFQcZ2FO0ig0E18hkkM1R7HM8CoRupgTFhbMSU5DWk9DwhzMmouLVBNUwrcNbDGl04P14OrLMJCcIFg0ZlSSUISILQKmDdGKEoIDtwsWkEigtQjN/zQRIkMFF8mM6IiTCVyG5pdRdD73Qvk+Qed31wtVtd4GrpnbmQlovwZI7mwhonWhTITjSQEVZIhIUDIoLMjML51F9H0M95Fm35Nq6FnQVg13KkgZKrR+y5EEpcKfwoniNieKcJJxkYNTVZcDcEeekVOIngRN8wVEsiLRZixd0SLVMJJwSksjdqkBV86it21rwPKqRpMhXc1haaCZqSqND6ZEMk1vsVSUz2FDxnyLqhNtOZUp0s06FVQ33oVX0HwbdTFuIo/YNWmrmJRv5JxuyyWG8mxLCkNENqRAPV8l5Fh3tZPfcUJtLeSrEbaE8gqtp5Dx/Th3MUwyKrE0PggUWZUnBShmQC1vxBc/+t2YnaFggSIQQQIluH0P04NJ9S0QV/aZdfJn3LJnUEFv6wxpjBaL0Kml7ib0iTzZzFsWdxMcpBRjjQWQPPuuz4H7LkYprCeFcK4Mt4x+SRjokhnKRUwuMVxKgSZPUVamQdnbgfnvwkDUt1QRvOMai74GN4CnLOgoD3sTUpEu3IRZyIstWKmclm1man3EzXOsDP1noMpEUShDoPchJdTKJm5Caw+yS3zvozk29qciegBb3NNRJalCo2VaxsRUVTV2E0rByEsmvcQVznTYn2kQo1AoWIv8AUnfOu5NUZydu49kPaw+H7WP68KK1mJYicxRiq4W4qWedqSNnyaCdp1KI55EFyMEiHhImMV4xFz/63ZngiwvDncVcjLS5lOUk/RnSJrPigvaP1awXmIZrLCstjsP6ya11CTZ7H+oHLyvJaP0KAlfUSfrJCMDcEj1XHwP2RhOEYVxkVSMZJyEO2D/JGbH5pLwS1RHShX3Mhj8iY+dZGNHVXas8XrbeZ/hWO9fBYUU90R1JlIhVqTivNVvUSaUkQ5noaqLMlVZahFzvYgNs6YDYmUNZM5VouvxGRnxzkxoRQhx37NRKaiuZUW03WcEV0ZdUQVswLqXVe0EodijtPlkMKrBQsS60TA1koSFUVKkj6lcgxeETnkCgk0bpIoI1HOXL1oIaIYjDNQdhDRn28hiZDOjIrTEtJoMqDKDEN0cKSJLzth39hRkEkIwBBWEYQWHv9siBjqXMnM5ppkZuj4mgx4OIuf8A1uzPBFhkIV3bIxdRq8jSoS1m27DTk7jZTkaKUR3dSLQEHmRGKRA0eRdxfk7FgUdsHb9jgm2esk7d73H8oQLmm+JI+sWYSrEOfqWfA/eK4oIJJ/42bO8DctjyIRGrnzFYn8iIouQVCicznBCTam0ZBEJ5wjqVMTqMmWpVIqKWQ1lFA5EttxnVN+SE4ZZVPPeRm1WhdHYkXn7FuxHQywgbLHArPKbnk0NAGVySnYVc5i1bbkuGNm0NaqqbFaMvOEwxQQaUIJTcTCJzjIYTkE3GKjIQkkRCCdPIvtBiY6CYUD49E1KlwXpdXdCaXLbBj+LVVE8HXCWQnpIxYkgdRsqrIMOScCyXp9EsR4SnzGZF8EYm+aPBoitxBLkuVKJwRSdvmGA7eUWFCOIkaC5Gib2XRjzLGUSb2Ecso0uPGL4Yy5/9bsy3wKBbIXBGLHQzNW3hbd9B5XgEfkggt4CVzerRmHfJmcuifgtfcoE+yd+GBsyGRuHtFBCJJ1PgfsZBBRYZwknGeGMYGiPxRWtRUzfLUlZJZzLRdRvYKCzSj5HmPCo4VBYS1GbYs7BXXkZj1ElgVZVxXlpZvQfQrauq0GoaFGV66wMSvXNcNjQe4iiVRCj6rG8BtuNx2LQjKhpsqhR2PMJkznUpuDkyKRLNNxE12sV0LmcKugsaNzNKiZEIZ3OT1OS02RIBBFVk886UDxLkslVkZhet2LgXVMiOr1FND4Nqe72RB5mNBLtKRNlVEqZJqoZnDp4IiZnqsbTEr6STwoVcDRkpLroJeEltYhNVNw4hUtvcZ1FwzCbedhUXqh4fTh7XXgTWNrqPmaavgTFJIjBOSEVXLPdkeYeZZsc6E7dqSUhZkN26JLE9HwMYvhjLn/2fO8SSvUgRHDA0PKIVoh7IzKTlW7kTQn2ThTYk2vaDm9xBZl2Mkj5kpdJ8jVY2A2C50M2MXhOp8D9kk/jTJwknCHi/xRg2SvqGxSklOS6Dw/0RB6Aq1eSQatexNue5sZOQeZFCIlbJutii6wV0RPzYZ6i07S9B7ZF7EY6CVaxZNYZkqnu1RdIkzH8ISTZv0GlifL9yJea2SzGEM/UWzJ2JzbLRihJFJV5LMQp0D2mJZWESeKklI9gcjKjlYmWKVZMY46GLJeCXUmbdkKdZEEDizyHOFFLE91gdyj/cNrdf+jSqG1myK2Vb5C1yJtUm1OY5XGzHaKIbJKpvkUSKyQy7VKokSSnMmVU5+uZL8AGyIRCXO8hTVfA2IS8DS/bPD0uvD874M+RCUEmEJCJtLFoswX00voKpqaTceHS2oKquYJFHrrQjcoicDF8MZd/2fM8U3Uwso43PoQZyiKPBWmosNUHgSJMxVeE9JZVl50IA8iCCCCCCCMIvJdh3S/RpKOorDwnU+J+yfxLGcKKeDYt+a1j6SL8kSorCY9tUKZkq1o7teCGQG+YWT6uZFgFFukZ2LPsOtLdId5WkFLmandFpMTdQon3ANf2qJGv7RVIuQ9cSR1mjMKIbEKVNCCqJoPgDhfIiFY2xpT1UORApLeg/0nq1bH2blu5W6knNeQml5G8oafQvK6OQZyhOQXNrsTkVq/oESxEJk7Q3RKmR0NbGUA+RZUsI24WSeiEzUf4UGH3MebFHcKyuxdxcalvBkUY6NOVvTsUO2SCULzkJdQbPBWHzmNVi5qSXy+CSJmpFCYTm7YUOmb/YI7iU6iMVt3Yy0SPTXBffzHwfI+CZmg72XMxKbKZkY4tkN5Cy09xFd7E9UoNyDKKRYdhOY3ixfA8T/uLXzeKbZYQkwSqRwxoxncIFfCrdT2JJiRwNQ6DctvFTLGJtQD4o43hOp8T9/mbJE+En81NpZlClp1nwU1q0cQJXQqKu/wDR7GmzCGF1SlCWYz+9UPhSkajShXKnhzKlpGSOaHRLJbII2SiQUUJeRJRG2oiWb9g4UZF6imqGwKZdBK2otIlPNVJexqdSKjanQWynPLIpOU7MVKhK6I3lKSIUKifogyp9x2MmOJRKaCWa/kO5W1XMap3gKfIonBU+Alaasol6y9thDZN5Lcd2roqh9S14IQoc8wls9MkCpBK4pN3FORZrQpmR5iolKrZDUi6Yvca6XV3Cm20pmJnEEfBKzdWPYxEDT7a4V+1XAaHhe5vCIaEUgKbSLKZiFHXpEJhWo3FVyOs2Lh51FTdfRCySYHgvgeJg/wD1kW8zE7XtgmRhZkSFg67DecJzJ0VOwPxwKayBin3/ACWCsiBOp8T9/meLCZP5J4c9BMtOR68yC2uKDWVlJnwEVOJuqnPI1BDzyEjVTK2Y34qNWkWJNRoa4lbaVegS5rRIdGuha8NOr8C8zrskUq12r5CCoD2hl1Ib5lkp53gj4dHkKG2s8xXg8JfIJkdmZDqmnURWqy5NxFp3DqGTKX7zHX42KGTh0kgWbvO4olUY7WHZlXJl5UIVFNWQaymUyUpVBJLYZWiPSM1dteYhECjWYWUiGc5Fxbyym2TJURp7AiqluXb2n0ZciZOI9XXD2WoxhML3PAIqhHxBmE9sWEf5Gx05BNCsydTqPJjEpMNVd/wU43XQsrrIuoHivgeIMMJQv9gevQyWJqwggqST/wASLcQQrEBOcVw18rBJW2spfb4pA3FI0CxBp+FjcJsTvgHoWIXyHxP3+V8C/O2lczaeQ7KPXxouXcyjBeJVndbvJSJMjq7FEZUkTBUzOj6E4WXfcYSOTdVWPsdNw+oLrN/sfJuPgXFlTC0ZDXanF3lyRVi5vCwx1kPgpXdrIzSHGdUx0RdSLCGWowyDpdcygaozCLVjaSwlDk6lFKNajlUWemx0LcsauquhLVFgqlECFYuQeUlQq0PkpisEx0eTwK5oVpFak3IqRkLbEJNZIX+QKSyisCgorZMrUA7voiNPN/sWns2Wb/mRUblBBVgY9jnh6LXBiYHmYBE3aFr1V7k1CvmDD9FQXEajk37ExRkTInqRq2KeewgPN2MeyE0Smb4PCnCcV8Dxh4GpIcGSbLUxYiZobyaU5l4nUUWVwRuVJGihMnFfgRbwh4s5yHqJvTDEnCtm/wAYfpxaeMgOlZh2ISFBYSWy/E5JoUqsNAr5R8g+J+/+6Rz+3PUqDYpDZU5/6WEhcYN7iK81oXMsILYRLlPQMycj6K86hRy3ezY9KPki3LcpGZQyCVHysXWTM0L565ktPd+Zsd0E7xNiyjxrE9xmlKsFLuuTN02HMUJVVEFDqZsjn7HuPMm8wZmFLEOpDKGjinyQFERs4pa5SlJahchUSgnmdOQcOldShJSKV9BDk/qNQ9QgIhoZBWo6nUFsTMSSLUufUeRu6xUlS1Oo7INX1X+FZLIOha7qOSaIVkaDwalBpjNiwq/tEIV8kuykhUNInBlVl/rD3WuN6QWyJ1FFcYnmwkC0Q0dIpmhMsg0izQ67DIZWzOjoMFMxSagUo7rBBC1JrQW2KMkVV7WLBqRpivgeMPA+A0NgQF8jKmPVy4S5MtkuaFqvAZsDRezLouqIZLBJFcCTiRZwg54YRE5hNKM2NGRHNG8StSC343i8Dxj5B8D98ck/8zwQeh8FPmVoW3oLZWBr7XUtPazcfJrS2CWRKK2o9qhDKVlcLEJ2bISKyA4pJopMF4QzvJcSlQYz1SSmlHkWhDSbtxqSSYQiQWWptly9iGacHZUEWhG17cYrkcD024As4JTdR1OgcsPp+x140Ui4hRpE3aiHT0T7iWJEWZCc66wippJD3xuiRuhMmpA02sVI2SwxhN6kJMdyUk0TSfrjOP8A2EKkzFITgvUfUFZhAMut8Id7ZfJIbc1ZAtENwxHBbtoROXLCfn9jPOgyaasv61OoxDlncwiKt9oVDT2FghUF6ncdB5lwhYQ01C0b1GZoFTTZIqXdpSNQV2JJFCIFZUQpmg+JfA8AeBjwc+cWryG/LA2TBvI0YvMx6gVkoPvcL72D6GO5vItqfArFpjRkFRtrIlGLAL8RkkbwXqD0mBTZsCdEk81hJXnxTwMPDPkHwv3+WfwNwLF8TaEITKqIKd4mkkvFnTRCV1Ims8iYqEULDVt2EVKgxTOTH1m3EUkXI2VW/MjDbP8AYrSS0ZFR1sVFzE4+i+g93dNC0IgmyaCiYzVPWbUMiVbmXhJroPbYNY7CTlDmbgkGZtz8IEZQZFsU5NCkjVj/AGR61wcCQq0r6EPKN1LQJkpDW67j7Y0Lk+UqjfwKqU5EVdkUHFWeGpvaxKUU7hjKoeaBEDOFFYlZEjJTVGSO4SwhywhoqCnp3OdmxZDcN0ZKaYUVVIkpZY8JkJJYu+gS4DWewx2minql0FZhvRCAqR6OJaGetjRPIu6a4dCmKoo7RqClHoI0OSidwhpwVGkEWsRDavUYmA9bGz8g0lZEYsyG2nc2TEPtExXwPAHgeIk2SvFkpOQ3CQkkkYwKa3GzUEWeC0lgJFqdS0i2uhUlQ9dZNP8ANQfKoQmZSglH4XIq9mjk04OV2yA01eDFZpEBLgvcbMiBJCMK5DeEmNCieEfIPhfv/lZRzgWL4GORbYROD9S+jIHwG6w+raZyYmwctC6UzXMpF1OkD8NbnIk1Si+YupuKtqCp5sYkl2oLWIg43KAaha0Guq20dNBpbfkjNH3Y1ryXUnt5rHcTSOJq/Q1zo6voQv6JEqUjqm6oaP7pVpF0rrfMkWYlql9iy3v3uS1yiltdi8SSSjJ1ewoUmt56LkIIUt3UUuUTxyYmov4JkWjTUWQ1ROuxCph5GWVNSs6Mpiqmdxxh+6NQ6dBlT8jnAYhDgj5Ei3OtyOg9bHYgSaQkGeQqnoBeRR7J+/8ACoQ+Z/UFsUUMIxgjC0L5qSznSUKWmV19RLFWBtcXl0eZkiFI3E/tQijGSZqNDinTVoU2oY8yFfpQULIrgSUrFTqOhJMoUIVKjXIeC+J4HED21CKZJBkNSWuDXMdBlEdT+j3oYvQIaDJ6A2wqmSSZJPkUP1UkRz52KkngkXQqsYywpCYWPki1x7Zl5qhFaFMXHF5EPWTVmNzZ4x8g+F+/+HdwL134Hh3ITNjG1w0Fgsq6Zi0qXMQTMkThEZ0kN5i0fAu5Sq+YjS1R96bIq6Rnomvohb6TFJSXcewbluHIqqtRAWhOedCaonVt2SNpw7EiFAn3jUKje98xiXYyD1u9NBejR7jKu62gnuU11yzFGKspSLQLdW5Sq0dx0TXVdRKWzRSoYq7bV7jJXyFCVHDIasSz8MdUR5GTTt2LJjlUf+QUmNq9Go3vGK4laaisfUNC2YU0moGTdQrcyoH3b8IUJQ/qQUEmQtSPIl6BUEEfmggyQSaKjXF3gkUeRalzouXwW/YnNNcrjyZeAoJciQ1RIy7ChDK5DlWjFR4c1F/bFfE8DBBMRjwhTCOmv5M9LyWkJdsUjJ7UKSLQdzNeMWTBvoPkYEZcswach6QxUMx/gw0sJYIMncTsvcVSCJoGRYMbLF0O5IL8Txj5B8L9/wDCk0ZVpYTLYqLuPiY3iR3Vz3wknFzpp11HQrruFSEY5TpBkY0VkNScqF1Ygoh+gfost25jJatqjjfuNXUd5MyJ/oid4LlJfaxL97fqViIV7jMGVIT/AAj1pXRI1hGU0EylFbiGLoeg9I3dz7uTZaFQfds4S+yBbFRdiXIjutogfK/OQPGhF5ge6ZFrSjTE2ASvNOw9oyjdiOMNKtKvYbKnLhVpMuZLW7RlLck3X5Mfqad1KKUSfQTJTtceBaFFKIQ4qKHmJsTytCr5CS6fp0RqPqr3Ef8AMlWklE9KNnYpMXwPEK0QYlzLwkWRlC0k2MEW7aCRQVU9Z+jFfE8TB8EebaVNcIIggyCs2upqPmK8SZoo8itQ8zJHnUNRrAyjj8izkjMhtuxcmHZCNsUl2GZCuQhkSFrx6FCuxKSMQyw/LG5d2LODyWVFIQpBdcxVnaqPBAWR1TN6sybUJvxPCPkHwv3/AMVRV0RpHjlEy3REh+F8Bi1K4pwoQfBD82yZNpzHcBFeBpkClVEyNDIqjs/ORqjdLoTcwhEc2R1G334mERQ+SiDVEF+SKRcr/XEBA01kkYiqyFaNA6xFiCSncamXIgli7R+x76xao8nICsXthESiPalN1A2yJi+r5mc+kddQ6LkIbxl/ByFFnPMqHuV+ZCTV66l8DVo/hWE0jnnQvhVSsx/JEeiHcte5a2EdQW1Fi4im/pkaxa59yOB3mVleFW6wZHdZxPghB5kXBdvwMr6DOS19VZJkJ0h+Jx8oyN+DsnyJ/MtYSUxG20TmqhrabcaxNG6RDZikkshdVkR9ovA6E0anPgI91HV4r4nicKUiQtCWRc0aoWyktdErBkMmmOdyEhGXPJjZ5GwVjFjtNA0IjDwqk2M+IQm9BrmRCE30GM2LkOopLhqWNoyQyJ3Y+SSLL6kTZoO6LH3uopE1UascZarXQ2i6OwtHdefxHwB/IfC/f/FBTUrOTIhuIXX6FKLNVFi8GxhsYh9b8VJmdQU0cPRi2qLVLmteospp5qzFWzoJUw77ESGpZlDHKnKx04FvyK9FCjyRFoss4IayIgpjqzrmTlmVqJS15Dq9pGDolNq1uNdd32Yp0cNn+jMR2cysKr8D42TlmQdbHcy3LM/4PUjUX6KgRmkqnwFVZv8AwqdhUGXiCPVJ81UIUpTtoVdMdjtDDFt8H9EXNctQRsN9ly0IxkuDrE/0t3CGj0wP39gqoLS46XY8zmtQrHNnC7Fy7Ui2uwtLQXrDpUaagZK79/tXQTV0ejld/wBU/PV+XxydyZX8TmaQ5D/1sqMLkHXCGLP0InIVYNlVHngd+WK+J4HDGKDX/Sm+JzwQzag0WGSEGLmW1GqhooTP/ArYz3ged4D1CQN3qI/f1HpY9ljZXRKIEUXxCyuBVibLFpCv8DnYzRNBdhUU6vQVN20pqP5WzKN7wxgq7eBSKonZkSKtB22Hb+ohLQvwPALHU+N+/wDj65EkmbIsQCXEx4GcouCeCcZgjf3Qqkmk0/pc75F6Gk6yjsJlIlQYVu59CC7o1ROPkmKqaloBqwvSW9PsWyKhWa1K52PMgtFipCh8EnU+Qbhu20HsA6CZTzEp8jMUE0rWCUt3JNKi7UjjkPV7jaWUspnJKXOQ2TMsimd+Ruga5tZm/lnlvApqjV7hlXmvoiNC4JHG2cQ8imR2zaDaJrNnPOfqM/Zy9OfM1xd3q/UR2S3eGrIMng7BEkNk+iGEym5A+XzAT+aCVi8LHxUPQSyHrIvSmZkXQhGskVu9Fj8Jc5cIRObURJJLTCFhgS1hTnCMmxyLNiL/ACLY7CQ56DRctRvkw7KjQmlO4leKLusKmpzwixPMQlRkiXY9+HSKZsoKRuyiWUXOj38xuU36jrmepUkm5toNdyspFq70kMMKJ3N8IZSeNY5HyD4n7/POElyJcNOjORMtlkTKy4rCN7iqzM9g5Tfa6C1qA5/SH+RxLQ9Skr0kg4DE9yB/KfQaIalWgkDrUmjgs8eexfiFXK+GTqIsmNKFmh0k1MhUshExSC3Sh2gzQgNJD0hjmbWyzdxMhVqiKCJD230CuaiateCFerJN3F6oFhCOpeRuIos2QTa5CO7m7ZC7UhZOasY2k8loLhf2UOEX39xWVbTGChWshVTT2tf1bClSvwJITljHyBZdbFY87+ha86JfZkvD9E81vofElddD2ri1QfXFlpjR8SFfWVPfm9QOnVfnXU9TbDICeY/aCGBXanj8Bc5cExrJLMQE5CbN5B4ThBkDJEhhVoieY32aLBNsm7Db5eRV0BmauaMsU1Qs88hi8rmWNBPCMkEJBkFZlEREkiSi9hIEoVS1lUglFbmmcp6kuSzW4jR1RLZyCZkyUrbEMJ+5iV8zD3oVY0N0ML6jdCqKK7hMXEtckfIPifv8zwp2IZcfUqoWmyHAcUKClbElw7DVQ6ji9oVWachsYxjOgXFPGhXYNihe5kJhKVc0yqVMLuxS1LTMgMw8m7EQllOusljslZpRm4PMuY0QpxE3NO12E4qEWuwrzb56ikvUQk5Qr+yFbdI9gVcwitTO7O8krA3OqnIhKldIVB4rUUEJw6yzZUYnuTF+vgcyTdy56ciOBlZYdU8zJeDRVFvbtIyP3zD9lIlvQVbJEkuxc2YqKIskoXFN+3WWYh3ij8+uxXsaytGSGqMWu5M/Xl/wSKo/FSEQksV8Cx8uAmyXYwjCGCpIhI6FeCIoN9WEZse84Lto7DlaRgOJkZDJBaBNChlcGmJdKNJpwqlWohYhssic2KqwPa1RV+SG1ifQYcydgznQS5MlFxfqJpqFUzVxPJFXNNVqQRb2nLcy1U6TaS3yH+GQ4JsJLcbNkz6fYawzvoSoT4lrkj5A09L9/lktKBqxm8i9Iac5NZq3YoMbYL8mzpAutWWh01Cfk2LVfYdxRVJPWWWZ1GxjGMZFruBk/hmBB7oKBRzroSwugnhsUIrdU6otW9WZKqkipQVCNNZIfgba8dBCIfsfqS8w6iyTnN0GuSvgclnRlh/IhVNUaC7UbRO+4lFosLDJ3GKo5CqSpzdh65XMmRtwb6ogsjOpArvd/QuFUJSdy31d7LkXXybbZnXftlQQmVLc2ICgSa7CSbt/rt8kfgXEQq3v8My2V72fqxSjksIg6kCUb8bl9v8AgclUY+2DSmng/Us5CRU0HMhrqMcpzNRCUi+MLWhjQNszqsRcjTQ4ZQPejMTh6CaSUIZeEIlDaFa95rzkJdJrh7SjETosz3Fuy0aWGSslkmwjKDqnLObKMlX6Aq2ay1TueUisa9RSqcUFhCqe8R1XLbq9Tbyv7GeSw8nIg+iSWx2JMMIWNha5I+QfG/f53g2MxeUMTNJDnqd7thEDKh/o3U+YogoIXFg0EehKdRjHhX9SxnhniYnKwTdgpU5WooVVCVycix2vaQXZMvN8syPoQtIaonEb1RBbOkvfVt3JR5MLS10EQ7gjV6oSTpc2o7oZQecQ8zOebIUk5En1IFqH1xN0KjqLoKoVzu/RcccZvJ/ZXZbnSbzO76GujG1FQSzqIzn89bL8a+iDTaqaZdg/nPaHmUxrwJIrf2LqO7gGnz/4JlDFkyvMgwsWfqW8hIwywRskZC1oRI8GazISjIRKQ+cEamkXCkXBf6AtZI3MJWQlZYGt0LW56DK5E10LaKMSOGlvkXIvfNneWBSFGNe7FNDNJIY+YR/hLM7eKEY+Z1dh4XLkQlJlrMffyMpWrkyJp5N7P/R1NcEJzJOJtdD5BR0v3+RsnXgbSLwMPUSKOlTqiuGethl1W2ISZUVkSyFl5BY6OwvoUewQ0hZSE0y9BjGb3i3FOE8ZYvpbEVQ8BJGhCiMkuzjyW/fJ2Yyzuzh1DUrSQaE7u+Xshm29HIrM1e4dGql4KXlNUqMqzY6CC6JblrcWW9KW5KkpfWLCdSEaHQaft8bVNhkNU/V5MSHFEUfo6e/2YytRIXQrGmr1YS/JW5T1WjW6yOV8el2a5/4XWDsxxBo7Mv7O3y5r9/8ADTmMeWLP1LeQY8djLwFxqM/rNM8yoppjLD2lcSaynmK0S7EEEEYQMsSkgrGiyseGhrFe3UfAvjLkXczKeofANCJChubEpiW7JjwIRCBFlqelbLqd4FLd6i/0FaOUzOZHoXFhul2cVKBmRJ4U2Cx2uSPkHwP3+GcHhGCaw1ismpQNUVG7ULy23noI1ZUnyLm4qJSF1a0Lx31jZJLrmUik5oE4ge649ioigYxsqOYrwSTxzwK/AmSRtYai4I0MUtMl0gipWV2JAkdgwKvezJorcQJL1E9Wu1ig6U7lkEpVBHTb1m+5XTSNei/0YlaQ3FU227N/hHEx989s3pFPaS5sqoZ2VfYnsCFSVElb8rG76dyGGLtU5jnakPmIW+Tk+6HyylNPVOq/4eYIawZ+pZyDHwaQMYxiuTXU1nzqfSi6ustm+o8gM7DBHIcRiCB4N5los4Ql5GZ+fIQo1HCF7BeuaFrzMXyFpSRTCbI2B2ZIyZ2Mj/SHSg1QI2bRED3doedL0GFzaJ7WtnONHXzzUWVhBT5BpFwbHJD+Q+B+/wAk4JKBIp9R08dGHNKeI+SA3RF8oy3IIxoPC3ERyuudalRVXYTmeU0fY0b3Yjn8jIubRdT50RHJyjPCWYHTSxvmPds5bGND/FOLvxtqRkq7kLpZQwqRbU5iRDvxHQecxADejMc2qboQlI3b/SQqaZjhInJr4GFA1Dm7jFqZNyc98hCKglxwfV0Gv7ETJkUvXXuzIBfzZIrA/Sq2S33+dSNPMdaRz3HZ8D+qlGcx+aNZ703+nT/igwtH6lvIPB4MUUY2MMNjYxWnyXj+SwBvr5lretBXVDMiNFiIxZFiDdfE6juEnyoZKNCgIK4WLePDKg65JsrlBA0ST2MrnzFIm+25GjO9aW5MhFFtWaOg9D/RloUd1mPMtiZI42e2TFpOiylt2B1RT10zlz5EinAsLexYug8J1G8H74Z/BEbEJCjmzGzNTeyFWal3DJNDrE/ZJPtUIUQaZWUjdepXZRnRhrpSoZuwzqCKO3YlWlyhQWpklB4CGdmC9DYPMeuww/8AQdSInJyT/gRwyB6GdIlNDtpYK5V2NhVQd0dYICfNyFG9dbwcoxLOnwOFzGRUURH0nPBP10FxNwM1qqlUXEn7jsMMyVcSXNMm/NS5SWiFSS5U/wCB/wCg3V2P5JC5BP2cuv8ADW3Nc/qn/iSSmYfqeAPBrBjEFwN4LnYkJ6kCCIIIKk9dS+iy+2ftAtEG7IaG+QtdF+DyaDQsHwSbkEVw9UK7IdXQNV1ZYKwnQycFgoydBo4GYKK/aCkyGbSLt2UhJXY2kt3IpSWtzqTHo54KBXmmTcBb2LEPCdRfB8v8jGOFLx2OURPSO6KijsKkHMhpihILNUgg0F0Z5BVtrMN6yXYq5g6KSphdAVESqhSxai7o1DJtsZcxdao9Sb5uupXRjlL7BqOCeFFoqojjQmUJhd9dD0sVzVWs27CfBOFncymfQLZsTyMcxMmsNZcDO716fgajkfB8KolbJCnBdFO4UZS0rqpMfQv+DWx/Qr5CVLMo7js0AkfrOVDF/wAXPshn6HgDwQawN6CflhcyN2AaIgwMNDWMkMCyRRuRnZ7OxbrwLZfwLekLcNmQlp4bIIRVysiZDQ9rZMmUeBy4GqmZIK1y98hLe67JqFbl00LGMjb+Ss6D6Cr0KGQ86ZkREvaGiHkMb034GtTAsLexYh4TqfE/f4XgxhJMsbGMiUII7TA2BDFw1DfShFV8Gk5syKkCEqqjRdMRmrDKIzJq1ChqVYyg8hOGRcFnCuJrSiAoNcxDcBmyQzPzkJdai+YhEhWo50EQwkuNm2Enzf8AoSg5W4h2xsB/kfIv+HloeUyvDJAsp+9iVaIzfr91P/HVtSKHsWvlgxiDnjIgE8JEubdiRShk4OeHAMVowmZYCfMagkZEWQsSxGC5q6lxYpOvMrcRgw91qQe/KEONSZRhVhWrE1LBZuzcSTt61DTHMz5PUlXaiu4owkQi0sxOauDpL0Y3erWK13FIanM90JsDDrsLiPKxlhaWI+QW+X94TjGM8CSNlWGU67CoX9BY6CgnQNsRc2RNyCMZlWVnmJVNbcQpZUhTsEr0QpgKVxuojfI0w2mBXVXhLga/EqipxM5YIpMMOJKlqXKVvcW0hwo3MxfgnIkOcoVCWurICjnQkKCtobrodKv/AIod/OLrMhOazkwne/402iy8i18hjGMdNILn1WEzzIBsrCRqMSboiK9k7YSsQYaI4XwKtk+I28BZjUa+KxUMLBIQEqs1YgcrnNkrDa5TCzv3FAq2RZoeqFCYNGjitVyKD3fQbwLDa+p8OPyB4Q2QSKmb8ItLD5BZ5f3jPA+BsYyYG8DN6HOMuCOGQUExsRJ3UXUsxUDSmOcgKWhbB7WX8iIUEL/R+ojWhj4ricVwTxSO6pWhC5jiNZyQnLz+/hrefrloOJg9B1t8DZTaLOZ8kKW6DRWpK96ub/iPdVG+zldRonMfk75n/kq6sLWPBjWAzk1CTO3QlEqZJkTshGwh5jwrckkRYlERg2SVJHMRIEGB5PBHa1FSg9TYJ17dIy2QGuV8zNE9UKRcpQjXpy05Mc0dNqRt2t9yomuo5rLWKqTYiOrFh25/IYkt8KBCxtFZHyCzyfLIJ4Xix4N4NzY7KXoU+NJcpMzVcV76RtYfKufQIjUGgmbRI7SeRdDUPBAj7DGyNcAu0TMiHdwyZMEIfBHFOFIKM9Xp9Pyu4S7f8cDdfnK9DCno6f8AIKjoWMeDwqcVFubKVXNYFZlBILRCTGRGo6EzhOEwwNnmMuPD1BB5Q+JQPcMJx8iNBPXHda7oiwPKGIufuomc7inZ8M7BJDQ4ofLmSMlH3Gi/ukvliSRJWQ8lDVkVSNcForI+QWeT5fBPE8DMh7sM1NI82BrNkMMWRR2wnCcIwJhykVEo5z4B0rMWFTusC+l9MEkpE1XajU7OrJkPMgVSc38BN0OSDsx+Akt+JYTjdfRb7df/AAKnh49Ins5f8hk/SkeDwqGCFTFeY2roSG6SWotkVYOjImVVbEtuQ4Y61CQRK8YUwxGDCY7fBHhjZ4J/tTdWM2mQg0e7ClRktEAspTXRUpTJOg20c0G7tebKAQ7FsbeYTnckm1mxbmSsXgtFZHyCxy/L/A4FyJpSQpq6IVNmrlJDIbSdkTHI2h3ByFBoEiCkkKWFLZCv59yM8eYzNsRCQmUYL5sqF0OmQJmhQRQ0SzORiCGcz4wEc2hllYWHoMeKHisit+SMLriXehaMUl0p/wCBUZXyFsq/5YQ8y+MYwRiYKhUFd3QgCGloiQtBUaEWC7ewrVEwIqGZYJRhwUcdgj8NMGVdDFtlhFv4Gypqw3ITaQnMjQ89RrMKv6HIdi4kUWRVbMQKIeuQ/VwoQuC0yPkFrl+WThOEFfAmWRGfAc7yBSwXCW2GOKSH3JT7hH1WiluRLsJMmy9j5IrLiug8UkWXW4cttPwJOqRpak6oy0EzBpoyINHtmWnHzHhQdynA7SOawoxOYRVZ6ieV+uuG4dy8W1wdi3FL8UkS1mvvR/4VlCWf+ZqdmmDWhG8WxTyrlGRmjO0i6KZueDBqi48oKwsxOQTqVguoTlC4IZ4kGGP+FcYIMEzYeSspSwecQ3e6KVViS4uYtHaL7NKKlUESQ1ORIe3OpEFw2GQ/kLfL8vFdURoZFPSTwQLpW2Zo3ATdSKcMiD6hSSh4cfdWLC4aLVEJbsFsmB5L4CKs91oWURYFozmISUI8g0dV2GeXngw5LwVtRLMgNy1DWJwarbQfqsxTKEujoBCEh2KOurQyRAl2GFEogzi4Fjfi5W/b/v8A4Pl4MWT0u3/LENUxqCWmJWQYxJEpelZo3YfJpELFIiTkPBIIGJZ7FhkCkmbEhKkhnhIznWA2x/4k9iYCwGZVGywLNkZIVut+BUwnDp5BUTiydD/B6OolS8vyyWSrKXQM9QjNEi/lvgmoqVVGbK61EqaL4GqsZ69w86ICUZrC9ouuBKhlqhFlCVViqsKcp56CSvReuJN1I9dTUTZdRMxsIY01zFdVrCuklQhlYWYo7hPI1mGUtDjvm80emhBgqH9DG2EEcK4FwbnT/wDCsbAWT0+3/NA9/moh1NtCjcpuhJwosKhFpBkPkuL1hPcaSgsMTcF6FRq8jlcfgdtEZbVCWRZCWfxuL4cBMTJKaE4Tg4H3OL4ePLzWDwnUc6vZh7WkJZjQrgoqFhmiC41GDDNI12FIsMSSIQ3MzHLoPDeFc2rLyKi1dDawyV1XFwTeCcYkZkC102TGU7umhGhnkHtnOgt0Lpje6JL3G9MovwfAmMFWONURB5PMd5MhSMmYekKoU1DbQ9dcCVclUrXxwTwzi90mYtVZS7U/8KGwFv8A53Qo9UweMjR5G1kpuQzoUfAGhOlCVuSbFKXIIud1M80FeAyqS3oIQQRhAv5AorzGqTEvMnCSRwM+OSaYM34Rl6YPCdR0P2Yk8ERIouNQLlRYZqWAqqhiRR3H3G4HEJoTJgXppZjZfAitTyV0ErK7YGaY2Cqm6LzfEIkzVc3HYaL4V7r1YoS/ZBooJc8HYOIoW6GLf2EEi6Y2Vc2kuauhoEmRnlPIc9E0F1tgpghzUobalWCUlWEG6B7xd+Lc35ai/wDChsBbPa7f83kvxNSEsyauhMITEIIJBiCP+aFpcTjtWSuhDkhs0wUThxkH4cvTB4TqLW9pCRS3LhSkHJYQXNmPk7JVXIahkLjx0noON9ecFQsejmIWymQ8Dzw0C11MCixSNJKeRcwy+hfYZsVQlSlMVa4MaWHIaErBwWDnaHkhpmzEzihHNYzZGJyIQDQWx3t/Uy80EljSRHKox7fBTTsIV/PUZ1tr+HkCfZv/AA4bAWBo/wCZa7s/YvxohM2UKNzcoEjGow8NiMHxxvyrSDQ8NBKJV+O9dMHhOolTZ8sloaVqyT6PZNApNEB5eg91xWNBDRDsdMHcg2MgSi4k0wc9Cs1Fxq6y4CzlAQ65zIHKusgsNbX2EhWbLEBLK6YvVm2gUNSnM5kSOBFKE5iGohpHdRFF5FzFtaalqoVS4jIeeT5kaYUzRREWMnSQvkd/QDSuLStUPZ1lpoRxx+30/wDiQpYPa6/8zS3NF0YtE1+doJqz/ZKXUkc6FGNBvgvDa/8ADgy80IsdRlMErVftEjJkZNG75QqvOOQN3gqYUtOvA1FMnrT+xz9v2e/9Dn7fsgpHO6QyIcve4oe/7J+/2aPbuLPtuD3/AKPf+j1/o0+3ccITG9v6PT+j0/oU6Wn6zHNgMPp+z2/ocvT9jRPT9Zk3tKfzCfp9j9P9EvT7Ol+8nk+GXY0encTL2/Yx+37LWMmR5Kcvo/YUfT9k/wCP9HL0/ZfKVri8i2H4gcvb9kkbMenUSR1P7FVC6A5YZaoUPjBEZMZ+/dRrxu/8MGyFsX18/wDmnpRMfZ7/APQkVodP9E/X9i9P9Ht/R6/0e8f6S/kl/JL+SX8kv5JfyS/kn/JP+Sf8kv5JfyesHrB7P9C9V/p6/wBDV/5/0afz/o/b/Q/T/R7f0Qz9O57wWaxzfs9YPeD3g9Y/09Y/09Y/09Y/09YPWD1j/T1j/T1j/T1j/T1j/T1j/T3gn/J7wesf6e8E/wCT3g94/wBPeD3g94F7o94/094P4n+npBAf/SIUsHr9f/In/wA9YoIUTLNi/wB39n9Wf1Z/dn9Wf2f2f2/2J32z+rHG/lkycdxs/Z/Zn92L/dn92L/dj/0Z/dn92f2Z/dn9mf0Z/Vn9GL/Vn9edNrOKL9sX+nP6cX+mP64/rj+sP6wX++P7w/vD+8P7g/qD+oP6g/uBf6gX+oP6g/qBf7g/qD+oP6g/oD+oP7g/qD+oP6g/sD+wP7gjT2od3P8A4jKWOR6fX/mZp4cWHr+4f+sMs3c1O4Es/UavXqJbkGi/ceq7j/0GQ/cP/eNx3E277jddzddzddzddzddzfdzfdzddzddzddzddzddzddxazub7ub7ubzubzubzub7ub7ubrubrub7ub7ub7ubrubrub7ub7uLVdzfdzfdzddzdfc3XcWq7m+7m+7m+7m+7m+7m+7m67m67m+7m87m4+5vu47ani/kIWEYJkiwWE+TLIIvhAsYwkSwWMD/SwjBLBISxVMV+JGCHhA8CCCCBqGv6f+F5g2Qscj2ev/ADfMQRgiMsyViE0FqF5G6rrQTLmc2PAgpTEuBcD4mKApEDX/AIO99qLixdMWyCzkYlXV8JhqcJLiJJkWKH+kJSRjeRfigjFYNcKCBECRBBB3r5/8LzBshY5Cenn/AMzdzgggggaMhj7nepKK/wDFN4ISCP8AmknjejqeO+RBy4WRg0cp/BRycFUjFoYhiaYIwWEn+EjeEWFw2/FBGCHgsRTBIQgWCFS0a/8AC8jBT4j3+vA1sOHKFm4v2EEvKYojrpz/AOGTOls9zUnJkfwFC3r3/DH/ACA0j/6J43hOp475wOmKILYqeaxpYJySTi3jIhOM16IkmeCScFgh8MUEsZIwieEIIjCCMEg1S/8AB8sbIfAev14S6vev/wAPeMDLYkFz5GZCfJJmV5GUfGSWpPgTTtihuonhJOC/JMCEk/8ADP5XhOpRyfzwF/4Km0apVisVwQPBYxgQtwJDQ/LT/wCD5+CnxkXt14a/Z6f8KAeCV3IrhEmWZBBYR9B5Erk4PvKM2nI4Gq/5F7FjpExPBcDFSVe5cD4/7rCyg0vPD5ZY6lfJ/LJ4ExcjroJJe32KZZeL4WS9Bn6jmKZUEr1FswoVF/yyi5AlBIiOBYJCRHAkQQQQQNEf/gTeYp5UqqIli69DixNKkj3jNBa7DWdicrds8qX2Li7Pqk+B/wBvp/wYXHykiWwNRsyKLmiLQivIjmI9IhDsNGFXDlFYySSVlK/GmoVSuOXNRg1V60MshHoMuDhbkMZInXSP+BR7GolWdwPCdTw/yyMVl8HkBSoRlNLD0qi7UVKDUN9ahZDtu4vogHMtmJ0vQEvycbCQthdnDn3EdfumXxGwkJFHYQ1RqavMdE3KzJ6XssiydPNMXE6tZkOVErstHTyIXe9nmRFNBvRqWlexbN2+aKLzeaE9QnnmvoZVSnZ8Eia0wWCUYNYLCOFCEsIwSIGrEk/8D2th4x5o8XAK/Xo4DH9PL/gQotT5OJ4wNHRKEMYTl4SRWaZchNCCKw1+NseOPZ2ZNjotuVHXfoiXKnYjlOdUH6fMEC6gu4xx/dC34aoDEJKXEZU/NFLBiU0RoHm0v9FcwrW4tVm8hgjebMyjPzQ9JhrL8HyHA1HU8X8iSRmbg8hCSlWuoZhKclYvjpiiChPWn+imtIev+F4PIfKLPL+zwRVKiKg3RQqHi4LHMTXiVUgz9Ko1Pm+B6W7IW1o18wc1H0Oz42Ob2h5IYtflSOuCP0OQOoPOppDIObE7j4Hq8J4YwYhEYISI4IEsGIirZ/3+1sPEPNHi8JXRkcNahSIGltWkKBX55+B848sZwfD4KLAeN1kSyGpv5qXT9B5LaHkJgRsr0EUJ+r8HhhqkKQclxYnki+FQ4zmDRzzxJT7ekUuT1Ps2OS3JA2W1P8AhzKYtzEUik7RqLedXyE8rCjSs15LhK8yQSZOQqKWsJVUaBXf/AAPHW+OBoTqeD+Q8STg8gOdhay0EVqIRtKr4JDqq1khHMVvNC5zDdx8obYk4geCjxkeGjwVhY5sMnr06CDJkJCz7Cnai+zng81E+mbjfkJaiSjoJSa/FD2Wx7DU+MeYeQ+BRPCeGMII4CwjFYvCFPR/3+1sPEPPHgnzRvXyYubQa/NsqmVh5j+Y+J8HgobpQWefyLYZJccsZBjdDCaGXZBv1XkaxzMfg8MN1hx+CMvO+zMhHzvgXlD4YaHekiSz0TDxB8bCHxhqQvTtWxFer4JCUB5DPMPIf4K5on9cDUdTwfyGSSND4I65TOD3/AIF8L3TI1pOrzzHoU+6Yh6pdmWtqzP6LwK8iWK+f+Exrm8E7CJikyZYDWCdhExSZwzUo6TBlgLWcESg5zDM0dyUZbLJHeKsmNL9g+VTO7wlaEpV/g2YaMuK6z+im06CKuczn64EhihY2ERghECIIERwtCJcL/u9LYeIeWPBPkjXvZBGbdGiZcdyRintYChfmrBYL+cd/xfHwNDETmwrNKEv/AFCldL4EzI0GbGQW2Y/LXGtxoSQTa9lzkx6nmsEkZOorsR11K7gW5VLCegrGm42G9VNV1ogn6k4qnmO+6O0S0RgrTIhzyFE5HqdBDnnCzkkuY6DWlOqgOqQ+chyHHQIR4N2ci3SEnchHg3Zz+CtL/HCcGhep7bUPFEVH/wCE2KR5/Us1eDIlT80JJTyMjgvgSEpEhIQkQQRhGKwLDon/AHe1sPGPNCHFErupdsXpccSpKEnyVxwYzHNR3t1Dd1ORcjvFcxLR5VlW5KUqzJb/AER0mf5KCo4C4pVQ+F8HxhaS+xO0c6FUaeGCJAb6kWheiSBOTMc7TUf+DRKpprw2eo3ZfPAgiBoWqlXa8/VyYo6P6f7GhdGiX2fyV9jeLB5L7F8/bkSSFRLSo76kSBAiNUZUzb8PsTtvsL7K2qqbL7Ez6V9i6UaZ126sjsI8r7EkYZEyZMTCKU/S+0UXmn+j+Cvsz+ynxgNBBJZyQndCU5eOTg0T0qMy7qkXZPR0eCzEuCBIQuFYQNVwR17/ALva2HjHkiKs05HzB5gMrzEJ5FsM8IXuDmTNJLCkeb7/AH+TmjDWS4rVDuPgeLPhYPIJ9MCUWHUVsr5ohuj5MivKLBKSx8SwD/XNz10Hse9DcXvQ3PL6N1e9BO+9/Qnfb/h9mP6N/wBdDf8AL6N3y+jf8vo3/L6N3y+jd8vo3fL6N3y+jd8vo3fL6N3y+jd8vo3fL6N3y+jd8vo3fL6N3y+jf8vo3/L6N/y+jInz9FTu3+sYIwaE6lfJfOJYwbATz6INVJ3V+dW/JXSlKo2ZymJHaljsxZ8fcTDy+Z6SJs7qj6E4MbCmG+B+8PodDyMEXDGKWOvk1cBl5dk/ZdZrVU/YrPZbwxw7r9MaLdxPPqVR63Qy95DLfPk6opvOUMoNbSgUs1eeBAlxLBUHfoRjeLr/ALfa2HjHliYsWGjVGIrqaZQ9mZYqYhThVs3/AAvxtBPYJZwN6Hf8VdEJwjwtYT8hM4QEJqhnRyoTsnk0F80ZqfJwQVl0kTNHOglsfC0IYY/5p4FwUHU8D84I4CnNZIbNx5r/ADHQQdMR/vY56DkZN8GgiZSBLpD4OzT0Oc6ueeLWHPg8Y+J+8efLx4sV+CxPQXlyHK7H3wjvEZdxPn8ieRte7mah+Df+uptvXYye+O5VHyP9WKOhOzKcrN6ruVNPIxCxRbhz4YTn/s8j4DxjzRoMUauuRMw36H1DXNJqZPR2LkdGKNmaU6FeiefJYEuaT3r+OJR4EvmlyHf8DwHiCUMGEwdMx2PYgyc0VCEuSMWroTjSXWRWyvmjJL5Mo+8FonOgrRzgxfkj8EfheE6nstRGFyBnNNXy/wBHX9OVHl1wrOomfsh0kj1I56/SFN+3n+0+BT9TtQKUuQYx8bxyzlfLM+F/NwxC4Z/DBKR81RmeVtQMv72/TKQj5H8CzLui2Ofegv8AcvUz4RfqfyZPbr4oxMzM7My5aVD6XblQWc5OjFUgsLBYZ8DM50/7PS2HjHmjwSnkMSlKcq1lBs35Q+4IyolQGuhJ0YiohMvxlyFw88dbPnF6NfxM6uojIh14lEdLv4MvNEwHiTwc5LUlSSwqIyIJxgi5dx/6UPuwYqT+JE/kggaIGIkoep475CHglg2S6fl7969BIqsULpTBVpgg2+9RN2p3VizdL3U+TpU+l3hyRNmvj/afcfUGpyfBfB4ZbyPlmflwDGJiZJJI6EnIkLyymzITwkkkniQlhJW9TXPUMt7F/aLrc6X2SUlTo6vP2LIZbOq/aLdL7zQ9m5qr9/oj0hdn6jNZyK6/k6DJjrQyATS0SBBLTyIxz4VKIs/9fpbDwjzR4J4jG9rJ+ds5cuBWD55ch3/F1NRYsnyYr5MYWhISHtzRJYIoEDCHhaKRM1pHZvuJjOJEBMsESMwL8cfgkkknCMFK9T12osTghrdAuZ2I9I16aVCUEX3Gg3sQo3nP7FRf9Cgh0DeF8k42aaHNvuj5noupTNn5LDJx2zxj2N3jjQGYTEySSRPCJ81JBaEkkk4SThJJJOCcVTC+ZHzRnYyte/6HnC8JUc/sS6UDSOgkP9F8H6H6/ZS3tqn+iOP0BuobdHgy6Cyqdxeao8iEMr5GO+E8DmlElf8ApSywhwdZ+A8A88eCXOzEHFvjC1TJTz/N++4VY6nzxXH+H5B45V0m1eSbeVPJXIUQ4y80LCsN4FQDWR3LerJLgpKThJiEJHBVfmQR+KcFJ1PD/IWMiE7Zp83bsqjpX7CzshEWhSa8MY8tP0dRnyglRJSjkhzSHwtyfo9JEorUutUQOwfNUEFFFPGPe3eM6z1aMIkTJJJJJJJEySSSSfxDmTIgTlJBg3nz7klyj9ipaV3fNSi19kskVaF7Wn4O+ZQynsbRJQvl1zpLOzr9Rm7kR73PmB+DqdjQn5IwnCZW3/TL5h0+5Fa3T+xTLbr+kD0tCbtLY1SgqXaGyF3VEyVKipafcq/LEhfiCUdTx2Zof4fmCTyRsCUTI0GRmwg9Ay8xwawYxmqLerGILwEYzc+AROEYQR+OCCMIIxjB6Op67ULCRVpJVJ0Qm/1yKEWav29GijNujCxZ6GR2HoxFWdqkc+TrWQq5Nuw41R05ldFEXV1MqG460eVHU6xL9PmB1gLmr8XHobsz8h4JENo/zMxnBh69MDZlgkkkkkkkkkknEknC8JYeeurJDjabVPAiEh5lSs1NahlHZN5uTcvVHsw0tXN4PsXjlP8AHkzHuJX0WI61iSlJupL7rN3JR633I+S8u5T+hPKE2cklrZ8f9CASFnUilyP8fyJ0qQE6UxUFcTNQoS+goxJRtldadRJJEqIoS/IldxuXL4xPBEWH+HfzHjDWMugt4B45aEHnlGXFMYXDNlvVkEshO6h4dIkMar5j8ScI/BHHHDGB4TqeO+eBvNr0r5Fan0DbXuTlyfQEKy8HDdkZYIlqmPUSqV5WeR5mnLIZHnM0Htatyd4olVOqqq8yJFlY7vk2cyhe8hWelhcvPEPc3Zn5YTk92kEESRE7gixC8KTKDPy0BYySScEkk4sisQ06Eid5jmxDwVhtC4IE8I5lJnjN1O1iseu0ofAx+p8Fz+jnxTwZSUezZlPVu9RXRfUZy1nRUZ15J86CjuGirL0s6/JsX4/6E2qIhP8A0TvdBMHaAvxqXcY0vjytZgWTjknDdzipGmaYCxBMMaCWmCB5GTBSSSMSK5YTGBT6GdJHoxVP2cM4yRg+CMY4ZwjgkajqJ72YYhspGau0YwGmZb5Rkw1RvKVcrdi6eric2Kk9NovHtKRHrmmyWGcsP1PBKW9lL7/DgqF3Kq+68iwOWoa7xwXxj3N2Z+WG2r3bhBBBBBBBESdxotBsosI0jNy0hI8SR4KrgpqVyzMfZFlkEI8BYPQhEMEsqRjW3fQR1PY6fIlZOV/Bg5o3W3kv0F3n6rSWCfNA+DROjzh4WNnwIdV/yzy1Kqi7iohBZ07DNkfVDaqvQZRBu6H5CQ2hH4kUr/BIl8fjFGpil0MubuZLeZP8ZTyH/WUZPtJvxzoK2TgkzShFtC2YCdXw2j94XTenkaUSHYCxH7OJYonGB8MEcE8MkSdT2mrwRgYcmqVxrTXoLRdGktbNNkqhD2nT2CCfVLR6sLNdJk6WKj1b8VEqRRWw5KHaoiE63lp+H4EcqN1HO0E6qxOmbPVuCeIe5uzPyxyYIIIIII4QXBNdCiza64E3SuDbUWYpsckoo/yRkdLZImXEfQkFgrkFasWNNinUSF+JUW1nmfBUGYqbq43YCPDPo1fqTEE+6/5WT635K2InknxApB5rT/WTwevlC/DMH2hM4SThJJOAejkWMNj/ABVMDR4RJcEQ5HO7iTh4FFoZK37CeoXsjeQmnYRb1Zeg2KLLmIy7BUZhYSM/YT+OfxTgnFSayGBubIZFrs+WXIEh0wjCyctpq/PITs/wMFZP2nIcUZQbl2yrwNbfT0Iq/cXFKSkP/thKsuqf6EEhw3Sk0Ic/mVX08icNRUzWFWlwqNau7at34L4h7u7M/LBa45BBGEYFxDJhWWGWGEwX++RN8iIZdqU7yzUPJCGrmxlYOS+5PVQVTxUmL8CLnBC8tUEoURWDWC1H9dsPD4wmNJko2v8AP+XJepG6NU/wtFN1r/iHqeqL8EiuoZRZD3k9cBnRkSxkYjQiU6BucVdx8IJXXUbq8JJJ4ialDQ5mQiUIciRjDReHQSaiII6IekRVqdR8X5nMuxDlPggv2VOVroMSR5/mbYPFMDwpMWWE+4tTEvcsS4fDfLEy5GECW5TH1S8S0q841IiZR7x8FyFRKxU+S4kasXixdycVK5rqZnrx5HsajSG1UdkcW4L32Z2ftiuc1b3+9+BoTH8Q9fcz8mWMAEEEEEEcQJuesRh8AZoTIzfBWExMRQQarx0hC4pFEoZGLmq5DOzcs58E5OHEXig2MvH9ftiv2iyP238sbTUhaSv+Jl7kv27fA6aUdg2TutP9fwOqPqF142iUskqr1yQhUGJE9STPwLWE7NErGEbBskg9w2U5sR2GjIoyFASYFNcEMcRSb8CL+sanAgTVmITMYoTBuwkW9WNbhNzN7Bj0yKnV8aRH4G7sJhziFZIhL8MC+5m8EQIjBqBs5/B5CQ7wtS+hqnOL/Bn1WtmnZqzHMVNNPdbnUB+TvsJvrdnpkmTR1bNClIhKy4Q8Q9/c/V4Sy4JECRBAgkLBZk564C+CQp534FSJBILCMfpwKQsJ4IZku5gSadjQQRaYhYo2weA7evoPB8Ysnhv5eDKkf6RNn/C2raMSndbkFIie4jyWtyvgbyLNW+FsnFRZL7Kz2WUQtshaEPlCRrgmQ5krmIhaGEWpC3xMzJwl1JIITyNjFucgzH5kCVw+Ei/qxWPgngFvVjRBmwRGNYPLXofK+NcKIIIEJkkieJAlYxweA+XjOCeDRAxqS0PYgur1V9mUX3CtE7SWmGE8G8Q9nc/VloMgkJEECQgggsBjtAXHA5D02gthCQkIJH6lTeChYLjduuLeClvuti+OWh+6+eBtgxfsW9/8qGWhFOqdkJXQWiohztpAUhOwNEEYIIIwRIjXAjgizIMyPMhNs5Taw58zcwauLPDR8zBInj4J4Jb1YxcUrjgX4lgn+GSYmJicnivljX4Hxug+DeMeZ+T9WWhyCQkIgSEhLAguEnDNHgwU8v8AGFISEJgX6EzaheIWCFxO3UeDwUanqsPCpWeCCYE8c/nmZBHItbJ/LJfEYIW78mM5eXvXgfix/AH+CMEYkEEEEYsRqRwT1IzB4eOj5gyBLBngnglvVjxeA8DiFwL/AJXhHhvl8EkEEcL/AAjwDzPyfqxqMEyQkJCQkJCQkLAMyS3YhihwBIey0MohIWBLDxRcxCYhceXUfAc9LlwOs8EDQuCCCyMSdzUFEc2n9Cfnhr6nBqo50mo0Cs0nMbGYPe43ZF5L/wBlCS43jbF+HG8Qf/DBBBBBBBBZg8PDR8zi8c8XAYuAeJxK/KvyWHgPllHCyeCMWQRw/wAA8p8n6vDfb2YkISEhISEhIQQYpyEDwFDAXD5v4MghCELD4ZexCFhJPDl14HttB6XIeD5RZLAGQPBvhQIwu83yhYPHozw8v5YeptghrAwxI3ifDj+AP/pXB4iPm8e8AsDE+CWhZ/4l+U3ZfLJgVcYwgjFEcSmbB4B575P1ZbH19mISEIQkIJCCx1oQNcMZzzPwWBBFMTEISOd7wQn+DLrgsHttA1PVYeD52HYE+B/gXuf5QqCD2OeHubiE9WmCIxZB42fGOPU8Qf4Y/wCBYs+IfN/AosDFwRW8iz/3I8V8sqEo4pJwQqjweDwvg8Q8f5F3TCcXos8CEhCQsCCCQtQh6wjiH534E0oIFrmqKaiDNh34IXAsWZdeD32iLfVYZQj5RZLeMkRwMvc/wFZEnoc8PU3w9rbBYtSLeEzFw6GmEqI0NLBBG5XUqSydBLQ5MESJAknhkngWLPhHyfwILA8FjF8C2SP/ALEeK+XwLBMnCnDAxjKjPg8Q8H5F/TA2d7w8CEhIQuAI8Bnl+fEnxT838F6E6zFrYBv6kLahbcibni7BCFx5dcWeu2H9W2B5PlFst4igTJnhvc/wFZDPS54epvh6W3HAlilHMyAoyaDFcqc2EzZU1MqRk0rM8hpRrsqdAmZlvK0pOFrFCCMDQaEB4cbldSupIkbByCxM+FiS4dYFofBeF8Cz/wB7xHyyJIjBcc8L4BReweruXdMAUm94YkJCQhCFiIbtsWPXcL8GqwqZzE9ROMIiLtgjEJkieCfDl1Fj7bYf1bYvyvwsrcS9z/AVkMp9WeHrb4eltgsYIxU8BBRQyuXhMZIXI2LZ+gnLW48d1ZhPp2tJsOKN246CXYUtz1kPVBJ0WXUlerUI1756EQO+YfBUl9gxytSZ0WXYqwSbQp06tEL/ABGoyNdjBT7HLgm5o3BYs+KfNHxa2LHIeCwuYD0jQgQEpIuNwwQICXgk4JJ4rDxnyxYThHHHA+BU8A8k39BbpFUZHVqC3ZPkSsl2gzHYzLrybldDKBaE7oWbCWI0ncL0ODDYXG4A7hIS4kXDEF+Gy6ieDdD12g3q2GOXeXCIeEEEC4bvP8BWQz1OeHvb4eltguN/ENkRuMi+SFD0BtxHHpsYsdQUh7/Athjd0aE4oRoTWIhdrneRROq6pEYRpzSNA51GaJOT7UPXcCVcPdgWAJNkRGLPJR80fFrY8QeCwuYCqmxszJdCvJE+SFJWBcLGGZEjzJEAWqINkTaC2CTMRrUGsxaxlhPGw8F8vCuDJJ4WPgvwaFvIezuLLgVoT2Q5F8lGfrgluup6WiGvsJGbXdCNwL2/YQvDCvKGUoU5s3/gbuk6IX+SzRO8GRR8nOA2Lad2CFi/weQxXFGCDLri2Mc3u2wWYgvMfGuG7z/AWQz1ueHvb4e1txzhdyhsahB0HuzI3LF8hUE9ypxhbhx3ESNRAJWhNqb+A1FSNWKq4wKIfBHxWDPLR8/BcMti1YrC+L4jlToh6ogzERkNurCz5BcTPGGDLNIbcjmdx6jGM5sL0RuoegRhktOYfNGxtPFfLGLBiFjIuCCCB4zFHkZcC69yeTXc2SHJk5jErMakdje7ofxNoRi/zkyXL1En9oW0dCkf4M5vmU59jQnRMat0aGbz5fs0pdH+hlD3uxZyeQZw+0mzDOkfI9Zfexye/wDRozP3oXR/ka7q6sFHpzCKIQmTguJfvF2wM/u2HjjUfgMYuG7z/AVlh73PD3t+CliuC7lDLSToToJu1BTmx8xtWIWUwOGZQorIT2HIyi5OhyjBHN4dC1jYUfEGJwWFh56PmYLgui+Ba4b4l4HwoYxMIv042eIeCh6moqf6BVo+7FdqNqlWXHYJzSmdhZMYG/uJmVG4n5CU0z5ghYWlXuVY8HgxOPwNjEPgEBp5jyR63j/Tp7shsGvN+GNevkJ3SEX8D3TI6h/zHuRtfg513Fkm67iRmzXgcoh/bEmzqLWdpFpA+xe5Fmb1uIZn0Fa6XUxX77DN+z+BXHYDOmubL4H9ov2TJQ00pSNGXT/WFKLq6r9tGXejSRZrjmv2LevqSIknBP5wkZWM3u2GNhLBcQ8JGSSThJONzn+ArLB/dvh5z+cL+EXBdyBjQrjlSTuNXkUWQ+ww1OYjyC0lyYHzEkNUsKUgUibkTtImwxoRQ+BfEM+KwZ5SPkcVwXwLVw3j9C5yQ0NClD6YSIknBnjHgogLXOIgUayh+ar8hRG770ZN1PAJ1ZFTkiA11/Qly9KC6jnGbHyMCwtPaavha4lwQJDEJxsNiY30JEyYjAl1IG66XY2HYbf9Mk17j9oHq+COqHkPy8A0eoeeDZf4I6eWczubjOYcyNKO4rKe4v6g1/Kks+xB/CyF6T/Qna9jErOOpfBehdAsr9j/AELNcxWK36c/En/0/JnUcv8ACH/c+A9+2n7Dl3zh/sLLfXj4YgZ+U/tIepvHwZqrumyF2U4dDyZKvdVDYLhYLsMjCMZwXBd5vgKyw97nh5z+cLgX4LuRgzig2WZMjpWo6kbEtBPeCghNxiFSwj1wNEDkwI0y8HyLXTHQtejgLBnnHhYzjcF8CxcN4/QvckPHQ15ON4LxkNryYmdJRpRHQR5iMk86pXsPkJD1ybL6huyNkqbEe3f9IQLI+VinCp5b5eE43GiCMCJJwSwjCONtA20JXbol1I99/rz5Mx+eEU7KKU7gbWB2+jsyJAjiSJ4TbCbrIVYloQzTshsyjf8A6ZBquo0CWXiI80/HwP8AsH8QPW/yPN7a+zdLqJ7d6aNptJJ8mh3hz3YZG6UJh9oL6ECaWnuWJPVli6xm1zQRu/A3Tk9IDXNUM1dxjjVDUF/vp/CicWq5vlCshsf2b4ec/nC/mFxSSVOQS4q8hKmDG9zXCDoeCRMjqR1EjOQnJXGzpdyTKnkruxUiIZXIkWMQURfz4XwPAHby4v1C+BYuG+L4F/kh4WRHXk43g/CJSLhyDPpCG0432f8AonpD5okS/UZNSZvwNEK97WD+p2i06CPd+2ZoWNnqLGIV8t8vEiRYpYwRjbBEEEEEEEFGPwu5t95DTJzEn8m9y3O3hf6V9TE4bvEP3DzjvfzJ/wCBOdQk6DfdZ4lYh4mOBTwxIGxjTXA2Gww2h6Q9Qbrr2GMhDaHJwRVl9ZpdpMZuvImre0Z9Dh7q5T+RxyO4ehdQ1ovVhLJ3rYmyPoNz4fwI5oV1tF+FH0+n8Sxuc3wFZDR6nPDy384XcwuF42CBVa1FZIdBCbzI3OYiRgryNgqyusCE7jgqQ2aiSK7G9BKCw0iMMUQRWNx85RtxLg+HCQ0jjeLObR0TI1exhniF5I7rsF8hnzgr7IGnsGKTkUimvDfMunBLQjryDFwvA+LhKwEK21ZLoVWjRZP9D6nHL7IqXNJvwfkVJywlq8u5JMJbzGz5IzguDMRrOf0PRPRofAxY2Hivl4IQQLBYv8cki0bdEhOFTc3ud3grl53d2+DRYQO3qZTXy1+1qSzsy0aktJsRN0SKDW6I4ViaExgQ0LBZRfEfEegbGA0GWWw20HoDdBDuNN7ENlHIXK3zI7DeF6sP2+kfB5BUI4ZPI/AWQ2e03w8t/PAp4Jwktc0JIIFeSFsKLIcm4XSRrcazZFUqIQ0MmJlSVpKvMcYii2B7DM0qMZF4fJxopjaErvdCfnJfJotu+g9AadGvkLpyLJHvNr9yn2NUpj9krW3sue6JNFoC55UhrKrxLs+XBLGDrycbPgYYhZI/egmYsPuhHLkS6G/zz25ijJQootJcvsX1x5tF0I886AvvfgnO4EsiilGAWLDwHyyMFhPDHCuGBIkcuuz72vyGfWBb76CUKgwiLYH/AACG0tdw3FQtxmmvY6CQ+AsEiCzCBcBDCQw1+CMGsDwGIDLUSSJQkh4LhbPf6OBKx8MgaIHj5H4CyGe5zGLDdt88CggjgDMtORIqbEiEYEyqEvQ6EbDkQxySzQfMSakFmUFAnsWoJDkhj5ljwrCSksmTTaiW6DwIEBAlSlfWr5h0Wr6CxaZp3I+Vqx3lc37XMlIQVU16E6mjCamymT8PIyiPJsuoh0myqsao0+QmSSSfpHZ8uCWsHXksFws+AecFkQtBXQ0m02t04ESXKJV3E2zRpLzFxVi6+MxjE6drfMaCXzOpFUFq7oZzzBc4ECHhPlklWE8T4VxtDPly3r+hKiyzol928EKKzB5LSkqPRZ5wxOa6tnH0Eijur9KYEiqQJYsSGiMU4SSSSRxwQRhA6cUcBew/TaMXLgwtEzeC0Wc7sJXE93dGQZ7HMYnV/sbIzRX1Nh3Nh3Nh3Np3N5dzeI6kNRrqNB6Bw4IWED5D5E7CrkSJYXQVwh6kbiwKsCBoWjwo4OSSSSRRKbIW2/REE0VonkdFUryyiba8/hhCIRDQlqJ++MtCRmYn7VVny5HNXbf17tCQhoQIDuEZcBtYOvJDFisfgHniQNg84KGMhtenAg62s/gUjT586NBP2fKhENF8jUNJMhVCUZCL4WNg8V8sQhLBE4RwNiGxE4ThBBIvNb0X0OofKQsVO2CNQ7mTXSo9vopV0hQRLe7q3mPAkCWMDRH4kTwPijjYwkeC9RbPTaBjw3MG1fXAtzcvuaMnyvHzvyhDPW5jJ2Rf5sDlwOQhocpynLwJGmtgmcxcxtajW7HG5K3HAkimg5ZCgU0EloLkRsNbDWxUMMGxiGiEjMnUSU6ydZuk6y5MbNKqHatIJEdU9id10VBNeL4oeY8vd6L2r0Kfd0m6ZI5C2uCmm3Q5ByjlnJJlA9zZ42MP6QxcLL3NHmsEUWDet0SEyeS8lEXt0RGWk5H9Y42mu/7V4Yxh/YzBpTod2QbRAGkn5i8FjaKuU+WJEfhgiOCBcEjPb6ER7FeNOCmMCeLIGo4lhAyBqMYxgqSyPijGMcjeE4sbwXC3i0awLhigmos3FzfBouUX3rY+d+ULB63PDrN4SwiTAmTwUYKTqNPUXMfM6lsx8x1zFuHuJnMmMxbzUZAp1ETuMjcRURK8iAiIMIm+hNiSEtDbKBFYJeBMzrsRXNpm1FylvGREkNo2iK5Caqh7m++4ovgja0PlD6hSyGs2KPmLTgTo1Rjnn/DGxhr9LjZ86PMD1giORMjYjIAQrc3HvUrzPwsqA91/RNArSapkBKnIikpWrqjjbFe+SFgyweC+XxyTg+IsE8YwfqaHpNfBZBVwTL4vFi4GPGIIxsTcpkqrMltYgjCPxIGLBvA5exrjY3hQUA/cHbjSSepJo2Egg28+wToirYkFyQ2eZ+UIbPab4V3hRgMIMPFsuNDUENjRBXQjYmMhyKdCpUkJbgVVhC+WFsipDeRGwgoENiwCKEcAQp2JSdqkJm5Oj6ajodImul/pvgEEEYPW1MPW1V+jBB2jsPBshzExvsLCxh68lwrBnzo8gRTljWNursYpv8yJXI+yyCGsi6iF9DQleI6bja9DsMf29wNeTJLPiQsUoirkPl4MXy8HtTPbJ6ZPRJ6JPROG2wtNiptDb9xLydxHXMYKuDH7mh7zWLAiCMEQSTxwQMnGcEkkkdKJqLpzPZXGCOB4PhOBQSSPDaLR6/XFAmOt+UJKrvOgiySdRTlSXFb2NoRYj+/VCshnqc8ErxtDIHsDTwIOQewagcRYoyGk8imh0wTTFEkBQQTuNb4EKWeAkIUCCwgSjhjCMGTjJWfSOExj30QmookjzKpnvEF6w9eSEyDbkRScFifxFjmNQJN9fQpZClr1N3JNnE5SPi6ohLqBubMqu5mbC2XITo29xBeQ/SInCw8f8sbKYh4S1LKcIEGgOil4QwSktBTMUOw0L2AhYM91oE9zPg2BVgsQJg1xPFJOF8DEkjCVnIMVUoXMvTNkv2xeRkQQRwN4MeLG8YGsFwtHvtcDHqKJ/UEqCeXJmvaPAtXyHg3v1QrIYns3wYnCcJJwYxzphZYeBJI1E7jhmKWYtxzYKRM6HQjY5CLihGwkhEKEdcUDgnBGM4zgixbQVScyukqrhB7dMBzweBgHJEMt2PRlQqmIr/NgrPksLUfnCwQz4QtdhubQ2AsjATfGrY01lN/QzPZ+oRJI1A/Y/LGEPJPmR7kZ1GuRac1Ybo92kJIUJzIo8is7lqKxow5eahJvYo6aF7b4Fiz1mg9ZrwQolbgQPEicIwgXAlgknGzrLsiUhZi1FxNYIbHhJGLwOXsH32oYy1l8KsUl8n9GnYQbqJ5GynIkDwb36rAz0m+KcKhocE4yPlibG+Yx7mNzmV1GnqVJehLBG2CxHU3DmFzIEmIqLglYZTKHwSSTgnZW0HpXIYHWLglMUavfoFHOgzxsVmQyKtUNARbf4EXfeD6Q03SRwRQKXAZA9aFpmwbGEsK3Rahvi1sAmEK4dycCFs8H8seDyD5ESi66DlOrJc0o5ilxqsPC69C7liFO7MG8P/BWxm7HKSPe2IGN16T5gSPXaD3mvBCGTCBCWM8CxXAeA8Q/zEv6RCTOoOCeAxDY2PCcRhpGL2H77UMY5Wit9X6wUkI+Dz/yhKYetzwuwbE6CyFInBjxbHF5OpO5XBoyIrolCcnUaWo3uNNikU6HQUaEoSCqKEJuKSIFiSkQbWDJxkmysJyNMloxFU7iFNcD2+gYe8PBXA17QlUbuiE7hdq/ArdETjJJJI6iwEsCwrNFAIJJTzwcYSPDjMTXQQYPC/LwIJ3hIwV1J8l2FTMVB0QzqzMwTglONihRCaHk04L5PlDtM2Y839dFtBajY6nMCYisQR+A3BPBOB8M5fmU8O6D4owkMgeLZI2N4bhaPbahjwwm3CwQk4PDz/yhqYevzwvY3hZEkEokgiRPbDoSSSKjZDIHiGkJRmI1E29BoJbD0Ek0uLmSxSxmayheg8CpmSdBxp4FgzOFSXgdmItCYXNUxWVI/MmxaitD1emA98PFWF+dhrI91DY6lXIMui4JxnBA5MoyiRISF0JCo90eWIvIDS7HKxLIehMNCsKt7RyJULrmf7M8L8skIxKw6VyIQ3WLcOZ3Fovubzubzvi2ibA2XYWh7DDoCuFgSGhIluz3RGbmjPWaY7EFQenATKYSXwk1wWDJG8fQfB+3AqnnjwgjGRjGJHUeCcGPDeLY/oZ4iFYeIxFxUY0YaOd+Bbg3u3wuY9DA74StwQNogjce7Boa2OTA0LcQyYkuEqyHIQ0YXASEcKRCxHjBVYJwqzE2pDJEbMdybZFQNOwI1IhRoe80wT3Ig8JFOAUgrfUTtYUo+wR4LCR4LTERaDfDoW6HZlC0xioJyRE5E55kekmV9BwyxQiYJh8zB8hvTWbCpYXe48T8vBzIESGCJDEsRBAkTgh0nMrLtZNXb10H1JHo1fuoUj4S0aCl0pHAsRZwSNiwkRA0NECGMYfAkIKVn5iRRgc1kLXG8wG0bXk9ZOQZPCos3Y1BsggaIHQcuFvCCRscuK+WJM+ASJE3O/AtWHrc8LnQeHXidhMeC5nNg0PkQdTrhEEbYScwzwU0whYYnMULMT2CGJthiM8Iw18LVj6oWEqCrTWwoxNrJaJH+tGG9/pgbgSrzYHktLsL0kmBfaUPmITOwqtaqYQB07R8i82P1EjwLwsA2KjRD3FRjqSYcld3dDVDFlubMaizDUTkhGw1U1YwxIkTnJHc/lniflkk4PBYySJ8JOCEIse9ES27tjsnORE+rjKs2s3wbEiiGKWgn5hansbsm/0LRXc5HcWmNr5F7oS/wR1fY5xPr3/wekwjGnPyMVtHp/onyJYjXYPM9cxLq9cxUncdCuMEEEYwQQO+S7DflGsvIxZs0fEyyGXSfUdoa1yKB7vXA0KXkdv4EjYmVpJUM0P4acJaC+3QNQaHqc8Eq6CqnBzqS9SGKSqvhIgkOdBuRhyT0hUi2zMop6jYbI9oZstzCSZsctQcwbiVXC1iPJ3EnL3IxBlNmJn+BCysERpmRBXY8sE6wjzN4ayW0jjFHgHRdBtEih6P0M30hkj6mteOpD6QNLByvgxNX8F6mobnVBC3l5MmnY5HYujAn+I8Aw8PEQhqMhToGTlmxnRicekp0diFqGRlJQW0ZZKkNHEe0+i48P8ALJJxJJwMxJEnoJ2TJrMb0RNjycjucky72NW7Cdm4LQqU2RsdyrdKFdCKDFLVWOpy4h2kUyt1NBIovYjp7E9fBPUc7ObEIkNCFpwSSSTjCJkXyNgklp+Tk8Gp5jdCCCGqI8mAaRu+DnGyyI9pwzVoiC6uqLW+qLwJLVylmT5AnPkKB0/TMyvBo0SsT5fkTJJoVY0qkiG4egqSbKjGJPO/AWWD2+eD1YkEhKFAhTQcEMJJklIlDglFgGZJ0OD4zdTLvMgTtHQPS9zQBO/0HmeQTcscibv4o1/AWhN3IjWr62QzVHMW56jmCq+I0YOK0tUhqomOW4nWZIo2zYY5JkN+wuQRUUM0Er/BK/qSXHM+43V9xLuIWJhPbaMpFdblvfogWIaE2MPELY2PgC1EoJcTsJygs7BWVZ55aFwv0Mh4w570EJ5YfBJ7m4l0xT8shqN0cw2H3IP9G3NubISLJdjkXYh4IExMTeZF3eCgXuxsyfcVwU3IMjRIymCcJriSSSTjD1m07m1xc5pvsBHSTyQe2Nmfgev4Mx5CF07cODPDuZkfJmPO5jdukEvzBkEczk+skznLTNLXI5uckkay7D70Ed3fNmWTtSWNBGyro+intCY+bF8YZaXMaJ6IUtrciFUijc46DcYJPK/ATsM9fngp9GzOyR0kKiWDKeBqHoDREbDV/DcIDb1jdSy5LR6EhJ5KDPSKXM1QbLieXk2vrI3QJNhEzJcX9snqTKs8CECOCsOJAjwCKG4KrMRYEC+9lghHMlZjpMKGTU04zCCZrSlOrTq0XUdpv9Fflm0YuhvhjGOdVoGpCJbs12PcNrzhm7L2Kal7CAaRJlTf8G0JitRXuKP6EZOZQKi/7J7akXByG7dhqL4x+m4rX8J9iRxIIxgggggbDYTSmq7jTk7jRlGgwZvsc4eqH6slpHpo5fY3yfOTZh5zfcuyLnAu3ZlzLWnJMSs3LzF0HO+95El3rJkx1/0/txo/1sZAclgK3/bizG/ML/SxZvmETDUWW4hZLshNCNXBBECDTTZChkNSGkJxJDu7jnBdKnOseRqMuh5NuB534YSN798J039S6HZCsWK853Jsaw09WO4c3t9xK/p6SJWRteDaXY2COGBASkPxXCBIjhnBOGSo2qJjg2LpaCaxlyC+QWE9ULaMwg7hhixSXdY6CHjib9LEdryyNitPHo3+lCrqa0oS5mX1D3RhMKRSQjQvgUY0GVVwQxtqTeAupKqsapBBkK4J5mmNZZUE6Y3hvuybKeg33LwTlafkq6SCCCCOA0WfkjydxpykZev4Humiw/djylHoo9IGabOS3Y5xK/kXBfQXEWVOzf6GvOwjZvRfZqsbLvf/AAbLK5syK/eZr+gO6VckZnpSO+5Pd9TNthIll5kh0FXQuxGTOOSG7NWI82TswruaDJOUe0Y/hBV1Hp8iSlJGDjYoKnLNyxgbKCKhj4JJjCiR55zLcFJwcQkTRWNvgtZWvhoeV+BI2evzw92zKQolQstxfgjFtDKzguxkTJJIbE2htE9sCQnzDHmJHcR5sCuiEpwJjIYMWUghkjLF2qGRA4kZiEk1JcmPSL0IxrshPCk3jyas5TrGpohuv8J86cycXWjuIxUo2uRCaLJj2IRuJaGgBu0ETBCKI21wE08/JTXBKzZHUlR+h0SLGYkimIMkY5ioyaQsqBTkKlGRymxSZilxYTkGv9jfSPSQ9jsNwbs42XbuSZs3G+u5bUPso/xrZbGfUJWf2+8GG/7f8MgdmzLK6f6PMJB6L1HcHcZydxZrBf1C3+hEqUnnYSsvYyQULIpoSOJMS0JtlRSzwI4UGRHcXPg5bhPBTpglkiWV1JF9y+SbakRAaYCklFIlIwmkS8iXjJ4zdx/BZiYxeAgqQlQtG9Z+Rk4Xef4YM9/nh67UagxewzwkgB1YoF/iibn7C1AtcL2ZbPk1RE3CLUe4OOQ4ZCjkhZyEEWRw2uo3TwKaqiCyG5RUg9Im8jcjOoe0G2qDVdyLIMlyLaNobSISy8E4rLlkbIlG+zibcFYgVPccy7CE1qFFHeBVPzJrqqM3jeQ3d4KG0hEaslgRBoKdyIHKn4EwoFIkUXJWwwm2KyyGSsNsyOWKgsb+hFsiDUZqMBUVxp6w1ty1dFugtZOPI8B/rv8AD+xZlVXrc2XojM+SHeN3Ga+7eC61hIyb6jJJfuLqYIb6oLs7ClCLcicJL4JEw7fLEEECcY2wlIaM9UFzEmJsnUSIExLQ3/A0f8Keob3CYUtewk08CVDXQy7T5JYFT0Rlc3sVlUqFzIEQyEJzYqQkJiJJw8l/A/C8KRUohq+KjDdp8BI/e/AkbG9u+D+tmNhucS3QGfxsQzIPDJODPJjN4khYkshCWLA0FHIa6CmVuwqCDNKhzwmVxC5FNiA1ObC0dhrzQ6adGxNWhLaQZWSzc10+Y3OVjIv0xD51BXgghCk5tuW+o0huEys6DSsN/UcpcSoh3GrEtA3FhSbNiURMiMyEZ0ZQ4bEizHDVxIKJsQnwTegbWhojGOTCTZvpAkAVYYGQXsaT2QsKC40yGgE2bEiJjISjCDsNCBbSxcmCaGhHIgQUJWAk0GychL2JOvgqirK6cCRBEYTJARIpwQkqSOza6CYsJPg/I0qiEquCQkhFoExVJCCF/hCUXYpVErEk81/AmXYSm9WJG8BxskaaCQ2tx9AYsLyxNj1c/wAMGe7zwdTZ/eN/4Dn3HVqIm1J8j3ET2hzZ/VZXo7suieQy/PQaMPWxPfuS7ibnhmTcKCHoyEzCnIxwIE2LUQZC0PwUZiV/CwV6SzgTdjUJayGi4h4XATMboasixG6igQUYaJqIzS7EYWNg9VblnoNf1ECdCXkKRIQzOfJXRQiTuxQzMwxgKmQgLJwzZkKlTOJ2ZHcnFhXsNLUS3YClqkqDNYXUSzB3WhxK1w00ipMOA52kZoNhESWBtLM2kiJOXyPWC0MCrMjGSR+oJ9gTaJeBIexyFGFCBKJRKQ0wUSrLyJtBuVi3iQlCXAsJyJoKVkCbwTdiRz9VzJjVRDbyEih4VGm8yiIQcCgkUzHGQxHUxImTJX6fIQNjxTFA1E+jxmJGBsYu8/ysafbnh7bXFucZWT54nwyUlhK9VqT7xzEzrnJkmN1yInqTJrUecbwMkK2A41Lti+kZURspJG1hySTQnHEoFaKMLBoiO5tWHRGzzGzUSbkLbHkgMVHoRCiw2Z0tlGFRyt8Gg4GyG+ElkbGCpYOuQghaEBbErUe8b8yQRMClE9/IZkKBMDcq5G8LaJ0J1txVUAUIlo5yRpqQzMh5YCE4OYQJiB/BoiLckbnUpqQStxEik8HEggixIUxHIduBvghiEEFNTqdSN8KwI4VsF7/yIEssy1MxxhalcxvJJgnCBXWsaq3Qe4wLIkRnIs80hHKbV1Ls55iUM1wWGRC1l+0Uc4tfPgu+1UZYL7d8ECrfnIDoJaG9C9hWyegq/wACeVmMTRfMXtYi+4c8TqiRJunDctthQOpQa4rkoiMxyVEsWmM0vRk2buQ5u493ZeShLE0bSeFy8/BFdLBATrGBToJdBXmBhkyO6ExQXuXMkz/Qm1XyO4fxg3cxKJU5EmeE05obvMmlcT6iZmI3qO8g1hyNEYJjcig0I5Dd4VoQZDNPIqXRLmPApm5AQVjY0b6nIU3ILBJJAkrUodBJqfWiOI3gkqJMViSSTuShEFdCNAggJJFCUTGNIiMIw6ks5jnFuELk5/IlF8iqysTLjSWwLZkIuCLUKEVv5ECpUlQWEgeClgbWPUrpXPQfmR1CShW9XwXvaqFZDHj054e61FozIXMKxSCBYnXrkhM1sDLO9I2QanqtSKzFr8CZ6CTqyENxTngaWJiFuEZj3C5hh5hBmQ1wihiRNFRTzYo/6VTMCZlsx6kkViZQZkX1J2C1UVyFmYp/wisvBtRmxdEKdBKFN0ZIbjjNCaKIlYOJYtSKsoHrF0DdnJET8yrMiJEczmkhGCMM1kbPMdwl6i+5mFCIkTYTP+k7krAhSVCR/B6BPQClkXwQISKCSIRCKENDaOzBKQiFoTti5sE2ROETnhS5Fg2aCJZL2JayF0D1kGQEkUyJwNPO+QmDScoHERAnUiGVY/oljQN5iSJaNA1Er7ibDQuMaRTVnwQclo7EfQ/7mP5ORF+Z8qm56heN0syleSEaYrR8yMJL3tVE0Qz3OeHutS1mQ+RFvBoWI3eRIg3wC4wxDCrKzO3qXBuSW5EyzIDnkNzOU2fJpqBHCnOEmHW7EWrHPXuJLHk2CQ1xmZBiVgkiyJSyIBqcjIEas4Gm8xghENUcridScCdn5I1EIXuYw6VQ0M0BkTXuVJGHEhmNDgmsoHsEbQsBkJzVhSIhkEoPUnBlEFgTwDNyb/J7jUQtyjI2DbIbJ5kCEM8lkIpakp7iLJHQjYg5DkOUoxIIEF7IjcggQhKQKYJnIgTGS5ExkNByGug1mJvZmmcCQToIZJm5kCh3r5C3IhyRzDeqOYb5DHQvIkUa4X2MFBjItec4KtOy35ZtQa3mfJrS5w8IVknafmSXtMPbaiJzZjWt1J9LC+vI8Xr5/lCshjx7M8PdaljMnI+RFnPwULA+U8AWMGpHoJqwUWCVCb+SV+kZQrvRkY2hjaO5aWZDdDwmY01Ia+MaQxIMSUESSWRG03DnE2pQNBKZB5iNrBaBTsTHqCjMb44RxVj3IiTISwesbBTMbehoMMKYIrYSeQpvQehSKGoM9BZJnqI8x5wjYJoKGY7zQ62Yt2IKyuQxJ6nyes1EPMWjHDGWY0ENl2IsQjc4kRTQTFwQwIHKchLZLJ1Gs6CSXhjoTsLl5Eyge0mJ3dkiyJrmOTkNowmUShBWKAimN4CZEi1Fm1+RJ34BvMSJwXMg4E6VszGSSnIlYXBAkbQ3yLo2R+AyWaL5VhUfqvinBd5/lGSGP7N8Pd6j0ZkPkRbz40LG+U8RFjhegZ1hu0ZzOwqNama3Qew/NiPsLxx60SWY0vRJaBhSJzI5SEJR3J6YE4664WJE7ktYbicccihyS0K6D0g1XT0JvYSXVHyDcEryIYsDVJwXei0jDpkE4e0LekaIYc0C0ch5E3UZmEuwxZlcqeEarDTtDUtJsTmafuytEHJDSikQNSPnDGEcM7Eje8JbDnKWCwUKDQwSyNRLAhBAlhODwB1JJROKMEFFg2e4bXkTF0JpjiQysxDKs2kq5FEgsLRXU1CCPO+RDwyJCGQyMaKIEJYN6EkEEH7PxCpEroVrV8q4NwMu8/yhWQz0uYz1euN+gs58ckieJ+IixxzxiwTvRsTuLYo+CvtHwOo8oWoDCX6Md4S03mTVNjVCG/0RyE9iI0ObDzFeZRa9zlG5LGTsLpJGatEObwo6YB2CWhHC23kSSsQrJ+ByIdxMJ3kN5RnBNhLnFOQ7iCSyNQibuNA3MWJh6MASxUqsxAnusDKIrUTZImmli3OBaJjZ8BUnuIARuRuQiEOMJ1KEpEiRSEsIIIwlcBJLKkPMog0HbtOFCRQyhBHQRYbkgsuswLmNIo54FrfOJVa1RsJq4mWZVFRWQ1fBK/SuEooJeBsTgQlkSJDFhAkLHd+BBmNUk1GT8MYbJPl/KFZDPa5jF6bn7nuTF2JsfmXQ9OYeNCxu/wAkWOKJCVZicxDK5iLUHImw7lOPghTQRPKvotFHko6fRmmvgmq0mqaDHWZnRBDEsHzLtSNiGbhGrGizHHImRTJt1HhBLZCl2M42xsULODz22JGQtA6EPBUrqOogOkS3QO6CeyCEZRd0TWIeZJmNjDpKkcuA9YlZVOwRhLJSjKskNC58IChAkqSxkhQTgl4IRBHDBUoeAEYsZOSVglaFckNnfDUkJ7DSNoN8xAULCeKGRhXkQha/SuD45EoGJCkjgQu4kMEmiZ/FZCR2znkRU2Q8H8/yjJDZ7XMZYK5O48HzIs5+ChYjc5FrieGF53qI9GDVFGNTqv2ifa5i+igshKoJmRvRA+irfMhZP5LwnZiZzYhRXuLFcEBdDE0LMCsGNpC0rCYwFrVJVkEvqE+TFWQswe4bsjICisjYiUYrs6yG4g6Mxs7FEf8AcPaQs9RdSplrJahRzYtipFoNVkRjQEh5zZkQJWRBD1hxEZkNUUCGyNxDDWOVAhSiky7/ACIAQRggdC2M4ZkSIjPA5CdApZEaCGdRJYVIkSEJDdkqGRHgVRSwQI5MKTwrqdTmJ3xSklikmcsEiGxa/WpHBAlEkV0wYjATWiK0LJrqX8+RDeRzZdo8ht5vrP4zLUnfJ15OjPgsGj5fyjLA8ejMYodPlNNygep8yLOb8AbnIWiB4ovldqaEIqx/Pvq3VCpqXQ6os6b9GjWWgJGbj0jZqu42mnIplYswo8hZSxWxcczJnBcOhCsw1sqUwxq1qUNSrMaGwRZEEtDO6OBNBqzkaBb8CmzkYe6jr/iRb7waAloRDTwBMRCqVDgTG4VcNpjm5n3NEhkuiWpRdlA8BEE+Q2BESWwGlcKwWAhBSqWZNKnX5wARhGEoaEnZFWLDA5sBLQJ8hIriSIIXCSOWa5kwkcBPY5DmJHMJLBAhoJaEUEMEtCWIJMFrkrnhkS9eZQRhCZGHMfs0KKjpU/yQM2ryF+vgjBfwRxCRkUW10vCmDY/ZusGexzGI9W7KLMh8iLObgpcC3OSLWDXBdwZzUJXlFMtKftRJ9MXc0M6LvCTPwdhzLU6lgsCSJAUdZ84WEiyJsxK63Ibu3YyqWLQ2lEldGWCcihJDIRrLKLyN5Gqa7JbisFhUYQkS0YTO7w+cghHbAIRBAoHBrEnqI0WIuuRQlWZok2JGG2Qg5TbJ0eRoTZifU3ClLfAAyJxoYlCMII2EmRggRgmSJydcCKcRXtCiyKsnhiKA3wRBchkCWD9oSQxFpFNiu5J4pJZP15mZFSxZjvBr3kpF/czPlyIus+olwr8vTeJ0cq+DH7N1gz3OeHtdS1mQ+ZFnNhlwXAtwWsHwXCwVw2sN5eCIVL1yFQKrwTq5pm6HQxSp8lhXolarBV1ho6yTrCDDLLG7maHpSUKWsoYeuaTNA1WPVNVlIlsOJzknIQ+Zz4qQlCAy44JkZUW4ohJgrj6ZBZAICXDMSJWpKIo2iGhyjnkLFlhNSfMIACIyZTQS2IwjjTjGNWLUQkbBTgmiqnkEVIIwkb3wYkEKLA9owwG9hGWXxTBLZGJQRtp9LHzr6ByYR70L/wBtBt3VF+FIX4b5ciLjXkxAdtGbw5uH1N1gwyRhe91LGOyPmRbzcFcD3BaEPgulkEo2LyK1Q7MH6HFDWgdYqn1GNXe6MK71OK8jfUKwTGZ5BS52UjqDJRBAw8ImT74aYHAS9RMzFYrqy9awxtK7I5VG32E2bIDaGgkfAG3Jkb6FsEojIsCYnhp4OzITG4JirC22wJnCgkNZlzVdRLX0Kw19v8i+hninBVwJG5oKBAqqShYpYKcEMJIeFIESwsNSJDQnbBM5knIOWRMRRSYFBK0OQbwjBajln2LgPwWKvIvzytivyIXCky3xWrofXosU3q6mxJUOZh4siZekoahnCZaV3qXdP7w97qWMdnI+ZFnNhlEzEW8SMPcFgnFYXyIGaMl+4o0L4W+WhrfovbqKS6tBBCQ3O9VqOrY+wmDUMImofwTNoICv3LCyCBhywXyDSgZS0bDRchmjvmTlKuRVUKeQmsNTDyELFCKYpGvBL5zlZMbRJ/SYZ6jHmNRmchyGx5wJTkKjWwKm47YWahnuWJeRNtGkGdV8s95qJJJEzoNsZBAmHmVFs8JmkSRQn8JYAkdcHISZRngaR0wRIsLCYSNsgdHCeroUZo+VTMD50+zJHIi4HKadv+ZaU8hDKwVxjJSTnzuhjYxjZIx4GxOTIoW5ck/AtBKPqHgYfq/eCr2biBRfJFnNhP1G4S3wJcFjgWF8tgoycGxMv/cjSkod1oykK+gncpbk+amTYKW8+IoBhXdcBgggeHiE7BRxhrMqktouhi4QRZkRqnQUL1H8xWrwoDdYhyJyXHOZSVYE90JzngjCJXI2CGssKWLzHMNFcMzfJD2A2d4EUbQryDVEjEtRNJ6vUs9ZqIwRUYsIEiBCLDY1goTglggSLEkMX0NCFqKCcJR0EmROeCEKCBJLKlqF1M3fIj7Waf5ULyb5uf8AmRY0ZbGX9RBIVOVBaYHkfNDwbwMdBi1/QLz9EWvHycyT0GgftYfq/YxPbzErtF8USZ6ot5xuC7JgBqybGFqSwbgscCwvjwoLKEQJEYMbuayaFMDEVuHzngi4+EtQhqRTFujYMYGEPHck/wDSA1W0uhIVXUrhdTKjzQ/3AdDAgVKjQWp4WwbRyEEDWY0RVlAgjRg0ZjQPQhsbMySKEiAfTJLE6IcaqZkXKiosJR7rsQQlghELhJwoSicIEIKEklRSQhYQxQKCKyEiGRyYFJDGULcrqWY+iBu0udS8nShf/gjjgaF5sy4YoHGUBh5nzQxjY6lkH+UW/uqJjhQ4zWYqj98zhSaquHpNB45BT2jI9P8AYNIp2kV2gba7ffGYSxW5yLHGUraUquTexIww0wVIzqE9xO0fMeCL8C1cJbFkVHqUYwNEho4WczsxjVQyqqSRpoalBqaGixq+UPE6DY01wIaMqsie7FqZAsRWY0mgNZjZmNjVDBxHrEXUWWx7hhrSHmMWNXBDR6LvGBThph0K4UIWEinBCOhU5iJWJfFKZDExuGg2lUu/7it5+DJgu6/+eME7yG54BEicGx2wGlFpB6MhitV+j/CLb+xJI8WlQ1K7iMt7Vux7u9w5aTuXR4+Dx24N6mYcap4eB4JuwCnZMk61GHc5FjgWK8ciJ3EIWmQW9kdRFBZEHmYeAX84/Gb8CxC4UpFXDu/QylgTTtg0QMrIjYDIxnuKrNYpKlcYElZhClg6ESNLsErsho3eeEkIbKReyG8aocrhoqubYjIMFHhtCCBIjCCD2XeECCHwCBQkkqVIZAlhBQkkqQzmwQiUJleOlFWl4Nacj/XZnUckXw3zckf9ECcLUxIGSThJImMMJ4cYi4Sg/VC0oZGE4QQMeqS1t1gjgqi0jTcY6yhIQ0bINpPpB+vCNfVia7gzg7UAeFmhjvItl+zRChTFh3ORa4Fjr25A+zDWYoDQWhOL5kyqzICwC/mEeivIQFhWkcaBYzkZQsbibcWsCXh1EbofGAhqzRFEiCrSJVg67whu79tCKzDROSHXA4ZiaFMxyyG2JCx64MggRGMEMJZIduT1LxgJIIZBCElwLCRMckEFEQwXw6kQItgiT/RLj+UM6x5UGXV/6IwUhjEK4kkSSSNiZJOBcAbEjeMuKstIvS0NxNL9Mx4QQRwJPousEmHLIrFGot1LPCE0AtbNWJ1i9hms/qJeeAS8h0611IsM3mA5RNmP4nzl/kixg8Fit2WFvociLeQQ0YmxEFgbPHYDn1pCzTSwrPxGhDHJLwWF1LY+BocxDwWZISqJ1Km8juAzR1G3g2kMBaVKlacyqotndiRcYEEcUUPAQ2YsNBfZq+ABGMwUwTwEpKROiKlGCWJM5i0ArZNjtiReD4ER7C7/AJowYxahAmMScE4GJxJEx2Z4WhCKIPAkQ05ThjKK1r/gklpRGEcF95KfI9oN8mI5JbS2u4yGyW4aT9OEztfmEq/yJeRDZFBrsU7gjfcTtEIqNsfOX+SLGDwWFwq5IhkMb6ijVCHROo4ZkEJMinSMPGYHl8N4t4lxuYq9ArRK1LE+BjEs0SZSgnq1FqxcyKHbUHfvAsC63gWIgggjGRobCWJu7Fjo4Pa3Y/pZhiWNlWCIwkngkSbwURfwtYM2oXsRw1tj/kIwQnZqMSrB4G8JJwkkbEyScDcGOfDRQmSBjtlFAWHrkJGpWEEEDEkErcXMRC39j6w3NuxbP14e5r4EAZJLEvIU5eAwl4U2fCfKX+TAMeCwvilLpKIbQgsiWFLlIdUOklCYa0JixyRkPK4LxZxL8LmLblUEqLF4QQSCGR8CrASEqyOCMGiIkskQ2YjAgj8Ptbs9hqK4IE4Q+FCg0XMznBNkG3Mj8M9t/wAYmYmEqLcEk4SSSTwCSCJEiExPAjGCXAnEE8GMby/TIo9TxwtEETaVd9U1Ax55tYL9f7wafrJPcShqxRsOMyQlRuFS2PlLvJYh8Ewh675HCchlNSsDSLCYMCKXRjCR4oynncF//Cj/AAmihggjFId3ii42ExJiw1+YaPRdnoNRBTGpDIIIzKBG1RrsM07UG5uL8c4XIBuWPzJ2LUKwwnGcZJG+FJGqzNpJ3wJECQhCEIdieYTEVYIGi21WhTLPTh+X8ocyvBpkNIo7cEXoXE3jQaDJOzEuS7idfsQtzEvIjaOPlLvIsYPh7cPSZbIdX3wIWWwwKMMyaJN2GkjwxkLPPwpPgX4nwPGcbENcR3wRMxCP+L3N3hAlgpguDE9zIJLyXZ/rCPwL8EYRq9SxwrBYwMYlIS4ScGycZwMSSUj0Da4gSIEIgRAkJQIkxN2sNhMWEDWDKW6PJenTPH1N0eGKh+vD1Zc3iVkKJRXY1ZjyEPSia/Yg0wfnL/ItcSI8SXCZd0UV00Yng8PjC5Fjn4EJ4V+F8L4rWD4Tu8X/AMnqbsi9quDH3g2Aur4X+ecJwqmj46BOxFKETgnCSSSSSSSScRKHoG7wgjBISIEhLBAx4C4MCw9GBYyJOA4Gb5zKZS1zEssnrcjxcP14JSosGSRqB5rEmNBDQcsJrJUtj5i7yLHGQQS4af7UexwYPBvB4wvRa5sNos4Hgv8AktYxwHd43f8AJ6G74JMf8sYyJItRIjjAmFrErBskkbFwpxknA0Qy3YkRgSIIEsECCCDzS4dFRxVFBcJAyQcFEYg15xOpJKakSoy/arbc8P04Q9q5FWRPkNBNuyE/IThEtXYDAfMXzEoYsra8SFcEPUEfEGi8VVTVmN3hkZAlMnYbehqM8IXo+dhtFnEv+CB42uCCMDu8EP8A5Pa3fAFknij87wgdigQRSlsZJG8ZJwkknBJI1RoDZkSIQRhBBGBCMEhPj8GOQQQRRWCBLBYQRw+RJK5PNdR3pdHfoIagv8cIeX9zMhe7geEvlBJcQ3EJiqzQpdsihvUejkJp0dhjQ7a8KLgt8ylJKMaw4ZkgqKCQ8PgC9HysUscS/E8cx8Vof4S7/k9rd8PWOFf8bthJOEkk4ThOJvFOBhuyCCOBEYIEhIQZwQrG0NTCglgjEgggSwYggjEYhrgxcC+aOz/rBCirhs8yVm8A0kSYBc3BrsQmNC0di71GuZJyMmSCaTKGzS/pPAuC1zLZILKxrDWkA7doVS6aBhu0LlwohcK/E+B8VofChiwu/wCRvRq/wJZ/AvwLFEjtjJJJJJJOLZJI3GBsyCCCCMEIIEiCBLAmIuB5YK4KQoIwSwjBKSI4IIIIIGIGZO7oQ4M/tgyAsvszQwzlcJisEQ1IcyGSbHppAhe6Kb9+SRDl66D2j+sJGL3IWOZZwQNoZclIhM6PyNDs7QLXCGFwr8TxWD4bA8XgjXG7/kePZdiFEoTYVeTWP3Xv+/G573/fidd7fvPb957fvPb9/AcUd6fvPb957fvPT957fvPb956fvPT956/vPT956fvPb956/v4Djjvb957fv4brjrvT9/D89tstiQqJDjZZZbZ75oO9v34nXJYdd6vvPSXyemfs9/2CR7Pk9YfIvafs9H2Hub7Pa32e1vsS/wBvs9zf2elv7Pa39ntb+xf2v7PW2etsX9TP9Yz1t/Z62/s9bf2e9v7Pe39nvb+z3t/Z72/s9bf2etv7Pe39iZr5v7IQkJ7t/MjK7dzbPU2e54L0Njd/pjf/AKfZ/rGJQczP1f2e5vsbUv3cx+7/AGKZP19Reo/Z6vsGtD832er7D1fYR+j5El5npmKYm9NRDT0cz0N9nsb7Pd9gkez5PQ32P+59nr+wzc6YWJKV6XPfTyRtYuZeo/ZXJ/TUsHo5nqb7Pc32epvs9TfZ6m+z0N9nob7PQ32ehvs9LfZ7m+z0N9nob7PQ32e5vs9zfZ6G+z0N9npb7Pa32e1vs9DfZ6G+z3N9nub7Ej/b+z2t/Yv7n2e1vs9rfZ7W+z2t9npb7Pa32e1vs9rfZ6W+z0t9npb7PS32e1vs9rfZ6W+z0t9npb7PS32elvs9rfZ7W+z2t9ntb7Pa32Jf7fYv6n2e1vsWq2j/xAAqEAEAAgECBQQDAAMBAQAAAAABABEhMUEQUWFxgZGhsfAgwdEw4fFAUP/aAAgBAQABPxDSrF1VzZihBNN6FfCG64gEN9bU0O+up8kYRYCuMeX1qyJLXJD6AkVdLxdaWxQUlsKHoQlhg/8A3FqKl5aLqWWg3H+weqIC4fwIWhYlAJ8rLy0tLS0tLS0tBcKjwS8tLS0tLS0tLS0tLS0tLS0vwpQoNk075g/daYmdNOQhBfVDGa2LOy8vGUoGAJy9mNj8qmeoGhO9WMqejkRsYZiYriEtAoz9CVEIAIqLZJHiDduD3MSk0xPqwI0HWFKZDpM8hrwqLkZkEzmHePRKEt2PxM3l+UGZV0jCzIH+ih/w2H/VwP8AVw/4cP8Ahsf8OB/q4f8ADh/y4WN6LGb9UjS4+BK2Q1gYlmZqD8uxjLpFVowm1+Z9I9/7DlHv/Z0j3/s2z0P9lVVHZ/sROCE3wYbaNAqTnSMajjQh7xPxYTRpUMOBfoKFfOlQgU3HnlIjRwYTH+YmwM8TF+DEbSqXFiDFbNHapkgAZAh8s2i1olDl+bFhwsdBrcSJuq1h+kTY7nRiFbYEHvOebW+RDU3eDZD40XGVasJ7MQ1AS8X2ib6oTeKGXeG0VC1gv5XLhGquF8S5f+YsYMIjBh1gQAxLQJSNYn+G+Bxv/LXBEURdQ3IfMsyFZ5XFVxrIHwDSb1F74MTpgFTRaVbZJVnIuZBlzcWANJowuAVr1eUvolXRSW5pXBBdvmQBrC8UAlBtRqL5hNve1Euad3H/ALGjgQryYbVeIBFNLeZYoCm6mdVyGdZ4qmHeYsEH8yH4XdwpMIHhDjxg4HH9SakC4FcGMxomXbw/NrZkXpDiAmtNbhFUD8mGJvscVZBXexAXlKgtPJJl2D/BjhVLdl5w08KzM2NTu7wMp4pqgjOCDRhXi67c1B6C1daMPyhWmj0YhKbvF4ZTR4NbzFjvQcI1ga4KoYQnvrFAYigZhwG+BT3bSq7Siuq9o0cxRoyjiWi4XnlELC2rlwWNyZEf5TL4VLrSXH/w1xv/AB1FLU2GmX03uaHPkQkGC2brszPh5A5AZyK3s1gRB1Es5LFGCigOpjLYpzFFS5YAA7Ulh2XlnPCB08DtPLrumUchgVU+s6T6ze+65kiznFdkcgiunuhyw8y/+0XZ7o8sjRgWOlxN0hGYVdaW0bYa7zHYQPzIcY8Aghw7x+tAXN8QdaBxCVj2JpZr/GUZekPz0ZgAQ4JOxKtZrcNVGRTtBX5tqRgI1VwZtECclPC4zIg3Jj2fzWUODuFXZsRoTRnIdPE3yWLVCvpdgsoYSmthDXHMl0dVyNaiFdjgGr1mnNmnUhTEsG9a6zSQo1kAcgwpHPQVFMWVhzaRI+jnky1FRekUFYIvLmA0xRi2VE20K7sBbJZhxyxkm0UWucwKwbIlqAGMEZBIpcuX/hP/AI0ChcyDT8sNuoGP8VMapA7F+TlKtC4p6bFoNZQrvJUGdaB2agodOfKW31c4B3qlgqR1hYI7sVhmoNLqilWE8xyjXEZ93LEoiDuhsRvESp2aXBKBZSYvCIsp1g2zxOW4LWcFCiUiXXN85a1oKjgKIW/CuIfjdcESGu5K9yDDFcI+li4k2diLDKJXgvhVV2YMuXLly5fCLGEuAbpgmpNWHHyii6o6zLly5cuXBZdoDSXFi4jX8+EFcoGYwBPwF8ajdZhwDDBGyYbFIQCyzyq7EQg9TQxx17G5MjKNyw6vWMwLa21vamNZ410mA0hvT6MAVAvXe95gr73eGh4bzSV2D9y9p3sF+59q/cW1+91mCdzp33r9z6V+4lbO6fuUFFPKBfeaAOn1us+/fuX4fudYLSN9a/c+1/uKfb94Iv12/co7BOR84YZmN706lwuPiseD82P4F/8AAHB4XwqH5h3MqMbRYuNJiFfYal5UuI2l6yDMAYS1Qum2dpbjZAo1NMJerRZhhV6MwW0iaFx5f02Vn8w8FBWymgAdRYryjBimm9SMSlgq5U4jlHpNDAJv4QwrekG2wuDuZtjYXk6wCEW7Rs5rlAApAIWZqZlC57KBfMzlhv8ACcGVD8r1wcILjHCE5DjVQYVpWGNRH2x0D1Fjdvj9gM+l/uA8dBAdkWmWu84fQoT7X+59r/c+1/ufa/3Ptf7n2v8Ac+1/uc36fWfS/wBz7X+59r/c1amr74VGcv6PSLfR9oFp9XpHrN3qD9EV1+n1n2v9z7X+59r/AHPtf7n2v9z7X+59r/cXh+t1mhD9uc+1/ufa/wBz6V+5lBuu3zGVQwZaADwM+1/uYZ8rfuA4PrdZ9r/cbFPd+9kK252U7wCPcEGEQC8PEFqUr3gYUa1x0jrIincpBr1raYsZjuCdBCVtt3RXAFGUuya+Gdb14U07VeHjD+AyjIrZYrbHdvUvg4/Ab/FxxqC0SxNz9TTKPhlVosSp1WD838Cf56/B/CpcsIN/gxHaXtfw7wuVYcxi1fIYdvR0qHZC+iLihV6bwpAMF69SLrUBwTlhWtwUDWXSy+UNBJjOYKTQKp2uOe1+ip/CHBFsigDiYWFlsQkOpv4MFVl1rXN1fCnpk+rR+hOce0OR9IK6RhWIu0VY5GConS30YDWcdTXujqIAMK29mcrE7yv1W6kokBh1hA4n4H4Wlh4mQhpurg3zGYIEqVfCNedteXVFZIytXhRdQC2jMaZlRYvPkf4743HtCUylRFWqwa7EuU43wJcv8b/BfyvIo73brFmokeY8Pa8TsNuueVFGjUOFDnLmQufUY4FxUzobSo4brm6V+H3XWVvlKTGQ8rhOmG0YRBmmKr5FsoXW7w61pcFR/BA0qtzDgT7jlEoA5CEoWv0xhHiBSuQ6sGXCdJR7EDVa/rSLRS0xx5QpnOm02eSPXZkQG1Fm2OHW8BjOEEvUU7mkJOLqVs9XgdkrRvRzuyUFr+XwUzdKQmudb4IxcGXUqqNX5V/jJcODGJXC+FBQyFd4IGXEqLLhmWJAS0cYiLeyxb/JDpP9E0h0oWrOZqQMGbud7iJds7hpiMZpUSWPqbCLVaUuUHgQmt5riq50mL1NwyiRLMEtVyC9rvDTDAA0xHttrfyuCWX7eE7+fzImJNoK2W5TcdDdwBM5cQqIXQQGi20I88HiGVLYTwu2XVwxxmVUqVA/A45ec0vHqCh3jrhzAkQ4EwHYi2GCBsGHv+RwGZlXYrM11shBRXl+0WeoqQmyPJgAG6Oi63Ogqi6XUOxPMdGtblR6AIuvEEuL3gk8qw7v0xh42WGiSsempgE5nxITAQIdI4ffoTUSofHcBv2glsF5bIEIaGu4urtBlkE3AyNeSUIhNmGL8zWCrUUFVaADBa6WJi1CrMbFDWNG9dWEIyeiGItdRR1bMuFSjQJbyYmK8wb4RvLaOexBAYSanuSio0CWQecSq4GfaM2gvVy2HmyIB6yqHi0Q4sRr+j/T54e1hw3kDeVxfHgEdXNWPUELuOkdJgUVY7ywGSTmaE94cfseTEVEWBTnFdszu3qYK5WNeerLwqzKIfURPXCwFDcRUB1qcEX13Kc1KfNxnR2wF2BeIGc7pRF66zMGk67pV+rFLltra5d83xi78JtOKEUttYrF6wBKyQjqfBYd1aHrG3qRBsfPQwxxpE6DPsV+Aq7nsUh6IzSWy64F3KlyohvNB/EhmIl8bg3LlxalpbH/AFpF6PFoHf2QFPPlQHVlEA+MaoPpALBDpUMIMOs9SwpBIl8AQAaDUvDHet+xNshRThdIQDBbymos6YwRw+10XrDcmQLuL4Ze9wCcVvtATaC4BUmBIsNEwBiCUCNXBIqdgUxEqL6R1mQIez7eE39PKVBgKmyAbXavXEOk6RadamoYzlKQexUDAKaoUSm9Gu4lQbiAAc4lE5oxNhN2UtK6lxy2lquCtYcB/I4E+SGx/B0u8VQG3EJ4VCKJqz0LKr8F/U6uAXiOBYbrFncFILLbCsjqJlYTePsPDH1nNnvvkn2+ks4WEagEOtQEQ2MO3f8AQSkufSmBGnUECABaiMngXLUff6EPQlz4mahi3A46LC187+jZj4AbnmZB8wNJoY99/cOAOjIVzaAiloaipzGFGIA26fN+wxGT6ecrfEozWyuaUPwxz8ieGY/5sKYaEwCBSzTcYburzyj+YL7D4lEBog4lxoCzlpxMN86KA0omqBe64lVxfkk9v4hDE4Cnz7E1cGxgjYcRW9HaLulv1q9/COBi25b1+Pw+g5Mdd6AeU1rRS7qEcKGIH5FJiw0v6gKkGAcBYRsL/sQtZPmhlagmSOi9/wBZYVWSJ6EXUegq26CvCH3f54B9/wDmV+keoz/Eur6z8fumXMNeXP6HjixKLZfUxUqqmXpA8bUTdUZw75jluUdpo/AZammmXIGCrQYXRVzN6xKHVJXCgkVuxeIZlcAiQb3cgoNmWxY1zdQZZEJFlQnvApSn2mU2FvKNlV0TRapV/gGXCBqpg0y4dy98uCp8g5YnM11ZgOt25NoFoS2WYRsOLgxcW6GLhFF3mGA2bOEwaMqoO15qc3QtirnPww63FyGxKNIwcoGM4NFX/umD8sCDr+WpBCV0wIU7AsCOcC7IgqsOjAdxUzrGvZDLnLNRZlDLnnEMQSocR/E4v3zQ8JzEgw7z2DgzWDfhcOIToj/USaY/AZAFw+U/6iVfMUJvg+GUJhKos2pUt4WAEB2zMeDLJtBi31Yb1s67pJ9roz6/kT7fRmH38EAHb+/9Q+qflYSHxhkeeSz6/Qn1/JjL/abwfw5mLsN+zzhrMHyOPQfPHL7uk5wNWvmhlkhSkR22gp1Sdq/RAnlR6IPmDFYt+SBzYgO8FFyQ9T9J7BxpH7jmz63kx4tzh+39QziKmhwf0BFF7xnqVhNRNWVcmQ6MqR7/AOZhLopsXqREiUm3yeHjbboVHTukVkxMVsag8C3Htp2w3jEbTQFh4VNk/BlikppYBjsmWrwwGnnZNFOyNgC5uM2zttlcyZHryFZZiXUAbrYWICR1EKQPX8iO76oFXKiBEAdUXPdIVYrag63ssDAgVAXPdIXYrag69Fi9qhprZklyVrOomnriZlVL3W+KAE2gBjHKcqZNcxoBmoKu2tJTUlK4KJKRKx+AsOjA7EW6tNmKhsxrDDQ3dGv4FRXpKhm4lypXAWbtGYiAFsMx1kwx2WG8tR5ygHSLmgvGzALbXKEPz2nMVq5EccColKBSAzUlQzoIXE2Xow0qk0DdEvbM6hQzLDrxc1NTnLHa2S3kg9t2yzA8GrnAwFWHOkOyGFdgHMh6qSAwjJUTmpdmMuaRuBAP+qKlyZUserpRDAatVrab3MjNci1QwUn4nkzA3Q6oTHS3ZIFYUvpA0N18IRLkmFkPO7EE6SsIYQ4n4nExwkZr4GaHee2cUrp5WtEOhUM0LhyMDkYWn7sWBC0eb1tqpOJkqkhrjhTZzra2G0pQRq4dIpsosNc4AeGjAGYMacaB8LADdpeodZpj7a/VSa/5UFAbZRAoWwhrpXSLTkmoa9lgULYQ1h09k1DUrZjY19hK3JggtKYU5AAF1LkEKBLAav3KmjYDIidUYwmBCp5bnuZjOb9djB7cQFCrTQrqYksqStGlu5DV7pIOxIRqQdAuCGz5qJCVVIA7lLOq9Zje1c9+VF7xJUdq3SDSiUHXMLtWrCM9xDG3PvKmjYDIidUXixPND6N4MCzGXFEAEJqljEr7jiyi3OBgyOmpDyCVmvea9JThpmEOQVfJ/lz/AIUGg67arvC0cTv9SuN/YtCAOyLGnQQSuu8frKM2ikINpVJBci6cg3hswjH8Vs7J0ylf0eIlMWpIJNQmKlSw4lAh0lQ2s7zVS3tcG5oxNFlZnK80M3oXIvxEugN83KELj0LgZUEJTNA+7HOChYfd8BLuV7iO7NyDaXDY6Z0wNdYIKCY2rpO5GVlINmjsEudmHEoNGGBzBMBBM5tpTNi28WhLY1zAQyHC2IHItAaEVnOFS67x7BtNjlBR2BDMsGEimUuP3I5MktbbMa6wem8MCAgLECqaeosaSu5S4poKHNeoJToG+q7uVhAp8zPEIFIdAqHEOJ+JxRhCXceHVmA7x12CG3AuXU0vYJmekcK+Xw9EFIPEbey7x8HoHqOSv8Yfln8T4zssKjkoRKLXw9AbD/4+kt9GBAuudagAKBsSdJ6GCZrN6luQ7zXA/HNROLaakG8q7w/yYdEaoSL8FlNXozMAWA0SB0mubnAyE8uh5N5kVBet1C1XlMh2M2wWZiQydpgFdM1psTDaTgbYxopRxSSGQFZy1OPcf3BP9z+zTHSzNZ6z6/6T7f6S/cwx/ImF5G1+5p0JBBp3mIHdVogdfrypkXWidhlZgCWcV5sK9SwmCNxaXKhp1SmS3g7lKJ1v4EtecMoo7QTupUfAlwktSSjya4lPWjJvrUB3bsMFjiQ6a0pisWNzzVMBL+NUb7ERMALhYhqyZsxkmBFlheZNsoG1xrTtRtGGIpc3nKY1VzSIFaizUQdmqHuiM7pUzAUZoMbPSFMqDizBDG0U5UQlS/SbyK6QWBtUQwF0EzVcuaWuduCGuG9NcMdPUZ7hC1D3xNejLJpA3UdeFBUWqjaoXCuBIQsBKhhl3fKR+i885DsbRzKO6mU+FNYsS3m7SV5U90A5RmoqXhDS4Sltemae8cvWiGQNagAVKqDwOJL/AAODwL54iQWO8N9iCboK+/tkwxCEuOWYyolrR0HZjVkO3zC7iNF+p+0cGrvR2OjJwJl6LNbPal/g6aaaSaaSlDF8Saaq0e8EOwrDakoZZOgQFy9C8NbgfJDAn+AmmmmmmotxfwzTXRs4RWXdYH7x/wAFLg0ArCypnDNOh2V/UIFubT/YwQAABQFVUIsTB4LRCE+r1+ZV+bF0IbzIMzWbOnYMBBN+qKIUArDKNFdd+Vx6As3dIo9nlGqYRrlxnFf2Dg7whNEJYm5lCdro9pdEIZrXnaBgd5mMZjGrULaXMY4yjwtHPKJlQMBm0mr7QoBMHPIbMRdaJL68YzocmK5V0XwxkRGOqCERsQfDTbXaMYahcHQbPOdYZkaqdSXdZUqrgdlIY+G994AwwEFMesVUbVLE3EUgZI8cRgbeiTUNlCjqg2hkkt9zLWR22gXZvbLsjSNQNN4gakYOkJcpk+ne8Exs+cBfDG8gkuZgOkMcfcegCXwwqA8krdhvaZFYjMXJStTnHqzUggZPigzQ3CmEu9wcAUqoHfv4wYuBXAgouLekIaQGylmbMXXaDbk0bUwCt8G73jl7GesvEY3vMypqCaBfOB18gHJK4qxM7bjANY9xYN58dpQkFQNrCVq1hhDyLSLjG1QHfGA3YCS9KE7HpQ3cpRGi8xTM3MvAwFLWkTkrBRxb9xAih7A2i0VWf9WrEIPNYDyXQiYsdkPwPwOIg6wZeGppd5bghvBtlpAZZUCVD6EZuBUeP3nKJO5hcplMp4UyngtOU8XN3xwbi3lh3Il7UplMplMp4aXsz5+KLvMJV8gWe+R590ywuBxZg980nY4a7DIjVWc6p65wiPAkuDlGgaxk/kszLACDUa0xVBG0JwNyywBVbWRFmxE5gpkZRFXMc2krBQ2IxeSvRe+JZaXZqy9Vu0RjVBOa5XVesyL7RWb2dsrksVjvpLFYdBbAHAg9Jr4Ndckqih8oTAVpzFPHqrkusEFK/sTAtL5aC4Cg0iciRGizrtBeihYm7igkKcYhyMyXOz0qKXQx4OzBYTTVxcqq0qg4HApyBO/IAi7MO43lZ3SaAaplnqcGxCVVwYowt5iQdJcLQY9UraLWDr3WMF1owKHVmcm5T8xKg8wmfZZvO8Vs2mWpWCz3JIAowJm0OsSbg3QciBn1ETfhl8oAsTAAq50mCxieTGsZKjVqqYq62pHJnYDueq4KlSm92pYP0HR6wECxZA4iALYujEpUmks5ktR3c6XJUfjRmjCy81LSrKQ7zW+BBjW5EV81N0jZllcjgT3ZLp8MGo0SHW8dFzXk2uSX5dXgI3FgnMjakaffMamtTDRJpgbTJU+UqcBZmiH4H4H4W/h1Qhw7zw6A0hvwYioHEZzL4pMfq4mUYPzNOGK4G7rN3DKDkK5Zdv8AJJoZ8sCVEhvvZbXGe0Yr7zgcb4GvvjwdiXECHIjnuMawwZr5bhu+gjipsxGIqSOnQIv2MjMse1UM6UgCAUkKKBnYYRQDyR0YHVk8cojXKCUhdQButrgILzRxonsSrOEXG5H5e1XBBhGUQFr2jZ8AVAJsx47YFdgacyXwVe3LaJaI4p5PWCLXDfWDLSrztAEwV1Lwx7wzKXGsEzeYENVxBrIKqUfqjHBoKxi0+HQ5y5EFuqjOSjBUophqmBMpYAzSLTDV7x2G3eYV4BvcMCWDeKXaEwYvRMGqrLrJnYBI/pFF0ilMl6QMhCKOgRhDbzXUNjOsXSGw7zpLyZspmr2j0uuTzOs59SZ9phz3MozULnGaLMtNJpOg0dSombNUrTAhPIDzbpnkV91HrMQVQxKvv05S+QF2UR6ZGwGsyGLCxTBv8AcVGBXrvygOZTEK7iujBVx6yqRXFNSLo2WoyQ/OqgpoSuuquaoeWV5RcZaVQGvaM2IrBHaB+0WHWiSYd07Qyvj3opMISniCn3AusCS9CWgCOlzFjrhBAiHWPixuLRWEGWwD7lcoyuC5hoh+B+B+DvgzBw1nfhOyG8q80OAQOE3zX+KIBoCWr86aStX4DvntJh5OAteWo4C9PzuI8i1w4YEt10rEhLjoLrDmwMFLQKjwAaytlVMDhYExjv51idXZWDimveUVpC7q/EAWXyt1HClAXeLGNFSizIQuIDDs87isQUrkXozJ90a9iB+RnkPOFY2qFE8NC1sjIQ7l57RQtAxzG2YIda7lakLowFG0JAWi1PhmK+Gkc2SnWFyi2CFmCMpmLBiAK0KiOojigB1uDaBU6xWleWlxW6tVAah6jZMTHRsp6lQVS2Qsg+b0c3MDW1sXBRsQXpDGaYFjCQuH0gGorZbdSOyEw9p0lmrKdpgIZPODwdddx0JGmUHoS+8XAALWA2rJebmYHmltTvNsQ5eURBoIXSVU0g3h6Gjchm3R7sQDRnWXZlHbaZBUO8tMGdqBmJ0R1TTaNLtgxCmbM60/HMhIK7vD6tQiLctIN2g3jAs1RRxCLvIywi7tTuikqNQlZTQ1mZQguTqJsdpjwnVVuRTOF210azNYtvQIlWVfcjjxql7x9NmHzpuRrXSZSWA6uzzK2DZWjC9nDhO8doNak7IQQEXA0AuN6NNgJ5Ju+0u6wSq7PlwO/Ri9qhLt4dSFe8epEis6WnoxD2hXtwP1QMyYcxy5xXDUsOGFfifgcKgndNU1cME7wEuyamLjzgPRm+a+LL2+qgfJh+a1EhXni/fZtR12J8yXvNQ6CJyZl/ktQZmBvitXJwVAY6Lm+X+amvVszBwNdomZAcDbdakfmlw0diM5mnOc7pAtU6Hcc4Uvw3dzecRkSrRLKNQpjJMmHIM5YtjqmCNoI0863GEldvVGAu1CIF5Qc0t7wCvXgJzj2gwUEFX4yqIMe4qCglQVCGFlYWNShVagIojKwMDBKFe5giW+ouMsbdeSBaPIGHttbX1UJ5ROb0/0sC3pIfAHdY4AYX9QlmiQ6L5echYmwKbHWFYQiAywbKZRvdWPaL6VWTnTARcu0Y+CoyKpNLeNsQVLHcL15tVuDuxpGpbjEYrNXl8S/wBoUUxkqG69WVwAMu99Jet06EYTapqw2AykA23AzmEGiwi0337y3d2tayU5rztOgikxWK4RlpWLrFvcQCjha1uNHIeyU0yXRfLeY5vejNNNNY62MGTkp1FmtTSmbYMo52LI5mJjYKDYISxYAGG9YRc0azM+8tEIpor1ZTrb5l8ouU53LYbdjMEbHXoRqvMCJs5F1nKUbqKfaBCPc8oNhtOMfuKCqtt45dQ0lElOnOisIKIHz8Ro8QwbRrCsKGzpUJwOoCYtfeURZslVKoNmOK1awxjatvEM1ikxDDTxNEtKRR4MGFvAsxMuSHu6JRBtwKJfA4n4EPwZpmuMGTheyamYuagQgDeAt6Q5hAr8B+kymUY/PTNsgVxA7oMdk0wUlQegZlfixYY7fNLDXBma5QErBFig2S2D8lF7pQAOXD0gO0gILyXuYws8c94McpmjREX+LV6pAu+33BrQFyggUKLiwVIutb7QoMCClUWlwOF2q4mUMySsMrinTpHKu5ZmLEU8LQilI7epGOj2Zw70wjgvRYl+8edk0W3UACG3aMRVS0C+bK2y46UBuzT3ybqWi3wk0jKqOwqbwMu3gMjtTImyuDfOBb62R+pso9UYeoYW22fcgahy5IY0VVbrqbezR3rCAgotRufy1Lcedy2jsjgoxvNRHZJLmSXTHjLcdaiD0VTlLR0FViJ1y6UVDUVsgUZshyGe2JgaQMb3FS6EzoTGvezDUvZgwrXgVGPWE102lXHXNLiEmuqc1nF5AgNiWTZ8TLoKuiDDTNR6NbrMBBoubZURXSD2El7RGI1l3qUPoFnWnnMvsX4OYjhq7KdIblGmYqIM+k9tEMo6Rp7yh9RS4CJtYVQhC4Ughz3JnbRcToDGARLRxcdBDSbbECQvA1KvZlBZ2uow7LTMHsBK9JnfAEN6hzusudaZuF6MROqqNrjpEaWfyPsOPAjbLXJzmDg3RGImupUUNDWQAYqVia9zBGh0v1tLqpVqU2cQa7u9mPbIRV80i97U+6WXMylG5sLcnqzLyM8iM5U7KwQgrrVJZXTBbMAXeF2g7IyH5i1piQ1UMZ8eJTwDgEOJL4kPwWbNfDZPCcNpqZl3ICVwBc9GgBfxfZmk9WQal/jcdkdFwtwNz8WPYTIjBOnDMrs/Fcc0pGxHqtOyEXETLozudwahQWaWW+9j+QWSKTcHa0mpf8Ck5eD7pCm2o3s79IWNMKFIsNugMNrGzDpUat2mwW9jHO02LKCAE+c0UVwqG4V9cQzRTl0ekNAwObYk4GY8prwkgHeKtzNAghelNoKxrN63FCKjAz2BeWJZBF0YttAYiQss5hUaU5NpzULJrC0rZ2RdQRHkqB5hu6Et5BueIEG/EyMVHbsco3e0N0g9GLaZT1eeg+iTkieFIFo7Rc9kxediYe0q7EG+9mOW1EVBS2xZ8wub0djGs7hkxNsoKHLFa+zkgraYZnAGb0uVVILR33GWD4rraN1BdmDXJdi7kC5qncalzOWWpMLBo83tEhe4OYIYUlO6RLNTip5RWhg+ZALe5SZBPSEoySyY8IDTsz/qGurqFWptBIjDzU5JgrRRyXmUFazdxidFRSVE1NTDUqaobKG14ZZORQFRqQpbpWE2hXgBjnCDbOw5KjS5QtgEHJq2B5wA2gtu6vFwheQZ6OUZRwa3kN2oGtBAjYW3Uf6JR3Kp4UkKWNpS82xWocWO+5ZQ70zMq0DNQcizhasaQHTdUyv3GkuziVg0WRt4rFirqBRur41KI2RtGFzmvuQy47aBO7eJoldDhUyfdUwLF6EKFDsiJ6KdmCQZ0f8AZLQK6ihl3gG5oTPno79TB2HGB+Z+B+EOYJUGSCWQqprZ72KlS2Wi+OUqsvgLekTtcRLF8a1i7YfhjvsyDast4ng1bK6ENQ0LSW9BoDZIKAJe0ufR2kCGjsmEHf5GMcF1tQlbgpncg8FlwwKzoiXu5aMkOoNhM2IomtS5biyz+ykGEFMzFq3aJ2sGa4RBcJR/Z1m7hOfiIEHaYGsdCobcpcDeDFNzT1iGGv4jtUZuUugtRkMTmZGtJWZuq9YucC1dSdyU6JwKX2G5FHsoG6kPApdVmKMq3rdEALKxktlwISg1TadMQ3ppAI0QDE5O93NzSaMWZyNMhs1IxtNJ2DmsYmku7lSOpFFtrFGp45AVB4pTNc17sgOhG0xXMv6NfAjmn0gVgmLUVO0FNlCa7nkCQNzAoYMYNW0aqNbJDq2tSl6pGXojlhmB8Eu5rAE5JtLUkMDklVaykndyHflBJmVxAZIGvRIEjBpGIYUPpguYNVvOG0NfE3bdBlRKufWKsuzJywyAjgu8cyF7dlOfaLZaq54OoaszaL3QAd4boQUOExKhzoV7wxGC0d4bCwxvLIBFEzvJEh2i2iGQyr0yyNourUqWjfpKOC8EuAQVNNIOBAYTYGqhcvzLkFYVYFHFs8pcrFaN8xAW8tNoXiGZcwCiWtagQm6YMFncQp6DmxtdZQcUhpRYtkHOA4VtlP8AQGmaGYdGKXotETUts7gdlc0MY5n1hu811cVCrlE2AQTx7HBBYoYtDa8iHl9m0b7wGVYYdu0Aj0t7pbTVUUaqQosDN5XCCA3apcLzENPe9j9Ss9QnMQD6iZV7OCDJnvGEz1D5hfbggFZC94kDaVDm2r+0GDsQKhxPxPwIzOMpr4zaQVGR0zX3wlPEjZ74qgm3BCytAHexdTUwA9F4YqqFt8JD9QI0eFHndD8Cl7CEqiu/JhMTZ1VwSFZ01uVguSEu+rlNFMzsixwMw7jCxD0WZpTO4ti2ciJhjHKl3NXSEw6SmEgNVW8WuSYVLV0NNZlboRldZoPChxN2UZbI6DUfdrHHMEafIjZrHneGvR0X5EMCFgF0dbi4BQ3t4VeK85xlhohvkMItS4lwcaNpdmmr8xeZPbE8r1IuqK/WdIVWbmUIV2zV7x51hd7lOtmV0eR4mQgUHbugdgaXJjXoSmrupWO6POY0/B9PSZwKa23rFtZepEpS7C7bwou6S7RAdkaTEaotwl7EIOS0AmQjGCEKP71ioMB3xMssJbHCplsx9NImJpB04zxDgsr56xt3MUckSkLzhLVnQ5y0tZNun2l7SIUIK5xWcpoNcyBoqt3WCDPCbkXLEgEszU1dIay9LMvfRBUQPNnLVIfMmhNR3gqYTmZWekaVGo3JzWljqCobLE/WC13irteku06zBOFjX+0rtMNlmpPu0gN5XwWAGtDMTkdXkw79vl6y9Po6XtFRSuiasOZClhTZq1GFaAXZ+JePGBv4SsyQEwCHUsrbUBV0SiEx03XiNRTzDrAet/EONdkD3mjBcRpKqHZZBiFAPkNVSZoOY1uFTWvaNVNGq83GZQSznK2VKo3O8QUC03XJUpGvVG0QJTm6l1yjAbezApVVut8oDabzNVW3sJdHRupGNgsKro5EvWA6hHMUBeF4DPlgoVuzlhqZwQLTiXMgveM1gkA9EtTXTM1ZnL5hhpaEHgLW8C6SuSyEqRrpBETkXpmvzrcXN2tmzDBvy4ohLJadJEE7ReUMGUeDOYzIcdhD/BU0l8Th8k3wQRgyTHt4tJrZjBc8SGuxN8C5iBZBtgbpnaIOobo8xgalQWKlGRyoYEABaDMhhwYJuEVZi/pzaF/uC2/YXcFvRcD1+g2ANdW/unCx/wDibJ0H2UckOIBIs2xDLxdzmku34i9ZwDpzml0XzsWa6IgHSRkLi5a4tLOaattNspNUKHSEqIdEBRVoUvS/6RRApqqR340qMpjyRqhspKXh8OxamqQRAqaI1VozZH2gLA7uu5rVoQ2Te3Ujx1WXB/qk4AanANqN7ixF3XlWdR2+TMqCGdQ0Yc4sR/RKQUsWsqR+Aw5Wwd3aIXZbeibC+y8BrSx8wZdtU276ysRx5S66LxWtIh3Q6ZZ9tY1FzUPmZEybgxV4ynOE1b9ItHvE7hkHmYiLE7OkUFQUZdRbG1vY+NCPb6YMXRvGNghCKoNXNFPMsDkxrB1goKLLHC3HAgCyyoAeqBhQiz7YboejF76NjSusFWojtDRxzuJkShu5TEirL/LeIJvdbQE7vdDuVG1SyjIFZ2Q1DbBcs21WDMAE6Vn9rKaCKcuZaXNCljtF3M73mCSaLh3gIqeDm+8dyNsMXCvcEorV7zGgijU7pV7aFMKqHW0jfiO9igmYs6atbQs7oLCwpzLrdSoIExXQCBZHoG7ic7DWWGbiNBG5qdwsC0s5MhNTNGbzCIqtukOgSn7QyGnKspDQOLXRUegPV6O5HRyUya6bCXsEdxKwFisojS0Emw7hVpcLAtS3duFWtREhhXA1O8IZtFQhgVLMvpGQZG1cIyoLa2bp6EQtAKvHog2v+0xoKUJmRKsGI3iUxW04C61W5rUl+Zz9MQouq/0kYwepo9pVPQKMrPYB/phwWctW/lYS2oaNn0glV0shSBG9rkw0J9XNJ2IficCXNYHE4fJDrDnjbOD7JrYvWlJUTh7Gb5rmJiIHrOeNSaDmhNGGvVEZ0XXteIlNYFGm/RBXFQPKWvdayGosM8yKv+t+pHRvMvTpiPYfPS8FMNgINOhZXiET8WdXFWtTIwqyZjND3gdcIRehEVLMgJyVlzlmg+x2UIeBRg3x0gGgh13dqxYZMibjRJn5XDsGNcx3I4KlwOEhNhF0jVGqWHlosX/AHK64ZG3CXw0R60gb6RFK80KCFu24Xyzv7sohRYDTVsf0VQXVqEoJgjUc2RuuLUzbHOWttfrGyRgY2YKBwaOt7O1xDTJwsOsqM6TFnQjEEcK1CBq25cifJGoig1aMTLO91BwXKlJVcnrETQ8twcla7sylhdanOoEZgAckdZV8yIqgFQqQNLqYEOZdKZ72Ye5O0w9qxocTislGN3ohBwUquGh55w1Iw42hlItk5zLVhV4cJBDagBpUsxH6jvcCFtl2gWJDSGjltLMLSZ0SCznjL0N0tUMf3JrGluPIkdBU7t2d4e9YsAJbuhsLvpAWuRLFqUiCyrGbyXCku7Bibpo7iTD8XY1MFogPI1muZRFRart0dCHRlczzNYh2W6tHlEQskjtIAEA5asqzJu0lGdECKkcULGKmZUY1fHNtiWUbNj+tAaD6EGJ3wSuBc0kF0PQQE9+MtD6UCsMhDdZoQ3SoaLXFNzgXh4cKabwiaOAaW27ArXo2OmjA5Jp7pMmwNVaQ42A8mWKDU5kIqoSrUV0Zm+DzwdYqALL7m01IwU9cxWFbOHapaA0ZDJGwOkwmcuLYwWN8aIsVGtQ1QWyl0LV7QwM/lBItvM59oMFNaqz7yg1vWrj6nsT+zuHjg+YOrLQgiKfZlx5vyhwQPxPwPwIz5Jumtggm2C+Ha2YPr+BXA7uHARLswESOAdS66XBPdssny4gjkwHKoFcFqW54NMotA3RAbqTmgLrrXacc32gZx5IX11imm6LXVv2T0HIQgGBsQEPIOqCLwNAezADvmZ4ju1dNc4R8Lw7TlS8NW4IQFIMMDJwU9GRAtD0oCUJ3TGgPaVFm6zzrMHMaCCtEMGDPSGlT0leApESfccLrQmglXHGY5efAhrJHwFsiwoqCGxkQBbhw6XwVBbKOQ4FyrjFJV19SiKIXtht06wTRW42ZmglLHDIzyhg5yS7VBvoTT6r1EqvNwHJMw6XQrEEVsKK0oqQRpex3JWksaHiu8BSNIpjSe4CC1ppVq55gAaESyGMkFJF5OVyckMvBjBUAzNKt7sVRf9eqQMvceueOYwGDlMMMJVoLT3l0obsmt9pqqKGByy2ShqAoJC1dY4isHrFFeXeiGXSK0UsWg5ZhuKlWKzRpuDmDPkjtC9eYuPrEG/HKxoP6qNfU9VcmB6FUrKHRMiRcH2Fli2Xc8AzB90vBm7CFektSpSurrBZbBgNjAJmjzD05Qa6o2BlTCHry5CwOuYdBK0tqozEOjgxYjdyidtgDTEqEs44SpUWyme6ZSUGBsqLo3TaMgA5XZEbhmhgyOgNwaQ5d4IAToYAshHMD+OcjTliGjQpybNxbJcIaUgqGQBpSOQWMPhFHCbhGXQajWWnQGhsZTcVSBgZLuoOrciKOjOCyOaYr0XNNxVsrWgYgKzrkCBGnqhQtbGhDa3reyZk9CYCaP6mQSo/4Rl8Biz5oIcwwfg9rR334ZXA4HdwMdMNrPN/ImXh+NQqgu3bzo1/2RdLNOpf1eptmG5kIGV1egaHYHVeFYcJpI/tHXyfViwv9DXG6EHLLFty3diaXzKy5w9mgRPwFMuhNCH4KSDSnsJmaNBCIsNnp5TLHFQhF6swSZBKguF3KhlEEEuh5RmQu1W0eUbHI3xY85XLjfvl0QClMykQAybm80Dqzyl3QnS1dWZYlNmFesqXkd41BUC8lsMrCONztK8AK015dZnFyBNHzCbdEAJM0kapdWl8oEm2mm5QUbVNL8w+W0uoQrdOkqMhUJmDs1B0IfAaY5kWu9LhCyIFneo1mFGRqAUwuYUVgkgqU9JSCWgMqaoDTbqMGmLAa0Khcx+pvM4WU4CqN71gCg7MqcxCc3DLEEPgPl7THMkzelQtiwCCu43gYIlmyr5xSFUEgGRW0mqSlwSpcN6Hd7zr7LGwjTrAZtBBIjgFtg1dLV4IBLRoWzFC+Jo/eaWhlADkFSpRErLC8iaZbE6ATLXwwNq9p2xEqwaDbysYgcCEqVcSC7S3bTdMxPhkGqgYQKlzfrYg229W2cgJW8KCW0AllsGB11pE5kYqxrKW5MWQ82HQNZnXeIITbHYII7c9bfSrh6C7bFVHB2MxaaitFD6S1UtdDaIhy7oDI1UYCMfyuErgTWHD5PwSQQXwzWw33+BJUqGp7uMZm+L7G6a+2TgtTSQK0ZQGgbrLnFRpBRWBOXmSndF2FR82OxTBi07RcQv6eczGNfZkF587n4bSagBtkK7KD+Kito8kzIfhnCboY7alyTQQ4MqAxF5MQxXGgjHRCZz7hEaXxdHPaABdjawyRVVYoHRssSRjulgbSvCpwWa5kpclp0ppiHSajJj8sMGBv9jDAlskbZYYlCjgVUAU3AtmWu7EC1HZluVvqQPdBlfsjp7ggbYO8VlfpOjLvGefZvFeQ3uSbeDwTQkI4IIYEUi90pomrWjmACYAxznEPrZ9RgBjpY7JQBxCoq6oUdSwrEZfMeYgMlMLVIbVIzwHdZhEya1qix0WzYI9l17dzesB0tBYBsR9B2XNBFMypu0ULx0UTYm63KcErkRmxKjkLw4Gy4JRgimwxZmljkUQDql+zqvNCBFFEHv8A6esBDN77psQyTm8irqWwSInATlGihj2MAi4RlNyDTrQLLJZH8AxR4KRWNKDjdqlduOjh7pahAYrybDkt66XYxMxX3UgOsdbKL3bYZyPKPxNcUYuwhaW56MsSRB5uGaJCK1pdpR07EY8K/MlTSHDUm+CJwCVySaE1Jj4SuFSp7eama48Oth8fyJ7GDgy78DPkT0SUuv2LIvoKdtKaZaCNaCa2DSCuDDX385qvleVwe2Xo9XOsOLu1fEwTrLKFSKirhfBZahCpFiDwXxTWxKB0lCTS4JOEjePFiNICzScCGX+n/wC1CF2puePedCCqlpNYyNyMUzdhmOFfoloxL/sZsgGW3h6TZRuEw01YE1VhhE1hKnWW/mOX7rBUY5J1ROBUuPzhKlxbX3fOcBW18FGq0gy5wlJlwqJFA51sR0ku7hy+ziRJ22qCVfdWjDWrul/aGyEM8zCzozGrBLlqLhUXUYUkumhaCPONcw8FQBmUVwbhmJKlcC8gmIPREYbjU1BuHAmqNVj1IHeV0lzFtTdCvERnWJ9ahMubfRM3XWGT0AWu6CO2bNe+LmAbhFN6yo0ia4u0YMDUlyWmurEIrnFEZDeQRFQggMMJ3FrYboNvqc5Q248qKf8AaNTT44GLPq9o6SCnT0yDdYOVxOkbIaEGiZRlXMpQb4vG5cuMGXxavESVB8wQbJqQLY9XA1r68SfVT6zX12MfQcbIym8RVFcWkeYw+5lCggDwIwhsJKoa/bkaBiAT6xhS18lwVXJFvqPyK95ao9JcDgJC6fPmbTlGD1W+CA5u/XOrSHMl0NkSHC9PAdmGBBRCFK60eBqEkJAkVPkg5HVNrI9QRTaX7lZZMTCyQhGIQmff0uFdkrAko0IVuSh4BwBKlstNpZKsLMvmNNxGa2R1YfCxa64lXwQCFRRAgUbvJs+A8GBu8o0miA+lnhCVwCMWCW4QsuErgkt8/wAmMkfykFVGxFerecSaB5AIomnCyajBsBcwwCauotwb4Bxu9JcJpZ0xvCLQOsqRqgnZgumUmQIXPQIMOFAcqhRUzNZZvLhwIGgWhldnG8s1K0YYmspWWY7TM6iUTCUsqJL4HfpgoloRZ1jLoEeRwW8pTLsuxY6jfvC2QRvGR4PG5fAg8BQlkS4ypg5lIloJrYjqHsNIzXw+b5Zia9EUzvHNdISZWlFTvmAXtg3N3iSJaQ0CX1mwjSSzHCVT7jamiZ3EmfF3JD8w6f0iMXnQMEGyAlivXE3Uohv1c4anZM3ziq7WYUDcb3NdAhfeUnIJTlKcoHlKl1ERcMxhLpvZuRkUsWF6kPQuVI3da+kKrylo0MSa6EzoAxL4VEqZTA4j+FKrgMvprGVKDicGVHgQiR4qhxk28aLLKkjrzgGjZVE5lU14DvBHMzMcEUbs7OcPZU9IABYMOX+DDiU0loRaB+CjrctTpLuZiLhG5NAomvplb8XiIMWMG0xTiYro7jNL4LzYXAaqhtz9ZQ+pbe6LUQ3lbwkaKI7E1wBxBwCZ2YbSBWUz5iDuMTKiEuXAmkolc+JF8GaR36IwidkvdM3yeY7czYx2UkmnqIPQviIaGDcW81EMU9Y1wJPuecWKQ8Xg8Fly+BCEu1hEET8MZNocpV3fwmKj6MzXtAvgqJFV71xekv3tNki7CtWJcXX3pNBHYonXcifl6YvYPmzO6VL7ZB1mGjjO4rykHRg5SCaV6EUHZPIgLUPq5q+p+pGfLbNTDb+TBNc0w4WoVt8ZrG7GGiHrKaGYaM5Y8MTGUvrUcZZ9JYatBLdJQaw67rKhoBSywUtjokwKGxxLBkz9VdwrCxpUu6EIsNbiKpSXFAC4KZQUwB5US6T7XVgReUeFQOCXCE4KgROLMReF61Juo7KJw3zL30BIm1fgRGtbb3RBH1+0m0C/r4dRh16PA4ED8AH4XwdVjerl7jHmxY6Be5pHeT+LiXBjxXMyzuQiu9yyiqJkb0gsbsU6w4M5jnKPlQ0Kcy9NCWsXEOEc7FRc5hNjIjaeCNIzTWpkBc2FlOoNBDFugwrw4gTSaOpGiaYDr3EfxYkLq5a7vSCWY5DZ2sjsmQV7suUhMzQJtvUpnpZ1VhYwiJpB4mfojPsu6JiYwxWIjDwxxCoNqfMpgeJUvgsX8Ll8BGbhhjGNcIwjhuu7BDgwKveansQeCokY9XwYdy2+YqK7EsdQbQBr9bA0WEW4hCuEUdwjClJJaWOCYS7r2LH4tMMFogqwY566wPi3azmWSVK/yqJ3bJDFi2Lm+cP0to+70JblpicXWoKfYYWGBc+ezSSg/ejKN5pECXmQiNIVgwWIa50cNqeYZ7oMPpG1lRDqhtIDtvWXUVI+WkhxdK7UbjWdpTDgumFSNc8WX+Rgf0qQAWFNG/caoBTQOvmUdI5FAq9pp0VDoIQJUlS9eyCWg6tcl+5Pi/LLiagLArhfAN8WAw4VE4VKI6xgxK3eFcwxrCgbgMixlnW5qj4esSNQZCFCzKlEArRFHh2Cb4EZkQgSuAfjcaTRybshOgT4IinWXwOuG0mkk6DFuGJfCoTVVd8TG5uWU1H7qpWkF2NMGWz1ZpgeILFEsB3tm24hLWMVjTtueeMTEPRdmBhtF1ogjKHHCWay9m2lhlFAZXWgpRmWaIpQimpcEY00gCFjszJM81GC4W+wNujF+VOgbqV9sKdBhtgj2xvGCPrQpvqwAAfsuEVYDR1FlzCFo06xDj+jg+55vwuMYx4YEtFgQy66zeXgCVHEXisuIjLFly4M1e8XAnA5IahGhwTXfkhwZj24PiPGwD9vEIPpA9HnpA9o5gQxrk5jFRjEztgswVtdpztiTENAYCPuvVzN4FBKckGOxpW6x8xY9zwMvna59dyZX9ehO2z5uAOivmRYWxosWpWhtmzfBlw3eKnWMDAOYPSLe/oORDIQxlTW5AUCOrekwFkWHSyyubdazF28uCEtVigmrYItgypmri6HcFr6AIev7oGYikHEVV3kIDjwwPdRDKc5wwKV6J/RL/BngqiICvIfLMSrhwHgA4HCw/DCaWRGgvYlHZEN3DmO81CGbd8zG0i1qgUNbQujqzAEHdrI+ktGnAu7SWdVhMtySvcvG5cuJJ8KRe5NGqNaOFy4xeNRCuYOkLhCVwTqQitNuxc1UesNOAvJCd9xQzA8E5SAgSVO6IkrERSlrjotAVaKtgy0A1bOHcY4mWXSCF2ZQ1RV+4htRAUVUJOXou248Go16vMv457trFRxNIUYCcmRi7aJF9yH+Uym/MhC0ZjY0Zk2keYkDDOmCi0IO6orvmO2moDdgA67mKSVtoOO/HPBraXBn6oztL50y4PFjGZSmr5DE4tXPZEOK3F4XFFSWx5o8AkDBitd4eCpUOEsiEa0MghxYTWXgqlxbgV4F6kzfaGOjelKvuRC+W5F66Kmjcy/FExal6rcJoIbqOcP0mrYcjr0hI6kI9JSd1NAiq1Dk4Oy+nQhNO0ZLm9aOrfWW1poWp6SyEAHb1tTBmiwptgtMF3gnwZLRxHPDy+PwDVZprJAI6F/QiODrpMQ0LtjWWAQl3ioGQ1GR23Wbuy/KA1tiD1kphAtYCoFqEqLHZyQlK1pYl/QvZ26Q+7EoV2wf7TdNSEyB0tVNJLn2PllIcL4LxGXcdOTcLhnsg2wpHWjKApmOkIRg10hpo1pqVN0Iw/MQul1MQ0uyE2XGji50mDrxjRjclTcLyk5+hz0Z8Jrw/4XgZs+FguAIAPaO036ZR1w9XEdwHkFss2hNCjZIBEHCuCIsdMUyuqoK6Kllusm9rZWkOiKRrKQgjbjNlpzSXfziahmSJgG44YBBiiaAaUQeFS1C+4wEwbIjbGsdAlt9DeYKMDKClhT84YqIQzvduUFXVjKwdRHtijk22Yz0wjOI+XS2wiiI8iqd3ErIpOkL3xIqQ41NzGrB5w0SVqZbqGIM/Vwb6nOUOD+BwIljtMFeitHdYcAZaQ1aaijTKsGnSDZVhlKvSXTUmMme0cKwuBcCL34/wBMx+KaKg6S809+ZbVei1M0xm1o1J1y4XWVCHMqiYgw58YDgz5U1vbgKJkNaXLb0NggId2xB9MymEoXIqfM8LMMHuJaV3wo0uzBQycBWPJCoc03UoNzv3mKbrLoIdGBV6RnwMhzhuy6QBg7EEVMvoMfEt1t+oanNPt0Ia9gfMZyr0cigpQ1aWXt7CQbS/NWDoSutXmb0KlfuhGfA6xExKXBhk6R3CiaBVc9o0G0DCmMFHfvBKi4MF0ZICnTpEa3zqLLbkkDETDWTMTQAdpoRLLQGp5lSHtbP1FkIMFQdRjQ5bwuVEBFEBc/A3Tn8n4BC67ywQTnjYmhUCBpNF0VUHcVeXUBD1C48+x8sWUsqox7w9QPMsNWHZM84uICWqs5xcA2lQ5ENNvHiWnKpuipz42adI/C8YbSMfB1I5YxRmNgE0untHJS/wCC/wAGkDVjvH6FeRljql61SKYC7Ql0AFbrpg+MIQECKCLFuIQxFiiVFlnAuYIAV1qW76676hKego3o6CZSzlvURHaz1awlqrttrHe5ohsZRdKG9MMO+y3HczM7pprNdmL1CpdKAbBOazHEgEbbm3c1JUgTBm5RuJzSDYlCh56oPbRSTFRImVFEjBtsurzNo3C23aJvYOw6pSU0DVMA3DqmUaYhv3EWcH7UXPmX4u5BBgAquGYv2+cUVLoglJRg4JFSh+SiYNYx2RMJiCYzRSS0PmQLY+mGJxZXoomnJDzIOsBOWGmhqAGoqQezK5zHRhokray5k3R3wQewdxNA5tcBVOunKLUZIDhojm8SEZuE5omDi9eRh+DansQLiFrVqCPlKCwnuR3yosgjUzWxyLRBaWVzUaXaIaq6gKyx1LqL6gZGVSIrVdTtNP410Q8DmsbSt2S6N4xAbVc20WPErl5B1mUpYDJaMaOfy4K99+COpSSvlsOCBnqo8Qg9YI/GOSJsJmEBdHLoYZTM0WyZ8ww5RcWCuNfuWWkyitbCmE0pdaV2jsobWltMxslTJtzhhHvNZpGoKUTZZVwmg5CGraPt9/WaP6bb0O2Pb0beEYFMGABrbQhRgobjEtbH1CaRqsXSKUMReyTZbaVgUuz9zWRNEbjpOpxNw1B+b3h8oBiGtpblCrRBtWbyU7IfgvgaIzCWgygEtGAOZawQoysYYly5fG+BEC2YpF8jKPrYcJuYPLLLZ+UmjwcuYGBR7MImXVEGkYDKt7oML7QztLMpgSgljFi8CWLcwYLhKHzvmHUNuhvDURk7XTtG6UYgbzB13lgpzrMaxgmGKwy0gpaDGkMm1mJSvV0heN96JcYdLwmzbiTgy+mjfdZkIejhXFonubbcWN9s3rJEw2IabO5FgaS+aP8Aa9BukpUyqDS6LRdBgY9gvxzMgMuhqQcK+BXOitkZGN37gOmbEZNxDBB1V3m/r0f3GOFrTV0EoHPBKLUNSZjoO/zbMqI1cA4bcMI41nIcqdFEgoKL9rCa9MIzSA3mWJiK0kVs3VzcxgPQjglhiyyW9e+wecQG0CFIEsHKyHWLDDsedKgl9EGCsCulJWlrao90lzVX2q4o88BwVkPQmt2ljyQ/DtTBqWqbKIus1wqgBigws51enCZ0BLUIqtBM1hziruZQZWO4IkdAAtwvkymCqyMJxaXPd6Sq+423grNd6YExnupWb2ArDLAqiwkW0BhMSBggVNWjoPWSqzd0Qmg6DmwQ2lNws0VIiDeMrCDOWMXCvyxA9TUQv9ZUyL9yxsUlMOoS6CwIdRl37kLKeXkNbqzIosZgTY6wR/Eqgj2WV1o2m3aK07E5mjCoFRjmGF7PqggaeFU7zSAsg0DvBrcynaW6UQoFcCngiJdqw20gTQ4EuXCEapi2FMzL2gjW14kA0w1iEG4F8Vj8NJcupoJ2MzR9UY58PVgm/I0TRn0nISraJlBBnmeACJW7yKTcThdxwM2TuwLRDyYlejL5GXGLNQBwuIPSCoGsGrHNvl99FfzlEVtRuLA5cBN/pO2DJL6ARRavKKj3czo49orXaBtMlWpAzpTS8+l6RS0Cm8g3jFKytAO9TF3YphbCbANkUuKJ9djBfeesSZlDAOvRGHVxz24YWF7VQLlXW67viE4RsPUwlPNmhmf1OHlECoKWhgtdRN0ZXPsR5wprc/yM0xQ9xKKxyN61txC6TPYNOqPLfJUz2esu0A94xLC1ntUteq6S5id0ruwYRSRgAG7iexZH6FHnF3NGYYrfVIO0lu0EgzWzmPGTzuQlnMJYnIvYYbN9GGdoaoUs2+ez1VI+ql9Mj6efH+R9vFccNxMkCAcuAQXwRcIzQwBDHwmM5Djj5YssWNYR0GrBV1bWRwy/40p2U0FAB2IrfJM4nb3CAQYojFnoFzGg9wYfNveqZSlHKzAboACCfc80GtHaZ0hzPrzDCqSvtVMZgYa+4WKuAmVZsVFiwLMyn4ZTxc4IbON4f6VeLcdR8TUujbow6G6WiO1UbJ+4MFarXMZhlHLZhuK5KkwBuMuMBYHOdPGA4CYGpDsCGgtp0oqVzV9ZgUJww+7WDZOAKdMqHVekNCQppxuUizSQnNEDn95utTXxlcTicHgEbMG5UwxwsOq1REOAPVnyoUTTY0qBQrA4PBZLuGMsw/NbqZqTK26RWUxxVG3cEaGbcCzUW30AJviaA06qV/6Jm1NljwnGUxV1hluoq0CqNac4pR5FobcpGiLXDQdl5x5BAGuhO33aQdYtAKm77JDrb8ATvGkcrZW2+mk5S3CuvaOvuqF2ybFoKsLN6COXAqipGI3i8R0PrP8ATWMW7fnhmoiO86gYAtLnHUQ12Vcsv+YRTs5YNGjwOWsw/JhWTYWluQ8ssQJg22AlA6U9RcpWumxyigDSO/tzjKzWeW80us29sT/jo/8ARInZ+cqWx5WspWUHYcShk9oLreIXJTKRqm1wrLK6QNv1m1awSELJr2Ccpbt7Su6PeJ2etLyzHPMbenrortvM9ctl8hFVcjqXuGHAe6+jjMPHkQu/VYMVDbvTk2gAhXJKeyiM64nWKVIHHCQgiyHjwNZjIcRb3sGWVGKGU1CiVoMyy1ULNdhGMhwZg3Kx4zNdJUqBU1JmDCFk2pd97DK2yMLCUfR+cFY0RAWKb4U2KMxN4yPExH9L6PWLS1ChX2g9SjuVmg2YzzioopG51thvEcqoeuYDFkhWILzrJumkqA2hkhoi80zwGDLADWArfAYVeENLY7xUi39jA6CpUMS5cuXNTBMHZReid5qHiE10vmVHPA/CuNR0iwRa17TGoXpCuZ6uJWzOzMtr3zU+geECcFRxtCJcVhbgYttIQg1+m9SPvzV74hm3DGONzoRlzS4GsDeo725w3Ef0UJtJeRLqsvqxTOX0ibi0I4wYHC4cZ8WAIrYpymfJHwiDvkCm1iptoTAt5e94qVrhoLQ6M6/W0jrDRalF2gSE4IzAYPHlMNphWHVQDQnxELAXoYLWo4XYGcH0RJkhM2T2LgEFui9Osa5VBW8MJejh3juX1zRxAKN0h6rcsrY2XsERIUso+3OMeFBph1TmrzUeu7qJgr5jpgQVEVF7MdAxLfsIQQgnrTDW69H9mO4rZjhoHa4v8VpN1h/UrcakvJIq8Wl8ha9FJmNXYMUNU1KsbXJjxLmncRqnUiUPNCBB2LK1dWyF5qWtrzT2l71kuLgZ5EAyPbqhqy7DIcrAqHUgjwBCDfDmUGBSn4H1Gakq4oiLgPvsREtjptCHFp8GVZFOOmXFuBjFwqO1pqk7S58Ju0qImqFhyqXkFj6Wj39X2ZZbnfwGIZS5QTz2uOB1AbTS92XXAuOAsobm47mukUhtXToQbtKmQBexqUocqgp8RGIxEO2JnQQQLFBWIRJBmG0KhpqDUumwUzObsVHxFUYGDcZrU/Zip9j5ZcuHWZpgTHF9k0CjU1lsnPeDx0l8T8Rvho2eYuxTtRNNo+qGT3FqacPSEmwiymBCRwb1iyhxLyNa8LYsziOUKQuQCM1DwjkIWUF7oPqQRijctFQDqoShE5FFgjhsJHycKF6ReUtMeB4pnKtFodCMRfCWqwpVq9r1tgMq03azGXHKtRcaqHk2pYgAYDaFFbRChAshtRpGEYH/AKgRCAgjDzgyLzCgxrmNuOVmKrU+SHNAMhYNhlo7OUoCFZl0PPmRnVrogZmrZ0WARpr5GcoWEx8lgnoGAuim1QEETZwGZi+LcK5AZmTgd/TnwDBSsct5RP8ARjzfuzeD4liMjr/QTVlXRqJt0+bMmbpNA7iLpqYACRtrVbIDQO1xiPOYlrqO+b4pDUmiMiZKuQqGeq6j6pQ6SB+kTqXlVnskfRcsD9tw3m43C0WbZobikRCkiNIODvtbCkVvTecF4AX4hRI9AltYykXDiA+eDLCZu6PG0Fxqkbr2JQ03a6CO8zUg9O2jMq4QtMIopyYODDlFaHvOQIsMx2PMsLI1P2pjvNNTvLmzOcsstc80nwxtMDJ3MP8ATHhtvHbOUxDTaHfZpBSmJBrKJlm3g0RlRlgLbD0wokVlgCOLm0Y847ZVxKhtygW0LSQjKIJZ5PmOxZpjywP7M0xB0ItlYcSXxIyvwWoZmiXc1DNXXIM/fz9Zm+vQTMNnm5gWkCQEHAWUTaQxwjYuBmNxLg1GFwzhvEZoTJ6QA/r72Q7jLZ3MQHW6JcqXIzyT3eysKoZi3+F6w+w/kje2+3KXMsW9I2R3ElhCh5k1DeadltTXpghb9rbzYRFSG25cN47uiQ65Ao6MQg1pjeNxa1FSXBAXSqCHaBahbWAPIhHF+Y8u70i0xafSkK2JywiBZltahGlcbOqKXZ20CVztp6+0pLM6jTLAOiRsLzIkEINHQMxy9LltqPpDa0ycg9b6S+aVDQW3ZRLgdOi6sE6KIMGEwAbBHDDcd7z7vMYzCbjV7PhnXhyF6M7yPPy/X0oaFQPCm2cN0JofvjyaCy+rNSg3/cj/ADmf6MxfmCWJ2DAmRFWrF+IWC99QmaT1Rlly7YfSEFA9CKa+hGDJGm1zJNInkndBho2BNEZoS8aOi4V42Q1oSB3myY0qHqQYO7iqMYd3Dkg83xx+WcJUZhCtJXVHTC5gzUoiCj0lP3sMPLC6iiSLmHRmkNmAd+Nzo2RERNZEspho7CYK5wDgo5YEG8sHlCfwC+ChC9GZt3ite8uoAnIZp3LCNSmMHgNYoEF/QzC/4tJcuLA7A7tTHo+QubE9VOXTlIuc3UxoRDbQJKiuIRh5GCplpHqnUgpwEgyZShLOkCVUpldZVxepGWVuTqMXJCLZAdoBCd0CLronIjQXbK6kDJTf1lx3wXcpQAj7IXTBmOMw524TAYHlw8dcZcdqhqJbiNVymiZwyUe72mtmy3aVM4YioCVascFpuF6vkyh3iSIxSWruw7MBNBIqvTJl3H60q2I1wmNdp6EAu5rNuhNRscosMV0uJHVnMX6HL6CaeCvWXdTSdWsfEAzuOAphZbPFDo3g3SEo3TvbCq7Y06gxayQNmmIMvrDT9t4yxMdlqRVvkzNct3MbrfaC/pYlTBpgM1xTfLszQcx3DEE7e02qj0m+B7zbM3CDg50Sbu5W5uVEJ7Ik09LE+zAtf2iNR6iD6EXo/UnN47JE2r1mwD1l+yLzm3unMfZNgPFRYyvM0f3QbZYqNEh37Jp1ZrRfFwYsV0qJdYOiGbIIjkRjFj5wBwSUDMtgddmJaDzNV/mVulzoGqfiUIiLrQlS75jmotspF0ZjAQOLGzKQU24etiR59RdjbExpoQCCDfOaZqQbczTpMhEA6cDu9GIBuYJvBdGXCS4PtVJSuRLNaLAVEhGgxGUVrKgAMBw4jAr8KMZty5f53DVI74nMb0zNI/fCcnXYfuZxr6rhlB4Km0ROXAE0iDWa5eCESaRJcZFcTnwDQisLir8AuVUZlwEYRtghN7BFaR8ktthFU0OanmPMUdUlNSYzbMRUrUwDQ4DKoqUcHrcKc5imuKVcVke8KUZb6Y9pMBsFR3EdTRTaOtEmnvjsW2F82HYVtMvAMVLixJsJd7OjOQF282e8VrxsNCUKC88pvSonKtqgOdaZpFGGrZa55o6XRdWDf7g2MuT5TXTfqQ36SU6+YLchwJDQFVWxpCriLER7Jr+u8ZYu58+BSWcATSprXCMYhgIdlJmPOVn7ujWdMeyv/EMd4PEDpXnE5gynRg1j6mbgfVgGSbKguxDpYLRDBzYiA9T3ncfEKcvSC2tCDzYQ2cMA/wAQ41Ao0EhOPbP9ZhuCgNYf6hm/UBlGV8Rsz1miB8wLLlOMznmCVEhnjt5qREtm01IwRmipw/JFLyYS3eyIdVgdZUVfiuAP2xMM9RNZrKiqluxw1rOFRJptiAcFcQV/ji3XFAtxMG2eWTMd1xVHdI5QNndJfbSaenYm8IEo0hISDK5y5cqoZ14axa0lbst3hRl8HEAS5UIOIIcGJFSrcsExDb0QmIyxvS7xHYqMUWXaYO5WK0hQsJhW+yoF5CIsb6zmuO4mLL9COCmDeJ7wPianQ8pQcsWodVLZ2yEGzxbt0qI5mJDSgb8EV2Wp0TQ2erLyYYVBhwECDGNXLYZmFVWynFQzpMUhzAmr0BG504ksBoO0bCDRW6toNCi3oi6krpArXEYFG4cENgXlqSjMJdmd4afvvHgBC6kqQ0rOSiXYHpEWR0bmuh3I/huzLP8AWYjZQDoy6yZlmqDpAIUGCDDVnPPVhhjmtL3syueMY1eO1p7mUaKXdHtERVoTzK1vWhy9YSb4hvHpAN0B3PtA7mBa/WaWVyvKTKb58zawNBUViBtUd/KdAnJ5oQ9YPoJ3cB2QLRfDNOZ5mhOFFIe8F03tN/8AtC1keIjWdFGI8D1IRL/AndnMS+FExMTmptxHRw9SyOkTVZY1hzpgxEDok0eUwTBZ/mAtRimaommt8jLE9eYP3HfD0LfWPn3VmhkFAIQQKgQqWRbmW5wpMEBHecRgc3CErMyzUSaxeDPjAcG004qpZxCBIo1SF5LMxE9ZBZaXrvG3BgZZLGaBwMNYn1BuOMCRN9EYvACVjo57jLSUGIleI8LAFSx5wBxoyF7yvDueXeBViwFpJz5QW4Ftva73yYchpFZVr05kHPRYPwwhodStoXCEUcznNNERNOajixO8JVA24sCUaCi+yV4xETZMbVGKhbIi9UVGCHZ90YWSmsnL5iGMdKk8ESTQfeZQxHf358QR4gJfJesbIzREK4Gsey9xIdv13AaOV/Q8TXRDcYaXn7Mey5LAgX7SwXuwYgOqDANxwwzJtHEXiKMKZJXqmmepEn9szRj2QazQ1CvUgwr8kpWPbGri9qgTP71iLS9+F6ioZdrR2jKqu8HCuTwYHXd0Hkey0M0Py0mieNjJ1zDTf29mqPumod1ikundE0gQbC+ZlvCLirNp5mnB5hUqFwIL8xXJc2hHbcDcwl0L3Z10Opli7iI3ENSApk7XmZ6uZQZbKhzRvRuXTWNrMAtsFv8AHi1uL7qVomyQvLMSt32mgGcpB4CnKBWkCOIQITWYlrOVIt8QlBFi1GmsNgx8sRVl5UIEDhXFVLkWRaKtWZbwiII64PUnF+5Nve0YSXFuu5rkxBVDG0ANijqjeJCRPBYptKV6GYzObIeQRW9vhY2iy1GsqQuwOrVzFQjVU9/5QNrtLU1HpBEtNaVACDWEyzcXBlXFUuAsRxEaRWDbyj5nGML+zGgnOrWV7cGGPhAbqmlVmHzPPRRDoBjqGozKe1EhYdOG5ep36w0kVzTKGFoQIsuavrvGD7++DgUJqx35pbCC1haXWbM+UEtUKeQkdyRcfqm/p8S+mM6+ljVvvo57xPeChzeujGD9fjQ9zjQYPJCUHrQTCQro3MVuOjRM2NZpBbWYEtYQ0NQsk+XrLN73Yz/oy2aMxwERJi3hmVPrmOch6R0/zEaL8y3/AGRHYZpgl9TiK4EzIZoS8zd+5CdXNP5Bj9CO2vdm43dhNI90OozYSUWaepUPICbJgCOmgtREbyob6T30hwpCdEOrrsk8Z51BFoDawBel3HWmBnYaluoPNEkvbw+0b1owJLB6qaWyLe+W4sr01yrN/OARkstWsuXwXLlyzgssm0sVpnEU0JbOhDlQPwBqXAZRKly6ljwVcuTPeUHBcVcJhKfwxUqVCYQhTvCLJliRDEjwA7wJpns6Eg3Ep1Mw+srvkOh2Yg7gy3HKymMxK2dDUgcaETAjFjHEXlFRz55zdXQnxUG9lzfSMWO4zpmCOtuHc1ZVTwwOhD4l26hBuzbszS+Ghyh4MOJWyiXcqYvRVlWxeTBRkMInPXEEOQzkKyoLRQw6XBrGmSZClDGbLwVdukCkHuSziSfT5jB9/fDDfHcvPMWzqpgBTn4gmT4I11jnZgLYzy0R3qugNsdxAb0YKC+ur1htK5KmUBJNwGZCdIKubeNh7k3V3tF6+Yh8p9EEffvCIQmRKinUVNdcewaQ0CMk5tJmjBckA1qX2bgNyPJDMMO71g85fb3M0D3RPrMRZ6ILrHOIthHaTOKPtNA+JrBHWS5qJEJmp3ZZvIZeB8USEXoP7tT2GWNc8vPuqqA0ftEX6L/gifd5aHf6WsyJL3YQo1B00DsXHNF2NXtGLKRSxa85grfJYuh22ByihKWjumi71OEHyUHkqG397gFtdDK5bibH3zbSVoB2Jyb4lnKfE389Yxx4Fm5HxDde9R5IZdGrLi/S4MaxSK4OZpKuFkG4EQmk1iMq5hORK2UMp1bjwXgoDEZZNxJQbcMIRrGZ4jKuUS14JhMSpV7RN5YBeELxnLPUTtMwVkcyEDVsV7FK0jSTUBh75gacIJrK4FixAVoDcXL5IIuaa+GiaqBiwKowscxmCgrzAq01fchjSa/jNwKOTZ5nBhLhBIxx+u3qMoA2twrDhp8RE0Hh+2jDUIEa6NEB8AfXHFRre/BBlkyzBzpDIAbwV68A1MosX17xlH3M4/CHJUQ7jMEc3g6e0pByIxJUqVMTGoLhoKDZiLU32+Kiencomsi/XaBbaGx/vlfQlTZlu8FTUhNchDppn2YJKjkS4IQLsek1kTFYdoooRAaOOiYW8p0hFoeIEISw2mwjFsxQcxTAZc1PiBBUW894bRYHFXdekP8ACpEZH2bJtZAxVsyHiVA/gBCNzzgN4HrUrsepHYCPJRIhLmynSBul4miXJfhGGK+EzVTsJlWpt19Zzz5YRTINrFgb9EKOONaqLoPunSmoCaAZyQeJQ0JSbzMVZR0fpngLljpAr8KGHAS5bM8NXOMWUUhqoa0wyoj6QLguUsFRXKgqEjLmvGiEVcHnGku5iU2JhrLwhZh6Kn0WqHchi+P1ojuaUQtKHUTURDKDg8DLjNzeTunVCswTGSprbdpYxi8DKLbG6A3lJpW1eRJYwBbVpKBDaoosuYcV0GE3sYpirJGuaqIyetR5VGSXR7bnzG1Zana9I5qs/GLBpQQ6XUOogdjBFl8fv8xjZ/2OLaod1Bi2BdFToxxBOZyZCO+Rmd9fE0QMFKhujnK+YfF9nMOEtMoLoR4BS1YKCogxTadOIzTU5rHMjRC2sI7u8y7UxkUWOUTtE7QOCCI7TapflOZwagIrb6Tm3rFtERel+8DyezOaS/L8RKVdUQt2gPMapgxowTXExWMSmsEQ+0LeT3bmeIroVE1lzHKbxr8uoU3D7znTXCeoT/oEfrCIHf2SjMAbvCS0SOhSbMeIFrHJJBdWf77AdxgxmpShsMNiKd5Ty4RJqJCAdDBW5mfpniSiEYIQGvA9JTDiToRpA6NYW5SKCJqlbspZbUp+AQhmVBjMkQ1WJ6RRimCjOIE0jdbEEqEIDlq9SVuvZ5JVixCWy2j9olNyzbpBslq3EsWKxVYhXsQGRWYeoJX1zCmiHbfrLly4wJsxBzDL/NAVoM2kF2LpFiEXF4HGqb5VCpykTrF52InMSINoHudoJRb+lwvMuHviC85YOkBgCmeR0Yo8BKvh9PmMEAlvzottNRCayZ06baLl5eUBDBveagVHHQlXqrlIkqGuFp6xMrTOhZWUIyuvRAvr1kPw0PAIPQgwRfCMOFMqUio8UuDFNIGbNKNp0Y8DfQW9OHGW5y1m4CW6+nEeg94JpHIizPVL3RYX0YU61UrZlXCRG3Kbyi7+WkNLuyIeeqf2uH4e4EtRruWMTQ3higQc/wCpSZJXjNaSdG5XnO/2inkwuSE6UtWHNpJNW4FtBcuEhZwF7wDjw+2YqpUVchwKhKmHd7SiXUyly5UCClRr8NcjDzMq+JpL5keku1lkSUQglSoTKYcAmesANeBWtKju1i3wMuDCOkhS6BD3TmuP0jbel+kOss9BEett26rWEviWoG5v5OCXcMg7tsoeAMFtuKIGcArV40lzWJsMtLTLfvRYCueTzibhec0LVmorvUGFI6yXEhSO2N8T3rB1ZfEshnRB7VabTIJiAyiYe/IJvyI07HQjdQnUlLrAqDBmWdRhc8ZtjffKpn1vmXzrErGDqg5sduyCDHSfX5jD5mpWNVNiornAx54ASi/SacArGTZDWGYVQWRbSt4LWKoMTCdXxmtcGxpeZl4tPd+OhgbFgANSZ5N5h2YdJh6YwON/kcUs6EV2idovE7RUBHYRKX4tS8vgi6wSrzjVN46rIIK0lxg61cWewqp7C4gtfknZMQIU3iLtQfd+CFytYZTbzN4y3+4HT1h+5pG8x4t90crzS4n6QmV8fOyHbFJEItHZIJpCdmNdz1nSIG8PKibIB3hOcz8s0H7XF1wrrE9ZazWI8FkG9Yc5g4EZVcBMozc3uMpvNNJaXcqtIsplSoOBDgVgsuU4mXLYKBsXpD23OAojFgy4MMu7wws0D0mqAGykOFK8VB0hRDgooucOGQ6SxoMvHS0e7YWVIHBimbbzt1mo4F6HKbgvQRm7t7YMyhInNMujqHYEYYAMzo3VdEihytJrQ3DhwOcayi0klXcXRQyzAetwh8luWSa91haVutmNLl/8hOf7guYggCiYs5qYPtNNlfcmVdGHeFnJ5ZbIS1e1rsG8Rmw3KmkuPP33jNFNZfLwQGURwhqobBcUwGPOuINSVNRINM0lyxlC7WQCi3O6KeswDUGWxrT8VB1soL5SmcgSztw0EeeG5c1gf4T8B41Ku0eRFdorET75twxMxhNH7pgPXPcTtM3P5Tsgc6NcV6MMIXuiLAjs50r9sypqSIHmmE8ZNqQw+RmaK7hynwhlam8xwwou4fODN8EwbekBDbs6iyn8IzSIBYELxhmj7kXwfsAm6+VJr/8ANTKeAJVGjPzLV9DAIx8znJNbYwTLgSgcEY1msZTC+BFlCEISiZ2JTrEmCA0jaJCXCXUYJUjbhpGlsxpJlYYI8GpSt0JZzhB6l2JlUBo6xgy4rj91PNQ71tHzNGhBerpBiiL8ZiO6wLGGFipsA+2WXYVcOxgi47FbBD6HUMeebH3tCDAOtzVBGRAUGzFwWFsFg3hhdQ5l4VPFjaLRUEIbiqVIOGFuXpUACiEw2qzpLQmxewHqJfQQXKRzYojVKbqFALWobiFM5YvFJftJbL323aBlizvBCIgapHkmAbfcNREROJQ20+pAobYVpgsYuoX8ddQvRGAZoK7yo0miwBcJhUjjKuuBYtx39+cZZhxTflmeJXUYbTGTUzD6DxqiRB1i0tinCPcgY1YE5MyT4MSjAYPxqJUPSe2YGDsca8CX+V/mcT8Dh7RgIcjCCQNZZ2ZYWzHdhSVYtsRfaXnnAz4EzaPpo4Fujb2z9aSawfaTglrneZYC9S0+VBhQP1QmqryRgyW1CZEu2a+iId3pLMmVVoPWC2gnTgQrwvWBHVmhR7zBUXCz61Feq8y24kbH0zDshSUaVKogocFwlwYhjUDgMFxCXUQYqcxG3fEqpQhwqVDjpLIRYjzy3joa1gEQS0wIK4A6IjQqY9hnBQhwNEsCZ9DupuoYlwnXYB8XNsCk0JiocPbToRbe8DFomHApGXXpa9nVlYPIE5y4iNq5u91K7xeZTYlwU93qs9Zh2i0LcDvTUAQ1LRFsybLGTVYmWTXWjNBy03Y0Tp3LhsDnVdKIdukAqwxJflLEDsw5DrW2GsrzOsvuLbOWosUBnQaQFVW6j8ZmkVp5LmwYMeMRsC6QGLWwNK3HMbSdZjJW8HpHGjUGjg8RNg1+1LdIQMlcQ33FhySty5dtEX2zdZvDeP8AFidq8428Pr8xhYRR9MLwtsa6R0LjXUg9J4XMeFXCKsBqy1ChuJWzDnD1UQMcETkkCCxs57MC7S+zHvyraLW0rBuoqbiaLYg9KbHCv4H+I4VA4n4HD2jPb4cyoa7TG0BpB8Abi6g7GolqEG9fcVDSrKiSolsTaISYA3uXMUjxmugZqeX7GJeM/eUJKW4pMO3pDF+pErFviCvjsUNB3ltXGxlGcnsIozFtjows1SiyjD6ZijNJZdfHADtEdCWISyUgNEKSuDTMBwA4xcW0CMvFHB4XL4EudBhhbaDO8f0aoU4K53C7VDUsPTbEpVWdcAdpS0mIwmjEDCbpfBxlieFzenubiObnaotMIQFOehZKsKAusJTVFTW0htjnguXHsDUchKlKYmXCrRyNdZiu2RpapCY+jpsxwDoO7FCnqIbHAsZr0EDqwLNibC5lmFVhwYXaNQiRmo2FgaiBnT64EpYpdqCFnzFiDhcMUV9clF1L/jLGAtgcYSBIqltLYJgaStcB6wTDYNvNyw0TrqRXusgSzOIbix5gORYT6V4kyTDrmJBnQBH+Am4UMNkWdbIegYYQ2jZQ0bELuWO6uAvvFlbJmRhB1aydOPLCCE5Rs5hhn2IOTBWCL1n98LXHX5YhgzN4pz0d1LiWT0pggRiomAtYTuYVgAroEAx8pWmh9GFtmChY8ig4noP4LENyWNIGSAJtYy7UCe04PE/xHAZf5VDh7BgoOQOGpgvowHbshNHAbgfEx6PSJ6PBlGlvVsjsea7MJf1x9qiAXVl/dEdfvkw/ua0vNfNTZB7IxWolT3lERmYR9k0xfBLeVgweJkxgp7tOzXrPPVthUZhAbfysxw3JFwWF6kq3gLyXF18fvTQ+mYMS74MSl0mhMsS5aANYnQxL6C+YJLKhyIHaztiLtESHWJBr8KlRgw4UFqGxRMhvzLesNhkAdbS/IopcElrBNpygmEwxya5O5GdYWmEGqw8p2+XslZK2gIzSI7k3S1diIbGgsoeUJzMTQPONFHXNEuCDKCwAqhpRm4dTaXoYi0vITHMCbB0uAkZ8hpLWSJ6U9WHWSQzbjcJHMwto8xSETpCb8dprEChr2jHmDb0rXd0h0s8RBftW890e6oZCXrAowBA2jEbznKdiVIsB2S53je/+Qk28pyrGxgKq8xn4hrgiN4Jrh+slHYUe7aK13StIyFKqwGjIHpMLeljAZaYHjqmM03TpDMwTACahu7qucQa6maKbCAzW5t4k0w1ncmvwgn7mjcr9lMxjYoGQstgFG0dlyil3vtB6GiZo7MaPBcxTQvWkMLRtuYvS2jV9iDaUgK6F73wFYgyzkiaUHqM0V7srT4UNNT1G4IQKntWBAjKkHI1jtirrHRcrP/pH8B5K+YNIeRsSrltzbvBc4RMap+DGLgvbMJ7R4PE/K/wOJ+BCXDh7B4PVNJh3DOnXCVKlcCRIIqLy/UP2i4+vgmB7plAfMM6wb1B6M5o6JHrH3wuPgKjgLcyr3pnyD/on7APmEdpfYcXgh1Jqgmx8Oc2HohhJoEB63+TND6Z4JBN6sRwXcJXFYMIGAwSoZ0hsqOI524jD8LjwHgy9VAbYZXQdjmvWAF6BVW8tQSIGwc4sNqIwbRN2DeqYV9cu1yn8qGToyZi1t+ewhWnaCYvdiu+WI0nZ5pHceuKF0HRjqAgFIOjcZVwhVS2xHRMChQnD1SWxPGxFwI7IU2XW1Uk1SyA8xkhWK5O1cj3mdX5buv1Luh9oGwCprUC9bdpd62w720uJDJutQI7WFNAdOUPQVFG8Lrq13SwuwXeCZ0iWCAA2tZbFavrE7VdpfEWgy6IerN2bUMiw5JsL8yxxrY2j6cxkan4pgQBVq2BpcxWF2uprNzUBN2GHZLFJmhbxfs5fM/ZKmBrDMErAhZolxwRGCpwiB1iQgqPSoclbIz5zR4xBmdEbsgRQr0jtcHJtdFSpIs3Tv7wtilihbvfWAQ2AqrGEd4jEMEVhH4d6rwwWvR9XiSpOdDfWdqf3EmH0M4suMovEUluC1mD0WBwwMzNdCUk4IvRzuxUYHSPNWDssKmtLot9o6KF7cCNRzveOhGvh1As8GddHC4v4E9uzlPbM/hHifkfgcT8DicNmaBDXGdSXCOBxLlROJ7AfOJ0qYD2NCmEGDfWirZ+rMqAOuI7ldmVZcQlIQWaGdxcV08FntN8q/TeGirlS+Zpupl/U+a+vmVZEdx+Jtt3f8w3e4Rpp2MOHnfylKfTMYxbM85RvmVWgcLduAsYHCiELBQpLeA0bxriuMIvA4IzKaSlldXplctmAIoasUMwLBvZNWdNIG4XoFFbKKbstveskLoNWuwu3606DAr1mC2uGpdYrZBNpZdwKuk1Vb1SxC3mgd6FbtZbDHLZnjSlsq1NV7TMC0LNTvAp2aolIUpjQ38mDoeWEojpBa8Gl/Vsg542EKd4suLLUunLRLOIYLZ13SWA/QTL1MpgYSd+vOKRw8aZaRIT0GdSii5t4XTpVzN96CXWJrqGHYVBUMQCvEzLMM1aLh10fXIlwgG11H5st2VA2aHPaqMu80+N8H9hALEL0uMRvrxhX+SrECKBT+modII1RlL2ejaDtU4sFGwtQwjrvcLbRNdYXVkqGTU7OIglmqqiYYCMZKrobAiALX2lrDKheDRIaA0cgMa7VL50UBqwOYoXBq4ivM5avNlj5QoFnYZl1xk5XOYdndb0VDdwPveePC5cUXtWBAgYUAWqsEoDVYrzqSyyrNIy+gbwuvXB5pDC0d6KAgoFK2qwuByYpJeOeuFGU3lxi8GMPbs5R0zox/Al/ifgcT8CMIcCanSGqbTte0JdrYdOSLQA0r1E6kfEdBdGMYztBfuJZBDXDVTW7CDVmhClBqLwTSmk/3hcPmwQbGpiz8+zMIwQQwqEd0tN/djqm7hmlPj+JTrM3FcFAy0Tzv5RFfpmLMWD+Bw1lcDwx4A14K1mIxcEjrFi/kS4szw9ThEAmy1OjJfIikTW2F5d4d8AYUrQEEUIYYi71YGTUgXDkhBxtwSloG8aU3gEsuibo33WQZGARS9Ag8P8AraA7rRVt0uVMhrewZdk0FZUv4BCl5NlxUQ3qZofEwuDoSwdlgvaoKTWRK6VpLhthXOFrtRDU1DSuTALpaJuS20vbiomQ1VklxOyw+tibJGCVKoe7dLV4po1zBJHWRWRWoFAUsMkQKC1GysBzgbgunpYjZwsXUAGZRb2XlELENnXq1Mrd4u5ojxUQO3V7W1cxc4vQGrBmJW2MZT1hCrZ7EPyeCjMJS3SuvOLWW0ZQTOZvUSutkIeqLbITXkpWDMSYyKl4NNPDDbMkNDtKtCFWsWravdA4jKu+NZVTkwIcB00WF7BHQC3ndhvEFVBZwjz2S2LIGnZHBb51ZhOIDLfa8xjFlx5y9vCGMzUWkBS+IlpqlivaACVAKvIMzcOINgMQjDGYDLvXpUQ1aYJrgE7veDBrSjhI+1mK6M7G8C4xRy9+4ZeLL4XL4H+E4n4HA4nBWrhefoqLSLUTSi3nFqE0rEXZhtQrXa2MfTOAPbAKqHyQiiMb8GAR1KlrJdUyb/AgRionFahoTzv5TT++ZHgH4HAiy+DwLSt4F3MTDGHhcvg8BhGXxWBii75w1Lnyr1zTJcy7bDNEGlssFDswfITYlbsQc6Gp1i8ZzGkF8oFU3IiFUu2bWr1ZyTKtyTVpaTN4xshAcgLYgdbMFJQzVze8saIzyOyy7kec1Aj0pb1yd5sRgNFfwY7XobZC4EyDW2vUhKKgoUrSnpBzI1dRjCkphs5k3hewCbxT9qmd4yuQypnTrKqOtZ6I9dI7nrG4A6swmkDD33jpTDJNCIOTFdkMbFVaZcnVilrkx0iKiIxSIp6wDZzHIilcGAQWjBQzrQzZdiR7DQOmqeWICxKrVb0qDl7oOwhS51BusehL3J4vAJavbFHsEPZlNM6Mzf1sQ1rrA2DzG5fhpsNDmMsR4NLNdct88oPLMFJb9F7RZa2aqDQ2hFVX4RCy7yhu2+JTMzVKQdLYmttSAK9jARNogy1wAPt8oHDVRmcLHhr2Ci1TfYhaWMcMD+J0o4sXp+4YY2l1NbxQrZaWDYsxillzhlGlag5Rm9yfvFGUV6msWLjsO4ixqnTgyyXCaS/xPwJUJfE4HAmyfT85qlw9goTaiGJi7SuAQ0BFwxH0SkQY7pZFCmOpLwXVfMnE5gBz1YoPKw6/gHFIxxwxXDVP6zNP754Rl8L/AAupfFhiQKlvAyl8X8F43wXFly1lfpDaNsTRNWN0e495bBEq8tmLI5ONA2WYODABau86ymk9MANTFckVBCLCql0yhGasYBD7m7TJedwLO6QtuHOUeFCDYQEm2F6Fb4iwtJzdOY9hfezlDOQJQbkdgbHRIwhdl1hDjlyOS7w3wm2lKQLYmhtGMWbENJrGm7RA+0AzsgcEHN7QOkQ0DtTV1gh0Vqa6zCopYzPg6FRJoFAWBdl9VMdLlK+CZlyGI3TO0L2siRNoFjUyBoGuYM6Q1tATlkxYDz12iBQcpw4w46sTNcwsySs4AlgcakoO3WGxZo+sHhTGwTUBuPsuzkgaL7MvBRe1pgu+8OKZgld48d0dBzDg2pTriENB6UAkOMfg37TTjlNsaGJD8OSYG1YCNZcQ3wH1fNDxlwxevi4IWDdIvRUH7g8BRE5MURMJoRTutEImM0h4mhn5lQxbexiYccekpRDG3NTN2UonyIvjAdd55I/AnCdeFFSkvg/ejvv5QQPT5i/LKE1Artc0zytMOtCdGVito0hzkrLlTThf4n4n4fpufByl4d2qC71B0MuXFweCXPAVe8T9wzahiptNq1i1GxOOHXQTVKEsvGkCioS134HAOJKghsaBNtirRklRZ7afYc2af3z+FeJxqaRYr4YYzCDL4XLg8bi8bgzOoO7Us9Y2yhLRrmstvVMwWxV1Qjixge9QBVwxGoqHK7tnF9YbC2FDC+YAKAKmR3jDKAW0f1BxpLDJgu9ErNFgFUNOmZR0C4RuPKVhyO8jbDLf6/nZuEJ0ooGVWiEAct1kamIWye+CMLFXN20o6V2jwQFjprg0mqrpYc0j0gbLrTcW3KJBd1S2Gqjjpz/ZLzbRLF9g6TBcZS5N8Q9BBItO9bLhj9hbYthQorgYXbFy+jY5a3D7pyrFEVZiYU31jVLByOEvTgZi7wxwzQpyLmhgD5DG7mNY4U6OrZVbXKessRWJkoqUrzmLbGymJtNDWYRkNJewCGA86mTDcxJ6XjLjy0HUiZlAasHZjTovWBav9U2xaljA90WtaoKncwCBVGZRR4HN2SIvt7vxYa7mexm6NOhX0jtm9gd0FlHXor6S/E5OkD2IoAL1MHZpiAjshXVzAmsatruDJ10t8M0hiLrF1yCHKGebu1wLAcZWLZKzmDhcdeaP1ceIbhCmJaoSLbNXVmqg5M0LzxE6nYxu3t0T2hIG07G405kVtGGx3uNNo2il0JTnCXwX+Bx2T6bnFmCR13WKIWTkoA0RK9IHzSpqJL95Sbk9KIUfeA98Wp3S9y3rNlE1QnmYqV0AIi+cazB1VgDSvwOJwYTGiMtTxTuy2iscxPrdWaf3zN/gkPxZcYkqVD8xl8FlxZi17x4LLGyMkl7rcZD3ljSDWEqkGxglikTm1nwWxVbCiOMkutp6BtL2gueHowsPVdsxWrE3DkgxL0hTqTf49DOmGG0CbXIb5xpUIFAq6xmKOCGpsYZYELD3nTMAy53EzmNY5dKN1qE3SBA4TfV+yEivVctXqQ8sdDSbtpifraYk2tpAF5byuFaCC56xgYx1I2E5MGI1C1q3L0JeeWdw7oyvWU7l3JzkpWxkrZhggljFOeZakuXADIOxhUCUdWpR+0bAHIWTGjDESDwnUecpGhlUX6ncRGqpRygwzK/qRIQaVWMymIpfNcCi9oaCi6EuQyocqaxzrR1N+4XYGOAme2EATaItkLTxNvIKXXebQKCbLCLVu4RY8d6i6EdygLWCFGg5uURovrFWWYIAjWA4gFurB51wH6+7gkwJrk6+kEolO1RA0V57eap0HR64nQgJ9NvMNk8DaP0OpdudRujIiUTxyisAyQobtgxHTtakSyCV+0M44Ns96gtgC91uaIgvVAu3KWrmfMvgvemXdwY4VKM3iYesrql0N2bes3vLRlX0T2+J7maSt9BRRjXdcoxfpSStC12GG/OUHzgdyBDC+tw3V98S94eJ1CRUu9IYg8LiyT7bnxe9YQi2DLi3FNSL7RrkRMqXY+WKNl7SrKHiXwNoJlKi38R4VCXwXxz2qfW6s0fvn8IzWLXAxcvinB4BD8XiseNZibbMOXpWWUOky+TdZjkkwawO0fTsw1ph1D8kuiAAYcn0hoYVSHzR1onSX4Vti6nS5luSpf2MMcHJGIOMpgd+sq0xxpiuUfq4CKDs3pALJxCSBEGoQ7jo3jowFlrMVdxIFLot66R/CVToN7YMKuGYOiaQhFAXsodMatritMQ/9aUCKbVsM0Y8Dv0ojbZlHCsl8obpSjd030IBWlyn2W/KVwwbwAMExGvaLsfTrHilZdVTY7jBOkbKL6GgGrM/N2wYMniJktAlxxdAK5Z1hEzT2Bd4TQpjUu+prlRW5DMhBlpGCJUoSiZM3QG7xuRIqnoxm82bx01L0h/8ER7xlEKU2g58g5YhQzgjf38ahGJk9w9paJURbszkFgU6gdmUFilAUsAXFLzAzmGPMw34rR6xlYpz2t0vKs5QfXrl4ZgSm/jM1T2KluJbMVTUdE2HvFYzBCGEFzoDsjHULzEAYUcPd0Iv1NTiLDNYpfM2YFq4usoyOLljBfXQlDJZrVkILr4KWmbEmepcqRzI8PlT3/gHC64GIMQIaEEdZqYmrmasJofoS/oQGiPeWWPwTV1d4xbLooxOxd17HEHwDqCYlb3VNP8AeIyHmMZ3sFMfyPhYV3g8xNIac4N8JXSoClMwB+zFSQZ79hBg/gsoR4cTVgNT6zmSL6FdmA0CFdPUSrNOzEQ1T3gu6dypowlw4XBjFyuFEeyz63Vmh988dzWacNJrKlSuJiSoQZcuGVWKPBfisNxi9faY7u4yIlcpSPHFMtlbZmTo5yQcybS5ESKF7Da1H9exNyGAphOdRGoCKTEsGafEctnVBYUtp2cBA9juguTWk+Q7FJc3Ft0u2HHWVtHcnVGKh3lidMR/6FCc7jbIVFIY7Adit7l/TQdT+iG4pes+d1DeNmp0KhecWlJX35IhFyKtK/kMcZLQiwhgNgg5rRgpTB10GnaiymruoyuKy2C2B8Rw66GS5aeYSilKro0vkF6RZmrRoYZO0OKloxOZPKYHmIAWUS/WCi5qjQFMekYuaDA6U3Es6i3SCK8104xum0q94B1YJaRL3Q1iqAxrZ97EZBa8dBhAHNWw7aXpS5iivoYITV89lwFW/ZcM2AHKXGmlnMe3alhI2MUPKK7gU9yU0GZ0C9ri4hnIWPGs3q9SVEPtz1WVtQd3S+B7a3QNVaNw9hTKTqzJ/KsneydXhIKai6q/mAcnV9h4LIQqGF1PmGsODJnQ8tw9NtbS7Zo2IcE7X2LQc3iY2E2t3cdYyALU055gB0Kw9oYne46L5ytwbFBlrCsPcZr1G8IBdUF4SFuIRYIqprvB0eDPlQ33/wCJKZ6ElVrcJrErJrEPNCrQSK3hAZhKQ1wRS6GQlMQVjKTFoDT4iw2Mb6K+xK/PyE1aA2cynPRChrVNyVDl30+wgWGlB7Nw0Byd46wvzOUfqMOAy4MWMHXVDtO80mrUciLr3mX7vrFaFDULNl3OYu6eTHQh6D4moj4gOik2T8hKdEe5UQ1D5nWvSECtGDccQlprPZp9bqzQ++eMlk1lcCLLl8Hgs1gQlwYTfpPrNB2lBpxLwYpdco3UseI7ISlxc8GvolLW2zhdoxaRSaNGqCYrLFWjuBDAlMWI8MKsMDqSCZyICvrGNp8FV2UFK1EPkt5lKGsCvr7wLsO0xq9GKKSI8xzgL60iK5DC/qgco4XDS/NWy6MrvQUcoxqxYJISt4ziS6ZL2pCYPnJk25Kit7qrWytoo06K2PpsRTWvMtzOYxVAKDIatcomYGYZQ68qJomzkzrMQ03ORTm7Ag5agz1pt0QMCsUpG58CJW2r4MFrVw0WvpKqp7TVbhKW/EiiNjVc47tw5e5tBpfmBMs6hUX36x7kjkZaRKQCpCVdttZdEBb1Q1dxLiaWnIVkTtFsMT4reXUmFxqdLligt6Fiusvy1g164N3aZuMYdiPYGwBKLKwEOL1qPb/M3Lyoj6KHRKN/9JAq80H3bYZoAJUII8DwWXewUzQu79lSksWlGuyEBoR4MTopHIunaonZDFb2l+f+yLLKd6y11aiqxagYKdYpKnJncMrtNj1rAzEbtc1Kw3Wlrh6qqVYo3Yd135Op6pZDzTSOOVTpw4KmUBxSiyxYr8k99+InAOFzQSIu8wTSXY6oluiPMR0lLYezmWNCd4oqmS+HllxTByUsLUbU9pzJ8R23LtFLWD5hbkIxOQRdqxgI09lJ7eEkgHsVMw40U9pVR13WEEDBl8H+v0lw68tiLo4BGEssAuAs4XZPu+UMFuF+QsQdQfEdknKs7RvGVTJkntE+t1ZoffP47i3LqLfBPweF1CjUVwWpdPcxAl3NIvBixRQUtp6lS+v5jUGXBjK5ug6kF6pq6BCqhuBZcarKufMmrIxWN7d2Fs0WcsZZCKut0sYNmzgAlSrIMtTGKg4UQUGbd5VGSE0vNCIqA7CKhlNwMKNxILK1idmuWCgZpu04MvEqMLNTwuA923LujYDwjmR1WSnUZ6o4AWl1LvS7jZa72jdQ5iaLtzRvMsIbTdWp45zLhUNwujqirWYwtt6ShMZ5bGSh0jBIv3yrMECwuFuGZWmpoygqo6AlmimtTLBotXUWLbWy2GBYjgDOMg4e0eDs5+zO8poVnaYCBxW0GrlCMgHMMP8AEXFXvAFW3kzGO0xN7jYpwR2tA2lwTlGaqaHgXa1cdGab9Ocb2l4XczhrEdvNyF+6UkHT9Tqy5Cn+c3i90HmYhmsho0YgJBVJ2X+p0Dp6lTJODa0WyrymuKLKuIHMu2hB9BlZ6ke9zHK6ywVlGNbLVYxrc1sYxw4F6mT9EoiqHvpmAu8+jHj3jXh8yZ93K4DcJmhQ3YKXR0GYRDO5/EY11HRNMPLUDtDKOJfADWiDB3ZOhdBJf2JmVFcFfSB0FnLcfoTvG4a8JSQKmKhk5w2E10ZqzgsLisolZYvVhCXBlx7JndiL34FUoC1xzjqfTTTPRSgsfTMy1i0oFigc/Nyl2c5lSuThl+TDhpPEFdhPrdWaH3z+W/8AA8LhvmTK8DBuKNspYbczC+/4MvinNcr4oAeEGEEXLixg6bpXmmimjvDxA2PmW2IotRrokGgII2gRObCw3cUXRpL8SXHlu7VvM2RqW3TVgmzDqqOHK2YAVxZ6FxdgaL0OcClGqbXsneFgKxl0o5EJCkCN1C+rahjvFqEfy4IPclYKZNBHOEujAO8m5DkXUKooinbsIMLsDSYp+bqoxQKC703OkOtKDkyS75wac1z1EabKnmHzcu9/GJ1bEqyurvDpdVG6ciBzr6XdNYaABLtGQNEoDFVB6hc4YLjmx5TLrHiKL5gk+nkKVupG2RN5C0poQM9conYbEyA6S9zpCWpYihV6b2MssBGmA4xmZY9FOmWScYNbkNXxcVS9Fx/ZAkR++tp4qEhxuXLlwf8AKwkiGiWQ1rfreDEV3VquzpHH3+h+NYsqAwzLrlrrAbWDqNpaARv81QPTBUcTazVUutw7RWKerHIUGSqvWNjtNo6PdPe/iJpDUU1zfHgrOyFZqHNE5xz0PSLLQ6L4mnroyJ7dGIW/2QVRXycQVXd0m+8wxT2LgMECF9QVA38k00pnmvaP36qOdDycVUt3VgsNA4a3TfMay4ldYq7sIMuDBL+RGa83MKMUREtVObWJqyNYHnMsZnsRUpu7cwALY1JCQDMyEvct0RGJegNpZurZ1lIh+LDgLPJPaJ9bqzQ++Zv/ABrLi3GaQYUIFFhNSKk2cZBx80sl2lhfOXGMYoouDqfD4hwGDF4LlqXRr5EaKdRJ73azGoYXcQKsTsy4tfQANTswqsAA0ORsBHWRW8YagGSIZfUA2AWWyGWiHIbwkMsSVybMU4K4LgpcTqr9pQWqxC5ddCM4NVCqG+cA+eFNiaaJGprv1hsWgHpK5qa71GBarCRSUQMHJrGtSqrhFsAdLihQ18lqHeLKxv7NR7E3LAq7EstQE6aJojLaUTpbUmngwC7aythC1y1qDvBqaY0VzAOnOLqSxrZfNVLl9eRvccwTAFAUk7XuxcQvkqu1cyMrsHgbDKrgAXYOrL8uuQG4Gixm36YqRa7RexGhJWOF9UN2Bu3++qFOI3N5JE+W7zqgV/6/V54TADTz+FmrH0f++JHva/NyoOzkz+B0qdrGAWmNqHpRbijL/wAqc2oEsYbirOd7Op7zbgwHxE7QcwTITHMY1RZldGFwCwpETXKaMsVKmd220CRFRAjd6R7BmJmnc+SgI6pGaPfPcPiJBBwku1aZhVaDEyoyj4HMw/pRV0h4izKEuFZgpZbMq9+pZvKhkCX2nLzG/gjmH5xGFYPukgUABh3DgnYMwNyZrIL1ijokbxevNIMuE+6Ij93EIS0arSFzv4hLcs25RFhc5b7iq4hA1LV7SyO8ZI6vHtV3CoiV3VXm1YF9gPA7IjYHREbITBBY0Mpr/qlYx6x8pcfiw4aPSe2Q+1+zND75/wAFPweDBjwt8kL57FO1ZGw0VXeAfaT4YY8HY4LFH8Amlaa/PLl8BlwZcvhUnm4UwO3ejFRcd5pOhoYe7UwKA+A2dbPMqqNwdIVULDbMpiuwDpFqzWVt7YxcbOwGMLW8CyqFmRNbJUE4zIxDmzWrV54IwCJSxa2KBnA5/wBIfhc5lMxgasNwPTeFRmqYtFGWu0ZVpDpcBdkJtX6INqYQOLa0S+o1wDRawrO4GntXMvyAzqZnoDeg+LSgsbtz3ir5HCkvaukusoEc6gXsKCAiBaLdMdWaqLgE6c6q8kUoDSlG9LRhqBYJTVeUlxt69EdmI/0gDK7AkAZXpSOcxbHId+OCAi8FgbE+9qw60Ecrp3+vE73CGd6nx2n1mUw7JPomgjw2f9eYOVYGNR2gO+rMxe+9gtUPV6Kh8wvm+Tml2tunp+wRyg/5WJj+k9Wg8JAfEF9lv4Jfa/XU1NfQimiaQ1V7ecqfMBECkwuT13jY2lAVOW8ZjWx3YYp1VbUzIsZ8+GBmiPgwnYgvIRGhUAzDA1B6TMo9JlErvczZPRJq/plihTkwYHJulYiIA9YhWfxcyw3tGWoOsK+CWIiau4FmJF9UGBK1WVb3HNvpVwrj4GF5yCf7xKcArpi9eXbLgyg32sqp5Qme2kZ1tY5SXS9i0dBvzlL9WicvaYrDcfgugAw30qWkC10bjr1jZsWQU27NXNcU64Yj/MbwnwEQ3JWedyLnjBo/p5RJ8OpyeUd/gw4afJPbIa678mCh988F/jcJfFlxlRiy/aKSGROT1Khcklebg7up9cscVxUIxxxco2WNzp3I8BhwDiXCLi3BKzWFh+BPSc1TuSyHPhg6DAUnqQ/KLNHDauOwiozT1PUiUhdugmzQih26AMgbwPAsCQQ3vtA+OAOqK7DBWTVlgCdolGAvQEyKuLiosc4XiWWrnVX0YPGN1Ko5BmrY46wasW2Bg2gAU3t2GVxHCxxgvqM2BcTCro6AvRltxxTl9bj8Y02h7h2I0XqNvvSlrqZFuWLZgWwq69JZ5HOvnfaUWQ3LUUisEqIShYWm4tRcUcbKyeUxxBdnOdNhBA6AwSngtRDKKVCrHfQbzVucjK2duu6/zgbEZtWhpfZvevEx+79e/jGQGtBL0QsYSYcCb4lWRFFL2YqJcgwS3aKG2gys7a0zCwf8iRvCj9l65ssrRG6BYv2Y1T4Mu/NSJBFuRwBh0QVHgog+0LNYz5XCnbhM1Qg0IuABQCggnOXakQaKSrRGbwgd8d4AxKIDQIEuu8xDY3bSgo+MjU13k3yO0Q18KjZW4nUd2o+ta1tw3AQN1OpwgMUZSoPJNmrs1KUtTpCP1pcJZk6ERvmzMEr+dO7D3XbqzLdluebAexEZNCJJRomnwNBxcp2FBOxtvvl0O5Ya9cBddTbKORDmQZFfImgnmXOuCoozqOp6HYZdkze8MVGE9E6Ep9mz0ZVvmEJHicNJ3J7NPrdWfT6wwl/hf4rweBZSIMbDU3JnghVFVuS+hYhKSFUsrVWAdJoCZ5hcdEV5ETUqC9W4p1XcgenfWiCyHZwtwBbLiOJcG5ZwI8NYnAgwNA5IkX+X7CEgvyTHeGDR2jdS3pohDqCkQ5vmeVQ+LdjamtdiAWKBL2nO4JIZcbHpe8H5oo8gQKL64bmoLMYw845bSpFWE3rFs28UpBcNFiGyZRLLSmaLajN0uCLINBwJqxI5CFIArGYVUPa+hFw6TqaDxgimfptDlUeNMrmdMYiEJumganvWkbO5IRRuluneMdcIYNGZWCkXRR594Mm7DESNdbnMcq9YafwUi3RSdJ0Rsn+7GOSrAUBoBsHvMqS+ccnLCyip2CbBpRFxI9hT/UVCUpl2F/XBJf8ASejSzB6Bv71A7WGcJ6YncJq3DkweLQhpROdJCnMjMfal+r2JIgiCJkbzh/zMJgqabo4gvVMpsXnGgJDtccrN33rO/LlStZVEmh3caEEOZqEKP3QQPWVNCQ0jB4FHXMVaRroxAOSoGUrvtKTSGb4SN2W7sdMHuzRARfxMZm/fSCzR8sJxHC7KzCFGrMvmF2nUv1KG68hUorHS5SU/vgvX4XOwUwSi+WO7MHMyxyh1dXxKg1wYcnLR1IszZQFnEy+kXUmocVdvLE6KDTdJQ3lGseeQMLqPExwz5tRI+ogU3pjAISNyFc3XoRq5MsxshiJjVHa0t5I+91Muih+GjycKfW6s+31i5cvhn8blxixanKZXGY5F+28Q1E6MxhcyLb7RR1BF1pnN0gvOcE1oHeUPeU+IrpTT9XpDTPPcr9Ed1V7txhpHccJH5IKLxuoPAMXgsu+Ckqk5GDh7kKAPg3okROe2/UpCJj8iUgGcaZBpsWmvR3IbX50YZlUiXkTIxal5I0k4AVHW4qURX7ahxqPnWWZzChhhRvKKGjfMOpCFXwa2YMDgr5O8P8EgvKZoPOUFJAbugyl42hQLIRZDXwQNE2A0kJqgas9Ama/QZSA2+pCrWott8RMwNg91IHBksR1lNFKFGPEot3pmjkps1Cd670vsflhWB+BgWE47oF2P1G6z0zCGgGhKLp0/XdJowKM6NJfwFAbPQiElchf7eAoPAi7B+CXEZqLtDofRmNsEM3t7OrTFDEOTHpYaVlgNIDo5butl0ZH/ADixLVOmzFzKobjnvUEI/YiSoqHfNHFcBljBFVVWuCQbpCyKakrtiUJbcgMORjAb0JeEC82YwnQLmpV7S/VfMXqAvVmxHaNEFBMepgfRkRIKdejC2X7ppw84jGzPm4nNGbe+kQgbaMkWL1IPCvnRMAx13LA5zvmO+7t7usxGwErjl6AfMAXoy/MIlir3q/azFVXaIO/ZCVotSmDiHWLKRo0TnSy4qoVFFF+uGlpFW9zDaMAugJt4isGuS6u7IVrAvZY6otypu3idx0/1mjzjX0U4lEy6D+Gn04U+t1ZUv3viIsuXLlxZcuLEA3KxYGh3YiUg4LC/BA/TMl+UAow1cfRFgWpnOgicS1WG4RBdK3rrAk6mVt3Tv+jAd9Mx2+dZ7sx1fVle7wlHwmZQhNiQbODiKHBcG4vAeDHJnWUg+20OCqvJa37y3Gb1qQFcJokRV3FVmBVRSo5wrYJJGWbtdodVNsCvNTAngtYBYtTN3z0i7fNkp8S0jBpg1F94DRAcZ9hM4ruFsoFyFbWcOHEt56APd3TEbcDmrTqhHrQourbkwn5cu6vN2CNXR3Guai0WNX4rr6QEV1RrHZB3CBXoXS9SXG4D1HQrAbdbtihZykP4LUVGAR9gbfZN4VstbVRV76BsA0mHlLRDACB00hwutT3V5ES3q5/jl90FPzY7VwDD+xNREdjBiqQJlunSdN/Ryl2G9JcpZVYpYGiJZRBzaP6ZH/OTGRKzrsZeG7FQ0xOvBjAx7phICHjmJ4h2kXw2g6dulQDFnaP1xDTv4AVpEMoVsvkqFzcbpA6EQ5qgDavdmWy94j+ki6BCtnpNy8gAK4QUmupvHyiUKT7xLskcekwNhyEW0P35xOKvci0sXF6QTljFnIK8GZWTdnXxTPDSmQ7/AEIcUFFCv1AYsAw949eah6bwe11K9sOAc+bjeNNe6s4NowPZRa0KpBmdRBEFk9ihbgGWdhLNeZWXOYEAwDQszsacO8oLVmjsrlNt2r5taloamHxw1xEfw4U+t1ZoffP56jLjDEWXGKLwcqekDPT6VNvlybJb7xsUuwLiiiYAPlijc3TAHND/ACII2X1tYZB875YO3MqgcOlbxxcKwE3uiy6jaLwuXcwly4wYNcQDiPCqTchJ7okdEY1/pDysO+rHKYYfZj5QiRcFgadwcyBuywIH+yAl0gbN1JjJbdUL62WYeceVsUXWrkh8l7LLfIiq3GlLuXYQcLVN6hIJYNgJHaARfcbT5A2g1k7HR2CuUs+2bwYYIqiamtf6lYv/AJStKJ0KU/IB6yugjnsHPaJSfix7S91Frv0h5fNLodfHkIANtauqsCm+D1MPlGZ9LN6uYH+FIf4ZaRSJuJMhGh87inMMtp7RkdyD4Fc1GPHAj7Zgcx95CyzZ5mzj/wAAawMrZydtQwxBKjBDT3T3SM1sKdmoa/Tk5mEHswzcXulDe6XmVe0OJY6NEOUSCRbO0uZa7wRhhbdMEiA8TWvsg1wnhCaFXq2i9Qe8P1Q0TnjuzQQeCBsHT0ljSBymj4veMbYcxqJW29BA7NmUyJUEIVmLDk68LmQ8hB65DfTg5Okb3Rl00nrGbv8ALAossx7wjHAK2Bg2YBvsSxt6rS5QpHahQ4OSwv6gBmIPshbQJXcHwCKPZUhw4WFpETYa8Cid4T3M7jNTTorddXWVsRQxCEFB4ntY+t1YaR+7wnC+Ny+FyyEcJYxIZllobEQaidUbCizQyawPcNislG2VBatsT2UGCrerFSudKbqViAdRiL9RkDRMFIgqovNRyJeAZzup3uNiYYGsWe2Zeh2/UWXUWXL4F4qgS+Cux4LYPKYW7aOjP01l5hkQwmHX05wwGce0yGMlI2wkljzM7XPZis1bmsoxKw16azKyo7W9QWK22XoIFIiRiihjhUbVaXQ3e9RK3Q0F5ZjsUTfqeIFkXagdkXq2LStsT1Azd9xBWeilolCOrKTg/JDqKmxv2I6EFVaBoAADwEanJ/S+Rini7N4TE7XnCj/GkHjAKYXVey5X6sh1TtGjKNsHNbNwyNYTAtrU9mM9Xx+vvVg/52Gm76xvse/B4Aw7p75HwbJNwmMVXX8mjLzMFXvmMQ7rmiDoimAdEYBeOC+X5RrGvRmAKRzQAPAEax45JlDDT3FR8vcWQbC98QOzeW6oi8olcpb7F6ZTKKu9Hhie2G+8cMPwYJCnlhOjMXy+eOCcEKTc6gqxAajD5wOlA3eLPLDFb0KIQLHmMygebSWygrGxDfarmJy+WV9BL5lQROUB5yI6+oeW8FBG1ug+YZPQ4RwE0+TgT63Vn3+v4L4XGXwCxRbjfDwwAicpLaSjSXrHMJvstDb3ldW9TgdKhDXtpBMdGOXljtOiLLswfMIjzuQe1whrUGsx07vIJMrkhlP5pugtFFwhRGJyhjsxDxrly5fC4fgcPC64A2BDW/8ABh/cpATdjrmBjFVeHQYADGx0WIXLl+acKMtnwcvdDO23j0D9R0aaU9hEBXNdmIGM/a6159odwwEZcgCcosN8t41tBaXN9FJZvJJG4J1nRoPd6SMX8tE1GDvXtd/QyCdK8/8A0kx/ljt55jvfWDjAABQBgPBjx/lC6QNLz8+v+vDrKyuQ0jNU2PkJpTWht0fXJyWwkEQ7jf8A4Rt00IoolJtEglY90HCBGMBjqLhUrH7UNxExJV0SOgnqpR3dmE2N2D6NM1wty0pgGidlzNZldRUQi+UYuRVotMbUZZmWTfPRhjId7PSFKdyUwwnNbv8Akea10Th7iLwoXnxMotleZ0fbg10NjKX7i49oFHmNQTEDQZWmNo+gyub7ksYyjZgeLi+mhc9+VdyZWaS0xqNL3tr1gzOac3cFvjfPMGXr7nWHM+fKxkHcX3JSjhw0HcmMQT7NWfb6xcOJHhmMYsyi8EYvlizNNYLD1ZaBtC2+WbWFIHt7GWbX5tpiIUwyweWrUIAFuoe7cfS6DO8JDVyG0YWc8XSYZ1arIbxiF6Ub1BTtym25jEZ8R3BIqp6xCCoOCBXYM5ZFReu6joKZcGXwGHAhwLfBUElxjwItxAREcI5lMXooHytua+YGTnmapCTN2pkQroi6a06IWEoYd6hDAXVfUx4nNyco97VL9YIeJbxhWMTTwzqqB9bSQQbKrXcLmWeIVgarudEHUAAD8xO4baUB5Ag5FkOVGpedr1WMt0vlywsLnxNXzd7TxW4D/MTYgRHIjrZNE6I7/wBsndl8Q1tgkswe4Yo+urn/AK7X/wANmmef7E4FUe7hhj+DbKY5V+FI8ExDT1UzSr3ZpTrSIykHt3Bnzs3hOgeY3M1h1hQvHWasifKF1H7UOwlsd9QoWzspLgCNy2/7EQusfqe84Eu80oHlK+q36x6Boz1hrgF35iyOTPK5UOghXTH7ReR2EB+mHYEEsIgsrkSxxeowPiCbPNYO23L1an9QaUN8hVgBY8xD0lnRyDDsRlgLvTVoVCfsv3DDz79ghtgGv9AgedUV/NHxYDvHso87+UFD97kRh+B4LFjfBgM6BGSy7EoNolJ3ls0XF9jhJTs60BXSGI0BXYJw6FYWTQ7jSl2+yw3TVbtTQcmPYWN1f1xM0dkBRp3Y8t1rLyuxi1lFsmG/Mzu7gARDD6QCKJoQ65wHlU06PmEmnVlslvriVIEEutvzS4bDU0qPo55xHS+aPAYMHhcItwWLNjGHEcSEq/PYwsIMKdmOKpGN3p1DRO0FgN7YmClJ0itNIYmc1bq6bwFoDQcjkNiN0LwAfETLbJVHnDUKcO7PbGzEh+L82QV0IpLpGBZ7LrvUVtPSwGtrUe1ywkLfe9EHhYa+5zWz9awxa5UAU9Ar/wAGusfc7O2GS05LkibX3mU25E+csP8A4QFMdtmzzjNvdBAYnCTgcKUrLzOwjeJoLOWqX6xz8w0BMIzXlFLCaUoLQ9i5peQ6JRi100QKxuiM1+dAx5mdYmEwTGF8S7r6SEK4dEzNwT3kIQm6hijB9oxMaxK1XA1sWNci6CLb14brsvmavxDt2BQErCGzfBGU6QXcsPCkKIFF1by+JTIvKjGh0a9Ii6HZesRr2WAliQ4A6OKqz15XjtwkI8O8e2J538pUBm0S5dS7ly4MWLFlxBLw95etyaRnilSPJIUIjhfIgANfdsx31ORXDVNq6TEaXfWrEnC3RbZd9mFqqtXYDo3DRBJniNbZn1gNvc1m0XVx5Vq9C7Yaf2plTLOsDms81tiosDTY95t288DAySkylSnQQBOvQjGhYyoeCFSPAZcKS74EtJlBfXHQzDiHB4KohVbR0foMLMO54l6IpV0jhH0ZBQV6GdYWVhdBLvmrYtUGRTN8hAq51r4cBHkgZwBGjA6Bs9VMwKh+WAde+V062Qb8BDwRmTWK0xsFnkj+QBdqqxsRbMD/AMKgC/tn2kyDjo6DJMLiLw4mi8O+v8bDX/iu+SN0uwc3PcIInAq4LFMmcjcJsIiXV7VHKMxNFIuqIZTxBCKRJEo8pfi5gB+kFQqdW/5KoBGjXGN68TV23YYqb0DaHZTM+0gUMWe9lQnUsY6xyj7/ALTAU1Q+cTUWYfEaPtrwh3hSdzMBzoPkSAwF8ktpgjj3sYRYk5GRGZhLW8fuKKhpVFoNXRi7QNrEXsjRZSoG3VWiEJZVCuIyk2lmNzMXU0ZpWVwfWHti8RUJren4s0u/yntied/KZB+9wcHgrtKWGIssk7xAwS1cQarV3i4BfN1qbMcXVMFukLi9ItpT7xgoaS4KYXZnSO4zD0BIrLJ5uZQIbAplsPmFRUNRcT6Aw7kFOx7EyNVQEM2fcgpWvpyxgS1o6xHYB5mLmGZmkWEuECVLqO8zy2mscuIcMsxzKgLASDDSIm40kq3T4oWIBtt3NooUDtNGK6IOosQiNULbcjcGKuZMK9gZYQbDHusp/MeZPykhPXaErMEXhpHX58Y3+9Dz/wCEzZMrOv4fFxo8sYip8psBtt8+S/8AEwKOmfZhflHM36o8B4DvQNWLuK8rPMcWY5wdzrBzjDAgbWpmVOTeasvDOT4vqhBfoIHqWZzLvDQE7EHlKxpLIQnaUj0oRKekckpY1hXD3C0pPc/hy0WzzLldr6xQdo46A9HVA5IS1jaUMR8eJ33hLpEH+pSf1YgiICch0jisGmWW2ejDLRIDqJgjt3IpGdLVmjkx+oi12dM39TiCsoIta+gFrNaGaKLNeaS9t/He5D3uLRFUt12vx3zE9kQV9mrMfs5i+C74WgUR4HMeBmkgBN0jBRwndkYc+BqVo3RLW3zKqpWdYrjH1lvDQ1St8CBGAYLo03E7QGAypKYCzKLXyMtNeZJ5cTEwSYAMT5t84oPHKFtg5y2u5nKMOBFB4LRKERi6MqVNJkqCzA1ZrAhCF1sdmr7zOtYpo94BIJsbEiw2wdRjRecS9zDLPNeIG/zYyXTHCq3mtdK4pOpqrPbMvzKbpMwEugr0qJv4vzP9Me0P/Dyp+Wo6nMbkzZx7+v8A43O/jJklvdJ79BwGaGKlZUdAjqBfAzNQr7zTRLtymG6Dm7xNIAVcxzKsyoPCAGCO2hkaOaymISVTElRKg4KMKN4/PSmrF6/G5QHG4Zg2h9HeGGWV89ktjVqn7PEPJIyGERpWooYw+/LzO+QFgHq7QikeQF46hvGU6dRM9t3CLTTDBZkItbFgZaV0lVB0ytgHXA9plqxpVPPrEzboGcjGp8D7zEzt8ieeqVENEOB9xNDsT63Vi+zvAy51RYjf4FizocGYk2I0bnUVegY7zXKUqBKhBAgxblsuhEt1XzqP2WiyvG9SELZGTFPeNxyMTZHr/MtKyajrKyRqZW6qeIDtDPQDnKA2WbrJAxO/8xsCJqMFQYMHgx04DeFQzMokOs1gJ24ayqhmYQM85ejFHwYPVqjuLAsAHsrleXP+BlGJNHR2ZawMBlrD0A5eSNtTH2MP3Da4GL9VFd1jmq9aVHi//EGn0ibXNuys07Ijz/49h7YWfuL03gYICR0gNyKvAXQ5mFAbjbWJZ6GK4G2iN6wEoMG20wYQbbRVBFZCusL3K0JuBwTCl8FfKN8hFd6mWscxgMGgbxx+JEroJd21FgjdaRXneLiZvqNwmth2R2ZfoMpKhKHh/wBJWsybbsVjqstI7Ui9Lk31Bj/GdKBvFXDMxaHc/qD0RdMvPGkuq13tSj+RFGmgYPTEG3rS/JL+1fqkSkWVAc8OoLBCEzHch9An1urFXC0004a8LqKXGKoriyqAMCcSbGWKs8jHR8EBJ216xpLg8DgMBDYRFtSBK3ZDsZfRMQQDe8DK5vUi/VHblAaJwhRX3AYJQaTqMu8AN7mgwkK6jTnmgrDDakhMHbYyzgS42qaNwVxUxcuCQdpo4LwdYUStaTeyVdjt7h/aIf4klTOWs00suB/4Wc+Q+jSld4nd5X9iF/42dQZn7jvts/ZicC4YZwljjSR9DDnNY5sbNQCGg1iCYYqKmF5zDd1rFJoSCzEapaRvcWogwcW11FlyNMVKjVTrImKg6YK4B76MOFzD9NUQRNSqg1tYN/dylW6y7cRW+WGN6Eykpjjv/tIfYUJehu5NbOZFUovKt6GWAU/vS8wmrv8AbvGtGGvIGsZiVy5/4JpB6dB+gqYwcBDsctZeyLASnhAhNDuT2B+p9bqx1LbGDwIuOeDFiqUy4HLkMvjyOZT3XoRE2Wg0NXNbkDMGFWlyCatr6xagZrKkG4WaIgF6xHekv3LepVS2vxIkutTRVXFhddt5pNjzq9Znji4lKUJUdD+4KKjSBNo1CzTDFFjtG4HXN4WCWPtKHCOt5fEFM96kqpcOGNPAamXA54Bc0hwEIoxKjI62Sh9JPq2P/eso6z5SKEaOxKU5/wDk8iI8QA8CoYyVN4guYNF1gbcItTd52tSlrdYlI5Eb/ZKopJriGF8ksSn0Ic5HM4vhEEeSE4wZpUuY70hI5pbdakpDylQMZrgF5Y5nv/3+IG02MXqMckybkIULa0eURYhoajFjeV00esZxUjk3gWtThrf9IxnSu/Ag4Fre2qVLd77zfoRBTV/sGcpA5UJ2N7h1L13jhzxDsMUZu9K5TSUHA4fIRegfqfW6sN8BTgEWLGFqYI2vswQmvN0lsKqawTsgDcSGVrHOIQR6nTpGq4lVh1TvUoN8yiDUYLeSN/eATUwBWpc3pGY0OgKsox6qnGx+ZZUbIiqs5jYgJgpTHnciGkAp7x6yhJmWgl9IUUHnpUH528PeDq7JuRFwIpTrqsXNCKGu4jlIiTzjfDGxUakCpcoRlHgkuyWkW4Yg8KlzWNEJXKaKwXlcgAaCOQaf/AX1ek1T4R+p7f8Aksu9X6wxjhNLGtFMqaywAWc4A4h5OkzDamzRgsLliPWQGq8TFjcbmcMfnVDhSC+kRqN8ww8towjIqIg6ILuyWNwbVKAxMZGkYFd+OJ72PA4/9bpdNe1bRpLGx0iI+zupfBysQwad3+zF2qJoS+sshLGFAtDssUlhazlK/IydzCqpy2ywDRjRKxKegaSO5cGCZ+f1HhjqGaRAKDgcPkIaOx+p9bqxQUgjFxKql+tUdcswFJ1bYYqgzmnquFZfCmFjsvBLQg6nJiAqUaR69VpyRu0LbkuuWMDlIovOoxZaYa6DrjlJvMlR10oKorPXYOqxSPxTrt6EbGG8YAt/9KHms+IFU8zOwqvszF9416NvoRZU7My5M4LuagLrKGHStByQhqk6y2otaMcph0hdKtuyFZ28QutfrP7G8LWm1lQZR2SHEMypdRphrU2qVUwQZSUy99wn/wAC7rx1iOEcftY/8ryxjqwBuRdbJqjc0S80XWtB6K6VCV9YRheyG4aiqq9nA4AFr0CUwIAeRK3SNXFnOKSyLuBAP3NISvMTuCCASqjXENlSyHBUx/WM9/8AiS+UtpY3ISDFWsjKkfRvCKPolxdgV5POhDDF+E4CAR3QEM0t0y0eodLh90GAjAFWxLd7A5nNRTUIaIcDhmOqQKHY/UE+zVjqQ0xY0RK2uBRmELtQ8+sL07yq2RuYZYKEbEw03mP7kEm5d3vMi7cm0C2sYGtznCU6Y10Rb8JOccVTqRAlxvDdWaC+qQelAyIeWEUQa92I023KJV0LRgQcR22wQ9ER1URir0v1ADDz6MJ5pvPHoym8k9RmOT04rsw7wqEO8Cw6K6V2jjhGdh7SzzDJtHdmYyuLBtbby9zie7ujV1mzGQ7+UfKcncjk9JiiAdeFy7IokGVslVBlXwG5dhk/D+n/AMHWjl8UGhwj6/8A8rB3YepHSOynpLULJ/t8cMWzUdQeYARJ6p6Q+h9oWmGiGjNdyAd+rN0Qhgs1s7iYA5kvobiF6IIjwnUShlVpiS1BwawAVwQ5U9ptx71CMwIVi47k93xv8KHDoxmn1HKWRjeYOdec19IYyPBuRj5VTm7R4xW2kUFB42hGbbfG7EJdBg5IBAmnA4aO75TY7RX3/lBUBYqwaoBYGIWlc1mwt6x+8Hqlgra7lCkrcFc+sKg+2J5uDgReNYFoEyQ7keNBtMqNnBbCH3hhVUQW0NoYLsy8SENrJvJDgZR6NaG5bJNPxrljbMPclKY1go1Nyd4DTOwhrAmjcYnUQjUJdAxsMGXu6QQUIHclM6tIrT8Q+80iUPRjvRS9uqEmoMs9GIE789GeVGw9ph8HXQwDNTGpAsKEDRQ+kI14XmEEOUMS7mHC4TmHd7t/+D+w5cEvYsF9L/y1neW/bvFSLzIDVmV3PYwNCoN6Os0JGJibZiryQhInul8XRNAHQwluEvkJXGOg8Exo4CC5o0eZnA7CE+J0mZPvmSQvriMVS+JmMs2cCDZlz3X5jBvDpHbuaxsaVs8WJHkekOQgwkWALdpbba6wqz56zIYxANHAlwhFhg2OxPO/lNvOXoViL62SnSOEnoEAWXX2JjWsY3xiawyR5kq36kBg6DzxOrgWNQGVNp9jcMSPfJvLNNHSAzYqY0dvbujxaFzuIhpFKkIXSQaOjBFq8khbF7RGGozBzs76hrIuzDSgu47sKZQnoYaSg6dJROT1Uwmp9mW6dW9ZaL7w5TtMv2Z3e+GiYwnT4lyDeonZSqa+lowS1jLWcMLl55zYf0OL7yuNGmyKpTvCg4qJJPDLGEXBg8RmJMhKgDvgmjKLsQf/AAGfTcuCXt34hr/yqzqf/JiG3c4BlwjLsKNn3m+D2Q2j3Q2UYyuUrMcxwwJ5lmoL0IxtPmQn85iZkHXCG8HpbM70C5Ur5lZoO8QDQlZhwJEM9c4e4/O+Ay7GIdRs578MEjCkLwM3EsNTyIrRjkRXWclBBDiQ46u6NjsTzv5Tm9hGl22PJmkawI7xFph1Qz+KEXZ/0MZOzYbMtWS4kAhFpzlmLaxyFY6VFdYKiS+HqEmhtKzvLMpM9uB/6P0g1657h3hWsZnSnxDeoKXIzON2e+bnUbqwY0BgbpXSNNaj0jRK9Lg7Qcsu6o6VLEMMHamCP3YGI9zSAsOdzch1Fr1EbEAc8klyWrvSIQG6Gi7Ii1GgoCG51vUyKy3aLulLOs74ZuR+uXydGAEFRAw7DW42YnKhqRzNIEGuFyhg1Bh7HZ7Bf/hH3nLik8/rZ/8AKZ7J+Eht3I7fm065i8hXZqH7qR+UmSbgecRJc5EUbRi5iMTqlIkDixY8PecMO5Lly/yOMs6gfmYJTuXNqr2hJY7DgQbLll9Ue0HJgGg/Eg8VnujY7E87+UtkKlxGf7NjebGJiOUciJkhAFhkhRXfbEoQZWjHvgRQ7z9+KucxKPh9iSqa5xYXowLnX2lYx5znIPaaoWsHUyRhhr3fN6hFqMmHJgRoI1+oQ7gqVAt2I+GA69EAC9TEYtdXri5THTn99KibY9/wwtWtZIEOaQdti4fMXnzu3Wc7j01NEMqLOUCw29SL8NkcQpBtVTiJ+6G4o2NsmzGmNM7L1hGqrVSsuEKNipqx1ByRffubyPV5NXqQUsmTWexGob2bWJXC5c24DGV3Z+o4f/AZ9Ny45XuL5j/zU8j7xC07zl+F/isUdaX3lTUx1z2Mw1vdNDRjNcTfGOakTF2ijgpfBeMZ60S+BLly/wASLNcOAlszvgkLNJIYl/mRJ7mDQ8Tzv5TuD2Y67lGmAGSK7c1/qglc4qCZlFY0MBeubcZqyeTuELG6N02ZdCmdanTsnNVitYjrKYmrrDMX2ZRlM48m8bSizujVuWVzlrveV2tr2zqRH8xs3JTWVpCpekxW6nZPPkF0stIi3d6RC2nnKxGhW6YPVDI7duUuAXz3lGMggLBubTly90grkF1YHCh2R0ZnSyVGQ8Cww7kdcA6DulUltXC2ssY6DuxGxVJE+mBiL9gkhLWO877bTZhgn0kwQAl13SHNjMaAEMjkhQoZdTDkzeVG4LwzLjz/AMQf/B+m5Toyz7EV/dw/8x9NOowWxMLHicCWSyWRhLly5c14m4zo4T54GD7u6GzSdyJ0xNk3FNThqOBXDCCzHvn4VKhwuXGEuDLl8L/G+B+FwZgyKwrkQ13/AJTHHYbkVu4O1wGDLQNM8Ouiv13muyDkVk5LQN79sLqzZ8F4Ar1THVTsMzlV/oKPbhiZG+Eu9NcorLjFVMdUrdeJ8ZaqfKdp7x2RVh1N87y25SCu2a3b4mIEkELqx+MXXm4enzD4pfbIzSRFMInmLyP2tr0FnAiuyC0njDM10ZQgOy1vdL0qx1/aHbINHoyqFZo5woA6mGTmiBTLNcH90dFI6TV/nrZ84X+7JooFAR9c7bWJ8/8AWEto+d+EfXM9Tnk/WX/jF4CJwGyD4D311dxP/g/bcuFQrtS/p/8Amot5eWuiQWNC/KPgZWNnJ1s+spv6IX4BbGnxx9v+0+3/AGn2/wC0+n/efT/vPp/3h9P+z7f9p9n+0+3/AGn0f7Q5D77xTqH76xDko9KfuA6Y9bQu44WahEhx88b0nOkbSNtPlSLfX+x+2H91Iv6/2W+n9gt/p5/Hu7nl+/mD3+nn8O7jj1Mvb6+Z9n+0Hv8ATzwZe318z7P9oPf6eeFK2+vmC3+nmK2+vmJv9PPAn6f7x2OFJ6YtQP38zPl1eZf41xDhYcKqVwqUyuNcCVwqVKlcL43+NxfxrjX+F4XLmJcuD/8ACw+5iNOXtH/0+XLly/8ABcuXLl/iv/CMuXfAZcuXL/8ANfC5cU4lpKp6CRc8Ld/f6w++/Mfr/wAw+v8AzwvZKjsI/f6xP7vvL4Yx+9wOzZw4esH0/wCZ9N/cX9/3ibn6vWb76PWJ0+r1h9/+Z9t/cv8Ao+8o+r7wf6vvH7j8w+w/Mr+j7zZfV6wT7PvNv9h3iR9HzF/Z94/cfmK+37xpK+31h9z+Yfd/mYfr+s3f0+sy/X9Z9G/co+p7xTT7nWH2z5j9s+Z9s/cWb+53irfud59WfMPtnzPvn7gMP3OsPpnzCr7nrBPue8++fuP0z5n2z9z6Z+4fTPmH0z5h9c+Z9c/c+mfuMdBpRYkP/glE5/BGjD3j/wA8juyvIadZmB6JOQYHzCo/oTey1NXTvf1N3dR+uGZLvCkH+2/2HyevhJV5fcz+ubAdzzIx8q/uXaeq/s/7if8AUQ/2if8AUT/uJV/RP+gn/QR/2if95H/bJ/200r6iLmPWRPT1kf8AZ4/7v/Ypr6+A6esiuvr/AOx/3if9xD/eJ/2EP9wn/QT/AKCf9BH/AHCC/on/AF0/66L6+qn/AEkf9ggP6J/10/66f9hD/cIf7hA/7o/79Dd9dD/cI/7xLdPWSz+iNq25y92GptZlI9YyXFmTDHPAJqHf5YBlwHKFxhtzNYYajnjgLfgBqzeJEzCCSaz6ayxNIYDDHk4VEYuBK1WFJwtczW+0wJrCJKgSpUwzNdpqlQpBKphwhBBwXXKnbP3Q/wDgivtY40A3u/8AmrxOZ/bxEOpFpZOn6Ym5J7zkF4p9Zp75q+jULqnZb9z5uE/tw/YP6qLSPZlPG4oPESpUqMCCNpgSuIS+IQONSpXB4EuXFvgH46wItQYvAIEN+b5Zm5CsAy1RJeHgDKtKjYqFMkx+1hlHND3hiXSS6ghhhWJNhC4KMKbobkVcDh1D9M8QuDeIBggqFEq7/ALgSoAzEhFcKEGpaELSqg8CKQXN6RT8Hmeb9lQ1/wDgivtY4UfQ6Szp/H/8rMBz+EG+GJSMWmE2SMG0Rd1XUgXN2QgBQZcvgcBhwqJEgcEjwCOmXMxklOB+VwlficL43DgPCuJK+/8AKC588IbSVqc5qDHTvC4rww5YLpMh+6gT8/2ZtKiZwIZ8TdIN47wwBxMLTSQ5Jmio4LOSOvj95glRYOsbWJqjwGiLcN0MBwIE0nKJA5SrYSyEwYbmUqC0UhDR4BVhcypzI6vfejcP/guvtXGhB4/iEFKKyhyA1cszfVQRTGQp2Qf87KMRmx12NzZNdy/aQwO8N9Wk1udKEvFy4calQIFjhSEOIcAhxqMqBHhUyHSHr4b/ADZrxuE0l8AgXKjKjDgtgSoEqVPO/lw/BeZuEM5gwXcyxExh0DaN3pFbr/izLpfFYaZjrMargBQQJL6QUhSyioY1jXSb8LRrBBrEaGVWFicpioNwhbxG0ILxBNGUv9RzUHgcMuICWvgTMIGUAgITMuG4IRVTOaYHFQ//AIPrH6VcAPl/EeDlxjCfV0EHfJ6Xh/nZYHLhC8M1IeD/AFLF97T5ua7E0PlYn6VL6Snvij2uezpy96mVQ9keBDkmVwBhJIxQhKuVXB4qcGbsWZ8FweFf4jMCXUeAjxrhUJiHDzv5Q0WMNkZVNy0BZTrEDin41KhMP4UfiS+BL/HSaIxSHSyLKuVeFWRwIQJS7OA4quZQwuEQgIlwJkOFSOcf/AZ7znQhpd/xO95Bvjj3KMn5/wDgxnVQzWGUUGGp+5E6qdyaSQgRrPeUDL93ea+zSbuehPxmGF1f4LKzvTh6xshpbxhBxoMUGGYzDLtGBCNXp4Inaug09CiKv+fxB/x3w17OykbPRKi9Fm5ud+JFE1/WYyZzmmrYwVgZs9JUZ4aQENhrkvyTp4L6xsfBpNNf5K4hQITlrAh+4LosHDoWEaNAoQdJ4SjJ/hH8Vr80LlANG/EHguZUMSoEwWUMXgUIECJjjWCMyFKmAmedH/4A9EcxhsjBk3q3UITpzg38ZRc5jiA808ySPuAshaAwsiSjTWlucUHS+aM+rPP89c7DU1dBgbJgEYRqTVIR8knM/cuGnuxRhMMMDzGsh7ZnLmkOriCSTiUMIJJRl5jm/mwCp0AtYbR+a/IIwCxAZwjzVQDE1ZSrQ9InwpqYHfhXHPFVF6646QWHEUb3lh/nULvsEXzAPHTx+HnfymcHQTQcSkqoRl6fjg5wigwYbXUaW7BI50/vzCxouQPuMCozAiduhSkdQe8em01pRaPfaU+olDoFTaHyb9mYGaSqFQW2sI1qvOg98E2Agpo8k78AKgterEKGF0pSqUTNOFsLlQ0AgEy5tHkozUIDbzUCMBm04utk2Y7xotyEp065+hKlk6opU+CBFNVikrlWpMbHBTVV7XKuPTQHwUwQyoq9rat1jBHms9oOunuquiJzPw62CVMYgxFBrgGYLSIrLS2oNS4QXBcphpwBxGgnL5afMP8A3+64vT/f6vCGdLxz03zT5mUf5mdcXsRZ7cXMAJc1lQSpmImsn7gGNJXe08oxzHeD8yKZrP4zHUCdypbD4OPCIJULUMd3BFVV/wAEhXbQqcpxd5u9CW1YMBv0zIz5Xu8ptGNfVsDiX0jEVRfe7wlsWC0brsscrroUerRAB9Oc95mQKW2SO2SkC110JpJ6JL7y3Trfp0fFxEBa6BlYQIw/8FYSNDYh9lgG26LGZaHCApNdlg3sc3zEy65Ff4Fzdnwy+NPf+UQWxgDwkqVtHT8PueTH1AmS7G4JK5qINhboIizVh1vPe/N3Co988vGYd2E2OMuAdTVX1YERvgqdluVmTtTyDbAH2McQ3wBlGF2CBlZl7pSShbp1pF3pA2uv6Yj4NaeR8WFQMofH+kz7PhFxprRmdM7OxUHSVH0vmxeKHuBCQN15DMsJS470y6iWD1EYFn1o/CguZMmYcFQxK1hpCaJwLEcZMQDKOAmIEOACYpLFMDng/wDf7ri5v9/qxWsC/p4cGE/NxCqZqTQaULNn+VjAvMJPTX3jzB1DrFhA8CcUmMm7AdDgw6SaMD2EaA+If/cIfWezA8p6mZgwx1obvKQHU/t/wjZMAq3xVS66CAoQ+ZeXWZ9p8QnVQwsz2SHAGHptgmYIcDkw6whZAAadR3cxqSjaz5uGOK2GmKi2LZXqwRl0YhCaMNxPBo3oG4EQ4nSuVlbqaUWRrCSMN0UG8DShg6Zo8EEfSltDdYhKyYImFN2G5zX82IPmfM/h5H8plw2ECGXEqvwd/Y1ifglBhwNQihhncOLykJ1lDu6oSuFIC2hYQGpdlDe3haiaulIhBcixfW3Zj9XHB2H2ccQ/f6wNGAGDlrdhlBIuZUX0brym+IZ4T9YD7/SYIzcG5WBtbeLqBAlKXz7xWLKnepDmNV9qTAzw+vRmXGWZl4olAgSrzNxjgCHJANIQyEAhR4DWN2JScBAqEOSBBW7POv8A7/fcXP8A6/VgxyubXhjK+mvtDn+amA9oz0jhrJXz/ZmtzTWR1XtwWD+J0hiuKNMPos757hTD9Phurcqhot88KBqcCFwl9y58EsTPDAa6kOlPKX/gUpcvNSw9GJB0UNzh4UtzybeU9l+ON0GtoO+BEANSyp9bzJo/fWP7m5NOZu7C+oEUiWioefMRfLT9o1+BataxwX9Poz73kf4KTm3r/twqVBO/8uDZJUZYcmDeeL6gOirwy06NS7kztgiVSittTm7l8SG0vxG+SNbR2j3dddF0pNyIsdA4pit10MbX2q0vZl44w6ArWibNQcn2ZtjuwFa0cGI4Q6nrTLP0uurfI4VTGB7xhGFG09QHwwXUGhwEuXqAmhM0R6BP1Opkr6BgJbdrH0kWppW0YouxWl03EtaJvleEXWReVX5pjIZHV34/BWDqwYMxZuYXU1rgaENHDcSrCDmFmDvgbQxCVKma+kzqciLz2i/93uozXA/+v1YiMSY3zzTulS3M15NveMIiaNvab+nBZ/ysULuW+IvfnvEyEuLwGL+DpPbwuCLtHkxWzjsU+KZ8GH+zCqPkh4O8xqLPcgaT8SroPm5WzAR8wIqX/wA/MolgVoIpuNAuqIpds+B7kp2AuMjdQTaag1GCAgRsYkgKwxDR4gTyAFYD+AWKdrBNQ5IUN5cLUMs2wqUYyoSVQWrg1JT+sYqDT2YdGxgJ3wu48kyOD6ggeAWXAM85rfTrrD8ZFNBhmt9Ouv8AgdCr4GnFc85+TMIk4ARODoCGZf8A7rlhrGrlQLcbRiju02Rv1IvBTyH21gtGVRLqXoEWhMqlnBULDi4RaHBDgCVwZIQ1KslLeuD40/8Ad77i+O4Jkk0GUTUxcLZd6hrbUaDQvAYimjWrV3beFuTvO1F2CpUVZmUAOwO/ZlkFS7J3awLdtoWUA9P8ipbtKm2mO3De+Zb3JqZcGDF4BlxY5FdtHIVM6n695iSOjcZXSYlRMW1I2bkTp4ukNo8Ym+pBngDilL0dZbCH+GpUqMJXDPDPF4Vwq/zuO6Q5Fh4Fgy4q7vygR7WVWGUQhhhhjJpArfmrkLXQYsALBsNQTfs7jHsmmoMl7iMP0ZGzOwKmFK2xRXldqyX5i2FNTEAWXdG+JITmXD7pmr+if2J/yhQknKHbQxWmzok+5EekCje0Etww8sA9oLQbLcDsTsTsRe5G3dxvowQ8LwgT5LD2nYlzUr2VjiLe353l9Y6S9e0PQQ4jV6kDOezYlEFXZ+UBQvzpU/WAecalYv3mxwijEqBw4OAYuG3CuAm8LT2kqoqlfemr/wB2fe4vLmeuJgDIPhhMkiYxIZimrAMKisxKBmV4EOQZWYGP0AfHy/yBpOfaT2DFcffMulrd3iOI4nAYuahc5h+bjytXmKfCQWfS8iejPS+sdDHO99KIet+w9lmEB2bIVjeyMOseFMQ7QqvLvN3wCf8ASYBu/LCevqsf9qA3y2xpMHoTecL0q9IP+kx/2of96D/uoDf2h/0of96H/eh/3of96H/eh/3of96H/eg/7aH/AEof9KH/AHoH+2h/3of9aDdF2H9IdEIb5Hjgq+Aip5H8pWHkwxtivgsbMv13qyvHUpTlDlYKXO3qWpyI4akOzlAGr0zZsqyJnW3QBeM9yFvi0uRsp6KgOaMtv94y2jfVvD4lSLcWJtzSzJPYzT9OY1Pbh9jNXHCECBwBwMog5J8G5m0c5sBsXJSfTNIVyfQh02UarR9NCNbG3cP9UQ5Dtx6kCNc5lJjK3kS6UXZ/JgtH0Zna/Ou9YvS5n9iVq6dkogOYglR7y7hAwNSJVcDOJVzDhkmVOAEYRv8A7R77i8/l82b1RC9TgWoyMwez3xWpCFBejK2cTMo/xqIV0IrnjsR12mfNmPkj9ePLuxhwWLDgs+LHY5EaRCc4vZfaL1r4ml+tUDopPWMJq80XNEH07Q+QP7zafTbQxx66/ow9jlXqSoKrlkmlT2Z2lxuaxWpGL1S5v6Ygrr+FTSXxqMCMrhUDhXAYwQJcoyyMuVGfVzGDORCFbhDEmsulehF79emEA86dOcKVLvoACajdy0YQrq1Qe1vjmIx612ORwwbSwm8+mDxL3TY2LD2A0JUqXaTCLEJGMvgUfTmNT2gv7eIaWEouAg8RxqBDGmIFXfhjzVy4UP8ApqX6b6/6i74VfoTTY9K/TNyPK7PTKCKHuvRwy8Fr7fpKeEvT9saodaX2UsmgA0/V8kpQb72asdtrlp7iG0p5T7cAhhizmYCmGYwlTn6cCOWKTtvAom//ALMuOeHDJBzVPbmLTYaGLvfIsppMJo8lTVDvXQKV3XcqOF0ypEBPAx8BWw3v/HVia6wxF6DDfmn1u0dd2a3d4HBOBwNTPwRohzzF9Ca1nL4JmhHljQGmF3rHZEL0RCuUdCdYLLtA3zIvtN8yxiBdMuMEyXRaYWfL/wCwJT4p+izank+YTIH2NxKgg4H4VxqVK4HhXC4cScWFzSAMoh938plAiBgUuECyGiMP3b3oVvDRDVByvNdER0ZrVw726vjSChtXrsvyxRWA8xUY1j9mxfpLErI9ysdT6Z2BZeVfqPpMxoCeeBcPSzXPfOBwZ7GYwnI1wqDBgy4QMOASocO0o4cnKXa67HxVF+hh+pJb0Du/EGFvyX3ZhhyjzL+GvaVXqtfUtL+Ue78fuiVH1Mft2UTGXrk9R7DLK+mvmLGVIYyNnc34DWYtbzKOiMGraOOIah4duAj8IQIEErOT/wCx7ri8P9fqwR4FjyFgEkClOwgIa3xxAswfag5pkM7TFUKNLRkGro5wP8Sh7aRW63Bn2GZefhOXcjrwEGPA4/fEpcozlolsR04jOKlgQVgErYeIugxKYGb1ndCkUlwsDtivzZqCLJNJzYZ09poe9lzYR3QDYDoWPe4RVfN11YkSEuXDikw4B4MMTWVEhxq+EtKNIo4MpSEd35QVPueYQJkjymjt03Bina3bIL0YGpRBBc+h5m2QPi5YWT1gRKKwOQbS/OJvsjHzWeSv0W8IIrAWuhSSVtMnv0o5iQUrwtTM+4grrSNfc4Wdd/40fGCCCHKNVEx+n/tFksl8BxAwYMOJAFNgD0Y2pc31w2SPv1paNM5QdjEr9E55+Dl7Q6AvkfJ8sLDng/3KjLXL/Q+8ECm70f33yo6AtPR/kFxZo/y38kwxlv8A8D0WPrrNoXPNDLhBTUgz9JcvhcSiamkHmTU6/wDry70eXCn+v1YiPXwYeDA/wsAGaZ0D9y5cVdiH3YPTnHoMWUv8SXFhmo6kQCqDVYkVvIFj6CPIY4qgYhGCF37MU3UIicMb7ShYQdomieJ8r8xVQdI6tsw0OjSbdy4Gt0VQpY/egNUYjSCVAqMr8CHFVcFIcV/A5yh4WHR6/JmcyGmJlVy8JCs33HULX9eIQZBchD5LQ0V3giedeMnvDU0FcLcterBkh9MC513TsnwQ8hQHO8fuZyOxnV81p2So7GV+zia8OHfnW8ZvLzMzHu4/TweXsz7jlD9XX8CgggjxBpD1IEs4CCCLhJIwggkkgkgiqPeWsslHl6lcS/Q/KeScT1r0/wDSjLbTc3uWCEmS79vk+Z7+xH10istv2cMMrImtFHVLQiFif82mHY5HojWHijv++p2oYF9NYUHaDXBcGXUM+TrCIHD/AOlqAqytGcEuUqGrfbheF+3VmG0nRjSPiB8NAGx/zXW3dLl8H6EU3s50O5Fl43L4EIqGZdpMe7hZVQ4g7wiVTa6xlm9ZbSRdFuabHifMmZAaG9w9iZNINx2RNNmLJ9jqzbegVliI89YuyJsgVMqhymj5hFhtMWED8alSuJDMYY0lxmYFR4UwuYxlA/rMx4bGiEFNSU9rfUCJSnP7iPTDgycCmPUIADRm99nSDwpGPRyj1WoNluKTQR2U2+GHf7s9HeE926SwOQWMpBgL3AX+MMwtVg7i2/njg2TXmRg9VPYYa3szU6wHuw3aRw4Agkg4g4ApDgFYScAk4GMUwi5CbvJyoEuSwcab2UwQdkvSv7pnz+q+JpOy9hfXYPpKsPbk+IDvaK0Sa/HmfYlJ0sR5lVM7h7IzZuVfkUTl2bHtGIJf0HSvahOh3FechpS7xIRdNRKNSDf/AKEBoeZLvHy/U3hzoMLS9ckXWy+i53lsSKcrnZifKcirvq3DVyYWaAn3vj/JsLcfsRZcHh7bhYXNILLB/EgzTNZ0ShSUgYVvrCY2BCFNgnXYcK3omYHalnmhvAxYLhNncZj9GsIRWWm4rUINCTTxiGNIVTDvTS4Mwl4g6cFcGEPyGXwYwcCowCBGMVFDPq5lMmhEmWI1lLewiEOj2QSxXI7Qka4JQoBDuIRgafd/CahHZYix8kaC24BXrW5LKdxhjYrXRAir0UsFalFy0ZJKa7FQ9Wb0cO5hmTaFGmKgdxhm6HxGr2CvpC24OxUCOnaaOFZj9JntkNXclxPP0hpcPUcCsWY00esqqMCmGEHDJJOGScecSS04pKkVy4CXTG9r/oxb7RKyzD7N1DwCFYHZyekbWF332kuVV5YJ+DRmVQ5kPo+6dhcX8lR6SUHSNftlCiVkSpa67X/hK6rNg+HPrC99ebAHeA7+z8McJzndfflI60eI+3BhNe11/wDQZygQBnA08nMrAQcyh5gANVskXGC3iqVYMznoEuLka5v0S09clJFpa8kBQ0CDsAAAcgD/ABrKWZZg/bHZLXeLCEJ7Zg96GJqjUwl8GXDgsTKRVJa4ypzNSjDGsYnQVlSZYJ5Xnzz5EYb4FPB95jv6NZXFanhmtydDEGC0ZN5UQYlkAJ7suLCHHQx4CP4ilQj+BCQfxPIPlw/CZi3HnUfbvKNLyoj15a5Fg8MYHRJPfr5HmVEOsCjc5j1GXGWqgLWrQi9MEkFRYjtKT0pZ5rt3i0AAPF7nhJT0qAoDbyGO50lEywNKXENLQ3pY0sSyLnj9wibyHi19cpoFEwpCSDKe/T2iGruTVkMRHhMltqnt4LK7L34HkheShKjNBILo3CDizhHDZaRgbFAiGBsrFLO5p/mSqpj9DWZSjwBCJKx0Udg/SZqq+h3CSHUB9Sqe5G1rN0h6to8pj1k6GXzkIH1Zp+pix0aV9cMxZHY/Rhrlv2dKfIxwqPKH7ubEsWikFAsgC9YvHYPNuQR/82Xaio3HCXExVeqTbXq/kAAMq1YzAM0Cc2bUrMBjgP8AFVjL0P2xE9rqxiSocPYMzRuxKPa/SOXdHVh+JwHRwMQbE0gatC6DrFdFxzlEahOgAIGqnaSh98MGHjDgxWnr+5p935gXRWiNTSXJhV1bRbCKewx6usGPf5cGEXgW4YITVlcFSoHAYlXKEYQl8AcBGiXGK+58pVMsm43eBCq4a+Q6eHSUjSIa31QsRzo6awlWAqGmHLTOsfKWhnlrNC1ZjOzcfSHIh1RkvchkGaT2EBhNrI8nzEGK2fJ+o0NhVFaXIMVvilqWB4Fu5xxeMKc0HOZqLWUFntEzGCorZ71PaIau5NSWUZUIJfwdlbae3ozdQ5MEtL0Q1WRy3CiiaA3CCGK42ihkVE9pEC5unRcO8d8Lv6mvAziilGrOgvxBtplvLu8DvEBgmff5ov11iwy2x6ZYK1XXXpwuTP1F7UDWK6+sr3hAaANWCp1pPdawtsSOjPz6sCiWOiS//Imk0SJV5pri23WTS04Tss9nZv3DqAPObsTayqjZyFNLIoJWwMP8JZYZfb3RES1gy+Aw4e5SsLdMlMbe1Ay2IQW7cKpwbxMw4vGpmTXLC1Iff3rE4N3RQNl8JhCkeY0ayuRBkdYbwJBapDcEHdxOtksK2wW+X5mLvZfmU9pFqzSU6p0nINeBV3EVw+f5R4vATPAVmN9ZUTgEtJrKlNxtMJVy4MzZd8FIJKSs/WZibLbNxvpGeQ1L36usQaU35jcuCUE7MGl5kWfyWdC7WqtSmzKxuisrOozot3IPPI5cpW9iht6uqXrTFQ+1JgwhFAIYVgxEmLaP+gwDvyiR2o72Yd2WBxLh3Kms2ZOssESgNoFGlgXB4cVZn3nCLV3OHmzs+CEEkZcJwcocMjDdoyrUSzvsEawTYkMas19ivomnXYywXiO6lPHWx++uX4JWCbxoLDkmAKlyGb82OQXu7J0Z7zmejEJ1+blDT+Qg8DgtxxKJ5fiUQ0Tn6SySdg+YRpHF1yg6mHFy+GNTHqy+erqe72SUIN26CbP/AJGCFEbf37vxGqFuFD9QgpdDGqqvBwtrCGR2v/CHgCWnf+ZbJYtQ4Q8Uh+kwvDn2vOKoWphHg8Blx4muWBWaAwWO5nwMwAw01eoso6xjFJbrZiBQ7rX6hph78x1Ezwzc36v5DV9ZCZ1D5uGkiz+mWXyTe8bC0qwoYggcIA1jNO0NEXVBrNHv8oxdxIRIfiQDrE4Jwuay6hbNJSYRlmjvNRHxNlqcmTON1cBB9UJbSdSX2TLCwf3RdMLZWvGCc2qPJgPaBrUdnqWSY3qqywvzyTekUxfpsZbs32diFeIoRXl6DPgisOY9fvXZ3jTrxH4Zm16gAhuwEYwp02whNPRbDJNq9z1NDKJBlg9ZMoQZ7k0ZOn248BFQ4gSfgNp8k/GmvDF/2XEDy6mJyo7BGT1dg9UiS2TN+oC4HU8P5Zujqw+k9m1YFNXB2FHoUQsO4RX9rDxnCDAhBixmn3c1FFCVAq2oGMwPAQpZ9C2jSfWuP9yj3xx2e5FEjmNtXD0/8jA5OjWcq7Vo/qMJuQHQ9d52bbRrXxf4KQgkXobvaW2fLN+8HZcA7aMBqSt5KNmHNKG8t3iWtWRWJ2XRl0SyjtcVk6KdTyOAD+AvgMWI5EgzqzzLGkjTJ7k0BT4hqC9sQ7qEW2evWINsToPiK9K9eBXN3iP5OzUKd3sT8zL7nJzYmzzpZy18xh1/5RS8m5tCcilKgfaafdicKuVGDwOBAlXK2TDxFCJgDgGYF8TQnNvEP+JNauNEfmBWDH4naK6+0uix0SrgCwlHZ5P33JZpRl0DVcg3lWb3glHsg9cQuV6t3DFGMaDD1KlPi2yO9UqtxE+IOZ6AfmKy2LWwRyHfpKzmI+NTQrlL9KS7kgHQdIAshcmuQ9AeQnoSiHWYLH66e9/KauAKcwyCSCSSSDgktZ9mbwh6JTxWniZ2oanZFq92Kx40ec6D4CO+FKOKEHgxYbsrgYiesmW1sNXClFVrWW251kAm6L7W0P7G0rh9RRegcBqi/cEu3f6/8WmNGP8Ab5+2KIeX9W/aUMp3v8/JDcDX8X0/ksVIAbuCL1i3/ZhxhOhn/UDIgLjunqitD5xNG9aCaPvBgEs2GKbI/wDRHSX63Cc3iyHB94V8JzR5l6ziah9IuWbwHpHdGTjEyALisMSVcplRJ7RwwAjFtobKk/uU2l/ErUojPlOJMvs1Y0kaZ7Kgmgg3uSlVX7inJYAGBBJX42cFcCFk14BEY3IIX1kGts04+YYgBAlQJUqBwqEVyncIdYrEGHg1nqPMcxLLTQnd012hyZgNqHRvB4bcv0r7on+5ErnBnZg5WufszZzNCI6HDFYO+x5IHpCxBc1bdNxGQxE+iYp6yiYwDYIG5pbm6HLPfoPX/Oa2GcvJmEEOBJOMRYcF9Fbwglir8GaWYyYR5nOxG8J3gc4LHl7P3wUMI4pcIvhdTBug3UQlZYaPKXAlqFa52kAEA0BRGGfdcoplSdGLWF8qOuyR3OiK2owxx8ITbs/8DGSDwgzdaFrbSWFrQCVyd4CzwHyw82Vgb0WDYAoPwuCS+XMODvkfMcCbL0t77swN37ENvWX2ZpE8A8rEdGbdQ00Dk3uQeofEA198I1T3idhwiaQRJgepC2j6Ny3KbwekXcmLbejHaX1jyTspDN+8eZBHgxgnfW6RxL/ApB6CDP65Ya6TkoyMEmCEdlam3jDwqVKggcElQRgk4wM3hwo6IDcg0GmOFpUDgLj4VwY24BLGEEOCzz+uuXVAgWwDbWL7Ntba283MJHyx7mW6Vq0AWudBBw94y0vh1sF99PefnNTwC/R6oOAQflSM4S77WsshDOGVHC1ZSkFStj5Q8VWaUaP1zjt9DlY4jihFwJcuMZ8iPGV/TxK809FhAa4B7E+J9t38GJUbt0yiDcVaL00/8qgAbqBDEnnft1YEWP8AvOcomO5n5gnwQcp6e49m3CzXlK8p0ortExaOwymzNooaR+rCYawuAamDNZ5yILv7Q0J+JZsljkZiRjFHfCzWOLGXPdJh2c+p1eJrEmHbmPTEyPd/FlwIQLlQOJBxLgy2DwIQYKAQEUjC+E+jgVKSGG+BmBCa8AXEUJeYaSgg1HA7uKxjLYvVT7bnmthjCy+/VBwDCKeKnFCCeA+IqlimOFNSZoYcZOMDhaiYv1zI6XGhMUdX8FcFxgwYsXvcF5jyxfb2n7HtwSIz0OeylX7FKUSo3U58wZcXN3CgwG2UZQvqEGs2Ugy/8Ny+AqxHVCB1ZdCj1ZgiMr1ecsO3LtFixN0F/XeGXqP0nAw4MqUSiVYgjf8AC3ljgYq7RPKL7RcYINGPMQbGvPieOz3y8chwYd5Pa5h9msUIRRenFXbwYd2PGuIKi/iIQ4EOIfgEPx3CWukQYHBRgRrgbJdxIQEwxI5wwzOZDNDNbD66fec81sKoWT9OX+OJX5v4il4YIGoeZVfC9LKM9sHAMEzTfwfLFSRfrMXAVxQeFwZcWPzcSq59fyl4+rECppYK7bFXaOBzGFMCKcpXXhkWEI1dPM1mu4n+qag6Qb6BKE5pnsfDBtvxEECmtNxY2Ve7qpXSC6b7LG1CdNeW9Qoqu6EfuoX6l9adP4TX5PNy/hKCJTyRZZ9feZ1wP0kXG5cuXLgy5fCuNSuAh/ELOAjFGZcFthwIkEHtM0u7HFLjPbzDs5p948ag41A4VxISocBwOJwONTSguP2gxNobS4kYXgsWFwRNsyqimUyjRTN0KDBlnuEVw2qGQk7Q8Oh/h4voVLvrYJdHhzrhsTNeHWGoM57YIYOO6+P2xZi988VS4QSMuXFi+7HMDJ3JvjuevH1Y4IntoVdoiuWF8Amkog3w0so3IwuaSkjhxoItzwqTM7toCe0fCOBguNcSHFikuiom6ff34XTPZP8ACuD/AIl4XL4M0kWMeCfs9IsHisfozHs/jgHxmKeHZR3J4VCEJpFhwJfAhLhw3wGXCDLl/hoJ5ibiiLMxA2YVmsziGBXBXGKzNZVRojVQXLNEZwes4HG1hjMdg5TTwhDBf47hgwvRlyc/1SmPACyHHDqYIUW147ToRuBTBgmrY/cwdmZyI+AQZcHiz9sWLJHrFMK/r4hRYmXajT8cOCPC7eFCDAGCrhGVx7Ah6QZDw7PvfJwVdt8I5GCJZcRCMMUWPHkjyz6+/CtEr4HAypTKZUpgSofmeCweF8WaCLFmiewn7fSMMS4MZh2Zj2HxM5vMUI8RpqTHEGXBgxb4HC4cTiS5cGXB4kOOmGo62S9EphGFEuPNwJKBwMIaw1HPFsu4csHrpk/2I1O7jaBEPCHCMEs4n6azN8/0QxIqaZoj1jLm+OglsZNOVzcteGckidvrBeg9YDVSh8H7mESzhwKDCDFxyJfuRhLjjKgD+5mRvih+kcHWMbiyrmkMMngwOAwR12iMK+He/wDkgz2z4TnBwWFwI7pNYJgeSCotnJ+ZRVsrqXbCzy4ZEDsy7FDSL5yU8p3nB2ivJ4HVl+8q7ynOLczLl8BFkMxJoI8NDM3+9Z7v4xhmBAjH6E9o+Ia7MOYHA8Bpdsx4RQ4GIcThX4HE4nEhCHHTMpaYmhDMcdYlwgqVaJmIwxUdZQghyTKYLlGHlmPUXDrW7uARZ5pog40IYIIIIq+hiDF+hHA8AaxYmdw5Zms++3USbE05e/8AZzGcx7SmaQXdPEzGPq5vXhWeUOAcRwGXL4DCKp9xyjBESKkqM9vC9A4YMY4iSoxTD8Cr4JPbEE99Jirv/LLueyfCEJcXg5mMEzAUbmCtNxZJh8zIIO8W13ZDQg7sSitDpe5G/O8QGzsAXALKdocOIkKsEjtIG2eoRmhfMFaJ6wtpM9o9E3R7RG0eVA6+so7sUYGeLlf84PKfFQ6EOWMAm+7IDUW+Dxwv3fwjwHH2E9i+IfRIMwhGH2YMOHMZfEYS4P5DB4HE4EOBB46CYz8GRGGkEFhKzwshUciDBpZcteBIMQlMJWetIMn3hMl3cJI89Nfjwghh4jlMq9c3gKw4Mbjm6boaXP8AVjBSwgbUc3wXLRbk+lnuH7jtYmJcuSyXwL43X4B0mX2MRi4geyjS7Een70jLjL4JcYcvgTSKae0IYy1z4Huvl4L0nwg8BKjYlYQiVHX80xjC4NYI5aITkTxEAnIaJUtFApVZUjsIUC6LF7EZtTA5g0CqAYoXAfd0iRVDFAPmIMdZp23RCJTjqN1vFextTY9joErKXhu1/UvEzvkd2Khd1WjwSir87lp12IACStv4IP7gNYd3nEBypbd5aBX1oTc3VmYxgp6pDr9xNPJoHrTS2g2yMckGXNLM+9+8d9/48BBmsZ7SP03xF6LhOL4sCx9aSmNjf0jDqRG8yOA4DLhHEDUxM6kOZFQEDKQMpwkXBgwYTQ4f8Yq5lFlKlEvwtuJAlQijMas6xamuYolwGYaJYs96j8Hyk1O6XOCGoLgGimyXWwg2jUHgbSYh9kqG6vec0TsNkpb8k53bMcgrg6CQUPN+6suuIua/CesU+p0SHiARBlE/X9sXrf3BDDhqMGtwRAahK4EY6T9kpW5evZmgj+hsmCAaWYme5R49iO36sYuWM1ROBhi8HgTWZRRegcJ4I/W+WDHfb/CEUJcIEIs0/wBr4NwjbcN5HLWCD/ZF1g9JpKvYnVbEaidBFYoitLqKQtGMsVMFaKKKi3YO8XrMTqkKsjsMSeZ24GJOLbjCztuQhU1slEDmCsdUGsVLYt5azIByA47zOD9kFKooFr6QCKy/55NJYDRDhpeAMfv0miHAjHD2T4mPYcJxfBhogTw0TYvzOt8JP+EiZtDWDFLgw4LDKmSOXI1+BDpEB/pA6gwJLguvvhO6bEnvHb+0bsmzYiaBbWWQ4OxwChRLtrHMGkRpWZbUjLp4EBC0cpUutZVELUTh3xm4a7yfU6IFpCxLWguFKu88WIdV4n9xJp4NP3AbCAcn74Y7Q7FI7yeyR3A9fxwGmijpNFe96nX3fJ8VLwgF4F75WPoaSuqukfMMfsmPsd/1DH7Pf9lR9lBGZJXcWszivtP3D7mHEGLPs7sV/a1ht2IcBXAzwqHCYb9WJCy+zMEu+zglxJ1M1Jn2mKz2I6+xjMpgl3GBGPDfA4YxRY7D8Ovd/LAnsfwhCDLgxYQsfBpiEXYQz+16SgqqO2kUqWxcyz1gdhFdSTUvWUXnM2w5t4PSlROq7QEuvioaQgHZALWBuhuEKTKrYEVszGhZMDXBCYw2XB/BpeKIeIJrMZeyfEXpkX8Hx4MPvSIxJ1qgNA8x0XrRc9KABByuYsGUMS4Qa4aYqbrhk3YniXBc7MdkgnQJoQeIs/jNm3ciei+YPY+Y/wA9JrylnfoMRzKvgjw0OEXLgUitJqRY7wTdgkwi3hnWLKqHAa5ggqG7llxtOCsAGmaVgy3UeM5Fuzc5chpi9p/Vrm3Z3Ez/AFmG5SIXY+o95yH0QfBOdPvsw3S+vKY6fQ/LNIPEP7lGqe/zBBYPkb8xGvbI+Rm88j/QzR3an4QPTvPiUmLv8r9gml/YbCwrA9vmsIiCTT53InVj4f3FWg/FfQjRgG4Ie5GH7ApegsNvvgfqJqRn0n0rnPYEGOAQMUuEIRmh7o0xajh19vBMH2ZhNrFhj9JnpUx+hjFjKIw/GYRZnFPYEWWX4Xo35eH2ehDgZcUuXLmUbXFXlLLgWObtMAKoRZqYSyiNBuzL2puILAO9wuuBuLhj2ZSsVfiDgi7yRgckFSGwUWFTELYCVWZeRMO02onDsOJcenFw7sa0IuKE1OImZhwGpcfszT7fiex4kZ8OehUGcBDKZFerhCEIcXiOHP6OIRQrdHaztTAu16Voy4Cu28rpKA6odLRstkbVRu4idCdIRDGoA1CRMmmTMaK3r1mq6/J4VBmhDFJhBiG0paxaBFqDxu4RZoMUVw4YVJuIqGSwEeeZRBOOYM2Y9R8Q8nsP7DXHxT9T+i/sJzB3MfMhn6jqE8v7Eec/XvHkPURgtQev9xfk7sg2noPyCCdG8ID+GGiT2U/a+YvvdxB7v4r4hv8AoCbPwF/UNqPcCK08zP7NKvZcpvT3+TNU76DX/wBw+GN+3X7n6S32Yzs+04XIr3BF/dErzECjB4gKqCaUT4eA6+h+/rAak++qgl+kv05+074Ce0UGVNyLiLMD3y45R4i+t0lAvpcbpcJFL2ER9LT+AoUlZlFqEMDfB0sTLsESAd328H1vPBuo/u5EIfkeCs1mAoZhax6BKC9EV1PmNrvfMVuAjsV2lgG5tiGKCpS3zaaSnJAi7ZJTeBc2X4e+piGDzZRuS1oh2z7GMG1hXLMes1JszT6cAg9WBwBwXHhjje3hhK4/Cmh2/E9nxI8CGXdMoFEumB2hkwsSEL8DTw77jlLjulGiCVdGmbHzCsBL4rTGGFM9kxNPJ77UrLrk6ERX0POwHdjYRqrQ1FEynRFkV/MOfEBDZ4KVgVDMDPAZcKIpwFwJdYmsFN6Ca8fhQZUXXAATJOlDdGI1O6WF1mK5XcRTX2kzGD0D9x5B5PzcTu+RfqP0+/ki2npJB6D2L9RLRY2JfXAZX3zEJ8s/co1PgP0zlA7f1Uu/0P7gXReqNNruJ8kA1eE6s8J/bDT0blGx7j9QH9mvZJRsPpZWWanhR7xqh5/vkosruPVT7aTrcpr/ANGsazrM/W92wg6s62+NI/2F+qQn4H6yIpj6bzH8/Y94tPbgZdUou9I9SxNi8hb0SVUjOonxBsIvJaYbky5Q1qcfA5EV9uewn1PLGMVGEuIRpHPDUGDM557A4HP14H0vPDafQ6HBd8TgaReCnFw4EBGLfSS9rWVSqNlbENKBxBCftHcEYSGkv2RpA2U1BaZSrIQOgm5BmBrcAZW6YCaXE5K94lacSwBRKB1iC6tB4DBcEMu7kHWVB4tLDfZw+LgPweqSDDt+IPT4kZj4YF+TjCkGHDYR4EuDBmmL0o4jRVImo1/7ENxM4edRcGFfSYqNNOqaxW9gfKAOxEeuMwmBgwbDWBb7cYGrFcFI0Xx2n3OrNEHgeHCtwviaKgw4nnl3gCQ4Lc5k2hQjG8SwESRLEO0bbQqxrUE6rBNoPT+Cv4gqw3T2T+8EmeLWPL4ohRwLtSDWzs6zhjy4rFIiFNGPMjtyzEC6QLabkhFUkaM28RfVfblNQ9Ko9RI5B4v9InQvN/yP9RvfM3XTI/ATmPz+yQOH0EfCwn3o/wCsBoOoRCXzFfYqAPuvNhsZ0SME9zB8kyi9xv4WbI9oO+XWyYwT0u4h0HmF2KltKPDNADt/xPbI/pMf26Wa53LgVA8gfiw8eu9+YjqAKyoA0LHrKiJ42ekEcwWZgjGLXB4iA4hz9A4Jnc4f0vPCfZ6EUPwuNOEO1A1f0t8MNzelJYVGM5ZFdeNRqpX0CmUWL7oulhFylRiLahEt/pL3XMNlgcqBgnAeyGMbrBegluTRwFOpjAYF8KgepN5ymIIAHCfRQVcHAeDw9mL0k9pjiDDj83ymh2/E9mRxwOHxphwGCJxk6cCQ4EJpj9uZdjFIGzHt3NPD2eZFcOQ0o3ISNHWsVxvMU6cOUXHZUqXsO/g8rKEMJvP/AAUY1gHaLS2xFICjj3l6RLkSivt/JmyEuUARWp+9J4l5gTmIFyuBUqmNoKEoeBCCb4EKhDF4EzOfQQ3kOQNXQMsJ/X8q+oVyhdhHoTrP7ihHo1bUZ6oucHXa9zvONsEJ7XTWrQGsMXsFIBuZcTZgIQDC+0CNJHkROMStprCmpcW2jyYpC20EwHAVGAbH2l2yCcERges2bncGfqgmot4Zvrvo/eqPSIafv7pFmP74PgJp3zH7Tmzs0r1m4v4T/YGruk+GV/Q3mD+iYPvFezsv6k6h2fkME1FoBQ1aqO8eGP0GLHsRRB4aaRWKaKcLuO0BIIPDCee0JYMNd7hs+jr4L1MXAly4osuaHqQ1gBBECy2B2neIYUhPBmBbC7BekBzUzKIrKaEVCtHCJsBHU0hNBNN1KCy3xmIqpHZ5QoEIsaWXxXDjkTWHMxCQgA4OLgWgWpxLk3eqliy4MGaGYyKqcpclkvDG2oU62ATfA5RCIft9I9oF6bm/JXtKiCaLfXR7Fz1L+oVU3hV50i8OgYvMeBxyZx7AjKh4VtCIIEqVCaZ8eY/fpHquzA/VmR9frLvBSB2fC8iP6zzmeiGN1r1tX2irFXcgfC0V8O7jroXod/Zt38EfHetW/JsjCEGsWN2IcenzcIy4bPngvGUEC8AxKSLnGXwBXAsl1KuDMcNJdQvwIuAVXQDVZYYI8gZsefc2JL/XJc1jvZ/O7QRhpl0E5rh7QvtabtGDw+R6COSu0IkANgItCi/FUnROswlzlKJRAaMTAqATHMsWFoKYMEgH8C3nlGJlGU2I7hwRaHkcGfOPzj9Jy6Hj/kjP5hEaybm7iSxPLy+GS7UwM9Y6uXdljx7EzmHNGLDMeLkt5fU3ZhGBMy4Q5I8dhK7lV3Cz+rnEqa+9ArguDLjDGkdzPW/wywFK53igYLQNpyGpYlARu5EXZ2nWpeQjGJQV3Awpi3VYDoLL7j2m2RuULmsyYbgIXhuS/CtQglXLIigYIWsI5dhDggo4B5BNXuiS4S4sMeYm8sVNAC2rtAQnBgt7n10UZ3waD4HsMpc29X9BRrwPOSVzdbfGW4sd3z0LEN8MzppQhsBrtk8TWVDhg/EEHtCJEhqQuAxwpDiTS8OF918SvXFMDKJh3a4cQfIDV4shj0vMKb3KFGgj/hjZKj2HhjvO3zKSuwNOs7Xqy6sItnpnWXQiNvaMlmrSCn0XAMuVHzKs9wqVU1S14DgEqNIEYLVRY5hTh3gEyIZEQVNLXkf6LnRYCNLuOYiNh27Q6i2IX9UN81ccTegHeBTjy/Q09V2EsOBkKgpDUgiazDDUShwAYYw9YghOU4FMs4BAmnB4shwQwonlBqqg2kBjYkKQ+ScT2DPaEwmTpwVCy+JT3mO/NjhEgg4KeBkGnsOAZuEDLGr5S4/c4B4aynOJ4zQVSS0IA9OYZMxhsuUJEbAlzf7xRmh5jCqMwDFhU5TbMuWW7qJhuis27Qddod0sqzMoBygRR4IC6BLhLjvMNawxzQFEEJQNeWt2O7XkNeBSEqt4oaY2WwYtVQ5Nbf6I9TZJ18qeqyHBbXeYfc1BexTTmIgIDAQpXsbQPg6vk5kv+juIdt6vJRwj5BmoXNEXjJMWEZzbxBxEQErFfl8oIPgxlTGH7p9faP4DgrGP1oP2NpbpLxNAnQxCqbTnmZ24ZzPSUBr6MW81gGrS0F3XjEIpllOpXGNSggNWt0+f6ZYpqyu3YCN4oWsx7ZsxbK4RffwlcK13gozaeVqUgSE3+C1EsIGZUqKYZUqUkWprwLMsqNrnrGPhz8/nMMw8P5kTXlekyRgnSqbisHIJmoKHQdFgJU6GAaI2XXCcAWeFqnXjqkCyIzKgOARdQ5o8k0mvgIAzKIQIRajmBGGGkbhaGGJAqJEGEW8Li9CZjxBH2OJWMTCs+v6lv1M5kGGT8XMOUd1LIWW8EmPdyWOw4M068IQpE9lQ/wBpB55uVP8AmIf6xP8AmJfp6Cf8pOQfUnRepDlvUi9nrEbkCzNdIhsMoABiWbx1tM1aok3RwxCcEesEQK9YBC0LS40o+IGqyApqRu0ENJNrUqKbzneEDqxBtBTSFLAQkIcd0vBfAg2gORASkwPsxzZfGU6hASgM3Bn+yyXmW1e2/wDd2oc4ByPSociHIgkEUHkfm9R1IyjEePSN/wBc3perbRmp4Djsf2oTnCLaMnQhyIKFxHD7M+BKlQQ/dPr7RRcDSYQiTHvR99yi0m8Uw1UxKg5sJMnMmfEqm5vzrWUkKpw5hucy6dw0V4hKzGo+hgl48GjDIiFEIHaUKk5AWfhJnzIqhuiCc2JmphwEITMYMRibJZFXCN0whzrCMIxyZiZq2t7wH2JhFcUuA9YJbUI7KzLBnrVMppwW19gLK5Nyr2FUr1WLEb8EkqMMMzCcFcHgSrgTRviFDgNwXE4EvMTMaQcDkjFl8AVGksxGgyxekfsR8bR4Y7k67v6n2XKAavkdYMzyQrzQmJuvQruXc0PrmFxdYo1pOxNMr2nhgzu36qAhD/qRMI39s+kiYTCCK8uFtsxDZiptANKjTeOK4Q7obdCcWVKEuAMkWc4HUWbKWIE+URdZexRWsA0I0lQvLFI12iWzvINqSgIcLYnTCOjjJVvhz86uW83iCm721uwrNKN6qMNJprYfA9qwQBKAwbSneHNIcwiG8G3JZlPggRzKenNKHPFtePQ+BaK1TqurxOV7IhqeiGfGEORGLzmE1Ts/CZRVj98QXXEcB4FAyHl8U7cSnRvrEGaYEb4XlCUgB1h24q36RRDKm1NGty05Tzl2oS0CDqkL3leeINZbzNV8cPbp+hDMZ8iUlegqE4rhYQIaxcwYusaoEJCSoZeCmZcuHBlmGz5/FjR8oIwZliJ8DApjg4jBC/AEvlAvEFpuDwlNxEwqNmLBkjhCNolQplBu4gjNlPbWUQIm8q5U1SqzHrOaBTHDGWRYcWDEjns2P2I5gvC0JKVLuu/qV7x+IwRpig2GV5HWClfMCU1ezdYtdS8nAXprFHJGuFp2HYmie+mxjVh99nSiP+Q4or94rhZ18K5Y1T0mGhA7RH/iaaAuGxDUC8kzlSW5Y2k7crpJYXDXe+WGFETqQeyRUzBdblyCu8riMFIHJghgYg1nAP8ASZsibURgoFRE76HAYX0n6SYLRldVV8XcbTeNygNu6DStKnlMNDAAGX/gm4HpFMfCCae2Uf6xz1IQwjhI+OQdwm73RcOpHQH0X4TAt5cQIUIoTyELSsdSj059DKrgPUn7YteEQ/BR5y+/5R7DcIVitbo6HRS3nAYqDXrM7dUcwwEFI0y9UlgWm+GK1l7PiI5Z+pD0lqhBVgrrLJl9gem0AswwXdTV8KQR15Iak4xtJYFReBCaOsekAl7xS6ZhmhCNJSswUzDHDKMSfUcvFKmBVuDL7zNng8KES4FQQ4ZSkKg1pwEWTE9o95agR3QiXK3Qce6Q7gpEl2sbAIEtwhIw4hNo5qJUY7GEeADpFL4S3l0zHozRi4cN2IsMoSy3dfqUtV5Y8EWbk/VblIlam1mPLWEMQMMwABTZRHdmRi71lSdg9Djesw7HCA7s2Zq9Vncek6kCghKd4fODzjLTchDc9JRuJbYJOYI6BInSL5ESxhGmgZbYmPQiVYOJswQo1RLYwJb2qPCwEPliKVVSsKitplIMuBbwuMRNkMypdSk1EIoaRSDYTjG0GxLTtINA4RFEhPnAdVKvAQERRMbQf7kMuE4JCICCjl3cL7xYd/cfFSzM+YItGAtUKYjHDo7QrF1UUcjja57ifKwwfViHA4qmJHEb+3iFUAo0gNMxEN3ZPVgQx5GXmEiAaP2MoJxpI7Jly85GTkOkjOCuydH4i5eUDarSaBYS3aizwWokX1uDuYZRqHy2aN4bw+nSDOj0/iHKen8Tp/T+Icn6fxDk/rtM+D7/AMiHCd08OQnK9af8RFL9pECNlNI9YMBBwqvoYxxVEZUW8bpfWE1hhxwDJXEYHBRJgmFhlmAjqJliESo80RtC/Aoshs4mGmnhIy7jVmAgCDmBGXBiTWF6QQiw8CMI8BQiIj1jxiNe1PgRUJwpgOm3DjoWXAZ6zUadnMK+1pQ8DSl6sxXsIFj2CEODE0saJYHJS9ocPuZsFTEDeB1ldZTwE3ThiKdic56Im7SIa1C7YB4iF4AWshScoZxod8ymbRBv0nKnN7RMRDEoGuZtDpLrLg8K1UwqASyMqFm9WIlMIgZZcS4Cb9zPqzCBZHiCnBmUCEpER2wZcKoSjmITyfa50Isvmeyj70jE2ojKG0Iseq/cdOdwfPFZ8zb78R71vSUzAbRpDgOCgQqx1dlYxd2xq360iwlw2HWXrEg5s3v1Qh3yIf26FxASOiICeirZsSBRivx71hYO3iCgUQtg1dJxhFzR88NdJDHD1iLVv8sUuYCYg+LzymaHWIEUbQJQCwHcjRdwCJvKEHcduUaFqu8OquAIGqSj7mIJhBlJ6DhAixiZQaHWAWIjWWxOCZSJFSJWZWCGUrMEYAlGeIpSto04BATMBqKKzaS5bpy1eSZvhCsWC0JQHFQ6plvCkSJTAzAl3NENxdI1KSyLweDwGKuyxX4o48x0Srsx9ZaX2Sq223KGhtXj0gdur3gcyWZRi3ViUEWUTz9AglXd4YWwvvNN4nnF6keyC5FxuszPSJDMeiTK0lupG2GKZpicxgGmYm0wGtxeZGH6xTdjvANZU6TkzhiwjZwMp5JSwuzZKFaYo4EN0iFQSOGpZAsLYBzgOcVEYIWrMaQWX0gpfECrYDEcO8TMeasRyLeZyrUdQOJWeFvp9fWHekF3DcGh6wBaNwwWqSnc25yj3A27xRV7+c6My+rSWC2aiUevxie0+XBXFdD75gbqCNzBOW/1cEKtxA2prbJPMMSIro902Qipg7lj9EqEF5d5JfGcHAP28mYCCqyjUNVC3Y5lWwN7KuXJ2FfxiGh7za8z5ls7snusTllZvCcgq4YSKUChDXaJ36fRJXPk9h6DLpxeah0Wad1dy7hQF5ixWfkYokgpM6RtxMIW3iwVgzSOhE0JkMrSGqUqYgCRcYnMYKjF4MMTLuSOCoURrTKHoRZyqZXCVcTjTmNzMenC0QZSMJcesUcqGK16RYeIZ+CGGi5jM20m7h30BR5isOj7kEPkwdLfeK2xJQA6TKLPU8lYdiKepzY0Xu7RP0lskqllA1tMtydqZV5aIjcIiHLpBWzAb1KgLl7IxEz6ytH9kqCaJSYRWEeamOyJeWlR3JCSNhmMVSIVkw3REEybizRek2bLmkKDcdBZAGsQagnAQ9qNUaVK25mOcVgstxgKtg1g6VSMBlqzZtEqupUU3cJ2CpQC80u5YIyqyXZ9LMKXdwWHR+4Knn3WOGxjMWCOdzJziMmTpeUUFbNmtoGH7Ylv16xdZIiuhb1uYGoEHgRSgVo03RwG8OShVkQu0InlDmEuuweJuj6QlHIGADVLolrdx44LXv8ALCsLKXiZRTqvo1l+gN4FqlbJUbdBvpE8lFLoBsQ+pYrfKvmN47qOS9Rhy7b7kRttqdTZNlsE0AQetSlLRo6olbmtVYghrK3Mex+EIxmGf9rRzoL4p1bRKIIByxSQJcsJmXw2y4PAGW5UCwIkGAUR/gAOCYMd5oyZg5iExGpcj4YhCyEaRmQiXEaax6+IRAYK1lkDGsr+Ch32WLCKymjhpGWoNGOj19lptXDtXW8KExiNy6guFYz0Iz3E2FtrqzPNnV9pYC6wpS7gbh8QHIgOCiAWdkTmMccyVXax7jSDJvltnDLY0NRTLfGZgLKhY04hjWhD70glGAzQEYViiHM0Etsk7aJMmjAtAylsQBLDEWBBRa7YLlEshpQwRTZMM6GWgrLYoNJgLO5K0N+UB/SmBg1IBzzLgxZqobAb5qxKGrwTGNh9LE5xmX1tZkEPrsxniGyMp7IVAyn+o4NSxzgVMWXgsOJIMDliKgwEsiYSnBHk1cAA0gbgEoikqQSM1Cq2lsseXJ3+WJJ2rNOEX07MFLVpLWvtlhVHnF68mgFBCXqVTehR8l3G7mmHd9bgw3TrattZ3NQ5X6JZKnh/4qWIkFZQBZqewXKPg71zC+R0h7hc03svV0NuGa4nENhBhNEMoP4OkWJuTKlNYMGKEZVEg3Gkvj6xGl7SeghgGODtGuCypWIEqYQEYcsMBc5Y0S64LCMojntXgh5ZrJoZkMvWG1bHwjKzALCNwi6JlDMNQqodiXc9xFg9Z3hdSNo5fSBDR5lui+YzuIeUZcCJV4iXBqKfWWXePY33llzWk6h6TLsxTtLNo9LKF6wW6vaV5FgD3l7XslI0gbxn/iWrFmN4Khq5xNRRvO+gsVLUyJRxogoU1BEq4SBTRg2OrnLKx9E2UiJSMm8HYwgIiugzGE5FzOG2OnaZ9t2UPO8XNdDquFKV8zQCh63cwhY8PuTsEtj+tzjmpn6jMx6M1gKlYXCu81nOEDOI0suXwDLmEJuaKRFiJKGrAM+0zA5SA/pdYb6w/SXFBy1IYU6hpKA5DomRhdSPDEzZpgZmECZzW4zOaYiAX8AoqnbekVrDLtAj2JDcHpDnsV/vK9pf7ZnWPOH+yM/6FiU8oh/oITWyCCVA6EoFPQq4HCAVjmYfBKl6X0jVjPq+Wfcc5tN8l6Sy0HDBlDBCJdpZmoc8GkKJW5RgxdouCInNSj8CcxDesWCywqjBLFA3JdTnAG4TLfgqGIwbGYLKSZxWjAjwLiiiwwejxADl4LiuGG+l8LMQjlHZtGpHhHuZBsdiNEAs58MVj3d4qqzBckjihiAjMEyCekUdagcq9ZY2uAw2M840cRuZRaGgYjUvxDVhGwyvdjRWpYxSYGE8ExIggLIsYulGHMvHOb5q6m4IhtAJgoYxrAt0xU2MxE2g5kO0od4WwRIWg3aXfSVWHNhAcILEb8SIRLjnX9StWsHQYnLHHeBXTdiIHIR31Y5oco7RlswcGjPyTyFmXbih4OXiaC2yGi+uJvKQSVgIg34BslyHedKXqRlDEa0cyOXcrPWMUVIZ3ibFpRjEOkRQtUa/Q9tnVXysx6vpKLPmFVZVOb5ymH6pEMU7DmygsUMSZnjG22buBbRPaVGkBwAtogmJdMtoE1iYhh3pMNIVHUMGwd/aK1cyiGUKnshq/dw1UpSU/jlXtoOSAfvZkKhimQly8ExGKCKyYgwoiWMNd8A4BglcsmTw3sm/L9kEjp04QhENQvif6xBv4TqIJ/sQ/wCRBDQ9EVMvqlJaMGQtb8SZdUE8JFYhpglahRkAmCZdl4D7HnLOCa8tdYPssEyCaCLUXIoi0zRLm0hegRjBps1WWXeDevRi04uYf6TPdjTcuCt3ClFEC7QA2TrLl5RCxfUZmykDrGGzMG6UQ02WMzrQneJ3gw6VF84VhG8MlNYGyrzgYyMX3XpCgIxF7HrDSV9Zay+qc4esD/sndKYx2SDWaMx2GIbwpvL85kw7YywGgS6tIyJhliq5p5DzMohcWBxZ1cqELTNnBSLjwS2Iuo04Rr3MC33N8IbYe2ckc1Lrjvjt1ORvBARDrmZo6saoB5aRXj8JqZVFuJKCU2mHQoStzEd2fEokaQ8Q3EaVBVvoPSUJAB1eUBjQiRm6a1zH+RqFqqLkdTGysKXhOVCRtMoap8zr18SiqNksLcyl2RBFIspvEzqwZwKsMaRVku+KkSmupHzTELTY+CAKJEMGw7MQ2toSpVJ6P5JRwU0igLN486EW8n0lphek0NvETpw2UNHkEGfoxpyiEbPlf1Lv0n8Rd/cnNfEi7/hFd/bHbPxIZ+7/AEm3D3UuwvP7pQU7j/cV8/Qf3Ls7dMu/JAmvpZo59HN63oKgFqvrA68DgHEqEPB1xdx/JrfofxJuM7UmgP0ZzDzOX80fiAz4CRkw40uUNMVylITCrMGR0Y068XRHy1pLMZU3HlqnfDUz2qWq5SnlwTCvPAALyIKZPNiOJqyn4Lnh8MS0R7w0fhEG7GamjfSJoCAuzFMZIodWOtDsukwANIjs+sBdgzmExXUEhUr7LTIokW0MBaAis4jdU9ILmC9WdEQtwry1NhXrEav1gqZ9TB6LK6HI/WbgvE/c1f0MGYPa7jrJA0voP8i9CXopsv6lQVw5x6zBId2aoCZpLzK6hjrIeY8EocvpFdCycmDkkuymwJuPU18o6WxVacGTEnMqsCK8yK3TfAnuAW4HcI4pm1IpeJ0lOYl13zhWC9QQyYOWXxCgVY5qmQgXm2DXHq7+YwoqOxUaufVyj6bSteDm4S0xmSteYSwukVVuYd0JS7J0ZvVbTmbnpBuOxadEZdKqgGwZfHuLdja8RhbjLDhIOATc+FVsIjDDLDTg9SF9Cc09GMYbww/RUu/nFbvOIYsDuCBtqTtghyfm5c9gpfKSdyuSgv3lG9hKT3soCQW25apKTlKKg0anAGy1PMvIu4Og9/8As/0y4E0Dxljl7GAf6IfyMRe7eZTdes51+s6HvOjDlp0EwbEsf+cLcR4LqBoyE3ft+ot0N9ngaHkveka/TGA2JcmGqepEdfWm+9ac0z/QGJbnynKPhH/fEdn1MtsfVFtvozJMtT3b+89zCXxOjW/Agr3hSndw5mwPMygs0XL55qzGy4im4gWNXG9eWiCBR7ylYaMANpc0zisaw068Ocx6AqtK1SI72cFMO8hNdhFjgtg0uywBaVFOZZFAF4uC4elIRQ5SwWBKaiMBOs3iV8oYFxzITZC2V3ZB66wZvs1vhlFmHnMGodywdRZ3l0od5Lpc7EGXTzFofqEjQZfQS2pK3uDKvyJjyXJ9hczS2xvArsO9oNXYbIMHI9FMh6KwqVcCmgslXjm6XczD2VpA6E3rB2ut1ma1PJH1o9yD4D1Sy8Wd6ZUhlvmb6mmexM4r0Rp2PtBrb6iERu7uBgLDQS6iuCu2Jb9rE9XIrAw6jJAYW+Y+kcrAS4jhq0lzMJRHm2r8xV2ji1fBwMNZnuxDGZ0qVTEt4vb0qJyvEMSgzAgkNsUc39MrYnYbkIkELBdHeAFL1wDLlvC7nWVdAqHP8QTmL4CA628w/wBlIf0EwGFGnpwDQ/E0b0kKbHhANJlvwmTnJvFLGSC636zc36w2z6oRT4GQnq25XnlgjRKTWLpzlOqB0KjO2QyyJweFkRKyvAW7Rx/0iWqHhE9fQRHX1YjsiW58R21eI7KRDR+WKZJK6CbMHibMI19zsIXY7kmifv8A0n9F5rfaWjGI81/ZWT3myNf+wcA/8+nHz8IdVLoZgI112QNnuktXHUgVdVftM74KzH9imEYMeAfE2bVyvEF0c28+JUNxh9nM3YlJS0TC/FjpylZiDWwkgWcy6wvh+ovMskcMwdhFiJYLErVjc8lJrQmCBd2X4I5pvrLTSxCpSv5MPjfT4ubnXlHPgBGlb9wi3Cemcu8NwTbX2Y6teVgZqHCkNIoA2lMiQ6E0RHmA01mZzedhmjCOV4yhwXiW+AO1RpT2xFT7KlAKrrCmrVyuAaNRQymJdflgwCociAbQzaBLxANo4mMAxBAJSWIcpMjlAw4Rgcv+xlwVfoiAVTOgLDgxsoXuDklqGIfYdACccoJtDyRR4ZWKrlWJlzQphWyay5RMJ2CQpqEg9qUtGO/RTr6pWamEdS+8/aMigwbQzQPQ/kvOI7KrEbIwYAj1YLco9pfrTpYPxBB6hgyAHSVrVGqk5YiaLQi6I6JP0wjoB5RdCpiBcosI7MHu8LwDgVYCVlW06EDygJ2wcCBUIyhBFoimo6E2C+iamfhNU95/U2Z4FjovFDt3mwTyQNl5h2fIsTocs5PCOvj2Ajsic/ef9TX+cp7VT8mfv/8A7n9RvwM2h3L9EwPYYR8TJpO4Yhhpc9TcOk8I/qOo7cSBazahM1YPDfd42P8AQD+5hQ7aHRCCtQafwgdA8YmDCx3hYhij5f8AUF3fc/TLxmUNfRhtsw4CZbqrlelnUMS1l2xMVZGLJgx0YhkB/f8AJUXWv4gViv6eYaixWTUsN9Gn0Rj7evRcQhY9wy77EehmLHhjDdA7EcJXHZhBuvHXLF7PB8RVRPMAfiUiAd1j3lEy+Qywpl9CJ09I/kBp54JkAnuo5gfVC0UfVNOmrZDryUaD0gUpwiWk4FCUhw2KQmsqcOHha4BUupchxwmFtB9I2L3aO7+kBsnraw0QdyKj6pC0QDuVN9lRqHmP7QlAYzcyV4WqtlbSm9JdpUrDKJANKg2yKiGvFcx56xWGiw2vFrV4nTWpaYACaajrArlBtKwwfmJRYPVhXQUMVNlAVaQtsjt6iwU6RDtfxBjrHk/uBTVLkvq6es03YYgLbEOLSWjONrsmtBFVvvcQMUOdrAac+LgB5EwHxIM4MwCV1Ip0+CaNPgIvYPWDNR8qYAU5Plh+Qw3aW3jvA7iOu9PNW9S46keBgtE9oHsvFRPVeQg7euP6wsRoXi/liuiHYRm87UR1HqR/aTLrlesy5HenzPf4P9z4JBmr+L40ab2T4FEWkfP1R7uhH+iI/g3+M9nY/hNrofJMwzYFWv7xqNu6fhmEPn+SZQ8bKAL0kEkL0RU8XDqOjtKR6C2ekuaVfMpMQtgigtP1FSxpOiH2Hpf6mKLPRL/6v/IdvpENNmwlQuomkbQ03Y4qUgDa93TBBVGFqTHLENH6hj/uW3Mr9A8WykCEtm64VEzUfb3j2RfosTIxJ9HMsLAjNzqYJ64j8Xe6T4glg0PW/aoIs1iBMoZSjsTbiBYsJ+rlCtALlHcJSOTEcuO8B4VEqC1mpLicGIpGrYoREHhzmwH0nMvSNWo74hoXvE9aPMDNT5mmH0Ztv0ZqDNwk0xXzU+brWMEXNwJzqO6fBNkD0IqLYaJKAeLjVpdlRtqkzhJeHuwIDzpm4ikcpiAE3vMDpV+bYey3jvgeDjNvVxos8aIot2wO4wtmgLs0W0SNTWUiqAwXeLKwG9oi1xsq5ZM7pAasuTDNYrCFeaiaXD1hts83c22Eszr5qDZB6mUtExawLLUW8LLC4Flts0gEqBmpd3BCVO0sY36VAA0DAKzLbUjSgbj7EPOZY35CahHcY0KPRZ1gxSw5FsXxLbPLFPJDY1qs2Hrja+osTofhf3E6I8Z/CAfqal6iT5YKOo9RizV6pENS8J7iYJrvhLMUh7Se0WXzU+GCe53dCYX1HO33eJ9tD/cfpbC0jtB8E+FMnL9QfLF58RX7YTVUPZT3kARSLbYVNvoDaHYZoj2EBZpKGkLb8s2kCYmrHiG+gl/MGlZHm+hGqlvux0F+qSmHwsgscm1x74CuaxP+yPrZfeI5Uu+pOR7yVuAeerMhj3/1GzB7/wCou5SFnAgv4CAyHX4o7QuCK7FqnNwDgGdByJKMShpBCakO5cq3mllzkJdrLEGT63Dq4Xb5FOX2cwkHBxuXHXIKdsH3qKB3dYvePrC4HMNRyijsTCZdGLH93dKlws+4THvEUuuC4DLkERgqbqO0677eblptT7sTqPmHGhF+oPNxGvshU/TNXahlojbQGz5yTYL2Ii/kJj/ggC3HiVEvpzUY4QxZVGFxZ2siuT9U7EKKEXYOzDAh5gIjxsRatdHE/SCatSHTJHm/eAYSUyB09KOdTwInY9gjXeL3Y46L4uLOL0g7C2B/TEADnJMEwK8FKsYsFq9iupaFAlQ5XslKkiDYkBdB5mwetMCF4uHKBuVUaFVXWN1hPfEWwSqMplow4nlX2gCrE91KDFdJaEyhZk94B1KbLzpCptb3/wBTCAgYbtZeCIMXrI6NYox96mYE+Mk03y5ytKLHcmDmXtm6HKSGoAxboXrHR9kqWrbMRNDy1L9UDqRkrfN5YDaSFcMnxmBN5PIiv2fzDoc8Q2Ud8bseLA7hOz+paem/VN2oLMo+JuQeCXN/d6TBz63+xLxAbV/VgrCAwp0ycgfEWAs6CwghmISFNhIvVnl6EHmfQnZ7EubcAoPg8TPmwroe85f5/Jo8fP6iDaDeafRgO0rNs5wmAK+Yuq2o6vsP1HRnlYHl4I31PlhLjMKzA0lbn0sSFh900FYE7+FRFGHSsTI1x0uMlqKdFGxuZzZ95gfrSCKYwbQRymrXK+cS7HXSWUv1RdWqqFyZS3WX0nMJVG5QRTPI5vFRu9xNaS0Ocj0I0s+ogkP7u8LHMNwKZfLaC17XzghZhHR+CZh6HvmKRSNJZDDA7EuJTDZ9l3TGyxcs94mPeIsWVKuA1oRiEFWOjgmF8JEFkIxzXCspwEFvDtl27mfUYi4qHTH7RNvuxVWnndxKFfFRa6OJQyfqBpx7w235myjiFvRhtbq3sIg0vzOa+U5k6qqHUMJhOlLZtQWrUq1RQ1zBXRyuKqqbJiWJW8Ep1cgz6bCLyO81CEGRbCoBAiIng4h2oc6DXeAeAAczXglNzqLuy7hZjdQ4Mz6KXsScqGEqyUgDIA5RGl0zSE1+UQqMVH9QRp+4bKEFakJBN0zheUKiLM9Sod8TN4XButwBh9Go9ssMKqgTB6xIhVwYau0SiiuUyddtd4Qgimqmwzb0l3CwPvHyx4IQR/GkwKOrAMgHg/0QVVcDBLFOpDYwjvjOFV0fAIAyEvxgIIw9o7Ww7TLJrpglJrSXu+zR6TlU8xWcwJyTzcScsoYhXF8GjmzRX8xsX0k07p5geZ8zWWhmXzZq/Zr9wLcnvDF/yHn1iaWeWdnmb1+5FN4sVmpXy86wHV9oXwEXJO5++ByVfmXsPeWqq8XrK72tvlic7irH9iLUtL3qUPxRzx4IwrC6oAvdglwvfMatGIS9XSaBeQin/InAfFVDewQlzmW5YvLAO7GAKBTV1FcGeelzTGKgmXjUFmQLAQjlj7HAVxmWjFlDa+8xKe2RLi/clG+1RalyiWzS8HY4CW9ZsMVHmKDVzYUvrv8AUuqr3Rwa7NFWKW2yHb9X+pe+EfDF9PJdK1TrD+iA0A5B+TAKhhqCl9oyWtFnwQapT1EF5r5TkB5MzMReIxthP9DLd73lSxPZm5Lox+b0ZVoLN5ZK7piX7r3RnIah5CXm9bWg1NV0SC4BEjHDfLEgG/aWZF11qWqKeIoC9MMOxMSJ/MP0mwHpMy0R3xHjAG0plQypoEeZFd6jEgJk2zylwvtqL2A95i8Y77yi0NNO8RTW0EAVqL+Q7Rh0LGwriYYG5U1TT1llsb4qPnwuP8lMfP4gXgAsuVtgTVGjpClK5XYl+AZLQVF2eQHzGVH0IF44Nqghr2iFMYBp2aiOgepbZu/qE4Htg8SGBRzgMD6himDs0uOcRFg2XM3+4b/f5YNtCChpL2IjSnhWai/qUtOvaGirwB4mrRQwfWWatRt0WaKF5gAUXYxHyDzcH7jTV58/yUpnjYdfWoAqsR1zj3GYN4N5y5u+kU3+UH/uORekH5HgizeI1z7xXaViVBWL7zvAGblOi9i39R5S+v8AqDf9qBK/ZOilrqkRYF9iNunvRe35idknImS3wGDeffLKN8TZEJphVySpG9KgaAORNEkua/ESVA+kylv8EHgS6us84tY5yzwHVlMFu8o6gRaAwawfNy1NQiwoqBK1lyWtYHKJrlrOHYmT53exFY33oRUU6TK2ZRw4DLzKIa1juQOdX2t7kKybw9oPQl/gE7Yl3FHsS/QyioY4vWIvWIsydYECpUzHQhAhFsKMOSCp061oxesY1awsCJqf1mUIDegYQhges2RNfdHSDuqatt+Uhp0eYx6QJos2qHqi+Uvzr2mkXfXMqWRVFnVhQ011ath+829yYN1fmKcjtvAJ6wZhPSbpIGhHuRUIzWPzE4YZQ1CMzwYxR7yuCALysptTBwUQGLJed8wObLvncw0FRQlNIQAFgUikVIhP7R8zLswp4uPTftAuAPlCLoXl+4Fm18Jo0dBiXKLxIuFJcT3WaOvpNU8mLyEp/wBJh28za77MQsYNWo3pHUEwVMvRbNpm+tzX29cIgaJ2bgGmc5hdlMkV5zC+tcDVM59A3Y+YViCcp71Fb/tHHGe+CC2nQJQSyKUCu8fv3lH82nREsTV8tJmsM82FaWr0Kq44VKbQymhgO99NIXRG2IDn8f7LVbpTmsBrCivaKdjzmLc+hPsOks8vmF6WEtzl11ZkD81BFHzChSEBW0ElajkGDC4zRg7171BA/pEM17rLwRvXiEKHMBzdTyeZ3MPn+ogxn1m5T2lNGCbJQNf8EGhnECwFiINpa3moM7JgrJetw3ZRWlYjViiWZ0uNba2YQaDkkLsWcWrmYYrQ9PXSACLsy4OCCQtbRpVoC8GnMOKJMKQ6jZ6TTidHD/IrMJmLaOxjK6+BYCj5B6x0HV+ooRY4iuJGjsSpm+GQJBW9FEUF5Yl6lj3xH6hwCCwNsXB1STrK9IrV+ZjLXq8At7CAxchA8NjPaVPNS/HoRiCmHWaSaAxtkqK7xy1o5BFbMV4jJ20uYaB61GNqfMsDUYt0NINLWoPKhQcvmKDll4IvPg0IFX3BP5QE0F/hPUaWEgGWC6RdZSwLqYYf7BZ6SM271BuWXIekT5EqYPhO4e0tB8ZenWwMW3J6y1Fbp2hQAohrmjGLYq1ZiNq16Q/OUqsd4ItXrlBbKpqKCNUPZml3uWbqV0vZ0ma27BLUR9SMfqgOBNQPzLGDArr4htE6ppZ1ukuUxzId4nYSq2TzPqJn/CdkYZL8wDQk3FgjW2KVJqsjvUUbOjaJ2N7wuVDK6jy8QzWRmWdbAaHD2gNSGzinkR5m+EbF0LJrTOYeWYKwm6mIV6LMb13zAGuY1yhMMKMkJaKSW2nVw19m36S7VhDqJ3p1va2U6+xEcrgLSFoRvDcpnTzoEtaWzJULtoOKqssFtLYr2uWvX2YDevtGBaS/j/UVoT2H9glq+xBQoPlU6p8Si5F7tfti4Mf0I1FlUEFyGWRXMAAvJG5oc5YEurzTILihNDSKmMstC4TnSRqFQaG8C6VKwnMxBAWkAisRDzccOiHALZqxPaDYneD63Am2QN5nELZKHOAr5xNr6aRjcTENTr2BFRDj2H6+6Gdhnwz3xH6hDcuYQQIce0zHeDAWm16Q4y7WHT1jF5M9785VDi5zXm8cixEN3Yj1j6IyCrq2qaxT3jsZmDuiGlaISlY5Tmatg7S5qPSI7XPBE5ojuvMQm6/qGMe6c33xk3SvmU8h7xLZSTatYkeVKl1QVq94vUvDLK1uEmuewNE1rK7ZPMDjd7aQzqmabhZUOjWXX1WbXLJV1FsBOlLAtO6+niBdWWOZBFLuhiJnXjGGMUlSqob6xFcr0MwGEigCVBXBBdWoIaXEGJUBDtcqwjom7jQ4n6XMTy4n+0RNHLvFGo+J9Bi90TIC0VGyM3nLu9kwHQjVnhKnY38mDknm3IyjT3SV5U9blapehL6Dyo4U07YiGhfXWZ6oeJntcsgt3gv+zEgnbKGxu1ukuCDoTRguAQ2ESwo1hvIBupWhBjYqVuPZf6Zdgt3ajVt2j4mLR7TpcIYaILjQiuYcC10GE2ILcQK39qgdSfMKaB3Wc+EP5S7tzXMy60w5onL/AEm8EC82u8o0Q6DxLDX2gNUlByZUida95X9P5pvF2EXRUsN6zPSe0NdB1I6CXDkGsy6TQhmCa5aW9I437wrgvT+x0rTdheEDqxjRgqbo0sw4AN1Al94Vn0LmhexR7qiMAd19ipqA+gfNsxr7skehHY7iPkjESYptNlXZVRumn4OGK3oxdtpR0F+uBjaGNFO0RwZ/q+H7PmlXsMcdma8PdE3g07Q4BMfGDDv+mZdnBtzKLxCuBUANkt4OTTUTHouo5ISpdmRESBveI4IBUNLALiDvc2y8tzbH0gtk+0B1v3pFBCPRuEUBfNhVmjxF/wBEG3eHgeFjVICr1ZsFUO0caeYjlXGZsdiKLT3m2+9zkCdOcqmmgNjVEJ3TDMR2QVF8t8xhRSUAsu6YuvXtGwjsWF6u6oVz7s3HvitIeQXEtNX0lVWf2hij73EaC3zNZQGfWALsrznQI2kGLEDIwjs/tlxS3mUwIGUU82Nbo7TnKukrgHYKIBwq94xgggNXeY4B7xHSOyCu8dZHvLnWHURdkUKaTEovaOpp/pMJ/ZqKJGDYekFvHrIalDvDme+ISEygxNcnoTlAleoOxHBV8qIT+spdZHBsCaIrBfT3Qez3uW3CWeXzMeniJeXvAML7XARv6kMOiHNwC6F6dJRGm5AbCy2QIOATZFxm001Ry1e0t2pjYm3EC8XusxorteINR6pfJ+pj6uWQa6E2n8ZUgc6Lywkg/wCaYobKmsXTDW3N2oKUzXKDsR3mpVnfMVNFywi7rnpG5K0PDLduXtBVWnq+JRoUMu2ZOBO5gxYSze3Ta/ti7A3PIhlrwEfQtl2n2VetIpq6tH0P3NI/X+iKcW1yMPQxwz+3hNJU0z2N4nb8kaX1F6IoyyWxZekRTxH4yx39fKY9hjFr/TMVTLwHE+OfI+J9x0grhnCjbphh+QlDdMubETAOjr9Znb0ft0ZYWudKI90Od5VSBUIXKKg8zP6XtvMgOO8VqTxE85xR5+kXyiE5qEfklerFugspbQXZ6zGAeJ1PRDc9Mvu5Y39KjzPabrMQYhnXgtrhOnmXqX34Ylct1XdQdQIB/GUuQ95WY37RugeVS1VkQ1T9oIRZKmVEezsjptTvbEs2OkyradWV2sfWCpV6LU1ux7JBsBu436zOYJpbkcAdY6EHJRpioUFYu8jzUUUJcoY3T5ZVw8zOxEpumZV2LKVhsYujiF5kIQqqO9Es9Y1LB/SWUJ6zcCuEAZYlaF+IbzUSuMmV6uILVXQm8j1n+gxBGompWx5ITYD3lt5fVl3MH/Y7rUQ3/cH0H0huMofZnKHvDme0Kavepdqq/TL7kMWIVuz2lm6dz1n1VENqitkS8p6x6B7zIWe0QLcBLUQ5ihhzxcC7o8ipuuJmA21gIM4zW010ayx0uLYpKdJk1lposNomxSB9nhHTCCP9KRfJ+YlY/UQhs6VBCH6qWrIuSmu5OanPWY5CC3i4ioHcx6QMeOrl7yzQzMrdVO8ol6g6Rlzo+l3LQUclx6aQECvxH2t5UBnbvTMpdI3fdqjmUxhqLCvYl3WVdj4yxn1tUPwx9ma/0zw5gzBBAmrPkfEH2uUE3EeFDBW8GFt2VA7X7kONA3ZlMYQa59HWft79MLWgbC4sBsbmjCAFsMXcwigm5KDk6MrtddpTuFBd+Egm1W+Uu1I20HmGkqHM9IVyUNXVzlDD7Ev036TmEDtpM6W4rtUFD1hFHIio6ReuSJonOC9rsg+QeYAxQfaJYT4uZnwawAUeWYBgroSoVffMBYZtCJXj0lrsXyxxyQLiIgXpM46tlF8xopFlMHsmRIJ0Hi5nQKaUQ3qqLwfIsHJs5FMvyLsi5iZuZsSw3c4/rO+k0rsuphgkK1mOInKY0IrVIV18pEx9jUQ5nlkiVW1HCmkiLOWciWuDW8r/AGYZAaN4h5y+0LciKdSAbXL+Qgd6dJyH7iMJQ1iIG0Y9IOpi+9TqJ3IdEE/5A8odsyahL6spyuZGkOv9KmK1S6/2EEm/pA8n0irqPxAwPT3ZWbx8Reku8MIMcM2P5LgUz1myQuSIrgKsEx50dIWcKhr0GGAW4RqigiN1iHqbaSsyhEvt7IO2nPKwTkZRow3j6Svf2qW8mddfM05wUqmDgYH1glWDQJYasE0RfOCdvXhBWkslwJrifgPqbxYp1pZ3MkolyhOlDK4JYuJgz9Cbpm/3jhfbc00VRBU1O/yim0jhSHA5OfMz6rpwLHgQxBT9I6r1l3eAi0otmoLGzgyrdnnmDRnY2opg1zJWCDfZlzYvgiA1A7x22B02magZ3ZjUw6w0aesXlhDkiC3+iD5PSId4009sdO0b9UwIwQ1g+tzy9IdaDizY0EbupyJRpTuyjJmWYH5JTZZ5MVc0matHO4QBsMHw2BSQ6stZE6KvWV7uIggAvtNItBNQX36LgIpi4vUi4QEX+CBb9Sb2FHU+agCwX1yxhgHSIW2/NQsLfdRAw981wX3j0DFa0fuV8EoLMPSX3ZO7LuVmvsPEBddlzMCu1xLUO1S+H8Ig612gPtFstmJ0oG/4jI3Z0JbtLJlK4JypZ1lC+C1DkIPMKkAlE6JaL0itidAlyJqYfpGkL39z9iUL/Cv7K5GUrR9WULz5ZUOREOB2VLGrBRZTroIaAUh5huhiC2AHmzKoMWg6+YYUw7m0YV8mnPvKN6KjTtVys5uEUTJdF+83jxATb1l1m/wpQSjSonRLiCJzkHLc4l5gWQijpfmMMIRM1wys3LmL6cNQJXColz7RvBcJKCfQSH00ibQN5oiyje0JhPY8MTNhioplAbvrfqWHplfNQ+i3Mc+8TxIri04Lg15n5PAyzxjwHg5m5EuA1TNVK5H27Ih0eMxK1o3vtKIKzeusugHuiKmIK6nkmQy37sZYdQhDMPARCi56mYEYbvc2TK4FQL6zRRF7Z8TtniIb+0Xr7Tog1LfCC1FLZRyRrbHdvpANqT1h8gqDaD5jmFErgiTL4IvBfRixetAGRAn9kAfqh9XxENsdWcyQayjbmhLYo1ZS3mGZLvTrTLQtWZLY6kyd/lCbSerKl4jaghtVZrcE9IW2jxiFuTRrrvA9onOFwPeEJyidmULlOlxjhWEiJYkIMWaM69e0divDcVjW/k8GLCVFG5Eot0LlvYIJq8NiFAN/MpzXxAm0u0md3gFEBL6cLNmCS7oRBvA3K9pVMPoQMs0NROoVGzNdLNpcC6SKi9foGVG9PMXYWeX9zEX/ACfSTcfE5H2hmPZCoN46Q1V8SjQRTRD5mDNK82KdKuGEb9KIggwobeUrpfWGUn/FNIIayszxHBcwFqoK8sZcYZaqXwSwNpgxFywMQztLYga0nNqGarsG6uawIcKgRmX28kYxv1jgFlY90VvDp/XtFXA5xr9AlZGvZ+PCumZyUvXHWDHaZjNf65Jj20XM2duA4l+5iPHgmMYQlRlmHENtAcPXqaMZ8W7SaDETxx/TzA4cxMxo0tb71Bja4HElNlVAT4ONYUfAll8oh+0XpAUbO3DMhdzDh4AempB1NygYlmbZgWRm5Mq0rxOZi7l95blV3lQ5IXRvtG4HipenXvHaqiu9mQbeWB6PSWhbBw0JRwVQO/xBdYSmeIqa1xI6YrQPekXn3rgD2JL0rciCCgsXLS6E5yl0BvnLRsdyIcML29OIJrcuZ9spn6QYAavBrr6CCner8TWozCqBXoQW1d6mmB8EG03yRgq3BrXxFp/Rl2Q1zqPVkS5DP9pfMb63Lu8puw2SAbRZslrvAecQbzs95yIkQLYCMNy20Y7kSBZI5tEraeqmOXvMtg7cIWsoXGPu6ShlzDUJQ0ge7G0xXeDAeXqzDSDkLFOsiNp0R4jY6wHrXhvcoGsRnGSZ5xN3tDcXxMNT1Zpq14lAzb5uGxALrjzcPXL7ENIB4uUZdfiQZye8oYCXtJaFdI9X2lYRS/yIEwLxGq3SG2WdplDK0fMTCoHY9WIoHVc+hNdQ7AJnu6LgqBAiQjw+65xLlCesHSJ/QbMp67nnTh9JeaeBqRsg7EPxD7D48J32o0B2cOlRUcZqmk1/rknsESHTtAhwfDr7nKGDSKDcOD4MENkB1lwFvUitgd17Eetu07gEIC6EkKFHV9tYgpaiDY6o5vbXslXZUToserO/V7M0f3UXW0vlvlqItBaiD4scmZyZTMsihCPaqYMIIaMFmWIptYpuYaURBymwr0mEQ7Qxtb5YhtC7ma6h2jUXfxD5/qZvnXwS/wDcC2fTC3n1GCim8tw3zDIvHQiL1g2KPFxRo35IGqiu8eAoiUBZl7wYORghhuAteS4iYHKlQRn5oFhJy4WI4tcwBdXBN5gbGawgiheiG81FQVk0QHI1A0F9yDuOWgxLi7C3yLl8q5EGTP8AZMpj0EerwAVqSuB0COgJU6NWDBtqIgy17Q5CwyGwCDdYK3lXvMpzYTZMG0WGWDZjJr+uGLaukC/SG0wraWB1j1PhqbVmUthK0vhLN6gKzKMWsDyZdl+ahyLBaehHfr0lBYHpA8pyFXbE5j7zmsJz8kK6AQNyiXYP0J2e8vwRB/TCFF2muCD394AazlJlHLrEqoqZcHNUhr2bLDidQonAD+fUZqR6XT2qNm3LzdYHDqBDgSoEISJDX1MxcMLr1lG1oxXzvr1fIWx5vCdxTocP1+nCQ/OMZ22bfSCvv1IfQRmFdoF8AONCcYvDCoQmfhjxftmXnB6RamwdJpKL+QpGGbOVlExZ+VfeNpUoKYyLvGEQ63qbQO/X1YAm4QRiB6Pyw0zRgsJcSxbSCcfMJHORosIpLW4hCG8xMesZhF+qD3IG+6XHawJOTiDAQNjNZsOREquvm0lHR8LL3V63A1SOKV8sKqggW0vpIC6kcxeAAhkgG87kCaty0a+kNYAhGuYGOlccBQeYJXwGorVQNViFNTHzOW3EOxDrG8WA1gBgmyRGX4ljfLtPdDloWOQiSR6uIdRiM/N3l4cQ8p1p3zHeMA7E62oGy2U5S3ZrsVAOpc6OBK5xygETMHEpsJmC2qxnQgHPAuv+1TkRYaQDpM9WHd7tQKUBwR6HnMuiCvKGopEN0dEX1gnVZdpUDpXiWxUWYJmdR7ZgNUgMgvt8wfI92bJuWcpT1ywDfMSbHzCCSX7iU2KrLDuPWF5LUOUHVhYmfky/RDWM9avYmneJPrljKv8AVMA0ISuAcA4hXEIEqJGH7m8IGZCSs5lNyFXKSC8EHplOh0JlbPYfGWD6m+C+2xKhm/vkmEKT4ocBxr2bh9XhqEJ8OY9SRvvIlAkzmjY0e5Kp9LGkj+VCV+7q78HHPuKWaC9KnyIRXy4O5qTKLwfkyreFEEgcfryTCXTlUBAKazcBpg22hJQph60XC9SFiqlmixck113pFOMJVm6FDU3oTcEVX6TDZZfaAua+Jnq4Ewtys5mCKXglsS/ljfQjuDMtveUiiiDv7pUgbRtgimCVKBk7w9o7CYzEVHnohsRHAx3IF0V7EMZGHOQ2pwkjVpq08sE1Pe5vQjUNOTy8LibxKfD6wvomJFuhKecedjQUQXeA6wQloWxsBEp4Ft5ZwAsJETKEwdBfYi5Y3z9CbgXzURS91yhhZlvrA7y6OV7MHgT9y7H8QpBvTmzpmkWAmBfNRcSh7ynVINVPpCNrhRo+0Afnf+ohsHlZRS/H+4LgL6wp/d5Qmq+ZcYJXl6zK6rMGjBFd5uq81Y4yz0MFB8qfDHKYdL29MpbWF7QdtvcrwVAlSqhCVK4RrgHEhx9bxE9dJTIPf2jHvHESIlAnQjZphSNbSriVMHASzwRQxCY1Z8IYq+xnH6bPZzU++SZxs29ocAzHgMO2i4oQJUHs8AvRH7TobRtW+l0wOoWbUxS0g9SDgPwsqRNcNCLE7yz4doXXy0FVB2l1IYlEDbGBu2YwlLJkNTJY1LqIwl4Zsvitqum00zNyQriZ3YpYDAN4dYi0uDGblkvDvHgGrgCwwYRcgwTWYcqB2qA3mgX6QuYuDgw1ga3ltBcZwMdV9JdsviWanxB9oydWC3SYJli2NGBiGkqIhK+Yb1umYpxiBgv2ILNJmCcxqXMllx1zcGAbxrwEP9kRXHgtEmx5mqi/uOBnRLAlOC2yAy8XeDdIiJqAHmEzV9xkItfzEuktEZqtwXLAdj1INDOqIRQIKmiXas1QQH0qA7fshrUxpx7f2WtZ3Yc16w5PfFmwHaYsCDRLYVNT5CP/ALLh0iJpYeIdWsQ5b9v2RPp/2w7SBGIvmLC1gYcTZiFHLGEKmxv9kwHi6++Zg/VH+iY5RyNfQolrlWafgCBA4kCVAh4NJcMwzEaCzKP2H75YpT3Rv3f5BRMNMv3/AFUwFADkRpFxljxGUJmGXrFh8RKl4MGWaBqb5IbVbaPA/sb4zxs9in2+pwlhvwmiHtGbQRqDzNNbwZnyM9u4cpFuacXuSIH01lmJtdmmUqxoId7p5Vh2PkKZcr7rMCU2EYm7nA+3mr9REVNhYxpRzZ2UCbill9oT1RGRslDQ4EKqoQhrkVLC1TmFqbOqZ27poxtHm4htuo+RaNzEpQgS6fmcALXelxfOTd8JRBtoXMdGsdbmDY1lBIQc4DeEoA4uIMLK4chLDadntMSD1Z1iJ2YjkzoeiX5/iDbpdp750UKqz0bgCrRa0fEqW+hgCkb6RZp75Rp7x+pSs495vJR0TFHSoQDoSD2kCfIS1LDmEzK9BcTXT5zAvxwF2I6JUzqHX4QaMBxMG64PFS7qylVDrlrp5jlxcRCxTC6ZYA7wXWB3QeLz3hXSaMEy64i1iKykgeIMpZZmC/Sp4feLz91Rprn3/kDk+CclUf8AggN2YFErkCFy3OAd5SVbL0XC1qZveCN4QtuvNMLa6S6CC2k2K4PHUGQXtedfdZgFH0bIG0ISuFSoEqBAhDiQgQQix+n7VzxoXX0huV6XA/k4A0U51xHLImN4awjvMML14OilctreE7RniBhDSMRPo+GqJjvuZxZpKiifR84JUm3iFdKdsQ1FsANYfZw1XbR1NZcuKE96QWX1zKgdCWrsIEVjLh8hErFhpDIyuUNplClPdj0ghOVlBTss78JZ0j9IJFkjewQnTD0mFNYRhjBJJpkg7RcqiduVui2IMRWjVAoh6LDXUjQAdTSH5kKccPUipaF6Qy4JZWOykvKQxXLtDYQ236g3K8ynLKrQgnSomsm2Yga++G543Kdb9WVMKUWDpwl2sKNZRhytTuQ6/BjfLgGZmI1qpGmX1Q1dMDYTk30lpl9yucE5GJnkhaEiNy+xAraBM1L7Il3gecohfQjjpKbQ8zXVgYBksB0iIWSmq/uHl7Qp092OcyzTgTzqBtmas8AkQy1/SHJdpVpKbEyOaIhzljpADaC0QUwyqIGWLVUeWCbTN/VQm+8xegzqfMUoZ1dpLa6eRhW3eaQYlficCHAhCECVDhVQLglJe9dpReAZZUq0bu4USDkKRlw1wAcIwIzgdJZliCc3Cc1/bLDgOm+vqlq3lGHcpI7WXfChU+3b5pK7oS49I3AJa6WGKGK+uIWpCftlNaD0Bml+0juh5YXMG9DhZdh+TE9wS68osDZCDwrSXMYcQExBL7wq0egYwhT7REy2b7y721I4O5OUPEPZHAcZCs8yY7REau3JglRIzZwhQlbp4jXa06WdCRDWfKbHpKc3UZJULlNDT5Inu3TNRcUHraOaLuTUCdt4jZDbzQYcFmS0izbEdkC0MrsCFOR2JStY6Dn3iJp+hF3YEZYmsRvVyiGgYmrqZaseGHbRSyOhLi6e6yopiI7MkzrKXpdQxREt6sHlFI6XKayQsLQDVhsQCCGsB1gIGCO8uKYDYmWCd4pzgSAJQ3CdsDkg3S7Vv2gxgmWGpLbvpUrYRrj9X/Jzr9Yf65LNFwcDdE4V1FeZqX7lsELgDfcsn0Llz4qj1ZchvNLlyUOSr7Rztbebl9czzwOIcAlQIEqVCVCAhwJUqoJ0LmXqp/ETTT3cstomLhPEocWDUxULAuAjV7u4IinoD9zQBeeSUFTp46uSNRNDm87Qsk7gJrfTXpDc5FRFozvn78GVNGMghbVg2EBbmZaiB5RnK7xS+GjhhCdZ88Fdr+LOBt9yGu0f3w1RS9JdUwYJa+CpThYXM4ZHaOAuLrmjj0rNfAzoT4Yq7BB4VETVSb3Tkx3I+uksS4nBbAsQyEM15mKKO5BDfbytJaxmVS/Wl+DuUkQL8xFNrkM6fAVWUExZN4JU6xuoTxF2/qx0aHQhmVYHtANAEdfG63ANHDGuqUasGtYKELwHNjMl4ly8whcKtYPpmDHAecVu5NIgCYcAkkEppzibMe7wHSVKmJY1Zh0GC7QHIestvA5wCXOQfQgrkineoETBpBySlypTadAn3iXhyEsfR0gY2lOtvSmotmvV/lx+5C2pYKsf39QKzR1xLoKzYz9oIndWv7mHodC31Zd9uXECHCoHAIHAOISoECHEIcCAmkKL5IDLmaCcAzBM0gxAJWS1mjPP/nBpqprvTu4f2CfBh7zSbulpaWNJlKl2Q1EmolPTScxcXz7y7DNCgXgaWgb6pzDfZxGAOz948QQxJ6UxXKyyBZBOZvtmNq3iogqZOGH3T2eG4pEgQSoLZ1J9v7xLmYSq2kOmlmPPUBssdBDjCndRQnt8z6MBfraTIz4Z8DgquDxRrqmSx82YAlj7QW0JxES6KyRNlxIK/T0hioyxJxsXRxUJ0M0x5g1ot94ly7BDAF9ZoVQ5MAaYGasmwLEwbtrgHcX34S/Tw4Ul+Y7t6VFWBZrUvvOtsykPIQ4DTKVVRyJsoQSQcTDwCKeCpHBcbcocqX3YHnKnAAaBGDpvgpzFrDqgQt6d49cSDkYslwS6oCasDl0u2iuv3qFdCvEFlqM6pGA9Avvg95rjd6JoR7S/VtiV91OBRK/A4VwIQOFQPwCHCoHDppL4bdcQEJMIPAEeHmOGJAlFuaiwTSAXEjQsrywTCMIeINodgBFo2FPWSFEFAB3InBRkxorjrEDV8d0Zfam1fxsxbfvMZXfDRwDkkeRCwFAIhdB7zLr8Ymv15hFsCaQXpDrqKJ8zPZ+BSMOI5dyXfU1gu0NXZMFANjBxgSdZZlaC5eQ5TvkiGbWVLkILiJDpK5wyqb5EcBpCF/ExvBEQii6umoygtuTSBChv8VaRc1EEMPvKMWtaOsVBppvmi1td1eR6zQdiONolnE7CPWqrrALL3Jq37E5k7sAz7soaQw01vrWIAFAekzuEW1sQtu6zdJsLwDiBBJBwhwUSo6xgOsYDDqiYRGkUwXKZo71nWYDQl3pFnllGJzYAlmhLMsE8IajEcTGW6p2hnWA5awOoQxaXmkOkIWjUiaAjqq/olHQcoK21c1VgVwqBwOFQ4BxDgECBwIcA4AiaCdGmSVzTyUndGMUSGPC0lrwldVHU1jeuhBOfES2JFbw8kwYKwwSVVjnoHe9OBv8AFMqV/mJXbEiRSszbUXQ2hiKD22iynJSSlYdTMGtfk9HLseA3d/0Zq/qI6YuaBhKjtqR1aTvvFwwSjutEv2EP9bHcuSfM4W9jEg4Phg+5KJTyixRKNXXJrCLyZyBL289iPZaqV0FxnnZySFmaelih21qABOxUxaxWeD+apZMSlx7IvaP1Z0EIspUSJwTRZwFOVx4lN6M0Y9GSXJA8pd61+kCt7oyrZmaoynXKgxPtFiXPeAxd6VASxmkE6ZhAQEIIrwHEgkd9B2Fi2hUdbAb5gSAcDVSI9iN84dTwLY7jLipC0FdJS654AZWEA2F6ojUwDpb1+1OgETr8RblSQHC82zDs89Cf01ZqS6GEIuc3rbc724jFjDgcCH4B+BDMqEOAQIRU0sibqmyWwOAVwZR4l4Aw4GFMKMQCUxE6Ey9jzcy4jHMNQSmpKCITg0R0+8m5i7oSnzAczbkaSowkqVEJCslosTJg9r2R7mkHtdZpWxMuhBjBG2EaekbUtiakm0Mif93uL6d4y+Xs+amCyjRB5LgD2KqNjfyRJSx5Fr7DKgomTKDupuHuR3VvYqDUtwyx8C3sY8NRy477hwKdjMX294h2doizWb3KWkxqKBHXM2yeSM0EcJR6L9MzCewIsZceD+O4vBIWuCbrc5hfekIPSYvCskEE1UhZjONXMxLAYzShG8maTPlHLhnl4OQlEDgGTgkkHBUQasHLOiPTQgAICEEVA45GcG24wTmp8ynV4qZ5erwYwCV5zshcutZYEs8iUhc6tO8rld2YUr5GfjE1Zeribb97La9vwcAH4V8/R/UWaXmBKgcCVxDgEqVwCEqEVBek6VBhp5AYKyRm2HFGMVlvEsoixMWxpvKWHvmGrhMOUhtBLSVzNHubxw6a5f8AJYgTmZODDxjM77ZEQ1YVWGttxC2C7zhehzjUipdZuXfZYMrp+8YYcFaryUrbG+xLDDTvL7qavWZ4v3Jc2AQN0/UE1IrhI7mIOYPSi/AWO+8S/wDVwXFfBDk2rTMQmZRerwMihCG7GpWVPlxnuYR+kR4wYw/Gv5JcKNYCVdAjNyKOYwQOrhteRlvDiBCS2BIVEgRipqjHbzwTc0nMzCAYRXA4DfDTjNjMySzmUbwB1gseZE6woxUKICzmsvTZAbVdWKOoci5ffvM3zwmpDAkPxJd8KWa5EJpcT8KgQIkOFSoECaIRms1rMxoK4Cy64WWYTPisMMCSODcW0xLOrMeA0SJGEYe6EkKDl8sYSA0rHzMUBu8uUGf2crsyiJKicQnVlCqtJQT5H1mPYmuZlZVP2ZhuNTHmPE3pmmQHffiJRVioLlqVbIdDkjocBl6EeIlwXWojSF2HZ2gO06WRICZCCMl95A7M9JasVBMMGTuYUMEDX2sVy8Se2JkPwWPA8Ll/kYYDhuQYly4R4ZpjDJFSvwsRSlHkR0ENcwIE4BFcK/AiwlxzCVnguSt+CyXyIMXawHOOvrzhguRF/Z7DE0+Oq3Mc1OUFyS92+AeBDM0g8L4EYuBkOjOjK/1+EDiSoECVcCJAubJCXKaY4WZcXguXDiDDDws+GHleY6tDgCVhqOOOOaYy6hlu8xEYxLMOAay/DMauv/TtBQPX6/7iVEdY8ArCL2PRioYrdFXHld/7jA1b/MmKjfiCNWdhYaod8fuOnLvaaPnSiWatMwwY6BUJx5GZoR7TFFYr/DaAAwa/fv07MzEZ3elnk2NyYasL5S9EvHWWK8RACHJhqQqezg5YmPYmlCYcGXwrHhUqVxZnNjhuTPgw4GHhCcQguobUqCod9bEGBJUJcPxYfkESCu9FdpgiOZWCI12mlPYyzTBXpG6ZCOXxQ9oqxkKjwIMuXFNYEWDL4BCCciT7nCB+AlcGCVBuhc1bEKZYaSDB4GRxeARcuPGmWEamJsi2UpwSMILhXgIs4RR+DUp4RWEu4TJe06py4lRkquyujswPe58CUsqb0j2uLQEf178Fsb/Ml6pFPmaIfSbUD2lPiisC1HzEHFDDWN6SnT4mHgR0Ix7GexixhE4G4WjWqGiJY6mvtF9pv/Gefv51GseDuxEojMZj4Ajie0IaEOCokPxsuD+Bmxw3mmVEiQ1lQQZnwqEOSCFcNddDicSOYFfgMv8ACoR4dZshLs7v2zAYZ6qacnYTXlhxNZgxVhwrgTSLCDLvhgl8FwhVnUV8yEIcKgcGnEXdm03KGmIw8Ri0aw4TJxbDGqtSjR5Zq7jlAIWhIcQOB2mYQfBHZVtwSgcCiWhY4DMsNeIKaRNc0w5OyKgeg0eN4NCPc7m0WPozDx9MGfb5jBO13XVl/Ae7EmqPc0c5PN3GKu/ENjyj4FH7jGhDY03IQjceIcY1XTMu2RIkrhXAMuDWZTeI44XwTcQircXBil3wg08CYQUBYZ8eafBhBAhqPG4nC5pwZy4bkYlRlRhmDhJHgJqOMC5+iHAfwONyuFQiQ4EY7isYdXAgOBwWAkrgcb4kuDxC4QkJhBRjPNl4BCWTnJs80MceslvBcWXCFMuXxWN8m0E1NrtwC7xJTiCCbJRGXBNwYm6LJyTjAhBhnQlO3GjUHgTgSw1jg2sRumWtLKovGy+pGsbe1T2HUgYK73DzHUMMRffvGEqv/dHcEtdoNTdzCqzT6zXi5pyg9JX5JZ6Ta8iaMCa5hCHbQx4VXH7TNbczOZCAwpmL+EQBo01xTzyJDIg2rMD1TagiIsDUV3DThonw48eIy4P4F/AjwZenDcjia8CqLCGTH8AZJh3HgJr4VwOIcahK/G4R4TYdWFXA4AwzwIE0QOFx/AOIwl1CLgQq8pj/AFu47CawDSQWXNKS/AW4SpG0UIy14Ckb8OqM2RN2nO4BJIQg4ZNMLwhofUTocHVGsB0AeW0Och8K6YeFRAhAEOIceeIS6dCZqj0vI4bZNU67zgJzW8E2Cbw9LZ/vGMuN+ZHbEAGzzDlpoUS7ovgm3Pc3DI8RDIV+ZhOpAGjbyuXSION0dSEHBFf8QHkWkaxIx4fbYbhzJhnLicPLZHw0Y7ud9JezubkLMhInF9SKWnB4Yva4TSXLjB40/EYvBRNIMHDhTgxmzx54vAMvdhA4lx4hD8A/GppweMyteFTOAEJXBS4tcVhKgy7iS4MvgvElDyi1KRheBlm4wMrFI8CwrMYk1ZsBN3nMwHAEIQQkt+FVdCIl0A2glSs4ACJrLIcqhErhaBhBAyEEJCjVipWkIZLSyEq8CKqksTV6Sk9HHW3l6x5EMJaAyr1ZqU8x8sAzntmUY+M/3NOA95ewTLJ5VOpQ9gi3OpsSkTkwm4F0u0K01QLR3JtZ2doz4PAb7KCpPYQYzRslsSgRloFGWSfjFxaZ9n2I7KHDvmifEjwivglxhHE4aypUYcLijtKgZOC+Dxz4Z4JXAzNe7BBmp44VFhwr8Ti8BjwZWMWc6DgS00i3A47gx4PBRZcuX+C4LFXA4uUc+Bh4CZSMjcsPw88ljfBxYCHAwgcEk4Eg4FGNHKSiXpiUyrUgOCUhaEZS5kw3cx0hfBCoSFcMnVFYBKWClIAjCXhAYDD7Vw9+DJlkCKXgtRgpa8JHC+W5tl2xKdbY5gjuAnXGI+kBFVeG8uy7k2m7Ko9HRhzmmDZuc5mtHYc4sYuijYTD0iaQ45Qc5VIdpviyenQ0gUmgasu6/wAMwhn5YMRexNDjWPHcXgcHiwXwcRZI8BweGE1GHARTfuYQmpAlSuBwuXLlw/CocXMcXWJAIxwgdA2r+F995H1J5DyPP4v33nnnC99/yv3nn3nn33v33nsfOH/7x/v/ACfs/I+8P338L37z9GznS5jk/wBP4e+R8h5vzzh/fp/D/wALh9+gTwNJgWk3ReBvyS6RFqKmq1ihyeXxLrLRZSFUJgVZ3TzdPM9pncr6u8+r+k+2fuDY+zvMcboIug4KbpIuki6SY5SLchPIRX3EdWMl6tSz91Giabiillq2x+w/cHx8n9lv+z/Y/Yfuap9Xeau/RgSj1p8sCogxeG9XwIFpCfZLvGzWCINU3JQY2cKCUun15uIIJpYK0ZCrgxur0q+DDhWcDkrCV1gY8kX6wl6ymK0CD+jAlTAQC+X7tZ0dfBkfMB0gIFh2/iRKiT8EogkiJB8CSeCSQv8AgoLJLIKLJiRGn8iqksoogwIxHl6/iVVVVRx66KUbtEFxpppeUFKf8dTTTTTVVVVVWiytzCZUDVXUWtW3P//EADkRAAIBAwEECgADCAIDAQAAAAABEQIhMRASIjJBAyAwQFBRYGFxkYGh8RMjM3BysdHhwfBSYoCQ/9oACAECAQk/AG0lulWBxUVSyqK9H3J9x6VukrZW/IftJeiJMuX4gt3D9zh8jGRw7olLKFovAYkpzzHKeinpOJmMi8QwjhLULMlCdfmzZTXsimlr4RQvpFCheyKFDvhFK+kUopRSvpFK+kUr6Qtmoz3jiV0KY3Thzplbw/LPd1LYtqoSVTwoRSvpFK+kUr6RSvpFK+kUr6RSvpFO8r4RSilfSKV9IpX0ilfSKV9IpX0ilfSKV9IpX0ilfSLVZjqYwKeRmpzpTtUlqcJHTKleVji4TicUo6ROnLRXsUpwj+JQVpJXHbFQ4dV9M8Pb1LRl2Sq9VIpSsv8AYoStAlLvolLWyyrfH3fPD1OnphXSsOKm4Y4bgfEiraVRVs00l6ouVRSmOWt5D/dzs0jy4Gn0lThexXtU4aLVVbxVtUVWKoSK0nTll6qXs6YcVa4kccxy6Xp0bqTsU7ErZR0G1X5spituSiK6H9nRNLDZ0bqTe0oFv14Qt+GoFDiDFC/ZrR34tXvLqvssOUYmR6rcyfJjJTfB+It7mNTju/Pe0odUHR7EpwdBvxkp31eDomoKd1KGLdSuUOqiq9imE0KJco4nPRszlilJyxTVS9o6N04bkW1srZaKHRRTe4t14FCeBRLlaYW5rxTtDjSrYr8mdLSdLSdIjpEdIitFaK0Vo6SFmzK1Bv8ASD3s6YPk+etgW6h75bqy6bsUt5JpTs1y16OVgcPIpRjAj+ky2Z7s4eTdqK0VorRWitFaOkRWitFaOklzKlqDpEdIjpEVorRWitFaK0fE/wCBC0e7dE3MyJuN2TzikVxWHvY1wjOthj1uz46tVyGZMq4urgtLkc0KBQ8D3YFFXCO6GO6LoxkdzPVx4XU5TiBTMO5X7PzY+YoacIcyLI4i7Ghit1PnXOnwx4MZ0yZ5mMoU+QoWVpEFW4upyuL2Yn+y5+5TsrKIKmkX5iuZyKWjAreI5ktWKKjHIyrmcj92cHCOYFC5HIXUyfGiOEcyYxp8jh8hfvXjTOEOOZjKK7NyOacaKYuOCY5lLXI4SVS8SJOl5gwZLNmNPgz4NnsndsUitkvz/XR5to7+Qo8x34hWx1s6XWRzN/11zp+AtFdWRnkOxCS0xopktyOEqt5Dxgh+Zwcv9acCuO2ljPfaoY+wXUfWtfTOCoz5f41U1HJSZ62dHCFPItULZ6R8xDvgSbeR2yYyLOmRGRtopUM+CqdclqkOEzCsWRVZ2MaWY5ePA1111HbV25aOFzRwj33gUp30/pZjmO2etd5FDx+g3suxepGTGLm7UL2PgxgzjVw0UyUwVQxttYEUoTTyVxUVIXsUtvDE1yQ7ELkM+V39dy89MFMitmChlLaMGSpFcobt1GfCFbTOrH73Hs1e+PwKJTUFObjSLlItGO+R37ClFCFBUxzHiCllKKRduhDHOjKZF1udhzyHjA92ZXpLm47BxW8SK44eF7nCZ4tXfI2lCaFFFNMeFvssdquz80+w+UKWi8KUK5mJLt20cVq6Yo6VXFd3HZvYHuJ7Hf8APau2q1Xefk5de6GJrpC8WG22cbyXel/IV+RyisWW6/sZZpjhC3eyQhCkREdku3VtH1M96w79hRYV8ivl6cRVNeiscSuKEXcnHUi8WqL9Erv/AGY7F3HoiENCXjPx1PjqKKRl5FY5WEtVsv2wxbyWyPntIWVBxsc15fWpqKoKxytWMY7FXZPtMeB8oqPnr3myQpqLNbo5HEWHLmdatPkXnJVtVu5Zavq0rSlM6NCaGxSUi8a5buny+tniMTI4rwKeWrFcwIunCFY5W9Fcm3o15dbJfkKKsityZjTORl2hwh2V9M9RdVC6q8bxG1ouq/8A26uOorGEYiH2yFo9V3R6PV9/84OV11vhaea63O2jh5M47suzQtH4RyZzWyclPWemEurlbxzM8J5+Dsei1fenOjhJ31+dM687aJ+QvbRilCgtSWpyYwcmfJfmx5uzHgaFox6LqMei7lgctWZaJpXuJqqp6RtOxTp8aYe6PeqezpjAhiMYRapbzKvfTHM56YY7xsjEkxbnhaFoxi7jgsiiFXdyJbPFf/gUxYqaeEvIzapFTVbFKwXeRXvIprs/b8R/vY2/0OakyzEjmLPqfC0/q1guZEMfoK9BMMU0sXLalnEt5nL/AJLuypFvYMOUWeUVbmfeHyFvOIRZxcVqpRTFTbdenwfB8l6Vuo+dVIopM6Ie96CcCmkcwPdRanmZF7/oYiR5Q0lTvIu4LRCY8+QuHekezSrfOmJPMzg+dVKKh2RzvIt3kWXoNpDlDjS6yxw5/wCyRjZ/QpSvskunn/oqiSzpL8v0I2pFFbtV7wUy8odmIzkwr6ZemJgdk4LIvYxHoPBaoW7o55DlOxxIh1C90zi4iV0nEOXg4xSxQ0JXuWqyXHDeDiycTcmc6e7MXZanHj+XbsEXXkLZ/wC8ippDPj9BpLLRZsu0UQuReXtCvnS0Lakp37sUxKKrTtOSrdphs5KDEQYRdYMuxhWHJhW8bycRh9krl0LFh/Ar1DuT+xV7aZJKSNureY78xvawOGNXF7IdsHMtLnvtQ/AvkyjyS7Ne5vLJTfC0U1mWKHgucOBW5C3lZlF8CwLdQt7DFNdukYt/v68AZUYyee2tblXY3Qs2tkpiinEjs8xyK7K1y58Fln9RxQyZ5+5fS7uiIy/QKksTsEM/iTclst2eVpYV/wC+iIvYW7gQ0kizz8iilCheCu4hd7pbZCpH7mRoY79qvYbawWMDmLmG5YoWILPPhD73woW6K2DBYq3dHE3ReocdpgyJbIxJrDFD4Wcb9CyJscLS7McjBjkYHNJns0WeRQjC9ELVborYL0sc0l1pntEp9CMV+wvS8ovR/b50zzWlqi9PoypIU8zA5of5PyZk4lldS7EXZelnwfLXl8exYcV/kzOufQ7hFxw1nT8DOBT0bszgd1rUyoyKKcF0Xp5l6P7aWr5rk/enT4nS6MGfQztMD0W69P4i/NGBfu3+T81q93+wy3SrD/8AL59zK0xkUpnDlryLHH/fS9I5p0tUY9DcauvjThdtLM/HTK4T4MPJwaW6VfmKNMmRe7X+NPwf+dMHCOxnz/zpar0Gt4VykRSIXsUlIr4EUiEU3KSkpEU+4hWKSkpKSmxT/wDAOR7KKysrKysrKysrKysrKysrFbxfdRWVlZWVlZWVlZWVlZWVlYrdb+laVwlcu6SZHM2X+zjSTY3KSTMO44cbQ7PA4q9xzV7DxkbG3zHNLMOxy8VwrLqK1QpjiZWv2av8fJZzsr3K0mPcquypNlSRUnSVoxqrdhW6UPapjbkqoppuoemYQuSZ5IvaTgOI4jhgXNoXme+nsvFfPqOKosKOlTlimmIFvUtwLaqkW7wiiTo9uLJFGxQ6XYpmq57rsXuPSm7KYKRbjKbVZFuYMKwt/hFIri3hRIrO7Fus4TJlufFeFmNXekq2a0OXUVPZd2jpHSncqc0fmO9JU6K8ODpHU6lsjtdfY51fXqsNDQ0NDQ0NDQ0NDQ0NDQ0OX4vVbRoaGhoaGhoaGhoaGhoaHL/mJj/9oOMzh6P03gw9eH03b09nxdC/kFkRxaWfoxYLchWfpxw9KW/Iz3J+i89murnKPjRC8FfpJj1QhasqGP0Gxj1Qhasb9FIQtGMY+t5P095P095P095P095P095Pu79D+T7itGIXonyfarVejvJ9ihlxekvJ9RCGKRelloxel1qvTD0XpZaMX8l8/wA3v//EADIRAAIBBAADBwQBAgcAAAAAAAABAhARITEgMFASIjJAQWBxA1FhkYFwgBMzkKHR4fD/2gAIAQMBCT8AF0jDHR4H1FjNdGwZWxUXU0b9CVkdpobRJ/tknd/lkndY2yTJMkyTJP8AbJMfaia86/L6Q7RG3FbJMk/2yTJP9sk/2yT/AGyT/bJYeNsk/wBskyT/AGyT/bJP9skyT/bJP9skyTJMzHRrh0qS7LMy3c+k2/ua2eFXkyFpaTI9qbV2f5cyDb0b3E1HFNeLnxZgQuF5Hd8GxZ4V5LW+D6Tu8NmYoylcXhZHstEe1KR4bkbtoW+6xd+3aZpZE19OKuyDjLaMxjgj2ZRyRu2RbUvQ1Jdqm1jh1JU+ootEu1Z3Z9bsw+w7x0yd4SPqJvaRNRaVncfcjtj7t7jurmO0/wDEdNeGuuXryWvKendpPs3PqdpXyfW7n2H3Hi59RNu4+83dD7zJ9mUcErtDvZWZmKtM1pDs2rI012T6l/RDt2u8ifanLA+8tju1sd7Kzpt97iXaj+CDIMgyDIMgyDIMgz6d2RdxdmJiK8m7Pi2brjg2ZN+RWDMSDIMgyDIsgyDIMgyDIWWmQZBkGQZBkGQZBkH5Rec3yPF1F8t441zdj4Njpl9ckNNLBhceFRc18Dzwbpvo6xzd8Kq+RvfLfCuDdNU30CNyNpcFu1qVuB90RoV/R3I9m6ViSq7Dpn7UVuH45u+ahca6MhC4sxw0K1scWtV+OHfJXFqu+B0VUKjqurLidFzXkXIfX2PySquX4t+2lRZprXBG/ozTz0tUed00ZQuDXNfk/wCTTyfBrdNUzE8DweHLQsrPQ90WOBZMGbm67GM3T48x88lYey3ZosGnfgyvU9cHxTw03ymMY7DN8pjzsyLg1waM3yLvEab2IjZjMs089CZvVVhCozRmvh8SFvlQwQZdDumJsg0N3WeX+Fw4N7rqjux50aEKuX0Te1V8Tw3enyaMRWFxSRG5AxVH6IEO8LlLIuZvpXya5CzT0skK3JdJNH1WO4lSXsL44d03wfI/ZfxyVxqm9cTqqMfC/YuuJ+QY6Kj5K5D4Fwrz/qfHD6V+PPvlsfUPXPU0Kj6P88H2tRj3g30t0VWOqFR+a+eQz5NaEPHHofS2Oio/J63wOurUeDfI+aehqu9137E1umh+ljVNG6b5HpT5dfjgeTXsbR8UxHl+tXRfiu/YiPF6EcrdfQ1oRuq37Tyh5PFe5rSPUYsU3syzbNC/JrVF7SV0sCyRpiXoZFT+B6P5Nap8efuiXUsM9cGb0edm2aFgdnTZhmeCODfm0Ow7n07kBDJD6L88eHo+TFsolXYsrNPQ3s2b8+qSsSdELqGHqiyIWH3T4Nm/Y2qZbGjPNXA8I2smrYNm2fz0aLXoTJX85GmBi5zMMyhfk0St65Fb0Fjo+BDaHd381l1QjYtGEZRjmaHkRsyllDx0R+f2bqqYRsddmuax5fsd8DN7NitI3ztexEPFNcWGtMxLgzExL2YhiyLvao/jixEw6bMmY8Hh9jqivfVP5piSN1iRNDuzCNm6aev+6ZjTfsnVPEqaeVTdNnip4H/tX4NniNGY03wb9jeF02jTpumns+abp4DPBumV/wC0aNmJUyjKMx9huyJEiRL8kiRIkSJEiRIkSJEiRIkSJEiRIkSH/YCu0QIECBAgQIECBAgQIER56vlkSJEiRIkSJEiRIkSJEeeL1y6QvcwmWFa2xXg3ZCVr3RvRrRtbMxMR/It6LCRtDzvq23l8DzEdvsRfbZlNdoi2hd9aItIVxWZFm675Ee0xdmV+zYUpSwz8Grj9T7n3seI8Jo8Vx+iH9usatwK8b5Hf6foPI8NJsdo2PFsdyfYvlku1NO1yVo44fvw+JUlZIdyQ+8h5Wh97Zt5H3NmB4Hgd7DysIfeMyppY6r4kbqvER7UWKyiRXaWEyCk1gjiQrqRFShsgopPtCzhityo5ExMTExMTExMTExMTExMTFZdXWRMTonRMTExMTExMTohW9mv2wr3F7ed76437XWeN49vI1/ofKrH7Z2O8WeF5QiP4QsvPtrx6Nxz/AAz1wZ9B3n6+2cH8Mz6J/wDNN+21eqH+OrPom9JDvJ0Y8Wv7ZWRd94+ELurCr4fT+lOhoat7c2O6MQ3wPma9lLqr4ULoi6WheymMdUL+/Ni9sOi9sOr9rsVH7WdF7YdF7Yf9puv6vf/Z" class="product_picture" alt="Kitchen Faucet">\n                                            </div>\n\n                                        \n                                    \n                                        \n                                        \n                                            <div class="carousel-item">\n                                                <img src="data:image/png;base64,/9j/4AAQSkZJRgABAQAAAQABAAD/2wCEAAUFBQkGCQkJCQwTDg4MDg4ZEg4SEBcOEBAXEBcXEBQXFBQaFxMTFxoUFxgjGBwZHxoYIRgjGCMiIiQnKCMXJzUBCQkFCQkJDAkJEyEXDhoiHAwYKSIoGiIkIiIZLCIoISIUIyIaHx8aGhwYHCIaJCQjDhkkIRcvGRoXIiEnHxckKv/CABEIBW4ErgMBIgACEQEDEQH/xAA2AAEAAgIDAQEAAAAAAAAAAAAABgcFCAEDBAIJAQEBAQEBAQEBAAAAAAAAAAAAAQIDBAUGB//aAAwDAQACEAMQAAAA3LAAAAAAAAAAAAAAAAAAAAAAAAAAAABFKirmxzYXAZn0FF9uGuMktQ29rSbK86ifZtvzVNcFue6soAbftdNiwAAAAAAAAAAAAAAAAAAAAAAAAAAAAAAAAAAAAAAAAAAAAAAAAAAAAAAABxzFCUfeGzIAAAAAAAABqPaNt1cYy5/B6zVrbGKSwapbWxQ19sie5Y1Qvyb1cdWaz2fNX9rYtKQAAAAAAAAD4+8UMqAAAAAAAAAAAAAAAAAAAAAAAAAAAAAAAAAAAAAAAAAAAAABVdqVUSSYwuZH0AAAAAAAAAcHLjkAHBycHLgcgAAAAAAAAAHWRbjz+slYAAAAAAAAAAAAAAAAAAAAAAAAAAAAAAAAAAAAAAAAAAAAAFW2lVhT1ryialZfdlCtebJFb/NlCuOLIFcfNkiuOLIFa82SK3+bKFcfNkitvizBWfNlis/qyhWSy4wRvrzPUeH6yGTIysH1lbc2QK14ssVxxZArj5skVxxZArXmyRW/zZQrjiyBXHxZQrfC3ENW7255JYAAAA+PsOBy45OOeng73T2nJwcvP8nqfH2AAAAAAAAAAAAAAAAAAAAAAAAAAAAAAAAAAKqtWOmLm2JywAAAAAAAABwxdOF4VxFrHK74s+vTjN69V+bocaM9RvF4NKek3Y9ejfeb3evSeyDb320BZJNmNyJyAAAAAACG92Y+jJAAAArTwW0Kl5tkVQtcU7zcIpxcQ1dn3nuIq+ZycfP3xyAAAAAAAAAAAAAAAAAAAAAAAAAAAAAAAAAAAAAAAAAAAHzCybURgLwKlunG66l66+VNNyBenZqwjWOebEZEojK3IKl8lycFE4DZDsNNq5/RLxn5d5PfylyK7HaQQ4/VTnSLbAlr4+wAAAADjkAAAAAAAAAIFOoXNT6AAAAAAAAAAAAAAAAAAAAAAAAAAAAAAAAAAAAAAAAAAAA+PqhjNx7MWuK1iWuhkMpYt4EBtLNju+oLURfsS1ciRs/G9cvOX910LyX/AJbWf7NuZjo7kD9AcnotZxsfSE9n5+a8b/TrVAsbYH8lNijeDkAAAAAAAAAAAAAHHPBBpzAp6cgAAAAAAAAAAAAAAAAAAAAAAAAAAAAAAAAAAAAAAAAccgBx8UIdOfx1zn3rV6abPJsVk7bPHmOunCe0JXH2YDwbW3AacWNseKg9dqCqMFeg1erreUfnV9b6Uca4dUs7jC2jWuHN4ZzoJfZ7tG/1KhRpd+gv5kTI/RZ4/YAAAAAAAAAAAAOOeCBzyBT05AAAAAAAAAAAAAAAAAAAAAAAAAAAAAAAAAAAAAAAAAA4QYiMUwF/GbqSd6fnGzflt07vLxrYZCnJFtaVndvcHIAAAAPn6Hh1n2m4NC85sLq0ePHWjHCbbH6H2cbH/nt+jmANTd8/yq2vNp3HIAAAAAAAAAAA454IDPoJOj6AAAAAAAAAAAAAAAAAAAAAAAAAAAAAAAAAAAAAAAAAPk8ep0z+iYWR0UwU/asB2iMr3eqjSL4P2bVnh94AAAAAAAAIrKvg0DnO0+jRLoHanjOzanQy6CxPz+/VnV8uexfzP/S0+wAAAAAAAAAAOOeCCTqDzg+gAAAAAAAAAAAAAAAAAAAAAAAAAAAAAAAAAAAAAAAAIjLdXDB33DLpPBpxZPQWdZ/h5IlRfGzBkfYAAAAAAAAAAHEWlXB+edr3Tp4T2vrurkvG7tDtwjSe87g/PM/Uv6xOWAAAAAAAAAAHHPBBZ1A52fQAAAAAAAAAAAAAAAAAAAAAAAAAAAAAAAAAAAAAAAAIXrxnJSTnOe/X8rLZiodlj2UPadFFmWj8/QAAAAAAAAAAAB8a3bKdRo9ZdTWQUza/RUJ+jOmV7TY1q28/MH9LjIgAAAAAAAAAcc8EEnUEnhyAAAAAAAAAAAAAAAAAAAAAAAAAAAAAAAAAAAAAAABg85ryQHYCB3Gd+m12VkXfZmJ8pS1w09saOQAAAAAAAAAAAAccivNOf0J0cLV1zurzmC3H/NfeIoWb2/okfpK+foAAAAAAAAAcc8EDnkCnpyAAAAAAAAAAAAAAAAAAAAAAAAAAAAAAAAAAAAAAAcHxqNsJr0XRZ0H+DW626O21JfQl3a6l4ytyAAAAAAAAAAAAAAK2sng/PvYegbjNYL2xNVn6Q6BboV+TKxtPtwQAAAAAAAABxzwQGfQSdH0AAAAAAAAAAAAAAAAAAAAAAAAAAAAAAAAAAAAAABDJnSpKYbdfmNbuvM0aWTsbTeHLV8FMbZGT5AAAAAAAAAAAAAAADXasNwNATY7SrerUE2ruvTjds/Pv9C9D90jPAAAAAAAAAcc8EEnUHnB9AAAAAAAAAAAAAAAAAAAAAAAAAAAAAAAAAAAAAAHB5KnzmZJdE5bVJS0O9meNhJ9ifaV1PqryJa7jkAAAAAAAAAAAAAAA+dEN8dWzN1hKZEau79/m3vWRvPzShDbkAAAAAAAADjnggs6gc7PoAAAAAAAAAAAAAAAAAAAAAAAAAAAAAAAAAAAAADjnpKat6nbsPLRFya3FaXZSm1RZXm9UcNfdm9btoDkAAAAAAAAAAAAAAACqrVxBpvfesm0RoTtdrtbZt1pxunpIb0OOQAAAAAAABxzwQSdQSeHIAAAAAAAAAAAAAAAAAAAAAAAAAAAAAAAAAAAAAEPmHnNdrSp2HF/66zboIvtnr9sGZipbX1nLCuLD5gAAAAAAAAAAAAAAAAfP0Pz62n1u2NNYeZTXRv8A6g7X62G2frjsiAAAAAAAAHHPBA55Ap6cgAAAAAAAAAAAAAAAAAAAAAAAAAAAAAAAAAAAAAAROWDXaKbacGprYrAEEjEyn5N/oAAAAAAAAAAAAAAAAANJrvqW1yuaB2W1fP0Ap+266LGn9TWyAAAAAAAAOOeCAz6CTo+gAAAAAAAAAAAAAAAAAAAAAAAAAAAAAAAAAAAAAAAAAAAAAAAAAAAAAAAAAAAAajWZBJ4RrU7brUM3/hU0ih77ipa6QAAAAAAABxzwQSdQecH0AAAAAAAAAAAAAAAAAAAAAAAAAAAAAAAAAAAAAAAAAAAAAAAAAAAAAAAAAAABxyNXpvD5qYHT3cXTo3/jEniR7Lnp+4AAAAAAAABxzwQibwSdH0AAAAAAAAAAAAAAAAAAAAAAAAAAAAAAAAAAAAAAAAAAAAAAAAAAAAAAAAAAAADWacwafEb053I04N/odMYYZy3antgAAAAAAAAcc8EDncEnhyAAAAAAAAAAAAAAAAAAAAAAAAAAAAAAAAAAAAAAAAAAAAAAAAAAAAAAAAAAABxzwa02LXtlES0y3W0pN/obMoaZ+2aptYAAAAAAAAcc8EFnUDnhyAAAAAAAAAAAAAAAAAAAAAAAAAAAAAAAAAAAAAAAAAAAAAAAAAAAAAAAAAAABxyNbLOrGzyLaUbsaUG/sOmMNJRaFa2UAAAAAAAAOOeCAz6DTg+gAAAAAAAAAAAAAAAAAAAAAAAAAAAAAAAAAAAAAAAAAAAAAAAAAAAAAAAAAAAOORrbZ1Z2YRfSjdfSc3+hk0hZKLRrSywAAAAAAABxzwQOdwecH0BjsjrkX5RPT7i/wAAAAAAAAAAAAAAAAAAAAAAAAAAAAAAAAAAAAAAAAAAAAAAAAAAAAAAAAOOeDXCzKys0i2k+7GlBv/CppBya2TXFjgAAAAAAADjnghE2hE4OQDVE2urWm/IbcgAAAAAAAAAAAAAAAAAAAAAAAAAAAAAAAAAAAAAAAAAAAAAAAAAAAAAAAAA1xsqurFIvpPuxpOb/AEEnUFJzZFaWWAAAAAAAAOOeCCTuCTo+gMBn6gLf4qS1TvAAAAAAAAAAAAAAAAAAAAAAAAAAAAAAAAAAAAAAAAAAAAAAAAAAAAAAAAAODXKyqzswi2lG6+lJv3CZtCibWPX1ggAAAAAAADjnggU9gU9OQNNdytWiI5GY2uToAAAAAAAAAAAAAAAAAAAAAAAAAAAAAAAAAAAAAAAAAAAAAAAAAAAAAAAAAGulj1vZBFtKd1tKTfuDziCliT6vLDAAAAAAAAHHPBB5xAp6cgcc6pG1nOqVqFsvn6AAAAAAAAAAAAAAAAAAAAAAAAAAAAAAAAAAAAAAAAAAAAAAAAAAAAAAAAHHPBrlZVZ2YRXSndTSs39gs6gZYk/gM+AAAAAAAAHHPBAZ/A52cgap7WUkUxufqDs4ScAAAAAAAAAAAAAAAAAAAAAAAAAAAAAAAAAAAAAAAAAAAAAAAAAAAAAAAAAGt1mVpZZFdKt1tKjfyAz+vSy57AZ8AAAAAAAAOORBpxAp6cg4oW9dQy1Lu1U2NM8AAAAAAAAAAAAAAAAAAAAAAAAAAAAAAAAAAAAAAAAAAAAAAAAAAAAAAAAADXGy61ssiWlW6ulRv9XNjV0WfPIBPwAAAAAAAACBTyCTs5Ao+8KbOc1Q0/Ng3HIAAAAAAAAAAAAAAAAAAAAAAAAAAAAAAAAAAAAAAAAAAAAAAAAAAAAAAAAODXOy6xs4iWle6mlZv7XVi1sWdYMBnwAAAAAAAAOCBzyCzsAapbWjUHbT1AAAAAAAAAAAAAAAAAAAAAAAAAAAAAAAAAAAAAAAAAAAAAAAAAAAAAAAAABxyNbLRq20SJ6V7q6VG/taWXWpaFgV/YAAAAAAAAA454IFPIHOjsA454OQAAAAAAAAAAAAAAAAAAAAAAAAAAAAAAAAAAAAAAAAAAAAAAAAAAAAAAAAAAa22dWVmkV0q3T0rN/q1sqsS157Ap6AAAOKsjZe6m5uS4AAAEAn0DnoAAAAAAAAAAAAAAAAAAAAAAAAAAAAAAAAAAAAAAAAAAAAAAAAAAAAAAAAAAAABrbZ1Y2cRLSvdTSs3/q60atLan0An4AABSUMnECJTO4LYZOAAADggc9gM8PoAAAAAAAAAAAAAAAAAAAAAAAAAAAAAAAAAAAAAAAAAAAAAAAAAAAAAAAAAAAA8prtZ9SWyRTSvdXSo3/qy1auLVsCqbWAAAKUr2xK3JtZFeWOS8AADjnggU8gc9OQAAAAAAAAAAAAAAAAAAAAAAAAAAAAAAAAAAAAAAAAAAAAAAAAAAAAAAAAAAAY7SXdzRI2/kmNkxrhqHs9pofoNaNHX8RCgdi9WDeIAAFKVpZdYFiWTXNkkqAAA454IHO4HPD6AAAAAAAAAAAAAAAAAAAAAAAAAAAAAAAAAAAAAAAAAAAAAAAAAAAAAAAAAAAB4NE98tDzc6RxyTmqWmO5+mBvRf8Ar/sCRvVfajVg3iAABSdW2lVJaFlVvZ5IQAAOOeCAz2Czo+gAAAAAAAAAAAAAAAAAAAAAAAAAAAAAAAAAAAAAAAAAAAAAAAAAAAAAAAAAAAeLRHe/RA3QlMWkpqrphudpibz7A6/7AEb1Y2n1WN5AAAUVU9yUIXBdFCbHHpAAA454IJOoJPDkAAAAAAAAAAAAAAAAAAAAAAAAAAAAAAAAAAAAAAAAAAAAAAAAAAAAAAAAAAAGN0V3p0WN0ZDHpEar6Y7naYm9N/0DfxG9VtqdVzeMAAFNUjdtHlw3hS11HYAABxzwQSdwOdn0AAAAAAAAAAAAAAAAAAAAAAAAAAAAAAAAAAAAAAAAAAAAAAAAAAAAAAAAAAADG6L72aJG6EkjcjNVtMd0NLzem/qA2AI1qztTqmby/EN7iW/WoGBN3WnGZLFpCTYUui4amzRYTG5E5AA454IFPIHPTkAAAAAAAAAAAAAAAAAAAAAAAAAAAAAAAAAAAAAAAAAAAAAAAAAAAAAAAAAAAHi0P3u0RN0pJG5Aau6XbpaXG82wWt2BNqoHSOULB9EHiZtD9awfZsxjaF9xbPxX2YMp5c7YB5ufBhSxuertAHHPBA53A54fQAAAAAAAAAAAAAAAAAAAAAAAAAAAAAAAAAAAAAAAAAAAAAAAAAAAAAAAAAAAMZovvZomboSCPyM1b093Aq82++5V7CucdbXJXs68PWdviyXeRXE2N2lN4e++So5z78EdGAyGALMzcZkwA454IDPYLOj6AAAAAAAAAAAAAAAAAAAAAAAAAAAAAAAAAAAAAAAAAAAAAAAAAAAAAAAAAAAB5dDd7dEzdCUReSmq+vuwmlp+m/3SGJNiu6gPSW35KaxZsR30F6S/O2hcgXb6KU9xcmJ+fEebA5DAFsyzDZkAcc8EEnUEnhyAAAAAAAAAAAAAAAAAAAAAAAAAAAAAAAAAAAAAAAAAAAAAAAAAAAAAAAAAAADw6Jb26Im6MnjEoNVdL9ztMDeiWxDYQ0Ri+/umpCIX+gevBTHuyXjPbk4n4iyfbTvkN9cvrlfp58d8zMs/u45AHHPBA55A52fQAAAAAAAAAAAAAAAAAAAAAAAAAAAAAAAAAAAAAAAAAAAAAAAAAAAAAAAAAAAPDojvXooboyqKyU1W0v3R0uN6Nh9eNiDA6h7e6gm9PH0INirNFKx/YoarYTcUaQWtsQKTur65AAHHPBAp5A56cgAAAAAAAAAAAAAAAAAAAAAAAAAAAAAAAAAAAAAAAAAAAAAAAAAAAAAAAAAAAx+ie9miRulIY9IzVjS/c7TE3o2H152HMLp9uDp8b1AAAAAAAAcc8EDncDnh9AAAAAAAAAAAAAAAAAAAAAAAAAAAAAAAAAAAAAAAAAAAAAAAAAAAAAAAAAAAcY7Tk230gsymo3ukdZyatetNNuNRzejYTWK+T16Z7SaYx+i/q1PjFbrc9XaAAAAAAOOeCBT2trEO4AAAAAAAAAAAAAAAAAAAAAAAAAAAAAAAAAAAAAAAAAAAAAAAAAAAAAAAAAAGA/NL9Pfz3NsJJjrDisa0sfWmoxTVgVebBXXrRa0bEySIW0VdpPvVrEbx+rz+igAOrFZGNmT5xfyZfnD/AGZVgvgkPjxXUU3edI26SXIxLPGXcapm1vRqzVxv8AAAAAAAAAAAAAAAAAAAAAAAAAAAAAAAAAAAAAAAAAAAAAAAAAAAAAAAD5oW+69w129V+eTjqh4lsl4dzVGO7h9Mutssuz3JVmWs7KLQt9erLEr54575AAAAAAcc8FZWPCpyfXIHXVxaoAAAAAAAAAAAAAAAAAAAAAAAAAAAAAAAAAAAAAAAAAAAAAAAAAAAAAAAAEDnUD4ai3Tke3wdfF1SLp7SN92Q7OdzeAmeM6Zx3XnvDdY+aRKWXGc5459vMKAAAAAcc8EFnMDnpyBp1uJpIRq5ojaRe4AAAAAAAAAAAAAAAAAAAAAAAAAAAAAAAAAAAAAAAAAAAAAAAAAAAAAAAEUlaWr1mcctQf4pCY4THvhVYct7SeLGx3Um3xDLn74hcp9bcDUAAAAAAcc8EFnMEnZ9Acc0kXYpOdEzAAAAAAAAAAAAAAAAAAAAAAAAAAAAAAAAAAAAAAAAAAAAAAAAAAAAAAAAA+Pvg04terbKzrt1N2r1Rmtv/P8AHQnF+6/bA6wFAAAAAAAOOeCBTyCzo+gNU9rIgUFsRQd+kjAAAAAAAAAAAAAAAAAAAAAAAAAAAAAAAAAAAAAAAAAAAAAAAAAAAAAAAAA45GnNq0/buN+TVrazU4226PV405vuib21kKAAAAAAAcciBzqBT0+gNVNqtJiX7UaWbqH0AAAAAAAAAAAAAAAAAAAAAAAAAAAAAAAAAAAAAAAAAAAAAAAAAAAAAAAAADTO16rsXO/vVXafV+Nquns8ae6+aNvLWeRQAABxyAAADgr+e0NeB7QfNSW7qmXRK9NJgbaOrtAAAAAAAAAAAAAAAAAAAAAAAAAAAAAAAAAAAAAAAAAAAAAAAAHz9akm02Q0425Pdh6ihptNzVVqmAz9ESItVTNynOBqyIGz/OvN6GS45jZ6sXxKYhUFvHiov3STqOv01tPj3AAAAwNfW8KjW5yVD921yVJzbQqXrt7g18lNtipplJ+Dq1k2gGku3Mh5AAAAAAAAAAAAAAAAAAAAAAAAAAAAAAAAAAAAAAAAAAAAAAAAAGqG1+up77QoK0iOVtbMWJhcVU2san4qeDD4ew8gWtr57PssqlNk6MNhYtKYsUdYecmJDuJ2IHi7Q6zU7air7OMgAAAAAAAAAAAAAAAAAAAAAAAAAAAAAAAAAAAAAAAAAAAAAAAAAAAAAAAAAAAAAADjkAAAAAAGJywwuZ4+gACKSPs5PsAAAAAAAAAAAAAAAAAAABxyAAAAAAAAAAAAOOazLM416tMmahsqXHzVVqhjqHLglOsWVLc6q+jJc8x1ktksHmipiZ/L6g7RmW8WL1vNw0Dg5ekOjdcmzaqfEXIVMWzF8PFy6OKCmpZDXi4CTurXo2K5rCOF481nXxsZzW8sMrjIniC3GvksLY4qDzF0td/QbAIjVJsHzWkANieakrc2iwkU0fP0nw/VoifoWgMMLwVt1FnwvHd5I+nXrxmx0kgMbLi415Gw/EQqA2O518tEkXv117i9vfU1skQzkRpk2P69buo2yjEnqItxVkNNheY9TxZ0z1MlxeGWp6ckowua1BNvvNTVOm4fnrH0Fttc7LPVLK/qMvSSQ+jja/mk8AbFqEmRZDXn4NicThqoLVlWsY2kh0v08NufLrvFDaCU13YhFZTUIt7mgrOJdG6ughtj4aT6i/3g94AAAAAAAA1c2j1dLuoGX22Q2gNtYGRuRZiyjXS1JRRRg1s9xUPbbfwVNHb7+ypfHOJaQS06ivAwUHtHHGu0nsuKkNWp3muM/sHzlsUfeFXGMh9mfBVcvw9klL2fGbaMxr/sNCzXSUW3GSA52xtdCV2nl6zPHjrl6CNUrtRFognhsLMlQ99tqovP3DWZCbfy+eKh7rNgpcenewHYajWTdvaQqk9j4kZGB3GLGgPVFiDbCRnEFVZGz8mVX77O7ipZRKcqVbFb28REZXWl3kAtaN4E5pudSIpbpuTwlw627KQMpiZTHKGt+2GBq4isknecMXBvu0SsIjtBX5ReD2Z9BX8SvDGFf4e5sSVLfNRzMry1a9lZXnhuj5Ku8tviK9NicGu1ryGBniwkwmhLtWrtiJDsHe3iKs2qq+0DWzot0VH4Ls9ZMNaJHOCqZ/mK3LLnPl9QAAAAEABQCOyIAAAAcORxyADjkAAAAAAAAAAAI7Ivk8/q+fg+nhjXj6TH6rr3ePrOuMJlfpefu5O0AAAAAAAAAAAAA6u0AAAAAAAPj7AAAAAAAAAB8fYAAAAAAccjhyAAAAAAgAKAAAAAAAAAAAAAAAAAAAAAfH38R84f21P8r1dXh6ufw/6Hsc88N9thVxlvr/PuD76+z978EKAAAAAAAAAAAAAAAAAAAAAAAAAAAAAAAAAAAAAAAAAAAdX1E0lHbXH3VjK/7VnXMKkEZUAAAAAAAAAQFAAAAABAAAUMdl3Ymq/L+f8Ao5PC+zt/J/Y8f138+bv18/fq6cuyZyP1fufgd338ff2fGAFAAABAAAAAAUAAAEAABQAQAFBAAAUAAAEABQAAQFAADhOQoAAHXDpZDLPXz4vrs9LzfJ25jCVlzuw/OsEvxbwVH6S0ea89yTT6hPiWw1c96T9D/YSRhPszDE/Zk2M7D3vP2HY6O45fH2HWjsfPzXYeY9Lx8J7XV1y+l08nacHLo5rsisnr/l0qjNxGa/zv9I5+frwdeePr7jq+/rjvzuP2Y3Jf0r8v9/fw7z7cDlxzQBxyDg5fH3B8j6cDk4OXHIAFgKAODlxzAAAUEHA5AcfJ9uOQA4HLhXLjg+nHIPmPpwOXA5fH3Q4OXX2B5PuPQ4VyAcHOFyFFWTz3VzntpVzE/omfMK6y3eyBTzFx8Rz0F1M7z1/O3d189J6NLtxNVeO7Tnfhzes+rnGcmR6un5X6kFb9WbM4v5I3ZMvRFPtJP0YP2mQ4xvVWZ68Z0Ge+sL6j0d+L4jK9Xh+TPdOO+YyXfhchXpeLuMp8YvzJnWP9Vvm+vj7j6c/Nep5+T3RSSRbGopYUCnn87/SfXP3z8rvx9cIfH07YzXqwPq/pv5nLfOC+vXyy7Dcy5vuj/wBxlenwdp3/AFjOgknZHfUZV4eqzKfeERIuvEfS5BjOis73RvtMt1eb4Mj2YL6M394DtjM/OI85ne+L/BJvjCdpkucZ5qz/ANx7iM6wX0Zhg+rSRdkZ9UZv4xHBm/qN/GUu4ivdUh6cJ8VnvuMCS9kZ7okfxHvoz/bHuTNMJ16ZzjAd5muMH9xmPL4fiM95MX1GX7MXyRrK+ftrB52FSeMzx98nl6vZ1HZrjs5rTL3bNa27Hbn1z8fe89vS+7fbZFbWTxsPpa5aX3n0d8M8fWWD3119xN9LdxZbw61VJJd3swTvlXnrD+hipK6s6PR+23sBV3WXH7KC8xsZ6dbO1dkunW34NmuzV76TZz71f81bUtYuyNn+vWTvNl/vWDp02g+9Y+uNn+rWLuXaXo1P7a2l92r3lTZ/u1i7ctoPJq56TZz51o7TZKJU16MbmVkQOw/57+i6fr4+/k+gcRwd3bn5PbUGJ/pn5u8vil/v2c7m+ai+JLp66f8ANFz+ikfOXh80n3F199MKu/5oHqq9uimfaW566b+Jbr6aJ+bLr+qk74uL7pbxrd/RSXoq4fRUfKXHzTHmq5+KU9UW/wBtP9WVxfNNdZcqou0t/tpnjS5vJUXJbfbVP2WtxUHhLo+Kc7S4e6neS4OaR+C7PmmfSXF901zFxdtKcl29VM9hb/1TvxpcXppfnK5fil/gvL7ozpi9+aK76unvoj0FvzvVP1FyTTWqUZbLdOu/kNkuzWzLknoKRUdUk280b3DWV/eD6riQfGH7Lc/PKztDFiVDbUE0y8e6vTuaV/G5/SUXsZ4vdz18PsfL6Hy+h1dPrGN9XoHl6/cPH1ZEYrrzIj/OfGA6pIIr68+IpxLERPpmSoj6pIIR7ZUIZ8TZUP6JuiEfc0EE+J7yV95LMVWkTvSEcOlCznD5b+c/pfr6++PH0445L19r2erj6O60+3+j/mqtWr9ejFUcWwKp6rbFT8WyKm7rTFWfFrCpfi3RVHdaIrL4tAVV9WmKyWaKz81qip+y1BWXFnCrOm2VVJ6bSRWfzZwrTrs8Vh9WaKv+LTFUc2sKz7rGFV9Vsipvu1hVq0hV/XagrHtskVh9WaKt+rQFZfdlCtfizRWazBWnNlCv/iwxA/qdCE8zUU/ILAEN+5eIn2ShEX8c0FUUBuhWlU1YfPHXPt7/ACeiZ9PPX8ktlngynPoEBAAUAAAAAAAAAEBQAAAAAAAQFfHhyHzlVOFu3zfI9tJJTDfyH2vVz1fHg79nq83PXnacgoqZ/rfjWW6+z9J84KAAAAAAAAAAAAAAAAAAAAAAAAAAAAAAAAAAAAACHHKuPjsHm59Curze4fH2QAAAAAAAAAAAAAAAAAAAAAAAAB8vriPNUFzYr5fppr6zGJ/Eff4c/Xm6dUr8FlfoflZL74+v2XyA0AAdXbGCS/VR22curk7HX2Bx8HY6eT6541xNj+daNiD1qSlBY31A5ud7qHb1cdZ3dlJXQdr5+gAAAAAAAAAAAAAAAAAAAAAAAAAAAAAAAAAAAAAAAAECUAAAAAAAAKAA+ePtHlxmdcNRnukDlvz9v29XLjk2AAARGXRArq8qGvA189eGv0qmC/NikHzLynEsl0IJVMMhrseS4cfGiF2bUOVJFCZN5DwznLU+TLKWlDigJLK+s2D+uvsAAAAAAAAAAAAAAAAAAAAAAAAAAAAAAAAAAAAAD55jl09h9MXhue5N911h+Wrc+Ka+pbj7KN+tZvHmn/QWmqr6stP5rHlbQVR0Y3bvZUOTqy/uE5zpzzTp53jtfDb7fH2gKAAAAAAABxhszya0ZW/OwhcBvDgj3hmXJA8FbXQa2yq6/oryp9nOTWnYLJjCY+WCv+ixhGfmSfRRdhzQQHifjr7OOQAAAA45gKOEcgCggA45AAAAoAAAAAAAAAAAAAAAAAAIPj4O7rw8B5dLNw1GZ3h1lMfz+YiG9ebkXXEFSbo654zEY41ic9UClmr6ur2d2no9OM9MmT+vF2R29fH2vV5Mr94QrD2B08+lceqbYzjfuRQDBS3N3VFM+2JU6O3vy+xQAAAAAAAAAAAAAAAAAAAAAAA+Y+uA+Pvr6o7vrFRvGpsqjH89XRzS3slt3moObm3eakRbHzUHqurW+64knTMjeXtuO766+zYAKAAAAAAAAAAAAAAAACD5+T76/DXXDpNYF8zXz9YXJ8475wWAnGE68ob9yLqs8Mwrz2xn8nHJRq4Xx5LK6QrHTzP153r7447YnID0Y/zfEfHh9vor0dWR6q8nx6fKjlwzz8/TO/DErF83HpXU2i0I829kOaGtb0c5G6ue3LsfP1QUAAAAAAAAAAAAAAAAAAEHWH35oVjU4jsCznLXgj82iqxTL5DJ6nnlfbIemcZB7Yamt9dbheRdDbvuvHJDbJ8lOTVse3WTdTmqzx2/Cud882qbqzu5+ags/rzyr457Y+gABQAAAAAAAAAAAB8o+vn56o+otisX5u+KmmW9NfH191X34z6oNdYTF29NF+Q3B9tP2ZHtwEu97Va2RDpkmRkdK86bHZCKemplXHrqJLhlHUrs6fR1y+CtpVEVzcorL7kuX10xk6tCvvuoiyJrBfESfVqCYWPN78b4za/30zZnm63lYep1kZt39nk9Hs8/2KCgAAAAAAAAAAAAAAAD5H188dOX1GYx6vP2wUylEW3jtqqQYjvn4yfdKzC+Sy/TGuUb2z8NaK+beKtFiEmmneerjWX0m3/kyI1T2bgWWkmkW4iFkAyUO6pZN6MVOuXTMWfTHRx3evbgMx6vP3vlX0AKAAAAAAAAAAA+eHxJ8V7kOjyd+2Q5XF9s/P11VfrMe1YvGf8An66e+fbWCYtA+KSYD2+bHbX6s2hlcUgiHom55gc/g4rnO/cLs2V8dDWS14MtWltSWN6IZltSSd2E8t1iOuJ98uf6fP7M56Pj2/a1xFs9aGkwrKjK98np2jrSr7L49qe8l30n9DweG/tf7g1iSX1rNsTy3mrRwsM5dbYdPd6/P9DQAAAAAAAAAAAAAAAD5+eemTrqzme+Tt0dPzC/VzjHv6++z15TJSXVwWBsv7l17i+zccKJnXglplZPT1eGyUqo6+yJazbiU2Wv6I39mBqfL1bU2yMGldZ/MdWRjwcSWJROOmKzuK/szCQXw978+o9IfZ5/oagUAAAAAAAAAAB14bMVN5+nbafhyNiMybXDticxaSUP4e/up+I+jnuXSqs5/wA+0/1u2ErzfKtPljvp+Pan1RDKc9ymc1Rcs1TGJnERucL2zeJHgmEPyc1L8vXvSt0QqIxjWZdlK0zLNme2u85lOMjEPe34MfYunLWI7/N6vH6JD7e6f/N+l6aEu2rfpfOiNp1bY/0PBlLcpu45raKEznrWFTipLS8+/X9cc+viAAAAAAAAAAAAAAA+Pv4OIBMab8naTxf24bvz7PnLZnowfmtD3M0l4L2wa0735inFvyWVtjy6/BR02Lihk/6jU7a2nLKTM1tKabTnohXRbY/OHldvxj5BIyr7NqKaRKenJI8lZzXAkQsbXzaPMry/qBm/k72j9dfZ7POFAAAAAAAAAADqTFwf0yryd8x98vVxUld1S89xjSXZ3Vnxd/X68Z3bmVu2jNgfH6++NyyMcFAeHI+D9B8q8MtCZBjcguuhbSmumt5/BmbFxfizOlc57246Mp4vR6JnA1VcFNXXf6sFlrJRmojkMph7I5n5uc6cbBa/Y6u/s583ec27T8h+P9XMVvYVRfV+Zg53AJp9P5ucuihb+m9pfjs+N84ziptVXl727zxz6uIUAAAAAAAAAAAAAEOvs64q2Fez0+bv5fd6pP6+OFzvziVzfmr2vjYrv0suAvrrouRFkSaBWeQ7V3dGmy5fnDehKwiEewiTz6r+cLlvd7PYYjLZCuFtr6is8MZ5MhiiF1lZFOmwkdtGtYh20OsGyyUnDev48vbbb0RmS9+PI6QAAAAAAAAAB8fXXJV1nVdafl6drh6sc64bH6V8OnZrhuJqJ5O3k9vTk+s5s75yfi9fbibB143iMc/Mg+t83jLePIY3n7Drz3TUo8fTJWMJ7fR5NT3+bjisX29EeykFcSbC46Y32dv3q9/f0erXPLz+sLtm6qpLbzVXz9fPm/FKvL6ZJjfRK/n+3roOwIB934/M49Pk78PbsZrJtjN3j8/Xzvn81badV+bra318ffp5hQAAAAAAAAAAAAAQ+Pv4jXzO+LJcesuzlFRf0Y2g+tGoOfofj6HyJcfXH82Seq7mH50/opTNmGdqaxafZw/rp31lseqIT5cHjLP8xH5lSM9ll3TkOkwcakcZMNPdetpCv4bMIobOa37C6zmK2E13smSupD5vTy3c9h1rZVz9DtkAAAAAAAAADjr++JKptOsrI8vT0OOfVz50H340Wzq5td/Ns18n16pSSU9U6ZLM5TG8esc14yOJ+v8AO67cx+X788Txl+ybz0ZtmtFlU/w84mIdi5t4Uh3Gf8FY/wBmP88mequfyNuguu+8Tm1PkJXIo89j+WT51WWLxVf8emG77Xce3ViohCu/HzdXZdHt83iy+P6M3puqA33nVr/P189OfFVWnVPm62z9/P16eYUAAAAAAAAAAAAAB8cdnVlUtsUFVvm77mYrUSy/Xxt3A4meris5i5azrtUG8uuJsqxvete4TmkC8PBTGcJh55lmKryedFOxfXsictk68Tz4morCJpSJsTg7WgRXG2epm0RScDy8aL0oaf13Ev8Av09EZbHR7r462FsGOyPpnkdcgAAAAAAAAAAQX3yCrPH2trn5+vVwaf7gUBNak5jBcZ1fCgfvz9Z3XfZ1d+fn+/vabrzwnkzUeX59vfY2LVnR03Nc9vvyXkrHeTI9ax/wSvwxDcbNfBEa9eR+V7ezzeodXzwkkyUKzc1j9Xt49SZmHOrjtnn54vK6j0isf2ZRfp9/gzcPdkYtoknzz16nnrPLZrydZR9fP17OIAAAAAAAAAAAAAAHHX2/EVzhLWp3yemLWDL8V7fNHIDsl4pdYds9QttE9NcT6Kxh/Trz5tLcgfTPiFe6wPY16O2gbxjK9GaxkYSETiDJ5ZTrZt+V9CppBzbWiLs15WD3zQlhxXUuiU3TEyHwYckMew9ipGJZMMx5vRYHo6u31ecKAAAAAAAAAAA+K5sbq46wUhqK0sa9kBntadsaP4/ZXW3Tp+eZnZB5RfVkrHeuQdMkN98qzKxmNTH3ZsTl3X3WPN6fivN9cjwfHs+M3H+bJ/Bh+nLfJhPLI+oinV7sJM9vXj8dLc+Mri8pdHLAvaVdUck+fxhH/Pm/JEZmEhy6YuYeHqrMeH0Vfw6ee2sRmo7B6eQAAAAAAAAAAAAAAAR1QOf/ABz1qZLsxq1y6fon8+H2+nlXnbm9ftLuh1Ud2X14rYkGlW2h5Kvi4OPf7bcFiszissZ5sdrYbXYacwggm2Wom2JTdS2LUxtDr3Y9dRnnq4k9PzgY/ZnvbN7NTBSTiv8Al2+LnxeXzn6+z04AAAAAAAAAAAAfP1xGCr62o35uubqvu8EZagbYz3Sa/wA39nOkulMVm25j/PNe65x2OzkUPRgMFkZff9eTvt7+PrsPj49X2mN+cj8Hg+fV1Hk6Pf5Y6Pnu80dMFmeBma3wvohZL5lVeYNm9dLAsyaoq4vJ3VZeTh2WsmeDrHDSymfQn657yXv80+5uO3649nHlxyoAAAAAAAAAAAAAAAHBxHnp+5uvlutpNHa747m2vcysX186HmNj/Nz6/bV11nVj8n42oln/ACYAkWO1J2yjAwqaQE29ou7tdiD7E6sXeQL3RuXYebK+HH1mMHhLRsilw5/3HZ4cdF+PXiyvVlJn75549HPkUAAAAAAAAAAAAB8/PZwR2r7v8Xk7a4Qu+ayxfBOaGjvfnuPmtG81qbo4XWfP6k6xHmz9e71swvkyPd3XPz2/Xrrz/XdwdPX6/k8PRk/Ovi8+V6JcN4sz5IjMenGMmaujN0Yoo7w3h5Ct7D7PdGH92YkWkHy9g5KSOyHy9fm9PTM8zlpn7+n17OAWgAAAAAAAAAAAAAAAABD4+x1YKRfObrrk7xi3m7YH2RL61MnHJR1d8ZHpj+nes7nR7LR8iWy+r20qV3SVyaxRubQFgVLdZPM9n2eb2YqMZkj9kktNcPKo5H+W5hDstYuNQOw/vs68+Prl2wAAAAAAAAAAAAAAABw5Hnjkrc7SUN2Yivk766eK58RqQGaTDPd+cb+5P99MRjtkXbbgOzPfSYj6zRMP95jstwnGbGA6pJ1xGviTiHdcu6lh3nnHyzA/LYHDVfLD7EgfpmfgzcP2eTyebv68dJpssPmPr59HH5+3PTAAAAAAAAAAAAAAAAAAAAAAHz8dvB58Rn2LVUYvrr49Naoptvhc6wvj7sXca/bU05KGoxB552RiPJKvWYGOWl7kpmbWpILqrfVby5hsq9Lpj5djpnjnlQAAAAAAAAAAAAAAAAAAR8/HbwebE59jVYY62+vh0r2T84HnqZ99U/es2urP27k/RX39JnHh9W8dvPV9WfT5L9fXV5o9zD+DGpHzBcdi2P1Vf8Z6WLF/Nn8SJfVk+nSMyHt+/Rz+fvl0wAAAAAAAAAAAAAAAAAAAAAAAAAABxx9DrdhOl2s3r5+h8PsfH19q44+lAAAAAAAAAAAAAAAAAAAAAAAAAdfP2h8/Q6uv0pcTiJb8c9V912L85tb9NnfaVV82tyVStbgq3uswVv22H8yw/OZT61PP3dnPTPz9GpxyVxyAAAAAAAAAAAAAAAAAAAAAAAAAAAAAAAAAAAAAAAAAAAAAAAAAAH//xAA5EAABBAECBAMHAwQDAQADAQEBAAIDBAUREhMUITEGEDIVICIzNEBgI0FQJDBDURY1QnBEUmFxJf/aAAgBAQABCAL+avX2Uo97472RlbxGsdqATb44Z+g6bJtBJweRmvB7pFuu85p7uYsPr1ZZI8XM6evE9/8A8I8RTjmoGSPz74tplikbK1r2rxHbLY2wMpVhViZGEyxJ7WfGs3ZniuwshyVa1QjFgS5Xh0m2TTpWrzONLlonxY6VsmLpWLdZpWAuyymaCb8y1+1zrODdrTvz1iPlHrFSilRidPFO2ZgeyH+uyj3ecf8A3Miyf/aVF4h+ilV2IyYqDTFWmT14tM89slGYtwv0cCwP1t78zt2OWjdIa8vGY2QfZz12WG7JI/D9SM6q1TjtM4ckFdsDGxsq46Kq57meXs+ITmwpsfFNMyd1qqy0wxvirthjETX+HajiSjjYTBy6grtgY2NlbHxVnySM+znk4LHPUEnFY1349m/pZFjfpof5bIn+nlVD5Ef49m/pZFjuleL+WyH08qofIj/Hs19LImYuxPDEWx0JmtAPIyrkZVyMq5GVchKuRlXISrkJVyEq5GVchKuQlXIyrkZVyEq5GVchKuRlXISrkZVyMq5CVcjKuRlXIyrkZVyUq5KVcjKuRlXIzLkZVyMq5GVclKuRlXISrkJVyEq5GVchKuQlXIyrkZVyEq5GVchKuQlXISrkZVyEqnxs72EB2MnggkL6HyI/x7N/SyLG/TxfdGRre7rkTe/tOuF7Urr2lAhchKEjHdvtcj9PKqHyI/7PEC4rVxGriNXEauI1bmrVqBC4jVxWriNW5q11Q/B839LIsZ9NF9rqi4DvNlIWdB7QsTfL5S3N1eMK3/2MZWYuBVYtawW+siKpXL1v2FY/+NbMabdH/tkjX9vscj9PMqHyI/7MmHjkc5x9hxL2HEvYcS9iRL2JGvYsa9ixL2LEvYsSyNOKsGL2NEdF7EiVaq2uNAPwe1XFlhjdBEIWNYPs5Z2RDV7sq+c7a4xss3WeKlDD2faYxT5hrVP4g/07LzP9PMWnrbZK4M64Uy/XCFqy1R5qePvF4kDukkV2vN6WSuamSh/2E0QlY5hii4TQ0fZZmm2fhatbtAH4654aNTPlC87K8OLMp3ztY2IdJbwZ2t5gBGxYselmM3fMixrR2bjym44oY1ezAvZYRxKfiFJjHhS0D+7qm1RXbFbtWz7X/NguB46NkDv4LI+mP8dt3mVh1EU146yQVWwjQTWhGruUDe5M9wqvjGNUVLVR0wEIQF08tVvC3hbgtfJ0LXKXGMerGF/1Yxzmpj5ax1ZTz2vR9e42QfwOR7R/jlzI7Tw4qlDU7ntaIwrd/TtPefOdkdbHberoaWveOuGoNWuidOGp98BPyQTskvaS9ooZJDJpmSTL4KbYaUNCpK4f3uYfd2tY90agty1T0xuaZN8Ltdfv8j2j/G7d4zHhw0qQaiRGFeyO1aSXT1q09vwiCqGoDROfoprwap8kpLxKM7it5XXy0Wi6oPKFghR3SFDkVDkA5CQOU1ZsoWQwu3q2SN0JWKz5YdkrHh41H3uQ7RofjBVy4bB4UVOrp0BIiCyGR0UNd1l299eqo4g1dlNbDFYyGqksEpsT5e0WFmeo/D3/AOzMJEF7IgRw8CfgYipMAR6JcbPF30/3s1XCWhCZOWqvf0UF0OWoeFkcUJeotU3QlYnMupna6KVsrdzfvMh6Y/xm/dMp4MVSsB0AAYFk8jp0FesZzvdWqprNE5wareQ07T2y5QUJbKrYWNnqZC1nRv8AYnqRy+qzg9OsTw+E6SdHJ0KLS1R2S1Vb6ZIHhXsc2w1XqBruWHy5pu2uY8PbuH3eQ7R/jGTvbP0o6tfZ0EUewLJ39g0EEBndudWrJg2qSTaFcv8A+mtfYdo2nh2x/FI1oHb+5LWZMNH3MM+L4oo5v2LowU+HRNdtVS7ooZw9XaTbDVfoOgcVgsvwHcKTX7vIdo0Pxa/cFVmqrQn1vrRaK9aEDENbT9VUraJrdFI/YFdu7lVpPtlV6rIBo1D+/fxLbQ1B31XbJBo5SwLTYqlzaq84kCv0hYartR1dywGV4o4Mn3WQ7R/i0jwwFx3m5KZXV4tU4iMaq7YNmTQUquiYzROdtCv3de1HHusHc5kYjGjfsrlNltujpo5KD9r2Sb1LCi0sVO2WqCXiBZXHiduqe11WTUYq8LsYP3WQ9Mf4tlrHFcK7a8XZRM2rMW9BsbRr/uoY9q7K/b/YUKRsO3uawNGg+0tVmWWFj5oX4+Ta6KQPClh1XoKo2tFG8PCzeN11cMTdNKYJrg4Aj7jI9o0PxS7ZFeJz1UiJ+J1WJWJRCwldbEmpqQaIBXbOwaKrWNx/VjAwAD7a5UbaZscWvpScJ8b9wU8KY4tKx1v9lIOINFmaHBdqPDmQ4jeC/wC4yHaND8UyM3MziMQxqNu0LL2d52ClAmN0Ur9gUrnW5NorwCFoaPuMrQbdjVaV0bix4+IK1Dp1VabaVSnEgWSqCeNMe6jMHCvKJ2Ne37fIemP8UvWRXjc5VIumpgjVqbgsJTP1n6qpFouyyVr9hjanCbuP3Wdx2/8AXjpWNyczcFMzhOVCztKjdxGrPUdNXDwxe7wO+3yHaP8AFMnLx52xCBiiboFmLG47FRhUbdArUuxqpRczLvP3ZHcLI1jRn6QS7grkO9qryaHRY6fcNFdh4zCCdaU4coJRKxrvt8h2jQ/ErM3Bjc802E6vMDFNJw2kou4ryVTi0Hlkp97tgp1+AwD73KUuahcFSm2fCfUFdi4L9yoWNCFG7e1Z+l/6Hhm3vYYz9tkPTH+J5ubdsgEDNFC3QLLz6DYqUepULdArEuxqx0XHlMh++zVblp94qSbgr0HFYqsm06LGz7hosjDxmEKhNyVofb5DtH+Jdlu5ixJIoWLXaFbk4spWPi8spNr8IpQ8GJo+/wAtV5mFwWPm06L1BXo+BLqsbY00Q+JqzlbhSbhirHMV43fbZDtGh+I5CbhQvVHRjAFXkaslYDI+kDdxVVmgUrtjVXHM2P4Dur8HKWiqz9wWYg3s3LHTfsqEu5qztbiM1XhexoXwn7XIdo/xG1Z4Oimq80BudhP9Gs6Du6MThRR8B3WtM1yyUuxqw8W1hf8AwPiOtvjEgx0u4KZm9jgmfoy6LFzKzHxIyqruTuj7bIemP8RkPHsJoUh0VuRHq5V63Fb1lqT1jqH2DY0aYWbGNb/A2I+Kx7VSPCeWJnVZeLhy6rGzdimHe1ZyLhSB4qScWJjvtcj2jQ/D5X7WkrHN11cQrDtFaeoRuKqM0C1VyvH0eIJWyt1H8DlI+BcOld+rQs3DqzcsdIqb9zVn4NzNV4el4lfT7XIdo0Pw/Jv0ZoKsexo8rb1YcqTNSoW6BOWSl0GixMe2Pd/BeJYukcqoP1arkfEjIVQ7HkLGSdNFkmcSMrwy/a+WP7XIemP8QtO4tgNTRon9lben9SsfGh28rzuI8AQs2NA/gs3Fxaz1iX6hHqFMOHOVjHqQb2LGHh3tPtch2j/D3O0Coje97ypz0Vt6jG4qjHoEVO7a1Uo+PP8Awdhm+N4WNO1xCCzDdk2qxz/SmdWqf9G7Gftch2jQ/DsgSIiqWTY3VoZk2FT2A4dLT1TZqVXGgTlkpNGrDRbWF/8ABlRDhWJAmLPs7FY53pUB+FZsbZo3KN2rW/aZD0x/h72h3Q2MOYC58THBvRwkTw13eECMqCdjx0KyD97tFXZw42t/hLg2XXqLsFnm/AsaegVM9F4jbpoVSduhjP2mQ7R/iNilHP3kxUkfo2vZ6tyc/TtHfIHWs3j2B/C5gaXAVW9IWabrEVjCqPZeJG/prFO3Vo/tMh2jQ/Ei0O7vqMcnY0KXDF/RUqIrfwviAaWIlV9AWVGsTljP3VHsF4hH6RWEOtZn2mQ7R/nniP50Kp+gLJ/Lcsb6iqPYLP8AyivD30zftMh6Y/zzxH64VS9CyQ+Byx3rKpekLPD9Erw99K37TI9o0PzvxH3iVH0LJehyx3rKpekLP/JK8Pj+lb9pke0aH534j7xqj6FkvQ5Y71lUvSFnfkleH/pm/aZD0x/nniH/ABKh6Fk/Q5Y71lUvSFnvklYD6Vv2mQ9Mf554h/xKh6Fk/Q5Y71lUvSFn/klYH6Zn2mQ7RofnfiD/ABKgPgWU9DljvWVS9IWf+SVgvpmfaZH0xofnfiD/ABKj6Asp6HLHesql6QvEHyisH9Mz7TIemND878Qf4lS+Wsp6HLHesql6QvEHyisH9Kz7TIdo0PzvP/4lS+Wsp6HLHesql6QvEHyisJ9Mz7TIdo/zzP8A+JUvlhZT0OWO9ZVP0heIPlFYX6Zn2mR9Mfu83CubhVDJv5uWvN+aZ/8AxKl6Asp6HLHesqn6QvEHylhPpmfaZHtGh7n/ABSsv+KVlF4Yrxua8fmmf/xKl6FlfQ5Y71lU/SF4h+UsL9Mz7TJdo0PepZTmZpoXfmniD/EqXy1lfQ5Y71lU/SF4g+UVhfpo/tMl2jQ9z2ZlF7Myigwt2Ods5/NPEH+JUvlhZX0OWO9ZVP0hZ/5RWG+mj+0yPaNDzJ0VS/FcBMX5t4h/xKl8sLK+hyx3rKpekLxB8orD/TR/aZHtGh5kappp4kEJviGm5RTsmG5n5p4g/wASpfLCyvocsd6yqXpC8Q/KWI+mj+0yPpjQ8ydFhaEeQEk89rGQQXYIxJVOGsxOi/NM/wD4lS+WFlfQ5Y71lUvSF4h+UsP9NH9pkfTH7tnAzRSGSnjsHJFLx7F7HC2+Fx/NPEP+JUvlhZX0OWO9ZVL0heIflrD/AE0f2mS7R/nniH/EqXywsr6HLHesql6QvEXylifpo/tMh6Y0Pc5nLrmcusjNbZHCYB+aeIP8apfLCyvocsd6yqXpC8Q/LWI+mj+0yPpjQ9zmsurGWyVbTixOJY0u/NM//iVL5YWV9DljvWVS9IXiL5axH00f2mR7Roe5/wAlprL52CzCYYqLXMgha780z/8AiVL5YWV9DljvmFUvSF4i+WsP9NH9pku0aHuWzjKh0koWcdK/9H818Qf4lS+WFlfQ5Y71lUvSF4i+WsR9NH9pkPTH7jzo0lYLGR22GzPnMNFFEZ4aUxmgiefzTxD/AIlS+WFlfQ5Y71lUvSF4h+WsP9NH9pkPTGh7lOehT38K5bo3GcN8WSpxNDQDr+aeIf8AEqXywsr6HLHesql6QvEXy1iPpo/tMj6Y0Pc/43TWZwMFeEyxVcFSniZIgNBp+aeIf8SpfLCyvocsd6yqXpC8RfLWI+mj+0yPaND3ORyyfhb1rQWIohExrG/mniD/ABKl8sLK+hyx3rKpekLxF8tYj6aP7TJdo0PzvP8A+JUvlrK+hyx3rKpekLxF8tYg/wBNH9pkPTGh+d5//EqPy1lfQ5Y71lUvSF4j+WsR9NH9pkOzEPzvxB/iVH5ayvocsd6yqXpC8R/LWH+mj+0yHpYh+d+If8So/LCyvocsd6yqXpC8R/LWH+nj/sZOd0Jj25q3JXha5tK1JJVMhoTGaIOd/YyHpjQ/O/EPeJUflrK+hyx3zCqXpC8RfLWH+mj/ALGX7xLxH8hqx/0JWL+QP7OQ9MaH534h7xKj8tZX0OWO9ZVL0heI/lrD/TR/2Mx6oV4l+SxUfoSsZ0gb/ZyHpj/PPEPeJUflrK+hyx3rKpekLxH8tYj6aP8AsZf1wrxL8pip/QrGfJb/AGch2j/OtVuC8QSAmJUflrK+lyx3rKpekLxH8tYedprsW738v64F4l+WxV/oVjvkM/s5DtGh+cy+lyx87+I8IQslHx8MMb0vzkhygtbH9KdglOhZM34zG2BnwQWJH22tPvZf5kC8Tehii+hWP6Qs/s5D0x/nUvocqHzXqHsE/sVe/wDSj9YVJM7Kf0Kt9a338r82FeJ/TGmfQql8ln9nIdo/zqX0OVD5sih7BSekq/8Auo/WFSTOyn9CrfWt9/J/OhXif/Gh9CqXyY/7OQ7RofnM3ocqHzXqHsFJ2Kv/ALqP1hUkzsp/Qq31rffyfzoV4m/xr/8ACVT5Mf8AZyHaP86m9Dlj/mvUP7KXsr/7qP1hUkzsp/Qqv1rffyh0mhJ8QSNlMekk7RU2qt8pn9nIemP86m9Dlj/myKH9lJ2V/wD9KP1hUkzsp/Qq31rffzDQXRLPwtjMWk9ZogiKj6Nb/ZyHpj/OpvQ5Y/5sih/ZP7FX/wD0o/WFSTOyn9CrfWt9/LeuFeI/XCrP08SZ1aP7OQ9MaH5zN6HLH/NkUP7J/ZX/AN1H6wqSZ2U/oVX61vv5b1wrxH8yFWfp4kz0j+zkPTH+dTehyx/zZFD2Ck7K/wDuo/WFSTOyn9Cq/Wj38p8yFeIvmwqyP0IkOw/s5DtH+dTeh6x/zZFD+yk7K/8Auo/WFSUfZWBoxQHh2w8jJQrnWEHbZt25D0Fqy1DKzhDOShc267LGs6wySxET9YYk3JQpllru3v5DtGh+czD4HLH/ADZFD+yk7K/+6j9YVJRnRSxNmRxEZTsLGqhhq6gcxE5fouXLQFHHQuXsto6tOPJXIyNVbFNa7fIVFJ+3v5D0x/nU3ocsf82RQ9gn9lf/AHUfrCry8Map92RxQuPQyLkL0kmrRy8gW14W94QsPC51wQyDkMmVDfMjg1FOROiadQPeyHaP86m9DlQ+bIoewT+yv9iq8Zkla0R0GBoC9ntRxrUcWFVoiFxK4QRgajVajRCOOCdjEcaqVTgkuJKJTiq7tW+9kO0aH5zN6HKh82RQ9gpOyv8A/peHIg+ck8RcVcRbgU9+i4y4y4y4q4i18nolEpxVH0e9kO0f51P6HKh82RQ9gpeyv/8ApYe3y864oXEW9b1LNtQnXGXEW9b1vW9FEpxTiqfo97IemP8AOpvQ5Y/5sih/ZSdlf/8ASj9YTdxb0Fpc0haU8+7RCVcZcwuZXMrmlzaa/c0FEpxTiqw2sHvZD0x/nUvocsf8yRQ9gpPSr/7qP1hUirWMbYGrbEM1Y/ELjf3ltAt6C08IZBwQyKGQahdahbaVxwqUu+IIlOKaNzgEBoNPeyHaND85m9Dlj/mPUPYKXsr/AO6j9YVFRq36UyFkttrXOwlYrIYzlnfDwQVy7UajUaYRqLlnLBymMujcU4qjFr8R97IemP8AOp/Q5Y/5j1D2Cl7K/wBio/WFSUKt+lVvrW+T4w8aF2MiRxMJT8Kz9nYROwrwjipEKUsbg4NeXDrFWMpTI9g0HvZDtH+dTelyx/zXqHsFJ2V/sVH6wqShVr0qv9a3+zouGP7OQ7RofnM3ocsf8x6h7BP7K/8Auo/WFSUKt9lX+tb9nkPTH+dTehyx/wAx6h/ZP7K/+6j9YVJQq52Vf61v2eQ7R/nO8BTSjY9Y/wCY9Q/spOyv/uo/WFSUXRW/SoXbbrFxmoOB+xyHaND83neY2OcIszxe7reoKovIe5QWHdNXWOivTDqo/WFTmamWOnS1M7auJ/UtKfdRzLmPaE12oB+wyL2tEeo/N7fyZFQ9aqQscOvIw9xO7g9pcm9W7Jd1Wv7qraIGqhyLlG/jeoUou6uxta3pY+cxRelvvSTNiGruehXPQrnYVzsK52Fc7CudhXOQrm4VnOHY4RayzEAAudhTJmvGrdfOKdkuuz8wmj4jHNQoPpzbXUey0V8KZWPT5V/SFAqi0V8fCosVJaka5N+EAe9LXZMNH+y6y9l1l7Lrr2XXXsyuvZ1dez669nV17NrrMCGoI9raFdwBXs2so4GRdGBf8uYv+XMVDKtjuue38xv1uYOo4ckSFuYKSxI/u6IlSVC5ezlHULUyJzUyWVi5qUoslmWPjMTdp+wycTXiPUD84d3K11RhYUakZRoxr2fGvZrEMexcixcpGE2FoXQKEfv9jkR0j9xw1B0w9WxXa8WPzOT904Juq+Jb3LiOTJXFEIFy6o6pqi+xyPaP3Wz3Mu55gNa9DYbAaOUsQTNrXPzGTuUU1Fq2otUbVog3yd5Q/Y5DtGh5kaqvelwZfDJVnly1uKVZqs+eSqGfmMsZ/bhuQjcPMhM9zgkrlymjT7HI+mP3dFp+bZKV8U4DWB5Gql4jG7lWyzy/RcT4dU9xEeqxMhkDtfs8h6Y/d/5LTX/Jaat5SGqxj3/mmX+oaovQFb+WoD+omj4FY6QlYLq132mQ7Roe57QxK5/Ep9aG0xm780yx/qWqP0hWj+moPmpumxWfkFYD0O+0yHaP3fZVVZ3GVooDI2lLxYIXfmuV+pCjPwhW/QoPmJuuxWD+iV4f9DvtMh6Y/d/45YQ8LlxHGYwMAaPzTKac0FH6Qrnyyq/zE0HYrPySsB8t32mQ9MfuE6JhuZlznNlZdw5EihlErGvb+aZQ/wBSmekK5pw1X14nVumxWukJXh/5bvtMh6Y/cc3cCFhastOJ0UmXgksV3xxU4TBDFGfzTKtLbAJjc3QK679NV/Wg4bFaP6KwDdsR+0zlp8HC0YdQD7nJZZXTk6Y3PbUyrgCG66DX8idKGDV0VuKb0eQuQ67fOK/DNI6JnuWrsdRofK1wcAR5aqWFsvq5RqloskGhZgYmHVcqANBywPQtAHQa/wBm1xQ39LffXEvriX1xby4t5cW8uLdXFvLiX1Zgt2du7feC4l5QGUt/VAX/AC2FZDPe0IzBDSjMMEUZ/I7n/wD0b4rHN0m0OFZrxPEjGPHiOV8VX4J8RWbRLxgpXy1Iy9Y7lXWrHCnzsEEroZIvENd7wwyStiBc7/klfrp4mkEtOJ7W+IIIY2BVbTLTA+NXSWxPIpOLooyfdykjo4dWx9Wt+10WnlsatoH5LR6ZawvFB/pFjxtrQA+IbvAibG1/hyUV9Fgb3N1/LCfX3kYRNmHB3ixg4MTl4jlPBqsUEDYGCNvioaVY1TqsbUZGvCR/Sm8r3yZU3MirCwKDJh7WuPtFqGRavaLVNk2saSrWYbbh0UXpb+fZPHzNsNt1rFa1lXxibLG0xjOUy2MfehjIdbyLo+GsPjuQi2lYqnLDctyPZTlGUfOvEVSSzAxsWSxZvV2NUF3IRsDH5utPaqRBQAiJgXhupLVjlEqu/JlVJodBHqAANB5kArLtAg6Q+ln/AMOsRcVjmKvFwmNZ712rzEe1MG0Af/Y6l6KzvDFNcihc1j5L0ccjYnSXo4pWQu87VplVnEfG8StD2zSCFjnuq2WWmCRnnz0fG5f3q9yKyXCP+5JMI2lxrWI7Ld7P7evlHdildsaucjD+H702QggOj4LEc41ZNdigOj4chDM7az3zYYHBifI1g1dFI2Vu5qnyEFc6Pr2GTjVk9yOuNX170Vj5anvR1y0P9ye9HXfHG9OnYxwa7ymuRQabwdeqlnZCNz+YZw+Iq1uOy3dH5S5OvCdr4p2St3MnyENc6Pgsx2BrH74nYX7FPfhrnSSGdk43MU9+GA6PgsMnGrJrLIBq+tdisdI0bsTZRCfcdfjbMICuZZv4f2mSyQobNX50s+NOus4HHFbNmwW8OzlxHJwoqGVFlxicpZBE0vcM654Lm+HH7jZcm+IOJq2O3aiElXiZH/sKyyH/AGVRX8iymBrHmtHtZPfyLKQBOXyTpa5jkofTxLJ/TTrF5R0NdrY6GQbdZubJmtXlkNDKttOMbm/9sruUbWcI21Mvvl4Mqu5QV3iJlG86xuD8dYicZ+E/NvYC40cmLMRlPt0nV0dS0y3GJGOOgJUee4vyruTbVDFDmf1BFNkMm2ntCkz5h+bcyQqwtlUtgMhMqhuttVjMaVuMVDNHBnDPpw7uUFdwjbUy/Ek4MlrMtrTcFf8AIeG4smbnS17Gy3LjKjN7/brmaGXIZJtONkifnjGN6v3tK++Pw9ceYxGaN82XytMDnV5n2A+drYzKqhfJdhlfdvcroos1+q2KaxkRXmZE+fJCOdkDYb5fYfCpKtVrnPfh2aW7BhyD4ufZxqjKrvjgv5dtORsZ9v8ACcBOc/sLS+7dFWHip3iEhvEBz24boad5tqHitwzeYfNadl8dvbNK7B/SReT61VrnPfh2aW7Bhttbz4Nnax1+PlVlJ4Y3wiTIZQUeHq7PGItL5rLIY+K5mbkf8Tc7KG2Kb0c6Yy3iZquJ6/Ebj7HMwRv8vE0XFlrMGCtcWHY7xHMZ3cJuPIFBhNCzFyxljjz5mbrFjsg2+zVsWKrxarCANtWWxsxkAc55otbHkZGw2s0K8xhQ8QiMlk0ec/UYyXJ5EUAxznZ8x6Oc/P6AvbzjTXM4wzNkElp2FqttCSxNjhyl+WBqxzYhNY5vBt/XsGPjw2LEstmkasvxwKWaEXI2G7l21JRGWZ0tkayW7dZTZvfFmJHbdcjOIMhG8x5zSRsc2ei2NZZbDIJWNePsvEv/AONrdLBXkJqA+zHrCN0qR6Y+Od89nhQYubmWTSzVbpc4szQlZR0fS2CszTw7p/U6eGh9Qs39XTWQ+vrLIf8AZVFlA92QjDbOKtWNvFs6DIVxJ4kI5U60Pp4lkz/TTLw+3So1YbX+u08M7eC7S11ycOwf9sgyZ+QnDDip5JYpJVkMa+SXj18Zkn2HPhmwPzLavSnJTirHmYuFSc2OhWtvhZw8RRNJjmmT0uXhpgEUhV1r3ZH4LGKtWNnFf/2rd/iYtEABzn0MStPHJFYv/rSqP/VyLw+3So1Rtlfen2ey7D5o5ZS3XKLON1tVF4l9NZeIN26qrGOtzx7JM3DwqtdhyLf6J6of9avDf0jUFiqwsC9GRbklhZRVqMRXqbBfvSidleDJxTRzVuNnzHwPj8Pab5eKrWNgunV9DWjcNZktSGY6vfC2nkImwZIa5GsvEg1EC8RD+jWV/wCvapG6Y4rCNHIrCD+knXh7Q1mrKfTTLB/SR+VrG17h1fQ1o3DWZwxfvSMmtwNxtqAwLP8Azai8QD9SovEI/pSst9LU1i02t25wbrVNeJPpVr/R9cKx5paBtS8CNc39XTVt/sq2ZUyE8jasPpf9cFiv+vevDY/pAsF0mtqSebKvdFDTpMqM2Ms25r0rq9ahjo6TdGga5QrLjW9TXiIdaq8SdWVlm2/0TkGgY1QAnEOVFu+gxo8NyAwFig/VykjhI/4XEYmmzIcSafHf0t2SszB04zLY4hjbWyTBCrP/AGcKujXJQ6+Je1ZZj6mnvVpuuThXiHvWWZP9HJrjOlaH7PxMN3LI4Dd8LpKjXwmFU6wrRtjFvDtmfxWU8byzjIVLG2VpY5uA2/CMfjG0d+yhj20t+25jm2JIpDPj2zTxzGxj2yzxzq/jmXQN0eGIc0yZDHMvAau8PiUaSwx8JjWCxDxmPjNKqKkYibSxzahlImwY3mSKji2VNXL2e3meZV7EttOEiq4sxPEj1bxhmfxGUMa2nuIr40QcbbH4e4Wu2tQETHseMDw9RHVrCswMBGoIVCiKTS1uQxbLuhMGILXtfJkMYy5oTl8ZwIeI/l2WazY3jw/02Or0WwwcAQ45sdd1dUqoqRiMXsUy04SCti+FJxH+z28xzKuY5tmSKQ38e27sBt0mW4+G8YM9Ab+ObbYxhnriaIxGrTEMPBVPEcm/VtPH8s+R6o44UzIWtxkbbBsKfHNmnjnN/FNtubIvYDS5j3yY1sszZn2Ma2WZk4ix/DnfOpcN8TnR0cYypq4WcU6SR0jKOJZVJkU+PbNPHOb9BtvZrfoi5Fw3WKDZ4BATVBg4CqUxWh4QoY9tRhY3Fg0p5a7rEAnjew06wqxiMRY7hzvnUuG+Jzo6OLZU1cLuJZZeJW1cM2J/FeruPbadG43sc206Jxu1G24zG40mSQiFzMEW/CLONbO+F5v0W3Y+GcqTHA2vHUr8vEyPyuY5tmSKQ5Ciy8wNfNTbLAYFDTEcHAVfHtggMAoUhTj4ba+NbAZiGYDh+irjTXfvTcAGEllfEmF4evZ7eY5hWcc2eWKY3se25w91/HtuiMOt1RZiMR5QcDgKvQbDBy6wrnQh9Z8+DBkMkVHHsptIbTx/KvkcpcGN5fFRxjKe4i5h2zP4rKOKZVJf5Px7XWG2FLjw+w2dZDHNuBm65RZbj2PjwpaW6yY9rrDbCvUG3OHrmNbBjqsYzYA0fZWqEdrbv/h7NWOy3ZIxuwAD+DI1+w0+10/f7DaP59zwE60FzSFpNmDv/iMsm1PkLvcB0UEuv/w9x0U0u8+9Afi/HNVqtf47VbwpJw1Szl/vNiJUMG38clJPZalbyuIVxio5Cf4p7toRkLiVr70fdNH47r1W5By3LotQoFr/ABNk6NKiOvvt7pnb8TmmEYTbWq5py5krmSuYKE6B8j2R93uFaywphVclNM3eo77iufK9oIXwueaudajeC54BNvtK5xq55i5xiFtiFhi5lq4rUJGrjNXGauKFxGrjNXFauKFxmoSBcQLiNW4LeFvC3LeFuC1W4LetVr5ZB+1hVR27t78fb8F190zNHQ8ULcD725Xpd50VU69EfcJVd/XQp/b3827V6x7tIAoSF8C+BFka4LEYGrhsaFMxmnRvkEQiPLRaaIoIge5uWjSuHp5aAratStoWmi1Rauq01W1N1/fqtStSrYLhoajdv9hsrh24j0JXLjPXMPPRcw9cw5cd6NiQLmpVzsgXOuXNOK47lx3LmHLmHLjOXFkXEkXHeuZcuZcuO9cWRcZ65ly5l64z1xXrjSBcw8LmXrmHrjPXFeuO9cy9c09cy9cw9cxIuZeuaeuZeuYkXHeuYeuaeuaeuYeuO9cd65hy5ly5l6471x3hcw9cd647kJ3rjPXHeuM9cd/ZcVxQkcuK5cZ3dF7lxHLiuW9ysNBO5zQSFJMYUyy9wXHeuPIuLIuK9Na54ViWSOTaqFh4m0d7sXR3lYO1uqjl39gtVr5OcP3zTWmRulStthC4WidGhCVwiuCVI4tKZcJ6KSfVCYtXMLmlzAXHBXGC4wXMNXFahKFxguMFxmrihcZqE7VxQuK1cdq4gK3tC4zVxAmyNC3hbwhI1cRqDguIFuC3BXHjRVTu/sDoiVuXfyB6ErXy3Lei5arRbR5aha+5vW7z1W5bvLRaeW4LctdfLRae9p5aLaFoui1C189Vqtfc18tVqiUPMLp5ahbkT5ahSjcoh0V8dAqzTtC2FbStq0TZNvRZU7JGlcQcVhB92P1Dyt/E1Ng2dtXhcWQLmJULMineZmaKXdxEy5II2gc+QvaS9qIZcL2uxXbhc/VtTLQNboZMtXCbloCvaMBXO1lx6y49ZcesFxq/Zf060gK211/TrhwLhV1srrl4FwK64cC5WErl66MUJ7cpGuFAEa8TuwpRBcKFcox3YY9g7mtEuTYVybe65FvZci1W6QaNVUbotPeKbUc9ck5Gk4LknLkX6rkndVyTlyJXIFcgVyLlyTlyblyblyRXJFGkVyL0KL1yDlyBRouXJPXJSLkHLkCjRK5N65KRck9ciVyJXIlck5ci9ci9ci5cm5cm5cm5ck5ci5GiVyT1yb1yb1yTlyTkaTlyb1yT1yTlyRXJLkyuTcuScuSK5Ehci5ciVyTlyLkKblyhXJFciVyfRCguSXIrkxquSauSClrNCigGiyVcaKnF+mFwguCFwmrhtVhoEoCzo+NoT4uC5hUbTI0FcIrhlcMrYVG07h5Wuye9GRcRcVcVUnF7wrmHZMdzY8c7TReyyvZbl7McvZjkcY5ckR3djN3VHGFezyEaRXKFcmVyZQrEI1iuVKFVy5Vy5ZyFZ65Zy5crl3Ll3Ll3LgPRgcuC5cF64LkIpFwpFwXoNlC0lWyRaSrdMt02uq3TLiP00dT0KKHvTWpmO+HnLC5ydc7OhenXPT6Ln59dVzk5XNT6Lm51zs656dc5OuanRsTrmJ0Lc652wudsLm7C4865mdc5OucsLmp1zM65qdC3YXOzrnJ1zVhc1OucnQuTrnLC5qwuZnXMzrmp1zc65udczOuanXOTrnZ1zk65uZc1OubnXOWFzlhc3OuZnXMzrm7C5ywubsLm7C5qwubsLmrC5qwuasIWp1zc/Rc3Ouan00XHsagri2Oq32FunW6cL9dfrlPdKzvzNgdi2Wbq9s0jRoOalXMyrmZU248KXe+TerjjYl604d8qjnewaDmZFzUq5qVG1KoJpHu6q0wuHSSGRGvIuE9bHrQrFRHXU++QCjA1CJoW0LY1cNq5diNdi5Vi5Ri5Ji5Ji5Ji5Fi5Ri5Ji5Ni5Ni5ONcjGuTYuRYuRYuTYuRjXIsXJMXIsXIsXIxr2fGvZzF7OavZrV7OartBoYqTdB/YFDcvZy9nL2evZi9mI41ezl7MXsxezl7NXIL2evZy9mr2cuQXs5ezV7MXs1ezlyC9nL2evZ65BcguQXs9ez17OXs9cguQXs9ezyvZxXs8rkF7PXs9ez17PXs9ezl7OXs9ez1yC5Bezl7OK9nLkCuQXs5ez17PXs5ezl7PXs5ezl7OXs5DHrkFyIXJBckFyIQptUmPJd05RckFyTFyjFyDFyDEcc1Ox/QrlAHFVqojQ8h51x7mgWwLhNXAYmxhvb+Kuj4FENB78Q1ch+J2qvXUOZogCtEPLbqom7R/JubuGiNQp7C1blqtVqtVG/aUywCtfxPhBcILhBcELhBbB/LFuqmr6dverS/t/wDD3DVTR7D71dup1/gtfy6SPeE+At9yOIuUbNv9q84shkIwUzpoNz1qg7XyLtFr5a69tfLjzXpXsinNjHaPUcgkaHDNZDlW7WYqR00DS5sUrZnO8gfLUJx6FYed0wl3N6/l+iMIK5ZqEACDdFp/ayHyJF4d+m8rc8lmxy8UuHMTS6KvfNipKTjK8l+LdJBxKNoRK/NJYn5aO3jn1Y3PiwUjpK2rqdR8Bk3MiZHrty9jmyKsT3tpQDc2sXQzWZcL9M1QyuN57E50st58Tb9B1JnGjs5IsqslEOJdK3dJjuPEZYpcVWfZdMpo342aLb+e5D5Ei8PO0rrcFCRWvSB80rYmOccc3+ltPXh76YK99dCmngX3bsjKI4JNfD30qaQVdvvnk5evRpR1AsvQltbOHaguiN27AMnABNf/ALB6q/8AZSrN/SyK00mlXcK8jZI2uEeRE0skTcB2mWd9VdN7D8U3LVarct63LVarVarVarX72eLitcxN8NhvaHBcJwcrlGO2BuGFBPxurAxmMUagqR7BPREkzZVd4Nh4ifaxjYYnulwLC2sNa2P5fir/AI4NSV/x9RM4bQ1TxcZjmKpWFZgjDKAZOZkzHhk7p1crCzGYzFVayIRF2EH/AIq0mVmlrKVIVN2lyiLWwn8O1WqMgCdaaE6+0Lm9e29xWxxRhchW/wBtohy9mr2avZq9nrk1wCF8QQsEIXULjShMCtfutPPTy0Wi4LT1JiDu4Zp2093RaLTz0Wi0Wn4aXaJ1hrU65r240kjtgfGW+psDnqOtHB1dDI+c/CZY4vhMa1BRAcjGf2D3N7sl3LetdfLRFq2BGFpTqoKNYjt+qxNtOHdloFB4/OXyhqkvf6ktOcmMbpq6q1uhcoAC9xVqPiyxtVp5DdGmNldm50e6UapjYoSS2PjTEukfeY07I2b+7tT5hiES2rXRA6+evmYgU6oP2Mbmdm2y3vHYDlr/ADDpWtTr8YRyQ/bnpXduNOVssFcGwuBYXAsoiyFzFhq5947tyTCm2WO7A6/xmvk+wGJ9h0npZVc7q5sAanRNJUtRr0YnwN+Gk8s3b2S7pkficFdj4u1psDRm1rg2pFqoojMN72yNYdIuTklk1kDf2WiDfIuW5Fy6jqt39h0YKdWP/kPfH3jttct38jqtVLaZGjec/wCW7jSHQ2INrSUyFjWjRkITIGJ1cOUmOJT8TP8A+bFS7D2GQtRHRwyFlgBUeYaej45GS+l7BvAL6EZ7Gk9no5mWH1xZBj014d21/iHvDU+0XdGsgLvUIwPLTVEBvczRBcxGjM0hM4bVC/4tUZdz2pztXAK6NwAU3yzpWi4UY0AXddk60NdAij5M0Wi2rT3g3VEgKWdv76h3VsVss7xzh/8AH6qa61nbSewmUmR9XPmbpowu1XdBmqZGgNPNw8pa0cvR0Eeg2p9Rkne9juAwyQ0s095Y2Tyt9ioY2SRjU1nM6xx5At6PZKH9R/BnymsBi2un7xwhvnNOyHvPkyez7zP3ivRPdtXw/uIwezmEd5GfuonuYQmyFjg4yT8TbpZsgNTX6hq3IK5ZDfhFaHYNT5FE7QSg7qUyctTLOqEgd5bU+z1IYZiVB8XU277IArWWfJ6XyOd6qtp1d2o3jaJBuMXaC5r0IOv8ZNabEv1bKhqNiUs23o29u0AUNbl2lqDNUIOymgnPy307qfRuKwbcHeresuftTbtqP1Myzf8A3DOyXq2L4ZCFonsDgQrWKjYQ9kbtWDytDoobGzc1Nud0yXiHRaFh1bBe/Z4cD2/gSVPZ/Zsdfd1cB5aK7kxD8LZrrnFOJd37eWOubv0pNCOibP8A7fH/AKfHs+IO/Vh1DD8Kj/UPVvQaLVT3BEwlY8c28yEn3LB/YaIrVFxHaOUhS3QyNxUb9GqnFv8AiOSyja42tllMh1ciEViZxqYnQd31nVyZN0Zp3P2cHa/xOqntlx2xw0gOruyln29EXp7RIFt1KZGE1q2rROKcA/1TYqLUSNY3VPrMf3y1Q1Nj4sZk5JJWtf5W+zgoH/ptXEV5hnZ0jry6Hc1qgH6i0/26IOTZH1lFOJB0+/1Vif8A8tr1tvUlBBZTKbPgYX7u/XzK7dVXsczAJBvG1sijk4REbpG7FEeDJopwQ90aqHQ6IEJ8h7LIy9Nox8ZjZqNyD0Hrd+6L9eq7+W3yDdOqyOgaFSiNl21OdtAY2Rldp1cWVplaxenxRnyDthDhdf8AKnF2ThSRTtrwCTVyjeYHbS12v8OTopZXWDtZBAIgprHD6C9JLoAmRuY1odtTIStm3s+ednZ+TsNT89KzvF4jc46IZuP/ANxXIZexZ/qsP2RardRtlm0nFmpIyQaoK4Qm2CwaLm1HNxFoQhtf3MXB1kVa3HY6s4f7rb+xdEYTuZXsCUff2p9vQV6+nxFHyyl3gtDG1sQ6X45jXhi6JwjKsUGP6tkidEepRCw0/Dl2qP4ZpK5Z+ox0Zry8zGpGb2aLQS9VxNpITLJaoLG5WX7nqN+gAQehItymdtCLyEJVxFr/AK1WuvVZV3RmlOMU4d7rOUdLqG669x//ACpeczo/JVv8jE5MPEqp361ULAy74VPDxAoJTGdpB1/hp5DO7htgiEY0E9jhpz/3UjOLotpPeNgQjag0LVHqn1mSep+Hjad7OVZJ3fhmntPJPjNpWLyIsvPnbd0Ka/VgKjfqFmq7p2tLK7Hhv6mmqrt+JAEIBNT8dHqXsZK+LoWSNkHQjRO/SduZDMJRr97NJwxqq0fEO8jymkEILnCctYZXVq2ms817MbvhYbBeg5RWSzvPCJ2JzduoJULuG9pVx+yaCRE8O0qruBYexOGx6taxOJG/e0OG1A8Lqg/cVxUJ0LCbKrc+mi4mq3EJrkCQuIvWnRGxYjCz1z/E0eTOqLFVdxIywyDaSEVS6wShUfihlC8N9njytQbuoqTbx1/hLk+34Wxbaw62rsjW6tG4sG/uo2KSyyLv7YYxHPhf8jaO7PEUR7tykD0x7JPSQq3UaLRXabbLC00qXJWG+QKtN9SitdNELmiZY4moLdR0XLsf2e01mueamQisrh6ojRbl6lkZTFHuZSzLZvgkkUEnBcmnX7yyeM8MEbNg87Gtmxw08caXasvkS93CZ5MPVMbqqx0+FZKLa4Hycrx3QQuV86cu5W3aTRPU/wCxVxvYqFmh0TodVKzRRDVBqIRTZCE+XVx1BW5Ncg9B/wC67dVS0jbJIrcplkc5N8qg1fonQ6KqNr1bGkhRVI/oyrGH4Jl4b/8AfnK3gP3Jp1H8G920KM73F56DvZG9vQu10TGJrFw2rgtT60ZVjEwzKXCPj+JgoMlaC72SB8uWxYx43Ox19tl7tq0Vr1NW9CRZKKRz98TYpB61Wb8S4e3sDp30D27CMSIXOc2HiRj4Y5w9FgR6KT4+hfQEc8ZbJW/09mqx8+4aH7qZ+xpKos11cfOCPhunlMkvLQOetxJJRQPlAzVoWmjgsoPgHk9W/pYlf+VCrh6RFSdYgVZ6xqObQofEpWahRN0TNFtRYndNUXdSg5bkHnQJsmnRblv/AGGSk4NcAJvlSOj9U+UFRH9QK/8ANKKh+CB6o/DFKV4c/wDfnai4jSqUmo0/g8lNsboqsnEZqnHVNQCbI1vc34Wr2lAhfhK4jX9tv7r/APyv/wCggFer8xE5ixVaSrYAf5Xh3QuaNQuaKOTigpoLeq2Nf6tgrAyOrytlGrduq2aDp3QO06rKu0g3LH5Z7jw5HuRUh1miHlmrPLBrhjpuu9NOv3V53ZqhbtaB7l92za0Z1+xjG+R8tVXkAaE54cRplPR5OVuTVkcayDvhjCtdogrLuHC0KT5WiaonaLVOYj0QetVN6Sv2QTU3omr1KsOJKwLPSakN8gPKAfui5VBucSrD9z3Jyl1bC0Jp2QaLw32f5lRfpykfwdt26UAucOwY0lCEoxO/Y1Ce78VE7vLgmn0HFy13jU4k94+Hbg7My23pNFKx0mrPK58L2Fb1vWZE28Pjb1aNdFVbruW1BbUMe1jyY4Z3N6Pa4O7ORKmAf8LoqZr2maSVwexG3vH8Vpqc5eJDu4bVDHw42hVXbmD7qx1mYEPcyEmtmJq8Qd2ebUxu4+VYbnrLu7N8m9SE7q8KR25w1e/iSNV2T0BQP3h6A8tyEictdEJApn/CtFouyCBW5YpuspKzfV25ArVRjVBug0Tk/wDp4V3UbOI5rRkjrIGC4OEGMWAZtYfcs/DKz+DHWWRBnXoxmiBatWrc1aLRFnQhV+rdE1qzNTjw9KG+CePXyyXZC6Fzo0TZeMF1d0JqB3okl5Jm51azHY9OxbdEdD6urVkJ+FHxI6OYbP0c92ndH6mJOWdlMPCc3ETcWV0i4iv/AK1hqcsadY/upfqme7kpdtxpWYi4sQctFog3/UFfanDTqq8fDbuNqXivJRVNm4lygbve4pvV6rt1kT/ikKqj9MlbdQi1aLRbNez2OWx6e14b8Q6rTzb/AP2MbzoMX8BcFZg47HhGLQ6IMTOiL1Urb/jdkbHGd0WMj6ukNOM2p9xsO48yxPdwHnf9cX8HXj3ySqWjM/s7FTlPxE6noWYhqoJpd4a4tsw9m5OZnzIchFIoOj3DzvRg9U2T4QU13RZiyYo9Q0gtBQaqbfUvSgQVNCJRtfHixXLi2OWSNMkbJ2d0Wqf8XRGi2KxGWzV/9aKH47TU568QDeGLGx8OPVcRNb8TnL/axfy/upullh93NfPKpSC1Bop6/CcQuGFEAOwICii4nU5K1tGweUjeXrqNnBh3KIbYy80Y9sbpD3a5yLQGRtAZ00To0WLRaeQepP1W7U+mWoxuC6/u3QLTVVotjVWrjUlSWuWkDTcoCb42OgexNjeVXof+pL1//HGtC5XdKkDIBG3k6uqxsWxr5nYB27iH3L3V8X8HW6SyebiF0U9Vso61+rVsWZoB0W9uHtuEzQfK23uo5wGBMshGYS7mIxNcNDyh7iEiDcXxkSDoI9Owdp3e1B20rLP2Rb2U8zxNGSPQU3z4h5ZqxyoY8YyUSSueHSdVlH8R7GprdoAQ79dqKxw0j+6t9HsKb7mXH6xVG0aj9VLGy23VsmPe3s2pIoagZ6rl5sXQPeXEkrFVOYl1M39fZDG3v1pRDHc7shbfby8LIw0cR8cYYzdInBFqcEQiPLVApp1RjBRrhGsqsIb3axQ9ysszVupr3H1+iblWOHxOyjB2nuPm88bXEQNmWnXdemMr7khuziNmSdwgyBmKqcvGPclO+Zo/g7z313bmPzliPvF4jlJ0Xtgg/HFk4JEzQ9oOkhC0TmAgg2aMcDmyND+y1WTuNrkbuJu1LdFW14g8mK1XFlhYa1B9VMtFp2v6OXVq3AqUB/wl1IwTxkPrh2mj49ib8VpqL+i8QkFjAsWzhRoyqBm97nldkXujHwMn39FWZsYB91eZuaqr9zB7meZo8Hygsvr+hua19TsqxS5J7+x8o4zK4MbcIx0LYGRwjGwGR9FnAjdZfiavGeZ325+NI6Q4+PQOmMEewIohFqLUQi1bVoh5la6JjtyY7qrMRc2QFHy18sbjTYdudb1vSCGO9M2lFwI6dcUYjM/HVjO4zy4+ybDpD5uOgVNu9zn/AMHeZ8Ooa1k7BvlwsTurYYw5vV+NikVuo+owyRY/L8aVof5XvSVHNq1pRm6K02Oy3a+PHtYNGcBzO9dvxtWmq2oahFDusg81YxJHVykdj4U4rqrJ+OJf6WelMTWubjZ+NIXoyrLO4srGoDaAE8E9BEwBoDXJz0xm5V4tXofdOGoVc8J5afPNxb2bve7prHPdtbXgZio+K+jVLi63aax2Un3OtjnJWwRW3cBgrxPj4hbA1kfUNR9whFqIW1bVt90HRbt6d8QCuwGKQj3MdiDL8c08pm/Qrv4eMZoylS72LBa/JyK07fpWhrwCBu0eV2XQbRWj2MCH8E5u4aKP9GQsO0qH4XuatqkjEgLTNiRXeJGNdqAUCrumnUykdEZXFVdS7QmMhNcQnQhwOlQ2aznB8Vlp6Epycp4hKNrm0zBYjUtXotNvQy/FPEEXLxB8TAsXHw2areoG73ukI6rsj/8AwSSk6JlFxI1exsDVSh0G4/d24/8A2K8vEHnI3ih7FLGY3OYfMqtSksnRkVaLGN1TKfFdzFqQvyb9rbEm0CtXjibjokWlgJdWg4DUG7envaLRaeWi2ojz1QftUUnE6C5V47U6NzXbVBipp1Xx0NP4nOEllOnbXHDgiqtg/WsaSZBykeIhwYalUQDze7b1UQ47938Lcr8Qah2SmqdTWy8ViRnndb0KrzasanS6OVyNtxm0sx7o26DhuHeq34ggxaLbonOD/UIwrTzTZxG18hHb7POi7qyf1Iwv2Wbm4Aa9tOUT2NwdJ1WWfxHtjQG0BqI3JkY0+E9ESooy9Q1tvcu2hMBtP1QH3jmrrXemu3eTnbXrMU936zXD9wGkqvjppu1fDxQ9ZeMfRAI2V/jkML7fWUyGT9KBkTajegadeI8RBvxuH/7H3dPPRELTy0T2aeTitVHNwzqGuEzdzZX8M7hDcZMgf9SNL/WHiPpC2kZDvsEud8McNcRJ79qiO7r5WJTIdjYYuGNP4bI0t4OgqvhkY8MduAPlO3VczwvhT7ZJUEh4i01TR00LodATHBlHtdw52SNf2Th5WmmdhYoq74LDA+eudOm3RT/FPEE4rPjdEFiI+GC9b+qY3iyuf5k6duJP6VFjyQC5sYb2KkebB2tiiEY0H3s0e8aKN5hOha7VS+pyjeNNrrtE1iXNg2u7MZr3j2dh1Pdga30ms+U6yenozTb2OjOrt27v7+nmR7hClZtTity3KpZ4LlNELLfhnifAesF1w6KKymSIM/32Uk4aFxt6g6BWJ/8AyK0G3r/DlWqh6llWyNoCL1c3TRERwRzaHilvVRt/UatiaFr/ALkYHdxXGvTeYwS5szZRq15XdWz8cKCy8vLta8VZWz2GkPlWZk3bGKFvDaAu6YwAfCndUyMvVevt76pzg3uXusna2GARDp9/NCJFFKYTtdI4F3kyQOG18+O2ndHED+8bVH0QJ8ipbLY+i1L+rlr7ui0WiK0RWnkUSnFWj/reR3DtUCqlktXFZN0e7GxHsyiAmR7EbDWqS9/oB0vdjNE6bT4W1q+nV38RorFLX4mmd0fR8Vs7tF2T4mv9RrafE2tlhI4skbo/06aJyKlfq1zEGzUJAFJE7QHysdZ4gtVnhuiCwjNCZDv1WnHnJRWu1Hp1G+c/CmY8nQlkYZ2Uthsfdsb7PUxxhg0H8DLCHp8Zj6GQOHVvOuCjy21NvwyJrmHtqjIAnWwFNcLuzBr1IQKC089P7JRTwnsTok6utHNUM2hW4LmCO3NyFCSRyZA53dkAauyL+J0bDW29/wCK0UtdsveWg6I6tZOD3ahp3D68ch1QgLD04hYPj1Dxqwu/25XvQFW+W1ZANrt4iZIJrEZD3rNSfC1qqt4cYC3aKCHY3oeicVFCZFBWDO+ifKGdzO+boyGjodXaeWn8E5m5S1SO0lUPUtYx9zGtpHZskgTJpEHucmNQYU1iDUP7ei0RCIRYjGjCjXXLLkgUKIQqgJtdCMBaJzw1NidKo4gz+PmqMlTq0sPpFv8A/fiA9RuUknwuYmyTUnaI6vYCeyyDujVX+WxZrrAVho/iLkXqYcedf/56V26tdNMVFQc9oJYwRjQSWmMXGlm9EVD95GsDe38PJWDlJCWo1mv7OqlqESbDqo4EGge4P7OiPnotFtW1bVsWxBi2IBaJz9q1dJ2iqAdw3T+SfC1/d2OHdjq0rEXn97u2VipvHDYrcbQ0vVmUTcPbv0DQs1JpEqUfCYE46KvFtBK7JzkBqopGtQlmf6RSe/1x0mMQbp/FaIhSVQ5Ohe1fD+7Gt/bgLgLgLgLl1wFwVwlwlw1wlw1wlwlwVwVwVwVwVwFy6NdcsuWXLrgIgNTpm/t8cnZlT/bWAfyei08tEWAp9SNyONZ+z8c49EMLsOo5ewrFCafTcKMwQozIUJQvZrj3GLb+7aEbU2Fre2n8gRqnQNcnVdPTrKxNt/7bO0rcP7+vnqt4RlaE+1/ozSP7Cu53dlZoQbp+daJ1cOTqI/blnt7CSRqFwrnQm2QVxkHrX3ty4qNkBG4Ebq5h7lw3vQpf7bWa1Bun/wAA0RYjECnVtUai5V65aZcvOuXsrl7K5eyuXsrl7C5eVcrIuUKbV0TYgFtWn/wXT88//8QALxEAAQQCAAQFAwQCAwAAAAAAAQACAxEEEhATITEFFCAwQDJBYAYiQlAjURWAsP/aAAgBAgEBCAD/ANoS6Vq1atWg4fgr3UEMkLmozrnLnUmyWfwWayEO6pOc60CnElQl23X8EIteVajAnYzimwFDHH3DAO34MSrXZD8IIQQQ/CCgEAfwmlSr/rLN4vBCKeP1VjE0o8yOUDT8H8R8ZbjRkCbNkleSdza8K8UkZOGq/wCtC0K0Kqvil1NJWZ+q2x2xs/iD55CXWoYeY9oXh/6ZhgAk/rmhUqT6QCr2K9dq1SpTGonLNaRkOu1ssZ9TMrG6wNKtV6aVq1atV6bVquF8K4Uq9Nq1for0AIRLlBcsJwopvF7uvGlSAVKvRSpaqlSpWFXGQWxwPiZrJcieEB/ysWEbx2LUKlSpUq4UqVKlSpUtVSpdFS1WoRHDVVwsKlSpahahUqVKlStWrW1JjibVq0/umtWoVJ4Vq1sunDorVroqC6IFUtVotVqPRIaaSvEqdkOIKpY7bmaFhsqBnA+ilS1Wi040qVItHoHClSpUtFSpUqWqPHVacNFoteDGldVRTu6DiFz1z0TftWr4WtititirWxWxVrIfUTistzjM4oijXDEi2masdpETAuYtitlstlsuYVsVsVuVstiuYuYVzCuYVsrWy3K5hW5XMK5hXMK3K3K2K2K2K2K2KtWrVq1a2KtAoUFYVpxF/JcwOFHI/S0UoJbmeEux5DtSjnMTw8YH6p5hbG4G/wCptbFbH5niHg7cqIkT+FTQuIIjcTQ8K8AkdIJXhtf39+xSdgQv+oeCYwNhsbWim/29rYI5LB3d4gB2bmkozyLnyrmSoyyBHNKGeEMthXMBXf018y/llwHd2U1qOTI/6BjSH624Le5EDEImDsBXo5bUYYyj4a37HFkH086aL6257XIOs0PklbtCOUwI57f4jPtebK86UM0ffzcaErT8Z+YyM0SZpTaZiNHcADtYXRWhXC1fC1atWiL7vxGnsN4jYjzWu77fGugjkMARyHuNNGE931eRjHcQsb20CoLQIxNKOI1DCI7F8zO8eUHjqDfwSaFl2UXHRseGGm3igKGn+tEeGxVrcrZXw3W62VrcBN1caTo6UmGHdWtnMZ1e14cAR8O+ll2S6Q6xswRdvqhQ0taj18tUpMRr+rd3xn9we13Ue9aklMp0Y2JrKsvDRbn5zG9m+LtUcwkFtI42iVaBV8bRPQqSQ/ZmQWutRzCQLUJ0Qf8AsIc6I6EGwCPglwaLLnPmNNYwNFDX2Aq4FEWi0EUntdC+w2QOFj3Z5tWkCGDlt6lv3U0hkdq3lBqkDWtWJkauEaNI+iuNcS7oiVPmCJ4CwptlaHe1JCJBSx5jervgWsiXYiNsURY0DhfsDieLmBwotPKk1N2PdrmzdVK/WMqEW0uVLLc4DpiSHmAmuiPGl14bK1SKN0UTdrLhEkoWBEQEQvuuye0MmaQD8A9lAy5XSnY+3av0ysFbJjrYPc+xUH1OPCdpMbgsWUcssL+naaUHviY9y78CFSrjSJKB4Od/rzA7GWTp+1sLnP642OWM6lDvwn7AofAd2WPVuPwSVLWhUHWMe7F0e4IdkacKUjDjvtOzmlBhlKgxBE2kOFekhUiVspcVxGzBBIRRh8NLTu8ikUOE/WmqvgHqFjkh7mn0hHv7JKHVT9BShYRGB7sh5UuyHZdk+Fsn1f8AEQpmK2Pt6AFXopahFoQcUO1q1fDVdgi/mTivguPKm2XTUekKlfpKB46ULT5eZJqB092aDdqin/aGuJ7LYLZX6K9ggoBByvjamyNf2rHh1Fn4MsIkbSiyK/xusegIn02igeMuSANBBjlv7ne9NjH62jJHY7dAVa2V+qlSI9JNIFWtiU7JDBQjjMht4FfCpOxw66jmcw6ycwHtwCPqBvi/J/iyPF/m736UmMT9LZjGdXiVp7XfAH1lUqVKlqgywjQT8sHpHHhu2Dn6j4romu78h7Ow8RA+tsrXfSr4Eq0CiVbQnZ4Hb/JL2jxwz4b4A/u7GfGdgzLI7iVruzRar2OnCgE97W9S7NF00RPk7tx2t7fHpGJru5wB/HkSt7cyULzjl5xy8y9CeRazlDCJ+oY4Cr4tIwMPc4B+3LmjQzXBefBQyWoTNXMat2oyNRymLzrCjnf6L5XIYbndXjGaOFfKrhS5a5YWoWo+boEcZi8m1eSavKNXlGryjV5JqGIwIMH9t//EAC4RAAEEAAUCBgICAgMAAAAAAAEAAgMRBBASITETQBQgMDJBUCJgBUIjUTOAsP/aAAgBAwEBCAD/ANs+rWhaCtCpBiLR+isz2WkKwjX6KDS1oFWrRKv9HGVon9ICKP6SCiUT+lX/ANZb+EzCSSe138ZM0JzC3d36PhcCZpN48G2MItB5xmDbo+vtX2waXOAEX8MXVcMDYRQ6qkm0NJWI/l3SW37EZ0qVdhCQJAoaoVlKLY5PaOoQfNf0QK4V+YM2ztX6leVnuCw//GDm/wBpUwHUP1ICePISrVoS+e/WjbbgFASGgZyn8VN7ytPnr6G07dWgcqWhaVXawvAkCiotCC2U7tMZKfJqcfqnA/CDTnXbjY2Iv5VzKuDFslbapPg1No4n+JMQ1D9Hw2MMTlFjWScOmYFjccxzdA/SGyub7fFyoknc/bhAFCB5XhHfJwqMQC6bV0whEEMIvBn48O8Ig/e8puHceRhmjkyMHHinLquXUcrytWtRQkeF41yE7D7tDHcOwjgqPd1a6Tihh3I4WuemEIbRwzl0HBUR2zYC6iixrE7EEom+aW/o2tKG3DZ3KmvT8OW8du2JzijG1vIxDBw6d3wZHFXlSDyF13oTg+4xsd7XQOaezbBtbnTgCgXkrXS1hAqvJatBV5AbVkIOpNm/2+IPFsojntBE0buMxqhuqVealSDSEJnAUTE14/FwLdj61JoDdyZ9R39xoDCp+BJ4MJby0/7BVLVugxOZa0ICleVKrUcbRy7DAi1LCWoLrH+ugSNsfNdkCSVWgWdZd6172tTZRRLK9aNlvUjrcqtMaAAUHbpryVPFWQyKtWtQRK1IIBMbzbWqPDF0axcWkAL5RFJkhabUrQSHt7GOLlx6msk+jaB82o6k9oc2x6t6Y1ajFuAUgogBQU5Ypn+O8hkT5A20WIIIJm9KCUNbRx0gLsvjJp1MLeycdMYCA9KvMVE6xRcKJ9V5/EZRmnKQb2rULDSxD7ZpKGRVq8m0qQCATQSom1y6drWbTzh7sv65Rmj2Up2C281+nGaKfyfVI/EFfKBpRkO56Cc8NFCbEF7t6ytHyA0teV7KOcDnxLfiTF2KAAKpf1RUfN9lIzYFA5WrzpV6JGyibaebJ9Vo1spfKCDi3jxj/kzE8oZXnSrO0CiK43z2VqkG6GWexY4PYQg2ifKPRtWi60xoYyz6rJC1ykh/LU1WqVZDLStKrzWrvzMi1FSzBx27EOLeHx2NTapUqVKvQJyohRxXu579Rr145NtLnREbjYrSFS0qsrVq/SvJsGpOkA2b2bJtKMYePxLXBEq/PeRK0kpkBG73vv29gzEUnRB27TY2Wul1EDlatWr84Ks/ADkMNQ1OfP8ADe0pBxabDcSOHeG1bt6D1uMrV56SUGkrwt89RrODITz2QeW8NxDfl2H1+wwkK6WpHy3npVJrHFNgrl0jGoyuPch5HAxB+TLG7nQwrpMXQaum1aWISxNRxP8AoyE9uJCOBjB8l0Tl4e14Zy8M5FpypBhXQevCP+fCAcmOMLxYGzTK53P0Vd4HkLrOXiHLxBXWK6pXXKGIcus5aj9t/8QAQxAAAgACBwUHAgMGAwgDAAAAAAECEQMQICExQVESMkBSYCIwQlBwgZFhoXGx0QQzU5LB4RMjgkNicpCTsvDxgKLC/9oACAEBAAk/AvOvjUoYdnSfa/MuuEnFPxYENFd+P6kKSWn/ALdS/wAj20+cbLk1L80hzbXoTuQpNo/Z4oIH4p/0HNOrepWZKqN7Mt2d26siJqcMN07r21gftMUUpTWV/wBMBXtK76s/aIoNrBQ3EW2+zf8A6kU7o0t1Q3fI5ujz+3oRuXT9mOe1KQ5f3dxemYUP9P716f8A4RpD+bP938zw7L/ND3YVNaSHPd/7kaGr/wC7rPIzXCKaIJ/i5iuMITGPGvff/o3oMDBm6kQfcXY095mEJjHj+fCZGfT/AC+bcpp0/p5toadP0srsClKVlKylZSlKUjKUpSlKVlKUpSspSlKRlKUrKUpSlKUpSlKVlKUpSlKUpSspSlZSlKUrKUpSlKVlKUpSspSlKRlKUpSlKylKUpZ3GnT+nFMjREREZERcNymncsYxjGMYxjGPorTh3P8AAo5fiUkvwI2xEKIEQohHL3KU7RDIfBaGnct3tkT+SJ/I38jfyRP5G/kifyRRfI38kTvepE/kifz0TmZcI5EE/rkR+wh1qpkREOtD2WXrgczLg+ZdPMU3zDm9Mi5VMUhzIe5VTFL6j2l5HzLp296F0Ogq+yhTfeKtDLvqPyHmXTl8X5F71r+S98GvIuddN+8Vi6EXD4GHHc66awzfdouIqlUyIhn3d8I+N510z7vukXi7mEYu53eN510xvP7Hz3N775TL1p3L7PGc66XxeBvRY9xgLgboj57jHLi+ZdLYIwWC7jDhcMnaRkYrHiuZdLf6jK3hw+GTt4Mz4nmXS2MVvDifZ28uJ510ruweQ7ywZirWTM+I510rjFbxfF4q37cRzrpTCG3guN3YrWRnw/Muk8jGN+SYrAytZcPzrpPxW8uPwi43nXSeWHk2K43nXSWNTs4LyHCLjOZdI5jIhkVjPyHGG1nw3MukfDZZf5HmjJ2dTTheZdI527mvI/Fay4XnXSGfc5+e866Qy7jMy8iytZ8LzrpDXuMvI9DJ2deF5l0gt3uM/JNbOppwnOukM/MtOE510ih3C6D510oqn0BzL0W5l6Lcy9FuZei3MvRbmXotzL0W5l6Lc69Fudei3OvRbmVmkh/mRSQ/zIjUXI7vQ/mVmKP5X6EUfyv0Io7nqv09D+ZW4diKD6zn6H8ys/tC/mf6H7Qv5n+hSQt53u/7eh/MrMU5e3W+vFcysxbM8t5kf2Y5r6eh/OrPbi2sCHs0uMM8P6j/AMukik16H8ys0mzPKciPaiXv9yKSo3OWvofzL0W51Zol9v1KJfb9SGcXi9D+ZWaJfb9SBKf0/uYyXofzKzE/5ScTi+mBioIZ+h/MrMEM9NmYoVF/wyfohzKxkjttxM7Dg0MYoYeu9OE5lZpl2nhMplL6MpYZJa9d6cJzqzB/9mXbOU8SDeSe8+u9OE51Zpl8/wBimWz+M/sYQpeh/OvRbnXotzr0W516FPEZjLuuZehWtWndcy9CtatO6516Fa1ad1zr0K1q07rnXXbzIZ1qpTFId1vWrTuudddaGtjXvdO65113rY173Q07nnXXWhrY177TueZddaGtjXvtO55l11oa2Ne91NO55l11oa2Ne71q17rmXXWhrY17vWrXuudddaGtjXvde65111oa2NbGAy8uVhYGRkPuedddaGtjWt9wx93zrrrQ1sa8PzrrrQ1sa8PzrrrQ1sZcPzLrvWxnw/MuutDWxrw/MuutDWxrVcyGp2mPu+ZddaGtjWwriEVwuA5111oa2NbatIV5h3HOuutDWxrw/OuutDWxrw/OuutDWxrw/Ouu9bGvD8664yVeohVa1IVevAvxLrjSpEPcQiNVbciNEaI18kaI18ka+SNfJGvkjRGt7UjWBGhzsRJyxk5y6xzXe7qtqaKNFGijRRoo0UaKNFGijRAr2UawKNClVRP5KJ/IpQUuK6yxVUQxjGMYx8GvEuu0K0hcHzqzHtTes/RHnVmL/Do0/wACmacWD2nJixwi9D+dWYNqCdzwIdmCiIJyjvi06zXGcy69jGKp3jnwnOrMT/lIn/KYR4XdbIVUNS4TnVmjX/TKNf8ATIZq6XW0x1N8NzqzQw/yiUESwlmZwQ9aoY6ouG5lZ/an9/1KdxL/AM+pgut1Ulw3OrMexRp/gR/4kGd5hEutWInVCxcLzqxmZRXPUV8UjwwrrVDIqouGWLNLFMvn+xSXarIp1f8AX+3UjkiOGL8HOukhnptKdcU4ocVZclP8TOwq3VeLusZ5kMJDCQwkMJDCQwkMJDCQwkMPZZDCQwkp/Sqji+xRvtGMMKn1I+xR4/mdiUR4kvuZxJMxUE9vVn1qgapFtbTeGORNOHPLUUUM84lJDklmQxtLxKG4wccP5MUUWzDDNpXf0HNVZK3qacQuptH/AEOZH8OD8hTdKU168HgFJwXXVax/9xlL7Qox2/6Hjx9pfqKSR/EX5MVzgv8ArM5qtCBu4hd5CyFkLIWQNXo06+U3nCUf+FRw/WczGd+D/MupYP8Axn7PKLn2lL/z3MW76oZQxOKT9yHsS3v9KRDN7f8ARl0UCUj9m2mvFtJEM49qGaX4M5V+RDKbq0NLSzRp6HZmVvL1j8ONTviwN6LA3o8LGBmYQowsb9pz2ce9wQ7u+iTdUXa0tRyZFMikRpvuH2nkOSHdVHeOY5EU6nvYWcY8KnJvCuKU6nJD7MsR3VxqY5kcmOfcO8ikOaqjkOY5EU6n2nlZ3nU+1pwintFC9jUvUiictSDbi/Ih2I1lVgigbg1M4iibaZR9qPD6GlV7eEKKNwbWDL28EUTgnKRojlZROOWLLtSjdJLMh2Y1kzkIduN5Ig2InVDtxvJFG4HCUcnC7/qUDkiHZSKFxQLxV0LbWIpxReHMo3BtYC2oosihaFjIyRDdJ3EEoVO4om9SHbjeSINiMgbZRuAonCos6qFwwvMvURQvY1IXFtrLIhbU32yBw7OZhDSOZhI/2jmQuJxYJFG4NrAh38IiHaif2IHd4hKb1P3f2GtlQ5mz7ELc0UTgTzKJqB4MUyiexqUTiSxdWbkvoRu5XQ5VpTep+7+xuS7OhlvSwqg2m3d9BT2iiaheY7igi2dTAomoYszGC9MzVWczeo7jCjU2Ka2CDZSyKFvUuaxRDOeLZ+7+xDNvW83JX6EDbKNwso3Bt4MU9plC1A8yibg5jCRvRzcxbTieZutTlVvzu2j91O4i7MF0MJKf0qg7bW8QzmUTg2s6qBqF5mmBRuDazN6B/YzXB8xu7J9ao9mKeaKRNopUl+A5uamzDZNTnq0qezd2WUqcnoYJXGM0cqOVn1NTHavNO0chHsxfUpE9j2qjlGshSjgOY3Id9mUilWzLCQ5zZozmItlyubKVXP8AA5bjGdx/uj8BpEaRVR7MX1KRNw+xympzmBTLZf0L5RI5DlZzOrOJm9tSf4GUJLaa3mUm09pexveH8T979alP3HOB/YgTZ4sUaHMao0hP4RnM1Zqctan7jnA/sO6jwhLtvGGrmOardumYSq1R/DMb5FMvircpF9zepTkPqczNTs0axiquS3ozF4s5auc5z6H8M0f5n8MxhZhDCZI7UU/g3JfApxQsu2lelVoaH8Q3atDnNDlXB5xFLE4OUuUjIicEX0I3HE9ar0yli2OU8R4mf7Md8BjAXNYMpYotnIuawaKRxHhR4lU99kbgb0O1E82O+WA9mNZopHG1rVSOH8BziixbG/8AM+xSxKZE49rUpYoYdB+5mPFl0SzKWKPZwLolmikcbnmYOFFLE4dDC+8dzn96nsxrNFI42tTGQ9we651U0WzoeFmDRhIjezykTe2PfZix3wDcMSzRG3EmOezhDkPZihInfkUkUG1kXxPxMpYoZj2onmzGA8LLjC4w2ZGF5mYO+F5HiMiJ35FJFBtZF8T8THsR6oiccX1qe4PcqwkU0WzoP92ORe45I8Kqe5VcpGEh3OZhNj/eFLEilii+jKWJTKWKKWTMZYDvgPAzwOrCUjC8xgd34Ebg2tDF4sib2tSkcG1jIviixiZE4IvoPaifidWKMYTws+SmiahyHekPcZm72ZcGt3yhXGX/AD7VfwLHYdTHWx1Pp58crC4tjGMYx927L4R8Mx8Cx1OpjManWxjHw7GIVS79jqdbrYxj4hdJREY+5QqsalbYxjGRDGMYxjIhjGMYxjGMY+5YxjGMYyIYxjGMiGMZEREQxkREREQxjGMYxjGMZEREQxjIiIiGMZERDGMYxjGMZERDGMYxjGRVPuIp8GhCFWhCrXcsYx1MYxjGMYxjGPo5jHUx1u3lYQhWEIQhd2hCELulUhWELp58IhCF/wApjQc633D2YYcyPbgM0bzHeRdnSp2Hg+v9K3JLFlI9pG9AiO4inCxy1ZG5pDvItraFIvvvMkb0WFTuIrpEbmjGIpHtMvSTkyKUMyKcMXX2lTPHmPIwinX4kPKu7VjveY8CK6Q+waGlWQ8jJO85jU069zKRopGYrMjbWhcpVZF0WTI3FdcZkU9spHeUrqzqxY72ZmBG0tDPMzPD0sxsiZGyNkbI2RMiY/J1fr1C6u0yHZQ5sXoc68DOq6EU4mPZhIdpl3APzt1IhqiKQpCMYiCp+YupDs61/BDfqR3LLohkI5DnZpGimIpjFMUhixqiL/MWMdbr14d+ZXly7xGQhyasoYvKMLL2SJsQh1u4wNeGZgbr+w7nn5fcq3e2Xt51xEZGNkYpikOvMxTNPNfZmKMDAwt5d06szAxs4RHsb0Hlt7sZW1MulUhytuTWZfZvXl29AbsW8jB4MwN2K1n3mCqvs5OrMz8qwqvY74i913lGUZCQkMh1ZVu6fcL3L0h+3keJjY3mMRIxsYMwiN6jMUYox4DExLkOrCxkeEy8pwsZDtIukKpzVvFGNf8Aeu5l9WHkmeCManVge1epmeMzM+B8HmeLMWexjYhZCQiHIiqyreNv4Z2WZFzs3MudWD8hwRhAYWs+4w6C9qsnZSFU5yISKR2lYydccvoKv4qvTMHkXrSzg8vJMWZ8bn3OdrLyhkZERjtLG3/YUvqsDDUc7OJ82c+Mzs+J+U5+VsiqhGKaIxzRDIeNeteGlr4yOy/sKxgO6vLzDLgcreLq1MjTyx2cqlereQpj9hTHZxLorONeXGad1jZwRlXl3K73BGCqwhMKsrGvkepHIpSkG2RNEUyAcjOtXp1q1ei9P5O0rOeVeVedjXitO7wsYxGMRnVm+BwdSFVhXi8TejMsLOvlEKruaHdbh90OdTnY+S5iv18twdi8xr3YTBGVWZkZcDehCsYLAwqyMXYy8khEQDkOvMWDrVzMLPyRHzYw0N1uvKvO1j5ExCLq8Wb8RvxmLwMjdhwMzPht1G7CbzN5mCMMvKEXMvkIeAr7WQ/kVvXAuir1qx8qyt4m+6tyE3YTFmCxMIeCwsXQ6GGbL43VuI9/Lng+5udV1jAvWvdYlzFXnxmVnKyi+M9kXUa+58l8TN+M3nweIr0KRfEdmEU2O8uozExeflOJejG0yKYrV6L1oXPTgcFx2Fj3qQpEUyH3HtRl0GgpLUxN7TQx4VXjERyWiIJsfsXGPliwdjKxeXMgk9bOZ82sXVlXcxe47/JsDddUTIRy/Ahm/qP2qxMeFwrYqn5i+0K0qsNRzVetWtefdYeUryXHyrGwi8UnZ8Rg37dx4a7mIdi5eTKt8ax+a3Vq/UZhqOvU0t52nVe/J7nYfSd4pfUf61Zouv8AY0r0sYKu76ENhF/lWHS6LqkYjyMhzU6szOrOxeKQ/MF0wqo7cQxC9TXUu/QvQlkRGRkZGRkZERf/AAG//8QALBAAAgEDAwIFAwUBAAAAAAAAAAERITFBEFFhcaEgQGCBkTBQscHR4fDxcP/aAAgBAQABPyH709e1kxxj7tNdYfgauSaStuCtRVlRm0Cs1XMoblpNWpedBf2x+r4VvJ7hO+ZKLl5nEfiET/whH3xBL/iDAqNR9i/JAycp76YrlC2/lnO9Pd5ejdG8zO4GaWam6tYMhTyn8QYJGxBHjWvjG9GiDq4YkmTSmtozUpJoFuvw9aZ8ohEmjsvfqVekO7Nboh463lxN1DF4cplS1XTtXdPhU3/2+I3986fyDsVQ7hIEiEyTmwL/AF7s/o93lJJ9PLVJQT5Tk+ovwxHtMMT4KhlNnFhGEKhK4kdq4bnnWIU4LzS36RIjpSmlG3+oo+1OLORcllDrQkyU7OkWh00Pu3uUmFUElOvdz5ROqtEocPT77B/xa1t6txSKvk41ggjxx5WYmSv1B6MVdHgO0U0RaRDVkcjQuQcg5Gkck5GkNWRyNC5GgcohyOUcs5RDlonIOacwySGjLQuVoj3RHlonIOQcjSOScjSGrI5Ghcg5ByNA5A5bLGKUxO3en23xyPM2gXufqwHgRBTRjZbB+/ln+cPH0a13T5OP8nF+Tj/Jxfk4nycX5OL8mz/Jwfk4fycH5OL8iWxz6JNvg+UnQploXJdR2EKOsQRAfqRLlPqzEB/sAZ2HCdeDK/di2iCVGOWk8k30icxW5ff6QpGtp2sGbro6CllVQmQmJ7fWvohZsFtNfJyRKpyMDXOHM/osKZT1ZQKugpdYEZTpq8CPAM0acss0B/n0IipWp128hYUUVZyeQggYhZrEpFhR6dgiS3OrzLE75ENgjFtCUet7ImaBj626PNhA1fT4BuFDcaYsONKGt9cj5KRsJT+QFMr7CxICWPTbPi13JE8UVUkUpXLpl7IoAXK9wzojBmLEkKIarJyCXk5iLGkLKoJ7Das3EzALgQyqgsdxPn3ppempgbFz5ugy7d20khXKEtEqQW4F4nA0Oe0reEuR8jrH7nMJ3MuJbjIuKqBNZcORXGVsL5YYkSV55jT6aiR8tAgp7vLKnsIlWm2ghCKi3LiJCVLIT2ZaXprbcncKXklooEdKyxHEsvTLayvEWiSWqaFf3Qvvls+dfprBh3fC2xCpEJX5JJZFUjGHYa1EUFKHFwrHySM6M4cy4oIK+6ZjGgK2L204KKI11I1obLUQ28Sw2KAEzQMSaLl0R5yfnHpBel0SXNCl0KzKhx2KixSwhBLEUsZMfUgtyHdYpJX0UcI6jO3lMci2bWobvsniGKkDIooXpOLzZT829EL0u2BaFcedwsFP0hSVFBKUFzOg50YhTJDAoYSNI+pIJkwmY4fIhk2Axx0U2KbjjSohIoOvAJHXzT9LoNjHfabj7bJZUISRirUlmsLRU0y3MbKGbFyZ8rAxvrOhBPmHi8fkMkQ6obMMdVLsHelRjTtuVQou3809NL0rQ5qNmecWyGlsDdaEohSKBbGSGhZeVVUJeTbU1w8mdUVKSDgew2JBvQWcNjp3nmXpZelX2ndhFKsIpVqrJKkQiySKQwp9yAELykCwpTzrzmoMwNMJ6l6TgpksUvIrlYeYYkelesTdWJB1eWS6IV1EQEUhUYd3ZuxAVF5dnT7nNnqCSW1JCyomYnnDW2ivlbfMMf0rCSG/1JKxpDU2hVBak+z+p0e935lqUQBRYuDIrAOQ5EmWMVKlAgH1UTy7FAXpJmQrVByyCWTQIa7E2PkhqR0EHnO1hR06kWBTB02BihAT0ig55c9OL0niBy+pl06NSxYEIJZj33US82hpiuey4RYlnAyZgqxi0zAyrSQo9YeWfpTxGKTe+S2K20c93I0dBysojL584xXWYObLeKOoUlYVzCMZA2gl3Xy16QXpLkTUoksFQKeIaSCFPZgMY89DrOFQtg+XhkIOjg1t2bqTRPfyr0QvSMhZsngWir2SJoWWJQP3bN8Xfz9B9kc8sELqD4VmTBXcooRkkl1Sh+VfpNCQq5UJIu3UZakMKa572QYlj0ZXn4qIouAi2U0qohqwUcWBvtTyr00vSFPVzZFwISk3QQxV7NjEFGodSVNynF9gj9VIY5pJPfcipJGBrLswnPlHpZekOmimQmXDGHkWEh1dNiVGF9hS1B7ImjUpnOlRJsQHM/lDEj0h3jZG9zikBl8jSMHBQJwpQtO+wxUnli6V6GHJRsQpIh6Xu/lGP6Qg1d4wrgbgjkkZGaBcS4dyv2KkcMilr8LICemGvheTYoC9HwdYxBoFZj6fQG7sbnQQnw+xfIJCiyrc93FUnUS/lN6cXo6YeyNyVAkQiSSBIkoRLsZK7fY/I76Zta0VWD0zr3yh+kPIDyI+WCoqYVGQRDjTBRiRr/Y6Smt9FVnsQM6DEwjwzLyZ6QXo5RiZU4V6KTQjYsUtBSasJCaCiWOQuWccL7JFtx56RKr20ydSBsnKy+TeiF6OjTBT3KxJsHSD8C6oY7zsjcqX2XlxDTpCwDUlydAryb9KIWwbeG7MT4Bb9lmW5XoRaoYpfKXnppeu1q6Crojaq7eT3pZeu1qC0HxfgMho8msSPXnbvksCfD5dAy/XuifKWDsTuvLC96WXrut9RZOx8uhC9LL13+Qsi/D5dI5+vfPzFKJHQ1YXyin69O/Jpu08DHp8nP17B+QtHandajJ5NfrxBn5i0dud15ZbsWCF66Z+bSdv5dyZ6CXg/sH6n9g/UcTBulR0px60Z+bTdud1pL3lGxI8ff8A/lZlNcHrX+YtnZHdaS55Tv6Ci5FNrG02XrX8haOw1WcE8nPRSU8XPmmvWpVEs/j61Xu0nYeBbNHk96OsWqEbeCKZeHR/lHrnTsPL5JsWCnnVCNPJF9fcn+ox9FPVf6Cyu7LT61q92k7DXK8dv5N6Aa2sRsbvyToT4My+LkMvtLsfWv5tJ2Hg6uz8mxICXgqyfNH4k2j9V/Jhregquv61/JpOw1ees7XybGKVl67/ACaTsNUrh2/k2P4wa6yc+IRMU/csU39afl0nYapXyvo+TYniKr10a35FzxNFpa9aM/NpOw1Suna+TYpWHg/2AoyAq4LIwuy5jPrRn5tInweCJ7HzKvRF83ZCgsf/ABqetWfl0nYa5NWdv5WS1YrydjDIxulNxG9FdCdY+S4uT9161ofVpOx1Sv8AmSkiSJIKZ1UuheKU7MwQjyS6KCETWfWl+idjqlQ48eZxHL/ryYHuuSk4JB17413FqSyXrS/ROx1SesbyefjYdfQxs34Ei2MC9qetXl9Wk7TwZPY+Tfrxhn5i0dh4Mn4vyb0hh66Z+YsHYa5UBfj8qzH12ke8sHYa4MOx+k/+DEPXr0HaeDB7L6FCKRCCbGkSguYf8Fk7wsHaeCD7D6FfPo9H0VX69s7wsHaeBA7T6FmG+lBD0AvXfeFg7TwILx0PpUkhgn0N6IXrpNVOSKHkeUO20SglYi08EXHP0McqPogfrvDtmVuxgL0DLJYsCwaLF1YmSHoEIB06r6ANpx/ZfQekF65X52tjti33aZiXS99Cd7oKQ7f6D0QvXK/G/BEFnS9MxL5e+hO8LNMo+gH67RWOu1KUFb0vTMS+XPoxXlqPb9G3ppeuV0xWC6W9OmYl8ufQCbaJCbCpOtClPD6D9e2YbA8uW9D0zEvlz6EQr3N0kCe3aFK4fQell67IbNGs6HpmJfLn0YliU9MVHhfQYvrpnctBsC1lnS9MxL5c+gF0h7MNHRX0HpBeue5aiHlyzpemYl8ufQfflaSk8CPtr6D0QvXaBYEhy3peiYiVElIgCZxG1vNbHxMGfel3hE0oK6ZUJFpMkUSegl/E/XeEHXaBYHly336pSjqIIdBmx6zFdW8mbA8iQ8VaJPoNONZpOg4Ll7DKISSIGLeF6QXrlY6rUJeLPfoiOOPTYsbgSs18JaBEWF8iUDjEoli8L0QvXPctYl4/JLyLDXqsVG1WHcG1IIDbg2o3gbwP4EDzJgrTrTvCv12ivytZiQ49PcYjpEiyOgnKCTFDRASMXLR9vBRU3XwvTS9c1dN6zErFp0Mudrx4GJBJuLkLdCWJGJNyOlchMM4nwQU9b8L9d279pFgvlnRojrO4ZbIn0Y7DyZITCfcTIX0gEG3pZevOSLDFvTplrRuuamW6OAGe5p+ONxaJvQk8wEvJzrHMRGJjwv13537X4lZb0vTMC0reVJOR2Eu6B2i0bsaDcDVkaLMzwWHjQlbYvC9IL1zZ8tWl0/N0zEahc1scZ1LMiOWS1CeBmCULzg6CtKBCLAvC9EL1z37Uo8sfm6JiNQvFP0VyOFER436+wr5eLPfomJQi/wCTL0gvXPdtPsFLlnS9MxLC/wCTb0QvW8juGXJgc9ouFvS9MxGgVsVEXqlgfkH65QynUD6VIVuQsFFUiZy42ullwFooT1JPFVlWIJcCHK6HOi+uxYJTJpSjZet+8lb9RSGJ0BBMCBU2EiYTg3CH02CboSM8Iw3ZeJASTdn+sf6+nv8Ab8JjGt/tC2oJIt+0yJ37hCh0ORcdYfsMe5HrGFrsGSzuQawybGpF5f1UqCvRU1LMWXF4VeJRXU5h7/QIszO5hVgsS+aSXrGglDRXjR/iz/Fjt7u7Defn1i6GOgw5Mi1dshh6FRBx0cUUd4c0xDdPkGP6coEkvW7FhxC+C4rpRnA3bnKcsSdxAWISFfyBkRC1YhQ4oS/FGuPz60vENhN5K5GkahgUZGhLTIW+QY0kLV0KMFpn/Ui0dn9Vp/H4c+swgqEDCCqQh6CS0Is8g/DhAaZJXHf6Z5O7Wu+4z1VbGV6ynBtDiqFUa8BQ1AxoI8eQeh14GjoR9aslNUiKC0ixrekqZGkOykyL/wAm9ILwf7A/2Axd7CWJE5r6zaLKWKVaqkROpzpmKXsVuivk39BFWorVplatShHrNmSUcECKbQ4r2Ko6wk/BGgmOnDN/JvTC8H+aHLxVCPgUJiZC6etVdtoxWmoPzj4BmybrZ8m/HYV3IWIr3YR7CUktkqetXyCVlCcmCfyIgH2BYlpXyb8NIbbsiw+ir/C7GpraGzXexY2DXvX1qyJiOsFwgsALVQQ+LPk3pBV7a8JH3EwqGROxiYLznEKZGBVXb6KPWtGluRtaQbNkZUQNCb5YxhzV+UjciSPeZTw+r/t811UHpqSj5mJVySn1G6KIu24SJpPFt/jpI7H/AHxEzqobuykUfD8M8HhMOq+E9iqkkTXvqxlrkp00QRMzEpZ2IVlsLaJGz6LrtU4uEVGzQP8A2z/RP9k/2T/dP9sf8kKsyXEgkqSF/LFOU1CDLDszV70RZ1PqSr6kVvKKhZpL9iMElJpW3X7cmdhfCR4skCulVi4bXKsE9xycvJ7J00qq35BveSDyVMZrSprOdhp7tkm2W6iiSFWsh1F5qT3ku+svc1xgiTVxltiWI6Pfh0GPqq1XVKC+jQ6HAZydn0oII0gjwQRoWnifArBR29S3nP68Sqsxj70X4A5atNKaxF/yRkzrfpL9y4I5KELjV2vQpOyKeUQnqzG59K26LhDqEQIQVD7Kh9hLZIrj+NFkqPvCVCQSf2xD9kdjsiT0lsVBeZHZvX0HzjFOPwTcGm05d0ET+gZEewZooL4lxCeo7rJUdwgOa+Z0bbQtHCOT0zGAeXSBFokcLoCju6HSGmQZNjH1uLzW2Ne7sa1VS2g1I6Ynpqq6RPkhQQqHsex7ClppVIepF2T/AIdxMuVsmAlHhfWxVDdlf8Ogr44foefDIxZbnElBJC5sh7z4Q658Cnge7dq1bluxaGWIMYS5bqH4E+s6JiKfPgkknGvqlKe4yuVu8U+GRI7aPCZmk7aNK6S0TrJG9sZHtZVsIybPDOPZJ6T4mNTBkNaiMuwtTmzpDMtmR+X6WKCavd1JOGOM6Rfn8hOsj+HwtF7bE86vUVWiRKJLMhJ3mQUVzZBWU3aSOCLYR5ruiKbYuyM3pes+FyVYqq2IxW2yRl7y0h2bbJAOnDIN15Y/aLrHjQkkUjoooSKoKE+TTO+TAiketDuitguu0mUzpWDP2Tzo32EVejGlCqwOe3+wLKe41hIRPnhj1C3Fjb57dk2Cza2XW4HiH1VDoeDdfKWG7CTV9Y84GqUtk86NG+wjZcB2ZU9gEc9x0GOspjTMg8CjxscMJjZpiewXze3UVtN52KuLBRfX8cjzzT0dSAlJYKnjJ0kGyv7SXrsthvb2EKnbrJ5HBoJRGRI46KclgMoc30wssRc/BmbgXC7FLDKhkNhUN0qyiSz3ScNkhc0mcoToR4hg5s7cdhtRLoRoC5gNCpbVGZAdmpFoUY7h0gjSCSV7jZZkPDSGJCdqlrCluRRbnJeydLMFWZxBm+3hElxbamgk6YL5FIUYhe+bmZOowmmvCzBnLlwOIvQ46JANpl6bJJ28UHCDFuTU0ZdSh7rhIbR7FiLB+ql8SRXXwGVVhsCCatK5ZYFWE7z1YcAaWRRgdIMZhLccgoLFE0KZlGPLl5YrN2OCex8XQi1KM2DsU/dgI/x5IUJ8pfA0ad6ztpjCjYO3MkqBQ4tYkj0SuxtOmOAtduLQ7HoYtnTruMB0/JwDCz2BGbNHQXvyIW1V1GxfBRShsczbosB5sch28M7Kr22l/FZeA9UwWjJaRSixcWC8sluQ65FqW5EJXqII01wQ765EMkg/MECsTSacDO41KS0TIH9xmuqLM7yMxqjF+Fa4IW7hRJrKYP77YzDb1F1I4cHs9XVJEdkvmIJPnFTdmF3wh3atWqDkXascJlcDtUrCkxVdWCZKmSlSDMuY3O0jcxgDn4JSWl+zX0snNT952lRN8Cyafvi2k3xBAY+lEXFDuPrCImX6XBKcrO2SpoW1hQf0wWzmarKEEKZBGimmK4DWeuChiLDSkNJYaRNMUk3E12K7hUpYUX1MaaK7hZpIBbTuor30S5E45ipRFhSLVxUaHsfwKLYeoM2BNSndHp1lB/cCuFJ3M7MpTtx4VFgs+M7FxNMvLP6QcoXA3G7FylYLkK9ypaLoVGyEYSESi3KDMZyhdppsgqTZRCeooxsJOtco3EfVFTrQozNTKsqnWH5LsSoW1BE5FKoSuFJyfJ1CYqggHkKjVhQY3KO7e3kRpxFVvbRJoETUPuIKzhsldm6w15p2IaEwLA1j4CvKxboRlWozoJv3tImJsVsYSIQi2IJGESlljizrOR2+lVgxnd3WYlVFrYIk5Oy1qVNJ0t7hu05iYnqT1YRycjIkA3FrMxuHFnGVWzig18jazUlSte1W5hSE3Qn47W8UmVIlbSoKXFG0xrc37ipM1HVkNblLcafJR1pUqIzTtRgqEHwLIrGI40VnlCsvTcNxaUhTegSJy1VlXk3wnGp0op2Qy45HUQO1bCHFEi2BaCZGDpy+B3D2ANQbDJUS56D3PxWVBu4724ZWjSdBrG6qH1OCiFqO1UoSYhK7D0GkVXQcmdVTIhPnJmoxRtO78ivnOwKASSJGnyt5IzueiGufiqOgzcd7cHAUFAw7PHRqpTwNRKaagcg0nsLDlUXwQ8HeQzonbyUxkqwudpJ4XIhfoNLJ2xkohQ7ovhUVBEV0RkeIdxmosulGV5GhHnwR2k7dkyeKC5QnUOsDJbwUEh5ucNg5gsIykaqKBpUVVBQxTiplt1ka0csu4Xu7puM2lIVW7rdnTO7EbFWNQnE+YCQ43eQ1DX9zSZTjtgbtuCwhWivQj1a2SJ7mlSOBRFeSqjK90tpIRZiJfHk7lpSvtFdgJspCSfsSq2vINJTiu/lWjdFfIVpi/wB+kuLELEzeWmTP/D5FKNRsgY2wt2J/8OSssmCdFoiIL024CVkft5ozo9CQqCXhe8YvTbQJNWEEOSPIhU/aWTDGpI2d9IXgVRkSkiBem26oG6voQKsDhohhCdJ8Ekk+femq7x0IWtF6RkDGrK1lDxG+LdtKWKnPhqDMqhLipo62BcDJQtLxCJNzEieJhyDeTcHKJwaD3jkJcnEOTQPZHIbkb8DgHMRjnIbnITZIbiZkgROokQ8xM2GiNII0WB5XwTpJOs/QrrPiknzqck6z4JJJK6JJY2yR7AT2I1RisHpOkaNFkorQF1qNH6B4YmRInSSSMRAkQqpE7CHwNBMwbMVtKqgVJDdLCTgRsJV0RwdGlQyByC24miUtxDkDwNifU5xwYsjJdx4CLu2Jw2dYsjDjZidwENSdBRCBljFjDqR4kFVDmMkOxJVTsSJVsOjW5UFnIzJRLcWcco9DQT2Yt4izpQkmSezOYjyQ5EwcxzizNJzHNq7QJWq8pBkSjmNtkmSMjOQTAhcpPri3jmFnHOIpckC40k1nY5iSZVEtM2EnWhjqLAjdfsWyDr1LQqQEhjF0j8SSTl1GYmhhqlc3fD58DRS6VwItDN41ZVyUpQiTM6LiqGYZuBb4xQhi5rQ5IRuiHCshIsMVagqghsUh3Bvrq16M94jzo2BIqxy6SrxjwMlGQG+z1BXKDIQW4pKShqSZ3UCLNsxNF4ZHoTEzA3YxRudhQLESpuUyVidisRYghDQNBMRMDNQ6ioUDDN8FYuQ3yMGmxAQhJuQWSSjIEmQPkQiL0IDaHEQ2KMhEEMw2JQoEoZFlEy4cUUComSew1G5HQuRpIisNFAipRiCJLHPUmnoDfXnWUYI1EyfElosq5Foy3UgyjZIkhV4LBzKemtCUoTLB06EiJlkWUwFspF5GeJwtw5S8TVRtdZVFFB4w4JOySYiVgS4jaUovCo8KQXUoyDeX5FjS3JcTtqO1dCcNTZy6gUWXW0kPCeheFJsIZu0jXQ7C0hGmma8lNnDSsq0TWlL0DyaljQMIM6cFk1Ini0FaJMD8ZkPpR14ZGPXhahVaEoEtTK1P2YVSy0d4kznYTmK+0xOoZ/oSmNMxCsKSyuoF1I10CKoz5xEiUJ3Fx2Iitgo2xwHBoR4K4QpHgRD5JaFyEhgtuYlQGbRgZG7AVuakEgjRazkWQttnCxlcO7keWQrs5jqm6Y87Yt9i3Y9wcgW6E8s5Rzh7gSs423cZLc48rnNEuxgiqhJUikguqaGB4x0RAGFK3InKGxLYimhKQaCU9Dp5OcRoUfMboW+IiNk2ZGzIkZYk6U493RQFpr3B+B3PcHp60uXXkoRMm0eqy0tggW0SakwelMlNJVj9gQtiEmA3vcKS2FeQlGpuMFIY5VDhOwggLTKD3CTJFkyxVjtpQfBMpEeKI40cIW2MNRUjBBTqR/QDXojWJvwEsrrfUPYLIG/Ae1Ht9JsjgHtHGJeDjOMS8EmNFw6wcZPg4dQOM4R6dxE+g9PhY4RozYiSdb0L5+CyG0DWIyZPTIiNR8xNuSJ6GxIkJtMielaXWdWmW4uWrPwRTJEtyW5MZfI6iYm3JaZaEtKZIkNiZIlrSGchEQp/gVyygOSgT7nB4IGS3Maq0N5SroiNCcDZlZTRqTjDbhoG7EVwn2t7eNejSCNIASFrHo/EFCoZZopiDkTmI8UfbGLmCzG9vFiGejqXpGCDhHtnHoPbEr7pA0LWGi/1wRolAxOQv+HqfeNF4cL6LEs/TjRFx00T8E+sCIHockERpqVF9FgVUKsCR6ESSTSFOCu1SWLke5xG1Dc2N/T5D924nWOBKcsHsqCexwPkqNGV8kT+GPjaSFrXq9zuY8eg2F9Nf8yn3aKgJdSlLlLNiSXNSwVPb0QYHFcuPwlleCQ56zbYzIXE8kOw1OEI1oezSWjKsR6iZX12WL7p0Kd7wxCtCkJKxG09izFWOfXvdxFVxUWx+SiFCjCmSSbI6TsCnrDQKsPSY/kVYsdSVhzvwOzB0+jvSqI3o4C/TGw6D94GA1TKZFgICtJVNKNAvYPSLekjkdZ1kSBE6yG5EiPl4CdZ8wh5ZRJROpV9jEnRDBcie4T3LAWn0H/dSnHakG0aAhqZFob8A0robYKf32VnmMi3vvLRiJNha6B4oUVKIUbXLB1bORB3mY6cuFSnouSRvQ9OZTTG1pi3g80LAkH7oH9rIfyn9L0UkDyo91l7QpXT0C16J8xH0CbkRpsKbWthSRQvAggUBlQI8QJean7hJIjIvzGbo9oBameNhck2zhGam5aPaCIk1LgMtIEEytzFraCLEuQzpEbHCYDRrsIy6LuY0T98ek+CdG/ubYvqx6tk4EzMHVNxJzZZUQLgYqji7HnKapyfIBwsArFifQqNGRIuB1IGu4hEkTu1DaQ9Lcl3HdBFOUz4lf3ZaXQWlyb50gtmLAHGOMIGAGQrMmLxQtyJsYn9qnQ2XoaaEGKLSEdEGOqqEb5C+ghoOxEzA+3TQdHwr5EdtIFX57h9GkEJbBTICdBuxgm2BaiZ0fgoUFolSHugFMkkn7XJJOlqi6CUXuYGIVbzGajVRC4oLKOCygykvaFphdR0I3lFXbiCVvgTpsW1HTRpvuECAmkiCWnRJP2SdEstjoWklXCUDJGxQyqcanI+K5UNOGVzWnSYkxT+silNFBStzO9oos6DSIIJEjqV2GiG/hiuu/KpDnW2xA4bigT+3NFco1QzCzy+RRoKbDbxQ8FFQhuhNxK3GpIMHuJWm+REK2ArhfwOaAEvTW4v00aEcaXnY+d8Qrln7Iwym5J0tAsIhKcF0+xQYBckzxVuUwvcKuTmieR62IZ1UhpAnSUQigsFQkFYqsXdWydEqhYDXA/cXVE3aM3JA46H9WI0xEYbqbPGbbWSIlronqd8SU9gCMFiftZsudyL51KJe7GtFL7DQW9YQlI8gPFaopaEhvET0CFtbtKVk9yKllT5Qg1dUKaQOehMlDEZhjZQrNXK8Nfgq23uVlpJJ+wnVh7CjYZFiqWowOal9yMNC6wHMSmDdbkSSrbOxApqbAul6CGxkd0QJdSh0pME9djFISJjY1tE/gSVDYhJAR8iRtYoTkutzK80z5NcbY1oJECXHJDe/iOG9p7jekxVaJ+0OFWQCl76LlETJ0MjxcTVxJEumgSQVigYhXCEGUM9o33ChpbKATY2Hr6xbBVDrHNTygTbF90VHuUEDm57LCr9R0M2+An9gPbzHIWRnRUVPzjnbk2PKGOC4xNjAz9w5NB7KxzVJ0vkJKLFYQpLDScMcaSxABKAnWjIUTsHPAcVDUCMO+Sohcajib1BgilcYoG3LTBckrYRq9IMyMvwOW0HdVjh6Y4CFlfZ1pLLB8mQpX3F5AR1sxjMN2JmVMtVG6zU0a/j2rpnKBhF/BKm2koydQgYDpSwrSGoi0bhu3JxAJxzxUv38r9hMtwFqmjxcSfuRCynSw7ke2D5DI5FsT5xkkHK1iWo6e5fnslkE4EUEksaCWwI1fuVFAqrpnUnRuwUfQuPISyDA26MTI/kzwq4lupD2upEIfW5koGWyJWkj3jcJJbMEeasZilUdEFlGJ0DW9uENJFMmwly/luUKc7hHJoPuPs3uhMSSwSrBVeS43a42ysDYClhxHVzLasX3SEC+iSbwx1UYjYhtaOxRNmJTbELI58aTMKBwLhTHucgFPr3KMTOP4L+7ag6s98kgL/0BX8khTT484xQmmpGjYKae6nXDsTsKyNJYc7FKrbJ+TBjXa08LjamBWsfrNg7dFJ1DFHHUe8bcETEVGhMSk9JK0SKqka5Kq3TYhsU6kYUXEEe4YoVBdDlccYPVPpceNNFzIolyJF9jcqAQ6jNDdgza7cTtGTEMfSjfsfwAWswzjFJo2j5BtT+R7TT2Hla76ewmNaUkg3ZkhQ6CGbBjCiG3y/pU/BLsIDtF1+A/wBC4vyX1sNrAtGXciarnB8hi6ghKebY20hKEtWWe9VCATAyi5MWIIRZj3lbBDun9Rx9BCTdQRTmC0pTnkuE3EUrig2QCNWGmmlVSbR9k6DUImFOCxbje1jRvI+kNuKooO5GdEAfB6rQ5KWZCMX2JbG8DrkCkye45TvpDYGqwcQ3cTLof8YXRRbCUMbqqbFfAx1jGFMV+5LRihuRtLgsTUXCFO5lCVyWDtA4pf3VX8FAqXzb5G43QmVEfeIWU24xQ7Pk6Z7GLt+wioJWxe+A9KTWJ3RNuqhebk5S8DLwboT8Mm6hBIRzhIzYY9ENQ6Dw7hC3043QkXgysqDJJJoktCSgasdgos8EzNCaGEF+qiQmozoJphi60KhD6EmgKoRmP1TT9uuBFfhfYWdYEHGIMQWaRgtFiEXRPkgxLKgrHfucBDgSlmCM5SVCh0EkkKbYYHyh/AeShnHNy84gbdSuBDv0X+DE/wCBtmrYXKPyWwKYjhHdCnWbsEQ/yJsdYhuKIhYKXFsuPNPhHhbRDLkORaFQQWeiChBiSQFwLa+yOo0H5NwdgMmlIswYhOR1FkhJPTQgzETqx3QXQxvDGiMB4FpJNsi0nGZInuNRsVqyOFXWqJb+L7CxNYJDdOhbUkUtI+GBM/ScxZ1GhWcCEMKeS6isCXUq8i5JSEaPxYRiLu2VTWsZppjKJkp/z4L1T9iLT2fUwypvwLtoyiqN/ehVe6yUv1F8Mvgccji178D3CR0LUFC7iBp55r2qJHg49FYpRIiwalFkuCBJYBsWFye1Ddua0umUw6VYhTWidElyobeDKYkSG3QqYQxzgI9lJc0Nt048e4t4WWZYMB0SONqjrvwVnd/Y0TGzHsM8RyjjHIhqPSBZAarEtUJ4S1Ww3nRLtjK2HmXLQ6iURoezKtW3XLVzYiTW3sVdSdglFBt25J0VINf4WTGLjNo0z4o7ieCL0UjA/Ager82C8HERGBIQc+RDl3EISGQbhdEhBMNgtTYZNsPWuiHWTKB76MxKPgFkh7RIqA6qTHCokQIoDYASTvAvKKxUmBUkDtkt0NwfEFqBCtyNNo5bJJLLGixJ4Gj7IrFCWn6sHlYmxV4NyrF/aUo9V7nDAlBBARAn4BRSK0oQrJvkzUTTL8P9yJ/se5G83A9gFFf1BQstio/6h3L+oRSZUdxwdGNNusbJ1EEvIW1NUc2cpaJ2bsdQ3e83YvBcLBIzqkSOhSaQvAloxvmyMFmLWgqIM+GN1R1OgXWncTDQQaaBONCpYwhZS2gcFCJkV2bhEbefYjYCks285SEiVO0yNQ5HDSu7HMfMw9PxibHCosvVlKC+wMYtbl6PSXUGyY8NCRP5Glmk10I68Elrtvr25ODsZTyZY6lCxIkuISfcaU3JLFSP2cXRSJme5WmhXir8kmMdCap/fYeZFnnEQNQbs2ihlRBpwaVqXCqHiSN80prSk/BFzGQLy2L2ho7y2ohtLSEt03GmOUe5AYiNyhFtcGRS2HYVqS0W8BGPTaHDSyjFmMcRItBSmSmDKG7Yxd8HUivSG4Ww6UMScJzeSwpctluxOEtkK6qcsiz5PDQj7FGWZMdiC05FDOKbU5HUnMhp6xkISlIQ2gk6hwqdSYIKxITCdUJOZf8AIk2cFmthm1K9GRJ9pK5VeR31Xhn8ETtc9roV1vcIWA5nO5RTCw+B1IXjn9QiKstrVMfm3sxkYeZAQQSrV14ecikjrBsIRI4dBR6BXMuu4xVsjWZvlpy+BY9vsZtCAddtgmfITVJNNo5lA8E6NIpJEIhFIrroKVR6GMNUksJvH7P4VeYLG9Q33qpgDeqeZIhP2J7ykIBLRjeKLSuK04sbj4D4OYtI2QhKiYFyUkTpDvF4FdY3wexG18id1deROh3FmxCTcdMDyYdwjbrDsye9GN5DYs5CohQ9kNjaoYQbgTsglfvjMJgoIGxl4laiwkJLzVMG514I9BMjKDWqFUtYf6qqI9sJMZqDvY6nIRzx46jK5b7hLQ0jGRPggYrGFCJHo15RSTyVYzkaJkTRX2MBAYJUYlh4N3ByvY2K8c9grhdw99d1GRR/YkCmNk2xboQNCc5ot0NaJ26UClQo5JSK4OkkpU5MQ0vK5KQ6LbBenKhXDrSckL8sTJBkH1P5M0SxVdBJTVE3uiJZhkLSHW+Jt8jzG+3NCbU4YWrf6Bk+Sk3UEwyb0heaY9RcCZxaSVkuMMXqMwJyIUBbsz1fLHyVuihcXuxFOuUP5s2VBr3GiMRBjII0YZZsPWJGxwJ0oipghydAyzsNq+SNGWw/1ytm5RKTX3sjj7uJaKjdd7VCbYGz7Ij7HBtYFqGwJ4BO6AgBuiNZRWOrcrVEyXpjLIrvT9TKvgQwlCzfuXHen5iyW5RLjuIR84VFHpl3Vbi5gViVRq7QyywIxqXclQh+SHoJixWNiYjgUCXm1NNMfUxaStJRiaER5EUtMYEbsp1fZCfZ8lCHD76Hs0XzLDi4drnzlmUWsGYQzc3WIfhNDHqEDF8ToqI7ZtOVEm4/rUIeflkqQI+oGVNO0pvDctF12QxsmG9IiVp9lgW0tydIqhzoiSONmjkUqOxdmJAyghyWkqomdDJWL3Gl/akY0lDJBxuF6Qm+ggBKU3R7kI0IqbFMgrlwSn0ESx0s6k1y/CxsoqbHIsFDQaKvBgNlij54S9jH8QlCsGrtiuyFy0M2Y2FS6e7JRRXYNvegvUqwoiFTRORpuNnYTPBs8mJE9YIGtEeEaEu42pEQ6xGAi7BPLiGJHI7nQKcUPqMdoQreFTwUwSeENIdfIc7v7NAkiyyrocdusEdCmkhKWN7kSELUjJdmMShU4IsW4fItN4HV0o6oEsGyPcPSglF0IijbT0qEuOihWk73jRHqI6kkafiMLMC1XeRbz6RZoQcJpORzJCCUbViwhIJUYVCJu5EjhE6lycEyILRIjQ/CRiNUsY2VSDAekgiRLQDGXMqIy0F7lB1JXSiLcb0YSI+yzo5GxQ/aK7lHZK2yp90flFHD2MjZK2QpYfs9jEkOlbLi3uPcB5PKE8O4/URw+CT7PR46XUe27BBJ1FST8AmHDLzp8KKLDkQ7thigUr7CtF5JJErcUuoizqRbNUL24ZbkhhoyukNoLGvDIkFEIEvAaGhrRoYuvhJrmwIK1yN9QqMFYF6ZfemUrY1oPcVXdpH2aCNaiFFFUoZJVThXkrfgJlXgGduXJXkFQ/aINrK2x7+wSeiJytIziUXSVLJu8xsjj+S9pbV0q1RwoQhDoF7pFMqbiixKqIS+wmiBKQyZdu2lklA3zOMz8auy8DdcpQglpBBBA0QNEaHpJiQSxeg5G0EjGCjECRFOHUuiEliPtty6KHuVBoIVaRwIFVyK1Qa1uhgS1blYxCa4VUdnde5QuUPBKWNm4JV7jkyMVixE1Cc5pfAbuLh4cN3Qi0IMrLHQQrcqzSEsJBGi+yOul0JqRtRl4RwjGsJVzGEJCUECCEtUtII0IQNarDLMNUgkSijarBWKmKt+4taUXgK0qirh4lrKOk3G0NOAlGFRu5CgMIoo5mGoPZ1blKiZyIZVH8x8TDIrY4+eoixC+0RoSy00OZQm7tDdwpWYuYuenqOrwzI6yZMmT0vT6x8zkFyHzFyILJfHpyVlAlbiwoiPuhGi6IuomyzQgaNDwNU1EERBCsCKUKhxR5Rxpxa49IWJQkRBH29XhDwRXYmdE7JK+hJJOk+IaLl0YkWMPKzCibCPvEaQQQQRpBBH3WNGhekOXQMJdUJ31TpGIeifBI1Q0WhJk9mHZBXxNfpibCPXcEaQQEGCEYDcMeIvApxjgnBOCcEWxE+5WQLM0cAwglWqNI0j/gKCNY8UEEerv//EACwQAQACAgEDAgUEAwEBAAAAAAEAESExQRBRcWGRIEBggaEwULHRweHx8HD/2gAIAQEAAT8Q/evHeTXZEGHqnx1IfebGJLbWgtqLpxdEoNKDBz5FcFryo4gSuPk337dAZpw3X3rgHpfTsEFzcYGQZkrHUu2mh/8ACRb4nTOffuGD061KvWuPpNBQw8HplUINjq+8EryxVFX9BkoOvHua76geThjhHi1huF2siUvHylmFwqT0gEUnk3bd5jyf/bpcLD3xgzbrT9ZsjflLJs4lixfiSlV4iJISFNTHYUrFAxXJcYlj6NJCZzp5/wCVTXT8TE3/AO+p/lRjWtjhwE9mRr219E7l5N442OD4n+Z4fKO4ts44+nq6z0Q2KCadHym18P4kdiQRpax+rtS6RjrSTOI1Kg8veL3u3W5f5vUw6o+m6eEWOAlUBNnmEYL1DbEZqND7MxuJ4zy4ptqOB3spLJpCtu1gkzJtxtfKAsotSBnRdXB9PZSFQr+Tvrfz93oqD6emc3r3KWWFhZLe3yVu0B6rsEdLlvbpmEt0piL8jb2igsA5WBYUi4y17fp9uRWqF72IzF79qP8ApoJ0Zfg57dAv8XVbf9NBOjL050+ocXb0dTP8c/0GJn+CUNJ/aI6k01+ONceumwEz/DH/AEUKYn/rJKt+x8D26Bf4uq2/6aCdGX4Oe3wX+CA6nxCnxCHNy/1wXpfwX0v6IaPpzbfMm358EzcPaNFzrB7Rsr35iEvQMG5fS/krh7QqPcforoCrwi8T/goP/ShV/hwf+lCm/wAaWFo/b/ct/rzl+zie/ZxDw9kH/pwrt9tLxIdxv6Iqo/dPlBpMpQt3lRFVHnIhKDBWrPbCJz5JzTjibzn9U43fshNz7tQa3+5BM+BdMunekV9fkxALd0uX+vZ5sr5x+ieApBgLvrIRz9eZSv8Afj/t0bK/Mg2/f9CZ0LQTbnVe6hP/ALv6IWMTtxCLIHydIp9QlPtPSOHUGkL50hcOnrMCQAeBMUZThp3LNeo5aJdtxPbm+XnIxMBWV9nyTNn6MFYS5Hf8yjDFylfr4u1izIPSP16lZW7hzHblSaiD9kqVAr6HqV8jcVEe00Ro/nDGDEraaH2hQ+AgI+lWueIqq1N8NM0elBmWsfUuMMH7JvTB5hzxpo/UDNpRf2mHiybrKs48dDs44Xu3/CXV+3PS/wBK5fS5cuXLly5f6lZfT6bI3qElWazuC3HrFAVJB1hUXT1TjwSv2YiWKDgUp2IHbBuBBMBL9GbYT0cFirQYc0nLD2l3M+JcKjKEV9djmqhH171C7mw8fRAJZ+lUqVKlSpUqVKlfq7jB9NBssccoGJKznZdeIrVD15hyJN3UUC5cvMAc73yQMpjtNIgdCCZa6W0KQHQCsLZBDS+liuIrZCirXoiUBv0hyctQYbtHm2Q7f4YSx5IPz/QaPB9MLEl26no3z4lGvSd2NsQA1D214WywRbRo5cqWwYYFKJdFCboRLEbojsFm+R5oGyBdMGcsHQyhY2UsVMoq/lzEBASqvMZV3FTNibltRdrUmOBgPz0p68dTx9KLfwCFv9BFo/6KGcn6OfNjFUBCZPgIPV7JFYe0IJUXGCwpBjSIntCH2dHRMvRGan1M0TJq0SyG+ZeF70ov6NFSswzRMPHQ64X5hmDRTfHRxNVQYRRhMZzhv52r9GOIeD6Urqu8dTVZ7n6xxoHMCSC/ZgQKagcdxhEdkbO7jmZG99LXzOpPepfxVOKjZB7Cpd43fG6H3rENqPjMtzCxGtw0CR7JKtKjyUg0YzX88+d4zDwfS1wpd704QxyLbbUM1uJjmZsJeJY+Mq4yxshTiXsFziedkvadiAiD0gV0V8ddNSo8d6plgXkljYfAqGxXiPrCaO/kItqExN4CGXgSxpuEhbEw/OccfH0qMQLQrnjII7/CQAiaAKC+85oIQCBFqkUOIj7duQ3DZh9GYL894D+pXQunO5VJ20VXBgWo3o1LQJinQ4LuKNkYSBs0jmVcE3F/NRT95ug8fSlxSaCriODVSRsWHLoMbBTCwOihMtVLLtQheH5hxdY+TKb7FDpN0K+I9pXUJYxguDfNy28wsrfDqW1w182Zmw8fSlx76SjhgeCiZ1hDBI8xYZlRR00QLyDCRsDBIgcEr5MN3Cok8iMrlRA5tlyYDsrUGRd3x0lURq6aU1AZbGD8xrXaeh4+lM+uAd2ZeGK/xLGqqO9qjEus9+VQHBAFHC1iL03wGsaz5Wok8XvkRnrO0JNFxkCA9KlkUeYIIHlRtpOS/l903U8fSdz05PwyzIHS7ZrZbgFVCIcQ7UIBubcvEGjVbd5Xy9QRjPkAa7B5gh3NZmFiCOSV/cRL1ZuLguWWvl9HqxdB4+khZOdgO+4ezvVlyMMvCPOcC4REaTmVwEpT/mIFfM1VVGGjYJKVvk7QUabIxBlCG8M87mhaWT2/mOTYePpJYryxRXVXL+JR2Ziv/US1VQUlMMA25CKAoD5qoTNDSORIqRT29BA5uIxBmAeNUMZr8lRf7Ch4Lfl5qXqePpJMsRJy3NeCWLOOi9kVXCXSo6jNuKhX2LUD5s5uU9srrmmiUI/TCV2BRTGMuWe99Lx5z38tV+jHEPB9I3GexafSGNYgR5HucstQuGAI7IhnNgdML+nztx342wfSJg3ITW9kzjsh1+SMENYwCBsFny/GYeD6RBZdBHYykhxlFOMhjJtlzYwiAwgyJiEAFdqPztQR7FbnKF0kKhBBAZ00t9xXrEgiVKhxB+X5xx8fSFxsTpyXHOXysTAIPm5cVFVBYE5UhHt2krrsa+fGA8jcbEc8ZEz0TN4TMWcI6xv/AF+WRT95ug8fSGNrbBHU3oS5YjjIHJDxqyU9EDZKKSkEw7ILRIDf7A9LSGAdkFTYiFKJR1gUS2pijeQAJz8tmbDx9IXBs0I2BAiszYKHB7mJTFF5cxFePaWUBAGEjW79hByxKIm9LkOzkRjKiWG6CA5IwSY2d1/K612noePo8GeWKjXZlB1Tc+Je0mpe+YobYYlqKsJL/YYi1MZZu5DMblxeNquoVZoj/wB/KrdN1PH0csd7PDD4irKVGPXHRKsqJaEIDdS8rv8AYTmV9t56AENM4iuYzBCDxNwo+mPfymj1Yug8fRyTbYYYBNtMJFGamGqViM2TCQDqA/YjEGYL60lvcGORKuUCS5iK9ggK+V5Nh4+jrPwXLE51CmLEZoMFpQ1VBTCUZudYyv2I2y5eFLCaUqhzKW9CeVEdZ2IN/KTUvU8fR3YGlvTlgoYwhbBXVcE1RUIbFmo6/saVuie8XhiXgnPRukjl4hcUEQzkPylX6McQ8H0cpGw6IaVxBPJTGEwVyZJjxDTuAhL1egI/mYj/ALIJxcX7oPK+kxBbxK32yJbfKrjMPB9HeuIpCWlOEulFzjim/ELIoqX83cIN4tjDb3d7IY1+ydjp2P0h+lmF7GOTNU3B4D5Xjj4+kKlw6gftOHKC4owxuYhsNyv2O4ZXGOCtekwfRnib5RRT95ug8fSNdK/Z6lPSwR6CizSzK75WzNh4+u75LJhTDopjCmP3Q/Ka12noePrpmXbxnO4I/J6RQv8AlGrj6nj66ZbEama+ZZKPN0Hj66uZqRcMI/y+quPyrObDx9dJU2mekE30yqga+UpqXqePrphzKzpp49J0QdfKXCdqePrphzIp0v8AyOjwgvlD9jHj4+umbTERcufndXWPlbvj4+ulN+mcIcfmMT8V0Hj660ub9cT+RMennXyny9WRsPHxCBCcGIxXKXINv600m3XUqIdP2+U9a7T0PHxUaORT/wB/j9aWY9FqujJdNuvlOqjrB4+Jw6dK4FQ1/Wj8BL/l9DbKw/lf7h4+LbtX2db6vrv60srZ/wADo+c8/lme4y8A6qBQFXsEy3lWo70F0r60ubQ/gRX07UcYYfKdo9CeOppWBE7jiEO+vO8GJib78me86uPFPqYXJ9aJUaumMJ/y3oRcAp/KKi4vQHVKa6FrvRcvrKGsSc0qPb6gqjSLK90+tDNuuH/KZnHNQvyhvDqqPQ+ATgZWPxQUhcVpIAe9CCqkCISZP1ow564fHzPQU/K6w883fgPgZv62efRP8Lo/5PTYxT8oeZ7RVAc0fA/6yRz+xI+CceffIu6NM/Wax2z/AIHR/wAvruflF0evM4+x8H/AgcwXQ7/eUSoC87QLX1ppfWhT59fbL5S65+vh8Pr6TztRIuMBk2AifWjSbxXQv+SwQ3fKCkznZh4OtwSbyGfkSpxLjQ/mmP1oMQ15SIPq2LYKvlCZzKPB13KIPWi1BlwptebNpXtECn7RPzitgv1sIdLXXy+G2M9a8dUBHIwYTrC70xwenAuJ3ovwCQrdgEe4/Wn5fVaOmD8qjqUVhjx8fCtuXSuo4SHjUziqUnEqIPBj60/L6LGXPpiz5QooqZI6Hj4Q2YN57HHwZ+OyC/rRfiiDsKlDZfKZMUdD660ubzzjn17GKlPyh1R7RxPD4Fr62GJtNfAuwI3h8nTpzLXNfAl/W7r1dJddW1c47/QI5ZnpHn9KmZ9do+l0pQrppUoK/QgMlEeo2WCZp8/0SPrzwD/4CLEmd/oIs66HpvM/0F0OsHj6+FDj0zh+j5TRohCXIn6WroPH11fw2hecclC/Q8UzzOBTzeXbv0uDYePrlAK6IApAeGAdjARmuucVyzPyDEfYvxqymoZnRcoeP0ZT146nj65F9iQUsXSYw6CXENUCGaSmGNBhRUKgCQj0YLqPR+OykqGYqPJ/0VX6MXQePrnIQy9NTNIxA4wn40KTNi8f50dfGVQlUcyvCYAc/pODYePrnMshXk9KFQNEFdMTFgX4Zl979Bi/Sh2UwXhB+kXGh4+unAry5hF6Uw6YizH4sy+9DfxlEGHBKN7mHB2H6MU/eboPH1zT5Uy8vpzL890QZjDwzD70Xx2DqWXWxkrRSX7P+lZhg8H1y6Hsp+c69KvpCbRl4Z/OmPxoDSa83QuDcMoP0ifIPB9c4eRH7zp/wGHpCHMYeGfzob+MNxZw/aYoaxX6Nqh6Hj65/wDQ7MPvOnyfox9MTeMvDP53VXL+EzwTKCdV3+b9H7GLoPH1yLgCvI6X7BYemIsw/Ziv70F9G63L50d3EG+pzL0gqmcH2/SODYePrlFB3RX5M14q2CpmMm0ImbqOKMKo5mraGEDyuXsvppvYbbo+1yuj422EQlEczXVDTCRTSbqCCyX8Up68dTx9col5g/ezf6BHtwJNiXIBrmUEHlN/eC3VArFcmCbECyDWx11Tcv6QZS/mPLRxCwDrjDAocBAtYJyr4qv0Yug8fXJ+rgK8mZT/AA2fj9CO2WiWBBNusLuHeKhccq7YcNnas3tzdrORglRmxXccW81K4oo6g/Hjg2Hj65zgH3PS/hs/FgvLhuRRYdOlhWo3pS7ahGaLONzXHpAmhnGI3gCJbkyyXQh6Px8aHj65teD9x0qoZQXpAz7mW1CImbjGIppTnEA8dei5i75h9FT01VfiRT95ug8fXKtalh5EwjR0iDBdNUEaCJ5j+HRXizlpy3RvVgDnoO4jgulR+jRzDB4PrknrMDfk9OG+fnJnBcEgl1Sg4hIhzECdTEz+YBzAd3O8huiMO563dasuZptPjnyDwfXJPuIq82ZdFi990RsOmLbEfAsEGT7JKd59cm4kYq46/Cgg94SSnWkNNoWiH4pqXoePrnB4L33S0SVzFIMx6coQMOSEESFilWbnOXSdvxHDOFGmhOOpfObFXO3xuM4eh+PV+jF0Hj65QQB9/wBbBXh6ExYouwe1EyS43OI3fUxdLOUjWP2lyQ9oxANxaT3cbmGIQfHwbDx9c/8Asdmfm+tVl4Yxk3jOhk/gVQJXUNg9psW59IDAx+hKevHU8fXOS9lFfmTDot4/SM5N+i5zHyfV+jF0Hj65KLUPznTnIj6YAzDhH2/lTwbDx9cNUkWXfqXdAhV/aKYIGPQDfBgt1WVoriaWZfyLBoPB9b7nEfZE3IgZLCOp3yK6bB1PvmDoIsMeBDJGxqFRtlMRB0j3UZi4ufAiKb9r9dS4siXDK0PrdkcQkMnExmTKhFBBOavIfG7gbi4EuxvsuCCvfHaBMngIrz8b+JoJasotFA9ugx/6s/5Cf8TP+Yn/ADEF/oT/AJCPPOPj+pDeDss/rvKb+5FepBGQB1PFzT9Ytiwg8FysZTgSsCwrNTTUipQ1mnEu44EzeII4CAkiG+rmEU0Rfj4gyBGgAg+z1mXjmdQfQtTS1HlTHzI+3hDxzKNxHmeIfXnmonF0T79v1jsFinCC7Z8TG0QGpt3SMS0wvA0iiVKdBQ2wzG4WXrXMX9SuvGBmRI8cAA9KlfWwxGY7wtlkzfQJ0qnNQDygOejm6vNHyjQB4md8g4wacdDqstjF2XT9pSg5eG8/Wd1Bi9YgV1AaUdToTjJUqIohxMPUfthHM7seZ8l0mw8dUBXRMFPt7fuF4VS1Z5AivrTbrsP6xMwgDLh0BMZCLQoPSAQUosNTJvyMp68dTx1HQkiIQQX76EgX3Kmz+JalUvzmBwr9Y1L96eGlQl75L7cxe0qJUhaPiFdRVVRe9RnMGpK+Q4TnQePgJsCdksgAAAdgwRL+s06EFGarli80eJaQDF3OHLCf05IJlEBj5Pl6MTYePi99BXrsm4kyDT9aRG3JKcCGoYm+ISG+pLDWNbdQtgMagvyl/jL0PHxRjrr+8UfwhQA+tKZg7IpNYNdDTA+4wSsPRFNLK3zFtP1x+Tmn7xdB4+E1i/pAZhTLJhtaiy4+tEh6wjaUyEY1KcJpCorQSwxrUeHvyvMMHg+D/kT4u92e8pBZA3oNA+tcMXAmUhXUFtNFMkAoLG2YJUpoiMB6Ev5IR/YjweDqWFAq+gWxC75/jM5toongOl2UQtP9CD61dGdxqHV0jJ5HE2ga7xFERrbBtGev5NdIL8OolXAvFKhzapy9wROiBrJBsOgkbVkvrRYMAcBU6gisamPWFwh2ehBXdEk/XelNfo38F/Cyk+DJylCc9Ll9I0/rQUeccbA7eQ2BIR7LXF1n6j0WNapu1oiO+EWPc9GkLsPg3jJfS+yNYGzAoUO6X4aIXHPISU3UMXaDVgseq3QQah9YyRq606qJWaiaCEmV6LiOr3mpUgWgKIbfoln24SYbfmptPfYf7xj/ALBAf7s/6Sf9JP8ArZ/0MR/bgYpExjEQ3A7irlq1lAn/AE4sg6nw0oUUW244GA+pDuLrqGH3VJGz6b4r/hRLoWBvoBiC23alkD6YV/juniIDvJvXjXpXQHUL09a9BLvk6K1ghtSOhKk3WtJDHDLKAj3R9L51M5dvG8YVIZziVH2Zil6RNidESOMLEl9MxdRBnkzGVQzMVfrIxK1VfVP0UueTK9FTynlKe/SpTp5Z3KAIFT/l5epW7BFfUiq7/mTXG54wXWB2ZDNdjU1EHKoCCieva23Nu5qCqdwYsOmX/iyhXh60sVc4R4XnUstsgPFKHA5rldqwiwFJ4jVE1aikavVY3En5+nxZdORtf2rKmlh/mqa9JbCXVFX7mwR2Hf8Aj+vhVjN4qn85pLWarvFbIFLooQcMBgxGBwxp+ERhibeanCdRYNvfWRaB0FaiLoqYWoYPRkVO2dggF85ethjUwEDyEcH3JVvtG0GtuiFQ7ngIBIiN8ejozP1T7ztkEWBgrUQ4HtEHhGnhFLgckr3DUQf/AAEkidXo/BXUQWl4fhiuDpK6V0NHbXEVmgHx9H30v4Lly/2+5fxt4A+C+iQDz+jfy9y/0L+bG+g3KdL6XEg+kVwcYnovffRdwPoLBcYVXqF15el9GNQVTe5YyyNisMuVGKZQPSIUX1GuXLjvDPsZFy+hFZfEdDQdLly5cuX0G5cvoiNdewQXn6RcvpcWFuty4QJas9My5ltCOWVdAx2ovnpSXL6O8Nr2JsTRe6hrvUSYMAuY0S5SX0uX0oVm7cibUwtUBU1Rz0E87XsQecc2VGjwAULwQK5bl6bY9oVAWk5ly+g4TVLDkJcxihRS+rl8UOrqPzYYTTM2VoSrZaFhhtwU1droAwWi3e0hBN5bIfXO+nyR0GN5Kl/AuXLjLl4W0esLt5edgmfwbL6Y3vzsT16PZUPvumi/BA9HnXp2tfNy5cuLMLX+Z6G1iljaUlPkxxlOUCjzvetkGlhcuk2orM5PbbecLocB5SG8v3p0ue+tA9olWXXA78uYyubOsya/XrPgSVFSz/xKaZhLylakFmoXonNqXXhpq4Recwri6i8cR6w+kesvM4/kRDbeHsMf6MU5kEntqkJZL/LsJ4uohJde521LY0z2Li7mDsgcVG7Caa1dgF204uzPjLbjlXUuFsutarXNjmBDll+/IccaLP7/ADhcm3rzeGd30Gcbncux8Hm3Aocr2I86RTiiYIeRczwenMxx+pFbj6c6rQEQ0cOOJoYbbtx2CpNuIBGZlV8YAzPXksyy5U3BeZ0qXYM0GtUQWp2rDwMafr4NHsGaTk7QawjHnNxNTwyVJDIlDVapUpHJvk1GfeojRvK9lG+LC8PaPefQWLKVJXZlq4Jd+wT6Q3bz+cEpZVYTcN3ULuDs+iRh0HiKnUj3uEqCRyNLjuLSROWIbZLgcL7zrcXh/pLuadlMxSlvSTMdPyjIQvcQotFncsbehb40NaO5B1dDtMbZtr4p0EYF+XzyfNwWJcLVesXL0pA5eM9OsUcSfzoigbRDsaCDpFvHAVlnwJVqt1CwVNWZ4wSKOigba9FonpjzAKAv9+giaRiBt/uWM46pUOI91FeH43bQEnjyKy2D6kXZvnbTUAV9/kz6IlsKXWrnpHXUP0wNCl3yw0wRgaAwbJyzJwF2YGIIwUyiWwrWbjW7zBpylDfnem5webN3MoGouZZqw20ZLTFLdxyLo6XSuCO0ikcbiDo4+Vi7qJtlx8vN+ybLrKlToa6kVoQKssG5DwC6GmNhXUe+aCxgIS3nVtYNvx/lyo1WsPNRoXGAHlDB0dTnqEdwnlAeAiY4Uzg4iuDjNcTS1Zy4/t9uENi0ERAWYJICGDhIogOW9YyChk2ZbtEuYAhgEXp6TsxcIDTnJjzCax5QFi6PWCjKVhz2i6GJCkmGLWXEazVKzDEcndmLBEGQnu5g1xaugl5rHeWGYgBSQxm8zwQ8OsDLeyQtJqTZYIoBYhe7bNrFY0jtox0dlBc2xFNhtPJCDL1qiDktd5VLJE7gwjj22JKlHoyjiyFWPU0BvBQQBcWNyzoJjvCqUB7l+/Tt73hyURUfrDsxKeIBW7A7DGMg1PJYDfYKeqb+5wdfbm5ixVmv8cu8mvOWPt5EavowJsoJU+xEODGsTCuCxC7c/DL7i04ftEMmiCV15YLYKEfVWtakF+r5ZAr1BkTN9Dx0sykIsJNfcCV767WwwSCKZx6VDnXJpjIS53jyAPD5MFacUsSZ4wsftwRBg8LLODv0TvOKxD06BbhRGHNxpI6LUin3qpqzoebgRIVyor80iB9nttRvE0pVLqXXiRch9ZyF0pB5alnIpDZcexf+5FQiBFrfGXzU34pdxkLduylgIooUnoqD+TAxI2ZVwKDIdD4Rps70TgC3beI+vddIH73X7thrfwlKiyEKA0bi0Ijgdrk8xhahLgB7wzUa4Kft2pF70HDLcPTB9uFt83ZmpFmFjlkoYmVpEbZi6EMSFZgpZQRgWssxfuCbaiStnG49y5OzIqvdicZY7v3fLiWYzTgsOB+8XeUUCB2gtUoaCS9misrs0+brWp9Yds9Vhg4i4rxuf/blZZWN2Uue4FCocLuV73MF2itkFPMruW2XO2KqPhAyYi81lYiBRqYNRo3FXazBKHzRHfmbmzNzHrbnKLlpYFMGdZNRnbaELTTHJG4pVzMUdeF36ouQMhjWjnuL2r6xbiIsqDhKWHQwYvTUIN6ly3MXm6ZZDrsBHBLL9ws1i9AlY9wRZhXzgrlmgBhfIhJySdLgW7vrh/kBq9CIyR2OjINDtpwj0gVyzwNYzt3JBjLNNGEe2oZdEy128M3u9cQPBXl8fTzJtxXsr53XKN9K5KmbwG9UIZaaLygTj6nORIO6O2XlFI3GXjAio+0q3H7wiqOHyZttTpa6V8NdElSvhr4a6V1r9CpXw3OXDQ1qBPQAPQ1FxpBIObgkvmXKlfoV+nUr41AanKZPD8VfDXwpo6GKW/BX6dfFaRwq+ff9apUbBAilotP3xZfSUoRnpxhqp2v22vqFjCtWXPhlULRLFIbPz9OFy/3C+jhJXDRDAJffovpyMH02VbmuT3gmnpb+2FuIgiLgCrcrExC26FQanITREdxz+mrhs07Qtyg+WaQ4bCgdMpyahfwXLl/sSgwDRyi+Vwp4gnEelRnBlUExmP0jfxX1XcWvfNUJZwRTiPNAGoMwrCLHpuU6BfQp1L+TuXL+O+il9lGsvOoYg1LlypvO8z/Vly5fzty/guX8Fy/guX8ncvq2UJTvEQhC8sXKjOBho8pcdiKyBvcMRKgXKT3i1sRvXnbEHziO5d0Ed2G1jc/sJsXOIemoRhGrOWZ6X3i2vvOFk4hnp46h95/0ILxnoprnuQfFYk1j1HvT/sSnYjtD3g3Gen94Po+8NA+8Q2feaQ+8VukgnMAtUiE2e8djcO6iGeisqbL1l86Fy5bt0aS1a6vAOtMzK63xhbFSFpbLYr2lvb4C3tLgrLe3S3qKy/hVhboh1uCvEJb2g30p69lLdpntESW7TMFegpbpW1BfQW6AqlJ2eBaICD95qB+8vproubYRN+Ez2ypqIkLJ5Momcx6yV0PpJm6jSOYEYqkvMaM46ALnekGvGG4YRgzSxdCDlGHqDG1RxsAbrOJA4jcpxAWHsS1H+YFu/ecJ90zy90Zu/ePIgb5gPfug5e8jmGDLwlhtorfKVjbzE2SzUiZqHOcIxjcwckGDWRZI7gJazMZKAXQjgTASVL6KQMQJoTdSBEcmERjGpFbCAKEDNxnbQZcDDgqsSCcYPT0u6jrEPox4iUbhM7csitJsyGrCaCBdCdkdAHTQfU3ckv5m26elM+yDlUhqdH3bg4SVtZw2GgyvjNBCNDp6lXEMXEuYvjBeE4BK80ghzuAg4QYdYoFkO+hmCpjmFJqPzK1qbXBlDC3CCzcYw9uK9GFdpuCkeAQImMHCmCBBPbpRbbndY3FD3Ao7UDNw56YgsTQd9CeW0mu0t2xAGyYYSJmkMBpzcPDux8ncSwzjWYLoXgwFgvqnzUtUI1T+0QMlzuZSspReiAaSkXSXMRLFSzcHz0CwaLnlQooYjUPQC6hVRSaxhMwdyK67vmBY48onZIk0gbMFxW5ANiZYXcAwvBDS6Qbi+FVhAFDcWLfeIqJFQXcL5M8u8S03xCwlI/iJOhiFMVgWrw7WPC6NGcQzhkFl3mUmviJgdtQQQEhPEKieoRiAJH0xmO4+8QbEdhe8p3ZfI9av3gHdH1Yd9AOWPrzuEe7g0nrE9V9485hRaDsR+qHsWGBAAP8AMQLHHeVqTAHcVnijRAUQS+IBpcMCr0cHeIgP9InxqUL2hwGvWLUuYIGoFLTBATIkKBqVNzcU8JAY+N+IVOTH7tFVqWr+89IIQD0uEdQqXkmuvezHEHOAw41sp0vKQwGIZPANxgmiJDJ0qIkW5agwA8G35Jm8YvYQchA6S/Fcz00IUCKc8zGJKNJhf2TBUOH7k2PuR0PcnBpwP3i/8iZD80P83QGm+8DbmbRvvP8AKSMifvEP8qf5ETNF7ymESrHvQtArjMPiW9YgAGj1mxJEeFMJn8KBYpJCheG5FN4SsqLgMm8wyGBqIXOdhsmJaDEcsUTxvzg9P3gO45EP/TOPAddSucvQVH9k4H5TedNHlkWoHsh3E535wXcun/rTtTb/ALyqXklnD1Culv8A0Zw4Q1KEr3F+47si1AMqhnDv8p/5seKb+UJyi+1LVkggPzi3ozLhMOcXc13A6zF6IUMzlVvQsy2DibjO7tZmIPiuWrobzAFX9+lAH+bcP7uKOPRcLYIzST0nRC4GCUIGc8y8JdBuoc+JpCujD8RxoFcwWW+miJrp60t0W0w2blYyZt6cz0TNQGB4vSi8hh3DxE2lMQpsjSGAuHHTkCScglpUesBAatk0UnnXvEuYfqHOHQXChy4U6kHSHQ4mpbi3+1mvkEmLpzSyOJ+1AHJEQxQCrwSwTlutEpXKrUXQzFrpZ0j7CJmTmW4SxkdzuDNa/M9SJTTDhqVcoXpV7ikN04PlOTZ6j2iekOczmTpxJ5U7lDuxXDO5YP36J3MOg2KuU7lh3npfSjrz1Yn1ZrneoDSwDohi+4yC6AcJls9Wd9F8pDPmYGYBBYnJ3LNCCs8y/alcwHHJxM+ggc73GW1LL4TrKBmRFxJli0EsS8RgNOJx4OWlqdhABTJzKpBe/VvMolAol9J0s4cA4gKzEc4gXjQL2hOU3b9ohz9py/2lYqCaKIXMd3pXFPQsDZw8mpJv5J/oi5ekguMeY+0Xx9opswqq+0ezin+nTLvQHAcq9Go1LsQA3Bzw9rOzPehfEA4/EU3PFPxHoTLcL6K/TKxVLwrFuZhZIInT0TiE3DqLBZFTUYEOZymHdIsh6PSXBYBxgPMD5/Ev6REe5DukFLRg9IJAekTDaH1z0kqMiX6V+SeOHdJ6hD/yT14vwh2kPSh1uAxfsnqEDwnqEt3IvydM750rP+dJgiFGyKcwM2RTBCMB5IiGZYidQ5GWjMQ3DmZrbgltYfLV0spak8VnZj0vxAIof66DeM83Rj2suYhNzEFwd+hrplrK+gdgi0N77EX4+020FwiV8ddalSv0a6VK6VK6V8FSulQK+B1Kly5oBlXuayuolSnQwDoYlPoKoFfqJS7on3hFikFxDkIvZhHEaDMpXwVK6alftWMYaWMk9pnimmpSV6FMV0lUXDNkC/pBtEtyylynFhDhKeCPIfEIfuSX0WcRJBeql0t8SiDemsVB1ZdO45fydy/oKv3SuiVBCMxjlKBgelxKmtwfo2SKdkv9M4FqKo6ZqB21M0+nwVzky2Afqxz0eBuZsLIowldBsMxAUolYIP0aBz0YLQuzAkv7S7OnAxUYQOrcrUAbYO4xLkldsIdECQcjlMhEUAbRt5dcqZOwEtG5IRxey9os5+ZZUHEUbCr29IagK9qXLFKRCknsgZwQ3DxiWkrxMQW7w3Br6rqVKhYiOWwricRCICCgfoXD50PzMFYm01juNEZ7bEYs8I9IdJEApbGvkI/HMBYVVIXDs8sReMKbIxvTuszW0UahoOAaVluGyXQmcngnElY5QtAMLhhiEgIPyJ4CII3AiTVIqS+XhqzgP0lZ+jcv4bl/pVKlMp/VqVJmK+TbGoGXRVY5KYTzwjFweBBQhh39LEWM1fSVpmndxEGjuPdDy12sDh9nCoK1YVaej6becUYF2hlstlieNQxNzjkiKQjD7C4r8GNP/Jj6QuU9Z8404e8r2Q757wHk94Fye8p2e5PTe89c94Nye8F0JTvAvPwL6bly/lFim1R8Ss9qkPma2UGAgY9kEtOqR+oU8xZiGejrYdTvLr7yrQS2HUtKlxKDavsmzmhwOkav1XlbY6rQ0ioXEfqnUPVtOVVDZINioiOXwkVqRmypb3aVldOWAHAHt9GSMsQbgzfsLijLtZ3dS306KFj+aVLD94FiKsiTUjEWf2x1vcmjX7wa0m25opHqub0e8A6YwNy5fS5fyKdNZq/WeCMVu8xFlYqPrg0JY2EKpOZAkDEBoCghQ3KlQpBmmUgJblYGnQFUGOhkJZCKf0bly+lxZcvpcuXL63L6bl/tq1G0QczbRiBiaGEmFE28NGrhq4JvaXvN51K0n4kwYf1WK3g94oA3HcIGYPeE3RLY2esyppoq6iHccsRDYftN8ZpypwvHIEzRpvVTTsCwX5WpXSpX69fqXL6DfS4tdGJVjFlkRL6A3CFPQZf7Yso2y0Q3nC9CwU21xDAkaTUVhw2IT9NQ9oqd+WZZb6ga4YetsPCAGVjmgG8c1Lr46HMC6b7pgpjfRNSmSucGNyB1bjXEAi8RRnKl1SZB1GxRi4/zFaIpKT3i/uNy/gKG2X1RW8yyLRuoZp4EgZNHScPxTXREnFnLkt4z0IEuDV1+pKx9xNPPQuXLl/tMXV48C0xGwvabWAllUKDl2ZiC3ChRkcjfLL6e6HrmUOSEacAOxByyHqxZQ7FqCUC8VwQu31kg4FDUTSBKwzAJzETYQd7MvdWZbdmSK5XVNKIGgYCxUNbEwLhhkSNYdK/23J6Bp5exLpVOZBwA5gVkuc3KT3mGUz7ogNPvKOkfzXTY95Abjeq9hCiDwEq+SGoVF9yXAKUbqcoYzK+FhJSchKXd6LKAB6Nwt0lv2QEuOBEaBfrHb/aEhUjrBKafmEY3lqEqfeK3XaWynxG62TDxBq6gCMmyMTGSF5QbI+zkPSFVgyu2UuD1R3HiF3slxllwKzFeYvEUJhkWcRPodQK10G9QziFQShb03LADuws1N+yDW24N0w3T0H9puLUshKqiWPgTMu2pj2eZERvuQ4q495QrSSzT+hGoSqcIdt7wT3i0WniUpVF7OZd3+BSRhtaIvEXzScX0RlxOxqg1sMrFS3CxlQKxckdWgc2JH22BwCEv5+5fUrUEdoA0QFwgOYzUtB1BThD03dY5tnowAgXLUtK8DAmRZ6XLD/GQ9CpyQC2KLepkrI6oBsnaRqNVGi9QxCTN4YksJVxsOo2OJbgK44SgK5oM0DCIAVzBWAfesENIdotwcLiYYOLl4Os9GrXD7HZ8wcN7HbBb7zmJQzABGD+z31qhyu+wywTmr9mDUHNmgjDN8Jo1xI2LLTM2cdTCoIwRfZN0oTdbvLlDCjinYjX1ZqDi34UGW1G4eGEQiQVJLG80cRE/cgMrvUmlKQwRHD5EA/Qsf0+EJoCFIRcv5y5cqc67y1c4hZrXhgaAB2gCIRug5ju1LcS+XIRBtXqwahGKdVBatuFi5Ha5dhPSy/8ANyQ2xjO0uLwy9sOAKMnJCW6N3tKRXzzXIZUiZCPPYYqItu0AAaJn0AtOZqQ5gBRpHpZhUGzBzZIW2YeJrhhozN2R6muI8wUZeDiNlTy4gr2IzdRQjiOxeIuiN6LJv8JWOZ7ohr3VMKsx0XL/AGNzLiwypQbYma7pojItnfISsODg0R6QTlH5XDFGULUHmcaYjnozcVKZk08RdgGW5ldQSv2k+1GI0q2xM7ZAalSoPEFU8VAKkKDv4NF7ojAU9xpituvWOGD1jQ08HJCajAM562ydC/nHo0LZcrKWEL5pQAICIveA2sC08iOd3G4Ml7ESLuntEb9yJt9pbgLEjSVz8k4YHOan5L0mykvReGC1lrmWAcB2GYCjl9SafHSQwQ+iBXTFDaYyyItQMRzEFGHYbY/I4g9zAFTcqPwSqiHclH7cd4mlIRJn2AiXN2m2KJ7LKSvuJe0tsRKSOJiCAygx9jGMqpjpnZkkThjy1elgrk/ZblkUOAbZn9BOZOXKUYcMIYuJQNEZroEZvvqXRhINoHjc1gzbPomN54xqMyVJ3Yo57KyS52FCItSYAa1UtLZZKuHKXL1l0KHBagbfHGWVjVox3v3IOLmubXmMAD7VJ5IimQTL2QuFTbwZUoZbdnkhVgXy/wBJdnHl/wBS6iB3CKuHzaiSVOaFXamGKxLJwEeEU2II2UbLPcwFOiIz46GuDBGQQ3exypfVF9Fl3lW+aouXtBM9hFHm4hvBtm2A4jxAdMYl5GI5LIVRQEGFzMwAMqIXCZfggrrhEbEOThtlN8Qa+HP2tFo1acVlmbVDzEKUt5GAWvjP0GkcidTEDmMxvLN20TerMbK7p6z8SgD9lUBY9yjVB40ZeYIcVmEI3QGRtkcTiYiF9YAG9zIimDcuangaeqBG7oyRHTTTLI5hFzB93sxUNqIInvS6OKd/2I9Tcl5gK7oSzbYaEobx44+50xyg9aY9kNFacHuIap30qOvLO82XYy1Ktb4HiBMQsHK4zBqX83UqPPtXBNEYJYAV6zGyyEkHv6kFGCyb3gltPvKF/eCd+FetNlDTFcoJqB8PBfMMuF9mHd7gg1cGG5hGkI4/lODCPIgTR3cGK+JTzC2YLq5TkAsNXljFCwtMfC22IVI2txO5QOAxMPHRMkRu8Jdo0wWxKKGUj4gs1hX9TNzPOI7+Vh1BIK5yOmLi6B+xXMvzhRAa7C0NszdMOVhj4x9ERStipNw0qrQmI+kDYhehhZlQsCPQgtbHaGfuAnHnWnoUriUZIgWC472rmFdYl/QuWHKNLiNGzxXfjKOF+RYfd9tgAs/OFJWzRw+8r7U8U8yoCqOQ35jiORqekdumD1BeSALAyOIvGVk7QUqxl/NPDFoxc1NEZ0Y17lFDBMR4lbTaIAIKzl3cGxyOIebTGeUcuIBvG0W4qPG0ZTcLNYZbdTFFezmMreAfWEYzYI8RYCYIN16l9iDA1pga7iON1HA90KFHHeYeQ5ZqjW2VDW54Qu6t0qBHv2yx0tCUQbZTfCLnOZZSKu2wpqXXvA80YE1LhJ6h/CIzZj9isR7EO/gsADn8+PBFMxGGLiu4DwGEKPwmkXyDFc0f4J9AjHo4AchZDZBEa4uK82UzH46Jcut7xFOG13ImqNiRbd6SBOTLWzL32ykUwLCGhFuZGSqOs394diu0C/sglaVRdqmKP3Y9sEuelhMxPSen7S7Ka3vR6oc3fc0dOaoRd1rgjg1QSxIq/mvTAj1eXhldKmTmqmIp35gwbWsdS+FKSYs4lIcwudUu2hsinmnjzBqbIgzYTbcFV21mERi0M2zBJFegG+m3+yXAaR4ChUMB12iMBO5LbFNzVdnczYtQ9ExKCKI8sEatQ1tV0kemMJHVzGncCO06OYXKGorrn9ilAcblk0VpKuW10JfqkYXYpDdT8rjUxV/w6cuz3sWfsULoGHciyU28JmPlzxBRirjcrBSc1OhlI3inmcvWIDaSonIlwtPAhYlnKQedJHcjzlYJOvoR5gIqK55/K2d/Tbk9GcKkmXhDRUOE0zT2zEwh3UdkFyGux8ckZwke/L5iQPlhE3WzKLHbQADTL+YVIzdQRnbpUcQcIcxNRMNEOCZuJmlBHjhqcthgJvR2iYHcgusDCD2g1CHPEW5iyodG4ZG8QylmbmVpGKIOrDcXFTxRU5h98TutCwOJkyte0Ej92dkds4kOAtDiCR1XEytAlfOoiuAxIap2EwqJIjG3KW6VBmMWin7FCFzyyGiwvBUDr1Bhb+0QtJF0ZnLQ91MOj7KNefJnBt4VDNjaJO1MyGd1VxErEW5nRExezF7EZEKiDyBaXw3klaXuf9Ug6uB6mfuIkAHavwJunreofsnh17wpvL+IBcy0aJFwcnZmvM9P6P8AELE+KeGzwYnCna4eiC4OEZ5gA7M/NDrbEvaYEFdXM7TxaOJRtMYLVkJuiBiQ43RATZsmArGF56XY48WhqlHiKraEasYCKxxATrOHfDAlqVJnl7jXURWooxgGWbqbhVwXua34VvIBUq6ilcoQyKQ8IrrrXG2Xa7mXBI+0H+fshcxdDseljmGtkNA/sLORscYNLBy9rKW/eJmXL5JqpPvGWge81Dz3ltiitOYfNqWFsPEvvBQ3KRtquXAIZCV4LsJDKNYN6CMj2jO4Ddv0jfsBvDAOqjUlBcbtJKsNHgKjatRz2huA8d/eP1xHfJ/cu3byGnyQcPuTzJTxDHPP5hF2S9NYxHs8ZHU1Z1DSdh8jMBDQivePma4rF74pcvoymmQBN0RqyS+LhlBTwnXt3jG8i6Zc/DUFrUYFh6GAbBZZlR5i75lRAHtOOChjIwJD3QW8kBpwU0ijJ4hYBqX0pcAiDFtKVAqkHcNrnFHb9/LTE7ERF8GE2riUB4kD34AImkwvbXrCgtsjZoUlZKIeuI6MSeYSZA/YWXFaToEbWOade8DSdyDIPK4Qa5YlKMhyRX+kMJe+ELEb6RvDiC7YVD7sJUy2Q9h5omIoOXtLEORiEg6MEJNh6y+Noi/wbgtsTrkiJtAIs0vI4TMiB8sS6kFeTLIZmaDS39jpiQrqun+pgfW1LMxrUPhRGcGSAW3UwHxzcqBrFh704mFSh/Ll9Eg7EuD4LO2cHmaSRUMLwwhsiRU8syK3qGVA0PMB1rC1xEA+qZAC3+ZrzJHwpKxZAPpHxUWGAaCl6hhK0Qwatqel0S3jp7VwCN2GLXGeX2Zx0+JaYzMxt7E53/tHW6rM9XLhpNnaaYosfWowDeajCC4urhYhuMGg6LlR7egTgBDz06k5JCrCgeWK+oVBTcfsQUE8ddmUKsirwwyX8iWRLE6FMUKxMBjfuSIlsxVlfxeUG4ZjoIxNI14lNLS/MGYApRlC32UZTnnY1mCD3YCHaq4ilsF7X9SkzY4FpdDE5ZP2PkhDT9jUNpcDzGBSw3WlhVv63FE5i4K4IIhc5C+w+yJYjZmmyVkuGo0Gg7iinDpJXFTyxfl6lxly8G5TGkl9LmfzyItkG3LckIECPWgQ0XscTA0DAaIyN8seB4Zjujtsvmx+wRhllSiG1ZKertgYlix6LphMFuEwBLphnFjR84iCo+xhnlNwZ36IahC5eCL/AII6LL5Ia/rINC/fMyRFgoSv1LwhRRjmAe1JNQ3RqErZiaCBVnSQ4n99TmGLmBfsC3GZOUkW8grULgvtLBqAQ3bG2ImyMEcZBkgIxD7hRtwGYwcTTJ1OGcU3CmHFS8rpLTL4x7NQCoL0KgQ1w8EGOTHbIlC+jZA1wgYZlm2jviiihr16jE+ZQQOkoc+aZwF8TkK0hVtRcrzXSsFFM0bIcd+0XJqyMQHazsOQcy2BcDGqmmNzSfNaCo5w5DPwYOxGCiYr3l39Y9SmAw1nWFJnoQN6NtnMoDbLIIQ5qd+vyPyP3kDbR1bc2m9FiC8KPhSCrnqQKOR6JQUhw8J0B0+NgpFhiOyXhuUNKnEmtTeLLd8RDVSuwJeyy3B3gIqdpwMePnrEAHY1XoO+RCJR5QyGELrd/BKaZXDBP7C4qOwt+iB1MjpJDIRwSbmE/pTF3t25Rw+yLSex2iSS6LILmkBTkPeLhHSOvS2RaB6cS4yhybgF3HGUrgNaJMml9/8ASLvr8xgELtGXiDixuFiunShs+ldDFtPPD/cZygvumS5ojLUSz6BHUXhYuXG8EmATJ9Zn2gROU5+8zq6IyCNKcQe45LDI4lfMkz5JrQeJfUBeYFFIiwykwEWi4l8ztphuA0Z72MQmneMELp8EomNLmamLYqRw7xg1ZXfzA3os0bZRQrBDcMFlB4632iXWoBHCvRsz0wAtKPaVR0lPrKtVkJdKaqcXMUgFXAtiWfUeJwuYUKQn8pm3XuKAL4zgYD9Yy0EH8rZ0xcqZsnygS2H9gqNpnhICg9phRATvFSKFcQ8Q2c4SJ5TOMLvojincZunvYmrj7emy2Q3XFADsf2m9u5yvDA0kav1TBpFebPgSiiiOqiyJ7xjmkfgmSzwYLFfVyb/cfcidgPP9zgTp4igxoxMOXKR7CZyy4VNXMVT2MvSR0mfJNitShG4YheC9QiqX+Lov5vgDvM2RRxAN6YgQVlwq1IBhTtUL0ROfKEKkNflpXCGTYmyh+dSPRx6xMIM71ZmO/fY9IJY7vclXPl7zPqUqJc9XpBEi3jpY4jedmZdyjnS4JxFqpMMt3ztM+ep2h6JPP41QKfeyRo7PB+wRtG+PqbhJZQwR9fI3LMMYCigR96PyMD+xV0X+McJuYAVyck5PjUI0wmWcNg6Kd9rpmFCK5ZYsfMNmIpHuzM5K/MDelPTMLd9e+FDHq/wwAkWYMh4jEuzkSFRAbKYiI3x1GUNDw8xNVjGJ5ouA9v0eNK+SCFfHQ48MTLVnKtkNLRsMRX5Iu0CnvG1aGqymoSJqk1g/PCIaOhXzKXMiQk7nAYt3HJE7Myj3TAjABXtxEVR9CPFD+jKIJ5IHhyQ9EiaHgnbm2rHb4RKDxAA8/dYLdmbX2agbnMkYR2PQixUUS4ldGnRCxIMt0GyyjUW6lkyoB8ggjIhkghU903DgUPaLdJGshKIX3KN/QFNFrXHK0qnGq8EDXLY5YaKly8t3o7SqEE256V9fsdRDPEWBNqFRxBv8DEEyb2lUmAZTL73wR1FqtXh95VA7G32ZhtEplXAGcrE2+JUxrtAEKr0f8RkrK4jDmoYoQ4UeiujB/cs7PyS3asoEOe8sl2TF5UEovSLguiPsefrFR+SheXzVwlIbghII9ZWWru4gfDeAN0G/WGIFfNJUqBhnhjK/sYSVct50T4Bkhd9puoQCdqCygeDUsAd5uFLzCDpfs9kqnwgKFHASyR3zJFil2h0faWGwaIjfouYZjbqW0acRz0EqUQJcmktEwzv41yWUXr8x7K2zbUV4eEsp9KDFQ9EAY39iWbR9tkQAAQytOVDvAEseza5Iex70CpUv9j0uU0TE1Kwn9R5UNZQz7BgTFRMLApxXMTYHjR7wMj6+fzGiiqOdx8WeEFks4vqo6BtnZCRl2lvnCrKyZfVpjBzRwwM/Ec+2RFasNYoLemLJKS4hyobTKSiZZumX7xEb5hZoh8OKCT5NU1MVrLFgOYABLfdDpZdvMqBfzb1O+/eCtHeO2I4gHCmpWQvfiIyX2EHwpZeWEALEUGkDa6CGzkgWSpZL9pUFGDoKBfRLdS0grRB8wvQaxVMNSnSXLMZgn7waOiUtsuvSfks6c2FXOWp5qB7CN5OJfBpgNP2jt6K3UU71ywjX7N0roFr52Qmx6Qp1AOO5aN04MKNGz0YCvsbrHa67gJeHgbqULf8AL3bjRBmJ4MV2hcoKQsmtUzEQqTUMkZxUJdW6wQW6muGnpPOe3lEXzjhs1LFyKWW3dtmDhE1h9c8kpUHJ+JfHfZllPZhYUExcqB85UoiQ+hnvHWn0uIyEFOIJdw4pkvamwv3gAflT/b4HhqNLIYW/Z6JTHZdCvRKT7Rp6NMSJfHRddALE4jWQ3A1QC0pc9YOzAww0H5Sthx04dIlkYFZlIaUAhysPCVZD3O5UEfstdeopj2/68ylJMvyH7ESjw8P6hVm1MsPgHscwu66OT7xoFgqNBLag97H+oGA9biZDFcEoGqWZzUs7m9mYgLvVCDCe0MM5zS6dFjC2V/aW6LCiFpREWq055Jo6lOzZgXuJQejmLCz0YafzagoFBLv2BXRIaDcW/wAJj6VKuIncI6CPaCcP7zQtN/swsWrywaVHTPRRIRAuBOgt1r0hCWEw3UHQh8JxvWQ4pB1sbVilloHio5gzZS0GWHlgMAeYTX7TXRzKNpZPpCJSC+OHhRhib+z2ai6Fh+020ICzG1i2ZQOmyWtMuHv/AAEAm5xQQPb/AATDoXVTnF3JwLGLaHYqPpl5c2RHqHLabhlh6I9VdHeYVR42YoeokRae1ChhCsqCv2O4CwkyqZ7w9+3o0/bJMNEtMYA5rEw0cAgQJ6FOlcp6FRtFsUxCXixBxPGCwiE8RTiFeJ6ECcMjoEF2y1dHeoGTAKHQslftdRDoLDaJj26o0IQcA+0R3WmjCI0JktwvLGaS+3C72VDhGOBtKgK8ktG6Lo7xY889wnKsr8xE4esbmlbg4r0ELVMet08EzYX3ggCDqr9mJItBI1Y+yWpfmIOEk2NSC0XKQJ5hXoseZ5y084FLR6sT56KnMv3i8Mb8y8IwuY78WRT3dEzJQDRVjlUYyLgCoB0lSv26pXShhSN5p5+0VURYy1/RlThoqWwwxCHhDyiOChV6icwh8jaGB04zX28z8OB1TSBUCV+0vQNjp+1aqLasmnRU2oJrgwTmXL6Zj0v0615fQKS8EZZETdoXYw7WcwFJ4l+Su0RveaJUCQOlfu2uqejqV1Gae/SulSpX7XUqVG3RRTTLJhsaNyM2qxWmhylTRPS+WgXXTcrpWbDpW4mgGDtpiGIrTSEbWAYLmNEAdLlfvNSuuZUqVKlSpUr90kBLxTiI3NgJx32nDiH1EJA8ZT/hz/jz/ns/4bBb9hmmYrRE70Da0C0mmCVlHTXTX0Br6AYrot3ldVRKldaRE8pXSpX1V//EACMRAAIBAwQBBQAAAAAAAAAAAAABMRBAUCAhMGACETJwgMD/2gAIAQIBCT8A/D9PcY+kPcdN10vf66R0uRC6UjxFmnRCEIQuhIdELhV86IQhXMWO5Nyh0WteqNs8sBNVzvRFpFh7eecXOAhZ2bGax0ueSRZiHVUVpGTm3nCThptZ55Jws3KHwo2VsuZ3iHRHiIQqO4VVpehfAP8A/8QAIBEAAQQCAQUAAAAAAAAAAAAAAQAxQGAQUCEwcICQwP/aAAgBAwEJPwD4foIUlqWPQcUd6UcFFG2jBwaKUKryjzCaM+ketOfAx9C0htG0FrwaeUUUcCSOmUewH//Z" class="product_picture" alt="Kitchen Faucet">\n                                            </div>\n\n                                        \n                                    \n                                </div>\n                            </a>\n\n                            <button class="next_pic" type="button">\n                                <span class="carousel-control-next-icon" aria-hidden="true"></span>\n                            </button>\n                        </div>\n\n                        <a href="/products/10+3">\n                            <div class="product_info_div">\n                                <span class="product_name_span">\n                                    Kitchen Faucet\n                                    <span>\n                                        ($18.80)\n                                    </span>\n                                </span>\n                                <button class="purchase_product">&dollar; Purchase</button>\n                            </div>\n                        </a>\n                    </div>\n                \n                \n            \n        </div>\n\n    \n\n\n\n    </main>\n\n    <footer></footer>\n    \n    <script src="https://code.jquery.com/jquery-3.7.1.js" integrity="sha256-eKhayi8LEQwp4NKxN+CfCh+3qOVUtJn3QNZ0TciWLP4=" crossorigin="anonymous"></script>\n    <script src="https://cdn.jsdelivr.net/npm/popper.js@1.14.3/dist/umd/popper.min.js" integrity="sha384-ZMP7rVo3mIykV+2+9J3UJ46jBk0WLaUAdn689aCwoqbBJiSnjAK/l8WvCWPIPm49" crossorigin="anonymous"></script>\n    <script src="https://cdn.jsdelivr.net/npm/bootstrap@4.1.3/dist/js/bootstrap.min.js" integrity="sha384-ChfqqxuZUCnJSK3+MXmPNIyE6ZbWh2IMqE241rYiqJxyMiZ6OW/JmZQ5stwEULTy" crossorigin="anonymous"></script>\n    \n    <script src="/static/js/app.js"></script>\n</body>\n</html>')
